{"type":"operationStart","subtype":"profile","data":{"_id":"VHv8XSYvurc9RuJi","timestamp":"2025-12-26T12:47:14.693Z","state":"running","mode":"standard","creationDate":"2025-12-26T12:47:14.704Z","modificationDate":"2025-12-26T12:47:14.704Z","shortid":"dL5y_ZA","$entitySet":"profiles","timeout":60000},"doDiffs":false,"timestamp":1766753234699,"id":"ddihram0v7zboiv","previousOperationId":null,"operationId":"mpwyhnma32k0qm4"}
{"type":"log","level":"info","message":"Render request 1 queued for execution and waiting for available worker","previousOperationId":"mpwyhnma32k0qm4","timestamp":1766753234700,"id":"enss6x0pyzsa8v9"}
{"type":"operationStart","subtype":"render","name":"anonymous","previousOperationId":"mpwyhnma32k0qm4","timestamp":1766753234789,"id":"hqmr8ludl8npacy","previousEventId":"ddihram0v7zboiv","operationId":"lz9v9msishauri5"}
{"type":"log","timestamp":1766753234792,"level":"info","message":"Starting rendering request 1","meta":{"rootId":"045ynd0bsbml22f","id":"045ynd0bsbml22f"},"id":"5200n6w5xbj6omo","previousOperationId":"lz9v9msishauri5"}
{"type":"log","timestamp":1766753234794,"level":"info","message":"Rendering anonymous template { recipe: pptx, engine: handlebars }","meta":{"rootId":"045ynd0bsbml22f","id":"045ynd0bsbml22f"},"id":"4skqyu3xstm8jw3","previousOperationId":"lz9v9msishauri5"}
{"type":"log","timestamp":1766753234795,"level":"debug","message":"Inline data specified.","meta":{"rootId":"045ynd0bsbml22f","id":"045ynd0bsbml22f"},"id":"5opo4k7irk6rhcg","previousOperationId":"lz9v9msishauri5"}
{"type":"log","timestamp":1766753234805,"level":"debug","message":"Base url not specified, skipping its injection.","meta":{"rootId":"045ynd0bsbml22f","id":"045ynd0bsbml22f"},"id":"owkyjo0ssrut2hz","previousOperationId":"lz9v9msishauri5"}
{"type":"operationStart","subtype":"engine","name":"handlebars","timestamp":1766753234809,"id":"ndfx5dm8g13fq7s","previousEventId":"hqmr8ludl8npacy","operationId":"etglxcc68yto7kd","previousOperationId":"lz9v9msishauri5"}
{"type":"log","timestamp":1766753234809,"level":"debug","message":"Rendering engine handlebars","meta":{"rootId":"045ynd0bsbml22f","id":"045ynd0bsbml22f"},"id":"8pjsd8k0jy5e80e","previousOperationId":"etglxcc68yto7kd"}
{"type":"operationEnd","operationId":"etglxcc68yto7kd","timestamp":1766753236116,"id":"mjlce3fhwlfnljk","previousEventId":"ndfx5dm8g13fq7s","previousOperationId":"etglxcc68yto7kd"}
{"type":"operationStart","subtype":"recipe","name":"pptx","timestamp":1766753236117,"id":"jmcnail59kmusot","previousEventId":"mjlce3fhwlfnljk","operationId":"jk6xmd6sr3m1bor","previousOperationId":"etglxcc68yto7kd"}
{"type":"log","timestamp":1766753236117,"level":"debug","message":"Executing recipe pptx","meta":{"rootId":"045ynd0bsbml22f","id":"045ynd0bsbml22f"},"id":"6qu2xi6rnal5sr0","previousOperationId":"jk6xmd6sr3m1bor"}
{"type":"log","timestamp":1766753236379,"level":"info","message":"pptx generation is starting","meta":{"rootId":"045ynd0bsbml22f","id":"045ynd0bsbml22f"},"id":"kii29wvkek2wlmq","previousOperationId":"jk6xmd6sr3m1bor"}
{"type":"log","timestamp":1766753238200,"level":"debug","message":"Starting child request to render pptx dynamic parts","meta":{"rootId":"045ynd0bsbml22f","id":"045ynd0bsbml22f"},"id":"fl9uqphi9yg0yk0","previousOperationId":"jk6xmd6sr3m1bor"}
{"type":"operationStart","subtype":"render","name":"anonymous","previousOperationId":"jk6xmd6sr3m1bor","timestamp":1766753238201,"id":"pqdbb5ti4wyi6er","previousEventId":"jmcnail59kmusot","operationId":"313lgzt6jkdpk01"}
{"type":"log","timestamp":1766753238201,"level":"info","message":"Starting rendering (child) request","meta":{"rootId":"045ynd0bsbml22f","id":"t1587htfe0oapyl"},"id":"7c8sgfivp2kgo80","previousOperationId":"313lgzt6jkdpk01"}
{"type":"log","timestamp":1766753238202,"level":"info","message":"Rendering anonymous template { recipe: html, engine: handlebars }","meta":{"rootId":"045ynd0bsbml22f","id":"t1587htfe0oapyl"},"id":"pe8sjj661ufwi86","previousOperationId":"313lgzt6jkdpk01"}
{"type":"log","timestamp":1766753238202,"level":"debug","message":"Inline data specified.","meta":{"rootId":"045ynd0bsbml22f","id":"t1587htfe0oapyl"},"id":"vtkzrjj53vxb84o","previousOperationId":"313lgzt6jkdpk01"}
{"type":"log","timestamp":1766753238209,"level":"debug","message":"Base url not specified, skipping its injection.","meta":{"rootId":"045ynd0bsbml22f","id":"t1587htfe0oapyl"},"id":"x0yeimx8bocqyw8","previousOperationId":"313lgzt6jkdpk01"}
{"type":"operationStart","subtype":"engine","name":"handlebars","timestamp":1766753238212,"id":"ra9zmzdmxd2o6na","previousEventId":"pqdbb5ti4wyi6er","operationId":"y7nt1q61xifty61","previousOperationId":"313lgzt6jkdpk01"}
{"type":"log","timestamp":1766753238212,"level":"debug","message":"Rendering engine handlebars","meta":{"rootId":"045ynd0bsbml22f","id":"t1587htfe0oapyl"},"id":"i67pxq3adl4n4kv","previousOperationId":"y7nt1q61xifty61"}
{"type":"operationEnd","operationId":"y7nt1q61xifty61","timestamp":1766753238391,"id":"4lpjn6oasrj2l6t","previousEventId":"ra9zmzdmxd2o6na","previousOperationId":"y7nt1q61xifty61"}
{"type":"operationStart","subtype":"recipe","name":"html","timestamp":1766753238405,"id":"77hjtqnmquysuym","previousEventId":"4lpjn6oasrj2l6t","operationId":"tbyjv7vb3f5u4l0","previousOperationId":"y7nt1q61xifty61"}
{"type":"log","timestamp":1766753238405,"level":"debug","message":"Executing recipe html","meta":{"rootId":"045ynd0bsbml22f","id":"t1587htfe0oapyl"},"id":"62welmlvwdf0130","previousOperationId":"tbyjv7vb3f5u4l0"}
{"type":"operationEnd","operationId":"tbyjv7vb3f5u4l0","timestamp":1766753238406,"id":"l1z504cb5ry668l","previousEventId":"77hjtqnmquysuym","previousOperationId":"tbyjv7vb3f5u4l0"}
{"type":"log","timestamp":1766753238407,"level":"debug","message":"Skipping storing report.","meta":{"rootId":"045ynd0bsbml22f","id":"t1587htfe0oapyl"},"id":"hw1y4n6lma12o99","previousOperationId":"tbyjv7vb3f5u4l0"}
{"type":"log","timestamp":1766753238408,"level":"info","message":"Rendering (child) request finished in 3719 ms","meta":{"rootId":"045ynd0bsbml22f","id":"t1587htfe0oapyl"},"id":"5nc5pueng9p160x","previousOperationId":"tbyjv7vb3f5u4l0"}
{"type":"operationEnd","subtype":"render","operationId":"313lgzt6jkdpk01","timestamp":1766753238408,"id":"2pegq143rhrtd8k","previousEventId":"l1z504cb5ry668l","previousOperationId":"tbyjv7vb3f5u4l0"}
{"type":"log","timestamp":1766753243923,"level":"debug","message":"pptx successfully zipped","meta":{"rootId":"045ynd0bsbml22f","id":"045ynd0bsbml22f"},"id":"psumq3f6ojlepz4","previousOperationId":"jk6xmd6sr3m1bor"}
{"type":"log","timestamp":1766753243923,"level":"info","message":"pptx generation was finished","meta":{"rootId":"045ynd0bsbml22f","id":"045ynd0bsbml22f"},"id":"rtenlztryuo4nwu","previousOperationId":"jk6xmd6sr3m1bor"}
{"type":"operationEnd","operationId":"jk6xmd6sr3m1bor","timestamp":1766753243940,"id":"difrye8ynjg1igk","previousEventId":"jmcnail59kmusot","previousOperationId":"jk6xmd6sr3m1bor"}
{"type":"log","timestamp":1766753243940,"level":"debug","message":"Skipping storing report.","meta":{"rootId":"045ynd0bsbml22f","id":"045ynd0bsbml22f"},"id":"begz41iclbgj13y","previousOperationId":"jk6xmd6sr3m1bor"}
{"type":"log","timestamp":1766753243940,"level":"info","message":"Rendering request 1 finished in 9251 ms","meta":{"rootId":"045ynd0bsbml22f","id":"045ynd0bsbml22f"},"id":"0uch25z56hprkea","previousOperationId":"jk6xmd6sr3m1bor"}
{"type":"operationEnd","subtype":"render","operationId":"lz9v9msishauri5","timestamp":1766753243940,"id":"88sncv2j4mg9pv5","previousEventId":"difrye8ynjg1igk","previousOperationId":"jk6xmd6sr3m1bor"}
{"type":"operationEnd","doDiffs":false,"previousEventId":"ddihram0v7zboiv","previousOperationId":"mpwyhnma32k0qm4","operationId":"mpwyhnma32k0qm4","timestamp":1766753243948,"id":"r714ofh2e87dcil"}
