{"type":"operationStart","subtype":"profile","data":{"_id":"z5klBydvaWXvIsBi","timestamp":"2025-12-07T19:19:38.154Z","state":"running","mode":"standard","creationDate":"2025-12-07T19:19:38.164Z","modificationDate":"2025-12-07T19:19:38.164Z","shortid":"wQ2FJje","$entitySet":"profiles","timeout":60000},"doDiffs":false,"timestamp":1765135178162,"id":"l6v0sq0ov8ym9no","previousOperationId":null,"operationId":"ob2uw9ufgnizxlg"}
{"type":"log","level":"info","message":"Render request 15 queued for execution and waiting for available worker","previousOperationId":"ob2uw9ufgnizxlg","timestamp":1765135178162,"id":"ovddoiutdzd0gbk"}
{"type":"operationStart","subtype":"render","name":"anonymous","previousOperationId":"ob2uw9ufgnizxlg","timestamp":1765135178202,"id":"m6jfe7jzoy6ew02","previousEventId":"l6v0sq0ov8ym9no","operationId":"mcpx55akfnpmczx"}
{"type":"log","timestamp":1765135178202,"level":"info","message":"Starting rendering request 15","meta":{"rootId":"09yf0yi53qlkzrd","id":"09yf0yi53qlkzrd"},"id":"wzw4znq1472gjgz","previousOperationId":"mcpx55akfnpmczx"}
{"type":"log","timestamp":1765135178203,"level":"info","message":"Rendering anonymous template { recipe: pptx, engine: handlebars }","meta":{"rootId":"09yf0yi53qlkzrd","id":"09yf0yi53qlkzrd"},"id":"n8fy4kjh8st09em","previousOperationId":"mcpx55akfnpmczx"}
{"type":"log","timestamp":1765135178203,"level":"debug","message":"Inline data specified.","meta":{"rootId":"09yf0yi53qlkzrd","id":"09yf0yi53qlkzrd"},"id":"8a38fapsibv4yrj","previousOperationId":"mcpx55akfnpmczx"}
{"type":"log","timestamp":1765135178208,"level":"debug","message":"Base url not specified, skipping its injection.","meta":{"rootId":"09yf0yi53qlkzrd","id":"09yf0yi53qlkzrd"},"id":"zzye9n8eabd9jo9","previousOperationId":"mcpx55akfnpmczx"}
{"type":"operationStart","subtype":"engine","name":"handlebars","timestamp":1765135178208,"id":"j58zi0h4jgse0hh","previousEventId":"m6jfe7jzoy6ew02","operationId":"gr18wl4npwbeezn","previousOperationId":"mcpx55akfnpmczx"}
{"type":"log","timestamp":1765135178208,"level":"debug","message":"Rendering engine handlebars","meta":{"rootId":"09yf0yi53qlkzrd","id":"09yf0yi53qlkzrd"},"id":"g0x9khribpmr33z","previousOperationId":"gr18wl4npwbeezn"}
{"type":"operationEnd","operationId":"gr18wl4npwbeezn","timestamp":1765135178218,"id":"md0ss89aop0x03s","previousEventId":"j58zi0h4jgse0hh","previousOperationId":"gr18wl4npwbeezn"}
{"type":"operationStart","subtype":"recipe","name":"pptx","timestamp":1765135178218,"id":"78gyk49qiwi2c15","previousEventId":"md0ss89aop0x03s","operationId":"x1yxfrnr9lx9qbe","previousOperationId":"gr18wl4npwbeezn"}
{"type":"log","timestamp":1765135178218,"level":"debug","message":"Executing recipe pptx","meta":{"rootId":"09yf0yi53qlkzrd","id":"09yf0yi53qlkzrd"},"id":"nynxrvw1m1gvi8p","previousOperationId":"x1yxfrnr9lx9qbe"}
{"type":"log","timestamp":1765135178233,"level":"info","message":"pptx generation is starting","meta":{"rootId":"09yf0yi53qlkzrd","id":"09yf0yi53qlkzrd"},"id":"qnygwxmtbiflfeu","previousOperationId":"x1yxfrnr9lx9qbe"}
{"type":"log","timestamp":1765135179438,"level":"debug","message":"Starting child request to render pptx dynamic parts","meta":{"rootId":"09yf0yi53qlkzrd","id":"09yf0yi53qlkzrd"},"id":"kio6ejgn72a5pf9","previousOperationId":"x1yxfrnr9lx9qbe"}
{"type":"operationStart","subtype":"render","name":"anonymous","previousOperationId":"x1yxfrnr9lx9qbe","timestamp":1765135179439,"id":"h6fcg3zt09wvve6","previousEventId":"78gyk49qiwi2c15","operationId":"46craiuqxt2v8k8"}
{"type":"log","timestamp":1765135179439,"level":"info","message":"Starting rendering (child) request","meta":{"rootId":"09yf0yi53qlkzrd","id":"t5so4wji96lc33d"},"id":"wdk08evc1jdvcmn","previousOperationId":"46craiuqxt2v8k8"}
{"type":"log","timestamp":1765135179439,"level":"info","message":"Rendering anonymous template { recipe: html, engine: handlebars }","meta":{"rootId":"09yf0yi53qlkzrd","id":"t5so4wji96lc33d"},"id":"fr163xeljacogw0","previousOperationId":"46craiuqxt2v8k8"}
{"type":"log","timestamp":1765135179439,"level":"debug","message":"Inline data specified.","meta":{"rootId":"09yf0yi53qlkzrd","id":"t5so4wji96lc33d"},"id":"fkefoj58ivh26zo","previousOperationId":"46craiuqxt2v8k8"}
{"type":"log","timestamp":1765135179444,"level":"debug","message":"Base url not specified, skipping its injection.","meta":{"rootId":"09yf0yi53qlkzrd","id":"t5so4wji96lc33d"},"id":"1bykf4l5oopz35z","previousOperationId":"46craiuqxt2v8k8"}
{"type":"operationStart","subtype":"engine","name":"handlebars","timestamp":1765135179445,"id":"8us5wpv8aczfd75","previousEventId":"h6fcg3zt09wvve6","operationId":"ub0j0acznvc0qf3","previousOperationId":"46craiuqxt2v8k8"}
{"type":"log","timestamp":1765135179445,"level":"debug","message":"Rendering engine handlebars","meta":{"rootId":"09yf0yi53qlkzrd","id":"t5so4wji96lc33d"},"id":"9ceovypz8qc27e2","previousOperationId":"ub0j0acznvc0qf3"}
{"type":"operationEnd","operationId":"ub0j0acznvc0qf3","timestamp":1765135179541,"id":"0rnlug2x86umf4b","previousEventId":"8us5wpv8aczfd75","previousOperationId":"ub0j0acznvc0qf3"}
{"type":"operationStart","subtype":"recipe","name":"html","timestamp":1765135179549,"id":"xntsz9zcgcwa2ys","previousEventId":"0rnlug2x86umf4b","operationId":"w9tnxccvdd42esn","previousOperationId":"ub0j0acznvc0qf3"}
{"type":"log","timestamp":1765135179549,"level":"debug","message":"Executing recipe html","meta":{"rootId":"09yf0yi53qlkzrd","id":"t5so4wji96lc33d"},"id":"a4v2zh3pgz89on6","previousOperationId":"w9tnxccvdd42esn"}
{"type":"operationEnd","operationId":"w9tnxccvdd42esn","timestamp":1765135179549,"id":"jk6hz5fg7r9luo7","previousEventId":"xntsz9zcgcwa2ys","previousOperationId":"w9tnxccvdd42esn"}
{"type":"log","timestamp":1765135179549,"level":"debug","message":"Skipping storing report.","meta":{"rootId":"09yf0yi53qlkzrd","id":"t5so4wji96lc33d"},"id":"rapg7ojd73czx48","previousOperationId":"w9tnxccvdd42esn"}
{"type":"log","timestamp":1765135179550,"level":"info","message":"Rendering (child) request finished in 1396 ms","meta":{"rootId":"09yf0yi53qlkzrd","id":"t5so4wji96lc33d"},"id":"3vajfby9w15injq","previousOperationId":"w9tnxccvdd42esn"}
{"type":"operationEnd","subtype":"render","operationId":"46craiuqxt2v8k8","timestamp":1765135179550,"id":"xkmk5qgtzmxj2nf","previousEventId":"jk6hz5fg7r9luo7","previousOperationId":"w9tnxccvdd42esn"}
{"type":"log","timestamp":1765135184594,"level":"debug","message":"pptx successfully zipped","meta":{"rootId":"09yf0yi53qlkzrd","id":"09yf0yi53qlkzrd"},"id":"b8o8h3ys24zv476","previousOperationId":"x1yxfrnr9lx9qbe"}
{"type":"log","timestamp":1765135184594,"level":"info","message":"pptx generation was finished","meta":{"rootId":"09yf0yi53qlkzrd","id":"09yf0yi53qlkzrd"},"id":"lipkx9caat443lh","previousOperationId":"x1yxfrnr9lx9qbe"}
{"type":"operationEnd","operationId":"x1yxfrnr9lx9qbe","timestamp":1765135184603,"id":"i0e8ndqiurbbzbu","previousEventId":"78gyk49qiwi2c15","previousOperationId":"x1yxfrnr9lx9qbe"}
{"type":"log","timestamp":1765135184603,"level":"debug","message":"Skipping storing report.","meta":{"rootId":"09yf0yi53qlkzrd","id":"09yf0yi53qlkzrd"},"id":"wi8fetitifo7p6h","previousOperationId":"x1yxfrnr9lx9qbe"}
{"type":"log","timestamp":1765135184603,"level":"info","message":"Rendering request 15 finished in 6449 ms","meta":{"rootId":"09yf0yi53qlkzrd","id":"09yf0yi53qlkzrd"},"id":"7fgke93hr23ux3x","previousOperationId":"x1yxfrnr9lx9qbe"}
{"type":"operationEnd","subtype":"render","operationId":"mcpx55akfnpmczx","timestamp":1765135184603,"id":"wvtqcdhk2g2jxfs","previousEventId":"i0e8ndqiurbbzbu","previousOperationId":"x1yxfrnr9lx9qbe"}
{"type":"operationEnd","doDiffs":false,"previousEventId":"l6v0sq0ov8ym9no","previousOperationId":"ob2uw9ufgnizxlg","operationId":"ob2uw9ufgnizxlg","timestamp":1765135184606,"id":"r75f7tozoqa3mjf"}
