{"type":"operationStart","subtype":"profile","data":{"_id":"cOYOIpGKHaB0rvHB","timestamp":"2025-12-26T11:49:23.499Z","state":"running","mode":"standard","creationDate":"2025-12-26T11:49:23.505Z","modificationDate":"2025-12-26T11:49:23.505Z","shortid":"nImEUlZ","$entitySet":"profiles","timeout":60000},"doDiffs":false,"timestamp":1766749763502,"id":"mqu9cyz278sw7mc","previousOperationId":null,"operationId":"cdolq9acmfb3vyn"}
{"type":"log","level":"info","message":"Render request 2 queued for execution and waiting for available worker","previousOperationId":"cdolq9acmfb3vyn","timestamp":1766749763502,"id":"qamk33iyy71uff9"}
{"type":"operationStart","subtype":"render","name":"anonymous","previousOperationId":"cdolq9acmfb3vyn","timestamp":1766749763560,"id":"offa1h6i43xmpbz","previousEventId":"mqu9cyz278sw7mc","operationId":"wgfeevq0kh50a1d"}
{"type":"log","timestamp":1766749763562,"level":"info","message":"Starting rendering request 2","meta":{"rootId":"09yfud7u2osegyl","id":"09yfud7u2osegyl"},"id":"99zqtm1z589tc9t","previousOperationId":"wgfeevq0kh50a1d"}
{"type":"log","timestamp":1766749763564,"level":"info","message":"Rendering anonymous template { recipe: pptx, engine: handlebars }","meta":{"rootId":"09yfud7u2osegyl","id":"09yfud7u2osegyl"},"id":"yvdro1w3mnjuc1z","previousOperationId":"wgfeevq0kh50a1d"}
{"type":"log","timestamp":1766749763565,"level":"debug","message":"Inline data specified.","meta":{"rootId":"09yfud7u2osegyl","id":"09yfud7u2osegyl"},"id":"opq0db26csbu4g7","previousOperationId":"wgfeevq0kh50a1d"}
{"type":"log","timestamp":1766749763570,"level":"debug","message":"Base url not specified, skipping its injection.","meta":{"rootId":"09yfud7u2osegyl","id":"09yfud7u2osegyl"},"id":"0xyn6dbgr6kg58i","previousOperationId":"wgfeevq0kh50a1d"}
{"type":"operationStart","subtype":"engine","name":"handlebars","timestamp":1766749763573,"id":"3lsxi2bp7og28xg","previousEventId":"offa1h6i43xmpbz","operationId":"u588sge28m1xp5z","previousOperationId":"wgfeevq0kh50a1d"}
{"type":"log","timestamp":1766749763573,"level":"debug","message":"Rendering engine handlebars","meta":{"rootId":"09yfud7u2osegyl","id":"09yfud7u2osegyl"},"id":"70yxbg8fkex11g0","previousOperationId":"u588sge28m1xp5z"}
{"type":"operationEnd","operationId":"u588sge28m1xp5z","timestamp":1766749764771,"id":"l1rtd7njtwpfsod","previousEventId":"3lsxi2bp7og28xg","previousOperationId":"u588sge28m1xp5z"}
{"type":"operationStart","subtype":"recipe","name":"pptx","timestamp":1766749764772,"id":"lqyn4v8pm6ylynw","previousEventId":"l1rtd7njtwpfsod","operationId":"thbvx2za5wa3ut5","previousOperationId":"u588sge28m1xp5z"}
{"type":"log","timestamp":1766749764773,"level":"debug","message":"Executing recipe pptx","meta":{"rootId":"09yfud7u2osegyl","id":"09yfud7u2osegyl"},"id":"su840pxvwz597vk","previousOperationId":"thbvx2za5wa3ut5"}
{"type":"log","timestamp":1766749765040,"level":"info","message":"pptx generation is starting","meta":{"rootId":"09yfud7u2osegyl","id":"09yfud7u2osegyl"},"id":"zihzujml4ytnwu5","previousOperationId":"thbvx2za5wa3ut5"}
{"type":"log","timestamp":1766749766832,"level":"debug","message":"Starting child request to render pptx dynamic parts","meta":{"rootId":"09yfud7u2osegyl","id":"09yfud7u2osegyl"},"id":"7pdx9uvw2t5fkhr","previousOperationId":"thbvx2za5wa3ut5"}
{"type":"operationStart","subtype":"render","name":"anonymous","previousOperationId":"thbvx2za5wa3ut5","timestamp":1766749766834,"id":"em1ab80velwoad7","previousEventId":"lqyn4v8pm6ylynw","operationId":"rw8nd0kjzk821hc"}
{"type":"log","timestamp":1766749766834,"level":"info","message":"Starting rendering (child) request","meta":{"rootId":"09yfud7u2osegyl","id":"dpf9t5afm2dkjqs"},"id":"807ic9o8a84len5","previousOperationId":"rw8nd0kjzk821hc"}
{"type":"log","timestamp":1766749766834,"level":"info","message":"Rendering anonymous template { recipe: html, engine: handlebars }","meta":{"rootId":"09yfud7u2osegyl","id":"dpf9t5afm2dkjqs"},"id":"0xspf0homreno9k","previousOperationId":"rw8nd0kjzk821hc"}
{"type":"log","timestamp":1766749766834,"level":"debug","message":"Inline data specified.","meta":{"rootId":"09yfud7u2osegyl","id":"dpf9t5afm2dkjqs"},"id":"q3luxeeksc9k32f","previousOperationId":"rw8nd0kjzk821hc"}
{"type":"log","timestamp":1766749766840,"level":"debug","message":"Base url not specified, skipping its injection.","meta":{"rootId":"09yfud7u2osegyl","id":"dpf9t5afm2dkjqs"},"id":"500f7j6gczli0w3","previousOperationId":"rw8nd0kjzk821hc"}
{"type":"operationStart","subtype":"engine","name":"handlebars","timestamp":1766749766843,"id":"n9ufrfrsu9pba7l","previousEventId":"em1ab80velwoad7","operationId":"ju9cb4eoluzfkaj","previousOperationId":"rw8nd0kjzk821hc"}
{"type":"log","timestamp":1766749766843,"level":"debug","message":"Rendering engine handlebars","meta":{"rootId":"09yfud7u2osegyl","id":"dpf9t5afm2dkjqs"},"id":"vk6ul0b5viag22c","previousOperationId":"ju9cb4eoluzfkaj"}
{"type":"operationEnd","operationId":"ju9cb4eoluzfkaj","timestamp":1766749767020,"id":"4ppfv5c3ibe97zn","previousEventId":"n9ufrfrsu9pba7l","previousOperationId":"ju9cb4eoluzfkaj"}
{"type":"operationStart","subtype":"recipe","name":"html","timestamp":1766749767033,"id":"pg6smxpg3by6s0k","previousEventId":"4ppfv5c3ibe97zn","operationId":"gqdoj29vtl936kh","previousOperationId":"ju9cb4eoluzfkaj"}
{"type":"log","timestamp":1766749767033,"level":"debug","message":"Executing recipe html","meta":{"rootId":"09yfud7u2osegyl","id":"dpf9t5afm2dkjqs"},"id":"4q382ofgqthypyj","previousOperationId":"gqdoj29vtl936kh"}
{"type":"operationEnd","operationId":"gqdoj29vtl936kh","timestamp":1766749767034,"id":"5qx7ijh241pvuvp","previousEventId":"pg6smxpg3by6s0k","previousOperationId":"gqdoj29vtl936kh"}
{"type":"log","timestamp":1766749767035,"level":"debug","message":"Skipping storing report.","meta":{"rootId":"09yfud7u2osegyl","id":"dpf9t5afm2dkjqs"},"id":"sm6onbat3yk96x8","previousOperationId":"gqdoj29vtl936kh"}
{"type":"log","timestamp":1766749767035,"level":"info","message":"Rendering (child) request finished in 3537 ms","meta":{"rootId":"09yfud7u2osegyl","id":"dpf9t5afm2dkjqs"},"id":"ktkho49tp50zoxg","previousOperationId":"gqdoj29vtl936kh"}
{"type":"operationEnd","subtype":"render","operationId":"rw8nd0kjzk821hc","timestamp":1766749767035,"id":"w6aq715lze9razr","previousEventId":"5qx7ijh241pvuvp","previousOperationId":"gqdoj29vtl936kh"}
{"type":"log","timestamp":1766749774225,"level":"debug","message":"pptx successfully zipped","meta":{"rootId":"09yfud7u2osegyl","id":"09yfud7u2osegyl"},"id":"mv5cmzi45f3wlzx","previousOperationId":"thbvx2za5wa3ut5"}
{"type":"log","timestamp":1766749774225,"level":"info","message":"pptx generation was finished","meta":{"rootId":"09yfud7u2osegyl","id":"09yfud7u2osegyl"},"id":"qnedadqo3965vic","previousOperationId":"thbvx2za5wa3ut5"}
{"type":"operationEnd","operationId":"thbvx2za5wa3ut5","timestamp":1766749774241,"id":"v49fvdasfw68il7","previousEventId":"lqyn4v8pm6ylynw","previousOperationId":"thbvx2za5wa3ut5"}
{"type":"log","timestamp":1766749774241,"level":"debug","message":"Skipping storing report.","meta":{"rootId":"09yfud7u2osegyl","id":"09yfud7u2osegyl"},"id":"wyl2sgoye8ovyqr","previousOperationId":"thbvx2za5wa3ut5"}
{"type":"log","timestamp":1766749774242,"level":"info","message":"Rendering request 2 finished in 10744 ms","meta":{"rootId":"09yfud7u2osegyl","id":"09yfud7u2osegyl"},"id":"6tb9lo5zfw3a87n","previousOperationId":"thbvx2za5wa3ut5"}
{"type":"operationEnd","subtype":"render","operationId":"wgfeevq0kh50a1d","timestamp":1766749774242,"id":"rir3vcnkag80d3n","previousEventId":"v49fvdasfw68il7","previousOperationId":"thbvx2za5wa3ut5"}
{"type":"operationEnd","doDiffs":false,"previousEventId":"mqu9cyz278sw7mc","previousOperationId":"cdolq9acmfb3vyn","operationId":"cdolq9acmfb3vyn","timestamp":1766749774248,"id":"ysitp58klpoccwu"}
