{"type":"operationStart","subtype":"profile","data":{"_id":"5efxtQaAGbcEze5k","timestamp":"2025-12-26T10:56:25.449Z","state":"running","mode":"standard","creationDate":"2025-12-26T10:56:25.453Z","modificationDate":"2025-12-26T10:56:25.453Z","shortid":"xaNuWZH","$entitySet":"profiles","timeout":60000},"doDiffs":false,"timestamp":1766746585451,"id":"tvtksppvtu916t9","previousOperationId":null,"operationId":"1ozehghx57yefq4"}
{"type":"log","level":"info","message":"Render request 2 queued for execution and waiting for available worker","previousOperationId":"1ozehghx57yefq4","timestamp":1766746585451,"id":"d8q9t7b4bso5g1y"}
{"type":"operationStart","subtype":"render","name":"anonymous","previousOperationId":"1ozehghx57yefq4","timestamp":1766746585531,"id":"7mo5tdyog63rbvl","previousEventId":"tvtksppvtu916t9","operationId":"n0gxifj7hn80ksb"}
{"type":"log","timestamp":1766746585533,"level":"info","message":"Starting rendering request 2","meta":{"rootId":"0b4b6x5n5xwgjg1","id":"0b4b6x5n5xwgjg1"},"id":"oh5yqhz7tbsspnr","previousOperationId":"n0gxifj7hn80ksb"}
{"type":"log","timestamp":1766746585536,"level":"info","message":"Rendering anonymous template { recipe: pptx, engine: handlebars }","meta":{"rootId":"0b4b6x5n5xwgjg1","id":"0b4b6x5n5xwgjg1"},"id":"vwgo714dits6a39","previousOperationId":"n0gxifj7hn80ksb"}
{"type":"log","timestamp":1766746585536,"level":"debug","message":"Inline data specified.","meta":{"rootId":"0b4b6x5n5xwgjg1","id":"0b4b6x5n5xwgjg1"},"id":"m96m1cwt3ogyvr3","previousOperationId":"n0gxifj7hn80ksb"}
{"type":"log","timestamp":1766746585552,"level":"debug","message":"Base url not specified, skipping its injection.","meta":{"rootId":"0b4b6x5n5xwgjg1","id":"0b4b6x5n5xwgjg1"},"id":"imnk16ftqxwmg4t","previousOperationId":"n0gxifj7hn80ksb"}
{"type":"operationStart","subtype":"engine","name":"handlebars","timestamp":1766746585555,"id":"bjemiviqthrny72","previousEventId":"7mo5tdyog63rbvl","operationId":"6p39q6b40qwqw5l","previousOperationId":"n0gxifj7hn80ksb"}
{"type":"log","timestamp":1766746585555,"level":"debug","message":"Rendering engine handlebars","meta":{"rootId":"0b4b6x5n5xwgjg1","id":"0b4b6x5n5xwgjg1"},"id":"5ebe0qlk0fu0rpm","previousOperationId":"6p39q6b40qwqw5l"}
{"type":"operationEnd","operationId":"6p39q6b40qwqw5l","timestamp":1766746586928,"id":"w47jdfara73unvu","previousEventId":"bjemiviqthrny72","previousOperationId":"6p39q6b40qwqw5l"}
{"type":"operationStart","subtype":"recipe","name":"pptx","timestamp":1766746586929,"id":"w7xjc7y5qo8vpv3","previousEventId":"w47jdfara73unvu","operationId":"8afcgscj5yi8k98","previousOperationId":"6p39q6b40qwqw5l"}
{"type":"log","timestamp":1766746586930,"level":"debug","message":"Executing recipe pptx","meta":{"rootId":"0b4b6x5n5xwgjg1","id":"0b4b6x5n5xwgjg1"},"id":"ldfd1ren4zk2yk9","previousOperationId":"8afcgscj5yi8k98"}
{"type":"log","timestamp":1766746587205,"level":"info","message":"pptx generation is starting","meta":{"rootId":"0b4b6x5n5xwgjg1","id":"0b4b6x5n5xwgjg1"},"id":"6tnfy40pj6g6306","previousOperationId":"8afcgscj5yi8k98"}
{"type":"log","timestamp":1766746589018,"level":"debug","message":"Starting child request to render pptx dynamic parts","meta":{"rootId":"0b4b6x5n5xwgjg1","id":"0b4b6x5n5xwgjg1"},"id":"vk8p8mxo2l44d9w","previousOperationId":"8afcgscj5yi8k98"}
{"type":"operationStart","subtype":"render","name":"anonymous","previousOperationId":"8afcgscj5yi8k98","timestamp":1766746589019,"id":"fz656tetws2g2e9","previousEventId":"w7xjc7y5qo8vpv3","operationId":"vnl0o7j9liuiijk"}
{"type":"log","timestamp":1766746589019,"level":"info","message":"Starting rendering (child) request","meta":{"rootId":"0b4b6x5n5xwgjg1","id":"de2aipp9mydgchg"},"id":"4kbfjnuwgy4tza9","previousOperationId":"vnl0o7j9liuiijk"}
{"type":"log","timestamp":1766746589020,"level":"info","message":"Rendering anonymous template { recipe: html, engine: handlebars }","meta":{"rootId":"0b4b6x5n5xwgjg1","id":"de2aipp9mydgchg"},"id":"ziteywej5y18xe6","previousOperationId":"vnl0o7j9liuiijk"}
{"type":"log","timestamp":1766746589020,"level":"debug","message":"Inline data specified.","meta":{"rootId":"0b4b6x5n5xwgjg1","id":"de2aipp9mydgchg"},"id":"2nnfqt2184iyxci","previousOperationId":"vnl0o7j9liuiijk"}
{"type":"log","timestamp":1766746589029,"level":"debug","message":"Base url not specified, skipping its injection.","meta":{"rootId":"0b4b6x5n5xwgjg1","id":"de2aipp9mydgchg"},"id":"h7px7ymvohc58cq","previousOperationId":"vnl0o7j9liuiijk"}
{"type":"operationStart","subtype":"engine","name":"handlebars","timestamp":1766746589031,"id":"r7jwd1q8sokz497","previousEventId":"fz656tetws2g2e9","operationId":"g3ze2oxm54k9n8j","previousOperationId":"vnl0o7j9liuiijk"}
{"type":"log","timestamp":1766746589031,"level":"debug","message":"Rendering engine handlebars","meta":{"rootId":"0b4b6x5n5xwgjg1","id":"de2aipp9mydgchg"},"id":"f8tytxrppdup7w6","previousOperationId":"g3ze2oxm54k9n8j"}
{"type":"operationEnd","operationId":"g3ze2oxm54k9n8j","timestamp":1766746589213,"id":"a23skv8z8jigp47","previousEventId":"r7jwd1q8sokz497","previousOperationId":"g3ze2oxm54k9n8j"}
{"type":"operationStart","subtype":"recipe","name":"html","timestamp":1766746589227,"id":"2c3ufea5ck8fxf5","previousEventId":"a23skv8z8jigp47","operationId":"m0epj5hgixkez1a","previousOperationId":"g3ze2oxm54k9n8j"}
{"type":"log","timestamp":1766746589227,"level":"debug","message":"Executing recipe html","meta":{"rootId":"0b4b6x5n5xwgjg1","id":"de2aipp9mydgchg"},"id":"ii6dmug2f1adx1p","previousOperationId":"m0epj5hgixkez1a"}
{"type":"operationEnd","operationId":"m0epj5hgixkez1a","timestamp":1766746589228,"id":"malysn6y5wnulpu","previousEventId":"2c3ufea5ck8fxf5","previousOperationId":"m0epj5hgixkez1a"}
{"type":"log","timestamp":1766746589229,"level":"debug","message":"Skipping storing report.","meta":{"rootId":"0b4b6x5n5xwgjg1","id":"de2aipp9mydgchg"},"id":"cvuiggimo4mptk5","previousOperationId":"m0epj5hgixkez1a"}
{"type":"log","timestamp":1766746589229,"level":"info","message":"Rendering (child) request finished in 3781 ms","meta":{"rootId":"0b4b6x5n5xwgjg1","id":"de2aipp9mydgchg"},"id":"kxtiwlwodae6js2","previousOperationId":"m0epj5hgixkez1a"}
{"type":"operationEnd","subtype":"render","operationId":"vnl0o7j9liuiijk","timestamp":1766746589229,"id":"iopgeph5gqxfp66","previousEventId":"malysn6y5wnulpu","previousOperationId":"m0epj5hgixkez1a"}
{"type":"log","timestamp":1766746594401,"level":"debug","message":"pptx successfully zipped","meta":{"rootId":"0b4b6x5n5xwgjg1","id":"0b4b6x5n5xwgjg1"},"id":"ewri0zzqcgwtz46","previousOperationId":"8afcgscj5yi8k98"}
{"type":"log","timestamp":1766746594402,"level":"info","message":"pptx generation was finished","meta":{"rootId":"0b4b6x5n5xwgjg1","id":"0b4b6x5n5xwgjg1"},"id":"69bb0h225bx4u71","previousOperationId":"8afcgscj5yi8k98"}
{"type":"operationEnd","operationId":"8afcgscj5yi8k98","timestamp":1766746594419,"id":"ptpl1z4vt2u2ncs","previousEventId":"w7xjc7y5qo8vpv3","previousOperationId":"8afcgscj5yi8k98"}
{"type":"log","timestamp":1766746594419,"level":"debug","message":"Skipping storing report.","meta":{"rootId":"0b4b6x5n5xwgjg1","id":"0b4b6x5n5xwgjg1"},"id":"ebmsejh2zmbp2rw","previousOperationId":"8afcgscj5yi8k98"}
{"type":"log","timestamp":1766746594419,"level":"info","message":"Rendering request 2 finished in 8971 ms","meta":{"rootId":"0b4b6x5n5xwgjg1","id":"0b4b6x5n5xwgjg1"},"id":"30cpf2xv0yf0u22","previousOperationId":"8afcgscj5yi8k98"}
{"type":"operationEnd","subtype":"render","operationId":"n0gxifj7hn80ksb","timestamp":1766746594420,"id":"v2xw4qhzx8b22st","previousEventId":"ptpl1z4vt2u2ncs","previousOperationId":"8afcgscj5yi8k98"}
{"type":"operationEnd","doDiffs":false,"previousEventId":"tvtksppvtu916t9","previousOperationId":"1ozehghx57yefq4","operationId":"1ozehghx57yefq4","timestamp":1766746594423,"id":"tol9i30h1mbll7l"}
