{"type":"operationStart","subtype":"profile","data":{"_id":"eyiaQQcGyyD85cl8","timestamp":"2025-12-30T19:56:52.197Z","state":"running","mode":"standard","creationDate":"2025-12-30T19:56:52.204Z","modificationDate":"2025-12-30T19:56:52.204Z","shortid":"vR9CE_h","$entitySet":"profiles","timeout":60000},"doDiffs":false,"timestamp":1767124612201,"id":"bvnq9ndn5f3b8az","previousOperationId":null,"operationId":"1lihfh7ietm2d85"}
{"type":"log","level":"info","message":"Render request 20 queued for execution and waiting for available worker","previousOperationId":"1lihfh7ietm2d85","timestamp":1767124612201,"id":"054ynwtp7c0pxqc"}
{"type":"operationStart","subtype":"render","name":"anonymous","previousOperationId":"1lihfh7ietm2d85","timestamp":1767124612252,"id":"aj776v4ibftj8ib","previousEventId":"bvnq9ndn5f3b8az","operationId":"o0rsz2ssszcniig"}
{"type":"log","timestamp":1767124612253,"level":"info","message":"Starting rendering request 20","meta":{"rootId":"0d9qubfnztsp1x8","id":"0d9qubfnztsp1x8"},"id":"g7wexnkbf9jgnn1","previousOperationId":"o0rsz2ssszcniig"}
{"type":"log","timestamp":1767124612253,"level":"info","message":"Rendering anonymous template { recipe: pptx, engine: handlebars }","meta":{"rootId":"0d9qubfnztsp1x8","id":"0d9qubfnztsp1x8"},"id":"gz0v44t8v2uu7qj","previousOperationId":"o0rsz2ssszcniig"}
{"type":"log","timestamp":1767124612253,"level":"debug","message":"Inline data specified.","meta":{"rootId":"0d9qubfnztsp1x8","id":"0d9qubfnztsp1x8"},"id":"4jd2rlvou1n1drk","previousOperationId":"o0rsz2ssszcniig"}
{"type":"log","timestamp":1767124612257,"level":"debug","message":"Base url not specified, skipping its injection.","meta":{"rootId":"0d9qubfnztsp1x8","id":"0d9qubfnztsp1x8"},"id":"rooju86n6finro0","previousOperationId":"o0rsz2ssszcniig"}
{"type":"operationStart","subtype":"engine","name":"handlebars","timestamp":1767124612257,"id":"z29c56olleb0p5d","previousEventId":"aj776v4ibftj8ib","operationId":"zut9tjad7kcetqy","previousOperationId":"o0rsz2ssszcniig"}
{"type":"log","timestamp":1767124612257,"level":"debug","message":"Rendering engine handlebars","meta":{"rootId":"0d9qubfnztsp1x8","id":"0d9qubfnztsp1x8"},"id":"qwr8sgab4yxjw70","previousOperationId":"zut9tjad7kcetqy"}
{"type":"operationEnd","operationId":"zut9tjad7kcetqy","timestamp":1767124612284,"id":"4qr92yx7mx77vic","previousEventId":"z29c56olleb0p5d","previousOperationId":"zut9tjad7kcetqy"}
{"type":"operationStart","subtype":"recipe","name":"pptx","timestamp":1767124612284,"id":"qk0ctzyt5tfyzad","previousEventId":"4qr92yx7mx77vic","operationId":"7ee6oi1x342acyz","previousOperationId":"zut9tjad7kcetqy"}
{"type":"log","timestamp":1767124612284,"level":"debug","message":"Executing recipe pptx","meta":{"rootId":"0d9qubfnztsp1x8","id":"0d9qubfnztsp1x8"},"id":"ecllzep51gqpelv","previousOperationId":"7ee6oi1x342acyz"}
{"type":"log","timestamp":1767124612302,"level":"info","message":"pptx generation is starting","meta":{"rootId":"0d9qubfnztsp1x8","id":"0d9qubfnztsp1x8"},"id":"ilzvj8j7400d7s0","previousOperationId":"7ee6oi1x342acyz"}
{"type":"log","timestamp":1767124613430,"level":"debug","message":"Starting child request to render pptx dynamic parts","meta":{"rootId":"0d9qubfnztsp1x8","id":"0d9qubfnztsp1x8"},"id":"p7emlkucj0ff90a","previousOperationId":"7ee6oi1x342acyz"}
{"type":"operationStart","subtype":"render","name":"anonymous","previousOperationId":"7ee6oi1x342acyz","timestamp":1767124613431,"id":"a391h5cv3wvkn0e","previousEventId":"qk0ctzyt5tfyzad","operationId":"7twunl3gx4w962x"}
{"type":"log","timestamp":1767124613431,"level":"info","message":"Starting rendering (child) request","meta":{"rootId":"0d9qubfnztsp1x8","id":"du9qg0czcp82vsk"},"id":"4nh4ukve7edw7ra","previousOperationId":"7twunl3gx4w962x"}
{"type":"log","timestamp":1767124613431,"level":"info","message":"Rendering anonymous template { recipe: html, engine: handlebars }","meta":{"rootId":"0d9qubfnztsp1x8","id":"du9qg0czcp82vsk"},"id":"9h99qcagp8htbvq","previousOperationId":"7twunl3gx4w962x"}
{"type":"log","timestamp":1767124613431,"level":"debug","message":"Inline data specified.","meta":{"rootId":"0d9qubfnztsp1x8","id":"du9qg0czcp82vsk"},"id":"f10ioy7i2sp4oqp","previousOperationId":"7twunl3gx4w962x"}
{"type":"log","timestamp":1767124613435,"level":"debug","message":"Base url not specified, skipping its injection.","meta":{"rootId":"0d9qubfnztsp1x8","id":"du9qg0czcp82vsk"},"id":"9dnu23d7ylcfpaz","previousOperationId":"7twunl3gx4w962x"}
{"type":"operationStart","subtype":"engine","name":"handlebars","timestamp":1767124613436,"id":"5e15p3xkd11jiiz","previousEventId":"a391h5cv3wvkn0e","operationId":"8ef5jng3vsjo4oz","previousOperationId":"7twunl3gx4w962x"}
{"type":"log","timestamp":1767124613436,"level":"debug","message":"Rendering engine handlebars","meta":{"rootId":"0d9qubfnztsp1x8","id":"du9qg0czcp82vsk"},"id":"1m3rag2q493opo1","previousOperationId":"8ef5jng3vsjo4oz"}
{"type":"log","timestamp":1767124613558,"level":"debug","message":"(console:log) {\n  type: 'echarts@v5a',\n  width: 848,\n  height: 409,\n  option: { radar: [ [Object] ], series: [ [Object] ] }\n}","meta":{"userLevel":true,"rootId":"0d9qubfnztsp1x8","id":"du9qg0czcp82vsk"},"id":"wm2ej01jxldoitl","previousOperationId":"8ef5jng3vsjo4oz"}
{"type":"operationEnd","operationId":"8ef5jng3vsjo4oz","timestamp":1767124613564,"id":"zz0ud1767tbhrwe","previousEventId":"5e15p3xkd11jiiz","previousOperationId":"8ef5jng3vsjo4oz"}
{"type":"operationStart","subtype":"recipe","name":"html","timestamp":1767124613573,"id":"rn17pecger6h9eg","previousEventId":"zz0ud1767tbhrwe","operationId":"9q45u0f8e72si3f","previousOperationId":"8ef5jng3vsjo4oz"}
{"type":"log","timestamp":1767124613573,"level":"debug","message":"Executing recipe html","meta":{"rootId":"0d9qubfnztsp1x8","id":"du9qg0czcp82vsk"},"id":"rokqxk5jiog4itr","previousOperationId":"9q45u0f8e72si3f"}
{"type":"operationEnd","operationId":"9q45u0f8e72si3f","timestamp":1767124613573,"id":"23hem2sbrb3efyy","previousEventId":"rn17pecger6h9eg","previousOperationId":"9q45u0f8e72si3f"}
{"type":"log","timestamp":1767124613573,"level":"debug","message":"Skipping storing report.","meta":{"rootId":"0d9qubfnztsp1x8","id":"du9qg0czcp82vsk"},"id":"qbo6cmele8jyujx","previousOperationId":"9q45u0f8e72si3f"}
{"type":"log","timestamp":1767124613573,"level":"info","message":"Rendering (child) request finished in 1377 ms","meta":{"rootId":"0d9qubfnztsp1x8","id":"du9qg0czcp82vsk"},"id":"k2pk69yhu4dq6hx","previousOperationId":"9q45u0f8e72si3f"}
{"type":"operationEnd","subtype":"render","operationId":"7twunl3gx4w962x","timestamp":1767124613573,"id":"pid19b1qqibzv6y","previousEventId":"23hem2sbrb3efyy","previousOperationId":"9q45u0f8e72si3f"}
{"type":"log","timestamp":1767124617010,"level":"debug","message":"pptx successfully zipped","meta":{"rootId":"0d9qubfnztsp1x8","id":"0d9qubfnztsp1x8"},"id":"3bf9zbce93ph128","previousOperationId":"7ee6oi1x342acyz"}
{"type":"log","timestamp":1767124617010,"level":"info","message":"pptx generation was finished","meta":{"rootId":"0d9qubfnztsp1x8","id":"0d9qubfnztsp1x8"},"id":"k6c1feyyzstw4wf","previousOperationId":"7ee6oi1x342acyz"}
{"type":"operationEnd","operationId":"7ee6oi1x342acyz","timestamp":1767124617020,"id":"n28moi3n9askh0d","previousEventId":"qk0ctzyt5tfyzad","previousOperationId":"7ee6oi1x342acyz"}
{"type":"log","timestamp":1767124617020,"level":"debug","message":"Skipping storing report.","meta":{"rootId":"0d9qubfnztsp1x8","id":"0d9qubfnztsp1x8"},"id":"eha3p2zb1uq7vn1","previousOperationId":"7ee6oi1x342acyz"}
{"type":"log","timestamp":1767124617020,"level":"info","message":"Rendering request 20 finished in 4824 ms","meta":{"rootId":"0d9qubfnztsp1x8","id":"0d9qubfnztsp1x8"},"id":"wyio64zqld8gc7j","previousOperationId":"7ee6oi1x342acyz"}
{"type":"operationEnd","subtype":"render","operationId":"o0rsz2ssszcniig","timestamp":1767124617020,"id":"5hacw442gpjx1op","previousEventId":"n28moi3n9askh0d","previousOperationId":"7ee6oi1x342acyz"}
{"type":"operationEnd","doDiffs":false,"previousEventId":"bvnq9ndn5f3b8az","previousOperationId":"1lihfh7ietm2d85","operationId":"1lihfh7ietm2d85","timestamp":1767124617026,"id":"qo9t8wr32f3fgwo"}
