{"type":"operationStart","subtype":"profile","data":{"_id":"TdykYxBebFY4FFZp","timestamp":"2025-12-07T20:15:52.443Z","state":"running","mode":"standard","creationDate":"2025-12-07T20:15:52.452Z","modificationDate":"2025-12-07T20:15:52.452Z","shortid":"PnB7_ep","$entitySet":"profiles","timeout":60000},"doDiffs":false,"timestamp":1765138552447,"id":"ptj1q723kbsscf4","previousOperationId":null,"operationId":"jkrjpg6beyp3ffv"}
{"type":"log","level":"info","message":"Render request 38 queued for execution and waiting for available worker","previousOperationId":"jkrjpg6beyp3ffv","timestamp":1765138552448,"id":"k9tecsjbrxxiruf"}
{"type":"operationStart","subtype":"render","name":"anonymous","previousOperationId":"jkrjpg6beyp3ffv","timestamp":1765138552499,"id":"50r8fkadgr6mc6p","previousEventId":"ptj1q723kbsscf4","operationId":"e8v6yj14qbn08qn"}
{"type":"log","timestamp":1765138552500,"level":"info","message":"Starting rendering request 38","meta":{"rootId":"0f17x460oq49v2h","id":"0f17x460oq49v2h"},"id":"tc11oj93wnhr0gp","previousOperationId":"e8v6yj14qbn08qn"}
{"type":"log","timestamp":1765138552501,"level":"info","message":"Rendering anonymous template { recipe: pptx, engine: handlebars }","meta":{"rootId":"0f17x460oq49v2h","id":"0f17x460oq49v2h"},"id":"twrrcw56g5h0um3","previousOperationId":"e8v6yj14qbn08qn"}
{"type":"log","timestamp":1765138552501,"level":"debug","message":"Inline data specified.","meta":{"rootId":"0f17x460oq49v2h","id":"0f17x460oq49v2h"},"id":"np113dzlb5l2azx","previousOperationId":"e8v6yj14qbn08qn"}
{"type":"log","timestamp":1765138552503,"level":"debug","message":"Base url not specified, skipping its injection.","meta":{"rootId":"0f17x460oq49v2h","id":"0f17x460oq49v2h"},"id":"6t91kt2pjjif3rn","previousOperationId":"e8v6yj14qbn08qn"}
{"type":"operationStart","subtype":"engine","name":"handlebars","timestamp":1765138552503,"id":"2983oc30hne9bei","previousEventId":"50r8fkadgr6mc6p","operationId":"4ztcg7pslvnf80a","previousOperationId":"e8v6yj14qbn08qn"}
{"type":"log","timestamp":1765138552503,"level":"debug","message":"Rendering engine handlebars","meta":{"rootId":"0f17x460oq49v2h","id":"0f17x460oq49v2h"},"id":"hisbxr2506mkpdv","previousOperationId":"4ztcg7pslvnf80a"}
{"type":"operationEnd","operationId":"4ztcg7pslvnf80a","timestamp":1765138552515,"id":"738t9p8v24ireg5","previousEventId":"2983oc30hne9bei","previousOperationId":"4ztcg7pslvnf80a"}
{"type":"operationStart","subtype":"recipe","name":"pptx","timestamp":1765138552515,"id":"umd3p3ir3f58rhs","previousEventId":"738t9p8v24ireg5","operationId":"ou5m5gos1f2yiqn","previousOperationId":"4ztcg7pslvnf80a"}
{"type":"log","timestamp":1765138552515,"level":"debug","message":"Executing recipe pptx","meta":{"rootId":"0f17x460oq49v2h","id":"0f17x460oq49v2h"},"id":"y4gud1a2zm1teq2","previousOperationId":"ou5m5gos1f2yiqn"}
{"type":"log","timestamp":1765138552534,"level":"info","message":"pptx generation is starting","meta":{"rootId":"0f17x460oq49v2h","id":"0f17x460oq49v2h"},"id":"frzb23v9fhgwd6t","previousOperationId":"ou5m5gos1f2yiqn"}
{"type":"log","timestamp":1765138554175,"level":"debug","message":"Starting child request to render pptx dynamic parts","meta":{"rootId":"0f17x460oq49v2h","id":"0f17x460oq49v2h"},"id":"brdnjfwn2a6btx4","previousOperationId":"ou5m5gos1f2yiqn"}
{"type":"operationStart","subtype":"render","name":"anonymous","previousOperationId":"ou5m5gos1f2yiqn","timestamp":1765138554176,"id":"dpe2u5bz77zbd57","previousEventId":"umd3p3ir3f58rhs","operationId":"2nqpkp6vgkqoipz"}
{"type":"log","timestamp":1765138554176,"level":"info","message":"Starting rendering (child) request","meta":{"rootId":"0f17x460oq49v2h","id":"xo0vdvqd1ahro4b"},"id":"jkavcueknpftvfi","previousOperationId":"2nqpkp6vgkqoipz"}
{"type":"log","timestamp":1765138554176,"level":"info","message":"Rendering anonymous template { recipe: html, engine: handlebars }","meta":{"rootId":"0f17x460oq49v2h","id":"xo0vdvqd1ahro4b"},"id":"c8i929g37kao9dl","previousOperationId":"2nqpkp6vgkqoipz"}
{"type":"log","timestamp":1765138554176,"level":"debug","message":"Inline data specified.","meta":{"rootId":"0f17x460oq49v2h","id":"xo0vdvqd1ahro4b"},"id":"a8p6rxkv7tifowc","previousOperationId":"2nqpkp6vgkqoipz"}
{"type":"log","timestamp":1765138554185,"level":"debug","message":"Base url not specified, skipping its injection.","meta":{"rootId":"0f17x460oq49v2h","id":"xo0vdvqd1ahro4b"},"id":"k7lijgdaswe5bue","previousOperationId":"2nqpkp6vgkqoipz"}
{"type":"operationStart","subtype":"engine","name":"handlebars","timestamp":1765138554187,"id":"0ibmtq81tym9t6a","previousEventId":"dpe2u5bz77zbd57","operationId":"hbiwhg7297gz9p5","previousOperationId":"2nqpkp6vgkqoipz"}
{"type":"log","timestamp":1765138554187,"level":"debug","message":"Rendering engine handlebars","meta":{"rootId":"0f17x460oq49v2h","id":"xo0vdvqd1ahro4b"},"id":"23axe69z3ghyvs6","previousOperationId":"hbiwhg7297gz9p5"}
{"type":"operationEnd","operationId":"hbiwhg7297gz9p5","timestamp":1765138554340,"id":"wlnud3uuzi3w2os","previousEventId":"0ibmtq81tym9t6a","previousOperationId":"hbiwhg7297gz9p5"}
{"type":"operationStart","subtype":"recipe","name":"html","timestamp":1765138554354,"id":"hsjq5z60wfb4fyu","previousEventId":"wlnud3uuzi3w2os","operationId":"ccebeep4v3c8g4m","previousOperationId":"hbiwhg7297gz9p5"}
{"type":"log","timestamp":1765138554354,"level":"debug","message":"Executing recipe html","meta":{"rootId":"0f17x460oq49v2h","id":"xo0vdvqd1ahro4b"},"id":"sva4iep725wafgg","previousOperationId":"ccebeep4v3c8g4m"}
{"type":"operationEnd","operationId":"ccebeep4v3c8g4m","timestamp":1765138554354,"id":"hms7vuyizfwsdm4","previousEventId":"hsjq5z60wfb4fyu","previousOperationId":"ccebeep4v3c8g4m"}
{"type":"log","timestamp":1765138554354,"level":"debug","message":"Skipping storing report.","meta":{"rootId":"0f17x460oq49v2h","id":"xo0vdvqd1ahro4b"},"id":"r78okt22jlwheou","previousOperationId":"ccebeep4v3c8g4m"}
{"type":"log","timestamp":1765138554354,"level":"info","message":"Rendering (child) request finished in 1912 ms","meta":{"rootId":"0f17x460oq49v2h","id":"xo0vdvqd1ahro4b"},"id":"n953zy8m5fg8m4b","previousOperationId":"ccebeep4v3c8g4m"}
{"type":"operationEnd","subtype":"render","operationId":"2nqpkp6vgkqoipz","timestamp":1765138554354,"id":"zcbeohg8j14pjne","previousEventId":"hms7vuyizfwsdm4","previousOperationId":"ccebeep4v3c8g4m"}
{"type":"log","timestamp":1765138570935,"level":"debug","message":"pptx successfully zipped","meta":{"rootId":"0f17x460oq49v2h","id":"0f17x460oq49v2h"},"id":"yqrfii2lyn4vf5w","previousOperationId":"ou5m5gos1f2yiqn"}
{"type":"log","timestamp":1765138570935,"level":"info","message":"pptx generation was finished","meta":{"rootId":"0f17x460oq49v2h","id":"0f17x460oq49v2h"},"id":"4jha7xtt06w8afu","previousOperationId":"ou5m5gos1f2yiqn"}
{"type":"operationEnd","operationId":"ou5m5gos1f2yiqn","timestamp":1765138570945,"id":"sh0k1hb0gqb77k7","previousEventId":"umd3p3ir3f58rhs","previousOperationId":"ou5m5gos1f2yiqn"}
{"type":"log","timestamp":1765138570946,"level":"debug","message":"Skipping storing report.","meta":{"rootId":"0f17x460oq49v2h","id":"0f17x460oq49v2h"},"id":"0q3wlvx8og48h6o","previousOperationId":"ou5m5gos1f2yiqn"}
{"type":"log","timestamp":1765138570946,"level":"info","message":"Rendering request 38 finished in 18504 ms","meta":{"rootId":"0f17x460oq49v2h","id":"0f17x460oq49v2h"},"id":"k1convg2l31k86x","previousOperationId":"ou5m5gos1f2yiqn"}
{"type":"operationEnd","subtype":"render","operationId":"e8v6yj14qbn08qn","timestamp":1765138570946,"id":"fbepvpyxa0k819v","previousEventId":"sh0k1hb0gqb77k7","previousOperationId":"ou5m5gos1f2yiqn"}
{"type":"operationEnd","doDiffs":false,"previousEventId":"ptj1q723kbsscf4","previousOperationId":"jkrjpg6beyp3ffv","operationId":"jkrjpg6beyp3ffv","timestamp":1765138570951,"id":"d1ujzgo9rslkkum"}
