{"type":"operationStart","subtype":"profile","data":{"_id":"XvPolqnjjRKePJ2P","timestamp":"2025-12-30T17:00:11.730Z","state":"running","mode":"standard","creationDate":"2025-12-30T17:00:11.747Z","modificationDate":"2025-12-30T17:00:11.748Z","shortid":"Wmz2wOs","$entitySet":"profiles","timeout":60000},"doDiffs":false,"timestamp":1767114011745,"id":"l1pqcet0v68vhhq","previousOperationId":null,"operationId":"f2awh6t1dxusd1d"}
{"type":"log","level":"info","message":"Render request 3 queued for execution and waiting for available worker","previousOperationId":"f2awh6t1dxusd1d","timestamp":1767114011745,"id":"73rzpewafdclnzv"}
{"type":"operationStart","subtype":"render","name":"anonymous","previousOperationId":"f2awh6t1dxusd1d","timestamp":1767114011807,"id":"mwj2mqlj6t270fq","previousEventId":"l1pqcet0v68vhhq","operationId":"7egckrbozu2v1xv"}
{"type":"log","timestamp":1767114011808,"level":"info","message":"Starting rendering request 3","meta":{"rootId":"0fqnrcpde619zmt","id":"0fqnrcpde619zmt"},"id":"3y602za5z6uayng","previousOperationId":"7egckrbozu2v1xv"}
{"type":"log","timestamp":1767114011809,"level":"info","message":"Rendering anonymous template { recipe: pptx, engine: handlebars }","meta":{"rootId":"0fqnrcpde619zmt","id":"0fqnrcpde619zmt"},"id":"y1pc61v5r2t6wi8","previousOperationId":"7egckrbozu2v1xv"}
{"type":"log","timestamp":1767114011809,"level":"debug","message":"Inline data specified.","meta":{"rootId":"0fqnrcpde619zmt","id":"0fqnrcpde619zmt"},"id":"mhxd1d41ckoxp37","previousOperationId":"7egckrbozu2v1xv"}
{"type":"log","timestamp":1767114011816,"level":"debug","message":"Base url not specified, skipping its injection.","meta":{"rootId":"0fqnrcpde619zmt","id":"0fqnrcpde619zmt"},"id":"8lbi44lbixciip5","previousOperationId":"7egckrbozu2v1xv"}
{"type":"operationStart","subtype":"engine","name":"handlebars","timestamp":1767114011818,"id":"8x3zfaizpc27e8j","previousEventId":"mwj2mqlj6t270fq","operationId":"obebv86ic4kutdt","previousOperationId":"7egckrbozu2v1xv"}
{"type":"log","timestamp":1767114011818,"level":"debug","message":"Rendering engine handlebars","meta":{"rootId":"0fqnrcpde619zmt","id":"0fqnrcpde619zmt"},"id":"9qo6f14gpu1rv4b","previousOperationId":"obebv86ic4kutdt"}
{"type":"operationEnd","operationId":"obebv86ic4kutdt","timestamp":1767114011840,"id":"gfuv5bsqxg7qrfx","previousEventId":"8x3zfaizpc27e8j","previousOperationId":"obebv86ic4kutdt"}
{"type":"operationStart","subtype":"recipe","name":"pptx","timestamp":1767114011841,"id":"98p5bkoab8kni36","previousEventId":"gfuv5bsqxg7qrfx","operationId":"ef3pgrhf6huqzhy","previousOperationId":"obebv86ic4kutdt"}
{"type":"log","timestamp":1767114011841,"level":"debug","message":"Executing recipe pptx","meta":{"rootId":"0fqnrcpde619zmt","id":"0fqnrcpde619zmt"},"id":"ypkudzc91d4mxp7","previousOperationId":"ef3pgrhf6huqzhy"}
{"type":"log","timestamp":1767114011869,"level":"info","message":"pptx generation is starting","meta":{"rootId":"0fqnrcpde619zmt","id":"0fqnrcpde619zmt"},"id":"4b97o5ab4iozrsk","previousOperationId":"ef3pgrhf6huqzhy"}
{"type":"log","timestamp":1767114013715,"level":"debug","message":"Starting child request to render pptx dynamic parts","meta":{"rootId":"0fqnrcpde619zmt","id":"0fqnrcpde619zmt"},"id":"utmgz9k1yvlngkw","previousOperationId":"ef3pgrhf6huqzhy"}
{"type":"operationStart","subtype":"render","name":"anonymous","previousOperationId":"ef3pgrhf6huqzhy","timestamp":1767114013716,"id":"8wxjjztolbuhmyk","previousEventId":"98p5bkoab8kni36","operationId":"1dimqey2av4uvf5"}
{"type":"log","timestamp":1767114013716,"level":"info","message":"Starting rendering (child) request","meta":{"rootId":"0fqnrcpde619zmt","id":"4m549w51c9by2pu"},"id":"14iqxmx6qajvd01","previousOperationId":"1dimqey2av4uvf5"}
{"type":"log","timestamp":1767114013716,"level":"info","message":"Rendering anonymous template { recipe: html, engine: handlebars }","meta":{"rootId":"0fqnrcpde619zmt","id":"4m549w51c9by2pu"},"id":"a69sewrs9yw9sb6","previousOperationId":"1dimqey2av4uvf5"}
{"type":"log","timestamp":1767114013716,"level":"debug","message":"Inline data specified.","meta":{"rootId":"0fqnrcpde619zmt","id":"4m549w51c9by2pu"},"id":"xqihdvz0kw59ki3","previousOperationId":"1dimqey2av4uvf5"}
{"type":"log","timestamp":1767114013723,"level":"debug","message":"Base url not specified, skipping its injection.","meta":{"rootId":"0fqnrcpde619zmt","id":"4m549w51c9by2pu"},"id":"bwc5l8pksp5nzl0","previousOperationId":"1dimqey2av4uvf5"}
{"type":"operationStart","subtype":"engine","name":"handlebars","timestamp":1767114013725,"id":"7bdzuiir76ps9ed","previousEventId":"8wxjjztolbuhmyk","operationId":"g4ical9e4agj38q","previousOperationId":"1dimqey2av4uvf5"}
{"type":"log","timestamp":1767114013726,"level":"debug","message":"Rendering engine handlebars","meta":{"rootId":"0fqnrcpde619zmt","id":"4m549w51c9by2pu"},"id":"ltvnf2yx6x6ne6t","previousOperationId":"g4ical9e4agj38q"}
{"type":"log","timestamp":1767114013926,"level":"debug","message":"(console:log) {\n  type: 'echarts@v5a',\n  width: 848,\n  height: 409,\n  option: { radar: [ [Object] ], series: [ [Object] ] }\n}","meta":{"userLevel":true,"rootId":"0fqnrcpde619zmt","id":"4m549w51c9by2pu"},"id":"sjldxhn6y7mzvoc","previousOperationId":"g4ical9e4agj38q"}
{"type":"operationEnd","operationId":"g4ical9e4agj38q","timestamp":1767114013939,"id":"2g8t7yft0yng76h","previousEventId":"7bdzuiir76ps9ed","previousOperationId":"g4ical9e4agj38q"}
{"type":"operationStart","subtype":"recipe","name":"html","timestamp":1767114013957,"id":"2zvn874jy7hkhox","previousEventId":"2g8t7yft0yng76h","operationId":"pqmwlk1lf3ayndt","previousOperationId":"g4ical9e4agj38q"}
{"type":"log","timestamp":1767114013957,"level":"debug","message":"Executing recipe html","meta":{"rootId":"0fqnrcpde619zmt","id":"4m549w51c9by2pu"},"id":"0v6o6zwwdm82ezx","previousOperationId":"pqmwlk1lf3ayndt"}
{"type":"operationEnd","operationId":"pqmwlk1lf3ayndt","timestamp":1767114013958,"id":"sn4cbe1m6dvh9tf","previousEventId":"2zvn874jy7hkhox","previousOperationId":"pqmwlk1lf3ayndt"}
{"type":"log","timestamp":1767114013958,"level":"debug","message":"Skipping storing report.","meta":{"rootId":"0fqnrcpde619zmt","id":"4m549w51c9by2pu"},"id":"yhhqjdzm3kttfgj","previousOperationId":"pqmwlk1lf3ayndt"}
{"type":"log","timestamp":1767114013958,"level":"info","message":"Rendering (child) request finished in 2229 ms","meta":{"rootId":"0fqnrcpde619zmt","id":"4m549w51c9by2pu"},"id":"tj4asaud93nwwgb","previousOperationId":"pqmwlk1lf3ayndt"}
{"type":"operationEnd","subtype":"render","operationId":"1dimqey2av4uvf5","timestamp":1767114013958,"id":"0vc1o3v7s85vkay","previousEventId":"sn4cbe1m6dvh9tf","previousOperationId":"pqmwlk1lf3ayndt"}
{"type":"log","timestamp":1767114020731,"level":"debug","message":"pptx successfully zipped","meta":{"rootId":"0fqnrcpde619zmt","id":"0fqnrcpde619zmt"},"id":"32r6ppiudvz93hp","previousOperationId":"ef3pgrhf6huqzhy"}
{"type":"log","timestamp":1767114020731,"level":"info","message":"pptx generation was finished","meta":{"rootId":"0fqnrcpde619zmt","id":"0fqnrcpde619zmt"},"id":"vdni3zhqc4z7ee3","previousOperationId":"ef3pgrhf6huqzhy"}
{"type":"operationEnd","operationId":"ef3pgrhf6huqzhy","timestamp":1767114020742,"id":"tcr60pnggo7s6pu","previousEventId":"98p5bkoab8kni36","previousOperationId":"ef3pgrhf6huqzhy"}
{"type":"log","timestamp":1767114020743,"level":"debug","message":"Skipping storing report.","meta":{"rootId":"0fqnrcpde619zmt","id":"0fqnrcpde619zmt"},"id":"hde2vyso2qttfs5","previousOperationId":"ef3pgrhf6huqzhy"}
{"type":"log","timestamp":1767114020743,"level":"info","message":"Rendering request 3 finished in 9014 ms","meta":{"rootId":"0fqnrcpde619zmt","id":"0fqnrcpde619zmt"},"id":"95gqg12sj2bfb1e","previousOperationId":"ef3pgrhf6huqzhy"}
{"type":"operationEnd","subtype":"render","operationId":"7egckrbozu2v1xv","timestamp":1767114020743,"id":"n707lepnjoi2zso","previousEventId":"tcr60pnggo7s6pu","previousOperationId":"ef3pgrhf6huqzhy"}
{"type":"operationEnd","doDiffs":false,"previousEventId":"l1pqcet0v68vhhq","previousOperationId":"f2awh6t1dxusd1d","operationId":"f2awh6t1dxusd1d","timestamp":1767114020749,"id":"nna0qaipq4p0pmq"}
