{"type":"operationStart","subtype":"profile","data":{"_id":"b1SwD0nu3NdbrwMO","timestamp":"2025-12-30T18:56:25.278Z","state":"running","mode":"standard","creationDate":"2025-12-30T18:56:25.282Z","modificationDate":"2025-12-30T18:56:25.282Z","shortid":"351EoMu","$entitySet":"profiles","timeout":60000},"doDiffs":false,"timestamp":1767120985280,"id":"bqnsjxf2dplaf25","previousOperationId":null,"operationId":"9cd9v9ivv2v54s9"}
{"type":"log","level":"info","message":"Render request 14 queued for execution and waiting for available worker","previousOperationId":"9cd9v9ivv2v54s9","timestamp":1767120985280,"id":"x73dx6t9cbm694j"}
{"type":"operationStart","subtype":"render","name":"anonymous","previousOperationId":"9cd9v9ivv2v54s9","timestamp":1767120985348,"id":"xo4srwq1u717qio","previousEventId":"bqnsjxf2dplaf25","operationId":"c8b6unyajk9l2j1"}
{"type":"log","timestamp":1767120985348,"level":"info","message":"Starting rendering request 14","meta":{"rootId":"0hesga043m92q1d","id":"0hesga043m92q1d"},"id":"ce0o9tuno0rry99","previousOperationId":"c8b6unyajk9l2j1"}
{"type":"log","timestamp":1767120985350,"level":"info","message":"Rendering anonymous template { recipe: pptx, engine: handlebars }","meta":{"rootId":"0hesga043m92q1d","id":"0hesga043m92q1d"},"id":"1i5pfwr5rbp19fc","previousOperationId":"c8b6unyajk9l2j1"}
{"type":"log","timestamp":1767120985350,"level":"debug","message":"Inline data specified.","meta":{"rootId":"0hesga043m92q1d","id":"0hesga043m92q1d"},"id":"hj8lop493tucipn","previousOperationId":"c8b6unyajk9l2j1"}
{"type":"log","timestamp":1767120985353,"level":"debug","message":"Base url not specified, skipping its injection.","meta":{"rootId":"0hesga043m92q1d","id":"0hesga043m92q1d"},"id":"msyylurjeqd55w1","previousOperationId":"c8b6unyajk9l2j1"}
{"type":"operationStart","subtype":"engine","name":"handlebars","timestamp":1767120985354,"id":"nawxh0zs648r7qb","previousEventId":"xo4srwq1u717qio","operationId":"5o12uutdto0kbto","previousOperationId":"c8b6unyajk9l2j1"}
{"type":"log","timestamp":1767120985354,"level":"debug","message":"Rendering engine handlebars","meta":{"rootId":"0hesga043m92q1d","id":"0hesga043m92q1d"},"id":"nkj71wj42u4qtis","previousOperationId":"5o12uutdto0kbto"}
{"type":"operationEnd","operationId":"5o12uutdto0kbto","timestamp":1767120985379,"id":"0pjmue512cd3967","previousEventId":"nawxh0zs648r7qb","previousOperationId":"5o12uutdto0kbto"}
{"type":"operationStart","subtype":"recipe","name":"pptx","timestamp":1767120985379,"id":"n5xq4hk6k8wdp3v","previousEventId":"0pjmue512cd3967","operationId":"t4fd5msg2ag4y11","previousOperationId":"5o12uutdto0kbto"}
{"type":"log","timestamp":1767120985379,"level":"debug","message":"Executing recipe pptx","meta":{"rootId":"0hesga043m92q1d","id":"0hesga043m92q1d"},"id":"xadxs0z4o2znl1g","previousOperationId":"t4fd5msg2ag4y11"}
{"type":"log","timestamp":1767120985400,"level":"info","message":"pptx generation is starting","meta":{"rootId":"0hesga043m92q1d","id":"0hesga043m92q1d"},"id":"bpk59rbr2ruko15","previousOperationId":"t4fd5msg2ag4y11"}
{"type":"log","timestamp":1767120986636,"level":"debug","message":"Starting child request to render pptx dynamic parts","meta":{"rootId":"0hesga043m92q1d","id":"0hesga043m92q1d"},"id":"v22kqi0kdw3g5g3","previousOperationId":"t4fd5msg2ag4y11"}
{"type":"operationStart","subtype":"render","name":"anonymous","previousOperationId":"t4fd5msg2ag4y11","timestamp":1767120986637,"id":"go5jxyi9ylz3rxm","previousEventId":"n5xq4hk6k8wdp3v","operationId":"zcled2xrqb4q5id"}
{"type":"log","timestamp":1767120986637,"level":"info","message":"Starting rendering (child) request","meta":{"rootId":"0hesga043m92q1d","id":"osud1goysqsof9y"},"id":"hse13d1b2yaja8c","previousOperationId":"zcled2xrqb4q5id"}
{"type":"log","timestamp":1767120986637,"level":"info","message":"Rendering anonymous template { recipe: html, engine: handlebars }","meta":{"rootId":"0hesga043m92q1d","id":"osud1goysqsof9y"},"id":"96b8cptl2o3zesd","previousOperationId":"zcled2xrqb4q5id"}
{"type":"log","timestamp":1767120986637,"level":"debug","message":"Inline data specified.","meta":{"rootId":"0hesga043m92q1d","id":"osud1goysqsof9y"},"id":"ed5r3shxink223j","previousOperationId":"zcled2xrqb4q5id"}
{"type":"log","timestamp":1767120986642,"level":"debug","message":"Base url not specified, skipping its injection.","meta":{"rootId":"0hesga043m92q1d","id":"osud1goysqsof9y"},"id":"kni65l25xl4r1a9","previousOperationId":"zcled2xrqb4q5id"}
{"type":"operationStart","subtype":"engine","name":"handlebars","timestamp":1767120986643,"id":"w63mdbd5kmz5si2","previousEventId":"go5jxyi9ylz3rxm","operationId":"k493se94nabjs5q","previousOperationId":"zcled2xrqb4q5id"}
{"type":"log","timestamp":1767120986643,"level":"debug","message":"Rendering engine handlebars","meta":{"rootId":"0hesga043m92q1d","id":"osud1goysqsof9y"},"id":"rkkg4kna3mxqrhs","previousOperationId":"k493se94nabjs5q"}
{"type":"log","timestamp":1767120986780,"level":"debug","message":"(console:log) {\n  type: 'echarts@v5a',\n  width: 848,\n  height: 409,\n  option: { radar: [ [Object] ], series: [ [Object] ] }\n}","meta":{"userLevel":true,"rootId":"0hesga043m92q1d","id":"osud1goysqsof9y"},"id":"4bcgl3qgxqht6mm","previousOperationId":"k493se94nabjs5q"}
{"type":"operationEnd","operationId":"k493se94nabjs5q","timestamp":1767120986787,"id":"bv54qzskc3vk1kj","previousEventId":"w63mdbd5kmz5si2","previousOperationId":"k493se94nabjs5q"}
{"type":"operationStart","subtype":"recipe","name":"html","timestamp":1767120986800,"id":"6t6ytcbzyis7l3j","previousEventId":"bv54qzskc3vk1kj","operationId":"uv673ubmhae87dt","previousOperationId":"k493se94nabjs5q"}
{"type":"log","timestamp":1767120986800,"level":"debug","message":"Executing recipe html","meta":{"rootId":"0hesga043m92q1d","id":"osud1goysqsof9y"},"id":"nsx8e5xfeva606g","previousOperationId":"uv673ubmhae87dt"}
{"type":"operationEnd","operationId":"uv673ubmhae87dt","timestamp":1767120986800,"id":"khzg3vo066scp8b","previousEventId":"6t6ytcbzyis7l3j","previousOperationId":"uv673ubmhae87dt"}
{"type":"log","timestamp":1767120986801,"level":"debug","message":"Skipping storing report.","meta":{"rootId":"0hesga043m92q1d","id":"osud1goysqsof9y"},"id":"10qe6393y323unl","previousOperationId":"uv673ubmhae87dt"}
{"type":"log","timestamp":1767120986801,"level":"info","message":"Rendering (child) request finished in 1523 ms","meta":{"rootId":"0hesga043m92q1d","id":"osud1goysqsof9y"},"id":"xg62lft5hh4po89","previousOperationId":"uv673ubmhae87dt"}
{"type":"operationEnd","subtype":"render","operationId":"zcled2xrqb4q5id","timestamp":1767120986801,"id":"bzsj2uj26qwoodl","previousEventId":"khzg3vo066scp8b","previousOperationId":"uv673ubmhae87dt"}
{"type":"log","timestamp":1767120990238,"level":"debug","message":"pptx successfully zipped","meta":{"rootId":"0hesga043m92q1d","id":"0hesga043m92q1d"},"id":"ujzma55rzuh2432","previousOperationId":"t4fd5msg2ag4y11"}
{"type":"log","timestamp":1767120990239,"level":"info","message":"pptx generation was finished","meta":{"rootId":"0hesga043m92q1d","id":"0hesga043m92q1d"},"id":"rh8nsjvlzji5dfn","previousOperationId":"t4fd5msg2ag4y11"}
{"type":"operationEnd","operationId":"t4fd5msg2ag4y11","timestamp":1767120990247,"id":"ms1df08ia7zmqtz","previousEventId":"n5xq4hk6k8wdp3v","previousOperationId":"t4fd5msg2ag4y11"}
{"type":"log","timestamp":1767120990247,"level":"debug","message":"Skipping storing report.","meta":{"rootId":"0hesga043m92q1d","id":"0hesga043m92q1d"},"id":"z67narz5ej47prj","previousOperationId":"t4fd5msg2ag4y11"}
{"type":"log","timestamp":1767120990247,"level":"info","message":"Rendering request 14 finished in 4969 ms","meta":{"rootId":"0hesga043m92q1d","id":"0hesga043m92q1d"},"id":"ah1z7usupfmuqic","previousOperationId":"t4fd5msg2ag4y11"}
{"type":"operationEnd","subtype":"render","operationId":"c8b6unyajk9l2j1","timestamp":1767120990247,"id":"htneb0mjhmuipk1","previousEventId":"ms1df08ia7zmqtz","previousOperationId":"t4fd5msg2ag4y11"}
{"type":"operationEnd","doDiffs":false,"previousEventId":"bqnsjxf2dplaf25","previousOperationId":"9cd9v9ivv2v54s9","operationId":"9cd9v9ivv2v54s9","timestamp":1767120990254,"id":"px1yk7icnem3ocv"}
