{"type":"operationStart","subtype":"profile","data":{"_id":"YXxrte3DmKoelrcE","timestamp":"2025-12-25T21:16:01.811Z","state":"running","mode":"standard","creationDate":"2025-12-25T21:16:01.821Z","modificationDate":"2025-12-25T21:16:01.821Z","shortid":"sbxkklr","$entitySet":"profiles","timeout":60000},"doDiffs":false,"timestamp":1766697361815,"id":"364da7ope3bepqe","previousOperationId":null,"operationId":"om3610lkjy45pcd"}
{"type":"log","level":"info","message":"Render request 1 queued for execution and waiting for available worker","previousOperationId":"om3610lkjy45pcd","timestamp":1766697361815,"id":"und18t8a9h1xy5s"}
{"type":"operationStart","subtype":"render","name":"anonymous","previousOperationId":"om3610lkjy45pcd","timestamp":1766697361915,"id":"9n5xqtk9lip8cr3","previousEventId":"364da7ope3bepqe","operationId":"wukc7zo6ntptr0s"}
{"type":"log","timestamp":1766697361917,"level":"info","message":"Starting rendering request 1","meta":{"rootId":"0hk18zitvx2tg70","id":"0hk18zitvx2tg70"},"id":"b6255h6g1ij6u1n","previousOperationId":"wukc7zo6ntptr0s"}
{"type":"log","timestamp":1766697361920,"level":"info","message":"Rendering anonymous template { recipe: pptx, engine: handlebars }","meta":{"rootId":"0hk18zitvx2tg70","id":"0hk18zitvx2tg70"},"id":"8qvlfusxcd6geue","previousOperationId":"wukc7zo6ntptr0s"}
{"type":"log","timestamp":1766697361920,"level":"debug","message":"Inline data specified.","meta":{"rootId":"0hk18zitvx2tg70","id":"0hk18zitvx2tg70"},"id":"kw52ykz5ojdh85r","previousOperationId":"wukc7zo6ntptr0s"}
{"type":"log","timestamp":1766697361938,"level":"debug","message":"Base url not specified, skipping its injection.","meta":{"rootId":"0hk18zitvx2tg70","id":"0hk18zitvx2tg70"},"id":"aey40xugv69j858","previousOperationId":"wukc7zo6ntptr0s"}
{"type":"operationStart","subtype":"engine","name":"handlebars","timestamp":1766697361941,"id":"kn5nzwz7h943xba","previousEventId":"9n5xqtk9lip8cr3","operationId":"4cihylkx10u047y","previousOperationId":"wukc7zo6ntptr0s"}
{"type":"log","timestamp":1766697361941,"level":"debug","message":"Rendering engine handlebars","meta":{"rootId":"0hk18zitvx2tg70","id":"0hk18zitvx2tg70"},"id":"ew4czno6olbna1d","previousOperationId":"4cihylkx10u047y"}
{"type":"operationEnd","operationId":"4cihylkx10u047y","timestamp":1766697363272,"id":"l2b3vahkdxzyeam","previousEventId":"kn5nzwz7h943xba","previousOperationId":"4cihylkx10u047y"}
{"type":"operationStart","subtype":"recipe","name":"pptx","timestamp":1766697363273,"id":"z0ur1k4umpmxmnv","previousEventId":"l2b3vahkdxzyeam","operationId":"gy06p9nwwkcoccx","previousOperationId":"4cihylkx10u047y"}
{"type":"log","timestamp":1766697363274,"level":"debug","message":"Executing recipe pptx","meta":{"rootId":"0hk18zitvx2tg70","id":"0hk18zitvx2tg70"},"id":"n9p7y7qdjxzfod0","previousOperationId":"gy06p9nwwkcoccx"}
{"type":"log","timestamp":1766697363547,"level":"info","message":"pptx generation is starting","meta":{"rootId":"0hk18zitvx2tg70","id":"0hk18zitvx2tg70"},"id":"hbfzwklq1bfj1p2","previousOperationId":"gy06p9nwwkcoccx"}
{"type":"log","timestamp":1766697365397,"level":"debug","message":"Starting child request to render pptx dynamic parts","meta":{"rootId":"0hk18zitvx2tg70","id":"0hk18zitvx2tg70"},"id":"6cii6n4u7neh3jf","previousOperationId":"gy06p9nwwkcoccx"}
{"type":"operationStart","subtype":"render","name":"anonymous","previousOperationId":"gy06p9nwwkcoccx","timestamp":1766697365399,"id":"h4s2jxsv4iph8ac","previousEventId":"z0ur1k4umpmxmnv","operationId":"1g8qu00fufr2k1o"}
{"type":"log","timestamp":1766697365399,"level":"info","message":"Starting rendering (child) request","meta":{"rootId":"0hk18zitvx2tg70","id":"x4o7uzvol3qu5l2"},"id":"gaww78h39hz4uak","previousOperationId":"1g8qu00fufr2k1o"}
{"type":"log","timestamp":1766697365400,"level":"info","message":"Rendering anonymous template { recipe: html, engine: handlebars }","meta":{"rootId":"0hk18zitvx2tg70","id":"x4o7uzvol3qu5l2"},"id":"thc3l00n108s5xz","previousOperationId":"1g8qu00fufr2k1o"}
{"type":"log","timestamp":1766697365400,"level":"debug","message":"Inline data specified.","meta":{"rootId":"0hk18zitvx2tg70","id":"x4o7uzvol3qu5l2"},"id":"wocm4h6sr2k02nc","previousOperationId":"1g8qu00fufr2k1o"}
{"type":"log","timestamp":1766697365407,"level":"debug","message":"Base url not specified, skipping its injection.","meta":{"rootId":"0hk18zitvx2tg70","id":"x4o7uzvol3qu5l2"},"id":"cd1xfvzjkkpdygx","previousOperationId":"1g8qu00fufr2k1o"}
{"type":"operationStart","subtype":"engine","name":"handlebars","timestamp":1766697365409,"id":"u0ljfls12kfgxtm","previousEventId":"h4s2jxsv4iph8ac","operationId":"7t3zb3qls022ef4","previousOperationId":"1g8qu00fufr2k1o"}
{"type":"log","timestamp":1766697365409,"level":"debug","message":"Rendering engine handlebars","meta":{"rootId":"0hk18zitvx2tg70","id":"x4o7uzvol3qu5l2"},"id":"mc3qb7o8r70rrsi","previousOperationId":"7t3zb3qls022ef4"}
{"type":"operationEnd","operationId":"7t3zb3qls022ef4","timestamp":1766697365597,"id":"5lh6rva1axxi04m","previousEventId":"u0ljfls12kfgxtm","previousOperationId":"7t3zb3qls022ef4"}
{"type":"operationStart","subtype":"recipe","name":"html","timestamp":1766697365611,"id":"w1uep819b1uisqa","previousEventId":"5lh6rva1axxi04m","operationId":"616rdtripgr721f","previousOperationId":"7t3zb3qls022ef4"}
{"type":"log","timestamp":1766697365611,"level":"debug","message":"Executing recipe html","meta":{"rootId":"0hk18zitvx2tg70","id":"x4o7uzvol3qu5l2"},"id":"8yapymcqd7wz32s","previousOperationId":"616rdtripgr721f"}
{"type":"operationEnd","operationId":"616rdtripgr721f","timestamp":1766697365611,"id":"j1pj63l3jnaed9p","previousEventId":"w1uep819b1uisqa","previousOperationId":"616rdtripgr721f"}
{"type":"log","timestamp":1766697365612,"level":"debug","message":"Skipping storing report.","meta":{"rootId":"0hk18zitvx2tg70","id":"x4o7uzvol3qu5l2"},"id":"6rb9sx3jtl9gzw8","previousOperationId":"616rdtripgr721f"}
{"type":"log","timestamp":1766697365612,"level":"info","message":"Rendering (child) request finished in 3804 ms","meta":{"rootId":"0hk18zitvx2tg70","id":"x4o7uzvol3qu5l2"},"id":"rapz7teodf98h54","previousOperationId":"616rdtripgr721f"}
{"type":"operationEnd","subtype":"render","operationId":"1g8qu00fufr2k1o","timestamp":1766697365613,"id":"lp0wmkwi79ash7c","previousEventId":"j1pj63l3jnaed9p","previousOperationId":"616rdtripgr721f"}
{"type":"log","timestamp":1766697370719,"level":"debug","message":"pptx successfully zipped","meta":{"rootId":"0hk18zitvx2tg70","id":"0hk18zitvx2tg70"},"id":"s56nfbmx8i5678u","previousOperationId":"gy06p9nwwkcoccx"}
{"type":"log","timestamp":1766697370719,"level":"info","message":"pptx generation was finished","meta":{"rootId":"0hk18zitvx2tg70","id":"0hk18zitvx2tg70"},"id":"2qqz6ng9hf41d1h","previousOperationId":"gy06p9nwwkcoccx"}
{"type":"operationEnd","operationId":"gy06p9nwwkcoccx","timestamp":1766697370734,"id":"gso895erzxi6gzt","previousEventId":"z0ur1k4umpmxmnv","previousOperationId":"gy06p9nwwkcoccx"}
{"type":"log","timestamp":1766697370734,"level":"debug","message":"Skipping storing report.","meta":{"rootId":"0hk18zitvx2tg70","id":"0hk18zitvx2tg70"},"id":"2qog8swlotmofsp","previousOperationId":"gy06p9nwwkcoccx"}
{"type":"log","timestamp":1766697370734,"level":"info","message":"Rendering request 1 finished in 8926 ms","meta":{"rootId":"0hk18zitvx2tg70","id":"0hk18zitvx2tg70"},"id":"zdk21dzu6rrb2hc","previousOperationId":"gy06p9nwwkcoccx"}
{"type":"operationEnd","subtype":"render","operationId":"wukc7zo6ntptr0s","timestamp":1766697370734,"id":"7mxb375zb5f63l1","previousEventId":"gso895erzxi6gzt","previousOperationId":"gy06p9nwwkcoccx"}
{"type":"operationEnd","doDiffs":false,"previousEventId":"364da7ope3bepqe","previousOperationId":"om3610lkjy45pcd","operationId":"om3610lkjy45pcd","timestamp":1766697370742,"id":"x857fp2uvegrzvv"}
