{"type":"operationStart","subtype":"profile","data":{"_id":"1IrkW9b5GtKpHUvR","timestamp":"2025-12-30T17:01:54.939Z","state":"running","mode":"standard","creationDate":"2025-12-30T17:01:54.956Z","modificationDate":"2025-12-30T17:01:54.956Z","shortid":"4eY6PrS","$entitySet":"profiles","timeout":60000},"doDiffs":false,"timestamp":1767114114954,"id":"aqlgzjtutqnti8i","previousOperationId":null,"operationId":"c5yy6pumpzgf33q"}
{"type":"log","level":"info","message":"Render request 4 queued for execution and waiting for available worker","previousOperationId":"c5yy6pumpzgf33q","timestamp":1767114114954,"id":"mgg4v3s5s5e7b38"}
{"type":"operationStart","subtype":"render","name":"anonymous","previousOperationId":"c5yy6pumpzgf33q","timestamp":1767114115016,"id":"3rngtp4syg7gu3t","previousEventId":"aqlgzjtutqnti8i","operationId":"e40skbc42jtma8r"}
{"type":"log","timestamp":1767114115017,"level":"info","message":"Starting rendering request 4","meta":{"rootId":"0j7gn1dv18re3by","id":"0j7gn1dv18re3by"},"id":"lar7887dor94fg9","previousOperationId":"e40skbc42jtma8r"}
{"type":"log","timestamp":1767114115017,"level":"info","message":"Rendering anonymous template { recipe: pptx, engine: handlebars }","meta":{"rootId":"0j7gn1dv18re3by","id":"0j7gn1dv18re3by"},"id":"gpxxuncsi94fn4n","previousOperationId":"e40skbc42jtma8r"}
{"type":"log","timestamp":1767114115018,"level":"debug","message":"Inline data specified.","meta":{"rootId":"0j7gn1dv18re3by","id":"0j7gn1dv18re3by"},"id":"z54am9qsz2eq6pa","previousOperationId":"e40skbc42jtma8r"}
{"type":"log","timestamp":1767114115022,"level":"debug","message":"Base url not specified, skipping its injection.","meta":{"rootId":"0j7gn1dv18re3by","id":"0j7gn1dv18re3by"},"id":"7s047gmiybbhrf3","previousOperationId":"e40skbc42jtma8r"}
{"type":"operationStart","subtype":"engine","name":"handlebars","timestamp":1767114115023,"id":"stkmsydnfpnm0ef","previousEventId":"3rngtp4syg7gu3t","operationId":"qf0gon1mq2stmp4","previousOperationId":"e40skbc42jtma8r"}
{"type":"log","timestamp":1767114115023,"level":"debug","message":"Rendering engine handlebars","meta":{"rootId":"0j7gn1dv18re3by","id":"0j7gn1dv18re3by"},"id":"8s33i47t4tsrm36","previousOperationId":"qf0gon1mq2stmp4"}
{"type":"operationEnd","operationId":"qf0gon1mq2stmp4","timestamp":1767114115062,"id":"80sd47duhme9lyr","previousEventId":"stkmsydnfpnm0ef","previousOperationId":"qf0gon1mq2stmp4"}
{"type":"operationStart","subtype":"recipe","name":"pptx","timestamp":1767114115064,"id":"udabea1z4ermdw7","previousEventId":"80sd47duhme9lyr","operationId":"c0o8pqblcwkhzna","previousOperationId":"qf0gon1mq2stmp4"}
{"type":"log","timestamp":1767114115064,"level":"debug","message":"Executing recipe pptx","meta":{"rootId":"0j7gn1dv18re3by","id":"0j7gn1dv18re3by"},"id":"axqewg8xb1x9ljm","previousOperationId":"c0o8pqblcwkhzna"}
{"type":"log","timestamp":1767114115085,"level":"info","message":"pptx generation is starting","meta":{"rootId":"0j7gn1dv18re3by","id":"0j7gn1dv18re3by"},"id":"m3axfvyczy0vj9s","previousOperationId":"c0o8pqblcwkhzna"}
{"type":"log","timestamp":1767114116879,"level":"debug","message":"Starting child request to render pptx dynamic parts","meta":{"rootId":"0j7gn1dv18re3by","id":"0j7gn1dv18re3by"},"id":"5ehestl0o2qyv1l","previousOperationId":"c0o8pqblcwkhzna"}
{"type":"operationStart","subtype":"render","name":"anonymous","previousOperationId":"c0o8pqblcwkhzna","timestamp":1767114116880,"id":"zqxssekhk0bd5f0","previousEventId":"udabea1z4ermdw7","operationId":"yhb4y40wcsqmhrp"}
{"type":"log","timestamp":1767114116880,"level":"info","message":"Starting rendering (child) request","meta":{"rootId":"0j7gn1dv18re3by","id":"9xzt5x9inppaj3m"},"id":"ysjq015n0femw9u","previousOperationId":"yhb4y40wcsqmhrp"}
{"type":"log","timestamp":1767114116880,"level":"info","message":"Rendering anonymous template { recipe: html, engine: handlebars }","meta":{"rootId":"0j7gn1dv18re3by","id":"9xzt5x9inppaj3m"},"id":"nes5bmwa8nreta6","previousOperationId":"yhb4y40wcsqmhrp"}
{"type":"log","timestamp":1767114116880,"level":"debug","message":"Inline data specified.","meta":{"rootId":"0j7gn1dv18re3by","id":"9xzt5x9inppaj3m"},"id":"9qtwyn450nfxezk","previousOperationId":"yhb4y40wcsqmhrp"}
{"type":"log","timestamp":1767114116886,"level":"debug","message":"Base url not specified, skipping its injection.","meta":{"rootId":"0j7gn1dv18re3by","id":"9xzt5x9inppaj3m"},"id":"oef6a3f7hzwu3s4","previousOperationId":"yhb4y40wcsqmhrp"}
{"type":"operationStart","subtype":"engine","name":"handlebars","timestamp":1767114116889,"id":"t47n4fc8ocs2fcz","previousEventId":"zqxssekhk0bd5f0","operationId":"jaxr2lwamdrivdq","previousOperationId":"yhb4y40wcsqmhrp"}
{"type":"log","timestamp":1767114116889,"level":"debug","message":"Rendering engine handlebars","meta":{"rootId":"0j7gn1dv18re3by","id":"9xzt5x9inppaj3m"},"id":"ilz1d7i3g3ryoep","previousOperationId":"jaxr2lwamdrivdq"}
{"type":"log","timestamp":1767114117091,"level":"debug","message":"(console:log) {\n  type: 'echarts@v5a',\n  width: 848,\n  height: 409,\n  option: { radar: [ [Object] ], series: [ [Object] ] }\n}","meta":{"userLevel":true,"rootId":"0j7gn1dv18re3by","id":"9xzt5x9inppaj3m"},"id":"4cusxn7cu6i57kd","previousOperationId":"jaxr2lwamdrivdq"}
{"type":"operationEnd","operationId":"jaxr2lwamdrivdq","timestamp":1767114117098,"id":"y2tjvhrljhc2jds","previousEventId":"t47n4fc8ocs2fcz","previousOperationId":"jaxr2lwamdrivdq"}
{"type":"operationStart","subtype":"recipe","name":"html","timestamp":1767114117126,"id":"lz384208nq3jezt","previousEventId":"y2tjvhrljhc2jds","operationId":"5qljl3f3x6wamvx","previousOperationId":"jaxr2lwamdrivdq"}
{"type":"log","timestamp":1767114117126,"level":"debug","message":"Executing recipe html","meta":{"rootId":"0j7gn1dv18re3by","id":"9xzt5x9inppaj3m"},"id":"dd3kuo3a771y3sm","previousOperationId":"5qljl3f3x6wamvx"}
{"type":"operationEnd","operationId":"5qljl3f3x6wamvx","timestamp":1767114117126,"id":"1z4ldbejyy6gi50","previousEventId":"lz384208nq3jezt","previousOperationId":"5qljl3f3x6wamvx"}
{"type":"log","timestamp":1767114117127,"level":"debug","message":"Skipping storing report.","meta":{"rootId":"0j7gn1dv18re3by","id":"9xzt5x9inppaj3m"},"id":"28nkypjvjg863h0","previousOperationId":"5qljl3f3x6wamvx"}
{"type":"log","timestamp":1767114117127,"level":"info","message":"Rendering (child) request finished in 2190 ms","meta":{"rootId":"0j7gn1dv18re3by","id":"9xzt5x9inppaj3m"},"id":"z5xljmx66074wws","previousOperationId":"5qljl3f3x6wamvx"}
{"type":"operationEnd","subtype":"render","operationId":"yhb4y40wcsqmhrp","timestamp":1767114117127,"id":"hkkkqhulvw8nez8","previousEventId":"1z4ldbejyy6gi50","previousOperationId":"5qljl3f3x6wamvx"}
{"type":"log","timestamp":1767114123668,"level":"debug","message":"pptx successfully zipped","meta":{"rootId":"0j7gn1dv18re3by","id":"0j7gn1dv18re3by"},"id":"9p3k7mh2edlusqk","previousOperationId":"c0o8pqblcwkhzna"}
{"type":"log","timestamp":1767114123668,"level":"info","message":"pptx generation was finished","meta":{"rootId":"0j7gn1dv18re3by","id":"0j7gn1dv18re3by"},"id":"7q4m0623xl6x7mp","previousOperationId":"c0o8pqblcwkhzna"}
{"type":"operationEnd","operationId":"c0o8pqblcwkhzna","timestamp":1767114123681,"id":"4cg1wf7k12arif2","previousEventId":"udabea1z4ermdw7","previousOperationId":"c0o8pqblcwkhzna"}
{"type":"log","timestamp":1767114123681,"level":"debug","message":"Skipping storing report.","meta":{"rootId":"0j7gn1dv18re3by","id":"0j7gn1dv18re3by"},"id":"o3pl3qd7wdqbxqt","previousOperationId":"c0o8pqblcwkhzna"}
{"type":"log","timestamp":1767114123681,"level":"info","message":"Rendering request 4 finished in 8744 ms","meta":{"rootId":"0j7gn1dv18re3by","id":"0j7gn1dv18re3by"},"id":"yoq6s0kvcws8bgg","previousOperationId":"c0o8pqblcwkhzna"}
{"type":"operationEnd","subtype":"render","operationId":"e40skbc42jtma8r","timestamp":1767114123681,"id":"30kye31b563jh3u","previousEventId":"4cg1wf7k12arif2","previousOperationId":"c0o8pqblcwkhzna"}
{"type":"operationEnd","doDiffs":false,"previousEventId":"aqlgzjtutqnti8i","previousOperationId":"c5yy6pumpzgf33q","operationId":"c5yy6pumpzgf33q","timestamp":1767114123688,"id":"ihykwiwl271bxdk"}
