{"type":"operationStart","subtype":"profile","data":{"_id":"7QYyh70i5pgWjGAk","timestamp":"2025-12-28T14:27:18.242Z","state":"running","mode":"standard","creationDate":"2025-12-28T14:27:18.246Z","modificationDate":"2025-12-28T14:27:18.246Z","shortid":"_S1vPRW","$entitySet":"profiles","timeout":60000},"doDiffs":false,"timestamp":1766932038245,"id":"ax8fnhx8yqd46in","previousOperationId":null,"operationId":"t0jocfgswb871td"}
{"type":"log","level":"info","message":"Render request 18 queued for execution and waiting for available worker","previousOperationId":"t0jocfgswb871td","timestamp":1766932038245,"id":"p31g9uvimihkxgy"}
{"type":"operationStart","subtype":"render","name":"anonymous","previousOperationId":"t0jocfgswb871td","timestamp":1766932038286,"id":"hi38cc41eio3738","previousEventId":"ax8fnhx8yqd46in","operationId":"7gcxd802bfc73b4"}
{"type":"log","timestamp":1766932038286,"level":"info","message":"Starting rendering request 18","meta":{"rootId":"0k3wkepklnk4elq","id":"0k3wkepklnk4elq"},"id":"uie258bwg7co0b7","previousOperationId":"7gcxd802bfc73b4"}
{"type":"log","timestamp":1766932038286,"level":"info","message":"Rendering anonymous template { recipe: pptx, engine: handlebars }","meta":{"rootId":"0k3wkepklnk4elq","id":"0k3wkepklnk4elq"},"id":"ipscg7xm1a9g6u1","previousOperationId":"7gcxd802bfc73b4"}
{"type":"log","timestamp":1766932038286,"level":"debug","message":"Inline data specified.","meta":{"rootId":"0k3wkepklnk4elq","id":"0k3wkepklnk4elq"},"id":"04ro81mx8kjosem","previousOperationId":"7gcxd802bfc73b4"}
{"type":"log","timestamp":1766932038288,"level":"debug","message":"Base url not specified, skipping its injection.","meta":{"rootId":"0k3wkepklnk4elq","id":"0k3wkepklnk4elq"},"id":"w4yzqzjjgru7h8u","previousOperationId":"7gcxd802bfc73b4"}
{"type":"operationStart","subtype":"engine","name":"handlebars","timestamp":1766932038288,"id":"8atg2o7uukror7m","previousEventId":"hi38cc41eio3738","operationId":"dr4nlamu0irl7k8","previousOperationId":"7gcxd802bfc73b4"}
{"type":"log","timestamp":1766932038288,"level":"debug","message":"Rendering engine handlebars","meta":{"rootId":"0k3wkepklnk4elq","id":"0k3wkepklnk4elq"},"id":"ftgxmv628x3s94t","previousOperationId":"dr4nlamu0irl7k8"}
{"type":"operationEnd","operationId":"dr4nlamu0irl7k8","timestamp":1766932038298,"id":"pygocuq72ih8gqq","previousEventId":"8atg2o7uukror7m","previousOperationId":"dr4nlamu0irl7k8"}
{"type":"operationStart","subtype":"recipe","name":"pptx","timestamp":1766932038298,"id":"wz1gg584oimz5ci","previousEventId":"pygocuq72ih8gqq","operationId":"3p96p5uxgb6bcw9","previousOperationId":"dr4nlamu0irl7k8"}
{"type":"log","timestamp":1766932038298,"level":"debug","message":"Executing recipe pptx","meta":{"rootId":"0k3wkepklnk4elq","id":"0k3wkepklnk4elq"},"id":"obykua10ugga6yc","previousOperationId":"3p96p5uxgb6bcw9"}
{"type":"log","timestamp":1766932038320,"level":"info","message":"pptx generation is starting","meta":{"rootId":"0k3wkepklnk4elq","id":"0k3wkepklnk4elq"},"id":"3xil4854aams4bt","previousOperationId":"3p96p5uxgb6bcw9"}
{"type":"log","timestamp":1766932039337,"level":"debug","message":"Starting child request to render pptx dynamic parts","meta":{"rootId":"0k3wkepklnk4elq","id":"0k3wkepklnk4elq"},"id":"qlwtu6amsl3obwb","previousOperationId":"3p96p5uxgb6bcw9"}
{"type":"operationStart","subtype":"render","name":"anonymous","previousOperationId":"3p96p5uxgb6bcw9","timestamp":1766932039338,"id":"0lv3pph0g1zxf7t","previousEventId":"wz1gg584oimz5ci","operationId":"yorlo9gjwn8g4m4"}
{"type":"log","timestamp":1766932039338,"level":"info","message":"Starting rendering (child) request","meta":{"rootId":"0k3wkepklnk4elq","id":"gfdi8cjwsj5yl1f"},"id":"7z4rhmhuwndvj8q","previousOperationId":"yorlo9gjwn8g4m4"}
{"type":"log","timestamp":1766932039338,"level":"info","message":"Rendering anonymous template { recipe: html, engine: handlebars }","meta":{"rootId":"0k3wkepklnk4elq","id":"gfdi8cjwsj5yl1f"},"id":"h7wt4vz4cz9sv4o","previousOperationId":"yorlo9gjwn8g4m4"}
{"type":"log","timestamp":1766932039338,"level":"debug","message":"Inline data specified.","meta":{"rootId":"0k3wkepklnk4elq","id":"gfdi8cjwsj5yl1f"},"id":"csm3vafwg5okypy","previousOperationId":"yorlo9gjwn8g4m4"}
{"type":"log","timestamp":1766932039342,"level":"debug","message":"Base url not specified, skipping its injection.","meta":{"rootId":"0k3wkepklnk4elq","id":"gfdi8cjwsj5yl1f"},"id":"ywf46iym4ucz0cf","previousOperationId":"yorlo9gjwn8g4m4"}
{"type":"operationStart","subtype":"engine","name":"handlebars","timestamp":1766932039343,"id":"wpn6mu0imk9yaor","previousEventId":"0lv3pph0g1zxf7t","operationId":"7d9zcpq4g1kgifg","previousOperationId":"yorlo9gjwn8g4m4"}
{"type":"log","timestamp":1766932039343,"level":"debug","message":"Rendering engine handlebars","meta":{"rootId":"0k3wkepklnk4elq","id":"gfdi8cjwsj5yl1f"},"id":"deo0mjho9n7awi4","previousOperationId":"7d9zcpq4g1kgifg"}
{"type":"log","timestamp":1766932039460,"level":"debug","message":"(console:log) {\n  type: 'echarts@v5a',\n  width: 848,\n  height: 409,\n  option: { radar: [ [Object] ], series: [ [Object] ] }\n}","meta":{"userLevel":true,"rootId":"0k3wkepklnk4elq","id":"gfdi8cjwsj5yl1f"},"id":"1lhl93n8da7ttx4","previousOperationId":"7d9zcpq4g1kgifg"}
{"type":"operationEnd","operationId":"7d9zcpq4g1kgifg","timestamp":1766932039466,"id":"x3y4zcwn8ci2q01","previousEventId":"wpn6mu0imk9yaor","previousOperationId":"7d9zcpq4g1kgifg"}
{"type":"operationStart","subtype":"recipe","name":"html","timestamp":1766932039477,"id":"t2fciyrjajt3ac5","previousEventId":"x3y4zcwn8ci2q01","operationId":"9469a45mu3yf2q0","previousOperationId":"7d9zcpq4g1kgifg"}
{"type":"log","timestamp":1766932039477,"level":"debug","message":"Executing recipe html","meta":{"rootId":"0k3wkepklnk4elq","id":"gfdi8cjwsj5yl1f"},"id":"c4tshczubmn4on5","previousOperationId":"9469a45mu3yf2q0"}
{"type":"operationEnd","operationId":"9469a45mu3yf2q0","timestamp":1766932039477,"id":"dqrampy32196h7t","previousEventId":"t2fciyrjajt3ac5","previousOperationId":"9469a45mu3yf2q0"}
{"type":"log","timestamp":1766932039478,"level":"debug","message":"Skipping storing report.","meta":{"rootId":"0k3wkepklnk4elq","id":"gfdi8cjwsj5yl1f"},"id":"ye7773h8xc5etns","previousOperationId":"9469a45mu3yf2q0"}
{"type":"log","timestamp":1766932039478,"level":"info","message":"Rendering (child) request finished in 1238 ms","meta":{"rootId":"0k3wkepklnk4elq","id":"gfdi8cjwsj5yl1f"},"id":"prha3t9jdy85kuq","previousOperationId":"9469a45mu3yf2q0"}
{"type":"operationEnd","subtype":"render","operationId":"yorlo9gjwn8g4m4","timestamp":1766932039478,"id":"md5b5quaucjk55x","previousEventId":"dqrampy32196h7t","previousOperationId":"9469a45mu3yf2q0"}
{"type":"log","timestamp":1766932042440,"level":"debug","message":"pptx successfully zipped","meta":{"rootId":"0k3wkepklnk4elq","id":"0k3wkepklnk4elq"},"id":"tz8bi6gdlpmf51l","previousOperationId":"3p96p5uxgb6bcw9"}
{"type":"log","timestamp":1766932042440,"level":"info","message":"pptx generation was finished","meta":{"rootId":"0k3wkepklnk4elq","id":"0k3wkepklnk4elq"},"id":"3jnbrb1rdlrz2mx","previousOperationId":"3p96p5uxgb6bcw9"}
{"type":"operationEnd","operationId":"3p96p5uxgb6bcw9","timestamp":1766932042448,"id":"hyc04ty5k801h1p","previousEventId":"wz1gg584oimz5ci","previousOperationId":"3p96p5uxgb6bcw9"}
{"type":"log","timestamp":1766932042448,"level":"debug","message":"Skipping storing report.","meta":{"rootId":"0k3wkepklnk4elq","id":"0k3wkepklnk4elq"},"id":"5p3n8brahugdt7v","previousOperationId":"3p96p5uxgb6bcw9"}
{"type":"log","timestamp":1766932042448,"level":"info","message":"Rendering request 18 finished in 4208 ms","meta":{"rootId":"0k3wkepklnk4elq","id":"0k3wkepklnk4elq"},"id":"ahv8e0slpzyf07y","previousOperationId":"3p96p5uxgb6bcw9"}
{"type":"operationEnd","subtype":"render","operationId":"7gcxd802bfc73b4","timestamp":1766932042449,"id":"xgtk166b4t5lk6p","previousEventId":"hyc04ty5k801h1p","previousOperationId":"3p96p5uxgb6bcw9"}
{"type":"operationEnd","doDiffs":false,"previousEventId":"ax8fnhx8yqd46in","previousOperationId":"t0jocfgswb871td","operationId":"t0jocfgswb871td","timestamp":1766932042454,"id":"lna4h6hufq2edpz"}
