{"type":"operationStart","subtype":"profile","data":{"_id":"NfT8nrC3UQy36IQE","timestamp":"2025-12-26T10:53:31.360Z","state":"running","mode":"standard","creationDate":"2025-12-26T10:53:31.371Z","modificationDate":"2025-12-26T10:53:31.371Z","shortid":"_5hekx5","$entitySet":"profiles","timeout":60000},"doDiffs":false,"timestamp":1766746411367,"id":"qh032eg2aa88tar","previousOperationId":null,"operationId":"c2hwexlm5l9x9gb"}
{"type":"log","level":"info","message":"Render request 1 queued for execution and waiting for available worker","previousOperationId":"c2hwexlm5l9x9gb","timestamp":1766746411368,"id":"gcx55jycu199ft3"}
{"type":"operationStart","subtype":"render","name":"anonymous","previousOperationId":"c2hwexlm5l9x9gb","timestamp":1766746411453,"id":"0c5fnyj2opp57o2","previousEventId":"qh032eg2aa88tar","operationId":"yc90ogzgye1h9v6"}
{"type":"log","timestamp":1766746411455,"level":"info","message":"Starting rendering request 1","meta":{"rootId":"0k4sebuitszqnum","id":"0k4sebuitszqnum"},"id":"tg2zzt698a9jsd2","previousOperationId":"yc90ogzgye1h9v6"}
{"type":"log","timestamp":1766746411457,"level":"info","message":"Rendering anonymous template { recipe: pptx, engine: handlebars }","meta":{"rootId":"0k4sebuitszqnum","id":"0k4sebuitszqnum"},"id":"xmzq31dfsxhg2fa","previousOperationId":"yc90ogzgye1h9v6"}
{"type":"log","timestamp":1766746411458,"level":"debug","message":"Inline data specified.","meta":{"rootId":"0k4sebuitszqnum","id":"0k4sebuitszqnum"},"id":"p6gfsahuk3f1xux","previousOperationId":"yc90ogzgye1h9v6"}
{"type":"log","timestamp":1766746411466,"level":"debug","message":"Base url not specified, skipping its injection.","meta":{"rootId":"0k4sebuitszqnum","id":"0k4sebuitszqnum"},"id":"v8f9ao0yugkubhc","previousOperationId":"yc90ogzgye1h9v6"}
{"type":"operationStart","subtype":"engine","name":"handlebars","timestamp":1766746411470,"id":"2xbxnftluj6psek","previousEventId":"0c5fnyj2opp57o2","operationId":"jray6yypwxcsevp","previousOperationId":"yc90ogzgye1h9v6"}
{"type":"log","timestamp":1766746411470,"level":"debug","message":"Rendering engine handlebars","meta":{"rootId":"0k4sebuitszqnum","id":"0k4sebuitszqnum"},"id":"4krbqw9g4zw7wbh","previousOperationId":"jray6yypwxcsevp"}
{"type":"operationEnd","operationId":"jray6yypwxcsevp","timestamp":1766746412854,"id":"z9htf9cubp0k7gg","previousEventId":"2xbxnftluj6psek","previousOperationId":"jray6yypwxcsevp"}
{"type":"operationStart","subtype":"recipe","name":"pptx","timestamp":1766746412855,"id":"oh845oco6ogvf0v","previousEventId":"z9htf9cubp0k7gg","operationId":"xmos7nv5z1b6gn0","previousOperationId":"jray6yypwxcsevp"}
{"type":"log","timestamp":1766746412855,"level":"debug","message":"Executing recipe pptx","meta":{"rootId":"0k4sebuitszqnum","id":"0k4sebuitszqnum"},"id":"w6g5wp7a9z71yme","previousOperationId":"xmos7nv5z1b6gn0"}
{"type":"log","timestamp":1766746413125,"level":"info","message":"pptx generation is starting","meta":{"rootId":"0k4sebuitszqnum","id":"0k4sebuitszqnum"},"id":"aumfq3ncj97jmjd","previousOperationId":"xmos7nv5z1b6gn0"}
{"type":"log","timestamp":1766746414842,"level":"debug","message":"Starting child request to render pptx dynamic parts","meta":{"rootId":"0k4sebuitszqnum","id":"0k4sebuitszqnum"},"id":"schdz0w61tm8pxc","previousOperationId":"xmos7nv5z1b6gn0"}
{"type":"operationStart","subtype":"render","name":"anonymous","previousOperationId":"xmos7nv5z1b6gn0","timestamp":1766746414844,"id":"v5ixs0j0vd0aukk","previousEventId":"oh845oco6ogvf0v","operationId":"0xcxy28ny1s7ycf"}
{"type":"log","timestamp":1766746414844,"level":"info","message":"Starting rendering (child) request","meta":{"rootId":"0k4sebuitszqnum","id":"5yq0y64x4wq04ut"},"id":"nc0jl7lqgqyfrog","previousOperationId":"0xcxy28ny1s7ycf"}
{"type":"log","timestamp":1766746414844,"level":"info","message":"Rendering anonymous template { recipe: html, engine: handlebars }","meta":{"rootId":"0k4sebuitszqnum","id":"5yq0y64x4wq04ut"},"id":"eyw4i3emxlpui05","previousOperationId":"0xcxy28ny1s7ycf"}
{"type":"log","timestamp":1766746414844,"level":"debug","message":"Inline data specified.","meta":{"rootId":"0k4sebuitszqnum","id":"5yq0y64x4wq04ut"},"id":"8awxoyo5agte8cy","previousOperationId":"0xcxy28ny1s7ycf"}
{"type":"log","timestamp":1766746414851,"level":"debug","message":"Base url not specified, skipping its injection.","meta":{"rootId":"0k4sebuitszqnum","id":"5yq0y64x4wq04ut"},"id":"z2rccrl0x3g2gbn","previousOperationId":"0xcxy28ny1s7ycf"}
{"type":"operationStart","subtype":"engine","name":"handlebars","timestamp":1766746414854,"id":"p7myluf3kk0jume","previousEventId":"v5ixs0j0vd0aukk","operationId":"cy8borr996861uh","previousOperationId":"0xcxy28ny1s7ycf"}
{"type":"log","timestamp":1766746414854,"level":"debug","message":"Rendering engine handlebars","meta":{"rootId":"0k4sebuitszqnum","id":"5yq0y64x4wq04ut"},"id":"x6vmb6ufhh5fy6a","previousOperationId":"cy8borr996861uh"}
{"type":"operationEnd","operationId":"cy8borr996861uh","timestamp":1766746415042,"id":"fdx4n8v1a2rowb9","previousEventId":"p7myluf3kk0jume","previousOperationId":"cy8borr996861uh"}
{"type":"operationStart","subtype":"recipe","name":"html","timestamp":1766746415056,"id":"5059uwd5t56lvud","previousEventId":"fdx4n8v1a2rowb9","operationId":"iv8dzstczd519x9","previousOperationId":"cy8borr996861uh"}
{"type":"log","timestamp":1766746415056,"level":"debug","message":"Executing recipe html","meta":{"rootId":"0k4sebuitszqnum","id":"5yq0y64x4wq04ut"},"id":"5puepmekf44i42a","previousOperationId":"iv8dzstczd519x9"}
{"type":"operationEnd","operationId":"iv8dzstczd519x9","timestamp":1766746415056,"id":"3ggd6fsmnn32u25","previousEventId":"5059uwd5t56lvud","previousOperationId":"iv8dzstczd519x9"}
{"type":"log","timestamp":1766746415057,"level":"debug","message":"Skipping storing report.","meta":{"rootId":"0k4sebuitszqnum","id":"5yq0y64x4wq04ut"},"id":"43qp1z53hxzye8u","previousOperationId":"iv8dzstczd519x9"}
{"type":"log","timestamp":1766746415058,"level":"info","message":"Rendering (child) request finished in 3701 ms","meta":{"rootId":"0k4sebuitszqnum","id":"5yq0y64x4wq04ut"},"id":"kx9h1twephamv9r","previousOperationId":"iv8dzstczd519x9"}
{"type":"operationEnd","subtype":"render","operationId":"0xcxy28ny1s7ycf","timestamp":1766746415058,"id":"nqoc8t9d2aw7exe","previousEventId":"3ggd6fsmnn32u25","previousOperationId":"iv8dzstczd519x9"}
{"type":"log","timestamp":1766746420226,"level":"debug","message":"pptx successfully zipped","meta":{"rootId":"0k4sebuitszqnum","id":"0k4sebuitszqnum"},"id":"yayoapgvw849p56","previousOperationId":"xmos7nv5z1b6gn0"}
{"type":"log","timestamp":1766746420226,"level":"info","message":"pptx generation was finished","meta":{"rootId":"0k4sebuitszqnum","id":"0k4sebuitszqnum"},"id":"4a4n94e6w2jskb9","previousOperationId":"xmos7nv5z1b6gn0"}
{"type":"operationEnd","operationId":"xmos7nv5z1b6gn0","timestamp":1766746420242,"id":"msz9bpzc1106zaz","previousEventId":"oh845oco6ogvf0v","previousOperationId":"xmos7nv5z1b6gn0"}
{"type":"log","timestamp":1766746420242,"level":"debug","message":"Skipping storing report.","meta":{"rootId":"0k4sebuitszqnum","id":"0k4sebuitszqnum"},"id":"k87ctqjlmw4i3n6","previousOperationId":"xmos7nv5z1b6gn0"}
{"type":"log","timestamp":1766746420242,"level":"info","message":"Rendering request 1 finished in 8885 ms","meta":{"rootId":"0k4sebuitszqnum","id":"0k4sebuitszqnum"},"id":"vguc5pd0u6qv9pf","previousOperationId":"xmos7nv5z1b6gn0"}
{"type":"operationEnd","subtype":"render","operationId":"yc90ogzgye1h9v6","timestamp":1766746420242,"id":"x4c1xc9hlwr90z0","previousEventId":"msz9bpzc1106zaz","previousOperationId":"xmos7nv5z1b6gn0"}
{"type":"operationEnd","doDiffs":false,"previousEventId":"qh032eg2aa88tar","previousOperationId":"c2hwexlm5l9x9gb","operationId":"c2hwexlm5l9x9gb","timestamp":1766746420250,"id":"whd4tea6oun7f8j"}
