{"type":"operationStart","subtype":"profile","data":{"_id":"TuE5mk0yLys4B3SL","timestamp":"2025-12-30T19:23:06.061Z","state":"running","mode":"standard","creationDate":"2025-12-30T19:23:06.064Z","modificationDate":"2025-12-30T19:23:06.064Z","shortid":"Tu78zY8","$entitySet":"profiles","timeout":60000},"doDiffs":false,"timestamp":1767122586063,"id":"hprabuiuotsgihy","previousOperationId":null,"operationId":"wz07yxde2ygn09n"}
{"type":"log","level":"info","message":"Render request 5 queued for execution and waiting for available worker","previousOperationId":"wz07yxde2ygn09n","timestamp":1767122586063,"id":"uopxxa6xkz13en1"}
{"type":"operationStart","subtype":"render","name":"anonymous","previousOperationId":"wz07yxde2ygn09n","timestamp":1767122586119,"id":"jczjln87ibj14c5","previousEventId":"hprabuiuotsgihy","operationId":"tz0jphkhnwk5whi"}
{"type":"log","timestamp":1767122586119,"level":"info","message":"Starting rendering request 5","meta":{"rootId":"0l655s5r53d123n","id":"0l655s5r53d123n"},"id":"4y48yofqv83p9wc","previousOperationId":"tz0jphkhnwk5whi"}
{"type":"log","timestamp":1767122586120,"level":"info","message":"Rendering anonymous template { recipe: pptx, engine: handlebars }","meta":{"rootId":"0l655s5r53d123n","id":"0l655s5r53d123n"},"id":"wckj15wfw3lqhgl","previousOperationId":"tz0jphkhnwk5whi"}
{"type":"log","timestamp":1767122586120,"level":"debug","message":"Inline data specified.","meta":{"rootId":"0l655s5r53d123n","id":"0l655s5r53d123n"},"id":"ohnz7l7lx9kwnym","previousOperationId":"tz0jphkhnwk5whi"}
{"type":"log","timestamp":1767122586129,"level":"debug","message":"Base url not specified, skipping its injection.","meta":{"rootId":"0l655s5r53d123n","id":"0l655s5r53d123n"},"id":"52e6ywrxa7w721i","previousOperationId":"tz0jphkhnwk5whi"}
{"type":"operationStart","subtype":"engine","name":"handlebars","timestamp":1767122586132,"id":"ytfdl7cezfzhiwe","previousEventId":"jczjln87ibj14c5","operationId":"174f7caoibonay1","previousOperationId":"tz0jphkhnwk5whi"}
{"type":"log","timestamp":1767122586132,"level":"debug","message":"Rendering engine handlebars","meta":{"rootId":"0l655s5r53d123n","id":"0l655s5r53d123n"},"id":"unkojzgsf64kpdy","previousOperationId":"174f7caoibonay1"}
{"type":"operationEnd","operationId":"174f7caoibonay1","timestamp":1767122586156,"id":"0wnr8k55bw8iwmb","previousEventId":"ytfdl7cezfzhiwe","previousOperationId":"174f7caoibonay1"}
{"type":"operationStart","subtype":"recipe","name":"pptx","timestamp":1767122586156,"id":"8kpw4rl9cp10tq6","previousEventId":"0wnr8k55bw8iwmb","operationId":"a3sbnob2g97ac5e","previousOperationId":"174f7caoibonay1"}
{"type":"log","timestamp":1767122586156,"level":"debug","message":"Executing recipe pptx","meta":{"rootId":"0l655s5r53d123n","id":"0l655s5r53d123n"},"id":"y3o78kgui2eqt2k","previousOperationId":"a3sbnob2g97ac5e"}
{"type":"log","timestamp":1767122586170,"level":"info","message":"pptx generation is starting","meta":{"rootId":"0l655s5r53d123n","id":"0l655s5r53d123n"},"id":"352wuj4jpgiabcb","previousOperationId":"a3sbnob2g97ac5e"}
{"type":"log","timestamp":1767122587345,"level":"debug","message":"Starting child request to render pptx dynamic parts","meta":{"rootId":"0l655s5r53d123n","id":"0l655s5r53d123n"},"id":"8fusngv81y0vnqu","previousOperationId":"a3sbnob2g97ac5e"}
{"type":"operationStart","subtype":"render","name":"anonymous","previousOperationId":"a3sbnob2g97ac5e","timestamp":1767122587346,"id":"v2dtdohur0t62ik","previousEventId":"8kpw4rl9cp10tq6","operationId":"rdoyq0mzzv3tmkk"}
{"type":"log","timestamp":1767122587346,"level":"info","message":"Starting rendering (child) request","meta":{"rootId":"0l655s5r53d123n","id":"ca82r1vv12w7iuw"},"id":"uza8dv2ytkdvdv2","previousOperationId":"rdoyq0mzzv3tmkk"}
{"type":"log","timestamp":1767122587347,"level":"info","message":"Rendering anonymous template { recipe: html, engine: handlebars }","meta":{"rootId":"0l655s5r53d123n","id":"ca82r1vv12w7iuw"},"id":"kgncjmt8cwmuzin","previousOperationId":"rdoyq0mzzv3tmkk"}
{"type":"log","timestamp":1767122587347,"level":"debug","message":"Inline data specified.","meta":{"rootId":"0l655s5r53d123n","id":"ca82r1vv12w7iuw"},"id":"5liwmxfqrssltzd","previousOperationId":"rdoyq0mzzv3tmkk"}
{"type":"log","timestamp":1767122587353,"level":"debug","message":"Base url not specified, skipping its injection.","meta":{"rootId":"0l655s5r53d123n","id":"ca82r1vv12w7iuw"},"id":"l6vo2wxkaj2q0rg","previousOperationId":"rdoyq0mzzv3tmkk"}
{"type":"operationStart","subtype":"engine","name":"handlebars","timestamp":1767122587354,"id":"5tscfa2tai0z5ub","previousEventId":"v2dtdohur0t62ik","operationId":"xn4bfqdyv4pokai","previousOperationId":"rdoyq0mzzv3tmkk"}
{"type":"log","timestamp":1767122587354,"level":"debug","message":"Rendering engine handlebars","meta":{"rootId":"0l655s5r53d123n","id":"ca82r1vv12w7iuw"},"id":"h7f4kco54crncq6","previousOperationId":"xn4bfqdyv4pokai"}
{"type":"log","timestamp":1767122587489,"level":"debug","message":"(console:log) {\n  type: 'echarts@v5a',\n  width: 848,\n  height: 409,\n  option: { radar: [ [Object] ], series: [ [Object] ] }\n}","meta":{"userLevel":true,"rootId":"0l655s5r53d123n","id":"ca82r1vv12w7iuw"},"id":"6rpupt5ojzwb8m1","previousOperationId":"xn4bfqdyv4pokai"}
{"type":"operationEnd","operationId":"xn4bfqdyv4pokai","timestamp":1767122587498,"id":"b7toxtrursaocoh","previousEventId":"5tscfa2tai0z5ub","previousOperationId":"xn4bfqdyv4pokai"}
{"type":"operationStart","subtype":"recipe","name":"html","timestamp":1767122587508,"id":"erw303n4v7rbvda","previousEventId":"b7toxtrursaocoh","operationId":"c0it36haib2j8y0","previousOperationId":"xn4bfqdyv4pokai"}
{"type":"log","timestamp":1767122587508,"level":"debug","message":"Executing recipe html","meta":{"rootId":"0l655s5r53d123n","id":"ca82r1vv12w7iuw"},"id":"8axf2u1nxzgavri","previousOperationId":"c0it36haib2j8y0"}
{"type":"operationEnd","operationId":"c0it36haib2j8y0","timestamp":1767122587509,"id":"ct308nse1xhdan6","previousEventId":"erw303n4v7rbvda","previousOperationId":"c0it36haib2j8y0"}
{"type":"log","timestamp":1767122587509,"level":"debug","message":"Skipping storing report.","meta":{"rootId":"0l655s5r53d123n","id":"ca82r1vv12w7iuw"},"id":"agg22kxnipgxirs","previousOperationId":"c0it36haib2j8y0"}
{"type":"log","timestamp":1767122587509,"level":"info","message":"Rendering (child) request finished in 1450 ms","meta":{"rootId":"0l655s5r53d123n","id":"ca82r1vv12w7iuw"},"id":"zt9qqti65hmwr88","previousOperationId":"c0it36haib2j8y0"}
{"type":"operationEnd","subtype":"render","operationId":"rdoyq0mzzv3tmkk","timestamp":1767122587509,"id":"00ez1h7c31c2om6","previousEventId":"ct308nse1xhdan6","previousOperationId":"c0it36haib2j8y0"}
{"type":"log","timestamp":1767122591066,"level":"debug","message":"pptx successfully zipped","meta":{"rootId":"0l655s5r53d123n","id":"0l655s5r53d123n"},"id":"bamhab4t3y53rdi","previousOperationId":"a3sbnob2g97ac5e"}
{"type":"log","timestamp":1767122591066,"level":"info","message":"pptx generation was finished","meta":{"rootId":"0l655s5r53d123n","id":"0l655s5r53d123n"},"id":"789k091244liggy","previousOperationId":"a3sbnob2g97ac5e"}
{"type":"operationEnd","operationId":"a3sbnob2g97ac5e","timestamp":1767122591077,"id":"1xts1qlpt7avmuy","previousEventId":"8kpw4rl9cp10tq6","previousOperationId":"a3sbnob2g97ac5e"}
{"type":"log","timestamp":1767122591077,"level":"debug","message":"Skipping storing report.","meta":{"rootId":"0l655s5r53d123n","id":"0l655s5r53d123n"},"id":"4ofdjxc9unboox1","previousOperationId":"a3sbnob2g97ac5e"}
{"type":"log","timestamp":1767122591077,"level":"info","message":"Rendering request 5 finished in 5018 ms","meta":{"rootId":"0l655s5r53d123n","id":"0l655s5r53d123n"},"id":"p5fzpmrsxozaprn","previousOperationId":"a3sbnob2g97ac5e"}
{"type":"operationEnd","subtype":"render","operationId":"tz0jphkhnwk5whi","timestamp":1767122591077,"id":"6dn1afsv4p8fi8a","previousEventId":"1xts1qlpt7avmuy","previousOperationId":"a3sbnob2g97ac5e"}
{"type":"operationEnd","doDiffs":false,"previousEventId":"hprabuiuotsgihy","previousOperationId":"wz07yxde2ygn09n","operationId":"wz07yxde2ygn09n","timestamp":1767122591081,"id":"858t8rjvteojysj"}
