{"type":"operationStart","subtype":"profile","data":{"_id":"lAMQyHgl9vVjfWIJ","timestamp":"2025-12-27T13:13:10.847Z","state":"running","mode":"standard","creationDate":"2025-12-27T13:13:10.852Z","modificationDate":"2025-12-27T13:13:10.852Z","shortid":"vIffZ0G","$entitySet":"profiles","timeout":60000},"doDiffs":false,"timestamp":1766841190850,"id":"prdmkyvrfrtba2k","previousOperationId":null,"operationId":"n354bqzdzfiixj1"}
{"type":"log","level":"info","message":"Render request 6 queued for execution and waiting for available worker","previousOperationId":"n354bqzdzfiixj1","timestamp":1766841190850,"id":"mm69xfrfnn6sgmi"}
{"type":"operationStart","subtype":"render","name":"anonymous","previousOperationId":"n354bqzdzfiixj1","timestamp":1766841190904,"id":"edbqo3yzwb652c5","previousEventId":"prdmkyvrfrtba2k","operationId":"qe201l6q59g2rqx"}
{"type":"log","timestamp":1766841190905,"level":"info","message":"Starting rendering request 6","meta":{"rootId":"0nldd74a9hv457f","id":"0nldd74a9hv457f"},"id":"j26j54co9jcvqsh","previousOperationId":"qe201l6q59g2rqx"}
{"type":"log","timestamp":1766841190906,"level":"info","message":"Rendering anonymous template { recipe: pptx, engine: handlebars }","meta":{"rootId":"0nldd74a9hv457f","id":"0nldd74a9hv457f"},"id":"2vc82xs9a5p6o03","previousOperationId":"qe201l6q59g2rqx"}
{"type":"log","timestamp":1766841190906,"level":"debug","message":"Inline data specified.","meta":{"rootId":"0nldd74a9hv457f","id":"0nldd74a9hv457f"},"id":"unzv2vxgqhmh9v1","previousOperationId":"qe201l6q59g2rqx"}
{"type":"log","timestamp":1766841190917,"level":"debug","message":"Base url not specified, skipping its injection.","meta":{"rootId":"0nldd74a9hv457f","id":"0nldd74a9hv457f"},"id":"cnd75vmgggk1km8","previousOperationId":"qe201l6q59g2rqx"}
{"type":"operationStart","subtype":"engine","name":"handlebars","timestamp":1766841190918,"id":"fhrhxrnh8rl4uqm","previousEventId":"edbqo3yzwb652c5","operationId":"en5kuatxu9m526f","previousOperationId":"qe201l6q59g2rqx"}
{"type":"log","timestamp":1766841190918,"level":"debug","message":"Rendering engine handlebars","meta":{"rootId":"0nldd74a9hv457f","id":"0nldd74a9hv457f"},"id":"1p3htwf8vd001ia","previousOperationId":"en5kuatxu9m526f"}
{"type":"operationEnd","operationId":"en5kuatxu9m526f","timestamp":1766841190956,"id":"wcaalnf7y5szr9o","previousEventId":"fhrhxrnh8rl4uqm","previousOperationId":"en5kuatxu9m526f"}
{"type":"operationStart","subtype":"recipe","name":"pptx","timestamp":1766841190957,"id":"9el2g5btp14iz17","previousEventId":"wcaalnf7y5szr9o","operationId":"30dev20kn1aih8d","previousOperationId":"en5kuatxu9m526f"}
{"type":"log","timestamp":1766841190957,"level":"debug","message":"Executing recipe pptx","meta":{"rootId":"0nldd74a9hv457f","id":"0nldd74a9hv457f"},"id":"iajt65uvvha0zyt","previousOperationId":"30dev20kn1aih8d"}
{"type":"log","timestamp":1766841190968,"level":"info","message":"pptx generation is starting","meta":{"rootId":"0nldd74a9hv457f","id":"0nldd74a9hv457f"},"id":"834jeb7kzpco2gj","previousOperationId":"30dev20kn1aih8d"}
{"type":"log","timestamp":1766841192018,"level":"debug","message":"Starting child request to render pptx dynamic parts","meta":{"rootId":"0nldd74a9hv457f","id":"0nldd74a9hv457f"},"id":"gv5qghztsv6k3wx","previousOperationId":"30dev20kn1aih8d"}
{"type":"operationStart","subtype":"render","name":"anonymous","previousOperationId":"30dev20kn1aih8d","timestamp":1766841192019,"id":"hx38i9dwid38ik2","previousEventId":"9el2g5btp14iz17","operationId":"9wo63ku11whoegs"}
{"type":"log","timestamp":1766841192019,"level":"info","message":"Starting rendering (child) request","meta":{"rootId":"0nldd74a9hv457f","id":"supoknhqyhhegty"},"id":"yeqtuprqqe2o2y9","previousOperationId":"9wo63ku11whoegs"}
{"type":"log","timestamp":1766841192019,"level":"info","message":"Rendering anonymous template { recipe: html, engine: handlebars }","meta":{"rootId":"0nldd74a9hv457f","id":"supoknhqyhhegty"},"id":"qsyyfpqkhr37p5v","previousOperationId":"9wo63ku11whoegs"}
{"type":"log","timestamp":1766841192019,"level":"debug","message":"Inline data specified.","meta":{"rootId":"0nldd74a9hv457f","id":"supoknhqyhhegty"},"id":"7tosrkly2oktil1","previousOperationId":"9wo63ku11whoegs"}
{"type":"log","timestamp":1766841192023,"level":"debug","message":"Base url not specified, skipping its injection.","meta":{"rootId":"0nldd74a9hv457f","id":"supoknhqyhhegty"},"id":"w3u0qelqo4zsfxo","previousOperationId":"9wo63ku11whoegs"}
{"type":"operationStart","subtype":"engine","name":"handlebars","timestamp":1766841192024,"id":"h2s1cdzlztfpnt1","previousEventId":"hx38i9dwid38ik2","operationId":"26w0h4bkjollat0","previousOperationId":"9wo63ku11whoegs"}
{"type":"log","timestamp":1766841192024,"level":"debug","message":"Rendering engine handlebars","meta":{"rootId":"0nldd74a9hv457f","id":"supoknhqyhhegty"},"id":"ckz3lod4wmgcltp","previousOperationId":"26w0h4bkjollat0"}
{"type":"operationEnd","operationId":"26w0h4bkjollat0","timestamp":1766841192120,"id":"sbeccystbxgyw00","previousEventId":"h2s1cdzlztfpnt1","previousOperationId":"26w0h4bkjollat0"}
{"type":"operationStart","subtype":"recipe","name":"html","timestamp":1766841192129,"id":"rexornt4yr2ia4a","previousEventId":"sbeccystbxgyw00","operationId":"4ctwbs3wj3j17wk","previousOperationId":"26w0h4bkjollat0"}
{"type":"log","timestamp":1766841192129,"level":"debug","message":"Executing recipe html","meta":{"rootId":"0nldd74a9hv457f","id":"supoknhqyhhegty"},"id":"2tbd37t4ofhqh1j","previousOperationId":"4ctwbs3wj3j17wk"}
{"type":"operationEnd","operationId":"4ctwbs3wj3j17wk","timestamp":1766841192129,"id":"v3uvbpga4avot8s","previousEventId":"rexornt4yr2ia4a","previousOperationId":"4ctwbs3wj3j17wk"}
{"type":"log","timestamp":1766841192129,"level":"debug","message":"Skipping storing report.","meta":{"rootId":"0nldd74a9hv457f","id":"supoknhqyhhegty"},"id":"4qcbysdy2slrup3","previousOperationId":"4ctwbs3wj3j17wk"}
{"type":"log","timestamp":1766841192129,"level":"info","message":"Rendering (child) request finished in 1282 ms","meta":{"rootId":"0nldd74a9hv457f","id":"supoknhqyhhegty"},"id":"x71g54gea42gev3","previousOperationId":"4ctwbs3wj3j17wk"}
{"type":"operationEnd","subtype":"render","operationId":"9wo63ku11whoegs","timestamp":1766841192129,"id":"yelqr06d8ted8rt","previousEventId":"v3uvbpga4avot8s","previousOperationId":"4ctwbs3wj3j17wk"}
{"type":"log","timestamp":1766841195529,"level":"debug","message":"pptx successfully zipped","meta":{"rootId":"0nldd74a9hv457f","id":"0nldd74a9hv457f"},"id":"3lu0mi1cyg29f6z","previousOperationId":"30dev20kn1aih8d"}
{"type":"log","timestamp":1766841195529,"level":"info","message":"pptx generation was finished","meta":{"rootId":"0nldd74a9hv457f","id":"0nldd74a9hv457f"},"id":"i3p8otecnfk9fko","previousOperationId":"30dev20kn1aih8d"}
{"type":"operationEnd","operationId":"30dev20kn1aih8d","timestamp":1766841195536,"id":"1xk1q22l29fzxde","previousEventId":"9el2g5btp14iz17","previousOperationId":"30dev20kn1aih8d"}
{"type":"log","timestamp":1766841195536,"level":"debug","message":"Skipping storing report.","meta":{"rootId":"0nldd74a9hv457f","id":"0nldd74a9hv457f"},"id":"l6l0xoz5zm3il1d","previousOperationId":"30dev20kn1aih8d"}
{"type":"log","timestamp":1766841195536,"level":"info","message":"Rendering request 6 finished in 4689 ms","meta":{"rootId":"0nldd74a9hv457f","id":"0nldd74a9hv457f"},"id":"blh7n3bekeme3c9","previousOperationId":"30dev20kn1aih8d"}
{"type":"operationEnd","subtype":"render","operationId":"qe201l6q59g2rqx","timestamp":1766841195536,"id":"jlb9hg2mrt5ufqx","previousEventId":"1xk1q22l29fzxde","previousOperationId":"30dev20kn1aih8d"}
{"type":"operationEnd","doDiffs":false,"previousEventId":"prdmkyvrfrtba2k","previousOperationId":"n354bqzdzfiixj1","operationId":"n354bqzdzfiixj1","timestamp":1766841195540,"id":"jy6ui1ad0auj911"}
