{"type":"operationStart","subtype":"profile","data":{"_id":"yekLLHmkOYNCRuTz","timestamp":"2025-12-28T14:03:04.491Z","state":"running","mode":"standard","creationDate":"2025-12-28T14:03:04.497Z","modificationDate":"2025-12-28T14:03:04.497Z","shortid":"f3Ml93V","$entitySet":"profiles","timeout":60000},"doDiffs":false,"timestamp":1766930584495,"id":"luiv369twqf41uy","previousOperationId":null,"operationId":"uwplpmgnawkaizl"}
{"type":"log","level":"info","message":"Render request 5 queued for execution and waiting for available worker","previousOperationId":"uwplpmgnawkaizl","timestamp":1766930584495,"id":"t4ctedqirs7lbqw"}
{"type":"operationStart","subtype":"render","name":"anonymous","previousOperationId":"uwplpmgnawkaizl","timestamp":1766930584555,"id":"bbmvvwberwhla0j","previousEventId":"luiv369twqf41uy","operationId":"7rdol6eiuv35oba"}
{"type":"log","timestamp":1766930584556,"level":"info","message":"Starting rendering request 5","meta":{"rootId":"0noxsrhaeo9jf51","id":"0noxsrhaeo9jf51"},"id":"yxjx1ne1ck1emb7","previousOperationId":"7rdol6eiuv35oba"}
{"type":"log","timestamp":1766930584556,"level":"info","message":"Rendering anonymous template { recipe: pptx, engine: handlebars }","meta":{"rootId":"0noxsrhaeo9jf51","id":"0noxsrhaeo9jf51"},"id":"1vx4hyuj2f8xbdi","previousOperationId":"7rdol6eiuv35oba"}
{"type":"log","timestamp":1766930584556,"level":"debug","message":"Inline data specified.","meta":{"rootId":"0noxsrhaeo9jf51","id":"0noxsrhaeo9jf51"},"id":"vc86vkpnd6mi407","previousOperationId":"7rdol6eiuv35oba"}
{"type":"log","timestamp":1766930584565,"level":"debug","message":"Base url not specified, skipping its injection.","meta":{"rootId":"0noxsrhaeo9jf51","id":"0noxsrhaeo9jf51"},"id":"gok7d5ezxc0d7le","previousOperationId":"7rdol6eiuv35oba"}
{"type":"operationStart","subtype":"engine","name":"handlebars","timestamp":1766930584567,"id":"pp4d83ioct66ekc","previousEventId":"bbmvvwberwhla0j","operationId":"ei7ddme6sk8ixqr","previousOperationId":"7rdol6eiuv35oba"}
{"type":"log","timestamp":1766930584567,"level":"debug","message":"Rendering engine handlebars","meta":{"rootId":"0noxsrhaeo9jf51","id":"0noxsrhaeo9jf51"},"id":"7bakkwyo51e1gmv","previousOperationId":"ei7ddme6sk8ixqr"}
{"type":"operationEnd","operationId":"ei7ddme6sk8ixqr","timestamp":1766930584596,"id":"h90k3mpvsrpr3c1","previousEventId":"pp4d83ioct66ekc","previousOperationId":"ei7ddme6sk8ixqr"}
{"type":"operationStart","subtype":"recipe","name":"pptx","timestamp":1766930584597,"id":"nwz2cd4kz2tlmxs","previousEventId":"h90k3mpvsrpr3c1","operationId":"62lutz5w89r76jm","previousOperationId":"ei7ddme6sk8ixqr"}
{"type":"log","timestamp":1766930584597,"level":"debug","message":"Executing recipe pptx","meta":{"rootId":"0noxsrhaeo9jf51","id":"0noxsrhaeo9jf51"},"id":"awpfoc1ue1oaszr","previousOperationId":"62lutz5w89r76jm"}
{"type":"log","timestamp":1766930584613,"level":"info","message":"pptx generation is starting","meta":{"rootId":"0noxsrhaeo9jf51","id":"0noxsrhaeo9jf51"},"id":"vqltjt02xl95o06","previousOperationId":"62lutz5w89r76jm"}
{"type":"log","timestamp":1766930585774,"level":"debug","message":"Starting child request to render pptx dynamic parts","meta":{"rootId":"0noxsrhaeo9jf51","id":"0noxsrhaeo9jf51"},"id":"bnhrgp6feu34qvw","previousOperationId":"62lutz5w89r76jm"}
{"type":"operationStart","subtype":"render","name":"anonymous","previousOperationId":"62lutz5w89r76jm","timestamp":1766930585774,"id":"6rqpy8pi4yphlfx","previousEventId":"nwz2cd4kz2tlmxs","operationId":"yd4u8q8vmp8jwtr"}
{"type":"log","timestamp":1766930585774,"level":"info","message":"Starting rendering (child) request","meta":{"rootId":"0noxsrhaeo9jf51","id":"kelpo4k5d8dxpbo"},"id":"kybiggsown3q0xu","previousOperationId":"yd4u8q8vmp8jwtr"}
{"type":"log","timestamp":1766930585775,"level":"info","message":"Rendering anonymous template { recipe: html, engine: handlebars }","meta":{"rootId":"0noxsrhaeo9jf51","id":"kelpo4k5d8dxpbo"},"id":"84y584qis0v7ogs","previousOperationId":"yd4u8q8vmp8jwtr"}
{"type":"log","timestamp":1766930585775,"level":"debug","message":"Inline data specified.","meta":{"rootId":"0noxsrhaeo9jf51","id":"kelpo4k5d8dxpbo"},"id":"12ugv7fqfhqra4k","previousOperationId":"yd4u8q8vmp8jwtr"}
{"type":"log","timestamp":1766930585778,"level":"debug","message":"Base url not specified, skipping its injection.","meta":{"rootId":"0noxsrhaeo9jf51","id":"kelpo4k5d8dxpbo"},"id":"idvcxhc05p62v6w","previousOperationId":"yd4u8q8vmp8jwtr"}
{"type":"operationStart","subtype":"engine","name":"handlebars","timestamp":1766930585779,"id":"he4vm95ce3k612z","previousEventId":"6rqpy8pi4yphlfx","operationId":"6ds4agiiwg10ync","previousOperationId":"yd4u8q8vmp8jwtr"}
{"type":"log","timestamp":1766930585780,"level":"debug","message":"Rendering engine handlebars","meta":{"rootId":"0noxsrhaeo9jf51","id":"kelpo4k5d8dxpbo"},"id":"ervz9yxs8pmw4lm","previousOperationId":"6ds4agiiwg10ync"}
{"type":"log","timestamp":1766930585876,"level":"debug","message":"(console:log) {\n  type: 'echarts@v5a',\n  width: 848,\n  height: 409,\n  option: { radar: [ [Object] ], series: [ [Object] ] }\n}","meta":{"userLevel":true,"rootId":"0noxsrhaeo9jf51","id":"kelpo4k5d8dxpbo"},"id":"d9ad1l2v5okz2yj","previousOperationId":"6ds4agiiwg10ync"}
{"type":"operationEnd","operationId":"6ds4agiiwg10ync","timestamp":1766930585881,"id":"8i1ez9rmxglwlgk","previousEventId":"he4vm95ce3k612z","previousOperationId":"6ds4agiiwg10ync"}
{"type":"operationStart","subtype":"recipe","name":"html","timestamp":1766930585890,"id":"kdsgrz31pcvj8if","previousEventId":"8i1ez9rmxglwlgk","operationId":"eitom1xncc01a4q","previousOperationId":"6ds4agiiwg10ync"}
{"type":"log","timestamp":1766930585890,"level":"debug","message":"Executing recipe html","meta":{"rootId":"0noxsrhaeo9jf51","id":"kelpo4k5d8dxpbo"},"id":"npnc2cjp0u16csu","previousOperationId":"eitom1xncc01a4q"}
{"type":"operationEnd","operationId":"eitom1xncc01a4q","timestamp":1766930585890,"id":"qd2e0svsqymwokf","previousEventId":"kdsgrz31pcvj8if","previousOperationId":"eitom1xncc01a4q"}
{"type":"log","timestamp":1766930585890,"level":"debug","message":"Skipping storing report.","meta":{"rootId":"0noxsrhaeo9jf51","id":"kelpo4k5d8dxpbo"},"id":"qp1t4ocet4zi819","previousOperationId":"eitom1xncc01a4q"}
{"type":"log","timestamp":1766930585890,"level":"info","message":"Rendering (child) request finished in 1400 ms","meta":{"rootId":"0noxsrhaeo9jf51","id":"kelpo4k5d8dxpbo"},"id":"vtl0vvmgs571q5j","previousOperationId":"eitom1xncc01a4q"}
{"type":"operationEnd","subtype":"render","operationId":"yd4u8q8vmp8jwtr","timestamp":1766930585890,"id":"8fwewj9lwu9hmxz","previousEventId":"qd2e0svsqymwokf","previousOperationId":"eitom1xncc01a4q"}
{"type":"log","timestamp":1766930589055,"level":"debug","message":"pptx successfully zipped","meta":{"rootId":"0noxsrhaeo9jf51","id":"0noxsrhaeo9jf51"},"id":"hinl2a990mm7stk","previousOperationId":"62lutz5w89r76jm"}
{"type":"log","timestamp":1766930589055,"level":"info","message":"pptx generation was finished","meta":{"rootId":"0noxsrhaeo9jf51","id":"0noxsrhaeo9jf51"},"id":"wi9wchwbi8y7iwq","previousOperationId":"62lutz5w89r76jm"}
{"type":"operationEnd","operationId":"62lutz5w89r76jm","timestamp":1766930589063,"id":"0yntbgltkf4iz1u","previousEventId":"nwz2cd4kz2tlmxs","previousOperationId":"62lutz5w89r76jm"}
{"type":"log","timestamp":1766930589063,"level":"debug","message":"Skipping storing report.","meta":{"rootId":"0noxsrhaeo9jf51","id":"0noxsrhaeo9jf51"},"id":"w4u91u606qds9pj","previousOperationId":"62lutz5w89r76jm"}
{"type":"log","timestamp":1766930589063,"level":"info","message":"Rendering request 5 finished in 4573 ms","meta":{"rootId":"0noxsrhaeo9jf51","id":"0noxsrhaeo9jf51"},"id":"udjx6wz6dd61dpl","previousOperationId":"62lutz5w89r76jm"}
{"type":"operationEnd","subtype":"render","operationId":"7rdol6eiuv35oba","timestamp":1766930589063,"id":"p8rq4w3l9e0iy6h","previousEventId":"0yntbgltkf4iz1u","previousOperationId":"62lutz5w89r76jm"}
{"type":"operationEnd","doDiffs":false,"previousEventId":"luiv369twqf41uy","previousOperationId":"uwplpmgnawkaizl","operationId":"uwplpmgnawkaizl","timestamp":1766930589069,"id":"qwvsdp12zu8svr2"}
