{"type":"operationStart","subtype":"profile","data":{"_id":"PCcwCx8szXVRygw6","timestamp":"2025-12-27T17:05:00.777Z","state":"running","mode":"standard","creationDate":"2025-12-27T17:05:00.783Z","modificationDate":"2025-12-27T17:05:00.783Z","shortid":"y4jQsN2","$entitySet":"profiles","timeout":60000},"doDiffs":false,"timestamp":1766855100780,"id":"gs1i3m9hf2sl9wk","previousOperationId":null,"operationId":"moz64prgpahwgg2"}
{"type":"log","level":"info","message":"Render request 1 queued for execution and waiting for available worker","previousOperationId":"moz64prgpahwgg2","timestamp":1766855100780,"id":"0k77f4tl6yon4j2"}
{"type":"operationStart","subtype":"render","name":"anonymous","previousOperationId":"moz64prgpahwgg2","timestamp":1766855100894,"id":"da1q35438ffpux1","previousEventId":"gs1i3m9hf2sl9wk","operationId":"xk9xjck7c3fj98p"}
{"type":"log","timestamp":1766855100897,"level":"info","message":"Starting rendering request 1","meta":{"rootId":"0oty3kstjn7tinl","id":"0oty3kstjn7tinl"},"id":"rp38lkw5ycd5cjx","previousOperationId":"xk9xjck7c3fj98p"}
{"type":"log","timestamp":1766855100899,"level":"info","message":"Rendering anonymous template { recipe: pptx, engine: handlebars }","meta":{"rootId":"0oty3kstjn7tinl","id":"0oty3kstjn7tinl"},"id":"44kdrkmz16nwdt8","previousOperationId":"xk9xjck7c3fj98p"}
{"type":"log","timestamp":1766855100900,"level":"debug","message":"Inline data specified.","meta":{"rootId":"0oty3kstjn7tinl","id":"0oty3kstjn7tinl"},"id":"d270j61xbhnpxqu","previousOperationId":"xk9xjck7c3fj98p"}
{"type":"log","timestamp":1766855100912,"level":"debug","message":"Base url not specified, skipping its injection.","meta":{"rootId":"0oty3kstjn7tinl","id":"0oty3kstjn7tinl"},"id":"k0esa3b1595jlkb","previousOperationId":"xk9xjck7c3fj98p"}
{"type":"operationStart","subtype":"engine","name":"handlebars","timestamp":1766855100915,"id":"e649ore4yotkre6","previousEventId":"da1q35438ffpux1","operationId":"iwuiskhzv2g0v0l","previousOperationId":"xk9xjck7c3fj98p"}
{"type":"log","timestamp":1766855100915,"level":"debug","message":"Rendering engine handlebars","meta":{"rootId":"0oty3kstjn7tinl","id":"0oty3kstjn7tinl"},"id":"f8myypc3w2rn05k","previousOperationId":"iwuiskhzv2g0v0l"}
{"type":"operationEnd","operationId":"iwuiskhzv2g0v0l","timestamp":1766855102183,"id":"fkchp1l0nturgcp","previousEventId":"e649ore4yotkre6","previousOperationId":"iwuiskhzv2g0v0l"}
{"type":"operationStart","subtype":"recipe","name":"pptx","timestamp":1766855102184,"id":"bxvvz7nwmx6acb4","previousEventId":"fkchp1l0nturgcp","operationId":"6qjrnyev31xc9ln","previousOperationId":"iwuiskhzv2g0v0l"}
{"type":"log","timestamp":1766855102184,"level":"debug","message":"Executing recipe pptx","meta":{"rootId":"0oty3kstjn7tinl","id":"0oty3kstjn7tinl"},"id":"exzrmme1d6hdvqa","previousOperationId":"6qjrnyev31xc9ln"}
{"type":"log","timestamp":1766855102481,"level":"info","message":"pptx generation is starting","meta":{"rootId":"0oty3kstjn7tinl","id":"0oty3kstjn7tinl"},"id":"x0enw168sbcvsjz","previousOperationId":"6qjrnyev31xc9ln"}
{"type":"log","timestamp":1766855104375,"level":"debug","message":"Starting child request to render pptx dynamic parts","meta":{"rootId":"0oty3kstjn7tinl","id":"0oty3kstjn7tinl"},"id":"vgweh9hmvonzams","previousOperationId":"6qjrnyev31xc9ln"}
{"type":"operationStart","subtype":"render","name":"anonymous","previousOperationId":"6qjrnyev31xc9ln","timestamp":1766855104378,"id":"yy1cxvwvelm2gq8","previousEventId":"bxvvz7nwmx6acb4","operationId":"1gbp6a0vzsgzn95"}
{"type":"log","timestamp":1766855104379,"level":"info","message":"Starting rendering (child) request","meta":{"rootId":"0oty3kstjn7tinl","id":"1nxc5pzoy5oc0et"},"id":"kw41ginecm7sd2z","previousOperationId":"1gbp6a0vzsgzn95"}
{"type":"log","timestamp":1766855104379,"level":"info","message":"Rendering anonymous template { recipe: html, engine: handlebars }","meta":{"rootId":"0oty3kstjn7tinl","id":"1nxc5pzoy5oc0et"},"id":"q5j8wcqho33ivkg","previousOperationId":"1gbp6a0vzsgzn95"}
{"type":"log","timestamp":1766855104380,"level":"debug","message":"Inline data specified.","meta":{"rootId":"0oty3kstjn7tinl","id":"1nxc5pzoy5oc0et"},"id":"bcjgbg6529c2sif","previousOperationId":"1gbp6a0vzsgzn95"}
{"type":"log","timestamp":1766855104388,"level":"debug","message":"Base url not specified, skipping its injection.","meta":{"rootId":"0oty3kstjn7tinl","id":"1nxc5pzoy5oc0et"},"id":"ksss5i713rgelgt","previousOperationId":"1gbp6a0vzsgzn95"}
{"type":"operationStart","subtype":"engine","name":"handlebars","timestamp":1766855104391,"id":"kdgkmdthisnas5l","previousEventId":"yy1cxvwvelm2gq8","operationId":"9nspu5yuh0c5b81","previousOperationId":"1gbp6a0vzsgzn95"}
{"type":"log","timestamp":1766855104391,"level":"debug","message":"Rendering engine handlebars","meta":{"rootId":"0oty3kstjn7tinl","id":"1nxc5pzoy5oc0et"},"id":"ve57u8d0l8hxqby","previousOperationId":"9nspu5yuh0c5b81"}
{"type":"log","timestamp":1766855104584,"level":"debug","message":"(console:log) {\n  type: 'echarts@v5a',\n  width: 848,\n  height: 409,\n  option: { radar: [ [Object] ], series: [ [Object] ] }\n}","meta":{"userLevel":true,"rootId":"0oty3kstjn7tinl","id":"1nxc5pzoy5oc0et"},"id":"mz96bco2xqml193","previousOperationId":"9nspu5yuh0c5b81"}
{"type":"operationEnd","operationId":"9nspu5yuh0c5b81","timestamp":1766855104596,"id":"0qr4gtwhe99qmor","previousEventId":"kdgkmdthisnas5l","previousOperationId":"9nspu5yuh0c5b81"}
{"type":"operationStart","subtype":"recipe","name":"html","timestamp":1766855104613,"id":"8qed68fa8xc1dhj","previousEventId":"0qr4gtwhe99qmor","operationId":"rzuib6kqyxtj0pn","previousOperationId":"9nspu5yuh0c5b81"}
{"type":"log","timestamp":1766855104613,"level":"debug","message":"Executing recipe html","meta":{"rootId":"0oty3kstjn7tinl","id":"1nxc5pzoy5oc0et"},"id":"l5f1i6k72i5r26j","previousOperationId":"rzuib6kqyxtj0pn"}
{"type":"operationEnd","operationId":"rzuib6kqyxtj0pn","timestamp":1766855104613,"id":"8x7i9z5gmyg8fd4","previousEventId":"8qed68fa8xc1dhj","previousOperationId":"rzuib6kqyxtj0pn"}
{"type":"log","timestamp":1766855104614,"level":"debug","message":"Skipping storing report.","meta":{"rootId":"0oty3kstjn7tinl","id":"1nxc5pzoy5oc0et"},"id":"0lkg28ej4w8aegd","previousOperationId":"rzuib6kqyxtj0pn"}
{"type":"log","timestamp":1766855104615,"level":"info","message":"Rendering (child) request finished in 3842 ms","meta":{"rootId":"0oty3kstjn7tinl","id":"1nxc5pzoy5oc0et"},"id":"ptviy3urb0ozhmw","previousOperationId":"rzuib6kqyxtj0pn"}
{"type":"operationEnd","subtype":"render","operationId":"1gbp6a0vzsgzn95","timestamp":1766855104615,"id":"8avpkn549kxsfgi","previousEventId":"8x7i9z5gmyg8fd4","previousOperationId":"rzuib6kqyxtj0pn"}
{"type":"log","timestamp":1766855111855,"level":"debug","message":"pptx successfully zipped","meta":{"rootId":"0oty3kstjn7tinl","id":"0oty3kstjn7tinl"},"id":"v3gd9ztk5rihqtq","previousOperationId":"6qjrnyev31xc9ln"}
{"type":"log","timestamp":1766855111855,"level":"info","message":"pptx generation was finished","meta":{"rootId":"0oty3kstjn7tinl","id":"0oty3kstjn7tinl"},"id":"oe3290s14e0f9jo","previousOperationId":"6qjrnyev31xc9ln"}
{"type":"operationEnd","operationId":"6qjrnyev31xc9ln","timestamp":1766855111875,"id":"5wvd36nnzuboalu","previousEventId":"bxvvz7nwmx6acb4","previousOperationId":"6qjrnyev31xc9ln"}
{"type":"log","timestamp":1766855111875,"level":"debug","message":"Skipping storing report.","meta":{"rootId":"0oty3kstjn7tinl","id":"0oty3kstjn7tinl"},"id":"95hl1i28tzirj3m","previousOperationId":"6qjrnyev31xc9ln"}
{"type":"log","timestamp":1766855111875,"level":"info","message":"Rendering request 1 finished in 11102 ms","meta":{"rootId":"0oty3kstjn7tinl","id":"0oty3kstjn7tinl"},"id":"b5z3b8zu685imed","previousOperationId":"6qjrnyev31xc9ln"}
{"type":"operationEnd","subtype":"render","operationId":"xk9xjck7c3fj98p","timestamp":1766855111875,"id":"9v2hefj3o1dtdid","previousEventId":"5wvd36nnzuboalu","previousOperationId":"6qjrnyev31xc9ln"}
{"type":"operationEnd","doDiffs":false,"previousEventId":"gs1i3m9hf2sl9wk","previousOperationId":"moz64prgpahwgg2","operationId":"moz64prgpahwgg2","timestamp":1766855111885,"id":"uslunx9b1w0bqh7"}
