{"type":"operationStart","subtype":"profile","data":{"_id":"yjfMq8RNLxMBT4hO","timestamp":"2026-01-01T13:23:08.765Z","state":"running","mode":"standard","creationDate":"2026-01-01T13:23:08.771Z","modificationDate":"2026-01-01T13:23:08.771Z","shortid":"gRM_nt8","$entitySet":"profiles","timeout":60000},"doDiffs":false,"timestamp":1767273788768,"id":"quwosw4d0ekop9e","previousOperationId":null,"operationId":"zqym0fx8epr3un9"}
{"type":"log","level":"info","message":"Render request 5 queued for execution and waiting for available worker","previousOperationId":"zqym0fx8epr3un9","timestamp":1767273788768,"id":"74troj5j6q09vsn"}
{"type":"operationStart","subtype":"render","name":"anonymous","previousOperationId":"zqym0fx8epr3un9","timestamp":1767273788853,"id":"ob25ozv8a4n4iqy","previousEventId":"quwosw4d0ekop9e","operationId":"y6smjk1zqm61khw"}
{"type":"log","timestamp":1767273788853,"level":"info","message":"Starting rendering request 5","meta":{"rootId":"0x2b823nja1872t","id":"0x2b823nja1872t"},"id":"ngzvqfb6b9uftcq","previousOperationId":"y6smjk1zqm61khw"}
{"type":"log","timestamp":1767273788853,"level":"info","message":"Rendering anonymous template { recipe: pptx, engine: handlebars }","meta":{"rootId":"0x2b823nja1872t","id":"0x2b823nja1872t"},"id":"vvy82m11n8xokju","previousOperationId":"y6smjk1zqm61khw"}
{"type":"log","timestamp":1767273788853,"level":"debug","message":"Inline data specified.","meta":{"rootId":"0x2b823nja1872t","id":"0x2b823nja1872t"},"id":"gec2acnmrp697cx","previousOperationId":"y6smjk1zqm61khw"}
{"type":"log","timestamp":1767273788857,"level":"debug","message":"Base url not specified, skipping its injection.","meta":{"rootId":"0x2b823nja1872t","id":"0x2b823nja1872t"},"id":"4t511p2tbf3by9w","previousOperationId":"y6smjk1zqm61khw"}
{"type":"operationStart","subtype":"engine","name":"handlebars","timestamp":1767273788858,"id":"l8f94c23a25i14k","previousEventId":"ob25ozv8a4n4iqy","operationId":"bl7tpemnucltijf","previousOperationId":"y6smjk1zqm61khw"}
{"type":"log","timestamp":1767273788858,"level":"debug","message":"Rendering engine handlebars","meta":{"rootId":"0x2b823nja1872t","id":"0x2b823nja1872t"},"id":"acozy2fak5hj238","previousOperationId":"bl7tpemnucltijf"}
{"type":"operationEnd","operationId":"bl7tpemnucltijf","timestamp":1767273788883,"id":"78g38i26msie4oh","previousEventId":"l8f94c23a25i14k","previousOperationId":"bl7tpemnucltijf"}
{"type":"operationStart","subtype":"recipe","name":"pptx","timestamp":1767273788884,"id":"cnoppf9478vfxqc","previousEventId":"78g38i26msie4oh","operationId":"439ivs81ah2p3lz","previousOperationId":"bl7tpemnucltijf"}
{"type":"log","timestamp":1767273788884,"level":"debug","message":"Executing recipe pptx","meta":{"rootId":"0x2b823nja1872t","id":"0x2b823nja1872t"},"id":"yfwlpcdofs9q8wu","previousOperationId":"439ivs81ah2p3lz"}
{"type":"log","timestamp":1767273788918,"level":"info","message":"pptx generation is starting","meta":{"rootId":"0x2b823nja1872t","id":"0x2b823nja1872t"},"id":"497pjq8ubojv4hl","previousOperationId":"439ivs81ah2p3lz"}
{"type":"log","timestamp":1767273790989,"level":"debug","message":"Starting child request to render pptx dynamic parts","meta":{"rootId":"0x2b823nja1872t","id":"0x2b823nja1872t"},"id":"t5urssfrjeechs0","previousOperationId":"439ivs81ah2p3lz"}
{"type":"operationStart","subtype":"render","name":"anonymous","previousOperationId":"439ivs81ah2p3lz","timestamp":1767273790989,"id":"2iumzk3qx7ch6vd","previousEventId":"cnoppf9478vfxqc","operationId":"mfll9wuirwnhe2p"}
{"type":"log","timestamp":1767273790989,"level":"info","message":"Starting rendering (child) request","meta":{"rootId":"0x2b823nja1872t","id":"xrd3c1l49o3sr0r"},"id":"rxywzlyzg6i11m9","previousOperationId":"mfll9wuirwnhe2p"}
{"type":"log","timestamp":1767273790989,"level":"info","message":"Rendering anonymous template { recipe: html, engine: handlebars }","meta":{"rootId":"0x2b823nja1872t","id":"xrd3c1l49o3sr0r"},"id":"yewhwgurfcez8h2","previousOperationId":"mfll9wuirwnhe2p"}
{"type":"log","timestamp":1767273790989,"level":"debug","message":"Inline data specified.","meta":{"rootId":"0x2b823nja1872t","id":"xrd3c1l49o3sr0r"},"id":"82oir11xf3vhorq","previousOperationId":"mfll9wuirwnhe2p"}
{"type":"log","timestamp":1767273790995,"level":"debug","message":"Base url not specified, skipping its injection.","meta":{"rootId":"0x2b823nja1872t","id":"xrd3c1l49o3sr0r"},"id":"rl3l9zfpownapzh","previousOperationId":"mfll9wuirwnhe2p"}
{"type":"operationStart","subtype":"engine","name":"handlebars","timestamp":1767273790998,"id":"4qn7ai17saankfa","previousEventId":"2iumzk3qx7ch6vd","operationId":"veqo3aem8uo7614","previousOperationId":"mfll9wuirwnhe2p"}
{"type":"log","timestamp":1767273790998,"level":"debug","message":"Rendering engine handlebars","meta":{"rootId":"0x2b823nja1872t","id":"xrd3c1l49o3sr0r"},"id":"4fr0kqqeai9lz4d","previousOperationId":"veqo3aem8uo7614"}
{"type":"log","timestamp":1767273791227,"level":"debug","message":"(console:log) {\n  type: 'echarts@v5a',\n  width: 848,\n  height: 409,\n  option: { radar: [ [Object] ], series: [ [Object] ] }\n}","meta":{"userLevel":true,"rootId":"0x2b823nja1872t","id":"xrd3c1l49o3sr0r"},"id":"xf41nxvcwhbl6h7","previousOperationId":"veqo3aem8uo7614"}
{"type":"operationEnd","operationId":"veqo3aem8uo7614","timestamp":1767273791242,"id":"b6ztw2yoraw189a","previousEventId":"4qn7ai17saankfa","previousOperationId":"veqo3aem8uo7614"}
{"type":"operationStart","subtype":"recipe","name":"html","timestamp":1767273791264,"id":"2njjfkjjwxtdgwd","previousEventId":"b6ztw2yoraw189a","operationId":"lfo7nnh7uftrruw","previousOperationId":"veqo3aem8uo7614"}
{"type":"log","timestamp":1767273791264,"level":"debug","message":"Executing recipe html","meta":{"rootId":"0x2b823nja1872t","id":"xrd3c1l49o3sr0r"},"id":"f9e44bk2bj7matj","previousOperationId":"lfo7nnh7uftrruw"}
{"type":"operationEnd","operationId":"lfo7nnh7uftrruw","timestamp":1767273791265,"id":"gyvv7hs73kazbd0","previousEventId":"2njjfkjjwxtdgwd","previousOperationId":"lfo7nnh7uftrruw"}
{"type":"log","timestamp":1767273791265,"level":"debug","message":"Skipping storing report.","meta":{"rootId":"0x2b823nja1872t","id":"xrd3c1l49o3sr0r"},"id":"4y4otgl26gz8of3","previousOperationId":"lfo7nnh7uftrruw"}
{"type":"log","timestamp":1767273791265,"level":"info","message":"Rendering (child) request finished in 2502 ms","meta":{"rootId":"0x2b823nja1872t","id":"xrd3c1l49o3sr0r"},"id":"hw5h1m0xgvfhtba","previousOperationId":"lfo7nnh7uftrruw"}
{"type":"operationEnd","subtype":"render","operationId":"mfll9wuirwnhe2p","timestamp":1767273791265,"id":"o9qgpyjcfy4zsao","previousEventId":"gyvv7hs73kazbd0","previousOperationId":"lfo7nnh7uftrruw"}
{"type":"log","timestamp":1767273797610,"level":"debug","message":"pptx successfully zipped","meta":{"rootId":"0x2b823nja1872t","id":"0x2b823nja1872t"},"id":"21ozxpo19j1xz6a","previousOperationId":"439ivs81ah2p3lz"}
{"type":"log","timestamp":1767273797610,"level":"info","message":"pptx generation was finished","meta":{"rootId":"0x2b823nja1872t","id":"0x2b823nja1872t"},"id":"6k5ls8ljg0bdaaz","previousOperationId":"439ivs81ah2p3lz"}
{"type":"operationEnd","operationId":"439ivs81ah2p3lz","timestamp":1767273797620,"id":"5zvwaq21lsdueqh","previousEventId":"cnoppf9478vfxqc","previousOperationId":"439ivs81ah2p3lz"}
{"type":"log","timestamp":1767273797621,"level":"debug","message":"Skipping storing report.","meta":{"rootId":"0x2b823nja1872t","id":"0x2b823nja1872t"},"id":"9ey92y9wba0c5vq","previousOperationId":"439ivs81ah2p3lz"}
{"type":"log","timestamp":1767273797621,"level":"info","message":"Rendering request 5 finished in 8858 ms","meta":{"rootId":"0x2b823nja1872t","id":"0x2b823nja1872t"},"id":"qcfevq6kukfu4mp","previousOperationId":"439ivs81ah2p3lz"}
{"type":"operationEnd","subtype":"render","operationId":"y6smjk1zqm61khw","timestamp":1767273797621,"id":"yfe7vp5kljtq42f","previousEventId":"5zvwaq21lsdueqh","previousOperationId":"439ivs81ah2p3lz"}
{"type":"operationEnd","doDiffs":false,"previousEventId":"quwosw4d0ekop9e","previousOperationId":"zqym0fx8epr3un9","operationId":"zqym0fx8epr3un9","timestamp":1767273797626,"id":"1m73ec5sowhe2pm"}
