{"type":"operationStart","subtype":"profile","data":{"_id":"vkkqQgt0mHT6Zgbh","timestamp":"2025-12-30T20:22:53.297Z","state":"running","mode":"standard","creationDate":"2025-12-30T20:22:53.300Z","modificationDate":"2025-12-30T20:22:53.300Z","shortid":"5XE6nJc","$entitySet":"profiles","timeout":60000},"doDiffs":false,"timestamp":1767126173298,"id":"comm7nv6fhef2sw","previousOperationId":null,"operationId":"rn4fxq29ehvo5bh"}
{"type":"log","level":"info","message":"Render request 10 queued for execution and waiting for available worker","previousOperationId":"rn4fxq29ehvo5bh","timestamp":1767126173299,"id":"oqsencpmq6prt0n"}
{"type":"operationStart","subtype":"render","name":"anonymous","previousOperationId":"rn4fxq29ehvo5bh","timestamp":1767126173344,"id":"qsfoakfaq0rjq59","previousEventId":"comm7nv6fhef2sw","operationId":"g8x3p2a3su75emz"}
{"type":"log","timestamp":1767126173345,"level":"info","message":"Starting rendering request 10","meta":{"rootId":"0yhmxzz3o6cek22","id":"0yhmxzz3o6cek22"},"id":"phvp0tfvil1xpdt","previousOperationId":"g8x3p2a3su75emz"}
{"type":"log","timestamp":1767126173345,"level":"info","message":"Rendering anonymous template { recipe: pptx, engine: handlebars }","meta":{"rootId":"0yhmxzz3o6cek22","id":"0yhmxzz3o6cek22"},"id":"icj54jzfzjxixsx","previousOperationId":"g8x3p2a3su75emz"}
{"type":"log","timestamp":1767126173345,"level":"debug","message":"Inline data specified.","meta":{"rootId":"0yhmxzz3o6cek22","id":"0yhmxzz3o6cek22"},"id":"iurr5pzzgulteg5","previousOperationId":"g8x3p2a3su75emz"}
{"type":"log","timestamp":1767126173347,"level":"debug","message":"Base url not specified, skipping its injection.","meta":{"rootId":"0yhmxzz3o6cek22","id":"0yhmxzz3o6cek22"},"id":"e4h82wfmxjtvpi7","previousOperationId":"g8x3p2a3su75emz"}
{"type":"operationStart","subtype":"engine","name":"handlebars","timestamp":1767126173347,"id":"f3jyxoyi16i84yi","previousEventId":"qsfoakfaq0rjq59","operationId":"xqm18vanoafonel","previousOperationId":"g8x3p2a3su75emz"}
{"type":"log","timestamp":1767126173348,"level":"debug","message":"Rendering engine handlebars","meta":{"rootId":"0yhmxzz3o6cek22","id":"0yhmxzz3o6cek22"},"id":"gd2g7wmc095skl1","previousOperationId":"xqm18vanoafonel"}
{"type":"operationEnd","operationId":"xqm18vanoafonel","timestamp":1767126173360,"id":"3ril4dnkjb4y5xw","previousEventId":"f3jyxoyi16i84yi","previousOperationId":"xqm18vanoafonel"}
{"type":"operationStart","subtype":"recipe","name":"pptx","timestamp":1767126173360,"id":"fhvc056dopvnszz","previousEventId":"3ril4dnkjb4y5xw","operationId":"maw7ndetb0w0e3r","previousOperationId":"xqm18vanoafonel"}
{"type":"log","timestamp":1767126173360,"level":"debug","message":"Executing recipe pptx","meta":{"rootId":"0yhmxzz3o6cek22","id":"0yhmxzz3o6cek22"},"id":"0yneu3kerkrlipu","previousOperationId":"maw7ndetb0w0e3r"}
{"type":"log","timestamp":1767126173374,"level":"info","message":"pptx generation is starting","meta":{"rootId":"0yhmxzz3o6cek22","id":"0yhmxzz3o6cek22"},"id":"j1plbrte8bvv3qh","previousOperationId":"maw7ndetb0w0e3r"}
{"type":"log","timestamp":1767126174633,"level":"debug","message":"Starting child request to render pptx dynamic parts","meta":{"rootId":"0yhmxzz3o6cek22","id":"0yhmxzz3o6cek22"},"id":"xf1gsqd5k1rrenz","previousOperationId":"maw7ndetb0w0e3r"}
{"type":"operationStart","subtype":"render","name":"anonymous","previousOperationId":"maw7ndetb0w0e3r","timestamp":1767126174634,"id":"govgz71f8d879ql","previousEventId":"fhvc056dopvnszz","operationId":"thwyavges8ypqbt"}
{"type":"log","timestamp":1767126174634,"level":"info","message":"Starting rendering (child) request","meta":{"rootId":"0yhmxzz3o6cek22","id":"irj815mlkazzbo2"},"id":"4jliwcsqhdlc061","previousOperationId":"thwyavges8ypqbt"}
{"type":"log","timestamp":1767126174634,"level":"info","message":"Rendering anonymous template { recipe: html, engine: handlebars }","meta":{"rootId":"0yhmxzz3o6cek22","id":"irj815mlkazzbo2"},"id":"hhcl8ojwtuts0lp","previousOperationId":"thwyavges8ypqbt"}
{"type":"log","timestamp":1767126174634,"level":"debug","message":"Inline data specified.","meta":{"rootId":"0yhmxzz3o6cek22","id":"irj815mlkazzbo2"},"id":"0pkpti1xunty56y","previousOperationId":"thwyavges8ypqbt"}
{"type":"log","timestamp":1767126174638,"level":"debug","message":"Base url not specified, skipping its injection.","meta":{"rootId":"0yhmxzz3o6cek22","id":"irj815mlkazzbo2"},"id":"cakmvz5qeu8xncr","previousOperationId":"thwyavges8ypqbt"}
{"type":"operationStart","subtype":"engine","name":"handlebars","timestamp":1767126174641,"id":"tjyty8e1w2gtrk0","previousEventId":"govgz71f8d879ql","operationId":"u1yl67q8ic22xr8","previousOperationId":"thwyavges8ypqbt"}
{"type":"log","timestamp":1767126174641,"level":"debug","message":"Rendering engine handlebars","meta":{"rootId":"0yhmxzz3o6cek22","id":"irj815mlkazzbo2"},"id":"d1vuju2u3537vp0","previousOperationId":"u1yl67q8ic22xr8"}
{"type":"log","timestamp":1767126174766,"level":"debug","message":"(console:log) {\n  type: 'echarts@v5a',\n  width: 848,\n  height: 409,\n  option: { radar: [ [Object] ], series: [ [Object] ] }\n}","meta":{"userLevel":true,"rootId":"0yhmxzz3o6cek22","id":"irj815mlkazzbo2"},"id":"oyrnlpb4w5j04aa","previousOperationId":"u1yl67q8ic22xr8"}
{"type":"operationEnd","operationId":"u1yl67q8ic22xr8","timestamp":1767126174774,"id":"501v3e5thhlf59o","previousEventId":"tjyty8e1w2gtrk0","previousOperationId":"u1yl67q8ic22xr8"}
{"type":"operationStart","subtype":"recipe","name":"html","timestamp":1767126174787,"id":"v9j4o21btvq7kin","previousEventId":"501v3e5thhlf59o","operationId":"kqucc1fx8xw9pwp","previousOperationId":"u1yl67q8ic22xr8"}
{"type":"log","timestamp":1767126174787,"level":"debug","message":"Executing recipe html","meta":{"rootId":"0yhmxzz3o6cek22","id":"irj815mlkazzbo2"},"id":"dtldonsbjgsp3o7","previousOperationId":"kqucc1fx8xw9pwp"}
{"type":"operationEnd","operationId":"kqucc1fx8xw9pwp","timestamp":1767126174787,"id":"tx2nl0cqczzwjqh","previousEventId":"v9j4o21btvq7kin","previousOperationId":"kqucc1fx8xw9pwp"}
{"type":"log","timestamp":1767126174787,"level":"debug","message":"Skipping storing report.","meta":{"rootId":"0yhmxzz3o6cek22","id":"irj815mlkazzbo2"},"id":"6du6q3y7r2ne63q","previousOperationId":"kqucc1fx8xw9pwp"}
{"type":"log","timestamp":1767126174787,"level":"info","message":"Rendering (child) request finished in 1491 ms","meta":{"rootId":"0yhmxzz3o6cek22","id":"irj815mlkazzbo2"},"id":"9p78rj2t4eurq95","previousOperationId":"kqucc1fx8xw9pwp"}
{"type":"operationEnd","subtype":"render","operationId":"thwyavges8ypqbt","timestamp":1767126174787,"id":"r6ialuhuy47h84o","previousEventId":"tx2nl0cqczzwjqh","previousOperationId":"kqucc1fx8xw9pwp"}
{"type":"log","timestamp":1767126178309,"level":"debug","message":"pptx successfully zipped","meta":{"rootId":"0yhmxzz3o6cek22","id":"0yhmxzz3o6cek22"},"id":"14tjcb49kvgj546","previousOperationId":"maw7ndetb0w0e3r"}
{"type":"log","timestamp":1767126178309,"level":"info","message":"pptx generation was finished","meta":{"rootId":"0yhmxzz3o6cek22","id":"0yhmxzz3o6cek22"},"id":"dv4ajrsuu7ax22x","previousOperationId":"maw7ndetb0w0e3r"}
{"type":"operationEnd","operationId":"maw7ndetb0w0e3r","timestamp":1767126178317,"id":"64rqt2bm4bpnifz","previousEventId":"fhvc056dopvnszz","previousOperationId":"maw7ndetb0w0e3r"}
{"type":"log","timestamp":1767126178317,"level":"debug","message":"Skipping storing report.","meta":{"rootId":"0yhmxzz3o6cek22","id":"0yhmxzz3o6cek22"},"id":"7ouqt1dyrvv39dv","previousOperationId":"maw7ndetb0w0e3r"}
{"type":"log","timestamp":1767126178317,"level":"info","message":"Rendering request 10 finished in 5021 ms","meta":{"rootId":"0yhmxzz3o6cek22","id":"0yhmxzz3o6cek22"},"id":"3jpki2ch2psp3k5","previousOperationId":"maw7ndetb0w0e3r"}
{"type":"operationEnd","subtype":"render","operationId":"g8x3p2a3su75emz","timestamp":1767126178317,"id":"84e0e28y7jmkm9n","previousEventId":"64rqt2bm4bpnifz","previousOperationId":"maw7ndetb0w0e3r"}
{"type":"operationEnd","doDiffs":false,"previousEventId":"comm7nv6fhef2sw","previousOperationId":"rn4fxq29ehvo5bh","operationId":"rn4fxq29ehvo5bh","timestamp":1767126178321,"id":"e6ja4e6klaocm9f"}
