{"type":"operationStart","subtype":"profile","data":{"_id":"hIQU6Mec1JYh5chh","timestamp":"2025-12-30T16:57:05.445Z","state":"running","mode":"standard","creationDate":"2025-12-30T16:57:05.453Z","modificationDate":"2025-12-30T16:57:05.453Z","shortid":"bJ8BA1u","$entitySet":"profiles","timeout":60000},"doDiffs":false,"timestamp":1767113825449,"id":"qxubcobinsc0i6j","previousOperationId":null,"operationId":"j59cq5pm3c91iad"}
{"type":"log","level":"info","message":"Render request 1 queued for execution and waiting for available worker","previousOperationId":"j59cq5pm3c91iad","timestamp":1767113825449,"id":"cg414dxkp813amw"}
{"type":"operationStart","subtype":"render","name":"anonymous","previousOperationId":"j59cq5pm3c91iad","timestamp":1767113825529,"id":"do1fu7pxgo832h4","previousEventId":"qxubcobinsc0i6j","operationId":"pd18yh5fyk09a1o"}
{"type":"log","timestamp":1767113825531,"level":"info","message":"Starting rendering request 1","meta":{"rootId":"10toqn3u8v3qdr1","id":"10toqn3u8v3qdr1"},"id":"1o09r8pii0nf8tb","previousOperationId":"pd18yh5fyk09a1o"}
{"type":"log","timestamp":1767113825534,"level":"info","message":"Rendering anonymous template { recipe: pptx, engine: handlebars }","meta":{"rootId":"10toqn3u8v3qdr1","id":"10toqn3u8v3qdr1"},"id":"xwlfanklbsbmks8","previousOperationId":"pd18yh5fyk09a1o"}
{"type":"log","timestamp":1767113825534,"level":"debug","message":"Inline data specified.","meta":{"rootId":"10toqn3u8v3qdr1","id":"10toqn3u8v3qdr1"},"id":"qesfxtw7tsz4z7e","previousOperationId":"pd18yh5fyk09a1o"}
{"type":"log","timestamp":1767113825544,"level":"debug","message":"Base url not specified, skipping its injection.","meta":{"rootId":"10toqn3u8v3qdr1","id":"10toqn3u8v3qdr1"},"id":"x2fx4tct2fokfaq","previousOperationId":"pd18yh5fyk09a1o"}
{"type":"operationStart","subtype":"engine","name":"handlebars","timestamp":1767113825547,"id":"th35y5khft02ji1","previousEventId":"do1fu7pxgo832h4","operationId":"3530m7t7172pvka","previousOperationId":"pd18yh5fyk09a1o"}
{"type":"log","timestamp":1767113825547,"level":"debug","message":"Rendering engine handlebars","meta":{"rootId":"10toqn3u8v3qdr1","id":"10toqn3u8v3qdr1"},"id":"8w35k3869uzqfcp","previousOperationId":"3530m7t7172pvka"}
{"type":"operationEnd","operationId":"3530m7t7172pvka","timestamp":1767113826831,"id":"mlwak8gtewz53mm","previousEventId":"th35y5khft02ji1","previousOperationId":"3530m7t7172pvka"}
{"type":"operationStart","subtype":"recipe","name":"pptx","timestamp":1767113826832,"id":"laexenpsplly66h","previousEventId":"mlwak8gtewz53mm","operationId":"wph81s09nl9mzi9","previousOperationId":"3530m7t7172pvka"}
{"type":"log","timestamp":1767113826832,"level":"debug","message":"Executing recipe pptx","meta":{"rootId":"10toqn3u8v3qdr1","id":"10toqn3u8v3qdr1"},"id":"edn7arufieb4zia","previousOperationId":"wph81s09nl9mzi9"}
{"type":"log","timestamp":1767113827108,"level":"info","message":"pptx generation is starting","meta":{"rootId":"10toqn3u8v3qdr1","id":"10toqn3u8v3qdr1"},"id":"ve9p44c8ik2apx5","previousOperationId":"wph81s09nl9mzi9"}
{"type":"log","timestamp":1767113828985,"level":"debug","message":"Starting child request to render pptx dynamic parts","meta":{"rootId":"10toqn3u8v3qdr1","id":"10toqn3u8v3qdr1"},"id":"s146d0sgpnyoxn9","previousOperationId":"wph81s09nl9mzi9"}
{"type":"operationStart","subtype":"render","name":"anonymous","previousOperationId":"wph81s09nl9mzi9","timestamp":1767113828987,"id":"c5k9236hnzrawzd","previousEventId":"laexenpsplly66h","operationId":"r36jqus3fg4qcgx"}
{"type":"log","timestamp":1767113828987,"level":"info","message":"Starting rendering (child) request","meta":{"rootId":"10toqn3u8v3qdr1","id":"7jhhantz98350xx"},"id":"g79ppcc77lp213l","previousOperationId":"r36jqus3fg4qcgx"}
{"type":"log","timestamp":1767113828988,"level":"info","message":"Rendering anonymous template { recipe: html, engine: handlebars }","meta":{"rootId":"10toqn3u8v3qdr1","id":"7jhhantz98350xx"},"id":"oy35itomqiomdnz","previousOperationId":"r36jqus3fg4qcgx"}
{"type":"log","timestamp":1767113828988,"level":"debug","message":"Inline data specified.","meta":{"rootId":"10toqn3u8v3qdr1","id":"7jhhantz98350xx"},"id":"b27xnej5cy6ihuo","previousOperationId":"r36jqus3fg4qcgx"}
{"type":"log","timestamp":1767113828995,"level":"debug","message":"Base url not specified, skipping its injection.","meta":{"rootId":"10toqn3u8v3qdr1","id":"7jhhantz98350xx"},"id":"7hl2ajf0ys0phw5","previousOperationId":"r36jqus3fg4qcgx"}
{"type":"operationStart","subtype":"engine","name":"handlebars","timestamp":1767113828997,"id":"xgnrgemii76e7ow","previousEventId":"c5k9236hnzrawzd","operationId":"ar22b3yf0mcxqk3","previousOperationId":"r36jqus3fg4qcgx"}
{"type":"log","timestamp":1767113828997,"level":"debug","message":"Rendering engine handlebars","meta":{"rootId":"10toqn3u8v3qdr1","id":"7jhhantz98350xx"},"id":"ucfan88bthefcy1","previousOperationId":"ar22b3yf0mcxqk3"}
{"type":"log","timestamp":1767113829215,"level":"debug","message":"(console:log) {\n  type: 'echarts@v5a',\n  width: 848,\n  height: 409,\n  option: { radar: [ [Object] ], series: [ [Object] ] }\n}","meta":{"userLevel":true,"rootId":"10toqn3u8v3qdr1","id":"7jhhantz98350xx"},"id":"cccb8jxi5djgekd","previousOperationId":"ar22b3yf0mcxqk3"}
{"type":"operationEnd","operationId":"ar22b3yf0mcxqk3","timestamp":1767113829228,"id":"tcnhvrpg8yi76uw","previousEventId":"xgnrgemii76e7ow","previousOperationId":"ar22b3yf0mcxqk3"}
{"type":"operationStart","subtype":"recipe","name":"html","timestamp":1767113829243,"id":"ncssv08jmvdxcnw","previousEventId":"tcnhvrpg8yi76uw","operationId":"hk1q3zqj5qfb8uk","previousOperationId":"ar22b3yf0mcxqk3"}
{"type":"log","timestamp":1767113829244,"level":"debug","message":"Executing recipe html","meta":{"rootId":"10toqn3u8v3qdr1","id":"7jhhantz98350xx"},"id":"p30dd9ivuuungbv","previousOperationId":"hk1q3zqj5qfb8uk"}
{"type":"operationEnd","operationId":"hk1q3zqj5qfb8uk","timestamp":1767113829244,"id":"zsizibzic0flbl2","previousEventId":"ncssv08jmvdxcnw","previousOperationId":"hk1q3zqj5qfb8uk"}
{"type":"log","timestamp":1767113829245,"level":"debug","message":"Skipping storing report.","meta":{"rootId":"10toqn3u8v3qdr1","id":"7jhhantz98350xx"},"id":"yi4eeelv7dr3io3","previousOperationId":"hk1q3zqj5qfb8uk"}
{"type":"log","timestamp":1767113829246,"level":"info","message":"Rendering (child) request finished in 3803 ms","meta":{"rootId":"10toqn3u8v3qdr1","id":"7jhhantz98350xx"},"id":"1apfvstzsi5pe8s","previousOperationId":"hk1q3zqj5qfb8uk"}
{"type":"operationEnd","subtype":"render","operationId":"r36jqus3fg4qcgx","timestamp":1767113829246,"id":"64j3401o92hx3l8","previousEventId":"zsizibzic0flbl2","previousOperationId":"hk1q3zqj5qfb8uk"}
{"type":"log","timestamp":1767113838870,"level":"debug","message":"pptx successfully zipped","meta":{"rootId":"10toqn3u8v3qdr1","id":"10toqn3u8v3qdr1"},"id":"a92hsbygaa1l1cz","previousOperationId":"wph81s09nl9mzi9"}
{"type":"log","timestamp":1767113838871,"level":"info","message":"pptx generation was finished","meta":{"rootId":"10toqn3u8v3qdr1","id":"10toqn3u8v3qdr1"},"id":"9ynhv4lrwyx4sqq","previousOperationId":"wph81s09nl9mzi9"}
{"type":"operationEnd","operationId":"wph81s09nl9mzi9","timestamp":1767113838887,"id":"c9eobwoxojnq5ni","previousEventId":"laexenpsplly66h","previousOperationId":"wph81s09nl9mzi9"}
{"type":"log","timestamp":1767113838887,"level":"debug","message":"Skipping storing report.","meta":{"rootId":"10toqn3u8v3qdr1","id":"10toqn3u8v3qdr1"},"id":"c76l046t5zi98p4","previousOperationId":"wph81s09nl9mzi9"}
{"type":"log","timestamp":1767113838887,"level":"info","message":"Rendering request 1 finished in 13444 ms","meta":{"rootId":"10toqn3u8v3qdr1","id":"10toqn3u8v3qdr1"},"id":"j51adep2np54d6f","previousOperationId":"wph81s09nl9mzi9"}
{"type":"operationEnd","subtype":"render","operationId":"pd18yh5fyk09a1o","timestamp":1767113838887,"id":"0t64a2cxpnz2bol","previousEventId":"c9eobwoxojnq5ni","previousOperationId":"wph81s09nl9mzi9"}
{"type":"operationEnd","doDiffs":false,"previousEventId":"qxubcobinsc0i6j","previousOperationId":"j59cq5pm3c91iad","operationId":"j59cq5pm3c91iad","timestamp":1767113838895,"id":"dynz1i19ektcsfq"}
