{"type":"operationStart","subtype":"profile","data":{"_id":"4SeHNkFnxmuGgy8b","timestamp":"2025-12-30T17:21:11.608Z","state":"running","mode":"standard","creationDate":"2025-12-30T17:21:11.614Z","modificationDate":"2025-12-30T17:21:11.614Z","shortid":"quBqChV","$entitySet":"profiles","timeout":60000},"doDiffs":false,"timestamp":1767115271612,"id":"bvaq35uwhyfmoka","previousOperationId":null,"operationId":"h8vdjbjcnjsotvh"}
{"type":"log","level":"info","message":"Render request 9 queued for execution and waiting for available worker","previousOperationId":"h8vdjbjcnjsotvh","timestamp":1767115271612,"id":"ketput8vkhz7oy2"}
{"type":"operationStart","subtype":"render","name":"anonymous","previousOperationId":"h8vdjbjcnjsotvh","timestamp":1767115271669,"id":"1ulmosp37l82se9","previousEventId":"bvaq35uwhyfmoka","operationId":"m1dn243eqmteexc"}
{"type":"log","timestamp":1767115271669,"level":"info","message":"Starting rendering request 9","meta":{"rootId":"1d1e2n4qprqa3rp","id":"1d1e2n4qprqa3rp"},"id":"dg3q30oiui5iklu","previousOperationId":"m1dn243eqmteexc"}
{"type":"log","timestamp":1767115271670,"level":"info","message":"Rendering anonymous template { recipe: pptx, engine: handlebars }","meta":{"rootId":"1d1e2n4qprqa3rp","id":"1d1e2n4qprqa3rp"},"id":"8w3knb03kd3p0qc","previousOperationId":"m1dn243eqmteexc"}
{"type":"log","timestamp":1767115271670,"level":"debug","message":"Inline data specified.","meta":{"rootId":"1d1e2n4qprqa3rp","id":"1d1e2n4qprqa3rp"},"id":"mzbvgsa77r1ap9e","previousOperationId":"m1dn243eqmteexc"}
{"type":"log","timestamp":1767115271673,"level":"debug","message":"Base url not specified, skipping its injection.","meta":{"rootId":"1d1e2n4qprqa3rp","id":"1d1e2n4qprqa3rp"},"id":"zb2tryc2qnfe65z","previousOperationId":"m1dn243eqmteexc"}
{"type":"operationStart","subtype":"engine","name":"handlebars","timestamp":1767115271673,"id":"benbblq6iwbpaw4","previousEventId":"1ulmosp37l82se9","operationId":"3u6y71qn40s0vcy","previousOperationId":"m1dn243eqmteexc"}
{"type":"log","timestamp":1767115271673,"level":"debug","message":"Rendering engine handlebars","meta":{"rootId":"1d1e2n4qprqa3rp","id":"1d1e2n4qprqa3rp"},"id":"c5tzov30jiwm76c","previousOperationId":"3u6y71qn40s0vcy"}
{"type":"operationEnd","operationId":"3u6y71qn40s0vcy","timestamp":1767115271692,"id":"cx68jaizsqyanm6","previousEventId":"benbblq6iwbpaw4","previousOperationId":"3u6y71qn40s0vcy"}
{"type":"operationStart","subtype":"recipe","name":"pptx","timestamp":1767115271692,"id":"xuehcslvos644sc","previousEventId":"cx68jaizsqyanm6","operationId":"a4aze2k88qbqym1","previousOperationId":"3u6y71qn40s0vcy"}
{"type":"log","timestamp":1767115271692,"level":"debug","message":"Executing recipe pptx","meta":{"rootId":"1d1e2n4qprqa3rp","id":"1d1e2n4qprqa3rp"},"id":"c4mymvy38oru2f5","previousOperationId":"a4aze2k88qbqym1"}
{"type":"log","timestamp":1767115271714,"level":"info","message":"pptx generation is starting","meta":{"rootId":"1d1e2n4qprqa3rp","id":"1d1e2n4qprqa3rp"},"id":"ql642w86u4nub6r","previousOperationId":"a4aze2k88qbqym1"}
{"type":"log","timestamp":1767115273544,"level":"debug","message":"Starting child request to render pptx dynamic parts","meta":{"rootId":"1d1e2n4qprqa3rp","id":"1d1e2n4qprqa3rp"},"id":"1j6b2hwhnsm6ksh","previousOperationId":"a4aze2k88qbqym1"}
{"type":"operationStart","subtype":"render","name":"anonymous","previousOperationId":"a4aze2k88qbqym1","timestamp":1767115273544,"id":"ngi920i96stgxf8","previousEventId":"xuehcslvos644sc","operationId":"2hubsnc124wmbz5"}
{"type":"log","timestamp":1767115273545,"level":"info","message":"Starting rendering (child) request","meta":{"rootId":"1d1e2n4qprqa3rp","id":"mttyd8jcwh4pd51"},"id":"ps5k8lu7tkjvof5","previousOperationId":"2hubsnc124wmbz5"}
{"type":"log","timestamp":1767115273545,"level":"info","message":"Rendering anonymous template { recipe: html, engine: handlebars }","meta":{"rootId":"1d1e2n4qprqa3rp","id":"mttyd8jcwh4pd51"},"id":"pfgizmi2uqmfb3y","previousOperationId":"2hubsnc124wmbz5"}
{"type":"log","timestamp":1767115273545,"level":"debug","message":"Inline data specified.","meta":{"rootId":"1d1e2n4qprqa3rp","id":"mttyd8jcwh4pd51"},"id":"ct2kkzlozb6endp","previousOperationId":"2hubsnc124wmbz5"}
{"type":"log","timestamp":1767115273553,"level":"debug","message":"Base url not specified, skipping its injection.","meta":{"rootId":"1d1e2n4qprqa3rp","id":"mttyd8jcwh4pd51"},"id":"5n2vnn4zk78m9f5","previousOperationId":"2hubsnc124wmbz5"}
{"type":"operationStart","subtype":"engine","name":"handlebars","timestamp":1767115273555,"id":"r8mtrauf82q85ii","previousEventId":"ngi920i96stgxf8","operationId":"8klsbmfqefhr13m","previousOperationId":"2hubsnc124wmbz5"}
{"type":"log","timestamp":1767115273555,"level":"debug","message":"Rendering engine handlebars","meta":{"rootId":"1d1e2n4qprqa3rp","id":"mttyd8jcwh4pd51"},"id":"z6krka3g661z5oc","previousOperationId":"8klsbmfqefhr13m"}
{"type":"log","timestamp":1767115273746,"level":"debug","message":"(console:log) {\n  type: 'echarts@v5a',\n  width: 848,\n  height: 409,\n  option: { radar: [ [Object] ], series: [ [Object] ] }\n}","meta":{"userLevel":true,"rootId":"1d1e2n4qprqa3rp","id":"mttyd8jcwh4pd51"},"id":"futv8jdiluhnqp5","previousOperationId":"8klsbmfqefhr13m"}
{"type":"operationEnd","operationId":"8klsbmfqefhr13m","timestamp":1767115273760,"id":"b6tjzx3s0x8kjx9","previousEventId":"r8mtrauf82q85ii","previousOperationId":"8klsbmfqefhr13m"}
{"type":"operationStart","subtype":"recipe","name":"html","timestamp":1767115273779,"id":"mxejqawrafiyr6b","previousEventId":"b6tjzx3s0x8kjx9","operationId":"rd2i20h7npgudzq","previousOperationId":"8klsbmfqefhr13m"}
{"type":"log","timestamp":1767115273780,"level":"debug","message":"Executing recipe html","meta":{"rootId":"1d1e2n4qprqa3rp","id":"mttyd8jcwh4pd51"},"id":"8428hmlzbyu8u5u","previousOperationId":"rd2i20h7npgudzq"}
{"type":"operationEnd","operationId":"rd2i20h7npgudzq","timestamp":1767115273780,"id":"yzzg45l2str8j9v","previousEventId":"mxejqawrafiyr6b","previousOperationId":"rd2i20h7npgudzq"}
{"type":"log","timestamp":1767115273780,"level":"debug","message":"Skipping storing report.","meta":{"rootId":"1d1e2n4qprqa3rp","id":"mttyd8jcwh4pd51"},"id":"aim12arhl57q6da","previousOperationId":"rd2i20h7npgudzq"}
{"type":"log","timestamp":1767115273780,"level":"info","message":"Rendering (child) request finished in 2174 ms","meta":{"rootId":"1d1e2n4qprqa3rp","id":"mttyd8jcwh4pd51"},"id":"4vv93kfqg4dl8lp","previousOperationId":"rd2i20h7npgudzq"}
{"type":"operationEnd","subtype":"render","operationId":"2hubsnc124wmbz5","timestamp":1767115273780,"id":"8gatyq0sdcevgo2","previousEventId":"yzzg45l2str8j9v","previousOperationId":"rd2i20h7npgudzq"}
{"type":"log","timestamp":1767115282569,"level":"debug","message":"pptx successfully zipped","meta":{"rootId":"1d1e2n4qprqa3rp","id":"1d1e2n4qprqa3rp"},"id":"qptg6na80va6j6p","previousOperationId":"a4aze2k88qbqym1"}
{"type":"log","timestamp":1767115282569,"level":"info","message":"pptx generation was finished","meta":{"rootId":"1d1e2n4qprqa3rp","id":"1d1e2n4qprqa3rp"},"id":"81bawsoj3lj33h2","previousOperationId":"a4aze2k88qbqym1"}
{"type":"operationEnd","operationId":"a4aze2k88qbqym1","timestamp":1767115282581,"id":"6qybr83qkjd3pma","previousEventId":"xuehcslvos644sc","previousOperationId":"a4aze2k88qbqym1"}
{"type":"log","timestamp":1767115282581,"level":"debug","message":"Skipping storing report.","meta":{"rootId":"1d1e2n4qprqa3rp","id":"1d1e2n4qprqa3rp"},"id":"hvwbowndzhb7dyp","previousOperationId":"a4aze2k88qbqym1"}
{"type":"log","timestamp":1767115282581,"level":"info","message":"Rendering request 9 finished in 10975 ms","meta":{"rootId":"1d1e2n4qprqa3rp","id":"1d1e2n4qprqa3rp"},"id":"kzld3hhm9xduxps","previousOperationId":"a4aze2k88qbqym1"}
{"type":"operationEnd","subtype":"render","operationId":"m1dn243eqmteexc","timestamp":1767115282581,"id":"0abht14uidpwat3","previousEventId":"6qybr83qkjd3pma","previousOperationId":"a4aze2k88qbqym1"}
{"type":"operationEnd","doDiffs":false,"previousEventId":"bvaq35uwhyfmoka","previousOperationId":"h8vdjbjcnjsotvh","operationId":"h8vdjbjcnjsotvh","timestamp":1767115282587,"id":"n4vpf2scykvvk95"}
