{"type":"operationStart","subtype":"profile","data":{"_id":"gJWRNhnOuAcy394Z","timestamp":"2025-12-31T12:12:09.328Z","state":"running","mode":"standard","creationDate":"2025-12-31T12:12:09.334Z","modificationDate":"2025-12-31T12:12:09.334Z","shortid":"s5xo0yv","$entitySet":"profiles","timeout":60000},"doDiffs":false,"timestamp":1767183129332,"id":"xxxmq8cpalijhna","previousOperationId":null,"operationId":"ci3s84bs7pdx63w"}
{"type":"log","level":"info","message":"Render request 53 queued for execution and waiting for available worker","previousOperationId":"ci3s84bs7pdx63w","timestamp":1767183129332,"id":"hhyt7ek8gcg3v68"}
{"type":"operationStart","subtype":"render","name":"anonymous","previousOperationId":"ci3s84bs7pdx63w","timestamp":1767183129389,"id":"t4kz5o370yy27if","previousEventId":"xxxmq8cpalijhna","operationId":"rtet28wm4aa9aty"}
{"type":"log","timestamp":1767183129389,"level":"info","message":"Starting rendering request 53","meta":{"rootId":"1guug7z5if7zmke","id":"1guug7z5if7zmke"},"id":"xkj64dkla839a6c","previousOperationId":"rtet28wm4aa9aty"}
{"type":"log","timestamp":1767183129390,"level":"info","message":"Rendering anonymous template { recipe: pptx, engine: handlebars }","meta":{"rootId":"1guug7z5if7zmke","id":"1guug7z5if7zmke"},"id":"w9w6mkym6rx3zoj","previousOperationId":"rtet28wm4aa9aty"}
{"type":"log","timestamp":1767183129390,"level":"debug","message":"Inline data specified.","meta":{"rootId":"1guug7z5if7zmke","id":"1guug7z5if7zmke"},"id":"o8471rz6mbpazal","previousOperationId":"rtet28wm4aa9aty"}
{"type":"log","timestamp":1767183129395,"level":"debug","message":"Base url not specified, skipping its injection.","meta":{"rootId":"1guug7z5if7zmke","id":"1guug7z5if7zmke"},"id":"7ulqtjzbmaf8c50","previousOperationId":"rtet28wm4aa9aty"}
{"type":"operationStart","subtype":"engine","name":"handlebars","timestamp":1767183129395,"id":"m9k2369ik1tr7og","previousEventId":"t4kz5o370yy27if","operationId":"5k339irws4lax8n","previousOperationId":"rtet28wm4aa9aty"}
{"type":"log","timestamp":1767183129396,"level":"debug","message":"Rendering engine handlebars","meta":{"rootId":"1guug7z5if7zmke","id":"1guug7z5if7zmke"},"id":"0pzv0r6y44bu22m","previousOperationId":"5k339irws4lax8n"}
{"type":"operationEnd","operationId":"5k339irws4lax8n","timestamp":1767183129419,"id":"hf8hz5h610rvdna","previousEventId":"m9k2369ik1tr7og","previousOperationId":"5k339irws4lax8n"}
{"type":"operationStart","subtype":"recipe","name":"pptx","timestamp":1767183129420,"id":"qgvkcv079ytp3fo","previousEventId":"hf8hz5h610rvdna","operationId":"grig217o9y5gqjc","previousOperationId":"5k339irws4lax8n"}
{"type":"log","timestamp":1767183129420,"level":"debug","message":"Executing recipe pptx","meta":{"rootId":"1guug7z5if7zmke","id":"1guug7z5if7zmke"},"id":"a4xm5girh2eq9ve","previousOperationId":"grig217o9y5gqjc"}
{"type":"log","timestamp":1767183129447,"level":"info","message":"pptx generation is starting","meta":{"rootId":"1guug7z5if7zmke","id":"1guug7z5if7zmke"},"id":"24fm4g27qbxy8ds","previousOperationId":"grig217o9y5gqjc"}
{"type":"log","timestamp":1767183131446,"level":"debug","message":"Starting child request to render pptx dynamic parts","meta":{"rootId":"1guug7z5if7zmke","id":"1guug7z5if7zmke"},"id":"yg83qt8qslatu58","previousOperationId":"grig217o9y5gqjc"}
{"type":"operationStart","subtype":"render","name":"anonymous","previousOperationId":"grig217o9y5gqjc","timestamp":1767183131446,"id":"42t9b8jjmkqzt74","previousEventId":"qgvkcv079ytp3fo","operationId":"ptpcwrplpwnefwv"}
{"type":"log","timestamp":1767183131446,"level":"info","message":"Starting rendering (child) request","meta":{"rootId":"1guug7z5if7zmke","id":"efsn1ydccwuhwpo"},"id":"j84mh94rze2961n","previousOperationId":"ptpcwrplpwnefwv"}
{"type":"log","timestamp":1767183131446,"level":"info","message":"Rendering anonymous template { recipe: html, engine: handlebars }","meta":{"rootId":"1guug7z5if7zmke","id":"efsn1ydccwuhwpo"},"id":"22ojhrvvc0xe7wi","previousOperationId":"ptpcwrplpwnefwv"}
{"type":"log","timestamp":1767183131446,"level":"debug","message":"Inline data specified.","meta":{"rootId":"1guug7z5if7zmke","id":"efsn1ydccwuhwpo"},"id":"7cuf3ovikkusg4t","previousOperationId":"ptpcwrplpwnefwv"}
{"type":"log","timestamp":1767183131452,"level":"debug","message":"Base url not specified, skipping its injection.","meta":{"rootId":"1guug7z5if7zmke","id":"efsn1ydccwuhwpo"},"id":"4u38eqwvvbn9k3b","previousOperationId":"ptpcwrplpwnefwv"}
{"type":"operationStart","subtype":"engine","name":"handlebars","timestamp":1767183131454,"id":"p0j96d976dgfuca","previousEventId":"42t9b8jjmkqzt74","operationId":"8lb9gv3xacog60g","previousOperationId":"ptpcwrplpwnefwv"}
{"type":"log","timestamp":1767183131454,"level":"debug","message":"Rendering engine handlebars","meta":{"rootId":"1guug7z5if7zmke","id":"efsn1ydccwuhwpo"},"id":"vzw0x93182sfmuw","previousOperationId":"8lb9gv3xacog60g"}
{"type":"log","timestamp":1767183131694,"level":"debug","message":"(console:log) {\n  type: 'echarts@v5a',\n  width: 848,\n  height: 409,\n  option: { radar: [ [Object] ], series: [ [Object] ] }\n}","meta":{"userLevel":true,"rootId":"1guug7z5if7zmke","id":"efsn1ydccwuhwpo"},"id":"f0oxd1lwl9wkptj","previousOperationId":"8lb9gv3xacog60g"}
{"type":"operationEnd","operationId":"8lb9gv3xacog60g","timestamp":1767183131709,"id":"24aj0qtz65xwy18","previousEventId":"p0j96d976dgfuca","previousOperationId":"8lb9gv3xacog60g"}
{"type":"operationStart","subtype":"recipe","name":"html","timestamp":1767183131733,"id":"genrzj4hqexzi35","previousEventId":"24aj0qtz65xwy18","operationId":"kzr41fxvdjf79eo","previousOperationId":"8lb9gv3xacog60g"}
{"type":"log","timestamp":1767183131733,"level":"debug","message":"Executing recipe html","meta":{"rootId":"1guug7z5if7zmke","id":"efsn1ydccwuhwpo"},"id":"2ozl694fwuoyfyc","previousOperationId":"kzr41fxvdjf79eo"}
{"type":"operationEnd","operationId":"kzr41fxvdjf79eo","timestamp":1767183131734,"id":"j9u3wblnit78joo","previousEventId":"genrzj4hqexzi35","previousOperationId":"kzr41fxvdjf79eo"}
{"type":"log","timestamp":1767183131734,"level":"debug","message":"Skipping storing report.","meta":{"rootId":"1guug7z5if7zmke","id":"efsn1ydccwuhwpo"},"id":"20yjygw85v9hazx","previousOperationId":"kzr41fxvdjf79eo"}
{"type":"log","timestamp":1767183131734,"level":"info","message":"Rendering (child) request finished in 2408 ms","meta":{"rootId":"1guug7z5if7zmke","id":"efsn1ydccwuhwpo"},"id":"7sj0esv3cec41ay","previousOperationId":"kzr41fxvdjf79eo"}
{"type":"operationEnd","subtype":"render","operationId":"ptpcwrplpwnefwv","timestamp":1767183131734,"id":"vo40jjvxirtivqe","previousEventId":"j9u3wblnit78joo","previousOperationId":"kzr41fxvdjf79eo"}
{"type":"log","timestamp":1767183137903,"level":"debug","message":"pptx successfully zipped","meta":{"rootId":"1guug7z5if7zmke","id":"1guug7z5if7zmke"},"id":"wz137hn1cxq83dr","previousOperationId":"grig217o9y5gqjc"}
{"type":"log","timestamp":1767183137903,"level":"info","message":"pptx generation was finished","meta":{"rootId":"1guug7z5if7zmke","id":"1guug7z5if7zmke"},"id":"fhf8gqwzup3kgaj","previousOperationId":"grig217o9y5gqjc"}
{"type":"operationEnd","operationId":"grig217o9y5gqjc","timestamp":1767183137914,"id":"i451w8a6a35n4fl","previousEventId":"qgvkcv079ytp3fo","previousOperationId":"grig217o9y5gqjc"}
{"type":"log","timestamp":1767183137915,"level":"debug","message":"Skipping storing report.","meta":{"rootId":"1guug7z5if7zmke","id":"1guug7z5if7zmke"},"id":"5ud3qd77qn2t15y","previousOperationId":"grig217o9y5gqjc"}
{"type":"log","timestamp":1767183137915,"level":"info","message":"Rendering request 53 finished in 8589 ms","meta":{"rootId":"1guug7z5if7zmke","id":"1guug7z5if7zmke"},"id":"es3mgoq1d3l0s0d","previousOperationId":"grig217o9y5gqjc"}
{"type":"operationEnd","subtype":"render","operationId":"rtet28wm4aa9aty","timestamp":1767183137915,"id":"254wzh8wgr9fcw5","previousEventId":"i451w8a6a35n4fl","previousOperationId":"grig217o9y5gqjc"}
{"type":"operationEnd","doDiffs":false,"previousEventId":"xxxmq8cpalijhna","previousOperationId":"ci3s84bs7pdx63w","operationId":"ci3s84bs7pdx63w","timestamp":1767183137920,"id":"2ew8m6ie8ogztnk"}
