{"type":"operationStart","subtype":"profile","data":{"_id":"jmQXO4lCWM6qIzUe","timestamp":"2025-12-31T10:27:46.338Z","state":"running","mode":"standard","creationDate":"2025-12-31T10:27:46.343Z","modificationDate":"2025-12-31T10:27:46.343Z","shortid":"FdCNB5y","$entitySet":"profiles","timeout":60000},"doDiffs":false,"timestamp":1767176866341,"id":"p4sc507keayix4c","previousOperationId":null,"operationId":"pjh60jzjzixcotr"}
{"type":"log","level":"info","message":"Render request 17 queued for execution and waiting for available worker","previousOperationId":"pjh60jzjzixcotr","timestamp":1767176866341,"id":"q5f214qj44g3hbb"}
{"type":"operationStart","subtype":"render","name":"anonymous","previousOperationId":"pjh60jzjzixcotr","timestamp":1767176866396,"id":"ahumehu37x8lu37","previousEventId":"p4sc507keayix4c","operationId":"ik071eq20tpxnus"}
{"type":"log","timestamp":1767176866396,"level":"info","message":"Starting rendering request 17","meta":{"rootId":"1jdlfn3nblwvk5x","id":"1jdlfn3nblwvk5x"},"id":"4mwepka8ii3kcdh","previousOperationId":"ik071eq20tpxnus"}
{"type":"log","timestamp":1767176866397,"level":"info","message":"Rendering anonymous template { recipe: pptx, engine: handlebars }","meta":{"rootId":"1jdlfn3nblwvk5x","id":"1jdlfn3nblwvk5x"},"id":"io74xf0vph7h6pb","previousOperationId":"ik071eq20tpxnus"}
{"type":"log","timestamp":1767176866397,"level":"debug","message":"Inline data specified.","meta":{"rootId":"1jdlfn3nblwvk5x","id":"1jdlfn3nblwvk5x"},"id":"vuwnatuhk3wvckv","previousOperationId":"ik071eq20tpxnus"}
{"type":"log","timestamp":1767176866400,"level":"debug","message":"Base url not specified, skipping its injection.","meta":{"rootId":"1jdlfn3nblwvk5x","id":"1jdlfn3nblwvk5x"},"id":"a2n8ukymqjqd3fr","previousOperationId":"ik071eq20tpxnus"}
{"type":"operationStart","subtype":"engine","name":"handlebars","timestamp":1767176866401,"id":"xdjcshjyrfeg9lc","previousEventId":"ahumehu37x8lu37","operationId":"4b4rb3pc3wj3uhs","previousOperationId":"ik071eq20tpxnus"}
{"type":"log","timestamp":1767176866401,"level":"debug","message":"Rendering engine handlebars","meta":{"rootId":"1jdlfn3nblwvk5x","id":"1jdlfn3nblwvk5x"},"id":"0r9spbqguci84p7","previousOperationId":"4b4rb3pc3wj3uhs"}
{"type":"operationEnd","operationId":"4b4rb3pc3wj3uhs","timestamp":1767176866420,"id":"oucpzabi4dkgf1d","previousEventId":"xdjcshjyrfeg9lc","previousOperationId":"4b4rb3pc3wj3uhs"}
{"type":"operationStart","subtype":"recipe","name":"pptx","timestamp":1767176866420,"id":"gmfd7n7wjl4ayi1","previousEventId":"oucpzabi4dkgf1d","operationId":"5c9q88t4957sy9g","previousOperationId":"4b4rb3pc3wj3uhs"}
{"type":"log","timestamp":1767176866420,"level":"debug","message":"Executing recipe pptx","meta":{"rootId":"1jdlfn3nblwvk5x","id":"1jdlfn3nblwvk5x"},"id":"bs6aykcrrfsv6k2","previousOperationId":"5c9q88t4957sy9g"}
{"type":"log","timestamp":1767176866445,"level":"info","message":"pptx generation is starting","meta":{"rootId":"1jdlfn3nblwvk5x","id":"1jdlfn3nblwvk5x"},"id":"9odgwknehyjy0h7","previousOperationId":"5c9q88t4957sy9g"}
{"type":"log","timestamp":1767176868435,"level":"debug","message":"Starting child request to render pptx dynamic parts","meta":{"rootId":"1jdlfn3nblwvk5x","id":"1jdlfn3nblwvk5x"},"id":"ykmmk0lgai94fgt","previousOperationId":"5c9q88t4957sy9g"}
{"type":"operationStart","subtype":"render","name":"anonymous","previousOperationId":"5c9q88t4957sy9g","timestamp":1767176868436,"id":"m2kj0ru9krh8xy2","previousEventId":"gmfd7n7wjl4ayi1","operationId":"4sepr8ycnqu1vt9"}
{"type":"log","timestamp":1767176868436,"level":"info","message":"Starting rendering (child) request","meta":{"rootId":"1jdlfn3nblwvk5x","id":"iadam3fre9cgrm3"},"id":"z3lj45hltbap3ut","previousOperationId":"4sepr8ycnqu1vt9"}
{"type":"log","timestamp":1767176868436,"level":"info","message":"Rendering anonymous template { recipe: html, engine: handlebars }","meta":{"rootId":"1jdlfn3nblwvk5x","id":"iadam3fre9cgrm3"},"id":"j5ehuo9z2mobxnp","previousOperationId":"4sepr8ycnqu1vt9"}
{"type":"log","timestamp":1767176868436,"level":"debug","message":"Inline data specified.","meta":{"rootId":"1jdlfn3nblwvk5x","id":"iadam3fre9cgrm3"},"id":"c2d21o1dq1b1tcn","previousOperationId":"4sepr8ycnqu1vt9"}
{"type":"log","timestamp":1767176868441,"level":"debug","message":"Base url not specified, skipping its injection.","meta":{"rootId":"1jdlfn3nblwvk5x","id":"iadam3fre9cgrm3"},"id":"j8wl64ri7w87rru","previousOperationId":"4sepr8ycnqu1vt9"}
{"type":"operationStart","subtype":"engine","name":"handlebars","timestamp":1767176868443,"id":"f5zap5ichookkgb","previousEventId":"m2kj0ru9krh8xy2","operationId":"0crmmgxyasaogtq","previousOperationId":"4sepr8ycnqu1vt9"}
{"type":"log","timestamp":1767176868443,"level":"debug","message":"Rendering engine handlebars","meta":{"rootId":"1jdlfn3nblwvk5x","id":"iadam3fre9cgrm3"},"id":"n24b0riaxnw4kjq","previousOperationId":"0crmmgxyasaogtq"}
{"type":"log","timestamp":1767176868681,"level":"debug","message":"(console:log) {\n  type: 'echarts@v5a',\n  width: 848,\n  height: 409,\n  option: { radar: [ [Object] ], series: [ [Object] ] }\n}","meta":{"userLevel":true,"rootId":"1jdlfn3nblwvk5x","id":"iadam3fre9cgrm3"},"id":"zv0q0kpfic5936i","previousOperationId":"0crmmgxyasaogtq"}
{"type":"operationEnd","operationId":"0crmmgxyasaogtq","timestamp":1767176868698,"id":"qkl2i7gg9cthin4","previousEventId":"f5zap5ichookkgb","previousOperationId":"0crmmgxyasaogtq"}
{"type":"operationStart","subtype":"recipe","name":"html","timestamp":1767176868719,"id":"l8s9p5clil47opz","previousEventId":"qkl2i7gg9cthin4","operationId":"05o3vewei3odnyz","previousOperationId":"0crmmgxyasaogtq"}
{"type":"log","timestamp":1767176868719,"level":"debug","message":"Executing recipe html","meta":{"rootId":"1jdlfn3nblwvk5x","id":"iadam3fre9cgrm3"},"id":"5y9p1j7m06nfzl8","previousOperationId":"05o3vewei3odnyz"}
{"type":"operationEnd","operationId":"05o3vewei3odnyz","timestamp":1767176868719,"id":"9uloluigrj7438l","previousEventId":"l8s9p5clil47opz","previousOperationId":"05o3vewei3odnyz"}
{"type":"log","timestamp":1767176868719,"level":"debug","message":"Skipping storing report.","meta":{"rootId":"1jdlfn3nblwvk5x","id":"iadam3fre9cgrm3"},"id":"nhw1kt51vth1jwr","previousOperationId":"05o3vewei3odnyz"}
{"type":"log","timestamp":1767176868719,"level":"info","message":"Rendering (child) request finished in 2382 ms","meta":{"rootId":"1jdlfn3nblwvk5x","id":"iadam3fre9cgrm3"},"id":"71rb3azeyinlz9p","previousOperationId":"05o3vewei3odnyz"}
{"type":"operationEnd","subtype":"render","operationId":"4sepr8ycnqu1vt9","timestamp":1767176868720,"id":"9p2e0dj3vv17mez","previousEventId":"9uloluigrj7438l","previousOperationId":"05o3vewei3odnyz"}
{"type":"log","timestamp":1767176875205,"level":"debug","message":"pptx successfully zipped","meta":{"rootId":"1jdlfn3nblwvk5x","id":"1jdlfn3nblwvk5x"},"id":"x6wc5y5j301d7oq","previousOperationId":"5c9q88t4957sy9g"}
{"type":"log","timestamp":1767176875206,"level":"info","message":"pptx generation was finished","meta":{"rootId":"1jdlfn3nblwvk5x","id":"1jdlfn3nblwvk5x"},"id":"ls4l6kzz9y9hr0g","previousOperationId":"5c9q88t4957sy9g"}
{"type":"operationEnd","operationId":"5c9q88t4957sy9g","timestamp":1767176875216,"id":"3vczzx4w0xuowk8","previousEventId":"gmfd7n7wjl4ayi1","previousOperationId":"5c9q88t4957sy9g"}
{"type":"log","timestamp":1767176875216,"level":"debug","message":"Skipping storing report.","meta":{"rootId":"1jdlfn3nblwvk5x","id":"1jdlfn3nblwvk5x"},"id":"14tfa5bblpvz3rv","previousOperationId":"5c9q88t4957sy9g"}
{"type":"log","timestamp":1767176875216,"level":"info","message":"Rendering request 17 finished in 8879 ms","meta":{"rootId":"1jdlfn3nblwvk5x","id":"1jdlfn3nblwvk5x"},"id":"74h6t01bd3ru04j","previousOperationId":"5c9q88t4957sy9g"}
{"type":"operationEnd","subtype":"render","operationId":"ik071eq20tpxnus","timestamp":1767176875216,"id":"38d1z1di6v16wws","previousEventId":"3vczzx4w0xuowk8","previousOperationId":"5c9q88t4957sy9g"}
{"type":"operationEnd","doDiffs":false,"previousEventId":"p4sc507keayix4c","previousOperationId":"pjh60jzjzixcotr","operationId":"pjh60jzjzixcotr","timestamp":1767176875226,"id":"8x5gkjtdkt6pds5"}
