{"type":"operationStart","subtype":"profile","data":{"_id":"mnVEadad5DE0qJom","timestamp":"2025-12-31T10:00:49.720Z","state":"running","mode":"standard","creationDate":"2025-12-31T10:00:49.728Z","modificationDate":"2025-12-31T10:00:49.728Z","shortid":"EAbCMdf","$entitySet":"profiles","timeout":60000},"doDiffs":false,"timestamp":1767175249724,"id":"ldev6dw5s5egotj","previousOperationId":null,"operationId":"y6mjxqxfkv7upnm"}
{"type":"log","level":"info","message":"Render request 8 queued for execution and waiting for available worker","previousOperationId":"y6mjxqxfkv7upnm","timestamp":1767175249724,"id":"esa8tspxg5jrtos"}
{"type":"operationStart","subtype":"render","name":"anonymous","previousOperationId":"y6mjxqxfkv7upnm","timestamp":1767175249783,"id":"t2eg268121ad8ef","previousEventId":"ldev6dw5s5egotj","operationId":"546giihy5he0a5k"}
{"type":"log","timestamp":1767175249783,"level":"info","message":"Starting rendering request 8","meta":{"rootId":"1mhn9sowubq31p7","id":"1mhn9sowubq31p7"},"id":"0y1v9ih7pudm6o6","previousOperationId":"546giihy5he0a5k"}
{"type":"log","timestamp":1767175249783,"level":"info","message":"Rendering anonymous template { recipe: pptx, engine: handlebars }","meta":{"rootId":"1mhn9sowubq31p7","id":"1mhn9sowubq31p7"},"id":"jp73snizwe4vam5","previousOperationId":"546giihy5he0a5k"}
{"type":"log","timestamp":1767175249783,"level":"debug","message":"Inline data specified.","meta":{"rootId":"1mhn9sowubq31p7","id":"1mhn9sowubq31p7"},"id":"5d9979xfrtq38a3","previousOperationId":"546giihy5he0a5k"}
{"type":"log","timestamp":1767175249786,"level":"debug","message":"Base url not specified, skipping its injection.","meta":{"rootId":"1mhn9sowubq31p7","id":"1mhn9sowubq31p7"},"id":"92la87d4wi56otr","previousOperationId":"546giihy5he0a5k"}
{"type":"operationStart","subtype":"engine","name":"handlebars","timestamp":1767175249787,"id":"ftgcqfiz34phxa7","previousEventId":"t2eg268121ad8ef","operationId":"k678cfkifl77emm","previousOperationId":"546giihy5he0a5k"}
{"type":"log","timestamp":1767175249787,"level":"debug","message":"Rendering engine handlebars","meta":{"rootId":"1mhn9sowubq31p7","id":"1mhn9sowubq31p7"},"id":"og3dldo94dtn2ix","previousOperationId":"k678cfkifl77emm"}
{"type":"operationEnd","operationId":"k678cfkifl77emm","timestamp":1767175249807,"id":"pp6nzn66v4jp7w0","previousEventId":"ftgcqfiz34phxa7","previousOperationId":"k678cfkifl77emm"}
{"type":"operationStart","subtype":"recipe","name":"pptx","timestamp":1767175249807,"id":"5e91h8g3sp5omn4","previousEventId":"pp6nzn66v4jp7w0","operationId":"e6qbc6z44qx20y0","previousOperationId":"k678cfkifl77emm"}
{"type":"log","timestamp":1767175249807,"level":"debug","message":"Executing recipe pptx","meta":{"rootId":"1mhn9sowubq31p7","id":"1mhn9sowubq31p7"},"id":"1op2me9o7uorzvz","previousOperationId":"e6qbc6z44qx20y0"}
{"type":"log","timestamp":1767175249827,"level":"info","message":"pptx generation is starting","meta":{"rootId":"1mhn9sowubq31p7","id":"1mhn9sowubq31p7"},"id":"tdq60fe6i0twdce","previousOperationId":"e6qbc6z44qx20y0"}
{"type":"log","timestamp":1767175251821,"level":"debug","message":"Starting child request to render pptx dynamic parts","meta":{"rootId":"1mhn9sowubq31p7","id":"1mhn9sowubq31p7"},"id":"0gjuu45boad3eq4","previousOperationId":"e6qbc6z44qx20y0"}
{"type":"operationStart","subtype":"render","name":"anonymous","previousOperationId":"e6qbc6z44qx20y0","timestamp":1767175251821,"id":"0uxml8tm3bija7g","previousEventId":"5e91h8g3sp5omn4","operationId":"lyyraih77385lny"}
{"type":"log","timestamp":1767175251821,"level":"info","message":"Starting rendering (child) request","meta":{"rootId":"1mhn9sowubq31p7","id":"4nbvcx9iw3d2lvs"},"id":"65gtt9jrha0b7z9","previousOperationId":"lyyraih77385lny"}
{"type":"log","timestamp":1767175251821,"level":"info","message":"Rendering anonymous template { recipe: html, engine: handlebars }","meta":{"rootId":"1mhn9sowubq31p7","id":"4nbvcx9iw3d2lvs"},"id":"3dvo9bvwbtwr7pb","previousOperationId":"lyyraih77385lny"}
{"type":"log","timestamp":1767175251821,"level":"debug","message":"Inline data specified.","meta":{"rootId":"1mhn9sowubq31p7","id":"4nbvcx9iw3d2lvs"},"id":"bvjloi9bfxlm10y","previousOperationId":"lyyraih77385lny"}
{"type":"log","timestamp":1767175251826,"level":"debug","message":"Base url not specified, skipping its injection.","meta":{"rootId":"1mhn9sowubq31p7","id":"4nbvcx9iw3d2lvs"},"id":"412b797yofmq4i1","previousOperationId":"lyyraih77385lny"}
{"type":"operationStart","subtype":"engine","name":"handlebars","timestamp":1767175251828,"id":"2z0nbzvq8cczlfp","previousEventId":"0uxml8tm3bija7g","operationId":"q8qsnoirmwhyvs7","previousOperationId":"lyyraih77385lny"}
{"type":"log","timestamp":1767175251829,"level":"debug","message":"Rendering engine handlebars","meta":{"rootId":"1mhn9sowubq31p7","id":"4nbvcx9iw3d2lvs"},"id":"iqldealr1xbwslu","previousOperationId":"q8qsnoirmwhyvs7"}
{"type":"log","timestamp":1767175252057,"level":"debug","message":"(console:log) {\n  type: 'echarts@v5a',\n  width: 848,\n  height: 409,\n  option: { radar: [ [Object] ], series: [ [Object] ] }\n}","meta":{"userLevel":true,"rootId":"1mhn9sowubq31p7","id":"4nbvcx9iw3d2lvs"},"id":"kv40yo5ii258239","previousOperationId":"q8qsnoirmwhyvs7"}
{"type":"operationEnd","operationId":"q8qsnoirmwhyvs7","timestamp":1767175252071,"id":"ctkvtzscjvw6zkp","previousEventId":"2z0nbzvq8cczlfp","previousOperationId":"q8qsnoirmwhyvs7"}
{"type":"operationStart","subtype":"recipe","name":"html","timestamp":1767175252093,"id":"7i1waj13s32gspz","previousEventId":"ctkvtzscjvw6zkp","operationId":"og043aqr93iqrx0","previousOperationId":"q8qsnoirmwhyvs7"}
{"type":"log","timestamp":1767175252093,"level":"debug","message":"Executing recipe html","meta":{"rootId":"1mhn9sowubq31p7","id":"4nbvcx9iw3d2lvs"},"id":"notanz3l8ww6a4x","previousOperationId":"og043aqr93iqrx0"}
{"type":"operationEnd","operationId":"og043aqr93iqrx0","timestamp":1767175252093,"id":"obi4n8b7kpwv609","previousEventId":"7i1waj13s32gspz","previousOperationId":"og043aqr93iqrx0"}
{"type":"log","timestamp":1767175252094,"level":"debug","message":"Skipping storing report.","meta":{"rootId":"1mhn9sowubq31p7","id":"4nbvcx9iw3d2lvs"},"id":"jfv6lerm0pqmyyc","previousOperationId":"og043aqr93iqrx0"}
{"type":"log","timestamp":1767175252094,"level":"info","message":"Rendering (child) request finished in 2375 ms","meta":{"rootId":"1mhn9sowubq31p7","id":"4nbvcx9iw3d2lvs"},"id":"rx4c51y582anbyk","previousOperationId":"og043aqr93iqrx0"}
{"type":"operationEnd","subtype":"render","operationId":"lyyraih77385lny","timestamp":1767175252094,"id":"87n4ytkrlc3zran","previousEventId":"obi4n8b7kpwv609","previousOperationId":"og043aqr93iqrx0"}
{"type":"log","timestamp":1767175258359,"level":"debug","message":"pptx successfully zipped","meta":{"rootId":"1mhn9sowubq31p7","id":"1mhn9sowubq31p7"},"id":"cwdhmoqmn4z69i5","previousOperationId":"e6qbc6z44qx20y0"}
{"type":"log","timestamp":1767175258359,"level":"info","message":"pptx generation was finished","meta":{"rootId":"1mhn9sowubq31p7","id":"1mhn9sowubq31p7"},"id":"mgg7yhuepqfrq2d","previousOperationId":"e6qbc6z44qx20y0"}
{"type":"operationEnd","operationId":"e6qbc6z44qx20y0","timestamp":1767175258369,"id":"fewq1t4wtc8uolc","previousEventId":"5e91h8g3sp5omn4","previousOperationId":"e6qbc6z44qx20y0"}
{"type":"log","timestamp":1767175258370,"level":"debug","message":"Skipping storing report.","meta":{"rootId":"1mhn9sowubq31p7","id":"1mhn9sowubq31p7"},"id":"p9nifjpih0mif6j","previousOperationId":"e6qbc6z44qx20y0"}
{"type":"log","timestamp":1767175258370,"level":"info","message":"Rendering request 8 finished in 8651 ms","meta":{"rootId":"1mhn9sowubq31p7","id":"1mhn9sowubq31p7"},"id":"q3cvlviculodgr4","previousOperationId":"e6qbc6z44qx20y0"}
{"type":"operationEnd","subtype":"render","operationId":"546giihy5he0a5k","timestamp":1767175258370,"id":"prwivr6fartx8wp","previousEventId":"fewq1t4wtc8uolc","previousOperationId":"e6qbc6z44qx20y0"}
{"type":"operationEnd","doDiffs":false,"previousEventId":"ldev6dw5s5egotj","previousOperationId":"y6mjxqxfkv7upnm","operationId":"y6mjxqxfkv7upnm","timestamp":1767175258376,"id":"k324vb0v94arw3m"}
