{"type":"operationStart","subtype":"profile","data":{"_id":"UtN7MTKbErE0FLdI","timestamp":"2025-12-07T20:29:47.635Z","state":"running","mode":"standard","creationDate":"2025-12-07T20:29:47.639Z","modificationDate":"2025-12-07T20:29:47.639Z","shortid":"A96yR7p","$entitySet":"profiles","timeout":60000},"doDiffs":false,"timestamp":1765139387637,"id":"jzabsev4a6k92el","previousOperationId":null,"operationId":"zpbz9zqt536llwn"}
{"type":"log","level":"info","message":"Render request 42 queued for execution and waiting for available worker","previousOperationId":"zpbz9zqt536llwn","timestamp":1765139387637,"id":"djdq3aohvtab9pm"}
{"type":"operationStart","subtype":"render","name":"anonymous","previousOperationId":"zpbz9zqt536llwn","timestamp":1765139387675,"id":"ytm5nh69y8vk5j9","previousEventId":"jzabsev4a6k92el","operationId":"q4288lqrs823m45"}
{"type":"log","timestamp":1765139387675,"level":"info","message":"Starting rendering request 42","meta":{"rootId":"1s4ezx4cr9kqiod","id":"1s4ezx4cr9kqiod"},"id":"w4v5db111yu1joq","previousOperationId":"q4288lqrs823m45"}
{"type":"log","timestamp":1765139387675,"level":"info","message":"Rendering anonymous template { recipe: pptx, engine: handlebars }","meta":{"rootId":"1s4ezx4cr9kqiod","id":"1s4ezx4cr9kqiod"},"id":"lu1gtczbq45r3kx","previousOperationId":"q4288lqrs823m45"}
{"type":"log","timestamp":1765139387675,"level":"debug","message":"Inline data specified.","meta":{"rootId":"1s4ezx4cr9kqiod","id":"1s4ezx4cr9kqiod"},"id":"7lkvt3o6bezae8e","previousOperationId":"q4288lqrs823m45"}
{"type":"log","timestamp":1765139387677,"level":"debug","message":"Base url not specified, skipping its injection.","meta":{"rootId":"1s4ezx4cr9kqiod","id":"1s4ezx4cr9kqiod"},"id":"ncswtebf7sxk8td","previousOperationId":"q4288lqrs823m45"}
{"type":"operationStart","subtype":"engine","name":"handlebars","timestamp":1765139387677,"id":"nqw2h5hgyvwf9bb","previousEventId":"ytm5nh69y8vk5j9","operationId":"xm7q7m7sm50kvx2","previousOperationId":"q4288lqrs823m45"}
{"type":"log","timestamp":1765139387677,"level":"debug","message":"Rendering engine handlebars","meta":{"rootId":"1s4ezx4cr9kqiod","id":"1s4ezx4cr9kqiod"},"id":"my3zvc7exjrqjmt","previousOperationId":"xm7q7m7sm50kvx2"}
{"type":"operationEnd","operationId":"xm7q7m7sm50kvx2","timestamp":1765139387702,"id":"eba5lrg82wevt19","previousEventId":"nqw2h5hgyvwf9bb","previousOperationId":"xm7q7m7sm50kvx2"}
{"type":"operationStart","subtype":"recipe","name":"pptx","timestamp":1765139387702,"id":"ptbg7ybschxd8yp","previousEventId":"eba5lrg82wevt19","operationId":"1a3tkcjl3s5xa4c","previousOperationId":"xm7q7m7sm50kvx2"}
{"type":"log","timestamp":1765139387702,"level":"debug","message":"Executing recipe pptx","meta":{"rootId":"1s4ezx4cr9kqiod","id":"1s4ezx4cr9kqiod"},"id":"b4icz94a0q1c1l7","previousOperationId":"1a3tkcjl3s5xa4c"}
{"type":"log","timestamp":1765139387729,"level":"info","message":"pptx generation is starting","meta":{"rootId":"1s4ezx4cr9kqiod","id":"1s4ezx4cr9kqiod"},"id":"i59a9cmjn0ybg8y","previousOperationId":"1a3tkcjl3s5xa4c"}
{"type":"log","timestamp":1765139388825,"level":"debug","message":"Starting child request to render pptx dynamic parts","meta":{"rootId":"1s4ezx4cr9kqiod","id":"1s4ezx4cr9kqiod"},"id":"hv9e7wrwwfb7hce","previousOperationId":"1a3tkcjl3s5xa4c"}
{"type":"operationStart","subtype":"render","name":"anonymous","previousOperationId":"1a3tkcjl3s5xa4c","timestamp":1765139388825,"id":"4mr1j6d4r5p6fha","previousEventId":"ptbg7ybschxd8yp","operationId":"vwzrnkg3izirqcs"}
{"type":"log","timestamp":1765139388825,"level":"info","message":"Starting rendering (child) request","meta":{"rootId":"1s4ezx4cr9kqiod","id":"66jinzdd8qvcodn"},"id":"lnl2cy2fzj7vsqw","previousOperationId":"vwzrnkg3izirqcs"}
{"type":"log","timestamp":1765139388825,"level":"info","message":"Rendering anonymous template { recipe: html, engine: handlebars }","meta":{"rootId":"1s4ezx4cr9kqiod","id":"66jinzdd8qvcodn"},"id":"nm1drtox9s21ylg","previousOperationId":"vwzrnkg3izirqcs"}
{"type":"log","timestamp":1765139388826,"level":"debug","message":"Inline data specified.","meta":{"rootId":"1s4ezx4cr9kqiod","id":"66jinzdd8qvcodn"},"id":"v99fcnkt8tcegec","previousOperationId":"vwzrnkg3izirqcs"}
{"type":"log","timestamp":1765139388829,"level":"debug","message":"Base url not specified, skipping its injection.","meta":{"rootId":"1s4ezx4cr9kqiod","id":"66jinzdd8qvcodn"},"id":"i3oyyrtvkx5wz81","previousOperationId":"vwzrnkg3izirqcs"}
{"type":"operationStart","subtype":"engine","name":"handlebars","timestamp":1765139388830,"id":"x7ofvgs6nq3yd6o","previousEventId":"4mr1j6d4r5p6fha","operationId":"44xgqaybpfgl4xe","previousOperationId":"vwzrnkg3izirqcs"}
{"type":"log","timestamp":1765139388830,"level":"debug","message":"Rendering engine handlebars","meta":{"rootId":"1s4ezx4cr9kqiod","id":"66jinzdd8qvcodn"},"id":"513w4coozdxy79v","previousOperationId":"44xgqaybpfgl4xe"}
{"type":"operationEnd","operationId":"44xgqaybpfgl4xe","timestamp":1765139388919,"id":"z8hwaz6c7tt1e7k","previousEventId":"x7ofvgs6nq3yd6o","previousOperationId":"44xgqaybpfgl4xe"}
{"type":"operationStart","subtype":"recipe","name":"html","timestamp":1765139388927,"id":"xzpjb77nkkgju6y","previousEventId":"z8hwaz6c7tt1e7k","operationId":"xax8fr1op9v1l8c","previousOperationId":"44xgqaybpfgl4xe"}
{"type":"log","timestamp":1765139388927,"level":"debug","message":"Executing recipe html","meta":{"rootId":"1s4ezx4cr9kqiod","id":"66jinzdd8qvcodn"},"id":"7qn23b0v6h9pn18","previousOperationId":"xax8fr1op9v1l8c"}
{"type":"operationEnd","operationId":"xax8fr1op9v1l8c","timestamp":1765139388927,"id":"evr71u37nk2w100","previousEventId":"xzpjb77nkkgju6y","previousOperationId":"xax8fr1op9v1l8c"}
{"type":"log","timestamp":1765139388927,"level":"debug","message":"Skipping storing report.","meta":{"rootId":"1s4ezx4cr9kqiod","id":"66jinzdd8qvcodn"},"id":"jjq1yc4p33x3jrg","previousOperationId":"xax8fr1op9v1l8c"}
{"type":"log","timestamp":1765139388927,"level":"info","message":"Rendering (child) request finished in 1292 ms","meta":{"rootId":"1s4ezx4cr9kqiod","id":"66jinzdd8qvcodn"},"id":"cj2lj76kixhyk3c","previousOperationId":"xax8fr1op9v1l8c"}
{"type":"operationEnd","subtype":"render","operationId":"vwzrnkg3izirqcs","timestamp":1765139388927,"id":"2c0i84th5ca3t94","previousEventId":"evr71u37nk2w100","previousOperationId":"xax8fr1op9v1l8c"}
{"type":"log","timestamp":1765139394306,"level":"debug","message":"pptx successfully zipped","meta":{"rootId":"1s4ezx4cr9kqiod","id":"1s4ezx4cr9kqiod"},"id":"41jsb8k2ab0sdto","previousOperationId":"1a3tkcjl3s5xa4c"}
{"type":"log","timestamp":1765139394306,"level":"info","message":"pptx generation was finished","meta":{"rootId":"1s4ezx4cr9kqiod","id":"1s4ezx4cr9kqiod"},"id":"32f5eaaqzklad0b","previousOperationId":"1a3tkcjl3s5xa4c"}
{"type":"operationEnd","operationId":"1a3tkcjl3s5xa4c","timestamp":1765139394313,"id":"fe5hd2qx0e5npa2","previousEventId":"ptbg7ybschxd8yp","previousOperationId":"1a3tkcjl3s5xa4c"}
{"type":"log","timestamp":1765139394313,"level":"debug","message":"Skipping storing report.","meta":{"rootId":"1s4ezx4cr9kqiod","id":"1s4ezx4cr9kqiod"},"id":"23auxy8ytl2ryq3","previousOperationId":"1a3tkcjl3s5xa4c"}
{"type":"log","timestamp":1765139394313,"level":"info","message":"Rendering request 42 finished in 6678 ms","meta":{"rootId":"1s4ezx4cr9kqiod","id":"1s4ezx4cr9kqiod"},"id":"zz2ukf8tgp7ddx6","previousOperationId":"1a3tkcjl3s5xa4c"}
{"type":"operationEnd","subtype":"render","operationId":"q4288lqrs823m45","timestamp":1765139394314,"id":"jvfjiqarqxbfz4i","previousEventId":"fe5hd2qx0e5npa2","previousOperationId":"1a3tkcjl3s5xa4c"}
{"type":"operationEnd","doDiffs":false,"previousEventId":"jzabsev4a6k92el","previousOperationId":"zpbz9zqt536llwn","operationId":"zpbz9zqt536llwn","timestamp":1765139394316,"id":"pdjl5hp58ugak76"}
