{"type":"operationStart","subtype":"profile","data":{"_id":"gaVg9c2s4Z2AX1uD","timestamp":"2025-12-30T20:14:29.740Z","state":"running","mode":"standard","creationDate":"2025-12-30T20:14:29.747Z","modificationDate":"2025-12-30T20:14:29.747Z","shortid":"LOuM3Zp","$entitySet":"profiles","timeout":60000},"doDiffs":false,"timestamp":1767125669744,"id":"ct4do54y95xp8z9","previousOperationId":null,"operationId":"q3egwwk6zy1p2lg"}
{"type":"log","level":"info","message":"Render request 2 queued for execution and waiting for available worker","previousOperationId":"q3egwwk6zy1p2lg","timestamp":1767125669745,"id":"xot8ofy9q6ut7ec"}
{"type":"operationStart","subtype":"render","name":"anonymous","previousOperationId":"q3egwwk6zy1p2lg","timestamp":1767125669799,"id":"fsek4r1otwnt4a5","previousEventId":"ct4do54y95xp8z9","operationId":"7bvhhd7sul71nx5"}
{"type":"log","timestamp":1767125669803,"level":"info","message":"Starting rendering request 2","meta":{"rootId":"1vosxojbrzqpob0","id":"1vosxojbrzqpob0"},"id":"ihloths95wve7cm","previousOperationId":"7bvhhd7sul71nx5"}
{"type":"log","timestamp":1767125669805,"level":"info","message":"Rendering anonymous template { recipe: pptx, engine: handlebars }","meta":{"rootId":"1vosxojbrzqpob0","id":"1vosxojbrzqpob0"},"id":"8oe4l284u0pj16s","previousOperationId":"7bvhhd7sul71nx5"}
{"type":"log","timestamp":1767125669805,"level":"debug","message":"Inline data specified.","meta":{"rootId":"1vosxojbrzqpob0","id":"1vosxojbrzqpob0"},"id":"hhojxxzj7rjveze","previousOperationId":"7bvhhd7sul71nx5"}
{"type":"log","timestamp":1767125669819,"level":"debug","message":"Base url not specified, skipping its injection.","meta":{"rootId":"1vosxojbrzqpob0","id":"1vosxojbrzqpob0"},"id":"8975o8c86ipsnpf","previousOperationId":"7bvhhd7sul71nx5"}
{"type":"operationStart","subtype":"engine","name":"handlebars","timestamp":1767125669822,"id":"nxiey7m4dorbani","previousEventId":"fsek4r1otwnt4a5","operationId":"msw0qom9pk4krrz","previousOperationId":"7bvhhd7sul71nx5"}
{"type":"log","timestamp":1767125669822,"level":"debug","message":"Rendering engine handlebars","meta":{"rootId":"1vosxojbrzqpob0","id":"1vosxojbrzqpob0"},"id":"mwyx1ea8a9ug8jh","previousOperationId":"msw0qom9pk4krrz"}
{"type":"operationEnd","operationId":"msw0qom9pk4krrz","timestamp":1767125670651,"id":"zg79avj49qijr4b","previousEventId":"nxiey7m4dorbani","previousOperationId":"msw0qom9pk4krrz"}
{"type":"operationStart","subtype":"recipe","name":"pptx","timestamp":1767125670652,"id":"okoz6bp213cgnv0","previousEventId":"zg79avj49qijr4b","operationId":"jyp75vuaaywi2vm","previousOperationId":"msw0qom9pk4krrz"}
{"type":"log","timestamp":1767125670652,"level":"debug","message":"Executing recipe pptx","meta":{"rootId":"1vosxojbrzqpob0","id":"1vosxojbrzqpob0"},"id":"6dm5pvq03f284ko","previousOperationId":"jyp75vuaaywi2vm"}
{"type":"log","timestamp":1767125670812,"level":"info","message":"pptx generation is starting","meta":{"rootId":"1vosxojbrzqpob0","id":"1vosxojbrzqpob0"},"id":"kreu1fs4dv6hhsy","previousOperationId":"jyp75vuaaywi2vm"}
{"type":"log","timestamp":1767125671952,"level":"debug","message":"Starting child request to render pptx dynamic parts","meta":{"rootId":"1vosxojbrzqpob0","id":"1vosxojbrzqpob0"},"id":"9jhyhamhav6vpdi","previousOperationId":"jyp75vuaaywi2vm"}
{"type":"operationStart","subtype":"render","name":"anonymous","previousOperationId":"jyp75vuaaywi2vm","timestamp":1767125671953,"id":"afxyjyyu52s161s","previousEventId":"okoz6bp213cgnv0","operationId":"rrt3s9tbwdrz0qj"}
{"type":"log","timestamp":1767125671953,"level":"info","message":"Starting rendering (child) request","meta":{"rootId":"1vosxojbrzqpob0","id":"hvva13jr5yz07sg"},"id":"u3dke8x8iilksyz","previousOperationId":"rrt3s9tbwdrz0qj"}
{"type":"log","timestamp":1767125671954,"level":"info","message":"Rendering anonymous template { recipe: html, engine: handlebars }","meta":{"rootId":"1vosxojbrzqpob0","id":"hvva13jr5yz07sg"},"id":"gazp85r1s6se9nh","previousOperationId":"rrt3s9tbwdrz0qj"}
{"type":"log","timestamp":1767125671954,"level":"debug","message":"Inline data specified.","meta":{"rootId":"1vosxojbrzqpob0","id":"hvva13jr5yz07sg"},"id":"3fio9cph0op38yv","previousOperationId":"rrt3s9tbwdrz0qj"}
{"type":"log","timestamp":1767125671957,"level":"debug","message":"Base url not specified, skipping its injection.","meta":{"rootId":"1vosxojbrzqpob0","id":"hvva13jr5yz07sg"},"id":"1te055uii8gtke8","previousOperationId":"rrt3s9tbwdrz0qj"}
{"type":"operationStart","subtype":"engine","name":"handlebars","timestamp":1767125671959,"id":"n42mr44sjk90s0p","previousEventId":"afxyjyyu52s161s","operationId":"6al0969hxb9kgs6","previousOperationId":"rrt3s9tbwdrz0qj"}
{"type":"log","timestamp":1767125671959,"level":"debug","message":"Rendering engine handlebars","meta":{"rootId":"1vosxojbrzqpob0","id":"hvva13jr5yz07sg"},"id":"32ixkrb3skw0u70","previousOperationId":"6al0969hxb9kgs6"}
{"type":"log","timestamp":1767125672099,"level":"debug","message":"(console:log) {\n  type: 'echarts@v5a',\n  width: 848,\n  height: 409,\n  option: { radar: [ [Object] ], series: [ [Object] ] }\n}","meta":{"userLevel":true,"rootId":"1vosxojbrzqpob0","id":"hvva13jr5yz07sg"},"id":"yw4b4zvtdn754ck","previousOperationId":"6al0969hxb9kgs6"}
{"type":"operationEnd","operationId":"6al0969hxb9kgs6","timestamp":1767125672107,"id":"b3ni5c6xpetg5zp","previousEventId":"n42mr44sjk90s0p","previousOperationId":"6al0969hxb9kgs6"}
{"type":"operationStart","subtype":"recipe","name":"html","timestamp":1767125672115,"id":"pua4snbw2ub3001","previousEventId":"b3ni5c6xpetg5zp","operationId":"codjgmgbw4jf001","previousOperationId":"6al0969hxb9kgs6"}
{"type":"log","timestamp":1767125672115,"level":"debug","message":"Executing recipe html","meta":{"rootId":"1vosxojbrzqpob0","id":"hvva13jr5yz07sg"},"id":"uuiywqv84q5pxn0","previousOperationId":"codjgmgbw4jf001"}
{"type":"operationEnd","operationId":"codjgmgbw4jf001","timestamp":1767125672115,"id":"zr65gemdm3153nz","previousEventId":"pua4snbw2ub3001","previousOperationId":"codjgmgbw4jf001"}
{"type":"log","timestamp":1767125672116,"level":"debug","message":"Skipping storing report.","meta":{"rootId":"1vosxojbrzqpob0","id":"hvva13jr5yz07sg"},"id":"qmfqryhon06ftdm","previousOperationId":"codjgmgbw4jf001"}
{"type":"log","timestamp":1767125672117,"level":"info","message":"Rendering (child) request finished in 2380 ms","meta":{"rootId":"1vosxojbrzqpob0","id":"hvva13jr5yz07sg"},"id":"dbqcd2gt7k13vsp","previousOperationId":"codjgmgbw4jf001"}
{"type":"operationEnd","subtype":"render","operationId":"rrt3s9tbwdrz0qj","timestamp":1767125672117,"id":"utbrd6sf50pv1ok","previousEventId":"zr65gemdm3153nz","previousOperationId":"codjgmgbw4jf001"}
{"type":"log","timestamp":1767125676116,"level":"debug","message":"pptx successfully zipped","meta":{"rootId":"1vosxojbrzqpob0","id":"1vosxojbrzqpob0"},"id":"gf767x9m0lywgv0","previousOperationId":"jyp75vuaaywi2vm"}
{"type":"log","timestamp":1767125676116,"level":"info","message":"pptx generation was finished","meta":{"rootId":"1vosxojbrzqpob0","id":"1vosxojbrzqpob0"},"id":"ps59vasrrff4tj4","previousOperationId":"jyp75vuaaywi2vm"}
{"type":"operationEnd","operationId":"jyp75vuaaywi2vm","timestamp":1767125676128,"id":"a3iii4a06666nvn","previousEventId":"okoz6bp213cgnv0","previousOperationId":"jyp75vuaaywi2vm"}
{"type":"log","timestamp":1767125676128,"level":"debug","message":"Skipping storing report.","meta":{"rootId":"1vosxojbrzqpob0","id":"1vosxojbrzqpob0"},"id":"0k2x60yfsfz09zu","previousOperationId":"jyp75vuaaywi2vm"}
{"type":"log","timestamp":1767125676128,"level":"info","message":"Rendering request 2 finished in 6391 ms","meta":{"rootId":"1vosxojbrzqpob0","id":"1vosxojbrzqpob0"},"id":"i60jkk2riu5dhlb","previousOperationId":"jyp75vuaaywi2vm"}
{"type":"operationEnd","subtype":"render","operationId":"7bvhhd7sul71nx5","timestamp":1767125676128,"id":"830km7td3vkykhl","previousEventId":"a3iii4a06666nvn","previousOperationId":"jyp75vuaaywi2vm"}
{"type":"operationEnd","doDiffs":false,"previousEventId":"ct4do54y95xp8z9","previousOperationId":"q3egwwk6zy1p2lg","operationId":"q3egwwk6zy1p2lg","timestamp":1767125676134,"id":"u6r55v4fxce61tn"}
