{"type":"operationStart","subtype":"profile","data":{"_id":"lFWFnl3mYRYd2tGU","timestamp":"2025-12-30T17:05:13.620Z","state":"running","mode":"standard","creationDate":"2025-12-30T17:05:13.626Z","modificationDate":"2025-12-30T17:05:13.626Z","shortid":"OOqLmXZ","$entitySet":"profiles","timeout":60000},"doDiffs":false,"timestamp":1767114313624,"id":"e2j6b7wn4oqyd1j","previousOperationId":null,"operationId":"8dwbnpm0uxw2cil"}
{"type":"log","level":"info","message":"Render request 6 queued for execution and waiting for available worker","previousOperationId":"8dwbnpm0uxw2cil","timestamp":1767114313624,"id":"dsxpaavia2w0o3p"}
{"type":"operationStart","subtype":"render","name":"anonymous","previousOperationId":"8dwbnpm0uxw2cil","timestamp":1767114313695,"id":"1qp8fi1dkyotjgo","previousEventId":"e2j6b7wn4oqyd1j","operationId":"a5qiu7zkb81yesn"}
{"type":"log","timestamp":1767114313697,"level":"info","message":"Starting rendering request 6","meta":{"rootId":"2f1rg9h8kiduekf","id":"2f1rg9h8kiduekf"},"id":"3gy2k5ew47ax554","previousOperationId":"a5qiu7zkb81yesn"}
{"type":"log","timestamp":1767114313697,"level":"info","message":"Rendering anonymous template { recipe: pptx, engine: handlebars }","meta":{"rootId":"2f1rg9h8kiduekf","id":"2f1rg9h8kiduekf"},"id":"j1n8zi11whb6dlq","previousOperationId":"a5qiu7zkb81yesn"}
{"type":"log","timestamp":1767114313697,"level":"debug","message":"Inline data specified.","meta":{"rootId":"2f1rg9h8kiduekf","id":"2f1rg9h8kiduekf"},"id":"olhldpnqjtsx843","previousOperationId":"a5qiu7zkb81yesn"}
{"type":"log","timestamp":1767114313707,"level":"debug","message":"Base url not specified, skipping its injection.","meta":{"rootId":"2f1rg9h8kiduekf","id":"2f1rg9h8kiduekf"},"id":"3twkorc7jl9m3av","previousOperationId":"a5qiu7zkb81yesn"}
{"type":"operationStart","subtype":"engine","name":"handlebars","timestamp":1767114313709,"id":"6ijii3mp72lkgbj","previousEventId":"1qp8fi1dkyotjgo","operationId":"g5f2jkm90blappr","previousOperationId":"a5qiu7zkb81yesn"}
{"type":"log","timestamp":1767114313709,"level":"debug","message":"Rendering engine handlebars","meta":{"rootId":"2f1rg9h8kiduekf","id":"2f1rg9h8kiduekf"},"id":"iawplpeuozdhp4v","previousOperationId":"g5f2jkm90blappr"}
{"type":"operationEnd","operationId":"g5f2jkm90blappr","timestamp":1767114313737,"id":"crl257yiti0zfau","previousEventId":"6ijii3mp72lkgbj","previousOperationId":"g5f2jkm90blappr"}
{"type":"operationStart","subtype":"recipe","name":"pptx","timestamp":1767114313737,"id":"iu13meh6vogiz8h","previousEventId":"crl257yiti0zfau","operationId":"mm84wxjb2e12tf2","previousOperationId":"g5f2jkm90blappr"}
{"type":"log","timestamp":1767114313737,"level":"debug","message":"Executing recipe pptx","meta":{"rootId":"2f1rg9h8kiduekf","id":"2f1rg9h8kiduekf"},"id":"bx5sc4abo6kw8is","previousOperationId":"mm84wxjb2e12tf2"}
{"type":"log","timestamp":1767114313755,"level":"info","message":"pptx generation is starting","meta":{"rootId":"2f1rg9h8kiduekf","id":"2f1rg9h8kiduekf"},"id":"qlz515osqlf4pco","previousOperationId":"mm84wxjb2e12tf2"}
{"type":"log","timestamp":1767114315563,"level":"debug","message":"Starting child request to render pptx dynamic parts","meta":{"rootId":"2f1rg9h8kiduekf","id":"2f1rg9h8kiduekf"},"id":"uo9kjoyoyzlr399","previousOperationId":"mm84wxjb2e12tf2"}
{"type":"operationStart","subtype":"render","name":"anonymous","previousOperationId":"mm84wxjb2e12tf2","timestamp":1767114315564,"id":"v1r5mp865n593vl","previousEventId":"iu13meh6vogiz8h","operationId":"1ojgbilikuy5i4o"}
{"type":"log","timestamp":1767114315564,"level":"info","message":"Starting rendering (child) request","meta":{"rootId":"2f1rg9h8kiduekf","id":"oz2gih203sx41b7"},"id":"j1z7gavevswxqwd","previousOperationId":"1ojgbilikuy5i4o"}
{"type":"log","timestamp":1767114315564,"level":"info","message":"Rendering anonymous template { recipe: html, engine: handlebars }","meta":{"rootId":"2f1rg9h8kiduekf","id":"oz2gih203sx41b7"},"id":"qanjgshzfycfge5","previousOperationId":"1ojgbilikuy5i4o"}
{"type":"log","timestamp":1767114315564,"level":"debug","message":"Inline data specified.","meta":{"rootId":"2f1rg9h8kiduekf","id":"oz2gih203sx41b7"},"id":"550bq0lz4bep9x0","previousOperationId":"1ojgbilikuy5i4o"}
{"type":"log","timestamp":1767114315574,"level":"debug","message":"Base url not specified, skipping its injection.","meta":{"rootId":"2f1rg9h8kiduekf","id":"oz2gih203sx41b7"},"id":"ilywrsw55c93vhd","previousOperationId":"1ojgbilikuy5i4o"}
{"type":"operationStart","subtype":"engine","name":"handlebars","timestamp":1767114315576,"id":"ipm6ob63oijvt74","previousEventId":"v1r5mp865n593vl","operationId":"lbeyuv5hklu6brj","previousOperationId":"1ojgbilikuy5i4o"}
{"type":"log","timestamp":1767114315576,"level":"debug","message":"Rendering engine handlebars","meta":{"rootId":"2f1rg9h8kiduekf","id":"oz2gih203sx41b7"},"id":"fwsdulzvhqbwa1f","previousOperationId":"lbeyuv5hklu6brj"}
{"type":"log","timestamp":1767114315781,"level":"debug","message":"(console:log) {\n  type: 'echarts@v5a',\n  width: 848,\n  height: 409,\n  option: { radar: [ [Object] ], series: [ [Object] ] }\n}","meta":{"userLevel":true,"rootId":"2f1rg9h8kiduekf","id":"oz2gih203sx41b7"},"id":"nettbqolnqgc2fa","previousOperationId":"lbeyuv5hklu6brj"}
{"type":"operationEnd","operationId":"lbeyuv5hklu6brj","timestamp":1767114315794,"id":"u21pyx08psueqx5","previousEventId":"ipm6ob63oijvt74","previousOperationId":"lbeyuv5hklu6brj"}
{"type":"operationStart","subtype":"recipe","name":"html","timestamp":1767114315813,"id":"2w5k4xd6th3x7r1","previousEventId":"u21pyx08psueqx5","operationId":"lve4k01qy8pnjs5","previousOperationId":"lbeyuv5hklu6brj"}
{"type":"log","timestamp":1767114315813,"level":"debug","message":"Executing recipe html","meta":{"rootId":"2f1rg9h8kiduekf","id":"oz2gih203sx41b7"},"id":"lp6ebdn8zx3j20k","previousOperationId":"lve4k01qy8pnjs5"}
{"type":"operationEnd","operationId":"lve4k01qy8pnjs5","timestamp":1767114315813,"id":"umuu4q7xf6wp02z","previousEventId":"2w5k4xd6th3x7r1","previousOperationId":"lve4k01qy8pnjs5"}
{"type":"log","timestamp":1767114315813,"level":"debug","message":"Skipping storing report.","meta":{"rootId":"2f1rg9h8kiduekf","id":"oz2gih203sx41b7"},"id":"ywazebod7khqe70","previousOperationId":"lve4k01qy8pnjs5"}
{"type":"log","timestamp":1767114315814,"level":"info","message":"Rendering (child) request finished in 2196 ms","meta":{"rootId":"2f1rg9h8kiduekf","id":"oz2gih203sx41b7"},"id":"kcoxlyrpa1ago30","previousOperationId":"lve4k01qy8pnjs5"}
{"type":"operationEnd","subtype":"render","operationId":"1ojgbilikuy5i4o","timestamp":1767114315814,"id":"mvhmzi7xtjxlryj","previousEventId":"umuu4q7xf6wp02z","previousOperationId":"lve4k01qy8pnjs5"}
{"type":"log","timestamp":1767114323250,"level":"debug","message":"pptx successfully zipped","meta":{"rootId":"2f1rg9h8kiduekf","id":"2f1rg9h8kiduekf"},"id":"grgmn36s33p1vnn","previousOperationId":"mm84wxjb2e12tf2"}
{"type":"log","timestamp":1767114323250,"level":"info","message":"pptx generation was finished","meta":{"rootId":"2f1rg9h8kiduekf","id":"2f1rg9h8kiduekf"},"id":"w787ik2pm5ruduc","previousOperationId":"mm84wxjb2e12tf2"}
{"type":"operationEnd","operationId":"mm84wxjb2e12tf2","timestamp":1767114323260,"id":"1v0gmusqcp8pl4o","previousEventId":"iu13meh6vogiz8h","previousOperationId":"mm84wxjb2e12tf2"}
{"type":"log","timestamp":1767114323260,"level":"debug","message":"Skipping storing report.","meta":{"rootId":"2f1rg9h8kiduekf","id":"2f1rg9h8kiduekf"},"id":"ir7zz5c8saah2x6","previousOperationId":"mm84wxjb2e12tf2"}
{"type":"log","timestamp":1767114323261,"level":"info","message":"Rendering request 6 finished in 9643 ms","meta":{"rootId":"2f1rg9h8kiduekf","id":"2f1rg9h8kiduekf"},"id":"69lma5k5i4gg9o7","previousOperationId":"mm84wxjb2e12tf2"}
{"type":"operationEnd","subtype":"render","operationId":"a5qiu7zkb81yesn","timestamp":1767114323261,"id":"2plznnhho1yt620","previousEventId":"1v0gmusqcp8pl4o","previousOperationId":"mm84wxjb2e12tf2"}
{"type":"operationEnd","doDiffs":false,"previousEventId":"e2j6b7wn4oqyd1j","previousOperationId":"8dwbnpm0uxw2cil","operationId":"8dwbnpm0uxw2cil","timestamp":1767114323267,"id":"xg034vkg59i8g1i"}
