{"type":"operationStart","subtype":"profile","data":{"_id":"utB1prXVFgcvaLBR","timestamp":"2025-12-31T21:01:46.762Z","state":"running","mode":"standard","creationDate":"2025-12-31T21:01:46.771Z","modificationDate":"2025-12-31T21:01:46.771Z","shortid":"IpHRmKO","$entitySet":"profiles","timeout":60000},"doDiffs":false,"timestamp":1767214906767,"id":"vv5c4rd4q1egpwo","previousOperationId":null,"operationId":"nf2be42cjodu7du"}
{"type":"log","level":"info","message":"Render request 2 queued for execution and waiting for available worker","previousOperationId":"nf2be42cjodu7du","timestamp":1767214906767,"id":"02nfw2jpl07i3ev"}
{"type":"operationStart","subtype":"render","name":"anonymous","previousOperationId":"nf2be42cjodu7du","timestamp":1767214906854,"id":"kopncj0fgexm25j","previousEventId":"vv5c4rd4q1egpwo","operationId":"7u8kpyatmjh7sgl"}
{"type":"log","timestamp":1767214906856,"level":"info","message":"Starting rendering request 2","meta":{"rootId":"2ht6jkiyuhlbsg6","id":"2ht6jkiyuhlbsg6"},"id":"ny198tgf5idkrpe","previousOperationId":"7u8kpyatmjh7sgl"}
{"type":"log","timestamp":1767214906858,"level":"info","message":"Rendering anonymous template { recipe: pptx, engine: handlebars }","meta":{"rootId":"2ht6jkiyuhlbsg6","id":"2ht6jkiyuhlbsg6"},"id":"p8miyq1fl2t6or8","previousOperationId":"7u8kpyatmjh7sgl"}
{"type":"log","timestamp":1767214906859,"level":"debug","message":"Inline data specified.","meta":{"rootId":"2ht6jkiyuhlbsg6","id":"2ht6jkiyuhlbsg6"},"id":"052kcntzk532gdh","previousOperationId":"7u8kpyatmjh7sgl"}
{"type":"log","timestamp":1767214906869,"level":"debug","message":"Base url not specified, skipping its injection.","meta":{"rootId":"2ht6jkiyuhlbsg6","id":"2ht6jkiyuhlbsg6"},"id":"ej7pkfts4klnna3","previousOperationId":"7u8kpyatmjh7sgl"}
{"type":"operationStart","subtype":"engine","name":"handlebars","timestamp":1767214906874,"id":"2ni9wm47rfqczec","previousEventId":"kopncj0fgexm25j","operationId":"vxixdxm4crxzdne","previousOperationId":"7u8kpyatmjh7sgl"}
{"type":"log","timestamp":1767214906874,"level":"debug","message":"Rendering engine handlebars","meta":{"rootId":"2ht6jkiyuhlbsg6","id":"2ht6jkiyuhlbsg6"},"id":"5vzhh9rm8b4dfdx","previousOperationId":"vxixdxm4crxzdne"}
{"type":"operationEnd","operationId":"vxixdxm4crxzdne","timestamp":1767214908090,"id":"ky21f9jg3v8kdj5","previousEventId":"2ni9wm47rfqczec","previousOperationId":"vxixdxm4crxzdne"}
{"type":"operationStart","subtype":"recipe","name":"pptx","timestamp":1767214908091,"id":"0rbaidbprd6brpv","previousEventId":"ky21f9jg3v8kdj5","operationId":"khsr61tc85k7msd","previousOperationId":"vxixdxm4crxzdne"}
{"type":"log","timestamp":1767214908091,"level":"debug","message":"Executing recipe pptx","meta":{"rootId":"2ht6jkiyuhlbsg6","id":"2ht6jkiyuhlbsg6"},"id":"md7i0u7ytbpjc6s","previousOperationId":"khsr61tc85k7msd"}
{"type":"log","timestamp":1767214908348,"level":"info","message":"pptx generation is starting","meta":{"rootId":"2ht6jkiyuhlbsg6","id":"2ht6jkiyuhlbsg6"},"id":"z8wklu5x9jsbqxl","previousOperationId":"khsr61tc85k7msd"}
{"type":"log","timestamp":1767214910507,"level":"debug","message":"Starting child request to render pptx dynamic parts","meta":{"rootId":"2ht6jkiyuhlbsg6","id":"2ht6jkiyuhlbsg6"},"id":"palckm5kax5feu7","previousOperationId":"khsr61tc85k7msd"}
{"type":"operationStart","subtype":"render","name":"anonymous","previousOperationId":"khsr61tc85k7msd","timestamp":1767214910509,"id":"b0u5hdmcr54gwtk","previousEventId":"0rbaidbprd6brpv","operationId":"o05xcr1yyv5glix"}
{"type":"log","timestamp":1767214910509,"level":"info","message":"Starting rendering (child) request","meta":{"rootId":"2ht6jkiyuhlbsg6","id":"ogomlzrye895h70"},"id":"p1pw4zjgmov3ujm","previousOperationId":"o05xcr1yyv5glix"}
{"type":"log","timestamp":1767214910509,"level":"info","message":"Rendering anonymous template { recipe: html, engine: handlebars }","meta":{"rootId":"2ht6jkiyuhlbsg6","id":"ogomlzrye895h70"},"id":"8fw05741icsvk1q","previousOperationId":"o05xcr1yyv5glix"}
{"type":"log","timestamp":1767214910509,"level":"debug","message":"Inline data specified.","meta":{"rootId":"2ht6jkiyuhlbsg6","id":"ogomlzrye895h70"},"id":"pi6dm6i2tfdbpy7","previousOperationId":"o05xcr1yyv5glix"}
{"type":"log","timestamp":1767214910515,"level":"debug","message":"Base url not specified, skipping its injection.","meta":{"rootId":"2ht6jkiyuhlbsg6","id":"ogomlzrye895h70"},"id":"n0v6uilzmoponhi","previousOperationId":"o05xcr1yyv5glix"}
{"type":"operationStart","subtype":"engine","name":"handlebars","timestamp":1767214910517,"id":"v07r0b5576wosok","previousEventId":"b0u5hdmcr54gwtk","operationId":"pwnum2nb6g3vitw","previousOperationId":"o05xcr1yyv5glix"}
{"type":"log","timestamp":1767214910518,"level":"debug","message":"Rendering engine handlebars","meta":{"rootId":"2ht6jkiyuhlbsg6","id":"ogomlzrye895h70"},"id":"rn503m7k457pqnb","previousOperationId":"pwnum2nb6g3vitw"}
{"type":"log","timestamp":1767214910785,"level":"debug","message":"(console:log) {\n  type: 'echarts@v5a',\n  width: 848,\n  height: 409,\n  option: { radar: [ [Object] ], series: [ [Object] ] }\n}","meta":{"userLevel":true,"rootId":"2ht6jkiyuhlbsg6","id":"ogomlzrye895h70"},"id":"pht6w1jg8g096r4","previousOperationId":"pwnum2nb6g3vitw"}
{"type":"operationEnd","operationId":"pwnum2nb6g3vitw","timestamp":1767214910800,"id":"wctcizg9bs707kt","previousEventId":"v07r0b5576wosok","previousOperationId":"pwnum2nb6g3vitw"}
{"type":"operationStart","subtype":"recipe","name":"html","timestamp":1767214910823,"id":"xw2w4q1gc26etfw","previousEventId":"wctcizg9bs707kt","operationId":"oej0cpb7yeecpse","previousOperationId":"pwnum2nb6g3vitw"}
{"type":"log","timestamp":1767214910824,"level":"debug","message":"Executing recipe html","meta":{"rootId":"2ht6jkiyuhlbsg6","id":"ogomlzrye895h70"},"id":"oqqq6z69d8x5uhl","previousOperationId":"oej0cpb7yeecpse"}
{"type":"operationEnd","operationId":"oej0cpb7yeecpse","timestamp":1767214910824,"id":"rzyqgzfb3xe45id","previousEventId":"xw2w4q1gc26etfw","previousOperationId":"oej0cpb7yeecpse"}
{"type":"log","timestamp":1767214910825,"level":"debug","message":"Skipping storing report.","meta":{"rootId":"2ht6jkiyuhlbsg6","id":"ogomlzrye895h70"},"id":"31d73yyr1vmbvdm","previousOperationId":"oej0cpb7yeecpse"}
{"type":"log","timestamp":1767214910825,"level":"info","message":"Rendering (child) request finished in 4070 ms","meta":{"rootId":"2ht6jkiyuhlbsg6","id":"ogomlzrye895h70"},"id":"i1a99yx9spw3cjv","previousOperationId":"oej0cpb7yeecpse"}
{"type":"operationEnd","subtype":"render","operationId":"o05xcr1yyv5glix","timestamp":1767214910826,"id":"ir1xe0cagqps908","previousEventId":"rzyqgzfb3xe45id","previousOperationId":"oej0cpb7yeecpse"}
{"type":"log","timestamp":1767214917968,"level":"debug","message":"pptx successfully zipped","meta":{"rootId":"2ht6jkiyuhlbsg6","id":"2ht6jkiyuhlbsg6"},"id":"fk5ym53hepihee6","previousOperationId":"khsr61tc85k7msd"}
{"type":"log","timestamp":1767214917968,"level":"info","message":"pptx generation was finished","meta":{"rootId":"2ht6jkiyuhlbsg6","id":"2ht6jkiyuhlbsg6"},"id":"a21uibrhi8e4bfx","previousOperationId":"khsr61tc85k7msd"}
{"type":"operationEnd","operationId":"khsr61tc85k7msd","timestamp":1767214917992,"id":"sm8qpg8o5mxz85f","previousEventId":"0rbaidbprd6brpv","previousOperationId":"khsr61tc85k7msd"}
{"type":"log","timestamp":1767214917993,"level":"debug","message":"Skipping storing report.","meta":{"rootId":"2ht6jkiyuhlbsg6","id":"2ht6jkiyuhlbsg6"},"id":"0dj6xsc5s1zgtbu","previousOperationId":"khsr61tc85k7msd"}
{"type":"log","timestamp":1767214917993,"level":"info","message":"Rendering request 2 finished in 11238 ms","meta":{"rootId":"2ht6jkiyuhlbsg6","id":"2ht6jkiyuhlbsg6"},"id":"6xjd3l8xfvcbd8t","previousOperationId":"khsr61tc85k7msd"}
{"type":"operationEnd","subtype":"render","operationId":"7u8kpyatmjh7sgl","timestamp":1767214917993,"id":"cvn2tpgqkm9qsf4","previousEventId":"sm8qpg8o5mxz85f","previousOperationId":"khsr61tc85k7msd"}
{"type":"operationEnd","doDiffs":false,"previousEventId":"vv5c4rd4q1egpwo","previousOperationId":"nf2be42cjodu7du","operationId":"nf2be42cjodu7du","timestamp":1767214918002,"id":"91aaaozjra9mjen"}
