{"type":"operationStart","subtype":"profile","data":{"_id":"c2xcIKWVmyevy2X4","timestamp":"2025-12-07T21:19:54.525Z","state":"running","mode":"standard","creationDate":"2025-12-07T21:19:54.528Z","modificationDate":"2025-12-07T21:19:54.528Z","shortid":"KBk0Dsk","$entitySet":"profiles","timeout":60000},"doDiffs":false,"timestamp":1765142394527,"id":"b4x379x9yjtwovg","previousOperationId":null,"operationId":"wu2m4fzt69vwxty"}
{"type":"log","level":"info","message":"Render request 2 queued for execution and waiting for available worker","previousOperationId":"wu2m4fzt69vwxty","timestamp":1765142394527,"id":"iotznbwvfqn9rhv"}
{"type":"operationStart","subtype":"render","name":"anonymous","previousOperationId":"wu2m4fzt69vwxty","timestamp":1765142394578,"id":"skrttgr7tvk4l8w","previousEventId":"b4x379x9yjtwovg","operationId":"fxk47otqv4qk3lm"}
{"type":"log","timestamp":1765142394578,"level":"info","message":"Starting rendering request 2","meta":{"rootId":"2iw03xb3nuygqj4","id":"2iw03xb3nuygqj4"},"id":"nb9h0hws3idgeiu","previousOperationId":"fxk47otqv4qk3lm"}
{"type":"log","timestamp":1765142394580,"level":"info","message":"Rendering anonymous template { recipe: pptx, engine: handlebars }","meta":{"rootId":"2iw03xb3nuygqj4","id":"2iw03xb3nuygqj4"},"id":"x5jay6o0sh55hvg","previousOperationId":"fxk47otqv4qk3lm"}
{"type":"log","timestamp":1765142394580,"level":"debug","message":"Inline data specified.","meta":{"rootId":"2iw03xb3nuygqj4","id":"2iw03xb3nuygqj4"},"id":"wj9j5sc2y75xohz","previousOperationId":"fxk47otqv4qk3lm"}
{"type":"log","timestamp":1765142394585,"level":"debug","message":"Base url not specified, skipping its injection.","meta":{"rootId":"2iw03xb3nuygqj4","id":"2iw03xb3nuygqj4"},"id":"zxt054lh8rz6h5p","previousOperationId":"fxk47otqv4qk3lm"}
{"type":"operationStart","subtype":"engine","name":"handlebars","timestamp":1765142394587,"id":"ekxdbhy79fnls85","previousEventId":"skrttgr7tvk4l8w","operationId":"lzrdraq444gnmoi","previousOperationId":"fxk47otqv4qk3lm"}
{"type":"log","timestamp":1765142394587,"level":"debug","message":"Rendering engine handlebars","meta":{"rootId":"2iw03xb3nuygqj4","id":"2iw03xb3nuygqj4"},"id":"uc5sjs83n8xnylm","previousOperationId":"lzrdraq444gnmoi"}
{"type":"operationEnd","operationId":"lzrdraq444gnmoi","timestamp":1765142395425,"id":"vwwpxd3ex16dpny","previousEventId":"ekxdbhy79fnls85","previousOperationId":"lzrdraq444gnmoi"}
{"type":"operationStart","subtype":"recipe","name":"pptx","timestamp":1765142395426,"id":"qtgji28hzwqi5ue","previousEventId":"vwwpxd3ex16dpny","operationId":"d859v5qhtzhu9gc","previousOperationId":"lzrdraq444gnmoi"}
{"type":"log","timestamp":1765142395426,"level":"debug","message":"Executing recipe pptx","meta":{"rootId":"2iw03xb3nuygqj4","id":"2iw03xb3nuygqj4"},"id":"dttmrsd6owk7tta","previousOperationId":"d859v5qhtzhu9gc"}
{"type":"log","timestamp":1765142395601,"level":"info","message":"pptx generation is starting","meta":{"rootId":"2iw03xb3nuygqj4","id":"2iw03xb3nuygqj4"},"id":"8xp8ewh13yoh2lv","previousOperationId":"d859v5qhtzhu9gc"}
{"type":"log","timestamp":1765142396698,"level":"debug","message":"Starting child request to render pptx dynamic parts","meta":{"rootId":"2iw03xb3nuygqj4","id":"2iw03xb3nuygqj4"},"id":"sxtq8qq2y6cy1np","previousOperationId":"d859v5qhtzhu9gc"}
{"type":"operationStart","subtype":"render","name":"anonymous","previousOperationId":"d859v5qhtzhu9gc","timestamp":1765142396699,"id":"o9lqbee98u6nv88","previousEventId":"qtgji28hzwqi5ue","operationId":"pcjjqle4tyvk5zq"}
{"type":"log","timestamp":1765142396699,"level":"info","message":"Starting rendering (child) request","meta":{"rootId":"2iw03xb3nuygqj4","id":"utbuzp4m38idtfn"},"id":"gv57p1vjcv5ivxb","previousOperationId":"pcjjqle4tyvk5zq"}
{"type":"log","timestamp":1765142396699,"level":"info","message":"Rendering anonymous template { recipe: html, engine: handlebars }","meta":{"rootId":"2iw03xb3nuygqj4","id":"utbuzp4m38idtfn"},"id":"hhavnjmto82w5nd","previousOperationId":"pcjjqle4tyvk5zq"}
{"type":"log","timestamp":1765142396699,"level":"debug","message":"Inline data specified.","meta":{"rootId":"2iw03xb3nuygqj4","id":"utbuzp4m38idtfn"},"id":"f37yrbpx29nlj7d","previousOperationId":"pcjjqle4tyvk5zq"}
{"type":"log","timestamp":1765142396704,"level":"debug","message":"Base url not specified, skipping its injection.","meta":{"rootId":"2iw03xb3nuygqj4","id":"utbuzp4m38idtfn"},"id":"fcljjnuz0awvxsq","previousOperationId":"pcjjqle4tyvk5zq"}
{"type":"operationStart","subtype":"engine","name":"handlebars","timestamp":1765142396705,"id":"870yfuhg6j7iudf","previousEventId":"o9lqbee98u6nv88","operationId":"bs7e73y9f6dgi6n","previousOperationId":"pcjjqle4tyvk5zq"}
{"type":"log","timestamp":1765142396705,"level":"debug","message":"Rendering engine handlebars","meta":{"rootId":"2iw03xb3nuygqj4","id":"utbuzp4m38idtfn"},"id":"yq73mpi03uksu9d","previousOperationId":"bs7e73y9f6dgi6n"}
{"type":"operationEnd","operationId":"bs7e73y9f6dgi6n","timestamp":1765142396814,"id":"z5hj65fopkqdt0r","previousEventId":"870yfuhg6j7iudf","previousOperationId":"bs7e73y9f6dgi6n"}
{"type":"operationStart","subtype":"recipe","name":"html","timestamp":1765142396823,"id":"sya3i8isw8imymr","previousEventId":"z5hj65fopkqdt0r","operationId":"9tp4o21ryyao9ep","previousOperationId":"bs7e73y9f6dgi6n"}
{"type":"log","timestamp":1765142396823,"level":"debug","message":"Executing recipe html","meta":{"rootId":"2iw03xb3nuygqj4","id":"utbuzp4m38idtfn"},"id":"hl9sbibzjr5y8d4","previousOperationId":"9tp4o21ryyao9ep"}
{"type":"operationEnd","operationId":"9tp4o21ryyao9ep","timestamp":1765142396823,"id":"5goy440jjzi1pgz","previousEventId":"sya3i8isw8imymr","previousOperationId":"9tp4o21ryyao9ep"}
{"type":"log","timestamp":1765142396824,"level":"debug","message":"Skipping storing report.","meta":{"rootId":"2iw03xb3nuygqj4","id":"utbuzp4m38idtfn"},"id":"98r1qvugl319imm","previousOperationId":"9tp4o21ryyao9ep"}
{"type":"log","timestamp":1765142396824,"level":"info","message":"Rendering (child) request finished in 2300 ms","meta":{"rootId":"2iw03xb3nuygqj4","id":"utbuzp4m38idtfn"},"id":"zsqw0n4p3so9sxr","previousOperationId":"9tp4o21ryyao9ep"}
{"type":"operationEnd","subtype":"render","operationId":"pcjjqle4tyvk5zq","timestamp":1765142396824,"id":"g0ibpbmge7410ju","previousEventId":"5goy440jjzi1pgz","previousOperationId":"9tp4o21ryyao9ep"}
{"type":"log","timestamp":1765142401347,"level":"debug","message":"pptx successfully zipped","meta":{"rootId":"2iw03xb3nuygqj4","id":"2iw03xb3nuygqj4"},"id":"o9rbqqgc7yjas62","previousOperationId":"d859v5qhtzhu9gc"}
{"type":"log","timestamp":1765142401347,"level":"info","message":"pptx generation was finished","meta":{"rootId":"2iw03xb3nuygqj4","id":"2iw03xb3nuygqj4"},"id":"3892w6d9aqnjbyd","previousOperationId":"d859v5qhtzhu9gc"}
{"type":"operationEnd","operationId":"d859v5qhtzhu9gc","timestamp":1765142401360,"id":"o45gqlglqlxa7ll","previousEventId":"qtgji28hzwqi5ue","previousOperationId":"d859v5qhtzhu9gc"}
{"type":"log","timestamp":1765142401360,"level":"debug","message":"Skipping storing report.","meta":{"rootId":"2iw03xb3nuygqj4","id":"2iw03xb3nuygqj4"},"id":"wh3gwf5j629wqa0","previousOperationId":"d859v5qhtzhu9gc"}
{"type":"log","timestamp":1765142401360,"level":"info","message":"Rendering request 2 finished in 6836 ms","meta":{"rootId":"2iw03xb3nuygqj4","id":"2iw03xb3nuygqj4"},"id":"xflt9ox19w6p4fu","previousOperationId":"d859v5qhtzhu9gc"}
{"type":"operationEnd","subtype":"render","operationId":"fxk47otqv4qk3lm","timestamp":1765142401360,"id":"rnhsw0ez044zd1x","previousEventId":"o45gqlglqlxa7ll","previousOperationId":"d859v5qhtzhu9gc"}
{"type":"operationEnd","doDiffs":false,"previousEventId":"b4x379x9yjtwovg","previousOperationId":"wu2m4fzt69vwxty","operationId":"wu2m4fzt69vwxty","timestamp":1765142401365,"id":"3e1czf9chno7jde"}
