{"type":"operationStart","subtype":"profile","data":{"_id":"miilYF5lFhmByz9t","timestamp":"2025-12-31T12:48:32.309Z","state":"running","mode":"standard","creationDate":"2025-12-31T12:48:32.317Z","modificationDate":"2025-12-31T12:48:32.317Z","shortid":"LOHk7j8","$entitySet":"profiles","timeout":60000},"doDiffs":false,"timestamp":1767185312314,"id":"wly0cdc2hc6i60l","previousOperationId":null,"operationId":"w2nzvk6upbpsfyn"}
{"type":"log","level":"info","message":"Render request 54 queued for execution and waiting for available worker","previousOperationId":"w2nzvk6upbpsfyn","timestamp":1767185312314,"id":"wtdqz1tp7nwkjwj"}
{"type":"operationStart","subtype":"render","name":"anonymous","previousOperationId":"w2nzvk6upbpsfyn","timestamp":1767185312388,"id":"bjed60shlawgshj","previousEventId":"wly0cdc2hc6i60l","operationId":"li7yujhrmwj3xud"}
{"type":"log","timestamp":1767185312388,"level":"info","message":"Starting rendering request 54","meta":{"rootId":"2onigu8rhr3e12w","id":"2onigu8rhr3e12w"},"id":"bq4vcpmfp9n72xu","previousOperationId":"li7yujhrmwj3xud"}
{"type":"log","timestamp":1767185312388,"level":"info","message":"Rendering anonymous template { recipe: pptx, engine: handlebars }","meta":{"rootId":"2onigu8rhr3e12w","id":"2onigu8rhr3e12w"},"id":"tbe5574cbu2cfca","previousOperationId":"li7yujhrmwj3xud"}
{"type":"log","timestamp":1767185312388,"level":"debug","message":"Inline data specified.","meta":{"rootId":"2onigu8rhr3e12w","id":"2onigu8rhr3e12w"},"id":"67renr7esivezm8","previousOperationId":"li7yujhrmwj3xud"}
{"type":"log","timestamp":1767185312394,"level":"debug","message":"Base url not specified, skipping its injection.","meta":{"rootId":"2onigu8rhr3e12w","id":"2onigu8rhr3e12w"},"id":"p66ap1seit99j43","previousOperationId":"li7yujhrmwj3xud"}
{"type":"operationStart","subtype":"engine","name":"handlebars","timestamp":1767185312395,"id":"jdcaxfqdg1gq3xl","previousEventId":"bjed60shlawgshj","operationId":"8gv37hepebtpm99","previousOperationId":"li7yujhrmwj3xud"}
{"type":"log","timestamp":1767185312395,"level":"debug","message":"Rendering engine handlebars","meta":{"rootId":"2onigu8rhr3e12w","id":"2onigu8rhr3e12w"},"id":"i4bmm6lp4pbgang","previousOperationId":"8gv37hepebtpm99"}
{"type":"operationEnd","operationId":"8gv37hepebtpm99","timestamp":1767185312410,"id":"n9p82euhaul52ur","previousEventId":"jdcaxfqdg1gq3xl","previousOperationId":"8gv37hepebtpm99"}
{"type":"operationStart","subtype":"recipe","name":"pptx","timestamp":1767185312410,"id":"x3zc8uni6rq0zo1","previousEventId":"n9p82euhaul52ur","operationId":"lr5m6bil5k0pg1i","previousOperationId":"8gv37hepebtpm99"}
{"type":"log","timestamp":1767185312410,"level":"debug","message":"Executing recipe pptx","meta":{"rootId":"2onigu8rhr3e12w","id":"2onigu8rhr3e12w"},"id":"1eavmt79hfcuwok","previousOperationId":"lr5m6bil5k0pg1i"}
{"type":"log","timestamp":1767185312429,"level":"info","message":"pptx generation is starting","meta":{"rootId":"2onigu8rhr3e12w","id":"2onigu8rhr3e12w"},"id":"1m4run250ifyx7j","previousOperationId":"lr5m6bil5k0pg1i"}
{"type":"log","timestamp":1767185313755,"level":"debug","message":"Starting child request to render pptx dynamic parts","meta":{"rootId":"2onigu8rhr3e12w","id":"2onigu8rhr3e12w"},"id":"gvjmrnpvmh2zdqt","previousOperationId":"lr5m6bil5k0pg1i"}
{"type":"operationStart","subtype":"render","name":"anonymous","previousOperationId":"lr5m6bil5k0pg1i","timestamp":1767185313755,"id":"ixlzwtknsa22x1y","previousEventId":"x3zc8uni6rq0zo1","operationId":"nu2jirj7wspdv4l"}
{"type":"log","timestamp":1767185313755,"level":"info","message":"Starting rendering (child) request","meta":{"rootId":"2onigu8rhr3e12w","id":"04322r5x0vrvfhh"},"id":"idkv8m3jh76991i","previousOperationId":"nu2jirj7wspdv4l"}
{"type":"log","timestamp":1767185313756,"level":"info","message":"Rendering anonymous template { recipe: html, engine: handlebars }","meta":{"rootId":"2onigu8rhr3e12w","id":"04322r5x0vrvfhh"},"id":"l3moj0uds52rrdc","previousOperationId":"nu2jirj7wspdv4l"}
{"type":"log","timestamp":1767185313756,"level":"debug","message":"Inline data specified.","meta":{"rootId":"2onigu8rhr3e12w","id":"04322r5x0vrvfhh"},"id":"2olea1npx8cbhfm","previousOperationId":"nu2jirj7wspdv4l"}
{"type":"log","timestamp":1767185313760,"level":"debug","message":"Base url not specified, skipping its injection.","meta":{"rootId":"2onigu8rhr3e12w","id":"04322r5x0vrvfhh"},"id":"9twzut9t8r1637g","previousOperationId":"nu2jirj7wspdv4l"}
{"type":"operationStart","subtype":"engine","name":"handlebars","timestamp":1767185313762,"id":"91fz7ta5lnqgdge","previousEventId":"ixlzwtknsa22x1y","operationId":"n67777uzxda7x0t","previousOperationId":"nu2jirj7wspdv4l"}
{"type":"log","timestamp":1767185313762,"level":"debug","message":"Rendering engine handlebars","meta":{"rootId":"2onigu8rhr3e12w","id":"04322r5x0vrvfhh"},"id":"1704f8wcqfvz207","previousOperationId":"n67777uzxda7x0t"}
{"type":"log","timestamp":1767185313931,"level":"debug","message":"(console:log) {\n  type: 'echarts@v5a',\n  width: 848,\n  height: 409,\n  option: { radar: [ [Object] ], series: [ [Object] ] }\n}","meta":{"userLevel":true,"rootId":"2onigu8rhr3e12w","id":"04322r5x0vrvfhh"},"id":"algvfit63ldo1sr","previousOperationId":"n67777uzxda7x0t"}
{"type":"operationEnd","operationId":"n67777uzxda7x0t","timestamp":1767185313943,"id":"n8aetbu1gtdpcqh","previousEventId":"91fz7ta5lnqgdge","previousOperationId":"n67777uzxda7x0t"}
{"type":"operationStart","subtype":"recipe","name":"html","timestamp":1767185313958,"id":"ylqckj59o5c2cel","previousEventId":"n8aetbu1gtdpcqh","operationId":"csvvuyjs09l0ci9","previousOperationId":"n67777uzxda7x0t"}
{"type":"log","timestamp":1767185313958,"level":"debug","message":"Executing recipe html","meta":{"rootId":"2onigu8rhr3e12w","id":"04322r5x0vrvfhh"},"id":"g4yjpctjfw6afd0","previousOperationId":"csvvuyjs09l0ci9"}
{"type":"operationEnd","operationId":"csvvuyjs09l0ci9","timestamp":1767185313958,"id":"vrpzgsqa9icovvv","previousEventId":"ylqckj59o5c2cel","previousOperationId":"csvvuyjs09l0ci9"}
{"type":"log","timestamp":1767185313958,"level":"debug","message":"Skipping storing report.","meta":{"rootId":"2onigu8rhr3e12w","id":"04322r5x0vrvfhh"},"id":"s6kmk696yu3ma8l","previousOperationId":"csvvuyjs09l0ci9"}
{"type":"log","timestamp":1767185313958,"level":"info","message":"Rendering (child) request finished in 1652 ms","meta":{"rootId":"2onigu8rhr3e12w","id":"04322r5x0vrvfhh"},"id":"93ou2c1a49dv2y8","previousOperationId":"csvvuyjs09l0ci9"}
{"type":"operationEnd","subtype":"render","operationId":"nu2jirj7wspdv4l","timestamp":1767185313958,"id":"w0jioosfg1hwyx0","previousEventId":"vrpzgsqa9icovvv","previousOperationId":"csvvuyjs09l0ci9"}
{"type":"log","timestamp":1767185318472,"level":"debug","message":"pptx successfully zipped","meta":{"rootId":"2onigu8rhr3e12w","id":"2onigu8rhr3e12w"},"id":"o9e35t5l5n3fu0d","previousOperationId":"lr5m6bil5k0pg1i"}
{"type":"log","timestamp":1767185318472,"level":"info","message":"pptx generation was finished","meta":{"rootId":"2onigu8rhr3e12w","id":"2onigu8rhr3e12w"},"id":"a55i3nnls7hxzto","previousOperationId":"lr5m6bil5k0pg1i"}
{"type":"operationEnd","operationId":"lr5m6bil5k0pg1i","timestamp":1767185318480,"id":"7994u1pep73izlo","previousEventId":"x3zc8uni6rq0zo1","previousOperationId":"lr5m6bil5k0pg1i"}
{"type":"log","timestamp":1767185318480,"level":"debug","message":"Skipping storing report.","meta":{"rootId":"2onigu8rhr3e12w","id":"2onigu8rhr3e12w"},"id":"ziblp86998yavb5","previousOperationId":"lr5m6bil5k0pg1i"}
{"type":"log","timestamp":1767185318480,"level":"info","message":"Rendering request 54 finished in 6174 ms","meta":{"rootId":"2onigu8rhr3e12w","id":"2onigu8rhr3e12w"},"id":"f2pz2srp80072s1","previousOperationId":"lr5m6bil5k0pg1i"}
{"type":"operationEnd","subtype":"render","operationId":"li7yujhrmwj3xud","timestamp":1767185318480,"id":"u2psxtwh77h6lur","previousEventId":"7994u1pep73izlo","previousOperationId":"lr5m6bil5k0pg1i"}
{"type":"operationEnd","doDiffs":false,"previousEventId":"wly0cdc2hc6i60l","previousOperationId":"w2nzvk6upbpsfyn","operationId":"w2nzvk6upbpsfyn","timestamp":1767185318485,"id":"vrowjsn63fvyg7y"}
