{"type":"operationStart","subtype":"profile","data":{"_id":"yo1vGZIsRhAhGqj1","timestamp":"2025-12-26T11:51:26.167Z","state":"running","mode":"standard","creationDate":"2025-12-26T11:51:26.172Z","modificationDate":"2025-12-26T11:51:26.172Z","shortid":"guNSfYg","$entitySet":"profiles","timeout":60000},"doDiffs":false,"timestamp":1766749886169,"id":"mk1u76t081xia1z","previousOperationId":null,"operationId":"dfune06t90sz7so"}
{"type":"log","level":"info","message":"Render request 3 queued for execution and waiting for available worker","previousOperationId":"dfune06t90sz7so","timestamp":1766749886169,"id":"dhfpwi9x8a63nwr"}
{"type":"operationStart","subtype":"render","name":"anonymous","previousOperationId":"dfune06t90sz7so","timestamp":1766749886247,"id":"bhxqrjky36jkzfh","previousEventId":"mk1u76t081xia1z","operationId":"la9weyuifok3kam"}
{"type":"log","timestamp":1766749886247,"level":"info","message":"Starting rendering request 3","meta":{"rootId":"2phm4o9f5oq7ufk","id":"2phm4o9f5oq7ufk"},"id":"nsl4fdye91lax9o","previousOperationId":"la9weyuifok3kam"}
{"type":"log","timestamp":1766749886247,"level":"info","message":"Rendering anonymous template { recipe: pptx, engine: handlebars }","meta":{"rootId":"2phm4o9f5oq7ufk","id":"2phm4o9f5oq7ufk"},"id":"1ioj8aau2gjtvbt","previousOperationId":"la9weyuifok3kam"}
{"type":"log","timestamp":1766749886248,"level":"debug","message":"Inline data specified.","meta":{"rootId":"2phm4o9f5oq7ufk","id":"2phm4o9f5oq7ufk"},"id":"q0znj3fw2i84byl","previousOperationId":"la9weyuifok3kam"}
{"type":"log","timestamp":1766749886256,"level":"debug","message":"Base url not specified, skipping its injection.","meta":{"rootId":"2phm4o9f5oq7ufk","id":"2phm4o9f5oq7ufk"},"id":"mctm41n6f9jdmtz","previousOperationId":"la9weyuifok3kam"}
{"type":"operationStart","subtype":"engine","name":"handlebars","timestamp":1766749886257,"id":"m24xk5qbotfr57f","previousEventId":"bhxqrjky36jkzfh","operationId":"je7kqff9goms24i","previousOperationId":"la9weyuifok3kam"}
{"type":"log","timestamp":1766749886257,"level":"debug","message":"Rendering engine handlebars","meta":{"rootId":"2phm4o9f5oq7ufk","id":"2phm4o9f5oq7ufk"},"id":"gdrxd229imkzafd","previousOperationId":"je7kqff9goms24i"}
{"type":"operationEnd","operationId":"je7kqff9goms24i","timestamp":1766749886279,"id":"8klw7ijqq8usdko","previousEventId":"m24xk5qbotfr57f","previousOperationId":"je7kqff9goms24i"}
{"type":"operationStart","subtype":"recipe","name":"pptx","timestamp":1766749886280,"id":"48twgu45h0bguvc","previousEventId":"8klw7ijqq8usdko","operationId":"id2wma0j9qslk4n","previousOperationId":"je7kqff9goms24i"}
{"type":"log","timestamp":1766749886280,"level":"debug","message":"Executing recipe pptx","meta":{"rootId":"2phm4o9f5oq7ufk","id":"2phm4o9f5oq7ufk"},"id":"fcsmw9h6jkms5ev","previousOperationId":"id2wma0j9qslk4n"}
{"type":"log","timestamp":1766749886303,"level":"info","message":"pptx generation is starting","meta":{"rootId":"2phm4o9f5oq7ufk","id":"2phm4o9f5oq7ufk"},"id":"bpzbubzzy6ezdiz","previousOperationId":"id2wma0j9qslk4n"}
{"type":"log","timestamp":1766749888010,"level":"debug","message":"Starting child request to render pptx dynamic parts","meta":{"rootId":"2phm4o9f5oq7ufk","id":"2phm4o9f5oq7ufk"},"id":"ony30o0h4wto9ol","previousOperationId":"id2wma0j9qslk4n"}
{"type":"operationStart","subtype":"render","name":"anonymous","previousOperationId":"id2wma0j9qslk4n","timestamp":1766749888010,"id":"2d0cb5mwyqsu290","previousEventId":"48twgu45h0bguvc","operationId":"263rgxcmshsmj3g"}
{"type":"log","timestamp":1766749888010,"level":"info","message":"Starting rendering (child) request","meta":{"rootId":"2phm4o9f5oq7ufk","id":"e00z0bywgt2o8p4"},"id":"fxnwioygf9f6ivk","previousOperationId":"263rgxcmshsmj3g"}
{"type":"log","timestamp":1766749888010,"level":"info","message":"Rendering anonymous template { recipe: html, engine: handlebars }","meta":{"rootId":"2phm4o9f5oq7ufk","id":"e00z0bywgt2o8p4"},"id":"e1astk5r9rwojo7","previousOperationId":"263rgxcmshsmj3g"}
{"type":"log","timestamp":1766749888011,"level":"debug","message":"Inline data specified.","meta":{"rootId":"2phm4o9f5oq7ufk","id":"e00z0bywgt2o8p4"},"id":"vtkhig11gihs4wy","previousOperationId":"263rgxcmshsmj3g"}
{"type":"log","timestamp":1766749888017,"level":"debug","message":"Base url not specified, skipping its injection.","meta":{"rootId":"2phm4o9f5oq7ufk","id":"e00z0bywgt2o8p4"},"id":"heyg71nl85gbl79","previousOperationId":"263rgxcmshsmj3g"}
{"type":"operationStart","subtype":"engine","name":"handlebars","timestamp":1766749888020,"id":"rvyl7ndaj1gsb52","previousEventId":"2d0cb5mwyqsu290","operationId":"c5rgmu1qes6up30","previousOperationId":"263rgxcmshsmj3g"}
{"type":"log","timestamp":1766749888020,"level":"debug","message":"Rendering engine handlebars","meta":{"rootId":"2phm4o9f5oq7ufk","id":"e00z0bywgt2o8p4"},"id":"8ncajxop2t66x49","previousOperationId":"c5rgmu1qes6up30"}
{"type":"operationEnd","operationId":"c5rgmu1qes6up30","timestamp":1766749888177,"id":"t7v1d1mm34ecqdc","previousEventId":"rvyl7ndaj1gsb52","previousOperationId":"c5rgmu1qes6up30"}
{"type":"operationStart","subtype":"recipe","name":"html","timestamp":1766749888194,"id":"md01se70epr6o5j","previousEventId":"t7v1d1mm34ecqdc","operationId":"ysmkvuu57af504d","previousOperationId":"c5rgmu1qes6up30"}
{"type":"log","timestamp":1766749888194,"level":"debug","message":"Executing recipe html","meta":{"rootId":"2phm4o9f5oq7ufk","id":"e00z0bywgt2o8p4"},"id":"lbhfpt5e33x53td","previousOperationId":"ysmkvuu57af504d"}
{"type":"operationEnd","operationId":"ysmkvuu57af504d","timestamp":1766749888194,"id":"dqccm72rb1lvpz8","previousEventId":"md01se70epr6o5j","previousOperationId":"ysmkvuu57af504d"}
{"type":"log","timestamp":1766749888194,"level":"debug","message":"Skipping storing report.","meta":{"rootId":"2phm4o9f5oq7ufk","id":"e00z0bywgt2o8p4"},"id":"ko39vxxk5nbxy2l","previousOperationId":"ysmkvuu57af504d"}
{"type":"log","timestamp":1766749888194,"level":"info","message":"Rendering (child) request finished in 2028 ms","meta":{"rootId":"2phm4o9f5oq7ufk","id":"e00z0bywgt2o8p4"},"id":"bk9j89hpc7q6hf1","previousOperationId":"ysmkvuu57af504d"}
{"type":"operationEnd","subtype":"render","operationId":"263rgxcmshsmj3g","timestamp":1766749888194,"id":"dvz91xr8m18d15l","previousEventId":"dqccm72rb1lvpz8","previousOperationId":"ysmkvuu57af504d"}
{"type":"log","timestamp":1766749893160,"level":"debug","message":"pptx successfully zipped","meta":{"rootId":"2phm4o9f5oq7ufk","id":"2phm4o9f5oq7ufk"},"id":"mx4e7qbawjfhrhd","previousOperationId":"id2wma0j9qslk4n"}
{"type":"log","timestamp":1766749893160,"level":"info","message":"pptx generation was finished","meta":{"rootId":"2phm4o9f5oq7ufk","id":"2phm4o9f5oq7ufk"},"id":"9kptdqdpvwtajbv","previousOperationId":"id2wma0j9qslk4n"}
{"type":"operationEnd","operationId":"id2wma0j9qslk4n","timestamp":1766749893175,"id":"bw81us6yoyfebcp","previousEventId":"48twgu45h0bguvc","previousOperationId":"id2wma0j9qslk4n"}
{"type":"log","timestamp":1766749893175,"level":"debug","message":"Skipping storing report.","meta":{"rootId":"2phm4o9f5oq7ufk","id":"2phm4o9f5oq7ufk"},"id":"nz7vd61wo8v5ddm","previousOperationId":"id2wma0j9qslk4n"}
{"type":"log","timestamp":1766749893175,"level":"info","message":"Rendering request 3 finished in 7009 ms","meta":{"rootId":"2phm4o9f5oq7ufk","id":"2phm4o9f5oq7ufk"},"id":"b10o53wumcmxosh","previousOperationId":"id2wma0j9qslk4n"}
{"type":"operationEnd","subtype":"render","operationId":"la9weyuifok3kam","timestamp":1766749893175,"id":"hm80rdtqcwyv3ak","previousEventId":"bw81us6yoyfebcp","previousOperationId":"id2wma0j9qslk4n"}
{"type":"operationEnd","doDiffs":false,"previousEventId":"mk1u76t081xia1z","previousOperationId":"dfune06t90sz7so","operationId":"dfune06t90sz7so","timestamp":1766749893181,"id":"jiktb1olttrjr14"}
