{"type":"operationStart","subtype":"profile","data":{"_id":"18ntMH1f6XMxCYQ5","timestamp":"2025-12-31T10:03:53.170Z","state":"running","mode":"standard","creationDate":"2025-12-31T10:03:53.176Z","modificationDate":"2025-12-31T10:03:53.176Z","shortid":"6Hw6a98","$entitySet":"profiles","timeout":60000},"doDiffs":false,"timestamp":1767175433174,"id":"4hjndv4cz6rhfwq","previousOperationId":null,"operationId":"9cezb96dbqwfbj6"}
{"type":"log","level":"info","message":"Render request 10 queued for execution and waiting for available worker","previousOperationId":"9cezb96dbqwfbj6","timestamp":1767175433174,"id":"5enyjlr8o388cmn"}
{"type":"operationStart","subtype":"render","name":"anonymous","previousOperationId":"9cezb96dbqwfbj6","timestamp":1767175433247,"id":"ku6n2fsns3zwej8","previousEventId":"4hjndv4cz6rhfwq","operationId":"4gmhwd5h350htpo"}
{"type":"log","timestamp":1767175433248,"level":"info","message":"Starting rendering request 10","meta":{"rootId":"3ebonh0eaav0fxh","id":"3ebonh0eaav0fxh"},"id":"31kfmshz2klaxbx","previousOperationId":"4gmhwd5h350htpo"}
{"type":"log","timestamp":1767175433248,"level":"info","message":"Rendering anonymous template { recipe: pptx, engine: handlebars }","meta":{"rootId":"3ebonh0eaav0fxh","id":"3ebonh0eaav0fxh"},"id":"bs39d7kcl1nkwi0","previousOperationId":"4gmhwd5h350htpo"}
{"type":"log","timestamp":1767175433248,"level":"debug","message":"Inline data specified.","meta":{"rootId":"3ebonh0eaav0fxh","id":"3ebonh0eaav0fxh"},"id":"6s1et6olyjiqv0z","previousOperationId":"4gmhwd5h350htpo"}
{"type":"log","timestamp":1767175433252,"level":"debug","message":"Base url not specified, skipping its injection.","meta":{"rootId":"3ebonh0eaav0fxh","id":"3ebonh0eaav0fxh"},"id":"z9tq9mjmicvy5vf","previousOperationId":"4gmhwd5h350htpo"}
{"type":"operationStart","subtype":"engine","name":"handlebars","timestamp":1767175433253,"id":"kesjjv2owj5yt31","previousEventId":"ku6n2fsns3zwej8","operationId":"gs5o38ua5e3sngj","previousOperationId":"4gmhwd5h350htpo"}
{"type":"log","timestamp":1767175433253,"level":"debug","message":"Rendering engine handlebars","meta":{"rootId":"3ebonh0eaav0fxh","id":"3ebonh0eaav0fxh"},"id":"mllp7vqwej6dxio","previousOperationId":"gs5o38ua5e3sngj"}
{"type":"operationEnd","operationId":"gs5o38ua5e3sngj","timestamp":1767175433274,"id":"rr634yazu71yzz9","previousEventId":"kesjjv2owj5yt31","previousOperationId":"gs5o38ua5e3sngj"}
{"type":"operationStart","subtype":"recipe","name":"pptx","timestamp":1767175433274,"id":"us2u0g2pit8zj17","previousEventId":"rr634yazu71yzz9","operationId":"dk6dsp38vo8v1lt","previousOperationId":"gs5o38ua5e3sngj"}
{"type":"log","timestamp":1767175433274,"level":"debug","message":"Executing recipe pptx","meta":{"rootId":"3ebonh0eaav0fxh","id":"3ebonh0eaav0fxh"},"id":"ftrjtlsaibduae3","previousOperationId":"dk6dsp38vo8v1lt"}
{"type":"log","timestamp":1767175433307,"level":"info","message":"pptx generation is starting","meta":{"rootId":"3ebonh0eaav0fxh","id":"3ebonh0eaav0fxh"},"id":"n7fd458px3zj177","previousOperationId":"dk6dsp38vo8v1lt"}
{"type":"log","timestamp":1767175435311,"level":"debug","message":"Starting child request to render pptx dynamic parts","meta":{"rootId":"3ebonh0eaav0fxh","id":"3ebonh0eaav0fxh"},"id":"weubgzl408jcm8z","previousOperationId":"dk6dsp38vo8v1lt"}
{"type":"operationStart","subtype":"render","name":"anonymous","previousOperationId":"dk6dsp38vo8v1lt","timestamp":1767175435312,"id":"dcs1wx7qga750hp","previousEventId":"us2u0g2pit8zj17","operationId":"rujnn94kt06iqlp"}
{"type":"log","timestamp":1767175435312,"level":"info","message":"Starting rendering (child) request","meta":{"rootId":"3ebonh0eaav0fxh","id":"40r5hst9lrle3hh"},"id":"kyl0nppbuehdevo","previousOperationId":"rujnn94kt06iqlp"}
{"type":"log","timestamp":1767175435312,"level":"info","message":"Rendering anonymous template { recipe: html, engine: handlebars }","meta":{"rootId":"3ebonh0eaav0fxh","id":"40r5hst9lrle3hh"},"id":"b616ycn7d95fql5","previousOperationId":"rujnn94kt06iqlp"}
{"type":"log","timestamp":1767175435312,"level":"debug","message":"Inline data specified.","meta":{"rootId":"3ebonh0eaav0fxh","id":"40r5hst9lrle3hh"},"id":"v6dqws57e7m53d3","previousOperationId":"rujnn94kt06iqlp"}
{"type":"log","timestamp":1767175435317,"level":"debug","message":"Base url not specified, skipping its injection.","meta":{"rootId":"3ebonh0eaav0fxh","id":"40r5hst9lrle3hh"},"id":"rcb54jl4om355zb","previousOperationId":"rujnn94kt06iqlp"}
{"type":"operationStart","subtype":"engine","name":"handlebars","timestamp":1767175435319,"id":"5010xz1hrc1sgsw","previousEventId":"dcs1wx7qga750hp","operationId":"g0anl9zufnnfbry","previousOperationId":"rujnn94kt06iqlp"}
{"type":"log","timestamp":1767175435320,"level":"debug","message":"Rendering engine handlebars","meta":{"rootId":"3ebonh0eaav0fxh","id":"40r5hst9lrle3hh"},"id":"8koq3opz22jsrs0","previousOperationId":"g0anl9zufnnfbry"}
{"type":"log","timestamp":1767175435552,"level":"debug","message":"(console:log) {\n  type: 'echarts@v5a',\n  width: 848,\n  height: 409,\n  option: { radar: [ [Object] ], series: [ [Object] ] }\n}","meta":{"userLevel":true,"rootId":"3ebonh0eaav0fxh","id":"40r5hst9lrle3hh"},"id":"yfucoee5xmsgmp5","previousOperationId":"g0anl9zufnnfbry"}
{"type":"operationEnd","operationId":"g0anl9zufnnfbry","timestamp":1767175435579,"id":"wj2961uqrijhs46","previousEventId":"5010xz1hrc1sgsw","previousOperationId":"g0anl9zufnnfbry"}
{"type":"operationStart","subtype":"recipe","name":"html","timestamp":1767175435605,"id":"7cgoojxs4icr14o","previousEventId":"wj2961uqrijhs46","operationId":"lq4kzoenrilsr5w","previousOperationId":"g0anl9zufnnfbry"}
{"type":"log","timestamp":1767175435605,"level":"debug","message":"Executing recipe html","meta":{"rootId":"3ebonh0eaav0fxh","id":"40r5hst9lrle3hh"},"id":"9mbfdqem52jv37h","previousOperationId":"lq4kzoenrilsr5w"}
{"type":"operationEnd","operationId":"lq4kzoenrilsr5w","timestamp":1767175435605,"id":"7guh8pay4n03tx8","previousEventId":"7cgoojxs4icr14o","previousOperationId":"lq4kzoenrilsr5w"}
{"type":"log","timestamp":1767175435606,"level":"debug","message":"Skipping storing report.","meta":{"rootId":"3ebonh0eaav0fxh","id":"40r5hst9lrle3hh"},"id":"e9rzmze4evy4ebu","previousOperationId":"lq4kzoenrilsr5w"}
{"type":"log","timestamp":1767175435606,"level":"info","message":"Rendering (child) request finished in 2438 ms","meta":{"rootId":"3ebonh0eaav0fxh","id":"40r5hst9lrle3hh"},"id":"fqqme2tskvlybgt","previousOperationId":"lq4kzoenrilsr5w"}
{"type":"operationEnd","subtype":"render","operationId":"rujnn94kt06iqlp","timestamp":1767175435606,"id":"v8wraix9iphg9xx","previousEventId":"7guh8pay4n03tx8","previousOperationId":"lq4kzoenrilsr5w"}
{"type":"log","timestamp":1767175441972,"level":"debug","message":"pptx successfully zipped","meta":{"rootId":"3ebonh0eaav0fxh","id":"3ebonh0eaav0fxh"},"id":"4sdvrure2ojzq5z","previousOperationId":"dk6dsp38vo8v1lt"}
{"type":"log","timestamp":1767175441973,"level":"info","message":"pptx generation was finished","meta":{"rootId":"3ebonh0eaav0fxh","id":"3ebonh0eaav0fxh"},"id":"ma0c43a0h0cq36u","previousOperationId":"dk6dsp38vo8v1lt"}
{"type":"operationEnd","operationId":"dk6dsp38vo8v1lt","timestamp":1767175442007,"id":"ebh7ehuiuklkwrl","previousEventId":"us2u0g2pit8zj17","previousOperationId":"dk6dsp38vo8v1lt"}
{"type":"log","timestamp":1767175442007,"level":"debug","message":"Skipping storing report.","meta":{"rootId":"3ebonh0eaav0fxh","id":"3ebonh0eaav0fxh"},"id":"5picbfa2gskpi4b","previousOperationId":"dk6dsp38vo8v1lt"}
{"type":"log","timestamp":1767175442007,"level":"info","message":"Rendering request 10 finished in 8839 ms","meta":{"rootId":"3ebonh0eaav0fxh","id":"3ebonh0eaav0fxh"},"id":"1ccxqi6vcnsyymw","previousOperationId":"dk6dsp38vo8v1lt"}
{"type":"operationEnd","subtype":"render","operationId":"4gmhwd5h350htpo","timestamp":1767175442007,"id":"y3dfh987wl3jaz0","previousEventId":"ebh7ehuiuklkwrl","previousOperationId":"dk6dsp38vo8v1lt"}
{"type":"operationEnd","doDiffs":false,"previousEventId":"4hjndv4cz6rhfwq","previousOperationId":"9cezb96dbqwfbj6","operationId":"9cezb96dbqwfbj6","timestamp":1767175442014,"id":"sf45gyvovwi31jp"}
