{"type":"operationStart","subtype":"profile","data":{"_id":"EdKaU1gUkKzc9q03","timestamp":"2025-12-28T14:21:57.632Z","state":"running","mode":"standard","creationDate":"2025-12-28T14:21:57.635Z","modificationDate":"2025-12-28T14:21:57.635Z","shortid":"wH4f1MQ","$entitySet":"profiles","timeout":60000},"doDiffs":false,"timestamp":1766931717634,"id":"48faxpp9l9dle3t","previousOperationId":null,"operationId":"2frzhk55mnkj1tx"}
{"type":"log","level":"info","message":"Render request 13 queued for execution and waiting for available worker","previousOperationId":"2frzhk55mnkj1tx","timestamp":1766931717634,"id":"uff5qe0zumvjixp"}
{"type":"operationStart","subtype":"render","name":"anonymous","previousOperationId":"2frzhk55mnkj1tx","timestamp":1766931717688,"id":"5fohe7hftoha8pw","previousEventId":"48faxpp9l9dle3t","operationId":"kx5lfo69minery8"}
{"type":"log","timestamp":1766931717688,"level":"info","message":"Starting rendering request 13","meta":{"rootId":"3fmgsdwoek49vmk","id":"3fmgsdwoek49vmk"},"id":"drjt3wttes8670e","previousOperationId":"kx5lfo69minery8"}
{"type":"log","timestamp":1766931717689,"level":"info","message":"Rendering anonymous template { recipe: pptx, engine: handlebars }","meta":{"rootId":"3fmgsdwoek49vmk","id":"3fmgsdwoek49vmk"},"id":"426ons2ao2ykvu0","previousOperationId":"kx5lfo69minery8"}
{"type":"log","timestamp":1766931717689,"level":"debug","message":"Inline data specified.","meta":{"rootId":"3fmgsdwoek49vmk","id":"3fmgsdwoek49vmk"},"id":"1bj3zd4qo9xa2ou","previousOperationId":"kx5lfo69minery8"}
{"type":"log","timestamp":1766931717692,"level":"debug","message":"Base url not specified, skipping its injection.","meta":{"rootId":"3fmgsdwoek49vmk","id":"3fmgsdwoek49vmk"},"id":"0lx6qorw01uowfq","previousOperationId":"kx5lfo69minery8"}
{"type":"operationStart","subtype":"engine","name":"handlebars","timestamp":1766931717693,"id":"pud2g3e97922z7l","previousEventId":"5fohe7hftoha8pw","operationId":"h4x4acq30qdls7c","previousOperationId":"kx5lfo69minery8"}
{"type":"log","timestamp":1766931717693,"level":"debug","message":"Rendering engine handlebars","meta":{"rootId":"3fmgsdwoek49vmk","id":"3fmgsdwoek49vmk"},"id":"ia5wkgnfzca5mhh","previousOperationId":"h4x4acq30qdls7c"}
{"type":"operationEnd","operationId":"h4x4acq30qdls7c","timestamp":1766931717721,"id":"gtdo3bc94aanvrf","previousEventId":"pud2g3e97922z7l","previousOperationId":"h4x4acq30qdls7c"}
{"type":"operationStart","subtype":"recipe","name":"pptx","timestamp":1766931717722,"id":"rgt99aapwcgdp8p","previousEventId":"gtdo3bc94aanvrf","operationId":"hem9ujrjk5oyxn2","previousOperationId":"h4x4acq30qdls7c"}
{"type":"log","timestamp":1766931717722,"level":"debug","message":"Executing recipe pptx","meta":{"rootId":"3fmgsdwoek49vmk","id":"3fmgsdwoek49vmk"},"id":"fj3h9po10a0mila","previousOperationId":"hem9ujrjk5oyxn2"}
{"type":"log","timestamp":1766931717739,"level":"info","message":"pptx generation is starting","meta":{"rootId":"3fmgsdwoek49vmk","id":"3fmgsdwoek49vmk"},"id":"wmifawsovpuza19","previousOperationId":"hem9ujrjk5oyxn2"}
{"type":"log","timestamp":1766931718755,"level":"debug","message":"Starting child request to render pptx dynamic parts","meta":{"rootId":"3fmgsdwoek49vmk","id":"3fmgsdwoek49vmk"},"id":"zpv9fizlu52c9nj","previousOperationId":"hem9ujrjk5oyxn2"}
{"type":"operationStart","subtype":"render","name":"anonymous","previousOperationId":"hem9ujrjk5oyxn2","timestamp":1766931718755,"id":"rq0bpbaix1kzvk0","previousEventId":"rgt99aapwcgdp8p","operationId":"5xod4ugyye8mc1t"}
{"type":"log","timestamp":1766931718755,"level":"info","message":"Starting rendering (child) request","meta":{"rootId":"3fmgsdwoek49vmk","id":"mz5zvvkmnybzsvc"},"id":"da5tkrvq0s81fh7","previousOperationId":"5xod4ugyye8mc1t"}
{"type":"log","timestamp":1766931718756,"level":"info","message":"Rendering anonymous template { recipe: html, engine: handlebars }","meta":{"rootId":"3fmgsdwoek49vmk","id":"mz5zvvkmnybzsvc"},"id":"fni2aqm9u6cfirg","previousOperationId":"5xod4ugyye8mc1t"}
{"type":"log","timestamp":1766931718756,"level":"debug","message":"Inline data specified.","meta":{"rootId":"3fmgsdwoek49vmk","id":"mz5zvvkmnybzsvc"},"id":"lgndtym86dbwovg","previousOperationId":"5xod4ugyye8mc1t"}
{"type":"log","timestamp":1766931718760,"level":"debug","message":"Base url not specified, skipping its injection.","meta":{"rootId":"3fmgsdwoek49vmk","id":"mz5zvvkmnybzsvc"},"id":"mx4v1dplszh9epr","previousOperationId":"5xod4ugyye8mc1t"}
{"type":"operationStart","subtype":"engine","name":"handlebars","timestamp":1766931718762,"id":"1gu5oln6vvx6h2u","previousEventId":"rq0bpbaix1kzvk0","operationId":"v5jkb0pw72nnok9","previousOperationId":"5xod4ugyye8mc1t"}
{"type":"log","timestamp":1766931718762,"level":"debug","message":"Rendering engine handlebars","meta":{"rootId":"3fmgsdwoek49vmk","id":"mz5zvvkmnybzsvc"},"id":"9f3cv81eevykrxs","previousOperationId":"v5jkb0pw72nnok9"}
{"type":"log","timestamp":1766931718882,"level":"debug","message":"(console:log) {\n  type: 'echarts@v5a',\n  width: 848,\n  height: 409,\n  option: { radar: [ [Object] ], series: [ [Object] ] }\n}","meta":{"userLevel":true,"rootId":"3fmgsdwoek49vmk","id":"mz5zvvkmnybzsvc"},"id":"4mglm6lsoe1c51i","previousOperationId":"v5jkb0pw72nnok9"}
{"type":"operationEnd","operationId":"v5jkb0pw72nnok9","timestamp":1766931718889,"id":"ychkdaa4jy08vu3","previousEventId":"1gu5oln6vvx6h2u","previousOperationId":"v5jkb0pw72nnok9"}
{"type":"operationStart","subtype":"recipe","name":"html","timestamp":1766931718899,"id":"wj31725oveie518","previousEventId":"ychkdaa4jy08vu3","operationId":"2wcl768khmbuiq2","previousOperationId":"v5jkb0pw72nnok9"}
{"type":"log","timestamp":1766931718899,"level":"debug","message":"Executing recipe html","meta":{"rootId":"3fmgsdwoek49vmk","id":"mz5zvvkmnybzsvc"},"id":"rqzh53xx3t5sgk2","previousOperationId":"2wcl768khmbuiq2"}
{"type":"operationEnd","operationId":"2wcl768khmbuiq2","timestamp":1766931718900,"id":"l3z8zrdv9qe2prz","previousEventId":"wj31725oveie518","previousOperationId":"2wcl768khmbuiq2"}
{"type":"log","timestamp":1766931718900,"level":"debug","message":"Skipping storing report.","meta":{"rootId":"3fmgsdwoek49vmk","id":"mz5zvvkmnybzsvc"},"id":"a1fxsivey5l1bs0","previousOperationId":"2wcl768khmbuiq2"}
{"type":"log","timestamp":1766931718900,"level":"info","message":"Rendering (child) request finished in 1268 ms","meta":{"rootId":"3fmgsdwoek49vmk","id":"mz5zvvkmnybzsvc"},"id":"7fj6nb3gg3lzbrg","previousOperationId":"2wcl768khmbuiq2"}
{"type":"operationEnd","subtype":"render","operationId":"5xod4ugyye8mc1t","timestamp":1766931718900,"id":"xt012d1m0v2ysip","previousEventId":"l3z8zrdv9qe2prz","previousOperationId":"2wcl768khmbuiq2"}
{"type":"log","timestamp":1766931721841,"level":"debug","message":"pptx successfully zipped","meta":{"rootId":"3fmgsdwoek49vmk","id":"3fmgsdwoek49vmk"},"id":"lwpwtrocmpq11fl","previousOperationId":"hem9ujrjk5oyxn2"}
{"type":"log","timestamp":1766931721841,"level":"info","message":"pptx generation was finished","meta":{"rootId":"3fmgsdwoek49vmk","id":"3fmgsdwoek49vmk"},"id":"8jo0t7vy4fwuk4r","previousOperationId":"hem9ujrjk5oyxn2"}
{"type":"operationEnd","operationId":"hem9ujrjk5oyxn2","timestamp":1766931721850,"id":"y3pb2l3ok19tv6d","previousEventId":"rgt99aapwcgdp8p","previousOperationId":"hem9ujrjk5oyxn2"}
{"type":"log","timestamp":1766931721850,"level":"debug","message":"Skipping storing report.","meta":{"rootId":"3fmgsdwoek49vmk","id":"3fmgsdwoek49vmk"},"id":"f6his5l82tizzfw","previousOperationId":"hem9ujrjk5oyxn2"}
{"type":"log","timestamp":1766931721850,"level":"info","message":"Rendering request 13 finished in 4218 ms","meta":{"rootId":"3fmgsdwoek49vmk","id":"3fmgsdwoek49vmk"},"id":"b3y2um0w8oaxzep","previousOperationId":"hem9ujrjk5oyxn2"}
{"type":"operationEnd","subtype":"render","operationId":"kx5lfo69minery8","timestamp":1766931721850,"id":"00culp3lkzrsovf","previousEventId":"y3pb2l3ok19tv6d","previousOperationId":"hem9ujrjk5oyxn2"}
{"type":"operationEnd","doDiffs":false,"previousEventId":"48faxpp9l9dle3t","previousOperationId":"2frzhk55mnkj1tx","operationId":"2frzhk55mnkj1tx","timestamp":1766931721855,"id":"xc9sgjnqj3ydkps"}
