{"type":"operationStart","subtype":"profile","data":{"_id":"tUWWZ11Jw96Jui41","timestamp":"2025-12-22T22:32:09.482Z","state":"running","mode":"standard","creationDate":"2025-12-22T22:32:09.488Z","modificationDate":"2025-12-22T22:32:09.488Z","shortid":"7tNlD8G","$entitySet":"profiles","timeout":60000},"doDiffs":false,"timestamp":1766442729487,"id":"hvsc29qq5u69y5f","previousOperationId":null,"operationId":"opvwc0d3igjo89d"}
{"type":"log","level":"info","message":"Render request 2 queued for execution and waiting for available worker","previousOperationId":"opvwc0d3igjo89d","timestamp":1766442729487,"id":"m8w6djmnaeltz18"}
{"type":"operationStart","subtype":"render","name":"anonymous","previousOperationId":"opvwc0d3igjo89d","timestamp":1766442729525,"id":"52ej4wymi5qwh2r","previousEventId":"hvsc29qq5u69y5f","operationId":"m7lmh6g3dcfi6li"}
{"type":"log","timestamp":1766442729527,"level":"info","message":"Starting rendering request 2","meta":{"rootId":"3h5rdls0j6ru5lw","id":"3h5rdls0j6ru5lw"},"id":"zjfbbdv4onyauaj","previousOperationId":"m7lmh6g3dcfi6li"}
{"type":"log","timestamp":1766442729528,"level":"info","message":"Rendering anonymous template { recipe: pptx, engine: handlebars }","meta":{"rootId":"3h5rdls0j6ru5lw","id":"3h5rdls0j6ru5lw"},"id":"8kdo5kdxvktetxv","previousOperationId":"m7lmh6g3dcfi6li"}
{"type":"log","timestamp":1766442729529,"level":"debug","message":"Inline data specified.","meta":{"rootId":"3h5rdls0j6ru5lw","id":"3h5rdls0j6ru5lw"},"id":"y4bkjhzdxfl7kwu","previousOperationId":"m7lmh6g3dcfi6li"}
{"type":"log","timestamp":1766442729535,"level":"debug","message":"Base url not specified, skipping its injection.","meta":{"rootId":"3h5rdls0j6ru5lw","id":"3h5rdls0j6ru5lw"},"id":"m4aea2dlkjqy2ei","previousOperationId":"m7lmh6g3dcfi6li"}
{"type":"operationStart","subtype":"engine","name":"handlebars","timestamp":1766442729537,"id":"iny987lrp2co6sf","previousEventId":"52ej4wymi5qwh2r","operationId":"3w8wydnmye7s888","previousOperationId":"m7lmh6g3dcfi6li"}
{"type":"log","timestamp":1766442729537,"level":"debug","message":"Rendering engine handlebars","meta":{"rootId":"3h5rdls0j6ru5lw","id":"3h5rdls0j6ru5lw"},"id":"pfz4hp4yqifarck","previousOperationId":"3w8wydnmye7s888"}
{"type":"operationEnd","operationId":"3w8wydnmye7s888","timestamp":1766442730410,"id":"s8yspnp7as768nc","previousEventId":"iny987lrp2co6sf","previousOperationId":"3w8wydnmye7s888"}
{"type":"operationStart","subtype":"recipe","name":"pptx","timestamp":1766442730411,"id":"m4xliav5cdqny7a","previousEventId":"s8yspnp7as768nc","operationId":"31qnlpnbw4jqk3v","previousOperationId":"3w8wydnmye7s888"}
{"type":"log","timestamp":1766442730411,"level":"debug","message":"Executing recipe pptx","meta":{"rootId":"3h5rdls0j6ru5lw","id":"3h5rdls0j6ru5lw"},"id":"m7ffj32s8xm52yg","previousOperationId":"31qnlpnbw4jqk3v"}
{"type":"log","timestamp":1766442730588,"level":"info","message":"pptx generation is starting","meta":{"rootId":"3h5rdls0j6ru5lw","id":"3h5rdls0j6ru5lw"},"id":"4mmkp9d0axvl5sc","previousOperationId":"31qnlpnbw4jqk3v"}
{"type":"log","timestamp":1766442731652,"level":"debug","message":"Starting child request to render pptx dynamic parts","meta":{"rootId":"3h5rdls0j6ru5lw","id":"3h5rdls0j6ru5lw"},"id":"mybcuu5s3092j37","previousOperationId":"31qnlpnbw4jqk3v"}
{"type":"operationStart","subtype":"render","name":"anonymous","previousOperationId":"31qnlpnbw4jqk3v","timestamp":1766442731653,"id":"otwsa8faebos56l","previousEventId":"m4xliav5cdqny7a","operationId":"kzhbqx3b15ul3z0"}
{"type":"log","timestamp":1766442731653,"level":"info","message":"Starting rendering (child) request","meta":{"rootId":"3h5rdls0j6ru5lw","id":"j4ta339egv2k78g"},"id":"z87vswr9z9ftdmo","previousOperationId":"kzhbqx3b15ul3z0"}
{"type":"log","timestamp":1766442731654,"level":"info","message":"Rendering anonymous template { recipe: html, engine: handlebars }","meta":{"rootId":"3h5rdls0j6ru5lw","id":"j4ta339egv2k78g"},"id":"p5vf5dvcrgiqy3t","previousOperationId":"kzhbqx3b15ul3z0"}
{"type":"log","timestamp":1766442731654,"level":"debug","message":"Inline data specified.","meta":{"rootId":"3h5rdls0j6ru5lw","id":"j4ta339egv2k78g"},"id":"xb16k2m09lc2lr0","previousOperationId":"kzhbqx3b15ul3z0"}
{"type":"log","timestamp":1766442731658,"level":"debug","message":"Base url not specified, skipping its injection.","meta":{"rootId":"3h5rdls0j6ru5lw","id":"j4ta339egv2k78g"},"id":"1bhw4sldh8sroyb","previousOperationId":"kzhbqx3b15ul3z0"}
{"type":"operationStart","subtype":"engine","name":"handlebars","timestamp":1766442731659,"id":"5b05fzkh8jf2v2e","previousEventId":"otwsa8faebos56l","operationId":"z3ge9nwhygdvv3m","previousOperationId":"kzhbqx3b15ul3z0"}
{"type":"log","timestamp":1766442731659,"level":"debug","message":"Rendering engine handlebars","meta":{"rootId":"3h5rdls0j6ru5lw","id":"j4ta339egv2k78g"},"id":"9lzqy3wh3e5puw3","previousOperationId":"z3ge9nwhygdvv3m"}
{"type":"operationEnd","operationId":"z3ge9nwhygdvv3m","timestamp":1766442731762,"id":"xslkayg6kvuyvlo","previousEventId":"5b05fzkh8jf2v2e","previousOperationId":"z3ge9nwhygdvv3m"}
{"type":"operationStart","subtype":"recipe","name":"html","timestamp":1766442731771,"id":"vtwanqq3zo4gn24","previousEventId":"xslkayg6kvuyvlo","operationId":"2xoovs3uwrb8bzr","previousOperationId":"z3ge9nwhygdvv3m"}
{"type":"log","timestamp":1766442731771,"level":"debug","message":"Executing recipe html","meta":{"rootId":"3h5rdls0j6ru5lw","id":"j4ta339egv2k78g"},"id":"7th0hr94n2s7vhl","previousOperationId":"2xoovs3uwrb8bzr"}
{"type":"operationEnd","operationId":"2xoovs3uwrb8bzr","timestamp":1766442731771,"id":"nd27qdtd92tl1qy","previousEventId":"vtwanqq3zo4gn24","previousOperationId":"2xoovs3uwrb8bzr"}
{"type":"log","timestamp":1766442731772,"level":"debug","message":"Skipping storing report.","meta":{"rootId":"3h5rdls0j6ru5lw","id":"j4ta339egv2k78g"},"id":"5u6ll013qsrv2l5","previousOperationId":"2xoovs3uwrb8bzr"}
{"type":"log","timestamp":1766442731773,"level":"info","message":"Rendering (child) request finished in 2291 ms","meta":{"rootId":"3h5rdls0j6ru5lw","id":"j4ta339egv2k78g"},"id":"jjzt2oeph98frh3","previousOperationId":"2xoovs3uwrb8bzr"}
{"type":"operationEnd","subtype":"render","operationId":"kzhbqx3b15ul3z0","timestamp":1766442731773,"id":"o99q7vtft74x63v","previousEventId":"nd27qdtd92tl1qy","previousOperationId":"2xoovs3uwrb8bzr"}
{"type":"log","timestamp":1766442734662,"level":"debug","message":"pptx successfully zipped","meta":{"rootId":"3h5rdls0j6ru5lw","id":"3h5rdls0j6ru5lw"},"id":"ylc915domkh63rg","previousOperationId":"31qnlpnbw4jqk3v"}
{"type":"log","timestamp":1766442734662,"level":"info","message":"pptx generation was finished","meta":{"rootId":"3h5rdls0j6ru5lw","id":"3h5rdls0j6ru5lw"},"id":"alla599qnisft4k","previousOperationId":"31qnlpnbw4jqk3v"}
{"type":"operationEnd","operationId":"31qnlpnbw4jqk3v","timestamp":1766442734675,"id":"y4xmaoz0c01hpgx","previousEventId":"m4xliav5cdqny7a","previousOperationId":"31qnlpnbw4jqk3v"}
{"type":"log","timestamp":1766442734675,"level":"debug","message":"Skipping storing report.","meta":{"rootId":"3h5rdls0j6ru5lw","id":"3h5rdls0j6ru5lw"},"id":"rnvvd8mqdslun3u","previousOperationId":"31qnlpnbw4jqk3v"}
{"type":"log","timestamp":1766442734675,"level":"info","message":"Rendering request 2 finished in 5193 ms","meta":{"rootId":"3h5rdls0j6ru5lw","id":"3h5rdls0j6ru5lw"},"id":"ztvdwnqm8qsl5th","previousOperationId":"31qnlpnbw4jqk3v"}
{"type":"operationEnd","subtype":"render","operationId":"m7lmh6g3dcfi6li","timestamp":1766442734675,"id":"9qusq6cwe5qot39","previousEventId":"y4xmaoz0c01hpgx","previousOperationId":"31qnlpnbw4jqk3v"}
{"type":"operationEnd","doDiffs":false,"previousEventId":"hvsc29qq5u69y5f","previousOperationId":"opvwc0d3igjo89d","operationId":"opvwc0d3igjo89d","timestamp":1766442734679,"id":"ynu3qm7b8oz09l6"}
