{"type":"operationStart","subtype":"profile","data":{"_id":"Vm6Bh2UlEIlt29sM","timestamp":"2025-12-31T09:58:55.884Z","state":"running","mode":"standard","creationDate":"2025-12-31T09:58:55.895Z","modificationDate":"2025-12-31T09:58:55.895Z","shortid":"SZj2-Y3","$entitySet":"profiles","timeout":60000},"doDiffs":false,"timestamp":1767175135891,"id":"6yjigfp6cqu5pxv","previousOperationId":null,"operationId":"lzxvodgerx9hxon"}
{"type":"log","level":"info","message":"Render request 7 queued for execution and waiting for available worker","previousOperationId":"lzxvodgerx9hxon","timestamp":1767175135891,"id":"6a155uz68ajdb6i"}
{"type":"operationStart","subtype":"render","name":"anonymous","previousOperationId":"lzxvodgerx9hxon","timestamp":1767175135973,"id":"588naq1ksqxmuh3","previousEventId":"6yjigfp6cqu5pxv","operationId":"vc00w0t5s23ztr4"}
{"type":"log","timestamp":1767175135973,"level":"info","message":"Starting rendering request 7","meta":{"rootId":"3jo8z9gtx8gnt3x","id":"3jo8z9gtx8gnt3x"},"id":"672otu6jorsvfag","previousOperationId":"vc00w0t5s23ztr4"}
{"type":"log","timestamp":1767175135974,"level":"info","message":"Rendering anonymous template { recipe: pptx, engine: handlebars }","meta":{"rootId":"3jo8z9gtx8gnt3x","id":"3jo8z9gtx8gnt3x"},"id":"6dzyq9f6049hq0a","previousOperationId":"vc00w0t5s23ztr4"}
{"type":"log","timestamp":1767175135974,"level":"debug","message":"Inline data specified.","meta":{"rootId":"3jo8z9gtx8gnt3x","id":"3jo8z9gtx8gnt3x"},"id":"w7g651e0pecyzik","previousOperationId":"vc00w0t5s23ztr4"}
{"type":"log","timestamp":1767175135978,"level":"debug","message":"Base url not specified, skipping its injection.","meta":{"rootId":"3jo8z9gtx8gnt3x","id":"3jo8z9gtx8gnt3x"},"id":"emsd5lt4rf9dtph","previousOperationId":"vc00w0t5s23ztr4"}
{"type":"operationStart","subtype":"engine","name":"handlebars","timestamp":1767175135979,"id":"tdkfv2lwn87y98s","previousEventId":"588naq1ksqxmuh3","operationId":"xhf1kvv0ev8ck1x","previousOperationId":"vc00w0t5s23ztr4"}
{"type":"log","timestamp":1767175135979,"level":"debug","message":"Rendering engine handlebars","meta":{"rootId":"3jo8z9gtx8gnt3x","id":"3jo8z9gtx8gnt3x"},"id":"m2il0xy1ws5qa2k","previousOperationId":"xhf1kvv0ev8ck1x"}
{"type":"operationEnd","operationId":"xhf1kvv0ev8ck1x","timestamp":1767175136004,"id":"paisycln227o0zl","previousEventId":"tdkfv2lwn87y98s","previousOperationId":"xhf1kvv0ev8ck1x"}
{"type":"operationStart","subtype":"recipe","name":"pptx","timestamp":1767175136004,"id":"6ej6dkuwvjhsna3","previousEventId":"paisycln227o0zl","operationId":"j8ol7agogyhj891","previousOperationId":"xhf1kvv0ev8ck1x"}
{"type":"log","timestamp":1767175136004,"level":"debug","message":"Executing recipe pptx","meta":{"rootId":"3jo8z9gtx8gnt3x","id":"3jo8z9gtx8gnt3x"},"id":"hentqvo6bj1s2w4","previousOperationId":"j8ol7agogyhj891"}
{"type":"log","timestamp":1767175136030,"level":"info","message":"pptx generation is starting","meta":{"rootId":"3jo8z9gtx8gnt3x","id":"3jo8z9gtx8gnt3x"},"id":"xfmddezirb4ak6k","previousOperationId":"j8ol7agogyhj891"}
{"type":"log","timestamp":1767175138062,"level":"debug","message":"Starting child request to render pptx dynamic parts","meta":{"rootId":"3jo8z9gtx8gnt3x","id":"3jo8z9gtx8gnt3x"},"id":"x3q6xp7wkzriz5g","previousOperationId":"j8ol7agogyhj891"}
{"type":"operationStart","subtype":"render","name":"anonymous","previousOperationId":"j8ol7agogyhj891","timestamp":1767175138062,"id":"hphtfl6rf5ehvag","previousEventId":"6ej6dkuwvjhsna3","operationId":"oi6ks3bnbb5mg4m"}
{"type":"log","timestamp":1767175138063,"level":"info","message":"Starting rendering (child) request","meta":{"rootId":"3jo8z9gtx8gnt3x","id":"lw5pgy4wff0ad42"},"id":"kcja7j1she71fq1","previousOperationId":"oi6ks3bnbb5mg4m"}
{"type":"log","timestamp":1767175138063,"level":"info","message":"Rendering anonymous template { recipe: html, engine: handlebars }","meta":{"rootId":"3jo8z9gtx8gnt3x","id":"lw5pgy4wff0ad42"},"id":"ryoocnz13shzgu1","previousOperationId":"oi6ks3bnbb5mg4m"}
{"type":"log","timestamp":1767175138063,"level":"debug","message":"Inline data specified.","meta":{"rootId":"3jo8z9gtx8gnt3x","id":"lw5pgy4wff0ad42"},"id":"3nj0cm2een7zhu5","previousOperationId":"oi6ks3bnbb5mg4m"}
{"type":"log","timestamp":1767175138071,"level":"debug","message":"Base url not specified, skipping its injection.","meta":{"rootId":"3jo8z9gtx8gnt3x","id":"lw5pgy4wff0ad42"},"id":"g0yec8sonx9m0dz","previousOperationId":"oi6ks3bnbb5mg4m"}
{"type":"operationStart","subtype":"engine","name":"handlebars","timestamp":1767175138073,"id":"dmacra9itm84eqg","previousEventId":"hphtfl6rf5ehvag","operationId":"vw2s6ohif8ctrbj","previousOperationId":"oi6ks3bnbb5mg4m"}
{"type":"log","timestamp":1767175138073,"level":"debug","message":"Rendering engine handlebars","meta":{"rootId":"3jo8z9gtx8gnt3x","id":"lw5pgy4wff0ad42"},"id":"rvu7vyq669vniev","previousOperationId":"vw2s6ohif8ctrbj"}
{"type":"log","timestamp":1767175138312,"level":"debug","message":"(console:log) {\n  type: 'echarts@v5a',\n  width: 848,\n  height: 409,\n  option: { radar: [ [Object] ], series: [ [Object] ] }\n}","meta":{"userLevel":true,"rootId":"3jo8z9gtx8gnt3x","id":"lw5pgy4wff0ad42"},"id":"81wl0eihfjwo24y","previousOperationId":"vw2s6ohif8ctrbj"}
{"type":"operationEnd","operationId":"vw2s6ohif8ctrbj","timestamp":1767175138327,"id":"ab7kf53y362hxrb","previousEventId":"dmacra9itm84eqg","previousOperationId":"vw2s6ohif8ctrbj"}
{"type":"operationStart","subtype":"recipe","name":"html","timestamp":1767175138349,"id":"qm4dxtgd809pktf","previousEventId":"ab7kf53y362hxrb","operationId":"78gxcwoydk0imkp","previousOperationId":"vw2s6ohif8ctrbj"}
{"type":"log","timestamp":1767175138349,"level":"debug","message":"Executing recipe html","meta":{"rootId":"3jo8z9gtx8gnt3x","id":"lw5pgy4wff0ad42"},"id":"pmrra3ytwsloz9d","previousOperationId":"78gxcwoydk0imkp"}
{"type":"operationEnd","operationId":"78gxcwoydk0imkp","timestamp":1767175138349,"id":"vjr2fyazo7ealv2","previousEventId":"qm4dxtgd809pktf","previousOperationId":"78gxcwoydk0imkp"}
{"type":"log","timestamp":1767175138349,"level":"debug","message":"Skipping storing report.","meta":{"rootId":"3jo8z9gtx8gnt3x","id":"lw5pgy4wff0ad42"},"id":"kuyk7lp42g09unz","previousOperationId":"78gxcwoydk0imkp"}
{"type":"log","timestamp":1767175138349,"level":"info","message":"Rendering (child) request finished in 2467 ms","meta":{"rootId":"3jo8z9gtx8gnt3x","id":"lw5pgy4wff0ad42"},"id":"nt9gwop0mft0pqj","previousOperationId":"78gxcwoydk0imkp"}
{"type":"operationEnd","subtype":"render","operationId":"oi6ks3bnbb5mg4m","timestamp":1767175138349,"id":"aoqx3zyti4fykey","previousEventId":"vjr2fyazo7ealv2","previousOperationId":"78gxcwoydk0imkp"}
{"type":"log","timestamp":1767175144743,"level":"debug","message":"pptx successfully zipped","meta":{"rootId":"3jo8z9gtx8gnt3x","id":"3jo8z9gtx8gnt3x"},"id":"2pwczzctiz60gto","previousOperationId":"j8ol7agogyhj891"}
{"type":"log","timestamp":1767175144743,"level":"info","message":"pptx generation was finished","meta":{"rootId":"3jo8z9gtx8gnt3x","id":"3jo8z9gtx8gnt3x"},"id":"6kmxdjysljykrdo","previousOperationId":"j8ol7agogyhj891"}
{"type":"operationEnd","operationId":"j8ol7agogyhj891","timestamp":1767175144753,"id":"5eae30gjfo3u2sh","previousEventId":"6ej6dkuwvjhsna3","previousOperationId":"j8ol7agogyhj891"}
{"type":"log","timestamp":1767175144753,"level":"debug","message":"Skipping storing report.","meta":{"rootId":"3jo8z9gtx8gnt3x","id":"3jo8z9gtx8gnt3x"},"id":"tdtjbcti5intvgu","previousOperationId":"j8ol7agogyhj891"}
{"type":"log","timestamp":1767175144753,"level":"info","message":"Rendering request 7 finished in 8871 ms","meta":{"rootId":"3jo8z9gtx8gnt3x","id":"3jo8z9gtx8gnt3x"},"id":"647uhih87zwbnpt","previousOperationId":"j8ol7agogyhj891"}
{"type":"operationEnd","subtype":"render","operationId":"vc00w0t5s23ztr4","timestamp":1767175144754,"id":"mmnuq25j6u8mjnd","previousEventId":"5eae30gjfo3u2sh","previousOperationId":"j8ol7agogyhj891"}
{"type":"operationEnd","doDiffs":false,"previousEventId":"6yjigfp6cqu5pxv","previousOperationId":"lzxvodgerx9hxon","operationId":"lzxvodgerx9hxon","timestamp":1767175144759,"id":"xhraw3ciiaak990"}
