{"type":"operationStart","subtype":"profile","data":{"_id":"4LtNC8G8RG7kmm5x","timestamp":"2025-12-07T19:30:25.070Z","state":"running","mode":"standard","creationDate":"2025-12-07T19:30:25.077Z","modificationDate":"2025-12-07T19:30:25.077Z","shortid":"QAbEDiO","$entitySet":"profiles","timeout":60000},"doDiffs":false,"timestamp":1765135825076,"id":"xilmh14xiitm71q","previousOperationId":null,"operationId":"8f8iy76byxfscny"}
{"type":"log","level":"info","message":"Render request 18 queued for execution and waiting for available worker","previousOperationId":"8f8iy76byxfscny","timestamp":1765135825076,"id":"5mlzzhtkg967leb"}
{"type":"operationStart","subtype":"render","name":"anonymous","previousOperationId":"8f8iy76byxfscny","timestamp":1765135825106,"id":"vsrwvmxcx1ked0l","previousEventId":"xilmh14xiitm71q","operationId":"80i75ayqk41ookh"}
{"type":"log","timestamp":1765135825106,"level":"info","message":"Starting rendering request 18","meta":{"rootId":"3kg3hcr5eih6hys","id":"3kg3hcr5eih6hys"},"id":"6evcwgmuo5axurx","previousOperationId":"80i75ayqk41ookh"}
{"type":"log","timestamp":1765135825107,"level":"info","message":"Rendering anonymous template { recipe: pptx, engine: handlebars }","meta":{"rootId":"3kg3hcr5eih6hys","id":"3kg3hcr5eih6hys"},"id":"r0n3r5bhvb6rndk","previousOperationId":"80i75ayqk41ookh"}
{"type":"log","timestamp":1765135825107,"level":"debug","message":"Inline data specified.","meta":{"rootId":"3kg3hcr5eih6hys","id":"3kg3hcr5eih6hys"},"id":"3py5sdu1ixy8tvd","previousOperationId":"80i75ayqk41ookh"}
{"type":"log","timestamp":1765135825108,"level":"debug","message":"Base url not specified, skipping its injection.","meta":{"rootId":"3kg3hcr5eih6hys","id":"3kg3hcr5eih6hys"},"id":"mp2ekcew24h8gen","previousOperationId":"80i75ayqk41ookh"}
{"type":"operationStart","subtype":"engine","name":"handlebars","timestamp":1765135825108,"id":"579npdrsyf3gfec","previousEventId":"vsrwvmxcx1ked0l","operationId":"524esb44u06zf12","previousOperationId":"80i75ayqk41ookh"}
{"type":"log","timestamp":1765135825108,"level":"debug","message":"Rendering engine handlebars","meta":{"rootId":"3kg3hcr5eih6hys","id":"3kg3hcr5eih6hys"},"id":"kmn5cdnyuvil64s","previousOperationId":"524esb44u06zf12"}
{"type":"operationEnd","operationId":"524esb44u06zf12","timestamp":1765135825117,"id":"d0jcex2tksydqc4","previousEventId":"579npdrsyf3gfec","previousOperationId":"524esb44u06zf12"}
{"type":"operationStart","subtype":"recipe","name":"pptx","timestamp":1765135825117,"id":"0zrz5xz7f7vj7rw","previousEventId":"d0jcex2tksydqc4","operationId":"9hgdsuxybwawujf","previousOperationId":"524esb44u06zf12"}
{"type":"log","timestamp":1765135825117,"level":"debug","message":"Executing recipe pptx","meta":{"rootId":"3kg3hcr5eih6hys","id":"3kg3hcr5eih6hys"},"id":"jxqkmh0r5gmmgw5","previousOperationId":"9hgdsuxybwawujf"}
{"type":"log","timestamp":1765135825129,"level":"info","message":"pptx generation is starting","meta":{"rootId":"3kg3hcr5eih6hys","id":"3kg3hcr5eih6hys"},"id":"2oelad02ujvumtj","previousOperationId":"9hgdsuxybwawujf"}
{"type":"log","timestamp":1765135826192,"level":"debug","message":"Starting child request to render pptx dynamic parts","meta":{"rootId":"3kg3hcr5eih6hys","id":"3kg3hcr5eih6hys"},"id":"eqg205d3yk9c6gy","previousOperationId":"9hgdsuxybwawujf"}
{"type":"operationStart","subtype":"render","name":"anonymous","previousOperationId":"9hgdsuxybwawujf","timestamp":1765135826192,"id":"5l4g176m7763gtf","previousEventId":"0zrz5xz7f7vj7rw","operationId":"xey903zbvt38i6m"}
{"type":"log","timestamp":1765135826192,"level":"info","message":"Starting rendering (child) request","meta":{"rootId":"3kg3hcr5eih6hys","id":"o4u29911cekozcv"},"id":"22i6c8fl27uvp89","previousOperationId":"xey903zbvt38i6m"}
{"type":"log","timestamp":1765135826192,"level":"info","message":"Rendering anonymous template { recipe: html, engine: handlebars }","meta":{"rootId":"3kg3hcr5eih6hys","id":"o4u29911cekozcv"},"id":"978le9cn48sr3az","previousOperationId":"xey903zbvt38i6m"}
{"type":"log","timestamp":1765135826193,"level":"debug","message":"Inline data specified.","meta":{"rootId":"3kg3hcr5eih6hys","id":"o4u29911cekozcv"},"id":"no8ctlq7bbl7pxy","previousOperationId":"xey903zbvt38i6m"}
{"type":"log","timestamp":1765135826198,"level":"debug","message":"Base url not specified, skipping its injection.","meta":{"rootId":"3kg3hcr5eih6hys","id":"o4u29911cekozcv"},"id":"jlo435dpez1cbj0","previousOperationId":"xey903zbvt38i6m"}
{"type":"operationStart","subtype":"engine","name":"handlebars","timestamp":1765135826199,"id":"ycx7w0mgae7bltz","previousEventId":"5l4g176m7763gtf","operationId":"6jkb8dwcgsqayfa","previousOperationId":"xey903zbvt38i6m"}
{"type":"log","timestamp":1765135826199,"level":"debug","message":"Rendering engine handlebars","meta":{"rootId":"3kg3hcr5eih6hys","id":"o4u29911cekozcv"},"id":"gn09e7qr59c4x6p","previousOperationId":"6jkb8dwcgsqayfa"}
{"type":"operationEnd","operationId":"6jkb8dwcgsqayfa","timestamp":1765135826309,"id":"2d42essft3aq0da","previousEventId":"ycx7w0mgae7bltz","previousOperationId":"6jkb8dwcgsqayfa"}
{"type":"operationStart","subtype":"recipe","name":"html","timestamp":1765135826318,"id":"fx45yxun8k2hg9z","previousEventId":"2d42essft3aq0da","operationId":"q9y9naqq2b9gtbu","previousOperationId":"6jkb8dwcgsqayfa"}
{"type":"log","timestamp":1765135826318,"level":"debug","message":"Executing recipe html","meta":{"rootId":"3kg3hcr5eih6hys","id":"o4u29911cekozcv"},"id":"2t2o64wc6m137ga","previousOperationId":"q9y9naqq2b9gtbu"}
{"type":"operationEnd","operationId":"q9y9naqq2b9gtbu","timestamp":1765135826318,"id":"hq814l0o7rb0vxc","previousEventId":"fx45yxun8k2hg9z","previousOperationId":"q9y9naqq2b9gtbu"}
{"type":"log","timestamp":1765135826318,"level":"debug","message":"Skipping storing report.","meta":{"rootId":"3kg3hcr5eih6hys","id":"o4u29911cekozcv"},"id":"34n38lss15yc0n5","previousOperationId":"q9y9naqq2b9gtbu"}
{"type":"log","timestamp":1765135826318,"level":"info","message":"Rendering (child) request finished in 1249 ms","meta":{"rootId":"3kg3hcr5eih6hys","id":"o4u29911cekozcv"},"id":"e759yxqqjvzrdlf","previousOperationId":"q9y9naqq2b9gtbu"}
{"type":"operationEnd","subtype":"render","operationId":"xey903zbvt38i6m","timestamp":1765135826318,"id":"kirosknd7302jpr","previousEventId":"hq814l0o7rb0vxc","previousOperationId":"q9y9naqq2b9gtbu"}
{"type":"log","timestamp":1765135830395,"level":"debug","message":"pptx successfully zipped","meta":{"rootId":"3kg3hcr5eih6hys","id":"3kg3hcr5eih6hys"},"id":"ah5i3k350186q0i","previousOperationId":"9hgdsuxybwawujf"}
{"type":"log","timestamp":1765135830395,"level":"info","message":"pptx generation was finished","meta":{"rootId":"3kg3hcr5eih6hys","id":"3kg3hcr5eih6hys"},"id":"7w4ce99nqhv4yjw","previousOperationId":"9hgdsuxybwawujf"}
{"type":"operationEnd","operationId":"9hgdsuxybwawujf","timestamp":1765135830402,"id":"gxyvlxvzn0ohxz5","previousEventId":"0zrz5xz7f7vj7rw","previousOperationId":"9hgdsuxybwawujf"}
{"type":"log","timestamp":1765135830403,"level":"debug","message":"Skipping storing report.","meta":{"rootId":"3kg3hcr5eih6hys","id":"3kg3hcr5eih6hys"},"id":"n2me8wlqwck8a8a","previousOperationId":"9hgdsuxybwawujf"}
{"type":"log","timestamp":1765135830403,"level":"info","message":"Rendering request 18 finished in 5334 ms","meta":{"rootId":"3kg3hcr5eih6hys","id":"3kg3hcr5eih6hys"},"id":"qgsyza5nvvyd968","previousOperationId":"9hgdsuxybwawujf"}
{"type":"operationEnd","subtype":"render","operationId":"80i75ayqk41ookh","timestamp":1765135830403,"id":"w9eb3wj1tg3ux2p","previousEventId":"gxyvlxvzn0ohxz5","previousOperationId":"9hgdsuxybwawujf"}
{"type":"operationEnd","doDiffs":false,"previousEventId":"xilmh14xiitm71q","previousOperationId":"8f8iy76byxfscny","operationId":"8f8iy76byxfscny","timestamp":1765135830408,"id":"xlzg0n0qndmd4kt"}
