{"type":"operationStart","subtype":"profile","data":{"_id":"Le8BSocNJrc9exlk","timestamp":"2025-12-31T10:44:02.788Z","state":"running","mode":"standard","creationDate":"2025-12-31T10:44:02.793Z","modificationDate":"2025-12-31T10:44:02.793Z","shortid":"nnoEcV9","$entitySet":"profiles","timeout":60000},"doDiffs":false,"timestamp":1767177842791,"id":"th7tp9fhnzvcfth","previousOperationId":null,"operationId":"s3wfglnfcxt3sw7"}
{"type":"log","level":"info","message":"Render request 22 queued for execution and waiting for available worker","previousOperationId":"s3wfglnfcxt3sw7","timestamp":1767177842791,"id":"kxci6gssjx9brqp"}
{"type":"operationStart","subtype":"render","name":"anonymous","previousOperationId":"s3wfglnfcxt3sw7","timestamp":1767177842888,"id":"dpjrmv6qwhqoisc","previousEventId":"th7tp9fhnzvcfth","operationId":"s5jqaagyi2tqcdc"}
{"type":"log","timestamp":1767177842888,"level":"info","message":"Starting rendering request 22","meta":{"rootId":"3q05sxx5zryx8pg","id":"3q05sxx5zryx8pg"},"id":"fgoskck8ti73qbr","previousOperationId":"s5jqaagyi2tqcdc"}
{"type":"log","timestamp":1767177842889,"level":"info","message":"Rendering anonymous template { recipe: pptx, engine: handlebars }","meta":{"rootId":"3q05sxx5zryx8pg","id":"3q05sxx5zryx8pg"},"id":"x173bribaeyc95u","previousOperationId":"s5jqaagyi2tqcdc"}
{"type":"log","timestamp":1767177842889,"level":"debug","message":"Inline data specified.","meta":{"rootId":"3q05sxx5zryx8pg","id":"3q05sxx5zryx8pg"},"id":"xhez4jr7in0g3mz","previousOperationId":"s5jqaagyi2tqcdc"}
{"type":"log","timestamp":1767177842891,"level":"debug","message":"Base url not specified, skipping its injection.","meta":{"rootId":"3q05sxx5zryx8pg","id":"3q05sxx5zryx8pg"},"id":"m82kqof2ir79v0k","previousOperationId":"s5jqaagyi2tqcdc"}
{"type":"operationStart","subtype":"engine","name":"handlebars","timestamp":1767177842892,"id":"ekpoc2vyplpuazj","previousEventId":"dpjrmv6qwhqoisc","operationId":"8ukmociysqf9hx1","previousOperationId":"s5jqaagyi2tqcdc"}
{"type":"log","timestamp":1767177842892,"level":"debug","message":"Rendering engine handlebars","meta":{"rootId":"3q05sxx5zryx8pg","id":"3q05sxx5zryx8pg"},"id":"r9wtbqhr17yi6iz","previousOperationId":"8ukmociysqf9hx1"}
{"type":"operationEnd","operationId":"8ukmociysqf9hx1","timestamp":1767177842912,"id":"kv78sc0azcggzoc","previousEventId":"ekpoc2vyplpuazj","previousOperationId":"8ukmociysqf9hx1"}
{"type":"operationStart","subtype":"recipe","name":"pptx","timestamp":1767177842913,"id":"9znm2d876or3nrb","previousEventId":"kv78sc0azcggzoc","operationId":"mngwhmgevumrd8r","previousOperationId":"8ukmociysqf9hx1"}
{"type":"log","timestamp":1767177842913,"level":"debug","message":"Executing recipe pptx","meta":{"rootId":"3q05sxx5zryx8pg","id":"3q05sxx5zryx8pg"},"id":"ov598ug1j87jbp7","previousOperationId":"mngwhmgevumrd8r"}
{"type":"log","timestamp":1767177842952,"level":"info","message":"pptx generation is starting","meta":{"rootId":"3q05sxx5zryx8pg","id":"3q05sxx5zryx8pg"},"id":"z3w4pxu6ox8pwjp","previousOperationId":"mngwhmgevumrd8r"}
{"type":"log","timestamp":1767177844983,"level":"debug","message":"Starting child request to render pptx dynamic parts","meta":{"rootId":"3q05sxx5zryx8pg","id":"3q05sxx5zryx8pg"},"id":"1l7h0yn0cj58ub8","previousOperationId":"mngwhmgevumrd8r"}
{"type":"operationStart","subtype":"render","name":"anonymous","previousOperationId":"mngwhmgevumrd8r","timestamp":1767177844983,"id":"kemdn3a29pvuhrt","previousEventId":"9znm2d876or3nrb","operationId":"9bxjm0xr7d8uzwz"}
{"type":"log","timestamp":1767177844983,"level":"info","message":"Starting rendering (child) request","meta":{"rootId":"3q05sxx5zryx8pg","id":"viyblhdneqqb1h0"},"id":"jcjq5gd521tnpyn","previousOperationId":"9bxjm0xr7d8uzwz"}
{"type":"log","timestamp":1767177844983,"level":"info","message":"Rendering anonymous template { recipe: html, engine: handlebars }","meta":{"rootId":"3q05sxx5zryx8pg","id":"viyblhdneqqb1h0"},"id":"0hev3zddj3dng5r","previousOperationId":"9bxjm0xr7d8uzwz"}
{"type":"log","timestamp":1767177844983,"level":"debug","message":"Inline data specified.","meta":{"rootId":"3q05sxx5zryx8pg","id":"viyblhdneqqb1h0"},"id":"n46s1ghdfhfvvsu","previousOperationId":"9bxjm0xr7d8uzwz"}
{"type":"log","timestamp":1767177844990,"level":"debug","message":"Base url not specified, skipping its injection.","meta":{"rootId":"3q05sxx5zryx8pg","id":"viyblhdneqqb1h0"},"id":"bzvf5frftsq293e","previousOperationId":"9bxjm0xr7d8uzwz"}
{"type":"operationStart","subtype":"engine","name":"handlebars","timestamp":1767177844993,"id":"u9gfds73x3vmy09","previousEventId":"kemdn3a29pvuhrt","operationId":"kqatmgzcs3333jj","previousOperationId":"9bxjm0xr7d8uzwz"}
{"type":"log","timestamp":1767177844993,"level":"debug","message":"Rendering engine handlebars","meta":{"rootId":"3q05sxx5zryx8pg","id":"viyblhdneqqb1h0"},"id":"3w597xvx665o74f","previousOperationId":"kqatmgzcs3333jj"}
{"type":"log","timestamp":1767177845219,"level":"debug","message":"(console:log) {\n  type: 'echarts@v5a',\n  width: 848,\n  height: 409,\n  option: { radar: [ [Object] ], series: [ [Object] ] }\n}","meta":{"userLevel":true,"rootId":"3q05sxx5zryx8pg","id":"viyblhdneqqb1h0"},"id":"but9ot37rihq0r7","previousOperationId":"kqatmgzcs3333jj"}
{"type":"operationEnd","operationId":"kqatmgzcs3333jj","timestamp":1767177845235,"id":"8espmij9hv49wq3","previousEventId":"u9gfds73x3vmy09","previousOperationId":"kqatmgzcs3333jj"}
{"type":"operationStart","subtype":"recipe","name":"html","timestamp":1767177845257,"id":"ldfk40ili3nrdlc","previousEventId":"8espmij9hv49wq3","operationId":"wrajgk91h3dt1q8","previousOperationId":"kqatmgzcs3333jj"}
{"type":"log","timestamp":1767177845257,"level":"debug","message":"Executing recipe html","meta":{"rootId":"3q05sxx5zryx8pg","id":"viyblhdneqqb1h0"},"id":"konqgvi0r0kwafw","previousOperationId":"wrajgk91h3dt1q8"}
{"type":"operationEnd","operationId":"wrajgk91h3dt1q8","timestamp":1767177845257,"id":"t8oaornrfnqimrz","previousEventId":"ldfk40ili3nrdlc","previousOperationId":"wrajgk91h3dt1q8"}
{"type":"log","timestamp":1767177845257,"level":"debug","message":"Skipping storing report.","meta":{"rootId":"3q05sxx5zryx8pg","id":"viyblhdneqqb1h0"},"id":"bm25tcy7wghm5ln","previousOperationId":"wrajgk91h3dt1q8"}
{"type":"log","timestamp":1767177845257,"level":"info","message":"Rendering (child) request finished in 2470 ms","meta":{"rootId":"3q05sxx5zryx8pg","id":"viyblhdneqqb1h0"},"id":"kbawqzh4oy322yo","previousOperationId":"wrajgk91h3dt1q8"}
{"type":"operationEnd","subtype":"render","operationId":"9bxjm0xr7d8uzwz","timestamp":1767177845257,"id":"k7y466bjlwli4vf","previousEventId":"t8oaornrfnqimrz","previousOperationId":"wrajgk91h3dt1q8"}
{"type":"log","timestamp":1767177852299,"level":"debug","message":"pptx successfully zipped","meta":{"rootId":"3q05sxx5zryx8pg","id":"3q05sxx5zryx8pg"},"id":"tyg041sustxivtr","previousOperationId":"mngwhmgevumrd8r"}
{"type":"log","timestamp":1767177852299,"level":"info","message":"pptx generation was finished","meta":{"rootId":"3q05sxx5zryx8pg","id":"3q05sxx5zryx8pg"},"id":"iw1gp798f3aqvh7","previousOperationId":"mngwhmgevumrd8r"}
{"type":"operationEnd","operationId":"mngwhmgevumrd8r","timestamp":1767177852310,"id":"h3j0oegqyl42pv8","previousEventId":"9znm2d876or3nrb","previousOperationId":"mngwhmgevumrd8r"}
{"type":"log","timestamp":1767177852310,"level":"debug","message":"Skipping storing report.","meta":{"rootId":"3q05sxx5zryx8pg","id":"3q05sxx5zryx8pg"},"id":"fccrxxoqowd2evu","previousOperationId":"mngwhmgevumrd8r"}
{"type":"log","timestamp":1767177852310,"level":"info","message":"Rendering request 22 finished in 9523 ms","meta":{"rootId":"3q05sxx5zryx8pg","id":"3q05sxx5zryx8pg"},"id":"nv77gn2fs49qxvf","previousOperationId":"mngwhmgevumrd8r"}
{"type":"operationEnd","subtype":"render","operationId":"s5jqaagyi2tqcdc","timestamp":1767177852310,"id":"g557utqnexipto5","previousEventId":"h3j0oegqyl42pv8","previousOperationId":"mngwhmgevumrd8r"}
{"type":"operationEnd","doDiffs":false,"previousEventId":"th7tp9fhnzvcfth","previousOperationId":"s3wfglnfcxt3sw7","operationId":"s3wfglnfcxt3sw7","timestamp":1767177852315,"id":"84u10qagin1c834"}
