{"type":"operationStart","subtype":"profile","data":{"_id":"SqbjMc48V3ZEOJGc","timestamp":"2025-12-08T08:42:27.984Z","state":"running","mode":"standard","creationDate":"2025-12-08T08:42:27.990Z","modificationDate":"2025-12-08T08:42:27.990Z","shortid":"uPL-1mO","$entitySet":"profiles","timeout":60000},"doDiffs":false,"timestamp":1765183347986,"id":"vlbvcabj700c39v","previousOperationId":null,"operationId":"k4kjf0e7y6u4tb3"}
{"type":"log","level":"info","message":"Render request 4 queued for execution and waiting for available worker","previousOperationId":"k4kjf0e7y6u4tb3","timestamp":1765183347986,"id":"ge1mr95s7nutbs7"}
{"type":"operationStart","subtype":"render","name":"anonymous","previousOperationId":"k4kjf0e7y6u4tb3","timestamp":1765183348048,"id":"y15p5rgjf0yylnr","previousEventId":"vlbvcabj700c39v","operationId":"88revx6zoa4ekqg"}
{"type":"log","timestamp":1765183348048,"level":"info","message":"Starting rendering request 4","meta":{"rootId":"3zml91e3u0go2xq","id":"3zml91e3u0go2xq"},"id":"y9lplwgmhgicm8w","previousOperationId":"88revx6zoa4ekqg"}
{"type":"log","timestamp":1765183348049,"level":"info","message":"Rendering anonymous template { recipe: pptx, engine: handlebars }","meta":{"rootId":"3zml91e3u0go2xq","id":"3zml91e3u0go2xq"},"id":"62k72h6cinbocvc","previousOperationId":"88revx6zoa4ekqg"}
{"type":"log","timestamp":1765183348049,"level":"debug","message":"Inline data specified.","meta":{"rootId":"3zml91e3u0go2xq","id":"3zml91e3u0go2xq"},"id":"kchjpn6a99pk8kl","previousOperationId":"88revx6zoa4ekqg"}
{"type":"log","timestamp":1765183348052,"level":"debug","message":"Base url not specified, skipping its injection.","meta":{"rootId":"3zml91e3u0go2xq","id":"3zml91e3u0go2xq"},"id":"5ui51iy0wetx2ph","previousOperationId":"88revx6zoa4ekqg"}
{"type":"operationStart","subtype":"engine","name":"handlebars","timestamp":1765183348053,"id":"8s9sihk17qqmexf","previousEventId":"y15p5rgjf0yylnr","operationId":"h00y73swleb8p09","previousOperationId":"88revx6zoa4ekqg"}
{"type":"log","timestamp":1765183348053,"level":"debug","message":"Rendering engine handlebars","meta":{"rootId":"3zml91e3u0go2xq","id":"3zml91e3u0go2xq"},"id":"nhpcnufm6ak1d88","previousOperationId":"h00y73swleb8p09"}
{"type":"operationEnd","operationId":"h00y73swleb8p09","timestamp":1765183348075,"id":"d5smlh1z8iivf4v","previousEventId":"8s9sihk17qqmexf","previousOperationId":"h00y73swleb8p09"}
{"type":"operationStart","subtype":"recipe","name":"pptx","timestamp":1765183348075,"id":"ynwa9o4tezdbp9s","previousEventId":"d5smlh1z8iivf4v","operationId":"yxualexsduxbjpw","previousOperationId":"h00y73swleb8p09"}
{"type":"log","timestamp":1765183348075,"level":"debug","message":"Executing recipe pptx","meta":{"rootId":"3zml91e3u0go2xq","id":"3zml91e3u0go2xq"},"id":"q83wlkz3gi7x99k","previousOperationId":"yxualexsduxbjpw"}
{"type":"log","timestamp":1765183348100,"level":"info","message":"pptx generation is starting","meta":{"rootId":"3zml91e3u0go2xq","id":"3zml91e3u0go2xq"},"id":"dkmxrh5247pptmb","previousOperationId":"yxualexsduxbjpw"}
{"type":"log","timestamp":1765183349742,"level":"debug","message":"Starting child request to render pptx dynamic parts","meta":{"rootId":"3zml91e3u0go2xq","id":"3zml91e3u0go2xq"},"id":"kaknxn42ih5t0ra","previousOperationId":"yxualexsduxbjpw"}
{"type":"operationStart","subtype":"render","name":"anonymous","previousOperationId":"yxualexsduxbjpw","timestamp":1765183349744,"id":"iwu6xvb77vnkm7r","previousEventId":"ynwa9o4tezdbp9s","operationId":"58zwqepwx1rofyu"}
{"type":"log","timestamp":1765183349744,"level":"info","message":"Starting rendering (child) request","meta":{"rootId":"3zml91e3u0go2xq","id":"8agfkx2ft59urn3"},"id":"7wk1aqkorj3d8o9","previousOperationId":"58zwqepwx1rofyu"}
{"type":"log","timestamp":1765183349744,"level":"info","message":"Rendering anonymous template { recipe: html, engine: handlebars }","meta":{"rootId":"3zml91e3u0go2xq","id":"8agfkx2ft59urn3"},"id":"jplz66u7bmz7sgh","previousOperationId":"58zwqepwx1rofyu"}
{"type":"log","timestamp":1765183349744,"level":"debug","message":"Inline data specified.","meta":{"rootId":"3zml91e3u0go2xq","id":"8agfkx2ft59urn3"},"id":"ymu3r626wlt3qdy","previousOperationId":"58zwqepwx1rofyu"}
{"type":"log","timestamp":1765183349752,"level":"debug","message":"Base url not specified, skipping its injection.","meta":{"rootId":"3zml91e3u0go2xq","id":"8agfkx2ft59urn3"},"id":"6iqobew6v1qiv60","previousOperationId":"58zwqepwx1rofyu"}
{"type":"operationStart","subtype":"engine","name":"handlebars","timestamp":1765183349756,"id":"6jkuk3a2f9igcx9","previousEventId":"iwu6xvb77vnkm7r","operationId":"exvwqjszvixxllg","previousOperationId":"58zwqepwx1rofyu"}
{"type":"log","timestamp":1765183349756,"level":"debug","message":"Rendering engine handlebars","meta":{"rootId":"3zml91e3u0go2xq","id":"8agfkx2ft59urn3"},"id":"rrez3jcj169t1jj","previousOperationId":"exvwqjszvixxllg"}
{"type":"operationEnd","operationId":"exvwqjszvixxllg","timestamp":1765183349940,"id":"ofqv1ey49fhxm5f","previousEventId":"6jkuk3a2f9igcx9","previousOperationId":"exvwqjszvixxllg"}
{"type":"operationStart","subtype":"recipe","name":"html","timestamp":1765183349955,"id":"ftyz24j8v90ql3n","previousEventId":"ofqv1ey49fhxm5f","operationId":"6jp1xhkgd9033m7","previousOperationId":"exvwqjszvixxllg"}
{"type":"log","timestamp":1765183349955,"level":"debug","message":"Executing recipe html","meta":{"rootId":"3zml91e3u0go2xq","id":"8agfkx2ft59urn3"},"id":"s6tdlncqv7kq6qz","previousOperationId":"6jp1xhkgd9033m7"}
{"type":"operationEnd","operationId":"6jp1xhkgd9033m7","timestamp":1765183349955,"id":"df0y9j26ulaigda","previousEventId":"ftyz24j8v90ql3n","previousOperationId":"6jp1xhkgd9033m7"}
{"type":"log","timestamp":1765183349955,"level":"debug","message":"Skipping storing report.","meta":{"rootId":"3zml91e3u0go2xq","id":"8agfkx2ft59urn3"},"id":"vb66xszqeglcrl9","previousOperationId":"6jp1xhkgd9033m7"}
{"type":"log","timestamp":1765183349956,"level":"info","message":"Rendering (child) request finished in 1974 ms","meta":{"rootId":"3zml91e3u0go2xq","id":"8agfkx2ft59urn3"},"id":"mfroyghhqfd91xu","previousOperationId":"6jp1xhkgd9033m7"}
{"type":"operationEnd","subtype":"render","operationId":"58zwqepwx1rofyu","timestamp":1765183349956,"id":"pckeawqdsvkawv0","previousEventId":"df0y9j26ulaigda","previousOperationId":"6jp1xhkgd9033m7"}
{"type":"log","timestamp":1765183354789,"level":"debug","message":"pptx successfully zipped","meta":{"rootId":"3zml91e3u0go2xq","id":"3zml91e3u0go2xq"},"id":"d8rc8lzxoe7l9gj","previousOperationId":"yxualexsduxbjpw"}
{"type":"log","timestamp":1765183354789,"level":"info","message":"pptx generation was finished","meta":{"rootId":"3zml91e3u0go2xq","id":"3zml91e3u0go2xq"},"id":"ezuk54hvi31lgk5","previousOperationId":"yxualexsduxbjpw"}
{"type":"operationEnd","operationId":"yxualexsduxbjpw","timestamp":1765183354798,"id":"b40koargob8ks0c","previousEventId":"ynwa9o4tezdbp9s","previousOperationId":"yxualexsduxbjpw"}
{"type":"log","timestamp":1765183354799,"level":"debug","message":"Skipping storing report.","meta":{"rootId":"3zml91e3u0go2xq","id":"3zml91e3u0go2xq"},"id":"f7gg7q88j6w2iib","previousOperationId":"yxualexsduxbjpw"}
{"type":"log","timestamp":1765183354799,"level":"info","message":"Rendering request 4 finished in 6817 ms","meta":{"rootId":"3zml91e3u0go2xq","id":"3zml91e3u0go2xq"},"id":"e6t1ctk2jz34rbb","previousOperationId":"yxualexsduxbjpw"}
{"type":"operationEnd","subtype":"render","operationId":"88revx6zoa4ekqg","timestamp":1765183354799,"id":"1dzr8kwjdhh5zf1","previousEventId":"b40koargob8ks0c","previousOperationId":"yxualexsduxbjpw"}
{"type":"operationEnd","doDiffs":false,"previousEventId":"vlbvcabj700c39v","previousOperationId":"k4kjf0e7y6u4tb3","operationId":"k4kjf0e7y6u4tb3","timestamp":1765183354803,"id":"zmmnd5un37tqcn8"}
