{"type":"operationStart","subtype":"profile","data":{"_id":"0xCoZgwy4qZ1S8nv","timestamp":"2026-01-01T13:09:10.154Z","state":"running","mode":"standard","creationDate":"2026-01-01T13:09:10.161Z","modificationDate":"2026-01-01T13:09:10.161Z","shortid":"cSg2Zls","$entitySet":"profiles","timeout":60000},"doDiffs":false,"timestamp":1767272950158,"id":"7ea3znb05jp64sp","previousOperationId":null,"operationId":"kgkch0jazvos40k"}
{"type":"log","level":"info","message":"Render request 1 queued for execution and waiting for available worker","previousOperationId":"kgkch0jazvos40k","timestamp":1767272950159,"id":"4t6hmkiorsa7dnu"}
{"type":"operationStart","subtype":"render","name":"anonymous","previousOperationId":"kgkch0jazvos40k","timestamp":1767272950238,"id":"yvtuuq6rye3k2vc","previousEventId":"7ea3znb05jp64sp","operationId":"02vqbxjtllxd6of"}
{"type":"log","timestamp":1767272950240,"level":"info","message":"Starting rendering request 1","meta":{"rootId":"3zn3d81gjetuj5o","id":"3zn3d81gjetuj5o"},"id":"40v5z2k13fhln1a","previousOperationId":"02vqbxjtllxd6of"}
{"type":"log","timestamp":1767272950242,"level":"info","message":"Rendering anonymous template { recipe: pptx, engine: handlebars }","meta":{"rootId":"3zn3d81gjetuj5o","id":"3zn3d81gjetuj5o"},"id":"99wgnhzp9a1bope","previousOperationId":"02vqbxjtllxd6of"}
{"type":"log","timestamp":1767272950242,"level":"debug","message":"Inline data specified.","meta":{"rootId":"3zn3d81gjetuj5o","id":"3zn3d81gjetuj5o"},"id":"d7l95lg49td3kgu","previousOperationId":"02vqbxjtllxd6of"}
{"type":"log","timestamp":1767272950255,"level":"debug","message":"Base url not specified, skipping its injection.","meta":{"rootId":"3zn3d81gjetuj5o","id":"3zn3d81gjetuj5o"},"id":"mdxjqe46xqgppxl","previousOperationId":"02vqbxjtllxd6of"}
{"type":"operationStart","subtype":"engine","name":"handlebars","timestamp":1767272950258,"id":"4j1zii8yqbx0h1y","previousEventId":"yvtuuq6rye3k2vc","operationId":"f9iznrlafuns8b2","previousOperationId":"02vqbxjtllxd6of"}
{"type":"log","timestamp":1767272950258,"level":"debug","message":"Rendering engine handlebars","meta":{"rootId":"3zn3d81gjetuj5o","id":"3zn3d81gjetuj5o"},"id":"xcztx2y2hxjfomt","previousOperationId":"f9iznrlafuns8b2"}
{"type":"operationEnd","operationId":"f9iznrlafuns8b2","timestamp":1767272951474,"id":"dk6o5cuoggoymk2","previousEventId":"4j1zii8yqbx0h1y","previousOperationId":"f9iznrlafuns8b2"}
{"type":"operationStart","subtype":"recipe","name":"pptx","timestamp":1767272951476,"id":"1j2mekpryrnlh6x","previousEventId":"dk6o5cuoggoymk2","operationId":"zwglobh0hh1nuah","previousOperationId":"f9iznrlafuns8b2"}
{"type":"log","timestamp":1767272951476,"level":"debug","message":"Executing recipe pptx","meta":{"rootId":"3zn3d81gjetuj5o","id":"3zn3d81gjetuj5o"},"id":"f665yxsjp5nqj38","previousOperationId":"zwglobh0hh1nuah"}
{"type":"log","timestamp":1767272951739,"level":"info","message":"pptx generation is starting","meta":{"rootId":"3zn3d81gjetuj5o","id":"3zn3d81gjetuj5o"},"id":"m93dp9e4sdmx02r","previousOperationId":"zwglobh0hh1nuah"}
{"type":"log","timestamp":1767272953912,"level":"debug","message":"Starting child request to render pptx dynamic parts","meta":{"rootId":"3zn3d81gjetuj5o","id":"3zn3d81gjetuj5o"},"id":"ssdr4dv6phrhal8","previousOperationId":"zwglobh0hh1nuah"}
{"type":"operationStart","subtype":"render","name":"anonymous","previousOperationId":"zwglobh0hh1nuah","timestamp":1767272953913,"id":"lnmwubg8kyqxa2o","previousEventId":"1j2mekpryrnlh6x","operationId":"2uyjbtm9kzv017r"}
{"type":"log","timestamp":1767272953913,"level":"info","message":"Starting rendering (child) request","meta":{"rootId":"3zn3d81gjetuj5o","id":"vcglnwkuih905x3"},"id":"cnllb6rtz5asks5","previousOperationId":"2uyjbtm9kzv017r"}
{"type":"log","timestamp":1767272953914,"level":"info","message":"Rendering anonymous template { recipe: html, engine: handlebars }","meta":{"rootId":"3zn3d81gjetuj5o","id":"vcglnwkuih905x3"},"id":"j6b38wnth5wpos0","previousOperationId":"2uyjbtm9kzv017r"}
{"type":"log","timestamp":1767272953914,"level":"debug","message":"Inline data specified.","meta":{"rootId":"3zn3d81gjetuj5o","id":"vcglnwkuih905x3"},"id":"9m7tpudhgkt51b2","previousOperationId":"2uyjbtm9kzv017r"}
{"type":"log","timestamp":1767272953921,"level":"debug","message":"Base url not specified, skipping its injection.","meta":{"rootId":"3zn3d81gjetuj5o","id":"vcglnwkuih905x3"},"id":"efyird8312alr53","previousOperationId":"2uyjbtm9kzv017r"}
{"type":"operationStart","subtype":"engine","name":"handlebars","timestamp":1767272953923,"id":"xakkw0dsltpunyj","previousEventId":"lnmwubg8kyqxa2o","operationId":"sslsnrxpuuqxq97","previousOperationId":"2uyjbtm9kzv017r"}
{"type":"log","timestamp":1767272953923,"level":"debug","message":"Rendering engine handlebars","meta":{"rootId":"3zn3d81gjetuj5o","id":"vcglnwkuih905x3"},"id":"w9z23chmcn3vr1j","previousOperationId":"sslsnrxpuuqxq97"}
{"type":"log","timestamp":1767272954215,"level":"debug","message":"(console:log) {\n  type: 'echarts@v5a',\n  width: 848,\n  height: 409,\n  option: { radar: [ [Object] ], series: [ [Object] ] }\n}","meta":{"userLevel":true,"rootId":"3zn3d81gjetuj5o","id":"vcglnwkuih905x3"},"id":"k8xzo1zbl5o4v03","previousOperationId":"sslsnrxpuuqxq97"}
{"type":"operationEnd","operationId":"sslsnrxpuuqxq97","timestamp":1767272954231,"id":"48ofu70lurvk8u0","previousEventId":"xakkw0dsltpunyj","previousOperationId":"sslsnrxpuuqxq97"}
{"type":"operationStart","subtype":"recipe","name":"html","timestamp":1767272954254,"id":"0jmte2prgihbhio","previousEventId":"48ofu70lurvk8u0","operationId":"fpjup5cogt2hnof","previousOperationId":"sslsnrxpuuqxq97"}
{"type":"log","timestamp":1767272954254,"level":"debug","message":"Executing recipe html","meta":{"rootId":"3zn3d81gjetuj5o","id":"vcglnwkuih905x3"},"id":"bv9h8jlqf4wonk3","previousOperationId":"fpjup5cogt2hnof"}
{"type":"operationEnd","operationId":"fpjup5cogt2hnof","timestamp":1767272954255,"id":"fizxvz2b4a9tlaf","previousEventId":"0jmte2prgihbhio","previousOperationId":"fpjup5cogt2hnof"}
{"type":"log","timestamp":1767272954256,"level":"debug","message":"Skipping storing report.","meta":{"rootId":"3zn3d81gjetuj5o","id":"vcglnwkuih905x3"},"id":"kc0k0k7ef3qmvtd","previousOperationId":"fpjup5cogt2hnof"}
{"type":"log","timestamp":1767272954256,"level":"info","message":"Rendering (child) request finished in 4105 ms","meta":{"rootId":"3zn3d81gjetuj5o","id":"vcglnwkuih905x3"},"id":"s33rej3g2a8fbwt","previousOperationId":"fpjup5cogt2hnof"}
{"type":"operationEnd","subtype":"render","operationId":"2uyjbtm9kzv017r","timestamp":1767272954256,"id":"rsaokt3lyoye12i","previousEventId":"fizxvz2b4a9tlaf","previousOperationId":"fpjup5cogt2hnof"}
{"type":"log","timestamp":1767272962569,"level":"debug","message":"pptx successfully zipped","meta":{"rootId":"3zn3d81gjetuj5o","id":"3zn3d81gjetuj5o"},"id":"l5p95yqxpjo5n77","previousOperationId":"zwglobh0hh1nuah"}
{"type":"log","timestamp":1767272962569,"level":"info","message":"pptx generation was finished","meta":{"rootId":"3zn3d81gjetuj5o","id":"3zn3d81gjetuj5o"},"id":"ib2eo2n724nbk4x","previousOperationId":"zwglobh0hh1nuah"}
{"type":"operationEnd","operationId":"zwglobh0hh1nuah","timestamp":1767272962586,"id":"tkg1zccogmqcwdw","previousEventId":"1j2mekpryrnlh6x","previousOperationId":"zwglobh0hh1nuah"}
{"type":"log","timestamp":1767272962587,"level":"debug","message":"Skipping storing report.","meta":{"rootId":"3zn3d81gjetuj5o","id":"3zn3d81gjetuj5o"},"id":"z67sywu3grl8o9q","previousOperationId":"zwglobh0hh1nuah"}
{"type":"log","timestamp":1767272962587,"level":"info","message":"Rendering request 1 finished in 12436 ms","meta":{"rootId":"3zn3d81gjetuj5o","id":"3zn3d81gjetuj5o"},"id":"w5jer0emtngvhm5","previousOperationId":"zwglobh0hh1nuah"}
{"type":"operationEnd","subtype":"render","operationId":"02vqbxjtllxd6of","timestamp":1767272962587,"id":"p0qj4gm6ntvg1s5","previousEventId":"tkg1zccogmqcwdw","previousOperationId":"zwglobh0hh1nuah"}
{"type":"operationEnd","doDiffs":false,"previousEventId":"7ea3znb05jp64sp","previousOperationId":"kgkch0jazvos40k","operationId":"kgkch0jazvos40k","timestamp":1767272962595,"id":"mzzl9ljvjly8e52"}
