{"type":"operationStart","subtype":"profile","data":{"_id":"Bi7jMDWGMmMmBF3c","timestamp":"2025-12-26T20:34:33.433Z","state":"running","mode":"standard","creationDate":"2025-12-26T20:34:33.441Z","modificationDate":"2025-12-26T20:34:33.441Z","shortid":"KnSiEwV","$entitySet":"profiles","timeout":60000},"doDiffs":false,"timestamp":1766781273437,"id":"amg2l1zncsxkjzz","previousOperationId":null,"operationId":"1o1krfojdukyrvp"}
{"type":"log","level":"info","message":"Render request 1 queued for execution and waiting for available worker","previousOperationId":"1o1krfojdukyrvp","timestamp":1766781273438,"id":"zx6a4x39rqu0c53"}
{"type":"operationStart","subtype":"render","name":"anonymous","previousOperationId":"1o1krfojdukyrvp","timestamp":1766781273515,"id":"j210dcayu9rsbbq","previousEventId":"amg2l1zncsxkjzz","operationId":"xgo6msmx7kxo37y"}
{"type":"log","timestamp":1766781273517,"level":"info","message":"Starting rendering request 1","meta":{"rootId":"42b4o4w69fvjziz","id":"42b4o4w69fvjziz"},"id":"c92qyxhwtov3kiq","previousOperationId":"xgo6msmx7kxo37y"}
{"type":"log","timestamp":1766781273519,"level":"info","message":"Rendering anonymous template { recipe: pptx, engine: handlebars }","meta":{"rootId":"42b4o4w69fvjziz","id":"42b4o4w69fvjziz"},"id":"ix8l7d4zcvmsajw","previousOperationId":"xgo6msmx7kxo37y"}
{"type":"log","timestamp":1766781273519,"level":"debug","message":"Inline data specified.","meta":{"rootId":"42b4o4w69fvjziz","id":"42b4o4w69fvjziz"},"id":"hzdrse0yj6cwukr","previousOperationId":"xgo6msmx7kxo37y"}
{"type":"log","timestamp":1766781273533,"level":"debug","message":"Base url not specified, skipping its injection.","meta":{"rootId":"42b4o4w69fvjziz","id":"42b4o4w69fvjziz"},"id":"qlr6mfnvl5iju7y","previousOperationId":"xgo6msmx7kxo37y"}
{"type":"operationStart","subtype":"engine","name":"handlebars","timestamp":1766781273536,"id":"ascl0nl4d9cykw9","previousEventId":"j210dcayu9rsbbq","operationId":"mr63ftxlvj523ek","previousOperationId":"xgo6msmx7kxo37y"}
{"type":"log","timestamp":1766781273536,"level":"debug","message":"Rendering engine handlebars","meta":{"rootId":"42b4o4w69fvjziz","id":"42b4o4w69fvjziz"},"id":"z0ejz219w4wkmdi","previousOperationId":"mr63ftxlvj523ek"}
{"type":"operationEnd","operationId":"mr63ftxlvj523ek","timestamp":1766781274791,"id":"6bcdfgeoggy6ra3","previousEventId":"ascl0nl4d9cykw9","previousOperationId":"mr63ftxlvj523ek"}
{"type":"operationStart","subtype":"recipe","name":"pptx","timestamp":1766781274792,"id":"dhyjcf4xhorhbxg","previousEventId":"6bcdfgeoggy6ra3","operationId":"lbkn6ho6wjgglcv","previousOperationId":"mr63ftxlvj523ek"}
{"type":"log","timestamp":1766781274793,"level":"debug","message":"Executing recipe pptx","meta":{"rootId":"42b4o4w69fvjziz","id":"42b4o4w69fvjziz"},"id":"tmsymcrhsn4rfea","previousOperationId":"lbkn6ho6wjgglcv"}
{"type":"log","timestamp":1766781275062,"level":"info","message":"pptx generation is starting","meta":{"rootId":"42b4o4w69fvjziz","id":"42b4o4w69fvjziz"},"id":"0zg8v58fyx5p8r2","previousOperationId":"lbkn6ho6wjgglcv"}
{"type":"log","timestamp":1766781276806,"level":"debug","message":"Starting child request to render pptx dynamic parts","meta":{"rootId":"42b4o4w69fvjziz","id":"42b4o4w69fvjziz"},"id":"1b1i3saxkzswhgn","previousOperationId":"lbkn6ho6wjgglcv"}
{"type":"operationStart","subtype":"render","name":"anonymous","previousOperationId":"lbkn6ho6wjgglcv","timestamp":1766781276807,"id":"c2lexymgstzzaro","previousEventId":"dhyjcf4xhorhbxg","operationId":"bigs4klbg9x3pfb"}
{"type":"log","timestamp":1766781276807,"level":"info","message":"Starting rendering (child) request","meta":{"rootId":"42b4o4w69fvjziz","id":"ih5mh9bacdmo2g6"},"id":"ewju87azyikxgsh","previousOperationId":"bigs4klbg9x3pfb"}
{"type":"log","timestamp":1766781276808,"level":"info","message":"Rendering anonymous template { recipe: html, engine: handlebars }","meta":{"rootId":"42b4o4w69fvjziz","id":"ih5mh9bacdmo2g6"},"id":"78jjmc606vdycut","previousOperationId":"bigs4klbg9x3pfb"}
{"type":"log","timestamp":1766781276808,"level":"debug","message":"Inline data specified.","meta":{"rootId":"42b4o4w69fvjziz","id":"ih5mh9bacdmo2g6"},"id":"isxjvt8dycy2ng2","previousOperationId":"bigs4klbg9x3pfb"}
{"type":"log","timestamp":1766781276818,"level":"debug","message":"Base url not specified, skipping its injection.","meta":{"rootId":"42b4o4w69fvjziz","id":"ih5mh9bacdmo2g6"},"id":"ghigz8yns8nwyg5","previousOperationId":"bigs4klbg9x3pfb"}
{"type":"operationStart","subtype":"engine","name":"handlebars","timestamp":1766781276820,"id":"neu743siu49bmsc","previousEventId":"c2lexymgstzzaro","operationId":"jl7fs5e5ovwmu1x","previousOperationId":"bigs4klbg9x3pfb"}
{"type":"log","timestamp":1766781276820,"level":"debug","message":"Rendering engine handlebars","meta":{"rootId":"42b4o4w69fvjziz","id":"ih5mh9bacdmo2g6"},"id":"hvs0efmppr0qqry","previousOperationId":"jl7fs5e5ovwmu1x"}
{"type":"operationEnd","operationId":"jl7fs5e5ovwmu1x","timestamp":1766781276995,"id":"du6uep5y28dyny0","previousEventId":"neu743siu49bmsc","previousOperationId":"jl7fs5e5ovwmu1x"}
{"type":"operationStart","subtype":"recipe","name":"html","timestamp":1766781277010,"id":"37f3npnqjuuf3ek","previousEventId":"du6uep5y28dyny0","operationId":"pd4cz3s9koc9di2","previousOperationId":"jl7fs5e5ovwmu1x"}
{"type":"log","timestamp":1766781277010,"level":"debug","message":"Executing recipe html","meta":{"rootId":"42b4o4w69fvjziz","id":"ih5mh9bacdmo2g6"},"id":"mvmldepb4oroh2k","previousOperationId":"pd4cz3s9koc9di2"}
{"type":"operationEnd","operationId":"pd4cz3s9koc9di2","timestamp":1766781277010,"id":"3x3z8lk34fsq9mj","previousEventId":"37f3npnqjuuf3ek","previousOperationId":"pd4cz3s9koc9di2"}
{"type":"log","timestamp":1766781277011,"level":"debug","message":"Skipping storing report.","meta":{"rootId":"42b4o4w69fvjziz","id":"ih5mh9bacdmo2g6"},"id":"a6lvm51awxelg1r","previousOperationId":"pd4cz3s9koc9di2"}
{"type":"log","timestamp":1766781277011,"level":"info","message":"Rendering (child) request finished in 3581 ms","meta":{"rootId":"42b4o4w69fvjziz","id":"ih5mh9bacdmo2g6"},"id":"f1d1avlmwiwfvxe","previousOperationId":"pd4cz3s9koc9di2"}
{"type":"operationEnd","subtype":"render","operationId":"bigs4klbg9x3pfb","timestamp":1766781277012,"id":"4araxuv20wwq8sn","previousEventId":"3x3z8lk34fsq9mj","previousOperationId":"pd4cz3s9koc9di2"}
{"type":"log","timestamp":1766781283154,"level":"debug","message":"pptx successfully zipped","meta":{"rootId":"42b4o4w69fvjziz","id":"42b4o4w69fvjziz"},"id":"4dl156pi6z4qy8i","previousOperationId":"lbkn6ho6wjgglcv"}
{"type":"log","timestamp":1766781283154,"level":"info","message":"pptx generation was finished","meta":{"rootId":"42b4o4w69fvjziz","id":"42b4o4w69fvjziz"},"id":"eup4eu6mt1rinrw","previousOperationId":"lbkn6ho6wjgglcv"}
{"type":"operationEnd","operationId":"lbkn6ho6wjgglcv","timestamp":1766781283171,"id":"mdt6cytq9ftv848","previousEventId":"dhyjcf4xhorhbxg","previousOperationId":"lbkn6ho6wjgglcv"}
{"type":"log","timestamp":1766781283171,"level":"debug","message":"Skipping storing report.","meta":{"rootId":"42b4o4w69fvjziz","id":"42b4o4w69fvjziz"},"id":"zdbdyfxrnt96fje","previousOperationId":"lbkn6ho6wjgglcv"}
{"type":"log","timestamp":1766781283171,"level":"info","message":"Rendering request 1 finished in 9741 ms","meta":{"rootId":"42b4o4w69fvjziz","id":"42b4o4w69fvjziz"},"id":"shno9099ryhxu50","previousOperationId":"lbkn6ho6wjgglcv"}
{"type":"operationEnd","subtype":"render","operationId":"xgo6msmx7kxo37y","timestamp":1766781283171,"id":"y6pwvzqculg7bmn","previousEventId":"mdt6cytq9ftv848","previousOperationId":"lbkn6ho6wjgglcv"}
{"type":"operationEnd","doDiffs":false,"previousEventId":"amg2l1zncsxkjzz","previousOperationId":"1o1krfojdukyrvp","operationId":"1o1krfojdukyrvp","timestamp":1766781283178,"id":"l635ec8yjo9ons9"}
