{"type":"operationStart","subtype":"profile","data":{"_id":"Cx8AzZIj0yqBzFoe","timestamp":"2025-12-31T11:49:31.566Z","state":"running","mode":"standard","creationDate":"2025-12-31T11:49:31.574Z","modificationDate":"2025-12-31T11:49:31.574Z","shortid":"x3Q5frt","$entitySet":"profiles","timeout":60000},"doDiffs":false,"timestamp":1767181771572,"id":"tndmqmel7qh1m93","previousOperationId":null,"operationId":"2pb1okd9xbcijxn"}
{"type":"log","level":"info","message":"Render request 44 queued for execution and waiting for available worker","previousOperationId":"2pb1okd9xbcijxn","timestamp":1767181771572,"id":"6u4khcafkh4ufl7"}
{"type":"operationStart","subtype":"render","name":"anonymous","previousOperationId":"2pb1okd9xbcijxn","timestamp":1767181771632,"id":"if2xjoa2sodlbbw","previousEventId":"tndmqmel7qh1m93","operationId":"576m099aebntywc"}
{"type":"log","timestamp":1767181771632,"level":"info","message":"Starting rendering request 44","meta":{"rootId":"44pombz169bvnv0","id":"44pombz169bvnv0"},"id":"88wqqv87202lq5q","previousOperationId":"576m099aebntywc"}
{"type":"log","timestamp":1767181771633,"level":"info","message":"Rendering anonymous template { recipe: pptx, engine: handlebars }","meta":{"rootId":"44pombz169bvnv0","id":"44pombz169bvnv0"},"id":"cf1tr2zv33b5ftp","previousOperationId":"576m099aebntywc"}
{"type":"log","timestamp":1767181771633,"level":"debug","message":"Inline data specified.","meta":{"rootId":"44pombz169bvnv0","id":"44pombz169bvnv0"},"id":"gaf2ysxgkxje5tm","previousOperationId":"576m099aebntywc"}
{"type":"log","timestamp":1767181771636,"level":"debug","message":"Base url not specified, skipping its injection.","meta":{"rootId":"44pombz169bvnv0","id":"44pombz169bvnv0"},"id":"oosx5c4up0m9ikc","previousOperationId":"576m099aebntywc"}
{"type":"operationStart","subtype":"engine","name":"handlebars","timestamp":1767181771636,"id":"143nd2yt7t5wtgb","previousEventId":"if2xjoa2sodlbbw","operationId":"wkyvqyymyfc7wq4","previousOperationId":"576m099aebntywc"}
{"type":"log","timestamp":1767181771637,"level":"debug","message":"Rendering engine handlebars","meta":{"rootId":"44pombz169bvnv0","id":"44pombz169bvnv0"},"id":"ukzefh4v5hpa1v0","previousOperationId":"wkyvqyymyfc7wq4"}
{"type":"operationEnd","operationId":"wkyvqyymyfc7wq4","timestamp":1767181771657,"id":"8aaog702gevpoco","previousEventId":"143nd2yt7t5wtgb","previousOperationId":"wkyvqyymyfc7wq4"}
{"type":"operationStart","subtype":"recipe","name":"pptx","timestamp":1767181771657,"id":"crvqc3f1co5g5be","previousEventId":"8aaog702gevpoco","operationId":"ho2iuv7gm17vegm","previousOperationId":"wkyvqyymyfc7wq4"}
{"type":"log","timestamp":1767181771657,"level":"debug","message":"Executing recipe pptx","meta":{"rootId":"44pombz169bvnv0","id":"44pombz169bvnv0"},"id":"cefcndju0g3cn8f","previousOperationId":"ho2iuv7gm17vegm"}
{"type":"log","timestamp":1767181771684,"level":"info","message":"pptx generation is starting","meta":{"rootId":"44pombz169bvnv0","id":"44pombz169bvnv0"},"id":"8edn8szoyvogw5l","previousOperationId":"ho2iuv7gm17vegm"}
{"type":"log","timestamp":1767181773709,"level":"debug","message":"Starting child request to render pptx dynamic parts","meta":{"rootId":"44pombz169bvnv0","id":"44pombz169bvnv0"},"id":"mhsn7o213mhzpis","previousOperationId":"ho2iuv7gm17vegm"}
{"type":"operationStart","subtype":"render","name":"anonymous","previousOperationId":"ho2iuv7gm17vegm","timestamp":1767181773710,"id":"pew2atu71gdedia","previousEventId":"crvqc3f1co5g5be","operationId":"ivffp6780gc7k8q"}
{"type":"log","timestamp":1767181773710,"level":"info","message":"Starting rendering (child) request","meta":{"rootId":"44pombz169bvnv0","id":"2nbgy55ggjbotlr"},"id":"gtt1s137yoftzt7","previousOperationId":"ivffp6780gc7k8q"}
{"type":"log","timestamp":1767181773710,"level":"info","message":"Rendering anonymous template { recipe: html, engine: handlebars }","meta":{"rootId":"44pombz169bvnv0","id":"2nbgy55ggjbotlr"},"id":"vr0jpmgpizy3j6e","previousOperationId":"ivffp6780gc7k8q"}
{"type":"log","timestamp":1767181773710,"level":"debug","message":"Inline data specified.","meta":{"rootId":"44pombz169bvnv0","id":"2nbgy55ggjbotlr"},"id":"ldweme5o6nuzppg","previousOperationId":"ivffp6780gc7k8q"}
{"type":"log","timestamp":1767181773721,"level":"debug","message":"Base url not specified, skipping its injection.","meta":{"rootId":"44pombz169bvnv0","id":"2nbgy55ggjbotlr"},"id":"ngfghzosvofoq7a","previousOperationId":"ivffp6780gc7k8q"}
{"type":"operationStart","subtype":"engine","name":"handlebars","timestamp":1767181773723,"id":"0n77u4ui9ilyobo","previousEventId":"pew2atu71gdedia","operationId":"dci06j6fw50jb4l","previousOperationId":"ivffp6780gc7k8q"}
{"type":"log","timestamp":1767181773723,"level":"debug","message":"Rendering engine handlebars","meta":{"rootId":"44pombz169bvnv0","id":"2nbgy55ggjbotlr"},"id":"a4oolnegiwfi78b","previousOperationId":"dci06j6fw50jb4l"}
{"type":"log","timestamp":1767181773949,"level":"debug","message":"(console:log) {\n  type: 'echarts@v5a',\n  width: 848,\n  height: 409,\n  option: { radar: [ [Object] ], series: [ [Object] ] }\n}","meta":{"userLevel":true,"rootId":"44pombz169bvnv0","id":"2nbgy55ggjbotlr"},"id":"89ykkx2uug2d8d8","previousOperationId":"dci06j6fw50jb4l"}
{"type":"operationEnd","operationId":"dci06j6fw50jb4l","timestamp":1767181773966,"id":"el2dp35lgky3cmu","previousEventId":"0n77u4ui9ilyobo","previousOperationId":"dci06j6fw50jb4l"}
{"type":"operationStart","subtype":"recipe","name":"html","timestamp":1767181773989,"id":"9a167kqtclwtwol","previousEventId":"el2dp35lgky3cmu","operationId":"kcj5x5pt4j0n5pt","previousOperationId":"dci06j6fw50jb4l"}
{"type":"log","timestamp":1767181773989,"level":"debug","message":"Executing recipe html","meta":{"rootId":"44pombz169bvnv0","id":"2nbgy55ggjbotlr"},"id":"0fd5obv8hl241w5","previousOperationId":"kcj5x5pt4j0n5pt"}
{"type":"operationEnd","operationId":"kcj5x5pt4j0n5pt","timestamp":1767181773989,"id":"bn0begsgzorb8ga","previousEventId":"9a167kqtclwtwol","previousOperationId":"kcj5x5pt4j0n5pt"}
{"type":"log","timestamp":1767181773989,"level":"debug","message":"Skipping storing report.","meta":{"rootId":"44pombz169bvnv0","id":"2nbgy55ggjbotlr"},"id":"kebfhr3zs3t6wff","previousOperationId":"kcj5x5pt4j0n5pt"}
{"type":"log","timestamp":1767181773989,"level":"info","message":"Rendering (child) request finished in 2424 ms","meta":{"rootId":"44pombz169bvnv0","id":"2nbgy55ggjbotlr"},"id":"sqfzd3kfcn7x8ux","previousOperationId":"kcj5x5pt4j0n5pt"}
{"type":"operationEnd","subtype":"render","operationId":"ivffp6780gc7k8q","timestamp":1767181773989,"id":"l11c7ae8jr5ld09","previousEventId":"bn0begsgzorb8ga","previousOperationId":"kcj5x5pt4j0n5pt"}
{"type":"log","timestamp":1767181780941,"level":"debug","message":"pptx successfully zipped","meta":{"rootId":"44pombz169bvnv0","id":"44pombz169bvnv0"},"id":"tcue6224itsn48u","previousOperationId":"ho2iuv7gm17vegm"}
{"type":"log","timestamp":1767181780941,"level":"info","message":"pptx generation was finished","meta":{"rootId":"44pombz169bvnv0","id":"44pombz169bvnv0"},"id":"ofe9px3soo481d8","previousOperationId":"ho2iuv7gm17vegm"}
{"type":"operationEnd","operationId":"ho2iuv7gm17vegm","timestamp":1767181780951,"id":"y9klq30o3h9neb9","previousEventId":"crvqc3f1co5g5be","previousOperationId":"ho2iuv7gm17vegm"}
{"type":"log","timestamp":1767181780952,"level":"debug","message":"Skipping storing report.","meta":{"rootId":"44pombz169bvnv0","id":"44pombz169bvnv0"},"id":"o0vlbhnlnz8f0q6","previousOperationId":"ho2iuv7gm17vegm"}
{"type":"log","timestamp":1767181780952,"level":"info","message":"Rendering request 44 finished in 9387 ms","meta":{"rootId":"44pombz169bvnv0","id":"44pombz169bvnv0"},"id":"4cba5uzpgiypiio","previousOperationId":"ho2iuv7gm17vegm"}
{"type":"operationEnd","subtype":"render","operationId":"576m099aebntywc","timestamp":1767181780952,"id":"vrzjmf4ykqux916","previousEventId":"y9klq30o3h9neb9","previousOperationId":"ho2iuv7gm17vegm"}
{"type":"operationEnd","doDiffs":false,"previousEventId":"tndmqmel7qh1m93","previousOperationId":"2pb1okd9xbcijxn","operationId":"2pb1okd9xbcijxn","timestamp":1767181780963,"id":"8m6uxzic6cejrrs"}
