{"type":"operationStart","subtype":"profile","data":{"_id":"4YOgP7PT6dOMb1KV","timestamp":"2025-12-30T19:09:55.288Z","state":"running","mode":"standard","creationDate":"2025-12-30T19:09:55.294Z","modificationDate":"2025-12-30T19:09:55.294Z","shortid":"rqcyZDS","$entitySet":"profiles","timeout":60000},"doDiffs":false,"timestamp":1767121795292,"id":"zfui630hyga1bmp","previousOperationId":null,"operationId":"k7hjb6vc9yyze7a"}
{"type":"log","level":"info","message":"Render request 1 queued for execution and waiting for available worker","previousOperationId":"k7hjb6vc9yyze7a","timestamp":1767121795292,"id":"3evxeqq40cpe0ma"}
{"type":"operationStart","subtype":"render","name":"anonymous","previousOperationId":"k7hjb6vc9yyze7a","timestamp":1767121795344,"id":"hzmu0dpdemmon5i","previousEventId":"zfui630hyga1bmp","operationId":"efahzq8gw9x30jh"}
{"type":"log","timestamp":1767121795345,"level":"info","message":"Starting rendering request 1","meta":{"rootId":"46epe1j32qpgyky","id":"46epe1j32qpgyky"},"id":"7jy31s7iwsokgr1","previousOperationId":"efahzq8gw9x30jh"}
{"type":"log","timestamp":1767121795346,"level":"info","message":"Rendering anonymous template { recipe: pptx, engine: handlebars }","meta":{"rootId":"46epe1j32qpgyky","id":"46epe1j32qpgyky"},"id":"sth6kmui29ejaeu","previousOperationId":"efahzq8gw9x30jh"}
{"type":"log","timestamp":1767121795346,"level":"debug","message":"Inline data specified.","meta":{"rootId":"46epe1j32qpgyky","id":"46epe1j32qpgyky"},"id":"6xl9g56gyfbkn35","previousOperationId":"efahzq8gw9x30jh"}
{"type":"log","timestamp":1767121795350,"level":"debug","message":"Base url not specified, skipping its injection.","meta":{"rootId":"46epe1j32qpgyky","id":"46epe1j32qpgyky"},"id":"vb4oofjc10jr7bh","previousOperationId":"efahzq8gw9x30jh"}
{"type":"operationStart","subtype":"engine","name":"handlebars","timestamp":1767121795352,"id":"ujjnsmn4kranwn6","previousEventId":"hzmu0dpdemmon5i","operationId":"n2gd5380yw3xzin","previousOperationId":"efahzq8gw9x30jh"}
{"type":"log","timestamp":1767121795352,"level":"debug","message":"Rendering engine handlebars","meta":{"rootId":"46epe1j32qpgyky","id":"46epe1j32qpgyky"},"id":"7y4k5f6ps1rsbqz","previousOperationId":"n2gd5380yw3xzin"}
{"type":"operationEnd","operationId":"n2gd5380yw3xzin","timestamp":1767121796144,"id":"2p1vujv3wp22e5x","previousEventId":"ujjnsmn4kranwn6","previousOperationId":"n2gd5380yw3xzin"}
{"type":"operationStart","subtype":"recipe","name":"pptx","timestamp":1767121796145,"id":"n90n7hlrwrzk7cn","previousEventId":"2p1vujv3wp22e5x","operationId":"oxuw8xlw9ymcvon","previousOperationId":"n2gd5380yw3xzin"}
{"type":"log","timestamp":1767121796145,"level":"debug","message":"Executing recipe pptx","meta":{"rootId":"46epe1j32qpgyky","id":"46epe1j32qpgyky"},"id":"u3yqkzjj8xovnq3","previousOperationId":"oxuw8xlw9ymcvon"}
{"type":"log","timestamp":1767121796297,"level":"info","message":"pptx generation is starting","meta":{"rootId":"46epe1j32qpgyky","id":"46epe1j32qpgyky"},"id":"k9iqzz3o9gugioe","previousOperationId":"oxuw8xlw9ymcvon"}
{"type":"log","timestamp":1767121797483,"level":"debug","message":"Starting child request to render pptx dynamic parts","meta":{"rootId":"46epe1j32qpgyky","id":"46epe1j32qpgyky"},"id":"v7k4yhzzcq490j7","previousOperationId":"oxuw8xlw9ymcvon"}
{"type":"operationStart","subtype":"render","name":"anonymous","previousOperationId":"oxuw8xlw9ymcvon","timestamp":1767121797484,"id":"mfr7msx785aa4is","previousEventId":"n90n7hlrwrzk7cn","operationId":"vetb04fje51sua9"}
{"type":"log","timestamp":1767121797484,"level":"info","message":"Starting rendering (child) request","meta":{"rootId":"46epe1j32qpgyky","id":"9aulis0hxol77gm"},"id":"kyuj6no754l9qy8","previousOperationId":"vetb04fje51sua9"}
{"type":"log","timestamp":1767121797484,"level":"info","message":"Rendering anonymous template { recipe: html, engine: handlebars }","meta":{"rootId":"46epe1j32qpgyky","id":"9aulis0hxol77gm"},"id":"7uz6r93cio6fzbw","previousOperationId":"vetb04fje51sua9"}
{"type":"log","timestamp":1767121797484,"level":"debug","message":"Inline data specified.","meta":{"rootId":"46epe1j32qpgyky","id":"9aulis0hxol77gm"},"id":"ccib4zs2mskk1yr","previousOperationId":"vetb04fje51sua9"}
{"type":"log","timestamp":1767121797491,"level":"debug","message":"Base url not specified, skipping its injection.","meta":{"rootId":"46epe1j32qpgyky","id":"9aulis0hxol77gm"},"id":"u7yobnazwd5xi5s","previousOperationId":"vetb04fje51sua9"}
{"type":"operationStart","subtype":"engine","name":"handlebars","timestamp":1767121797493,"id":"da8kgbfoae4g3qf","previousEventId":"mfr7msx785aa4is","operationId":"10o6m9i51uafh30","previousOperationId":"vetb04fje51sua9"}
{"type":"log","timestamp":1767121797493,"level":"debug","message":"Rendering engine handlebars","meta":{"rootId":"46epe1j32qpgyky","id":"9aulis0hxol77gm"},"id":"c5yse0x9q558trp","previousOperationId":"10o6m9i51uafh30"}
{"type":"log","timestamp":1767121797621,"level":"debug","message":"(console:log) {\n  type: 'echarts@v5a',\n  width: 848,\n  height: 409,\n  option: { radar: [ [Object] ], series: [ [Object] ] }\n}","meta":{"userLevel":true,"rootId":"46epe1j32qpgyky","id":"9aulis0hxol77gm"},"id":"mdmi5emd06ze1f9","previousOperationId":"10o6m9i51uafh30"}
{"type":"operationEnd","operationId":"10o6m9i51uafh30","timestamp":1767121797628,"id":"y8w7ai19blxncmm","previousEventId":"da8kgbfoae4g3qf","previousOperationId":"10o6m9i51uafh30"}
{"type":"operationStart","subtype":"recipe","name":"html","timestamp":1767121797638,"id":"a0uiyjm5jvw321y","previousEventId":"y8w7ai19blxncmm","operationId":"c8tor2k9sv4bjuw","previousOperationId":"10o6m9i51uafh30"}
{"type":"log","timestamp":1767121797638,"level":"debug","message":"Executing recipe html","meta":{"rootId":"46epe1j32qpgyky","id":"9aulis0hxol77gm"},"id":"h9lv530uu8tk64n","previousOperationId":"c8tor2k9sv4bjuw"}
{"type":"operationEnd","operationId":"c8tor2k9sv4bjuw","timestamp":1767121797638,"id":"emevukt04gxjbmb","previousEventId":"a0uiyjm5jvw321y","previousOperationId":"c8tor2k9sv4bjuw"}
{"type":"log","timestamp":1767121797639,"level":"debug","message":"Skipping storing report.","meta":{"rootId":"46epe1j32qpgyky","id":"9aulis0hxol77gm"},"id":"baz4951mvv9meyw","previousOperationId":"c8tor2k9sv4bjuw"}
{"type":"log","timestamp":1767121797639,"level":"info","message":"Rendering (child) request finished in 2354 ms","meta":{"rootId":"46epe1j32qpgyky","id":"9aulis0hxol77gm"},"id":"9m7588pohbjn0ux","previousOperationId":"c8tor2k9sv4bjuw"}
{"type":"operationEnd","subtype":"render","operationId":"vetb04fje51sua9","timestamp":1767121797639,"id":"e3j1gx4prhm3gpw","previousEventId":"emevukt04gxjbmb","previousOperationId":"c8tor2k9sv4bjuw"}
{"type":"log","timestamp":1767121803258,"level":"debug","message":"pptx successfully zipped","meta":{"rootId":"46epe1j32qpgyky","id":"46epe1j32qpgyky"},"id":"ehvc7cunw223uxt","previousOperationId":"oxuw8xlw9ymcvon"}
{"type":"log","timestamp":1767121803258,"level":"info","message":"pptx generation was finished","meta":{"rootId":"46epe1j32qpgyky","id":"46epe1j32qpgyky"},"id":"8t2h8j6l2i4fswl","previousOperationId":"oxuw8xlw9ymcvon"}
{"type":"operationEnd","operationId":"oxuw8xlw9ymcvon","timestamp":1767121803270,"id":"mjjkuelixjyngnf","previousEventId":"n90n7hlrwrzk7cn","previousOperationId":"oxuw8xlw9ymcvon"}
{"type":"log","timestamp":1767121803270,"level":"debug","message":"Skipping storing report.","meta":{"rootId":"46epe1j32qpgyky","id":"46epe1j32qpgyky"},"id":"ujrpr31udazb9xs","previousOperationId":"oxuw8xlw9ymcvon"}
{"type":"log","timestamp":1767121803270,"level":"info","message":"Rendering request 1 finished in 7985 ms","meta":{"rootId":"46epe1j32qpgyky","id":"46epe1j32qpgyky"},"id":"8hz8wfmlnbpk299","previousOperationId":"oxuw8xlw9ymcvon"}
{"type":"operationEnd","subtype":"render","operationId":"efahzq8gw9x30jh","timestamp":1767121803270,"id":"0h7xub3tkwfk2gz","previousEventId":"mjjkuelixjyngnf","previousOperationId":"oxuw8xlw9ymcvon"}
{"type":"operationEnd","doDiffs":false,"previousEventId":"zfui630hyga1bmp","previousOperationId":"k7hjb6vc9yyze7a","operationId":"k7hjb6vc9yyze7a","timestamp":1767121803275,"id":"mkqxpcrwk9bzi6y"}
