{"type":"operationStart","subtype":"profile","data":{"_id":"TPVn9WspvqFaN79m","timestamp":"2025-12-30T19:39:58.243Z","state":"running","mode":"standard","creationDate":"2025-12-30T19:39:58.251Z","modificationDate":"2025-12-30T19:39:58.251Z","shortid":"daCmvS6","$entitySet":"profiles","timeout":60000},"doDiffs":false,"timestamp":1767123598249,"id":"0nq8fmhtnvfeh5h","previousOperationId":null,"operationId":"bpkbccr7b8un72n"}
{"type":"log","level":"info","message":"Render request 17 queued for execution and waiting for available worker","previousOperationId":"bpkbccr7b8un72n","timestamp":1767123598249,"id":"e9djkx2zxucob1e"}
{"type":"operationStart","subtype":"render","name":"anonymous","previousOperationId":"bpkbccr7b8un72n","timestamp":1767123598299,"id":"5zzycm7l3cneao1","previousEventId":"0nq8fmhtnvfeh5h","operationId":"8fla42lqvmr7jlf"}
{"type":"log","timestamp":1767123598299,"level":"info","message":"Starting rendering request 17","meta":{"rootId":"49qpxjlf12hgws1","id":"49qpxjlf12hgws1"},"id":"zchgfl9bsk1mdzf","previousOperationId":"8fla42lqvmr7jlf"}
{"type":"log","timestamp":1767123598299,"level":"info","message":"Rendering anonymous template { recipe: pptx, engine: handlebars }","meta":{"rootId":"49qpxjlf12hgws1","id":"49qpxjlf12hgws1"},"id":"kaq53a4zyt5vokk","previousOperationId":"8fla42lqvmr7jlf"}
{"type":"log","timestamp":1767123598299,"level":"debug","message":"Inline data specified.","meta":{"rootId":"49qpxjlf12hgws1","id":"49qpxjlf12hgws1"},"id":"yhg4e8ix5fsh1ro","previousOperationId":"8fla42lqvmr7jlf"}
{"type":"log","timestamp":1767123598301,"level":"debug","message":"Base url not specified, skipping its injection.","meta":{"rootId":"49qpxjlf12hgws1","id":"49qpxjlf12hgws1"},"id":"2f1xzdewp1ax19p","previousOperationId":"8fla42lqvmr7jlf"}
{"type":"operationStart","subtype":"engine","name":"handlebars","timestamp":1767123598301,"id":"o835jexmho4yk5v","previousEventId":"5zzycm7l3cneao1","operationId":"3wfo0mazqjcuywe","previousOperationId":"8fla42lqvmr7jlf"}
{"type":"log","timestamp":1767123598301,"level":"debug","message":"Rendering engine handlebars","meta":{"rootId":"49qpxjlf12hgws1","id":"49qpxjlf12hgws1"},"id":"z039ypbrf8jda3b","previousOperationId":"3wfo0mazqjcuywe"}
{"type":"operationEnd","operationId":"3wfo0mazqjcuywe","timestamp":1767123598314,"id":"k4yegfcgk42wvpe","previousEventId":"o835jexmho4yk5v","previousOperationId":"3wfo0mazqjcuywe"}
{"type":"operationStart","subtype":"recipe","name":"pptx","timestamp":1767123598315,"id":"vccgydvfur2e07n","previousEventId":"k4yegfcgk42wvpe","operationId":"mg8smjzl8lmgmvn","previousOperationId":"3wfo0mazqjcuywe"}
{"type":"log","timestamp":1767123598315,"level":"debug","message":"Executing recipe pptx","meta":{"rootId":"49qpxjlf12hgws1","id":"49qpxjlf12hgws1"},"id":"jjaqzj55nulr87v","previousOperationId":"mg8smjzl8lmgmvn"}
{"type":"log","timestamp":1767123598341,"level":"info","message":"pptx generation is starting","meta":{"rootId":"49qpxjlf12hgws1","id":"49qpxjlf12hgws1"},"id":"zwdcwacbylzprei","previousOperationId":"mg8smjzl8lmgmvn"}
{"type":"log","timestamp":1767123599689,"level":"debug","message":"Starting child request to render pptx dynamic parts","meta":{"rootId":"49qpxjlf12hgws1","id":"49qpxjlf12hgws1"},"id":"kc6l4rctjvf857o","previousOperationId":"mg8smjzl8lmgmvn"}
{"type":"operationStart","subtype":"render","name":"anonymous","previousOperationId":"mg8smjzl8lmgmvn","timestamp":1767123599690,"id":"bhjpoyzddk6m401","previousEventId":"vccgydvfur2e07n","operationId":"fsas4auqycq1k7t"}
{"type":"log","timestamp":1767123599690,"level":"info","message":"Starting rendering (child) request","meta":{"rootId":"49qpxjlf12hgws1","id":"rr5q90gddq0ypwm"},"id":"9oye0f0qdj44g6j","previousOperationId":"fsas4auqycq1k7t"}
{"type":"log","timestamp":1767123599690,"level":"info","message":"Rendering anonymous template { recipe: html, engine: handlebars }","meta":{"rootId":"49qpxjlf12hgws1","id":"rr5q90gddq0ypwm"},"id":"f1wxp3dz7zj6jmv","previousOperationId":"fsas4auqycq1k7t"}
{"type":"log","timestamp":1767123599690,"level":"debug","message":"Inline data specified.","meta":{"rootId":"49qpxjlf12hgws1","id":"rr5q90gddq0ypwm"},"id":"saonpa160drafo8","previousOperationId":"fsas4auqycq1k7t"}
{"type":"log","timestamp":1767123599695,"level":"debug","message":"Base url not specified, skipping its injection.","meta":{"rootId":"49qpxjlf12hgws1","id":"rr5q90gddq0ypwm"},"id":"m33fmzeqwa8pdhz","previousOperationId":"fsas4auqycq1k7t"}
{"type":"operationStart","subtype":"engine","name":"handlebars","timestamp":1767123599696,"id":"4dpwe5sr24pl9cm","previousEventId":"bhjpoyzddk6m401","operationId":"syd0s9tay0iv7ye","previousOperationId":"fsas4auqycq1k7t"}
{"type":"log","timestamp":1767123599696,"level":"debug","message":"Rendering engine handlebars","meta":{"rootId":"49qpxjlf12hgws1","id":"rr5q90gddq0ypwm"},"id":"upsmt3u5cfzurem","previousOperationId":"syd0s9tay0iv7ye"}
{"type":"log","timestamp":1767123599835,"level":"debug","message":"(console:log) {\n  type: 'echarts@v5a',\n  width: 848,\n  height: 409,\n  option: { radar: [ [Object] ], series: [ [Object] ] }\n}","meta":{"userLevel":true,"rootId":"49qpxjlf12hgws1","id":"rr5q90gddq0ypwm"},"id":"uasyu51zmqr4ebx","previousOperationId":"syd0s9tay0iv7ye"}
{"type":"operationEnd","operationId":"syd0s9tay0iv7ye","timestamp":1767123599845,"id":"ak7njlwevqjcj71","previousEventId":"4dpwe5sr24pl9cm","previousOperationId":"syd0s9tay0iv7ye"}
{"type":"operationStart","subtype":"recipe","name":"html","timestamp":1767123599860,"id":"ls67eg6xmefvvvv","previousEventId":"ak7njlwevqjcj71","operationId":"uxq5p9qdzlwbu5w","previousOperationId":"syd0s9tay0iv7ye"}
{"type":"log","timestamp":1767123599860,"level":"debug","message":"Executing recipe html","meta":{"rootId":"49qpxjlf12hgws1","id":"rr5q90gddq0ypwm"},"id":"z7b1slyugs283d5","previousOperationId":"uxq5p9qdzlwbu5w"}
{"type":"operationEnd","operationId":"uxq5p9qdzlwbu5w","timestamp":1767123599860,"id":"hcn4zqdpc021wlo","previousEventId":"ls67eg6xmefvvvv","previousOperationId":"uxq5p9qdzlwbu5w"}
{"type":"log","timestamp":1767123599860,"level":"debug","message":"Skipping storing report.","meta":{"rootId":"49qpxjlf12hgws1","id":"rr5q90gddq0ypwm"},"id":"9x5uk34fa9jvtvf","previousOperationId":"uxq5p9qdzlwbu5w"}
{"type":"log","timestamp":1767123599860,"level":"info","message":"Rendering (child) request finished in 1617 ms","meta":{"rootId":"49qpxjlf12hgws1","id":"rr5q90gddq0ypwm"},"id":"1jhixpm6b749mcd","previousOperationId":"uxq5p9qdzlwbu5w"}
{"type":"operationEnd","subtype":"render","operationId":"fsas4auqycq1k7t","timestamp":1767123599860,"id":"wifog64q6j6a3d5","previousEventId":"hcn4zqdpc021wlo","previousOperationId":"uxq5p9qdzlwbu5w"}
{"type":"log","timestamp":1767123603380,"level":"debug","message":"pptx successfully zipped","meta":{"rootId":"49qpxjlf12hgws1","id":"49qpxjlf12hgws1"},"id":"wshl0nyr38qms86","previousOperationId":"mg8smjzl8lmgmvn"}
{"type":"log","timestamp":1767123603380,"level":"info","message":"pptx generation was finished","meta":{"rootId":"49qpxjlf12hgws1","id":"49qpxjlf12hgws1"},"id":"vafatx8gaysilo0","previousOperationId":"mg8smjzl8lmgmvn"}
{"type":"operationEnd","operationId":"mg8smjzl8lmgmvn","timestamp":1767123603387,"id":"6qhouye6px6km08","previousEventId":"vccgydvfur2e07n","previousOperationId":"mg8smjzl8lmgmvn"}
{"type":"log","timestamp":1767123603387,"level":"debug","message":"Skipping storing report.","meta":{"rootId":"49qpxjlf12hgws1","id":"49qpxjlf12hgws1"},"id":"cejzb2qqe50s77s","previousOperationId":"mg8smjzl8lmgmvn"}
{"type":"log","timestamp":1767123603388,"level":"info","message":"Rendering request 17 finished in 5145 ms","meta":{"rootId":"49qpxjlf12hgws1","id":"49qpxjlf12hgws1"},"id":"6g0zmabt6i3ec4v","previousOperationId":"mg8smjzl8lmgmvn"}
{"type":"operationEnd","subtype":"render","operationId":"8fla42lqvmr7jlf","timestamp":1767123603388,"id":"i1a3yq44x6e3xjq","previousEventId":"6qhouye6px6km08","previousOperationId":"mg8smjzl8lmgmvn"}
{"type":"operationEnd","doDiffs":false,"previousEventId":"0nq8fmhtnvfeh5h","previousOperationId":"bpkbccr7b8un72n","operationId":"bpkbccr7b8un72n","timestamp":1767123603391,"id":"dyzjxohb6cyvqpt"}
