{"type":"operationStart","subtype":"profile","data":{"_id":"988SnwfD5QRgnPZ4","timestamp":"2025-12-07T18:32:58.214Z","state":"running","mode":"standard","creationDate":"2025-12-07T18:32:58.224Z","modificationDate":"2025-12-07T18:32:58.225Z","shortid":"SP38Ic_","$entitySet":"profiles","timeout":60000},"doDiffs":false,"timestamp":1765132378221,"id":"yi154igbiavithx","previousOperationId":null,"operationId":"9fkqrrq8zb877nh"}
{"type":"log","level":"info","message":"Render request 1 queued for execution and waiting for available worker","previousOperationId":"9fkqrrq8zb877nh","timestamp":1765132378221,"id":"ym45eonhf2oee33"}
{"type":"operationStart","subtype":"render","name":"anonymous","previousOperationId":"9fkqrrq8zb877nh","timestamp":1765132378318,"id":"9ch5elmw455ctk4","previousEventId":"yi154igbiavithx","operationId":"b1mzxbhmgsz6bt0"}
{"type":"log","timestamp":1765132378320,"level":"info","message":"Starting rendering request 1","meta":{"rootId":"4d90geu8xfis8ds","id":"4d90geu8xfis8ds"},"id":"v26mw2zh2ot18by","previousOperationId":"b1mzxbhmgsz6bt0"}
{"type":"log","timestamp":1765132378323,"level":"info","message":"Rendering anonymous template { recipe: pptx, engine: handlebars }","meta":{"rootId":"4d90geu8xfis8ds","id":"4d90geu8xfis8ds"},"id":"1y5y0kjiayu359x","previousOperationId":"b1mzxbhmgsz6bt0"}
{"type":"log","timestamp":1765132378323,"level":"debug","message":"Inline data specified.","meta":{"rootId":"4d90geu8xfis8ds","id":"4d90geu8xfis8ds"},"id":"ekvdpm9627hw4u6","previousOperationId":"b1mzxbhmgsz6bt0"}
{"type":"log","timestamp":1765132378337,"level":"debug","message":"Base url not specified, skipping its injection.","meta":{"rootId":"4d90geu8xfis8ds","id":"4d90geu8xfis8ds"},"id":"u85hg6j75n76u2x","previousOperationId":"b1mzxbhmgsz6bt0"}
{"type":"operationStart","subtype":"engine","name":"handlebars","timestamp":1765132378342,"id":"gulxoi5rvst4dt2","previousEventId":"9ch5elmw455ctk4","operationId":"86ftbl23ao324to","previousOperationId":"b1mzxbhmgsz6bt0"}
{"type":"log","timestamp":1765132378342,"level":"debug","message":"Rendering engine handlebars","meta":{"rootId":"4d90geu8xfis8ds","id":"4d90geu8xfis8ds"},"id":"iguns6x5c6z2rdt","previousOperationId":"86ftbl23ao324to"}
{"type":"operationEnd","operationId":"86ftbl23ao324to","timestamp":1765132379875,"id":"uw9r96hvofi8v49","previousEventId":"gulxoi5rvst4dt2","previousOperationId":"86ftbl23ao324to"}
{"type":"operationStart","subtype":"recipe","name":"pptx","timestamp":1765132379876,"id":"bv9xj05wh4dzwfs","previousEventId":"uw9r96hvofi8v49","operationId":"zex6qrvaein46gs","previousOperationId":"86ftbl23ao324to"}
{"type":"log","timestamp":1765132379876,"level":"debug","message":"Executing recipe pptx","meta":{"rootId":"4d90geu8xfis8ds","id":"4d90geu8xfis8ds"},"id":"johwz14ya0cpwtm","previousOperationId":"zex6qrvaein46gs"}
{"type":"log","timestamp":1765132380156,"level":"info","message":"pptx generation is starting","meta":{"rootId":"4d90geu8xfis8ds","id":"4d90geu8xfis8ds"},"id":"51j02olhf8hxlri","previousOperationId":"zex6qrvaein46gs"}
{"type":"log","timestamp":1765132381892,"level":"debug","message":"Starting child request to render pptx dynamic parts","meta":{"rootId":"4d90geu8xfis8ds","id":"4d90geu8xfis8ds"},"id":"ym9masbqon56o2z","previousOperationId":"zex6qrvaein46gs"}
{"type":"operationStart","subtype":"render","name":"anonymous","previousOperationId":"zex6qrvaein46gs","timestamp":1765132381893,"id":"i7dtab9wfgezer1","previousEventId":"bv9xj05wh4dzwfs","operationId":"2ue91y3m0aihhr2"}
{"type":"log","timestamp":1765132381893,"level":"info","message":"Starting rendering (child) request","meta":{"rootId":"4d90geu8xfis8ds","id":"zfihas6ws6rb2oh"},"id":"n0v3tsuiispp3dq","previousOperationId":"2ue91y3m0aihhr2"}
{"type":"log","timestamp":1765132381894,"level":"info","message":"Rendering anonymous template { recipe: html, engine: handlebars }","meta":{"rootId":"4d90geu8xfis8ds","id":"zfihas6ws6rb2oh"},"id":"q3tqx2vnmqg4xqm","previousOperationId":"2ue91y3m0aihhr2"}
{"type":"log","timestamp":1765132381894,"level":"debug","message":"Inline data specified.","meta":{"rootId":"4d90geu8xfis8ds","id":"zfihas6ws6rb2oh"},"id":"c0xegobejgpd63f","previousOperationId":"2ue91y3m0aihhr2"}
{"type":"log","timestamp":1765132381903,"level":"debug","message":"Base url not specified, skipping its injection.","meta":{"rootId":"4d90geu8xfis8ds","id":"zfihas6ws6rb2oh"},"id":"eu2wjqys585lv3q","previousOperationId":"2ue91y3m0aihhr2"}
{"type":"operationStart","subtype":"engine","name":"handlebars","timestamp":1765132381905,"id":"oy9q1kydjpj3mo5","previousEventId":"i7dtab9wfgezer1","operationId":"62ybouuhg8lta93","previousOperationId":"2ue91y3m0aihhr2"}
{"type":"log","timestamp":1765132381905,"level":"debug","message":"Rendering engine handlebars","meta":{"rootId":"4d90geu8xfis8ds","id":"zfihas6ws6rb2oh"},"id":"72geyexg6xlic8t","previousOperationId":"62ybouuhg8lta93"}
{"type":"operationEnd","operationId":"62ybouuhg8lta93","timestamp":1765132382087,"id":"16meq66vxawb294","previousEventId":"oy9q1kydjpj3mo5","previousOperationId":"62ybouuhg8lta93"}
{"type":"operationStart","subtype":"recipe","name":"html","timestamp":1765132382101,"id":"r4hw9n2dn1ojgq8","previousEventId":"16meq66vxawb294","operationId":"ugez8iejuv8kf3n","previousOperationId":"62ybouuhg8lta93"}
{"type":"log","timestamp":1765132382101,"level":"debug","message":"Executing recipe html","meta":{"rootId":"4d90geu8xfis8ds","id":"zfihas6ws6rb2oh"},"id":"p069bp17sp01ksj","previousOperationId":"ugez8iejuv8kf3n"}
{"type":"operationEnd","operationId":"ugez8iejuv8kf3n","timestamp":1765132382101,"id":"hb00wzselzm3ovg","previousEventId":"r4hw9n2dn1ojgq8","previousOperationId":"ugez8iejuv8kf3n"}
{"type":"log","timestamp":1765132382102,"level":"debug","message":"Skipping storing report.","meta":{"rootId":"4d90geu8xfis8ds","id":"zfihas6ws6rb2oh"},"id":"i7g6kdh893q8x7f","previousOperationId":"ugez8iejuv8kf3n"}
{"type":"log","timestamp":1765132382103,"level":"info","message":"Rendering (child) request finished in 3891 ms","meta":{"rootId":"4d90geu8xfis8ds","id":"zfihas6ws6rb2oh"},"id":"wg762u8yac9xkaa","previousOperationId":"ugez8iejuv8kf3n"}
{"type":"operationEnd","subtype":"render","operationId":"2ue91y3m0aihhr2","timestamp":1765132382103,"id":"tsowidwx56swmax","previousEventId":"hb00wzselzm3ovg","previousOperationId":"ugez8iejuv8kf3n"}
{"type":"log","timestamp":1765132405563,"level":"debug","message":"pptx successfully zipped","meta":{"rootId":"4d90geu8xfis8ds","id":"4d90geu8xfis8ds"},"id":"79527ndcnax2ff2","previousOperationId":"zex6qrvaein46gs"}
{"type":"log","timestamp":1765132405563,"level":"info","message":"pptx generation was finished","meta":{"rootId":"4d90geu8xfis8ds","id":"4d90geu8xfis8ds"},"id":"8ju05aem3ciosiv","previousOperationId":"zex6qrvaein46gs"}
{"type":"operationEnd","operationId":"zex6qrvaein46gs","timestamp":1765132405581,"id":"ss77fgv2i5x7ikz","previousEventId":"bv9xj05wh4dzwfs","previousOperationId":"zex6qrvaein46gs"}
{"type":"log","timestamp":1765132405581,"level":"debug","message":"Skipping storing report.","meta":{"rootId":"4d90geu8xfis8ds","id":"4d90geu8xfis8ds"},"id":"4p9uhdv5imucjjd","previousOperationId":"zex6qrvaein46gs"}
{"type":"log","timestamp":1765132405582,"level":"info","message":"Rendering request 1 finished in 27370 ms","meta":{"rootId":"4d90geu8xfis8ds","id":"4d90geu8xfis8ds"},"id":"iy21ruqmz5ddcwx","previousOperationId":"zex6qrvaein46gs"}
{"type":"operationEnd","subtype":"render","operationId":"b1mzxbhmgsz6bt0","timestamp":1765132405582,"id":"2hdf1v3uk0pi3k2","previousEventId":"ss77fgv2i5x7ikz","previousOperationId":"zex6qrvaein46gs"}
{"type":"operationEnd","doDiffs":false,"previousEventId":"yi154igbiavithx","previousOperationId":"9fkqrrq8zb877nh","operationId":"9fkqrrq8zb877nh","timestamp":1765132405588,"id":"3m6vnn2mp2tinp9"}
