{"type":"operationStart","subtype":"profile","data":{"_id":"58G1FQTPWLOLt9no","timestamp":"2025-12-30T20:21:26.390Z","state":"running","mode":"standard","creationDate":"2025-12-30T20:21:26.394Z","modificationDate":"2025-12-30T20:21:26.394Z","shortid":"0qhKDXG","$entitySet":"profiles","timeout":60000},"doDiffs":false,"timestamp":1767126086393,"id":"q4rd2jv2d0agl97","previousOperationId":null,"operationId":"vuppzljcslng1ka"}
{"type":"log","level":"info","message":"Render request 9 queued for execution and waiting for available worker","previousOperationId":"vuppzljcslng1ka","timestamp":1767126086394,"id":"x1sdfhro3i9z0xg"}
{"type":"operationStart","subtype":"render","name":"anonymous","previousOperationId":"vuppzljcslng1ka","timestamp":1767126086442,"id":"g9wptgp7x4ntksz","previousEventId":"q4rd2jv2d0agl97","operationId":"i48a37bsxlmgaea"}
{"type":"log","timestamp":1767126086442,"level":"info","message":"Starting rendering request 9","meta":{"rootId":"4iepx01e3ks81nk","id":"4iepx01e3ks81nk"},"id":"q7hfl1jvuyk7l5n","previousOperationId":"i48a37bsxlmgaea"}
{"type":"log","timestamp":1767126086443,"level":"info","message":"Rendering anonymous template { recipe: pptx, engine: handlebars }","meta":{"rootId":"4iepx01e3ks81nk","id":"4iepx01e3ks81nk"},"id":"et459qreic2rnlg","previousOperationId":"i48a37bsxlmgaea"}
{"type":"log","timestamp":1767126086443,"level":"debug","message":"Inline data specified.","meta":{"rootId":"4iepx01e3ks81nk","id":"4iepx01e3ks81nk"},"id":"eqdkiiho8i95rwc","previousOperationId":"i48a37bsxlmgaea"}
{"type":"log","timestamp":1767126086446,"level":"debug","message":"Base url not specified, skipping its injection.","meta":{"rootId":"4iepx01e3ks81nk","id":"4iepx01e3ks81nk"},"id":"vr266eisrqz9l7k","previousOperationId":"i48a37bsxlmgaea"}
{"type":"operationStart","subtype":"engine","name":"handlebars","timestamp":1767126086447,"id":"544swpseelo7kuu","previousEventId":"g9wptgp7x4ntksz","operationId":"czw2h0zsvw4lilz","previousOperationId":"i48a37bsxlmgaea"}
{"type":"log","timestamp":1767126086447,"level":"debug","message":"Rendering engine handlebars","meta":{"rootId":"4iepx01e3ks81nk","id":"4iepx01e3ks81nk"},"id":"vqjwqnda981d091","previousOperationId":"czw2h0zsvw4lilz"}
{"type":"operationEnd","operationId":"czw2h0zsvw4lilz","timestamp":1767126086472,"id":"99qpcwv8jxsoz1k","previousEventId":"544swpseelo7kuu","previousOperationId":"czw2h0zsvw4lilz"}
{"type":"operationStart","subtype":"recipe","name":"pptx","timestamp":1767126086473,"id":"m6om6ccx50mrk3d","previousEventId":"99qpcwv8jxsoz1k","operationId":"ry7102li4zm0984","previousOperationId":"czw2h0zsvw4lilz"}
{"type":"log","timestamp":1767126086473,"level":"debug","message":"Executing recipe pptx","meta":{"rootId":"4iepx01e3ks81nk","id":"4iepx01e3ks81nk"},"id":"2gkw6jl3dxyinv8","previousOperationId":"ry7102li4zm0984"}
{"type":"log","timestamp":1767126086488,"level":"info","message":"pptx generation is starting","meta":{"rootId":"4iepx01e3ks81nk","id":"4iepx01e3ks81nk"},"id":"nga5p1fhusm378e","previousOperationId":"ry7102li4zm0984"}
{"type":"log","timestamp":1767126087694,"level":"debug","message":"Starting child request to render pptx dynamic parts","meta":{"rootId":"4iepx01e3ks81nk","id":"4iepx01e3ks81nk"},"id":"ygxfcq4n8sr67iu","previousOperationId":"ry7102li4zm0984"}
{"type":"operationStart","subtype":"render","name":"anonymous","previousOperationId":"ry7102li4zm0984","timestamp":1767126087694,"id":"2k3mxx7jl7wb85r","previousEventId":"m6om6ccx50mrk3d","operationId":"9u8fx8dkhax8tke"}
{"type":"log","timestamp":1767126087694,"level":"info","message":"Starting rendering (child) request","meta":{"rootId":"4iepx01e3ks81nk","id":"2ab720ud7kncpiu"},"id":"db5ymkmhm0nhjpb","previousOperationId":"9u8fx8dkhax8tke"}
{"type":"log","timestamp":1767126087695,"level":"info","message":"Rendering anonymous template { recipe: html, engine: handlebars }","meta":{"rootId":"4iepx01e3ks81nk","id":"2ab720ud7kncpiu"},"id":"mnn2rrny1cpwy14","previousOperationId":"9u8fx8dkhax8tke"}
{"type":"log","timestamp":1767126087695,"level":"debug","message":"Inline data specified.","meta":{"rootId":"4iepx01e3ks81nk","id":"2ab720ud7kncpiu"},"id":"1f7nhdn5xv0cpac","previousOperationId":"9u8fx8dkhax8tke"}
{"type":"log","timestamp":1767126087699,"level":"debug","message":"Base url not specified, skipping its injection.","meta":{"rootId":"4iepx01e3ks81nk","id":"2ab720ud7kncpiu"},"id":"y2c8avybio25wio","previousOperationId":"9u8fx8dkhax8tke"}
{"type":"operationStart","subtype":"engine","name":"handlebars","timestamp":1767126087701,"id":"50a21ygdtffwuc8","previousEventId":"2k3mxx7jl7wb85r","operationId":"2k53md526p9g6d8","previousOperationId":"9u8fx8dkhax8tke"}
{"type":"log","timestamp":1767126087701,"level":"debug","message":"Rendering engine handlebars","meta":{"rootId":"4iepx01e3ks81nk","id":"2ab720ud7kncpiu"},"id":"jgnrgx6p1k44la9","previousOperationId":"2k53md526p9g6d8"}
{"type":"log","timestamp":1767126087837,"level":"debug","message":"(console:log) {\n  type: 'echarts@v5a',\n  width: 848,\n  height: 409,\n  option: { radar: [ [Object] ], series: [ [Object] ] }\n}","meta":{"userLevel":true,"rootId":"4iepx01e3ks81nk","id":"2ab720ud7kncpiu"},"id":"mmtx429vh0f8ta9","previousOperationId":"2k53md526p9g6d8"}
{"type":"operationEnd","operationId":"2k53md526p9g6d8","timestamp":1767126087845,"id":"k0tdcytn8m92n4t","previousEventId":"50a21ygdtffwuc8","previousOperationId":"2k53md526p9g6d8"}
{"type":"operationStart","subtype":"recipe","name":"html","timestamp":1767126087858,"id":"79bvtb3btdcvkm8","previousEventId":"k0tdcytn8m92n4t","operationId":"qnpkynvprxwjokv","previousOperationId":"2k53md526p9g6d8"}
{"type":"log","timestamp":1767126087858,"level":"debug","message":"Executing recipe html","meta":{"rootId":"4iepx01e3ks81nk","id":"2ab720ud7kncpiu"},"id":"k962xb4il4k2l92","previousOperationId":"qnpkynvprxwjokv"}
{"type":"operationEnd","operationId":"qnpkynvprxwjokv","timestamp":1767126087858,"id":"t4qpjwrzbp3mk79","previousEventId":"79bvtb3btdcvkm8","previousOperationId":"qnpkynvprxwjokv"}
{"type":"log","timestamp":1767126087858,"level":"debug","message":"Skipping storing report.","meta":{"rootId":"4iepx01e3ks81nk","id":"2ab720ud7kncpiu"},"id":"ki95m23ivct19lg","previousOperationId":"qnpkynvprxwjokv"}
{"type":"log","timestamp":1767126087858,"level":"info","message":"Rendering (child) request finished in 1468 ms","meta":{"rootId":"4iepx01e3ks81nk","id":"2ab720ud7kncpiu"},"id":"gu64p21zcsdeayb","previousOperationId":"qnpkynvprxwjokv"}
{"type":"operationEnd","subtype":"render","operationId":"9u8fx8dkhax8tke","timestamp":1767126087858,"id":"dbh2543wvh9cino","previousEventId":"t4qpjwrzbp3mk79","previousOperationId":"qnpkynvprxwjokv"}
{"type":"log","timestamp":1767126091355,"level":"debug","message":"pptx successfully zipped","meta":{"rootId":"4iepx01e3ks81nk","id":"4iepx01e3ks81nk"},"id":"4usb2ufi7srl4k9","previousOperationId":"ry7102li4zm0984"}
{"type":"log","timestamp":1767126091355,"level":"info","message":"pptx generation was finished","meta":{"rootId":"4iepx01e3ks81nk","id":"4iepx01e3ks81nk"},"id":"qqhqryag9tua4eb","previousOperationId":"ry7102li4zm0984"}
{"type":"operationEnd","operationId":"ry7102li4zm0984","timestamp":1767126091362,"id":"nwk2bdby4ksz668","previousEventId":"m6om6ccx50mrk3d","previousOperationId":"ry7102li4zm0984"}
{"type":"log","timestamp":1767126091362,"level":"debug","message":"Skipping storing report.","meta":{"rootId":"4iepx01e3ks81nk","id":"4iepx01e3ks81nk"},"id":"kdg90mfyy1jcg9y","previousOperationId":"ry7102li4zm0984"}
{"type":"log","timestamp":1767126091362,"level":"info","message":"Rendering request 9 finished in 4972 ms","meta":{"rootId":"4iepx01e3ks81nk","id":"4iepx01e3ks81nk"},"id":"txgep23b8a1clow","previousOperationId":"ry7102li4zm0984"}
{"type":"operationEnd","subtype":"render","operationId":"i48a37bsxlmgaea","timestamp":1767126091362,"id":"n4soqy7o86lz5xr","previousEventId":"nwk2bdby4ksz668","previousOperationId":"ry7102li4zm0984"}
{"type":"operationEnd","doDiffs":false,"previousEventId":"q4rd2jv2d0agl97","previousOperationId":"vuppzljcslng1ka","operationId":"vuppzljcslng1ka","timestamp":1767126091367,"id":"t77gu1frjnqmhno"}
