{"type":"operationStart","subtype":"profile","data":{"_id":"dj2ycl1FRRAzTVWb","timestamp":"2025-12-31T21:43:49.552Z","state":"running","mode":"standard","creationDate":"2025-12-31T21:43:49.567Z","modificationDate":"2025-12-31T21:43:49.567Z","shortid":"PEuTuVp","$entitySet":"profiles","timeout":60000},"doDiffs":false,"timestamp":1767217429562,"id":"tkqnu32zp7m1059","previousOperationId":null,"operationId":"iw1fhm1qcklkude"}
{"type":"log","level":"info","message":"Render request 1 queued for execution and waiting for available worker","previousOperationId":"iw1fhm1qcklkude","timestamp":1767217429563,"id":"ilatho84uyc73nb"}
{"type":"operationStart","subtype":"render","name":"anonymous","previousOperationId":"iw1fhm1qcklkude","timestamp":1767217429653,"id":"gri9s48qtb8bl5n","previousEventId":"tkqnu32zp7m1059","operationId":"gmex7fu0yu5r91v"}
{"type":"log","timestamp":1767217429655,"level":"info","message":"Starting rendering request 1","meta":{"rootId":"4n5gmngwp2qkwri","id":"4n5gmngwp2qkwri"},"id":"7secgbjv9l2wrr5","previousOperationId":"gmex7fu0yu5r91v"}
{"type":"log","timestamp":1767217429658,"level":"info","message":"Rendering anonymous template { recipe: pptx, engine: handlebars }","meta":{"rootId":"4n5gmngwp2qkwri","id":"4n5gmngwp2qkwri"},"id":"9myhkmpuxcmjcti","previousOperationId":"gmex7fu0yu5r91v"}
{"type":"log","timestamp":1767217429658,"level":"debug","message":"Inline data specified.","meta":{"rootId":"4n5gmngwp2qkwri","id":"4n5gmngwp2qkwri"},"id":"6pwrjrc0gfcnpb3","previousOperationId":"gmex7fu0yu5r91v"}
{"type":"log","timestamp":1767217429665,"level":"debug","message":"Base url not specified, skipping its injection.","meta":{"rootId":"4n5gmngwp2qkwri","id":"4n5gmngwp2qkwri"},"id":"bf7nm3zgv2z48tc","previousOperationId":"gmex7fu0yu5r91v"}
{"type":"operationStart","subtype":"engine","name":"handlebars","timestamp":1767217429668,"id":"zh57gb55oykxqj9","previousEventId":"gri9s48qtb8bl5n","operationId":"1z71f3h0n05pqyh","previousOperationId":"gmex7fu0yu5r91v"}
{"type":"log","timestamp":1767217429668,"level":"debug","message":"Rendering engine handlebars","meta":{"rootId":"4n5gmngwp2qkwri","id":"4n5gmngwp2qkwri"},"id":"k4vru4e9he7sk0g","previousOperationId":"1z71f3h0n05pqyh"}
{"type":"operationEnd","operationId":"1z71f3h0n05pqyh","timestamp":1767217430937,"id":"znot0ogy2c22ny6","previousEventId":"zh57gb55oykxqj9","previousOperationId":"1z71f3h0n05pqyh"}
{"type":"operationStart","subtype":"recipe","name":"pptx","timestamp":1767217430939,"id":"tqdifc68494twgx","previousEventId":"znot0ogy2c22ny6","operationId":"91be7204dm4fseg","previousOperationId":"1z71f3h0n05pqyh"}
{"type":"log","timestamp":1767217430939,"level":"debug","message":"Executing recipe pptx","meta":{"rootId":"4n5gmngwp2qkwri","id":"4n5gmngwp2qkwri"},"id":"tupfcfu8o0wnn7o","previousOperationId":"91be7204dm4fseg"}
{"type":"log","timestamp":1767217431224,"level":"info","message":"pptx generation is starting","meta":{"rootId":"4n5gmngwp2qkwri","id":"4n5gmngwp2qkwri"},"id":"ylhzp6q23or357y","previousOperationId":"91be7204dm4fseg"}
{"type":"log","timestamp":1767217433397,"level":"debug","message":"Starting child request to render pptx dynamic parts","meta":{"rootId":"4n5gmngwp2qkwri","id":"4n5gmngwp2qkwri"},"id":"avf9uqf1lxdglza","previousOperationId":"91be7204dm4fseg"}
{"type":"operationStart","subtype":"render","name":"anonymous","previousOperationId":"91be7204dm4fseg","timestamp":1767217433398,"id":"4de4bf8sulae8y4","previousEventId":"tqdifc68494twgx","operationId":"l67nu5tmk3vsy3p"}
{"type":"log","timestamp":1767217433398,"level":"info","message":"Starting rendering (child) request","meta":{"rootId":"4n5gmngwp2qkwri","id":"ofhrbg3ps3frx00"},"id":"vdig6n5nels8jez","previousOperationId":"l67nu5tmk3vsy3p"}
{"type":"log","timestamp":1767217433399,"level":"info","message":"Rendering anonymous template { recipe: html, engine: handlebars }","meta":{"rootId":"4n5gmngwp2qkwri","id":"ofhrbg3ps3frx00"},"id":"tgz3phsqvrlcyy9","previousOperationId":"l67nu5tmk3vsy3p"}
{"type":"log","timestamp":1767217433399,"level":"debug","message":"Inline data specified.","meta":{"rootId":"4n5gmngwp2qkwri","id":"ofhrbg3ps3frx00"},"id":"l8sv9wk43us659a","previousOperationId":"l67nu5tmk3vsy3p"}
{"type":"log","timestamp":1767217433409,"level":"debug","message":"Base url not specified, skipping its injection.","meta":{"rootId":"4n5gmngwp2qkwri","id":"ofhrbg3ps3frx00"},"id":"rsinwbwf9a8ug9e","previousOperationId":"l67nu5tmk3vsy3p"}
{"type":"operationStart","subtype":"engine","name":"handlebars","timestamp":1767217433411,"id":"06lyi4qd7cnslby","previousEventId":"4de4bf8sulae8y4","operationId":"kik6nxbtqtt3kjc","previousOperationId":"l67nu5tmk3vsy3p"}
{"type":"log","timestamp":1767217433412,"level":"debug","message":"Rendering engine handlebars","meta":{"rootId":"4n5gmngwp2qkwri","id":"ofhrbg3ps3frx00"},"id":"m87os0m0qz0z7vc","previousOperationId":"kik6nxbtqtt3kjc"}
{"type":"log","timestamp":1767217433691,"level":"debug","message":"(console:log) {\n  type: 'echarts@v5a',\n  width: 848,\n  height: 409,\n  option: { radar: [ [Object] ], series: [ [Object] ] }\n}","meta":{"userLevel":true,"rootId":"4n5gmngwp2qkwri","id":"ofhrbg3ps3frx00"},"id":"ib1077lam0wyni5","previousOperationId":"kik6nxbtqtt3kjc"}
{"type":"operationEnd","operationId":"kik6nxbtqtt3kjc","timestamp":1767217433708,"id":"i1yw048lqnqajpy","previousEventId":"06lyi4qd7cnslby","previousOperationId":"kik6nxbtqtt3kjc"}
{"type":"operationStart","subtype":"recipe","name":"html","timestamp":1767217433733,"id":"on7egrppgj9ukjp","previousEventId":"i1yw048lqnqajpy","operationId":"d4vkzx39fl3dqsm","previousOperationId":"kik6nxbtqtt3kjc"}
{"type":"log","timestamp":1767217433733,"level":"debug","message":"Executing recipe html","meta":{"rootId":"4n5gmngwp2qkwri","id":"ofhrbg3ps3frx00"},"id":"p0hy7n4v0rkbzs2","previousOperationId":"d4vkzx39fl3dqsm"}
{"type":"operationEnd","operationId":"d4vkzx39fl3dqsm","timestamp":1767217433733,"id":"abbepix25kujkfe","previousEventId":"on7egrppgj9ukjp","previousOperationId":"d4vkzx39fl3dqsm"}
{"type":"log","timestamp":1767217433735,"level":"debug","message":"Skipping storing report.","meta":{"rootId":"4n5gmngwp2qkwri","id":"ofhrbg3ps3frx00"},"id":"z222wl423yyg7dp","previousOperationId":"d4vkzx39fl3dqsm"}
{"type":"log","timestamp":1767217433735,"level":"info","message":"Rendering (child) request finished in 4186 ms","meta":{"rootId":"4n5gmngwp2qkwri","id":"ofhrbg3ps3frx00"},"id":"s9wtgbw0udotaw3","previousOperationId":"d4vkzx39fl3dqsm"}
{"type":"operationEnd","subtype":"render","operationId":"l67nu5tmk3vsy3p","timestamp":1767217433735,"id":"mo9eap35xvvuktz","previousEventId":"abbepix25kujkfe","previousOperationId":"d4vkzx39fl3dqsm"}
{"type":"log","timestamp":1767217442431,"level":"debug","message":"pptx successfully zipped","meta":{"rootId":"4n5gmngwp2qkwri","id":"4n5gmngwp2qkwri"},"id":"dssqk524feahtso","previousOperationId":"91be7204dm4fseg"}
{"type":"log","timestamp":1767217442431,"level":"info","message":"pptx generation was finished","meta":{"rootId":"4n5gmngwp2qkwri","id":"4n5gmngwp2qkwri"},"id":"sx7k8t6j8ivvjcl","previousOperationId":"91be7204dm4fseg"}
{"type":"operationEnd","operationId":"91be7204dm4fseg","timestamp":1767217442448,"id":"3bavac1a8jat5bf","previousEventId":"tqdifc68494twgx","previousOperationId":"91be7204dm4fseg"}
{"type":"log","timestamp":1767217442449,"level":"debug","message":"Skipping storing report.","meta":{"rootId":"4n5gmngwp2qkwri","id":"4n5gmngwp2qkwri"},"id":"3ciiul8k2jxz1lo","previousOperationId":"91be7204dm4fseg"}
{"type":"log","timestamp":1767217442449,"level":"info","message":"Rendering request 1 finished in 12900 ms","meta":{"rootId":"4n5gmngwp2qkwri","id":"4n5gmngwp2qkwri"},"id":"xcekzhop3dccttv","previousOperationId":"91be7204dm4fseg"}
{"type":"operationEnd","subtype":"render","operationId":"gmex7fu0yu5r91v","timestamp":1767217442449,"id":"6bsmebxr5z6cq7a","previousEventId":"3bavac1a8jat5bf","previousOperationId":"91be7204dm4fseg"}
{"type":"operationEnd","doDiffs":false,"previousEventId":"tkqnu32zp7m1059","previousOperationId":"iw1fhm1qcklkude","operationId":"iw1fhm1qcklkude","timestamp":1767217442458,"id":"0nlyeo3cgrc0xx0"}
