{"type":"operationStart","subtype":"profile","data":{"_id":"arfJeBujcDRqlEaa","timestamp":"2025-12-22T22:30:26.412Z","state":"running","mode":"standard","creationDate":"2025-12-22T22:30:26.422Z","modificationDate":"2025-12-22T22:30:26.422Z","shortid":"HNYQseR","$entitySet":"profiles","timeout":60000},"doDiffs":false,"timestamp":1766442626421,"id":"klgsibwvj45i8rs","previousOperationId":null,"operationId":"7att0jfog3q4wvm"}
{"type":"log","level":"info","message":"Render request 2 queued for execution and waiting for available worker","previousOperationId":"7att0jfog3q4wvm","timestamp":1766442626421,"id":"sqa47a8e14nvebc"}
{"type":"operationStart","subtype":"render","name":"anonymous","previousOperationId":"7att0jfog3q4wvm","timestamp":1766442626470,"id":"tucfrcio8ihv5wl","previousEventId":"klgsibwvj45i8rs","operationId":"q9171lmbg1px8t4"}
{"type":"log","timestamp":1766442626472,"level":"info","message":"Starting rendering request 2","meta":{"rootId":"4qljevpomp9bj05","id":"4qljevpomp9bj05"},"id":"5ycm77j0bsn14lq","previousOperationId":"q9171lmbg1px8t4"}
{"type":"log","timestamp":1766442626473,"level":"info","message":"Rendering anonymous template { recipe: pptx, engine: handlebars }","meta":{"rootId":"4qljevpomp9bj05","id":"4qljevpomp9bj05"},"id":"yv4qhqvu2xojta5","previousOperationId":"q9171lmbg1px8t4"}
{"type":"log","timestamp":1766442626474,"level":"debug","message":"Inline data specified.","meta":{"rootId":"4qljevpomp9bj05","id":"4qljevpomp9bj05"},"id":"ur9jihuytrl8o6d","previousOperationId":"q9171lmbg1px8t4"}
{"type":"log","timestamp":1766442626482,"level":"debug","message":"Base url not specified, skipping its injection.","meta":{"rootId":"4qljevpomp9bj05","id":"4qljevpomp9bj05"},"id":"ufszzt852bdg97r","previousOperationId":"q9171lmbg1px8t4"}
{"type":"operationStart","subtype":"engine","name":"handlebars","timestamp":1766442626486,"id":"80g02xa4mi4qvtc","previousEventId":"tucfrcio8ihv5wl","operationId":"txuvwk9fzwvo48t","previousOperationId":"q9171lmbg1px8t4"}
{"type":"log","timestamp":1766442626486,"level":"debug","message":"Rendering engine handlebars","meta":{"rootId":"4qljevpomp9bj05","id":"4qljevpomp9bj05"},"id":"i5ptwqumohe99um","previousOperationId":"txuvwk9fzwvo48t"}
{"type":"operationEnd","operationId":"txuvwk9fzwvo48t","timestamp":1766442627386,"id":"vvwquaiaqyhll57","previousEventId":"80g02xa4mi4qvtc","previousOperationId":"txuvwk9fzwvo48t"}
{"type":"operationStart","subtype":"recipe","name":"pptx","timestamp":1766442627387,"id":"vjzneqnf4uhgf0k","previousEventId":"vvwquaiaqyhll57","operationId":"bq6nh6ztp7685ad","previousOperationId":"txuvwk9fzwvo48t"}
{"type":"log","timestamp":1766442627387,"level":"debug","message":"Executing recipe pptx","meta":{"rootId":"4qljevpomp9bj05","id":"4qljevpomp9bj05"},"id":"kwqyjbqhaiqvr1c","previousOperationId":"bq6nh6ztp7685ad"}
{"type":"log","timestamp":1766442627550,"level":"info","message":"pptx generation is starting","meta":{"rootId":"4qljevpomp9bj05","id":"4qljevpomp9bj05"},"id":"izuybz6v072p1wt","previousOperationId":"bq6nh6ztp7685ad"}
{"type":"log","timestamp":1766442628607,"level":"debug","message":"Starting child request to render pptx dynamic parts","meta":{"rootId":"4qljevpomp9bj05","id":"4qljevpomp9bj05"},"id":"glzt1ihppksi05c","previousOperationId":"bq6nh6ztp7685ad"}
{"type":"operationStart","subtype":"render","name":"anonymous","previousOperationId":"bq6nh6ztp7685ad","timestamp":1766442628608,"id":"8idtl9fhdwzdmt2","previousEventId":"vjzneqnf4uhgf0k","operationId":"kcu9dg5jmjyzf1u"}
{"type":"log","timestamp":1766442628608,"level":"info","message":"Starting rendering (child) request","meta":{"rootId":"4qljevpomp9bj05","id":"cigvuz9u315zm9j"},"id":"aukmzjhrihfucvl","previousOperationId":"kcu9dg5jmjyzf1u"}
{"type":"log","timestamp":1766442628609,"level":"info","message":"Rendering anonymous template { recipe: html, engine: handlebars }","meta":{"rootId":"4qljevpomp9bj05","id":"cigvuz9u315zm9j"},"id":"u8laodqgesjnf6c","previousOperationId":"kcu9dg5jmjyzf1u"}
{"type":"log","timestamp":1766442628609,"level":"debug","message":"Inline data specified.","meta":{"rootId":"4qljevpomp9bj05","id":"cigvuz9u315zm9j"},"id":"wb8yny0acuhut70","previousOperationId":"kcu9dg5jmjyzf1u"}
{"type":"log","timestamp":1766442628614,"level":"debug","message":"Base url not specified, skipping its injection.","meta":{"rootId":"4qljevpomp9bj05","id":"cigvuz9u315zm9j"},"id":"8dyjzs3fytl94rj","previousOperationId":"kcu9dg5jmjyzf1u"}
{"type":"operationStart","subtype":"engine","name":"handlebars","timestamp":1766442628616,"id":"qeuym3t9tfzcrn2","previousEventId":"8idtl9fhdwzdmt2","operationId":"3oj418blbry4kgr","previousOperationId":"kcu9dg5jmjyzf1u"}
{"type":"log","timestamp":1766442628616,"level":"debug","message":"Rendering engine handlebars","meta":{"rootId":"4qljevpomp9bj05","id":"cigvuz9u315zm9j"},"id":"bzx9cudy67kujt8","previousOperationId":"3oj418blbry4kgr"}
{"type":"operationEnd","operationId":"3oj418blbry4kgr","timestamp":1766442628733,"id":"ts3a53t3u42hay5","previousEventId":"qeuym3t9tfzcrn2","previousOperationId":"3oj418blbry4kgr"}
{"type":"operationStart","subtype":"recipe","name":"html","timestamp":1766442628746,"id":"pfwu2lewbjdys4r","previousEventId":"ts3a53t3u42hay5","operationId":"z5lqol23o6bt36d","previousOperationId":"3oj418blbry4kgr"}
{"type":"log","timestamp":1766442628746,"level":"debug","message":"Executing recipe html","meta":{"rootId":"4qljevpomp9bj05","id":"cigvuz9u315zm9j"},"id":"yw8gs04c35amdni","previousOperationId":"z5lqol23o6bt36d"}
{"type":"operationEnd","operationId":"z5lqol23o6bt36d","timestamp":1766442628746,"id":"6zpnem7e5l3g42s","previousEventId":"pfwu2lewbjdys4r","previousOperationId":"z5lqol23o6bt36d"}
{"type":"log","timestamp":1766442628747,"level":"debug","message":"Skipping storing report.","meta":{"rootId":"4qljevpomp9bj05","id":"cigvuz9u315zm9j"},"id":"51lzmprjvcgkgdn","previousOperationId":"z5lqol23o6bt36d"}
{"type":"log","timestamp":1766442628747,"level":"info","message":"Rendering (child) request finished in 2336 ms","meta":{"rootId":"4qljevpomp9bj05","id":"cigvuz9u315zm9j"},"id":"dq7xpoabi23iw68","previousOperationId":"z5lqol23o6bt36d"}
{"type":"operationEnd","subtype":"render","operationId":"kcu9dg5jmjyzf1u","timestamp":1766442628747,"id":"kgbnhd12oon547t","previousEventId":"6zpnem7e5l3g42s","previousOperationId":"z5lqol23o6bt36d"}
{"type":"log","timestamp":1766442631617,"level":"debug","message":"pptx successfully zipped","meta":{"rootId":"4qljevpomp9bj05","id":"4qljevpomp9bj05"},"id":"99raf9fbovospfg","previousOperationId":"bq6nh6ztp7685ad"}
{"type":"log","timestamp":1766442631617,"level":"info","message":"pptx generation was finished","meta":{"rootId":"4qljevpomp9bj05","id":"4qljevpomp9bj05"},"id":"7oz30j6kwf4444x","previousOperationId":"bq6nh6ztp7685ad"}
{"type":"operationEnd","operationId":"bq6nh6ztp7685ad","timestamp":1766442631628,"id":"q96hfn3nvtujhj0","previousEventId":"vjzneqnf4uhgf0k","previousOperationId":"bq6nh6ztp7685ad"}
{"type":"log","timestamp":1766442631628,"level":"debug","message":"Skipping storing report.","meta":{"rootId":"4qljevpomp9bj05","id":"4qljevpomp9bj05"},"id":"miux0ojcd7fti5l","previousOperationId":"bq6nh6ztp7685ad"}
{"type":"log","timestamp":1766442631628,"level":"info","message":"Rendering request 2 finished in 5217 ms","meta":{"rootId":"4qljevpomp9bj05","id":"4qljevpomp9bj05"},"id":"71uax78f220w0nz","previousOperationId":"bq6nh6ztp7685ad"}
{"type":"operationEnd","subtype":"render","operationId":"q9171lmbg1px8t4","timestamp":1766442631628,"id":"2apq723z6x6fxyb","previousEventId":"q96hfn3nvtujhj0","previousOperationId":"bq6nh6ztp7685ad"}
{"type":"operationEnd","doDiffs":false,"previousEventId":"klgsibwvj45i8rs","previousOperationId":"7att0jfog3q4wvm","operationId":"7att0jfog3q4wvm","timestamp":1766442631631,"id":"qyzycxud3xym1qz"}
