{"type":"operationStart","subtype":"profile","data":{"_id":"dG73gKID0zpJX5ZR","timestamp":"2025-12-27T14:45:34.434Z","state":"running","mode":"standard","creationDate":"2025-12-27T14:45:34.439Z","modificationDate":"2025-12-27T14:45:34.439Z","shortid":"f2GcMSo","$entitySet":"profiles","timeout":60000},"doDiffs":false,"timestamp":1766846734438,"id":"6nrylnd9kzrj9dh","previousOperationId":null,"operationId":"srve8cu08vdcifn"}
{"type":"log","level":"info","message":"Render request 3 queued for execution and waiting for available worker","previousOperationId":"srve8cu08vdcifn","timestamp":1766846734438,"id":"qkk1kze6mjh7ve6"}
{"type":"operationStart","subtype":"render","name":"anonymous","previousOperationId":"srve8cu08vdcifn","timestamp":1766846734478,"id":"6j5j6m1upiqpcd8","previousEventId":"6nrylnd9kzrj9dh","operationId":"nmrdz9uxoou7p0o"}
{"type":"log","timestamp":1766846734479,"level":"info","message":"Starting rendering request 3","meta":{"rootId":"4s949c5ygdj76oh","id":"4s949c5ygdj76oh"},"id":"7iwuww785sa44yo","previousOperationId":"nmrdz9uxoou7p0o"}
{"type":"log","timestamp":1766846734479,"level":"info","message":"Rendering anonymous template { recipe: pptx, engine: handlebars }","meta":{"rootId":"4s949c5ygdj76oh","id":"4s949c5ygdj76oh"},"id":"7zf3i87yaosdr6a","previousOperationId":"nmrdz9uxoou7p0o"}
{"type":"log","timestamp":1766846734479,"level":"debug","message":"Inline data specified.","meta":{"rootId":"4s949c5ygdj76oh","id":"4s949c5ygdj76oh"},"id":"gaj8g9a3dq7v90z","previousOperationId":"nmrdz9uxoou7p0o"}
{"type":"log","timestamp":1766846734482,"level":"debug","message":"Base url not specified, skipping its injection.","meta":{"rootId":"4s949c5ygdj76oh","id":"4s949c5ygdj76oh"},"id":"e7faveqltwhclkb","previousOperationId":"nmrdz9uxoou7p0o"}
{"type":"operationStart","subtype":"engine","name":"handlebars","timestamp":1766846734482,"id":"85bdd9ycgiu86p4","previousEventId":"6j5j6m1upiqpcd8","operationId":"qeriye28d0715kj","previousOperationId":"nmrdz9uxoou7p0o"}
{"type":"log","timestamp":1766846734482,"level":"debug","message":"Rendering engine handlebars","meta":{"rootId":"4s949c5ygdj76oh","id":"4s949c5ygdj76oh"},"id":"aafovkj47coauoq","previousOperationId":"qeriye28d0715kj"}
{"type":"operationEnd","operationId":"qeriye28d0715kj","timestamp":1766846734498,"id":"bqk5ub7mup1voq9","previousEventId":"85bdd9ycgiu86p4","previousOperationId":"qeriye28d0715kj"}
{"type":"operationStart","subtype":"recipe","name":"pptx","timestamp":1766846734498,"id":"0dfztt9psfvxy3q","previousEventId":"bqk5ub7mup1voq9","operationId":"hptvi7ilf8f669l","previousOperationId":"qeriye28d0715kj"}
{"type":"log","timestamp":1766846734498,"level":"debug","message":"Executing recipe pptx","meta":{"rootId":"4s949c5ygdj76oh","id":"4s949c5ygdj76oh"},"id":"ez9rwtgya6k07ci","previousOperationId":"hptvi7ilf8f669l"}
{"type":"log","timestamp":1766846734522,"level":"info","message":"pptx generation is starting","meta":{"rootId":"4s949c5ygdj76oh","id":"4s949c5ygdj76oh"},"id":"uooyc8n8rtwrkdm","previousOperationId":"hptvi7ilf8f669l"}
{"type":"log","timestamp":1766846735696,"level":"debug","message":"Starting child request to render pptx dynamic parts","meta":{"rootId":"4s949c5ygdj76oh","id":"4s949c5ygdj76oh"},"id":"rc6n2oxp3s0s3wh","previousOperationId":"hptvi7ilf8f669l"}
{"type":"operationStart","subtype":"render","name":"anonymous","previousOperationId":"hptvi7ilf8f669l","timestamp":1766846735697,"id":"ki7aiggexh8jpdp","previousEventId":"0dfztt9psfvxy3q","operationId":"q60vdu2gfs268gh"}
{"type":"log","timestamp":1766846735697,"level":"info","message":"Starting rendering (child) request","meta":{"rootId":"4s949c5ygdj76oh","id":"jch2e2xg12ufe9z"},"id":"si30a44hpbyjmfu","previousOperationId":"q60vdu2gfs268gh"}
{"type":"log","timestamp":1766846735697,"level":"info","message":"Rendering anonymous template { recipe: html, engine: handlebars }","meta":{"rootId":"4s949c5ygdj76oh","id":"jch2e2xg12ufe9z"},"id":"8f6kxz5ksmixjmm","previousOperationId":"q60vdu2gfs268gh"}
{"type":"log","timestamp":1766846735697,"level":"debug","message":"Inline data specified.","meta":{"rootId":"4s949c5ygdj76oh","id":"jch2e2xg12ufe9z"},"id":"u1jhpmcf6rgjfwz","previousOperationId":"q60vdu2gfs268gh"}
{"type":"log","timestamp":1766846735701,"level":"debug","message":"Base url not specified, skipping its injection.","meta":{"rootId":"4s949c5ygdj76oh","id":"jch2e2xg12ufe9z"},"id":"1160d1wlycmorha","previousOperationId":"q60vdu2gfs268gh"}
{"type":"operationStart","subtype":"engine","name":"handlebars","timestamp":1766846735703,"id":"h3dxgcv3aqh4ghg","previousEventId":"ki7aiggexh8jpdp","operationId":"7eqdsttb9kf3yec","previousOperationId":"q60vdu2gfs268gh"}
{"type":"log","timestamp":1766846735703,"level":"debug","message":"Rendering engine handlebars","meta":{"rootId":"4s949c5ygdj76oh","id":"jch2e2xg12ufe9z"},"id":"xyeude4pw5tv4nl","previousOperationId":"7eqdsttb9kf3yec"}
{"type":"operationEnd","operationId":"7eqdsttb9kf3yec","timestamp":1766846735833,"id":"adp88esrtv5g9oq","previousEventId":"h3dxgcv3aqh4ghg","previousOperationId":"7eqdsttb9kf3yec"}
{"type":"operationStart","subtype":"recipe","name":"html","timestamp":1766846735842,"id":"lbm20nmhglofm0j","previousEventId":"adp88esrtv5g9oq","operationId":"jqfsapjej6xsh59","previousOperationId":"7eqdsttb9kf3yec"}
{"type":"log","timestamp":1766846735842,"level":"debug","message":"Executing recipe html","meta":{"rootId":"4s949c5ygdj76oh","id":"jch2e2xg12ufe9z"},"id":"fm9cpzp2lit0nmt","previousOperationId":"jqfsapjej6xsh59"}
{"type":"operationEnd","operationId":"jqfsapjej6xsh59","timestamp":1766846735842,"id":"zl0kisji0u7o2om","previousEventId":"lbm20nmhglofm0j","previousOperationId":"jqfsapjej6xsh59"}
{"type":"log","timestamp":1766846735843,"level":"debug","message":"Skipping storing report.","meta":{"rootId":"4s949c5ygdj76oh","id":"jch2e2xg12ufe9z"},"id":"8ipogvhjgm7166v","previousOperationId":"jqfsapjej6xsh59"}
{"type":"log","timestamp":1766846735843,"level":"info","message":"Rendering (child) request finished in 1410 ms","meta":{"rootId":"4s949c5ygdj76oh","id":"jch2e2xg12ufe9z"},"id":"02zer1ug5i3fz4l","previousOperationId":"jqfsapjej6xsh59"}
{"type":"operationEnd","subtype":"render","operationId":"q60vdu2gfs268gh","timestamp":1766846735843,"id":"7jt8ao2hixo2fsl","previousEventId":"zl0kisji0u7o2om","previousOperationId":"jqfsapjej6xsh59"}
{"type":"log","timestamp":1766846740076,"level":"debug","message":"pptx successfully zipped","meta":{"rootId":"4s949c5ygdj76oh","id":"4s949c5ygdj76oh"},"id":"904jf09r2egaldy","previousOperationId":"hptvi7ilf8f669l"}
{"type":"log","timestamp":1766846740076,"level":"info","message":"pptx generation was finished","meta":{"rootId":"4s949c5ygdj76oh","id":"4s949c5ygdj76oh"},"id":"mobzo9yrlybxplb","previousOperationId":"hptvi7ilf8f669l"}
{"type":"operationEnd","operationId":"hptvi7ilf8f669l","timestamp":1766846740088,"id":"uxz7tt1108vuhg7","previousEventId":"0dfztt9psfvxy3q","previousOperationId":"hptvi7ilf8f669l"}
{"type":"log","timestamp":1766846740088,"level":"debug","message":"Skipping storing report.","meta":{"rootId":"4s949c5ygdj76oh","id":"4s949c5ygdj76oh"},"id":"p69dp9nvozqu35v","previousOperationId":"hptvi7ilf8f669l"}
{"type":"log","timestamp":1766846740088,"level":"info","message":"Rendering request 3 finished in 5655 ms","meta":{"rootId":"4s949c5ygdj76oh","id":"4s949c5ygdj76oh"},"id":"kks7qlxsry7j69o","previousOperationId":"hptvi7ilf8f669l"}
{"type":"operationEnd","subtype":"render","operationId":"nmrdz9uxoou7p0o","timestamp":1766846740088,"id":"szk4eijy5jnv8e3","previousEventId":"uxz7tt1108vuhg7","previousOperationId":"hptvi7ilf8f669l"}
{"type":"operationEnd","doDiffs":false,"previousEventId":"6nrylnd9kzrj9dh","previousOperationId":"srve8cu08vdcifn","operationId":"srve8cu08vdcifn","timestamp":1766846740092,"id":"ezmgt1662gu893v"}
