{"type":"operationStart","subtype":"profile","data":{"_id":"PiQmvFjSMlByqMd9","timestamp":"2025-12-27T16:05:32.047Z","state":"running","mode":"standard","creationDate":"2025-12-27T16:05:32.053Z","modificationDate":"2025-12-27T16:05:32.053Z","shortid":"fvTC0du","$entitySet":"profiles","timeout":60000},"doDiffs":false,"timestamp":1766851532051,"id":"w1b4ex3pj7w9vph","previousOperationId":null,"operationId":"lhgnp963edrw8gr"}
{"type":"log","level":"info","message":"Render request 1 queued for execution and waiting for available worker","previousOperationId":"lhgnp963edrw8gr","timestamp":1766851532051,"id":"ki719ifaod2vlb3"}
{"type":"operationStart","subtype":"render","name":"anonymous","previousOperationId":"lhgnp963edrw8gr","timestamp":1766851532145,"id":"z7l9flrckozpq68","previousEventId":"w1b4ex3pj7w9vph","operationId":"cta66njlwuulq5h"}
{"type":"log","timestamp":1766851532147,"level":"info","message":"Starting rendering request 1","meta":{"rootId":"4t6x07f5zxspewq","id":"4t6x07f5zxspewq"},"id":"3c3dx9ely0d9wt4","previousOperationId":"cta66njlwuulq5h"}
{"type":"log","timestamp":1766851532150,"level":"info","message":"Rendering anonymous template { recipe: pptx, engine: handlebars }","meta":{"rootId":"4t6x07f5zxspewq","id":"4t6x07f5zxspewq"},"id":"8ap7525f47yswan","previousOperationId":"cta66njlwuulq5h"}
{"type":"log","timestamp":1766851532150,"level":"debug","message":"Inline data specified.","meta":{"rootId":"4t6x07f5zxspewq","id":"4t6x07f5zxspewq"},"id":"7asbgy5ds802ech","previousOperationId":"cta66njlwuulq5h"}
{"type":"log","timestamp":1766851532161,"level":"debug","message":"Base url not specified, skipping its injection.","meta":{"rootId":"4t6x07f5zxspewq","id":"4t6x07f5zxspewq"},"id":"luw6flw1fwp9crv","previousOperationId":"cta66njlwuulq5h"}
{"type":"operationStart","subtype":"engine","name":"handlebars","timestamp":1766851532163,"id":"0xiukf7861m4cou","previousEventId":"z7l9flrckozpq68","operationId":"89py7nyanfm02o6","previousOperationId":"cta66njlwuulq5h"}
{"type":"log","timestamp":1766851532163,"level":"debug","message":"Rendering engine handlebars","meta":{"rootId":"4t6x07f5zxspewq","id":"4t6x07f5zxspewq"},"id":"mmwkma77y8jkyv4","previousOperationId":"89py7nyanfm02o6"}
{"type":"operationEnd","operationId":"89py7nyanfm02o6","timestamp":1766851532992,"id":"tznbs2nakdnms0b","previousEventId":"0xiukf7861m4cou","previousOperationId":"89py7nyanfm02o6"}
{"type":"operationStart","subtype":"recipe","name":"pptx","timestamp":1766851532993,"id":"md93r2ph0rta75w","previousEventId":"tznbs2nakdnms0b","operationId":"ggnz388uet0glgo","previousOperationId":"89py7nyanfm02o6"}
{"type":"log","timestamp":1766851532993,"level":"debug","message":"Executing recipe pptx","meta":{"rootId":"4t6x07f5zxspewq","id":"4t6x07f5zxspewq"},"id":"wfshozrl865k6wb","previousOperationId":"ggnz388uet0glgo"}
{"type":"log","timestamp":1766851533175,"level":"info","message":"pptx generation is starting","meta":{"rootId":"4t6x07f5zxspewq","id":"4t6x07f5zxspewq"},"id":"6kin1t6ilreyduw","previousOperationId":"ggnz388uet0glgo"}
{"type":"log","timestamp":1766851534287,"level":"debug","message":"Starting child request to render pptx dynamic parts","meta":{"rootId":"4t6x07f5zxspewq","id":"4t6x07f5zxspewq"},"id":"bcc8iu1gg1r7r7a","previousOperationId":"ggnz388uet0glgo"}
{"type":"operationStart","subtype":"render","name":"anonymous","previousOperationId":"ggnz388uet0glgo","timestamp":1766851534288,"id":"s3xprhx6atnkdp1","previousEventId":"md93r2ph0rta75w","operationId":"a11cckv8662u73b"}
{"type":"log","timestamp":1766851534288,"level":"info","message":"Starting rendering (child) request","meta":{"rootId":"4t6x07f5zxspewq","id":"8ymdbi0ld4bmvsi"},"id":"cx6w8oeskzhkctc","previousOperationId":"a11cckv8662u73b"}
{"type":"log","timestamp":1766851534288,"level":"info","message":"Rendering anonymous template { recipe: html, engine: handlebars }","meta":{"rootId":"4t6x07f5zxspewq","id":"8ymdbi0ld4bmvsi"},"id":"vz0iax7enz37muz","previousOperationId":"a11cckv8662u73b"}
{"type":"log","timestamp":1766851534288,"level":"debug","message":"Inline data specified.","meta":{"rootId":"4t6x07f5zxspewq","id":"8ymdbi0ld4bmvsi"},"id":"ozwk7xgnpopint9","previousOperationId":"a11cckv8662u73b"}
{"type":"log","timestamp":1766851534293,"level":"debug","message":"Base url not specified, skipping its injection.","meta":{"rootId":"4t6x07f5zxspewq","id":"8ymdbi0ld4bmvsi"},"id":"ukhf0srn8cr3pzw","previousOperationId":"a11cckv8662u73b"}
{"type":"operationStart","subtype":"engine","name":"handlebars","timestamp":1766851534295,"id":"u56h6kbz3lgklqe","previousEventId":"s3xprhx6atnkdp1","operationId":"0eiv0rboymtywmy","previousOperationId":"a11cckv8662u73b"}
{"type":"log","timestamp":1766851534295,"level":"debug","message":"Rendering engine handlebars","meta":{"rootId":"4t6x07f5zxspewq","id":"8ymdbi0ld4bmvsi"},"id":"ahjdp0438xd5mvl","previousOperationId":"0eiv0rboymtywmy"}
{"type":"log","timestamp":1766851534426,"level":"debug","message":"(console:log) {\n  type: 'echarts@v5a',\n  width: 848,\n  height: 409,\n  option: { radar: [ [Object] ], series: [ [Object] ] }\n}","meta":{"userLevel":true,"rootId":"4t6x07f5zxspewq","id":"8ymdbi0ld4bmvsi"},"id":"pc3j89rn0r9neke","previousOperationId":"0eiv0rboymtywmy"}
{"type":"operationEnd","operationId":"0eiv0rboymtywmy","timestamp":1766851534434,"id":"r3yxrei809vsxcz","previousEventId":"u56h6kbz3lgklqe","previousOperationId":"0eiv0rboymtywmy"}
{"type":"operationStart","subtype":"recipe","name":"html","timestamp":1766851534445,"id":"b92c0roz4embub0","previousEventId":"r3yxrei809vsxcz","operationId":"0dy2wptahiqn57p","previousOperationId":"0eiv0rboymtywmy"}
{"type":"log","timestamp":1766851534445,"level":"debug","message":"Executing recipe html","meta":{"rootId":"4t6x07f5zxspewq","id":"8ymdbi0ld4bmvsi"},"id":"dgrdbzsqfyrlalc","previousOperationId":"0dy2wptahiqn57p"}
{"type":"operationEnd","operationId":"0dy2wptahiqn57p","timestamp":1766851534445,"id":"t1vqz39xocyhzmt","previousEventId":"b92c0roz4embub0","previousOperationId":"0dy2wptahiqn57p"}
{"type":"log","timestamp":1766851534446,"level":"debug","message":"Skipping storing report.","meta":{"rootId":"4t6x07f5zxspewq","id":"8ymdbi0ld4bmvsi"},"id":"4i5bmtcr1ov78ol","previousOperationId":"0dy2wptahiqn57p"}
{"type":"log","timestamp":1766851534446,"level":"info","message":"Rendering (child) request finished in 2404 ms","meta":{"rootId":"4t6x07f5zxspewq","id":"8ymdbi0ld4bmvsi"},"id":"28xh1sc1ay6qpk6","previousOperationId":"0dy2wptahiqn57p"}
{"type":"operationEnd","subtype":"render","operationId":"a11cckv8662u73b","timestamp":1766851534446,"id":"xlnsgmw53a82s1l","previousEventId":"t1vqz39xocyhzmt","previousOperationId":"0dy2wptahiqn57p"}
{"type":"log","timestamp":1766851537924,"level":"debug","message":"pptx successfully zipped","meta":{"rootId":"4t6x07f5zxspewq","id":"4t6x07f5zxspewq"},"id":"a8o570p6x5za8lu","previousOperationId":"ggnz388uet0glgo"}
{"type":"log","timestamp":1766851537924,"level":"info","message":"pptx generation was finished","meta":{"rootId":"4t6x07f5zxspewq","id":"4t6x07f5zxspewq"},"id":"q5pnl3qnxi1qqqm","previousOperationId":"ggnz388uet0glgo"}
{"type":"operationEnd","operationId":"ggnz388uet0glgo","timestamp":1766851537935,"id":"zufj0el2upr0ikb","previousEventId":"md93r2ph0rta75w","previousOperationId":"ggnz388uet0glgo"}
{"type":"log","timestamp":1766851537935,"level":"debug","message":"Skipping storing report.","meta":{"rootId":"4t6x07f5zxspewq","id":"4t6x07f5zxspewq"},"id":"asrwx1u9dffqm6r","previousOperationId":"ggnz388uet0glgo"}
{"type":"log","timestamp":1766851537935,"level":"info","message":"Rendering request 1 finished in 5893 ms","meta":{"rootId":"4t6x07f5zxspewq","id":"4t6x07f5zxspewq"},"id":"8fcf0xphcvff2iu","previousOperationId":"ggnz388uet0glgo"}
{"type":"operationEnd","subtype":"render","operationId":"cta66njlwuulq5h","timestamp":1766851537935,"id":"dqskk0gd2b7kv2s","previousEventId":"zufj0el2upr0ikb","previousOperationId":"ggnz388uet0glgo"}
{"type":"operationEnd","doDiffs":false,"previousEventId":"w1b4ex3pj7w9vph","previousOperationId":"lhgnp963edrw8gr","operationId":"lhgnp963edrw8gr","timestamp":1766851537940,"id":"ijtwddbapu3u7tu"}
