{"type":"operationStart","subtype":"profile","data":{"_id":"k71UnBTjv2l2JY9F","timestamp":"2025-12-28T14:21:36.007Z","state":"running","mode":"standard","creationDate":"2025-12-28T14:21:36.012Z","modificationDate":"2025-12-28T14:21:36.012Z","shortid":"CC0ayfL","$entitySet":"profiles","timeout":60000},"doDiffs":false,"timestamp":1766931696010,"id":"t37s9ax47k8sfeo","previousOperationId":null,"operationId":"twdr7kn9b48a4xh"}
{"type":"log","level":"info","message":"Render request 12 queued for execution and waiting for available worker","previousOperationId":"twdr7kn9b48a4xh","timestamp":1766931696010,"id":"0baqq2kenrx0tlo"}
{"type":"operationStart","subtype":"render","name":"anonymous","previousOperationId":"twdr7kn9b48a4xh","timestamp":1766931696066,"id":"zj2wg1oupkixijv","previousEventId":"t37s9ax47k8sfeo","operationId":"fhpu89gls3hvbib"}
{"type":"log","timestamp":1766931696067,"level":"info","message":"Starting rendering request 12","meta":{"rootId":"4tlg7y3qxc992au","id":"4tlg7y3qxc992au"},"id":"buzw4tv61gjgnac","previousOperationId":"fhpu89gls3hvbib"}
{"type":"log","timestamp":1766931696067,"level":"info","message":"Rendering anonymous template { recipe: pptx, engine: handlebars }","meta":{"rootId":"4tlg7y3qxc992au","id":"4tlg7y3qxc992au"},"id":"7rl9cyrxrnlvykd","previousOperationId":"fhpu89gls3hvbib"}
{"type":"log","timestamp":1766931696067,"level":"debug","message":"Inline data specified.","meta":{"rootId":"4tlg7y3qxc992au","id":"4tlg7y3qxc992au"},"id":"pv7g9zqhm46ai1y","previousOperationId":"fhpu89gls3hvbib"}
{"type":"log","timestamp":1766931696069,"level":"debug","message":"Base url not specified, skipping its injection.","meta":{"rootId":"4tlg7y3qxc992au","id":"4tlg7y3qxc992au"},"id":"9fuzr23jgltk9cx","previousOperationId":"fhpu89gls3hvbib"}
{"type":"operationStart","subtype":"engine","name":"handlebars","timestamp":1766931696069,"id":"9kn4ap5qaxhgqp8","previousEventId":"zj2wg1oupkixijv","operationId":"8gd6tkklhizpezy","previousOperationId":"fhpu89gls3hvbib"}
{"type":"log","timestamp":1766931696069,"level":"debug","message":"Rendering engine handlebars","meta":{"rootId":"4tlg7y3qxc992au","id":"4tlg7y3qxc992au"},"id":"rlwkh9hqyoysomt","previousOperationId":"8gd6tkklhizpezy"}
{"type":"operationEnd","operationId":"8gd6tkklhizpezy","timestamp":1766931696090,"id":"djr668z0x6tw2ql","previousEventId":"9kn4ap5qaxhgqp8","previousOperationId":"8gd6tkklhizpezy"}
{"type":"operationStart","subtype":"recipe","name":"pptx","timestamp":1766931696091,"id":"y0114yzsopnxb24","previousEventId":"djr668z0x6tw2ql","operationId":"pdwvy3hhfz90h34","previousOperationId":"8gd6tkklhizpezy"}
{"type":"log","timestamp":1766931696091,"level":"debug","message":"Executing recipe pptx","meta":{"rootId":"4tlg7y3qxc992au","id":"4tlg7y3qxc992au"},"id":"j824nsfyqti10ws","previousOperationId":"pdwvy3hhfz90h34"}
{"type":"log","timestamp":1766931696109,"level":"info","message":"pptx generation is starting","meta":{"rootId":"4tlg7y3qxc992au","id":"4tlg7y3qxc992au"},"id":"erhw8izq957qdv0","previousOperationId":"pdwvy3hhfz90h34"}
{"type":"log","timestamp":1766931697201,"level":"debug","message":"Starting child request to render pptx dynamic parts","meta":{"rootId":"4tlg7y3qxc992au","id":"4tlg7y3qxc992au"},"id":"8il4oemubcz8ech","previousOperationId":"pdwvy3hhfz90h34"}
{"type":"operationStart","subtype":"render","name":"anonymous","previousOperationId":"pdwvy3hhfz90h34","timestamp":1766931697201,"id":"1aeqftvy7niodtd","previousEventId":"y0114yzsopnxb24","operationId":"k2ihfpdqnotj8a4"}
{"type":"log","timestamp":1766931697201,"level":"info","message":"Starting rendering (child) request","meta":{"rootId":"4tlg7y3qxc992au","id":"48ijfc46ftpilzq"},"id":"w4kvjaemi6nnsgp","previousOperationId":"k2ihfpdqnotj8a4"}
{"type":"log","timestamp":1766931697201,"level":"info","message":"Rendering anonymous template { recipe: html, engine: handlebars }","meta":{"rootId":"4tlg7y3qxc992au","id":"48ijfc46ftpilzq"},"id":"se4w2r7r4fabsu8","previousOperationId":"k2ihfpdqnotj8a4"}
{"type":"log","timestamp":1766931697201,"level":"debug","message":"Inline data specified.","meta":{"rootId":"4tlg7y3qxc992au","id":"48ijfc46ftpilzq"},"id":"lkp3e5gfz007mt9","previousOperationId":"k2ihfpdqnotj8a4"}
{"type":"log","timestamp":1766931697205,"level":"debug","message":"Base url not specified, skipping its injection.","meta":{"rootId":"4tlg7y3qxc992au","id":"48ijfc46ftpilzq"},"id":"2rfuapv3kuuwa0k","previousOperationId":"k2ihfpdqnotj8a4"}
{"type":"operationStart","subtype":"engine","name":"handlebars","timestamp":1766931697206,"id":"bt2r5zaemcye5o5","previousEventId":"1aeqftvy7niodtd","operationId":"gcsjrg5z5na1ybi","previousOperationId":"k2ihfpdqnotj8a4"}
{"type":"log","timestamp":1766931697206,"level":"debug","message":"Rendering engine handlebars","meta":{"rootId":"4tlg7y3qxc992au","id":"48ijfc46ftpilzq"},"id":"78ek4a1rj3p0xzu","previousOperationId":"gcsjrg5z5na1ybi"}
{"type":"log","timestamp":1766931697298,"level":"debug","message":"(console:log) {\n  type: 'echarts@v5a',\n  width: 848,\n  height: 409,\n  option: { radar: [ [Object] ], series: [ [Object] ] }\n}","meta":{"userLevel":true,"rootId":"4tlg7y3qxc992au","id":"48ijfc46ftpilzq"},"id":"zvfw05thyxd8mj0","previousOperationId":"gcsjrg5z5na1ybi"}
{"type":"operationEnd","operationId":"gcsjrg5z5na1ybi","timestamp":1766931697303,"id":"0u3o9mhycfbv3zh","previousEventId":"bt2r5zaemcye5o5","previousOperationId":"gcsjrg5z5na1ybi"}
{"type":"operationStart","subtype":"recipe","name":"html","timestamp":1766931697312,"id":"4sknyanymzcv744","previousEventId":"0u3o9mhycfbv3zh","operationId":"m5ssryu9wmxzqdg","previousOperationId":"gcsjrg5z5na1ybi"}
{"type":"log","timestamp":1766931697312,"level":"debug","message":"Executing recipe html","meta":{"rootId":"4tlg7y3qxc992au","id":"48ijfc46ftpilzq"},"id":"e1g8l9u60krluk0","previousOperationId":"m5ssryu9wmxzqdg"}
{"type":"operationEnd","operationId":"m5ssryu9wmxzqdg","timestamp":1766931697312,"id":"0bj5l1yz7jiwgsj","previousEventId":"4sknyanymzcv744","previousOperationId":"m5ssryu9wmxzqdg"}
{"type":"log","timestamp":1766931697312,"level":"debug","message":"Skipping storing report.","meta":{"rootId":"4tlg7y3qxc992au","id":"48ijfc46ftpilzq"},"id":"kyds70zckuk229g","previousOperationId":"m5ssryu9wmxzqdg"}
{"type":"log","timestamp":1766931697312,"level":"info","message":"Rendering (child) request finished in 1305 ms","meta":{"rootId":"4tlg7y3qxc992au","id":"48ijfc46ftpilzq"},"id":"w7x5utnsdpeg5xu","previousOperationId":"m5ssryu9wmxzqdg"}
{"type":"operationEnd","subtype":"render","operationId":"k2ihfpdqnotj8a4","timestamp":1766931697312,"id":"pter0safc7ndvsb","previousEventId":"0bj5l1yz7jiwgsj","previousOperationId":"m5ssryu9wmxzqdg"}
{"type":"log","timestamp":1766931700293,"level":"debug","message":"pptx successfully zipped","meta":{"rootId":"4tlg7y3qxc992au","id":"4tlg7y3qxc992au"},"id":"gnfgr71tp5jakfi","previousOperationId":"pdwvy3hhfz90h34"}
{"type":"log","timestamp":1766931700293,"level":"info","message":"pptx generation was finished","meta":{"rootId":"4tlg7y3qxc992au","id":"4tlg7y3qxc992au"},"id":"d4bwckns2hpyucj","previousOperationId":"pdwvy3hhfz90h34"}
{"type":"operationEnd","operationId":"pdwvy3hhfz90h34","timestamp":1766931700300,"id":"a3a6rge0lbkhqc2","previousEventId":"y0114yzsopnxb24","previousOperationId":"pdwvy3hhfz90h34"}
{"type":"log","timestamp":1766931700300,"level":"debug","message":"Skipping storing report.","meta":{"rootId":"4tlg7y3qxc992au","id":"4tlg7y3qxc992au"},"id":"ff0a81fhg0hk976","previousOperationId":"pdwvy3hhfz90h34"}
{"type":"log","timestamp":1766931700300,"level":"info","message":"Rendering request 12 finished in 4293 ms","meta":{"rootId":"4tlg7y3qxc992au","id":"4tlg7y3qxc992au"},"id":"8hwkvkyjsu2u98l","previousOperationId":"pdwvy3hhfz90h34"}
{"type":"operationEnd","subtype":"render","operationId":"fhpu89gls3hvbib","timestamp":1766931700300,"id":"5ux8jtgtp9n0qx8","previousEventId":"a3a6rge0lbkhqc2","previousOperationId":"pdwvy3hhfz90h34"}
{"type":"operationEnd","doDiffs":false,"previousEventId":"t37s9ax47k8sfeo","previousOperationId":"twdr7kn9b48a4xh","operationId":"twdr7kn9b48a4xh","timestamp":1766931700304,"id":"i1k89rmnwkhchrs"}
