{"type":"operationStart","subtype":"profile","data":{"_id":"Ftl5BlJaBdBnQr6Y","timestamp":"2025-12-30T17:54:54.861Z","state":"running","mode":"standard","creationDate":"2025-12-30T17:54:54.870Z","modificationDate":"2025-12-30T17:54:54.870Z","shortid":"krLScKt","$entitySet":"profiles","timeout":60000},"doDiffs":false,"timestamp":1767117294867,"id":"my094at0xai7c4r","previousOperationId":null,"operationId":"rqay6omrv5bp02a"}
{"type":"log","level":"info","message":"Render request 16 queued for execution and waiting for available worker","previousOperationId":"rqay6omrv5bp02a","timestamp":1767117294867,"id":"mamrzihgyc04qta"}
{"type":"operationStart","subtype":"render","name":"anonymous","previousOperationId":"rqay6omrv5bp02a","timestamp":1767117294931,"id":"yd5ddfmimwycp0f","previousEventId":"my094at0xai7c4r","operationId":"7qbe0bivs7v8jpn"}
{"type":"log","timestamp":1767117294932,"level":"info","message":"Starting rendering request 16","meta":{"rootId":"4up4axl5lzmam93","id":"4up4axl5lzmam93"},"id":"rwbqvudsm2aiebr","previousOperationId":"7qbe0bivs7v8jpn"}
{"type":"log","timestamp":1767117294933,"level":"info","message":"Rendering anonymous template { recipe: pptx, engine: handlebars }","meta":{"rootId":"4up4axl5lzmam93","id":"4up4axl5lzmam93"},"id":"zsb6460s5tw3zae","previousOperationId":"7qbe0bivs7v8jpn"}
{"type":"log","timestamp":1767117294933,"level":"debug","message":"Inline data specified.","meta":{"rootId":"4up4axl5lzmam93","id":"4up4axl5lzmam93"},"id":"l26amxiu8wiy6ze","previousOperationId":"7qbe0bivs7v8jpn"}
{"type":"log","timestamp":1767117294936,"level":"debug","message":"Base url not specified, skipping its injection.","meta":{"rootId":"4up4axl5lzmam93","id":"4up4axl5lzmam93"},"id":"6uih8wt7f325eow","previousOperationId":"7qbe0bivs7v8jpn"}
{"type":"operationStart","subtype":"engine","name":"handlebars","timestamp":1767117294937,"id":"qskczvabvkkx84g","previousEventId":"yd5ddfmimwycp0f","operationId":"sg5lryw1z1r44it","previousOperationId":"7qbe0bivs7v8jpn"}
{"type":"log","timestamp":1767117294937,"level":"debug","message":"Rendering engine handlebars","meta":{"rootId":"4up4axl5lzmam93","id":"4up4axl5lzmam93"},"id":"7yrj92kp38es0a0","previousOperationId":"sg5lryw1z1r44it"}
{"type":"operationEnd","operationId":"sg5lryw1z1r44it","timestamp":1767117294964,"id":"diyigtqohasi388","previousEventId":"qskczvabvkkx84g","previousOperationId":"sg5lryw1z1r44it"}
{"type":"operationStart","subtype":"recipe","name":"pptx","timestamp":1767117294964,"id":"td7ou3x2ek7tluy","previousEventId":"diyigtqohasi388","operationId":"1x6nfieetszclzd","previousOperationId":"sg5lryw1z1r44it"}
{"type":"log","timestamp":1767117294964,"level":"debug","message":"Executing recipe pptx","meta":{"rootId":"4up4axl5lzmam93","id":"4up4axl5lzmam93"},"id":"ldmclwqwxn4cb3m","previousOperationId":"1x6nfieetszclzd"}
{"type":"log","timestamp":1767117294993,"level":"info","message":"pptx generation is starting","meta":{"rootId":"4up4axl5lzmam93","id":"4up4axl5lzmam93"},"id":"rdlfe6p645vnrzk","previousOperationId":"1x6nfieetszclzd"}
{"type":"log","timestamp":1767117296854,"level":"debug","message":"Starting child request to render pptx dynamic parts","meta":{"rootId":"4up4axl5lzmam93","id":"4up4axl5lzmam93"},"id":"5403m3zlf8zsndc","previousOperationId":"1x6nfieetszclzd"}
{"type":"operationStart","subtype":"render","name":"anonymous","previousOperationId":"1x6nfieetszclzd","timestamp":1767117296855,"id":"2vlqk9z54jkwlvz","previousEventId":"td7ou3x2ek7tluy","operationId":"08xm5e3f6zl0r3p"}
{"type":"log","timestamp":1767117296855,"level":"info","message":"Starting rendering (child) request","meta":{"rootId":"4up4axl5lzmam93","id":"s7fnis1634xnuqc"},"id":"k1xbqyq8rjxdgxj","previousOperationId":"08xm5e3f6zl0r3p"}
{"type":"log","timestamp":1767117296855,"level":"info","message":"Rendering anonymous template { recipe: html, engine: handlebars }","meta":{"rootId":"4up4axl5lzmam93","id":"s7fnis1634xnuqc"},"id":"einn0b8s23keae3","previousOperationId":"08xm5e3f6zl0r3p"}
{"type":"log","timestamp":1767117296855,"level":"debug","message":"Inline data specified.","meta":{"rootId":"4up4axl5lzmam93","id":"s7fnis1634xnuqc"},"id":"z3cc5qyvwbbapj7","previousOperationId":"08xm5e3f6zl0r3p"}
{"type":"log","timestamp":1767117296861,"level":"debug","message":"Base url not specified, skipping its injection.","meta":{"rootId":"4up4axl5lzmam93","id":"s7fnis1634xnuqc"},"id":"d0bzi33cah9j6sl","previousOperationId":"08xm5e3f6zl0r3p"}
{"type":"operationStart","subtype":"engine","name":"handlebars","timestamp":1767117296863,"id":"te0wx6y5ji37xm5","previousEventId":"2vlqk9z54jkwlvz","operationId":"nlonf6m3pap0mvh","previousOperationId":"08xm5e3f6zl0r3p"}
{"type":"log","timestamp":1767117296863,"level":"debug","message":"Rendering engine handlebars","meta":{"rootId":"4up4axl5lzmam93","id":"s7fnis1634xnuqc"},"id":"qjf2hsl24k70wj3","previousOperationId":"nlonf6m3pap0mvh"}
{"type":"log","timestamp":1767117297057,"level":"debug","message":"(console:log) {\n  type: 'echarts@v5a',\n  width: 848,\n  height: 409,\n  option: { radar: [ [Object] ], series: [ [Object] ] }\n}","meta":{"userLevel":true,"rootId":"4up4axl5lzmam93","id":"s7fnis1634xnuqc"},"id":"4srcwvhud180uxy","previousOperationId":"nlonf6m3pap0mvh"}
{"type":"operationEnd","operationId":"nlonf6m3pap0mvh","timestamp":1767117297070,"id":"v7p5me4giu67md6","previousEventId":"te0wx6y5ji37xm5","previousOperationId":"nlonf6m3pap0mvh"}
{"type":"operationStart","subtype":"recipe","name":"html","timestamp":1767117297089,"id":"z2qs14d0g86gee9","previousEventId":"v7p5me4giu67md6","operationId":"zs8k6oinm9emq3x","previousOperationId":"nlonf6m3pap0mvh"}
{"type":"log","timestamp":1767117297089,"level":"debug","message":"Executing recipe html","meta":{"rootId":"4up4axl5lzmam93","id":"s7fnis1634xnuqc"},"id":"mhg4pzv3jhgtl6z","previousOperationId":"zs8k6oinm9emq3x"}
{"type":"operationEnd","operationId":"zs8k6oinm9emq3x","timestamp":1767117297089,"id":"p77emnqozu05l8u","previousEventId":"z2qs14d0g86gee9","previousOperationId":"zs8k6oinm9emq3x"}
{"type":"log","timestamp":1767117297089,"level":"debug","message":"Skipping storing report.","meta":{"rootId":"4up4axl5lzmam93","id":"s7fnis1634xnuqc"},"id":"uwff7i2f9iv1mop","previousOperationId":"zs8k6oinm9emq3x"}
{"type":"log","timestamp":1767117297089,"level":"info","message":"Rendering (child) request finished in 2230 ms","meta":{"rootId":"4up4axl5lzmam93","id":"s7fnis1634xnuqc"},"id":"8tv4ewc52sw4ykd","previousOperationId":"zs8k6oinm9emq3x"}
{"type":"operationEnd","subtype":"render","operationId":"08xm5e3f6zl0r3p","timestamp":1767117297089,"id":"7xrd17ox5fo7g19","previousEventId":"p77emnqozu05l8u","previousOperationId":"zs8k6oinm9emq3x"}
{"type":"log","timestamp":1767117302346,"level":"debug","message":"pptx successfully zipped","meta":{"rootId":"4up4axl5lzmam93","id":"4up4axl5lzmam93"},"id":"w0vho72yzlxi8mw","previousOperationId":"1x6nfieetszclzd"}
{"type":"log","timestamp":1767117302346,"level":"info","message":"pptx generation was finished","meta":{"rootId":"4up4axl5lzmam93","id":"4up4axl5lzmam93"},"id":"sqpy08k81crh06o","previousOperationId":"1x6nfieetszclzd"}
{"type":"operationEnd","operationId":"1x6nfieetszclzd","timestamp":1767117302357,"id":"vwq51l4duwfg7mw","previousEventId":"td7ou3x2ek7tluy","previousOperationId":"1x6nfieetszclzd"}
{"type":"log","timestamp":1767117302358,"level":"debug","message":"Skipping storing report.","meta":{"rootId":"4up4axl5lzmam93","id":"4up4axl5lzmam93"},"id":"kbysry8x0du3fs9","previousOperationId":"1x6nfieetszclzd"}
{"type":"log","timestamp":1767117302358,"level":"info","message":"Rendering request 16 finished in 7499 ms","meta":{"rootId":"4up4axl5lzmam93","id":"4up4axl5lzmam93"},"id":"mgmr681rdis4a31","previousOperationId":"1x6nfieetszclzd"}
{"type":"operationEnd","subtype":"render","operationId":"7qbe0bivs7v8jpn","timestamp":1767117302358,"id":"kt0c7tnt8x48ncf","previousEventId":"vwq51l4duwfg7mw","previousOperationId":"1x6nfieetszclzd"}
{"type":"operationEnd","doDiffs":false,"previousEventId":"my094at0xai7c4r","previousOperationId":"rqay6omrv5bp02a","operationId":"rqay6omrv5bp02a","timestamp":1767117302364,"id":"qbpq6gyzy0d0tuq"}
