{"type":"operationStart","subtype":"profile","data":{"_id":"vSGVLSx7Xd6WhTcx","timestamp":"2026-01-01T13:10:23.143Z","state":"running","mode":"standard","creationDate":"2026-01-01T13:10:23.151Z","modificationDate":"2026-01-01T13:10:23.151Z","shortid":"BBSRKps","$entitySet":"profiles","timeout":60000},"doDiffs":false,"timestamp":1767273023147,"id":"x480e0j1ygll8tx","previousOperationId":null,"operationId":"6g1d1tjmgo6sg66"}
{"type":"log","level":"info","message":"Render request 1 queued for execution and waiting for available worker","previousOperationId":"6g1d1tjmgo6sg66","timestamp":1767273023147,"id":"w6r3l9na4lz5eb5"}
{"type":"operationStart","subtype":"render","name":"anonymous","previousOperationId":"6g1d1tjmgo6sg66","timestamp":1767273023248,"id":"v5hyonua4f5fwmm","previousEventId":"x480e0j1ygll8tx","operationId":"x8o166xn669aw19"}
{"type":"log","timestamp":1767273023250,"level":"info","message":"Starting rendering request 1","meta":{"rootId":"4v0fdp4sorr1dm1","id":"4v0fdp4sorr1dm1"},"id":"q6r490i394la5p4","previousOperationId":"x8o166xn669aw19"}
{"type":"log","timestamp":1767273023253,"level":"info","message":"Rendering anonymous template { recipe: pptx, engine: handlebars }","meta":{"rootId":"4v0fdp4sorr1dm1","id":"4v0fdp4sorr1dm1"},"id":"xkg81exnbs5aj4u","previousOperationId":"x8o166xn669aw19"}
{"type":"log","timestamp":1767273023253,"level":"debug","message":"Inline data specified.","meta":{"rootId":"4v0fdp4sorr1dm1","id":"4v0fdp4sorr1dm1"},"id":"ya33k8zl5qcoi5n","previousOperationId":"x8o166xn669aw19"}
{"type":"log","timestamp":1767273023267,"level":"debug","message":"Base url not specified, skipping its injection.","meta":{"rootId":"4v0fdp4sorr1dm1","id":"4v0fdp4sorr1dm1"},"id":"uqqky3m7qloet10","previousOperationId":"x8o166xn669aw19"}
{"type":"operationStart","subtype":"engine","name":"handlebars","timestamp":1767273023269,"id":"q1vqfswyaxkkmnr","previousEventId":"v5hyonua4f5fwmm","operationId":"u9r6fcymsz0m9ui","previousOperationId":"x8o166xn669aw19"}
{"type":"log","timestamp":1767273023269,"level":"debug","message":"Rendering engine handlebars","meta":{"rootId":"4v0fdp4sorr1dm1","id":"4v0fdp4sorr1dm1"},"id":"5wrwc2rmjizpfs3","previousOperationId":"u9r6fcymsz0m9ui"}
{"type":"operationEnd","operationId":"u9r6fcymsz0m9ui","timestamp":1767273024523,"id":"h9u3xpk71ueg5z4","previousEventId":"q1vqfswyaxkkmnr","previousOperationId":"u9r6fcymsz0m9ui"}
{"type":"operationStart","subtype":"recipe","name":"pptx","timestamp":1767273024525,"id":"ntr86u8a40t6jcv","previousEventId":"h9u3xpk71ueg5z4","operationId":"9ojs8pyw8j24dja","previousOperationId":"u9r6fcymsz0m9ui"}
{"type":"log","timestamp":1767273024525,"level":"debug","message":"Executing recipe pptx","meta":{"rootId":"4v0fdp4sorr1dm1","id":"4v0fdp4sorr1dm1"},"id":"xfwaexj3yye7qvu","previousOperationId":"9ojs8pyw8j24dja"}
{"type":"log","timestamp":1767273024786,"level":"info","message":"pptx generation is starting","meta":{"rootId":"4v0fdp4sorr1dm1","id":"4v0fdp4sorr1dm1"},"id":"eunjtkkl7ycqc7m","previousOperationId":"9ojs8pyw8j24dja"}
{"type":"log","timestamp":1767273026974,"level":"debug","message":"Starting child request to render pptx dynamic parts","meta":{"rootId":"4v0fdp4sorr1dm1","id":"4v0fdp4sorr1dm1"},"id":"fe5ctzlm4xgo15b","previousOperationId":"9ojs8pyw8j24dja"}
{"type":"operationStart","subtype":"render","name":"anonymous","previousOperationId":"9ojs8pyw8j24dja","timestamp":1767273026976,"id":"p23o0vpsxxo7tlo","previousEventId":"ntr86u8a40t6jcv","operationId":"kvmx4yfc7xuh5zq"}
{"type":"log","timestamp":1767273026976,"level":"info","message":"Starting rendering (child) request","meta":{"rootId":"4v0fdp4sorr1dm1","id":"5i1x9x8ahycleyg"},"id":"7nc1hewlewyouu5","previousOperationId":"kvmx4yfc7xuh5zq"}
{"type":"log","timestamp":1767273026976,"level":"info","message":"Rendering anonymous template { recipe: html, engine: handlebars }","meta":{"rootId":"4v0fdp4sorr1dm1","id":"5i1x9x8ahycleyg"},"id":"sp1n68c1xo2yzgd","previousOperationId":"kvmx4yfc7xuh5zq"}
{"type":"log","timestamp":1767273026976,"level":"debug","message":"Inline data specified.","meta":{"rootId":"4v0fdp4sorr1dm1","id":"5i1x9x8ahycleyg"},"id":"zlxr2n8t1nf2i1i","previousOperationId":"kvmx4yfc7xuh5zq"}
{"type":"log","timestamp":1767273026987,"level":"debug","message":"Base url not specified, skipping its injection.","meta":{"rootId":"4v0fdp4sorr1dm1","id":"5i1x9x8ahycleyg"},"id":"brracnwrbuggfd6","previousOperationId":"kvmx4yfc7xuh5zq"}
{"type":"operationStart","subtype":"engine","name":"handlebars","timestamp":1767273026989,"id":"yggypky5s4m8i34","previousEventId":"p23o0vpsxxo7tlo","operationId":"itjc0bg3epi2gvp","previousOperationId":"kvmx4yfc7xuh5zq"}
{"type":"log","timestamp":1767273026989,"level":"debug","message":"Rendering engine handlebars","meta":{"rootId":"4v0fdp4sorr1dm1","id":"5i1x9x8ahycleyg"},"id":"jlnje2ong88jt3d","previousOperationId":"itjc0bg3epi2gvp"}
{"type":"log","timestamp":1767273027281,"level":"debug","message":"(console:log) {\n  type: 'echarts@v5a',\n  width: 848,\n  height: 409,\n  option: { radar: [ [Object] ], series: [ [Object] ] }\n}","meta":{"userLevel":true,"rootId":"4v0fdp4sorr1dm1","id":"5i1x9x8ahycleyg"},"id":"19v6y2lo3d4hgm7","previousOperationId":"itjc0bg3epi2gvp"}
{"type":"operationEnd","operationId":"itjc0bg3epi2gvp","timestamp":1767273027298,"id":"3r2ztd0c88pzlev","previousEventId":"yggypky5s4m8i34","previousOperationId":"itjc0bg3epi2gvp"}
{"type":"operationStart","subtype":"recipe","name":"html","timestamp":1767273027323,"id":"kdzdh1sfbg8efc5","previousEventId":"3r2ztd0c88pzlev","operationId":"4jw4gcfz62zzzgq","previousOperationId":"itjc0bg3epi2gvp"}
{"type":"log","timestamp":1767273027323,"level":"debug","message":"Executing recipe html","meta":{"rootId":"4v0fdp4sorr1dm1","id":"5i1x9x8ahycleyg"},"id":"ofm51txjq1aqrz8","previousOperationId":"4jw4gcfz62zzzgq"}
{"type":"operationEnd","operationId":"4jw4gcfz62zzzgq","timestamp":1767273027323,"id":"t7zn4wvhagkm2ol","previousEventId":"kdzdh1sfbg8efc5","previousOperationId":"4jw4gcfz62zzzgq"}
{"type":"log","timestamp":1767273027325,"level":"debug","message":"Skipping storing report.","meta":{"rootId":"4v0fdp4sorr1dm1","id":"5i1x9x8ahycleyg"},"id":"5q4y1jm4temd4c7","previousOperationId":"4jw4gcfz62zzzgq"}
{"type":"log","timestamp":1767273027325,"level":"info","message":"Rendering (child) request finished in 4185 ms","meta":{"rootId":"4v0fdp4sorr1dm1","id":"5i1x9x8ahycleyg"},"id":"ica6wjjmb2q6nue","previousOperationId":"4jw4gcfz62zzzgq"}
{"type":"operationEnd","subtype":"render","operationId":"kvmx4yfc7xuh5zq","timestamp":1767273027325,"id":"tu7ywwgzt20lgxg","previousEventId":"t7zn4wvhagkm2ol","previousOperationId":"4jw4gcfz62zzzgq"}
{"type":"log","timestamp":1767273035739,"level":"debug","message":"pptx successfully zipped","meta":{"rootId":"4v0fdp4sorr1dm1","id":"4v0fdp4sorr1dm1"},"id":"u9qzrwvglsvgs4p","previousOperationId":"9ojs8pyw8j24dja"}
{"type":"log","timestamp":1767273035740,"level":"info","message":"pptx generation was finished","meta":{"rootId":"4v0fdp4sorr1dm1","id":"4v0fdp4sorr1dm1"},"id":"yy5ve0470yg1e7a","previousOperationId":"9ojs8pyw8j24dja"}
{"type":"operationEnd","operationId":"9ojs8pyw8j24dja","timestamp":1767273035756,"id":"jpc5ixwr7sm2bzm","previousEventId":"ntr86u8a40t6jcv","previousOperationId":"9ojs8pyw8j24dja"}
{"type":"log","timestamp":1767273035756,"level":"debug","message":"Skipping storing report.","meta":{"rootId":"4v0fdp4sorr1dm1","id":"4v0fdp4sorr1dm1"},"id":"so6lkndlw7ulfjv","previousOperationId":"9ojs8pyw8j24dja"}
{"type":"log","timestamp":1767273035756,"level":"info","message":"Rendering request 1 finished in 12616 ms","meta":{"rootId":"4v0fdp4sorr1dm1","id":"4v0fdp4sorr1dm1"},"id":"8imlej2708eu2h7","previousOperationId":"9ojs8pyw8j24dja"}
{"type":"operationEnd","subtype":"render","operationId":"x8o166xn669aw19","timestamp":1767273035756,"id":"w6of0l230r09wfk","previousEventId":"jpc5ixwr7sm2bzm","previousOperationId":"9ojs8pyw8j24dja"}
{"type":"operationEnd","doDiffs":false,"previousEventId":"x480e0j1ygll8tx","previousOperationId":"6g1d1tjmgo6sg66","operationId":"6g1d1tjmgo6sg66","timestamp":1767273035766,"id":"i07xcubzrjlwg3f"}
