{"type":"operationStart","subtype":"profile","data":{"_id":"kWee7rZC2FpYOLAw","timestamp":"2025-12-27T13:19:41.814Z","state":"running","mode":"standard","creationDate":"2025-12-27T13:19:41.820Z","modificationDate":"2025-12-27T13:19:41.820Z","shortid":"e6_I_qR","$entitySet":"profiles","timeout":60000},"doDiffs":false,"timestamp":1766841581817,"id":"0nu5a758ohvi7pm","previousOperationId":null,"operationId":"dq6ntclgs9bi2rf"}
{"type":"log","level":"info","message":"Render request 8 queued for execution and waiting for available worker","previousOperationId":"dq6ntclgs9bi2rf","timestamp":1766841581817,"id":"c66es7mw56xw5sq"}
{"type":"operationStart","subtype":"render","name":"anonymous","previousOperationId":"dq6ntclgs9bi2rf","timestamp":1766841581871,"id":"7jx28u5tdaje3wk","previousEventId":"0nu5a758ohvi7pm","operationId":"dw4xclir2lc82m2"}
{"type":"log","timestamp":1766841581872,"level":"info","message":"Starting rendering request 8","meta":{"rootId":"4vmkwpwahkgyyyv","id":"4vmkwpwahkgyyyv"},"id":"ta49uzjxgs7l9fm","previousOperationId":"dw4xclir2lc82m2"}
{"type":"log","timestamp":1766841581872,"level":"info","message":"Rendering anonymous template { recipe: pptx, engine: handlebars }","meta":{"rootId":"4vmkwpwahkgyyyv","id":"4vmkwpwahkgyyyv"},"id":"osdxxgrdra56gls","previousOperationId":"dw4xclir2lc82m2"}
{"type":"log","timestamp":1766841581872,"level":"debug","message":"Inline data specified.","meta":{"rootId":"4vmkwpwahkgyyyv","id":"4vmkwpwahkgyyyv"},"id":"xwypz892be8fyx1","previousOperationId":"dw4xclir2lc82m2"}
{"type":"log","timestamp":1766841581878,"level":"debug","message":"Base url not specified, skipping its injection.","meta":{"rootId":"4vmkwpwahkgyyyv","id":"4vmkwpwahkgyyyv"},"id":"5lis5n2kbu98cha","previousOperationId":"dw4xclir2lc82m2"}
{"type":"operationStart","subtype":"engine","name":"handlebars","timestamp":1766841581878,"id":"sd7aygkkrafe462","previousEventId":"7jx28u5tdaje3wk","operationId":"uowp4w8kgs55ywa","previousOperationId":"dw4xclir2lc82m2"}
{"type":"log","timestamp":1766841581878,"level":"debug","message":"Rendering engine handlebars","meta":{"rootId":"4vmkwpwahkgyyyv","id":"4vmkwpwahkgyyyv"},"id":"akdeudql5dxdxrn","previousOperationId":"uowp4w8kgs55ywa"}
{"type":"operationEnd","operationId":"uowp4w8kgs55ywa","timestamp":1766841581895,"id":"1l07u9ex5kfp99g","previousEventId":"sd7aygkkrafe462","previousOperationId":"uowp4w8kgs55ywa"}
{"type":"operationStart","subtype":"recipe","name":"pptx","timestamp":1766841581895,"id":"wh1khf3dxj5r455","previousEventId":"1l07u9ex5kfp99g","operationId":"y78hl9d5t1k6gyx","previousOperationId":"uowp4w8kgs55ywa"}
{"type":"log","timestamp":1766841581895,"level":"debug","message":"Executing recipe pptx","meta":{"rootId":"4vmkwpwahkgyyyv","id":"4vmkwpwahkgyyyv"},"id":"6917gsfednekieb","previousOperationId":"y78hl9d5t1k6gyx"}
{"type":"log","timestamp":1766841581921,"level":"info","message":"pptx generation is starting","meta":{"rootId":"4vmkwpwahkgyyyv","id":"4vmkwpwahkgyyyv"},"id":"9nvf2h1b7hv7zyn","previousOperationId":"y78hl9d5t1k6gyx"}
{"type":"log","timestamp":1766841582892,"level":"debug","message":"Starting child request to render pptx dynamic parts","meta":{"rootId":"4vmkwpwahkgyyyv","id":"4vmkwpwahkgyyyv"},"id":"o1zxm7zevto2mg9","previousOperationId":"y78hl9d5t1k6gyx"}
{"type":"operationStart","subtype":"render","name":"anonymous","previousOperationId":"y78hl9d5t1k6gyx","timestamp":1766841582892,"id":"mqqpv4w5wg48pob","previousEventId":"wh1khf3dxj5r455","operationId":"xp0vr51nqufujc9"}
{"type":"log","timestamp":1766841582892,"level":"info","message":"Starting rendering (child) request","meta":{"rootId":"4vmkwpwahkgyyyv","id":"in98lasmh9x955z"},"id":"07pshusz81l5feo","previousOperationId":"xp0vr51nqufujc9"}
{"type":"log","timestamp":1766841582892,"level":"info","message":"Rendering anonymous template { recipe: html, engine: handlebars }","meta":{"rootId":"4vmkwpwahkgyyyv","id":"in98lasmh9x955z"},"id":"qpq2dcxcqlu78cr","previousOperationId":"xp0vr51nqufujc9"}
{"type":"log","timestamp":1766841582892,"level":"debug","message":"Inline data specified.","meta":{"rootId":"4vmkwpwahkgyyyv","id":"in98lasmh9x955z"},"id":"bkew1kus3l9o8xf","previousOperationId":"xp0vr51nqufujc9"}
{"type":"log","timestamp":1766841582897,"level":"debug","message":"Base url not specified, skipping its injection.","meta":{"rootId":"4vmkwpwahkgyyyv","id":"in98lasmh9x955z"},"id":"vf8mw6c8uir7vqo","previousOperationId":"xp0vr51nqufujc9"}
{"type":"operationStart","subtype":"engine","name":"handlebars","timestamp":1766841582898,"id":"94ctzly3cl218wf","previousEventId":"mqqpv4w5wg48pob","operationId":"mlzmq95hgyyj2f2","previousOperationId":"xp0vr51nqufujc9"}
{"type":"log","timestamp":1766841582898,"level":"debug","message":"Rendering engine handlebars","meta":{"rootId":"4vmkwpwahkgyyyv","id":"in98lasmh9x955z"},"id":"qodznxj3gc0f2sg","previousOperationId":"mlzmq95hgyyj2f2"}
{"type":"operationEnd","operationId":"mlzmq95hgyyj2f2","timestamp":1766841582987,"id":"ph6wu69e6jgzo4f","previousEventId":"94ctzly3cl218wf","previousOperationId":"mlzmq95hgyyj2f2"}
{"type":"operationStart","subtype":"recipe","name":"html","timestamp":1766841582995,"id":"x8us4qc4xbgvcec","previousEventId":"ph6wu69e6jgzo4f","operationId":"9e2chz7brieae6l","previousOperationId":"mlzmq95hgyyj2f2"}
{"type":"log","timestamp":1766841582995,"level":"debug","message":"Executing recipe html","meta":{"rootId":"4vmkwpwahkgyyyv","id":"in98lasmh9x955z"},"id":"bycmogfilxbw8qo","previousOperationId":"9e2chz7brieae6l"}
{"type":"operationEnd","operationId":"9e2chz7brieae6l","timestamp":1766841582995,"id":"gp61tqec7io12zw","previousEventId":"x8us4qc4xbgvcec","previousOperationId":"9e2chz7brieae6l"}
{"type":"log","timestamp":1766841582996,"level":"debug","message":"Skipping storing report.","meta":{"rootId":"4vmkwpwahkgyyyv","id":"in98lasmh9x955z"},"id":"jx2j6sx5fx09lp7","previousOperationId":"9e2chz7brieae6l"}
{"type":"log","timestamp":1766841582996,"level":"info","message":"Rendering (child) request finished in 1184 ms","meta":{"rootId":"4vmkwpwahkgyyyv","id":"in98lasmh9x955z"},"id":"3ocbsibbz957tll","previousOperationId":"9e2chz7brieae6l"}
{"type":"operationEnd","subtype":"render","operationId":"xp0vr51nqufujc9","timestamp":1766841582996,"id":"en9itmtuf2cw93i","previousEventId":"gp61tqec7io12zw","previousOperationId":"9e2chz7brieae6l"}
{"type":"log","timestamp":1766841586360,"level":"debug","message":"pptx successfully zipped","meta":{"rootId":"4vmkwpwahkgyyyv","id":"4vmkwpwahkgyyyv"},"id":"y2b3px36li0t6nf","previousOperationId":"y78hl9d5t1k6gyx"}
{"type":"log","timestamp":1766841586360,"level":"info","message":"pptx generation was finished","meta":{"rootId":"4vmkwpwahkgyyyv","id":"4vmkwpwahkgyyyv"},"id":"tseewxt2z6r734b","previousOperationId":"y78hl9d5t1k6gyx"}
{"type":"operationEnd","operationId":"y78hl9d5t1k6gyx","timestamp":1766841586368,"id":"rxz9afvfqft9j1i","previousEventId":"wh1khf3dxj5r455","previousOperationId":"y78hl9d5t1k6gyx"}
{"type":"log","timestamp":1766841586368,"level":"debug","message":"Skipping storing report.","meta":{"rootId":"4vmkwpwahkgyyyv","id":"4vmkwpwahkgyyyv"},"id":"oeu6vvt5kjs0e56","previousOperationId":"y78hl9d5t1k6gyx"}
{"type":"log","timestamp":1766841586368,"level":"info","message":"Rendering request 8 finished in 4556 ms","meta":{"rootId":"4vmkwpwahkgyyyv","id":"4vmkwpwahkgyyyv"},"id":"3zdldgztxyyl0tl","previousOperationId":"y78hl9d5t1k6gyx"}
{"type":"operationEnd","subtype":"render","operationId":"dw4xclir2lc82m2","timestamp":1766841586368,"id":"qhngljdrtez2bbn","previousEventId":"rxz9afvfqft9j1i","previousOperationId":"y78hl9d5t1k6gyx"}
{"type":"operationEnd","doDiffs":false,"previousEventId":"0nu5a758ohvi7pm","previousOperationId":"dq6ntclgs9bi2rf","operationId":"dq6ntclgs9bi2rf","timestamp":1766841586372,"id":"rfqyapa3u82zk3z"}
