{"type":"operationStart","subtype":"profile","data":{"_id":"XZJ2CY0gujxhj47W","timestamp":"2025-12-27T14:10:21.284Z","state":"running","mode":"standard","creationDate":"2025-12-27T14:10:21.292Z","modificationDate":"2025-12-27T14:10:21.292Z","shortid":"-WCq_Xh","$entitySet":"profiles","timeout":60000},"doDiffs":false,"timestamp":1766844621288,"id":"yi8g0pjpk4qb30d","previousOperationId":null,"operationId":"mtih1c37k5fgnsd"}
{"type":"log","level":"info","message":"Render request 1 queued for execution and waiting for available worker","previousOperationId":"mtih1c37k5fgnsd","timestamp":1766844621288,"id":"c8z4ue2osscdmoy"}
{"type":"operationStart","subtype":"render","name":"anonymous","previousOperationId":"mtih1c37k5fgnsd","timestamp":1766844621367,"id":"mdosp4z5rfpqezu","previousEventId":"yi8g0pjpk4qb30d","operationId":"dd5a17itioyuw2j"}
{"type":"log","timestamp":1766844621368,"level":"info","message":"Starting rendering request 1","meta":{"rootId":"4x7wjqspk6igrgd","id":"4x7wjqspk6igrgd"},"id":"ch3qfylzqeo5s5x","previousOperationId":"dd5a17itioyuw2j"}
{"type":"log","timestamp":1766844621370,"level":"info","message":"Rendering anonymous template { recipe: pptx, engine: handlebars }","meta":{"rootId":"4x7wjqspk6igrgd","id":"4x7wjqspk6igrgd"},"id":"fo1couwmzw8if8c","previousOperationId":"dd5a17itioyuw2j"}
{"type":"log","timestamp":1766844621370,"level":"debug","message":"Inline data specified.","meta":{"rootId":"4x7wjqspk6igrgd","id":"4x7wjqspk6igrgd"},"id":"kqw0jlckqay2tbz","previousOperationId":"dd5a17itioyuw2j"}
{"type":"log","timestamp":1766844621375,"level":"debug","message":"Base url not specified, skipping its injection.","meta":{"rootId":"4x7wjqspk6igrgd","id":"4x7wjqspk6igrgd"},"id":"98n9y63ewoo8i5c","previousOperationId":"dd5a17itioyuw2j"}
{"type":"operationStart","subtype":"engine","name":"handlebars","timestamp":1766844621377,"id":"c1xjtw4i6ccso5w","previousEventId":"mdosp4z5rfpqezu","operationId":"w8gttoeh9h6b4dy","previousOperationId":"dd5a17itioyuw2j"}
{"type":"log","timestamp":1766844621377,"level":"debug","message":"Rendering engine handlebars","meta":{"rootId":"4x7wjqspk6igrgd","id":"4x7wjqspk6igrgd"},"id":"jtmzhwx41iz9vks","previousOperationId":"w8gttoeh9h6b4dy"}
{"type":"operationEnd","operationId":"w8gttoeh9h6b4dy","timestamp":1766844622304,"id":"wdvjotfztfl7uzf","previousEventId":"c1xjtw4i6ccso5w","previousOperationId":"w8gttoeh9h6b4dy"}
{"type":"operationStart","subtype":"recipe","name":"pptx","timestamp":1766844622305,"id":"stgbafbppc4ql1c","previousEventId":"wdvjotfztfl7uzf","operationId":"csr3yrbd3dch959","previousOperationId":"w8gttoeh9h6b4dy"}
{"type":"log","timestamp":1766844622305,"level":"debug","message":"Executing recipe pptx","meta":{"rootId":"4x7wjqspk6igrgd","id":"4x7wjqspk6igrgd"},"id":"awyhayqe139guyf","previousOperationId":"csr3yrbd3dch959"}
{"type":"log","timestamp":1766844622493,"level":"info","message":"pptx generation is starting","meta":{"rootId":"4x7wjqspk6igrgd","id":"4x7wjqspk6igrgd"},"id":"h7japvkhdu7giw2","previousOperationId":"csr3yrbd3dch959"}
{"type":"log","timestamp":1766844623668,"level":"debug","message":"Starting child request to render pptx dynamic parts","meta":{"rootId":"4x7wjqspk6igrgd","id":"4x7wjqspk6igrgd"},"id":"z5eujfsb3x4h1zu","previousOperationId":"csr3yrbd3dch959"}
{"type":"operationStart","subtype":"render","name":"anonymous","previousOperationId":"csr3yrbd3dch959","timestamp":1766844623670,"id":"qzi51fxrhjxu28f","previousEventId":"stgbafbppc4ql1c","operationId":"xsjxfv0v9q80xdg"}
{"type":"log","timestamp":1766844623670,"level":"info","message":"Starting rendering (child) request","meta":{"rootId":"4x7wjqspk6igrgd","id":"jwraze0qlvco57d"},"id":"ka59xx77om1t5fl","previousOperationId":"xsjxfv0v9q80xdg"}
{"type":"log","timestamp":1766844623670,"level":"info","message":"Rendering anonymous template { recipe: html, engine: handlebars }","meta":{"rootId":"4x7wjqspk6igrgd","id":"jwraze0qlvco57d"},"id":"hh7s2cfyb6wocti","previousOperationId":"xsjxfv0v9q80xdg"}
{"type":"log","timestamp":1766844623670,"level":"debug","message":"Inline data specified.","meta":{"rootId":"4x7wjqspk6igrgd","id":"jwraze0qlvco57d"},"id":"dv4fw3s3jeb7wau","previousOperationId":"xsjxfv0v9q80xdg"}
{"type":"log","timestamp":1766844623676,"level":"debug","message":"Base url not specified, skipping its injection.","meta":{"rootId":"4x7wjqspk6igrgd","id":"jwraze0qlvco57d"},"id":"dzxopz6u80qmz3i","previousOperationId":"xsjxfv0v9q80xdg"}
{"type":"operationStart","subtype":"engine","name":"handlebars","timestamp":1766844623678,"id":"vhyhlj5hd2ys2b6","previousEventId":"qzi51fxrhjxu28f","operationId":"ujlplc38qzgbr1d","previousOperationId":"xsjxfv0v9q80xdg"}
{"type":"log","timestamp":1766844623678,"level":"debug","message":"Rendering engine handlebars","meta":{"rootId":"4x7wjqspk6igrgd","id":"jwraze0qlvco57d"},"id":"rwafz8uo3vdyktc","previousOperationId":"ujlplc38qzgbr1d"}
{"type":"operationEnd","operationId":"ujlplc38qzgbr1d","timestamp":1766844623823,"id":"i1kemztk9vv6jyb","previousEventId":"vhyhlj5hd2ys2b6","previousOperationId":"ujlplc38qzgbr1d"}
{"type":"operationStart","subtype":"recipe","name":"html","timestamp":1766844623834,"id":"sra0k66sijlpnwc","previousEventId":"i1kemztk9vv6jyb","operationId":"habir81yq9gr5kw","previousOperationId":"ujlplc38qzgbr1d"}
{"type":"log","timestamp":1766844623834,"level":"debug","message":"Executing recipe html","meta":{"rootId":"4x7wjqspk6igrgd","id":"jwraze0qlvco57d"},"id":"atilz2h8z8lqnz8","previousOperationId":"habir81yq9gr5kw"}
{"type":"operationEnd","operationId":"habir81yq9gr5kw","timestamp":1766844623834,"id":"b27lc0mdpoeyy1k","previousEventId":"sra0k66sijlpnwc","previousOperationId":"habir81yq9gr5kw"}
{"type":"log","timestamp":1766844623835,"level":"debug","message":"Skipping storing report.","meta":{"rootId":"4x7wjqspk6igrgd","id":"jwraze0qlvco57d"},"id":"k6okcgm5if3et5v","previousOperationId":"habir81yq9gr5kw"}
{"type":"log","timestamp":1766844623836,"level":"info","message":"Rendering (child) request finished in 2553 ms","meta":{"rootId":"4x7wjqspk6igrgd","id":"jwraze0qlvco57d"},"id":"43doh9s49b25mhq","previousOperationId":"habir81yq9gr5kw"}
{"type":"operationEnd","subtype":"render","operationId":"xsjxfv0v9q80xdg","timestamp":1766844623836,"id":"8nx2jocctj1yb3s","previousEventId":"b27lc0mdpoeyy1k","previousOperationId":"habir81yq9gr5kw"}
{"type":"log","timestamp":1766844627945,"level":"debug","message":"pptx successfully zipped","meta":{"rootId":"4x7wjqspk6igrgd","id":"4x7wjqspk6igrgd"},"id":"bgaehmf2xo40xyk","previousOperationId":"csr3yrbd3dch959"}
{"type":"log","timestamp":1766844627945,"level":"info","message":"pptx generation was finished","meta":{"rootId":"4x7wjqspk6igrgd","id":"4x7wjqspk6igrgd"},"id":"qmiiyjvswbf85r5","previousOperationId":"csr3yrbd3dch959"}
{"type":"operationEnd","operationId":"csr3yrbd3dch959","timestamp":1766844627959,"id":"3dz9mw61mctnocc","previousEventId":"stgbafbppc4ql1c","previousOperationId":"csr3yrbd3dch959"}
{"type":"log","timestamp":1766844627959,"level":"debug","message":"Skipping storing report.","meta":{"rootId":"4x7wjqspk6igrgd","id":"4x7wjqspk6igrgd"},"id":"km3k67oqzh3nx71","previousOperationId":"csr3yrbd3dch959"}
{"type":"log","timestamp":1766844627959,"level":"info","message":"Rendering request 1 finished in 6677 ms","meta":{"rootId":"4x7wjqspk6igrgd","id":"4x7wjqspk6igrgd"},"id":"xdp8j24qfp2j2wa","previousOperationId":"csr3yrbd3dch959"}
{"type":"operationEnd","subtype":"render","operationId":"dd5a17itioyuw2j","timestamp":1766844627959,"id":"covuw0egl2kdonk","previousEventId":"3dz9mw61mctnocc","previousOperationId":"csr3yrbd3dch959"}
{"type":"operationEnd","doDiffs":false,"previousEventId":"yi8g0pjpk4qb30d","previousOperationId":"mtih1c37k5fgnsd","operationId":"mtih1c37k5fgnsd","timestamp":1766844627965,"id":"f5ay10agv64sple"}
