{"type":"operationStart","subtype":"profile","data":{"_id":"0zLq1YOzVYXAUJa0","timestamp":"2025-12-07T21:23:30.788Z","state":"running","mode":"standard","creationDate":"2025-12-07T21:23:30.793Z","modificationDate":"2025-12-07T21:23:30.793Z","shortid":"6Iys9K2","$entitySet":"profiles","timeout":60000},"doDiffs":false,"timestamp":1765142610792,"id":"uj7s8rnva5sr8b3","previousOperationId":null,"operationId":"enpgthvzu5ynp0u"}
{"type":"log","level":"info","message":"Render request 3 queued for execution and waiting for available worker","previousOperationId":"enpgthvzu5ynp0u","timestamp":1765142610792,"id":"p3koolkfe7ll7j7"}
{"type":"operationStart","subtype":"render","name":"anonymous","previousOperationId":"enpgthvzu5ynp0u","timestamp":1765142610836,"id":"5x0cjob5mnwjg3c","previousEventId":"uj7s8rnva5sr8b3","operationId":"f6p41j5opmig9tc"}
{"type":"log","timestamp":1765142610837,"level":"info","message":"Starting rendering request 3","meta":{"rootId":"4xufhnxb1mbes1c","id":"4xufhnxb1mbes1c"},"id":"4s2h683miyicuir","previousOperationId":"f6p41j5opmig9tc"}
{"type":"log","timestamp":1765142610837,"level":"info","message":"Rendering anonymous template { recipe: pptx, engine: handlebars }","meta":{"rootId":"4xufhnxb1mbes1c","id":"4xufhnxb1mbes1c"},"id":"opa7mphzw106brt","previousOperationId":"f6p41j5opmig9tc"}
{"type":"log","timestamp":1765142610837,"level":"debug","message":"Inline data specified.","meta":{"rootId":"4xufhnxb1mbes1c","id":"4xufhnxb1mbes1c"},"id":"ac1zouxxnulzv1l","previousOperationId":"f6p41j5opmig9tc"}
{"type":"log","timestamp":1765142610840,"level":"debug","message":"Base url not specified, skipping its injection.","meta":{"rootId":"4xufhnxb1mbes1c","id":"4xufhnxb1mbes1c"},"id":"p81pr57jlxehcmm","previousOperationId":"f6p41j5opmig9tc"}
{"type":"operationStart","subtype":"engine","name":"handlebars","timestamp":1765142610841,"id":"6ko5ahzb0fwiiu7","previousEventId":"5x0cjob5mnwjg3c","operationId":"kovcieli203qijz","previousOperationId":"f6p41j5opmig9tc"}
{"type":"log","timestamp":1765142610841,"level":"debug","message":"Rendering engine handlebars","meta":{"rootId":"4xufhnxb1mbes1c","id":"4xufhnxb1mbes1c"},"id":"8fy6w1shyo94l5t","previousOperationId":"kovcieli203qijz"}
{"type":"operationEnd","operationId":"kovcieli203qijz","timestamp":1765142610916,"id":"7zdrxw8eov4s852","previousEventId":"6ko5ahzb0fwiiu7","previousOperationId":"kovcieli203qijz"}
{"type":"operationStart","subtype":"recipe","name":"pptx","timestamp":1765142610916,"id":"4bs4me1g64h2mnt","previousEventId":"7zdrxw8eov4s852","operationId":"f03gxff5nznntwo","previousOperationId":"kovcieli203qijz"}
{"type":"log","timestamp":1765142610916,"level":"debug","message":"Executing recipe pptx","meta":{"rootId":"4xufhnxb1mbes1c","id":"4xufhnxb1mbes1c"},"id":"vv9s20hgokpt95t","previousOperationId":"f03gxff5nznntwo"}
{"type":"log","timestamp":1765142610942,"level":"info","message":"pptx generation is starting","meta":{"rootId":"4xufhnxb1mbes1c","id":"4xufhnxb1mbes1c"},"id":"1agpsi3ilyj4o26","previousOperationId":"f03gxff5nznntwo"}
{"type":"log","timestamp":1765142612038,"level":"debug","message":"Starting child request to render pptx dynamic parts","meta":{"rootId":"4xufhnxb1mbes1c","id":"4xufhnxb1mbes1c"},"id":"707qp3yy45rg6q2","previousOperationId":"f03gxff5nznntwo"}
{"type":"operationStart","subtype":"render","name":"anonymous","previousOperationId":"f03gxff5nznntwo","timestamp":1765142612039,"id":"w1kw55zlgq5llbd","previousEventId":"4bs4me1g64h2mnt","operationId":"2ima24jkin36h9n"}
{"type":"log","timestamp":1765142612039,"level":"info","message":"Starting rendering (child) request","meta":{"rootId":"4xufhnxb1mbes1c","id":"702ngffdnn125ck"},"id":"j8i8wvw4djm099w","previousOperationId":"2ima24jkin36h9n"}
{"type":"log","timestamp":1765142612039,"level":"info","message":"Rendering anonymous template { recipe: html, engine: handlebars }","meta":{"rootId":"4xufhnxb1mbes1c","id":"702ngffdnn125ck"},"id":"ufuxr7o5566tvj4","previousOperationId":"2ima24jkin36h9n"}
{"type":"log","timestamp":1765142612039,"level":"debug","message":"Inline data specified.","meta":{"rootId":"4xufhnxb1mbes1c","id":"702ngffdnn125ck"},"id":"qtwqje34cjzoucq","previousOperationId":"2ima24jkin36h9n"}
{"type":"log","timestamp":1765142612048,"level":"debug","message":"Base url not specified, skipping its injection.","meta":{"rootId":"4xufhnxb1mbes1c","id":"702ngffdnn125ck"},"id":"txj1e8ajxijnqba","previousOperationId":"2ima24jkin36h9n"}
{"type":"operationStart","subtype":"engine","name":"handlebars","timestamp":1765142612049,"id":"ly21tsl671kol7t","previousEventId":"w1kw55zlgq5llbd","operationId":"kokjl6nnco4j5hl","previousOperationId":"2ima24jkin36h9n"}
{"type":"log","timestamp":1765142612049,"level":"debug","message":"Rendering engine handlebars","meta":{"rootId":"4xufhnxb1mbes1c","id":"702ngffdnn125ck"},"id":"8m0hs3g7oh0qmvv","previousOperationId":"kokjl6nnco4j5hl"}
{"type":"operationEnd","operationId":"kokjl6nnco4j5hl","timestamp":1765142612148,"id":"huzgzorm4apiq4i","previousEventId":"ly21tsl671kol7t","previousOperationId":"kokjl6nnco4j5hl"}
{"type":"operationStart","subtype":"recipe","name":"html","timestamp":1765142612157,"id":"3uw4oa1jw96ip03","previousEventId":"huzgzorm4apiq4i","operationId":"4zgpqafqjqfxyq8","previousOperationId":"kokjl6nnco4j5hl"}
{"type":"log","timestamp":1765142612157,"level":"debug","message":"Executing recipe html","meta":{"rootId":"4xufhnxb1mbes1c","id":"702ngffdnn125ck"},"id":"ez4oa794nefnnrv","previousOperationId":"4zgpqafqjqfxyq8"}
{"type":"operationEnd","operationId":"4zgpqafqjqfxyq8","timestamp":1765142612157,"id":"0ztzjxep6iqx4nt","previousEventId":"3uw4oa1jw96ip03","previousOperationId":"4zgpqafqjqfxyq8"}
{"type":"log","timestamp":1765142612157,"level":"debug","message":"Skipping storing report.","meta":{"rootId":"4xufhnxb1mbes1c","id":"702ngffdnn125ck"},"id":"g86gyuxal8ajnph","previousOperationId":"4zgpqafqjqfxyq8"}
{"type":"log","timestamp":1765142612158,"level":"info","message":"Rendering (child) request finished in 1370 ms","meta":{"rootId":"4xufhnxb1mbes1c","id":"702ngffdnn125ck"},"id":"qw1wr5bt4jgzic5","previousOperationId":"4zgpqafqjqfxyq8"}
{"type":"operationEnd","subtype":"render","operationId":"2ima24jkin36h9n","timestamp":1765142612158,"id":"z7xehahzc3v1wx3","previousEventId":"0ztzjxep6iqx4nt","previousOperationId":"4zgpqafqjqfxyq8"}
{"type":"log","timestamp":1765142615962,"level":"debug","message":"pptx successfully zipped","meta":{"rootId":"4xufhnxb1mbes1c","id":"4xufhnxb1mbes1c"},"id":"qkmem5fwsfr7kkg","previousOperationId":"f03gxff5nznntwo"}
{"type":"log","timestamp":1765142615962,"level":"info","message":"pptx generation was finished","meta":{"rootId":"4xufhnxb1mbes1c","id":"4xufhnxb1mbes1c"},"id":"8r8i1furen49pac","previousOperationId":"f03gxff5nznntwo"}
{"type":"operationEnd","operationId":"f03gxff5nznntwo","timestamp":1765142615972,"id":"drz4z16x710huyj","previousEventId":"4bs4me1g64h2mnt","previousOperationId":"f03gxff5nznntwo"}
{"type":"log","timestamp":1765142615972,"level":"debug","message":"Skipping storing report.","meta":{"rootId":"4xufhnxb1mbes1c","id":"4xufhnxb1mbes1c"},"id":"3c8ilk118s0ywqz","previousOperationId":"f03gxff5nznntwo"}
{"type":"log","timestamp":1765142615972,"level":"info","message":"Rendering request 3 finished in 5184 ms","meta":{"rootId":"4xufhnxb1mbes1c","id":"4xufhnxb1mbes1c"},"id":"awoi6v79hxabq48","previousOperationId":"f03gxff5nznntwo"}
{"type":"operationEnd","subtype":"render","operationId":"f6p41j5opmig9tc","timestamp":1765142615972,"id":"5g46hmkj1p9cko9","previousEventId":"drz4z16x710huyj","previousOperationId":"f03gxff5nznntwo"}
{"type":"operationEnd","doDiffs":false,"previousEventId":"uj7s8rnva5sr8b3","previousOperationId":"enpgthvzu5ynp0u","operationId":"enpgthvzu5ynp0u","timestamp":1765142615977,"id":"jjee23cjjorvm6g"}
