{"type":"operationStart","subtype":"profile","data":{"_id":"BGDYzHo8lsDLWfmL","timestamp":"2025-12-30T18:09:46.110Z","state":"running","mode":"standard","creationDate":"2025-12-30T18:09:46.120Z","modificationDate":"2025-12-30T18:09:46.120Z","shortid":"xVwU1NQ","$entitySet":"profiles","timeout":60000},"doDiffs":false,"timestamp":1767118186117,"id":"88y365v52jl5iux","previousOperationId":null,"operationId":"1rxpqn4eungkpj8"}
{"type":"log","level":"info","message":"Render request 2 queued for execution and waiting for available worker","previousOperationId":"1rxpqn4eungkpj8","timestamp":1767118186117,"id":"iqrih8tyvzmtda9"}
{"type":"operationStart","subtype":"render","name":"anonymous","previousOperationId":"1rxpqn4eungkpj8","timestamp":1767118186187,"id":"srah7gvtcexs155","previousEventId":"88y365v52jl5iux","operationId":"tvh1u9nbivpl3jc"}
{"type":"log","timestamp":1767118186190,"level":"info","message":"Starting rendering request 2","meta":{"rootId":"4yzer0upbovvkq6","id":"4yzer0upbovvkq6"},"id":"ai361nuax4h8hog","previousOperationId":"tvh1u9nbivpl3jc"}
{"type":"log","timestamp":1767118186193,"level":"info","message":"Rendering anonymous template { recipe: pptx, engine: handlebars }","meta":{"rootId":"4yzer0upbovvkq6","id":"4yzer0upbovvkq6"},"id":"vg72aa7ngl0b4jt","previousOperationId":"tvh1u9nbivpl3jc"}
{"type":"log","timestamp":1767118186193,"level":"debug","message":"Inline data specified.","meta":{"rootId":"4yzer0upbovvkq6","id":"4yzer0upbovvkq6"},"id":"p5g2xf3ofsfq5yq","previousOperationId":"tvh1u9nbivpl3jc"}
{"type":"log","timestamp":1767118186207,"level":"debug","message":"Base url not specified, skipping its injection.","meta":{"rootId":"4yzer0upbovvkq6","id":"4yzer0upbovvkq6"},"id":"z6t0itmzy9pq1zx","previousOperationId":"tvh1u9nbivpl3jc"}
{"type":"operationStart","subtype":"engine","name":"handlebars","timestamp":1767118186212,"id":"xx3hevleqqfcimy","previousEventId":"srah7gvtcexs155","operationId":"cg8uungpijx23gu","previousOperationId":"tvh1u9nbivpl3jc"}
{"type":"log","timestamp":1767118186212,"level":"debug","message":"Rendering engine handlebars","meta":{"rootId":"4yzer0upbovvkq6","id":"4yzer0upbovvkq6"},"id":"9wwotm6t1smxh6d","previousOperationId":"cg8uungpijx23gu"}
{"type":"operationEnd","operationId":"cg8uungpijx23gu","timestamp":1767118187485,"id":"tavetojmf4xzqm2","previousEventId":"xx3hevleqqfcimy","previousOperationId":"cg8uungpijx23gu"}
{"type":"operationStart","subtype":"recipe","name":"pptx","timestamp":1767118187486,"id":"anc6162i8v1jwfb","previousEventId":"tavetojmf4xzqm2","operationId":"bst6h627p25zmhn","previousOperationId":"cg8uungpijx23gu"}
{"type":"log","timestamp":1767118187486,"level":"debug","message":"Executing recipe pptx","meta":{"rootId":"4yzer0upbovvkq6","id":"4yzer0upbovvkq6"},"id":"csg3cqhr86ovql0","previousOperationId":"bst6h627p25zmhn"}
{"type":"log","timestamp":1767118187764,"level":"info","message":"pptx generation is starting","meta":{"rootId":"4yzer0upbovvkq6","id":"4yzer0upbovvkq6"},"id":"c5jfhws09rp3evr","previousOperationId":"bst6h627p25zmhn"}
{"type":"log","timestamp":1767118189659,"level":"debug","message":"Starting child request to render pptx dynamic parts","meta":{"rootId":"4yzer0upbovvkq6","id":"4yzer0upbovvkq6"},"id":"9uikynu0pizy24f","previousOperationId":"bst6h627p25zmhn"}
{"type":"operationStart","subtype":"render","name":"anonymous","previousOperationId":"bst6h627p25zmhn","timestamp":1767118189661,"id":"10bh4ycmrk3bstu","previousEventId":"anc6162i8v1jwfb","operationId":"jpik3stqvt8ttsw"}
{"type":"log","timestamp":1767118189661,"level":"info","message":"Starting rendering (child) request","meta":{"rootId":"4yzer0upbovvkq6","id":"rt2m0vkw3nw3shu"},"id":"ugl6gzql7qd1zyi","previousOperationId":"jpik3stqvt8ttsw"}
{"type":"log","timestamp":1767118189661,"level":"info","message":"Rendering anonymous template { recipe: html, engine: handlebars }","meta":{"rootId":"4yzer0upbovvkq6","id":"rt2m0vkw3nw3shu"},"id":"w9bajyx8fstcoty","previousOperationId":"jpik3stqvt8ttsw"}
{"type":"log","timestamp":1767118189662,"level":"debug","message":"Inline data specified.","meta":{"rootId":"4yzer0upbovvkq6","id":"rt2m0vkw3nw3shu"},"id":"vwpn1l6j66snevp","previousOperationId":"jpik3stqvt8ttsw"}
{"type":"log","timestamp":1767118189670,"level":"debug","message":"Base url not specified, skipping its injection.","meta":{"rootId":"4yzer0upbovvkq6","id":"rt2m0vkw3nw3shu"},"id":"9p1vwmxc5na3p8q","previousOperationId":"jpik3stqvt8ttsw"}
{"type":"operationStart","subtype":"engine","name":"handlebars","timestamp":1767118189671,"id":"0q5ruxvig3k7t1q","previousEventId":"10bh4ycmrk3bstu","operationId":"dnlb155i72qbh9r","previousOperationId":"jpik3stqvt8ttsw"}
{"type":"log","timestamp":1767118189671,"level":"debug","message":"Rendering engine handlebars","meta":{"rootId":"4yzer0upbovvkq6","id":"rt2m0vkw3nw3shu"},"id":"2m8i3qpybck2fam","previousOperationId":"dnlb155i72qbh9r"}
{"type":"log","timestamp":1767118189896,"level":"debug","message":"(console:log) {\n  type: 'echarts@v5a',\n  width: 848,\n  height: 409,\n  option: { radar: [ [Object] ], series: [ [Object] ] }\n}","meta":{"userLevel":true,"rootId":"4yzer0upbovvkq6","id":"rt2m0vkw3nw3shu"},"id":"xpwfnz6jwat0cw1","previousOperationId":"dnlb155i72qbh9r"}
{"type":"operationEnd","operationId":"dnlb155i72qbh9r","timestamp":1767118189905,"id":"vn84gx87qpzswg0","previousEventId":"0q5ruxvig3k7t1q","previousOperationId":"dnlb155i72qbh9r"}
{"type":"operationStart","subtype":"recipe","name":"html","timestamp":1767118189923,"id":"srpsc4xvbujscnt","previousEventId":"vn84gx87qpzswg0","operationId":"0av30nbiwks0sf3","previousOperationId":"dnlb155i72qbh9r"}
{"type":"log","timestamp":1767118189923,"level":"debug","message":"Executing recipe html","meta":{"rootId":"4yzer0upbovvkq6","id":"rt2m0vkw3nw3shu"},"id":"sckkcmmgbkuvcn8","previousOperationId":"0av30nbiwks0sf3"}
{"type":"operationEnd","operationId":"0av30nbiwks0sf3","timestamp":1767118189923,"id":"8orbio3nvgibjsg","previousEventId":"srpsc4xvbujscnt","previousOperationId":"0av30nbiwks0sf3"}
{"type":"log","timestamp":1767118189924,"level":"debug","message":"Skipping storing report.","meta":{"rootId":"4yzer0upbovvkq6","id":"rt2m0vkw3nw3shu"},"id":"nfbtd7l8fvazjr8","previousOperationId":"0av30nbiwks0sf3"}
{"type":"log","timestamp":1767118189925,"level":"info","message":"Rendering (child) request finished in 3816 ms","meta":{"rootId":"4yzer0upbovvkq6","id":"rt2m0vkw3nw3shu"},"id":"r0ianioifxdmq8p","previousOperationId":"0av30nbiwks0sf3"}
{"type":"operationEnd","subtype":"render","operationId":"jpik3stqvt8ttsw","timestamp":1767118189925,"id":"9uiedq962eaz773","previousEventId":"8orbio3nvgibjsg","previousOperationId":"0av30nbiwks0sf3"}
{"type":"log","timestamp":1767118195924,"level":"debug","message":"pptx successfully zipped","meta":{"rootId":"4yzer0upbovvkq6","id":"4yzer0upbovvkq6"},"id":"0xf1e4myzdxy66w","previousOperationId":"bst6h627p25zmhn"}
{"type":"log","timestamp":1767118195924,"level":"info","message":"pptx generation was finished","meta":{"rootId":"4yzer0upbovvkq6","id":"4yzer0upbovvkq6"},"id":"h33cg5leza6zu4i","previousOperationId":"bst6h627p25zmhn"}
{"type":"operationEnd","operationId":"bst6h627p25zmhn","timestamp":1767118195941,"id":"rfg4jq9n8wqopal","previousEventId":"anc6162i8v1jwfb","previousOperationId":"bst6h627p25zmhn"}
{"type":"log","timestamp":1767118195941,"level":"debug","message":"Skipping storing report.","meta":{"rootId":"4yzer0upbovvkq6","id":"4yzer0upbovvkq6"},"id":"pvjffawdag51bsz","previousOperationId":"bst6h627p25zmhn"}
{"type":"log","timestamp":1767118195941,"level":"info","message":"Rendering request 2 finished in 9832 ms","meta":{"rootId":"4yzer0upbovvkq6","id":"4yzer0upbovvkq6"},"id":"h6rjgueb1wq2598","previousOperationId":"bst6h627p25zmhn"}
{"type":"operationEnd","subtype":"render","operationId":"tvh1u9nbivpl3jc","timestamp":1767118195941,"id":"qe5ah6rpz6pkdza","previousEventId":"rfg4jq9n8wqopal","previousOperationId":"bst6h627p25zmhn"}
{"type":"operationEnd","doDiffs":false,"previousEventId":"88y365v52jl5iux","previousOperationId":"1rxpqn4eungkpj8","operationId":"1rxpqn4eungkpj8","timestamp":1767118195950,"id":"cakt3wxr61ux497"}
