{"type":"operationStart","subtype":"profile","data":{"_id":"Sk3jY2rdG4VOPUZ1","timestamp":"2025-12-28T19:09:29.339Z","state":"running","mode":"standard","creationDate":"2025-12-28T19:09:29.352Z","modificationDate":"2025-12-28T19:09:29.352Z","shortid":"ajaSGQE","$entitySet":"profiles","timeout":60000},"doDiffs":false,"timestamp":1766948969346,"id":"o867m6zei4ix11i","previousOperationId":null,"operationId":"aq2vq4gfb6rar6a"}
{"type":"log","level":"info","message":"Render request 1 queued for execution and waiting for available worker","previousOperationId":"aq2vq4gfb6rar6a","timestamp":1766948969346,"id":"ve8oo9oz1ykxj04"}
{"type":"operationStart","subtype":"render","name":"anonymous","previousOperationId":"aq2vq4gfb6rar6a","timestamp":1766948969434,"id":"0c2dh0jv8yqykpk","previousEventId":"o867m6zei4ix11i","operationId":"xhdfta8trmiale7"}
{"type":"log","timestamp":1766948969435,"level":"info","message":"Starting rendering request 1","meta":{"rootId":"4z7971wkln71ndz","id":"4z7971wkln71ndz"},"id":"pfs9y5i1rnplevi","previousOperationId":"xhdfta8trmiale7"}
{"type":"log","timestamp":1766948969437,"level":"info","message":"Rendering anonymous template { recipe: pptx, engine: handlebars }","meta":{"rootId":"4z7971wkln71ndz","id":"4z7971wkln71ndz"},"id":"7pc4bfj35xjhxc7","previousOperationId":"xhdfta8trmiale7"}
{"type":"log","timestamp":1766948969437,"level":"debug","message":"Inline data specified.","meta":{"rootId":"4z7971wkln71ndz","id":"4z7971wkln71ndz"},"id":"9fkd571t7djr704","previousOperationId":"xhdfta8trmiale7"}
{"type":"log","timestamp":1766948969446,"level":"debug","message":"Base url not specified, skipping its injection.","meta":{"rootId":"4z7971wkln71ndz","id":"4z7971wkln71ndz"},"id":"du7unkddwxbd9yd","previousOperationId":"xhdfta8trmiale7"}
{"type":"operationStart","subtype":"engine","name":"handlebars","timestamp":1766948969447,"id":"4xg8bgikd6pn9t4","previousEventId":"0c2dh0jv8yqykpk","operationId":"ld6psrz3m515fet","previousOperationId":"xhdfta8trmiale7"}
{"type":"log","timestamp":1766948969447,"level":"debug","message":"Rendering engine handlebars","meta":{"rootId":"4z7971wkln71ndz","id":"4z7971wkln71ndz"},"id":"7lbxfhptdxjfzej","previousOperationId":"ld6psrz3m515fet"}
{"type":"operationEnd","operationId":"ld6psrz3m515fet","timestamp":1766948970255,"id":"4gztkxrp5ylm4gc","previousEventId":"4xg8bgikd6pn9t4","previousOperationId":"ld6psrz3m515fet"}
{"type":"operationStart","subtype":"recipe","name":"pptx","timestamp":1766948970255,"id":"j0ohcp4wr7kde9z","previousEventId":"4gztkxrp5ylm4gc","operationId":"69cio18edjuh0xv","previousOperationId":"ld6psrz3m515fet"}
{"type":"log","timestamp":1766948970256,"level":"debug","message":"Executing recipe pptx","meta":{"rootId":"4z7971wkln71ndz","id":"4z7971wkln71ndz"},"id":"ljezmbopbz7b5tx","previousOperationId":"69cio18edjuh0xv"}
{"type":"log","timestamp":1766948970409,"level":"info","message":"pptx generation is starting","meta":{"rootId":"4z7971wkln71ndz","id":"4z7971wkln71ndz"},"id":"zy8v9dl3iclhu9q","previousOperationId":"69cio18edjuh0xv"}
{"type":"log","timestamp":1766948971576,"level":"debug","message":"Starting child request to render pptx dynamic parts","meta":{"rootId":"4z7971wkln71ndz","id":"4z7971wkln71ndz"},"id":"ogqvdm9pr1d7lxd","previousOperationId":"69cio18edjuh0xv"}
{"type":"operationStart","subtype":"render","name":"anonymous","previousOperationId":"69cio18edjuh0xv","timestamp":1766948971576,"id":"vxydxwdddcni7z0","previousEventId":"j0ohcp4wr7kde9z","operationId":"vxoq02t0r62wpzj"}
{"type":"log","timestamp":1766948971577,"level":"info","message":"Starting rendering (child) request","meta":{"rootId":"4z7971wkln71ndz","id":"tws6lfr01urpml6"},"id":"o7p5ynb6baq042h","previousOperationId":"vxoq02t0r62wpzj"}
{"type":"log","timestamp":1766948971577,"level":"info","message":"Rendering anonymous template { recipe: html, engine: handlebars }","meta":{"rootId":"4z7971wkln71ndz","id":"tws6lfr01urpml6"},"id":"cq7xww17ha4bibk","previousOperationId":"vxoq02t0r62wpzj"}
{"type":"log","timestamp":1766948971577,"level":"debug","message":"Inline data specified.","meta":{"rootId":"4z7971wkln71ndz","id":"tws6lfr01urpml6"},"id":"yyapipxknvwtf6i","previousOperationId":"vxoq02t0r62wpzj"}
{"type":"log","timestamp":1766948971582,"level":"debug","message":"Base url not specified, skipping its injection.","meta":{"rootId":"4z7971wkln71ndz","id":"tws6lfr01urpml6"},"id":"aw056dyx80lcj6g","previousOperationId":"vxoq02t0r62wpzj"}
{"type":"operationStart","subtype":"engine","name":"handlebars","timestamp":1766948971584,"id":"bplh28heawl5dc8","previousEventId":"vxydxwdddcni7z0","operationId":"2naj9ekuf0cmw9o","previousOperationId":"vxoq02t0r62wpzj"}
{"type":"log","timestamp":1766948971584,"level":"debug","message":"Rendering engine handlebars","meta":{"rootId":"4z7971wkln71ndz","id":"tws6lfr01urpml6"},"id":"dku92jerqevsvpi","previousOperationId":"2naj9ekuf0cmw9o"}
{"type":"log","timestamp":1766948971726,"level":"debug","message":"(console:log) {\n  type: 'echarts@v5a',\n  width: 848,\n  height: 409,\n  option: { radar: [ [Object] ], series: [ [Object] ] }\n}","meta":{"userLevel":true,"rootId":"4z7971wkln71ndz","id":"tws6lfr01urpml6"},"id":"3ltp57yk1zk16ak","previousOperationId":"2naj9ekuf0cmw9o"}
{"type":"operationEnd","operationId":"2naj9ekuf0cmw9o","timestamp":1766948971735,"id":"wt9cqxz0964bdbg","previousEventId":"bplh28heawl5dc8","previousOperationId":"2naj9ekuf0cmw9o"}
{"type":"operationStart","subtype":"recipe","name":"html","timestamp":1766948971749,"id":"1w7zo0w6ru33yni","previousEventId":"wt9cqxz0964bdbg","operationId":"h444m1uujgm7dw5","previousOperationId":"2naj9ekuf0cmw9o"}
{"type":"log","timestamp":1766948971749,"level":"debug","message":"Executing recipe html","meta":{"rootId":"4z7971wkln71ndz","id":"tws6lfr01urpml6"},"id":"gfql32o8c85uzpx","previousOperationId":"h444m1uujgm7dw5"}
{"type":"operationEnd","operationId":"h444m1uujgm7dw5","timestamp":1766948971749,"id":"r90lo07ge16jyai","previousEventId":"1w7zo0w6ru33yni","previousOperationId":"h444m1uujgm7dw5"}
{"type":"log","timestamp":1766948971750,"level":"debug","message":"Skipping storing report.","meta":{"rootId":"4z7971wkln71ndz","id":"tws6lfr01urpml6"},"id":"3x24l7t4vhk1evu","previousOperationId":"h444m1uujgm7dw5"}
{"type":"log","timestamp":1766948971750,"level":"info","message":"Rendering (child) request finished in 2416 ms","meta":{"rootId":"4z7971wkln71ndz","id":"tws6lfr01urpml6"},"id":"zzim2reu10t99ma","previousOperationId":"h444m1uujgm7dw5"}
{"type":"operationEnd","subtype":"render","operationId":"vxoq02t0r62wpzj","timestamp":1766948971750,"id":"utrm72kfm0t1rhr","previousEventId":"r90lo07ge16jyai","previousOperationId":"h444m1uujgm7dw5"}
{"type":"log","timestamp":1766948977155,"level":"debug","message":"pptx successfully zipped","meta":{"rootId":"4z7971wkln71ndz","id":"4z7971wkln71ndz"},"id":"8u9c3crpnybillq","previousOperationId":"69cio18edjuh0xv"}
{"type":"log","timestamp":1766948977155,"level":"info","message":"pptx generation was finished","meta":{"rootId":"4z7971wkln71ndz","id":"4z7971wkln71ndz"},"id":"6ezlhk8vpubd9ic","previousOperationId":"69cio18edjuh0xv"}
{"type":"operationEnd","operationId":"69cio18edjuh0xv","timestamp":1766948977168,"id":"jgrfo0ht3c2n51z","previousEventId":"j0ohcp4wr7kde9z","previousOperationId":"69cio18edjuh0xv"}
{"type":"log","timestamp":1766948977168,"level":"debug","message":"Skipping storing report.","meta":{"rootId":"4z7971wkln71ndz","id":"4z7971wkln71ndz"},"id":"plqcvew4o9szk6e","previousOperationId":"69cio18edjuh0xv"}
{"type":"log","timestamp":1766948977168,"level":"info","message":"Rendering request 1 finished in 7834 ms","meta":{"rootId":"4z7971wkln71ndz","id":"4z7971wkln71ndz"},"id":"82nvniyumpde4cj","previousOperationId":"69cio18edjuh0xv"}
{"type":"operationEnd","subtype":"render","operationId":"xhdfta8trmiale7","timestamp":1766948977169,"id":"flbgrnh7luvg3qt","previousEventId":"jgrfo0ht3c2n51z","previousOperationId":"69cio18edjuh0xv"}
{"type":"operationEnd","doDiffs":false,"previousEventId":"o867m6zei4ix11i","previousOperationId":"aq2vq4gfb6rar6a","operationId":"aq2vq4gfb6rar6a","timestamp":1766948977174,"id":"vg97y7k30vv5lb6"}
