{"type":"operationStart","subtype":"profile","data":{"_id":"RpsKRZgAGkxJllUc","timestamp":"2025-12-27T16:28:09.373Z","state":"running","mode":"standard","creationDate":"2025-12-27T16:28:09.378Z","modificationDate":"2025-12-27T16:28:09.378Z","shortid":"mCtfuXN","$entitySet":"profiles","timeout":60000},"doDiffs":false,"timestamp":1766852889376,"id":"bq45b8f2n4qzzi6","previousOperationId":null,"operationId":"v901g3e5dcprzci"}
{"type":"log","level":"info","message":"Render request 1 queued for execution and waiting for available worker","previousOperationId":"v901g3e5dcprzci","timestamp":1766852889376,"id":"mxok45utxrqzkqj"}
{"type":"operationStart","subtype":"render","name":"anonymous","previousOperationId":"v901g3e5dcprzci","timestamp":1766852889454,"id":"y9xsphln1eltrdc","previousEventId":"bq45b8f2n4qzzi6","operationId":"bpfx64ib1w09ehi"}
{"type":"log","timestamp":1766852889455,"level":"info","message":"Starting rendering request 1","meta":{"rootId":"50ty9hf7lcoihjf","id":"50ty9hf7lcoihjf"},"id":"94u53cqj2iy1984","previousOperationId":"bpfx64ib1w09ehi"}
{"type":"log","timestamp":1766852889456,"level":"info","message":"Rendering anonymous template { recipe: pptx, engine: handlebars }","meta":{"rootId":"50ty9hf7lcoihjf","id":"50ty9hf7lcoihjf"},"id":"oj2ow221g4x9252","previousOperationId":"bpfx64ib1w09ehi"}
{"type":"log","timestamp":1766852889457,"level":"debug","message":"Inline data specified.","meta":{"rootId":"50ty9hf7lcoihjf","id":"50ty9hf7lcoihjf"},"id":"kyp4rffg8bdxf55","previousOperationId":"bpfx64ib1w09ehi"}
{"type":"log","timestamp":1766852889462,"level":"debug","message":"Base url not specified, skipping its injection.","meta":{"rootId":"50ty9hf7lcoihjf","id":"50ty9hf7lcoihjf"},"id":"08tzxnp982bomz3","previousOperationId":"bpfx64ib1w09ehi"}
{"type":"operationStart","subtype":"engine","name":"handlebars","timestamp":1766852889464,"id":"v6vxm7exbaxgr6e","previousEventId":"y9xsphln1eltrdc","operationId":"hq7evgnpmgioiaf","previousOperationId":"bpfx64ib1w09ehi"}
{"type":"log","timestamp":1766852889464,"level":"debug","message":"Rendering engine handlebars","meta":{"rootId":"50ty9hf7lcoihjf","id":"50ty9hf7lcoihjf"},"id":"otgxoz9m7eaitrh","previousOperationId":"hq7evgnpmgioiaf"}
{"type":"operationEnd","operationId":"hq7evgnpmgioiaf","timestamp":1766852890314,"id":"baxsil5a6rb0ha1","previousEventId":"v6vxm7exbaxgr6e","previousOperationId":"hq7evgnpmgioiaf"}
{"type":"operationStart","subtype":"recipe","name":"pptx","timestamp":1766852890315,"id":"zwh63t9msrwzz5l","previousEventId":"baxsil5a6rb0ha1","operationId":"yj7e3r5pfq3tzra","previousOperationId":"hq7evgnpmgioiaf"}
{"type":"log","timestamp":1766852890315,"level":"debug","message":"Executing recipe pptx","meta":{"rootId":"50ty9hf7lcoihjf","id":"50ty9hf7lcoihjf"},"id":"13fqnoiblm6sapa","previousOperationId":"yj7e3r5pfq3tzra"}
{"type":"log","timestamp":1766852890472,"level":"info","message":"pptx generation is starting","meta":{"rootId":"50ty9hf7lcoihjf","id":"50ty9hf7lcoihjf"},"id":"iqwepvhjuxlhhjg","previousOperationId":"yj7e3r5pfq3tzra"}
{"type":"log","timestamp":1766852891532,"level":"debug","message":"Starting child request to render pptx dynamic parts","meta":{"rootId":"50ty9hf7lcoihjf","id":"50ty9hf7lcoihjf"},"id":"vavqfu52q24j085","previousOperationId":"yj7e3r5pfq3tzra"}
{"type":"operationStart","subtype":"render","name":"anonymous","previousOperationId":"yj7e3r5pfq3tzra","timestamp":1766852891533,"id":"sq1itz9w3m0vh3o","previousEventId":"zwh63t9msrwzz5l","operationId":"y4semdmxhmbanbq"}
{"type":"log","timestamp":1766852891533,"level":"info","message":"Starting rendering (child) request","meta":{"rootId":"50ty9hf7lcoihjf","id":"qkvqpehmsog5frn"},"id":"aww7hhq19ehh176","previousOperationId":"y4semdmxhmbanbq"}
{"type":"log","timestamp":1766852891533,"level":"info","message":"Rendering anonymous template { recipe: html, engine: handlebars }","meta":{"rootId":"50ty9hf7lcoihjf","id":"qkvqpehmsog5frn"},"id":"my2cd7uc4outd40","previousOperationId":"y4semdmxhmbanbq"}
{"type":"log","timestamp":1766852891533,"level":"debug","message":"Inline data specified.","meta":{"rootId":"50ty9hf7lcoihjf","id":"qkvqpehmsog5frn"},"id":"l9w4ct1rzjjgjn3","previousOperationId":"y4semdmxhmbanbq"}
{"type":"log","timestamp":1766852891538,"level":"debug","message":"Base url not specified, skipping its injection.","meta":{"rootId":"50ty9hf7lcoihjf","id":"qkvqpehmsog5frn"},"id":"zi7x2mrxyu7owzo","previousOperationId":"y4semdmxhmbanbq"}
{"type":"operationStart","subtype":"engine","name":"handlebars","timestamp":1766852891539,"id":"fn3s1ts8gaehj9i","previousEventId":"sq1itz9w3m0vh3o","operationId":"7234jt8j1kjm32w","previousOperationId":"y4semdmxhmbanbq"}
{"type":"log","timestamp":1766852891539,"level":"debug","message":"Rendering engine handlebars","meta":{"rootId":"50ty9hf7lcoihjf","id":"qkvqpehmsog5frn"},"id":"oh27g40mqbw1jr4","previousOperationId":"7234jt8j1kjm32w"}
{"type":"log","timestamp":1766852891679,"level":"debug","message":"(console:log) {\n  type: 'echarts@v5a',\n  width: 848,\n  height: 409,\n  option: { radar: [ [Object] ], series: [ [Object] ] }\n}","meta":{"userLevel":true,"rootId":"50ty9hf7lcoihjf","id":"qkvqpehmsog5frn"},"id":"tbfatkvixczyb9l","previousOperationId":"7234jt8j1kjm32w"}
{"type":"operationEnd","operationId":"7234jt8j1kjm32w","timestamp":1766852891686,"id":"kgal4vj9hlhn4u2","previousEventId":"fn3s1ts8gaehj9i","previousOperationId":"7234jt8j1kjm32w"}
{"type":"operationStart","subtype":"recipe","name":"html","timestamp":1766852891697,"id":"8rsmfopan5bonj2","previousEventId":"kgal4vj9hlhn4u2","operationId":"q4izfjwau7iwbg4","previousOperationId":"7234jt8j1kjm32w"}
{"type":"log","timestamp":1766852891697,"level":"debug","message":"Executing recipe html","meta":{"rootId":"50ty9hf7lcoihjf","id":"qkvqpehmsog5frn"},"id":"vi41pkqgk9grm6o","previousOperationId":"q4izfjwau7iwbg4"}
{"type":"operationEnd","operationId":"q4izfjwau7iwbg4","timestamp":1766852891697,"id":"30zpw2doyersvw3","previousEventId":"8rsmfopan5bonj2","previousOperationId":"q4izfjwau7iwbg4"}
{"type":"log","timestamp":1766852891698,"level":"debug","message":"Skipping storing report.","meta":{"rootId":"50ty9hf7lcoihjf","id":"qkvqpehmsog5frn"},"id":"99r96nkhazo0xtu","previousOperationId":"q4izfjwau7iwbg4"}
{"type":"log","timestamp":1766852891698,"level":"info","message":"Rendering (child) request finished in 2326 ms","meta":{"rootId":"50ty9hf7lcoihjf","id":"qkvqpehmsog5frn"},"id":"cghstidk8ckdfvy","previousOperationId":"q4izfjwau7iwbg4"}
{"type":"operationEnd","subtype":"render","operationId":"y4semdmxhmbanbq","timestamp":1766852891698,"id":"8qlp5iss6ygkwsc","previousEventId":"30zpw2doyersvw3","previousOperationId":"q4izfjwau7iwbg4"}
{"type":"log","timestamp":1766852896000,"level":"debug","message":"pptx successfully zipped","meta":{"rootId":"50ty9hf7lcoihjf","id":"50ty9hf7lcoihjf"},"id":"q1hrmiycza118wu","previousOperationId":"yj7e3r5pfq3tzra"}
{"type":"log","timestamp":1766852896000,"level":"info","message":"pptx generation was finished","meta":{"rootId":"50ty9hf7lcoihjf","id":"50ty9hf7lcoihjf"},"id":"jyme72b9p79khtt","previousOperationId":"yj7e3r5pfq3tzra"}
{"type":"operationEnd","operationId":"yj7e3r5pfq3tzra","timestamp":1766852896014,"id":"6ufdarq7lvojx0s","previousEventId":"zwh63t9msrwzz5l","previousOperationId":"yj7e3r5pfq3tzra"}
{"type":"log","timestamp":1766852896014,"level":"debug","message":"Skipping storing report.","meta":{"rootId":"50ty9hf7lcoihjf","id":"50ty9hf7lcoihjf"},"id":"754w2hj9k5i0aac","previousOperationId":"yj7e3r5pfq3tzra"}
{"type":"log","timestamp":1766852896014,"level":"info","message":"Rendering request 1 finished in 6642 ms","meta":{"rootId":"50ty9hf7lcoihjf","id":"50ty9hf7lcoihjf"},"id":"bxmjccgwrxsmbqw","previousOperationId":"yj7e3r5pfq3tzra"}
{"type":"operationEnd","subtype":"render","operationId":"bpfx64ib1w09ehi","timestamp":1766852896014,"id":"9o4zjdo6zmhnahi","previousEventId":"6ufdarq7lvojx0s","previousOperationId":"yj7e3r5pfq3tzra"}
{"type":"operationEnd","doDiffs":false,"previousEventId":"bq45b8f2n4qzzi6","previousOperationId":"v901g3e5dcprzci","operationId":"v901g3e5dcprzci","timestamp":1766852896022,"id":"zgn421vd0ut7q0a"}
