{"type":"operationStart","subtype":"profile","data":{"_id":"LJviAnsP7t7EcoMS","timestamp":"2025-12-26T09:35:30.407Z","state":"running","mode":"standard","creationDate":"2025-12-26T09:35:30.412Z","modificationDate":"2025-12-26T09:35:30.412Z","shortid":"2UDBw4n","$entitySet":"profiles","timeout":60000},"doDiffs":false,"timestamp":1766741730410,"id":"3p3okux0k2474sp","previousOperationId":null,"operationId":"v2f5y5ur2q80osq"}
{"type":"log","level":"info","message":"Render request 3 queued for execution and waiting for available worker","previousOperationId":"v2f5y5ur2q80osq","timestamp":1766741730410,"id":"acjh83nvsbop9ek"}
{"type":"operationStart","subtype":"render","name":"anonymous","previousOperationId":"v2f5y5ur2q80osq","timestamp":1766741730455,"id":"pvouj6nnz7xxy20","previousEventId":"3p3okux0k2474sp","operationId":"8s9y82kvsx1gdyn"}
{"type":"log","timestamp":1766741730455,"level":"info","message":"Starting rendering request 3","meta":{"rootId":"55dm6v5m75tvy2l","id":"55dm6v5m75tvy2l"},"id":"ss1xp1qq0p9p6g7","previousOperationId":"8s9y82kvsx1gdyn"}
{"type":"log","timestamp":1766741730456,"level":"info","message":"Rendering anonymous template { recipe: pptx, engine: handlebars }","meta":{"rootId":"55dm6v5m75tvy2l","id":"55dm6v5m75tvy2l"},"id":"hw76vdgka7bp5n3","previousOperationId":"8s9y82kvsx1gdyn"}
{"type":"log","timestamp":1766741730456,"level":"debug","message":"Inline data specified.","meta":{"rootId":"55dm6v5m75tvy2l","id":"55dm6v5m75tvy2l"},"id":"pwhh0m5cy6u2hkn","previousOperationId":"8s9y82kvsx1gdyn"}
{"type":"log","timestamp":1766741730458,"level":"debug","message":"Base url not specified, skipping its injection.","meta":{"rootId":"55dm6v5m75tvy2l","id":"55dm6v5m75tvy2l"},"id":"ywxamfz2ujqn7zj","previousOperationId":"8s9y82kvsx1gdyn"}
{"type":"operationStart","subtype":"engine","name":"handlebars","timestamp":1766741730458,"id":"to4kq5b4ac3ffpg","previousEventId":"pvouj6nnz7xxy20","operationId":"i85raztko6zcww6","previousOperationId":"8s9y82kvsx1gdyn"}
{"type":"log","timestamp":1766741730458,"level":"debug","message":"Rendering engine handlebars","meta":{"rootId":"55dm6v5m75tvy2l","id":"55dm6v5m75tvy2l"},"id":"zrnzpaxne3wjr7h","previousOperationId":"i85raztko6zcww6"}
{"type":"operationEnd","operationId":"i85raztko6zcww6","timestamp":1766741730472,"id":"jxzr7te3rqt79np","previousEventId":"to4kq5b4ac3ffpg","previousOperationId":"i85raztko6zcww6"}
{"type":"operationStart","subtype":"recipe","name":"pptx","timestamp":1766741730473,"id":"ploce5huqje1a31","previousEventId":"jxzr7te3rqt79np","operationId":"qzwomedkmgn5nl8","previousOperationId":"i85raztko6zcww6"}
{"type":"log","timestamp":1766741730473,"level":"debug","message":"Executing recipe pptx","meta":{"rootId":"55dm6v5m75tvy2l","id":"55dm6v5m75tvy2l"},"id":"2mha8g47p48tphf","previousOperationId":"qzwomedkmgn5nl8"}
{"type":"log","timestamp":1766741730492,"level":"info","message":"pptx generation is starting","meta":{"rootId":"55dm6v5m75tvy2l","id":"55dm6v5m75tvy2l"},"id":"oni0sfss0bn3bja","previousOperationId":"qzwomedkmgn5nl8"}
{"type":"log","timestamp":1766741731555,"level":"debug","message":"Starting child request to render pptx dynamic parts","meta":{"rootId":"55dm6v5m75tvy2l","id":"55dm6v5m75tvy2l"},"id":"sw93lm5raclsd5g","previousOperationId":"qzwomedkmgn5nl8"}
{"type":"operationStart","subtype":"render","name":"anonymous","previousOperationId":"qzwomedkmgn5nl8","timestamp":1766741731555,"id":"tnhxkgbxijbfxa6","previousEventId":"ploce5huqje1a31","operationId":"eiuxeszurb0mguf"}
{"type":"log","timestamp":1766741731555,"level":"info","message":"Starting rendering (child) request","meta":{"rootId":"55dm6v5m75tvy2l","id":"egzpddp4oflcb5x"},"id":"8wskan5n7n9mpyk","previousOperationId":"eiuxeszurb0mguf"}
{"type":"log","timestamp":1766741731555,"level":"info","message":"Rendering anonymous template { recipe: html, engine: handlebars }","meta":{"rootId":"55dm6v5m75tvy2l","id":"egzpddp4oflcb5x"},"id":"ecqoiwl41e0d3be","previousOperationId":"eiuxeszurb0mguf"}
{"type":"log","timestamp":1766741731555,"level":"debug","message":"Inline data specified.","meta":{"rootId":"55dm6v5m75tvy2l","id":"egzpddp4oflcb5x"},"id":"8lbz5caxp17gjch","previousOperationId":"eiuxeszurb0mguf"}
{"type":"log","timestamp":1766741731561,"level":"debug","message":"Base url not specified, skipping its injection.","meta":{"rootId":"55dm6v5m75tvy2l","id":"egzpddp4oflcb5x"},"id":"6l5yivstb3s6916","previousOperationId":"eiuxeszurb0mguf"}
{"type":"operationStart","subtype":"engine","name":"handlebars","timestamp":1766741731564,"id":"5xmdity4g7etsuo","previousEventId":"tnhxkgbxijbfxa6","operationId":"lc00kard1v6by6w","previousOperationId":"eiuxeszurb0mguf"}
{"type":"log","timestamp":1766741731564,"level":"debug","message":"Rendering engine handlebars","meta":{"rootId":"55dm6v5m75tvy2l","id":"egzpddp4oflcb5x"},"id":"3fx6tacvuioegm5","previousOperationId":"lc00kard1v6by6w"}
{"type":"operationEnd","operationId":"lc00kard1v6by6w","timestamp":1766741731672,"id":"bnp822a2594amyi","previousEventId":"5xmdity4g7etsuo","previousOperationId":"lc00kard1v6by6w"}
{"type":"operationStart","subtype":"recipe","name":"html","timestamp":1766741731679,"id":"bvqzgv3w8s2wfmx","previousEventId":"bnp822a2594amyi","operationId":"78khzj5mdamem1s","previousOperationId":"lc00kard1v6by6w"}
{"type":"log","timestamp":1766741731679,"level":"debug","message":"Executing recipe html","meta":{"rootId":"55dm6v5m75tvy2l","id":"egzpddp4oflcb5x"},"id":"adr5eg9eoaw2k6h","previousOperationId":"78khzj5mdamem1s"}
{"type":"operationEnd","operationId":"78khzj5mdamem1s","timestamp":1766741731679,"id":"e90ar4b3zvh8zub","previousEventId":"bvqzgv3w8s2wfmx","previousOperationId":"78khzj5mdamem1s"}
{"type":"log","timestamp":1766741731679,"level":"debug","message":"Skipping storing report.","meta":{"rootId":"55dm6v5m75tvy2l","id":"egzpddp4oflcb5x"},"id":"zivve1itz84ao80","previousOperationId":"78khzj5mdamem1s"}
{"type":"log","timestamp":1766741731679,"level":"info","message":"Rendering (child) request finished in 1273 ms","meta":{"rootId":"55dm6v5m75tvy2l","id":"egzpddp4oflcb5x"},"id":"65zt9dgigctar5y","previousOperationId":"78khzj5mdamem1s"}
{"type":"operationEnd","subtype":"render","operationId":"eiuxeszurb0mguf","timestamp":1766741731679,"id":"somb5xjt88sfwds","previousEventId":"e90ar4b3zvh8zub","previousOperationId":"78khzj5mdamem1s"}
{"type":"log","timestamp":1766741734825,"level":"debug","message":"pptx successfully zipped","meta":{"rootId":"55dm6v5m75tvy2l","id":"55dm6v5m75tvy2l"},"id":"ju9tgj45xkjozko","previousOperationId":"qzwomedkmgn5nl8"}
{"type":"log","timestamp":1766741734825,"level":"info","message":"pptx generation was finished","meta":{"rootId":"55dm6v5m75tvy2l","id":"55dm6v5m75tvy2l"},"id":"vyqg9evf6g52ywj","previousOperationId":"qzwomedkmgn5nl8"}
{"type":"operationEnd","operationId":"qzwomedkmgn5nl8","timestamp":1766741734833,"id":"l2k7it7l1hjljp7","previousEventId":"ploce5huqje1a31","previousOperationId":"qzwomedkmgn5nl8"}
{"type":"log","timestamp":1766741734833,"level":"debug","message":"Skipping storing report.","meta":{"rootId":"55dm6v5m75tvy2l","id":"55dm6v5m75tvy2l"},"id":"mslokd8yavjtyhc","previousOperationId":"qzwomedkmgn5nl8"}
{"type":"log","timestamp":1766741734833,"level":"info","message":"Rendering request 3 finished in 4427 ms","meta":{"rootId":"55dm6v5m75tvy2l","id":"55dm6v5m75tvy2l"},"id":"uxpfyqinjkteztd","previousOperationId":"qzwomedkmgn5nl8"}
{"type":"operationEnd","subtype":"render","operationId":"8s9y82kvsx1gdyn","timestamp":1766741734833,"id":"t1jw08o3ds5p9bz","previousEventId":"l2k7it7l1hjljp7","previousOperationId":"qzwomedkmgn5nl8"}
{"type":"operationEnd","doDiffs":false,"previousEventId":"3p3okux0k2474sp","previousOperationId":"v2f5y5ur2q80osq","operationId":"v2f5y5ur2q80osq","timestamp":1766741734839,"id":"mhi3wd39k8pymi0"}
