{"type":"operationStart","subtype":"profile","data":{"_id":"rKnULLCmWlmuV0wQ","timestamp":"2025-12-31T09:03:12.090Z","state":"running","mode":"standard","creationDate":"2025-12-31T09:03:12.097Z","modificationDate":"2025-12-31T09:03:12.097Z","shortid":"871NkYg","$entitySet":"profiles","timeout":60000},"doDiffs":false,"timestamp":1767171792094,"id":"3wgdqz1g8sabee9","previousOperationId":null,"operationId":"s4i75pfz1n24g9s"}
{"type":"log","level":"info","message":"Render request 3 queued for execution and waiting for available worker","previousOperationId":"s4i75pfz1n24g9s","timestamp":1767171792094,"id":"o68xg6ngmovwq9b"}
{"type":"operationStart","subtype":"render","name":"anonymous","previousOperationId":"s4i75pfz1n24g9s","timestamp":1767171792167,"id":"etjwyhmey7zyamn","previousEventId":"3wgdqz1g8sabee9","operationId":"dl5bj2ey6r93y2f"}
{"type":"log","timestamp":1767171792168,"level":"info","message":"Starting rendering request 3","meta":{"rootId":"56dulzdj7i4lcrd","id":"56dulzdj7i4lcrd"},"id":"67e259eejini1ut","previousOperationId":"dl5bj2ey6r93y2f"}
{"type":"log","timestamp":1767171792168,"level":"info","message":"Rendering anonymous template { recipe: pptx, engine: handlebars }","meta":{"rootId":"56dulzdj7i4lcrd","id":"56dulzdj7i4lcrd"},"id":"9i2p31lblp32eog","previousOperationId":"dl5bj2ey6r93y2f"}
{"type":"log","timestamp":1767171792168,"level":"debug","message":"Inline data specified.","meta":{"rootId":"56dulzdj7i4lcrd","id":"56dulzdj7i4lcrd"},"id":"6nifvwvpohrdg4h","previousOperationId":"dl5bj2ey6r93y2f"}
{"type":"log","timestamp":1767171792179,"level":"debug","message":"Base url not specified, skipping its injection.","meta":{"rootId":"56dulzdj7i4lcrd","id":"56dulzdj7i4lcrd"},"id":"1puscobrrxdsyip","previousOperationId":"dl5bj2ey6r93y2f"}
{"type":"operationStart","subtype":"engine","name":"handlebars","timestamp":1767171792180,"id":"qdjqnqx6cgbern5","previousEventId":"etjwyhmey7zyamn","operationId":"g9mc33ureyuizpg","previousOperationId":"dl5bj2ey6r93y2f"}
{"type":"log","timestamp":1767171792181,"level":"debug","message":"Rendering engine handlebars","meta":{"rootId":"56dulzdj7i4lcrd","id":"56dulzdj7i4lcrd"},"id":"iqy8r6au7nfeq0x","previousOperationId":"g9mc33ureyuizpg"}
{"type":"operationEnd","operationId":"g9mc33ureyuizpg","timestamp":1767171792211,"id":"etdy9loj3rjg4d7","previousEventId":"qdjqnqx6cgbern5","previousOperationId":"g9mc33ureyuizpg"}
{"type":"operationStart","subtype":"recipe","name":"pptx","timestamp":1767171792211,"id":"avngm56sxd0wjmg","previousEventId":"etdy9loj3rjg4d7","operationId":"ggde8zt3rm4hm1j","previousOperationId":"g9mc33ureyuizpg"}
{"type":"log","timestamp":1767171792211,"level":"debug","message":"Executing recipe pptx","meta":{"rootId":"56dulzdj7i4lcrd","id":"56dulzdj7i4lcrd"},"id":"bot3d2au6tp9i7t","previousOperationId":"ggde8zt3rm4hm1j"}
{"type":"log","timestamp":1767171792232,"level":"info","message":"pptx generation is starting","meta":{"rootId":"56dulzdj7i4lcrd","id":"56dulzdj7i4lcrd"},"id":"cr58itxaqha3ela","previousOperationId":"ggde8zt3rm4hm1j"}
{"type":"log","timestamp":1767171794140,"level":"debug","message":"Starting child request to render pptx dynamic parts","meta":{"rootId":"56dulzdj7i4lcrd","id":"56dulzdj7i4lcrd"},"id":"a3eo43ntp2umt25","previousOperationId":"ggde8zt3rm4hm1j"}
{"type":"operationStart","subtype":"render","name":"anonymous","previousOperationId":"ggde8zt3rm4hm1j","timestamp":1767171794141,"id":"sxstbwzgpvozi35","previousEventId":"avngm56sxd0wjmg","operationId":"vjrgbcjx8homldo"}
{"type":"log","timestamp":1767171794141,"level":"info","message":"Starting rendering (child) request","meta":{"rootId":"56dulzdj7i4lcrd","id":"zb45m0rbpgvisup"},"id":"vu08l27n33s3rqu","previousOperationId":"vjrgbcjx8homldo"}
{"type":"log","timestamp":1767171794141,"level":"info","message":"Rendering anonymous template { recipe: html, engine: handlebars }","meta":{"rootId":"56dulzdj7i4lcrd","id":"zb45m0rbpgvisup"},"id":"p46tb8t6b6oldf1","previousOperationId":"vjrgbcjx8homldo"}
{"type":"log","timestamp":1767171794141,"level":"debug","message":"Inline data specified.","meta":{"rootId":"56dulzdj7i4lcrd","id":"zb45m0rbpgvisup"},"id":"0l6lmkhompq4yji","previousOperationId":"vjrgbcjx8homldo"}
{"type":"log","timestamp":1767171794147,"level":"debug","message":"Base url not specified, skipping its injection.","meta":{"rootId":"56dulzdj7i4lcrd","id":"zb45m0rbpgvisup"},"id":"jnr8yry27yu5rbg","previousOperationId":"vjrgbcjx8homldo"}
{"type":"operationStart","subtype":"engine","name":"handlebars","timestamp":1767171794151,"id":"26em7fz5wnsxxem","previousEventId":"sxstbwzgpvozi35","operationId":"gkqtyraiu4uavjx","previousOperationId":"vjrgbcjx8homldo"}
{"type":"log","timestamp":1767171794151,"level":"debug","message":"Rendering engine handlebars","meta":{"rootId":"56dulzdj7i4lcrd","id":"zb45m0rbpgvisup"},"id":"nrr6pzjj7nhnfur","previousOperationId":"gkqtyraiu4uavjx"}
{"type":"log","timestamp":1767171794378,"level":"debug","message":"(console:log) {\n  type: 'echarts@v5a',\n  width: 848,\n  height: 409,\n  option: { radar: [ [Object] ], series: [ [Object] ] }\n}","meta":{"userLevel":true,"rootId":"56dulzdj7i4lcrd","id":"zb45m0rbpgvisup"},"id":"qirqcm73m89ktdj","previousOperationId":"gkqtyraiu4uavjx"}
{"type":"operationEnd","operationId":"gkqtyraiu4uavjx","timestamp":1767171794397,"id":"s01e143agl5pob7","previousEventId":"26em7fz5wnsxxem","previousOperationId":"gkqtyraiu4uavjx"}
{"type":"operationStart","subtype":"recipe","name":"html","timestamp":1767171794417,"id":"sg0u0oqq6ayisd7","previousEventId":"s01e143agl5pob7","operationId":"gyq1bec0k2bku6d","previousOperationId":"gkqtyraiu4uavjx"}
{"type":"log","timestamp":1767171794417,"level":"debug","message":"Executing recipe html","meta":{"rootId":"56dulzdj7i4lcrd","id":"zb45m0rbpgvisup"},"id":"96k3cinnn0wntai","previousOperationId":"gyq1bec0k2bku6d"}
{"type":"operationEnd","operationId":"gyq1bec0k2bku6d","timestamp":1767171794418,"id":"lbcbfpiexqeuxvj","previousEventId":"sg0u0oqq6ayisd7","previousOperationId":"gyq1bec0k2bku6d"}
{"type":"log","timestamp":1767171794418,"level":"debug","message":"Skipping storing report.","meta":{"rootId":"56dulzdj7i4lcrd","id":"zb45m0rbpgvisup"},"id":"rmbzoo63ut4mly0","previousOperationId":"gyq1bec0k2bku6d"}
{"type":"log","timestamp":1767171794418,"level":"info","message":"Rendering (child) request finished in 2332 ms","meta":{"rootId":"56dulzdj7i4lcrd","id":"zb45m0rbpgvisup"},"id":"1dl3wn0gej49xth","previousOperationId":"gyq1bec0k2bku6d"}
{"type":"operationEnd","subtype":"render","operationId":"vjrgbcjx8homldo","timestamp":1767171794418,"id":"3vq19chk9g2abcv","previousEventId":"lbcbfpiexqeuxvj","previousOperationId":"gyq1bec0k2bku6d"}
{"type":"log","timestamp":1767171799542,"level":"debug","message":"pptx successfully zipped","meta":{"rootId":"56dulzdj7i4lcrd","id":"56dulzdj7i4lcrd"},"id":"jhf8p29apkn8c1i","previousOperationId":"ggde8zt3rm4hm1j"}
{"type":"log","timestamp":1767171799542,"level":"info","message":"pptx generation was finished","meta":{"rootId":"56dulzdj7i4lcrd","id":"56dulzdj7i4lcrd"},"id":"bkpmnbcv3dyzc54","previousOperationId":"ggde8zt3rm4hm1j"}
{"type":"operationEnd","operationId":"ggde8zt3rm4hm1j","timestamp":1767171799553,"id":"z9jeiqbo7www4at","previousEventId":"avngm56sxd0wjmg","previousOperationId":"ggde8zt3rm4hm1j"}
{"type":"log","timestamp":1767171799553,"level":"debug","message":"Skipping storing report.","meta":{"rootId":"56dulzdj7i4lcrd","id":"56dulzdj7i4lcrd"},"id":"u5ni96pzvblq35w","previousOperationId":"ggde8zt3rm4hm1j"}
{"type":"log","timestamp":1767171799553,"level":"info","message":"Rendering request 3 finished in 7467 ms","meta":{"rootId":"56dulzdj7i4lcrd","id":"56dulzdj7i4lcrd"},"id":"qs68wqilwuklovw","previousOperationId":"ggde8zt3rm4hm1j"}
{"type":"operationEnd","subtype":"render","operationId":"dl5bj2ey6r93y2f","timestamp":1767171799553,"id":"5pebchmh74u7mq7","previousEventId":"z9jeiqbo7www4at","previousOperationId":"ggde8zt3rm4hm1j"}
{"type":"operationEnd","doDiffs":false,"previousEventId":"3wgdqz1g8sabee9","previousOperationId":"s4i75pfz1n24g9s","operationId":"s4i75pfz1n24g9s","timestamp":1767171799562,"id":"vizrq93irx498kj"}
