{"type":"operationStart","subtype":"profile","data":{"_id":"wPz52zXnsSTB0N4i","timestamp":"2025-12-31T10:39:20.630Z","state":"running","mode":"standard","creationDate":"2025-12-31T10:39:20.645Z","modificationDate":"2025-12-31T10:39:20.645Z","shortid":"i0h9LbC","$entitySet":"profiles","timeout":60000},"doDiffs":false,"timestamp":1767177560639,"id":"49ubt57iw9mlzwl","previousOperationId":null,"operationId":"ueyilyt4gcim77j"}
{"type":"log","level":"info","message":"Render request 20 queued for execution and waiting for available worker","previousOperationId":"ueyilyt4gcim77j","timestamp":1767177560640,"id":"2nsl7jx4ap6keda"}
{"type":"operationStart","subtype":"render","name":"anonymous","previousOperationId":"ueyilyt4gcim77j","timestamp":1767177560700,"id":"v16c4ayn4vkcu7w","previousEventId":"49ubt57iw9mlzwl","operationId":"g0pojsn9chudhq9"}
{"type":"log","timestamp":1767177560700,"level":"info","message":"Starting rendering request 20","meta":{"rootId":"56nw0kyz7gxd9ix","id":"56nw0kyz7gxd9ix"},"id":"5fpieb6u065s436","previousOperationId":"g0pojsn9chudhq9"}
{"type":"log","timestamp":1767177560701,"level":"info","message":"Rendering anonymous template { recipe: pptx, engine: handlebars }","meta":{"rootId":"56nw0kyz7gxd9ix","id":"56nw0kyz7gxd9ix"},"id":"exjv0v5044hnr23","previousOperationId":"g0pojsn9chudhq9"}
{"type":"log","timestamp":1767177560701,"level":"debug","message":"Inline data specified.","meta":{"rootId":"56nw0kyz7gxd9ix","id":"56nw0kyz7gxd9ix"},"id":"duoggnajp5fptyz","previousOperationId":"g0pojsn9chudhq9"}
{"type":"log","timestamp":1767177560709,"level":"debug","message":"Base url not specified, skipping its injection.","meta":{"rootId":"56nw0kyz7gxd9ix","id":"56nw0kyz7gxd9ix"},"id":"rbnhnwz4noqolew","previousOperationId":"g0pojsn9chudhq9"}
{"type":"operationStart","subtype":"engine","name":"handlebars","timestamp":1767177560710,"id":"nyn0f8zbxoivex8","previousEventId":"v16c4ayn4vkcu7w","operationId":"y2rzg13b8p1y3mf","previousOperationId":"g0pojsn9chudhq9"}
{"type":"log","timestamp":1767177560710,"level":"debug","message":"Rendering engine handlebars","meta":{"rootId":"56nw0kyz7gxd9ix","id":"56nw0kyz7gxd9ix"},"id":"h74lbz269faqvbg","previousOperationId":"y2rzg13b8p1y3mf"}
{"type":"operationEnd","operationId":"y2rzg13b8p1y3mf","timestamp":1767177560726,"id":"paqsbmwa4q17oe4","previousEventId":"nyn0f8zbxoivex8","previousOperationId":"y2rzg13b8p1y3mf"}
{"type":"operationStart","subtype":"recipe","name":"pptx","timestamp":1767177560726,"id":"h8w1wvo40plxuyc","previousEventId":"paqsbmwa4q17oe4","operationId":"mb8bzbe7p7u6of8","previousOperationId":"y2rzg13b8p1y3mf"}
{"type":"log","timestamp":1767177560726,"level":"debug","message":"Executing recipe pptx","meta":{"rootId":"56nw0kyz7gxd9ix","id":"56nw0kyz7gxd9ix"},"id":"uhw11m76025xyzr","previousOperationId":"mb8bzbe7p7u6of8"}
{"type":"log","timestamp":1767177560749,"level":"info","message":"pptx generation is starting","meta":{"rootId":"56nw0kyz7gxd9ix","id":"56nw0kyz7gxd9ix"},"id":"i87mej3g9bbtors","previousOperationId":"mb8bzbe7p7u6of8"}
{"type":"log","timestamp":1767177562737,"level":"debug","message":"Starting child request to render pptx dynamic parts","meta":{"rootId":"56nw0kyz7gxd9ix","id":"56nw0kyz7gxd9ix"},"id":"9dnbx70bj5cxaw3","previousOperationId":"mb8bzbe7p7u6of8"}
{"type":"operationStart","subtype":"render","name":"anonymous","previousOperationId":"mb8bzbe7p7u6of8","timestamp":1767177562741,"id":"1essvnq3hgrcrym","previousEventId":"h8w1wvo40plxuyc","operationId":"u1ebkn3s5nedcsg"}
{"type":"log","timestamp":1767177562741,"level":"info","message":"Starting rendering (child) request","meta":{"rootId":"56nw0kyz7gxd9ix","id":"qpbgguaxup3ja9t"},"id":"at2smn1y0ufo57q","previousOperationId":"u1ebkn3s5nedcsg"}
{"type":"log","timestamp":1767177562741,"level":"info","message":"Rendering anonymous template { recipe: html, engine: handlebars }","meta":{"rootId":"56nw0kyz7gxd9ix","id":"qpbgguaxup3ja9t"},"id":"aouw5io313q7rm4","previousOperationId":"u1ebkn3s5nedcsg"}
{"type":"log","timestamp":1767177562741,"level":"debug","message":"Inline data specified.","meta":{"rootId":"56nw0kyz7gxd9ix","id":"qpbgguaxup3ja9t"},"id":"laqctj88v95t6of","previousOperationId":"u1ebkn3s5nedcsg"}
{"type":"log","timestamp":1767177562760,"level":"debug","message":"Base url not specified, skipping its injection.","meta":{"rootId":"56nw0kyz7gxd9ix","id":"qpbgguaxup3ja9t"},"id":"m3lw0t7t4ecgizp","previousOperationId":"u1ebkn3s5nedcsg"}
{"type":"operationStart","subtype":"engine","name":"handlebars","timestamp":1767177562763,"id":"8acirb8xeorqsri","previousEventId":"1essvnq3hgrcrym","operationId":"sfv2943pww9n8ab","previousOperationId":"u1ebkn3s5nedcsg"}
{"type":"log","timestamp":1767177562763,"level":"debug","message":"Rendering engine handlebars","meta":{"rootId":"56nw0kyz7gxd9ix","id":"qpbgguaxup3ja9t"},"id":"1oytoct2vjgytnk","previousOperationId":"sfv2943pww9n8ab"}
{"type":"log","timestamp":1767177562992,"level":"debug","message":"(console:log) {\n  type: 'echarts@v5a',\n  width: 848,\n  height: 409,\n  option: { radar: [ [Object] ], series: [ [Object] ] }\n}","meta":{"userLevel":true,"rootId":"56nw0kyz7gxd9ix","id":"qpbgguaxup3ja9t"},"id":"3exx7xctp26scqp","previousOperationId":"sfv2943pww9n8ab"}
{"type":"operationEnd","operationId":"sfv2943pww9n8ab","timestamp":1767177563007,"id":"t8jbmlrj39rq8xg","previousEventId":"8acirb8xeorqsri","previousOperationId":"sfv2943pww9n8ab"}
{"type":"operationStart","subtype":"recipe","name":"html","timestamp":1767177563028,"id":"d1ct6x61gv1ztsu","previousEventId":"t8jbmlrj39rq8xg","operationId":"5jhg0wuieqtwr76","previousOperationId":"sfv2943pww9n8ab"}
{"type":"log","timestamp":1767177563028,"level":"debug","message":"Executing recipe html","meta":{"rootId":"56nw0kyz7gxd9ix","id":"qpbgguaxup3ja9t"},"id":"prsmpx5wb2dr1ph","previousOperationId":"5jhg0wuieqtwr76"}
{"type":"operationEnd","operationId":"5jhg0wuieqtwr76","timestamp":1767177563028,"id":"ibs2w8evr7nfg27","previousEventId":"d1ct6x61gv1ztsu","previousOperationId":"5jhg0wuieqtwr76"}
{"type":"log","timestamp":1767177563028,"level":"debug","message":"Skipping storing report.","meta":{"rootId":"56nw0kyz7gxd9ix","id":"qpbgguaxup3ja9t"},"id":"r4jeleld70dt0ex","previousOperationId":"5jhg0wuieqtwr76"}
{"type":"log","timestamp":1767177563029,"level":"info","message":"Rendering (child) request finished in 2404 ms","meta":{"rootId":"56nw0kyz7gxd9ix","id":"qpbgguaxup3ja9t"},"id":"2rsq19gs9hbh2dl","previousOperationId":"5jhg0wuieqtwr76"}
{"type":"operationEnd","subtype":"render","operationId":"u1ebkn3s5nedcsg","timestamp":1767177563029,"id":"1a7fdi06xzz93do","previousEventId":"ibs2w8evr7nfg27","previousOperationId":"5jhg0wuieqtwr76"}
{"type":"log","timestamp":1767177569647,"level":"debug","message":"pptx successfully zipped","meta":{"rootId":"56nw0kyz7gxd9ix","id":"56nw0kyz7gxd9ix"},"id":"vmr593zjtrmh5pq","previousOperationId":"mb8bzbe7p7u6of8"}
{"type":"log","timestamp":1767177569647,"level":"info","message":"pptx generation was finished","meta":{"rootId":"56nw0kyz7gxd9ix","id":"56nw0kyz7gxd9ix"},"id":"7kw2pvwf2vzfbpj","previousOperationId":"mb8bzbe7p7u6of8"}
{"type":"operationEnd","operationId":"mb8bzbe7p7u6of8","timestamp":1767177569657,"id":"kbnf8opsb7g5e4b","previousEventId":"h8w1wvo40plxuyc","previousOperationId":"mb8bzbe7p7u6of8"}
{"type":"log","timestamp":1767177569657,"level":"debug","message":"Skipping storing report.","meta":{"rootId":"56nw0kyz7gxd9ix","id":"56nw0kyz7gxd9ix"},"id":"mez3gg5cl1edkag","previousOperationId":"mb8bzbe7p7u6of8"}
{"type":"log","timestamp":1767177569657,"level":"info","message":"Rendering request 20 finished in 9032 ms","meta":{"rootId":"56nw0kyz7gxd9ix","id":"56nw0kyz7gxd9ix"},"id":"qswyoycsxp0c3jh","previousOperationId":"mb8bzbe7p7u6of8"}
{"type":"operationEnd","subtype":"render","operationId":"g0pojsn9chudhq9","timestamp":1767177569657,"id":"ceugse9tfze2xgq","previousEventId":"kbnf8opsb7g5e4b","previousOperationId":"mb8bzbe7p7u6of8"}
{"type":"operationEnd","doDiffs":false,"previousEventId":"49ubt57iw9mlzwl","previousOperationId":"ueyilyt4gcim77j","operationId":"ueyilyt4gcim77j","timestamp":1767177569663,"id":"2f7dbq8cburynt9"}
