{"type":"operationStart","subtype":"profile","data":{"_id":"FcdA2kwSE3FHiB3J","timestamp":"2025-12-31T11:20:25.339Z","state":"running","mode":"standard","creationDate":"2025-12-31T11:20:25.347Z","modificationDate":"2025-12-31T11:20:25.347Z","shortid":"6cM-cAN","$entitySet":"profiles","timeout":60000},"doDiffs":false,"timestamp":1767180025342,"id":"86ax19lfa85hr9h","previousOperationId":null,"operationId":"j2z1rv529cjqdsm"}
{"type":"log","level":"info","message":"Render request 29 queued for execution and waiting for available worker","previousOperationId":"j2z1rv529cjqdsm","timestamp":1767180025343,"id":"yxii7vxv2kzed2y"}
{"type":"operationStart","subtype":"render","name":"anonymous","previousOperationId":"j2z1rv529cjqdsm","timestamp":1767180025395,"id":"c6wlh8ho3yappjn","previousEventId":"86ax19lfa85hr9h","operationId":"wv7zqux678wakfr"}
{"type":"log","timestamp":1767180025395,"level":"info","message":"Starting rendering request 29","meta":{"rootId":"58xv41xvsjroxp6","id":"58xv41xvsjroxp6"},"id":"dxlp2jkuyenltk7","previousOperationId":"wv7zqux678wakfr"}
{"type":"log","timestamp":1767180025395,"level":"info","message":"Rendering anonymous template { recipe: pptx, engine: handlebars }","meta":{"rootId":"58xv41xvsjroxp6","id":"58xv41xvsjroxp6"},"id":"djphp3eo910mznw","previousOperationId":"wv7zqux678wakfr"}
{"type":"log","timestamp":1767180025395,"level":"debug","message":"Inline data specified.","meta":{"rootId":"58xv41xvsjroxp6","id":"58xv41xvsjroxp6"},"id":"0stxjkknr0y3c46","previousOperationId":"wv7zqux678wakfr"}
{"type":"log","timestamp":1767180025398,"level":"debug","message":"Base url not specified, skipping its injection.","meta":{"rootId":"58xv41xvsjroxp6","id":"58xv41xvsjroxp6"},"id":"voytdaez0f840wn","previousOperationId":"wv7zqux678wakfr"}
{"type":"operationStart","subtype":"engine","name":"handlebars","timestamp":1767180025399,"id":"a9amgi48739yhf6","previousEventId":"c6wlh8ho3yappjn","operationId":"zd02z51eb53a59f","previousOperationId":"wv7zqux678wakfr"}
{"type":"log","timestamp":1767180025399,"level":"debug","message":"Rendering engine handlebars","meta":{"rootId":"58xv41xvsjroxp6","id":"58xv41xvsjroxp6"},"id":"n1o4mf5vn178af7","previousOperationId":"zd02z51eb53a59f"}
{"type":"operationEnd","operationId":"zd02z51eb53a59f","timestamp":1767180025423,"id":"1bd0eay0zi9ikyq","previousEventId":"a9amgi48739yhf6","previousOperationId":"zd02z51eb53a59f"}
{"type":"operationStart","subtype":"recipe","name":"pptx","timestamp":1767180025423,"id":"cmy0rqbnrwghj5o","previousEventId":"1bd0eay0zi9ikyq","operationId":"q77oc57pcaph3mn","previousOperationId":"zd02z51eb53a59f"}
{"type":"log","timestamp":1767180025424,"level":"debug","message":"Executing recipe pptx","meta":{"rootId":"58xv41xvsjroxp6","id":"58xv41xvsjroxp6"},"id":"4vkiogx1qkmhmc3","previousOperationId":"q77oc57pcaph3mn"}
{"type":"log","timestamp":1767180025450,"level":"info","message":"pptx generation is starting","meta":{"rootId":"58xv41xvsjroxp6","id":"58xv41xvsjroxp6"},"id":"wjxsr1x6vbeph7v","previousOperationId":"q77oc57pcaph3mn"}
{"type":"log","timestamp":1767180027418,"level":"debug","message":"Starting child request to render pptx dynamic parts","meta":{"rootId":"58xv41xvsjroxp6","id":"58xv41xvsjroxp6"},"id":"yuxfjdbfn7daw4o","previousOperationId":"q77oc57pcaph3mn"}
{"type":"operationStart","subtype":"render","name":"anonymous","previousOperationId":"q77oc57pcaph3mn","timestamp":1767180027419,"id":"o4qqiys9msgbgjl","previousEventId":"cmy0rqbnrwghj5o","operationId":"sqawardz8v3a7lm"}
{"type":"log","timestamp":1767180027419,"level":"info","message":"Starting rendering (child) request","meta":{"rootId":"58xv41xvsjroxp6","id":"r8b21crp97gw9eg"},"id":"dog1k2xy4dsijnb","previousOperationId":"sqawardz8v3a7lm"}
{"type":"log","timestamp":1767180027419,"level":"info","message":"Rendering anonymous template { recipe: html, engine: handlebars }","meta":{"rootId":"58xv41xvsjroxp6","id":"r8b21crp97gw9eg"},"id":"iy3qxmkhysq8y1e","previousOperationId":"sqawardz8v3a7lm"}
{"type":"log","timestamp":1767180027419,"level":"debug","message":"Inline data specified.","meta":{"rootId":"58xv41xvsjroxp6","id":"r8b21crp97gw9eg"},"id":"mg3lq5rmuhr0na3","previousOperationId":"sqawardz8v3a7lm"}
{"type":"log","timestamp":1767180027425,"level":"debug","message":"Base url not specified, skipping its injection.","meta":{"rootId":"58xv41xvsjroxp6","id":"r8b21crp97gw9eg"},"id":"juk4hi5xrhzp7z7","previousOperationId":"sqawardz8v3a7lm"}
{"type":"operationStart","subtype":"engine","name":"handlebars","timestamp":1767180027427,"id":"ezjcqlej9s0bq2c","previousEventId":"o4qqiys9msgbgjl","operationId":"idad6frg1vxbzo0","previousOperationId":"sqawardz8v3a7lm"}
{"type":"log","timestamp":1767180027427,"level":"debug","message":"Rendering engine handlebars","meta":{"rootId":"58xv41xvsjroxp6","id":"r8b21crp97gw9eg"},"id":"3kz89ibasjxt29c","previousOperationId":"idad6frg1vxbzo0"}
{"type":"log","timestamp":1767180027443,"level":"debug","message":"(console:log) {\n  type: 'echarts@v5a',\n  width: 848,\n  height: 409,\n  option: { radar: [ [Object] ], series: [ [Object] ] }\n}","meta":{"userLevel":true,"rootId":"58xv41xvsjroxp6","id":"r8b21crp97gw9eg"},"id":"epa5rxaesn4d0sx","previousOperationId":"idad6frg1vxbzo0"}
{"type":"operationEnd","operationId":"idad6frg1vxbzo0","timestamp":1767180027459,"id":"lrhivxwzjzi47jj","previousEventId":"ezjcqlej9s0bq2c","previousOperationId":"idad6frg1vxbzo0"}
{"type":"operationStart","subtype":"recipe","name":"html","timestamp":1767180027482,"id":"nvyui7z03a2h5rc","previousEventId":"lrhivxwzjzi47jj","operationId":"1zuc86fvobzpcfx","previousOperationId":"idad6frg1vxbzo0"}
{"type":"log","timestamp":1767180027482,"level":"debug","message":"Executing recipe html","meta":{"rootId":"58xv41xvsjroxp6","id":"r8b21crp97gw9eg"},"id":"jwv3f164aczam3c","previousOperationId":"1zuc86fvobzpcfx"}
{"type":"operationEnd","operationId":"1zuc86fvobzpcfx","timestamp":1767180027482,"id":"42ce21f5dz4kdsm","previousEventId":"nvyui7z03a2h5rc","previousOperationId":"1zuc86fvobzpcfx"}
{"type":"log","timestamp":1767180027482,"level":"debug","message":"Skipping storing report.","meta":{"rootId":"58xv41xvsjroxp6","id":"r8b21crp97gw9eg"},"id":"875st7vs6stpdlb","previousOperationId":"1zuc86fvobzpcfx"}
{"type":"log","timestamp":1767180027482,"level":"info","message":"Rendering (child) request finished in 2147 ms","meta":{"rootId":"58xv41xvsjroxp6","id":"r8b21crp97gw9eg"},"id":"gcdyjiy218iueln","previousOperationId":"1zuc86fvobzpcfx"}
{"type":"operationEnd","subtype":"render","operationId":"sqawardz8v3a7lm","timestamp":1767180027482,"id":"4zjncps2e8t16m0","previousEventId":"42ce21f5dz4kdsm","previousOperationId":"1zuc86fvobzpcfx"}
{"type":"log","timestamp":1767180033739,"level":"debug","message":"pptx successfully zipped","meta":{"rootId":"58xv41xvsjroxp6","id":"58xv41xvsjroxp6"},"id":"f80qwgll0n72hsf","previousOperationId":"q77oc57pcaph3mn"}
{"type":"log","timestamp":1767180033739,"level":"info","message":"pptx generation was finished","meta":{"rootId":"58xv41xvsjroxp6","id":"58xv41xvsjroxp6"},"id":"6h9iwwo41r9kwzx","previousOperationId":"q77oc57pcaph3mn"}
{"type":"operationEnd","operationId":"q77oc57pcaph3mn","timestamp":1767180033749,"id":"pwq78w72k8485o6","previousEventId":"cmy0rqbnrwghj5o","previousOperationId":"q77oc57pcaph3mn"}
{"type":"log","timestamp":1767180033749,"level":"debug","message":"Skipping storing report.","meta":{"rootId":"58xv41xvsjroxp6","id":"58xv41xvsjroxp6"},"id":"ocowvsuw6wtgf20","previousOperationId":"q77oc57pcaph3mn"}
{"type":"log","timestamp":1767180033749,"level":"info","message":"Rendering request 29 finished in 8414 ms","meta":{"rootId":"58xv41xvsjroxp6","id":"58xv41xvsjroxp6"},"id":"72tdlllvk7jfm7q","previousOperationId":"q77oc57pcaph3mn"}
{"type":"operationEnd","subtype":"render","operationId":"wv7zqux678wakfr","timestamp":1767180033749,"id":"e7qfdmrard5sg2g","previousEventId":"pwq78w72k8485o6","previousOperationId":"q77oc57pcaph3mn"}
{"type":"operationEnd","doDiffs":false,"previousEventId":"86ax19lfa85hr9h","previousOperationId":"j2z1rv529cjqdsm","operationId":"j2z1rv529cjqdsm","timestamp":1767180033754,"id":"xk1yx14517i6z6h"}
