{"type":"operationStart","subtype":"profile","data":{"_id":"6OsQl3vn8D8DRucE","timestamp":"2025-12-28T12:25:09.240Z","state":"running","mode":"standard","creationDate":"2025-12-28T12:25:09.254Z","modificationDate":"2025-12-28T12:25:09.254Z","shortid":"tQ7pB7c","$entitySet":"profiles","timeout":60000},"doDiffs":false,"timestamp":1766924709251,"id":"ejbll3gkxvf1ue9","previousOperationId":null,"operationId":"3xfsrlnqapw71r9"}
{"type":"log","level":"info","message":"Render request 2 queued for execution and waiting for available worker","previousOperationId":"3xfsrlnqapw71r9","timestamp":1766924709251,"id":"cwl25h97f1sptk5"}
{"type":"operationStart","subtype":"render","name":"anonymous","previousOperationId":"3xfsrlnqapw71r9","timestamp":1766924709305,"id":"cvizkdja1esztle","previousEventId":"ejbll3gkxvf1ue9","operationId":"12hhjuxs00gyvmw"}
{"type":"log","timestamp":1766924709307,"level":"info","message":"Starting rendering request 2","meta":{"rootId":"59gabhjas0ptw59","id":"59gabhjas0ptw59"},"id":"zqvshjpx9uu12gc","previousOperationId":"12hhjuxs00gyvmw"}
{"type":"log","timestamp":1766924709309,"level":"info","message":"Rendering anonymous template { recipe: pptx, engine: handlebars }","meta":{"rootId":"59gabhjas0ptw59","id":"59gabhjas0ptw59"},"id":"u1y8nk55rvzbaj1","previousOperationId":"12hhjuxs00gyvmw"}
{"type":"log","timestamp":1766924709310,"level":"debug","message":"Inline data specified.","meta":{"rootId":"59gabhjas0ptw59","id":"59gabhjas0ptw59"},"id":"s2aahw0v87ylndy","previousOperationId":"12hhjuxs00gyvmw"}
{"type":"log","timestamp":1766924709317,"level":"debug","message":"Base url not specified, skipping its injection.","meta":{"rootId":"59gabhjas0ptw59","id":"59gabhjas0ptw59"},"id":"seobrz1ye8oystb","previousOperationId":"12hhjuxs00gyvmw"}
{"type":"operationStart","subtype":"engine","name":"handlebars","timestamp":1766924709320,"id":"iwzh334v0rvy8de","previousEventId":"cvizkdja1esztle","operationId":"adpvixlrpo8w8z6","previousOperationId":"12hhjuxs00gyvmw"}
{"type":"log","timestamp":1766924709320,"level":"debug","message":"Rendering engine handlebars","meta":{"rootId":"59gabhjas0ptw59","id":"59gabhjas0ptw59"},"id":"xrn3xvrq11kikxp","previousOperationId":"adpvixlrpo8w8z6"}
{"type":"operationEnd","operationId":"adpvixlrpo8w8z6","timestamp":1766924710573,"id":"b2l8yywhle8cxci","previousEventId":"iwzh334v0rvy8de","previousOperationId":"adpvixlrpo8w8z6"}
{"type":"operationStart","subtype":"recipe","name":"pptx","timestamp":1766924710574,"id":"jab9mm1t06qdx0j","previousEventId":"b2l8yywhle8cxci","operationId":"4velkqq20lg0q40","previousOperationId":"adpvixlrpo8w8z6"}
{"type":"log","timestamp":1766924710574,"level":"debug","message":"Executing recipe pptx","meta":{"rootId":"59gabhjas0ptw59","id":"59gabhjas0ptw59"},"id":"clve79knsr9ogep","previousOperationId":"4velkqq20lg0q40"}
{"type":"log","timestamp":1766924710855,"level":"info","message":"pptx generation is starting","meta":{"rootId":"59gabhjas0ptw59","id":"59gabhjas0ptw59"},"id":"3ot5b63gzfo6230","previousOperationId":"4velkqq20lg0q40"}
{"type":"log","timestamp":1766924712580,"level":"debug","message":"Starting child request to render pptx dynamic parts","meta":{"rootId":"59gabhjas0ptw59","id":"59gabhjas0ptw59"},"id":"b6gyqnqifxen2fj","previousOperationId":"4velkqq20lg0q40"}
{"type":"operationStart","subtype":"render","name":"anonymous","previousOperationId":"4velkqq20lg0q40","timestamp":1766924712581,"id":"cv9jwqjswznm4nu","previousEventId":"jab9mm1t06qdx0j","operationId":"3atsec4flgkqi1s"}
{"type":"log","timestamp":1766924712581,"level":"info","message":"Starting rendering (child) request","meta":{"rootId":"59gabhjas0ptw59","id":"9nvyokz22zzqvv6"},"id":"z4gln0g8vmn2jxp","previousOperationId":"3atsec4flgkqi1s"}
{"type":"log","timestamp":1766924712581,"level":"info","message":"Rendering anonymous template { recipe: html, engine: handlebars }","meta":{"rootId":"59gabhjas0ptw59","id":"9nvyokz22zzqvv6"},"id":"gfdxoazbubqhfzu","previousOperationId":"3atsec4flgkqi1s"}
{"type":"log","timestamp":1766924712581,"level":"debug","message":"Inline data specified.","meta":{"rootId":"59gabhjas0ptw59","id":"9nvyokz22zzqvv6"},"id":"t5yrv15qs72es05","previousOperationId":"3atsec4flgkqi1s"}
{"type":"log","timestamp":1766924712585,"level":"debug","message":"Base url not specified, skipping its injection.","meta":{"rootId":"59gabhjas0ptw59","id":"9nvyokz22zzqvv6"},"id":"w6jua9beoqezf9x","previousOperationId":"3atsec4flgkqi1s"}
{"type":"operationStart","subtype":"engine","name":"handlebars","timestamp":1766924712587,"id":"htjima0n7o8orz8","previousEventId":"cv9jwqjswznm4nu","operationId":"yn4e3eujhh8344h","previousOperationId":"3atsec4flgkqi1s"}
{"type":"log","timestamp":1766924712587,"level":"debug","message":"Rendering engine handlebars","meta":{"rootId":"59gabhjas0ptw59","id":"9nvyokz22zzqvv6"},"id":"vsb3j8p1mkvm6ss","previousOperationId":"yn4e3eujhh8344h"}
{"type":"log","timestamp":1766924712681,"level":"debug","message":"(console:log) {\n  type: 'echarts@v5a',\n  width: 848,\n  height: 409,\n  option: { radar: [ [Object] ], series: [ [Object] ] }\n}","meta":{"userLevel":true,"rootId":"59gabhjas0ptw59","id":"9nvyokz22zzqvv6"},"id":"xu1yeia3s6si87a","previousOperationId":"yn4e3eujhh8344h"}
{"type":"operationEnd","operationId":"yn4e3eujhh8344h","timestamp":1766924712686,"id":"vlf0kibrp49fkij","previousEventId":"htjima0n7o8orz8","previousOperationId":"yn4e3eujhh8344h"}
{"type":"operationStart","subtype":"recipe","name":"html","timestamp":1766924712691,"id":"23frhe12cye68g0","previousEventId":"vlf0kibrp49fkij","operationId":"yb5qj68rrt2m9pz","previousOperationId":"yn4e3eujhh8344h"}
{"type":"log","timestamp":1766924712691,"level":"debug","message":"Executing recipe html","meta":{"rootId":"59gabhjas0ptw59","id":"9nvyokz22zzqvv6"},"id":"367ozrdiwdb0gnl","previousOperationId":"yb5qj68rrt2m9pz"}
{"type":"operationEnd","operationId":"yb5qj68rrt2m9pz","timestamp":1766924712691,"id":"mwy1fkiskvobpyl","previousEventId":"23frhe12cye68g0","previousOperationId":"yb5qj68rrt2m9pz"}
{"type":"log","timestamp":1766924712692,"level":"debug","message":"Skipping storing report.","meta":{"rootId":"59gabhjas0ptw59","id":"9nvyokz22zzqvv6"},"id":"vmoobcqf2t6l3lg","previousOperationId":"yb5qj68rrt2m9pz"}
{"type":"log","timestamp":1766924712692,"level":"info","message":"Rendering (child) request finished in 3452 ms","meta":{"rootId":"59gabhjas0ptw59","id":"9nvyokz22zzqvv6"},"id":"mspdek5o7sn0wk8","previousOperationId":"yb5qj68rrt2m9pz"}
{"type":"operationEnd","subtype":"render","operationId":"3atsec4flgkqi1s","timestamp":1766924712692,"id":"v84lbjftves7v1q","previousEventId":"mwy1fkiskvobpyl","previousOperationId":"yb5qj68rrt2m9pz"}
{"type":"log","timestamp":1766924716962,"level":"debug","message":"pptx successfully zipped","meta":{"rootId":"59gabhjas0ptw59","id":"59gabhjas0ptw59"},"id":"7uz1quslgwd2vzj","previousOperationId":"4velkqq20lg0q40"}
{"type":"log","timestamp":1766924716962,"level":"info","message":"pptx generation was finished","meta":{"rootId":"59gabhjas0ptw59","id":"59gabhjas0ptw59"},"id":"4vyzn89a1bbg3cr","previousOperationId":"4velkqq20lg0q40"}
{"type":"operationEnd","operationId":"4velkqq20lg0q40","timestamp":1766924716973,"id":"v26v8jgn5kiupk3","previousEventId":"jab9mm1t06qdx0j","previousOperationId":"4velkqq20lg0q40"}
{"type":"log","timestamp":1766924716973,"level":"debug","message":"Skipping storing report.","meta":{"rootId":"59gabhjas0ptw59","id":"59gabhjas0ptw59"},"id":"s6nd4n7m1lfp9mj","previousOperationId":"4velkqq20lg0q40"}
{"type":"log","timestamp":1766924716973,"level":"info","message":"Rendering request 2 finished in 7733 ms","meta":{"rootId":"59gabhjas0ptw59","id":"59gabhjas0ptw59"},"id":"sm8btzoutazd0vx","previousOperationId":"4velkqq20lg0q40"}
{"type":"operationEnd","subtype":"render","operationId":"12hhjuxs00gyvmw","timestamp":1766924716973,"id":"7jjcisoso5dy8bl","previousEventId":"v26v8jgn5kiupk3","previousOperationId":"4velkqq20lg0q40"}
{"type":"operationEnd","doDiffs":false,"previousEventId":"ejbll3gkxvf1ue9","previousOperationId":"3xfsrlnqapw71r9","operationId":"3xfsrlnqapw71r9","timestamp":1766924716977,"id":"wl2x1va1nf95y7l"}
