{"type":"operationStart","subtype":"profile","data":{"_id":"UJSSpiMd4flWD0ET","timestamp":"2025-12-07T15:39:22.340Z","state":"running","mode":"standard","creationDate":"2025-12-07T15:39:22.349Z","modificationDate":"2025-12-07T15:39:22.349Z","shortid":"vKDVWUG","$entitySet":"profiles","timeout":60000},"doDiffs":false,"timestamp":1765121962348,"id":"x271uzwn2cqvpxi","previousOperationId":null,"operationId":"gk5r0da8cxl3fh8"}
{"type":"log","level":"info","message":"Render request 7 queued for execution and waiting for available worker","previousOperationId":"gk5r0da8cxl3fh8","timestamp":1765121962348,"id":"owblw0xul4vo3ci"}
{"type":"operationStart","subtype":"render","name":"anonymous","previousOperationId":"gk5r0da8cxl3fh8","timestamp":1765121962415,"id":"kvff8qzqp8jthqy","previousEventId":"x271uzwn2cqvpxi","operationId":"12fal8j7qz5g7vj"}
{"type":"log","timestamp":1765121962415,"level":"info","message":"Starting rendering request 7","meta":{"rootId":"5f3y2lr4s9kztmk","id":"5f3y2lr4s9kztmk"},"id":"o8olls7surx8ewy","previousOperationId":"12fal8j7qz5g7vj"}
{"type":"log","timestamp":1765121962416,"level":"info","message":"Rendering anonymous template { recipe: pptx, engine: handlebars }","meta":{"rootId":"5f3y2lr4s9kztmk","id":"5f3y2lr4s9kztmk"},"id":"n9q6m7z19wuzqi8","previousOperationId":"12fal8j7qz5g7vj"}
{"type":"log","timestamp":1765121962416,"level":"debug","message":"Inline data specified.","meta":{"rootId":"5f3y2lr4s9kztmk","id":"5f3y2lr4s9kztmk"},"id":"759lz5ia3mruorl","previousOperationId":"12fal8j7qz5g7vj"}
{"type":"log","timestamp":1765121962418,"level":"debug","message":"Base url not specified, skipping its injection.","meta":{"rootId":"5f3y2lr4s9kztmk","id":"5f3y2lr4s9kztmk"},"id":"6bd89sh79fu6x49","previousOperationId":"12fal8j7qz5g7vj"}
{"type":"operationStart","subtype":"engine","name":"handlebars","timestamp":1765121962418,"id":"n7vz0yrn4d567q9","previousEventId":"kvff8qzqp8jthqy","operationId":"zgrikzaun8ivrel","previousOperationId":"12fal8j7qz5g7vj"}
{"type":"log","timestamp":1765121962419,"level":"debug","message":"Rendering engine handlebars","meta":{"rootId":"5f3y2lr4s9kztmk","id":"5f3y2lr4s9kztmk"},"id":"kg1luhbtrhpppgt","previousOperationId":"zgrikzaun8ivrel"}
{"type":"operationEnd","operationId":"zgrikzaun8ivrel","timestamp":1765121962436,"id":"jo3i01xfytdhwpj","previousEventId":"n7vz0yrn4d567q9","previousOperationId":"zgrikzaun8ivrel"}
{"type":"operationStart","subtype":"recipe","name":"pptx","timestamp":1765121962437,"id":"n3inslrhij0u5c5","previousEventId":"jo3i01xfytdhwpj","operationId":"1io7b0te4vy9usr","previousOperationId":"zgrikzaun8ivrel"}
{"type":"log","timestamp":1765121962437,"level":"debug","message":"Executing recipe pptx","meta":{"rootId":"5f3y2lr4s9kztmk","id":"5f3y2lr4s9kztmk"},"id":"q134r6dsbbbbtpf","previousOperationId":"1io7b0te4vy9usr"}
{"type":"log","timestamp":1765121962471,"level":"info","message":"pptx generation is starting","meta":{"rootId":"5f3y2lr4s9kztmk","id":"5f3y2lr4s9kztmk"},"id":"76x2satu2t71p57","previousOperationId":"1io7b0te4vy9usr"}
{"type":"log","timestamp":1765121963602,"level":"debug","message":"Starting child request to render pptx dynamic parts","meta":{"rootId":"5f3y2lr4s9kztmk","id":"5f3y2lr4s9kztmk"},"id":"s6r2ar5r3kv9emi","previousOperationId":"1io7b0te4vy9usr"}
{"type":"operationStart","subtype":"render","name":"anonymous","previousOperationId":"1io7b0te4vy9usr","timestamp":1765121963603,"id":"6mn9rsq9ku34cws","previousEventId":"n3inslrhij0u5c5","operationId":"ukb3rwg66i6m7n3"}
{"type":"log","timestamp":1765121963603,"level":"info","message":"Starting rendering (child) request","meta":{"rootId":"5f3y2lr4s9kztmk","id":"5dgppgvf0mcijuw"},"id":"wkbs4qp12nd4vah","previousOperationId":"ukb3rwg66i6m7n3"}
{"type":"log","timestamp":1765121963603,"level":"info","message":"Rendering anonymous template { recipe: html, engine: handlebars }","meta":{"rootId":"5f3y2lr4s9kztmk","id":"5dgppgvf0mcijuw"},"id":"qkhex0qljsat8h0","previousOperationId":"ukb3rwg66i6m7n3"}
{"type":"log","timestamp":1765121963603,"level":"debug","message":"Inline data specified.","meta":{"rootId":"5f3y2lr4s9kztmk","id":"5dgppgvf0mcijuw"},"id":"m8g26c1sez56co8","previousOperationId":"ukb3rwg66i6m7n3"}
{"type":"log","timestamp":1765121963608,"level":"debug","message":"Base url not specified, skipping its injection.","meta":{"rootId":"5f3y2lr4s9kztmk","id":"5dgppgvf0mcijuw"},"id":"rp4vpn1u5o1wvmw","previousOperationId":"ukb3rwg66i6m7n3"}
{"type":"operationStart","subtype":"engine","name":"handlebars","timestamp":1765121963610,"id":"y1kk9mxc1klo4x7","previousEventId":"6mn9rsq9ku34cws","operationId":"32eexyt7nv1aaqv","previousOperationId":"ukb3rwg66i6m7n3"}
{"type":"log","timestamp":1765121963610,"level":"debug","message":"Rendering engine handlebars","meta":{"rootId":"5f3y2lr4s9kztmk","id":"5dgppgvf0mcijuw"},"id":"alk8fs59wiphmbu","previousOperationId":"32eexyt7nv1aaqv"}
{"type":"operationEnd","operationId":"32eexyt7nv1aaqv","timestamp":1765121963706,"id":"wtlv7koh2lacigj","previousEventId":"y1kk9mxc1klo4x7","previousOperationId":"32eexyt7nv1aaqv"}
{"type":"operationStart","subtype":"recipe","name":"html","timestamp":1765121963718,"id":"fmquq4cndkwl2aq","previousEventId":"wtlv7koh2lacigj","operationId":"jpkhbqse59rld2v","previousOperationId":"32eexyt7nv1aaqv"}
{"type":"log","timestamp":1765121963718,"level":"debug","message":"Executing recipe html","meta":{"rootId":"5f3y2lr4s9kztmk","id":"5dgppgvf0mcijuw"},"id":"nj8ddzjx75pzww4","previousOperationId":"jpkhbqse59rld2v"}
{"type":"operationEnd","operationId":"jpkhbqse59rld2v","timestamp":1765121963718,"id":"9txgtd70wiuarhu","previousEventId":"fmquq4cndkwl2aq","previousOperationId":"jpkhbqse59rld2v"}
{"type":"log","timestamp":1765121963719,"level":"debug","message":"Skipping storing report.","meta":{"rootId":"5f3y2lr4s9kztmk","id":"5dgppgvf0mcijuw"},"id":"enun59dllpnkwe6","previousOperationId":"jpkhbqse59rld2v"}
{"type":"log","timestamp":1765121963719,"level":"info","message":"Rendering (child) request finished in 1380 ms","meta":{"rootId":"5f3y2lr4s9kztmk","id":"5dgppgvf0mcijuw"},"id":"xedf3261rfvjy8k","previousOperationId":"jpkhbqse59rld2v"}
{"type":"operationEnd","subtype":"render","operationId":"ukb3rwg66i6m7n3","timestamp":1765121963719,"id":"8s6tqqc9lnru6qc","previousEventId":"9txgtd70wiuarhu","previousOperationId":"jpkhbqse59rld2v"}
{"type":"log","timestamp":1765121966550,"level":"debug","message":"pptx successfully zipped","meta":{"rootId":"5f3y2lr4s9kztmk","id":"5f3y2lr4s9kztmk"},"id":"tc2x8uytiluo36w","previousOperationId":"1io7b0te4vy9usr"}
{"type":"log","timestamp":1765121966550,"level":"info","message":"pptx generation was finished","meta":{"rootId":"5f3y2lr4s9kztmk","id":"5f3y2lr4s9kztmk"},"id":"n3yzpuzuph60eqe","previousOperationId":"1io7b0te4vy9usr"}
{"type":"operationEnd","operationId":"1io7b0te4vy9usr","timestamp":1765121966558,"id":"e68yqtyxcme8ejm","previousEventId":"n3inslrhij0u5c5","previousOperationId":"1io7b0te4vy9usr"}
{"type":"log","timestamp":1765121966558,"level":"debug","message":"Skipping storing report.","meta":{"rootId":"5f3y2lr4s9kztmk","id":"5f3y2lr4s9kztmk"},"id":"ffhjr0y9jbumupk","previousOperationId":"1io7b0te4vy9usr"}
{"type":"log","timestamp":1765121966558,"level":"info","message":"Rendering request 7 finished in 4219 ms","meta":{"rootId":"5f3y2lr4s9kztmk","id":"5f3y2lr4s9kztmk"},"id":"vbc5yd4yg0k7mkn","previousOperationId":"1io7b0te4vy9usr"}
{"type":"operationEnd","subtype":"render","operationId":"12fal8j7qz5g7vj","timestamp":1765121966558,"id":"b2jfvn92okto1b1","previousEventId":"e68yqtyxcme8ejm","previousOperationId":"1io7b0te4vy9usr"}
{"type":"operationEnd","doDiffs":false,"previousEventId":"x271uzwn2cqvpxi","previousOperationId":"gk5r0da8cxl3fh8","operationId":"gk5r0da8cxl3fh8","timestamp":1765121966563,"id":"2e9nqgc7u05x747"}
