{"type":"operationStart","subtype":"profile","data":{"_id":"a3ezMxCO3S0TIED6","timestamp":"2025-12-07T21:45:46.890Z","state":"running","mode":"standard","creationDate":"2025-12-07T21:45:46.895Z","modificationDate":"2025-12-07T21:45:46.895Z","shortid":"NxxcLFr","$entitySet":"profiles","timeout":60000},"doDiffs":false,"timestamp":1765143946892,"id":"a065o5r9x6jg6ay","previousOperationId":null,"operationId":"z823g9u0egoynwn"}
{"type":"log","level":"info","message":"Render request 2 queued for execution and waiting for available worker","previousOperationId":"z823g9u0egoynwn","timestamp":1765143946893,"id":"tnpkfsvy2awwtr4"}
{"type":"operationStart","subtype":"render","name":"anonymous","previousOperationId":"z823g9u0egoynwn","timestamp":1765143946928,"id":"i2rpcd728o5fzj3","previousEventId":"a065o5r9x6jg6ay","operationId":"xjw41kljq076kkh"}
{"type":"log","timestamp":1765143946929,"level":"info","message":"Starting rendering request 2","meta":{"rootId":"5g9207tcny3o2p2","id":"5g9207tcny3o2p2"},"id":"vwap97dr1k0z7yh","previousOperationId":"xjw41kljq076kkh"}
{"type":"log","timestamp":1765143946930,"level":"info","message":"Rendering anonymous template { recipe: pptx, engine: handlebars }","meta":{"rootId":"5g9207tcny3o2p2","id":"5g9207tcny3o2p2"},"id":"4t3ewnoyrkagm42","previousOperationId":"xjw41kljq076kkh"}
{"type":"log","timestamp":1765143946931,"level":"debug","message":"Inline data specified.","meta":{"rootId":"5g9207tcny3o2p2","id":"5g9207tcny3o2p2"},"id":"4rrjywxei706udo","previousOperationId":"xjw41kljq076kkh"}
{"type":"log","timestamp":1765143946939,"level":"debug","message":"Base url not specified, skipping its injection.","meta":{"rootId":"5g9207tcny3o2p2","id":"5g9207tcny3o2p2"},"id":"2vks8wjmypxwfdk","previousOperationId":"xjw41kljq076kkh"}
{"type":"operationStart","subtype":"engine","name":"handlebars","timestamp":1765143946941,"id":"3zeli5fnvgepy3v","previousEventId":"i2rpcd728o5fzj3","operationId":"dr97sbwyj4rg3g6","previousOperationId":"xjw41kljq076kkh"}
{"type":"log","timestamp":1765143946941,"level":"debug","message":"Rendering engine handlebars","meta":{"rootId":"5g9207tcny3o2p2","id":"5g9207tcny3o2p2"},"id":"818yl8t8eijsco0","previousOperationId":"dr97sbwyj4rg3g6"}
{"type":"operationEnd","operationId":"dr97sbwyj4rg3g6","timestamp":1765143947617,"id":"x0tj0n2eg4i0h5j","previousEventId":"3zeli5fnvgepy3v","previousOperationId":"dr97sbwyj4rg3g6"}
{"type":"operationStart","subtype":"recipe","name":"pptx","timestamp":1765143947618,"id":"ogvznro18ny030w","previousEventId":"x0tj0n2eg4i0h5j","operationId":"2axjfkwhikito8w","previousOperationId":"dr97sbwyj4rg3g6"}
{"type":"log","timestamp":1765143947618,"level":"debug","message":"Executing recipe pptx","meta":{"rootId":"5g9207tcny3o2p2","id":"5g9207tcny3o2p2"},"id":"4l8q5mgmn9ovwcj","previousOperationId":"2axjfkwhikito8w"}
{"type":"log","timestamp":1765143947795,"level":"info","message":"pptx generation is starting","meta":{"rootId":"5g9207tcny3o2p2","id":"5g9207tcny3o2p2"},"id":"z01rnx1r5cm47mg","previousOperationId":"2axjfkwhikito8w"}
{"type":"log","timestamp":1765143948928,"level":"debug","message":"Starting child request to render pptx dynamic parts","meta":{"rootId":"5g9207tcny3o2p2","id":"5g9207tcny3o2p2"},"id":"5x40a4izah5lk1d","previousOperationId":"2axjfkwhikito8w"}
{"type":"operationStart","subtype":"render","name":"anonymous","previousOperationId":"2axjfkwhikito8w","timestamp":1765143948929,"id":"o3hjdyot9fc931g","previousEventId":"ogvznro18ny030w","operationId":"90ms6yk8d1joy5r"}
{"type":"log","timestamp":1765143948929,"level":"info","message":"Starting rendering (child) request","meta":{"rootId":"5g9207tcny3o2p2","id":"n6ssm70a46lduxk"},"id":"0kh3n8vrmut2z7v","previousOperationId":"90ms6yk8d1joy5r"}
{"type":"log","timestamp":1765143948929,"level":"info","message":"Rendering anonymous template { recipe: html, engine: handlebars }","meta":{"rootId":"5g9207tcny3o2p2","id":"n6ssm70a46lduxk"},"id":"ooekk82uu79w0lp","previousOperationId":"90ms6yk8d1joy5r"}
{"type":"log","timestamp":1765143948929,"level":"debug","message":"Inline data specified.","meta":{"rootId":"5g9207tcny3o2p2","id":"n6ssm70a46lduxk"},"id":"rv9mivvbf6uq700","previousOperationId":"90ms6yk8d1joy5r"}
{"type":"log","timestamp":1765143948935,"level":"debug","message":"Base url not specified, skipping its injection.","meta":{"rootId":"5g9207tcny3o2p2","id":"n6ssm70a46lduxk"},"id":"j7ua8xtda46c1fs","previousOperationId":"90ms6yk8d1joy5r"}
{"type":"operationStart","subtype":"engine","name":"handlebars","timestamp":1765143948937,"id":"alzybbwquodxg5w","previousEventId":"o3hjdyot9fc931g","operationId":"77uoeczvxzrrwni","previousOperationId":"90ms6yk8d1joy5r"}
{"type":"log","timestamp":1765143948937,"level":"debug","message":"Rendering engine handlebars","meta":{"rootId":"5g9207tcny3o2p2","id":"n6ssm70a46lduxk"},"id":"9b07qck7fbcyzun","previousOperationId":"77uoeczvxzrrwni"}
{"type":"operationEnd","operationId":"77uoeczvxzrrwni","timestamp":1765143949040,"id":"apihz00kfhu5nqg","previousEventId":"alzybbwquodxg5w","previousOperationId":"77uoeczvxzrrwni"}
{"type":"operationStart","subtype":"recipe","name":"html","timestamp":1765143949049,"id":"iphlcl3nann08ls","previousEventId":"apihz00kfhu5nqg","operationId":"dar0h9x1ebumidu","previousOperationId":"77uoeczvxzrrwni"}
{"type":"log","timestamp":1765143949049,"level":"debug","message":"Executing recipe html","meta":{"rootId":"5g9207tcny3o2p2","id":"n6ssm70a46lduxk"},"id":"cgzjak11ky101k2","previousOperationId":"dar0h9x1ebumidu"}
{"type":"operationEnd","operationId":"dar0h9x1ebumidu","timestamp":1765143949049,"id":"gmg66noooxh12f0","previousEventId":"iphlcl3nann08ls","previousOperationId":"dar0h9x1ebumidu"}
{"type":"log","timestamp":1765143949050,"level":"debug","message":"Skipping storing report.","meta":{"rootId":"5g9207tcny3o2p2","id":"n6ssm70a46lduxk"},"id":"6m2wlotamcycwp2","previousOperationId":"dar0h9x1ebumidu"}
{"type":"log","timestamp":1765143949050,"level":"info","message":"Rendering (child) request finished in 2161 ms","meta":{"rootId":"5g9207tcny3o2p2","id":"n6ssm70a46lduxk"},"id":"kkyl4xoz0b1hkl0","previousOperationId":"dar0h9x1ebumidu"}
{"type":"operationEnd","subtype":"render","operationId":"90ms6yk8d1joy5r","timestamp":1765143949050,"id":"ibr2kull5hkwre2","previousEventId":"gmg66noooxh12f0","previousOperationId":"dar0h9x1ebumidu"}
{"type":"log","timestamp":1765143953364,"level":"debug","message":"pptx successfully zipped","meta":{"rootId":"5g9207tcny3o2p2","id":"5g9207tcny3o2p2"},"id":"qeq2r92ys428qgm","previousOperationId":"2axjfkwhikito8w"}
{"type":"log","timestamp":1765143953364,"level":"info","message":"pptx generation was finished","meta":{"rootId":"5g9207tcny3o2p2","id":"5g9207tcny3o2p2"},"id":"umug7n8g46kgcm0","previousOperationId":"2axjfkwhikito8w"}
{"type":"operationEnd","operationId":"2axjfkwhikito8w","timestamp":1765143953376,"id":"4ffy4wywdypl4hq","previousEventId":"ogvznro18ny030w","previousOperationId":"2axjfkwhikito8w"}
{"type":"log","timestamp":1765143953376,"level":"debug","message":"Skipping storing report.","meta":{"rootId":"5g9207tcny3o2p2","id":"5g9207tcny3o2p2"},"id":"l2mx5grr081v5uw","previousOperationId":"2axjfkwhikito8w"}
{"type":"log","timestamp":1765143953376,"level":"info","message":"Rendering request 2 finished in 6487 ms","meta":{"rootId":"5g9207tcny3o2p2","id":"5g9207tcny3o2p2"},"id":"lwximuul4y4n8mx","previousOperationId":"2axjfkwhikito8w"}
{"type":"operationEnd","subtype":"render","operationId":"xjw41kljq076kkh","timestamp":1765143953376,"id":"cls8djd15736gbm","previousEventId":"4ffy4wywdypl4hq","previousOperationId":"2axjfkwhikito8w"}
{"type":"operationEnd","doDiffs":false,"previousEventId":"a065o5r9x6jg6ay","previousOperationId":"z823g9u0egoynwn","operationId":"z823g9u0egoynwn","timestamp":1765143953382,"id":"8kq1gnioyed83pb"}
