{"type":"operationStart","subtype":"profile","data":{"_id":"UAi1FyrrAuGqnxOM","timestamp":"2025-12-30T19:33:14.626Z","state":"running","mode":"standard","creationDate":"2025-12-30T19:33:14.629Z","modificationDate":"2025-12-30T19:33:14.629Z","shortid":"DPPiPPz","$entitySet":"profiles","timeout":60000},"doDiffs":false,"timestamp":1767123194627,"id":"an6w0too4b4ihh6","previousOperationId":null,"operationId":"z1ckgdpazvcyzul"}
{"type":"log","level":"info","message":"Render request 12 queued for execution and waiting for available worker","previousOperationId":"z1ckgdpazvcyzul","timestamp":1767123194628,"id":"yzn38kqsu6mmdqj"}
{"type":"operationStart","subtype":"render","name":"anonymous","previousOperationId":"z1ckgdpazvcyzul","timestamp":1767123194679,"id":"ogutvk5jdtiw1i9","previousEventId":"an6w0too4b4ihh6","operationId":"91p99rnsl3vmn5v"}
{"type":"log","timestamp":1767123194679,"level":"info","message":"Starting rendering request 12","meta":{"rootId":"5jj8bacympll90x","id":"5jj8bacympll90x"},"id":"xk0dvqorsk8wgeg","previousOperationId":"91p99rnsl3vmn5v"}
{"type":"log","timestamp":1767123194680,"level":"info","message":"Rendering anonymous template { recipe: pptx, engine: handlebars }","meta":{"rootId":"5jj8bacympll90x","id":"5jj8bacympll90x"},"id":"ty0c50cntmwclsj","previousOperationId":"91p99rnsl3vmn5v"}
{"type":"log","timestamp":1767123194680,"level":"debug","message":"Inline data specified.","meta":{"rootId":"5jj8bacympll90x","id":"5jj8bacympll90x"},"id":"h0pcjx6n4c9369k","previousOperationId":"91p99rnsl3vmn5v"}
{"type":"log","timestamp":1767123194683,"level":"debug","message":"Base url not specified, skipping its injection.","meta":{"rootId":"5jj8bacympll90x","id":"5jj8bacympll90x"},"id":"79qxj748mpe9beu","previousOperationId":"91p99rnsl3vmn5v"}
{"type":"operationStart","subtype":"engine","name":"handlebars","timestamp":1767123194683,"id":"d1ugms2i1n3cxxi","previousEventId":"ogutvk5jdtiw1i9","operationId":"t5lhxl9izv5jecy","previousOperationId":"91p99rnsl3vmn5v"}
{"type":"log","timestamp":1767123194684,"level":"debug","message":"Rendering engine handlebars","meta":{"rootId":"5jj8bacympll90x","id":"5jj8bacympll90x"},"id":"ubcynwtxd25zc3i","previousOperationId":"t5lhxl9izv5jecy"}
{"type":"operationEnd","operationId":"t5lhxl9izv5jecy","timestamp":1767123194697,"id":"t4ajbun1xpy95iq","previousEventId":"d1ugms2i1n3cxxi","previousOperationId":"t5lhxl9izv5jecy"}
{"type":"operationStart","subtype":"recipe","name":"pptx","timestamp":1767123194697,"id":"u7r5h5jw2rtwqw8","previousEventId":"t4ajbun1xpy95iq","operationId":"3fnfvgkjzvy1rfi","previousOperationId":"t5lhxl9izv5jecy"}
{"type":"log","timestamp":1767123194697,"level":"debug","message":"Executing recipe pptx","meta":{"rootId":"5jj8bacympll90x","id":"5jj8bacympll90x"},"id":"u38ylhy8zt983lu","previousOperationId":"3fnfvgkjzvy1rfi"}
{"type":"log","timestamp":1767123194717,"level":"info","message":"pptx generation is starting","meta":{"rootId":"5jj8bacympll90x","id":"5jj8bacympll90x"},"id":"ki6vnzzb0t3ymzv","previousOperationId":"3fnfvgkjzvy1rfi"}
{"type":"log","timestamp":1767123195827,"level":"debug","message":"Starting child request to render pptx dynamic parts","meta":{"rootId":"5jj8bacympll90x","id":"5jj8bacympll90x"},"id":"lecd9po89sekmln","previousOperationId":"3fnfvgkjzvy1rfi"}
{"type":"operationStart","subtype":"render","name":"anonymous","previousOperationId":"3fnfvgkjzvy1rfi","timestamp":1767123195828,"id":"t9pszseykrsf6nd","previousEventId":"u7r5h5jw2rtwqw8","operationId":"6157ruoyas4c4eu"}
{"type":"log","timestamp":1767123195828,"level":"info","message":"Starting rendering (child) request","meta":{"rootId":"5jj8bacympll90x","id":"bko069son47ikss"},"id":"2kq9sbsldrvzqtf","previousOperationId":"6157ruoyas4c4eu"}
{"type":"log","timestamp":1767123195828,"level":"info","message":"Rendering anonymous template { recipe: html, engine: handlebars }","meta":{"rootId":"5jj8bacympll90x","id":"bko069son47ikss"},"id":"ho65j92uks1zua0","previousOperationId":"6157ruoyas4c4eu"}
{"type":"log","timestamp":1767123195828,"level":"debug","message":"Inline data specified.","meta":{"rootId":"5jj8bacympll90x","id":"bko069son47ikss"},"id":"vl7ta1jny5u0kge","previousOperationId":"6157ruoyas4c4eu"}
{"type":"log","timestamp":1767123195833,"level":"debug","message":"Base url not specified, skipping its injection.","meta":{"rootId":"5jj8bacympll90x","id":"bko069son47ikss"},"id":"enkqt5kleq24e7e","previousOperationId":"6157ruoyas4c4eu"}
{"type":"operationStart","subtype":"engine","name":"handlebars","timestamp":1767123195834,"id":"xkvurwofek6egtl","previousEventId":"t9pszseykrsf6nd","operationId":"5sdzm6iug69ylfs","previousOperationId":"6157ruoyas4c4eu"}
{"type":"log","timestamp":1767123195834,"level":"debug","message":"Rendering engine handlebars","meta":{"rootId":"5jj8bacympll90x","id":"bko069son47ikss"},"id":"kijqi8rnoz6jnjl","previousOperationId":"5sdzm6iug69ylfs"}
{"type":"log","timestamp":1767123195956,"level":"debug","message":"(console:log) {\n  type: 'echarts@v5a',\n  width: 848,\n  height: 409,\n  option: { radar: [ [Object] ], series: [ [Object] ] }\n}","meta":{"userLevel":true,"rootId":"5jj8bacympll90x","id":"bko069son47ikss"},"id":"hgobz24fflemon0","previousOperationId":"5sdzm6iug69ylfs"}
{"type":"operationEnd","operationId":"5sdzm6iug69ylfs","timestamp":1767123195964,"id":"sssc86rq5nt8qqx","previousEventId":"xkvurwofek6egtl","previousOperationId":"5sdzm6iug69ylfs"}
{"type":"operationStart","subtype":"recipe","name":"html","timestamp":1767123195977,"id":"l9lfpb2lcze7qk0","previousEventId":"sssc86rq5nt8qqx","operationId":"7n9vq87sxb4jypt","previousOperationId":"5sdzm6iug69ylfs"}
{"type":"log","timestamp":1767123195977,"level":"debug","message":"Executing recipe html","meta":{"rootId":"5jj8bacympll90x","id":"bko069son47ikss"},"id":"eqjy499x0kbp6sy","previousOperationId":"7n9vq87sxb4jypt"}
{"type":"operationEnd","operationId":"7n9vq87sxb4jypt","timestamp":1767123195977,"id":"85r4yd876ikbydj","previousEventId":"l9lfpb2lcze7qk0","previousOperationId":"7n9vq87sxb4jypt"}
{"type":"log","timestamp":1767123195977,"level":"debug","message":"Skipping storing report.","meta":{"rootId":"5jj8bacympll90x","id":"bko069son47ikss"},"id":"bwhx95ok3ps5tcm","previousOperationId":"7n9vq87sxb4jypt"}
{"type":"log","timestamp":1767123195977,"level":"info","message":"Rendering (child) request finished in 1352 ms","meta":{"rootId":"5jj8bacympll90x","id":"bko069son47ikss"},"id":"nybp2xdueikh6f7","previousOperationId":"7n9vq87sxb4jypt"}
{"type":"operationEnd","subtype":"render","operationId":"6157ruoyas4c4eu","timestamp":1767123195977,"id":"a9s3pgeptx3k8ph","previousEventId":"85r4yd876ikbydj","previousOperationId":"7n9vq87sxb4jypt"}
{"type":"log","timestamp":1767123199567,"level":"debug","message":"pptx successfully zipped","meta":{"rootId":"5jj8bacympll90x","id":"5jj8bacympll90x"},"id":"4xgeynnwmmhaigj","previousOperationId":"3fnfvgkjzvy1rfi"}
{"type":"log","timestamp":1767123199567,"level":"info","message":"pptx generation was finished","meta":{"rootId":"5jj8bacympll90x","id":"5jj8bacympll90x"},"id":"7gsdmxbw8cs4wpk","previousOperationId":"3fnfvgkjzvy1rfi"}
{"type":"operationEnd","operationId":"3fnfvgkjzvy1rfi","timestamp":1767123199576,"id":"14aku8zf2c1ow3c","previousEventId":"u7r5h5jw2rtwqw8","previousOperationId":"3fnfvgkjzvy1rfi"}
{"type":"log","timestamp":1767123199576,"level":"debug","message":"Skipping storing report.","meta":{"rootId":"5jj8bacympll90x","id":"5jj8bacympll90x"},"id":"xu4j0n66o6csqla","previousOperationId":"3fnfvgkjzvy1rfi"}
{"type":"log","timestamp":1767123199576,"level":"info","message":"Rendering request 12 finished in 4951 ms","meta":{"rootId":"5jj8bacympll90x","id":"5jj8bacympll90x"},"id":"x3qnbugnvk4a4gx","previousOperationId":"3fnfvgkjzvy1rfi"}
{"type":"operationEnd","subtype":"render","operationId":"91p99rnsl3vmn5v","timestamp":1767123199576,"id":"qzwng942uz6ibs8","previousEventId":"14aku8zf2c1ow3c","previousOperationId":"3fnfvgkjzvy1rfi"}
{"type":"operationEnd","doDiffs":false,"previousEventId":"an6w0too4b4ihh6","previousOperationId":"z1ckgdpazvcyzul","operationId":"z1ckgdpazvcyzul","timestamp":1767123199581,"id":"adoslwdb2ov3kve"}
