{"type":"operationStart","subtype":"profile","data":{"_id":"dYP2JVbkvGWFXAsc","timestamp":"2025-12-31T10:49:23.417Z","state":"running","mode":"standard","creationDate":"2025-12-31T10:49:23.421Z","modificationDate":"2025-12-31T10:49:23.421Z","shortid":"CXsLMC1","$entitySet":"profiles","timeout":60000},"doDiffs":false,"timestamp":1767178163419,"id":"yzcb30kdy6r5v7f","previousOperationId":null,"operationId":"n23bqrcd14ydxxr"}
{"type":"log","level":"info","message":"Render request 25 queued for execution and waiting for available worker","previousOperationId":"n23bqrcd14ydxxr","timestamp":1767178163420,"id":"w18q4n1izsbbslu"}
{"type":"operationStart","subtype":"render","name":"anonymous","previousOperationId":"n23bqrcd14ydxxr","timestamp":1767178163471,"id":"s5i13iww93kvhb9","previousEventId":"yzcb30kdy6r5v7f","operationId":"aigh0av1jt11ocm"}
{"type":"log","timestamp":1767178163472,"level":"info","message":"Starting rendering request 25","meta":{"rootId":"5kgl1ihwvxs223o","id":"5kgl1ihwvxs223o"},"id":"bde20uv86rlxrgj","previousOperationId":"aigh0av1jt11ocm"}
{"type":"log","timestamp":1767178163473,"level":"info","message":"Rendering anonymous template { recipe: pptx, engine: handlebars }","meta":{"rootId":"5kgl1ihwvxs223o","id":"5kgl1ihwvxs223o"},"id":"7okuf4utkq2hzsg","previousOperationId":"aigh0av1jt11ocm"}
{"type":"log","timestamp":1767178163473,"level":"debug","message":"Inline data specified.","meta":{"rootId":"5kgl1ihwvxs223o","id":"5kgl1ihwvxs223o"},"id":"ykisid18kg9k610","previousOperationId":"aigh0av1jt11ocm"}
{"type":"log","timestamp":1767178163475,"level":"debug","message":"Base url not specified, skipping its injection.","meta":{"rootId":"5kgl1ihwvxs223o","id":"5kgl1ihwvxs223o"},"id":"susq1q62sedj2bj","previousOperationId":"aigh0av1jt11ocm"}
{"type":"operationStart","subtype":"engine","name":"handlebars","timestamp":1767178163476,"id":"rmd1xf8rsfgs28r","previousEventId":"s5i13iww93kvhb9","operationId":"og875nvl8vf6znr","previousOperationId":"aigh0av1jt11ocm"}
{"type":"log","timestamp":1767178163476,"level":"debug","message":"Rendering engine handlebars","meta":{"rootId":"5kgl1ihwvxs223o","id":"5kgl1ihwvxs223o"},"id":"y1xhwd1gth2k0e4","previousOperationId":"og875nvl8vf6znr"}
{"type":"operationEnd","operationId":"og875nvl8vf6znr","timestamp":1767178163488,"id":"gukrax28mxy87or","previousEventId":"rmd1xf8rsfgs28r","previousOperationId":"og875nvl8vf6znr"}
{"type":"operationStart","subtype":"recipe","name":"pptx","timestamp":1767178163489,"id":"04kaca012e8lzar","previousEventId":"gukrax28mxy87or","operationId":"34joffb3cyat4hd","previousOperationId":"og875nvl8vf6znr"}
{"type":"log","timestamp":1767178163489,"level":"debug","message":"Executing recipe pptx","meta":{"rootId":"5kgl1ihwvxs223o","id":"5kgl1ihwvxs223o"},"id":"xqyl5qygjdbb8t4","previousOperationId":"34joffb3cyat4hd"}
{"type":"log","timestamp":1767178163509,"level":"info","message":"pptx generation is starting","meta":{"rootId":"5kgl1ihwvxs223o","id":"5kgl1ihwvxs223o"},"id":"90fib1j2q30n858","previousOperationId":"34joffb3cyat4hd"}
{"type":"log","timestamp":1767178165518,"level":"debug","message":"Starting child request to render pptx dynamic parts","meta":{"rootId":"5kgl1ihwvxs223o","id":"5kgl1ihwvxs223o"},"id":"c2ctuucuo4olrtg","previousOperationId":"34joffb3cyat4hd"}
{"type":"operationStart","subtype":"render","name":"anonymous","previousOperationId":"34joffb3cyat4hd","timestamp":1767178165518,"id":"464mted9ty1nm6z","previousEventId":"04kaca012e8lzar","operationId":"wbda1aw9oo3gjrz"}
{"type":"log","timestamp":1767178165518,"level":"info","message":"Starting rendering (child) request","meta":{"rootId":"5kgl1ihwvxs223o","id":"as14fbw2j8adq9l"},"id":"sszxvjvu52fqjv7","previousOperationId":"wbda1aw9oo3gjrz"}
{"type":"log","timestamp":1767178165518,"level":"info","message":"Rendering anonymous template { recipe: html, engine: handlebars }","meta":{"rootId":"5kgl1ihwvxs223o","id":"as14fbw2j8adq9l"},"id":"vsz02usddfi0l48","previousOperationId":"wbda1aw9oo3gjrz"}
{"type":"log","timestamp":1767178165519,"level":"debug","message":"Inline data specified.","meta":{"rootId":"5kgl1ihwvxs223o","id":"as14fbw2j8adq9l"},"id":"lwuvoeafuxfefdd","previousOperationId":"wbda1aw9oo3gjrz"}
{"type":"log","timestamp":1767178165523,"level":"debug","message":"Base url not specified, skipping its injection.","meta":{"rootId":"5kgl1ihwvxs223o","id":"as14fbw2j8adq9l"},"id":"7qulz4b5u7xextf","previousOperationId":"wbda1aw9oo3gjrz"}
{"type":"operationStart","subtype":"engine","name":"handlebars","timestamp":1767178165526,"id":"3ev0h334rgr87mp","previousEventId":"464mted9ty1nm6z","operationId":"axx2j564m62nhb8","previousOperationId":"wbda1aw9oo3gjrz"}
{"type":"log","timestamp":1767178165526,"level":"debug","message":"Rendering engine handlebars","meta":{"rootId":"5kgl1ihwvxs223o","id":"as14fbw2j8adq9l"},"id":"hnkcmuj9a5wgh0f","previousOperationId":"axx2j564m62nhb8"}
{"type":"log","timestamp":1767178165764,"level":"debug","message":"(console:log) {\n  type: 'echarts@v5a',\n  width: 848,\n  height: 409,\n  option: { radar: [ [Object] ], series: [ [Object] ] }\n}","meta":{"userLevel":true,"rootId":"5kgl1ihwvxs223o","id":"as14fbw2j8adq9l"},"id":"kumrjmm1bm8dd3t","previousOperationId":"axx2j564m62nhb8"}
{"type":"operationEnd","operationId":"axx2j564m62nhb8","timestamp":1767178165778,"id":"zt9mx6nelvlyhep","previousEventId":"3ev0h334rgr87mp","previousOperationId":"axx2j564m62nhb8"}
{"type":"operationStart","subtype":"recipe","name":"html","timestamp":1767178165793,"id":"3cgbsptiygrw238","previousEventId":"zt9mx6nelvlyhep","operationId":"uvdpk0d6btafq4b","previousOperationId":"axx2j564m62nhb8"}
{"type":"log","timestamp":1767178165793,"level":"debug","message":"Executing recipe html","meta":{"rootId":"5kgl1ihwvxs223o","id":"as14fbw2j8adq9l"},"id":"9n7a8yxdco4mujm","previousOperationId":"uvdpk0d6btafq4b"}
{"type":"operationEnd","operationId":"uvdpk0d6btafq4b","timestamp":1767178165793,"id":"j8ncdc84mbfmaan","previousEventId":"3cgbsptiygrw238","previousOperationId":"uvdpk0d6btafq4b"}
{"type":"log","timestamp":1767178165794,"level":"debug","message":"Skipping storing report.","meta":{"rootId":"5kgl1ihwvxs223o","id":"as14fbw2j8adq9l"},"id":"9lmlfjmgt0ciuu3","previousOperationId":"uvdpk0d6btafq4b"}
{"type":"log","timestamp":1767178165794,"level":"info","message":"Rendering (child) request finished in 2378 ms","meta":{"rootId":"5kgl1ihwvxs223o","id":"as14fbw2j8adq9l"},"id":"dn023jol2m3hp7y","previousOperationId":"uvdpk0d6btafq4b"}
{"type":"operationEnd","subtype":"render","operationId":"wbda1aw9oo3gjrz","timestamp":1767178165794,"id":"1qvctd4ghhcsa14","previousEventId":"j8ncdc84mbfmaan","previousOperationId":"uvdpk0d6btafq4b"}
{"type":"log","timestamp":1767178172077,"level":"debug","message":"pptx successfully zipped","meta":{"rootId":"5kgl1ihwvxs223o","id":"5kgl1ihwvxs223o"},"id":"w26xg7oz40rtark","previousOperationId":"34joffb3cyat4hd"}
{"type":"log","timestamp":1767178172078,"level":"info","message":"pptx generation was finished","meta":{"rootId":"5kgl1ihwvxs223o","id":"5kgl1ihwvxs223o"},"id":"4abkwiwcniyji1e","previousOperationId":"34joffb3cyat4hd"}
{"type":"operationEnd","operationId":"34joffb3cyat4hd","timestamp":1767178172091,"id":"t2tzhys36av0op6","previousEventId":"04kaca012e8lzar","previousOperationId":"34joffb3cyat4hd"}
{"type":"log","timestamp":1767178172091,"level":"debug","message":"Skipping storing report.","meta":{"rootId":"5kgl1ihwvxs223o","id":"5kgl1ihwvxs223o"},"id":"hv35jrzgunczhru","previousOperationId":"34joffb3cyat4hd"}
{"type":"log","timestamp":1767178172091,"level":"info","message":"Rendering request 25 finished in 8675 ms","meta":{"rootId":"5kgl1ihwvxs223o","id":"5kgl1ihwvxs223o"},"id":"ia36u7b34am3xmj","previousOperationId":"34joffb3cyat4hd"}
{"type":"operationEnd","subtype":"render","operationId":"aigh0av1jt11ocm","timestamp":1767178172091,"id":"wdjcop88u0rkdt9","previousEventId":"t2tzhys36av0op6","previousOperationId":"34joffb3cyat4hd"}
{"type":"operationEnd","doDiffs":false,"previousEventId":"yzcb30kdy6r5v7f","previousOperationId":"n23bqrcd14ydxxr","operationId":"n23bqrcd14ydxxr","timestamp":1767178172106,"id":"k8lejqg1wuqplqr"}
