{"type":"operationStart","subtype":"profile","data":{"_id":"MdbrhwhBuHqnPAKD","timestamp":"2025-12-31T11:55:10.678Z","state":"running","mode":"standard","creationDate":"2025-12-31T11:55:10.684Z","modificationDate":"2025-12-31T11:55:10.684Z","shortid":"l1WUute","$entitySet":"profiles","timeout":60000},"doDiffs":false,"timestamp":1767182110681,"id":"iundpoag4qpw8hf","previousOperationId":null,"operationId":"jux2k2apdvztysj"}
{"type":"log","level":"info","message":"Render request 47 queued for execution and waiting for available worker","previousOperationId":"jux2k2apdvztysj","timestamp":1767182110682,"id":"j7bjwtum227po1e"}
{"type":"operationStart","subtype":"render","name":"anonymous","previousOperationId":"jux2k2apdvztysj","timestamp":1767182110744,"id":"ctbbzatk09pg4bv","previousEventId":"iundpoag4qpw8hf","operationId":"7ski1nsjj1b9mcx"}
{"type":"log","timestamp":1767182110744,"level":"info","message":"Starting rendering request 47","meta":{"rootId":"5mt8ffe5sq1vgbg","id":"5mt8ffe5sq1vgbg"},"id":"wp5joif3zghvxux","previousOperationId":"7ski1nsjj1b9mcx"}
{"type":"log","timestamp":1767182110745,"level":"info","message":"Rendering anonymous template { recipe: pptx, engine: handlebars }","meta":{"rootId":"5mt8ffe5sq1vgbg","id":"5mt8ffe5sq1vgbg"},"id":"7sggo7lkdfxbucf","previousOperationId":"7ski1nsjj1b9mcx"}
{"type":"log","timestamp":1767182110745,"level":"debug","message":"Inline data specified.","meta":{"rootId":"5mt8ffe5sq1vgbg","id":"5mt8ffe5sq1vgbg"},"id":"3x03iukz1cvg0l7","previousOperationId":"7ski1nsjj1b9mcx"}
{"type":"log","timestamp":1767182110749,"level":"debug","message":"Base url not specified, skipping its injection.","meta":{"rootId":"5mt8ffe5sq1vgbg","id":"5mt8ffe5sq1vgbg"},"id":"rch68n0uu573mk0","previousOperationId":"7ski1nsjj1b9mcx"}
{"type":"operationStart","subtype":"engine","name":"handlebars","timestamp":1767182110749,"id":"mp3r8xaai5ym0l8","previousEventId":"ctbbzatk09pg4bv","operationId":"z7p2iu0srwkqssu","previousOperationId":"7ski1nsjj1b9mcx"}
{"type":"log","timestamp":1767182110749,"level":"debug","message":"Rendering engine handlebars","meta":{"rootId":"5mt8ffe5sq1vgbg","id":"5mt8ffe5sq1vgbg"},"id":"u63lah6y5qhzq67","previousOperationId":"z7p2iu0srwkqssu"}
{"type":"operationEnd","operationId":"z7p2iu0srwkqssu","timestamp":1767182110765,"id":"tp8f1kqbq72xqi8","previousEventId":"mp3r8xaai5ym0l8","previousOperationId":"z7p2iu0srwkqssu"}
{"type":"operationStart","subtype":"recipe","name":"pptx","timestamp":1767182110766,"id":"z9shn6y62mqifon","previousEventId":"tp8f1kqbq72xqi8","operationId":"oit0adkb9ehq9lt","previousOperationId":"z7p2iu0srwkqssu"}
{"type":"log","timestamp":1767182110766,"level":"debug","message":"Executing recipe pptx","meta":{"rootId":"5mt8ffe5sq1vgbg","id":"5mt8ffe5sq1vgbg"},"id":"b4z5ytjuqoxmwff","previousOperationId":"oit0adkb9ehq9lt"}
{"type":"log","timestamp":1767182110786,"level":"info","message":"pptx generation is starting","meta":{"rootId":"5mt8ffe5sq1vgbg","id":"5mt8ffe5sq1vgbg"},"id":"b3oy9d55h0o1oxf","previousOperationId":"oit0adkb9ehq9lt"}
{"type":"log","timestamp":1767182112830,"level":"debug","message":"Starting child request to render pptx dynamic parts","meta":{"rootId":"5mt8ffe5sq1vgbg","id":"5mt8ffe5sq1vgbg"},"id":"qy5p1cjvydfly0b","previousOperationId":"oit0adkb9ehq9lt"}
{"type":"operationStart","subtype":"render","name":"anonymous","previousOperationId":"oit0adkb9ehq9lt","timestamp":1767182112831,"id":"nip6xvtyrwq4cr0","previousEventId":"z9shn6y62mqifon","operationId":"77w9jzpmd4xa6z3"}
{"type":"log","timestamp":1767182112831,"level":"info","message":"Starting rendering (child) request","meta":{"rootId":"5mt8ffe5sq1vgbg","id":"x1p4ypax6qn6nzc"},"id":"vvlv9iry105umkc","previousOperationId":"77w9jzpmd4xa6z3"}
{"type":"log","timestamp":1767182112831,"level":"info","message":"Rendering anonymous template { recipe: html, engine: handlebars }","meta":{"rootId":"5mt8ffe5sq1vgbg","id":"x1p4ypax6qn6nzc"},"id":"q4azgqn34h5c6a6","previousOperationId":"77w9jzpmd4xa6z3"}
{"type":"log","timestamp":1767182112831,"level":"debug","message":"Inline data specified.","meta":{"rootId":"5mt8ffe5sq1vgbg","id":"x1p4ypax6qn6nzc"},"id":"jwbh8kbp4fhr2x3","previousOperationId":"77w9jzpmd4xa6z3"}
{"type":"log","timestamp":1767182112838,"level":"debug","message":"Base url not specified, skipping its injection.","meta":{"rootId":"5mt8ffe5sq1vgbg","id":"x1p4ypax6qn6nzc"},"id":"ipxxzfhowfaaxdx","previousOperationId":"77w9jzpmd4xa6z3"}
{"type":"operationStart","subtype":"engine","name":"handlebars","timestamp":1767182112840,"id":"vuj322ritobkuhb","previousEventId":"nip6xvtyrwq4cr0","operationId":"504kadlww7ieaqq","previousOperationId":"77w9jzpmd4xa6z3"}
{"type":"log","timestamp":1767182112840,"level":"debug","message":"Rendering engine handlebars","meta":{"rootId":"5mt8ffe5sq1vgbg","id":"x1p4ypax6qn6nzc"},"id":"xs80kpw09hrwq75","previousOperationId":"504kadlww7ieaqq"}
{"type":"log","timestamp":1767182113075,"level":"debug","message":"(console:log) {\n  type: 'echarts@v5a',\n  width: 848,\n  height: 409,\n  option: { radar: [ [Object] ], series: [ [Object] ] }\n}","meta":{"userLevel":true,"rootId":"5mt8ffe5sq1vgbg","id":"x1p4ypax6qn6nzc"},"id":"ebax1l0vqcmrxxj","previousOperationId":"504kadlww7ieaqq"}
{"type":"operationEnd","operationId":"504kadlww7ieaqq","timestamp":1767182113090,"id":"anm8xj4uq8dl65j","previousEventId":"vuj322ritobkuhb","previousOperationId":"504kadlww7ieaqq"}
{"type":"operationStart","subtype":"recipe","name":"html","timestamp":1767182113112,"id":"i4g06n4qmqhkvz3","previousEventId":"anm8xj4uq8dl65j","operationId":"7anbkct4fs65589","previousOperationId":"504kadlww7ieaqq"}
{"type":"log","timestamp":1767182113112,"level":"debug","message":"Executing recipe html","meta":{"rootId":"5mt8ffe5sq1vgbg","id":"x1p4ypax6qn6nzc"},"id":"wwzqxpbj87nfv4d","previousOperationId":"7anbkct4fs65589"}
{"type":"operationEnd","operationId":"7anbkct4fs65589","timestamp":1767182113112,"id":"vojekwp9mklzc2k","previousEventId":"i4g06n4qmqhkvz3","previousOperationId":"7anbkct4fs65589"}
{"type":"log","timestamp":1767182113112,"level":"debug","message":"Skipping storing report.","meta":{"rootId":"5mt8ffe5sq1vgbg","id":"x1p4ypax6qn6nzc"},"id":"vccx7nln9vdd229","previousOperationId":"7anbkct4fs65589"}
{"type":"log","timestamp":1767182113112,"level":"info","message":"Rendering (child) request finished in 2438 ms","meta":{"rootId":"5mt8ffe5sq1vgbg","id":"x1p4ypax6qn6nzc"},"id":"d15xj3hgablr4zs","previousOperationId":"7anbkct4fs65589"}
{"type":"operationEnd","subtype":"render","operationId":"77w9jzpmd4xa6z3","timestamp":1767182113112,"id":"t33hwbw38l6jpuu","previousEventId":"vojekwp9mklzc2k","previousOperationId":"7anbkct4fs65589"}
{"type":"log","timestamp":1767182119508,"level":"debug","message":"pptx successfully zipped","meta":{"rootId":"5mt8ffe5sq1vgbg","id":"5mt8ffe5sq1vgbg"},"id":"m4walmzee9dk57m","previousOperationId":"oit0adkb9ehq9lt"}
{"type":"log","timestamp":1767182119508,"level":"info","message":"pptx generation was finished","meta":{"rootId":"5mt8ffe5sq1vgbg","id":"5mt8ffe5sq1vgbg"},"id":"6sgeuykrvr1lgce","previousOperationId":"oit0adkb9ehq9lt"}
{"type":"operationEnd","operationId":"oit0adkb9ehq9lt","timestamp":1767182119522,"id":"3vpzkt3oqihyusf","previousEventId":"z9shn6y62mqifon","previousOperationId":"oit0adkb9ehq9lt"}
{"type":"log","timestamp":1767182119522,"level":"debug","message":"Skipping storing report.","meta":{"rootId":"5mt8ffe5sq1vgbg","id":"5mt8ffe5sq1vgbg"},"id":"n6j4yk5yia5r4ef","previousOperationId":"oit0adkb9ehq9lt"}
{"type":"log","timestamp":1767182119527,"level":"info","message":"Rendering request 47 finished in 8853 ms","meta":{"rootId":"5mt8ffe5sq1vgbg","id":"5mt8ffe5sq1vgbg"},"id":"nza8v9mmynba1ey","previousOperationId":"oit0adkb9ehq9lt"}
{"type":"operationEnd","subtype":"render","operationId":"7ski1nsjj1b9mcx","timestamp":1767182119527,"id":"xksr3ah8wt6guot","previousEventId":"3vpzkt3oqihyusf","previousOperationId":"oit0adkb9ehq9lt"}
{"type":"operationEnd","doDiffs":false,"previousEventId":"iundpoag4qpw8hf","previousOperationId":"jux2k2apdvztysj","operationId":"jux2k2apdvztysj","timestamp":1767182119542,"id":"rsxokeky8hp8mdb"}
