{"type":"operationStart","subtype":"profile","data":{"_id":"F9BJXfvvFGwDLoQj","timestamp":"2025-12-22T21:58:51.213Z","state":"running","mode":"standard","creationDate":"2025-12-22T21:58:51.219Z","modificationDate":"2025-12-22T21:58:51.219Z","shortid":"9cyW3Ne","$entitySet":"profiles","timeout":60000},"doDiffs":false,"timestamp":1766440731216,"id":"38hflcf7n0ha913","previousOperationId":null,"operationId":"i3erozklecvhg2z"}
{"type":"log","level":"info","message":"Render request 5 queued for execution and waiting for available worker","previousOperationId":"i3erozklecvhg2z","timestamp":1766440731216,"id":"7thz2jh6deh8yuj"}
{"type":"operationStart","subtype":"render","name":"anonymous","previousOperationId":"i3erozklecvhg2z","timestamp":1766440731275,"id":"y9l6m7rjgb4povk","previousEventId":"38hflcf7n0ha913","operationId":"3kqa35ypp3xtta2"}
{"type":"log","timestamp":1766440731277,"level":"info","message":"Starting rendering request 5","meta":{"rootId":"5n1be6nmyf03wp4","id":"5n1be6nmyf03wp4"},"id":"xwe7d2zb90jhoth","previousOperationId":"3kqa35ypp3xtta2"}
{"type":"log","timestamp":1766440731278,"level":"info","message":"Rendering anonymous template { recipe: pptx, engine: handlebars }","meta":{"rootId":"5n1be6nmyf03wp4","id":"5n1be6nmyf03wp4"},"id":"9s73iy01yubr71c","previousOperationId":"3kqa35ypp3xtta2"}
{"type":"log","timestamp":1766440731278,"level":"debug","message":"Inline data specified.","meta":{"rootId":"5n1be6nmyf03wp4","id":"5n1be6nmyf03wp4"},"id":"wvshymtidnhp931","previousOperationId":"3kqa35ypp3xtta2"}
{"type":"log","timestamp":1766440731281,"level":"debug","message":"Base url not specified, skipping its injection.","meta":{"rootId":"5n1be6nmyf03wp4","id":"5n1be6nmyf03wp4"},"id":"ba74hbau6lg6f3y","previousOperationId":"3kqa35ypp3xtta2"}
{"type":"operationStart","subtype":"engine","name":"handlebars","timestamp":1766440731283,"id":"7io73kynyfand88","previousEventId":"y9l6m7rjgb4povk","operationId":"d75xusu3re4jk5n","previousOperationId":"3kqa35ypp3xtta2"}
{"type":"log","timestamp":1766440731283,"level":"debug","message":"Rendering engine handlebars","meta":{"rootId":"5n1be6nmyf03wp4","id":"5n1be6nmyf03wp4"},"id":"paibwhkfqvpq1r6","previousOperationId":"d75xusu3re4jk5n"}
{"type":"operationEnd","operationId":"d75xusu3re4jk5n","timestamp":1766440731306,"id":"ocqo9sgrb0alplj","previousEventId":"7io73kynyfand88","previousOperationId":"d75xusu3re4jk5n"}
{"type":"operationStart","subtype":"recipe","name":"pptx","timestamp":1766440731306,"id":"kz6k6o03kif8zt9","previousEventId":"ocqo9sgrb0alplj","operationId":"nfq0q7ekezba3he","previousOperationId":"d75xusu3re4jk5n"}
{"type":"log","timestamp":1766440731306,"level":"debug","message":"Executing recipe pptx","meta":{"rootId":"5n1be6nmyf03wp4","id":"5n1be6nmyf03wp4"},"id":"4k44wqq5n8u95k4","previousOperationId":"nfq0q7ekezba3he"}
{"type":"log","timestamp":1766440731328,"level":"info","message":"pptx generation is starting","meta":{"rootId":"5n1be6nmyf03wp4","id":"5n1be6nmyf03wp4"},"id":"ibqn4nf3ymj4im6","previousOperationId":"nfq0q7ekezba3he"}
{"type":"log","timestamp":1766440732514,"level":"debug","message":"Starting child request to render pptx dynamic parts","meta":{"rootId":"5n1be6nmyf03wp4","id":"5n1be6nmyf03wp4"},"id":"kcahpc5rz7kg6pl","previousOperationId":"nfq0q7ekezba3he"}
{"type":"operationStart","subtype":"render","name":"anonymous","previousOperationId":"nfq0q7ekezba3he","timestamp":1766440732515,"id":"3d6u82d6kcpmomx","previousEventId":"kz6k6o03kif8zt9","operationId":"jzvmp1swp8yaeh1"}
{"type":"log","timestamp":1766440732515,"level":"info","message":"Starting rendering (child) request","meta":{"rootId":"5n1be6nmyf03wp4","id":"pwh9yy4u3e79j9o"},"id":"xv1yna0aaz49n84","previousOperationId":"jzvmp1swp8yaeh1"}
{"type":"log","timestamp":1766440732515,"level":"info","message":"Rendering anonymous template { recipe: html, engine: handlebars }","meta":{"rootId":"5n1be6nmyf03wp4","id":"pwh9yy4u3e79j9o"},"id":"yea6nanyhof1vhl","previousOperationId":"jzvmp1swp8yaeh1"}
{"type":"log","timestamp":1766440732515,"level":"debug","message":"Inline data specified.","meta":{"rootId":"5n1be6nmyf03wp4","id":"pwh9yy4u3e79j9o"},"id":"tqe3z2zkfvbnmel","previousOperationId":"jzvmp1swp8yaeh1"}
{"type":"log","timestamp":1766440732519,"level":"debug","message":"Base url not specified, skipping its injection.","meta":{"rootId":"5n1be6nmyf03wp4","id":"pwh9yy4u3e79j9o"},"id":"tay3li4ypzr9l0p","previousOperationId":"jzvmp1swp8yaeh1"}
{"type":"operationStart","subtype":"engine","name":"handlebars","timestamp":1766440732521,"id":"zh5ek2bsc6fm593","previousEventId":"3d6u82d6kcpmomx","operationId":"e469k6nqxuhqrc8","previousOperationId":"jzvmp1swp8yaeh1"}
{"type":"log","timestamp":1766440732521,"level":"debug","message":"Rendering engine handlebars","meta":{"rootId":"5n1be6nmyf03wp4","id":"pwh9yy4u3e79j9o"},"id":"y973ovwyvbe2xtw","previousOperationId":"e469k6nqxuhqrc8"}
{"type":"operationEnd","operationId":"e469k6nqxuhqrc8","timestamp":1766440732614,"id":"4zo31iv3lu56zda","previousEventId":"zh5ek2bsc6fm593","previousOperationId":"e469k6nqxuhqrc8"}
{"type":"operationStart","subtype":"recipe","name":"html","timestamp":1766440732623,"id":"eckzdm4jpupeoas","previousEventId":"4zo31iv3lu56zda","operationId":"j9xchpsbwx2ctsc","previousOperationId":"e469k6nqxuhqrc8"}
{"type":"log","timestamp":1766440732623,"level":"debug","message":"Executing recipe html","meta":{"rootId":"5n1be6nmyf03wp4","id":"pwh9yy4u3e79j9o"},"id":"wqlfaksyq9d446m","previousOperationId":"j9xchpsbwx2ctsc"}
{"type":"operationEnd","operationId":"j9xchpsbwx2ctsc","timestamp":1766440732623,"id":"zt6gdlcw8vzdjx2","previousEventId":"eckzdm4jpupeoas","previousOperationId":"j9xchpsbwx2ctsc"}
{"type":"log","timestamp":1766440732623,"level":"debug","message":"Skipping storing report.","meta":{"rootId":"5n1be6nmyf03wp4","id":"pwh9yy4u3e79j9o"},"id":"33ow54ek3inms06","previousOperationId":"j9xchpsbwx2ctsc"}
{"type":"log","timestamp":1766440732623,"level":"info","message":"Rendering (child) request finished in 1411 ms","meta":{"rootId":"5n1be6nmyf03wp4","id":"pwh9yy4u3e79j9o"},"id":"xuwxcft1hzrliu6","previousOperationId":"j9xchpsbwx2ctsc"}
{"type":"operationEnd","subtype":"render","operationId":"jzvmp1swp8yaeh1","timestamp":1766440732623,"id":"bt6ejdsklzhnmb4","previousEventId":"zt6gdlcw8vzdjx2","previousOperationId":"j9xchpsbwx2ctsc"}
{"type":"log","timestamp":1766440734715,"level":"debug","message":"pptx successfully zipped","meta":{"rootId":"5n1be6nmyf03wp4","id":"5n1be6nmyf03wp4"},"id":"9mkinjweqfdhg0l","previousOperationId":"nfq0q7ekezba3he"}
{"type":"log","timestamp":1766440734715,"level":"info","message":"pptx generation was finished","meta":{"rootId":"5n1be6nmyf03wp4","id":"5n1be6nmyf03wp4"},"id":"k13n2ux9x4xmm9b","previousOperationId":"nfq0q7ekezba3he"}
{"type":"operationEnd","operationId":"nfq0q7ekezba3he","timestamp":1766440734724,"id":"tkdjqfd1dlgrxnv","previousEventId":"kz6k6o03kif8zt9","previousOperationId":"nfq0q7ekezba3he"}
{"type":"log","timestamp":1766440734724,"level":"debug","message":"Skipping storing report.","meta":{"rootId":"5n1be6nmyf03wp4","id":"5n1be6nmyf03wp4"},"id":"ubfetxezoxfg6i8","previousOperationId":"nfq0q7ekezba3he"}
{"type":"log","timestamp":1766440734724,"level":"info","message":"Rendering request 5 finished in 3512 ms","meta":{"rootId":"5n1be6nmyf03wp4","id":"5n1be6nmyf03wp4"},"id":"b36sp0c7j6r81hx","previousOperationId":"nfq0q7ekezba3he"}
{"type":"operationEnd","subtype":"render","operationId":"3kqa35ypp3xtta2","timestamp":1766440734724,"id":"49kc8lvvjspvrsj","previousEventId":"tkdjqfd1dlgrxnv","previousOperationId":"nfq0q7ekezba3he"}
{"type":"operationEnd","doDiffs":false,"previousEventId":"38hflcf7n0ha913","previousOperationId":"i3erozklecvhg2z","operationId":"i3erozklecvhg2z","timestamp":1766440734728,"id":"l5j8ap4r250e4bd"}
