{"type":"operationStart","subtype":"profile","data":{"_id":"w0QwEshjunwdZG1Y","timestamp":"2025-12-28T14:28:57.680Z","state":"running","mode":"standard","creationDate":"2025-12-28T14:28:57.693Z","modificationDate":"2025-12-28T14:28:57.693Z","shortid":"wBMbq_u","$entitySet":"profiles","timeout":60000},"doDiffs":false,"timestamp":1766932137690,"id":"sd1d8038ef5ikaz","previousOperationId":null,"operationId":"lj2mralvsxt4idn"}
{"type":"log","level":"info","message":"Render request 20 queued for execution and waiting for available worker","previousOperationId":"lj2mralvsxt4idn","timestamp":1766932137691,"id":"8osgh0z8ykw9y10"}
{"type":"operationStart","subtype":"render","name":"anonymous","previousOperationId":"lj2mralvsxt4idn","timestamp":1766932137734,"id":"38nmcmmgy1u1r6e","previousEventId":"sd1d8038ef5ikaz","operationId":"od0jksal46czdqt"}
{"type":"log","timestamp":1766932137735,"level":"info","message":"Starting rendering request 20","meta":{"rootId":"5n3edn8w16fjcq5","id":"5n3edn8w16fjcq5"},"id":"bpc2lwinihmg5kc","previousOperationId":"od0jksal46czdqt"}
{"type":"log","timestamp":1766932137735,"level":"info","message":"Rendering anonymous template { recipe: pptx, engine: handlebars }","meta":{"rootId":"5n3edn8w16fjcq5","id":"5n3edn8w16fjcq5"},"id":"v71ttc8nv122wtd","previousOperationId":"od0jksal46czdqt"}
{"type":"log","timestamp":1766932137735,"level":"debug","message":"Inline data specified.","meta":{"rootId":"5n3edn8w16fjcq5","id":"5n3edn8w16fjcq5"},"id":"5mxhugq85w7z38j","previousOperationId":"od0jksal46czdqt"}
{"type":"log","timestamp":1766932137737,"level":"debug","message":"Base url not specified, skipping its injection.","meta":{"rootId":"5n3edn8w16fjcq5","id":"5n3edn8w16fjcq5"},"id":"t5z8wg5h7bi8lcs","previousOperationId":"od0jksal46czdqt"}
{"type":"operationStart","subtype":"engine","name":"handlebars","timestamp":1766932137737,"id":"a7970wswsbgvj0i","previousEventId":"38nmcmmgy1u1r6e","operationId":"fwbrlmoxz2260cc","previousOperationId":"od0jksal46czdqt"}
{"type":"log","timestamp":1766932137738,"level":"debug","message":"Rendering engine handlebars","meta":{"rootId":"5n3edn8w16fjcq5","id":"5n3edn8w16fjcq5"},"id":"hnq3zbqmogh1jdn","previousOperationId":"fwbrlmoxz2260cc"}
{"type":"operationEnd","operationId":"fwbrlmoxz2260cc","timestamp":1766932137756,"id":"mg34lia357ilfts","previousEventId":"a7970wswsbgvj0i","previousOperationId":"fwbrlmoxz2260cc"}
{"type":"operationStart","subtype":"recipe","name":"pptx","timestamp":1766932137757,"id":"nxksika391ajpqi","previousEventId":"mg34lia357ilfts","operationId":"9pa87o7m4tf2il2","previousOperationId":"fwbrlmoxz2260cc"}
{"type":"log","timestamp":1766932137757,"level":"debug","message":"Executing recipe pptx","meta":{"rootId":"5n3edn8w16fjcq5","id":"5n3edn8w16fjcq5"},"id":"rgezt309gcbnwl3","previousOperationId":"9pa87o7m4tf2il2"}
{"type":"log","timestamp":1766932137786,"level":"info","message":"pptx generation is starting","meta":{"rootId":"5n3edn8w16fjcq5","id":"5n3edn8w16fjcq5"},"id":"uynii4pbpvzt573","previousOperationId":"9pa87o7m4tf2il2"}
{"type":"log","timestamp":1766932138913,"level":"debug","message":"Starting child request to render pptx dynamic parts","meta":{"rootId":"5n3edn8w16fjcq5","id":"5n3edn8w16fjcq5"},"id":"3zb4xztp3rflrvv","previousOperationId":"9pa87o7m4tf2il2"}
{"type":"operationStart","subtype":"render","name":"anonymous","previousOperationId":"9pa87o7m4tf2il2","timestamp":1766932138913,"id":"75vhpilnbe4ugxz","previousEventId":"nxksika391ajpqi","operationId":"g8muf7tty3k6gcj"}
{"type":"log","timestamp":1766932138913,"level":"info","message":"Starting rendering (child) request","meta":{"rootId":"5n3edn8w16fjcq5","id":"4khyr2s2czs3rvt"},"id":"awjyylx70fgtx0a","previousOperationId":"g8muf7tty3k6gcj"}
{"type":"log","timestamp":1766932138914,"level":"info","message":"Rendering anonymous template { recipe: html, engine: handlebars }","meta":{"rootId":"5n3edn8w16fjcq5","id":"4khyr2s2czs3rvt"},"id":"vjbak5pmbizdbh3","previousOperationId":"g8muf7tty3k6gcj"}
{"type":"log","timestamp":1766932138914,"level":"debug","message":"Inline data specified.","meta":{"rootId":"5n3edn8w16fjcq5","id":"4khyr2s2czs3rvt"},"id":"nfnr5t1p61ra8ii","previousOperationId":"g8muf7tty3k6gcj"}
{"type":"log","timestamp":1766932138921,"level":"debug","message":"Base url not specified, skipping its injection.","meta":{"rootId":"5n3edn8w16fjcq5","id":"4khyr2s2czs3rvt"},"id":"p3itfs5mpmq511k","previousOperationId":"g8muf7tty3k6gcj"}
{"type":"operationStart","subtype":"engine","name":"handlebars","timestamp":1766932138922,"id":"iwqtwjujh244pr5","previousEventId":"75vhpilnbe4ugxz","operationId":"yslwao8cwhzbc8z","previousOperationId":"g8muf7tty3k6gcj"}
{"type":"log","timestamp":1766932138922,"level":"debug","message":"Rendering engine handlebars","meta":{"rootId":"5n3edn8w16fjcq5","id":"4khyr2s2czs3rvt"},"id":"rzf96umkwndehph","previousOperationId":"yslwao8cwhzbc8z"}
{"type":"log","timestamp":1766932139040,"level":"debug","message":"(console:log) {\n  type: 'echarts@v5a',\n  width: 848,\n  height: 409,\n  option: { radar: [ [Object] ], series: [ [Object] ] }\n}","meta":{"userLevel":true,"rootId":"5n3edn8w16fjcq5","id":"4khyr2s2czs3rvt"},"id":"6uxuummgau8c7qk","previousOperationId":"yslwao8cwhzbc8z"}
{"type":"operationEnd","operationId":"yslwao8cwhzbc8z","timestamp":1766932139045,"id":"mbk1uij677rhmfm","previousEventId":"iwqtwjujh244pr5","previousOperationId":"yslwao8cwhzbc8z"}
{"type":"operationStart","subtype":"recipe","name":"html","timestamp":1766932139054,"id":"qltzr8xutfm55pp","previousEventId":"mbk1uij677rhmfm","operationId":"ngdmdc59s08gffu","previousOperationId":"yslwao8cwhzbc8z"}
{"type":"log","timestamp":1766932139054,"level":"debug","message":"Executing recipe html","meta":{"rootId":"5n3edn8w16fjcq5","id":"4khyr2s2czs3rvt"},"id":"1kmqrr36gsxd33d","previousOperationId":"ngdmdc59s08gffu"}
{"type":"operationEnd","operationId":"ngdmdc59s08gffu","timestamp":1766932139054,"id":"imd5lgexum3xu9a","previousEventId":"qltzr8xutfm55pp","previousOperationId":"ngdmdc59s08gffu"}
{"type":"log","timestamp":1766932139054,"level":"debug","message":"Skipping storing report.","meta":{"rootId":"5n3edn8w16fjcq5","id":"4khyr2s2czs3rvt"},"id":"r1kg9aq9ty226w9","previousOperationId":"ngdmdc59s08gffu"}
{"type":"log","timestamp":1766932139054,"level":"info","message":"Rendering (child) request finished in 1374 ms","meta":{"rootId":"5n3edn8w16fjcq5","id":"4khyr2s2czs3rvt"},"id":"jd7yx3cty2ibmw1","previousOperationId":"ngdmdc59s08gffu"}
{"type":"operationEnd","subtype":"render","operationId":"g8muf7tty3k6gcj","timestamp":1766932139054,"id":"qqp5e8r37rfzwzr","previousEventId":"imd5lgexum3xu9a","previousOperationId":"ngdmdc59s08gffu"}
{"type":"log","timestamp":1766932142915,"level":"debug","message":"pptx successfully zipped","meta":{"rootId":"5n3edn8w16fjcq5","id":"5n3edn8w16fjcq5"},"id":"574nflypcmmwnom","previousOperationId":"9pa87o7m4tf2il2"}
{"type":"log","timestamp":1766932142915,"level":"info","message":"pptx generation was finished","meta":{"rootId":"5n3edn8w16fjcq5","id":"5n3edn8w16fjcq5"},"id":"pbbzpm6dmwwl61i","previousOperationId":"9pa87o7m4tf2il2"}
{"type":"operationEnd","operationId":"9pa87o7m4tf2il2","timestamp":1766932142923,"id":"j2q635plh0t1dod","previousEventId":"nxksika391ajpqi","previousOperationId":"9pa87o7m4tf2il2"}
{"type":"log","timestamp":1766932142923,"level":"debug","message":"Skipping storing report.","meta":{"rootId":"5n3edn8w16fjcq5","id":"5n3edn8w16fjcq5"},"id":"wc56a47ufvhiuoz","previousOperationId":"9pa87o7m4tf2il2"}
{"type":"log","timestamp":1766932142924,"level":"info","message":"Rendering request 20 finished in 5244 ms","meta":{"rootId":"5n3edn8w16fjcq5","id":"5n3edn8w16fjcq5"},"id":"onoux01199jvkdc","previousOperationId":"9pa87o7m4tf2il2"}
{"type":"operationEnd","subtype":"render","operationId":"od0jksal46czdqt","timestamp":1766932142924,"id":"0tfe3mjgd02w0ks","previousEventId":"j2q635plh0t1dod","previousOperationId":"9pa87o7m4tf2il2"}
{"type":"operationEnd","doDiffs":false,"previousEventId":"sd1d8038ef5ikaz","previousOperationId":"lj2mralvsxt4idn","operationId":"lj2mralvsxt4idn","timestamp":1766932142928,"id":"8gwddaa9apq94bl"}
