{"type":"operationStart","subtype":"profile","data":{"_id":"hUDQwZqNFLzEox1y","timestamp":"2025-12-18T13:40:42.052Z","state":"running","mode":"standard","creationDate":"2025-12-18T13:40:42.055Z","modificationDate":"2025-12-18T13:40:42.055Z","shortid":"enO9Ow2","$entitySet":"profiles","timeout":60000},"doDiffs":false,"timestamp":1766065242054,"id":"3nzvyjoliyohp4p","previousOperationId":null,"operationId":"4ic4625w6wq1frg"}
{"type":"log","level":"info","message":"Render request 3 queued for execution and waiting for available worker","previousOperationId":"4ic4625w6wq1frg","timestamp":1766065242054,"id":"1ogl3c4q7to75l4"}
{"type":"operationStart","subtype":"render","name":"anonymous","previousOperationId":"4ic4625w6wq1frg","timestamp":1766065242113,"id":"90u6nkfbtk2ui37","previousEventId":"3nzvyjoliyohp4p","operationId":"rci3jcxrupqtnk8"}
{"type":"log","timestamp":1766065242113,"level":"info","message":"Starting rendering request 3","meta":{"rootId":"5nbnir0pso2xup3","id":"5nbnir0pso2xup3"},"id":"28ki1xi7k32f8i8","previousOperationId":"rci3jcxrupqtnk8"}
{"type":"log","timestamp":1766065242113,"level":"info","message":"Rendering anonymous template { recipe: pptx, engine: handlebars }","meta":{"rootId":"5nbnir0pso2xup3","id":"5nbnir0pso2xup3"},"id":"kfscnvo11icefhg","previousOperationId":"rci3jcxrupqtnk8"}
{"type":"log","timestamp":1766065242114,"level":"debug","message":"Inline data specified.","meta":{"rootId":"5nbnir0pso2xup3","id":"5nbnir0pso2xup3"},"id":"3gy2drjry4ta04u","previousOperationId":"rci3jcxrupqtnk8"}
{"type":"log","timestamp":1766065242116,"level":"debug","message":"Base url not specified, skipping its injection.","meta":{"rootId":"5nbnir0pso2xup3","id":"5nbnir0pso2xup3"},"id":"0ycz5vp36h98h9a","previousOperationId":"rci3jcxrupqtnk8"}
{"type":"operationStart","subtype":"engine","name":"handlebars","timestamp":1766065242117,"id":"urw4nr581ctot5y","previousEventId":"90u6nkfbtk2ui37","operationId":"n1fg7l2a7g3bj9f","previousOperationId":"rci3jcxrupqtnk8"}
{"type":"log","timestamp":1766065242117,"level":"debug","message":"Rendering engine handlebars","meta":{"rootId":"5nbnir0pso2xup3","id":"5nbnir0pso2xup3"},"id":"gcjwp4kej1ogvem","previousOperationId":"n1fg7l2a7g3bj9f"}
{"type":"operationEnd","operationId":"n1fg7l2a7g3bj9f","timestamp":1766065242205,"id":"u9qnlvqvzo6v2wh","previousEventId":"urw4nr581ctot5y","previousOperationId":"n1fg7l2a7g3bj9f"}
{"type":"operationStart","subtype":"recipe","name":"pptx","timestamp":1766065242207,"id":"gg2kwk4fiuhr5ln","previousEventId":"u9qnlvqvzo6v2wh","operationId":"6rvujmr95vw9294","previousOperationId":"n1fg7l2a7g3bj9f"}
{"type":"log","timestamp":1766065242207,"level":"debug","message":"Executing recipe pptx","meta":{"rootId":"5nbnir0pso2xup3","id":"5nbnir0pso2xup3"},"id":"iavpmaqm1nptzjl","previousOperationId":"6rvujmr95vw9294"}
{"type":"log","timestamp":1766065242230,"level":"info","message":"pptx generation is starting","meta":{"rootId":"5nbnir0pso2xup3","id":"5nbnir0pso2xup3"},"id":"itva18d8opbvv2f","previousOperationId":"6rvujmr95vw9294"}
{"type":"log","timestamp":1766065243300,"level":"debug","message":"Starting child request to render pptx dynamic parts","meta":{"rootId":"5nbnir0pso2xup3","id":"5nbnir0pso2xup3"},"id":"jb88qdlf91zwair","previousOperationId":"6rvujmr95vw9294"}
{"type":"operationStart","subtype":"render","name":"anonymous","previousOperationId":"6rvujmr95vw9294","timestamp":1766065243301,"id":"svz9xzjvqaxrefa","previousEventId":"gg2kwk4fiuhr5ln","operationId":"t9i4b12ddaumrp9"}
{"type":"log","timestamp":1766065243301,"level":"info","message":"Starting rendering (child) request","meta":{"rootId":"5nbnir0pso2xup3","id":"ocrr8ry8ooie5cp"},"id":"tqr6ge6yhfwl8x8","previousOperationId":"t9i4b12ddaumrp9"}
{"type":"log","timestamp":1766065243301,"level":"info","message":"Rendering anonymous template { recipe: html, engine: handlebars }","meta":{"rootId":"5nbnir0pso2xup3","id":"ocrr8ry8ooie5cp"},"id":"e9j0ff671fusf80","previousOperationId":"t9i4b12ddaumrp9"}
{"type":"log","timestamp":1766065243301,"level":"debug","message":"Inline data specified.","meta":{"rootId":"5nbnir0pso2xup3","id":"ocrr8ry8ooie5cp"},"id":"7pv5orswgoj7x4c","previousOperationId":"t9i4b12ddaumrp9"}
{"type":"log","timestamp":1766065243305,"level":"debug","message":"Base url not specified, skipping its injection.","meta":{"rootId":"5nbnir0pso2xup3","id":"ocrr8ry8ooie5cp"},"id":"g3z3r232lkprjq5","previousOperationId":"t9i4b12ddaumrp9"}
{"type":"operationStart","subtype":"engine","name":"handlebars","timestamp":1766065243307,"id":"cwyd2g5vq4tgccw","previousEventId":"svz9xzjvqaxrefa","operationId":"8gc7gcpspqaqxkt","previousOperationId":"t9i4b12ddaumrp9"}
{"type":"log","timestamp":1766065243307,"level":"debug","message":"Rendering engine handlebars","meta":{"rootId":"5nbnir0pso2xup3","id":"ocrr8ry8ooie5cp"},"id":"04260sspahoukkr","previousOperationId":"8gc7gcpspqaqxkt"}
{"type":"operationEnd","operationId":"8gc7gcpspqaqxkt","timestamp":1766065243392,"id":"822hmaqf19d9i8h","previousEventId":"cwyd2g5vq4tgccw","previousOperationId":"8gc7gcpspqaqxkt"}
{"type":"operationStart","subtype":"recipe","name":"html","timestamp":1766065243400,"id":"jo94liyrr8sxih8","previousEventId":"822hmaqf19d9i8h","operationId":"gsjfm2rwx32grfa","previousOperationId":"8gc7gcpspqaqxkt"}
{"type":"log","timestamp":1766065243400,"level":"debug","message":"Executing recipe html","meta":{"rootId":"5nbnir0pso2xup3","id":"ocrr8ry8ooie5cp"},"id":"x50k9rgnxiyrfw9","previousOperationId":"gsjfm2rwx32grfa"}
{"type":"operationEnd","operationId":"gsjfm2rwx32grfa","timestamp":1766065243400,"id":"5ra8b9lkulzjrkp","previousEventId":"jo94liyrr8sxih8","previousOperationId":"gsjfm2rwx32grfa"}
{"type":"log","timestamp":1766065243400,"level":"debug","message":"Skipping storing report.","meta":{"rootId":"5nbnir0pso2xup3","id":"ocrr8ry8ooie5cp"},"id":"zo66gbo6iqb8gzz","previousOperationId":"gsjfm2rwx32grfa"}
{"type":"log","timestamp":1766065243400,"level":"info","message":"Rendering (child) request finished in 1348 ms","meta":{"rootId":"5nbnir0pso2xup3","id":"ocrr8ry8ooie5cp"},"id":"xv4o2617jgkmw9d","previousOperationId":"gsjfm2rwx32grfa"}
{"type":"operationEnd","subtype":"render","operationId":"t9i4b12ddaumrp9","timestamp":1766065243400,"id":"3u0pxjolug8e7uc","previousEventId":"5ra8b9lkulzjrkp","previousOperationId":"gsjfm2rwx32grfa"}
{"type":"log","timestamp":1766065246293,"level":"debug","message":"pptx successfully zipped","meta":{"rootId":"5nbnir0pso2xup3","id":"5nbnir0pso2xup3"},"id":"1p9wcym8epj9joq","previousOperationId":"6rvujmr95vw9294"}
{"type":"log","timestamp":1766065246293,"level":"info","message":"pptx generation was finished","meta":{"rootId":"5nbnir0pso2xup3","id":"5nbnir0pso2xup3"},"id":"nontpyfxu6nq5yk","previousOperationId":"6rvujmr95vw9294"}
{"type":"operationEnd","operationId":"6rvujmr95vw9294","timestamp":1766065246301,"id":"c156w3q5yvrc60m","previousEventId":"gg2kwk4fiuhr5ln","previousOperationId":"6rvujmr95vw9294"}
{"type":"log","timestamp":1766065246301,"level":"debug","message":"Skipping storing report.","meta":{"rootId":"5nbnir0pso2xup3","id":"5nbnir0pso2xup3"},"id":"ciyevrb5huv7xyu","previousOperationId":"6rvujmr95vw9294"}
{"type":"log","timestamp":1766065246301,"level":"info","message":"Rendering request 3 finished in 4249 ms","meta":{"rootId":"5nbnir0pso2xup3","id":"5nbnir0pso2xup3"},"id":"p8n73ulv0cld6wj","previousOperationId":"6rvujmr95vw9294"}
{"type":"operationEnd","subtype":"render","operationId":"rci3jcxrupqtnk8","timestamp":1766065246301,"id":"qtfgss7yix84145","previousEventId":"c156w3q5yvrc60m","previousOperationId":"6rvujmr95vw9294"}
{"type":"operationEnd","doDiffs":false,"previousEventId":"3nzvyjoliyohp4p","previousOperationId":"4ic4625w6wq1frg","operationId":"4ic4625w6wq1frg","timestamp":1766065246306,"id":"eu3yok37pt9ifc9"}
