{"type":"operationStart","subtype":"profile","data":{"_id":"MTdTEDk6vPsgO3XT","timestamp":"2025-12-26T12:08:07.000Z","state":"running","mode":"standard","creationDate":"2025-12-26T12:08:07.008Z","modificationDate":"2025-12-26T12:08:07.008Z","shortid":"3n6vrLn","$entitySet":"profiles","timeout":60000},"doDiffs":false,"timestamp":1766750887005,"id":"vs3b7kqn4lmxsxh","previousOperationId":null,"operationId":"d2pfk9kw9z62bhd"}
{"type":"log","level":"info","message":"Render request 2 queued for execution and waiting for available worker","previousOperationId":"d2pfk9kw9z62bhd","timestamp":1766750887006,"id":"ivwjmercrnqojpg"}
{"type":"operationStart","subtype":"render","name":"anonymous","previousOperationId":"d2pfk9kw9z62bhd","timestamp":1766750887103,"id":"dme5jquwq59u6nk","previousEventId":"vs3b7kqn4lmxsxh","operationId":"qtmw58y8ymaaj46"}
{"type":"log","timestamp":1766750887106,"level":"info","message":"Starting rendering request 2","meta":{"rootId":"5tgigi1dsekp4jc","id":"5tgigi1dsekp4jc"},"id":"54d9niepo3ct5lk","previousOperationId":"qtmw58y8ymaaj46"}
{"type":"log","timestamp":1766750887110,"level":"info","message":"Rendering anonymous template { recipe: pptx, engine: handlebars }","meta":{"rootId":"5tgigi1dsekp4jc","id":"5tgigi1dsekp4jc"},"id":"b4eh5hqwfc7xzes","previousOperationId":"qtmw58y8ymaaj46"}
{"type":"log","timestamp":1766750887111,"level":"debug","message":"Inline data specified.","meta":{"rootId":"5tgigi1dsekp4jc","id":"5tgigi1dsekp4jc"},"id":"7v3y6tauindjgnr","previousOperationId":"qtmw58y8ymaaj46"}
{"type":"log","timestamp":1766750887126,"level":"debug","message":"Base url not specified, skipping its injection.","meta":{"rootId":"5tgigi1dsekp4jc","id":"5tgigi1dsekp4jc"},"id":"i55tyvxtnfqbntx","previousOperationId":"qtmw58y8ymaaj46"}
{"type":"operationStart","subtype":"engine","name":"handlebars","timestamp":1766750887130,"id":"j9t9gyv4mx0dy9n","previousEventId":"dme5jquwq59u6nk","operationId":"vxdlfvw21c2bjqe","previousOperationId":"qtmw58y8ymaaj46"}
{"type":"log","timestamp":1766750887130,"level":"debug","message":"Rendering engine handlebars","meta":{"rootId":"5tgigi1dsekp4jc","id":"5tgigi1dsekp4jc"},"id":"jjowtum4xhiamio","previousOperationId":"vxdlfvw21c2bjqe"}
{"type":"operationEnd","operationId":"vxdlfvw21c2bjqe","timestamp":1766750888365,"id":"7tbwlkmkcc70z44","previousEventId":"j9t9gyv4mx0dy9n","previousOperationId":"vxdlfvw21c2bjqe"}
{"type":"operationStart","subtype":"recipe","name":"pptx","timestamp":1766750888367,"id":"wij4iuec4zcjme3","previousEventId":"7tbwlkmkcc70z44","operationId":"vrb84wij3ddzfu5","previousOperationId":"vxdlfvw21c2bjqe"}
{"type":"log","timestamp":1766750888367,"level":"debug","message":"Executing recipe pptx","meta":{"rootId":"5tgigi1dsekp4jc","id":"5tgigi1dsekp4jc"},"id":"82jyqxu7je7fj03","previousOperationId":"vrb84wij3ddzfu5"}
{"type":"log","timestamp":1766750888629,"level":"info","message":"pptx generation is starting","meta":{"rootId":"5tgigi1dsekp4jc","id":"5tgigi1dsekp4jc"},"id":"5a0ma2fi35npo3e","previousOperationId":"vrb84wij3ddzfu5"}
{"type":"log","timestamp":1766750890467,"level":"debug","message":"Starting child request to render pptx dynamic parts","meta":{"rootId":"5tgigi1dsekp4jc","id":"5tgigi1dsekp4jc"},"id":"bbo5tzv4unk2zei","previousOperationId":"vrb84wij3ddzfu5"}
{"type":"operationStart","subtype":"render","name":"anonymous","previousOperationId":"vrb84wij3ddzfu5","timestamp":1766750890469,"id":"ygw625wx4s769u9","previousEventId":"wij4iuec4zcjme3","operationId":"au86igrf20k6bpf"}
{"type":"log","timestamp":1766750890469,"level":"info","message":"Starting rendering (child) request","meta":{"rootId":"5tgigi1dsekp4jc","id":"16ev8c8g9oxj2ri"},"id":"yok25wg12dlq07j","previousOperationId":"au86igrf20k6bpf"}
{"type":"log","timestamp":1766750890469,"level":"info","message":"Rendering anonymous template { recipe: html, engine: handlebars }","meta":{"rootId":"5tgigi1dsekp4jc","id":"16ev8c8g9oxj2ri"},"id":"v2thd8y1gr3v4af","previousOperationId":"au86igrf20k6bpf"}
{"type":"log","timestamp":1766750890469,"level":"debug","message":"Inline data specified.","meta":{"rootId":"5tgigi1dsekp4jc","id":"16ev8c8g9oxj2ri"},"id":"h8ct1fgqu1z96n1","previousOperationId":"au86igrf20k6bpf"}
{"type":"log","timestamp":1766750890476,"level":"debug","message":"Base url not specified, skipping its injection.","meta":{"rootId":"5tgigi1dsekp4jc","id":"16ev8c8g9oxj2ri"},"id":"apwvqb4m5066ryy","previousOperationId":"au86igrf20k6bpf"}
{"type":"operationStart","subtype":"engine","name":"handlebars","timestamp":1766750890479,"id":"j0j1u9lc72w6iae","previousEventId":"ygw625wx4s769u9","operationId":"di2swpzonf2qshk","previousOperationId":"au86igrf20k6bpf"}
{"type":"log","timestamp":1766750890479,"level":"debug","message":"Rendering engine handlebars","meta":{"rootId":"5tgigi1dsekp4jc","id":"16ev8c8g9oxj2ri"},"id":"h3qhbjm6fax6tok","previousOperationId":"di2swpzonf2qshk"}
{"type":"operationEnd","operationId":"di2swpzonf2qshk","timestamp":1766750890661,"id":"7cm85858r75crot","previousEventId":"j0j1u9lc72w6iae","previousOperationId":"di2swpzonf2qshk"}
{"type":"operationStart","subtype":"recipe","name":"html","timestamp":1766750890677,"id":"f0cneaqw7k9753d","previousEventId":"7cm85858r75crot","operationId":"lywbsdvjld5u442","previousOperationId":"di2swpzonf2qshk"}
{"type":"log","timestamp":1766750890677,"level":"debug","message":"Executing recipe html","meta":{"rootId":"5tgigi1dsekp4jc","id":"16ev8c8g9oxj2ri"},"id":"36acgh3lszdm80n","previousOperationId":"lywbsdvjld5u442"}
{"type":"operationEnd","operationId":"lywbsdvjld5u442","timestamp":1766750890677,"id":"c1y0iggu8d3q9ud","previousEventId":"f0cneaqw7k9753d","previousOperationId":"lywbsdvjld5u442"}
{"type":"log","timestamp":1766750890678,"level":"debug","message":"Skipping storing report.","meta":{"rootId":"5tgigi1dsekp4jc","id":"16ev8c8g9oxj2ri"},"id":"4o4z1y45i23rn2g","previousOperationId":"lywbsdvjld5u442"}
{"type":"log","timestamp":1766750890678,"level":"info","message":"Rendering (child) request finished in 3679 ms","meta":{"rootId":"5tgigi1dsekp4jc","id":"16ev8c8g9oxj2ri"},"id":"c8oygrh79fn40i4","previousOperationId":"lywbsdvjld5u442"}
{"type":"operationEnd","subtype":"render","operationId":"au86igrf20k6bpf","timestamp":1766750890679,"id":"99qjxekwi88tphb","previousEventId":"c1y0iggu8d3q9ud","previousOperationId":"lywbsdvjld5u442"}
{"type":"log","timestamp":1766750895437,"level":"debug","message":"pptx successfully zipped","meta":{"rootId":"5tgigi1dsekp4jc","id":"5tgigi1dsekp4jc"},"id":"zpucfqxvzceqmh0","previousOperationId":"vrb84wij3ddzfu5"}
{"type":"log","timestamp":1766750895437,"level":"info","message":"pptx generation was finished","meta":{"rootId":"5tgigi1dsekp4jc","id":"5tgigi1dsekp4jc"},"id":"st27y16zr7xn8jw","previousOperationId":"vrb84wij3ddzfu5"}
{"type":"operationEnd","operationId":"vrb84wij3ddzfu5","timestamp":1766750895451,"id":"24ihd4u8vd16fbi","previousEventId":"wij4iuec4zcjme3","previousOperationId":"vrb84wij3ddzfu5"}
{"type":"log","timestamp":1766750895451,"level":"debug","message":"Skipping storing report.","meta":{"rootId":"5tgigi1dsekp4jc","id":"5tgigi1dsekp4jc"},"id":"m8aqkcudycba16k","previousOperationId":"vrb84wij3ddzfu5"}
{"type":"log","timestamp":1766750895452,"level":"info","message":"Rendering request 2 finished in 8453 ms","meta":{"rootId":"5tgigi1dsekp4jc","id":"5tgigi1dsekp4jc"},"id":"nwzv9h507hvvvgp","previousOperationId":"vrb84wij3ddzfu5"}
{"type":"operationEnd","subtype":"render","operationId":"qtmw58y8ymaaj46","timestamp":1766750895452,"id":"dn1r6cmhjlnkgxh","previousEventId":"24ihd4u8vd16fbi","previousOperationId":"vrb84wij3ddzfu5"}
{"type":"operationEnd","doDiffs":false,"previousEventId":"vs3b7kqn4lmxsxh","previousOperationId":"d2pfk9kw9z62bhd","operationId":"d2pfk9kw9z62bhd","timestamp":1766750895457,"id":"ltqptkf5f22f585"}
