{"type":"operationStart","subtype":"profile","data":{"_id":"eEdtjFD8Fb9l1ixb","timestamp":"2025-12-28T14:19:52.593Z","state":"running","mode":"standard","creationDate":"2025-12-28T14:19:52.600Z","modificationDate":"2025-12-28T14:19:52.600Z","shortid":"B6JjvE7","$entitySet":"profiles","timeout":60000},"doDiffs":false,"timestamp":1766931592598,"id":"er15fgt0k7ybu9i","previousOperationId":null,"operationId":"xejxu0f4yga1aqv"}
{"type":"log","level":"info","message":"Render request 11 queued for execution and waiting for available worker","previousOperationId":"xejxu0f4yga1aqv","timestamp":1766931592598,"id":"kk7h74550c1ckmp"}
{"type":"operationStart","subtype":"render","name":"anonymous","previousOperationId":"xejxu0f4yga1aqv","timestamp":1766931592662,"id":"kcv5nuer45xnok4","previousEventId":"er15fgt0k7ybu9i","operationId":"ckz85letuis2iqp"}
{"type":"log","timestamp":1766931592663,"level":"info","message":"Starting rendering request 11","meta":{"rootId":"5y007q5bz5s16i6","id":"5y007q5bz5s16i6"},"id":"14mf9vp6mmztasa","previousOperationId":"ckz85letuis2iqp"}
{"type":"log","timestamp":1766931592664,"level":"info","message":"Rendering anonymous template { recipe: pptx, engine: handlebars }","meta":{"rootId":"5y007q5bz5s16i6","id":"5y007q5bz5s16i6"},"id":"hcassfo2bk6q4f6","previousOperationId":"ckz85letuis2iqp"}
{"type":"log","timestamp":1766931592664,"level":"debug","message":"Inline data specified.","meta":{"rootId":"5y007q5bz5s16i6","id":"5y007q5bz5s16i6"},"id":"aoe15pwqwkn6xyo","previousOperationId":"ckz85letuis2iqp"}
{"type":"log","timestamp":1766931592675,"level":"debug","message":"Base url not specified, skipping its injection.","meta":{"rootId":"5y007q5bz5s16i6","id":"5y007q5bz5s16i6"},"id":"lid9jyhymtn8137","previousOperationId":"ckz85letuis2iqp"}
{"type":"operationStart","subtype":"engine","name":"handlebars","timestamp":1766931592676,"id":"pwcve58k2y02as1","previousEventId":"kcv5nuer45xnok4","operationId":"fiwaw7jn7e437dd","previousOperationId":"ckz85letuis2iqp"}
{"type":"log","timestamp":1766931592676,"level":"debug","message":"Rendering engine handlebars","meta":{"rootId":"5y007q5bz5s16i6","id":"5y007q5bz5s16i6"},"id":"yjwycyjgovlgikf","previousOperationId":"fiwaw7jn7e437dd"}
{"type":"operationEnd","operationId":"fiwaw7jn7e437dd","timestamp":1766931592698,"id":"p8462klqnyyhimf","previousEventId":"pwcve58k2y02as1","previousOperationId":"fiwaw7jn7e437dd"}
{"type":"operationStart","subtype":"recipe","name":"pptx","timestamp":1766931592699,"id":"kc0k3rz8pevxgao","previousEventId":"p8462klqnyyhimf","operationId":"ijcol3mhb976pqc","previousOperationId":"fiwaw7jn7e437dd"}
{"type":"log","timestamp":1766931592699,"level":"debug","message":"Executing recipe pptx","meta":{"rootId":"5y007q5bz5s16i6","id":"5y007q5bz5s16i6"},"id":"2iflvt07rtcynh0","previousOperationId":"ijcol3mhb976pqc"}
{"type":"log","timestamp":1766931592715,"level":"info","message":"pptx generation is starting","meta":{"rootId":"5y007q5bz5s16i6","id":"5y007q5bz5s16i6"},"id":"cgws5dqwpy7m5wh","previousOperationId":"ijcol3mhb976pqc"}
{"type":"log","timestamp":1766931593860,"level":"debug","message":"Starting child request to render pptx dynamic parts","meta":{"rootId":"5y007q5bz5s16i6","id":"5y007q5bz5s16i6"},"id":"5zrgflf5bjdzev1","previousOperationId":"ijcol3mhb976pqc"}
{"type":"operationStart","subtype":"render","name":"anonymous","previousOperationId":"ijcol3mhb976pqc","timestamp":1766931593860,"id":"41ynhq9n3z2d162","previousEventId":"kc0k3rz8pevxgao","operationId":"1rl1c6w41bta8n1"}
{"type":"log","timestamp":1766931593860,"level":"info","message":"Starting rendering (child) request","meta":{"rootId":"5y007q5bz5s16i6","id":"0rgeayld0sns8s1"},"id":"smg2jcglmdlivzk","previousOperationId":"1rl1c6w41bta8n1"}
{"type":"log","timestamp":1766931593860,"level":"info","message":"Rendering anonymous template { recipe: html, engine: handlebars }","meta":{"rootId":"5y007q5bz5s16i6","id":"0rgeayld0sns8s1"},"id":"3p3q2eohjacy9b4","previousOperationId":"1rl1c6w41bta8n1"}
{"type":"log","timestamp":1766931593860,"level":"debug","message":"Inline data specified.","meta":{"rootId":"5y007q5bz5s16i6","id":"0rgeayld0sns8s1"},"id":"zck8o6hsv3o391r","previousOperationId":"1rl1c6w41bta8n1"}
{"type":"log","timestamp":1766931593865,"level":"debug","message":"Base url not specified, skipping its injection.","meta":{"rootId":"5y007q5bz5s16i6","id":"0rgeayld0sns8s1"},"id":"tfuql2vdzlx0p06","previousOperationId":"1rl1c6w41bta8n1"}
{"type":"operationStart","subtype":"engine","name":"handlebars","timestamp":1766931593866,"id":"gk4yizzqw5tgctf","previousEventId":"41ynhq9n3z2d162","operationId":"5n93dtlif7i7ya3","previousOperationId":"1rl1c6w41bta8n1"}
{"type":"log","timestamp":1766931593866,"level":"debug","message":"Rendering engine handlebars","meta":{"rootId":"5y007q5bz5s16i6","id":"0rgeayld0sns8s1"},"id":"sxbrnzper2ef472","previousOperationId":"5n93dtlif7i7ya3"}
{"type":"log","timestamp":1766931593985,"level":"debug","message":"(console:log) {\n  type: 'echarts@v5a',\n  width: 848,\n  height: 409,\n  option: { radar: [ [Object] ], series: [ [Object] ] }\n}","meta":{"userLevel":true,"rootId":"5y007q5bz5s16i6","id":"0rgeayld0sns8s1"},"id":"law679gv65mm2uk","previousOperationId":"5n93dtlif7i7ya3"}
{"type":"operationEnd","operationId":"5n93dtlif7i7ya3","timestamp":1766931593992,"id":"27pgwyuybo0aw8z","previousEventId":"gk4yizzqw5tgctf","previousOperationId":"5n93dtlif7i7ya3"}
{"type":"operationStart","subtype":"recipe","name":"html","timestamp":1766931594000,"id":"bq0igar48drrlc4","previousEventId":"27pgwyuybo0aw8z","operationId":"tywdwlrpa4gp0fk","previousOperationId":"5n93dtlif7i7ya3"}
{"type":"log","timestamp":1766931594000,"level":"debug","message":"Executing recipe html","meta":{"rootId":"5y007q5bz5s16i6","id":"0rgeayld0sns8s1"},"id":"ycqetceyc1gy8s0","previousOperationId":"tywdwlrpa4gp0fk"}
{"type":"operationEnd","operationId":"tywdwlrpa4gp0fk","timestamp":1766931594001,"id":"8jg67iw6zs2sm2a","previousEventId":"bq0igar48drrlc4","previousOperationId":"tywdwlrpa4gp0fk"}
{"type":"log","timestamp":1766931594001,"level":"debug","message":"Skipping storing report.","meta":{"rootId":"5y007q5bz5s16i6","id":"0rgeayld0sns8s1"},"id":"kxvm3bv04bf4lsz","previousOperationId":"tywdwlrpa4gp0fk"}
{"type":"log","timestamp":1766931594001,"level":"info","message":"Rendering (child) request finished in 1408 ms","meta":{"rootId":"5y007q5bz5s16i6","id":"0rgeayld0sns8s1"},"id":"9ooh3zc4r9zg2v7","previousOperationId":"tywdwlrpa4gp0fk"}
{"type":"operationEnd","subtype":"render","operationId":"1rl1c6w41bta8n1","timestamp":1766931594001,"id":"zvej6gyhqj7g40g","previousEventId":"8jg67iw6zs2sm2a","previousOperationId":"tywdwlrpa4gp0fk"}
{"type":"log","timestamp":1766931596968,"level":"debug","message":"pptx successfully zipped","meta":{"rootId":"5y007q5bz5s16i6","id":"5y007q5bz5s16i6"},"id":"cckh8v86vodq7et","previousOperationId":"ijcol3mhb976pqc"}
{"type":"log","timestamp":1766931596968,"level":"info","message":"pptx generation was finished","meta":{"rootId":"5y007q5bz5s16i6","id":"5y007q5bz5s16i6"},"id":"kx8euo7wc05tvj5","previousOperationId":"ijcol3mhb976pqc"}
{"type":"operationEnd","operationId":"ijcol3mhb976pqc","timestamp":1766931596977,"id":"qmwqxmsh08xvdjh","previousEventId":"kc0k3rz8pevxgao","previousOperationId":"ijcol3mhb976pqc"}
{"type":"log","timestamp":1766931596977,"level":"debug","message":"Skipping storing report.","meta":{"rootId":"5y007q5bz5s16i6","id":"5y007q5bz5s16i6"},"id":"29n0phxu0ljhgwz","previousOperationId":"ijcol3mhb976pqc"}
{"type":"log","timestamp":1766931596977,"level":"info","message":"Rendering request 11 finished in 4384 ms","meta":{"rootId":"5y007q5bz5s16i6","id":"5y007q5bz5s16i6"},"id":"2vcral44j7bj5x7","previousOperationId":"ijcol3mhb976pqc"}
{"type":"operationEnd","subtype":"render","operationId":"ckz85letuis2iqp","timestamp":1766931596977,"id":"n674ju3a07gl9ro","previousEventId":"qmwqxmsh08xvdjh","previousOperationId":"ijcol3mhb976pqc"}
{"type":"operationEnd","doDiffs":false,"previousEventId":"er15fgt0k7ybu9i","previousOperationId":"xejxu0f4yga1aqv","operationId":"xejxu0f4yga1aqv","timestamp":1766931596981,"id":"izomfax62ksrgle"}
