{"type":"operationStart","subtype":"profile","data":{"_id":"LTM0q6rMYL3wWiML","timestamp":"2025-12-26T12:22:57.025Z","state":"running","mode":"standard","creationDate":"2025-12-26T12:22:57.031Z","modificationDate":"2025-12-26T12:22:57.031Z","shortid":"XUc56Zq","$entitySet":"profiles","timeout":60000},"doDiffs":false,"timestamp":1766751777028,"id":"bp98noktzril8ld","previousOperationId":null,"operationId":"vsk2poukv0ftb6b"}
{"type":"log","level":"info","message":"Render request 1 queued for execution and waiting for available worker","previousOperationId":"vsk2poukv0ftb6b","timestamp":1766751777029,"id":"9hhkcce16equunr"}
{"type":"operationStart","subtype":"render","name":"anonymous","previousOperationId":"vsk2poukv0ftb6b","timestamp":1766751777100,"id":"oi8z3xrahozwkvd","previousEventId":"bp98noktzril8ld","operationId":"3g734ovwj5gwuab"}
{"type":"log","timestamp":1766751777102,"level":"info","message":"Starting rendering request 1","meta":{"rootId":"5yc15sfz2yjdmus","id":"5yc15sfz2yjdmus"},"id":"2zesmcmtg5p5zkt","previousOperationId":"3g734ovwj5gwuab"}
{"type":"log","timestamp":1766751777104,"level":"info","message":"Rendering anonymous template { recipe: pptx, engine: handlebars }","meta":{"rootId":"5yc15sfz2yjdmus","id":"5yc15sfz2yjdmus"},"id":"rj6mz1rrvk0xbyr","previousOperationId":"3g734ovwj5gwuab"}
{"type":"log","timestamp":1766751777104,"level":"debug","message":"Inline data specified.","meta":{"rootId":"5yc15sfz2yjdmus","id":"5yc15sfz2yjdmus"},"id":"f5pdzi4beueg27a","previousOperationId":"3g734ovwj5gwuab"}
{"type":"log","timestamp":1766751777113,"level":"debug","message":"Base url not specified, skipping its injection.","meta":{"rootId":"5yc15sfz2yjdmus","id":"5yc15sfz2yjdmus"},"id":"1e34vmrqofyhf99","previousOperationId":"3g734ovwj5gwuab"}
{"type":"operationStart","subtype":"engine","name":"handlebars","timestamp":1766751777116,"id":"okhygtvkim1g6zw","previousEventId":"oi8z3xrahozwkvd","operationId":"8o9lqs0tcefwxhs","previousOperationId":"3g734ovwj5gwuab"}
{"type":"log","timestamp":1766751777116,"level":"debug","message":"Rendering engine handlebars","meta":{"rootId":"5yc15sfz2yjdmus","id":"5yc15sfz2yjdmus"},"id":"ebwrm7c67gxpx41","previousOperationId":"8o9lqs0tcefwxhs"}
{"type":"operationEnd","operationId":"8o9lqs0tcefwxhs","timestamp":1766751778396,"id":"yiwqn632qw1azzo","previousEventId":"okhygtvkim1g6zw","previousOperationId":"8o9lqs0tcefwxhs"}
{"type":"operationStart","subtype":"recipe","name":"pptx","timestamp":1766751778397,"id":"z2vhov38xr8topc","previousEventId":"yiwqn632qw1azzo","operationId":"2an99tab9q3qqqq","previousOperationId":"8o9lqs0tcefwxhs"}
{"type":"log","timestamp":1766751778397,"level":"debug","message":"Executing recipe pptx","meta":{"rootId":"5yc15sfz2yjdmus","id":"5yc15sfz2yjdmus"},"id":"7bz04jl295vom1a","previousOperationId":"2an99tab9q3qqqq"}
{"type":"log","timestamp":1766751778646,"level":"info","message":"pptx generation is starting","meta":{"rootId":"5yc15sfz2yjdmus","id":"5yc15sfz2yjdmus"},"id":"zd5t26z9w21qzyg","previousOperationId":"2an99tab9q3qqqq"}
{"type":"log","timestamp":1766751780466,"level":"debug","message":"Starting child request to render pptx dynamic parts","meta":{"rootId":"5yc15sfz2yjdmus","id":"5yc15sfz2yjdmus"},"id":"eg1hihnjnfzhx57","previousOperationId":"2an99tab9q3qqqq"}
{"type":"operationStart","subtype":"render","name":"anonymous","previousOperationId":"2an99tab9q3qqqq","timestamp":1766751780467,"id":"dosw4r0q3lfm8pa","previousEventId":"z2vhov38xr8topc","operationId":"x12gas7zizf5ye5"}
{"type":"log","timestamp":1766751780467,"level":"info","message":"Starting rendering (child) request","meta":{"rootId":"5yc15sfz2yjdmus","id":"1i0luxffrv7ge9o"},"id":"n7zhxy5hnob9i2c","previousOperationId":"x12gas7zizf5ye5"}
{"type":"log","timestamp":1766751780468,"level":"info","message":"Rendering anonymous template { recipe: html, engine: handlebars }","meta":{"rootId":"5yc15sfz2yjdmus","id":"1i0luxffrv7ge9o"},"id":"m7zs9nr0ggj96aj","previousOperationId":"x12gas7zizf5ye5"}
{"type":"log","timestamp":1766751780468,"level":"debug","message":"Inline data specified.","meta":{"rootId":"5yc15sfz2yjdmus","id":"1i0luxffrv7ge9o"},"id":"e20jlvbiirt5op4","previousOperationId":"x12gas7zizf5ye5"}
{"type":"log","timestamp":1766751780475,"level":"debug","message":"Base url not specified, skipping its injection.","meta":{"rootId":"5yc15sfz2yjdmus","id":"1i0luxffrv7ge9o"},"id":"6kpzu1s9xzaj4cf","previousOperationId":"x12gas7zizf5ye5"}
{"type":"operationStart","subtype":"engine","name":"handlebars","timestamp":1766751780478,"id":"lumm06a1zqne8hl","previousEventId":"dosw4r0q3lfm8pa","operationId":"ccqpmc5ppgzjvkm","previousOperationId":"x12gas7zizf5ye5"}
{"type":"log","timestamp":1766751780478,"level":"debug","message":"Rendering engine handlebars","meta":{"rootId":"5yc15sfz2yjdmus","id":"1i0luxffrv7ge9o"},"id":"soal6u6oi4ua1km","previousOperationId":"ccqpmc5ppgzjvkm"}
{"type":"operationEnd","operationId":"ccqpmc5ppgzjvkm","timestamp":1766751780658,"id":"in9jxn9x4e0cjoz","previousEventId":"lumm06a1zqne8hl","previousOperationId":"ccqpmc5ppgzjvkm"}
{"type":"operationStart","subtype":"recipe","name":"html","timestamp":1766751780672,"id":"793i06wlhxr22k0","previousEventId":"in9jxn9x4e0cjoz","operationId":"4xg4ih37nutu3nr","previousOperationId":"ccqpmc5ppgzjvkm"}
{"type":"log","timestamp":1766751780672,"level":"debug","message":"Executing recipe html","meta":{"rootId":"5yc15sfz2yjdmus","id":"1i0luxffrv7ge9o"},"id":"icngmx770b5kwce","previousOperationId":"4xg4ih37nutu3nr"}
{"type":"operationEnd","operationId":"4xg4ih37nutu3nr","timestamp":1766751780673,"id":"gydyxu4gbfsugfu","previousEventId":"793i06wlhxr22k0","previousOperationId":"4xg4ih37nutu3nr"}
{"type":"log","timestamp":1766751780674,"level":"debug","message":"Skipping storing report.","meta":{"rootId":"5yc15sfz2yjdmus","id":"1i0luxffrv7ge9o"},"id":"a172zpis5csvl92","previousOperationId":"4xg4ih37nutu3nr"}
{"type":"log","timestamp":1766751780674,"level":"info","message":"Rendering (child) request finished in 3652 ms","meta":{"rootId":"5yc15sfz2yjdmus","id":"1i0luxffrv7ge9o"},"id":"fndxmj1ihyst2ck","previousOperationId":"4xg4ih37nutu3nr"}
{"type":"operationEnd","subtype":"render","operationId":"x12gas7zizf5ye5","timestamp":1766751780675,"id":"us6iri9gft8e6mn","previousEventId":"gydyxu4gbfsugfu","previousOperationId":"4xg4ih37nutu3nr"}
{"type":"log","timestamp":1766751793208,"level":"debug","message":"pptx successfully zipped","meta":{"rootId":"5yc15sfz2yjdmus","id":"5yc15sfz2yjdmus"},"id":"x50c89lubiea3rb","previousOperationId":"2an99tab9q3qqqq"}
{"type":"log","timestamp":1766751793208,"level":"info","message":"pptx generation was finished","meta":{"rootId":"5yc15sfz2yjdmus","id":"5yc15sfz2yjdmus"},"id":"phadreltt5uosro","previousOperationId":"2an99tab9q3qqqq"}
{"type":"operationEnd","operationId":"2an99tab9q3qqqq","timestamp":1766751793225,"id":"umltxycnu0nq2r8","previousEventId":"z2vhov38xr8topc","previousOperationId":"2an99tab9q3qqqq"}
{"type":"log","timestamp":1766751793226,"level":"debug","message":"Skipping storing report.","meta":{"rootId":"5yc15sfz2yjdmus","id":"5yc15sfz2yjdmus"},"id":"dl7xzimqaqpo3di","previousOperationId":"2an99tab9q3qqqq"}
{"type":"log","timestamp":1766751793226,"level":"info","message":"Rendering request 1 finished in 16204 ms","meta":{"rootId":"5yc15sfz2yjdmus","id":"5yc15sfz2yjdmus"},"id":"1y9jyndu2ojoq00","previousOperationId":"2an99tab9q3qqqq"}
{"type":"operationEnd","subtype":"render","operationId":"3g734ovwj5gwuab","timestamp":1766751793226,"id":"bpxv7hcraf7514h","previousEventId":"umltxycnu0nq2r8","previousOperationId":"2an99tab9q3qqqq"}
{"type":"operationEnd","doDiffs":false,"previousEventId":"bp98noktzril8ld","previousOperationId":"vsk2poukv0ftb6b","operationId":"vsk2poukv0ftb6b","timestamp":1766751793233,"id":"ux6c5ybymquifrd"}
