{"type":"operationStart","subtype":"profile","data":{"_id":"rubhCifYOvmT1DNY","timestamp":"2025-12-30T19:26:55.854Z","state":"running","mode":"standard","creationDate":"2025-12-30T19:26:55.857Z","modificationDate":"2025-12-30T19:26:55.857Z","shortid":"3j44PMe","$entitySet":"profiles","timeout":60000},"doDiffs":false,"timestamp":1767122815855,"id":"yvb8crriice3gb4","previousOperationId":null,"operationId":"rkhsbahyxzyeud3"}
{"type":"log","level":"info","message":"Render request 9 queued for execution and waiting for available worker","previousOperationId":"rkhsbahyxzyeud3","timestamp":1767122815855,"id":"lvwb5yxe94hjfqk"}
{"type":"operationStart","subtype":"render","name":"anonymous","previousOperationId":"rkhsbahyxzyeud3","timestamp":1767122815909,"id":"yxgkx0serwr6hn0","previousEventId":"yvb8crriice3gb4","operationId":"p1lq23hqan6jlo0"}
{"type":"log","timestamp":1767122815909,"level":"info","message":"Starting rendering request 9","meta":{"rootId":"62y6bxbz3asztb5","id":"62y6bxbz3asztb5"},"id":"g1aaz1prscfslp2","previousOperationId":"p1lq23hqan6jlo0"}
{"type":"log","timestamp":1767122815910,"level":"info","message":"Rendering anonymous template { recipe: pptx, engine: handlebars }","meta":{"rootId":"62y6bxbz3asztb5","id":"62y6bxbz3asztb5"},"id":"z2ff7wzezhqc0lp","previousOperationId":"p1lq23hqan6jlo0"}
{"type":"log","timestamp":1767122815910,"level":"debug","message":"Inline data specified.","meta":{"rootId":"62y6bxbz3asztb5","id":"62y6bxbz3asztb5"},"id":"0c5by2h1m3hax41","previousOperationId":"p1lq23hqan6jlo0"}
{"type":"log","timestamp":1767122815914,"level":"debug","message":"Base url not specified, skipping its injection.","meta":{"rootId":"62y6bxbz3asztb5","id":"62y6bxbz3asztb5"},"id":"4pf2pd266o8u7e4","previousOperationId":"p1lq23hqan6jlo0"}
{"type":"operationStart","subtype":"engine","name":"handlebars","timestamp":1767122815915,"id":"rgmmrz2ez97m4c6","previousEventId":"yxgkx0serwr6hn0","operationId":"ontg2top88s597z","previousOperationId":"p1lq23hqan6jlo0"}
{"type":"log","timestamp":1767122815915,"level":"debug","message":"Rendering engine handlebars","meta":{"rootId":"62y6bxbz3asztb5","id":"62y6bxbz3asztb5"},"id":"isyf3dvyfm5eyl8","previousOperationId":"ontg2top88s597z"}
{"type":"operationEnd","operationId":"ontg2top88s597z","timestamp":1767122815942,"id":"jrcy338fzdmyr0w","previousEventId":"rgmmrz2ez97m4c6","previousOperationId":"ontg2top88s597z"}
{"type":"operationStart","subtype":"recipe","name":"pptx","timestamp":1767122815943,"id":"lxjp3xeooygovld","previousEventId":"jrcy338fzdmyr0w","operationId":"ywkpmmor6ymka9w","previousOperationId":"ontg2top88s597z"}
{"type":"log","timestamp":1767122815943,"level":"debug","message":"Executing recipe pptx","meta":{"rootId":"62y6bxbz3asztb5","id":"62y6bxbz3asztb5"},"id":"j2m4w8yu6ui9nax","previousOperationId":"ywkpmmor6ymka9w"}
{"type":"log","timestamp":1767122815966,"level":"info","message":"pptx generation is starting","meta":{"rootId":"62y6bxbz3asztb5","id":"62y6bxbz3asztb5"},"id":"5x3sjiiho8yk57v","previousOperationId":"ywkpmmor6ymka9w"}
{"type":"log","timestamp":1767122817114,"level":"debug","message":"Starting child request to render pptx dynamic parts","meta":{"rootId":"62y6bxbz3asztb5","id":"62y6bxbz3asztb5"},"id":"p4qmk1xdyimbmo1","previousOperationId":"ywkpmmor6ymka9w"}
{"type":"operationStart","subtype":"render","name":"anonymous","previousOperationId":"ywkpmmor6ymka9w","timestamp":1767122817114,"id":"o22zkmh3kkhvi3t","previousEventId":"lxjp3xeooygovld","operationId":"exto6d5s60e0tma"}
{"type":"log","timestamp":1767122817114,"level":"info","message":"Starting rendering (child) request","meta":{"rootId":"62y6bxbz3asztb5","id":"2lixhcei5fbt0r9"},"id":"3e98bcm1wu65mlh","previousOperationId":"exto6d5s60e0tma"}
{"type":"log","timestamp":1767122817114,"level":"info","message":"Rendering anonymous template { recipe: html, engine: handlebars }","meta":{"rootId":"62y6bxbz3asztb5","id":"2lixhcei5fbt0r9"},"id":"mlfvpmdws1l6nko","previousOperationId":"exto6d5s60e0tma"}
{"type":"log","timestamp":1767122817114,"level":"debug","message":"Inline data specified.","meta":{"rootId":"62y6bxbz3asztb5","id":"2lixhcei5fbt0r9"},"id":"aevgyqwula5f8bi","previousOperationId":"exto6d5s60e0tma"}
{"type":"log","timestamp":1767122817119,"level":"debug","message":"Base url not specified, skipping its injection.","meta":{"rootId":"62y6bxbz3asztb5","id":"2lixhcei5fbt0r9"},"id":"ge61razrfi63kn0","previousOperationId":"exto6d5s60e0tma"}
{"type":"operationStart","subtype":"engine","name":"handlebars","timestamp":1767122817121,"id":"erw4fhn0kfy5ud3","previousEventId":"o22zkmh3kkhvi3t","operationId":"umcf3cnzz3hcznr","previousOperationId":"exto6d5s60e0tma"}
{"type":"log","timestamp":1767122817121,"level":"debug","message":"Rendering engine handlebars","meta":{"rootId":"62y6bxbz3asztb5","id":"2lixhcei5fbt0r9"},"id":"s233vqqsxhhvho6","previousOperationId":"umcf3cnzz3hcznr"}
{"type":"log","timestamp":1767122817238,"level":"debug","message":"(console:log) {\n  type: 'echarts@v5a',\n  width: 848,\n  height: 409,\n  option: { radar: [ [Object] ], series: [ [Object] ] }\n}","meta":{"userLevel":true,"rootId":"62y6bxbz3asztb5","id":"2lixhcei5fbt0r9"},"id":"4ycdtl4qkahoyuo","previousOperationId":"umcf3cnzz3hcznr"}
{"type":"operationEnd","operationId":"umcf3cnzz3hcznr","timestamp":1767122817245,"id":"8f5n9aljhx4jfcl","previousEventId":"erw4fhn0kfy5ud3","previousOperationId":"umcf3cnzz3hcznr"}
{"type":"operationStart","subtype":"recipe","name":"html","timestamp":1767122817257,"id":"jbx4nlshyhnalq0","previousEventId":"8f5n9aljhx4jfcl","operationId":"gd8ek5vp4as7185","previousOperationId":"umcf3cnzz3hcznr"}
{"type":"log","timestamp":1767122817257,"level":"debug","message":"Executing recipe html","meta":{"rootId":"62y6bxbz3asztb5","id":"2lixhcei5fbt0r9"},"id":"fdlnpd43argtjtg","previousOperationId":"gd8ek5vp4as7185"}
{"type":"operationEnd","operationId":"gd8ek5vp4as7185","timestamp":1767122817258,"id":"3lqux3wjr6jmiz2","previousEventId":"jbx4nlshyhnalq0","previousOperationId":"gd8ek5vp4as7185"}
{"type":"log","timestamp":1767122817258,"level":"debug","message":"Skipping storing report.","meta":{"rootId":"62y6bxbz3asztb5","id":"2lixhcei5fbt0r9"},"id":"5lp66g8sjewc39c","previousOperationId":"gd8ek5vp4as7185"}
{"type":"log","timestamp":1767122817258,"level":"info","message":"Rendering (child) request finished in 1405 ms","meta":{"rootId":"62y6bxbz3asztb5","id":"2lixhcei5fbt0r9"},"id":"fccocivk784zg72","previousOperationId":"gd8ek5vp4as7185"}
{"type":"operationEnd","subtype":"render","operationId":"exto6d5s60e0tma","timestamp":1767122817258,"id":"gtclv5dftegykab","previousEventId":"3lqux3wjr6jmiz2","previousOperationId":"gd8ek5vp4as7185"}
{"type":"log","timestamp":1767122821177,"level":"debug","message":"pptx successfully zipped","meta":{"rootId":"62y6bxbz3asztb5","id":"62y6bxbz3asztb5"},"id":"5ufa5q7yeb6e9ml","previousOperationId":"ywkpmmor6ymka9w"}
{"type":"log","timestamp":1767122821178,"level":"info","message":"pptx generation was finished","meta":{"rootId":"62y6bxbz3asztb5","id":"62y6bxbz3asztb5"},"id":"09iymzw45cjjs4l","previousOperationId":"ywkpmmor6ymka9w"}
{"type":"operationEnd","operationId":"ywkpmmor6ymka9w","timestamp":1767122821188,"id":"9vt4pzpkmszw0v3","previousEventId":"lxjp3xeooygovld","previousOperationId":"ywkpmmor6ymka9w"}
{"type":"log","timestamp":1767122821188,"level":"debug","message":"Skipping storing report.","meta":{"rootId":"62y6bxbz3asztb5","id":"62y6bxbz3asztb5"},"id":"cws0gwtk9l86mqn","previousOperationId":"ywkpmmor6ymka9w"}
{"type":"log","timestamp":1767122821188,"level":"info","message":"Rendering request 9 finished in 5335 ms","meta":{"rootId":"62y6bxbz3asztb5","id":"62y6bxbz3asztb5"},"id":"u84gg5r0ugwt5am","previousOperationId":"ywkpmmor6ymka9w"}
{"type":"operationEnd","subtype":"render","operationId":"p1lq23hqan6jlo0","timestamp":1767122821189,"id":"hdi448ofbz41rxg","previousEventId":"9vt4pzpkmszw0v3","previousOperationId":"ywkpmmor6ymka9w"}
{"type":"operationEnd","doDiffs":false,"previousEventId":"yvb8crriice3gb4","previousOperationId":"rkhsbahyxzyeud3","operationId":"rkhsbahyxzyeud3","timestamp":1767122821194,"id":"m0qy8n3ujowi2rz"}
