{"type":"operationStart","subtype":"profile","data":{"_id":"HHEIXgXzbMVEIm6b","timestamp":"2025-12-27T17:03:41.515Z","state":"running","mode":"standard","creationDate":"2025-12-27T17:03:41.521Z","modificationDate":"2025-12-27T17:03:41.521Z","shortid":"pFUIT3d","$entitySet":"profiles","timeout":60000},"doDiffs":false,"timestamp":1766855021519,"id":"3myyu9fzv02sb62","previousOperationId":null,"operationId":"ztpvazyluc61dbt"}
{"type":"log","level":"info","message":"Render request 1 queued for execution and waiting for available worker","previousOperationId":"ztpvazyluc61dbt","timestamp":1766855021519,"id":"iynaprjiveaaxcf"}
{"type":"operationStart","subtype":"render","name":"anonymous","previousOperationId":"ztpvazyluc61dbt","timestamp":1766855021592,"id":"k5fp0xiqlep6qmz","previousEventId":"3myyu9fzv02sb62","operationId":"w34pqeiaw0zpinv"}
{"type":"log","timestamp":1766855021594,"level":"info","message":"Starting rendering request 1","meta":{"rootId":"63ddclywdfzd1ru","id":"63ddclywdfzd1ru"},"id":"2hc6y0m6hjtaw4f","previousOperationId":"w34pqeiaw0zpinv"}
{"type":"log","timestamp":1766855021596,"level":"info","message":"Rendering anonymous template { recipe: pptx, engine: handlebars }","meta":{"rootId":"63ddclywdfzd1ru","id":"63ddclywdfzd1ru"},"id":"7r8qeo781crxj3a","previousOperationId":"w34pqeiaw0zpinv"}
{"type":"log","timestamp":1766855021596,"level":"debug","message":"Inline data specified.","meta":{"rootId":"63ddclywdfzd1ru","id":"63ddclywdfzd1ru"},"id":"ta1sv1wj06qg93j","previousOperationId":"w34pqeiaw0zpinv"}
{"type":"log","timestamp":1766855021603,"level":"debug","message":"Base url not specified, skipping its injection.","meta":{"rootId":"63ddclywdfzd1ru","id":"63ddclywdfzd1ru"},"id":"h77peat7w35k84x","previousOperationId":"w34pqeiaw0zpinv"}
{"type":"operationStart","subtype":"engine","name":"handlebars","timestamp":1766855021606,"id":"r4532fbhmbgq182","previousEventId":"k5fp0xiqlep6qmz","operationId":"f0dqz3u63j1pf0d","previousOperationId":"w34pqeiaw0zpinv"}
{"type":"log","timestamp":1766855021606,"level":"debug","message":"Rendering engine handlebars","meta":{"rootId":"63ddclywdfzd1ru","id":"63ddclywdfzd1ru"},"id":"6yes6hllhc2rd1e","previousOperationId":"f0dqz3u63j1pf0d"}
{"type":"operationEnd","operationId":"f0dqz3u63j1pf0d","timestamp":1766855022862,"id":"ziw1gbm8ltzrt7v","previousEventId":"r4532fbhmbgq182","previousOperationId":"f0dqz3u63j1pf0d"}
{"type":"operationStart","subtype":"recipe","name":"pptx","timestamp":1766855022863,"id":"nxl6cgur5r7bsp4","previousEventId":"ziw1gbm8ltzrt7v","operationId":"7m4un7ov67vp8do","previousOperationId":"f0dqz3u63j1pf0d"}
{"type":"log","timestamp":1766855022863,"level":"debug","message":"Executing recipe pptx","meta":{"rootId":"63ddclywdfzd1ru","id":"63ddclywdfzd1ru"},"id":"f26gbduo28wp4yn","previousOperationId":"7m4un7ov67vp8do"}
{"type":"log","timestamp":1766855023142,"level":"info","message":"pptx generation is starting","meta":{"rootId":"63ddclywdfzd1ru","id":"63ddclywdfzd1ru"},"id":"vpmijc7tm7g684r","previousOperationId":"7m4un7ov67vp8do"}
{"type":"log","timestamp":1766855025053,"level":"debug","message":"Starting child request to render pptx dynamic parts","meta":{"rootId":"63ddclywdfzd1ru","id":"63ddclywdfzd1ru"},"id":"wchaucinocyyj0h","previousOperationId":"7m4un7ov67vp8do"}
{"type":"operationStart","subtype":"render","name":"anonymous","previousOperationId":"7m4un7ov67vp8do","timestamp":1766855025054,"id":"8wu0g80pwmc37ft","previousEventId":"nxl6cgur5r7bsp4","operationId":"53eg1zwrb00kga1"}
{"type":"log","timestamp":1766855025054,"level":"info","message":"Starting rendering (child) request","meta":{"rootId":"63ddclywdfzd1ru","id":"6gwhnac7nzfl15x"},"id":"invtop4i6xm9v74","previousOperationId":"53eg1zwrb00kga1"}
{"type":"log","timestamp":1766855025055,"level":"info","message":"Rendering anonymous template { recipe: html, engine: handlebars }","meta":{"rootId":"63ddclywdfzd1ru","id":"6gwhnac7nzfl15x"},"id":"qd4j8tzdsvd98hj","previousOperationId":"53eg1zwrb00kga1"}
{"type":"log","timestamp":1766855025055,"level":"debug","message":"Inline data specified.","meta":{"rootId":"63ddclywdfzd1ru","id":"6gwhnac7nzfl15x"},"id":"16p4hpnc5ynu0wo","previousOperationId":"53eg1zwrb00kga1"}
{"type":"log","timestamp":1766855025063,"level":"debug","message":"Base url not specified, skipping its injection.","meta":{"rootId":"63ddclywdfzd1ru","id":"6gwhnac7nzfl15x"},"id":"w3rfxckl30o3m68","previousOperationId":"53eg1zwrb00kga1"}
{"type":"operationStart","subtype":"engine","name":"handlebars","timestamp":1766855025065,"id":"9kzv7874rxtuf33","previousEventId":"8wu0g80pwmc37ft","operationId":"6v3lwnem78m1me6","previousOperationId":"53eg1zwrb00kga1"}
{"type":"log","timestamp":1766855025065,"level":"debug","message":"Rendering engine handlebars","meta":{"rootId":"63ddclywdfzd1ru","id":"6gwhnac7nzfl15x"},"id":"r0ee4df60f2a401","previousOperationId":"6v3lwnem78m1me6"}
{"type":"log","timestamp":1766855025273,"level":"debug","message":"(console:log) {\n  type: 'echarts@v5a',\n  width: 848,\n  height: 409,\n  option: { radar: [ [Object] ], series: [ [Object] ] }\n}","meta":{"userLevel":true,"rootId":"63ddclywdfzd1ru","id":"6gwhnac7nzfl15x"},"id":"v8532byzduewr0o","previousOperationId":"6v3lwnem78m1me6"}
{"type":"operationEnd","operationId":"6v3lwnem78m1me6","timestamp":1766855025284,"id":"xz6s0oef14sden2","previousEventId":"9kzv7874rxtuf33","previousOperationId":"6v3lwnem78m1me6"}
{"type":"operationStart","subtype":"recipe","name":"html","timestamp":1766855025299,"id":"kwnmrjymc1vzvjf","previousEventId":"xz6s0oef14sden2","operationId":"nhlhmhqshdmxu3d","previousOperationId":"6v3lwnem78m1me6"}
{"type":"log","timestamp":1766855025299,"level":"debug","message":"Executing recipe html","meta":{"rootId":"63ddclywdfzd1ru","id":"6gwhnac7nzfl15x"},"id":"n8ov6shxorqu3w2","previousOperationId":"nhlhmhqshdmxu3d"}
{"type":"operationEnd","operationId":"nhlhmhqshdmxu3d","timestamp":1766855025299,"id":"7yc0ik0i7kx679u","previousEventId":"kwnmrjymc1vzvjf","previousOperationId":"nhlhmhqshdmxu3d"}
{"type":"log","timestamp":1766855025301,"level":"debug","message":"Skipping storing report.","meta":{"rootId":"63ddclywdfzd1ru","id":"6gwhnac7nzfl15x"},"id":"7vr938nrdghaexb","previousOperationId":"nhlhmhqshdmxu3d"}
{"type":"log","timestamp":1766855025301,"level":"info","message":"Rendering (child) request finished in 3788 ms","meta":{"rootId":"63ddclywdfzd1ru","id":"6gwhnac7nzfl15x"},"id":"ud2583fdbtq6xsf","previousOperationId":"nhlhmhqshdmxu3d"}
{"type":"operationEnd","subtype":"render","operationId":"53eg1zwrb00kga1","timestamp":1766855025301,"id":"qyyrp24sudy4k44","previousEventId":"7yc0ik0i7kx679u","previousOperationId":"nhlhmhqshdmxu3d"}
{"type":"log","timestamp":1766855031741,"level":"debug","message":"pptx successfully zipped","meta":{"rootId":"63ddclywdfzd1ru","id":"63ddclywdfzd1ru"},"id":"gda4zb98bmeqeli","previousOperationId":"7m4un7ov67vp8do"}
{"type":"log","timestamp":1766855031741,"level":"info","message":"pptx generation was finished","meta":{"rootId":"63ddclywdfzd1ru","id":"63ddclywdfzd1ru"},"id":"39aulpho1pfi4ei","previousOperationId":"7m4un7ov67vp8do"}
{"type":"operationEnd","operationId":"7m4un7ov67vp8do","timestamp":1766855031756,"id":"nfywqmm7si2hd31","previousEventId":"nxl6cgur5r7bsp4","previousOperationId":"7m4un7ov67vp8do"}
{"type":"log","timestamp":1766855031756,"level":"debug","message":"Skipping storing report.","meta":{"rootId":"63ddclywdfzd1ru","id":"63ddclywdfzd1ru"},"id":"0twjej8t0szn63k","previousOperationId":"7m4un7ov67vp8do"}
{"type":"log","timestamp":1766855031757,"level":"info","message":"Rendering request 1 finished in 10244 ms","meta":{"rootId":"63ddclywdfzd1ru","id":"63ddclywdfzd1ru"},"id":"vlt0n5qyqtcl0zl","previousOperationId":"7m4un7ov67vp8do"}
{"type":"operationEnd","subtype":"render","operationId":"w34pqeiaw0zpinv","timestamp":1766855031757,"id":"gn86jt4mln8c2g8","previousEventId":"nfywqmm7si2hd31","previousOperationId":"7m4un7ov67vp8do"}
{"type":"operationEnd","doDiffs":false,"previousEventId":"3myyu9fzv02sb62","previousOperationId":"ztpvazyluc61dbt","operationId":"ztpvazyluc61dbt","timestamp":1766855031765,"id":"3r3g20tsjkfihg3"}
