{"type":"operationStart","subtype":"profile","data":{"_id":"d6yOQIQdC1j3tZqd","timestamp":"2025-12-07T19:02:15.308Z","state":"running","mode":"standard","creationDate":"2025-12-07T19:02:15.314Z","modificationDate":"2025-12-07T19:02:15.314Z","shortid":"uyEKyEE","$entitySet":"profiles","timeout":60000},"doDiffs":false,"timestamp":1765134135311,"id":"3bf0npnljog7rr7","previousOperationId":null,"operationId":"sqxwad7a29x9t0f"}
{"type":"log","level":"info","message":"Render request 9 queued for execution and waiting for available worker","previousOperationId":"sqxwad7a29x9t0f","timestamp":1765134135312,"id":"f73wr2ojt6b5ycu"}
{"type":"operationStart","subtype":"render","name":"anonymous","previousOperationId":"sqxwad7a29x9t0f","timestamp":1765134135380,"id":"6rphhrt7oiypmee","previousEventId":"3bf0npnljog7rr7","operationId":"vdpggafay0svepk"}
{"type":"log","timestamp":1765134135380,"level":"info","message":"Starting rendering request 9","meta":{"rootId":"63nueqin5ttgdrs","id":"63nueqin5ttgdrs"},"id":"6yu5rogr4th1eiw","previousOperationId":"vdpggafay0svepk"}
{"type":"log","timestamp":1765134135380,"level":"info","message":"Rendering anonymous template { recipe: pptx, engine: handlebars }","meta":{"rootId":"63nueqin5ttgdrs","id":"63nueqin5ttgdrs"},"id":"7eayr3rb3o3z4xr","previousOperationId":"vdpggafay0svepk"}
{"type":"log","timestamp":1765134135380,"level":"debug","message":"Inline data specified.","meta":{"rootId":"63nueqin5ttgdrs","id":"63nueqin5ttgdrs"},"id":"az48cj4mptdewap","previousOperationId":"vdpggafay0svepk"}
{"type":"log","timestamp":1765134135384,"level":"debug","message":"Base url not specified, skipping its injection.","meta":{"rootId":"63nueqin5ttgdrs","id":"63nueqin5ttgdrs"},"id":"x2xjj2x0ofeye55","previousOperationId":"vdpggafay0svepk"}
{"type":"operationStart","subtype":"engine","name":"handlebars","timestamp":1765134135385,"id":"qmungveu8evl4mb","previousEventId":"6rphhrt7oiypmee","operationId":"ankaoy0ew1ic0az","previousOperationId":"vdpggafay0svepk"}
{"type":"log","timestamp":1765134135385,"level":"debug","message":"Rendering engine handlebars","meta":{"rootId":"63nueqin5ttgdrs","id":"63nueqin5ttgdrs"},"id":"j1jrjupi8yulspi","previousOperationId":"ankaoy0ew1ic0az"}
{"type":"operationEnd","operationId":"ankaoy0ew1ic0az","timestamp":1765134135405,"id":"xuu06qrnt1xc4vr","previousEventId":"qmungveu8evl4mb","previousOperationId":"ankaoy0ew1ic0az"}
{"type":"operationStart","subtype":"recipe","name":"pptx","timestamp":1765134135406,"id":"5ko47nhqzqlkf80","previousEventId":"xuu06qrnt1xc4vr","operationId":"0vvo2pc6jm6ro5u","previousOperationId":"ankaoy0ew1ic0az"}
{"type":"log","timestamp":1765134135406,"level":"debug","message":"Executing recipe pptx","meta":{"rootId":"63nueqin5ttgdrs","id":"63nueqin5ttgdrs"},"id":"3v9clid55i6gsz8","previousOperationId":"0vvo2pc6jm6ro5u"}
{"type":"log","timestamp":1765134135425,"level":"info","message":"pptx generation is starting","meta":{"rootId":"63nueqin5ttgdrs","id":"63nueqin5ttgdrs"},"id":"pdob2k4ew79joq8","previousOperationId":"0vvo2pc6jm6ro5u"}
{"type":"log","timestamp":1765134137075,"level":"debug","message":"Starting child request to render pptx dynamic parts","meta":{"rootId":"63nueqin5ttgdrs","id":"63nueqin5ttgdrs"},"id":"uve1d8q9g41qm1u","previousOperationId":"0vvo2pc6jm6ro5u"}
{"type":"operationStart","subtype":"render","name":"anonymous","previousOperationId":"0vvo2pc6jm6ro5u","timestamp":1765134137076,"id":"lo8945v2lb28uhh","previousEventId":"5ko47nhqzqlkf80","operationId":"f0hfvux3nr30fw9"}
{"type":"log","timestamp":1765134137076,"level":"info","message":"Starting rendering (child) request","meta":{"rootId":"63nueqin5ttgdrs","id":"ad3dkarrgo79oq7"},"id":"gf9gyhbxgi5rdq3","previousOperationId":"f0hfvux3nr30fw9"}
{"type":"log","timestamp":1765134137076,"level":"info","message":"Rendering anonymous template { recipe: html, engine: handlebars }","meta":{"rootId":"63nueqin5ttgdrs","id":"ad3dkarrgo79oq7"},"id":"uk66egwreoyokee","previousOperationId":"f0hfvux3nr30fw9"}
{"type":"log","timestamp":1765134137077,"level":"debug","message":"Inline data specified.","meta":{"rootId":"63nueqin5ttgdrs","id":"ad3dkarrgo79oq7"},"id":"5non5h2cko9fnc9","previousOperationId":"f0hfvux3nr30fw9"}
{"type":"log","timestamp":1765134137085,"level":"debug","message":"Base url not specified, skipping its injection.","meta":{"rootId":"63nueqin5ttgdrs","id":"ad3dkarrgo79oq7"},"id":"m8jnbz812kvxcyu","previousOperationId":"f0hfvux3nr30fw9"}
{"type":"operationStart","subtype":"engine","name":"handlebars","timestamp":1765134137087,"id":"epr37th6ve61dqk","previousEventId":"lo8945v2lb28uhh","operationId":"p7ug7jmx5mqo0ka","previousOperationId":"f0hfvux3nr30fw9"}
{"type":"log","timestamp":1765134137087,"level":"debug","message":"Rendering engine handlebars","meta":{"rootId":"63nueqin5ttgdrs","id":"ad3dkarrgo79oq7"},"id":"i4n3ktj3gpqtxwh","previousOperationId":"p7ug7jmx5mqo0ka"}
{"type":"operationEnd","operationId":"p7ug7jmx5mqo0ka","timestamp":1765134137246,"id":"bbwwjjwi9v9uu23","previousEventId":"epr37th6ve61dqk","previousOperationId":"p7ug7jmx5mqo0ka"}
{"type":"operationStart","subtype":"recipe","name":"html","timestamp":1765134137259,"id":"g56s8erep142h7e","previousEventId":"bbwwjjwi9v9uu23","operationId":"e3k9ejgjsqsnjt9","previousOperationId":"p7ug7jmx5mqo0ka"}
{"type":"log","timestamp":1765134137259,"level":"debug","message":"Executing recipe html","meta":{"rootId":"63nueqin5ttgdrs","id":"ad3dkarrgo79oq7"},"id":"vex5gr6hn04nlgz","previousOperationId":"e3k9ejgjsqsnjt9"}
{"type":"operationEnd","operationId":"e3k9ejgjsqsnjt9","timestamp":1765134137259,"id":"ba1h3b4x3oos1q3","previousEventId":"g56s8erep142h7e","previousOperationId":"e3k9ejgjsqsnjt9"}
{"type":"log","timestamp":1765134137260,"level":"debug","message":"Skipping storing report.","meta":{"rootId":"63nueqin5ttgdrs","id":"ad3dkarrgo79oq7"},"id":"t52axjzftm1h41p","previousOperationId":"e3k9ejgjsqsnjt9"}
{"type":"log","timestamp":1765134137260,"level":"info","message":"Rendering (child) request finished in 1953 ms","meta":{"rootId":"63nueqin5ttgdrs","id":"ad3dkarrgo79oq7"},"id":"7uxt9wag7fl12jp","previousOperationId":"e3k9ejgjsqsnjt9"}
{"type":"operationEnd","subtype":"render","operationId":"f0hfvux3nr30fw9","timestamp":1765134137260,"id":"eky5k65a7nrf43a","previousEventId":"ba1h3b4x3oos1q3","previousOperationId":"e3k9ejgjsqsnjt9"}
{"type":"log","timestamp":1765134148512,"level":"debug","message":"pptx successfully zipped","meta":{"rootId":"63nueqin5ttgdrs","id":"63nueqin5ttgdrs"},"id":"lmf51ph75kviqop","previousOperationId":"0vvo2pc6jm6ro5u"}
{"type":"log","timestamp":1765134148512,"level":"info","message":"pptx generation was finished","meta":{"rootId":"63nueqin5ttgdrs","id":"63nueqin5ttgdrs"},"id":"m9ich5uracn43s6","previousOperationId":"0vvo2pc6jm6ro5u"}
{"type":"operationEnd","operationId":"0vvo2pc6jm6ro5u","timestamp":1765134148524,"id":"zer5ua61oli8y4f","previousEventId":"5ko47nhqzqlkf80","previousOperationId":"0vvo2pc6jm6ro5u"}
{"type":"log","timestamp":1765134148525,"level":"debug","message":"Skipping storing report.","meta":{"rootId":"63nueqin5ttgdrs","id":"63nueqin5ttgdrs"},"id":"ccia409glmhczyz","previousOperationId":"0vvo2pc6jm6ro5u"}
{"type":"log","timestamp":1765134148525,"level":"info","message":"Rendering request 9 finished in 13218 ms","meta":{"rootId":"63nueqin5ttgdrs","id":"63nueqin5ttgdrs"},"id":"49hviwdm0j69tfp","previousOperationId":"0vvo2pc6jm6ro5u"}
{"type":"operationEnd","subtype":"render","operationId":"vdpggafay0svepk","timestamp":1765134148525,"id":"mqtkyb5pwoytk8f","previousEventId":"zer5ua61oli8y4f","previousOperationId":"0vvo2pc6jm6ro5u"}
{"type":"operationEnd","doDiffs":false,"previousEventId":"3bf0npnljog7rr7","previousOperationId":"sqxwad7a29x9t0f","operationId":"sqxwad7a29x9t0f","timestamp":1765134148530,"id":"9n0h30rfkxglhb2"}
