{"type":"operationStart","subtype":"profile","data":{"_id":"loxmqbeuEaDbqW9I","timestamp":"2025-12-27T15:55:10.130Z","state":"running","mode":"standard","creationDate":"2025-12-27T15:55:10.140Z","modificationDate":"2025-12-27T15:55:10.140Z","shortid":"0XBMJZS","$entitySet":"profiles","timeout":60000},"doDiffs":false,"timestamp":1766850910137,"id":"kbka8aahtsy6npk","previousOperationId":null,"operationId":"xsaa9q2znlpr0n0"}
{"type":"log","level":"info","message":"Render request 1 queued for execution and waiting for available worker","previousOperationId":"xsaa9q2znlpr0n0","timestamp":1766850910137,"id":"mvyoi3d2s8p1ssr"}
{"type":"operationStart","subtype":"render","name":"anonymous","previousOperationId":"xsaa9q2znlpr0n0","timestamp":1766850910222,"id":"5dp9eznho8hveff","previousEventId":"kbka8aahtsy6npk","operationId":"ee4y23fuyis8xul"}
{"type":"log","timestamp":1766850910222,"level":"info","message":"Starting rendering request 1","meta":{"rootId":"652iddyf9a0rnbl","id":"652iddyf9a0rnbl"},"id":"kh4yayq8eaxpq7u","previousOperationId":"ee4y23fuyis8xul"}
{"type":"log","timestamp":1766850910224,"level":"info","message":"Rendering anonymous template { recipe: pptx, engine: handlebars }","meta":{"rootId":"652iddyf9a0rnbl","id":"652iddyf9a0rnbl"},"id":"c4j66ews21v48tc","previousOperationId":"ee4y23fuyis8xul"}
{"type":"log","timestamp":1766850910224,"level":"debug","message":"Inline data specified.","meta":{"rootId":"652iddyf9a0rnbl","id":"652iddyf9a0rnbl"},"id":"dxe053hffp58din","previousOperationId":"ee4y23fuyis8xul"}
{"type":"log","timestamp":1766850910230,"level":"debug","message":"Base url not specified, skipping its injection.","meta":{"rootId":"652iddyf9a0rnbl","id":"652iddyf9a0rnbl"},"id":"7h0r4jvitohdfau","previousOperationId":"ee4y23fuyis8xul"}
{"type":"operationStart","subtype":"engine","name":"handlebars","timestamp":1766850910234,"id":"wiadfseryyhf5u0","previousEventId":"5dp9eznho8hveff","operationId":"nmhhqip83l8ilhe","previousOperationId":"ee4y23fuyis8xul"}
{"type":"log","timestamp":1766850910234,"level":"debug","message":"Rendering engine handlebars","meta":{"rootId":"652iddyf9a0rnbl","id":"652iddyf9a0rnbl"},"id":"8ewt9l8v3zdj6ko","previousOperationId":"nmhhqip83l8ilhe"}
{"type":"operationEnd","operationId":"nmhhqip83l8ilhe","timestamp":1766850910987,"id":"240vd8a3wgwfzyi","previousEventId":"wiadfseryyhf5u0","previousOperationId":"nmhhqip83l8ilhe"}
{"type":"operationStart","subtype":"recipe","name":"pptx","timestamp":1766850910987,"id":"6pjap2pgixqvhfb","previousEventId":"240vd8a3wgwfzyi","operationId":"o46p67u364ruka6","previousOperationId":"nmhhqip83l8ilhe"}
{"type":"log","timestamp":1766850910987,"level":"debug","message":"Executing recipe pptx","meta":{"rootId":"652iddyf9a0rnbl","id":"652iddyf9a0rnbl"},"id":"es5w5mkb0jhgwio","previousOperationId":"o46p67u364ruka6"}
{"type":"log","timestamp":1766850911168,"level":"info","message":"pptx generation is starting","meta":{"rootId":"652iddyf9a0rnbl","id":"652iddyf9a0rnbl"},"id":"78y2r8124k6n0zg","previousOperationId":"o46p67u364ruka6"}
{"type":"log","timestamp":1766850912339,"level":"debug","message":"Starting child request to render pptx dynamic parts","meta":{"rootId":"652iddyf9a0rnbl","id":"652iddyf9a0rnbl"},"id":"astg72x8ozp2eoc","previousOperationId":"o46p67u364ruka6"}
{"type":"operationStart","subtype":"render","name":"anonymous","previousOperationId":"o46p67u364ruka6","timestamp":1766850912340,"id":"wf0y81lpscxx2fl","previousEventId":"6pjap2pgixqvhfb","operationId":"wbbrn0rouenn4t0"}
{"type":"log","timestamp":1766850912340,"level":"info","message":"Starting rendering (child) request","meta":{"rootId":"652iddyf9a0rnbl","id":"9ohm1zoy4mu0433"},"id":"dblq2i1zk0lgerg","previousOperationId":"wbbrn0rouenn4t0"}
{"type":"log","timestamp":1766850912340,"level":"info","message":"Rendering anonymous template { recipe: html, engine: handlebars }","meta":{"rootId":"652iddyf9a0rnbl","id":"9ohm1zoy4mu0433"},"id":"a0qroeohw3ytnje","previousOperationId":"wbbrn0rouenn4t0"}
{"type":"log","timestamp":1766850912340,"level":"debug","message":"Inline data specified.","meta":{"rootId":"652iddyf9a0rnbl","id":"9ohm1zoy4mu0433"},"id":"89yrubglg5rs22x","previousOperationId":"wbbrn0rouenn4t0"}
{"type":"log","timestamp":1766850912346,"level":"debug","message":"Base url not specified, skipping its injection.","meta":{"rootId":"652iddyf9a0rnbl","id":"9ohm1zoy4mu0433"},"id":"ueaf8lbr2k400ie","previousOperationId":"wbbrn0rouenn4t0"}
{"type":"operationStart","subtype":"engine","name":"handlebars","timestamp":1766850912347,"id":"b32zvxiajsi57wk","previousEventId":"wf0y81lpscxx2fl","operationId":"qar4f65htcjz85y","previousOperationId":"wbbrn0rouenn4t0"}
{"type":"log","timestamp":1766850912347,"level":"debug","message":"Rendering engine handlebars","meta":{"rootId":"652iddyf9a0rnbl","id":"9ohm1zoy4mu0433"},"id":"x7k02he6pqjcx09","previousOperationId":"qar4f65htcjz85y"}
{"type":"log","timestamp":1766850912469,"level":"debug","message":"(console:log) {\n  type: 'echarts@v5a',\n  width: 848,\n  height: 409,\n  option: { radar: [ [Object] ], series: [ [Object] ] }\n}","meta":{"userLevel":true,"rootId":"652iddyf9a0rnbl","id":"9ohm1zoy4mu0433"},"id":"9w6wkcuf5it0xq4","previousOperationId":"qar4f65htcjz85y"}
{"type":"operationEnd","operationId":"qar4f65htcjz85y","timestamp":1766850912474,"id":"qn0routjo1b1szj","previousEventId":"b32zvxiajsi57wk","previousOperationId":"qar4f65htcjz85y"}
{"type":"operationStart","subtype":"recipe","name":"html","timestamp":1766850912486,"id":"xvridh5w5lbplpl","previousEventId":"qn0routjo1b1szj","operationId":"ufuz79k1d45gdue","previousOperationId":"qar4f65htcjz85y"}
{"type":"log","timestamp":1766850912486,"level":"debug","message":"Executing recipe html","meta":{"rootId":"652iddyf9a0rnbl","id":"9ohm1zoy4mu0433"},"id":"qnyzplf4gu46xza","previousOperationId":"ufuz79k1d45gdue"}
{"type":"operationEnd","operationId":"ufuz79k1d45gdue","timestamp":1766850912486,"id":"6sbs7p6r3umqpgf","previousEventId":"xvridh5w5lbplpl","previousOperationId":"ufuz79k1d45gdue"}
{"type":"log","timestamp":1766850912487,"level":"debug","message":"Skipping storing report.","meta":{"rootId":"652iddyf9a0rnbl","id":"9ohm1zoy4mu0433"},"id":"l8el3414ujrkyts","previousOperationId":"ufuz79k1d45gdue"}
{"type":"log","timestamp":1766850912487,"level":"info","message":"Rendering (child) request finished in 2359 ms","meta":{"rootId":"652iddyf9a0rnbl","id":"9ohm1zoy4mu0433"},"id":"ftmcjrygkavftnw","previousOperationId":"ufuz79k1d45gdue"}
{"type":"operationEnd","subtype":"render","operationId":"wbbrn0rouenn4t0","timestamp":1766850912488,"id":"eh7184b6g93di89","previousEventId":"6sbs7p6r3umqpgf","previousOperationId":"ufuz79k1d45gdue"}
{"type":"log","timestamp":1766850916611,"level":"debug","message":"pptx successfully zipped","meta":{"rootId":"652iddyf9a0rnbl","id":"652iddyf9a0rnbl"},"id":"jhwfkg0m5ianhif","previousOperationId":"o46p67u364ruka6"}
{"type":"log","timestamp":1766850916611,"level":"info","message":"pptx generation was finished","meta":{"rootId":"652iddyf9a0rnbl","id":"652iddyf9a0rnbl"},"id":"ys251jni9skfysr","previousOperationId":"o46p67u364ruka6"}
{"type":"operationEnd","operationId":"o46p67u364ruka6","timestamp":1766850916630,"id":"oj2mwxrdq5gxcmz","previousEventId":"6pjap2pgixqvhfb","previousOperationId":"o46p67u364ruka6"}
{"type":"log","timestamp":1766850916630,"level":"debug","message":"Skipping storing report.","meta":{"rootId":"652iddyf9a0rnbl","id":"652iddyf9a0rnbl"},"id":"2p6a82jgp33qr6t","previousOperationId":"o46p67u364ruka6"}
{"type":"log","timestamp":1766850916630,"level":"info","message":"Rendering request 1 finished in 6502 ms","meta":{"rootId":"652iddyf9a0rnbl","id":"652iddyf9a0rnbl"},"id":"pxjynpqtglx5rcl","previousOperationId":"o46p67u364ruka6"}
{"type":"operationEnd","subtype":"render","operationId":"ee4y23fuyis8xul","timestamp":1766850916630,"id":"5ibo9ksupj9annl","previousEventId":"oj2mwxrdq5gxcmz","previousOperationId":"o46p67u364ruka6"}
{"type":"operationEnd","doDiffs":false,"previousEventId":"kbka8aahtsy6npk","previousOperationId":"xsaa9q2znlpr0n0","operationId":"xsaa9q2znlpr0n0","timestamp":1766850916635,"id":"aafbgxkcdwuqxbd"}
