{"type":"operationStart","subtype":"profile","data":{"_id":"42hgwRtKsjtMAhV9","timestamp":"2025-12-30T20:17:16.680Z","state":"running","mode":"standard","creationDate":"2025-12-30T20:17:16.682Z","modificationDate":"2025-12-30T20:17:16.682Z","shortid":"fgFiTSb","$entitySet":"profiles","timeout":60000},"doDiffs":false,"timestamp":1767125836681,"id":"d1pqbzmhk3y8kc1","previousOperationId":null,"operationId":"wgborenx2kjygxn"}
{"type":"log","level":"info","message":"Render request 5 queued for execution and waiting for available worker","previousOperationId":"wgborenx2kjygxn","timestamp":1767125836681,"id":"9jz4a87732bqfew"}
{"type":"operationStart","subtype":"render","name":"anonymous","previousOperationId":"wgborenx2kjygxn","timestamp":1767125836744,"id":"xvtprakg705qa6i","previousEventId":"d1pqbzmhk3y8kc1","operationId":"k56gzb1aw4xr8pg"}
{"type":"log","timestamp":1767125836744,"level":"info","message":"Starting rendering request 5","meta":{"rootId":"65mqbnelchqh1sm","id":"65mqbnelchqh1sm"},"id":"w97enibzeauhv70","previousOperationId":"k56gzb1aw4xr8pg"}
{"type":"log","timestamp":1767125836745,"level":"info","message":"Rendering anonymous template { recipe: pptx, engine: handlebars }","meta":{"rootId":"65mqbnelchqh1sm","id":"65mqbnelchqh1sm"},"id":"2x78lzxeepym56c","previousOperationId":"k56gzb1aw4xr8pg"}
{"type":"log","timestamp":1767125836745,"level":"debug","message":"Inline data specified.","meta":{"rootId":"65mqbnelchqh1sm","id":"65mqbnelchqh1sm"},"id":"gpvlvniazreqpcg","previousOperationId":"k56gzb1aw4xr8pg"}
{"type":"log","timestamp":1767125836754,"level":"debug","message":"Base url not specified, skipping its injection.","meta":{"rootId":"65mqbnelchqh1sm","id":"65mqbnelchqh1sm"},"id":"v54p4p9wa5ulgbv","previousOperationId":"k56gzb1aw4xr8pg"}
{"type":"operationStart","subtype":"engine","name":"handlebars","timestamp":1767125836756,"id":"618t5pyqnhyxtb7","previousEventId":"xvtprakg705qa6i","operationId":"hr3t6bh6izmngvs","previousOperationId":"k56gzb1aw4xr8pg"}
{"type":"log","timestamp":1767125836757,"level":"debug","message":"Rendering engine handlebars","meta":{"rootId":"65mqbnelchqh1sm","id":"65mqbnelchqh1sm"},"id":"j3rxg62ywqouh01","previousOperationId":"hr3t6bh6izmngvs"}
{"type":"operationEnd","operationId":"hr3t6bh6izmngvs","timestamp":1767125836783,"id":"hqqldsrx58lp5x2","previousEventId":"618t5pyqnhyxtb7","previousOperationId":"hr3t6bh6izmngvs"}
{"type":"operationStart","subtype":"recipe","name":"pptx","timestamp":1767125836784,"id":"frytz4ansfvzuoh","previousEventId":"hqqldsrx58lp5x2","operationId":"im79jysdxa5xowb","previousOperationId":"hr3t6bh6izmngvs"}
{"type":"log","timestamp":1767125836784,"level":"debug","message":"Executing recipe pptx","meta":{"rootId":"65mqbnelchqh1sm","id":"65mqbnelchqh1sm"},"id":"c2ti8ngt6xbtohs","previousOperationId":"im79jysdxa5xowb"}
{"type":"log","timestamp":1767125836798,"level":"info","message":"pptx generation is starting","meta":{"rootId":"65mqbnelchqh1sm","id":"65mqbnelchqh1sm"},"id":"4ro8mvz8w0ykubp","previousOperationId":"im79jysdxa5xowb"}
{"type":"log","timestamp":1767125838026,"level":"debug","message":"Starting child request to render pptx dynamic parts","meta":{"rootId":"65mqbnelchqh1sm","id":"65mqbnelchqh1sm"},"id":"9j7o8cb5wi28knb","previousOperationId":"im79jysdxa5xowb"}
{"type":"operationStart","subtype":"render","name":"anonymous","previousOperationId":"im79jysdxa5xowb","timestamp":1767125838026,"id":"gwz24gu60a9l2c2","previousEventId":"frytz4ansfvzuoh","operationId":"7onkk1wjcwyz3ui"}
{"type":"log","timestamp":1767125838027,"level":"info","message":"Starting rendering (child) request","meta":{"rootId":"65mqbnelchqh1sm","id":"uzcmgxl89yf8dki"},"id":"26e0tq7jwvakpw8","previousOperationId":"7onkk1wjcwyz3ui"}
{"type":"log","timestamp":1767125838027,"level":"info","message":"Rendering anonymous template { recipe: html, engine: handlebars }","meta":{"rootId":"65mqbnelchqh1sm","id":"uzcmgxl89yf8dki"},"id":"8nliq1wgs3ad0m6","previousOperationId":"7onkk1wjcwyz3ui"}
{"type":"log","timestamp":1767125838027,"level":"debug","message":"Inline data specified.","meta":{"rootId":"65mqbnelchqh1sm","id":"uzcmgxl89yf8dki"},"id":"78hxstsdaop9e3i","previousOperationId":"7onkk1wjcwyz3ui"}
{"type":"log","timestamp":1767125838031,"level":"debug","message":"Base url not specified, skipping its injection.","meta":{"rootId":"65mqbnelchqh1sm","id":"uzcmgxl89yf8dki"},"id":"ba9pmayj02x7k17","previousOperationId":"7onkk1wjcwyz3ui"}
{"type":"operationStart","subtype":"engine","name":"handlebars","timestamp":1767125838032,"id":"76dxixscdijef7w","previousEventId":"gwz24gu60a9l2c2","operationId":"ne0fqulz8iulh4e","previousOperationId":"7onkk1wjcwyz3ui"}
{"type":"log","timestamp":1767125838032,"level":"debug","message":"Rendering engine handlebars","meta":{"rootId":"65mqbnelchqh1sm","id":"uzcmgxl89yf8dki"},"id":"r1grwlcx6k0h9sm","previousOperationId":"ne0fqulz8iulh4e"}
{"type":"log","timestamp":1767125838161,"level":"debug","message":"(console:log) {\n  type: 'echarts@v5a',\n  width: 848,\n  height: 409,\n  option: { radar: [ [Object] ], series: [ [Object] ] }\n}","meta":{"userLevel":true,"rootId":"65mqbnelchqh1sm","id":"uzcmgxl89yf8dki"},"id":"xlyrqzuuq1cyrut","previousOperationId":"ne0fqulz8iulh4e"}
{"type":"operationEnd","operationId":"ne0fqulz8iulh4e","timestamp":1767125838168,"id":"ichpyzhbykdltb7","previousEventId":"76dxixscdijef7w","previousOperationId":"ne0fqulz8iulh4e"}
{"type":"operationStart","subtype":"recipe","name":"html","timestamp":1767125838181,"id":"opfmqszi1bh2aj4","previousEventId":"ichpyzhbykdltb7","operationId":"1l6ozmcdfmfkgip","previousOperationId":"ne0fqulz8iulh4e"}
{"type":"log","timestamp":1767125838181,"level":"debug","message":"Executing recipe html","meta":{"rootId":"65mqbnelchqh1sm","id":"uzcmgxl89yf8dki"},"id":"zz6wmvvjz8fdsf6","previousOperationId":"1l6ozmcdfmfkgip"}
{"type":"operationEnd","operationId":"1l6ozmcdfmfkgip","timestamp":1767125838181,"id":"p7fdgoirnz6u3jo","previousEventId":"opfmqszi1bh2aj4","previousOperationId":"1l6ozmcdfmfkgip"}
{"type":"log","timestamp":1767125838181,"level":"debug","message":"Skipping storing report.","meta":{"rootId":"65mqbnelchqh1sm","id":"uzcmgxl89yf8dki"},"id":"vpsr54ajsruj5go","previousOperationId":"1l6ozmcdfmfkgip"}
{"type":"log","timestamp":1767125838181,"level":"info","message":"Rendering (child) request finished in 1502 ms","meta":{"rootId":"65mqbnelchqh1sm","id":"uzcmgxl89yf8dki"},"id":"6n5jzibhibz2zkj","previousOperationId":"1l6ozmcdfmfkgip"}
{"type":"operationEnd","subtype":"render","operationId":"7onkk1wjcwyz3ui","timestamp":1767125838181,"id":"dpuajk47hr2fd0n","previousEventId":"p7fdgoirnz6u3jo","previousOperationId":"1l6ozmcdfmfkgip"}
{"type":"log","timestamp":1767125841623,"level":"debug","message":"pptx successfully zipped","meta":{"rootId":"65mqbnelchqh1sm","id":"65mqbnelchqh1sm"},"id":"mebnvgvp0foswvm","previousOperationId":"im79jysdxa5xowb"}
{"type":"log","timestamp":1767125841623,"level":"info","message":"pptx generation was finished","meta":{"rootId":"65mqbnelchqh1sm","id":"65mqbnelchqh1sm"},"id":"i72wrylcl3dx2xf","previousOperationId":"im79jysdxa5xowb"}
{"type":"operationEnd","operationId":"im79jysdxa5xowb","timestamp":1767125841638,"id":"267r9bm8tsv9y1n","previousEventId":"frytz4ansfvzuoh","previousOperationId":"im79jysdxa5xowb"}
{"type":"log","timestamp":1767125841638,"level":"debug","message":"Skipping storing report.","meta":{"rootId":"65mqbnelchqh1sm","id":"65mqbnelchqh1sm"},"id":"2heu09s47b29mtb","previousOperationId":"im79jysdxa5xowb"}
{"type":"log","timestamp":1767125841638,"level":"info","message":"Rendering request 5 finished in 4959 ms","meta":{"rootId":"65mqbnelchqh1sm","id":"65mqbnelchqh1sm"},"id":"k72dhlec54phosq","previousOperationId":"im79jysdxa5xowb"}
{"type":"operationEnd","subtype":"render","operationId":"k56gzb1aw4xr8pg","timestamp":1767125841638,"id":"cmukgbjc2qc8u3u","previousEventId":"267r9bm8tsv9y1n","previousOperationId":"im79jysdxa5xowb"}
{"type":"operationEnd","doDiffs":false,"previousEventId":"d1pqbzmhk3y8kc1","previousOperationId":"wgborenx2kjygxn","operationId":"wgborenx2kjygxn","timestamp":1767125841644,"id":"ody0l52qb4z69xf"}
