{"type":"operationStart","subtype":"profile","data":{"_id":"rokFNgZPdH92UqO7","timestamp":"2025-12-28T15:40:25.744Z","state":"running","mode":"standard","creationDate":"2025-12-28T15:40:25.753Z","modificationDate":"2025-12-28T15:40:25.753Z","shortid":"QebZoXx","$entitySet":"profiles","timeout":60000},"doDiffs":false,"timestamp":1766936425749,"id":"vu03ria0t0gebkl","previousOperationId":null,"operationId":"mxd6id3cdag12ga"}
{"type":"log","level":"info","message":"Render request 5 queued for execution and waiting for available worker","previousOperationId":"mxd6id3cdag12ga","timestamp":1766936425749,"id":"h9vt9ql1sl5hgng"}
{"type":"operationStart","subtype":"render","name":"anonymous","previousOperationId":"mxd6id3cdag12ga","timestamp":1766936425830,"id":"9wol7u5fhupz7fs","previousEventId":"vu03ria0t0gebkl","operationId":"y3vzw02n7o1al3d"}
{"type":"log","timestamp":1766936425830,"level":"info","message":"Starting rendering request 5","meta":{"rootId":"66pdt06dcb5041v","id":"66pdt06dcb5041v"},"id":"bxxpl21wt5vcrkw","previousOperationId":"y3vzw02n7o1al3d"}
{"type":"log","timestamp":1766936425831,"level":"info","message":"Rendering anonymous template { recipe: pptx, engine: handlebars }","meta":{"rootId":"66pdt06dcb5041v","id":"66pdt06dcb5041v"},"id":"hsahjehx2mmeukz","previousOperationId":"y3vzw02n7o1al3d"}
{"type":"log","timestamp":1766936425831,"level":"debug","message":"Inline data specified.","meta":{"rootId":"66pdt06dcb5041v","id":"66pdt06dcb5041v"},"id":"62n5u2dhxym623p","previousOperationId":"y3vzw02n7o1al3d"}
{"type":"log","timestamp":1766936425840,"level":"debug","message":"Base url not specified, skipping its injection.","meta":{"rootId":"66pdt06dcb5041v","id":"66pdt06dcb5041v"},"id":"lzf8pea195za7nj","previousOperationId":"y3vzw02n7o1al3d"}
{"type":"operationStart","subtype":"engine","name":"handlebars","timestamp":1766936425841,"id":"tebvvlsevif9wvb","previousEventId":"9wol7u5fhupz7fs","operationId":"zlx0nks8ugrwh1t","previousOperationId":"y3vzw02n7o1al3d"}
{"type":"log","timestamp":1766936425841,"level":"debug","message":"Rendering engine handlebars","meta":{"rootId":"66pdt06dcb5041v","id":"66pdt06dcb5041v"},"id":"l88yhmyz84cpk56","previousOperationId":"zlx0nks8ugrwh1t"}
{"type":"operationEnd","operationId":"zlx0nks8ugrwh1t","timestamp":1766936425860,"id":"5ezcrgge1yezofi","previousEventId":"tebvvlsevif9wvb","previousOperationId":"zlx0nks8ugrwh1t"}
{"type":"operationStart","subtype":"recipe","name":"pptx","timestamp":1766936425861,"id":"9rm8jww90wtrdr1","previousEventId":"5ezcrgge1yezofi","operationId":"gl4yt4r4u31nt9d","previousOperationId":"zlx0nks8ugrwh1t"}
{"type":"log","timestamp":1766936425861,"level":"debug","message":"Executing recipe pptx","meta":{"rootId":"66pdt06dcb5041v","id":"66pdt06dcb5041v"},"id":"cpjqtzhbztvih3i","previousOperationId":"gl4yt4r4u31nt9d"}
{"type":"log","timestamp":1766936425903,"level":"info","message":"pptx generation is starting","meta":{"rootId":"66pdt06dcb5041v","id":"66pdt06dcb5041v"},"id":"0v7e0m8x6hhe39p","previousOperationId":"gl4yt4r4u31nt9d"}
{"type":"log","timestamp":1766936427655,"level":"debug","message":"Starting child request to render pptx dynamic parts","meta":{"rootId":"66pdt06dcb5041v","id":"66pdt06dcb5041v"},"id":"slqnin4ciujye0i","previousOperationId":"gl4yt4r4u31nt9d"}
{"type":"operationStart","subtype":"render","name":"anonymous","previousOperationId":"gl4yt4r4u31nt9d","timestamp":1766936427656,"id":"2msvhxrmgcqqu7a","previousEventId":"9rm8jww90wtrdr1","operationId":"ggyfhn6j4s225ka"}
{"type":"log","timestamp":1766936427656,"level":"info","message":"Starting rendering (child) request","meta":{"rootId":"66pdt06dcb5041v","id":"5ofhafkffy2oej9"},"id":"zdkh6kzvofadykk","previousOperationId":"ggyfhn6j4s225ka"}
{"type":"log","timestamp":1766936427657,"level":"info","message":"Rendering anonymous template { recipe: html, engine: handlebars }","meta":{"rootId":"66pdt06dcb5041v","id":"5ofhafkffy2oej9"},"id":"srr66t4281kgi0z","previousOperationId":"ggyfhn6j4s225ka"}
{"type":"log","timestamp":1766936427657,"level":"debug","message":"Inline data specified.","meta":{"rootId":"66pdt06dcb5041v","id":"5ofhafkffy2oej9"},"id":"6kbk16qd93bmzpg","previousOperationId":"ggyfhn6j4s225ka"}
{"type":"log","timestamp":1766936427665,"level":"debug","message":"Base url not specified, skipping its injection.","meta":{"rootId":"66pdt06dcb5041v","id":"5ofhafkffy2oej9"},"id":"hbfn7yoju2vufkt","previousOperationId":"ggyfhn6j4s225ka"}
{"type":"operationStart","subtype":"engine","name":"handlebars","timestamp":1766936427667,"id":"p6skcovy8xnz05q","previousEventId":"2msvhxrmgcqqu7a","operationId":"k7x3nrj1s9au1d6","previousOperationId":"ggyfhn6j4s225ka"}
{"type":"log","timestamp":1766936427667,"level":"debug","message":"Rendering engine handlebars","meta":{"rootId":"66pdt06dcb5041v","id":"5ofhafkffy2oej9"},"id":"trxb6wbv5s4i6na","previousOperationId":"k7x3nrj1s9au1d6"}
{"type":"log","timestamp":1766936427868,"level":"debug","message":"(console:log) {\n  type: 'echarts@v5a',\n  width: 848,\n  height: 409,\n  option: { radar: [ [Object] ], series: [ [Object] ] }\n}","meta":{"userLevel":true,"rootId":"66pdt06dcb5041v","id":"5ofhafkffy2oej9"},"id":"gdp9u0cntxg3ah5","previousOperationId":"k7x3nrj1s9au1d6"}
{"type":"operationEnd","operationId":"k7x3nrj1s9au1d6","timestamp":1766936427876,"id":"dnsw7m5kl0q5tdl","previousEventId":"p6skcovy8xnz05q","previousOperationId":"k7x3nrj1s9au1d6"}
{"type":"operationStart","subtype":"recipe","name":"html","timestamp":1766936427888,"id":"8vg69dwje89skme","previousEventId":"dnsw7m5kl0q5tdl","operationId":"q4lal5ovd57wktw","previousOperationId":"k7x3nrj1s9au1d6"}
{"type":"log","timestamp":1766936427888,"level":"debug","message":"Executing recipe html","meta":{"rootId":"66pdt06dcb5041v","id":"5ofhafkffy2oej9"},"id":"16fsfwdnc7f7iki","previousOperationId":"q4lal5ovd57wktw"}
{"type":"operationEnd","operationId":"q4lal5ovd57wktw","timestamp":1766936427888,"id":"dhnzfcco4vtii3t","previousEventId":"8vg69dwje89skme","previousOperationId":"q4lal5ovd57wktw"}
{"type":"log","timestamp":1766936427888,"level":"debug","message":"Skipping storing report.","meta":{"rootId":"66pdt06dcb5041v","id":"5ofhafkffy2oej9"},"id":"7s0edu57r76sa92","previousOperationId":"q4lal5ovd57wktw"}
{"type":"log","timestamp":1766936427888,"level":"info","message":"Rendering (child) request finished in 2145 ms","meta":{"rootId":"66pdt06dcb5041v","id":"5ofhafkffy2oej9"},"id":"rnjfa6l4owuq5ny","previousOperationId":"q4lal5ovd57wktw"}
{"type":"operationEnd","subtype":"render","operationId":"ggyfhn6j4s225ka","timestamp":1766936427888,"id":"ulmehrzxpj7zc1u","previousEventId":"dhnzfcco4vtii3t","previousOperationId":"q4lal5ovd57wktw"}
{"type":"log","timestamp":1766936432759,"level":"debug","message":"pptx successfully zipped","meta":{"rootId":"66pdt06dcb5041v","id":"66pdt06dcb5041v"},"id":"4yrjx8qqx30c770","previousOperationId":"gl4yt4r4u31nt9d"}
{"type":"log","timestamp":1766936432759,"level":"info","message":"pptx generation was finished","meta":{"rootId":"66pdt06dcb5041v","id":"66pdt06dcb5041v"},"id":"cbs88h17qicz8pk","previousOperationId":"gl4yt4r4u31nt9d"}
{"type":"operationEnd","operationId":"gl4yt4r4u31nt9d","timestamp":1766936432771,"id":"reyjmokjauzv564","previousEventId":"9rm8jww90wtrdr1","previousOperationId":"gl4yt4r4u31nt9d"}
{"type":"log","timestamp":1766936432771,"level":"debug","message":"Skipping storing report.","meta":{"rootId":"66pdt06dcb5041v","id":"66pdt06dcb5041v"},"id":"vhw97kchpzz3jl4","previousOperationId":"gl4yt4r4u31nt9d"}
{"type":"log","timestamp":1766936432771,"level":"info","message":"Rendering request 5 finished in 7028 ms","meta":{"rootId":"66pdt06dcb5041v","id":"66pdt06dcb5041v"},"id":"kam1bck8rqd4n18","previousOperationId":"gl4yt4r4u31nt9d"}
{"type":"operationEnd","subtype":"render","operationId":"y3vzw02n7o1al3d","timestamp":1766936432771,"id":"a0gummkyf62ejyj","previousEventId":"reyjmokjauzv564","previousOperationId":"gl4yt4r4u31nt9d"}
{"type":"operationEnd","doDiffs":false,"previousEventId":"vu03ria0t0gebkl","previousOperationId":"mxd6id3cdag12ga","operationId":"mxd6id3cdag12ga","timestamp":1766936432778,"id":"k3hlv9564tcg66q"}
