{"type":"operationStart","subtype":"profile","data":{"_id":"8qkCrAPXBM9MA7zX","timestamp":"2025-12-28T15:21:12.988Z","state":"running","mode":"standard","creationDate":"2025-12-28T15:21:12.993Z","modificationDate":"2025-12-28T15:21:12.993Z","shortid":"sOWOCg7","$entitySet":"profiles","timeout":60000},"doDiffs":false,"timestamp":1766935272991,"id":"ces4gbkp3p8cd8x","previousOperationId":null,"operationId":"6niqp2u899ovhxh"}
{"type":"log","level":"info","message":"Render request 6 queued for execution and waiting for available worker","previousOperationId":"6niqp2u899ovhxh","timestamp":1766935272991,"id":"cq1jwjtytrld29w"}
{"type":"operationStart","subtype":"render","name":"anonymous","previousOperationId":"6niqp2u899ovhxh","timestamp":1766935273060,"id":"60u11tldnnb24bt","previousEventId":"ces4gbkp3p8cd8x","operationId":"bp30auylo4d76ln"}
{"type":"log","timestamp":1766935273060,"level":"info","message":"Starting rendering request 6","meta":{"rootId":"67sn8kricd2xc86","id":"67sn8kricd2xc86"},"id":"flah8p7tbmotze3","previousOperationId":"bp30auylo4d76ln"}
{"type":"log","timestamp":1766935273060,"level":"info","message":"Rendering anonymous template { recipe: pptx, engine: handlebars }","meta":{"rootId":"67sn8kricd2xc86","id":"67sn8kricd2xc86"},"id":"5obb2ihj0269d39","previousOperationId":"bp30auylo4d76ln"}
{"type":"log","timestamp":1766935273061,"level":"debug","message":"Inline data specified.","meta":{"rootId":"67sn8kricd2xc86","id":"67sn8kricd2xc86"},"id":"wdijoyoa96ozmsm","previousOperationId":"bp30auylo4d76ln"}
{"type":"log","timestamp":1766935273064,"level":"debug","message":"Base url not specified, skipping its injection.","meta":{"rootId":"67sn8kricd2xc86","id":"67sn8kricd2xc86"},"id":"lpkjrv7optikfg2","previousOperationId":"bp30auylo4d76ln"}
{"type":"operationStart","subtype":"engine","name":"handlebars","timestamp":1766935273065,"id":"2aotjfapelgd3dg","previousEventId":"60u11tldnnb24bt","operationId":"tnbtkqghy2sit9m","previousOperationId":"bp30auylo4d76ln"}
{"type":"log","timestamp":1766935273065,"level":"debug","message":"Rendering engine handlebars","meta":{"rootId":"67sn8kricd2xc86","id":"67sn8kricd2xc86"},"id":"1zy2897nzb1qmas","previousOperationId":"tnbtkqghy2sit9m"}
{"type":"operationEnd","operationId":"tnbtkqghy2sit9m","timestamp":1766935273092,"id":"33l2qyamuplk3h7","previousEventId":"2aotjfapelgd3dg","previousOperationId":"tnbtkqghy2sit9m"}
{"type":"operationStart","subtype":"recipe","name":"pptx","timestamp":1766935273093,"id":"hely3ha1gzzcmve","previousEventId":"33l2qyamuplk3h7","operationId":"j4gixdoxaqxhmx3","previousOperationId":"tnbtkqghy2sit9m"}
{"type":"log","timestamp":1766935273093,"level":"debug","message":"Executing recipe pptx","meta":{"rootId":"67sn8kricd2xc86","id":"67sn8kricd2xc86"},"id":"fe65eljsow8xmig","previousOperationId":"j4gixdoxaqxhmx3"}
{"type":"log","timestamp":1766935273113,"level":"info","message":"pptx generation is starting","meta":{"rootId":"67sn8kricd2xc86","id":"67sn8kricd2xc86"},"id":"pl4kavob3drjtkn","previousOperationId":"j4gixdoxaqxhmx3"}
{"type":"log","timestamp":1766935274763,"level":"debug","message":"Starting child request to render pptx dynamic parts","meta":{"rootId":"67sn8kricd2xc86","id":"67sn8kricd2xc86"},"id":"9t5c7pxpl4rtxnr","previousOperationId":"j4gixdoxaqxhmx3"}
{"type":"operationStart","subtype":"render","name":"anonymous","previousOperationId":"j4gixdoxaqxhmx3","timestamp":1766935274763,"id":"fhj4frxo9ffu8cu","previousEventId":"hely3ha1gzzcmve","operationId":"b7jvryi67yyb6dj"}
{"type":"log","timestamp":1766935274763,"level":"info","message":"Starting rendering (child) request","meta":{"rootId":"67sn8kricd2xc86","id":"vnjjjddz6xcb7ts"},"id":"1d6iu8ufv8p2s7y","previousOperationId":"b7jvryi67yyb6dj"}
{"type":"log","timestamp":1766935274764,"level":"info","message":"Rendering anonymous template { recipe: html, engine: handlebars }","meta":{"rootId":"67sn8kricd2xc86","id":"vnjjjddz6xcb7ts"},"id":"n6e8c9pbm3y9rrt","previousOperationId":"b7jvryi67yyb6dj"}
{"type":"log","timestamp":1766935274764,"level":"debug","message":"Inline data specified.","meta":{"rootId":"67sn8kricd2xc86","id":"vnjjjddz6xcb7ts"},"id":"qoa191aippxckog","previousOperationId":"b7jvryi67yyb6dj"}
{"type":"log","timestamp":1766935274773,"level":"debug","message":"Base url not specified, skipping its injection.","meta":{"rootId":"67sn8kricd2xc86","id":"vnjjjddz6xcb7ts"},"id":"gwm4s7d98xgkvmi","previousOperationId":"b7jvryi67yyb6dj"}
{"type":"operationStart","subtype":"engine","name":"handlebars","timestamp":1766935274775,"id":"wssilibfg15s9ac","previousEventId":"fhj4frxo9ffu8cu","operationId":"37kgd0xb3gk06iu","previousOperationId":"b7jvryi67yyb6dj"}
{"type":"log","timestamp":1766935274775,"level":"debug","message":"Rendering engine handlebars","meta":{"rootId":"67sn8kricd2xc86","id":"vnjjjddz6xcb7ts"},"id":"c713ew4356bfek2","previousOperationId":"37kgd0xb3gk06iu"}
{"type":"log","timestamp":1766935274971,"level":"debug","message":"(console:log) {\n  type: 'echarts@v5a',\n  width: 848,\n  height: 409,\n  option: { radar: [ [Object] ], series: [ [Object] ] }\n}","meta":{"userLevel":true,"rootId":"67sn8kricd2xc86","id":"vnjjjddz6xcb7ts"},"id":"i8mc3r0biu8zhy1","previousOperationId":"37kgd0xb3gk06iu"}
{"type":"operationEnd","operationId":"37kgd0xb3gk06iu","timestamp":1766935274982,"id":"kiy3ofa3bwy8ox5","previousEventId":"wssilibfg15s9ac","previousOperationId":"37kgd0xb3gk06iu"}
{"type":"operationStart","subtype":"recipe","name":"html","timestamp":1766935274998,"id":"llujfz8fb7l6ijz","previousEventId":"kiy3ofa3bwy8ox5","operationId":"kqflwd4vp9ziclb","previousOperationId":"37kgd0xb3gk06iu"}
{"type":"log","timestamp":1766935274998,"level":"debug","message":"Executing recipe html","meta":{"rootId":"67sn8kricd2xc86","id":"vnjjjddz6xcb7ts"},"id":"i68snywb6lbl9f7","previousOperationId":"kqflwd4vp9ziclb"}
{"type":"operationEnd","operationId":"kqflwd4vp9ziclb","timestamp":1766935274999,"id":"p7znra1h34orxt5","previousEventId":"llujfz8fb7l6ijz","previousOperationId":"kqflwd4vp9ziclb"}
{"type":"log","timestamp":1766935274999,"level":"debug","message":"Skipping storing report.","meta":{"rootId":"67sn8kricd2xc86","id":"vnjjjddz6xcb7ts"},"id":"p59w3xjcmul5hxc","previousOperationId":"kqflwd4vp9ziclb"}
{"type":"log","timestamp":1766935274999,"level":"info","message":"Rendering (child) request finished in 2012 ms","meta":{"rootId":"67sn8kricd2xc86","id":"vnjjjddz6xcb7ts"},"id":"wi1tnrqt86vdcr3","previousOperationId":"kqflwd4vp9ziclb"}
{"type":"operationEnd","subtype":"render","operationId":"b7jvryi67yyb6dj","timestamp":1766935274999,"id":"7lnawnk19ategfw","previousEventId":"p7znra1h34orxt5","previousOperationId":"kqflwd4vp9ziclb"}
{"type":"log","timestamp":1766935283061,"level":"debug","message":"pptx successfully zipped","meta":{"rootId":"67sn8kricd2xc86","id":"67sn8kricd2xc86"},"id":"c94n6wzcneg3da2","previousOperationId":"j4gixdoxaqxhmx3"}
{"type":"log","timestamp":1766935283061,"level":"info","message":"pptx generation was finished","meta":{"rootId":"67sn8kricd2xc86","id":"67sn8kricd2xc86"},"id":"j04nwgj97od71no","previousOperationId":"j4gixdoxaqxhmx3"}
{"type":"operationEnd","operationId":"j4gixdoxaqxhmx3","timestamp":1766935283072,"id":"7e5q2e8oylg8gae","previousEventId":"hely3ha1gzzcmve","previousOperationId":"j4gixdoxaqxhmx3"}
{"type":"log","timestamp":1766935283072,"level":"debug","message":"Skipping storing report.","meta":{"rootId":"67sn8kricd2xc86","id":"67sn8kricd2xc86"},"id":"isqpuqk8xlvqckc","previousOperationId":"j4gixdoxaqxhmx3"}
{"type":"log","timestamp":1766935283072,"level":"info","message":"Rendering request 6 finished in 10085 ms","meta":{"rootId":"67sn8kricd2xc86","id":"67sn8kricd2xc86"},"id":"2ow1tqpl9gvh8x3","previousOperationId":"j4gixdoxaqxhmx3"}
{"type":"operationEnd","subtype":"render","operationId":"bp30auylo4d76ln","timestamp":1766935283072,"id":"5j43mezlfs6todb","previousEventId":"7e5q2e8oylg8gae","previousOperationId":"j4gixdoxaqxhmx3"}
{"type":"operationEnd","doDiffs":false,"previousEventId":"ces4gbkp3p8cd8x","previousOperationId":"6niqp2u899ovhxh","operationId":"6niqp2u899ovhxh","timestamp":1766935283078,"id":"ykxw002jz6r2mtv"}
