{"type":"operationStart","subtype":"profile","data":{"_id":"pMQdB3MxGE4nYM6E","timestamp":"2025-12-31T09:28:56.687Z","state":"running","mode":"standard","creationDate":"2025-12-31T09:28:56.691Z","modificationDate":"2025-12-31T09:28:56.691Z","shortid":"UXqNTaD","$entitySet":"profiles","timeout":60000},"doDiffs":false,"timestamp":1767173336690,"id":"69hjkdily65nmqi","previousOperationId":null,"operationId":"rydp53p2b92bzaj"}
{"type":"log","level":"info","message":"Render request 2 queued for execution and waiting for available worker","previousOperationId":"rydp53p2b92bzaj","timestamp":1767173336690,"id":"fk3ux03a9sp0q5k"}
{"type":"operationStart","subtype":"render","name":"anonymous","previousOperationId":"rydp53p2b92bzaj","timestamp":1767173336737,"id":"zbpv02cnoyd4hm0","previousEventId":"69hjkdily65nmqi","operationId":"thhyzvgtmb8cdz1"}
{"type":"log","timestamp":1767173336739,"level":"info","message":"Starting rendering request 2","meta":{"rootId":"68iyt34p9yupc04","id":"68iyt34p9yupc04"},"id":"h1cyc1e0i2bvqop","previousOperationId":"thhyzvgtmb8cdz1"}
{"type":"log","timestamp":1767173336741,"level":"info","message":"Rendering anonymous template { recipe: pptx, engine: handlebars }","meta":{"rootId":"68iyt34p9yupc04","id":"68iyt34p9yupc04"},"id":"xbgvchdt3qoqwjz","previousOperationId":"thhyzvgtmb8cdz1"}
{"type":"log","timestamp":1767173336742,"level":"debug","message":"Inline data specified.","meta":{"rootId":"68iyt34p9yupc04","id":"68iyt34p9yupc04"},"id":"fq3mn1s061ejfvm","previousOperationId":"thhyzvgtmb8cdz1"}
{"type":"log","timestamp":1767173336746,"level":"debug","message":"Base url not specified, skipping its injection.","meta":{"rootId":"68iyt34p9yupc04","id":"68iyt34p9yupc04"},"id":"srvazg2fnflbqb8","previousOperationId":"thhyzvgtmb8cdz1"}
{"type":"operationStart","subtype":"engine","name":"handlebars","timestamp":1767173336749,"id":"s7idrk9rint63k1","previousEventId":"zbpv02cnoyd4hm0","operationId":"4aa1gp44gppmbke","previousOperationId":"thhyzvgtmb8cdz1"}
{"type":"log","timestamp":1767173336749,"level":"debug","message":"Rendering engine handlebars","meta":{"rootId":"68iyt34p9yupc04","id":"68iyt34p9yupc04"},"id":"hw0ewqo43zmqxjr","previousOperationId":"4aa1gp44gppmbke"}
{"type":"operationEnd","operationId":"4aa1gp44gppmbke","timestamp":1767173337919,"id":"03g7bxircbgscgr","previousEventId":"s7idrk9rint63k1","previousOperationId":"4aa1gp44gppmbke"}
{"type":"operationStart","subtype":"recipe","name":"pptx","timestamp":1767173337921,"id":"okb6zso0haep2r5","previousEventId":"03g7bxircbgscgr","operationId":"yqlmkqyvv9g1s29","previousOperationId":"4aa1gp44gppmbke"}
{"type":"log","timestamp":1767173337921,"level":"debug","message":"Executing recipe pptx","meta":{"rootId":"68iyt34p9yupc04","id":"68iyt34p9yupc04"},"id":"fbzhv6w3s2s90o3","previousOperationId":"yqlmkqyvv9g1s29"}
{"type":"log","timestamp":1767173338166,"level":"info","message":"pptx generation is starting","meta":{"rootId":"68iyt34p9yupc04","id":"68iyt34p9yupc04"},"id":"4ec865mo8kslgcw","previousOperationId":"yqlmkqyvv9g1s29"}
{"type":"log","timestamp":1767173340139,"level":"debug","message":"Starting child request to render pptx dynamic parts","meta":{"rootId":"68iyt34p9yupc04","id":"68iyt34p9yupc04"},"id":"9dgmb4wbbvvlj2h","previousOperationId":"yqlmkqyvv9g1s29"}
{"type":"operationStart","subtype":"render","name":"anonymous","previousOperationId":"yqlmkqyvv9g1s29","timestamp":1767173340140,"id":"09ge2xx5mc4g470","previousEventId":"okb6zso0haep2r5","operationId":"euay494qjdqb0e4"}
{"type":"log","timestamp":1767173340140,"level":"info","message":"Starting rendering (child) request","meta":{"rootId":"68iyt34p9yupc04","id":"dtaux8pc7rhkbo1"},"id":"hdtt5a5b8f4n0gx","previousOperationId":"euay494qjdqb0e4"}
{"type":"log","timestamp":1767173340141,"level":"info","message":"Rendering anonymous template { recipe: html, engine: handlebars }","meta":{"rootId":"68iyt34p9yupc04","id":"dtaux8pc7rhkbo1"},"id":"91a9dtuqb4gb2ta","previousOperationId":"euay494qjdqb0e4"}
{"type":"log","timestamp":1767173340141,"level":"debug","message":"Inline data specified.","meta":{"rootId":"68iyt34p9yupc04","id":"dtaux8pc7rhkbo1"},"id":"p4z8bl2o390a46a","previousOperationId":"euay494qjdqb0e4"}
{"type":"log","timestamp":1767173340146,"level":"debug","message":"Base url not specified, skipping its injection.","meta":{"rootId":"68iyt34p9yupc04","id":"dtaux8pc7rhkbo1"},"id":"8surb77i8ltxctz","previousOperationId":"euay494qjdqb0e4"}
{"type":"operationStart","subtype":"engine","name":"handlebars","timestamp":1767173340149,"id":"t3xdmok2g0sr0kp","previousEventId":"09ge2xx5mc4g470","operationId":"ak0xqqiwm4di9p4","previousOperationId":"euay494qjdqb0e4"}
{"type":"log","timestamp":1767173340149,"level":"debug","message":"Rendering engine handlebars","meta":{"rootId":"68iyt34p9yupc04","id":"dtaux8pc7rhkbo1"},"id":"bzjz7h3136c5a63","previousOperationId":"ak0xqqiwm4di9p4"}
{"type":"log","timestamp":1767173340402,"level":"debug","message":"(console:log) {\n  type: 'echarts@v5a',\n  width: 848,\n  height: 409,\n  option: { radar: [ [Object] ], series: [ [Object] ] }\n}","meta":{"userLevel":true,"rootId":"68iyt34p9yupc04","id":"dtaux8pc7rhkbo1"},"id":"vmu0dr3vmnncu4m","previousOperationId":"ak0xqqiwm4di9p4"}
{"type":"operationEnd","operationId":"ak0xqqiwm4di9p4","timestamp":1767173340413,"id":"0xtmchti0u36u0h","previousEventId":"t3xdmok2g0sr0kp","previousOperationId":"ak0xqqiwm4di9p4"}
{"type":"operationStart","subtype":"recipe","name":"html","timestamp":1767173340432,"id":"29u2tfd4zutz383","previousEventId":"0xtmchti0u36u0h","operationId":"qhl83srimsdu4zx","previousOperationId":"ak0xqqiwm4di9p4"}
{"type":"log","timestamp":1767173340432,"level":"debug","message":"Executing recipe html","meta":{"rootId":"68iyt34p9yupc04","id":"dtaux8pc7rhkbo1"},"id":"9qol18q95rlnocq","previousOperationId":"qhl83srimsdu4zx"}
{"type":"operationEnd","operationId":"qhl83srimsdu4zx","timestamp":1767173340432,"id":"79a6078ia5ckkr8","previousEventId":"29u2tfd4zutz383","previousOperationId":"qhl83srimsdu4zx"}
{"type":"log","timestamp":1767173340434,"level":"debug","message":"Skipping storing report.","meta":{"rootId":"68iyt34p9yupc04","id":"dtaux8pc7rhkbo1"},"id":"td6cn3vo5r8tr5h","previousOperationId":"qhl83srimsdu4zx"}
{"type":"log","timestamp":1767173340434,"level":"info","message":"Rendering (child) request finished in 3747 ms","meta":{"rootId":"68iyt34p9yupc04","id":"dtaux8pc7rhkbo1"},"id":"vfzpppyj897x0hs","previousOperationId":"qhl83srimsdu4zx"}
{"type":"operationEnd","subtype":"render","operationId":"euay494qjdqb0e4","timestamp":1767173340434,"id":"icq9svmucdhlx3f","previousEventId":"79a6078ia5ckkr8","previousOperationId":"qhl83srimsdu4zx"}
{"type":"log","timestamp":1767173347251,"level":"debug","message":"pptx successfully zipped","meta":{"rootId":"68iyt34p9yupc04","id":"68iyt34p9yupc04"},"id":"slj882x7isikm80","previousOperationId":"yqlmkqyvv9g1s29"}
{"type":"log","timestamp":1767173347251,"level":"info","message":"pptx generation was finished","meta":{"rootId":"68iyt34p9yupc04","id":"68iyt34p9yupc04"},"id":"foxhwd95ha3uku0","previousOperationId":"yqlmkqyvv9g1s29"}
{"type":"operationEnd","operationId":"yqlmkqyvv9g1s29","timestamp":1767173347266,"id":"kt26eujbs15nlzp","previousEventId":"okb6zso0haep2r5","previousOperationId":"yqlmkqyvv9g1s29"}
{"type":"log","timestamp":1767173347266,"level":"debug","message":"Skipping storing report.","meta":{"rootId":"68iyt34p9yupc04","id":"68iyt34p9yupc04"},"id":"p8umfg03qld3rk9","previousOperationId":"yqlmkqyvv9g1s29"}
{"type":"log","timestamp":1767173347266,"level":"info","message":"Rendering request 2 finished in 10579 ms","meta":{"rootId":"68iyt34p9yupc04","id":"68iyt34p9yupc04"},"id":"dcu4w1cepd5xlb3","previousOperationId":"yqlmkqyvv9g1s29"}
{"type":"operationEnd","subtype":"render","operationId":"thhyzvgtmb8cdz1","timestamp":1767173347266,"id":"a3ltc0voeykz1ls","previousEventId":"kt26eujbs15nlzp","previousOperationId":"yqlmkqyvv9g1s29"}
{"type":"operationEnd","doDiffs":false,"previousEventId":"69hjkdily65nmqi","previousOperationId":"rydp53p2b92bzaj","operationId":"rydp53p2b92bzaj","timestamp":1767173347271,"id":"jaj33swmzaq5yit"}
