{"type":"operationStart","subtype":"profile","data":{"_id":"NEOSSP6msUBQ9kKD","timestamp":"2025-12-26T12:48:57.111Z","state":"running","mode":"standard","creationDate":"2025-12-26T12:48:57.117Z","modificationDate":"2025-12-26T12:48:57.117Z","shortid":"Mm6jNmF","$entitySet":"profiles","timeout":60000},"doDiffs":false,"timestamp":1766753337115,"id":"pzp78gr2zpdd260","previousOperationId":null,"operationId":"7f8joixtqb000yf"}
{"type":"log","level":"info","message":"Render request 2 queued for execution and waiting for available worker","previousOperationId":"7f8joixtqb000yf","timestamp":1766753337115,"id":"2u0nu5ulaxc0xpf"}
{"type":"operationStart","subtype":"render","name":"anonymous","previousOperationId":"7f8joixtqb000yf","timestamp":1766753337181,"id":"q2cvq7b4t982ysv","previousEventId":"pzp78gr2zpdd260","operationId":"78x2ybbquisbqn7"}
{"type":"log","timestamp":1766753337183,"level":"info","message":"Starting rendering request 2","meta":{"rootId":"6cznuiwvid9i9iq","id":"6cznuiwvid9i9iq"},"id":"jk48xpfz48p9vgc","previousOperationId":"78x2ybbquisbqn7"}
{"type":"log","timestamp":1766753337185,"level":"info","message":"Rendering anonymous template { recipe: pptx, engine: handlebars }","meta":{"rootId":"6cznuiwvid9i9iq","id":"6cznuiwvid9i9iq"},"id":"pqvrm8rwt5abn3f","previousOperationId":"78x2ybbquisbqn7"}
{"type":"log","timestamp":1766753337186,"level":"debug","message":"Inline data specified.","meta":{"rootId":"6cznuiwvid9i9iq","id":"6cznuiwvid9i9iq"},"id":"2js16lvzgx6ae34","previousOperationId":"78x2ybbquisbqn7"}
{"type":"log","timestamp":1766753337191,"level":"debug","message":"Base url not specified, skipping its injection.","meta":{"rootId":"6cznuiwvid9i9iq","id":"6cznuiwvid9i9iq"},"id":"vzbtpklm5vef5yx","previousOperationId":"78x2ybbquisbqn7"}
{"type":"operationStart","subtype":"engine","name":"handlebars","timestamp":1766753337194,"id":"i2frgef3t260oku","previousEventId":"q2cvq7b4t982ysv","operationId":"4ztqhgai9j5y2ot","previousOperationId":"78x2ybbquisbqn7"}
{"type":"log","timestamp":1766753337194,"level":"debug","message":"Rendering engine handlebars","meta":{"rootId":"6cznuiwvid9i9iq","id":"6cznuiwvid9i9iq"},"id":"tmuu9j1a47ws2w6","previousOperationId":"4ztqhgai9j5y2ot"}
{"type":"operationEnd","operationId":"4ztqhgai9j5y2ot","timestamp":1766753338446,"id":"r9dh8xpvdt0631m","previousEventId":"i2frgef3t260oku","previousOperationId":"4ztqhgai9j5y2ot"}
{"type":"operationStart","subtype":"recipe","name":"pptx","timestamp":1766753338447,"id":"ztsy4p1twpx2w9v","previousEventId":"r9dh8xpvdt0631m","operationId":"d4je1lpmwvxkxj5","previousOperationId":"4ztqhgai9j5y2ot"}
{"type":"log","timestamp":1766753338447,"level":"debug","message":"Executing recipe pptx","meta":{"rootId":"6cznuiwvid9i9iq","id":"6cznuiwvid9i9iq"},"id":"uliuhahiv1nyl7n","previousOperationId":"d4je1lpmwvxkxj5"}
{"type":"log","timestamp":1766753338692,"level":"info","message":"pptx generation is starting","meta":{"rootId":"6cznuiwvid9i9iq","id":"6cznuiwvid9i9iq"},"id":"d4j3qoyeojsgwxi","previousOperationId":"d4je1lpmwvxkxj5"}
{"type":"log","timestamp":1766753340461,"level":"debug","message":"Starting child request to render pptx dynamic parts","meta":{"rootId":"6cznuiwvid9i9iq","id":"6cznuiwvid9i9iq"},"id":"f3wi2d5eleha8yk","previousOperationId":"d4je1lpmwvxkxj5"}
{"type":"operationStart","subtype":"render","name":"anonymous","previousOperationId":"d4je1lpmwvxkxj5","timestamp":1766753340462,"id":"l4gs3d5orlmixfl","previousEventId":"ztsy4p1twpx2w9v","operationId":"wev33w3av04gww1"}
{"type":"log","timestamp":1766753340463,"level":"info","message":"Starting rendering (child) request","meta":{"rootId":"6cznuiwvid9i9iq","id":"iryr97svyy56qco"},"id":"wbam57a21lrs2dp","previousOperationId":"wev33w3av04gww1"}
{"type":"log","timestamp":1766753340463,"level":"info","message":"Rendering anonymous template { recipe: html, engine: handlebars }","meta":{"rootId":"6cznuiwvid9i9iq","id":"iryr97svyy56qco"},"id":"4dlzb0ecjf93rqn","previousOperationId":"wev33w3av04gww1"}
{"type":"log","timestamp":1766753340463,"level":"debug","message":"Inline data specified.","meta":{"rootId":"6cznuiwvid9i9iq","id":"iryr97svyy56qco"},"id":"4ypluo51q3dxh7b","previousOperationId":"wev33w3av04gww1"}
{"type":"log","timestamp":1766753340471,"level":"debug","message":"Base url not specified, skipping its injection.","meta":{"rootId":"6cznuiwvid9i9iq","id":"iryr97svyy56qco"},"id":"8c0arzgtznvcbyx","previousOperationId":"wev33w3av04gww1"}
{"type":"operationStart","subtype":"engine","name":"handlebars","timestamp":1766753340472,"id":"4zyedg718xdqryk","previousEventId":"l4gs3d5orlmixfl","operationId":"t0u17nwrx43m3uu","previousOperationId":"wev33w3av04gww1"}
{"type":"log","timestamp":1766753340473,"level":"debug","message":"Rendering engine handlebars","meta":{"rootId":"6cznuiwvid9i9iq","id":"iryr97svyy56qco"},"id":"yt6tfb5xy05392a","previousOperationId":"t0u17nwrx43m3uu"}
{"type":"operationEnd","operationId":"t0u17nwrx43m3uu","timestamp":1766753340654,"id":"77euse4pwcaddtd","previousEventId":"4zyedg718xdqryk","previousOperationId":"t0u17nwrx43m3uu"}
{"type":"operationStart","subtype":"recipe","name":"html","timestamp":1766753340668,"id":"f0p0y476w2cslza","previousEventId":"77euse4pwcaddtd","operationId":"olvkrcz7xlhulrg","previousOperationId":"t0u17nwrx43m3uu"}
{"type":"log","timestamp":1766753340668,"level":"debug","message":"Executing recipe html","meta":{"rootId":"6cznuiwvid9i9iq","id":"iryr97svyy56qco"},"id":"7gdu1iy7uaczgn8","previousOperationId":"olvkrcz7xlhulrg"}
{"type":"operationEnd","operationId":"olvkrcz7xlhulrg","timestamp":1766753340668,"id":"fd7pv1fkez45tmh","previousEventId":"f0p0y476w2cslza","previousOperationId":"olvkrcz7xlhulrg"}
{"type":"log","timestamp":1766753340670,"level":"debug","message":"Skipping storing report.","meta":{"rootId":"6cznuiwvid9i9iq","id":"iryr97svyy56qco"},"id":"8wo5o2ao8henz34","previousOperationId":"olvkrcz7xlhulrg"}
{"type":"log","timestamp":1766753340670,"level":"info","message":"Rendering (child) request finished in 3560 ms","meta":{"rootId":"6cznuiwvid9i9iq","id":"iryr97svyy56qco"},"id":"v0cb7h2dh28yg4m","previousOperationId":"olvkrcz7xlhulrg"}
{"type":"operationEnd","subtype":"render","operationId":"wev33w3av04gww1","timestamp":1766753340670,"id":"tdx4wp32bnjg30i","previousEventId":"fd7pv1fkez45tmh","previousOperationId":"olvkrcz7xlhulrg"}
{"type":"log","timestamp":1766753346938,"level":"debug","message":"pptx successfully zipped","meta":{"rootId":"6cznuiwvid9i9iq","id":"6cznuiwvid9i9iq"},"id":"x6dj8ynnriy5vrl","previousOperationId":"d4je1lpmwvxkxj5"}
{"type":"log","timestamp":1766753346939,"level":"info","message":"pptx generation was finished","meta":{"rootId":"6cznuiwvid9i9iq","id":"6cznuiwvid9i9iq"},"id":"ct6taxhgkxi7zs3","previousOperationId":"d4je1lpmwvxkxj5"}
{"type":"operationEnd","operationId":"d4je1lpmwvxkxj5","timestamp":1766753346953,"id":"5redu8qq9hgpxk7","previousEventId":"ztsy4p1twpx2w9v","previousOperationId":"d4je1lpmwvxkxj5"}
{"type":"log","timestamp":1766753346953,"level":"debug","message":"Skipping storing report.","meta":{"rootId":"6cznuiwvid9i9iq","id":"6cznuiwvid9i9iq"},"id":"fpvioqkro30vslz","previousOperationId":"d4je1lpmwvxkxj5"}
{"type":"log","timestamp":1766753346953,"level":"info","message":"Rendering request 2 finished in 9843 ms","meta":{"rootId":"6cznuiwvid9i9iq","id":"6cznuiwvid9i9iq"},"id":"uv3m4zs88nxhz6v","previousOperationId":"d4je1lpmwvxkxj5"}
{"type":"operationEnd","subtype":"render","operationId":"78x2ybbquisbqn7","timestamp":1766753346953,"id":"rvo3eu0egvki8a4","previousEventId":"5redu8qq9hgpxk7","previousOperationId":"d4je1lpmwvxkxj5"}
{"type":"operationEnd","doDiffs":false,"previousEventId":"pzp78gr2zpdd260","previousOperationId":"7f8joixtqb000yf","operationId":"7f8joixtqb000yf","timestamp":1766753346959,"id":"fxc75i36qhbzp2g"}
