{"type":"operationStart","subtype":"profile","data":{"_id":"IE96T86fCRx6iAQF","timestamp":"2025-12-22T22:35:23.055Z","state":"running","mode":"standard","creationDate":"2025-12-22T22:35:23.059Z","modificationDate":"2025-12-22T22:35:23.059Z","shortid":"NInAogc","$entitySet":"profiles","timeout":60000},"doDiffs":false,"timestamp":1766442923056,"id":"o3aryghrxaaaawk","previousOperationId":null,"operationId":"8gfufaycq1z1pwn"}
{"type":"log","level":"info","message":"Render request 4 queued for execution and waiting for available worker","previousOperationId":"8gfufaycq1z1pwn","timestamp":1766442923056,"id":"fposy8fc95pl1e8"}
{"type":"operationStart","subtype":"render","name":"anonymous","previousOperationId":"8gfufaycq1z1pwn","timestamp":1766442923099,"id":"uubqw6z93ttsm2w","previousEventId":"o3aryghrxaaaawk","operationId":"hgb805m5pj263zf"}
{"type":"log","timestamp":1766442923099,"level":"info","message":"Starting rendering request 4","meta":{"rootId":"6grxptz2ifd3ewx","id":"6grxptz2ifd3ewx"},"id":"i8v6ox15tkc8teu","previousOperationId":"hgb805m5pj263zf"}
{"type":"log","timestamp":1766442923100,"level":"info","message":"Rendering anonymous template { recipe: pptx, engine: handlebars }","meta":{"rootId":"6grxptz2ifd3ewx","id":"6grxptz2ifd3ewx"},"id":"xnawiijbja50j5j","previousOperationId":"hgb805m5pj263zf"}
{"type":"log","timestamp":1766442923100,"level":"debug","message":"Inline data specified.","meta":{"rootId":"6grxptz2ifd3ewx","id":"6grxptz2ifd3ewx"},"id":"hebtyyut8q9j8at","previousOperationId":"hgb805m5pj263zf"}
{"type":"log","timestamp":1766442923103,"level":"debug","message":"Base url not specified, skipping its injection.","meta":{"rootId":"6grxptz2ifd3ewx","id":"6grxptz2ifd3ewx"},"id":"mujfjkftqwydajn","previousOperationId":"hgb805m5pj263zf"}
{"type":"operationStart","subtype":"engine","name":"handlebars","timestamp":1766442923104,"id":"10g88r5t4smgjya","previousEventId":"uubqw6z93ttsm2w","operationId":"keyt50hk7ryi72l","previousOperationId":"hgb805m5pj263zf"}
{"type":"log","timestamp":1766442923104,"level":"debug","message":"Rendering engine handlebars","meta":{"rootId":"6grxptz2ifd3ewx","id":"6grxptz2ifd3ewx"},"id":"4ykai1xzsczd00x","previousOperationId":"keyt50hk7ryi72l"}
{"type":"operationEnd","operationId":"keyt50hk7ryi72l","timestamp":1766442923118,"id":"5o5hncgw3ppvhj9","previousEventId":"10g88r5t4smgjya","previousOperationId":"keyt50hk7ryi72l"}
{"type":"operationStart","subtype":"recipe","name":"pptx","timestamp":1766442923118,"id":"hxpmkdfek2t5gyg","previousEventId":"5o5hncgw3ppvhj9","operationId":"i5rq3e1vsm20n3y","previousOperationId":"keyt50hk7ryi72l"}
{"type":"log","timestamp":1766442923118,"level":"debug","message":"Executing recipe pptx","meta":{"rootId":"6grxptz2ifd3ewx","id":"6grxptz2ifd3ewx"},"id":"v7gs3gy4lquxygq","previousOperationId":"i5rq3e1vsm20n3y"}
{"type":"log","timestamp":1766442923132,"level":"info","message":"pptx generation is starting","meta":{"rootId":"6grxptz2ifd3ewx","id":"6grxptz2ifd3ewx"},"id":"36aut6t4ez1siyr","previousOperationId":"i5rq3e1vsm20n3y"}
{"type":"log","timestamp":1766442924261,"level":"debug","message":"Starting child request to render pptx dynamic parts","meta":{"rootId":"6grxptz2ifd3ewx","id":"6grxptz2ifd3ewx"},"id":"zget0tu9szsldoi","previousOperationId":"i5rq3e1vsm20n3y"}
{"type":"operationStart","subtype":"render","name":"anonymous","previousOperationId":"i5rq3e1vsm20n3y","timestamp":1766442924262,"id":"87ylq691bh8152z","previousEventId":"hxpmkdfek2t5gyg","operationId":"f4eo3ugk9uxxhsn"}
{"type":"log","timestamp":1766442924262,"level":"info","message":"Starting rendering (child) request","meta":{"rootId":"6grxptz2ifd3ewx","id":"8l03pxs9n7hwp07"},"id":"qsn2aefmrtymtrs","previousOperationId":"f4eo3ugk9uxxhsn"}
{"type":"log","timestamp":1766442924262,"level":"info","message":"Rendering anonymous template { recipe: html, engine: handlebars }","meta":{"rootId":"6grxptz2ifd3ewx","id":"8l03pxs9n7hwp07"},"id":"ntkifoze0tsr31f","previousOperationId":"f4eo3ugk9uxxhsn"}
{"type":"log","timestamp":1766442924262,"level":"debug","message":"Inline data specified.","meta":{"rootId":"6grxptz2ifd3ewx","id":"8l03pxs9n7hwp07"},"id":"rtksuugoaahi7ia","previousOperationId":"f4eo3ugk9uxxhsn"}
{"type":"log","timestamp":1766442924265,"level":"debug","message":"Base url not specified, skipping its injection.","meta":{"rootId":"6grxptz2ifd3ewx","id":"8l03pxs9n7hwp07"},"id":"b5iixjtlunf4h6p","previousOperationId":"f4eo3ugk9uxxhsn"}
{"type":"operationStart","subtype":"engine","name":"handlebars","timestamp":1766442924266,"id":"h1qlq415sib70vs","previousEventId":"87ylq691bh8152z","operationId":"t78px9w0z62ioip","previousOperationId":"f4eo3ugk9uxxhsn"}
{"type":"log","timestamp":1766442924266,"level":"debug","message":"Rendering engine handlebars","meta":{"rootId":"6grxptz2ifd3ewx","id":"8l03pxs9n7hwp07"},"id":"tov57trehcylc8x","previousOperationId":"t78px9w0z62ioip"}
{"type":"operationEnd","operationId":"t78px9w0z62ioip","timestamp":1766442924349,"id":"jknf2xruyo3eemi","previousEventId":"h1qlq415sib70vs","previousOperationId":"t78px9w0z62ioip"}
{"type":"operationStart","subtype":"recipe","name":"html","timestamp":1766442924356,"id":"z88ygp923m1ljnh","previousEventId":"jknf2xruyo3eemi","operationId":"pg5qfgjg9f4nbi3","previousOperationId":"t78px9w0z62ioip"}
{"type":"log","timestamp":1766442924356,"level":"debug","message":"Executing recipe html","meta":{"rootId":"6grxptz2ifd3ewx","id":"8l03pxs9n7hwp07"},"id":"ytrow5pv1hdc17n","previousOperationId":"pg5qfgjg9f4nbi3"}
{"type":"operationEnd","operationId":"pg5qfgjg9f4nbi3","timestamp":1766442924356,"id":"olb5zc5ye0hz35x","previousEventId":"z88ygp923m1ljnh","previousOperationId":"pg5qfgjg9f4nbi3"}
{"type":"log","timestamp":1766442924356,"level":"debug","message":"Skipping storing report.","meta":{"rootId":"6grxptz2ifd3ewx","id":"8l03pxs9n7hwp07"},"id":"eunrqinc6mhrjih","previousOperationId":"pg5qfgjg9f4nbi3"}
{"type":"log","timestamp":1766442924356,"level":"info","message":"Rendering (child) request finished in 1303 ms","meta":{"rootId":"6grxptz2ifd3ewx","id":"8l03pxs9n7hwp07"},"id":"7zzbbpeby010qkv","previousOperationId":"pg5qfgjg9f4nbi3"}
{"type":"operationEnd","subtype":"render","operationId":"f4eo3ugk9uxxhsn","timestamp":1766442924356,"id":"aqanlokvhmuwho6","previousEventId":"olb5zc5ye0hz35x","previousOperationId":"pg5qfgjg9f4nbi3"}
{"type":"log","timestamp":1766442926702,"level":"debug","message":"pptx successfully zipped","meta":{"rootId":"6grxptz2ifd3ewx","id":"6grxptz2ifd3ewx"},"id":"izuahf2swy8qgh0","previousOperationId":"i5rq3e1vsm20n3y"}
{"type":"log","timestamp":1766442926702,"level":"info","message":"pptx generation was finished","meta":{"rootId":"6grxptz2ifd3ewx","id":"6grxptz2ifd3ewx"},"id":"k7kssz8lutm69em","previousOperationId":"i5rq3e1vsm20n3y"}
{"type":"operationEnd","operationId":"i5rq3e1vsm20n3y","timestamp":1766442926709,"id":"43saufc7ufyuztn","previousEventId":"hxpmkdfek2t5gyg","previousOperationId":"i5rq3e1vsm20n3y"}
{"type":"log","timestamp":1766442926709,"level":"debug","message":"Skipping storing report.","meta":{"rootId":"6grxptz2ifd3ewx","id":"6grxptz2ifd3ewx"},"id":"qy3ephzs3mhuydh","previousOperationId":"i5rq3e1vsm20n3y"}
{"type":"log","timestamp":1766442926709,"level":"info","message":"Rendering request 4 finished in 3656 ms","meta":{"rootId":"6grxptz2ifd3ewx","id":"6grxptz2ifd3ewx"},"id":"dzdmfgjskz2st3o","previousOperationId":"i5rq3e1vsm20n3y"}
{"type":"operationEnd","subtype":"render","operationId":"hgb805m5pj263zf","timestamp":1766442926709,"id":"mv1di56jgep5zgz","previousEventId":"43saufc7ufyuztn","previousOperationId":"i5rq3e1vsm20n3y"}
{"type":"operationEnd","doDiffs":false,"previousEventId":"o3aryghrxaaaawk","previousOperationId":"8gfufaycq1z1pwn","operationId":"8gfufaycq1z1pwn","timestamp":1766442926712,"id":"d7gb1207g8t6x86"}
