{"type":"operationStart","subtype":"profile","data":{"_id":"5lCvzmFg0Oce1aE9","timestamp":"2025-12-07T20:12:54.423Z","state":"running","mode":"standard","creationDate":"2025-12-07T20:12:54.427Z","modificationDate":"2025-12-07T20:12:54.427Z","shortid":"6w9ovb1","$entitySet":"profiles","timeout":60000},"doDiffs":false,"timestamp":1765138374425,"id":"p801tbs0fzemet5","previousOperationId":null,"operationId":"nwi4ircntseirf3"}
{"type":"log","level":"info","message":"Render request 37 queued for execution and waiting for available worker","previousOperationId":"nwi4ircntseirf3","timestamp":1765138374425,"id":"rzqut0trp9e9r6u"}
{"type":"operationStart","subtype":"render","name":"anonymous","previousOperationId":"nwi4ircntseirf3","timestamp":1765138374481,"id":"r7sbwd4qnsllhx3","previousEventId":"p801tbs0fzemet5","operationId":"djlc4xufoghzuiw"}
{"type":"log","timestamp":1765138374481,"level":"info","message":"Starting rendering request 37","meta":{"rootId":"6jhppvnr8bkcivu","id":"6jhppvnr8bkcivu"},"id":"laysoq7nxyeuwd2","previousOperationId":"djlc4xufoghzuiw"}
{"type":"log","timestamp":1765138374482,"level":"info","message":"Rendering anonymous template { recipe: pptx, engine: handlebars }","meta":{"rootId":"6jhppvnr8bkcivu","id":"6jhppvnr8bkcivu"},"id":"h50xuzyguskqsik","previousOperationId":"djlc4xufoghzuiw"}
{"type":"log","timestamp":1765138374482,"level":"debug","message":"Inline data specified.","meta":{"rootId":"6jhppvnr8bkcivu","id":"6jhppvnr8bkcivu"},"id":"kytxzmigr1sljlt","previousOperationId":"djlc4xufoghzuiw"}
{"type":"log","timestamp":1765138374487,"level":"debug","message":"Base url not specified, skipping its injection.","meta":{"rootId":"6jhppvnr8bkcivu","id":"6jhppvnr8bkcivu"},"id":"9l2q86vsju1qlzu","previousOperationId":"djlc4xufoghzuiw"}
{"type":"operationStart","subtype":"engine","name":"handlebars","timestamp":1765138374488,"id":"d130415tbrcdjs6","previousEventId":"r7sbwd4qnsllhx3","operationId":"gk59zigq1c79tdu","previousOperationId":"djlc4xufoghzuiw"}
{"type":"log","timestamp":1765138374488,"level":"debug","message":"Rendering engine handlebars","meta":{"rootId":"6jhppvnr8bkcivu","id":"6jhppvnr8bkcivu"},"id":"zajyxyc86m03q9t","previousOperationId":"gk59zigq1c79tdu"}
{"type":"operationEnd","operationId":"gk59zigq1c79tdu","timestamp":1765138374508,"id":"swdbfj5i9759jeh","previousEventId":"d130415tbrcdjs6","previousOperationId":"gk59zigq1c79tdu"}
{"type":"operationStart","subtype":"recipe","name":"pptx","timestamp":1765138374508,"id":"b9cxdpb9p4d4a8c","previousEventId":"swdbfj5i9759jeh","operationId":"gwvbyvv5uffwqx5","previousOperationId":"gk59zigq1c79tdu"}
{"type":"log","timestamp":1765138374508,"level":"debug","message":"Executing recipe pptx","meta":{"rootId":"6jhppvnr8bkcivu","id":"6jhppvnr8bkcivu"},"id":"htaz09kn9uub3ts","previousOperationId":"gwvbyvv5uffwqx5"}
{"type":"log","timestamp":1765138374529,"level":"info","message":"pptx generation is starting","meta":{"rootId":"6jhppvnr8bkcivu","id":"6jhppvnr8bkcivu"},"id":"go9jtyqrbmur7nc","previousOperationId":"gwvbyvv5uffwqx5"}
{"type":"log","timestamp":1765138376186,"level":"debug","message":"Starting child request to render pptx dynamic parts","meta":{"rootId":"6jhppvnr8bkcivu","id":"6jhppvnr8bkcivu"},"id":"f92q6cpbb9svu7l","previousOperationId":"gwvbyvv5uffwqx5"}
{"type":"operationStart","subtype":"render","name":"anonymous","previousOperationId":"gwvbyvv5uffwqx5","timestamp":1765138376186,"id":"w6snxhw3s8ogklf","previousEventId":"b9cxdpb9p4d4a8c","operationId":"50lmdj02bypmrh9"}
{"type":"log","timestamp":1765138376187,"level":"info","message":"Starting rendering (child) request","meta":{"rootId":"6jhppvnr8bkcivu","id":"sr5stvczmzqe0yw"},"id":"z3wz38h4wul8oan","previousOperationId":"50lmdj02bypmrh9"}
{"type":"log","timestamp":1765138376187,"level":"info","message":"Rendering anonymous template { recipe: html, engine: handlebars }","meta":{"rootId":"6jhppvnr8bkcivu","id":"sr5stvczmzqe0yw"},"id":"8qyspkl4u9syh8w","previousOperationId":"50lmdj02bypmrh9"}
{"type":"log","timestamp":1765138376187,"level":"debug","message":"Inline data specified.","meta":{"rootId":"6jhppvnr8bkcivu","id":"sr5stvczmzqe0yw"},"id":"07dlg9kpk2v8faj","previousOperationId":"50lmdj02bypmrh9"}
{"type":"log","timestamp":1765138376193,"level":"debug","message":"Base url not specified, skipping its injection.","meta":{"rootId":"6jhppvnr8bkcivu","id":"sr5stvczmzqe0yw"},"id":"h6kt8k4jmfjtee2","previousOperationId":"50lmdj02bypmrh9"}
{"type":"operationStart","subtype":"engine","name":"handlebars","timestamp":1765138376194,"id":"ybj400nzffzwjyp","previousEventId":"w6snxhw3s8ogklf","operationId":"eo02h2bes7kwcrm","previousOperationId":"50lmdj02bypmrh9"}
{"type":"log","timestamp":1765138376194,"level":"debug","message":"Rendering engine handlebars","meta":{"rootId":"6jhppvnr8bkcivu","id":"sr5stvczmzqe0yw"},"id":"3ocv4w0e37h4784","previousOperationId":"eo02h2bes7kwcrm"}
{"type":"operationEnd","operationId":"eo02h2bes7kwcrm","timestamp":1765138376347,"id":"05zvbctmkj4dk64","previousEventId":"ybj400nzffzwjyp","previousOperationId":"eo02h2bes7kwcrm"}
{"type":"operationStart","subtype":"recipe","name":"html","timestamp":1765138376360,"id":"l7is1itu0h6s64d","previousEventId":"05zvbctmkj4dk64","operationId":"tb9mxyz5nxsrhmn","previousOperationId":"eo02h2bes7kwcrm"}
{"type":"log","timestamp":1765138376360,"level":"debug","message":"Executing recipe html","meta":{"rootId":"6jhppvnr8bkcivu","id":"sr5stvczmzqe0yw"},"id":"wf7w9xabe2s2pe5","previousOperationId":"tb9mxyz5nxsrhmn"}
{"type":"operationEnd","operationId":"tb9mxyz5nxsrhmn","timestamp":1765138376360,"id":"g85pw5ekhxrtcqo","previousEventId":"l7is1itu0h6s64d","previousOperationId":"tb9mxyz5nxsrhmn"}
{"type":"log","timestamp":1765138376360,"level":"debug","message":"Skipping storing report.","meta":{"rootId":"6jhppvnr8bkcivu","id":"sr5stvczmzqe0yw"},"id":"3qxwu323obm17x3","previousOperationId":"tb9mxyz5nxsrhmn"}
{"type":"log","timestamp":1765138376360,"level":"info","message":"Rendering (child) request finished in 1938 ms","meta":{"rootId":"6jhppvnr8bkcivu","id":"sr5stvczmzqe0yw"},"id":"qb2sqsbk6c3oki0","previousOperationId":"tb9mxyz5nxsrhmn"}
{"type":"operationEnd","subtype":"render","operationId":"50lmdj02bypmrh9","timestamp":1765138376360,"id":"g00wt6qee51yro1","previousEventId":"g85pw5ekhxrtcqo","previousOperationId":"tb9mxyz5nxsrhmn"}
{"type":"log","timestamp":1765138383653,"level":"debug","message":"pptx successfully zipped","meta":{"rootId":"6jhppvnr8bkcivu","id":"6jhppvnr8bkcivu"},"id":"6p4ifqzibarfms9","previousOperationId":"gwvbyvv5uffwqx5"}
{"type":"log","timestamp":1765138383654,"level":"info","message":"pptx generation was finished","meta":{"rootId":"6jhppvnr8bkcivu","id":"6jhppvnr8bkcivu"},"id":"rosows6s73ax3b1","previousOperationId":"gwvbyvv5uffwqx5"}
{"type":"operationEnd","operationId":"gwvbyvv5uffwqx5","timestamp":1765138383663,"id":"trvvy0v9u0yp86i","previousEventId":"b9cxdpb9p4d4a8c","previousOperationId":"gwvbyvv5uffwqx5"}
{"type":"log","timestamp":1765138383663,"level":"debug","message":"Skipping storing report.","meta":{"rootId":"6jhppvnr8bkcivu","id":"6jhppvnr8bkcivu"},"id":"esxwmsh4dmrupzk","previousOperationId":"gwvbyvv5uffwqx5"}
{"type":"log","timestamp":1765138383663,"level":"info","message":"Rendering request 37 finished in 9241 ms","meta":{"rootId":"6jhppvnr8bkcivu","id":"6jhppvnr8bkcivu"},"id":"ihdj6z73ve30ewo","previousOperationId":"gwvbyvv5uffwqx5"}
{"type":"operationEnd","subtype":"render","operationId":"djlc4xufoghzuiw","timestamp":1765138383663,"id":"q7jpcfhgb649h56","previousEventId":"trvvy0v9u0yp86i","previousOperationId":"gwvbyvv5uffwqx5"}
{"type":"operationEnd","doDiffs":false,"previousEventId":"p801tbs0fzemet5","previousOperationId":"nwi4ircntseirf3","operationId":"nwi4ircntseirf3","timestamp":1765138383668,"id":"hwi2twvbhdlqtgf"}
