{"type":"operationStart","subtype":"profile","data":{"_id":"8nZjHToKuPOxyBRm","timestamp":"2025-12-28T15:36:01.359Z","state":"running","mode":"standard","creationDate":"2025-12-28T15:36:01.375Z","modificationDate":"2025-12-28T15:36:01.375Z","shortid":"LQcfrts","$entitySet":"profiles","timeout":60000},"doDiffs":false,"timestamp":1766936161372,"id":"eld7800d089egvq","previousOperationId":null,"operationId":"fkxabqzzwst3zy9"}
{"type":"log","level":"info","message":"Render request 3 queued for execution and waiting for available worker","previousOperationId":"fkxabqzzwst3zy9","timestamp":1766936161372,"id":"1q32i81a3fl3puh"}
{"type":"operationStart","subtype":"render","name":"anonymous","previousOperationId":"fkxabqzzwst3zy9","timestamp":1766936161454,"id":"1igb9tma0k83vv2","previousEventId":"eld7800d089egvq","operationId":"fy97yvu0cy36izx"}
{"type":"log","timestamp":1766936161454,"level":"info","message":"Starting rendering request 3","meta":{"rootId":"6ka7o8pwdhqxv9r","id":"6ka7o8pwdhqxv9r"},"id":"cuk727iz3yfje0z","previousOperationId":"fy97yvu0cy36izx"}
{"type":"log","timestamp":1766936161455,"level":"info","message":"Rendering anonymous template { recipe: pptx, engine: handlebars }","meta":{"rootId":"6ka7o8pwdhqxv9r","id":"6ka7o8pwdhqxv9r"},"id":"k1goyjgbee8zi5f","previousOperationId":"fy97yvu0cy36izx"}
{"type":"log","timestamp":1766936161455,"level":"debug","message":"Inline data specified.","meta":{"rootId":"6ka7o8pwdhqxv9r","id":"6ka7o8pwdhqxv9r"},"id":"48xm7kxukd0y9ts","previousOperationId":"fy97yvu0cy36izx"}
{"type":"log","timestamp":1766936161457,"level":"debug","message":"Base url not specified, skipping its injection.","meta":{"rootId":"6ka7o8pwdhqxv9r","id":"6ka7o8pwdhqxv9r"},"id":"zqh1s3gleorh5r1","previousOperationId":"fy97yvu0cy36izx"}
{"type":"operationStart","subtype":"engine","name":"handlebars","timestamp":1766936161458,"id":"ltonjkfd55s7bk7","previousEventId":"1igb9tma0k83vv2","operationId":"v6qqmvtoldycgnm","previousOperationId":"fy97yvu0cy36izx"}
{"type":"log","timestamp":1766936161458,"level":"debug","message":"Rendering engine handlebars","meta":{"rootId":"6ka7o8pwdhqxv9r","id":"6ka7o8pwdhqxv9r"},"id":"4a0lo3jn90rizf9","previousOperationId":"v6qqmvtoldycgnm"}
{"type":"operationEnd","operationId":"v6qqmvtoldycgnm","timestamp":1766936161477,"id":"egohn3jutknievy","previousEventId":"ltonjkfd55s7bk7","previousOperationId":"v6qqmvtoldycgnm"}
{"type":"operationStart","subtype":"recipe","name":"pptx","timestamp":1766936161478,"id":"4pucunc8lscqv45","previousEventId":"egohn3jutknievy","operationId":"ylreinlmf3vogts","previousOperationId":"v6qqmvtoldycgnm"}
{"type":"log","timestamp":1766936161478,"level":"debug","message":"Executing recipe pptx","meta":{"rootId":"6ka7o8pwdhqxv9r","id":"6ka7o8pwdhqxv9r"},"id":"umt0f8facsnf4yg","previousOperationId":"ylreinlmf3vogts"}
{"type":"log","timestamp":1766936161514,"level":"info","message":"pptx generation is starting","meta":{"rootId":"6ka7o8pwdhqxv9r","id":"6ka7o8pwdhqxv9r"},"id":"ab9r7404qhy0iq8","previousOperationId":"ylreinlmf3vogts"}
{"type":"log","timestamp":1766936163271,"level":"debug","message":"Starting child request to render pptx dynamic parts","meta":{"rootId":"6ka7o8pwdhqxv9r","id":"6ka7o8pwdhqxv9r"},"id":"u0vazo1w7wqyfy9","previousOperationId":"ylreinlmf3vogts"}
{"type":"operationStart","subtype":"render","name":"anonymous","previousOperationId":"ylreinlmf3vogts","timestamp":1766936163272,"id":"k0a4slt5sqgtsgn","previousEventId":"4pucunc8lscqv45","operationId":"skd4fazbe71gwp8"}
{"type":"log","timestamp":1766936163272,"level":"info","message":"Starting rendering (child) request","meta":{"rootId":"6ka7o8pwdhqxv9r","id":"gbi4rzzopto6lav"},"id":"bcxisw1d95cd4nr","previousOperationId":"skd4fazbe71gwp8"}
{"type":"log","timestamp":1766936163272,"level":"info","message":"Rendering anonymous template { recipe: html, engine: handlebars }","meta":{"rootId":"6ka7o8pwdhqxv9r","id":"gbi4rzzopto6lav"},"id":"nd1ydhbli8dlife","previousOperationId":"skd4fazbe71gwp8"}
{"type":"log","timestamp":1766936163272,"level":"debug","message":"Inline data specified.","meta":{"rootId":"6ka7o8pwdhqxv9r","id":"gbi4rzzopto6lav"},"id":"4pngm0394xm5g79","previousOperationId":"skd4fazbe71gwp8"}
{"type":"log","timestamp":1766936163278,"level":"debug","message":"Base url not specified, skipping its injection.","meta":{"rootId":"6ka7o8pwdhqxv9r","id":"gbi4rzzopto6lav"},"id":"4vumb3aul5saon3","previousOperationId":"skd4fazbe71gwp8"}
{"type":"operationStart","subtype":"engine","name":"handlebars","timestamp":1766936163279,"id":"gb2j6rxpeipz2km","previousEventId":"k0a4slt5sqgtsgn","operationId":"nnqfkkxgtip5tzl","previousOperationId":"skd4fazbe71gwp8"}
{"type":"log","timestamp":1766936163279,"level":"debug","message":"Rendering engine handlebars","meta":{"rootId":"6ka7o8pwdhqxv9r","id":"gbi4rzzopto6lav"},"id":"kvmtqb4zhwfvagd","previousOperationId":"nnqfkkxgtip5tzl"}
{"type":"log","timestamp":1766936163466,"level":"debug","message":"(console:log) {\n  type: 'echarts@v5a',\n  width: 848,\n  height: 409,\n  option: { radar: [ [Object] ], series: [ [Object] ] }\n}","meta":{"userLevel":true,"rootId":"6ka7o8pwdhqxv9r","id":"gbi4rzzopto6lav"},"id":"nz94qyjb1nmqrzs","previousOperationId":"nnqfkkxgtip5tzl"}
{"type":"operationEnd","operationId":"nnqfkkxgtip5tzl","timestamp":1766936163477,"id":"n3jmmel6ocgyksk","previousEventId":"gb2j6rxpeipz2km","previousOperationId":"nnqfkkxgtip5tzl"}
{"type":"operationStart","subtype":"recipe","name":"html","timestamp":1766936163497,"id":"hfxshlvi3o4yy5c","previousEventId":"n3jmmel6ocgyksk","operationId":"d92s4i4374kofkt","previousOperationId":"nnqfkkxgtip5tzl"}
{"type":"log","timestamp":1766936163497,"level":"debug","message":"Executing recipe html","meta":{"rootId":"6ka7o8pwdhqxv9r","id":"gbi4rzzopto6lav"},"id":"hbbq3moma4mighx","previousOperationId":"d92s4i4374kofkt"}
{"type":"operationEnd","operationId":"d92s4i4374kofkt","timestamp":1766936163497,"id":"jq0ol6zn0l22hva","previousEventId":"hfxshlvi3o4yy5c","previousOperationId":"d92s4i4374kofkt"}
{"type":"log","timestamp":1766936163497,"level":"debug","message":"Skipping storing report.","meta":{"rootId":"6ka7o8pwdhqxv9r","id":"gbi4rzzopto6lav"},"id":"wll5flt8yucguo8","previousOperationId":"d92s4i4374kofkt"}
{"type":"log","timestamp":1766936163497,"level":"info","message":"Rendering (child) request finished in 2140 ms","meta":{"rootId":"6ka7o8pwdhqxv9r","id":"gbi4rzzopto6lav"},"id":"yh24m2f15nh1nbr","previousOperationId":"d92s4i4374kofkt"}
{"type":"operationEnd","subtype":"render","operationId":"skd4fazbe71gwp8","timestamp":1766936163497,"id":"xexu28xr1qpj7qg","previousEventId":"jq0ol6zn0l22hva","previousOperationId":"d92s4i4374kofkt"}
{"type":"log","timestamp":1766936169880,"level":"debug","message":"pptx successfully zipped","meta":{"rootId":"6ka7o8pwdhqxv9r","id":"6ka7o8pwdhqxv9r"},"id":"9psgwlp2y2jjnr8","previousOperationId":"ylreinlmf3vogts"}
{"type":"log","timestamp":1766936169881,"level":"info","message":"pptx generation was finished","meta":{"rootId":"6ka7o8pwdhqxv9r","id":"6ka7o8pwdhqxv9r"},"id":"yaap2op83g7uxkk","previousOperationId":"ylreinlmf3vogts"}
{"type":"operationEnd","operationId":"ylreinlmf3vogts","timestamp":1766936169891,"id":"oedsp455eo9jdda","previousEventId":"4pucunc8lscqv45","previousOperationId":"ylreinlmf3vogts"}
{"type":"log","timestamp":1766936169891,"level":"debug","message":"Skipping storing report.","meta":{"rootId":"6ka7o8pwdhqxv9r","id":"6ka7o8pwdhqxv9r"},"id":"ez0wxouamptq111","previousOperationId":"ylreinlmf3vogts"}
{"type":"log","timestamp":1766936169891,"level":"info","message":"Rendering request 3 finished in 8534 ms","meta":{"rootId":"6ka7o8pwdhqxv9r","id":"6ka7o8pwdhqxv9r"},"id":"f9b3qs2d7i2qu5z","previousOperationId":"ylreinlmf3vogts"}
{"type":"operationEnd","subtype":"render","operationId":"fy97yvu0cy36izx","timestamp":1766936169891,"id":"k3x53cei98l3z1z","previousEventId":"oedsp455eo9jdda","previousOperationId":"ylreinlmf3vogts"}
{"type":"operationEnd","doDiffs":false,"previousEventId":"eld7800d089egvq","previousOperationId":"fkxabqzzwst3zy9","operationId":"fkxabqzzwst3zy9","timestamp":1766936169898,"id":"vymjfuebsq4j7pi"}
