{"type":"operationStart","subtype":"profile","data":{"_id":"PHYBw4pD9izpXUdL","timestamp":"2025-12-30T19:26:21.664Z","state":"running","mode":"standard","creationDate":"2025-12-30T19:26:21.669Z","modificationDate":"2025-12-30T19:26:21.669Z","shortid":"djwuWFD","$entitySet":"profiles","timeout":60000},"doDiffs":false,"timestamp":1767122781668,"id":"r5ja1kmwa8l9rwd","previousOperationId":null,"operationId":"q91k8f2a9njzhr3"}
{"type":"log","level":"info","message":"Render request 8 queued for execution and waiting for available worker","previousOperationId":"q91k8f2a9njzhr3","timestamp":1767122781668,"id":"r9ns8digp3ixllp"}
{"type":"operationStart","subtype":"render","name":"anonymous","previousOperationId":"q91k8f2a9njzhr3","timestamp":1767122781716,"id":"vgqqbuasgj5m336","previousEventId":"r5ja1kmwa8l9rwd","operationId":"nvakkndojwq5m7a"}
{"type":"log","timestamp":1767122781717,"level":"info","message":"Starting rendering request 8","meta":{"rootId":"6m12v6jc76pj5ma","id":"6m12v6jc76pj5ma"},"id":"6rv04xomd9gdv2p","previousOperationId":"nvakkndojwq5m7a"}
{"type":"log","timestamp":1767122781717,"level":"info","message":"Rendering anonymous template { recipe: pptx, engine: handlebars }","meta":{"rootId":"6m12v6jc76pj5ma","id":"6m12v6jc76pj5ma"},"id":"u6hq5kzs1u8mg89","previousOperationId":"nvakkndojwq5m7a"}
{"type":"log","timestamp":1767122781717,"level":"debug","message":"Inline data specified.","meta":{"rootId":"6m12v6jc76pj5ma","id":"6m12v6jc76pj5ma"},"id":"p03uidsobb18s84","previousOperationId":"nvakkndojwq5m7a"}
{"type":"log","timestamp":1767122781722,"level":"debug","message":"Base url not specified, skipping its injection.","meta":{"rootId":"6m12v6jc76pj5ma","id":"6m12v6jc76pj5ma"},"id":"jpgw7k9r8ihuhol","previousOperationId":"nvakkndojwq5m7a"}
{"type":"operationStart","subtype":"engine","name":"handlebars","timestamp":1767122781724,"id":"pnxlb6four9m0u8","previousEventId":"vgqqbuasgj5m336","operationId":"rzlb3vukxa5wxjv","previousOperationId":"nvakkndojwq5m7a"}
{"type":"log","timestamp":1767122781724,"level":"debug","message":"Rendering engine handlebars","meta":{"rootId":"6m12v6jc76pj5ma","id":"6m12v6jc76pj5ma"},"id":"s2w82798dlui9aj","previousOperationId":"rzlb3vukxa5wxjv"}
{"type":"operationEnd","operationId":"rzlb3vukxa5wxjv","timestamp":1767122781749,"id":"cdfsgq5uxbu6ver","previousEventId":"pnxlb6four9m0u8","previousOperationId":"rzlb3vukxa5wxjv"}
{"type":"operationStart","subtype":"recipe","name":"pptx","timestamp":1767122781749,"id":"eo5paoz199dn77s","previousEventId":"cdfsgq5uxbu6ver","operationId":"wpvp811e5zuoaj5","previousOperationId":"rzlb3vukxa5wxjv"}
{"type":"log","timestamp":1767122781749,"level":"debug","message":"Executing recipe pptx","meta":{"rootId":"6m12v6jc76pj5ma","id":"6m12v6jc76pj5ma"},"id":"6qcqxhg5kfj0sjt","previousOperationId":"wpvp811e5zuoaj5"}
{"type":"log","timestamp":1767122781766,"level":"info","message":"pptx generation is starting","meta":{"rootId":"6m12v6jc76pj5ma","id":"6m12v6jc76pj5ma"},"id":"nv8zkfpd15lilfg","previousOperationId":"wpvp811e5zuoaj5"}
{"type":"log","timestamp":1767122782984,"level":"debug","message":"Starting child request to render pptx dynamic parts","meta":{"rootId":"6m12v6jc76pj5ma","id":"6m12v6jc76pj5ma"},"id":"tw1zlv8rk6bxt3h","previousOperationId":"wpvp811e5zuoaj5"}
{"type":"operationStart","subtype":"render","name":"anonymous","previousOperationId":"wpvp811e5zuoaj5","timestamp":1767122782984,"id":"pi3mxgealal351w","previousEventId":"eo5paoz199dn77s","operationId":"rkw5so10laohlwm"}
{"type":"log","timestamp":1767122782984,"level":"info","message":"Starting rendering (child) request","meta":{"rootId":"6m12v6jc76pj5ma","id":"fyl2fzp1yfnimqd"},"id":"f3kvefn6pg6968p","previousOperationId":"rkw5so10laohlwm"}
{"type":"log","timestamp":1767122782984,"level":"info","message":"Rendering anonymous template { recipe: html, engine: handlebars }","meta":{"rootId":"6m12v6jc76pj5ma","id":"fyl2fzp1yfnimqd"},"id":"j5esdvolnq811vu","previousOperationId":"rkw5so10laohlwm"}
{"type":"log","timestamp":1767122782984,"level":"debug","message":"Inline data specified.","meta":{"rootId":"6m12v6jc76pj5ma","id":"fyl2fzp1yfnimqd"},"id":"n9s3219zk8dmw6b","previousOperationId":"rkw5so10laohlwm"}
{"type":"log","timestamp":1767122782988,"level":"debug","message":"Base url not specified, skipping its injection.","meta":{"rootId":"6m12v6jc76pj5ma","id":"fyl2fzp1yfnimqd"},"id":"pqyf5dov7u6r4tq","previousOperationId":"rkw5so10laohlwm"}
{"type":"operationStart","subtype":"engine","name":"handlebars","timestamp":1767122782989,"id":"479zd8c0xcxyngj","previousEventId":"pi3mxgealal351w","operationId":"pety1ufnbiijb0v","previousOperationId":"rkw5so10laohlwm"}
{"type":"log","timestamp":1767122782989,"level":"debug","message":"Rendering engine handlebars","meta":{"rootId":"6m12v6jc76pj5ma","id":"fyl2fzp1yfnimqd"},"id":"uew6acujrat4wow","previousOperationId":"pety1ufnbiijb0v"}
{"type":"log","timestamp":1767122783099,"level":"debug","message":"(console:log) {\n  type: 'echarts@v5a',\n  width: 848,\n  height: 409,\n  option: { radar: [ [Object] ], series: [ [Object] ] }\n}","meta":{"userLevel":true,"rootId":"6m12v6jc76pj5ma","id":"fyl2fzp1yfnimqd"},"id":"stxglqedz815xqy","previousOperationId":"pety1ufnbiijb0v"}
{"type":"operationEnd","operationId":"pety1ufnbiijb0v","timestamp":1767122783105,"id":"c76zguvexbky9yf","previousEventId":"479zd8c0xcxyngj","previousOperationId":"pety1ufnbiijb0v"}
{"type":"operationStart","subtype":"recipe","name":"html","timestamp":1767122783115,"id":"ufujoptrj09az7j","previousEventId":"c76zguvexbky9yf","operationId":"uv440g51rz3poom","previousOperationId":"pety1ufnbiijb0v"}
{"type":"log","timestamp":1767122783115,"level":"debug","message":"Executing recipe html","meta":{"rootId":"6m12v6jc76pj5ma","id":"fyl2fzp1yfnimqd"},"id":"mnvdp76b4layfph","previousOperationId":"uv440g51rz3poom"}
{"type":"operationEnd","operationId":"uv440g51rz3poom","timestamp":1767122783115,"id":"8t3oq5uyi8eak0b","previousEventId":"ufujoptrj09az7j","previousOperationId":"uv440g51rz3poom"}
{"type":"log","timestamp":1767122783115,"level":"debug","message":"Skipping storing report.","meta":{"rootId":"6m12v6jc76pj5ma","id":"fyl2fzp1yfnimqd"},"id":"oujmretrcsoivpy","previousOperationId":"uv440g51rz3poom"}
{"type":"log","timestamp":1767122783115,"level":"info","message":"Rendering (child) request finished in 1452 ms","meta":{"rootId":"6m12v6jc76pj5ma","id":"fyl2fzp1yfnimqd"},"id":"5x5qmxt7o3xthy7","previousOperationId":"uv440g51rz3poom"}
{"type":"operationEnd","subtype":"render","operationId":"rkw5so10laohlwm","timestamp":1767122783115,"id":"s8jmz3ka5zdpz13","previousEventId":"8t3oq5uyi8eak0b","previousOperationId":"uv440g51rz3poom"}
{"type":"log","timestamp":1767122787060,"level":"debug","message":"pptx successfully zipped","meta":{"rootId":"6m12v6jc76pj5ma","id":"6m12v6jc76pj5ma"},"id":"nw56c3de36lf7wx","previousOperationId":"wpvp811e5zuoaj5"}
{"type":"log","timestamp":1767122787060,"level":"info","message":"pptx generation was finished","meta":{"rootId":"6m12v6jc76pj5ma","id":"6m12v6jc76pj5ma"},"id":"ykdzsynz2cmsyn2","previousOperationId":"wpvp811e5zuoaj5"}
{"type":"operationEnd","operationId":"wpvp811e5zuoaj5","timestamp":1767122787073,"id":"drgcytsf4c5p6yi","previousEventId":"eo5paoz199dn77s","previousOperationId":"wpvp811e5zuoaj5"}
{"type":"log","timestamp":1767122787073,"level":"debug","message":"Skipping storing report.","meta":{"rootId":"6m12v6jc76pj5ma","id":"6m12v6jc76pj5ma"},"id":"hdn623tdkchmh78","previousOperationId":"wpvp811e5zuoaj5"}
{"type":"log","timestamp":1767122787073,"level":"info","message":"Rendering request 8 finished in 5410 ms","meta":{"rootId":"6m12v6jc76pj5ma","id":"6m12v6jc76pj5ma"},"id":"wh4lqpxt9v70tpq","previousOperationId":"wpvp811e5zuoaj5"}
{"type":"operationEnd","subtype":"render","operationId":"nvakkndojwq5m7a","timestamp":1767122787073,"id":"swwwd3djmkikf6b","previousEventId":"drgcytsf4c5p6yi","previousOperationId":"wpvp811e5zuoaj5"}
{"type":"operationEnd","doDiffs":false,"previousEventId":"r5ja1kmwa8l9rwd","previousOperationId":"q91k8f2a9njzhr3","operationId":"q91k8f2a9njzhr3","timestamp":1767122787078,"id":"9tal104ltiqb8uy"}
