{"type":"operationStart","subtype":"profile","data":{"_id":"LXLQm0WqmZHVPJMG","timestamp":"2025-12-07T21:35:57.528Z","state":"running","mode":"standard","creationDate":"2025-12-07T21:35:57.532Z","modificationDate":"2025-12-07T21:35:57.532Z","shortid":"vtmEO5S","$entitySet":"profiles","timeout":60000},"doDiffs":false,"timestamp":1765143357531,"id":"p4issrun3xj2xkw","previousOperationId":null,"operationId":"w5ikv3dp1wmpzjs"}
{"type":"log","level":"info","message":"Render request 8 queued for execution and waiting for available worker","previousOperationId":"w5ikv3dp1wmpzjs","timestamp":1765143357531,"id":"yfttvr7gz0nrija"}
{"type":"operationStart","subtype":"render","name":"anonymous","previousOperationId":"w5ikv3dp1wmpzjs","timestamp":1765143357590,"id":"rustuggl34bsvok","previousEventId":"p4issrun3xj2xkw","operationId":"s4j5s9rzj6k8kbf"}
{"type":"log","timestamp":1765143357590,"level":"info","message":"Starting rendering request 8","meta":{"rootId":"6ok3tjvscmrn5us","id":"6ok3tjvscmrn5us"},"id":"4om1iy1pqurk426","previousOperationId":"s4j5s9rzj6k8kbf"}
{"type":"log","timestamp":1765143357591,"level":"info","message":"Rendering anonymous template { recipe: pptx, engine: handlebars }","meta":{"rootId":"6ok3tjvscmrn5us","id":"6ok3tjvscmrn5us"},"id":"r9yzllx6ipcwaw9","previousOperationId":"s4j5s9rzj6k8kbf"}
{"type":"log","timestamp":1765143357591,"level":"debug","message":"Inline data specified.","meta":{"rootId":"6ok3tjvscmrn5us","id":"6ok3tjvscmrn5us"},"id":"fppzr2aa6s3e4gf","previousOperationId":"s4j5s9rzj6k8kbf"}
{"type":"log","timestamp":1765143357594,"level":"debug","message":"Base url not specified, skipping its injection.","meta":{"rootId":"6ok3tjvscmrn5us","id":"6ok3tjvscmrn5us"},"id":"w7j3jbtlk34u5y2","previousOperationId":"s4j5s9rzj6k8kbf"}
{"type":"operationStart","subtype":"engine","name":"handlebars","timestamp":1765143357594,"id":"i4dtv4xo8aoghdj","previousEventId":"rustuggl34bsvok","operationId":"8qbk5xrtqrom32u","previousOperationId":"s4j5s9rzj6k8kbf"}
{"type":"log","timestamp":1765143357595,"level":"debug","message":"Rendering engine handlebars","meta":{"rootId":"6ok3tjvscmrn5us","id":"6ok3tjvscmrn5us"},"id":"73sgwq5ssc3gcbs","previousOperationId":"8qbk5xrtqrom32u"}
{"type":"operationEnd","operationId":"8qbk5xrtqrom32u","timestamp":1765143357658,"id":"82bhw8uvql7lkly","previousEventId":"i4dtv4xo8aoghdj","previousOperationId":"8qbk5xrtqrom32u"}
{"type":"operationStart","subtype":"recipe","name":"pptx","timestamp":1765143357658,"id":"2jqm5rq94qjkdmq","previousEventId":"82bhw8uvql7lkly","operationId":"394vja2bh5xdt8p","previousOperationId":"8qbk5xrtqrom32u"}
{"type":"log","timestamp":1765143357658,"level":"debug","message":"Executing recipe pptx","meta":{"rootId":"6ok3tjvscmrn5us","id":"6ok3tjvscmrn5us"},"id":"tkzxivqxxy8nsc0","previousOperationId":"394vja2bh5xdt8p"}
{"type":"log","timestamp":1765143357690,"level":"info","message":"pptx generation is starting","meta":{"rootId":"6ok3tjvscmrn5us","id":"6ok3tjvscmrn5us"},"id":"d3hweyepkc20i4u","previousOperationId":"394vja2bh5xdt8p"}
{"type":"log","timestamp":1765143358696,"level":"debug","message":"Starting child request to render pptx dynamic parts","meta":{"rootId":"6ok3tjvscmrn5us","id":"6ok3tjvscmrn5us"},"id":"p9becn27mmrtuka","previousOperationId":"394vja2bh5xdt8p"}
{"type":"operationStart","subtype":"render","name":"anonymous","previousOperationId":"394vja2bh5xdt8p","timestamp":1765143358697,"id":"vovc7vhx9s7yina","previousEventId":"2jqm5rq94qjkdmq","operationId":"2w4m9pcf2dkvy5g"}
{"type":"log","timestamp":1765143358697,"level":"info","message":"Starting rendering (child) request","meta":{"rootId":"6ok3tjvscmrn5us","id":"ww0nduu0uf2mwna"},"id":"br1yylv6n67qczo","previousOperationId":"2w4m9pcf2dkvy5g"}
{"type":"log","timestamp":1765143358697,"level":"info","message":"Rendering anonymous template { recipe: html, engine: handlebars }","meta":{"rootId":"6ok3tjvscmrn5us","id":"ww0nduu0uf2mwna"},"id":"3tfto10xqmelilt","previousOperationId":"2w4m9pcf2dkvy5g"}
{"type":"log","timestamp":1765143358697,"level":"debug","message":"Inline data specified.","meta":{"rootId":"6ok3tjvscmrn5us","id":"ww0nduu0uf2mwna"},"id":"18iwjgzxdko4exq","previousOperationId":"2w4m9pcf2dkvy5g"}
{"type":"log","timestamp":1765143358701,"level":"debug","message":"Base url not specified, skipping its injection.","meta":{"rootId":"6ok3tjvscmrn5us","id":"ww0nduu0uf2mwna"},"id":"w02rnrrvvdiypdw","previousOperationId":"2w4m9pcf2dkvy5g"}
{"type":"operationStart","subtype":"engine","name":"handlebars","timestamp":1765143358702,"id":"81gcb5m3mxwud1l","previousEventId":"vovc7vhx9s7yina","operationId":"zo5uv978l0wqgo9","previousOperationId":"2w4m9pcf2dkvy5g"}
{"type":"log","timestamp":1765143358702,"level":"debug","message":"Rendering engine handlebars","meta":{"rootId":"6ok3tjvscmrn5us","id":"ww0nduu0uf2mwna"},"id":"q1m5ikechvmgbe0","previousOperationId":"zo5uv978l0wqgo9"}
{"type":"operationEnd","operationId":"zo5uv978l0wqgo9","timestamp":1765143358817,"id":"qq6c0p6bdsqonnd","previousEventId":"81gcb5m3mxwud1l","previousOperationId":"zo5uv978l0wqgo9"}
{"type":"operationStart","subtype":"recipe","name":"html","timestamp":1765143358827,"id":"qy8svag2t0viq0m","previousEventId":"qq6c0p6bdsqonnd","operationId":"yerg3ov3fydlgce","previousOperationId":"zo5uv978l0wqgo9"}
{"type":"log","timestamp":1765143358827,"level":"debug","message":"Executing recipe html","meta":{"rootId":"6ok3tjvscmrn5us","id":"ww0nduu0uf2mwna"},"id":"fyimmgoc1qqcoay","previousOperationId":"yerg3ov3fydlgce"}
{"type":"operationEnd","operationId":"yerg3ov3fydlgce","timestamp":1765143358827,"id":"jj299f69pj9npma","previousEventId":"qy8svag2t0viq0m","previousOperationId":"yerg3ov3fydlgce"}
{"type":"log","timestamp":1765143358828,"level":"debug","message":"Skipping storing report.","meta":{"rootId":"6ok3tjvscmrn5us","id":"ww0nduu0uf2mwna"},"id":"kw7poavytug2lj0","previousOperationId":"yerg3ov3fydlgce"}
{"type":"log","timestamp":1765143358828,"level":"info","message":"Rendering (child) request finished in 1300 ms","meta":{"rootId":"6ok3tjvscmrn5us","id":"ww0nduu0uf2mwna"},"id":"e608bb4yqzis14f","previousOperationId":"yerg3ov3fydlgce"}
{"type":"operationEnd","subtype":"render","operationId":"2w4m9pcf2dkvy5g","timestamp":1765143358828,"id":"8gqde62ggbwhgnk","previousEventId":"jj299f69pj9npma","previousOperationId":"yerg3ov3fydlgce"}
{"type":"log","timestamp":1765143361881,"level":"debug","message":"pptx successfully zipped","meta":{"rootId":"6ok3tjvscmrn5us","id":"6ok3tjvscmrn5us"},"id":"lqqxk6kq0bm26hl","previousOperationId":"394vja2bh5xdt8p"}
{"type":"log","timestamp":1765143361882,"level":"info","message":"pptx generation was finished","meta":{"rootId":"6ok3tjvscmrn5us","id":"6ok3tjvscmrn5us"},"id":"e72q1pektibjfzw","previousOperationId":"394vja2bh5xdt8p"}
{"type":"operationEnd","operationId":"394vja2bh5xdt8p","timestamp":1765143361889,"id":"vy16m17n1w41yrg","previousEventId":"2jqm5rq94qjkdmq","previousOperationId":"394vja2bh5xdt8p"}
{"type":"log","timestamp":1765143361889,"level":"debug","message":"Skipping storing report.","meta":{"rootId":"6ok3tjvscmrn5us","id":"6ok3tjvscmrn5us"},"id":"67qzjj2afq32nhx","previousOperationId":"394vja2bh5xdt8p"}
{"type":"log","timestamp":1765143361889,"level":"info","message":"Rendering request 8 finished in 4361 ms","meta":{"rootId":"6ok3tjvscmrn5us","id":"6ok3tjvscmrn5us"},"id":"wpg4kv5ggb08tun","previousOperationId":"394vja2bh5xdt8p"}
{"type":"operationEnd","subtype":"render","operationId":"s4j5s9rzj6k8kbf","timestamp":1765143361889,"id":"k1ysfb8c3x4wi9x","previousEventId":"vy16m17n1w41yrg","previousOperationId":"394vja2bh5xdt8p"}
{"type":"operationEnd","doDiffs":false,"previousEventId":"p4issrun3xj2xkw","previousOperationId":"w5ikv3dp1wmpzjs","operationId":"w5ikv3dp1wmpzjs","timestamp":1765143361892,"id":"fepx8x578t9gxzc"}
