{"type":"operationStart","subtype":"profile","data":{"_id":"5lnKVsJVK8AISpL3","timestamp":"2025-12-30T19:35:41.468Z","state":"running","mode":"standard","creationDate":"2025-12-30T19:35:41.481Z","modificationDate":"2025-12-30T19:35:41.481Z","shortid":"K3s6c9F","$entitySet":"profiles","timeout":60000},"doDiffs":false,"timestamp":1767123341479,"id":"d0vgkr5f9slyizy","previousOperationId":null,"operationId":"pr2cf36yc77tisq"}
{"type":"log","level":"info","message":"Render request 14 queued for execution and waiting for available worker","previousOperationId":"pr2cf36yc77tisq","timestamp":1767123341479,"id":"65humxuimioq4qx"}
{"type":"operationStart","subtype":"render","name":"anonymous","previousOperationId":"pr2cf36yc77tisq","timestamp":1767123341536,"id":"faxqowkrp0zczh8","previousEventId":"d0vgkr5f9slyizy","operationId":"kai2eov3u7e9jvm"}
{"type":"log","timestamp":1767123341536,"level":"info","message":"Starting rendering request 14","meta":{"rootId":"6qzw7kx68m17j2v","id":"6qzw7kx68m17j2v"},"id":"w6sg6u6dd79jcsd","previousOperationId":"kai2eov3u7e9jvm"}
{"type":"log","timestamp":1767123341537,"level":"info","message":"Rendering anonymous template { recipe: pptx, engine: handlebars }","meta":{"rootId":"6qzw7kx68m17j2v","id":"6qzw7kx68m17j2v"},"id":"ye9b1tu8wnf2gwb","previousOperationId":"kai2eov3u7e9jvm"}
{"type":"log","timestamp":1767123341537,"level":"debug","message":"Inline data specified.","meta":{"rootId":"6qzw7kx68m17j2v","id":"6qzw7kx68m17j2v"},"id":"pod1dw71y4hg3m9","previousOperationId":"kai2eov3u7e9jvm"}
{"type":"log","timestamp":1767123341538,"level":"debug","message":"Base url not specified, skipping its injection.","meta":{"rootId":"6qzw7kx68m17j2v","id":"6qzw7kx68m17j2v"},"id":"ddgmvj03mig4p61","previousOperationId":"kai2eov3u7e9jvm"}
{"type":"operationStart","subtype":"engine","name":"handlebars","timestamp":1767123341539,"id":"mizr5zuclg048rw","previousEventId":"faxqowkrp0zczh8","operationId":"fnrpwdzu9ts4l4r","previousOperationId":"kai2eov3u7e9jvm"}
{"type":"log","timestamp":1767123341539,"level":"debug","message":"Rendering engine handlebars","meta":{"rootId":"6qzw7kx68m17j2v","id":"6qzw7kx68m17j2v"},"id":"k0kt7sfu7dimgn8","previousOperationId":"fnrpwdzu9ts4l4r"}
{"type":"operationEnd","operationId":"fnrpwdzu9ts4l4r","timestamp":1767123341550,"id":"p1mb8hukj2bhjld","previousEventId":"mizr5zuclg048rw","previousOperationId":"fnrpwdzu9ts4l4r"}
{"type":"operationStart","subtype":"recipe","name":"pptx","timestamp":1767123341551,"id":"fqr1vgc12toz49n","previousEventId":"p1mb8hukj2bhjld","operationId":"xdvi8uk5e6v3qyb","previousOperationId":"fnrpwdzu9ts4l4r"}
{"type":"log","timestamp":1767123341551,"level":"debug","message":"Executing recipe pptx","meta":{"rootId":"6qzw7kx68m17j2v","id":"6qzw7kx68m17j2v"},"id":"3ok68q3yrl6byn0","previousOperationId":"xdvi8uk5e6v3qyb"}
{"type":"log","timestamp":1767123341581,"level":"info","message":"pptx generation is starting","meta":{"rootId":"6qzw7kx68m17j2v","id":"6qzw7kx68m17j2v"},"id":"nldupkcimsn85q1","previousOperationId":"xdvi8uk5e6v3qyb"}
{"type":"log","timestamp":1767123342826,"level":"debug","message":"Starting child request to render pptx dynamic parts","meta":{"rootId":"6qzw7kx68m17j2v","id":"6qzw7kx68m17j2v"},"id":"bdud0bw49uceqen","previousOperationId":"xdvi8uk5e6v3qyb"}
{"type":"operationStart","subtype":"render","name":"anonymous","previousOperationId":"xdvi8uk5e6v3qyb","timestamp":1767123342826,"id":"k4oaiiv6j55fs8z","previousEventId":"fqr1vgc12toz49n","operationId":"jt5lzgfd08emj3v"}
{"type":"log","timestamp":1767123342826,"level":"info","message":"Starting rendering (child) request","meta":{"rootId":"6qzw7kx68m17j2v","id":"yj6e40sbp4r55w1"},"id":"fsq1jlux7m00827","previousOperationId":"jt5lzgfd08emj3v"}
{"type":"log","timestamp":1767123342826,"level":"info","message":"Rendering anonymous template { recipe: html, engine: handlebars }","meta":{"rootId":"6qzw7kx68m17j2v","id":"yj6e40sbp4r55w1"},"id":"avlusmseoak1n8i","previousOperationId":"jt5lzgfd08emj3v"}
{"type":"log","timestamp":1767123342826,"level":"debug","message":"Inline data specified.","meta":{"rootId":"6qzw7kx68m17j2v","id":"yj6e40sbp4r55w1"},"id":"hsixz6mecmslww9","previousOperationId":"jt5lzgfd08emj3v"}
{"type":"log","timestamp":1767123342830,"level":"debug","message":"Base url not specified, skipping its injection.","meta":{"rootId":"6qzw7kx68m17j2v","id":"yj6e40sbp4r55w1"},"id":"98kxs2lo8x3vifl","previousOperationId":"jt5lzgfd08emj3v"}
{"type":"operationStart","subtype":"engine","name":"handlebars","timestamp":1767123342831,"id":"te5dnnp9xx7ab18","previousEventId":"k4oaiiv6j55fs8z","operationId":"9451od54vluwmsq","previousOperationId":"jt5lzgfd08emj3v"}
{"type":"log","timestamp":1767123342831,"level":"debug","message":"Rendering engine handlebars","meta":{"rootId":"6qzw7kx68m17j2v","id":"yj6e40sbp4r55w1"},"id":"rugs0j8kausv1yp","previousOperationId":"9451od54vluwmsq"}
{"type":"log","timestamp":1767123342956,"level":"debug","message":"(console:log) {\n  type: 'echarts@v5a',\n  width: 848,\n  height: 409,\n  option: { radar: [ [Object] ], series: [ [Object] ] }\n}","meta":{"userLevel":true,"rootId":"6qzw7kx68m17j2v","id":"yj6e40sbp4r55w1"},"id":"a5yp0po818zsdka","previousOperationId":"9451od54vluwmsq"}
{"type":"operationEnd","operationId":"9451od54vluwmsq","timestamp":1767123342964,"id":"vofi7rsn8umje0g","previousEventId":"te5dnnp9xx7ab18","previousOperationId":"9451od54vluwmsq"}
{"type":"operationStart","subtype":"recipe","name":"html","timestamp":1767123342977,"id":"52jy50tbqqr62dq","previousEventId":"vofi7rsn8umje0g","operationId":"iwwktjnqr2bbk90","previousOperationId":"9451od54vluwmsq"}
{"type":"log","timestamp":1767123342977,"level":"debug","message":"Executing recipe html","meta":{"rootId":"6qzw7kx68m17j2v","id":"yj6e40sbp4r55w1"},"id":"3dlsfv2a1az7x1n","previousOperationId":"iwwktjnqr2bbk90"}
{"type":"operationEnd","operationId":"iwwktjnqr2bbk90","timestamp":1767123342977,"id":"zqyw6x6ruv7o9aa","previousEventId":"52jy50tbqqr62dq","previousOperationId":"iwwktjnqr2bbk90"}
{"type":"log","timestamp":1767123342978,"level":"debug","message":"Skipping storing report.","meta":{"rootId":"6qzw7kx68m17j2v","id":"yj6e40sbp4r55w1"},"id":"6ox0plet6ohwgt0","previousOperationId":"iwwktjnqr2bbk90"}
{"type":"log","timestamp":1767123342978,"level":"info","message":"Rendering (child) request finished in 1511 ms","meta":{"rootId":"6qzw7kx68m17j2v","id":"yj6e40sbp4r55w1"},"id":"oov5wcujh0exlea","previousOperationId":"iwwktjnqr2bbk90"}
{"type":"operationEnd","subtype":"render","operationId":"jt5lzgfd08emj3v","timestamp":1767123342978,"id":"ekr0qm5ev48dgzs","previousEventId":"zqyw6x6ruv7o9aa","previousOperationId":"iwwktjnqr2bbk90"}
{"type":"log","timestamp":1767123346524,"level":"debug","message":"pptx successfully zipped","meta":{"rootId":"6qzw7kx68m17j2v","id":"6qzw7kx68m17j2v"},"id":"29pan20arf2bo7n","previousOperationId":"xdvi8uk5e6v3qyb"}
{"type":"log","timestamp":1767123346524,"level":"info","message":"pptx generation was finished","meta":{"rootId":"6qzw7kx68m17j2v","id":"6qzw7kx68m17j2v"},"id":"7dijp7wti8i61c6","previousOperationId":"xdvi8uk5e6v3qyb"}
{"type":"operationEnd","operationId":"xdvi8uk5e6v3qyb","timestamp":1767123346532,"id":"b5cet281kvxjl9x","previousEventId":"fqr1vgc12toz49n","previousOperationId":"xdvi8uk5e6v3qyb"}
{"type":"log","timestamp":1767123346532,"level":"debug","message":"Skipping storing report.","meta":{"rootId":"6qzw7kx68m17j2v","id":"6qzw7kx68m17j2v"},"id":"ir5ptro9ty3fd47","previousOperationId":"xdvi8uk5e6v3qyb"}
{"type":"log","timestamp":1767123346532,"level":"info","message":"Rendering request 14 finished in 5065 ms","meta":{"rootId":"6qzw7kx68m17j2v","id":"6qzw7kx68m17j2v"},"id":"x6k3ebtbcp521hz","previousOperationId":"xdvi8uk5e6v3qyb"}
{"type":"operationEnd","subtype":"render","operationId":"kai2eov3u7e9jvm","timestamp":1767123346532,"id":"jxrzcdd5fpqizve","previousEventId":"b5cet281kvxjl9x","previousOperationId":"xdvi8uk5e6v3qyb"}
{"type":"operationEnd","doDiffs":false,"previousEventId":"d0vgkr5f9slyizy","previousOperationId":"pr2cf36yc77tisq","operationId":"pr2cf36yc77tisq","timestamp":1767123346535,"id":"fr4bo2dp4riq5hn"}
