{"type":"operationStart","subtype":"profile","data":{"_id":"xoLKwrUzKWBIXcwh","timestamp":"2025-12-31T11:23:37.411Z","state":"running","mode":"standard","creationDate":"2025-12-31T11:23:37.415Z","modificationDate":"2025-12-31T11:23:37.415Z","shortid":"i5nWKSy","$entitySet":"profiles","timeout":60000},"doDiffs":false,"timestamp":1767180217413,"id":"15l0lz6vpzv6oqj","previousOperationId":null,"operationId":"xe6l5xdv4qn0br1"}
{"type":"log","level":"info","message":"Render request 31 queued for execution and waiting for available worker","previousOperationId":"xe6l5xdv4qn0br1","timestamp":1767180217413,"id":"rvkmi4e8t3us8ij"}
{"type":"operationStart","subtype":"render","name":"anonymous","previousOperationId":"xe6l5xdv4qn0br1","timestamp":1767180217492,"id":"jejh4ryv94qdn9u","previousEventId":"15l0lz6vpzv6oqj","operationId":"ciu36g6j8amsrbr"}
{"type":"log","timestamp":1767180217493,"level":"info","message":"Starting rendering request 31","meta":{"rootId":"6r22ckgo52pj7xn","id":"6r22ckgo52pj7xn"},"id":"id9qm93p3ae27qq","previousOperationId":"ciu36g6j8amsrbr"}
{"type":"log","timestamp":1767180217493,"level":"info","message":"Rendering anonymous template { recipe: pptx, engine: handlebars }","meta":{"rootId":"6r22ckgo52pj7xn","id":"6r22ckgo52pj7xn"},"id":"05efzwjvpgld8d6","previousOperationId":"ciu36g6j8amsrbr"}
{"type":"log","timestamp":1767180217493,"level":"debug","message":"Inline data specified.","meta":{"rootId":"6r22ckgo52pj7xn","id":"6r22ckgo52pj7xn"},"id":"0dftpcryiob1smu","previousOperationId":"ciu36g6j8amsrbr"}
{"type":"log","timestamp":1767180217496,"level":"debug","message":"Base url not specified, skipping its injection.","meta":{"rootId":"6r22ckgo52pj7xn","id":"6r22ckgo52pj7xn"},"id":"0eptxrobckt1102","previousOperationId":"ciu36g6j8amsrbr"}
{"type":"operationStart","subtype":"engine","name":"handlebars","timestamp":1767180217497,"id":"ow31ot175g0w31z","previousEventId":"jejh4ryv94qdn9u","operationId":"rf36wgdttz937lf","previousOperationId":"ciu36g6j8amsrbr"}
{"type":"log","timestamp":1767180217497,"level":"debug","message":"Rendering engine handlebars","meta":{"rootId":"6r22ckgo52pj7xn","id":"6r22ckgo52pj7xn"},"id":"zds1qs04zbybg9j","previousOperationId":"rf36wgdttz937lf"}
{"type":"operationEnd","operationId":"rf36wgdttz937lf","timestamp":1767180217534,"id":"tig3ya7i5c792hx","previousEventId":"ow31ot175g0w31z","previousOperationId":"rf36wgdttz937lf"}
{"type":"operationStart","subtype":"recipe","name":"pptx","timestamp":1767180217535,"id":"h8ukjytkrr8j2iy","previousEventId":"tig3ya7i5c792hx","operationId":"wzvtr6bdsdhi6v9","previousOperationId":"rf36wgdttz937lf"}
{"type":"log","timestamp":1767180217535,"level":"debug","message":"Executing recipe pptx","meta":{"rootId":"6r22ckgo52pj7xn","id":"6r22ckgo52pj7xn"},"id":"kwtag592f9suo50","previousOperationId":"wzvtr6bdsdhi6v9"}
{"type":"log","timestamp":1767180217553,"level":"info","message":"pptx generation is starting","meta":{"rootId":"6r22ckgo52pj7xn","id":"6r22ckgo52pj7xn"},"id":"1o2hexprix6dg6o","previousOperationId":"wzvtr6bdsdhi6v9"}
{"type":"log","timestamp":1767180219554,"level":"debug","message":"Starting child request to render pptx dynamic parts","meta":{"rootId":"6r22ckgo52pj7xn","id":"6r22ckgo52pj7xn"},"id":"vgyx8bjs7w73k3j","previousOperationId":"wzvtr6bdsdhi6v9"}
{"type":"operationStart","subtype":"render","name":"anonymous","previousOperationId":"wzvtr6bdsdhi6v9","timestamp":1767180219555,"id":"8kzpzsav6xw8bxs","previousEventId":"h8ukjytkrr8j2iy","operationId":"zvmuefkuvya4tm1"}
{"type":"log","timestamp":1767180219555,"level":"info","message":"Starting rendering (child) request","meta":{"rootId":"6r22ckgo52pj7xn","id":"jrf4xaqq5c26wvd"},"id":"xijaxfq1m8lyaog","previousOperationId":"zvmuefkuvya4tm1"}
{"type":"log","timestamp":1767180219555,"level":"info","message":"Rendering anonymous template { recipe: html, engine: handlebars }","meta":{"rootId":"6r22ckgo52pj7xn","id":"jrf4xaqq5c26wvd"},"id":"kaf6wbn5mezjjxa","previousOperationId":"zvmuefkuvya4tm1"}
{"type":"log","timestamp":1767180219555,"level":"debug","message":"Inline data specified.","meta":{"rootId":"6r22ckgo52pj7xn","id":"jrf4xaqq5c26wvd"},"id":"j81y0ibnkeqitdq","previousOperationId":"zvmuefkuvya4tm1"}
{"type":"log","timestamp":1767180219561,"level":"debug","message":"Base url not specified, skipping its injection.","meta":{"rootId":"6r22ckgo52pj7xn","id":"jrf4xaqq5c26wvd"},"id":"hf1p45tnbh1q22k","previousOperationId":"zvmuefkuvya4tm1"}
{"type":"operationStart","subtype":"engine","name":"handlebars","timestamp":1767180219563,"id":"tcr1plhyqq4wbdp","previousEventId":"8kzpzsav6xw8bxs","operationId":"kiebtqneayyk1kp","previousOperationId":"zvmuefkuvya4tm1"}
{"type":"log","timestamp":1767180219563,"level":"debug","message":"Rendering engine handlebars","meta":{"rootId":"6r22ckgo52pj7xn","id":"jrf4xaqq5c26wvd"},"id":"bin1ccszoh11bs7","previousOperationId":"kiebtqneayyk1kp"}
{"type":"log","timestamp":1767180219585,"level":"debug","message":"(console:log) {\n  type: 'echarts@v5a',\n  width: 848,\n  height: 409,\n  option: { radar: [ [Object] ], series: [ [Object] ] }\n}","meta":{"userLevel":true,"rootId":"6r22ckgo52pj7xn","id":"jrf4xaqq5c26wvd"},"id":"1g81n2mtwugkqsh","previousOperationId":"kiebtqneayyk1kp"}
{"type":"operationEnd","operationId":"kiebtqneayyk1kp","timestamp":1767180219600,"id":"rvlvq5dj5e21sns","previousEventId":"tcr1plhyqq4wbdp","previousOperationId":"kiebtqneayyk1kp"}
{"type":"operationStart","subtype":"recipe","name":"html","timestamp":1767180219625,"id":"fxidlr52r89gjz8","previousEventId":"rvlvq5dj5e21sns","operationId":"8t18m3nxsvmst3y","previousOperationId":"kiebtqneayyk1kp"}
{"type":"log","timestamp":1767180219625,"level":"debug","message":"Executing recipe html","meta":{"rootId":"6r22ckgo52pj7xn","id":"jrf4xaqq5c26wvd"},"id":"jmujtv94f0fhc6c","previousOperationId":"8t18m3nxsvmst3y"}
{"type":"operationEnd","operationId":"8t18m3nxsvmst3y","timestamp":1767180219625,"id":"9l5peh99qx9i0qo","previousEventId":"fxidlr52r89gjz8","previousOperationId":"8t18m3nxsvmst3y"}
{"type":"log","timestamp":1767180219626,"level":"debug","message":"Skipping storing report.","meta":{"rootId":"6r22ckgo52pj7xn","id":"jrf4xaqq5c26wvd"},"id":"fyu2xa841xrq0k1","previousOperationId":"8t18m3nxsvmst3y"}
{"type":"log","timestamp":1767180219626,"level":"info","message":"Rendering (child) request finished in 2216 ms","meta":{"rootId":"6r22ckgo52pj7xn","id":"jrf4xaqq5c26wvd"},"id":"hijpnr7nhho8o6e","previousOperationId":"8t18m3nxsvmst3y"}
{"type":"operationEnd","subtype":"render","operationId":"zvmuefkuvya4tm1","timestamp":1767180219626,"id":"p5uj97ddrg6f0qt","previousEventId":"9l5peh99qx9i0qo","previousOperationId":"8t18m3nxsvmst3y"}
{"type":"log","timestamp":1767180226022,"level":"debug","message":"pptx successfully zipped","meta":{"rootId":"6r22ckgo52pj7xn","id":"6r22ckgo52pj7xn"},"id":"2mgvv41el5rm34p","previousOperationId":"wzvtr6bdsdhi6v9"}
{"type":"log","timestamp":1767180226022,"level":"info","message":"pptx generation was finished","meta":{"rootId":"6r22ckgo52pj7xn","id":"6r22ckgo52pj7xn"},"id":"dhmqresvvywjy1j","previousOperationId":"wzvtr6bdsdhi6v9"}
{"type":"operationEnd","operationId":"wzvtr6bdsdhi6v9","timestamp":1767180226032,"id":"ceex9idrjyduxiw","previousEventId":"h8ukjytkrr8j2iy","previousOperationId":"wzvtr6bdsdhi6v9"}
{"type":"log","timestamp":1767180226033,"level":"debug","message":"Skipping storing report.","meta":{"rootId":"6r22ckgo52pj7xn","id":"6r22ckgo52pj7xn"},"id":"ushlo7c6k4pv2ai","previousOperationId":"wzvtr6bdsdhi6v9"}
{"type":"log","timestamp":1767180226033,"level":"info","message":"Rendering request 31 finished in 8623 ms","meta":{"rootId":"6r22ckgo52pj7xn","id":"6r22ckgo52pj7xn"},"id":"l7htv7rw2j9vui4","previousOperationId":"wzvtr6bdsdhi6v9"}
{"type":"operationEnd","subtype":"render","operationId":"ciu36g6j8amsrbr","timestamp":1767180226033,"id":"22xfeejarodkcbs","previousEventId":"ceex9idrjyduxiw","previousOperationId":"wzvtr6bdsdhi6v9"}
{"type":"operationEnd","doDiffs":false,"previousEventId":"15l0lz6vpzv6oqj","previousOperationId":"xe6l5xdv4qn0br1","operationId":"xe6l5xdv4qn0br1","timestamp":1767180226038,"id":"hqdifc6ihx6u2fx"}
