{"type":"operationStart","subtype":"profile","data":{"_id":"Ilj6WHl1pbi18Ez0","timestamp":"2025-12-07T17:33:50.448Z","state":"running","mode":"standard","creationDate":"2025-12-07T17:33:50.452Z","modificationDate":"2025-12-07T17:33:50.452Z","shortid":"_lVsYDk","$entitySet":"profiles","timeout":60000},"doDiffs":false,"timestamp":1765128830451,"id":"zee5zll643rj9ee","previousOperationId":null,"operationId":"60kj18ymoqfvc30"}
{"type":"log","level":"info","message":"Render request 30 queued for execution and waiting for available worker","previousOperationId":"60kj18ymoqfvc30","timestamp":1765128830451,"id":"yf8jp56j9rews3v"}
{"type":"operationStart","subtype":"render","name":"anonymous","previousOperationId":"60kj18ymoqfvc30","timestamp":1765128830462,"id":"aqkm3f9z391ea69","previousEventId":"zee5zll643rj9ee","operationId":"15nm3d3u9axgdfs"}
{"type":"log","timestamp":1765128830462,"level":"info","message":"Starting rendering request 30","meta":{"rootId":"6rmaeb51v1byjk3","id":"6rmaeb51v1byjk3"},"id":"vax2417ok16aju4","previousOperationId":"15nm3d3u9axgdfs"}
{"type":"log","timestamp":1765128830462,"level":"info","message":"Rendering anonymous template { recipe: pptx, engine: handlebars }","meta":{"rootId":"6rmaeb51v1byjk3","id":"6rmaeb51v1byjk3"},"id":"czn4w24wd7ropxp","previousOperationId":"15nm3d3u9axgdfs"}
{"type":"log","timestamp":1765128830462,"level":"debug","message":"Inline data specified.","meta":{"rootId":"6rmaeb51v1byjk3","id":"6rmaeb51v1byjk3"},"id":"5kdj4h9t9k0mbj2","previousOperationId":"15nm3d3u9axgdfs"}
{"type":"log","timestamp":1765128830464,"level":"debug","message":"Base url not specified, skipping its injection.","meta":{"rootId":"6rmaeb51v1byjk3","id":"6rmaeb51v1byjk3"},"id":"wvpyaqumgvej64x","previousOperationId":"15nm3d3u9axgdfs"}
{"type":"operationStart","subtype":"engine","name":"handlebars","timestamp":1765128830464,"id":"e5i9avu1eo662ql","previousEventId":"aqkm3f9z391ea69","operationId":"e2xl3lemr7l9o2c","previousOperationId":"15nm3d3u9axgdfs"}
{"type":"log","timestamp":1765128830464,"level":"debug","message":"Rendering engine handlebars","meta":{"rootId":"6rmaeb51v1byjk3","id":"6rmaeb51v1byjk3"},"id":"1gw7kbo26ijvge6","previousOperationId":"e2xl3lemr7l9o2c"}
{"type":"operationEnd","operationId":"e2xl3lemr7l9o2c","timestamp":1765128830536,"id":"bjg6wcwbkdtdcmb","previousEventId":"e5i9avu1eo662ql","previousOperationId":"e2xl3lemr7l9o2c"}
{"type":"operationStart","subtype":"recipe","name":"pptx","timestamp":1765128830536,"id":"sn0qqjopgo9i0bl","previousEventId":"bjg6wcwbkdtdcmb","operationId":"8xp724pjrislwts","previousOperationId":"e2xl3lemr7l9o2c"}
{"type":"log","timestamp":1765128830536,"level":"debug","message":"Executing recipe pptx","meta":{"rootId":"6rmaeb51v1byjk3","id":"6rmaeb51v1byjk3"},"id":"264eaws0zkmnbpb","previousOperationId":"8xp724pjrislwts"}
{"type":"log","timestamp":1765128830536,"level":"info","message":"pptx generation is starting","meta":{"rootId":"6rmaeb51v1byjk3","id":"6rmaeb51v1byjk3"},"id":"2u29rktipzpnu36","previousOperationId":"8xp724pjrislwts"}
{"type":"log","timestamp":1765128830698,"level":"debug","message":"Starting child request to render pptx dynamic parts","meta":{"rootId":"6rmaeb51v1byjk3","id":"6rmaeb51v1byjk3"},"id":"kijyx6s3sqvu7g7","previousOperationId":"8xp724pjrislwts"}
{"type":"operationStart","subtype":"render","name":"anonymous","previousOperationId":"8xp724pjrislwts","timestamp":1765128830699,"id":"9ocw22490llzwpq","previousEventId":"sn0qqjopgo9i0bl","operationId":"m0e464gzu9m1dsj"}
{"type":"log","timestamp":1765128830699,"level":"info","message":"Starting rendering (child) request","meta":{"rootId":"6rmaeb51v1byjk3","id":"06bwuwi0f56z8bj"},"id":"nwew6namkcbr0up","previousOperationId":"m0e464gzu9m1dsj"}
{"type":"log","timestamp":1765128830699,"level":"info","message":"Rendering anonymous template { recipe: html, engine: handlebars }","meta":{"rootId":"6rmaeb51v1byjk3","id":"06bwuwi0f56z8bj"},"id":"tbz6oh3oahqwy1u","previousOperationId":"m0e464gzu9m1dsj"}
{"type":"log","timestamp":1765128830699,"level":"debug","message":"Inline data specified.","meta":{"rootId":"6rmaeb51v1byjk3","id":"06bwuwi0f56z8bj"},"id":"x6x9yuy9gjw8ea9","previousOperationId":"m0e464gzu9m1dsj"}
{"type":"log","timestamp":1765128830707,"level":"debug","message":"Base url not specified, skipping its injection.","meta":{"rootId":"6rmaeb51v1byjk3","id":"06bwuwi0f56z8bj"},"id":"tqrqnn6v2ersuea","previousOperationId":"m0e464gzu9m1dsj"}
{"type":"operationStart","subtype":"engine","name":"handlebars","timestamp":1765128830708,"id":"zvqpbvnln7gq8pb","previousEventId":"9ocw22490llzwpq","operationId":"mm03wpuqvkxm0nj","previousOperationId":"m0e464gzu9m1dsj"}
{"type":"log","timestamp":1765128830708,"level":"debug","message":"Rendering engine handlebars","meta":{"rootId":"6rmaeb51v1byjk3","id":"06bwuwi0f56z8bj"},"id":"1des85irpompbqe","previousOperationId":"mm03wpuqvkxm0nj"}
{"type":"operationEnd","operationId":"mm03wpuqvkxm0nj","timestamp":1765128830746,"id":"b85rw3v70tynpms","previousEventId":"zvqpbvnln7gq8pb","previousOperationId":"mm03wpuqvkxm0nj"}
{"type":"operationStart","subtype":"recipe","name":"html","timestamp":1765128830752,"id":"0dl225wa6ou22p4","previousEventId":"b85rw3v70tynpms","operationId":"bpf9tnnvtq82q9g","previousOperationId":"mm03wpuqvkxm0nj"}
{"type":"log","timestamp":1765128830752,"level":"debug","message":"Executing recipe html","meta":{"rootId":"6rmaeb51v1byjk3","id":"06bwuwi0f56z8bj"},"id":"82aw0css4a3i7w3","previousOperationId":"bpf9tnnvtq82q9g"}
{"type":"operationEnd","operationId":"bpf9tnnvtq82q9g","timestamp":1765128830752,"id":"9k6bbewrmg8fm3e","previousEventId":"0dl225wa6ou22p4","previousOperationId":"bpf9tnnvtq82q9g"}
{"type":"log","timestamp":1765128830752,"level":"debug","message":"Skipping storing report.","meta":{"rootId":"6rmaeb51v1byjk3","id":"06bwuwi0f56z8bj"},"id":"ok2qt7v9ibs9nrz","previousOperationId":"bpf9tnnvtq82q9g"}
{"type":"log","timestamp":1765128830752,"level":"info","message":"Rendering (child) request finished in 304 ms","meta":{"rootId":"6rmaeb51v1byjk3","id":"06bwuwi0f56z8bj"},"id":"9obbak4xw0agcvv","previousOperationId":"bpf9tnnvtq82q9g"}
{"type":"operationEnd","subtype":"render","operationId":"m0e464gzu9m1dsj","timestamp":1765128830752,"id":"s31v5i3dxv6ne34","previousEventId":"9k6bbewrmg8fm3e","previousOperationId":"bpf9tnnvtq82q9g"}
{"type":"log","timestamp":1765128830961,"level":"debug","message":"pptx successfully zipped","meta":{"rootId":"6rmaeb51v1byjk3","id":"6rmaeb51v1byjk3"},"id":"t1mmk98l81qgjjx","previousOperationId":"8xp724pjrislwts"}
{"type":"log","timestamp":1765128830961,"level":"info","message":"pptx generation was finished","meta":{"rootId":"6rmaeb51v1byjk3","id":"6rmaeb51v1byjk3"},"id":"4dr9wby2jvbxfxw","previousOperationId":"8xp724pjrislwts"}
{"type":"operationEnd","operationId":"8xp724pjrislwts","timestamp":1765128830966,"id":"ov5ckrksenclg32","previousEventId":"sn0qqjopgo9i0bl","previousOperationId":"8xp724pjrislwts"}
{"type":"log","timestamp":1765128830966,"level":"debug","message":"Skipping storing report.","meta":{"rootId":"6rmaeb51v1byjk3","id":"6rmaeb51v1byjk3"},"id":"4933148qjk7b1m0","previousOperationId":"8xp724pjrislwts"}
{"type":"log","timestamp":1765128830967,"level":"info","message":"Rendering request 30 finished in 519 ms","meta":{"rootId":"6rmaeb51v1byjk3","id":"6rmaeb51v1byjk3"},"id":"3l697fhe6dvi570","previousOperationId":"8xp724pjrislwts"}
{"type":"operationEnd","subtype":"render","operationId":"15nm3d3u9axgdfs","timestamp":1765128830967,"id":"vhhbwdz4l8p0ee3","previousEventId":"ov5ckrksenclg32","previousOperationId":"8xp724pjrislwts"}
{"type":"operationEnd","doDiffs":false,"previousEventId":"zee5zll643rj9ee","previousOperationId":"60kj18ymoqfvc30","operationId":"60kj18ymoqfvc30","timestamp":1765128830976,"id":"zc7bjw1ikhe7b6z"}
