{"type":"operationStart","subtype":"profile","data":{"_id":"njA64TJcscErSaVO","timestamp":"2025-12-30T18:41:15.593Z","state":"running","mode":"standard","creationDate":"2025-12-30T18:41:15.596Z","modificationDate":"2025-12-30T18:41:15.596Z","shortid":"WPq8hao","$entitySet":"profiles","timeout":60000},"doDiffs":false,"timestamp":1767120075595,"id":"odpwg6r4uu0vpwz","previousOperationId":null,"operationId":"j5ph5uy9utntcpo"}
{"type":"log","level":"info","message":"Render request 7 queued for execution and waiting for available worker","previousOperationId":"j5ph5uy9utntcpo","timestamp":1767120075595,"id":"tmbl15rfyvxhsvi"}
{"type":"operationStart","subtype":"render","name":"anonymous","previousOperationId":"j5ph5uy9utntcpo","timestamp":1767120075634,"id":"h1mkqtcxrg52s7u","previousEventId":"odpwg6r4uu0vpwz","operationId":"jo0lwbjudqww9ik"}
{"type":"log","timestamp":1767120075635,"level":"info","message":"Starting rendering request 7","meta":{"rootId":"6saagd3gag578ph","id":"6saagd3gag578ph"},"id":"q2xx4is7q037ulu","previousOperationId":"jo0lwbjudqww9ik"}
{"type":"log","timestamp":1767120075635,"level":"info","message":"Rendering anonymous template { recipe: pptx, engine: handlebars }","meta":{"rootId":"6saagd3gag578ph","id":"6saagd3gag578ph"},"id":"tvdwhf61zm26qrr","previousOperationId":"jo0lwbjudqww9ik"}
{"type":"log","timestamp":1767120075635,"level":"debug","message":"Inline data specified.","meta":{"rootId":"6saagd3gag578ph","id":"6saagd3gag578ph"},"id":"8oc7nj5x7fj9rbc","previousOperationId":"jo0lwbjudqww9ik"}
{"type":"log","timestamp":1767120075641,"level":"debug","message":"Base url not specified, skipping its injection.","meta":{"rootId":"6saagd3gag578ph","id":"6saagd3gag578ph"},"id":"ugidg08k9aredk9","previousOperationId":"jo0lwbjudqww9ik"}
{"type":"operationStart","subtype":"engine","name":"handlebars","timestamp":1767120075641,"id":"vk8hzzztvwg3sag","previousEventId":"h1mkqtcxrg52s7u","operationId":"ptbjzm8uz91kabp","previousOperationId":"jo0lwbjudqww9ik"}
{"type":"log","timestamp":1767120075641,"level":"debug","message":"Rendering engine handlebars","meta":{"rootId":"6saagd3gag578ph","id":"6saagd3gag578ph"},"id":"yu6jzemedexbt5a","previousOperationId":"ptbjzm8uz91kabp"}
{"type":"operationEnd","operationId":"ptbjzm8uz91kabp","timestamp":1767120075653,"id":"7mzvs7hlptilsp9","previousEventId":"vk8hzzztvwg3sag","previousOperationId":"ptbjzm8uz91kabp"}
{"type":"operationStart","subtype":"recipe","name":"pptx","timestamp":1767120075655,"id":"r1bd2tuu0zxi44p","previousEventId":"7mzvs7hlptilsp9","operationId":"evqxf2f06pzo6ov","previousOperationId":"ptbjzm8uz91kabp"}
{"type":"log","timestamp":1767120075655,"level":"debug","message":"Executing recipe pptx","meta":{"rootId":"6saagd3gag578ph","id":"6saagd3gag578ph"},"id":"fz87c3m6buy5vo3","previousOperationId":"evqxf2f06pzo6ov"}
{"type":"log","timestamp":1767120075676,"level":"info","message":"pptx generation is starting","meta":{"rootId":"6saagd3gag578ph","id":"6saagd3gag578ph"},"id":"qqni2nmgoji4hkm","previousOperationId":"evqxf2f06pzo6ov"}
{"type":"log","timestamp":1767120076804,"level":"debug","message":"Starting child request to render pptx dynamic parts","meta":{"rootId":"6saagd3gag578ph","id":"6saagd3gag578ph"},"id":"6doga26ckk490wn","previousOperationId":"evqxf2f06pzo6ov"}
{"type":"operationStart","subtype":"render","name":"anonymous","previousOperationId":"evqxf2f06pzo6ov","timestamp":1767120076805,"id":"2y1nvw4qkawarr4","previousEventId":"r1bd2tuu0zxi44p","operationId":"xj0seuv2kthcprl"}
{"type":"log","timestamp":1767120076805,"level":"info","message":"Starting rendering (child) request","meta":{"rootId":"6saagd3gag578ph","id":"9rqhrxij5qxhyjt"},"id":"jskloubv91zd7r9","previousOperationId":"xj0seuv2kthcprl"}
{"type":"log","timestamp":1767120076805,"level":"info","message":"Rendering anonymous template { recipe: html, engine: handlebars }","meta":{"rootId":"6saagd3gag578ph","id":"9rqhrxij5qxhyjt"},"id":"l29ahs4ty9su57v","previousOperationId":"xj0seuv2kthcprl"}
{"type":"log","timestamp":1767120076805,"level":"debug","message":"Inline data specified.","meta":{"rootId":"6saagd3gag578ph","id":"9rqhrxij5qxhyjt"},"id":"81d0xkhiy11p93g","previousOperationId":"xj0seuv2kthcprl"}
{"type":"log","timestamp":1767120076809,"level":"debug","message":"Base url not specified, skipping its injection.","meta":{"rootId":"6saagd3gag578ph","id":"9rqhrxij5qxhyjt"},"id":"6r9laqfchnrkuu2","previousOperationId":"xj0seuv2kthcprl"}
{"type":"operationStart","subtype":"engine","name":"handlebars","timestamp":1767120076811,"id":"xlrqhw3z4oz2b3c","previousEventId":"2y1nvw4qkawarr4","operationId":"1x37th7tp82y69j","previousOperationId":"xj0seuv2kthcprl"}
{"type":"log","timestamp":1767120076811,"level":"debug","message":"Rendering engine handlebars","meta":{"rootId":"6saagd3gag578ph","id":"9rqhrxij5qxhyjt"},"id":"tt88brj7puyxr42","previousOperationId":"1x37th7tp82y69j"}
{"type":"log","timestamp":1767120076930,"level":"debug","message":"(console:log) {\n  type: 'echarts@v5a',\n  width: 848,\n  height: 409,\n  option: { radar: [ [Object] ], series: [ [Object] ] }\n}","meta":{"userLevel":true,"rootId":"6saagd3gag578ph","id":"9rqhrxij5qxhyjt"},"id":"vhl0or023curxnz","previousOperationId":"1x37th7tp82y69j"}
{"type":"operationEnd","operationId":"1x37th7tp82y69j","timestamp":1767120076938,"id":"flndg9dd1flncpc","previousEventId":"xlrqhw3z4oz2b3c","previousOperationId":"1x37th7tp82y69j"}
{"type":"operationStart","subtype":"recipe","name":"html","timestamp":1767120076949,"id":"a97braepylv5k93","previousEventId":"flndg9dd1flncpc","operationId":"ilf50r8bjn8pxcq","previousOperationId":"1x37th7tp82y69j"}
{"type":"log","timestamp":1767120076949,"level":"debug","message":"Executing recipe html","meta":{"rootId":"6saagd3gag578ph","id":"9rqhrxij5qxhyjt"},"id":"is0cgox3qc2mzv4","previousOperationId":"ilf50r8bjn8pxcq"}
{"type":"operationEnd","operationId":"ilf50r8bjn8pxcq","timestamp":1767120076949,"id":"els4gq545qfccvk","previousEventId":"a97braepylv5k93","previousOperationId":"ilf50r8bjn8pxcq"}
{"type":"log","timestamp":1767120076949,"level":"debug","message":"Skipping storing report.","meta":{"rootId":"6saagd3gag578ph","id":"9rqhrxij5qxhyjt"},"id":"n93mj5r6wbmb066","previousOperationId":"ilf50r8bjn8pxcq"}
{"type":"log","timestamp":1767120076949,"level":"info","message":"Rendering (child) request finished in 1357 ms","meta":{"rootId":"6saagd3gag578ph","id":"9rqhrxij5qxhyjt"},"id":"dpwdvsegc3f9hx4","previousOperationId":"ilf50r8bjn8pxcq"}
{"type":"operationEnd","subtype":"render","operationId":"xj0seuv2kthcprl","timestamp":1767120076949,"id":"0wp4njw49z28jdh","previousEventId":"els4gq545qfccvk","previousOperationId":"ilf50r8bjn8pxcq"}
{"type":"log","timestamp":1767120080518,"level":"debug","message":"pptx successfully zipped","meta":{"rootId":"6saagd3gag578ph","id":"6saagd3gag578ph"},"id":"ieiemkv0xn75gx3","previousOperationId":"evqxf2f06pzo6ov"}
{"type":"log","timestamp":1767120080518,"level":"info","message":"pptx generation was finished","meta":{"rootId":"6saagd3gag578ph","id":"6saagd3gag578ph"},"id":"jae2jnxnaoqql9l","previousOperationId":"evqxf2f06pzo6ov"}
{"type":"operationEnd","operationId":"evqxf2f06pzo6ov","timestamp":1767120080527,"id":"f0w4ux6ctq8lg2z","previousEventId":"r1bd2tuu0zxi44p","previousOperationId":"evqxf2f06pzo6ov"}
{"type":"log","timestamp":1767120080527,"level":"debug","message":"Skipping storing report.","meta":{"rootId":"6saagd3gag578ph","id":"6saagd3gag578ph"},"id":"icslbi1gwezukr5","previousOperationId":"evqxf2f06pzo6ov"}
{"type":"log","timestamp":1767120080527,"level":"info","message":"Rendering request 7 finished in 4935 ms","meta":{"rootId":"6saagd3gag578ph","id":"6saagd3gag578ph"},"id":"6ji4hyp30y7e6m4","previousOperationId":"evqxf2f06pzo6ov"}
{"type":"operationEnd","subtype":"render","operationId":"jo0lwbjudqww9ik","timestamp":1767120080527,"id":"jto2nf7tkrqo3fj","previousEventId":"f0w4ux6ctq8lg2z","previousOperationId":"evqxf2f06pzo6ov"}
{"type":"operationEnd","doDiffs":false,"previousEventId":"odpwg6r4uu0vpwz","previousOperationId":"j5ph5uy9utntcpo","operationId":"j5ph5uy9utntcpo","timestamp":1767120080532,"id":"ickqlblb5huj6rr"}
