{"type":"operationStart","subtype":"profile","data":{"_id":"blIqfsG46Gz2v1Qm","timestamp":"2025-12-30T19:00:01.640Z","state":"running","mode":"standard","creationDate":"2025-12-30T19:00:01.642Z","modificationDate":"2025-12-30T19:00:01.642Z","shortid":"XXKLvVh","$entitySet":"profiles","timeout":60000},"doDiffs":false,"timestamp":1767121201641,"id":"j1tw5dvigczuy6z","previousOperationId":null,"operationId":"dewo8afaj44ubxq"}
{"type":"log","level":"info","message":"Render request 18 queued for execution and waiting for available worker","previousOperationId":"dewo8afaj44ubxq","timestamp":1767121201642,"id":"c6y7zhi4p89hc0y"}
{"type":"operationStart","subtype":"render","name":"anonymous","previousOperationId":"dewo8afaj44ubxq","timestamp":1767121201690,"id":"672wo1qm1yy9ysc","previousEventId":"j1tw5dvigczuy6z","operationId":"b8829k23im63wk4"}
{"type":"log","timestamp":1767121201691,"level":"info","message":"Starting rendering request 18","meta":{"rootId":"6t3qsb2dxu77m5e","id":"6t3qsb2dxu77m5e"},"id":"13cyoqtqs4sul14","previousOperationId":"b8829k23im63wk4"}
{"type":"log","timestamp":1767121201691,"level":"info","message":"Rendering anonymous template { recipe: pptx, engine: handlebars }","meta":{"rootId":"6t3qsb2dxu77m5e","id":"6t3qsb2dxu77m5e"},"id":"1iugmudqf6f2iy2","previousOperationId":"b8829k23im63wk4"}
{"type":"log","timestamp":1767121201691,"level":"debug","message":"Inline data specified.","meta":{"rootId":"6t3qsb2dxu77m5e","id":"6t3qsb2dxu77m5e"},"id":"m7319a28evznffh","previousOperationId":"b8829k23im63wk4"}
{"type":"log","timestamp":1767121201695,"level":"debug","message":"Base url not specified, skipping its injection.","meta":{"rootId":"6t3qsb2dxu77m5e","id":"6t3qsb2dxu77m5e"},"id":"62m1ixlavdk1mtz","previousOperationId":"b8829k23im63wk4"}
{"type":"operationStart","subtype":"engine","name":"handlebars","timestamp":1767121201696,"id":"u7pkr622lqyfduc","previousEventId":"672wo1qm1yy9ysc","operationId":"f8guvbvnc5hx1tx","previousOperationId":"b8829k23im63wk4"}
{"type":"log","timestamp":1767121201696,"level":"debug","message":"Rendering engine handlebars","meta":{"rootId":"6t3qsb2dxu77m5e","id":"6t3qsb2dxu77m5e"},"id":"3tojatqr0nqhmdx","previousOperationId":"f8guvbvnc5hx1tx"}
{"type":"operationEnd","operationId":"f8guvbvnc5hx1tx","timestamp":1767121201707,"id":"mr9ymae0xqhg8q6","previousEventId":"u7pkr622lqyfduc","previousOperationId":"f8guvbvnc5hx1tx"}
{"type":"operationStart","subtype":"recipe","name":"pptx","timestamp":1767121201708,"id":"7chq68kb6xjsktd","previousEventId":"mr9ymae0xqhg8q6","operationId":"zxq7r20td6f9awu","previousOperationId":"f8guvbvnc5hx1tx"}
{"type":"log","timestamp":1767121201708,"level":"debug","message":"Executing recipe pptx","meta":{"rootId":"6t3qsb2dxu77m5e","id":"6t3qsb2dxu77m5e"},"id":"ddepj7d1iyw15ur","previousOperationId":"zxq7r20td6f9awu"}
{"type":"log","timestamp":1767121201722,"level":"info","message":"pptx generation is starting","meta":{"rootId":"6t3qsb2dxu77m5e","id":"6t3qsb2dxu77m5e"},"id":"cnklv5vjn1ngaa4","previousOperationId":"zxq7r20td6f9awu"}
{"type":"log","timestamp":1767121202944,"level":"debug","message":"Starting child request to render pptx dynamic parts","meta":{"rootId":"6t3qsb2dxu77m5e","id":"6t3qsb2dxu77m5e"},"id":"xpbsuwlnh6oowrz","previousOperationId":"zxq7r20td6f9awu"}
{"type":"operationStart","subtype":"render","name":"anonymous","previousOperationId":"zxq7r20td6f9awu","timestamp":1767121202944,"id":"oe5vwg4cg05bxqj","previousEventId":"7chq68kb6xjsktd","operationId":"jiloook5keelv6j"}
{"type":"log","timestamp":1767121202944,"level":"info","message":"Starting rendering (child) request","meta":{"rootId":"6t3qsb2dxu77m5e","id":"vg6w2tv7pqyrlt7"},"id":"bzsc9t6clmkuiog","previousOperationId":"jiloook5keelv6j"}
{"type":"log","timestamp":1767121202944,"level":"info","message":"Rendering anonymous template { recipe: html, engine: handlebars }","meta":{"rootId":"6t3qsb2dxu77m5e","id":"vg6w2tv7pqyrlt7"},"id":"bra7t6k8o4nq8ff","previousOperationId":"jiloook5keelv6j"}
{"type":"log","timestamp":1767121202944,"level":"debug","message":"Inline data specified.","meta":{"rootId":"6t3qsb2dxu77m5e","id":"vg6w2tv7pqyrlt7"},"id":"86ly4f2pz31rcat","previousOperationId":"jiloook5keelv6j"}
{"type":"log","timestamp":1767121202949,"level":"debug","message":"Base url not specified, skipping its injection.","meta":{"rootId":"6t3qsb2dxu77m5e","id":"vg6w2tv7pqyrlt7"},"id":"duo19ar2f0bom42","previousOperationId":"jiloook5keelv6j"}
{"type":"operationStart","subtype":"engine","name":"handlebars","timestamp":1767121202950,"id":"rmkaih9j9yvczzt","previousEventId":"oe5vwg4cg05bxqj","operationId":"ndqhleincpyk5d5","previousOperationId":"jiloook5keelv6j"}
{"type":"log","timestamp":1767121202950,"level":"debug","message":"Rendering engine handlebars","meta":{"rootId":"6t3qsb2dxu77m5e","id":"vg6w2tv7pqyrlt7"},"id":"dqhzi4lsxhbxxbk","previousOperationId":"ndqhleincpyk5d5"}
{"type":"log","timestamp":1767121203097,"level":"debug","message":"(console:log) {\n  type: 'echarts@v5a',\n  width: 848,\n  height: 409,\n  option: { radar: [ [Object] ], series: [ [Object] ] }\n}","meta":{"userLevel":true,"rootId":"6t3qsb2dxu77m5e","id":"vg6w2tv7pqyrlt7"},"id":"fb66bxp9vmp4du7","previousOperationId":"ndqhleincpyk5d5"}
{"type":"operationEnd","operationId":"ndqhleincpyk5d5","timestamp":1767121203108,"id":"j7fd55i52j17gcm","previousEventId":"rmkaih9j9yvczzt","previousOperationId":"ndqhleincpyk5d5"}
{"type":"operationStart","subtype":"recipe","name":"html","timestamp":1767121203124,"id":"1tdeqbzil6hzx6e","previousEventId":"j7fd55i52j17gcm","operationId":"yaccn92nh533bgw","previousOperationId":"ndqhleincpyk5d5"}
{"type":"log","timestamp":1767121203124,"level":"debug","message":"Executing recipe html","meta":{"rootId":"6t3qsb2dxu77m5e","id":"vg6w2tv7pqyrlt7"},"id":"yr9mreeu07004g5","previousOperationId":"yaccn92nh533bgw"}
{"type":"operationEnd","operationId":"yaccn92nh533bgw","timestamp":1767121203124,"id":"gkd9qpkoj6lkpvj","previousEventId":"1tdeqbzil6hzx6e","previousOperationId":"yaccn92nh533bgw"}
{"type":"log","timestamp":1767121203124,"level":"debug","message":"Skipping storing report.","meta":{"rootId":"6t3qsb2dxu77m5e","id":"vg6w2tv7pqyrlt7"},"id":"juq539gthkbxp5y","previousOperationId":"yaccn92nh533bgw"}
{"type":"log","timestamp":1767121203124,"level":"info","message":"Rendering (child) request finished in 1485 ms","meta":{"rootId":"6t3qsb2dxu77m5e","id":"vg6w2tv7pqyrlt7"},"id":"21qphifadlrnwq9","previousOperationId":"yaccn92nh533bgw"}
{"type":"operationEnd","subtype":"render","operationId":"jiloook5keelv6j","timestamp":1767121203124,"id":"mqs5h0vlfz6i0oz","previousEventId":"gkd9qpkoj6lkpvj","previousOperationId":"yaccn92nh533bgw"}
{"type":"log","timestamp":1767121206920,"level":"debug","message":"pptx successfully zipped","meta":{"rootId":"6t3qsb2dxu77m5e","id":"6t3qsb2dxu77m5e"},"id":"fxr9yej1b377yib","previousOperationId":"zxq7r20td6f9awu"}
{"type":"log","timestamp":1767121206920,"level":"info","message":"pptx generation was finished","meta":{"rootId":"6t3qsb2dxu77m5e","id":"6t3qsb2dxu77m5e"},"id":"pttbm029o8iqb0c","previousOperationId":"zxq7r20td6f9awu"}
{"type":"operationEnd","operationId":"zxq7r20td6f9awu","timestamp":1767121206928,"id":"7dt1orkc3ngy7mk","previousEventId":"7chq68kb6xjsktd","previousOperationId":"zxq7r20td6f9awu"}
{"type":"log","timestamp":1767121206928,"level":"debug","message":"Skipping storing report.","meta":{"rootId":"6t3qsb2dxu77m5e","id":"6t3qsb2dxu77m5e"},"id":"7l392py7p88qfra","previousOperationId":"zxq7r20td6f9awu"}
{"type":"log","timestamp":1767121206928,"level":"info","message":"Rendering request 18 finished in 5289 ms","meta":{"rootId":"6t3qsb2dxu77m5e","id":"6t3qsb2dxu77m5e"},"id":"zi0zyimf1z2n5uq","previousOperationId":"zxq7r20td6f9awu"}
{"type":"operationEnd","subtype":"render","operationId":"b8829k23im63wk4","timestamp":1767121206928,"id":"emxzzjddvz4kyrn","previousEventId":"7dt1orkc3ngy7mk","previousOperationId":"zxq7r20td6f9awu"}
{"type":"operationEnd","doDiffs":false,"previousEventId":"j1tw5dvigczuy6z","previousOperationId":"dewo8afaj44ubxq","operationId":"dewo8afaj44ubxq","timestamp":1767121206932,"id":"ylrupcvc9zxaf5f"}
