{"type":"operationStart","subtype":"profile","data":{"_id":"jbXQMdrqgjvpBYlg","timestamp":"2025-12-26T20:43:55.221Z","state":"running","mode":"standard","creationDate":"2025-12-26T20:43:55.229Z","modificationDate":"2025-12-26T20:43:55.229Z","shortid":"JkzueBX","$entitySet":"profiles","timeout":60000},"doDiffs":false,"timestamp":1766781835226,"id":"csph54n66r55qz7","previousOperationId":null,"operationId":"6wityhh735labpu"}
{"type":"log","level":"info","message":"Render request 1 queued for execution and waiting for available worker","previousOperationId":"6wityhh735labpu","timestamp":1766781835226,"id":"1nve7bwl9hr71ir"}
{"type":"operationStart","subtype":"render","name":"anonymous","previousOperationId":"6wityhh735labpu","timestamp":1766781835309,"id":"lpzkrc1dre4vcq0","previousEventId":"csph54n66r55qz7","operationId":"35dbssy9wzjb13w"}
{"type":"log","timestamp":1766781835311,"level":"info","message":"Starting rendering request 1","meta":{"rootId":"6tqzlk0ho7fimr1","id":"6tqzlk0ho7fimr1"},"id":"n4abolh9ogyps74","previousOperationId":"35dbssy9wzjb13w"}
{"type":"log","timestamp":1766781835313,"level":"info","message":"Rendering anonymous template { recipe: pptx, engine: handlebars }","meta":{"rootId":"6tqzlk0ho7fimr1","id":"6tqzlk0ho7fimr1"},"id":"6ikjf56mqadwry0","previousOperationId":"35dbssy9wzjb13w"}
{"type":"log","timestamp":1766781835314,"level":"debug","message":"Inline data specified.","meta":{"rootId":"6tqzlk0ho7fimr1","id":"6tqzlk0ho7fimr1"},"id":"87136fceu5k93qg","previousOperationId":"35dbssy9wzjb13w"}
{"type":"log","timestamp":1766781835321,"level":"debug","message":"Base url not specified, skipping its injection.","meta":{"rootId":"6tqzlk0ho7fimr1","id":"6tqzlk0ho7fimr1"},"id":"53owo7k6n3gqu2v","previousOperationId":"35dbssy9wzjb13w"}
{"type":"operationStart","subtype":"engine","name":"handlebars","timestamp":1766781835324,"id":"gf702xuwrho4731","previousEventId":"lpzkrc1dre4vcq0","operationId":"6uyv8716y04p0uu","previousOperationId":"35dbssy9wzjb13w"}
{"type":"log","timestamp":1766781835324,"level":"debug","message":"Rendering engine handlebars","meta":{"rootId":"6tqzlk0ho7fimr1","id":"6tqzlk0ho7fimr1"},"id":"5k35swzka4i7j7k","previousOperationId":"6uyv8716y04p0uu"}
{"type":"operationEnd","operationId":"6uyv8716y04p0uu","timestamp":1766781836567,"id":"3uhnibs33z2l0wd","previousEventId":"gf702xuwrho4731","previousOperationId":"6uyv8716y04p0uu"}
{"type":"operationStart","subtype":"recipe","name":"pptx","timestamp":1766781836568,"id":"o1s59lry4jymjuu","previousEventId":"3uhnibs33z2l0wd","operationId":"0cnonphap8xmcve","previousOperationId":"6uyv8716y04p0uu"}
{"type":"log","timestamp":1766781836568,"level":"debug","message":"Executing recipe pptx","meta":{"rootId":"6tqzlk0ho7fimr1","id":"6tqzlk0ho7fimr1"},"id":"igazy4jirkc043j","previousOperationId":"0cnonphap8xmcve"}
{"type":"log","timestamp":1766781836813,"level":"info","message":"pptx generation is starting","meta":{"rootId":"6tqzlk0ho7fimr1","id":"6tqzlk0ho7fimr1"},"id":"hvq2ev25tf05cn9","previousOperationId":"0cnonphap8xmcve"}
{"type":"log","timestamp":1766781838558,"level":"debug","message":"Starting child request to render pptx dynamic parts","meta":{"rootId":"6tqzlk0ho7fimr1","id":"6tqzlk0ho7fimr1"},"id":"kduco5dxiw3jwx1","previousOperationId":"0cnonphap8xmcve"}
{"type":"operationStart","subtype":"render","name":"anonymous","previousOperationId":"0cnonphap8xmcve","timestamp":1766781838560,"id":"s9zgruxocfbq5vb","previousEventId":"o1s59lry4jymjuu","operationId":"m7mcbm79djofivd"}
{"type":"log","timestamp":1766781838560,"level":"info","message":"Starting rendering (child) request","meta":{"rootId":"6tqzlk0ho7fimr1","id":"ev0w3u05w38zuay"},"id":"aqzffc3l2l0jmg4","previousOperationId":"m7mcbm79djofivd"}
{"type":"log","timestamp":1766781838560,"level":"info","message":"Rendering anonymous template { recipe: html, engine: handlebars }","meta":{"rootId":"6tqzlk0ho7fimr1","id":"ev0w3u05w38zuay"},"id":"7l9h3tphdqq19sz","previousOperationId":"m7mcbm79djofivd"}
{"type":"log","timestamp":1766781838560,"level":"debug","message":"Inline data specified.","meta":{"rootId":"6tqzlk0ho7fimr1","id":"ev0w3u05w38zuay"},"id":"2rxnqh5jixapqkg","previousOperationId":"m7mcbm79djofivd"}
{"type":"log","timestamp":1766781838568,"level":"debug","message":"Base url not specified, skipping its injection.","meta":{"rootId":"6tqzlk0ho7fimr1","id":"ev0w3u05w38zuay"},"id":"lwtqxzcvomxoeiy","previousOperationId":"m7mcbm79djofivd"}
{"type":"operationStart","subtype":"engine","name":"handlebars","timestamp":1766781838570,"id":"f20cnvig5jn7qg4","previousEventId":"s9zgruxocfbq5vb","operationId":"8owg1vfdmxb6hs3","previousOperationId":"m7mcbm79djofivd"}
{"type":"log","timestamp":1766781838570,"level":"debug","message":"Rendering engine handlebars","meta":{"rootId":"6tqzlk0ho7fimr1","id":"ev0w3u05w38zuay"},"id":"wrttr6faserz4oe","previousOperationId":"8owg1vfdmxb6hs3"}
{"type":"operationEnd","operationId":"8owg1vfdmxb6hs3","timestamp":1766781838748,"id":"7bmt6zff5jszhng","previousEventId":"f20cnvig5jn7qg4","previousOperationId":"8owg1vfdmxb6hs3"}
{"type":"operationStart","subtype":"recipe","name":"html","timestamp":1766781838762,"id":"keigwczobgz6no8","previousEventId":"7bmt6zff5jszhng","operationId":"bjs7vxrwos91zyd","previousOperationId":"8owg1vfdmxb6hs3"}
{"type":"log","timestamp":1766781838762,"level":"debug","message":"Executing recipe html","meta":{"rootId":"6tqzlk0ho7fimr1","id":"ev0w3u05w38zuay"},"id":"jgjt49wafh9cphj","previousOperationId":"bjs7vxrwos91zyd"}
{"type":"operationEnd","operationId":"bjs7vxrwos91zyd","timestamp":1766781838762,"id":"96121fmnm739y1i","previousEventId":"keigwczobgz6no8","previousOperationId":"bjs7vxrwos91zyd"}
{"type":"log","timestamp":1766781838763,"level":"debug","message":"Skipping storing report.","meta":{"rootId":"6tqzlk0ho7fimr1","id":"ev0w3u05w38zuay"},"id":"mxblrhkh16xt4qb","previousOperationId":"bjs7vxrwos91zyd"}
{"type":"log","timestamp":1766781838763,"level":"info","message":"Rendering (child) request finished in 3546 ms","meta":{"rootId":"6tqzlk0ho7fimr1","id":"ev0w3u05w38zuay"},"id":"l72wfrt5duyyevf","previousOperationId":"bjs7vxrwos91zyd"}
{"type":"operationEnd","subtype":"render","operationId":"m7mcbm79djofivd","timestamp":1766781838763,"id":"y5de2mhhx28930o","previousEventId":"96121fmnm739y1i","previousOperationId":"bjs7vxrwos91zyd"}
{"type":"log","timestamp":1766781845018,"level":"debug","message":"pptx successfully zipped","meta":{"rootId":"6tqzlk0ho7fimr1","id":"6tqzlk0ho7fimr1"},"id":"asxcjtgu14r3dgq","previousOperationId":"0cnonphap8xmcve"}
{"type":"log","timestamp":1766781845018,"level":"info","message":"pptx generation was finished","meta":{"rootId":"6tqzlk0ho7fimr1","id":"6tqzlk0ho7fimr1"},"id":"m3413lhylp8vpik","previousOperationId":"0cnonphap8xmcve"}
{"type":"operationEnd","operationId":"0cnonphap8xmcve","timestamp":1766781845034,"id":"y6jivhn65gmctud","previousEventId":"o1s59lry4jymjuu","previousOperationId":"0cnonphap8xmcve"}
{"type":"log","timestamp":1766781845034,"level":"debug","message":"Skipping storing report.","meta":{"rootId":"6tqzlk0ho7fimr1","id":"6tqzlk0ho7fimr1"},"id":"6u2z5k4vmwsgjme","previousOperationId":"0cnonphap8xmcve"}
{"type":"log","timestamp":1766781845034,"level":"info","message":"Rendering request 1 finished in 9817 ms","meta":{"rootId":"6tqzlk0ho7fimr1","id":"6tqzlk0ho7fimr1"},"id":"srk8xgbz6rrltsw","previousOperationId":"0cnonphap8xmcve"}
{"type":"operationEnd","subtype":"render","operationId":"35dbssy9wzjb13w","timestamp":1766781845034,"id":"6kmtwezuox65hhy","previousEventId":"y6jivhn65gmctud","previousOperationId":"0cnonphap8xmcve"}
{"type":"operationEnd","doDiffs":false,"previousEventId":"csph54n66r55qz7","previousOperationId":"6wityhh735labpu","operationId":"6wityhh735labpu","timestamp":1766781845040,"id":"f1bleikgv6ucshd"}
