{"type":"operationStart","subtype":"profile","data":{"_id":"EK45Bs0tJBgWTcUz","timestamp":"2025-12-26T12:44:19.546Z","state":"running","mode":"standard","creationDate":"2025-12-26T12:44:19.555Z","modificationDate":"2025-12-26T12:44:19.555Z","shortid":"xhSq6i7","$entitySet":"profiles","timeout":60000},"doDiffs":false,"timestamp":1766753059549,"id":"gh6rgtdgztii8qo","previousOperationId":null,"operationId":"b6jv1nri1nwf2ya"}
{"type":"log","level":"info","message":"Render request 4 queued for execution and waiting for available worker","previousOperationId":"b6jv1nri1nwf2ya","timestamp":1766753059550,"id":"jp0oksg35f8r1tv"}
{"type":"operationStart","subtype":"render","name":"anonymous","previousOperationId":"b6jv1nri1nwf2ya","timestamp":1766753059616,"id":"u23y7evi070fgfu","previousEventId":"gh6rgtdgztii8qo","operationId":"cixogb6sn33jmi8"}
{"type":"log","timestamp":1766753059616,"level":"info","message":"Starting rendering request 4","meta":{"rootId":"6wcf0gmbzuzyvj0","id":"6wcf0gmbzuzyvj0"},"id":"r61y5glhojdaj8l","previousOperationId":"cixogb6sn33jmi8"}
{"type":"log","timestamp":1766753059617,"level":"info","message":"Rendering anonymous template { recipe: pptx, engine: handlebars }","meta":{"rootId":"6wcf0gmbzuzyvj0","id":"6wcf0gmbzuzyvj0"},"id":"1iffdshhhqmca37","previousOperationId":"cixogb6sn33jmi8"}
{"type":"log","timestamp":1766753059617,"level":"debug","message":"Inline data specified.","meta":{"rootId":"6wcf0gmbzuzyvj0","id":"6wcf0gmbzuzyvj0"},"id":"zl4g7u4mkzaj9xx","previousOperationId":"cixogb6sn33jmi8"}
{"type":"log","timestamp":1766753059625,"level":"debug","message":"Base url not specified, skipping its injection.","meta":{"rootId":"6wcf0gmbzuzyvj0","id":"6wcf0gmbzuzyvj0"},"id":"f404eqq2h9ma3zy","previousOperationId":"cixogb6sn33jmi8"}
{"type":"operationStart","subtype":"engine","name":"handlebars","timestamp":1766753059626,"id":"m42iuf7aquwkrf0","previousEventId":"u23y7evi070fgfu","operationId":"m1xltbacxl5nwsj","previousOperationId":"cixogb6sn33jmi8"}
{"type":"log","timestamp":1766753059626,"level":"debug","message":"Rendering engine handlebars","meta":{"rootId":"6wcf0gmbzuzyvj0","id":"6wcf0gmbzuzyvj0"},"id":"8pnupgp3ukusedx","previousOperationId":"m1xltbacxl5nwsj"}
{"type":"operationEnd","operationId":"m1xltbacxl5nwsj","timestamp":1766753059645,"id":"0bjj32kfdaqik1h","previousEventId":"m42iuf7aquwkrf0","previousOperationId":"m1xltbacxl5nwsj"}
{"type":"operationStart","subtype":"recipe","name":"pptx","timestamp":1766753059646,"id":"cyuvfolro5xa4ze","previousEventId":"0bjj32kfdaqik1h","operationId":"2fb6hinzkq83qv4","previousOperationId":"m1xltbacxl5nwsj"}
{"type":"log","timestamp":1766753059646,"level":"debug","message":"Executing recipe pptx","meta":{"rootId":"6wcf0gmbzuzyvj0","id":"6wcf0gmbzuzyvj0"},"id":"zwybp8hmdr55me8","previousOperationId":"2fb6hinzkq83qv4"}
{"type":"log","timestamp":1766753059686,"level":"info","message":"pptx generation is starting","meta":{"rootId":"6wcf0gmbzuzyvj0","id":"6wcf0gmbzuzyvj0"},"id":"dpk5eckk6goc68a","previousOperationId":"2fb6hinzkq83qv4"}
{"type":"log","timestamp":1766753061384,"level":"debug","message":"Starting child request to render pptx dynamic parts","meta":{"rootId":"6wcf0gmbzuzyvj0","id":"6wcf0gmbzuzyvj0"},"id":"9mvj5gdsxe381kt","previousOperationId":"2fb6hinzkq83qv4"}
{"type":"operationStart","subtype":"render","name":"anonymous","previousOperationId":"2fb6hinzkq83qv4","timestamp":1766753061385,"id":"618nwuepv0yf7dp","previousEventId":"cyuvfolro5xa4ze","operationId":"52jo9qclrrwp413"}
{"type":"log","timestamp":1766753061385,"level":"info","message":"Starting rendering (child) request","meta":{"rootId":"6wcf0gmbzuzyvj0","id":"ylooazqj14gzb6t"},"id":"oib1y2s615o9ed4","previousOperationId":"52jo9qclrrwp413"}
{"type":"log","timestamp":1766753061385,"level":"info","message":"Rendering anonymous template { recipe: html, engine: handlebars }","meta":{"rootId":"6wcf0gmbzuzyvj0","id":"ylooazqj14gzb6t"},"id":"epnodm258zggzvy","previousOperationId":"52jo9qclrrwp413"}
{"type":"log","timestamp":1766753061385,"level":"debug","message":"Inline data specified.","meta":{"rootId":"6wcf0gmbzuzyvj0","id":"ylooazqj14gzb6t"},"id":"du8eymm0mi2jv8g","previousOperationId":"52jo9qclrrwp413"}
{"type":"log","timestamp":1766753061393,"level":"debug","message":"Base url not specified, skipping its injection.","meta":{"rootId":"6wcf0gmbzuzyvj0","id":"ylooazqj14gzb6t"},"id":"hck7dg2lxtl4xwa","previousOperationId":"52jo9qclrrwp413"}
{"type":"operationStart","subtype":"engine","name":"handlebars","timestamp":1766753061395,"id":"ulikkmbwlgfwp7z","previousEventId":"618nwuepv0yf7dp","operationId":"xvkx97ficmswstb","previousOperationId":"52jo9qclrrwp413"}
{"type":"log","timestamp":1766753061395,"level":"debug","message":"Rendering engine handlebars","meta":{"rootId":"6wcf0gmbzuzyvj0","id":"ylooazqj14gzb6t"},"id":"1o8e3zr3rgfx4n4","previousOperationId":"xvkx97ficmswstb"}
{"type":"operationEnd","operationId":"xvkx97ficmswstb","timestamp":1766753061561,"id":"5epqhaovx2di4iv","previousEventId":"ulikkmbwlgfwp7z","previousOperationId":"xvkx97ficmswstb"}
{"type":"operationStart","subtype":"recipe","name":"html","timestamp":1766753061576,"id":"zo9wmerl7ywogjs","previousEventId":"5epqhaovx2di4iv","operationId":"46586fdgwpj905l","previousOperationId":"xvkx97ficmswstb"}
{"type":"log","timestamp":1766753061576,"level":"debug","message":"Executing recipe html","meta":{"rootId":"6wcf0gmbzuzyvj0","id":"ylooazqj14gzb6t"},"id":"tilahe2899xz5s5","previousOperationId":"46586fdgwpj905l"}
{"type":"operationEnd","operationId":"46586fdgwpj905l","timestamp":1766753061576,"id":"gpvaems4wahs6zd","previousEventId":"zo9wmerl7ywogjs","previousOperationId":"46586fdgwpj905l"}
{"type":"log","timestamp":1766753061576,"level":"debug","message":"Skipping storing report.","meta":{"rootId":"6wcf0gmbzuzyvj0","id":"ylooazqj14gzb6t"},"id":"p8vhcaz20fgrbb9","previousOperationId":"46586fdgwpj905l"}
{"type":"log","timestamp":1766753061576,"level":"info","message":"Rendering (child) request finished in 2030 ms","meta":{"rootId":"6wcf0gmbzuzyvj0","id":"ylooazqj14gzb6t"},"id":"csnrkchxtzj74aj","previousOperationId":"46586fdgwpj905l"}
{"type":"operationEnd","subtype":"render","operationId":"52jo9qclrrwp413","timestamp":1766753061576,"id":"ia21ntnr9w72svo","previousEventId":"gpvaems4wahs6zd","previousOperationId":"46586fdgwpj905l"}
{"type":"log","timestamp":1766753068096,"level":"debug","message":"pptx successfully zipped","meta":{"rootId":"6wcf0gmbzuzyvj0","id":"6wcf0gmbzuzyvj0"},"id":"2scrtvi64t16te5","previousOperationId":"2fb6hinzkq83qv4"}
{"type":"log","timestamp":1766753068096,"level":"info","message":"pptx generation was finished","meta":{"rootId":"6wcf0gmbzuzyvj0","id":"6wcf0gmbzuzyvj0"},"id":"uuipdb1wiyi31ev","previousOperationId":"2fb6hinzkq83qv4"}
{"type":"operationEnd","operationId":"2fb6hinzkq83qv4","timestamp":1766753068106,"id":"txl3sh1gfkk0znv","previousEventId":"cyuvfolro5xa4ze","previousOperationId":"2fb6hinzkq83qv4"}
{"type":"log","timestamp":1766753068106,"level":"debug","message":"Skipping storing report.","meta":{"rootId":"6wcf0gmbzuzyvj0","id":"6wcf0gmbzuzyvj0"},"id":"qixj9e41m2rs07s","previousOperationId":"2fb6hinzkq83qv4"}
{"type":"log","timestamp":1766753068106,"level":"info","message":"Rendering request 4 finished in 8560 ms","meta":{"rootId":"6wcf0gmbzuzyvj0","id":"6wcf0gmbzuzyvj0"},"id":"xkr9xnxsy96zwhp","previousOperationId":"2fb6hinzkq83qv4"}
{"type":"operationEnd","subtype":"render","operationId":"cixogb6sn33jmi8","timestamp":1766753068106,"id":"7no00em29ttaads","previousEventId":"txl3sh1gfkk0znv","previousOperationId":"2fb6hinzkq83qv4"}
{"type":"operationEnd","doDiffs":false,"previousEventId":"gh6rgtdgztii8qo","previousOperationId":"b6jv1nri1nwf2ya","operationId":"b6jv1nri1nwf2ya","timestamp":1766753068116,"id":"1fdmq4dbyche763"}
