{"type":"operationStart","subtype":"profile","data":{"_id":"5OXEOzYhOD6tBm8u","timestamp":"2025-12-28T15:39:36.427Z","state":"running","mode":"standard","creationDate":"2025-12-28T15:39:36.433Z","modificationDate":"2025-12-28T15:39:36.433Z","shortid":"e6SNDaO","$entitySet":"profiles","timeout":60000},"doDiffs":false,"timestamp":1766936376430,"id":"po3hkgniy9j71o7","previousOperationId":null,"operationId":"5yvgsepk6b76aci"}
{"type":"log","level":"info","message":"Render request 4 queued for execution and waiting for available worker","previousOperationId":"5yvgsepk6b76aci","timestamp":1766936376431,"id":"s5pajpygefvv5sb"}
{"type":"operationStart","subtype":"render","name":"anonymous","previousOperationId":"5yvgsepk6b76aci","timestamp":1766936376500,"id":"8vx0dmt420ao68n","previousEventId":"po3hkgniy9j71o7","operationId":"6739msb3ybfcwjh"}
{"type":"log","timestamp":1766936376500,"level":"info","message":"Starting rendering request 4","meta":{"rootId":"6xiw8icse79u45r","id":"6xiw8icse79u45r"},"id":"okgz595pgyc7tfj","previousOperationId":"6739msb3ybfcwjh"}
{"type":"log","timestamp":1766936376501,"level":"info","message":"Rendering anonymous template { recipe: pptx, engine: handlebars }","meta":{"rootId":"6xiw8icse79u45r","id":"6xiw8icse79u45r"},"id":"esnsvdiintmycps","previousOperationId":"6739msb3ybfcwjh"}
{"type":"log","timestamp":1766936376501,"level":"debug","message":"Inline data specified.","meta":{"rootId":"6xiw8icse79u45r","id":"6xiw8icse79u45r"},"id":"r8h3jpt7u9swo3v","previousOperationId":"6739msb3ybfcwjh"}
{"type":"log","timestamp":1766936376505,"level":"debug","message":"Base url not specified, skipping its injection.","meta":{"rootId":"6xiw8icse79u45r","id":"6xiw8icse79u45r"},"id":"owz9qlz08d8spbc","previousOperationId":"6739msb3ybfcwjh"}
{"type":"operationStart","subtype":"engine","name":"handlebars","timestamp":1766936376506,"id":"qg0ejkd8k49e4s9","previousEventId":"8vx0dmt420ao68n","operationId":"ynuwzx60xrqhgoc","previousOperationId":"6739msb3ybfcwjh"}
{"type":"log","timestamp":1766936376506,"level":"debug","message":"Rendering engine handlebars","meta":{"rootId":"6xiw8icse79u45r","id":"6xiw8icse79u45r"},"id":"7rf2t5li0cbfqy4","previousOperationId":"ynuwzx60xrqhgoc"}
{"type":"operationEnd","operationId":"ynuwzx60xrqhgoc","timestamp":1766936376533,"id":"ict8lehm6udsvgy","previousEventId":"qg0ejkd8k49e4s9","previousOperationId":"ynuwzx60xrqhgoc"}
{"type":"operationStart","subtype":"recipe","name":"pptx","timestamp":1766936376533,"id":"y43q0b3p6e4ck7g","previousEventId":"ict8lehm6udsvgy","operationId":"rmzgoxaj0k8hpex","previousOperationId":"ynuwzx60xrqhgoc"}
{"type":"log","timestamp":1766936376534,"level":"debug","message":"Executing recipe pptx","meta":{"rootId":"6xiw8icse79u45r","id":"6xiw8icse79u45r"},"id":"qfni1iyhi09830h","previousOperationId":"rmzgoxaj0k8hpex"}
{"type":"log","timestamp":1766936376550,"level":"info","message":"pptx generation is starting","meta":{"rootId":"6xiw8icse79u45r","id":"6xiw8icse79u45r"},"id":"2ikdoq66yx8u2zf","previousOperationId":"rmzgoxaj0k8hpex"}
{"type":"log","timestamp":1766936378369,"level":"debug","message":"Starting child request to render pptx dynamic parts","meta":{"rootId":"6xiw8icse79u45r","id":"6xiw8icse79u45r"},"id":"cb2zovnkczouqzj","previousOperationId":"rmzgoxaj0k8hpex"}
{"type":"operationStart","subtype":"render","name":"anonymous","previousOperationId":"rmzgoxaj0k8hpex","timestamp":1766936378370,"id":"gzm95vu6itlmrtu","previousEventId":"y43q0b3p6e4ck7g","operationId":"9gnrbuarzlbovhj"}
{"type":"log","timestamp":1766936378370,"level":"info","message":"Starting rendering (child) request","meta":{"rootId":"6xiw8icse79u45r","id":"xrh8wuc0j86ywti"},"id":"tabfj3yn00h0sn0","previousOperationId":"9gnrbuarzlbovhj"}
{"type":"log","timestamp":1766936378370,"level":"info","message":"Rendering anonymous template { recipe: html, engine: handlebars }","meta":{"rootId":"6xiw8icse79u45r","id":"xrh8wuc0j86ywti"},"id":"ooauo8spsv8nn1w","previousOperationId":"9gnrbuarzlbovhj"}
{"type":"log","timestamp":1766936378370,"level":"debug","message":"Inline data specified.","meta":{"rootId":"6xiw8icse79u45r","id":"xrh8wuc0j86ywti"},"id":"6fgkcuv4sa51911","previousOperationId":"9gnrbuarzlbovhj"}
{"type":"log","timestamp":1766936378376,"level":"debug","message":"Base url not specified, skipping its injection.","meta":{"rootId":"6xiw8icse79u45r","id":"xrh8wuc0j86ywti"},"id":"zwr98ditkr2o0s2","previousOperationId":"9gnrbuarzlbovhj"}
{"type":"operationStart","subtype":"engine","name":"handlebars","timestamp":1766936378377,"id":"66bgtm4uxhnnkyb","previousEventId":"gzm95vu6itlmrtu","operationId":"3h9qai8ehkg9dhd","previousOperationId":"9gnrbuarzlbovhj"}
{"type":"log","timestamp":1766936378378,"level":"debug","message":"Rendering engine handlebars","meta":{"rootId":"6xiw8icse79u45r","id":"xrh8wuc0j86ywti"},"id":"pv3enbvbddaedko","previousOperationId":"3h9qai8ehkg9dhd"}
{"type":"log","timestamp":1766936378564,"level":"debug","message":"(console:log) {\n  type: 'echarts@v5a',\n  width: 848,\n  height: 409,\n  option: { radar: [ [Object] ], series: [ [Object] ] }\n}","meta":{"userLevel":true,"rootId":"6xiw8icse79u45r","id":"xrh8wuc0j86ywti"},"id":"5yh4ubu419iow64","previousOperationId":"3h9qai8ehkg9dhd"}
{"type":"operationEnd","operationId":"3h9qai8ehkg9dhd","timestamp":1766936378575,"id":"uin1ihza5eab47p","previousEventId":"66bgtm4uxhnnkyb","previousOperationId":"3h9qai8ehkg9dhd"}
{"type":"operationStart","subtype":"recipe","name":"html","timestamp":1766936378594,"id":"14ka3onjzrsr8vz","previousEventId":"uin1ihza5eab47p","operationId":"0jx2s7e9g33bxn9","previousOperationId":"3h9qai8ehkg9dhd"}
{"type":"log","timestamp":1766936378595,"level":"debug","message":"Executing recipe html","meta":{"rootId":"6xiw8icse79u45r","id":"xrh8wuc0j86ywti"},"id":"5j6g0f8hv2p9k9v","previousOperationId":"0jx2s7e9g33bxn9"}
{"type":"operationEnd","operationId":"0jx2s7e9g33bxn9","timestamp":1766936378595,"id":"xdyikdpgl56a8yp","previousEventId":"14ka3onjzrsr8vz","previousOperationId":"0jx2s7e9g33bxn9"}
{"type":"log","timestamp":1766936378595,"level":"debug","message":"Skipping storing report.","meta":{"rootId":"6xiw8icse79u45r","id":"xrh8wuc0j86ywti"},"id":"w8inhvjwclhbo6d","previousOperationId":"0jx2s7e9g33bxn9"}
{"type":"log","timestamp":1766936378595,"level":"info","message":"Rendering (child) request finished in 2169 ms","meta":{"rootId":"6xiw8icse79u45r","id":"xrh8wuc0j86ywti"},"id":"tbevdx6vth62z0y","previousOperationId":"0jx2s7e9g33bxn9"}
{"type":"operationEnd","subtype":"render","operationId":"9gnrbuarzlbovhj","timestamp":1766936378595,"id":"umwrl43u8un7y3h","previousEventId":"xdyikdpgl56a8yp","previousOperationId":"0jx2s7e9g33bxn9"}
{"type":"log","timestamp":1766936384567,"level":"debug","message":"pptx successfully zipped","meta":{"rootId":"6xiw8icse79u45r","id":"6xiw8icse79u45r"},"id":"1ajrjt73w2eb6m5","previousOperationId":"rmzgoxaj0k8hpex"}
{"type":"log","timestamp":1766936384568,"level":"info","message":"pptx generation was finished","meta":{"rootId":"6xiw8icse79u45r","id":"6xiw8icse79u45r"},"id":"l54ai8hl1ins8xp","previousOperationId":"rmzgoxaj0k8hpex"}
{"type":"operationEnd","operationId":"rmzgoxaj0k8hpex","timestamp":1766936384579,"id":"chfglgfx82n78yl","previousEventId":"y43q0b3p6e4ck7g","previousOperationId":"rmzgoxaj0k8hpex"}
{"type":"log","timestamp":1766936384579,"level":"debug","message":"Skipping storing report.","meta":{"rootId":"6xiw8icse79u45r","id":"6xiw8icse79u45r"},"id":"1ax0656bh2qfusv","previousOperationId":"rmzgoxaj0k8hpex"}
{"type":"log","timestamp":1766936384579,"level":"info","message":"Rendering request 4 finished in 8153 ms","meta":{"rootId":"6xiw8icse79u45r","id":"6xiw8icse79u45r"},"id":"mq5mq4xxqdji1r3","previousOperationId":"rmzgoxaj0k8hpex"}
{"type":"operationEnd","subtype":"render","operationId":"6739msb3ybfcwjh","timestamp":1766936384579,"id":"adrz1t064oxh7cu","previousEventId":"chfglgfx82n78yl","previousOperationId":"rmzgoxaj0k8hpex"}
{"type":"operationEnd","doDiffs":false,"previousEventId":"po3hkgniy9j71o7","previousOperationId":"5yvgsepk6b76aci","operationId":"5yvgsepk6b76aci","timestamp":1766936384585,"id":"f5fjxnqefmeu1ih"}
