{"type":"operationStart","subtype":"profile","data":{"_id":"W0W6QTn89xWLLe0o","timestamp":"2025-12-30T17:59:15.129Z","state":"running","mode":"standard","creationDate":"2025-12-30T17:59:15.136Z","modificationDate":"2025-12-30T17:59:15.136Z","shortid":"jva8Y_g","$entitySet":"profiles","timeout":60000},"doDiffs":false,"timestamp":1767117555133,"id":"jgbgtpstm0f9e45","previousOperationId":null,"operationId":"c7n82uqwp3u0j8l"}
{"type":"log","level":"info","message":"Render request 19 queued for execution and waiting for available worker","previousOperationId":"c7n82uqwp3u0j8l","timestamp":1767117555133,"id":"thjl4gvbg9ol309"}
{"type":"operationStart","subtype":"render","name":"anonymous","previousOperationId":"c7n82uqwp3u0j8l","timestamp":1767117555194,"id":"3ijmgw5vob47tmg","previousEventId":"jgbgtpstm0f9e45","operationId":"p736ax3ddtap4s3"}
{"type":"log","timestamp":1767117555194,"level":"info","message":"Starting rendering request 19","meta":{"rootId":"6y8opq2p1ztdydb","id":"6y8opq2p1ztdydb"},"id":"2pqj0ughr5xreod","previousOperationId":"p736ax3ddtap4s3"}
{"type":"log","timestamp":1767117555195,"level":"info","message":"Rendering anonymous template { recipe: pptx, engine: handlebars }","meta":{"rootId":"6y8opq2p1ztdydb","id":"6y8opq2p1ztdydb"},"id":"udx0yumiq5q4js7","previousOperationId":"p736ax3ddtap4s3"}
{"type":"log","timestamp":1767117555195,"level":"debug","message":"Inline data specified.","meta":{"rootId":"6y8opq2p1ztdydb","id":"6y8opq2p1ztdydb"},"id":"0yfvszqjy4gy41n","previousOperationId":"p736ax3ddtap4s3"}
{"type":"log","timestamp":1767117555200,"level":"debug","message":"Base url not specified, skipping its injection.","meta":{"rootId":"6y8opq2p1ztdydb","id":"6y8opq2p1ztdydb"},"id":"wbm3ux9pq31bj57","previousOperationId":"p736ax3ddtap4s3"}
{"type":"operationStart","subtype":"engine","name":"handlebars","timestamp":1767117555201,"id":"kxbwznqjx2zjuqo","previousEventId":"3ijmgw5vob47tmg","operationId":"tqotmrkh224pna2","previousOperationId":"p736ax3ddtap4s3"}
{"type":"log","timestamp":1767117555201,"level":"debug","message":"Rendering engine handlebars","meta":{"rootId":"6y8opq2p1ztdydb","id":"6y8opq2p1ztdydb"},"id":"73y5umm97nqhl22","previousOperationId":"tqotmrkh224pna2"}
{"type":"operationEnd","operationId":"tqotmrkh224pna2","timestamp":1767117555227,"id":"v6gtx1ppoe667sm","previousEventId":"kxbwznqjx2zjuqo","previousOperationId":"tqotmrkh224pna2"}
{"type":"operationStart","subtype":"recipe","name":"pptx","timestamp":1767117555227,"id":"jqs8gdzs2mf64tb","previousEventId":"v6gtx1ppoe667sm","operationId":"qm8nn8k7i3ygeim","previousOperationId":"tqotmrkh224pna2"}
{"type":"log","timestamp":1767117555228,"level":"debug","message":"Executing recipe pptx","meta":{"rootId":"6y8opq2p1ztdydb","id":"6y8opq2p1ztdydb"},"id":"yoe2c2bg0qt8bqc","previousOperationId":"qm8nn8k7i3ygeim"}
{"type":"log","timestamp":1767117555255,"level":"info","message":"pptx generation is starting","meta":{"rootId":"6y8opq2p1ztdydb","id":"6y8opq2p1ztdydb"},"id":"mhhblsxc6axu6n9","previousOperationId":"qm8nn8k7i3ygeim"}
{"type":"log","timestamp":1767117557119,"level":"debug","message":"Starting child request to render pptx dynamic parts","meta":{"rootId":"6y8opq2p1ztdydb","id":"6y8opq2p1ztdydb"},"id":"f6qqwqd1rl06jn1","previousOperationId":"qm8nn8k7i3ygeim"}
{"type":"operationStart","subtype":"render","name":"anonymous","previousOperationId":"qm8nn8k7i3ygeim","timestamp":1767117557120,"id":"4whnow7dghjp6gm","previousEventId":"jqs8gdzs2mf64tb","operationId":"hd69eoq88cy2v14"}
{"type":"log","timestamp":1767117557120,"level":"info","message":"Starting rendering (child) request","meta":{"rootId":"6y8opq2p1ztdydb","id":"o9wjhvt6517qtc1"},"id":"9fcbhyoyqimb9nb","previousOperationId":"hd69eoq88cy2v14"}
{"type":"log","timestamp":1767117557120,"level":"info","message":"Rendering anonymous template { recipe: html, engine: handlebars }","meta":{"rootId":"6y8opq2p1ztdydb","id":"o9wjhvt6517qtc1"},"id":"vj2w7d85w9h05lw","previousOperationId":"hd69eoq88cy2v14"}
{"type":"log","timestamp":1767117557120,"level":"debug","message":"Inline data specified.","meta":{"rootId":"6y8opq2p1ztdydb","id":"o9wjhvt6517qtc1"},"id":"vzl8f8np0z8lapc","previousOperationId":"hd69eoq88cy2v14"}
{"type":"log","timestamp":1767117557134,"level":"debug","message":"Base url not specified, skipping its injection.","meta":{"rootId":"6y8opq2p1ztdydb","id":"o9wjhvt6517qtc1"},"id":"s2c3twi0lo7ovyg","previousOperationId":"hd69eoq88cy2v14"}
{"type":"operationStart","subtype":"engine","name":"handlebars","timestamp":1767117557137,"id":"6hlatehqbwb90ew","previousEventId":"4whnow7dghjp6gm","operationId":"4x4nkv1uzi86i76","previousOperationId":"hd69eoq88cy2v14"}
{"type":"log","timestamp":1767117557137,"level":"debug","message":"Rendering engine handlebars","meta":{"rootId":"6y8opq2p1ztdydb","id":"o9wjhvt6517qtc1"},"id":"4wrtwj7axy6ukrx","previousOperationId":"4x4nkv1uzi86i76"}
{"type":"log","timestamp":1767117557322,"level":"debug","message":"(console:log) {\n  type: 'echarts@v5a',\n  width: 848,\n  height: 409,\n  option: { radar: [ [Object] ], series: [ [Object] ] }\n}","meta":{"userLevel":true,"rootId":"6y8opq2p1ztdydb","id":"o9wjhvt6517qtc1"},"id":"k61733doxi3awpr","previousOperationId":"4x4nkv1uzi86i76"}
{"type":"operationEnd","operationId":"4x4nkv1uzi86i76","timestamp":1767117557333,"id":"5onzepihz6lrowy","previousEventId":"6hlatehqbwb90ew","previousOperationId":"4x4nkv1uzi86i76"}
{"type":"operationStart","subtype":"recipe","name":"html","timestamp":1767117557349,"id":"ztww5ixxdmi2ov5","previousEventId":"5onzepihz6lrowy","operationId":"f92fr4ed47rpb8y","previousOperationId":"4x4nkv1uzi86i76"}
{"type":"log","timestamp":1767117557349,"level":"debug","message":"Executing recipe html","meta":{"rootId":"6y8opq2p1ztdydb","id":"o9wjhvt6517qtc1"},"id":"b863p2d27x9igdb","previousOperationId":"f92fr4ed47rpb8y"}
{"type":"operationEnd","operationId":"f92fr4ed47rpb8y","timestamp":1767117557349,"id":"owqnygidhek6344","previousEventId":"ztww5ixxdmi2ov5","previousOperationId":"f92fr4ed47rpb8y"}
{"type":"log","timestamp":1767117557349,"level":"debug","message":"Skipping storing report.","meta":{"rootId":"6y8opq2p1ztdydb","id":"o9wjhvt6517qtc1"},"id":"t2civcwwmz4b3oh","previousOperationId":"f92fr4ed47rpb8y"}
{"type":"log","timestamp":1767117557349,"level":"info","message":"Rendering (child) request finished in 2221 ms","meta":{"rootId":"6y8opq2p1ztdydb","id":"o9wjhvt6517qtc1"},"id":"77lcn7h9zfnyvin","previousOperationId":"f92fr4ed47rpb8y"}
{"type":"operationEnd","subtype":"render","operationId":"hd69eoq88cy2v14","timestamp":1767117557349,"id":"r7xhls7htw6up82","previousEventId":"owqnygidhek6344","previousOperationId":"f92fr4ed47rpb8y"}
{"type":"log","timestamp":1767117562748,"level":"debug","message":"pptx successfully zipped","meta":{"rootId":"6y8opq2p1ztdydb","id":"6y8opq2p1ztdydb"},"id":"6sykwrcbctcubd0","previousOperationId":"qm8nn8k7i3ygeim"}
{"type":"log","timestamp":1767117562749,"level":"info","message":"pptx generation was finished","meta":{"rootId":"6y8opq2p1ztdydb","id":"6y8opq2p1ztdydb"},"id":"0usnbvu3b65bu08","previousOperationId":"qm8nn8k7i3ygeim"}
{"type":"operationEnd","operationId":"qm8nn8k7i3ygeim","timestamp":1767117562760,"id":"dq100w164b7wv4m","previousEventId":"jqs8gdzs2mf64tb","previousOperationId":"qm8nn8k7i3ygeim"}
{"type":"log","timestamp":1767117562760,"level":"debug","message":"Skipping storing report.","meta":{"rootId":"6y8opq2p1ztdydb","id":"6y8opq2p1ztdydb"},"id":"jey229sj02vp0z1","previousOperationId":"qm8nn8k7i3ygeim"}
{"type":"log","timestamp":1767117562760,"level":"info","message":"Rendering request 19 finished in 7632 ms","meta":{"rootId":"6y8opq2p1ztdydb","id":"6y8opq2p1ztdydb"},"id":"ouujvx0ppb6j2q8","previousOperationId":"qm8nn8k7i3ygeim"}
{"type":"operationEnd","subtype":"render","operationId":"p736ax3ddtap4s3","timestamp":1767117562760,"id":"oqf098x7uhu0brj","previousEventId":"dq100w164b7wv4m","previousOperationId":"qm8nn8k7i3ygeim"}
{"type":"operationEnd","doDiffs":false,"previousEventId":"jgbgtpstm0f9e45","previousOperationId":"c7n82uqwp3u0j8l","operationId":"c7n82uqwp3u0j8l","timestamp":1767117562767,"id":"s4hvjuldncxyhbg"}
