{"type":"operationStart","subtype":"profile","data":{"_id":"RGfoZCnwBXrmeERP","timestamp":"2025-12-31T09:17:52.059Z","state":"running","mode":"standard","creationDate":"2025-12-31T09:17:52.065Z","modificationDate":"2025-12-31T09:17:52.065Z","shortid":"h0roDnK","$entitySet":"profiles","timeout":60000},"doDiffs":false,"timestamp":1767172672063,"id":"7vnf7w434m68vu1","previousOperationId":null,"operationId":"liehmpwg08oemcg"}
{"type":"log","level":"info","message":"Render request 9 queued for execution and waiting for available worker","previousOperationId":"liehmpwg08oemcg","timestamp":1767172672063,"id":"v7xv30eugropyzw"}
{"type":"operationStart","subtype":"render","name":"anonymous","previousOperationId":"liehmpwg08oemcg","timestamp":1767172672140,"id":"55p6srleja9c04x","previousEventId":"7vnf7w434m68vu1","operationId":"ksdnxk5n0e9ixux"}
{"type":"log","timestamp":1767172672141,"level":"info","message":"Starting rendering request 9","meta":{"rootId":"732f3sh1b9xmm0w","id":"732f3sh1b9xmm0w"},"id":"4fnz29cdp5917jl","previousOperationId":"ksdnxk5n0e9ixux"}
{"type":"log","timestamp":1767172672141,"level":"info","message":"Rendering anonymous template { recipe: pptx, engine: handlebars }","meta":{"rootId":"732f3sh1b9xmm0w","id":"732f3sh1b9xmm0w"},"id":"iz2u92k5nf2kfku","previousOperationId":"ksdnxk5n0e9ixux"}
{"type":"log","timestamp":1767172672141,"level":"debug","message":"Inline data specified.","meta":{"rootId":"732f3sh1b9xmm0w","id":"732f3sh1b9xmm0w"},"id":"tfg6hmcjjwoh5t2","previousOperationId":"ksdnxk5n0e9ixux"}
{"type":"log","timestamp":1767172672149,"level":"debug","message":"Base url not specified, skipping its injection.","meta":{"rootId":"732f3sh1b9xmm0w","id":"732f3sh1b9xmm0w"},"id":"9u4fphsfajxvtzk","previousOperationId":"ksdnxk5n0e9ixux"}
{"type":"operationStart","subtype":"engine","name":"handlebars","timestamp":1767172672149,"id":"9nx9kmppj1q38nt","previousEventId":"55p6srleja9c04x","operationId":"5ahvrpao76za0sw","previousOperationId":"ksdnxk5n0e9ixux"}
{"type":"log","timestamp":1767172672149,"level":"debug","message":"Rendering engine handlebars","meta":{"rootId":"732f3sh1b9xmm0w","id":"732f3sh1b9xmm0w"},"id":"4jaqulo69daggud","previousOperationId":"5ahvrpao76za0sw"}
{"type":"operationEnd","operationId":"5ahvrpao76za0sw","timestamp":1767172672167,"id":"o5kghyyedeh65e0","previousEventId":"9nx9kmppj1q38nt","previousOperationId":"5ahvrpao76za0sw"}
{"type":"operationStart","subtype":"recipe","name":"pptx","timestamp":1767172672168,"id":"7l699yka08s9vyn","previousEventId":"o5kghyyedeh65e0","operationId":"1dqhk3plispxrr1","previousOperationId":"5ahvrpao76za0sw"}
{"type":"log","timestamp":1767172672168,"level":"debug","message":"Executing recipe pptx","meta":{"rootId":"732f3sh1b9xmm0w","id":"732f3sh1b9xmm0w"},"id":"mt0zkj2zcdncmxs","previousOperationId":"1dqhk3plispxrr1"}
{"type":"log","timestamp":1767172672193,"level":"info","message":"pptx generation is starting","meta":{"rootId":"732f3sh1b9xmm0w","id":"732f3sh1b9xmm0w"},"id":"sxnwku5geaj05pc","previousOperationId":"1dqhk3plispxrr1"}
{"type":"log","timestamp":1767172674077,"level":"debug","message":"Starting child request to render pptx dynamic parts","meta":{"rootId":"732f3sh1b9xmm0w","id":"732f3sh1b9xmm0w"},"id":"y0ml1dpwp1218l0","previousOperationId":"1dqhk3plispxrr1"}
{"type":"operationStart","subtype":"render","name":"anonymous","previousOperationId":"1dqhk3plispxrr1","timestamp":1767172674077,"id":"b3z3zid3e7orubf","previousEventId":"7l699yka08s9vyn","operationId":"xxyehi12hbnxx5b"}
{"type":"log","timestamp":1767172674077,"level":"info","message":"Starting rendering (child) request","meta":{"rootId":"732f3sh1b9xmm0w","id":"n3suz46p1ol3d0l"},"id":"qhu1i7oi90dcadv","previousOperationId":"xxyehi12hbnxx5b"}
{"type":"log","timestamp":1767172674078,"level":"info","message":"Rendering anonymous template { recipe: html, engine: handlebars }","meta":{"rootId":"732f3sh1b9xmm0w","id":"n3suz46p1ol3d0l"},"id":"7z4m35733dcv0bl","previousOperationId":"xxyehi12hbnxx5b"}
{"type":"log","timestamp":1767172674078,"level":"debug","message":"Inline data specified.","meta":{"rootId":"732f3sh1b9xmm0w","id":"n3suz46p1ol3d0l"},"id":"gf06009ylr13nnp","previousOperationId":"xxyehi12hbnxx5b"}
{"type":"log","timestamp":1767172674087,"level":"debug","message":"Base url not specified, skipping its injection.","meta":{"rootId":"732f3sh1b9xmm0w","id":"n3suz46p1ol3d0l"},"id":"tl1ysae5bwd4t6n","previousOperationId":"xxyehi12hbnxx5b"}
{"type":"operationStart","subtype":"engine","name":"handlebars","timestamp":1767172674089,"id":"vtjuebh8dck0isi","previousEventId":"b3z3zid3e7orubf","operationId":"nhf7z1vupkpjkpf","previousOperationId":"xxyehi12hbnxx5b"}
{"type":"log","timestamp":1767172674089,"level":"debug","message":"Rendering engine handlebars","meta":{"rootId":"732f3sh1b9xmm0w","id":"n3suz46p1ol3d0l"},"id":"io1f9ssrqsyiq0d","previousOperationId":"nhf7z1vupkpjkpf"}
{"type":"log","timestamp":1767172674300,"level":"debug","message":"(console:log) {\n  type: 'echarts@v5a',\n  width: 848,\n  height: 409,\n  option: { radar: [ [Object] ], series: [ [Object] ] }\n}","meta":{"userLevel":true,"rootId":"732f3sh1b9xmm0w","id":"n3suz46p1ol3d0l"},"id":"hapu43221k4ktdg","previousOperationId":"nhf7z1vupkpjkpf"}
{"type":"operationEnd","operationId":"nhf7z1vupkpjkpf","timestamp":1767172674314,"id":"m0dojanv5k2ffsz","previousEventId":"vtjuebh8dck0isi","previousOperationId":"nhf7z1vupkpjkpf"}
{"type":"operationStart","subtype":"recipe","name":"html","timestamp":1767172674334,"id":"vcttmlkkvndqkiz","previousEventId":"m0dojanv5k2ffsz","operationId":"8v4efzzvi95lvns","previousOperationId":"nhf7z1vupkpjkpf"}
{"type":"log","timestamp":1767172674334,"level":"debug","message":"Executing recipe html","meta":{"rootId":"732f3sh1b9xmm0w","id":"n3suz46p1ol3d0l"},"id":"dgjladg9qzddzrs","previousOperationId":"8v4efzzvi95lvns"}
{"type":"operationEnd","operationId":"8v4efzzvi95lvns","timestamp":1767172674334,"id":"8miw0enf0k2o3i0","previousEventId":"vcttmlkkvndqkiz","previousOperationId":"8v4efzzvi95lvns"}
{"type":"log","timestamp":1767172674335,"level":"debug","message":"Skipping storing report.","meta":{"rootId":"732f3sh1b9xmm0w","id":"n3suz46p1ol3d0l"},"id":"jdz9zft28hjcsvg","previousOperationId":"8v4efzzvi95lvns"}
{"type":"log","timestamp":1767172674335,"level":"info","message":"Rendering (child) request finished in 2278 ms","meta":{"rootId":"732f3sh1b9xmm0w","id":"n3suz46p1ol3d0l"},"id":"yg8v487eoryxiik","previousOperationId":"8v4efzzvi95lvns"}
{"type":"operationEnd","subtype":"render","operationId":"xxyehi12hbnxx5b","timestamp":1767172674335,"id":"gmn7n9i3avt5kn4","previousEventId":"8miw0enf0k2o3i0","previousOperationId":"8v4efzzvi95lvns"}
{"type":"log","timestamp":1767172680259,"level":"debug","message":"pptx successfully zipped","meta":{"rootId":"732f3sh1b9xmm0w","id":"732f3sh1b9xmm0w"},"id":"a2j8u7iyk16sufv","previousOperationId":"1dqhk3plispxrr1"}
{"type":"log","timestamp":1767172680259,"level":"info","message":"pptx generation was finished","meta":{"rootId":"732f3sh1b9xmm0w","id":"732f3sh1b9xmm0w"},"id":"ubzikrozr8eimaa","previousOperationId":"1dqhk3plispxrr1"}
{"type":"operationEnd","operationId":"1dqhk3plispxrr1","timestamp":1767172680272,"id":"0kmxczqs95yhnr0","previousEventId":"7l699yka08s9vyn","previousOperationId":"1dqhk3plispxrr1"}
{"type":"log","timestamp":1767172680272,"level":"debug","message":"Skipping storing report.","meta":{"rootId":"732f3sh1b9xmm0w","id":"732f3sh1b9xmm0w"},"id":"ug8qlqyf3sr5cw0","previousOperationId":"1dqhk3plispxrr1"}
{"type":"log","timestamp":1767172680272,"level":"info","message":"Rendering request 9 finished in 8215 ms","meta":{"rootId":"732f3sh1b9xmm0w","id":"732f3sh1b9xmm0w"},"id":"8co7spzu4ufkhow","previousOperationId":"1dqhk3plispxrr1"}
{"type":"operationEnd","subtype":"render","operationId":"ksdnxk5n0e9ixux","timestamp":1767172680272,"id":"g5cyi1k1uslmx1h","previousEventId":"0kmxczqs95yhnr0","previousOperationId":"1dqhk3plispxrr1"}
{"type":"operationEnd","doDiffs":false,"previousEventId":"7vnf7w434m68vu1","previousOperationId":"liehmpwg08oemcg","operationId":"liehmpwg08oemcg","timestamp":1767172680278,"id":"puq7jeahagoww1n"}
