{"type":"operationStart","subtype":"profile","data":{"_id":"cgRMrvniF6TpLNvY","timestamp":"2025-12-18T12:37:46.722Z","state":"running","mode":"standard","creationDate":"2025-12-18T12:37:46.728Z","modificationDate":"2025-12-18T12:37:46.728Z","shortid":"I8eQ1Us","$entitySet":"profiles","timeout":60000},"doDiffs":false,"timestamp":1766061466726,"id":"tgm40dsveiozwvt","previousOperationId":null,"operationId":"wwb1cj2hqw5bugb"}
{"type":"log","level":"info","message":"Render request 1 queued for execution and waiting for available worker","previousOperationId":"wwb1cj2hqw5bugb","timestamp":1766061466726,"id":"v599gldb1wzrwob"}
{"type":"operationStart","subtype":"render","name":"anonymous","previousOperationId":"wwb1cj2hqw5bugb","timestamp":1766061466785,"id":"9rfo5ps7q8b3qfm","previousEventId":"tgm40dsveiozwvt","operationId":"vmy258de1roztr5"}
{"type":"log","timestamp":1766061466785,"level":"info","message":"Starting rendering request 1","meta":{"rootId":"74t9emxi74w6jmt","id":"74t9emxi74w6jmt"},"id":"d1rinmgisg0bv67","previousOperationId":"vmy258de1roztr5"}
{"type":"log","timestamp":1766061466787,"level":"info","message":"Rendering anonymous template { recipe: pptx, engine: handlebars }","meta":{"rootId":"74t9emxi74w6jmt","id":"74t9emxi74w6jmt"},"id":"b9quij51m0tdqlq","previousOperationId":"vmy258de1roztr5"}
{"type":"log","timestamp":1766061466787,"level":"debug","message":"Inline data specified.","meta":{"rootId":"74t9emxi74w6jmt","id":"74t9emxi74w6jmt"},"id":"6vszs8e7ah494x6","previousOperationId":"vmy258de1roztr5"}
{"type":"log","timestamp":1766061466790,"level":"debug","message":"Base url not specified, skipping its injection.","meta":{"rootId":"74t9emxi74w6jmt","id":"74t9emxi74w6jmt"},"id":"hei6tm6pu4tu6vq","previousOperationId":"vmy258de1roztr5"}
{"type":"operationStart","subtype":"engine","name":"handlebars","timestamp":1766061466793,"id":"clkhaj6ebesftn9","previousEventId":"9rfo5ps7q8b3qfm","operationId":"wr4l0esjtefmj45","previousOperationId":"vmy258de1roztr5"}
{"type":"log","timestamp":1766061466793,"level":"debug","message":"Rendering engine handlebars","meta":{"rootId":"74t9emxi74w6jmt","id":"74t9emxi74w6jmt"},"id":"du5x8egcx72uzmu","previousOperationId":"wr4l0esjtefmj45"}
{"type":"operationEnd","operationId":"wr4l0esjtefmj45","timestamp":1766061467688,"id":"4s9exybqi9gbrgf","previousEventId":"clkhaj6ebesftn9","previousOperationId":"wr4l0esjtefmj45"}
{"type":"operationStart","subtype":"recipe","name":"pptx","timestamp":1766061467689,"id":"au799ru1mqo23vp","previousEventId":"4s9exybqi9gbrgf","operationId":"nmq59vqg6s3boii","previousOperationId":"wr4l0esjtefmj45"}
{"type":"log","timestamp":1766061467689,"level":"debug","message":"Executing recipe pptx","meta":{"rootId":"74t9emxi74w6jmt","id":"74t9emxi74w6jmt"},"id":"2coacmzor3xk71u","previousOperationId":"nmq59vqg6s3boii"}
{"type":"log","timestamp":1766061467852,"level":"info","message":"pptx generation is starting","meta":{"rootId":"74t9emxi74w6jmt","id":"74t9emxi74w6jmt"},"id":"12ho2sqmeh401z2","previousOperationId":"nmq59vqg6s3boii"}
{"type":"log","timestamp":1766061468962,"level":"debug","message":"Starting child request to render pptx dynamic parts","meta":{"rootId":"74t9emxi74w6jmt","id":"74t9emxi74w6jmt"},"id":"y8ndwi6pvjbmq7k","previousOperationId":"nmq59vqg6s3boii"}
{"type":"operationStart","subtype":"render","name":"anonymous","previousOperationId":"nmq59vqg6s3boii","timestamp":1766061468964,"id":"ljfa4itw5yhwyrj","previousEventId":"au799ru1mqo23vp","operationId":"tu8x49v3u5jsc1g"}
{"type":"log","timestamp":1766061468964,"level":"info","message":"Starting rendering (child) request","meta":{"rootId":"74t9emxi74w6jmt","id":"kxr5g7k3gnr0iyr"},"id":"uhuzphl5tcg7nhi","previousOperationId":"tu8x49v3u5jsc1g"}
{"type":"log","timestamp":1766061468964,"level":"info","message":"Rendering anonymous template { recipe: html, engine: handlebars }","meta":{"rootId":"74t9emxi74w6jmt","id":"kxr5g7k3gnr0iyr"},"id":"hmhwyo92c9ug8ps","previousOperationId":"tu8x49v3u5jsc1g"}
{"type":"log","timestamp":1766061468964,"level":"debug","message":"Inline data specified.","meta":{"rootId":"74t9emxi74w6jmt","id":"kxr5g7k3gnr0iyr"},"id":"ab8bsj49vzdl7u4","previousOperationId":"tu8x49v3u5jsc1g"}
{"type":"log","timestamp":1766061468971,"level":"debug","message":"Base url not specified, skipping its injection.","meta":{"rootId":"74t9emxi74w6jmt","id":"kxr5g7k3gnr0iyr"},"id":"azpb8m619qw3blx","previousOperationId":"tu8x49v3u5jsc1g"}
{"type":"operationStart","subtype":"engine","name":"handlebars","timestamp":1766061468974,"id":"wdafyh0322p6jzm","previousEventId":"ljfa4itw5yhwyrj","operationId":"aopwqnu5zee22yz","previousOperationId":"tu8x49v3u5jsc1g"}
{"type":"log","timestamp":1766061468974,"level":"debug","message":"Rendering engine handlebars","meta":{"rootId":"74t9emxi74w6jmt","id":"kxr5g7k3gnr0iyr"},"id":"mt5t0tzby2tw69j","previousOperationId":"aopwqnu5zee22yz"}
{"type":"operationEnd","operationId":"aopwqnu5zee22yz","timestamp":1766061469105,"id":"ngy7t6nadfzo8ng","previousEventId":"wdafyh0322p6jzm","previousOperationId":"aopwqnu5zee22yz"}
{"type":"operationStart","subtype":"recipe","name":"html","timestamp":1766061469115,"id":"pj9lq3jehzcs406","previousEventId":"ngy7t6nadfzo8ng","operationId":"qzd4os3ny7633u1","previousOperationId":"aopwqnu5zee22yz"}
{"type":"log","timestamp":1766061469115,"level":"debug","message":"Executing recipe html","meta":{"rootId":"74t9emxi74w6jmt","id":"kxr5g7k3gnr0iyr"},"id":"pjrsslc4b11is2k","previousOperationId":"qzd4os3ny7633u1"}
{"type":"operationEnd","operationId":"qzd4os3ny7633u1","timestamp":1766061469115,"id":"3vxvk0vuz5btlz4","previousEventId":"pj9lq3jehzcs406","previousOperationId":"qzd4os3ny7633u1"}
{"type":"log","timestamp":1766061469116,"level":"debug","message":"Skipping storing report.","meta":{"rootId":"74t9emxi74w6jmt","id":"kxr5g7k3gnr0iyr"},"id":"d4a9f1awi46myxp","previousOperationId":"qzd4os3ny7633u1"}
{"type":"log","timestamp":1766061469116,"level":"info","message":"Rendering (child) request finished in 2396 ms","meta":{"rootId":"74t9emxi74w6jmt","id":"kxr5g7k3gnr0iyr"},"id":"7hgwolq45femzxb","previousOperationId":"qzd4os3ny7633u1"}
{"type":"operationEnd","subtype":"render","operationId":"tu8x49v3u5jsc1g","timestamp":1766061469116,"id":"7525gvkaniajtf6","previousEventId":"3vxvk0vuz5btlz4","previousOperationId":"qzd4os3ny7633u1"}
{"type":"log","timestamp":1766061473360,"level":"debug","message":"pptx successfully zipped","meta":{"rootId":"74t9emxi74w6jmt","id":"74t9emxi74w6jmt"},"id":"y27oon293epyahm","previousOperationId":"nmq59vqg6s3boii"}
{"type":"log","timestamp":1766061473360,"level":"info","message":"pptx generation was finished","meta":{"rootId":"74t9emxi74w6jmt","id":"74t9emxi74w6jmt"},"id":"5bk14fne013ts0t","previousOperationId":"nmq59vqg6s3boii"}
{"type":"operationEnd","operationId":"nmq59vqg6s3boii","timestamp":1766061473373,"id":"6mlcdogv1udnr8w","previousEventId":"au799ru1mqo23vp","previousOperationId":"nmq59vqg6s3boii"}
{"type":"log","timestamp":1766061473373,"level":"debug","message":"Skipping storing report.","meta":{"rootId":"74t9emxi74w6jmt","id":"74t9emxi74w6jmt"},"id":"mjqcacl8vcvmu90","previousOperationId":"nmq59vqg6s3boii"}
{"type":"log","timestamp":1766061473374,"level":"info","message":"Rendering request 1 finished in 6654 ms","meta":{"rootId":"74t9emxi74w6jmt","id":"74t9emxi74w6jmt"},"id":"8o0w7a9mk79k040","previousOperationId":"nmq59vqg6s3boii"}
{"type":"operationEnd","subtype":"render","operationId":"vmy258de1roztr5","timestamp":1766061473374,"id":"lkb5fm7ovkyhiaz","previousEventId":"6mlcdogv1udnr8w","previousOperationId":"nmq59vqg6s3boii"}
{"type":"operationEnd","doDiffs":false,"previousEventId":"tgm40dsveiozwvt","previousOperationId":"wwb1cj2hqw5bugb","operationId":"wwb1cj2hqw5bugb","timestamp":1766061473380,"id":"rcew6ia7zxs4isw"}
