{"type":"operationStart","subtype":"profile","data":{"_id":"lUPuniC2RxVZIqax","timestamp":"2025-12-30T18:40:12.263Z","state":"running","mode":"standard","creationDate":"2025-12-30T18:40:12.276Z","modificationDate":"2025-12-30T18:40:12.276Z","shortid":"EUSbIfr","$entitySet":"profiles","timeout":60000},"doDiffs":false,"timestamp":1767120012273,"id":"hhc9nftwtiujxi3","previousOperationId":null,"operationId":"2o85jqkwkjevla3"}
{"type":"log","level":"info","message":"Render request 5 queued for execution and waiting for available worker","previousOperationId":"2o85jqkwkjevla3","timestamp":1767120012273,"id":"yjzp95rcyrjetjw"}
{"type":"operationStart","subtype":"render","name":"anonymous","previousOperationId":"2o85jqkwkjevla3","timestamp":1767120012367,"id":"hripz6axcvjfcxk","previousEventId":"hhc9nftwtiujxi3","operationId":"992n5eocvh2exp0"}
{"type":"log","timestamp":1767120012368,"level":"info","message":"Starting rendering request 5","meta":{"rootId":"75t7bl1ecry276v","id":"75t7bl1ecry276v"},"id":"p3ihcg4ar2xo1fn","previousOperationId":"992n5eocvh2exp0"}
{"type":"log","timestamp":1767120012368,"level":"info","message":"Rendering anonymous template { recipe: pptx, engine: handlebars }","meta":{"rootId":"75t7bl1ecry276v","id":"75t7bl1ecry276v"},"id":"qsuo3usqpev3wwk","previousOperationId":"992n5eocvh2exp0"}
{"type":"log","timestamp":1767120012369,"level":"debug","message":"Inline data specified.","meta":{"rootId":"75t7bl1ecry276v","id":"75t7bl1ecry276v"},"id":"asmaz5ysx6rlqc6","previousOperationId":"992n5eocvh2exp0"}
{"type":"log","timestamp":1767120012378,"level":"debug","message":"Base url not specified, skipping its injection.","meta":{"rootId":"75t7bl1ecry276v","id":"75t7bl1ecry276v"},"id":"vitfh0uve5p80pd","previousOperationId":"992n5eocvh2exp0"}
{"type":"operationStart","subtype":"engine","name":"handlebars","timestamp":1767120012379,"id":"euodrjbze8ym1j0","previousEventId":"hripz6axcvjfcxk","operationId":"nw2n97athb7yo23","previousOperationId":"992n5eocvh2exp0"}
{"type":"log","timestamp":1767120012380,"level":"debug","message":"Rendering engine handlebars","meta":{"rootId":"75t7bl1ecry276v","id":"75t7bl1ecry276v"},"id":"yc2hi5ew0jdg108","previousOperationId":"nw2n97athb7yo23"}
{"type":"operationEnd","operationId":"nw2n97athb7yo23","timestamp":1767120012400,"id":"oc264k0utiklnpk","previousEventId":"euodrjbze8ym1j0","previousOperationId":"nw2n97athb7yo23"}
{"type":"operationStart","subtype":"recipe","name":"pptx","timestamp":1767120012401,"id":"xy66b4ywv3xsmlq","previousEventId":"oc264k0utiklnpk","operationId":"zsuxgk36vtbnf4g","previousOperationId":"nw2n97athb7yo23"}
{"type":"log","timestamp":1767120012401,"level":"debug","message":"Executing recipe pptx","meta":{"rootId":"75t7bl1ecry276v","id":"75t7bl1ecry276v"},"id":"0hl5mlmbqpi0p50","previousOperationId":"zsuxgk36vtbnf4g"}
{"type":"log","timestamp":1767120012426,"level":"info","message":"pptx generation is starting","meta":{"rootId":"75t7bl1ecry276v","id":"75t7bl1ecry276v"},"id":"6qvitascg09ys3j","previousOperationId":"zsuxgk36vtbnf4g"}
{"type":"log","timestamp":1767120013660,"level":"debug","message":"Starting child request to render pptx dynamic parts","meta":{"rootId":"75t7bl1ecry276v","id":"75t7bl1ecry276v"},"id":"ncf3gywx3sc7s94","previousOperationId":"zsuxgk36vtbnf4g"}
{"type":"operationStart","subtype":"render","name":"anonymous","previousOperationId":"zsuxgk36vtbnf4g","timestamp":1767120013661,"id":"nvoeo96b5jdyvlr","previousEventId":"xy66b4ywv3xsmlq","operationId":"de68rp15sq3ku8z"}
{"type":"log","timestamp":1767120013661,"level":"info","message":"Starting rendering (child) request","meta":{"rootId":"75t7bl1ecry276v","id":"aao7y0up43zvpxd"},"id":"a88n8wbpdt4qjcc","previousOperationId":"de68rp15sq3ku8z"}
{"type":"log","timestamp":1767120013661,"level":"info","message":"Rendering anonymous template { recipe: html, engine: handlebars }","meta":{"rootId":"75t7bl1ecry276v","id":"aao7y0up43zvpxd"},"id":"ir3y4v491z8lpmn","previousOperationId":"de68rp15sq3ku8z"}
{"type":"log","timestamp":1767120013661,"level":"debug","message":"Inline data specified.","meta":{"rootId":"75t7bl1ecry276v","id":"aao7y0up43zvpxd"},"id":"l0jxycw49u67oo1","previousOperationId":"de68rp15sq3ku8z"}
{"type":"log","timestamp":1767120013666,"level":"debug","message":"Base url not specified, skipping its injection.","meta":{"rootId":"75t7bl1ecry276v","id":"aao7y0up43zvpxd"},"id":"u2p1xo3ctj93haq","previousOperationId":"de68rp15sq3ku8z"}
{"type":"operationStart","subtype":"engine","name":"handlebars","timestamp":1767120013668,"id":"ralld5p4lpp8mcy","previousEventId":"nvoeo96b5jdyvlr","operationId":"wnngfs1queyaraw","previousOperationId":"de68rp15sq3ku8z"}
{"type":"log","timestamp":1767120013668,"level":"debug","message":"Rendering engine handlebars","meta":{"rootId":"75t7bl1ecry276v","id":"aao7y0up43zvpxd"},"id":"ygpkpxmfdebmnik","previousOperationId":"wnngfs1queyaraw"}
{"type":"log","timestamp":1767120013792,"level":"debug","message":"(console:log) {\n  type: 'echarts@v5a',\n  width: 848,\n  height: 409,\n  option: { radar: [ [Object] ], series: [ [Object] ] }\n}","meta":{"userLevel":true,"rootId":"75t7bl1ecry276v","id":"aao7y0up43zvpxd"},"id":"n0gj8502liu0km0","previousOperationId":"wnngfs1queyaraw"}
{"type":"operationEnd","operationId":"wnngfs1queyaraw","timestamp":1767120013799,"id":"dhlay5utcfeztz8","previousEventId":"ralld5p4lpp8mcy","previousOperationId":"wnngfs1queyaraw"}
{"type":"operationStart","subtype":"recipe","name":"html","timestamp":1767120013812,"id":"qabc6dmjnh06d7g","previousEventId":"dhlay5utcfeztz8","operationId":"aro2jb714ml3yv6","previousOperationId":"wnngfs1queyaraw"}
{"type":"log","timestamp":1767120013812,"level":"debug","message":"Executing recipe html","meta":{"rootId":"75t7bl1ecry276v","id":"aao7y0up43zvpxd"},"id":"fukzs9deplasad5","previousOperationId":"aro2jb714ml3yv6"}
{"type":"operationEnd","operationId":"aro2jb714ml3yv6","timestamp":1767120013812,"id":"c79hjrs6shd9v6t","previousEventId":"qabc6dmjnh06d7g","previousOperationId":"aro2jb714ml3yv6"}
{"type":"log","timestamp":1767120013812,"level":"debug","message":"Skipping storing report.","meta":{"rootId":"75t7bl1ecry276v","id":"aao7y0up43zvpxd"},"id":"ziaj6ltxrzgftjs","previousOperationId":"aro2jb714ml3yv6"}
{"type":"log","timestamp":1767120013812,"level":"info","message":"Rendering (child) request finished in 1550 ms","meta":{"rootId":"75t7bl1ecry276v","id":"aao7y0up43zvpxd"},"id":"5w5moawxc5rnc67","previousOperationId":"aro2jb714ml3yv6"}
{"type":"operationEnd","subtype":"render","operationId":"de68rp15sq3ku8z","timestamp":1767120013812,"id":"3jipeyev2r38mwi","previousEventId":"c79hjrs6shd9v6t","previousOperationId":"aro2jb714ml3yv6"}
{"type":"log","timestamp":1767120017662,"level":"debug","message":"pptx successfully zipped","meta":{"rootId":"75t7bl1ecry276v","id":"75t7bl1ecry276v"},"id":"avjydl0vbyz2d33","previousOperationId":"zsuxgk36vtbnf4g"}
{"type":"log","timestamp":1767120017663,"level":"info","message":"pptx generation was finished","meta":{"rootId":"75t7bl1ecry276v","id":"75t7bl1ecry276v"},"id":"q2f8b3akbu3v0be","previousOperationId":"zsuxgk36vtbnf4g"}
{"type":"operationEnd","operationId":"zsuxgk36vtbnf4g","timestamp":1767120017672,"id":"t7hqdxmtz0zg4rm","previousEventId":"xy66b4ywv3xsmlq","previousOperationId":"zsuxgk36vtbnf4g"}
{"type":"log","timestamp":1767120017672,"level":"debug","message":"Skipping storing report.","meta":{"rootId":"75t7bl1ecry276v","id":"75t7bl1ecry276v"},"id":"8dr95wmtlimfcqf","previousOperationId":"zsuxgk36vtbnf4g"}
{"type":"log","timestamp":1767120017672,"level":"info","message":"Rendering request 5 finished in 5410 ms","meta":{"rootId":"75t7bl1ecry276v","id":"75t7bl1ecry276v"},"id":"fd0fjc0vxwo4mw7","previousOperationId":"zsuxgk36vtbnf4g"}
{"type":"operationEnd","subtype":"render","operationId":"992n5eocvh2exp0","timestamp":1767120017672,"id":"n0w6oaddueuhvui","previousEventId":"t7hqdxmtz0zg4rm","previousOperationId":"zsuxgk36vtbnf4g"}
{"type":"operationEnd","doDiffs":false,"previousEventId":"hhc9nftwtiujxi3","previousOperationId":"2o85jqkwkjevla3","operationId":"2o85jqkwkjevla3","timestamp":1767120017676,"id":"e45xwmbcyf1lblm"}
