{"type":"operationStart","subtype":"profile","data":{"_id":"ieLz081bwm9aApbu","timestamp":"2026-01-01T13:22:59.832Z","state":"running","mode":"standard","creationDate":"2026-01-01T13:22:59.838Z","modificationDate":"2026-01-01T13:22:59.838Z","shortid":"AXL7rIx","$entitySet":"profiles","timeout":60000},"doDiffs":false,"timestamp":1767273779836,"id":"gx2xczhj5yidypi","previousOperationId":null,"operationId":"0xi2tkq717t6y5n"}
{"type":"log","level":"info","message":"Render request 4 queued for execution and waiting for available worker","previousOperationId":"0xi2tkq717t6y5n","timestamp":1767273779836,"id":"z0t6iovez1eho05"}
{"type":"operationStart","subtype":"render","name":"anonymous","previousOperationId":"0xi2tkq717t6y5n","timestamp":1767273779901,"id":"p8ynpqto8gamauv","previousEventId":"gx2xczhj5yidypi","operationId":"jx1m557smjnrvvg"}
{"type":"log","timestamp":1767273779902,"level":"info","message":"Starting rendering request 4","meta":{"rootId":"7afocdt6epdr9ev","id":"7afocdt6epdr9ev"},"id":"2rvt0up6k4xmkrv","previousOperationId":"jx1m557smjnrvvg"}
{"type":"log","timestamp":1767273779902,"level":"info","message":"Rendering anonymous template { recipe: pptx, engine: handlebars }","meta":{"rootId":"7afocdt6epdr9ev","id":"7afocdt6epdr9ev"},"id":"s2btu71q49mfo21","previousOperationId":"jx1m557smjnrvvg"}
{"type":"log","timestamp":1767273779902,"level":"debug","message":"Inline data specified.","meta":{"rootId":"7afocdt6epdr9ev","id":"7afocdt6epdr9ev"},"id":"5rb020oxaqd2zbj","previousOperationId":"jx1m557smjnrvvg"}
{"type":"log","timestamp":1767273779905,"level":"debug","message":"Base url not specified, skipping its injection.","meta":{"rootId":"7afocdt6epdr9ev","id":"7afocdt6epdr9ev"},"id":"481di3pjwprk4o8","previousOperationId":"jx1m557smjnrvvg"}
{"type":"operationStart","subtype":"engine","name":"handlebars","timestamp":1767273779906,"id":"1j0eu4opznk7qdn","previousEventId":"p8ynpqto8gamauv","operationId":"y4vb7iq6pd77tke","previousOperationId":"jx1m557smjnrvvg"}
{"type":"log","timestamp":1767273779906,"level":"debug","message":"Rendering engine handlebars","meta":{"rootId":"7afocdt6epdr9ev","id":"7afocdt6epdr9ev"},"id":"peitjtftb9rhf9s","previousOperationId":"y4vb7iq6pd77tke"}
{"type":"operationEnd","operationId":"y4vb7iq6pd77tke","timestamp":1767273779925,"id":"f7hh5w6grd7gu2e","previousEventId":"1j0eu4opznk7qdn","previousOperationId":"y4vb7iq6pd77tke"}
{"type":"operationStart","subtype":"recipe","name":"pptx","timestamp":1767273779926,"id":"8li1w7ukd4td1hu","previousEventId":"f7hh5w6grd7gu2e","operationId":"rbiy53jsk8ls9ma","previousOperationId":"y4vb7iq6pd77tke"}
{"type":"log","timestamp":1767273779926,"level":"debug","message":"Executing recipe pptx","meta":{"rootId":"7afocdt6epdr9ev","id":"7afocdt6epdr9ev"},"id":"nnygbwyxqzcbhvo","previousOperationId":"rbiy53jsk8ls9ma"}
{"type":"log","timestamp":1767273779959,"level":"info","message":"pptx generation is starting","meta":{"rootId":"7afocdt6epdr9ev","id":"7afocdt6epdr9ev"},"id":"t0y5q3denpx47il","previousOperationId":"rbiy53jsk8ls9ma"}
{"type":"log","timestamp":1767273782039,"level":"debug","message":"Starting child request to render pptx dynamic parts","meta":{"rootId":"7afocdt6epdr9ev","id":"7afocdt6epdr9ev"},"id":"leocduu4k9sp71u","previousOperationId":"rbiy53jsk8ls9ma"}
{"type":"operationStart","subtype":"render","name":"anonymous","previousOperationId":"rbiy53jsk8ls9ma","timestamp":1767273782040,"id":"cesxpzo3smc8lam","previousEventId":"8li1w7ukd4td1hu","operationId":"lyn7f13irixrfdp"}
{"type":"log","timestamp":1767273782040,"level":"info","message":"Starting rendering (child) request","meta":{"rootId":"7afocdt6epdr9ev","id":"t97bn6kso5ewdk2"},"id":"3b10v9magda1y9f","previousOperationId":"lyn7f13irixrfdp"}
{"type":"log","timestamp":1767273782040,"level":"info","message":"Rendering anonymous template { recipe: html, engine: handlebars }","meta":{"rootId":"7afocdt6epdr9ev","id":"t97bn6kso5ewdk2"},"id":"ii8kdwo9pzv1egy","previousOperationId":"lyn7f13irixrfdp"}
{"type":"log","timestamp":1767273782040,"level":"debug","message":"Inline data specified.","meta":{"rootId":"7afocdt6epdr9ev","id":"t97bn6kso5ewdk2"},"id":"nfhv5etrwhwbaux","previousOperationId":"lyn7f13irixrfdp"}
{"type":"log","timestamp":1767273782046,"level":"debug","message":"Base url not specified, skipping its injection.","meta":{"rootId":"7afocdt6epdr9ev","id":"t97bn6kso5ewdk2"},"id":"azns159i35lfpeo","previousOperationId":"lyn7f13irixrfdp"}
{"type":"operationStart","subtype":"engine","name":"handlebars","timestamp":1767273782051,"id":"aj9k7cr53jhdiok","previousEventId":"cesxpzo3smc8lam","operationId":"mkxhuw7v4zn4ed7","previousOperationId":"lyn7f13irixrfdp"}
{"type":"log","timestamp":1767273782051,"level":"debug","message":"Rendering engine handlebars","meta":{"rootId":"7afocdt6epdr9ev","id":"t97bn6kso5ewdk2"},"id":"a4n2dhxde7qzijl","previousOperationId":"mkxhuw7v4zn4ed7"}
{"type":"log","timestamp":1767273782296,"level":"debug","message":"(console:log) {\n  type: 'echarts@v5a',\n  width: 848,\n  height: 409,\n  option: { radar: [ [Object] ], series: [ [Object] ] }\n}","meta":{"userLevel":true,"rootId":"7afocdt6epdr9ev","id":"t97bn6kso5ewdk2"},"id":"wcc2jafu565tlg6","previousOperationId":"mkxhuw7v4zn4ed7"}
{"type":"operationEnd","operationId":"mkxhuw7v4zn4ed7","timestamp":1767273782312,"id":"k4l0izowp6ob2ky","previousEventId":"aj9k7cr53jhdiok","previousOperationId":"mkxhuw7v4zn4ed7"}
{"type":"operationStart","subtype":"recipe","name":"html","timestamp":1767273782338,"id":"ouymdrzlkr2z80d","previousEventId":"k4l0izowp6ob2ky","operationId":"f0ltbv133zl5nfl","previousOperationId":"mkxhuw7v4zn4ed7"}
{"type":"log","timestamp":1767273782338,"level":"debug","message":"Executing recipe html","meta":{"rootId":"7afocdt6epdr9ev","id":"t97bn6kso5ewdk2"},"id":"fy9c0k92tarx6d8","previousOperationId":"f0ltbv133zl5nfl"}
{"type":"operationEnd","operationId":"f0ltbv133zl5nfl","timestamp":1767273782338,"id":"pr3h8t590ra8bic","previousEventId":"ouymdrzlkr2z80d","previousOperationId":"f0ltbv133zl5nfl"}
{"type":"log","timestamp":1767273782338,"level":"debug","message":"Skipping storing report.","meta":{"rootId":"7afocdt6epdr9ev","id":"t97bn6kso5ewdk2"},"id":"ojz3feylrvl7dei","previousOperationId":"f0ltbv133zl5nfl"}
{"type":"log","timestamp":1767273782338,"level":"info","message":"Rendering (child) request finished in 2507 ms","meta":{"rootId":"7afocdt6epdr9ev","id":"t97bn6kso5ewdk2"},"id":"w0tll5ytjmycscy","previousOperationId":"f0ltbv133zl5nfl"}
{"type":"operationEnd","subtype":"render","operationId":"lyn7f13irixrfdp","timestamp":1767273782338,"id":"e41pwj6sb00wm4p","previousEventId":"pr3h8t590ra8bic","previousOperationId":"f0ltbv133zl5nfl"}
{"type":"log","timestamp":1767273788638,"level":"debug","message":"pptx successfully zipped","meta":{"rootId":"7afocdt6epdr9ev","id":"7afocdt6epdr9ev"},"id":"3uqbtk9hlb8qxad","previousOperationId":"rbiy53jsk8ls9ma"}
{"type":"log","timestamp":1767273788638,"level":"info","message":"pptx generation was finished","meta":{"rootId":"7afocdt6epdr9ev","id":"7afocdt6epdr9ev"},"id":"gsyg8jgwsaef4ff","previousOperationId":"rbiy53jsk8ls9ma"}
{"type":"operationEnd","operationId":"rbiy53jsk8ls9ma","timestamp":1767273788650,"id":"3i1uc1dxy0mjyie","previousEventId":"8li1w7ukd4td1hu","previousOperationId":"rbiy53jsk8ls9ma"}
{"type":"log","timestamp":1767273788650,"level":"debug","message":"Skipping storing report.","meta":{"rootId":"7afocdt6epdr9ev","id":"7afocdt6epdr9ev"},"id":"tox323o5towuskw","previousOperationId":"rbiy53jsk8ls9ma"}
{"type":"log","timestamp":1767273788650,"level":"info","message":"Rendering request 4 finished in 8819 ms","meta":{"rootId":"7afocdt6epdr9ev","id":"7afocdt6epdr9ev"},"id":"y6z4fn2gj4yspd8","previousOperationId":"rbiy53jsk8ls9ma"}
{"type":"operationEnd","subtype":"render","operationId":"jx1m557smjnrvvg","timestamp":1767273788650,"id":"girw2uzzmzhm2np","previousEventId":"3i1uc1dxy0mjyie","previousOperationId":"rbiy53jsk8ls9ma"}
{"type":"operationEnd","doDiffs":false,"previousEventId":"gx2xczhj5yidypi","previousOperationId":"0xi2tkq717t6y5n","operationId":"0xi2tkq717t6y5n","timestamp":1767273788656,"id":"9apttdj2m8tgir2"}
