{"type":"operationStart","subtype":"profile","data":{"_id":"XZsEzubMGrcySnZl","timestamp":"2025-12-30T18:58:11.658Z","state":"running","mode":"standard","creationDate":"2025-12-30T18:58:11.661Z","modificationDate":"2025-12-30T18:58:11.661Z","shortid":"OZ3Syqk","$entitySet":"profiles","timeout":60000},"doDiffs":false,"timestamp":1767121091660,"id":"g8e8vc7pz0bitjn","previousOperationId":null,"operationId":"3kiwkaxwef7t2uh"}
{"type":"log","level":"info","message":"Render request 17 queued for execution and waiting for available worker","previousOperationId":"3kiwkaxwef7t2uh","timestamp":1767121091660,"id":"gvhfiohuo08ans0"}
{"type":"operationStart","subtype":"render","name":"anonymous","previousOperationId":"3kiwkaxwef7t2uh","timestamp":1767121091705,"id":"ijkdyp47csqbcat","previousEventId":"g8e8vc7pz0bitjn","operationId":"1v1ey07wia3ssui"}
{"type":"log","timestamp":1767121091705,"level":"info","message":"Starting rendering request 17","meta":{"rootId":"7bimeez1evxutid","id":"7bimeez1evxutid"},"id":"g4mxns7iyb9ap1q","previousOperationId":"1v1ey07wia3ssui"}
{"type":"log","timestamp":1767121091705,"level":"info","message":"Rendering anonymous template { recipe: pptx, engine: handlebars }","meta":{"rootId":"7bimeez1evxutid","id":"7bimeez1evxutid"},"id":"ytwtn7437gvtvdq","previousOperationId":"1v1ey07wia3ssui"}
{"type":"log","timestamp":1767121091705,"level":"debug","message":"Inline data specified.","meta":{"rootId":"7bimeez1evxutid","id":"7bimeez1evxutid"},"id":"7k1rgnrmbi3cape","previousOperationId":"1v1ey07wia3ssui"}
{"type":"log","timestamp":1767121091707,"level":"debug","message":"Base url not specified, skipping its injection.","meta":{"rootId":"7bimeez1evxutid","id":"7bimeez1evxutid"},"id":"0f8evfpbsrg5q50","previousOperationId":"1v1ey07wia3ssui"}
{"type":"operationStart","subtype":"engine","name":"handlebars","timestamp":1767121091708,"id":"xb8r2zca3nzrh67","previousEventId":"ijkdyp47csqbcat","operationId":"mrk5l1mjlchxf3g","previousOperationId":"1v1ey07wia3ssui"}
{"type":"log","timestamp":1767121091708,"level":"debug","message":"Rendering engine handlebars","meta":{"rootId":"7bimeez1evxutid","id":"7bimeez1evxutid"},"id":"t83z2k5ysjeivnh","previousOperationId":"mrk5l1mjlchxf3g"}
{"type":"operationEnd","operationId":"mrk5l1mjlchxf3g","timestamp":1767121091723,"id":"4myspv1a6z2t39e","previousEventId":"xb8r2zca3nzrh67","previousOperationId":"mrk5l1mjlchxf3g"}
{"type":"operationStart","subtype":"recipe","name":"pptx","timestamp":1767121091723,"id":"lnh9z7e53drty4r","previousEventId":"4myspv1a6z2t39e","operationId":"3ft5jnomkbo404v","previousOperationId":"mrk5l1mjlchxf3g"}
{"type":"log","timestamp":1767121091723,"level":"debug","message":"Executing recipe pptx","meta":{"rootId":"7bimeez1evxutid","id":"7bimeez1evxutid"},"id":"b2gbcw2xb14oaao","previousOperationId":"3ft5jnomkbo404v"}
{"type":"log","timestamp":1767121091744,"level":"info","message":"pptx generation is starting","meta":{"rootId":"7bimeez1evxutid","id":"7bimeez1evxutid"},"id":"mibqvmcjq544slt","previousOperationId":"3ft5jnomkbo404v"}
{"type":"log","timestamp":1767121092965,"level":"debug","message":"Starting child request to render pptx dynamic parts","meta":{"rootId":"7bimeez1evxutid","id":"7bimeez1evxutid"},"id":"iswf8fi8abffl9m","previousOperationId":"3ft5jnomkbo404v"}
{"type":"operationStart","subtype":"render","name":"anonymous","previousOperationId":"3ft5jnomkbo404v","timestamp":1767121092966,"id":"7aeb8r96gso53wk","previousEventId":"lnh9z7e53drty4r","operationId":"wsvt4yxhwyx6zap"}
{"type":"log","timestamp":1767121092966,"level":"info","message":"Starting rendering (child) request","meta":{"rootId":"7bimeez1evxutid","id":"2gf0gc4g7ccu7ln"},"id":"23kuhasu1yufay4","previousOperationId":"wsvt4yxhwyx6zap"}
{"type":"log","timestamp":1767121092966,"level":"info","message":"Rendering anonymous template { recipe: html, engine: handlebars }","meta":{"rootId":"7bimeez1evxutid","id":"2gf0gc4g7ccu7ln"},"id":"01n5cykftdm8fix","previousOperationId":"wsvt4yxhwyx6zap"}
{"type":"log","timestamp":1767121092966,"level":"debug","message":"Inline data specified.","meta":{"rootId":"7bimeez1evxutid","id":"2gf0gc4g7ccu7ln"},"id":"qwaz6iwqcfr30rl","previousOperationId":"wsvt4yxhwyx6zap"}
{"type":"log","timestamp":1767121092970,"level":"debug","message":"Base url not specified, skipping its injection.","meta":{"rootId":"7bimeez1evxutid","id":"2gf0gc4g7ccu7ln"},"id":"2z00io5r8wgt9sf","previousOperationId":"wsvt4yxhwyx6zap"}
{"type":"operationStart","subtype":"engine","name":"handlebars","timestamp":1767121092971,"id":"5znkg2bvavgfbqk","previousEventId":"7aeb8r96gso53wk","operationId":"qrdidbeez7cj3lw","previousOperationId":"wsvt4yxhwyx6zap"}
{"type":"log","timestamp":1767121092971,"level":"debug","message":"Rendering engine handlebars","meta":{"rootId":"7bimeez1evxutid","id":"2gf0gc4g7ccu7ln"},"id":"27gjntummpv2nqr","previousOperationId":"qrdidbeez7cj3lw"}
{"type":"log","timestamp":1767121093095,"level":"debug","message":"(console:log) {\n  type: 'echarts@v5a',\n  width: 848,\n  height: 409,\n  option: { radar: [ [Object] ], series: [ [Object] ] }\n}","meta":{"userLevel":true,"rootId":"7bimeez1evxutid","id":"2gf0gc4g7ccu7ln"},"id":"nyz9xdd3hdcb3fx","previousOperationId":"qrdidbeez7cj3lw"}
{"type":"operationEnd","operationId":"qrdidbeez7cj3lw","timestamp":1767121093102,"id":"olfo78j3uum8ji1","previousEventId":"5znkg2bvavgfbqk","previousOperationId":"qrdidbeez7cj3lw"}
{"type":"operationStart","subtype":"recipe","name":"html","timestamp":1767121093111,"id":"xxmu2xrfmkrloz6","previousEventId":"olfo78j3uum8ji1","operationId":"tjzrjk1u5k9x162","previousOperationId":"qrdidbeez7cj3lw"}
{"type":"log","timestamp":1767121093111,"level":"debug","message":"Executing recipe html","meta":{"rootId":"7bimeez1evxutid","id":"2gf0gc4g7ccu7ln"},"id":"k7f3ynyun78jov9","previousOperationId":"tjzrjk1u5k9x162"}
{"type":"operationEnd","operationId":"tjzrjk1u5k9x162","timestamp":1767121093111,"id":"9xyyv3r4p2ryto3","previousEventId":"xxmu2xrfmkrloz6","previousOperationId":"tjzrjk1u5k9x162"}
{"type":"log","timestamp":1767121093111,"level":"debug","message":"Skipping storing report.","meta":{"rootId":"7bimeez1evxutid","id":"2gf0gc4g7ccu7ln"},"id":"zrqvhwluunxbzga","previousOperationId":"tjzrjk1u5k9x162"}
{"type":"log","timestamp":1767121093111,"level":"info","message":"Rendering (child) request finished in 1454 ms","meta":{"rootId":"7bimeez1evxutid","id":"2gf0gc4g7ccu7ln"},"id":"n9zc7ptdmdh0ejt","previousOperationId":"tjzrjk1u5k9x162"}
{"type":"operationEnd","subtype":"render","operationId":"wsvt4yxhwyx6zap","timestamp":1767121093111,"id":"yzwexkqbpqdzsqv","previousEventId":"9xyyv3r4p2ryto3","previousOperationId":"tjzrjk1u5k9x162"}
{"type":"log","timestamp":1767121096703,"level":"debug","message":"pptx successfully zipped","meta":{"rootId":"7bimeez1evxutid","id":"7bimeez1evxutid"},"id":"a7rlj5dsem1gf35","previousOperationId":"3ft5jnomkbo404v"}
{"type":"log","timestamp":1767121096703,"level":"info","message":"pptx generation was finished","meta":{"rootId":"7bimeez1evxutid","id":"7bimeez1evxutid"},"id":"cwheaj0gl7qmxin","previousOperationId":"3ft5jnomkbo404v"}
{"type":"operationEnd","operationId":"3ft5jnomkbo404v","timestamp":1767121096711,"id":"lprh7l0448vys36","previousEventId":"lnh9z7e53drty4r","previousOperationId":"3ft5jnomkbo404v"}
{"type":"log","timestamp":1767121096712,"level":"debug","message":"Skipping storing report.","meta":{"rootId":"7bimeez1evxutid","id":"7bimeez1evxutid"},"id":"9nbu6dfs44zcg8s","previousOperationId":"3ft5jnomkbo404v"}
{"type":"log","timestamp":1767121096712,"level":"info","message":"Rendering request 17 finished in 5055 ms","meta":{"rootId":"7bimeez1evxutid","id":"7bimeez1evxutid"},"id":"nf5dg7aqiq2rkbw","previousOperationId":"3ft5jnomkbo404v"}
{"type":"operationEnd","subtype":"render","operationId":"1v1ey07wia3ssui","timestamp":1767121096712,"id":"6pu495uto84g4tj","previousEventId":"lprh7l0448vys36","previousOperationId":"3ft5jnomkbo404v"}
{"type":"operationEnd","doDiffs":false,"previousEventId":"g8e8vc7pz0bitjn","previousOperationId":"3kiwkaxwef7t2uh","operationId":"3kiwkaxwef7t2uh","timestamp":1767121096716,"id":"lf5pq8s51xkgo49"}
