{"type":"operationStart","subtype":"profile","data":{"_id":"EqSwtzroqYtN9imF","timestamp":"2025-12-30T18:57:46.240Z","state":"running","mode":"standard","creationDate":"2025-12-30T18:57:46.243Z","modificationDate":"2025-12-30T18:57:46.243Z","shortid":"t7rLmel","$entitySet":"profiles","timeout":60000},"doDiffs":false,"timestamp":1767121066242,"id":"r0ljf0lh532v0ud","previousOperationId":null,"operationId":"rdt2et6jc0rhksn"}
{"type":"log","level":"info","message":"Render request 16 queued for execution and waiting for available worker","previousOperationId":"rdt2et6jc0rhksn","timestamp":1767121066242,"id":"8d45ux320rz2gf8"}
{"type":"operationStart","subtype":"render","name":"anonymous","previousOperationId":"rdt2et6jc0rhksn","timestamp":1767121066290,"id":"688xfcp9ek0tgfa","previousEventId":"r0ljf0lh532v0ud","operationId":"imuog0z47ccxlwj"}
{"type":"log","timestamp":1767121066290,"level":"info","message":"Starting rendering request 16","meta":{"rootId":"7e68oht1dqmr8x0","id":"7e68oht1dqmr8x0"},"id":"vla5xhuiedbdxyg","previousOperationId":"imuog0z47ccxlwj"}
{"type":"log","timestamp":1767121066290,"level":"info","message":"Rendering anonymous template { recipe: pptx, engine: handlebars }","meta":{"rootId":"7e68oht1dqmr8x0","id":"7e68oht1dqmr8x0"},"id":"y3vfjocgq6x2gez","previousOperationId":"imuog0z47ccxlwj"}
{"type":"log","timestamp":1767121066291,"level":"debug","message":"Inline data specified.","meta":{"rootId":"7e68oht1dqmr8x0","id":"7e68oht1dqmr8x0"},"id":"ref9233q0any7e8","previousOperationId":"imuog0z47ccxlwj"}
{"type":"log","timestamp":1767121066293,"level":"debug","message":"Base url not specified, skipping its injection.","meta":{"rootId":"7e68oht1dqmr8x0","id":"7e68oht1dqmr8x0"},"id":"fqovnil3m1bpcqn","previousOperationId":"imuog0z47ccxlwj"}
{"type":"operationStart","subtype":"engine","name":"handlebars","timestamp":1767121066293,"id":"j43dee1q5kyum38","previousEventId":"688xfcp9ek0tgfa","operationId":"hktffnitajkrvqc","previousOperationId":"imuog0z47ccxlwj"}
{"type":"log","timestamp":1767121066293,"level":"debug","message":"Rendering engine handlebars","meta":{"rootId":"7e68oht1dqmr8x0","id":"7e68oht1dqmr8x0"},"id":"2qxo8wff6f49qe2","previousOperationId":"hktffnitajkrvqc"}
{"type":"operationEnd","operationId":"hktffnitajkrvqc","timestamp":1767121066308,"id":"knodmgor5jyko8n","previousEventId":"j43dee1q5kyum38","previousOperationId":"hktffnitajkrvqc"}
{"type":"operationStart","subtype":"recipe","name":"pptx","timestamp":1767121066309,"id":"peb4j204mqwcn31","previousEventId":"knodmgor5jyko8n","operationId":"7l89wfuim6nhjph","previousOperationId":"hktffnitajkrvqc"}
{"type":"log","timestamp":1767121066309,"level":"debug","message":"Executing recipe pptx","meta":{"rootId":"7e68oht1dqmr8x0","id":"7e68oht1dqmr8x0"},"id":"n11ameox8yc2akc","previousOperationId":"7l89wfuim6nhjph"}
{"type":"log","timestamp":1767121066334,"level":"info","message":"pptx generation is starting","meta":{"rootId":"7e68oht1dqmr8x0","id":"7e68oht1dqmr8x0"},"id":"k0hlhosvixfedcy","previousOperationId":"7l89wfuim6nhjph"}
{"type":"log","timestamp":1767121067522,"level":"debug","message":"Starting child request to render pptx dynamic parts","meta":{"rootId":"7e68oht1dqmr8x0","id":"7e68oht1dqmr8x0"},"id":"suts2u28kc53kyn","previousOperationId":"7l89wfuim6nhjph"}
{"type":"operationStart","subtype":"render","name":"anonymous","previousOperationId":"7l89wfuim6nhjph","timestamp":1767121067522,"id":"uios15h3pcbbwuj","previousEventId":"peb4j204mqwcn31","operationId":"z5q9dd94erqrz4l"}
{"type":"log","timestamp":1767121067522,"level":"info","message":"Starting rendering (child) request","meta":{"rootId":"7e68oht1dqmr8x0","id":"0j6nqeqqomf59yl"},"id":"qu3gybhw5yrd15j","previousOperationId":"z5q9dd94erqrz4l"}
{"type":"log","timestamp":1767121067522,"level":"info","message":"Rendering anonymous template { recipe: html, engine: handlebars }","meta":{"rootId":"7e68oht1dqmr8x0","id":"0j6nqeqqomf59yl"},"id":"cezdaa2arkxjzpv","previousOperationId":"z5q9dd94erqrz4l"}
{"type":"log","timestamp":1767121067522,"level":"debug","message":"Inline data specified.","meta":{"rootId":"7e68oht1dqmr8x0","id":"0j6nqeqqomf59yl"},"id":"zv4xgrn5dr7p9d3","previousOperationId":"z5q9dd94erqrz4l"}
{"type":"log","timestamp":1767121067526,"level":"debug","message":"Base url not specified, skipping its injection.","meta":{"rootId":"7e68oht1dqmr8x0","id":"0j6nqeqqomf59yl"},"id":"6vp2fxhe9bxr1d0","previousOperationId":"z5q9dd94erqrz4l"}
{"type":"operationStart","subtype":"engine","name":"handlebars","timestamp":1767121067528,"id":"ktpueslyicnj3ki","previousEventId":"uios15h3pcbbwuj","operationId":"7s0zgcwwpezp6o5","previousOperationId":"z5q9dd94erqrz4l"}
{"type":"log","timestamp":1767121067528,"level":"debug","message":"Rendering engine handlebars","meta":{"rootId":"7e68oht1dqmr8x0","id":"0j6nqeqqomf59yl"},"id":"0wok4ajrsz4ubge","previousOperationId":"7s0zgcwwpezp6o5"}
{"type":"log","timestamp":1767121067639,"level":"debug","message":"(console:log) {\n  type: 'echarts@v5a',\n  width: 848,\n  height: 409,\n  option: { radar: [ [Object] ], series: [ [Object] ] }\n}","meta":{"userLevel":true,"rootId":"7e68oht1dqmr8x0","id":"0j6nqeqqomf59yl"},"id":"uytg1dfa759ck8l","previousOperationId":"7s0zgcwwpezp6o5"}
{"type":"operationEnd","operationId":"7s0zgcwwpezp6o5","timestamp":1767121067646,"id":"9fuj0xxnvl2duei","previousEventId":"ktpueslyicnj3ki","previousOperationId":"7s0zgcwwpezp6o5"}
{"type":"operationStart","subtype":"recipe","name":"html","timestamp":1767121067659,"id":"ezizg8jqbwglv20","previousEventId":"9fuj0xxnvl2duei","operationId":"v5pu1wmegt7xt91","previousOperationId":"7s0zgcwwpezp6o5"}
{"type":"log","timestamp":1767121067659,"level":"debug","message":"Executing recipe html","meta":{"rootId":"7e68oht1dqmr8x0","id":"0j6nqeqqomf59yl"},"id":"4epafhm61ag8evr","previousOperationId":"v5pu1wmegt7xt91"}
{"type":"operationEnd","operationId":"v5pu1wmegt7xt91","timestamp":1767121067659,"id":"1ysyb76of16n5pj","previousEventId":"ezizg8jqbwglv20","previousOperationId":"v5pu1wmegt7xt91"}
{"type":"log","timestamp":1767121067659,"level":"debug","message":"Skipping storing report.","meta":{"rootId":"7e68oht1dqmr8x0","id":"0j6nqeqqomf59yl"},"id":"x1076jrf3u6m1jk","previousOperationId":"v5pu1wmegt7xt91"}
{"type":"log","timestamp":1767121067659,"level":"info","message":"Rendering (child) request finished in 1420 ms","meta":{"rootId":"7e68oht1dqmr8x0","id":"0j6nqeqqomf59yl"},"id":"zlxh5udsgmadff0","previousOperationId":"v5pu1wmegt7xt91"}
{"type":"operationEnd","subtype":"render","operationId":"z5q9dd94erqrz4l","timestamp":1767121067659,"id":"5vkiaa5fdpd70gq","previousEventId":"1ysyb76of16n5pj","previousOperationId":"v5pu1wmegt7xt91"}
{"type":"log","timestamp":1767121071136,"level":"debug","message":"pptx successfully zipped","meta":{"rootId":"7e68oht1dqmr8x0","id":"7e68oht1dqmr8x0"},"id":"u41ybyiyv5f529b","previousOperationId":"7l89wfuim6nhjph"}
{"type":"log","timestamp":1767121071136,"level":"info","message":"pptx generation was finished","meta":{"rootId":"7e68oht1dqmr8x0","id":"7e68oht1dqmr8x0"},"id":"rovnam37zmi1te4","previousOperationId":"7l89wfuim6nhjph"}
{"type":"operationEnd","operationId":"7l89wfuim6nhjph","timestamp":1767121071144,"id":"jzacpv7bo132nxw","previousEventId":"peb4j204mqwcn31","previousOperationId":"7l89wfuim6nhjph"}
{"type":"log","timestamp":1767121071144,"level":"debug","message":"Skipping storing report.","meta":{"rootId":"7e68oht1dqmr8x0","id":"7e68oht1dqmr8x0"},"id":"ns01jc1pklejd6i","previousOperationId":"7l89wfuim6nhjph"}
{"type":"log","timestamp":1767121071144,"level":"info","message":"Rendering request 16 finished in 4905 ms","meta":{"rootId":"7e68oht1dqmr8x0","id":"7e68oht1dqmr8x0"},"id":"1orvh8x76b9u30v","previousOperationId":"7l89wfuim6nhjph"}
{"type":"operationEnd","subtype":"render","operationId":"imuog0z47ccxlwj","timestamp":1767121071144,"id":"t37ev8b5rp4bd25","previousEventId":"jzacpv7bo132nxw","previousOperationId":"7l89wfuim6nhjph"}
{"type":"operationEnd","doDiffs":false,"previousEventId":"r0ljf0lh532v0ud","previousOperationId":"rdt2et6jc0rhksn","operationId":"rdt2et6jc0rhksn","timestamp":1767121071149,"id":"t7wdtuftt8z7kw6"}
