{"type":"operationStart","subtype":"profile","data":{"_id":"iJZmwsFWkc9D0jJc","timestamp":"2025-12-30T20:06:10.886Z","state":"running","mode":"standard","creationDate":"2025-12-30T20:06:10.889Z","modificationDate":"2025-12-30T20:06:10.889Z","shortid":"ONnmsmz","$entitySet":"profiles","timeout":60000},"doDiffs":false,"timestamp":1767125170888,"id":"rldox9y7pnix77b","previousOperationId":null,"operationId":"hzbz3v96kb6rhzk"}
{"type":"log","level":"info","message":"Render request 23 queued for execution and waiting for available worker","previousOperationId":"hzbz3v96kb6rhzk","timestamp":1767125170888,"id":"etl775pg4bz9b4o"}
{"type":"operationStart","subtype":"render","name":"anonymous","previousOperationId":"hzbz3v96kb6rhzk","timestamp":1767125170936,"id":"3iqxq2dygtre4ae","previousEventId":"rldox9y7pnix77b","operationId":"l2abwv1p1gi23zr"}
{"type":"log","timestamp":1767125170937,"level":"info","message":"Starting rendering request 23","meta":{"rootId":"7fo050o0160kl89","id":"7fo050o0160kl89"},"id":"lnvk7793o4cncfk","previousOperationId":"l2abwv1p1gi23zr"}
{"type":"log","timestamp":1767125170937,"level":"info","message":"Rendering anonymous template { recipe: pptx, engine: handlebars }","meta":{"rootId":"7fo050o0160kl89","id":"7fo050o0160kl89"},"id":"1200u7xkc8s5uu4","previousOperationId":"l2abwv1p1gi23zr"}
{"type":"log","timestamp":1767125170937,"level":"debug","message":"Inline data specified.","meta":{"rootId":"7fo050o0160kl89","id":"7fo050o0160kl89"},"id":"f8z7vm6lk8e8wyt","previousOperationId":"l2abwv1p1gi23zr"}
{"type":"log","timestamp":1767125170944,"level":"debug","message":"Base url not specified, skipping its injection.","meta":{"rootId":"7fo050o0160kl89","id":"7fo050o0160kl89"},"id":"n9gi57kdcwjbd9a","previousOperationId":"l2abwv1p1gi23zr"}
{"type":"operationStart","subtype":"engine","name":"handlebars","timestamp":1767125170944,"id":"ihqqsqifa96ag9r","previousEventId":"3iqxq2dygtre4ae","operationId":"yirmt3vhc6p9en8","previousOperationId":"l2abwv1p1gi23zr"}
{"type":"log","timestamp":1767125170945,"level":"debug","message":"Rendering engine handlebars","meta":{"rootId":"7fo050o0160kl89","id":"7fo050o0160kl89"},"id":"kf28e69463u20rq","previousOperationId":"yirmt3vhc6p9en8"}
{"type":"operationEnd","operationId":"yirmt3vhc6p9en8","timestamp":1767125170963,"id":"rqx9sphfcoqkios","previousEventId":"ihqqsqifa96ag9r","previousOperationId":"yirmt3vhc6p9en8"}
{"type":"operationStart","subtype":"recipe","name":"pptx","timestamp":1767125170963,"id":"4suszlpu0t8g6ml","previousEventId":"rqx9sphfcoqkios","operationId":"dyyylhnz5e114rq","previousOperationId":"yirmt3vhc6p9en8"}
{"type":"log","timestamp":1767125170963,"level":"debug","message":"Executing recipe pptx","meta":{"rootId":"7fo050o0160kl89","id":"7fo050o0160kl89"},"id":"bbuag1zen1fqrnd","previousOperationId":"dyyylhnz5e114rq"}
{"type":"log","timestamp":1767125170982,"level":"info","message":"pptx generation is starting","meta":{"rootId":"7fo050o0160kl89","id":"7fo050o0160kl89"},"id":"04pvmf7q15uc0c2","previousOperationId":"dyyylhnz5e114rq"}
{"type":"log","timestamp":1767125172192,"level":"debug","message":"Starting child request to render pptx dynamic parts","meta":{"rootId":"7fo050o0160kl89","id":"7fo050o0160kl89"},"id":"nmg3yip2yku45f3","previousOperationId":"dyyylhnz5e114rq"}
{"type":"operationStart","subtype":"render","name":"anonymous","previousOperationId":"dyyylhnz5e114rq","timestamp":1767125172192,"id":"hhw9nk7y1qpys31","previousEventId":"4suszlpu0t8g6ml","operationId":"i0y71cfwqbvg2cw"}
{"type":"log","timestamp":1767125172192,"level":"info","message":"Starting rendering (child) request","meta":{"rootId":"7fo050o0160kl89","id":"ur2014ezpjibj64"},"id":"1xj7ktsbzot4te6","previousOperationId":"i0y71cfwqbvg2cw"}
{"type":"log","timestamp":1767125172192,"level":"info","message":"Rendering anonymous template { recipe: html, engine: handlebars }","meta":{"rootId":"7fo050o0160kl89","id":"ur2014ezpjibj64"},"id":"mq3pvnr40x8d30y","previousOperationId":"i0y71cfwqbvg2cw"}
{"type":"log","timestamp":1767125172192,"level":"debug","message":"Inline data specified.","meta":{"rootId":"7fo050o0160kl89","id":"ur2014ezpjibj64"},"id":"bvvf2y9g2jkbm2r","previousOperationId":"i0y71cfwqbvg2cw"}
{"type":"log","timestamp":1767125172195,"level":"debug","message":"Base url not specified, skipping its injection.","meta":{"rootId":"7fo050o0160kl89","id":"ur2014ezpjibj64"},"id":"5364l9mxja6kq35","previousOperationId":"i0y71cfwqbvg2cw"}
{"type":"operationStart","subtype":"engine","name":"handlebars","timestamp":1767125172197,"id":"ktnrx3oj9cv3h3w","previousEventId":"hhw9nk7y1qpys31","operationId":"9ydv24wu2hj0bjp","previousOperationId":"i0y71cfwqbvg2cw"}
{"type":"log","timestamp":1767125172197,"level":"debug","message":"Rendering engine handlebars","meta":{"rootId":"7fo050o0160kl89","id":"ur2014ezpjibj64"},"id":"pl8yw3ocljrw3ug","previousOperationId":"9ydv24wu2hj0bjp"}
{"type":"log","timestamp":1767125172310,"level":"debug","message":"(console:log) {\n  type: 'echarts@v5a',\n  width: 848,\n  height: 409,\n  option: { radar: [ [Object] ], series: [ [Object] ] }\n}","meta":{"userLevel":true,"rootId":"7fo050o0160kl89","id":"ur2014ezpjibj64"},"id":"ywvyy6d6l72isrn","previousOperationId":"9ydv24wu2hj0bjp"}
{"type":"operationEnd","operationId":"9ydv24wu2hj0bjp","timestamp":1767125172317,"id":"hc7pxijk4n7sujk","previousEventId":"ktnrx3oj9cv3h3w","previousOperationId":"9ydv24wu2hj0bjp"}
{"type":"operationStart","subtype":"recipe","name":"html","timestamp":1767125172329,"id":"d27xh5rirw8it0c","previousEventId":"hc7pxijk4n7sujk","operationId":"op2z5m2nqkf9br2","previousOperationId":"9ydv24wu2hj0bjp"}
{"type":"log","timestamp":1767125172329,"level":"debug","message":"Executing recipe html","meta":{"rootId":"7fo050o0160kl89","id":"ur2014ezpjibj64"},"id":"jqcc55khm1bggpz","previousOperationId":"op2z5m2nqkf9br2"}
{"type":"operationEnd","operationId":"op2z5m2nqkf9br2","timestamp":1767125172329,"id":"5tajwm4zub8l0cx","previousEventId":"d27xh5rirw8it0c","previousOperationId":"op2z5m2nqkf9br2"}
{"type":"log","timestamp":1767125172329,"level":"debug","message":"Skipping storing report.","meta":{"rootId":"7fo050o0160kl89","id":"ur2014ezpjibj64"},"id":"jlw77qnirkhx9l4","previousOperationId":"op2z5m2nqkf9br2"}
{"type":"log","timestamp":1767125172329,"level":"info","message":"Rendering (child) request finished in 1443 ms","meta":{"rootId":"7fo050o0160kl89","id":"ur2014ezpjibj64"},"id":"ni5wgs1yi1jl974","previousOperationId":"op2z5m2nqkf9br2"}
{"type":"operationEnd","subtype":"render","operationId":"i0y71cfwqbvg2cw","timestamp":1767125172329,"id":"bfpo43it3x3097b","previousEventId":"5tajwm4zub8l0cx","previousOperationId":"op2z5m2nqkf9br2"}
{"type":"log","timestamp":1767125175802,"level":"debug","message":"pptx successfully zipped","meta":{"rootId":"7fo050o0160kl89","id":"7fo050o0160kl89"},"id":"g34vw29rblt53g5","previousOperationId":"dyyylhnz5e114rq"}
{"type":"log","timestamp":1767125175802,"level":"info","message":"pptx generation was finished","meta":{"rootId":"7fo050o0160kl89","id":"7fo050o0160kl89"},"id":"4jtqmxfsavno021","previousOperationId":"dyyylhnz5e114rq"}
{"type":"operationEnd","operationId":"dyyylhnz5e114rq","timestamp":1767125175810,"id":"sv3797d2rw2o9o2","previousEventId":"4suszlpu0t8g6ml","previousOperationId":"dyyylhnz5e114rq"}
{"type":"log","timestamp":1767125175810,"level":"debug","message":"Skipping storing report.","meta":{"rootId":"7fo050o0160kl89","id":"7fo050o0160kl89"},"id":"o1jyenuhlhc5bwk","previousOperationId":"dyyylhnz5e114rq"}
{"type":"log","timestamp":1767125175811,"level":"info","message":"Rendering request 23 finished in 4925 ms","meta":{"rootId":"7fo050o0160kl89","id":"7fo050o0160kl89"},"id":"ier7mrktbz1kh82","previousOperationId":"dyyylhnz5e114rq"}
{"type":"operationEnd","subtype":"render","operationId":"l2abwv1p1gi23zr","timestamp":1767125175811,"id":"rb61e5m6tfrpmm9","previousEventId":"sv3797d2rw2o9o2","previousOperationId":"dyyylhnz5e114rq"}
{"type":"operationEnd","doDiffs":false,"previousEventId":"rldox9y7pnix77b","previousOperationId":"hzbz3v96kb6rhzk","operationId":"hzbz3v96kb6rhzk","timestamp":1767125175814,"id":"5l5q5kcas6w0am8"}
