{"type":"operationStart","subtype":"profile","data":{"_id":"E6wIEml1UzSaF8jV","timestamp":"2025-12-07T20:22:06.844Z","state":"running","mode":"standard","creationDate":"2025-12-07T20:22:06.849Z","modificationDate":"2025-12-07T20:22:06.849Z","shortid":"wG9DTtt","$entitySet":"profiles","timeout":60000},"doDiffs":false,"timestamp":1765138926847,"id":"xucqceoor5vlawp","previousOperationId":null,"operationId":"wd6l68r22wep4iv"}
{"type":"log","level":"info","message":"Render request 41 queued for execution and waiting for available worker","previousOperationId":"wd6l68r22wep4iv","timestamp":1765138926847,"id":"09miby5iscyxc6r"}
{"type":"operationStart","subtype":"render","name":"anonymous","previousOperationId":"wd6l68r22wep4iv","timestamp":1765138926915,"id":"akp1swbtp9culqq","previousEventId":"xucqceoor5vlawp","operationId":"tiyvw0882r0d199"}
{"type":"log","timestamp":1765138926915,"level":"info","message":"Starting rendering request 41","meta":{"rootId":"7fsw3xrlt0inm8x","id":"7fsw3xrlt0inm8x"},"id":"lwm163qw0keaxtr","previousOperationId":"tiyvw0882r0d199"}
{"type":"log","timestamp":1765138926916,"level":"info","message":"Rendering anonymous template { recipe: pptx, engine: handlebars }","meta":{"rootId":"7fsw3xrlt0inm8x","id":"7fsw3xrlt0inm8x"},"id":"wh8yi5v6r4hd8b2","previousOperationId":"tiyvw0882r0d199"}
{"type":"log","timestamp":1765138926916,"level":"debug","message":"Inline data specified.","meta":{"rootId":"7fsw3xrlt0inm8x","id":"7fsw3xrlt0inm8x"},"id":"000tmrbfwp8vdkh","previousOperationId":"tiyvw0882r0d199"}
{"type":"log","timestamp":1765138926919,"level":"debug","message":"Base url not specified, skipping its injection.","meta":{"rootId":"7fsw3xrlt0inm8x","id":"7fsw3xrlt0inm8x"},"id":"ai0zxbx3s70e6v2","previousOperationId":"tiyvw0882r0d199"}
{"type":"operationStart","subtype":"engine","name":"handlebars","timestamp":1765138926919,"id":"x4t2ielkwp2luut","previousEventId":"akp1swbtp9culqq","operationId":"1o3kpb41mnwoobr","previousOperationId":"tiyvw0882r0d199"}
{"type":"log","timestamp":1765138926919,"level":"debug","message":"Rendering engine handlebars","meta":{"rootId":"7fsw3xrlt0inm8x","id":"7fsw3xrlt0inm8x"},"id":"m0901ytvbqxl6g4","previousOperationId":"1o3kpb41mnwoobr"}
{"type":"operationEnd","operationId":"1o3kpb41mnwoobr","timestamp":1765138926938,"id":"rzw2gvq7z7olhc6","previousEventId":"x4t2ielkwp2luut","previousOperationId":"1o3kpb41mnwoobr"}
{"type":"operationStart","subtype":"recipe","name":"pptx","timestamp":1765138926939,"id":"uses7n5dzlfhhhb","previousEventId":"rzw2gvq7z7olhc6","operationId":"y3e01umsruuq7bl","previousOperationId":"1o3kpb41mnwoobr"}
{"type":"log","timestamp":1765138926939,"level":"debug","message":"Executing recipe pptx","meta":{"rootId":"7fsw3xrlt0inm8x","id":"7fsw3xrlt0inm8x"},"id":"4flnsent11cgx8h","previousOperationId":"y3e01umsruuq7bl"}
{"type":"log","timestamp":1765138926970,"level":"info","message":"pptx generation is starting","meta":{"rootId":"7fsw3xrlt0inm8x","id":"7fsw3xrlt0inm8x"},"id":"2p09s4ebd4mw84z","previousOperationId":"y3e01umsruuq7bl"}
{"type":"log","timestamp":1765138928631,"level":"debug","message":"Starting child request to render pptx dynamic parts","meta":{"rootId":"7fsw3xrlt0inm8x","id":"7fsw3xrlt0inm8x"},"id":"xll5vyhxwsgtg0t","previousOperationId":"y3e01umsruuq7bl"}
{"type":"operationStart","subtype":"render","name":"anonymous","previousOperationId":"y3e01umsruuq7bl","timestamp":1765138928632,"id":"1crgz0v51h8f6v9","previousEventId":"uses7n5dzlfhhhb","operationId":"nglmiky4z063z56"}
{"type":"log","timestamp":1765138928632,"level":"info","message":"Starting rendering (child) request","meta":{"rootId":"7fsw3xrlt0inm8x","id":"sgwutgauvstnvx8"},"id":"7z76q839pkzk4mc","previousOperationId":"nglmiky4z063z56"}
{"type":"log","timestamp":1765138928632,"level":"info","message":"Rendering anonymous template { recipe: html, engine: handlebars }","meta":{"rootId":"7fsw3xrlt0inm8x","id":"sgwutgauvstnvx8"},"id":"fuh4sziamjah8og","previousOperationId":"nglmiky4z063z56"}
{"type":"log","timestamp":1765138928632,"level":"debug","message":"Inline data specified.","meta":{"rootId":"7fsw3xrlt0inm8x","id":"sgwutgauvstnvx8"},"id":"v39as9q9cjn79ai","previousOperationId":"nglmiky4z063z56"}
{"type":"log","timestamp":1765138928640,"level":"debug","message":"Base url not specified, skipping its injection.","meta":{"rootId":"7fsw3xrlt0inm8x","id":"sgwutgauvstnvx8"},"id":"wza2sj0jpe080mz","previousOperationId":"nglmiky4z063z56"}
{"type":"operationStart","subtype":"engine","name":"handlebars","timestamp":1765138928643,"id":"dup7hod6kkdawgq","previousEventId":"1crgz0v51h8f6v9","operationId":"5hu1kz442mcpl1o","previousOperationId":"nglmiky4z063z56"}
{"type":"log","timestamp":1765138928644,"level":"debug","message":"Rendering engine handlebars","meta":{"rootId":"7fsw3xrlt0inm8x","id":"sgwutgauvstnvx8"},"id":"tuuwmp6scsa0hr6","previousOperationId":"5hu1kz442mcpl1o"}
{"type":"operationEnd","operationId":"5hu1kz442mcpl1o","timestamp":1765138928792,"id":"hqz5964lz0jvl72","previousEventId":"dup7hod6kkdawgq","previousOperationId":"5hu1kz442mcpl1o"}
{"type":"operationStart","subtype":"recipe","name":"html","timestamp":1765138928806,"id":"l5yvik5o22qek4l","previousEventId":"hqz5964lz0jvl72","operationId":"ebhjqlializ143b","previousOperationId":"5hu1kz442mcpl1o"}
{"type":"log","timestamp":1765138928806,"level":"debug","message":"Executing recipe html","meta":{"rootId":"7fsw3xrlt0inm8x","id":"sgwutgauvstnvx8"},"id":"e5euto4jv23irqf","previousOperationId":"ebhjqlializ143b"}
{"type":"operationEnd","operationId":"ebhjqlializ143b","timestamp":1765138928806,"id":"30xgwsn43yfjjrh","previousEventId":"l5yvik5o22qek4l","previousOperationId":"ebhjqlializ143b"}
{"type":"log","timestamp":1765138928806,"level":"debug","message":"Skipping storing report.","meta":{"rootId":"7fsw3xrlt0inm8x","id":"sgwutgauvstnvx8"},"id":"tsq7mja4c77jlw8","previousOperationId":"ebhjqlializ143b"}
{"type":"log","timestamp":1765138928806,"level":"info","message":"Rendering (child) request finished in 1962 ms","meta":{"rootId":"7fsw3xrlt0inm8x","id":"sgwutgauvstnvx8"},"id":"30u5gehi3mbodr8","previousOperationId":"ebhjqlializ143b"}
{"type":"operationEnd","subtype":"render","operationId":"nglmiky4z063z56","timestamp":1765138928806,"id":"vmcyz9saebh9yvv","previousEventId":"30xgwsn43yfjjrh","previousOperationId":"ebhjqlializ143b"}
{"type":"log","timestamp":1765138940613,"level":"debug","message":"pptx successfully zipped","meta":{"rootId":"7fsw3xrlt0inm8x","id":"7fsw3xrlt0inm8x"},"id":"xmn1s6grniewryv","previousOperationId":"y3e01umsruuq7bl"}
{"type":"log","timestamp":1765138940613,"level":"info","message":"pptx generation was finished","meta":{"rootId":"7fsw3xrlt0inm8x","id":"7fsw3xrlt0inm8x"},"id":"lkjrvo7pd4i4700","previousOperationId":"y3e01umsruuq7bl"}
{"type":"operationEnd","operationId":"y3e01umsruuq7bl","timestamp":1765138940622,"id":"fhhu3gp9gj0gg76","previousEventId":"uses7n5dzlfhhhb","previousOperationId":"y3e01umsruuq7bl"}
{"type":"log","timestamp":1765138940623,"level":"debug","message":"Skipping storing report.","meta":{"rootId":"7fsw3xrlt0inm8x","id":"7fsw3xrlt0inm8x"},"id":"rocixwrfv5v7y1o","previousOperationId":"y3e01umsruuq7bl"}
{"type":"log","timestamp":1765138940623,"level":"info","message":"Rendering request 41 finished in 13779 ms","meta":{"rootId":"7fsw3xrlt0inm8x","id":"7fsw3xrlt0inm8x"},"id":"wb4scbdwj5nv5p5","previousOperationId":"y3e01umsruuq7bl"}
{"type":"operationEnd","subtype":"render","operationId":"tiyvw0882r0d199","timestamp":1765138940623,"id":"hzt8cpxfaoq1jix","previousEventId":"fhhu3gp9gj0gg76","previousOperationId":"y3e01umsruuq7bl"}
{"type":"operationEnd","doDiffs":false,"previousEventId":"xucqceoor5vlawp","previousOperationId":"wd6l68r22wep4iv","operationId":"wd6l68r22wep4iv","timestamp":1765138940628,"id":"hh45f6tcqhxnguk"}
