{"type":"operationStart","subtype":"profile","data":{"_id":"tkndfqziaiGEM0xc","timestamp":"2025-12-18T12:40:46.276Z","state":"running","mode":"standard","creationDate":"2025-12-18T12:40:46.287Z","modificationDate":"2025-12-18T12:40:46.287Z","shortid":"GxZd0r_","$entitySet":"profiles","timeout":60000},"doDiffs":false,"timestamp":1766061646284,"id":"bqqtzmzmhs94zl7","previousOperationId":null,"operationId":"u8ggq6b6sxu5n8u"}
{"type":"log","level":"info","message":"Render request 2 queued for execution and waiting for available worker","previousOperationId":"u8ggq6b6sxu5n8u","timestamp":1766061646284,"id":"mhzbzzj4f9fj5ab"}
{"type":"operationStart","subtype":"render","name":"anonymous","previousOperationId":"u8ggq6b6sxu5n8u","timestamp":1766061646346,"id":"7xvp4bqbirg45f8","previousEventId":"bqqtzmzmhs94zl7","operationId":"53vgxurih0c4uw2"}
{"type":"log","timestamp":1766061646347,"level":"info","message":"Starting rendering request 2","meta":{"rootId":"7gkgs36hin368ko","id":"7gkgs36hin368ko"},"id":"04bzr2wticvjqpm","previousOperationId":"53vgxurih0c4uw2"}
{"type":"log","timestamp":1766061646349,"level":"info","message":"Rendering anonymous template { recipe: pptx, engine: handlebars }","meta":{"rootId":"7gkgs36hin368ko","id":"7gkgs36hin368ko"},"id":"gqh4r0e5ji3t0iv","previousOperationId":"53vgxurih0c4uw2"}
{"type":"log","timestamp":1766061646349,"level":"debug","message":"Inline data specified.","meta":{"rootId":"7gkgs36hin368ko","id":"7gkgs36hin368ko"},"id":"m3pm07cun5h9vsa","previousOperationId":"53vgxurih0c4uw2"}
{"type":"log","timestamp":1766061646358,"level":"debug","message":"Base url not specified, skipping its injection.","meta":{"rootId":"7gkgs36hin368ko","id":"7gkgs36hin368ko"},"id":"dpmgllli1v9rmcx","previousOperationId":"53vgxurih0c4uw2"}
{"type":"operationStart","subtype":"engine","name":"handlebars","timestamp":1766061646361,"id":"3l8mr3iknqc8gws","previousEventId":"7xvp4bqbirg45f8","operationId":"jbbtqfkaov7tvwi","previousOperationId":"53vgxurih0c4uw2"}
{"type":"log","timestamp":1766061646361,"level":"debug","message":"Rendering engine handlebars","meta":{"rootId":"7gkgs36hin368ko","id":"7gkgs36hin368ko"},"id":"csi1zz1zjhf56gb","previousOperationId":"jbbtqfkaov7tvwi"}
{"type":"operationEnd","operationId":"jbbtqfkaov7tvwi","timestamp":1766061647240,"id":"053usf3te4t6s6r","previousEventId":"3l8mr3iknqc8gws","previousOperationId":"jbbtqfkaov7tvwi"}
{"type":"operationStart","subtype":"recipe","name":"pptx","timestamp":1766061647241,"id":"wtxl6r5g2bai2ky","previousEventId":"053usf3te4t6s6r","operationId":"99wujb2cgdu2y02","previousOperationId":"jbbtqfkaov7tvwi"}
{"type":"log","timestamp":1766061647241,"level":"debug","message":"Executing recipe pptx","meta":{"rootId":"7gkgs36hin368ko","id":"7gkgs36hin368ko"},"id":"rv99tnamx8c8agl","previousOperationId":"99wujb2cgdu2y02"}
{"type":"log","timestamp":1766061647418,"level":"info","message":"pptx generation is starting","meta":{"rootId":"7gkgs36hin368ko","id":"7gkgs36hin368ko"},"id":"6qeatm1tqx8yn7x","previousOperationId":"99wujb2cgdu2y02"}
{"type":"log","timestamp":1766061648533,"level":"debug","message":"Starting child request to render pptx dynamic parts","meta":{"rootId":"7gkgs36hin368ko","id":"7gkgs36hin368ko"},"id":"fuvg9572qph2ynt","previousOperationId":"99wujb2cgdu2y02"}
{"type":"operationStart","subtype":"render","name":"anonymous","previousOperationId":"99wujb2cgdu2y02","timestamp":1766061648534,"id":"5vfs43ta4xgzles","previousEventId":"wtxl6r5g2bai2ky","operationId":"24j3leeqqyw70ey"}
{"type":"log","timestamp":1766061648534,"level":"info","message":"Starting rendering (child) request","meta":{"rootId":"7gkgs36hin368ko","id":"kcflcm33umzi5bc"},"id":"afshprqcjbpf9wz","previousOperationId":"24j3leeqqyw70ey"}
{"type":"log","timestamp":1766061648535,"level":"info","message":"Rendering anonymous template { recipe: html, engine: handlebars }","meta":{"rootId":"7gkgs36hin368ko","id":"kcflcm33umzi5bc"},"id":"ssswarwy28b9dq7","previousOperationId":"24j3leeqqyw70ey"}
{"type":"log","timestamp":1766061648535,"level":"debug","message":"Inline data specified.","meta":{"rootId":"7gkgs36hin368ko","id":"kcflcm33umzi5bc"},"id":"wcx8yjpbymysloc","previousOperationId":"24j3leeqqyw70ey"}
{"type":"log","timestamp":1766061648539,"level":"debug","message":"Base url not specified, skipping its injection.","meta":{"rootId":"7gkgs36hin368ko","id":"kcflcm33umzi5bc"},"id":"n2bo251vll7etc7","previousOperationId":"24j3leeqqyw70ey"}
{"type":"operationStart","subtype":"engine","name":"handlebars","timestamp":1766061648541,"id":"9x8wdc44doa1q24","previousEventId":"5vfs43ta4xgzles","operationId":"3ukc9dcjkmvi3r1","previousOperationId":"24j3leeqqyw70ey"}
{"type":"log","timestamp":1766061648541,"level":"debug","message":"Rendering engine handlebars","meta":{"rootId":"7gkgs36hin368ko","id":"kcflcm33umzi5bc"},"id":"3z4ojh17wlaokwq","previousOperationId":"3ukc9dcjkmvi3r1"}
{"type":"operationEnd","operationId":"3ukc9dcjkmvi3r1","timestamp":1766061648646,"id":"y5g2sr5twsnu0x7","previousEventId":"9x8wdc44doa1q24","previousOperationId":"3ukc9dcjkmvi3r1"}
{"type":"operationStart","subtype":"recipe","name":"html","timestamp":1766061648656,"id":"iaah8srxkjktjec","previousEventId":"y5g2sr5twsnu0x7","operationId":"nybum2aisacejvd","previousOperationId":"3ukc9dcjkmvi3r1"}
{"type":"log","timestamp":1766061648656,"level":"debug","message":"Executing recipe html","meta":{"rootId":"7gkgs36hin368ko","id":"kcflcm33umzi5bc"},"id":"cyf1a7fnsj4yxrg","previousOperationId":"nybum2aisacejvd"}
{"type":"operationEnd","operationId":"nybum2aisacejvd","timestamp":1766061648656,"id":"y5e0hmr50hj6kpl","previousEventId":"iaah8srxkjktjec","previousOperationId":"nybum2aisacejvd"}
{"type":"log","timestamp":1766061648657,"level":"debug","message":"Skipping storing report.","meta":{"rootId":"7gkgs36hin368ko","id":"kcflcm33umzi5bc"},"id":"rh7ull4przi0ljc","previousOperationId":"nybum2aisacejvd"}
{"type":"log","timestamp":1766061648657,"level":"info","message":"Rendering (child) request finished in 2383 ms","meta":{"rootId":"7gkgs36hin368ko","id":"kcflcm33umzi5bc"},"id":"za8fza4n4gms5zo","previousOperationId":"nybum2aisacejvd"}
{"type":"operationEnd","subtype":"render","operationId":"24j3leeqqyw70ey","timestamp":1766061648657,"id":"lky1hqacddvym6k","previousEventId":"y5e0hmr50hj6kpl","previousOperationId":"nybum2aisacejvd"}
{"type":"log","timestamp":1766061654121,"level":"debug","message":"pptx successfully zipped","meta":{"rootId":"7gkgs36hin368ko","id":"7gkgs36hin368ko"},"id":"u4su4oaoc4u3kib","previousOperationId":"99wujb2cgdu2y02"}
{"type":"log","timestamp":1766061654121,"level":"info","message":"pptx generation was finished","meta":{"rootId":"7gkgs36hin368ko","id":"7gkgs36hin368ko"},"id":"3uy709hier2mq7f","previousOperationId":"99wujb2cgdu2y02"}
{"type":"operationEnd","operationId":"99wujb2cgdu2y02","timestamp":1766061654136,"id":"u2kb8cxfo4ws07m","previousEventId":"wtxl6r5g2bai2ky","previousOperationId":"99wujb2cgdu2y02"}
{"type":"log","timestamp":1766061654136,"level":"debug","message":"Skipping storing report.","meta":{"rootId":"7gkgs36hin368ko","id":"7gkgs36hin368ko"},"id":"n7lzckx69vfnwhe","previousOperationId":"99wujb2cgdu2y02"}
{"type":"log","timestamp":1766061654136,"level":"info","message":"Rendering request 2 finished in 7862 ms","meta":{"rootId":"7gkgs36hin368ko","id":"7gkgs36hin368ko"},"id":"ni3kd2w3szfja6m","previousOperationId":"99wujb2cgdu2y02"}
{"type":"operationEnd","subtype":"render","operationId":"53vgxurih0c4uw2","timestamp":1766061654136,"id":"kadyjryy0bv9lem","previousEventId":"u2kb8cxfo4ws07m","previousOperationId":"99wujb2cgdu2y02"}
{"type":"operationEnd","doDiffs":false,"previousEventId":"bqqtzmzmhs94zl7","previousOperationId":"u8ggq6b6sxu5n8u","operationId":"u8ggq6b6sxu5n8u","timestamp":1766061654142,"id":"oq9d1dniwl934mj"}
