{"type":"operationStart","subtype":"profile","data":{"_id":"iyZhMyF1Mlnqkwia","timestamp":"2025-12-27T13:21:02.402Z","state":"running","mode":"standard","creationDate":"2025-12-27T13:21:02.411Z","modificationDate":"2025-12-27T13:21:02.411Z","shortid":"cP7vu6y","$entitySet":"profiles","timeout":60000},"doDiffs":false,"timestamp":1766841662407,"id":"5pudpp042sx3e44","previousOperationId":null,"operationId":"t915d2687lq65mn"}
{"type":"log","level":"info","message":"Render request 9 queued for execution and waiting for available worker","previousOperationId":"t915d2687lq65mn","timestamp":1766841662408,"id":"7i26cdjwkkyz8xq"}
{"type":"operationStart","subtype":"render","name":"anonymous","previousOperationId":"t915d2687lq65mn","timestamp":1766841662467,"id":"n8d05jm7iwpnvq0","previousEventId":"5pudpp042sx3e44","operationId":"mtkyaso512ksa2s"}
{"type":"log","timestamp":1766841662467,"level":"info","message":"Starting rendering request 9","meta":{"rootId":"7jagojehiiuu8yu","id":"7jagojehiiuu8yu"},"id":"wzdwt1l37rkxlqf","previousOperationId":"mtkyaso512ksa2s"}
{"type":"log","timestamp":1766841662468,"level":"info","message":"Rendering anonymous template { recipe: pptx, engine: handlebars }","meta":{"rootId":"7jagojehiiuu8yu","id":"7jagojehiiuu8yu"},"id":"02dbl1w7e4fqx73","previousOperationId":"mtkyaso512ksa2s"}
{"type":"log","timestamp":1766841662468,"level":"debug","message":"Inline data specified.","meta":{"rootId":"7jagojehiiuu8yu","id":"7jagojehiiuu8yu"},"id":"oo2ioislob2pvbe","previousOperationId":"mtkyaso512ksa2s"}
{"type":"log","timestamp":1766841662476,"level":"debug","message":"Base url not specified, skipping its injection.","meta":{"rootId":"7jagojehiiuu8yu","id":"7jagojehiiuu8yu"},"id":"i2445y8ubxzl733","previousOperationId":"mtkyaso512ksa2s"}
{"type":"operationStart","subtype":"engine","name":"handlebars","timestamp":1766841662477,"id":"khz45sasb5p2hmr","previousEventId":"n8d05jm7iwpnvq0","operationId":"bh06hpqo54wgclq","previousOperationId":"mtkyaso512ksa2s"}
{"type":"log","timestamp":1766841662477,"level":"debug","message":"Rendering engine handlebars","meta":{"rootId":"7jagojehiiuu8yu","id":"7jagojehiiuu8yu"},"id":"pzfw4iuntetdga5","previousOperationId":"bh06hpqo54wgclq"}
{"type":"operationEnd","operationId":"bh06hpqo54wgclq","timestamp":1766841662494,"id":"7f7fmkkj0berjzu","previousEventId":"khz45sasb5p2hmr","previousOperationId":"bh06hpqo54wgclq"}
{"type":"operationStart","subtype":"recipe","name":"pptx","timestamp":1766841662495,"id":"pugxltuywh7wdwf","previousEventId":"7f7fmkkj0berjzu","operationId":"ngzt7obn3rljmpj","previousOperationId":"bh06hpqo54wgclq"}
{"type":"log","timestamp":1766841662495,"level":"debug","message":"Executing recipe pptx","meta":{"rootId":"7jagojehiiuu8yu","id":"7jagojehiiuu8yu"},"id":"499unjihp22fniv","previousOperationId":"ngzt7obn3rljmpj"}
{"type":"log","timestamp":1766841662509,"level":"info","message":"pptx generation is starting","meta":{"rootId":"7jagojehiiuu8yu","id":"7jagojehiiuu8yu"},"id":"khpwv2tcxbx2mv5","previousOperationId":"ngzt7obn3rljmpj"}
{"type":"log","timestamp":1766841663564,"level":"debug","message":"Starting child request to render pptx dynamic parts","meta":{"rootId":"7jagojehiiuu8yu","id":"7jagojehiiuu8yu"},"id":"3fcg6oavy05sjme","previousOperationId":"ngzt7obn3rljmpj"}
{"type":"operationStart","subtype":"render","name":"anonymous","previousOperationId":"ngzt7obn3rljmpj","timestamp":1766841663565,"id":"1e122tckdi5xfdz","previousEventId":"pugxltuywh7wdwf","operationId":"23gwnsrpbt7b4dd"}
{"type":"log","timestamp":1766841663565,"level":"info","message":"Starting rendering (child) request","meta":{"rootId":"7jagojehiiuu8yu","id":"hllnpya94f8vy9y"},"id":"gd3y7bfq685zpym","previousOperationId":"23gwnsrpbt7b4dd"}
{"type":"log","timestamp":1766841663565,"level":"info","message":"Rendering anonymous template { recipe: html, engine: handlebars }","meta":{"rootId":"7jagojehiiuu8yu","id":"hllnpya94f8vy9y"},"id":"nijlfstuab6a2mb","previousOperationId":"23gwnsrpbt7b4dd"}
{"type":"log","timestamp":1766841663565,"level":"debug","message":"Inline data specified.","meta":{"rootId":"7jagojehiiuu8yu","id":"hllnpya94f8vy9y"},"id":"3z4hkwwix5dxz3n","previousOperationId":"23gwnsrpbt7b4dd"}
{"type":"log","timestamp":1766841663575,"level":"debug","message":"Base url not specified, skipping its injection.","meta":{"rootId":"7jagojehiiuu8yu","id":"hllnpya94f8vy9y"},"id":"5f2g3qyurr2lbzp","previousOperationId":"23gwnsrpbt7b4dd"}
{"type":"operationStart","subtype":"engine","name":"handlebars","timestamp":1766841663575,"id":"ejzqsvsb8obskpf","previousEventId":"1e122tckdi5xfdz","operationId":"0vswqc7uep9c6hj","previousOperationId":"23gwnsrpbt7b4dd"}
{"type":"log","timestamp":1766841663575,"level":"debug","message":"Rendering engine handlebars","meta":{"rootId":"7jagojehiiuu8yu","id":"hllnpya94f8vy9y"},"id":"lhs2af7vqaa51nt","previousOperationId":"0vswqc7uep9c6hj"}
{"type":"operationEnd","operationId":"0vswqc7uep9c6hj","timestamp":1766841663673,"id":"0ia2hi58czlitz1","previousEventId":"ejzqsvsb8obskpf","previousOperationId":"0vswqc7uep9c6hj"}
{"type":"operationStart","subtype":"recipe","name":"html","timestamp":1766841663682,"id":"t02ti72vw762ow2","previousEventId":"0ia2hi58czlitz1","operationId":"cp5qx3ohcyjx9x0","previousOperationId":"0vswqc7uep9c6hj"}
{"type":"log","timestamp":1766841663682,"level":"debug","message":"Executing recipe html","meta":{"rootId":"7jagojehiiuu8yu","id":"hllnpya94f8vy9y"},"id":"659dr6rj3kfli8w","previousOperationId":"cp5qx3ohcyjx9x0"}
{"type":"operationEnd","operationId":"cp5qx3ohcyjx9x0","timestamp":1766841663682,"id":"63il46xqtamryxs","previousEventId":"t02ti72vw762ow2","previousOperationId":"cp5qx3ohcyjx9x0"}
{"type":"log","timestamp":1766841663682,"level":"debug","message":"Skipping storing report.","meta":{"rootId":"7jagojehiiuu8yu","id":"hllnpya94f8vy9y"},"id":"vbd9vmmqzkps29w","previousOperationId":"cp5qx3ohcyjx9x0"}
{"type":"log","timestamp":1766841663682,"level":"info","message":"Rendering (child) request finished in 1282 ms","meta":{"rootId":"7jagojehiiuu8yu","id":"hllnpya94f8vy9y"},"id":"t5k4qddfclw7ufl","previousOperationId":"cp5qx3ohcyjx9x0"}
{"type":"operationEnd","subtype":"render","operationId":"23gwnsrpbt7b4dd","timestamp":1766841663682,"id":"mfj4enoyp1otdar","previousEventId":"63il46xqtamryxs","previousOperationId":"cp5qx3ohcyjx9x0"}
{"type":"log","timestamp":1766841666349,"level":"debug","message":"pptx successfully zipped","meta":{"rootId":"7jagojehiiuu8yu","id":"7jagojehiiuu8yu"},"id":"a7btbwfz3cq47re","previousOperationId":"ngzt7obn3rljmpj"}
{"type":"log","timestamp":1766841666349,"level":"info","message":"pptx generation was finished","meta":{"rootId":"7jagojehiiuu8yu","id":"7jagojehiiuu8yu"},"id":"4mmfcej6cxbhjdg","previousOperationId":"ngzt7obn3rljmpj"}
{"type":"operationEnd","operationId":"ngzt7obn3rljmpj","timestamp":1766841666358,"id":"tvu8smklenx18cn","previousEventId":"pugxltuywh7wdwf","previousOperationId":"ngzt7obn3rljmpj"}
{"type":"log","timestamp":1766841666358,"level":"debug","message":"Skipping storing report.","meta":{"rootId":"7jagojehiiuu8yu","id":"7jagojehiiuu8yu"},"id":"gr4hbrfq66b3v6y","previousOperationId":"ngzt7obn3rljmpj"}
{"type":"log","timestamp":1766841666358,"level":"info","message":"Rendering request 9 finished in 3958 ms","meta":{"rootId":"7jagojehiiuu8yu","id":"7jagojehiiuu8yu"},"id":"pho70vckqgfrkib","previousOperationId":"ngzt7obn3rljmpj"}
{"type":"operationEnd","subtype":"render","operationId":"mtkyaso512ksa2s","timestamp":1766841666358,"id":"lgt5cimbnc2ygtp","previousEventId":"tvu8smklenx18cn","previousOperationId":"ngzt7obn3rljmpj"}
{"type":"operationEnd","doDiffs":false,"previousEventId":"5pudpp042sx3e44","previousOperationId":"t915d2687lq65mn","operationId":"t915d2687lq65mn","timestamp":1766841666363,"id":"jrtyiwwghwlk9tv"}
