{"type":"operationStart","subtype":"profile","data":{"_id":"7LU3AeEF4ItDXM2j","timestamp":"2025-12-26T12:35:42.226Z","state":"running","mode":"standard","creationDate":"2025-12-26T12:35:42.233Z","modificationDate":"2025-12-26T12:35:42.233Z","shortid":"zKwYVOY","$entitySet":"profiles","timeout":60000},"doDiffs":false,"timestamp":1766752542230,"id":"yb1wje8zdizbh7x","previousOperationId":null,"operationId":"z15k5fcmg34kzm6"}
{"type":"log","level":"info","message":"Render request 1 queued for execution and waiting for available worker","previousOperationId":"z15k5fcmg34kzm6","timestamp":1766752542231,"id":"iwmsnkxxpz84dck"}
{"type":"operationStart","subtype":"render","name":"anonymous","previousOperationId":"z15k5fcmg34kzm6","timestamp":1766752542305,"id":"qepfmt3abnxjkkp","previousEventId":"yb1wje8zdizbh7x","operationId":"5iotg4rda3e0cdo"}
{"type":"log","timestamp":1766752542306,"level":"info","message":"Starting rendering request 1","meta":{"rootId":"7k9yiyriribu4am","id":"7k9yiyriribu4am"},"id":"2zuokd36vqd0tjn","previousOperationId":"5iotg4rda3e0cdo"}
{"type":"log","timestamp":1766752542310,"level":"info","message":"Rendering anonymous template { recipe: pptx, engine: handlebars }","meta":{"rootId":"7k9yiyriribu4am","id":"7k9yiyriribu4am"},"id":"ebvt9niyvgi4roc","previousOperationId":"5iotg4rda3e0cdo"}
{"type":"log","timestamp":1766752542310,"level":"debug","message":"Inline data specified.","meta":{"rootId":"7k9yiyriribu4am","id":"7k9yiyriribu4am"},"id":"8rmsvtjup9iyags","previousOperationId":"5iotg4rda3e0cdo"}
{"type":"log","timestamp":1766752542321,"level":"debug","message":"Base url not specified, skipping its injection.","meta":{"rootId":"7k9yiyriribu4am","id":"7k9yiyriribu4am"},"id":"kpq4wg7zm309ggt","previousOperationId":"5iotg4rda3e0cdo"}
{"type":"operationStart","subtype":"engine","name":"handlebars","timestamp":1766752542323,"id":"gbijkuv23nl0apz","previousEventId":"qepfmt3abnxjkkp","operationId":"sie8h92hnankghu","previousOperationId":"5iotg4rda3e0cdo"}
{"type":"log","timestamp":1766752542323,"level":"debug","message":"Rendering engine handlebars","meta":{"rootId":"7k9yiyriribu4am","id":"7k9yiyriribu4am"},"id":"oyjrf7f1kbkxnio","previousOperationId":"sie8h92hnankghu"}
{"type":"operationEnd","operationId":"sie8h92hnankghu","timestamp":1766752543539,"id":"gmsaw3qzeczn4cq","previousEventId":"gbijkuv23nl0apz","previousOperationId":"sie8h92hnankghu"}
{"type":"operationStart","subtype":"recipe","name":"pptx","timestamp":1766752543541,"id":"p7m3wo8octbtj5g","previousEventId":"gmsaw3qzeczn4cq","operationId":"0osxdh7esv18smw","previousOperationId":"sie8h92hnankghu"}
{"type":"log","timestamp":1766752543541,"level":"debug","message":"Executing recipe pptx","meta":{"rootId":"7k9yiyriribu4am","id":"7k9yiyriribu4am"},"id":"0z7hudk7p9hnhlb","previousOperationId":"0osxdh7esv18smw"}
{"type":"log","timestamp":1766752543812,"level":"info","message":"pptx generation is starting","meta":{"rootId":"7k9yiyriribu4am","id":"7k9yiyriribu4am"},"id":"qdlcbcjlnamd1ce","previousOperationId":"0osxdh7esv18smw"}
{"type":"log","timestamp":1766752545703,"level":"debug","message":"Starting child request to render pptx dynamic parts","meta":{"rootId":"7k9yiyriribu4am","id":"7k9yiyriribu4am"},"id":"g1z5xwondmocqs3","previousOperationId":"0osxdh7esv18smw"}
{"type":"operationStart","subtype":"render","name":"anonymous","previousOperationId":"0osxdh7esv18smw","timestamp":1766752545704,"id":"2rybylaumw9x9o4","previousEventId":"p7m3wo8octbtj5g","operationId":"7hf0xg1xa98ptip"}
{"type":"log","timestamp":1766752545705,"level":"info","message":"Starting rendering (child) request","meta":{"rootId":"7k9yiyriribu4am","id":"v800gfitylf4ffk"},"id":"eyb6ldvi8js9f8b","previousOperationId":"7hf0xg1xa98ptip"}
{"type":"log","timestamp":1766752545705,"level":"info","message":"Rendering anonymous template { recipe: html, engine: handlebars }","meta":{"rootId":"7k9yiyriribu4am","id":"v800gfitylf4ffk"},"id":"rqo6zxl4tk6xja3","previousOperationId":"7hf0xg1xa98ptip"}
{"type":"log","timestamp":1766752545705,"level":"debug","message":"Inline data specified.","meta":{"rootId":"7k9yiyriribu4am","id":"v800gfitylf4ffk"},"id":"a70l7hz2099lkv0","previousOperationId":"7hf0xg1xa98ptip"}
{"type":"log","timestamp":1766752545714,"level":"debug","message":"Base url not specified, skipping its injection.","meta":{"rootId":"7k9yiyriribu4am","id":"v800gfitylf4ffk"},"id":"czhxe3vp9p9he3l","previousOperationId":"7hf0xg1xa98ptip"}
{"type":"operationStart","subtype":"engine","name":"handlebars","timestamp":1766752545716,"id":"g32a5bvqk6mb2ol","previousEventId":"2rybylaumw9x9o4","operationId":"ddm9ct4u2u5dw9y","previousOperationId":"7hf0xg1xa98ptip"}
{"type":"log","timestamp":1766752545717,"level":"debug","message":"Rendering engine handlebars","meta":{"rootId":"7k9yiyriribu4am","id":"v800gfitylf4ffk"},"id":"iye0vzt3scs5yzo","previousOperationId":"ddm9ct4u2u5dw9y"}
{"type":"operationEnd","operationId":"ddm9ct4u2u5dw9y","timestamp":1766752545903,"id":"hcuqh53xbo4fkrs","previousEventId":"g32a5bvqk6mb2ol","previousOperationId":"ddm9ct4u2u5dw9y"}
{"type":"operationStart","subtype":"recipe","name":"html","timestamp":1766752545917,"id":"0u1p292sa8fj2ko","previousEventId":"hcuqh53xbo4fkrs","operationId":"13wmlsilc8dekrg","previousOperationId":"ddm9ct4u2u5dw9y"}
{"type":"log","timestamp":1766752545917,"level":"debug","message":"Executing recipe html","meta":{"rootId":"7k9yiyriribu4am","id":"v800gfitylf4ffk"},"id":"9vcni4sjx2gl4mb","previousOperationId":"13wmlsilc8dekrg"}
{"type":"operationEnd","operationId":"13wmlsilc8dekrg","timestamp":1766752545917,"id":"yvvfv9ajd0oersz","previousEventId":"0u1p292sa8fj2ko","previousOperationId":"13wmlsilc8dekrg"}
{"type":"log","timestamp":1766752545918,"level":"debug","message":"Skipping storing report.","meta":{"rootId":"7k9yiyriribu4am","id":"v800gfitylf4ffk"},"id":"1vi41j4jkejs55r","previousOperationId":"13wmlsilc8dekrg"}
{"type":"log","timestamp":1766752545918,"level":"info","message":"Rendering (child) request finished in 3694 ms","meta":{"rootId":"7k9yiyriribu4am","id":"v800gfitylf4ffk"},"id":"t56yv5jhbs2fkgv","previousOperationId":"13wmlsilc8dekrg"}
{"type":"operationEnd","subtype":"render","operationId":"7hf0xg1xa98ptip","timestamp":1766752545919,"id":"7er489zflaou17j","previousEventId":"yvvfv9ajd0oersz","previousOperationId":"13wmlsilc8dekrg"}
{"type":"log","timestamp":1766752550871,"level":"debug","message":"pptx successfully zipped","meta":{"rootId":"7k9yiyriribu4am","id":"7k9yiyriribu4am"},"id":"wombeh1na5uixp7","previousOperationId":"0osxdh7esv18smw"}
{"type":"log","timestamp":1766752550872,"level":"info","message":"pptx generation was finished","meta":{"rootId":"7k9yiyriribu4am","id":"7k9yiyriribu4am"},"id":"b21745toenyss53","previousOperationId":"0osxdh7esv18smw"}
{"type":"operationEnd","operationId":"0osxdh7esv18smw","timestamp":1766752550889,"id":"rcocp1dq74523fr","previousEventId":"p7m3wo8octbtj5g","previousOperationId":"0osxdh7esv18smw"}
{"type":"log","timestamp":1766752550889,"level":"debug","message":"Skipping storing report.","meta":{"rootId":"7k9yiyriribu4am","id":"7k9yiyriribu4am"},"id":"itpl8hv2edr78a2","previousOperationId":"0osxdh7esv18smw"}
{"type":"log","timestamp":1766752550889,"level":"info","message":"Rendering request 1 finished in 8665 ms","meta":{"rootId":"7k9yiyriribu4am","id":"7k9yiyriribu4am"},"id":"pgwnwiwvwdauqo4","previousOperationId":"0osxdh7esv18smw"}
{"type":"operationEnd","subtype":"render","operationId":"5iotg4rda3e0cdo","timestamp":1766752550889,"id":"bq08sj4e33sn504","previousEventId":"rcocp1dq74523fr","previousOperationId":"0osxdh7esv18smw"}
{"type":"operationEnd","doDiffs":false,"previousEventId":"yb1wje8zdizbh7x","previousOperationId":"z15k5fcmg34kzm6","operationId":"z15k5fcmg34kzm6","timestamp":1766752550895,"id":"2f3f8vriz2zqw9e"}
