{"type":"operationStart","subtype":"profile","data":{"_id":"7Jm9fBgf9n3QsCOI","timestamp":"2025-12-30T17:22:39.248Z","state":"running","mode":"standard","creationDate":"2025-12-30T17:22:39.254Z","modificationDate":"2025-12-30T17:22:39.254Z","shortid":"nk523kf","$entitySet":"profiles","timeout":60000},"doDiffs":false,"timestamp":1767115359252,"id":"fjhbrjh2ry5cp6j","previousOperationId":null,"operationId":"h1xhj7c2rlts1kk"}
{"type":"log","level":"info","message":"Render request 10 queued for execution and waiting for available worker","previousOperationId":"h1xhj7c2rlts1kk","timestamp":1767115359252,"id":"9fto2e4mfkxx5vs"}
{"type":"operationStart","subtype":"render","name":"anonymous","previousOperationId":"h1xhj7c2rlts1kk","timestamp":1767115359306,"id":"0qaqqzrsxe1swqj","previousEventId":"fjhbrjh2ry5cp6j","operationId":"4bzssji63yuatol"}
{"type":"log","timestamp":1767115359307,"level":"info","message":"Starting rendering request 10","meta":{"rootId":"7nqfigjwpklb339","id":"7nqfigjwpklb339"},"id":"y4jtffkkdr1pr61","previousOperationId":"4bzssji63yuatol"}
{"type":"log","timestamp":1767115359307,"level":"info","message":"Rendering anonymous template { recipe: pptx, engine: handlebars }","meta":{"rootId":"7nqfigjwpklb339","id":"7nqfigjwpklb339"},"id":"qt7pnclxjc49kxh","previousOperationId":"4bzssji63yuatol"}
{"type":"log","timestamp":1767115359307,"level":"debug","message":"Inline data specified.","meta":{"rootId":"7nqfigjwpklb339","id":"7nqfigjwpklb339"},"id":"eda0yhi1j04g3uk","previousOperationId":"4bzssji63yuatol"}
{"type":"log","timestamp":1767115359309,"level":"debug","message":"Base url not specified, skipping its injection.","meta":{"rootId":"7nqfigjwpklb339","id":"7nqfigjwpklb339"},"id":"l8ea7myucejhije","previousOperationId":"4bzssji63yuatol"}
{"type":"operationStart","subtype":"engine","name":"handlebars","timestamp":1767115359310,"id":"3ffntlzyp3ixbvn","previousEventId":"0qaqqzrsxe1swqj","operationId":"4m891130xq2a0bn","previousOperationId":"4bzssji63yuatol"}
{"type":"log","timestamp":1767115359310,"level":"debug","message":"Rendering engine handlebars","meta":{"rootId":"7nqfigjwpklb339","id":"7nqfigjwpklb339"},"id":"5ixuc28s1gz1g5j","previousOperationId":"4m891130xq2a0bn"}
{"type":"operationEnd","operationId":"4m891130xq2a0bn","timestamp":1767115359328,"id":"doboa2au4u80fi4","previousEventId":"3ffntlzyp3ixbvn","previousOperationId":"4m891130xq2a0bn"}
{"type":"operationStart","subtype":"recipe","name":"pptx","timestamp":1767115359328,"id":"r60hfmul4hl6vsl","previousEventId":"doboa2au4u80fi4","operationId":"iil9ijmawvkhs68","previousOperationId":"4m891130xq2a0bn"}
{"type":"log","timestamp":1767115359328,"level":"debug","message":"Executing recipe pptx","meta":{"rootId":"7nqfigjwpklb339","id":"7nqfigjwpklb339"},"id":"e5oxtlx6jt8o05t","previousOperationId":"iil9ijmawvkhs68"}
{"type":"log","timestamp":1767115359349,"level":"info","message":"pptx generation is starting","meta":{"rootId":"7nqfigjwpklb339","id":"7nqfigjwpklb339"},"id":"7czmg7f461r1mfa","previousOperationId":"iil9ijmawvkhs68"}
{"type":"log","timestamp":1767115361134,"level":"debug","message":"Starting child request to render pptx dynamic parts","meta":{"rootId":"7nqfigjwpklb339","id":"7nqfigjwpklb339"},"id":"1vuhtjvfvrmb1ul","previousOperationId":"iil9ijmawvkhs68"}
{"type":"operationStart","subtype":"render","name":"anonymous","previousOperationId":"iil9ijmawvkhs68","timestamp":1767115361135,"id":"nles8koluj445q9","previousEventId":"r60hfmul4hl6vsl","operationId":"6b0dfp1pc7qo906"}
{"type":"log","timestamp":1767115361135,"level":"info","message":"Starting rendering (child) request","meta":{"rootId":"7nqfigjwpklb339","id":"a52wb0bkscj7dub"},"id":"q0wgpyf3340xsn7","previousOperationId":"6b0dfp1pc7qo906"}
{"type":"log","timestamp":1767115361135,"level":"info","message":"Rendering anonymous template { recipe: html, engine: handlebars }","meta":{"rootId":"7nqfigjwpklb339","id":"a52wb0bkscj7dub"},"id":"j2tlq2jup9qg6k7","previousOperationId":"6b0dfp1pc7qo906"}
{"type":"log","timestamp":1767115361135,"level":"debug","message":"Inline data specified.","meta":{"rootId":"7nqfigjwpklb339","id":"a52wb0bkscj7dub"},"id":"fy2xkeupcsvw67g","previousOperationId":"6b0dfp1pc7qo906"}
{"type":"log","timestamp":1767115361145,"level":"debug","message":"Base url not specified, skipping its injection.","meta":{"rootId":"7nqfigjwpklb339","id":"a52wb0bkscj7dub"},"id":"rmej2b139e5jl9q","previousOperationId":"6b0dfp1pc7qo906"}
{"type":"operationStart","subtype":"engine","name":"handlebars","timestamp":1767115361147,"id":"4kq7qszc58riake","previousEventId":"nles8koluj445q9","operationId":"k8evomeidm4kt5v","previousOperationId":"6b0dfp1pc7qo906"}
{"type":"log","timestamp":1767115361147,"level":"debug","message":"Rendering engine handlebars","meta":{"rootId":"7nqfigjwpklb339","id":"a52wb0bkscj7dub"},"id":"ufgg5up91frs16f","previousOperationId":"k8evomeidm4kt5v"}
{"type":"log","timestamp":1767115361323,"level":"debug","message":"(console:log) {\n  type: 'echarts@v5a',\n  width: 848,\n  height: 409,\n  option: { radar: [ [Object] ], series: [ [Object] ] }\n}","meta":{"userLevel":true,"rootId":"7nqfigjwpklb339","id":"a52wb0bkscj7dub"},"id":"k1gruizybor7hjh","previousOperationId":"k8evomeidm4kt5v"}
{"type":"operationEnd","operationId":"k8evomeidm4kt5v","timestamp":1767115361336,"id":"p8lhsgpblf6qouq","previousEventId":"4kq7qszc58riake","previousOperationId":"k8evomeidm4kt5v"}
{"type":"operationStart","subtype":"recipe","name":"html","timestamp":1767115361354,"id":"edcukyu9zke57jh","previousEventId":"p8lhsgpblf6qouq","operationId":"tuzgzdfqlqjpr80","previousOperationId":"k8evomeidm4kt5v"}
{"type":"log","timestamp":1767115361354,"level":"debug","message":"Executing recipe html","meta":{"rootId":"7nqfigjwpklb339","id":"a52wb0bkscj7dub"},"id":"c5oztid6v82v8hv","previousOperationId":"tuzgzdfqlqjpr80"}
{"type":"operationEnd","operationId":"tuzgzdfqlqjpr80","timestamp":1767115361354,"id":"k2zskwklcobyvfm","previousEventId":"edcukyu9zke57jh","previousOperationId":"tuzgzdfqlqjpr80"}
{"type":"log","timestamp":1767115361354,"level":"debug","message":"Skipping storing report.","meta":{"rootId":"7nqfigjwpklb339","id":"a52wb0bkscj7dub"},"id":"y5mt3blh1ulnco6","previousOperationId":"tuzgzdfqlqjpr80"}
{"type":"log","timestamp":1767115361354,"level":"info","message":"Rendering (child) request finished in 2107 ms","meta":{"rootId":"7nqfigjwpklb339","id":"a52wb0bkscj7dub"},"id":"3b189bk27baje7l","previousOperationId":"tuzgzdfqlqjpr80"}
{"type":"operationEnd","subtype":"render","operationId":"6b0dfp1pc7qo906","timestamp":1767115361354,"id":"ke1n4q3v5wflo76","previousEventId":"k2zskwklcobyvfm","previousOperationId":"tuzgzdfqlqjpr80"}
{"type":"log","timestamp":1767115372235,"level":"debug","message":"pptx successfully zipped","meta":{"rootId":"7nqfigjwpklb339","id":"7nqfigjwpklb339"},"id":"j3s4bc9w2gz2z24","previousOperationId":"iil9ijmawvkhs68"}
{"type":"log","timestamp":1767115372235,"level":"info","message":"pptx generation was finished","meta":{"rootId":"7nqfigjwpklb339","id":"7nqfigjwpklb339"},"id":"skntmkt9pxl96c1","previousOperationId":"iil9ijmawvkhs68"}
{"type":"operationEnd","operationId":"iil9ijmawvkhs68","timestamp":1767115372247,"id":"rvnwrit8irad72s","previousEventId":"r60hfmul4hl6vsl","previousOperationId":"iil9ijmawvkhs68"}
{"type":"log","timestamp":1767115372247,"level":"debug","message":"Skipping storing report.","meta":{"rootId":"7nqfigjwpklb339","id":"7nqfigjwpklb339"},"id":"utvvm9fg4pu8ufh","previousOperationId":"iil9ijmawvkhs68"}
{"type":"log","timestamp":1767115372247,"level":"info","message":"Rendering request 10 finished in 13000 ms","meta":{"rootId":"7nqfigjwpklb339","id":"7nqfigjwpklb339"},"id":"448nyop2ip1c4r7","previousOperationId":"iil9ijmawvkhs68"}
{"type":"operationEnd","subtype":"render","operationId":"4bzssji63yuatol","timestamp":1767115372247,"id":"gim89olc9tjmgln","previousEventId":"rvnwrit8irad72s","previousOperationId":"iil9ijmawvkhs68"}
{"type":"operationEnd","doDiffs":false,"previousEventId":"fjhbrjh2ry5cp6j","previousOperationId":"h1xhj7c2rlts1kk","operationId":"h1xhj7c2rlts1kk","timestamp":1767115372254,"id":"nb34r37lfkjsaj9"}
