{"type":"operationStart","subtype":"profile","data":{"_id":"vLCvTsLnhyVY3VVQ","timestamp":"2026-01-01T12:37:39.710Z","state":"running","mode":"standard","creationDate":"2026-01-01T12:37:39.724Z","modificationDate":"2026-01-01T12:37:39.724Z","shortid":"M9BT2rh","$entitySet":"profiles","timeout":60000},"doDiffs":false,"timestamp":1767271059721,"id":"ps8p4ru723jlw8i","previousOperationId":null,"operationId":"fuylpaul1dg90ze"}
{"type":"log","level":"info","message":"Render request 3 queued for execution and waiting for available worker","previousOperationId":"fuylpaul1dg90ze","timestamp":1767271059721,"id":"mnnr9c3wx52dhyu"}
{"type":"operationStart","subtype":"render","name":"anonymous","previousOperationId":"fuylpaul1dg90ze","timestamp":1767271059777,"id":"ff1dxafw5pc5w1f","previousEventId":"ps8p4ru723jlw8i","operationId":"x0yq48rxy436bel"}
{"type":"log","timestamp":1767271059777,"level":"info","message":"Starting rendering request 3","meta":{"rootId":"7pg8b0zb0dmeusw","id":"7pg8b0zb0dmeusw"},"id":"ixft4fv51q6gru4","previousOperationId":"x0yq48rxy436bel"}
{"type":"log","timestamp":1767271059777,"level":"info","message":"Rendering anonymous template { recipe: pptx, engine: handlebars }","meta":{"rootId":"7pg8b0zb0dmeusw","id":"7pg8b0zb0dmeusw"},"id":"sbpmmlpabfph9w9","previousOperationId":"x0yq48rxy436bel"}
{"type":"log","timestamp":1767271059778,"level":"debug","message":"Inline data specified.","meta":{"rootId":"7pg8b0zb0dmeusw","id":"7pg8b0zb0dmeusw"},"id":"2uulj8fpve6o17q","previousOperationId":"x0yq48rxy436bel"}
{"type":"log","timestamp":1767271059783,"level":"debug","message":"Base url not specified, skipping its injection.","meta":{"rootId":"7pg8b0zb0dmeusw","id":"7pg8b0zb0dmeusw"},"id":"2prpdmofssp5u7l","previousOperationId":"x0yq48rxy436bel"}
{"type":"operationStart","subtype":"engine","name":"handlebars","timestamp":1767271059785,"id":"lqw2xauwbqmyuus","previousEventId":"ff1dxafw5pc5w1f","operationId":"sxupzkowk9ax2iw","previousOperationId":"x0yq48rxy436bel"}
{"type":"log","timestamp":1767271059785,"level":"debug","message":"Rendering engine handlebars","meta":{"rootId":"7pg8b0zb0dmeusw","id":"7pg8b0zb0dmeusw"},"id":"fvt3mq2w0lqzpai","previousOperationId":"sxupzkowk9ax2iw"}
{"type":"operationEnd","operationId":"sxupzkowk9ax2iw","timestamp":1767271059805,"id":"xiv0xlowgkto4p3","previousEventId":"lqw2xauwbqmyuus","previousOperationId":"sxupzkowk9ax2iw"}
{"type":"operationStart","subtype":"recipe","name":"pptx","timestamp":1767271059806,"id":"u0qxsx3vb6sbh4h","previousEventId":"xiv0xlowgkto4p3","operationId":"ena73rmaibn8bn1","previousOperationId":"sxupzkowk9ax2iw"}
{"type":"log","timestamp":1767271059806,"level":"debug","message":"Executing recipe pptx","meta":{"rootId":"7pg8b0zb0dmeusw","id":"7pg8b0zb0dmeusw"},"id":"tl9jxc49la8h1hu","previousOperationId":"ena73rmaibn8bn1"}
{"type":"log","timestamp":1767271059831,"level":"info","message":"pptx generation is starting","meta":{"rootId":"7pg8b0zb0dmeusw","id":"7pg8b0zb0dmeusw"},"id":"w23q37gpt1hrup9","previousOperationId":"ena73rmaibn8bn1"}
{"type":"log","timestamp":1767271061820,"level":"debug","message":"Starting child request to render pptx dynamic parts","meta":{"rootId":"7pg8b0zb0dmeusw","id":"7pg8b0zb0dmeusw"},"id":"nvpefmvgqv1nsyi","previousOperationId":"ena73rmaibn8bn1"}
{"type":"operationStart","subtype":"render","name":"anonymous","previousOperationId":"ena73rmaibn8bn1","timestamp":1767271061821,"id":"ertq68elpznt27l","previousEventId":"u0qxsx3vb6sbh4h","operationId":"8i9vdyxe04dr33u"}
{"type":"log","timestamp":1767271061821,"level":"info","message":"Starting rendering (child) request","meta":{"rootId":"7pg8b0zb0dmeusw","id":"gcmd6dksd4ks6fr"},"id":"tw5ozd30w44wkr2","previousOperationId":"8i9vdyxe04dr33u"}
{"type":"log","timestamp":1767271061821,"level":"info","message":"Rendering anonymous template { recipe: html, engine: handlebars }","meta":{"rootId":"7pg8b0zb0dmeusw","id":"gcmd6dksd4ks6fr"},"id":"h6pow246zarur1w","previousOperationId":"8i9vdyxe04dr33u"}
{"type":"log","timestamp":1767271061821,"level":"debug","message":"Inline data specified.","meta":{"rootId":"7pg8b0zb0dmeusw","id":"gcmd6dksd4ks6fr"},"id":"29z5oxp6pkrg8qr","previousOperationId":"8i9vdyxe04dr33u"}
{"type":"log","timestamp":1767271061827,"level":"debug","message":"Base url not specified, skipping its injection.","meta":{"rootId":"7pg8b0zb0dmeusw","id":"gcmd6dksd4ks6fr"},"id":"tejahld8q8gswbr","previousOperationId":"8i9vdyxe04dr33u"}
{"type":"operationStart","subtype":"engine","name":"handlebars","timestamp":1767271061829,"id":"y2yszy3v7e0bmmd","previousEventId":"ertq68elpznt27l","operationId":"6i0wddk9z2kw99i","previousOperationId":"8i9vdyxe04dr33u"}
{"type":"log","timestamp":1767271061829,"level":"debug","message":"Rendering engine handlebars","meta":{"rootId":"7pg8b0zb0dmeusw","id":"gcmd6dksd4ks6fr"},"id":"xsz6robxxl0bys2","previousOperationId":"6i0wddk9z2kw99i"}
{"type":"log","timestamp":1767271062077,"level":"debug","message":"(console:log) {\n  type: 'echarts@v5a',\n  width: 848,\n  height: 409,\n  option: { radar: [ [Object] ], series: [ [Object] ] }\n}","meta":{"userLevel":true,"rootId":"7pg8b0zb0dmeusw","id":"gcmd6dksd4ks6fr"},"id":"2mjrv292psmhcdr","previousOperationId":"6i0wddk9z2kw99i"}
{"type":"operationEnd","operationId":"6i0wddk9z2kw99i","timestamp":1767271062092,"id":"bl20jeizkbach7k","previousEventId":"y2yszy3v7e0bmmd","previousOperationId":"6i0wddk9z2kw99i"}
{"type":"operationStart","subtype":"recipe","name":"html","timestamp":1767271062115,"id":"t7x8walyqysecpx","previousEventId":"bl20jeizkbach7k","operationId":"dgjjyb03rrzqugx","previousOperationId":"6i0wddk9z2kw99i"}
{"type":"log","timestamp":1767271062115,"level":"debug","message":"Executing recipe html","meta":{"rootId":"7pg8b0zb0dmeusw","id":"gcmd6dksd4ks6fr"},"id":"8r08mp52s6bxlnh","previousOperationId":"dgjjyb03rrzqugx"}
{"type":"operationEnd","operationId":"dgjjyb03rrzqugx","timestamp":1767271062115,"id":"puzeijg7k45qqdc","previousEventId":"t7x8walyqysecpx","previousOperationId":"dgjjyb03rrzqugx"}
{"type":"log","timestamp":1767271062115,"level":"debug","message":"Skipping storing report.","meta":{"rootId":"7pg8b0zb0dmeusw","id":"gcmd6dksd4ks6fr"},"id":"snr9ck709qu1tdm","previousOperationId":"dgjjyb03rrzqugx"}
{"type":"log","timestamp":1767271062115,"level":"info","message":"Rendering (child) request finished in 2407 ms","meta":{"rootId":"7pg8b0zb0dmeusw","id":"gcmd6dksd4ks6fr"},"id":"snj92wlk9rv2ob2","previousOperationId":"dgjjyb03rrzqugx"}
{"type":"operationEnd","subtype":"render","operationId":"8i9vdyxe04dr33u","timestamp":1767271062115,"id":"62vw0u7g4rb4rje","previousEventId":"puzeijg7k45qqdc","previousOperationId":"dgjjyb03rrzqugx"}
{"type":"log","timestamp":1767271068572,"level":"debug","message":"pptx successfully zipped","meta":{"rootId":"7pg8b0zb0dmeusw","id":"7pg8b0zb0dmeusw"},"id":"kj3par52vxjyow0","previousOperationId":"ena73rmaibn8bn1"}
{"type":"log","timestamp":1767271068572,"level":"info","message":"pptx generation was finished","meta":{"rootId":"7pg8b0zb0dmeusw","id":"7pg8b0zb0dmeusw"},"id":"thwc0lco6ebwael","previousOperationId":"ena73rmaibn8bn1"}
{"type":"operationEnd","operationId":"ena73rmaibn8bn1","timestamp":1767271068584,"id":"pqz14ug62262kal","previousEventId":"u0qxsx3vb6sbh4h","previousOperationId":"ena73rmaibn8bn1"}
{"type":"log","timestamp":1767271068584,"level":"debug","message":"Skipping storing report.","meta":{"rootId":"7pg8b0zb0dmeusw","id":"7pg8b0zb0dmeusw"},"id":"3jascfwsar0afjr","previousOperationId":"ena73rmaibn8bn1"}
{"type":"log","timestamp":1767271068584,"level":"info","message":"Rendering request 3 finished in 8876 ms","meta":{"rootId":"7pg8b0zb0dmeusw","id":"7pg8b0zb0dmeusw"},"id":"szlsy2h2alf6bqd","previousOperationId":"ena73rmaibn8bn1"}
{"type":"operationEnd","subtype":"render","operationId":"x0yq48rxy436bel","timestamp":1767271068584,"id":"16np5vyehw1cjzr","previousEventId":"pqz14ug62262kal","previousOperationId":"ena73rmaibn8bn1"}
{"type":"operationEnd","doDiffs":false,"previousEventId":"ps8p4ru723jlw8i","previousOperationId":"fuylpaul1dg90ze","operationId":"fuylpaul1dg90ze","timestamp":1767271068590,"id":"jcrzlh0a7hoc3qb"}
