{"type":"operationStart","subtype":"profile","data":{"_id":"qemH52UBWxKW1NLb","timestamp":"2025-12-26T12:31:50.026Z","state":"running","mode":"standard","creationDate":"2025-12-26T12:31:50.032Z","modificationDate":"2025-12-26T12:31:50.032Z","shortid":"wtt2DK6","$entitySet":"profiles","timeout":60000},"doDiffs":false,"timestamp":1766752310030,"id":"jzyuxoxv6917jjj","previousOperationId":null,"operationId":"s575m7gdq566kg6"}
{"type":"log","level":"info","message":"Render request 1 queued for execution and waiting for available worker","previousOperationId":"s575m7gdq566kg6","timestamp":1766752310030,"id":"512rthf6ugnjdpa"}
{"type":"operationStart","subtype":"render","name":"anonymous","previousOperationId":"s575m7gdq566kg6","timestamp":1766752310100,"id":"kbx60omgbfn1oy2","previousEventId":"jzyuxoxv6917jjj","operationId":"yz0mdeawdsz3y4d"}
{"type":"log","timestamp":1766752310101,"level":"info","message":"Starting rendering request 1","meta":{"rootId":"7wlao9tkju9uejm","id":"7wlao9tkju9uejm"},"id":"3iiiopua9xyikpl","previousOperationId":"yz0mdeawdsz3y4d"}
{"type":"log","timestamp":1766752310103,"level":"info","message":"Rendering anonymous template { recipe: pptx, engine: handlebars }","meta":{"rootId":"7wlao9tkju9uejm","id":"7wlao9tkju9uejm"},"id":"ziuxdlg3ldos5bf","previousOperationId":"yz0mdeawdsz3y4d"}
{"type":"log","timestamp":1766752310103,"level":"debug","message":"Inline data specified.","meta":{"rootId":"7wlao9tkju9uejm","id":"7wlao9tkju9uejm"},"id":"11tk1d3p918j1uz","previousOperationId":"yz0mdeawdsz3y4d"}
{"type":"log","timestamp":1766752310108,"level":"debug","message":"Base url not specified, skipping its injection.","meta":{"rootId":"7wlao9tkju9uejm","id":"7wlao9tkju9uejm"},"id":"1i54azzc5bvcp9d","previousOperationId":"yz0mdeawdsz3y4d"}
{"type":"operationStart","subtype":"engine","name":"handlebars","timestamp":1766752310111,"id":"u7xxvlmezu72gle","previousEventId":"kbx60omgbfn1oy2","operationId":"qowd4es3tq32b6q","previousOperationId":"yz0mdeawdsz3y4d"}
{"type":"log","timestamp":1766752310112,"level":"debug","message":"Rendering engine handlebars","meta":{"rootId":"7wlao9tkju9uejm","id":"7wlao9tkju9uejm"},"id":"l7v399q7gqspcbh","previousOperationId":"qowd4es3tq32b6q"}
{"type":"operationEnd","operationId":"qowd4es3tq32b6q","timestamp":1766752311352,"id":"74oqihezd0lnug5","previousEventId":"u7xxvlmezu72gle","previousOperationId":"qowd4es3tq32b6q"}
{"type":"operationStart","subtype":"recipe","name":"pptx","timestamp":1766752311353,"id":"3ot5nt6ri6d7m8a","previousEventId":"74oqihezd0lnug5","operationId":"61bj82mrlzop2xl","previousOperationId":"qowd4es3tq32b6q"}
{"type":"log","timestamp":1766752311354,"level":"debug","message":"Executing recipe pptx","meta":{"rootId":"7wlao9tkju9uejm","id":"7wlao9tkju9uejm"},"id":"y90nj0zqh1j8x4q","previousOperationId":"61bj82mrlzop2xl"}
{"type":"log","timestamp":1766752311606,"level":"info","message":"pptx generation is starting","meta":{"rootId":"7wlao9tkju9uejm","id":"7wlao9tkju9uejm"},"id":"5lrcuw7u3z65j2r","previousOperationId":"61bj82mrlzop2xl"}
{"type":"log","timestamp":1766752313466,"level":"debug","message":"Starting child request to render pptx dynamic parts","meta":{"rootId":"7wlao9tkju9uejm","id":"7wlao9tkju9uejm"},"id":"74w1jbyp9wem7se","previousOperationId":"61bj82mrlzop2xl"}
{"type":"operationStart","subtype":"render","name":"anonymous","previousOperationId":"61bj82mrlzop2xl","timestamp":1766752313467,"id":"lei7dm02fxqio6m","previousEventId":"3ot5nt6ri6d7m8a","operationId":"vewfl0zf5wfzd0p"}
{"type":"log","timestamp":1766752313467,"level":"info","message":"Starting rendering (child) request","meta":{"rootId":"7wlao9tkju9uejm","id":"ot17y1b96vzi3ag"},"id":"rppu4eyv6rbv1ft","previousOperationId":"vewfl0zf5wfzd0p"}
{"type":"log","timestamp":1766752313468,"level":"info","message":"Rendering anonymous template { recipe: html, engine: handlebars }","meta":{"rootId":"7wlao9tkju9uejm","id":"ot17y1b96vzi3ag"},"id":"ojznjexzhvegdc2","previousOperationId":"vewfl0zf5wfzd0p"}
{"type":"log","timestamp":1766752313468,"level":"debug","message":"Inline data specified.","meta":{"rootId":"7wlao9tkju9uejm","id":"ot17y1b96vzi3ag"},"id":"a6mjzqt0pvkh0uc","previousOperationId":"vewfl0zf5wfzd0p"}
{"type":"log","timestamp":1766752313476,"level":"debug","message":"Base url not specified, skipping its injection.","meta":{"rootId":"7wlao9tkju9uejm","id":"ot17y1b96vzi3ag"},"id":"ja4gt0a04m5sisf","previousOperationId":"vewfl0zf5wfzd0p"}
{"type":"operationStart","subtype":"engine","name":"handlebars","timestamp":1766752313478,"id":"ca2pc67ogzsf5c8","previousEventId":"lei7dm02fxqio6m","operationId":"t4o12mzfkm8le5c","previousOperationId":"vewfl0zf5wfzd0p"}
{"type":"log","timestamp":1766752313478,"level":"debug","message":"Rendering engine handlebars","meta":{"rootId":"7wlao9tkju9uejm","id":"ot17y1b96vzi3ag"},"id":"qnf4a2it73a6hjg","previousOperationId":"t4o12mzfkm8le5c"}
{"type":"operationEnd","operationId":"t4o12mzfkm8le5c","timestamp":1766752313670,"id":"1xmr3fo87dntqtl","previousEventId":"ca2pc67ogzsf5c8","previousOperationId":"t4o12mzfkm8le5c"}
{"type":"operationStart","subtype":"recipe","name":"html","timestamp":1766752313684,"id":"g9b37i79zj3s41x","previousEventId":"1xmr3fo87dntqtl","operationId":"yix1hw7rukih3aw","previousOperationId":"t4o12mzfkm8le5c"}
{"type":"log","timestamp":1766752313684,"level":"debug","message":"Executing recipe html","meta":{"rootId":"7wlao9tkju9uejm","id":"ot17y1b96vzi3ag"},"id":"5146gxypuwk8kx8","previousOperationId":"yix1hw7rukih3aw"}
{"type":"operationEnd","operationId":"yix1hw7rukih3aw","timestamp":1766752313684,"id":"1fut53taegoxlsa","previousEventId":"g9b37i79zj3s41x","previousOperationId":"yix1hw7rukih3aw"}
{"type":"log","timestamp":1766752313686,"level":"debug","message":"Skipping storing report.","meta":{"rootId":"7wlao9tkju9uejm","id":"ot17y1b96vzi3ag"},"id":"vbzqa6pygen1n8w","previousOperationId":"yix1hw7rukih3aw"}
{"type":"log","timestamp":1766752313686,"level":"info","message":"Rendering (child) request finished in 3662 ms","meta":{"rootId":"7wlao9tkju9uejm","id":"ot17y1b96vzi3ag"},"id":"inaeknlcm1r2081","previousOperationId":"yix1hw7rukih3aw"}
{"type":"operationEnd","subtype":"render","operationId":"vewfl0zf5wfzd0p","timestamp":1766752313686,"id":"ty3uc2ifjh26qbo","previousEventId":"1fut53taegoxlsa","previousOperationId":"yix1hw7rukih3aw"}
{"type":"log","timestamp":1766752319701,"level":"debug","message":"pptx successfully zipped","meta":{"rootId":"7wlao9tkju9uejm","id":"7wlao9tkju9uejm"},"id":"vdu4daadyc52bju","previousOperationId":"61bj82mrlzop2xl"}
{"type":"log","timestamp":1766752319701,"level":"info","message":"pptx generation was finished","meta":{"rootId":"7wlao9tkju9uejm","id":"7wlao9tkju9uejm"},"id":"1zjhe54dj1b6szu","previousOperationId":"61bj82mrlzop2xl"}
{"type":"operationEnd","operationId":"61bj82mrlzop2xl","timestamp":1766752319717,"id":"c5h7q7k942tub34","previousEventId":"3ot5nt6ri6d7m8a","previousOperationId":"61bj82mrlzop2xl"}
{"type":"log","timestamp":1766752319717,"level":"debug","message":"Skipping storing report.","meta":{"rootId":"7wlao9tkju9uejm","id":"7wlao9tkju9uejm"},"id":"ewuev7k3utzxz8l","previousOperationId":"61bj82mrlzop2xl"}
{"type":"log","timestamp":1766752319717,"level":"info","message":"Rendering request 1 finished in 9693 ms","meta":{"rootId":"7wlao9tkju9uejm","id":"7wlao9tkju9uejm"},"id":"ja136xg1vf7sd02","previousOperationId":"61bj82mrlzop2xl"}
{"type":"operationEnd","subtype":"render","operationId":"yz0mdeawdsz3y4d","timestamp":1766752319717,"id":"vh8d3k5rwbohykg","previousEventId":"c5h7q7k942tub34","previousOperationId":"61bj82mrlzop2xl"}
{"type":"operationEnd","doDiffs":false,"previousEventId":"jzyuxoxv6917jjj","previousOperationId":"s575m7gdq566kg6","operationId":"s575m7gdq566kg6","timestamp":1766752319723,"id":"7b7hbandaxpaqj7"}
