{"type":"operationStart","subtype":"profile","data":{"_id":"I05Iu8cm1ioRW3Dc","timestamp":"2025-12-27T15:18:03.583Z","state":"running","mode":"standard","creationDate":"2025-12-27T15:18:03.589Z","modificationDate":"2025-12-27T15:18:03.589Z","shortid":"e1-lEUu","$entitySet":"profiles","timeout":60000},"doDiffs":false,"timestamp":1766848683587,"id":"152mvc8m9rr3wtf","previousOperationId":null,"operationId":"v0txu9arwmqasfd"}
{"type":"log","level":"info","message":"Render request 1 queued for execution and waiting for available worker","previousOperationId":"v0txu9arwmqasfd","timestamp":1766848683588,"id":"ltb0yqtupjgidt5"}
{"type":"operationStart","subtype":"render","name":"anonymous","previousOperationId":"v0txu9arwmqasfd","timestamp":1766848683648,"id":"rshj44foihdy1ud","previousEventId":"152mvc8m9rr3wtf","operationId":"2atdtnyx0lua6jt"}
{"type":"log","timestamp":1766848683649,"level":"info","message":"Starting rendering request 1","meta":{"rootId":"84wzmp9idacva58","id":"84wzmp9idacva58"},"id":"8niixqvlyd63ypa","previousOperationId":"2atdtnyx0lua6jt"}
{"type":"log","timestamp":1766848683650,"level":"info","message":"Rendering anonymous template { recipe: pptx, engine: handlebars }","meta":{"rootId":"84wzmp9idacva58","id":"84wzmp9idacva58"},"id":"l755noog645pzad","previousOperationId":"2atdtnyx0lua6jt"}
{"type":"log","timestamp":1766848683650,"level":"debug","message":"Inline data specified.","meta":{"rootId":"84wzmp9idacva58","id":"84wzmp9idacva58"},"id":"au7ze4vi0hcz4p1","previousOperationId":"2atdtnyx0lua6jt"}
{"type":"log","timestamp":1766848683656,"level":"debug","message":"Base url not specified, skipping its injection.","meta":{"rootId":"84wzmp9idacva58","id":"84wzmp9idacva58"},"id":"gja9t13tey7ap0w","previousOperationId":"2atdtnyx0lua6jt"}
{"type":"operationStart","subtype":"engine","name":"handlebars","timestamp":1766848683657,"id":"zv3pgdhji65f10j","previousEventId":"rshj44foihdy1ud","operationId":"bk1vffzphx9l1gl","previousOperationId":"2atdtnyx0lua6jt"}
{"type":"log","timestamp":1766848683657,"level":"debug","message":"Rendering engine handlebars","meta":{"rootId":"84wzmp9idacva58","id":"84wzmp9idacva58"},"id":"vgdoi5qjnjgph05","previousOperationId":"bk1vffzphx9l1gl"}
{"type":"operationEnd","operationId":"bk1vffzphx9l1gl","timestamp":1766848684489,"id":"hgw113p1qf2bp2j","previousEventId":"zv3pgdhji65f10j","previousOperationId":"bk1vffzphx9l1gl"}
{"type":"operationStart","subtype":"recipe","name":"pptx","timestamp":1766848684490,"id":"0rxg5pivqpww030","previousEventId":"hgw113p1qf2bp2j","operationId":"05hwd1tywaufc5c","previousOperationId":"bk1vffzphx9l1gl"}
{"type":"log","timestamp":1766848684490,"level":"debug","message":"Executing recipe pptx","meta":{"rootId":"84wzmp9idacva58","id":"84wzmp9idacva58"},"id":"vn5ogjts9mkeldm","previousOperationId":"05hwd1tywaufc5c"}
{"type":"log","timestamp":1766848684658,"level":"info","message":"pptx generation is starting","meta":{"rootId":"84wzmp9idacva58","id":"84wzmp9idacva58"},"id":"sicxhahb1d4wyhr","previousOperationId":"05hwd1tywaufc5c"}
{"type":"log","timestamp":1766848685729,"level":"debug","message":"Starting child request to render pptx dynamic parts","meta":{"rootId":"84wzmp9idacva58","id":"84wzmp9idacva58"},"id":"14ozuawxxpoctgj","previousOperationId":"05hwd1tywaufc5c"}
{"type":"operationStart","subtype":"render","name":"anonymous","previousOperationId":"05hwd1tywaufc5c","timestamp":1766848685729,"id":"pb2wx9kdow4c1xs","previousEventId":"0rxg5pivqpww030","operationId":"rbp7hn5gfwodxm2"}
{"type":"log","timestamp":1766848685729,"level":"info","message":"Starting rendering (child) request","meta":{"rootId":"84wzmp9idacva58","id":"4ov5b1nzo5ym29q"},"id":"pojs2uwgsyxwfu9","previousOperationId":"rbp7hn5gfwodxm2"}
{"type":"log","timestamp":1766848685730,"level":"info","message":"Rendering anonymous template { recipe: html, engine: handlebars }","meta":{"rootId":"84wzmp9idacva58","id":"4ov5b1nzo5ym29q"},"id":"kudxf86je3csr0w","previousOperationId":"rbp7hn5gfwodxm2"}
{"type":"log","timestamp":1766848685730,"level":"debug","message":"Inline data specified.","meta":{"rootId":"84wzmp9idacva58","id":"4ov5b1nzo5ym29q"},"id":"wsjk55btasxf7ab","previousOperationId":"rbp7hn5gfwodxm2"}
{"type":"log","timestamp":1766848685734,"level":"debug","message":"Base url not specified, skipping its injection.","meta":{"rootId":"84wzmp9idacva58","id":"4ov5b1nzo5ym29q"},"id":"n53mqjeekhvwn9i","previousOperationId":"rbp7hn5gfwodxm2"}
{"type":"operationStart","subtype":"engine","name":"handlebars","timestamp":1766848685736,"id":"7zsycigx22k3m7u","previousEventId":"pb2wx9kdow4c1xs","operationId":"0u87pmj5nba5xjk","previousOperationId":"rbp7hn5gfwodxm2"}
{"type":"log","timestamp":1766848685736,"level":"debug","message":"Rendering engine handlebars","meta":{"rootId":"84wzmp9idacva58","id":"4ov5b1nzo5ym29q"},"id":"uhweojo3huskh24","previousOperationId":"0u87pmj5nba5xjk"}
{"type":"operationEnd","operationId":"0u87pmj5nba5xjk","timestamp":1766848685863,"id":"rrzgmwet9ugu28s","previousEventId":"7zsycigx22k3m7u","previousOperationId":"0u87pmj5nba5xjk"}
{"type":"operationStart","subtype":"recipe","name":"html","timestamp":1766848685872,"id":"xu794n0gqr3ep6g","previousEventId":"rrzgmwet9ugu28s","operationId":"rxxm4tck86lhqqr","previousOperationId":"0u87pmj5nba5xjk"}
{"type":"log","timestamp":1766848685873,"level":"debug","message":"Executing recipe html","meta":{"rootId":"84wzmp9idacva58","id":"4ov5b1nzo5ym29q"},"id":"jvyogsc7lfo3n7e","previousOperationId":"rxxm4tck86lhqqr"}
{"type":"operationEnd","operationId":"rxxm4tck86lhqqr","timestamp":1766848685873,"id":"fb3e694qpufiyra","previousEventId":"xu794n0gqr3ep6g","previousOperationId":"rxxm4tck86lhqqr"}
{"type":"log","timestamp":1766848685874,"level":"debug","message":"Skipping storing report.","meta":{"rootId":"84wzmp9idacva58","id":"4ov5b1nzo5ym29q"},"id":"mojamp1awazd9c4","previousOperationId":"rxxm4tck86lhqqr"}
{"type":"log","timestamp":1766848685874,"level":"info","message":"Rendering (child) request finished in 2293 ms","meta":{"rootId":"84wzmp9idacva58","id":"4ov5b1nzo5ym29q"},"id":"d84jg3m800uquk6","previousOperationId":"rxxm4tck86lhqqr"}
{"type":"operationEnd","subtype":"render","operationId":"rbp7hn5gfwodxm2","timestamp":1766848685874,"id":"29wlkqfrv4ohve0","previousEventId":"fb3e694qpufiyra","previousOperationId":"rxxm4tck86lhqqr"}
{"type":"log","timestamp":1766848689182,"level":"debug","message":"pptx successfully zipped","meta":{"rootId":"84wzmp9idacva58","id":"84wzmp9idacva58"},"id":"h6tbncolq2xivi8","previousOperationId":"05hwd1tywaufc5c"}
{"type":"log","timestamp":1766848689183,"level":"info","message":"pptx generation was finished","meta":{"rootId":"84wzmp9idacva58","id":"84wzmp9idacva58"},"id":"30npgaw9vbmpi6e","previousOperationId":"05hwd1tywaufc5c"}
{"type":"operationEnd","operationId":"05hwd1tywaufc5c","timestamp":1766848689193,"id":"1iogghpe8ia71i5","previousEventId":"0rxg5pivqpww030","previousOperationId":"05hwd1tywaufc5c"}
{"type":"log","timestamp":1766848689193,"level":"debug","message":"Skipping storing report.","meta":{"rootId":"84wzmp9idacva58","id":"84wzmp9idacva58"},"id":"vtqf54kfju5eeo6","previousOperationId":"05hwd1tywaufc5c"}
{"type":"log","timestamp":1766848689194,"level":"info","message":"Rendering request 1 finished in 5613 ms","meta":{"rootId":"84wzmp9idacva58","id":"84wzmp9idacva58"},"id":"9hbnym54qft85ww","previousOperationId":"05hwd1tywaufc5c"}
{"type":"operationEnd","subtype":"render","operationId":"2atdtnyx0lua6jt","timestamp":1766848689194,"id":"tb89pf0d6jsmbtb","previousEventId":"1iogghpe8ia71i5","previousOperationId":"05hwd1tywaufc5c"}
{"type":"operationEnd","doDiffs":false,"previousEventId":"152mvc8m9rr3wtf","previousOperationId":"v0txu9arwmqasfd","operationId":"v0txu9arwmqasfd","timestamp":1766848689199,"id":"smrfcnsz9etgst9"}
