{"type":"operationStart","subtype":"profile","data":{"_id":"vAhoYtNSGUJKOPMZ","timestamp":"2025-12-28T13:20:40.841Z","state":"running","mode":"standard","creationDate":"2025-12-28T13:20:40.851Z","modificationDate":"2025-12-28T13:20:40.851Z","shortid":"2sGQLdK","$entitySet":"profiles","timeout":60000},"doDiffs":false,"timestamp":1766928040847,"id":"4mkyguha47imt7x","previousOperationId":null,"operationId":"xln41a9hbnzama4"}
{"type":"log","level":"info","message":"Render request 6 queued for execution and waiting for available worker","previousOperationId":"xln41a9hbnzama4","timestamp":1766928040848,"id":"4eb1qma89311hte"}
{"type":"operationStart","subtype":"render","name":"anonymous","previousOperationId":"xln41a9hbnzama4","timestamp":1766928040917,"id":"vaxzg4yu63onebf","previousEventId":"4mkyguha47imt7x","operationId":"4eynvm3a27agz7j"}
{"type":"log","timestamp":1766928040918,"level":"info","message":"Starting rendering request 6","meta":{"rootId":"87k6hdmoln273ng","id":"87k6hdmoln273ng"},"id":"s4fkboh07x8vh5a","previousOperationId":"4eynvm3a27agz7j"}
{"type":"log","timestamp":1766928040918,"level":"info","message":"Rendering anonymous template { recipe: pptx, engine: handlebars }","meta":{"rootId":"87k6hdmoln273ng","id":"87k6hdmoln273ng"},"id":"wx45zx745qkk04o","previousOperationId":"4eynvm3a27agz7j"}
{"type":"log","timestamp":1766928040918,"level":"debug","message":"Inline data specified.","meta":{"rootId":"87k6hdmoln273ng","id":"87k6hdmoln273ng"},"id":"vxxhm5drw00q905","previousOperationId":"4eynvm3a27agz7j"}
{"type":"log","timestamp":1766928040922,"level":"debug","message":"Base url not specified, skipping its injection.","meta":{"rootId":"87k6hdmoln273ng","id":"87k6hdmoln273ng"},"id":"sndjlvz0telennh","previousOperationId":"4eynvm3a27agz7j"}
{"type":"operationStart","subtype":"engine","name":"handlebars","timestamp":1766928040924,"id":"p8scserejwus3be","previousEventId":"vaxzg4yu63onebf","operationId":"xro0289qo7t7eqo","previousOperationId":"4eynvm3a27agz7j"}
{"type":"log","timestamp":1766928040924,"level":"debug","message":"Rendering engine handlebars","meta":{"rootId":"87k6hdmoln273ng","id":"87k6hdmoln273ng"},"id":"z77t5lbn0319f2m","previousOperationId":"xro0289qo7t7eqo"}
{"type":"operationEnd","operationId":"xro0289qo7t7eqo","timestamp":1766928040948,"id":"3rnl0bul1js1foa","previousEventId":"p8scserejwus3be","previousOperationId":"xro0289qo7t7eqo"}
{"type":"operationStart","subtype":"recipe","name":"pptx","timestamp":1766928040949,"id":"lc2f3p7nvykssez","previousEventId":"3rnl0bul1js1foa","operationId":"roo4sbup3l1tstr","previousOperationId":"xro0289qo7t7eqo"}
{"type":"log","timestamp":1766928040949,"level":"debug","message":"Executing recipe pptx","meta":{"rootId":"87k6hdmoln273ng","id":"87k6hdmoln273ng"},"id":"r6g8uht4tzbbjz7","previousOperationId":"roo4sbup3l1tstr"}
{"type":"log","timestamp":1766928040965,"level":"info","message":"pptx generation is starting","meta":{"rootId":"87k6hdmoln273ng","id":"87k6hdmoln273ng"},"id":"mk7ho6a4sw48shn","previousOperationId":"roo4sbup3l1tstr"}
{"type":"log","timestamp":1766928042066,"level":"debug","message":"Starting child request to render pptx dynamic parts","meta":{"rootId":"87k6hdmoln273ng","id":"87k6hdmoln273ng"},"id":"lvogsxwcyrbljsr","previousOperationId":"roo4sbup3l1tstr"}
{"type":"operationStart","subtype":"render","name":"anonymous","previousOperationId":"roo4sbup3l1tstr","timestamp":1766928042067,"id":"bgddzahqm54spq3","previousEventId":"lc2f3p7nvykssez","operationId":"lob7k73l0yq4lg5"}
{"type":"log","timestamp":1766928042067,"level":"info","message":"Starting rendering (child) request","meta":{"rootId":"87k6hdmoln273ng","id":"60ybct66sa6vi40"},"id":"1ws0ux98vy7r6aj","previousOperationId":"lob7k73l0yq4lg5"}
{"type":"log","timestamp":1766928042067,"level":"info","message":"Rendering anonymous template { recipe: html, engine: handlebars }","meta":{"rootId":"87k6hdmoln273ng","id":"60ybct66sa6vi40"},"id":"922n2by16jqv43z","previousOperationId":"lob7k73l0yq4lg5"}
{"type":"log","timestamp":1766928042067,"level":"debug","message":"Inline data specified.","meta":{"rootId":"87k6hdmoln273ng","id":"60ybct66sa6vi40"},"id":"nshvi77ou5ow6yv","previousOperationId":"lob7k73l0yq4lg5"}
{"type":"log","timestamp":1766928042071,"level":"debug","message":"Base url not specified, skipping its injection.","meta":{"rootId":"87k6hdmoln273ng","id":"60ybct66sa6vi40"},"id":"221jct5gs0ql0jy","previousOperationId":"lob7k73l0yq4lg5"}
{"type":"operationStart","subtype":"engine","name":"handlebars","timestamp":1766928042073,"id":"bs6sxphe6wpm01y","previousEventId":"bgddzahqm54spq3","operationId":"dfr4rxey2l9tt29","previousOperationId":"lob7k73l0yq4lg5"}
{"type":"log","timestamp":1766928042073,"level":"debug","message":"Rendering engine handlebars","meta":{"rootId":"87k6hdmoln273ng","id":"60ybct66sa6vi40"},"id":"ms2h8ejkvzupe5t","previousOperationId":"dfr4rxey2l9tt29"}
{"type":"log","timestamp":1766928042174,"level":"debug","message":"(console:log) {\n  type: 'echarts@v5a',\n  width: 848,\n  height: 409,\n  option: { radar: [ [Object] ], series: [ [Object] ] }\n}","meta":{"userLevel":true,"rootId":"87k6hdmoln273ng","id":"60ybct66sa6vi40"},"id":"2loq6i0gav60p0d","previousOperationId":"dfr4rxey2l9tt29"}
{"type":"operationEnd","operationId":"dfr4rxey2l9tt29","timestamp":1766928042180,"id":"xqkx1lrwszj8d52","previousEventId":"bs6sxphe6wpm01y","previousOperationId":"dfr4rxey2l9tt29"}
{"type":"operationStart","subtype":"recipe","name":"html","timestamp":1766928042187,"id":"553s3ggs9v2c3am","previousEventId":"xqkx1lrwszj8d52","operationId":"yr0wvkynam0bss4","previousOperationId":"dfr4rxey2l9tt29"}
{"type":"log","timestamp":1766928042187,"level":"debug","message":"Executing recipe html","meta":{"rootId":"87k6hdmoln273ng","id":"60ybct66sa6vi40"},"id":"c37gt8lrsaggtnl","previousOperationId":"yr0wvkynam0bss4"}
{"type":"operationEnd","operationId":"yr0wvkynam0bss4","timestamp":1766928042188,"id":"d60jdiohxilh06s","previousEventId":"553s3ggs9v2c3am","previousOperationId":"yr0wvkynam0bss4"}
{"type":"log","timestamp":1766928042188,"level":"debug","message":"Skipping storing report.","meta":{"rootId":"87k6hdmoln273ng","id":"60ybct66sa6vi40"},"id":"egcnia4hztlt5qo","previousOperationId":"yr0wvkynam0bss4"}
{"type":"log","timestamp":1766928042188,"level":"info","message":"Rendering (child) request finished in 1351 ms","meta":{"rootId":"87k6hdmoln273ng","id":"60ybct66sa6vi40"},"id":"pw2cb32u1wsg92m","previousOperationId":"yr0wvkynam0bss4"}
{"type":"operationEnd","subtype":"render","operationId":"lob7k73l0yq4lg5","timestamp":1766928042188,"id":"5t8leypish65hbb","previousEventId":"d60jdiohxilh06s","previousOperationId":"yr0wvkynam0bss4"}
{"type":"log","timestamp":1766928045952,"level":"debug","message":"pptx successfully zipped","meta":{"rootId":"87k6hdmoln273ng","id":"87k6hdmoln273ng"},"id":"8jvu3ebnaidfqi9","previousOperationId":"roo4sbup3l1tstr"}
{"type":"log","timestamp":1766928045952,"level":"info","message":"pptx generation was finished","meta":{"rootId":"87k6hdmoln273ng","id":"87k6hdmoln273ng"},"id":"d9y7n9pi0q3f19i","previousOperationId":"roo4sbup3l1tstr"}
{"type":"operationEnd","operationId":"roo4sbup3l1tstr","timestamp":1766928045961,"id":"gndb15uka41ja63","previousEventId":"lc2f3p7nvykssez","previousOperationId":"roo4sbup3l1tstr"}
{"type":"log","timestamp":1766928045961,"level":"debug","message":"Skipping storing report.","meta":{"rootId":"87k6hdmoln273ng","id":"87k6hdmoln273ng"},"id":"0dfr3oeuftioia1","previousOperationId":"roo4sbup3l1tstr"}
{"type":"log","timestamp":1766928045961,"level":"info","message":"Rendering request 6 finished in 5124 ms","meta":{"rootId":"87k6hdmoln273ng","id":"87k6hdmoln273ng"},"id":"08gmo2xqi4ctuzo","previousOperationId":"roo4sbup3l1tstr"}
{"type":"operationEnd","subtype":"render","operationId":"4eynvm3a27agz7j","timestamp":1766928045961,"id":"f6die4gtvkheeao","previousEventId":"gndb15uka41ja63","previousOperationId":"roo4sbup3l1tstr"}
{"type":"operationEnd","doDiffs":false,"previousEventId":"4mkyguha47imt7x","previousOperationId":"xln41a9hbnzama4","operationId":"xln41a9hbnzama4","timestamp":1766928045967,"id":"03qmnao7wwhve9j"}
