{"type":"operationStart","subtype":"profile","data":{"_id":"n3Cr3XTGGXTeeBPw","timestamp":"2025-12-28T16:49:01.214Z","state":"running","mode":"standard","creationDate":"2025-12-28T16:49:01.220Z","modificationDate":"2025-12-28T16:49:01.220Z","shortid":"JzFKHgn","$entitySet":"profiles","timeout":60000},"doDiffs":false,"timestamp":1766940541218,"id":"xi7twu2rc8t2fxy","previousOperationId":null,"operationId":"re2ixm91bd53ykj"}
{"type":"log","level":"info","message":"Render request 1 queued for execution and waiting for available worker","previousOperationId":"re2ixm91bd53ykj","timestamp":1766940541218,"id":"k8rj06cl4ugyq36"}
{"type":"operationStart","subtype":"render","name":"anonymous","previousOperationId":"re2ixm91bd53ykj","timestamp":1766940541290,"id":"4e1xcussmegz2gi","previousEventId":"xi7twu2rc8t2fxy","operationId":"ll72vpurxdvg8g4"}
{"type":"log","timestamp":1766940541291,"level":"info","message":"Starting rendering request 1","meta":{"rootId":"89lutkwvohlidh8","id":"89lutkwvohlidh8"},"id":"06zjhl39ow7npwl","previousOperationId":"ll72vpurxdvg8g4"}
{"type":"log","timestamp":1766940541294,"level":"info","message":"Rendering anonymous template { recipe: pptx, engine: handlebars }","meta":{"rootId":"89lutkwvohlidh8","id":"89lutkwvohlidh8"},"id":"dvmczpgsgmou83j","previousOperationId":"ll72vpurxdvg8g4"}
{"type":"log","timestamp":1766940541294,"level":"debug","message":"Inline data specified.","meta":{"rootId":"89lutkwvohlidh8","id":"89lutkwvohlidh8"},"id":"x3g955b92bajrp3","previousOperationId":"ll72vpurxdvg8g4"}
{"type":"log","timestamp":1766940541306,"level":"debug","message":"Base url not specified, skipping its injection.","meta":{"rootId":"89lutkwvohlidh8","id":"89lutkwvohlidh8"},"id":"k6ygitdgi5cy5ip","previousOperationId":"ll72vpurxdvg8g4"}
{"type":"operationStart","subtype":"engine","name":"handlebars","timestamp":1766940541310,"id":"wxxauovvhyv72u4","previousEventId":"4e1xcussmegz2gi","operationId":"mb763122762hylg","previousOperationId":"ll72vpurxdvg8g4"}
{"type":"log","timestamp":1766940541311,"level":"debug","message":"Rendering engine handlebars","meta":{"rootId":"89lutkwvohlidh8","id":"89lutkwvohlidh8"},"id":"y4ye7uam87d2fy8","previousOperationId":"mb763122762hylg"}
{"type":"operationEnd","operationId":"mb763122762hylg","timestamp":1766940542557,"id":"qlv05ah222z5isi","previousEventId":"wxxauovvhyv72u4","previousOperationId":"mb763122762hylg"}
{"type":"operationStart","subtype":"recipe","name":"pptx","timestamp":1766940542558,"id":"yajn4ix17d6c4x5","previousEventId":"qlv05ah222z5isi","operationId":"a18bammappcvhyx","previousOperationId":"mb763122762hylg"}
{"type":"log","timestamp":1766940542558,"level":"debug","message":"Executing recipe pptx","meta":{"rootId":"89lutkwvohlidh8","id":"89lutkwvohlidh8"},"id":"zaq780ujjucc2dx","previousOperationId":"a18bammappcvhyx"}
{"type":"log","timestamp":1766940542812,"level":"info","message":"pptx generation is starting","meta":{"rootId":"89lutkwvohlidh8","id":"89lutkwvohlidh8"},"id":"lvrkaq78uu2tks0","previousOperationId":"a18bammappcvhyx"}
{"type":"log","timestamp":1766940544620,"level":"debug","message":"Starting child request to render pptx dynamic parts","meta":{"rootId":"89lutkwvohlidh8","id":"89lutkwvohlidh8"},"id":"o5q5goto26dt9pt","previousOperationId":"a18bammappcvhyx"}
{"type":"operationStart","subtype":"render","name":"anonymous","previousOperationId":"a18bammappcvhyx","timestamp":1766940544621,"id":"r4au0hlyc5sbm9n","previousEventId":"yajn4ix17d6c4x5","operationId":"gwiyaca9k3zf404"}
{"type":"log","timestamp":1766940544621,"level":"info","message":"Starting rendering (child) request","meta":{"rootId":"89lutkwvohlidh8","id":"p6lxe5cwnx0on6u"},"id":"hsvacurltnb3uh8","previousOperationId":"gwiyaca9k3zf404"}
{"type":"log","timestamp":1766940544622,"level":"info","message":"Rendering anonymous template { recipe: html, engine: handlebars }","meta":{"rootId":"89lutkwvohlidh8","id":"p6lxe5cwnx0on6u"},"id":"2irlkeuk0vs06m0","previousOperationId":"gwiyaca9k3zf404"}
{"type":"log","timestamp":1766940544622,"level":"debug","message":"Inline data specified.","meta":{"rootId":"89lutkwvohlidh8","id":"p6lxe5cwnx0on6u"},"id":"kf3av2e9ms6mol3","previousOperationId":"gwiyaca9k3zf404"}
{"type":"log","timestamp":1766940544636,"level":"debug","message":"Base url not specified, skipping its injection.","meta":{"rootId":"89lutkwvohlidh8","id":"p6lxe5cwnx0on6u"},"id":"rv8u7t51fn4y7ej","previousOperationId":"gwiyaca9k3zf404"}
{"type":"operationStart","subtype":"engine","name":"handlebars","timestamp":1766940544638,"id":"p8apzpt6nzxz0z0","previousEventId":"r4au0hlyc5sbm9n","operationId":"ahwbghq3fk7yp3p","previousOperationId":"gwiyaca9k3zf404"}
{"type":"log","timestamp":1766940544638,"level":"debug","message":"Rendering engine handlebars","meta":{"rootId":"89lutkwvohlidh8","id":"p6lxe5cwnx0on6u"},"id":"3xygwm4xa5rmffc","previousOperationId":"ahwbghq3fk7yp3p"}
{"type":"log","timestamp":1766940544851,"level":"debug","message":"(console:log) {\n  type: 'echarts@v5a',\n  width: 848,\n  height: 409,\n  option: { radar: [ [Object] ], series: [ [Object] ] }\n}","meta":{"userLevel":true,"rootId":"89lutkwvohlidh8","id":"p6lxe5cwnx0on6u"},"id":"rtc4f20xvrbiga8","previousOperationId":"ahwbghq3fk7yp3p"}
{"type":"operationEnd","operationId":"ahwbghq3fk7yp3p","timestamp":1766940544862,"id":"2mp8ay14embmt89","previousEventId":"p8apzpt6nzxz0z0","previousOperationId":"ahwbghq3fk7yp3p"}
{"type":"operationStart","subtype":"recipe","name":"html","timestamp":1766940544878,"id":"qvkq6ox4r8kvklv","previousEventId":"2mp8ay14embmt89","operationId":"qf9z9b7tlyguzvm","previousOperationId":"ahwbghq3fk7yp3p"}
{"type":"log","timestamp":1766940544878,"level":"debug","message":"Executing recipe html","meta":{"rootId":"89lutkwvohlidh8","id":"p6lxe5cwnx0on6u"},"id":"psf2734tkli8ume","previousOperationId":"qf9z9b7tlyguzvm"}
{"type":"operationEnd","operationId":"qf9z9b7tlyguzvm","timestamp":1766940544878,"id":"us1lmptihyaenbp","previousEventId":"qvkq6ox4r8kvklv","previousOperationId":"qf9z9b7tlyguzvm"}
{"type":"log","timestamp":1766940544879,"level":"debug","message":"Skipping storing report.","meta":{"rootId":"89lutkwvohlidh8","id":"p6lxe5cwnx0on6u"},"id":"m9wn9l4dhvb9ckv","previousOperationId":"qf9z9b7tlyguzvm"}
{"type":"log","timestamp":1766940544879,"level":"info","message":"Rendering (child) request finished in 3668 ms","meta":{"rootId":"89lutkwvohlidh8","id":"p6lxe5cwnx0on6u"},"id":"xeg9zzvwb2rytj3","previousOperationId":"qf9z9b7tlyguzvm"}
{"type":"operationEnd","subtype":"render","operationId":"gwiyaca9k3zf404","timestamp":1766940544879,"id":"636pabjmn10ys5y","previousEventId":"us1lmptihyaenbp","previousOperationId":"qf9z9b7tlyguzvm"}
{"type":"log","timestamp":1766940553586,"level":"debug","message":"pptx successfully zipped","meta":{"rootId":"89lutkwvohlidh8","id":"89lutkwvohlidh8"},"id":"s2urllqalavlmon","previousOperationId":"a18bammappcvhyx"}
{"type":"log","timestamp":1766940553587,"level":"info","message":"pptx generation was finished","meta":{"rootId":"89lutkwvohlidh8","id":"89lutkwvohlidh8"},"id":"8bj6xymxo20afrk","previousOperationId":"a18bammappcvhyx"}
{"type":"operationEnd","operationId":"a18bammappcvhyx","timestamp":1766940553602,"id":"hlfvuagyvw0zmb2","previousEventId":"yajn4ix17d6c4x5","previousOperationId":"a18bammappcvhyx"}
{"type":"log","timestamp":1766940553602,"level":"debug","message":"Skipping storing report.","meta":{"rootId":"89lutkwvohlidh8","id":"89lutkwvohlidh8"},"id":"8sgkuvhx6to3czc","previousOperationId":"a18bammappcvhyx"}
{"type":"log","timestamp":1766940553602,"level":"info","message":"Rendering request 1 finished in 12391 ms","meta":{"rootId":"89lutkwvohlidh8","id":"89lutkwvohlidh8"},"id":"dpa7hc9ftpw5bdh","previousOperationId":"a18bammappcvhyx"}
{"type":"operationEnd","subtype":"render","operationId":"ll72vpurxdvg8g4","timestamp":1766940553602,"id":"p9eg9sl1z5begvy","previousEventId":"hlfvuagyvw0zmb2","previousOperationId":"a18bammappcvhyx"}
{"type":"operationEnd","doDiffs":false,"previousEventId":"xi7twu2rc8t2fxy","previousOperationId":"re2ixm91bd53ykj","operationId":"re2ixm91bd53ykj","timestamp":1766940553612,"id":"pbtzawpt9b50uwj"}
