{"type":"operationStart","subtype":"profile","data":{"_id":"aZqsR1aionXjho17","timestamp":"2025-12-07T19:33:57.727Z","state":"running","mode":"standard","creationDate":"2025-12-07T19:33:57.732Z","modificationDate":"2025-12-07T19:33:57.732Z","shortid":"M72Ctq1","$entitySet":"profiles","timeout":60000},"doDiffs":false,"timestamp":1765136037731,"id":"9mrv3bv971wumd7","previousOperationId":null,"operationId":"tez6oy4s4fj1dg6"}
{"type":"log","level":"info","message":"Render request 21 queued for execution and waiting for available worker","previousOperationId":"tez6oy4s4fj1dg6","timestamp":1765136037731,"id":"683fu6bgpqkqff5"}
{"type":"operationStart","subtype":"render","name":"anonymous","previousOperationId":"tez6oy4s4fj1dg6","timestamp":1765136037778,"id":"3xbw4nhqvo7rm1z","previousEventId":"9mrv3bv971wumd7","operationId":"cbdniqtkhx8j630"}
{"type":"log","timestamp":1765136037778,"level":"info","message":"Starting rendering request 21","meta":{"rootId":"8elc9cazy00zjvi","id":"8elc9cazy00zjvi"},"id":"7kgfjza6ddace05","previousOperationId":"cbdniqtkhx8j630"}
{"type":"log","timestamp":1765136037779,"level":"info","message":"Rendering anonymous template { recipe: pptx, engine: handlebars }","meta":{"rootId":"8elc9cazy00zjvi","id":"8elc9cazy00zjvi"},"id":"ci53j9qkr03ta0c","previousOperationId":"cbdniqtkhx8j630"}
{"type":"log","timestamp":1765136037779,"level":"debug","message":"Inline data specified.","meta":{"rootId":"8elc9cazy00zjvi","id":"8elc9cazy00zjvi"},"id":"rp2q3iw2edkwpv1","previousOperationId":"cbdniqtkhx8j630"}
{"type":"log","timestamp":1765136037780,"level":"debug","message":"Base url not specified, skipping its injection.","meta":{"rootId":"8elc9cazy00zjvi","id":"8elc9cazy00zjvi"},"id":"qzf3vkc5eir0u8v","previousOperationId":"cbdniqtkhx8j630"}
{"type":"operationStart","subtype":"engine","name":"handlebars","timestamp":1765136037781,"id":"swgv06ukan80lvy","previousEventId":"3xbw4nhqvo7rm1z","operationId":"ezwljuplfzz2vyc","previousOperationId":"cbdniqtkhx8j630"}
{"type":"log","timestamp":1765136037781,"level":"debug","message":"Rendering engine handlebars","meta":{"rootId":"8elc9cazy00zjvi","id":"8elc9cazy00zjvi"},"id":"u0djz9db4t24orh","previousOperationId":"ezwljuplfzz2vyc"}
{"type":"operationEnd","operationId":"ezwljuplfzz2vyc","timestamp":1765136037793,"id":"ek1yx9wtikv74t6","previousEventId":"swgv06ukan80lvy","previousOperationId":"ezwljuplfzz2vyc"}
{"type":"operationStart","subtype":"recipe","name":"pptx","timestamp":1765136037793,"id":"pj9vew0bb72iukb","previousEventId":"ek1yx9wtikv74t6","operationId":"jo0945lnxgq40j1","previousOperationId":"ezwljuplfzz2vyc"}
{"type":"log","timestamp":1765136037793,"level":"debug","message":"Executing recipe pptx","meta":{"rootId":"8elc9cazy00zjvi","id":"8elc9cazy00zjvi"},"id":"zyt5bztvrhx1f79","previousOperationId":"jo0945lnxgq40j1"}
{"type":"log","timestamp":1765136037811,"level":"info","message":"pptx generation is starting","meta":{"rootId":"8elc9cazy00zjvi","id":"8elc9cazy00zjvi"},"id":"xprmvjdl6fzg519","previousOperationId":"jo0945lnxgq40j1"}
{"type":"log","timestamp":1765136038988,"level":"debug","message":"Starting child request to render pptx dynamic parts","meta":{"rootId":"8elc9cazy00zjvi","id":"8elc9cazy00zjvi"},"id":"5zru1vmaykkfd24","previousOperationId":"jo0945lnxgq40j1"}
{"type":"operationStart","subtype":"render","name":"anonymous","previousOperationId":"jo0945lnxgq40j1","timestamp":1765136038988,"id":"pap1tphedurz8rb","previousEventId":"pj9vew0bb72iukb","operationId":"5s2igh1phcpibr8"}
{"type":"log","timestamp":1765136038988,"level":"info","message":"Starting rendering (child) request","meta":{"rootId":"8elc9cazy00zjvi","id":"azkwd8vjt6gfwwv"},"id":"q1m002kon3928e9","previousOperationId":"5s2igh1phcpibr8"}
{"type":"log","timestamp":1765136038988,"level":"info","message":"Rendering anonymous template { recipe: html, engine: handlebars }","meta":{"rootId":"8elc9cazy00zjvi","id":"azkwd8vjt6gfwwv"},"id":"w96iuvntrzjwcqb","previousOperationId":"5s2igh1phcpibr8"}
{"type":"log","timestamp":1765136038988,"level":"debug","message":"Inline data specified.","meta":{"rootId":"8elc9cazy00zjvi","id":"azkwd8vjt6gfwwv"},"id":"mjw1t26mpt57jyf","previousOperationId":"5s2igh1phcpibr8"}
{"type":"log","timestamp":1765136038996,"level":"debug","message":"Base url not specified, skipping its injection.","meta":{"rootId":"8elc9cazy00zjvi","id":"azkwd8vjt6gfwwv"},"id":"gup8o6sau5eb6w5","previousOperationId":"5s2igh1phcpibr8"}
{"type":"operationStart","subtype":"engine","name":"handlebars","timestamp":1765136038996,"id":"hlwl3oj5vsbi1m6","previousEventId":"pap1tphedurz8rb","operationId":"9m5xvkgczl9jy36","previousOperationId":"5s2igh1phcpibr8"}
{"type":"log","timestamp":1765136038996,"level":"debug","message":"Rendering engine handlebars","meta":{"rootId":"8elc9cazy00zjvi","id":"azkwd8vjt6gfwwv"},"id":"jvd5aat0ezbyoge","previousOperationId":"9m5xvkgczl9jy36"}
{"type":"operationEnd","operationId":"9m5xvkgczl9jy36","timestamp":1765136039094,"id":"wd6x69g1g68cfsj","previousEventId":"hlwl3oj5vsbi1m6","previousOperationId":"9m5xvkgczl9jy36"}
{"type":"operationStart","subtype":"recipe","name":"html","timestamp":1765136039104,"id":"tclsstqn246ebe7","previousEventId":"wd6x69g1g68cfsj","operationId":"elslxc2jwie2usv","previousOperationId":"9m5xvkgczl9jy36"}
{"type":"log","timestamp":1765136039104,"level":"debug","message":"Executing recipe html","meta":{"rootId":"8elc9cazy00zjvi","id":"azkwd8vjt6gfwwv"},"id":"a2todv3sxhf9myk","previousOperationId":"elslxc2jwie2usv"}
{"type":"operationEnd","operationId":"elslxc2jwie2usv","timestamp":1765136039104,"id":"fb60ggeltzqt5eh","previousEventId":"tclsstqn246ebe7","previousOperationId":"elslxc2jwie2usv"}
{"type":"log","timestamp":1765136039104,"level":"debug","message":"Skipping storing report.","meta":{"rootId":"8elc9cazy00zjvi","id":"azkwd8vjt6gfwwv"},"id":"qprfvb16p2xhrwt","previousOperationId":"elslxc2jwie2usv"}
{"type":"log","timestamp":1765136039104,"level":"info","message":"Rendering (child) request finished in 1378 ms","meta":{"rootId":"8elc9cazy00zjvi","id":"azkwd8vjt6gfwwv"},"id":"46d4hblxu7af0sq","previousOperationId":"elslxc2jwie2usv"}
{"type":"operationEnd","subtype":"render","operationId":"5s2igh1phcpibr8","timestamp":1765136039104,"id":"zdiwmreckjgtcvp","previousEventId":"fb60ggeltzqt5eh","previousOperationId":"elslxc2jwie2usv"}
{"type":"log","timestamp":1765136044065,"level":"debug","message":"pptx successfully zipped","meta":{"rootId":"8elc9cazy00zjvi","id":"8elc9cazy00zjvi"},"id":"uzy2shx5jrilk3q","previousOperationId":"jo0945lnxgq40j1"}
{"type":"log","timestamp":1765136044065,"level":"info","message":"pptx generation was finished","meta":{"rootId":"8elc9cazy00zjvi","id":"8elc9cazy00zjvi"},"id":"wfye7b4vh98zvf3","previousOperationId":"jo0945lnxgq40j1"}
{"type":"operationEnd","operationId":"jo0945lnxgq40j1","timestamp":1765136044073,"id":"42petfyjgb6a0tb","previousEventId":"pj9vew0bb72iukb","previousOperationId":"jo0945lnxgq40j1"}
{"type":"log","timestamp":1765136044073,"level":"debug","message":"Skipping storing report.","meta":{"rootId":"8elc9cazy00zjvi","id":"8elc9cazy00zjvi"},"id":"e6wflvumzirq8tu","previousOperationId":"jo0945lnxgq40j1"}
{"type":"log","timestamp":1765136044073,"level":"info","message":"Rendering request 21 finished in 6347 ms","meta":{"rootId":"8elc9cazy00zjvi","id":"8elc9cazy00zjvi"},"id":"my0fjwtak289qxr","previousOperationId":"jo0945lnxgq40j1"}
{"type":"operationEnd","subtype":"render","operationId":"cbdniqtkhx8j630","timestamp":1765136044073,"id":"e190spwc5uudibo","previousEventId":"42petfyjgb6a0tb","previousOperationId":"jo0945lnxgq40j1"}
{"type":"operationEnd","doDiffs":false,"previousEventId":"9mrv3bv971wumd7","previousOperationId":"tez6oy4s4fj1dg6","operationId":"tez6oy4s4fj1dg6","timestamp":1765136044077,"id":"f1ev0o91i689011"}
