{"type":"operationStart","subtype":"profile","data":{"_id":"uEY31lgIDh4K3AqV","timestamp":"2026-01-03T16:50:06.900Z","state":"running","mode":"standard","creationDate":"2026-01-03T16:50:06.912Z","modificationDate":"2026-01-03T16:50:06.912Z","shortid":"sZA1Sy5","$entitySet":"profiles","timeout":60000},"doDiffs":false,"timestamp":1767459006910,"id":"l5513ug2983vqas","previousOperationId":null,"operationId":"5wegjbtx6kp3aay"}
{"type":"log","level":"info","message":"Render request 2 queued for execution and waiting for available worker","previousOperationId":"5wegjbtx6kp3aay","timestamp":1767459006910,"id":"bd3y5hmrrqgdziv"}
{"type":"operationStart","subtype":"render","name":"anonymous","previousOperationId":"5wegjbtx6kp3aay","timestamp":1767459006941,"id":"kt8eukzapgqxs6p","previousEventId":"l5513ug2983vqas","operationId":"pzv8vfdjejybnh6"}
{"type":"log","timestamp":1767459006943,"level":"info","message":"Starting rendering request 2","meta":{"rootId":"8ezvt9oxj9ghcn8","id":"8ezvt9oxj9ghcn8"},"id":"ql6exfz22k52g47","previousOperationId":"pzv8vfdjejybnh6"}
{"type":"log","timestamp":1767459006945,"level":"info","message":"Rendering anonymous template { recipe: pptx, engine: handlebars }","meta":{"rootId":"8ezvt9oxj9ghcn8","id":"8ezvt9oxj9ghcn8"},"id":"yq4nyh8mdgqesgm","previousOperationId":"pzv8vfdjejybnh6"}
{"type":"log","timestamp":1767459006945,"level":"debug","message":"Inline data specified.","meta":{"rootId":"8ezvt9oxj9ghcn8","id":"8ezvt9oxj9ghcn8"},"id":"iz4n5ms67tqlv66","previousOperationId":"pzv8vfdjejybnh6"}
{"type":"log","timestamp":1767459006948,"level":"debug","message":"Base url not specified, skipping its injection.","meta":{"rootId":"8ezvt9oxj9ghcn8","id":"8ezvt9oxj9ghcn8"},"id":"l0etzj106s9a8f7","previousOperationId":"pzv8vfdjejybnh6"}
{"type":"operationStart","subtype":"engine","name":"handlebars","timestamp":1767459006949,"id":"bjp7zqt6zt10sqm","previousEventId":"kt8eukzapgqxs6p","operationId":"jfm8yxkh26veemf","previousOperationId":"pzv8vfdjejybnh6"}
{"type":"log","timestamp":1767459006949,"level":"debug","message":"Rendering engine handlebars","meta":{"rootId":"8ezvt9oxj9ghcn8","id":"8ezvt9oxj9ghcn8"},"id":"dfu8wwp01m4qhqj","previousOperationId":"jfm8yxkh26veemf"}
{"type":"operationEnd","operationId":"jfm8yxkh26veemf","timestamp":1767459007758,"id":"arm84i1mnwtbkjp","previousEventId":"bjp7zqt6zt10sqm","previousOperationId":"jfm8yxkh26veemf"}
{"type":"operationStart","subtype":"recipe","name":"pptx","timestamp":1767459007758,"id":"ac3ezvzcbu1gcmy","previousEventId":"arm84i1mnwtbkjp","operationId":"6vuznx7p1wj5aem","previousOperationId":"jfm8yxkh26veemf"}
{"type":"log","timestamp":1767459007758,"level":"debug","message":"Executing recipe pptx","meta":{"rootId":"8ezvt9oxj9ghcn8","id":"8ezvt9oxj9ghcn8"},"id":"hqg3xu1pu3zvaqg","previousOperationId":"6vuznx7p1wj5aem"}
{"type":"log","timestamp":1767459007896,"level":"info","message":"pptx generation is starting","meta":{"rootId":"8ezvt9oxj9ghcn8","id":"8ezvt9oxj9ghcn8"},"id":"h4aa5xww42308p9","previousOperationId":"6vuznx7p1wj5aem"}
{"type":"log","timestamp":1767459009134,"level":"debug","message":"Starting child request to render pptx dynamic parts","meta":{"rootId":"8ezvt9oxj9ghcn8","id":"8ezvt9oxj9ghcn8"},"id":"3ax3rzwecbisky4","previousOperationId":"6vuznx7p1wj5aem"}
{"type":"operationStart","subtype":"render","name":"anonymous","previousOperationId":"6vuznx7p1wj5aem","timestamp":1767459009135,"id":"al87om8gdlpfe2v","previousEventId":"ac3ezvzcbu1gcmy","operationId":"fsnojfww9h5as8z"}
{"type":"log","timestamp":1767459009135,"level":"info","message":"Starting rendering (child) request","meta":{"rootId":"8ezvt9oxj9ghcn8","id":"7hnt1p61ndg97as"},"id":"wfj67rd1zsz2jrq","previousOperationId":"fsnojfww9h5as8z"}
{"type":"log","timestamp":1767459009135,"level":"info","message":"Rendering anonymous template { recipe: html, engine: handlebars }","meta":{"rootId":"8ezvt9oxj9ghcn8","id":"7hnt1p61ndg97as"},"id":"nncrh99bdsx6vqc","previousOperationId":"fsnojfww9h5as8z"}
{"type":"log","timestamp":1767459009135,"level":"debug","message":"Inline data specified.","meta":{"rootId":"8ezvt9oxj9ghcn8","id":"7hnt1p61ndg97as"},"id":"mlns7v1q30bz51m","previousOperationId":"fsnojfww9h5as8z"}
{"type":"log","timestamp":1767459009140,"level":"debug","message":"Base url not specified, skipping its injection.","meta":{"rootId":"8ezvt9oxj9ghcn8","id":"7hnt1p61ndg97as"},"id":"ztiytekura0y7mg","previousOperationId":"fsnojfww9h5as8z"}
{"type":"operationStart","subtype":"engine","name":"handlebars","timestamp":1767459009142,"id":"r4hsonlywdoy1mb","previousEventId":"al87om8gdlpfe2v","operationId":"y2d4pyfgoe28z3n","previousOperationId":"fsnojfww9h5as8z"}
{"type":"log","timestamp":1767459009142,"level":"debug","message":"Rendering engine handlebars","meta":{"rootId":"8ezvt9oxj9ghcn8","id":"7hnt1p61ndg97as"},"id":"9jhr84b671xsjq3","previousOperationId":"y2d4pyfgoe28z3n"}
{"type":"log","timestamp":1767459009318,"level":"debug","message":"(console:log) {\n  type: 'echarts@v5a',\n  width: 848,\n  height: 409,\n  option: { radar: [ [Object] ], series: [ [Object] ] }\n}","meta":{"userLevel":true,"rootId":"8ezvt9oxj9ghcn8","id":"7hnt1p61ndg97as"},"id":"qh2nhbeh7bo2e33","previousOperationId":"y2d4pyfgoe28z3n"}
{"type":"operationEnd","operationId":"y2d4pyfgoe28z3n","timestamp":1767459009328,"id":"lz7f6j2tken68qf","previousEventId":"r4hsonlywdoy1mb","previousOperationId":"y2d4pyfgoe28z3n"}
{"type":"operationStart","subtype":"recipe","name":"html","timestamp":1767459009342,"id":"a5torovqsoujau7","previousEventId":"lz7f6j2tken68qf","operationId":"4d24wl7eflfzodz","previousOperationId":"y2d4pyfgoe28z3n"}
{"type":"log","timestamp":1767459009342,"level":"debug","message":"Executing recipe html","meta":{"rootId":"8ezvt9oxj9ghcn8","id":"7hnt1p61ndg97as"},"id":"3gtgzzkdnqgkgto","previousOperationId":"4d24wl7eflfzodz"}
{"type":"operationEnd","operationId":"4d24wl7eflfzodz","timestamp":1767459009343,"id":"wkp077wv94cx2ir","previousEventId":"a5torovqsoujau7","previousOperationId":"4d24wl7eflfzodz"}
{"type":"log","timestamp":1767459009344,"level":"debug","message":"Skipping storing report.","meta":{"rootId":"8ezvt9oxj9ghcn8","id":"7hnt1p61ndg97as"},"id":"jw16dt9r5xvnglm","previousOperationId":"4d24wl7eflfzodz"}
{"type":"log","timestamp":1767459009344,"level":"info","message":"Rendering (child) request finished in 2445 ms","meta":{"rootId":"8ezvt9oxj9ghcn8","id":"7hnt1p61ndg97as"},"id":"6rrzmy0fcezf3r0","previousOperationId":"4d24wl7eflfzodz"}
{"type":"operationEnd","subtype":"render","operationId":"fsnojfww9h5as8z","timestamp":1767459009344,"id":"lq7tk7szcw6kddm","previousEventId":"wkp077wv94cx2ir","previousOperationId":"4d24wl7eflfzodz"}
{"type":"log","timestamp":1767459014226,"level":"debug","message":"pptx successfully zipped","meta":{"rootId":"8ezvt9oxj9ghcn8","id":"8ezvt9oxj9ghcn8"},"id":"pcjeaf03qgztf3a","previousOperationId":"6vuznx7p1wj5aem"}
{"type":"log","timestamp":1767459014226,"level":"info","message":"pptx generation was finished","meta":{"rootId":"8ezvt9oxj9ghcn8","id":"8ezvt9oxj9ghcn8"},"id":"kbo17xaywd4numx","previousOperationId":"6vuznx7p1wj5aem"}
{"type":"operationEnd","operationId":"6vuznx7p1wj5aem","timestamp":1767459014236,"id":"9jl43a96wjky386","previousEventId":"ac3ezvzcbu1gcmy","previousOperationId":"6vuznx7p1wj5aem"}
{"type":"log","timestamp":1767459014236,"level":"debug","message":"Skipping storing report.","meta":{"rootId":"8ezvt9oxj9ghcn8","id":"8ezvt9oxj9ghcn8"},"id":"jkovusxf5ie3x39","previousOperationId":"6vuznx7p1wj5aem"}
{"type":"log","timestamp":1767459014236,"level":"info","message":"Rendering request 2 finished in 7337 ms","meta":{"rootId":"8ezvt9oxj9ghcn8","id":"8ezvt9oxj9ghcn8"},"id":"3qq9c33q7742j42","previousOperationId":"6vuznx7p1wj5aem"}
{"type":"operationEnd","subtype":"render","operationId":"pzv8vfdjejybnh6","timestamp":1767459014236,"id":"901wq2gjyd7op11","previousEventId":"9jl43a96wjky386","previousOperationId":"6vuznx7p1wj5aem"}
{"type":"operationEnd","doDiffs":false,"previousEventId":"l5513ug2983vqas","previousOperationId":"5wegjbtx6kp3aay","operationId":"5wegjbtx6kp3aay","timestamp":1767459014240,"id":"6yljp2p1mdpxr6p"}
