{"type":"operationStart","subtype":"profile","data":{"_id":"Ak29MBhUwn2OMbpZ","timestamp":"2025-12-26T19:54:19.781Z","state":"running","mode":"standard","creationDate":"2025-12-26T19:54:19.788Z","modificationDate":"2025-12-26T19:54:19.788Z","shortid":"-6YLpE2","$entitySet":"profiles","timeout":60000},"doDiffs":false,"timestamp":1766778859786,"id":"oepzxn1cjnq8qke","previousOperationId":null,"operationId":"tpifro324ivzomm"}
{"type":"log","level":"info","message":"Render request 3 queued for execution and waiting for available worker","previousOperationId":"tpifro324ivzomm","timestamp":1766778859786,"id":"aw58lqhwu1mfqua"}
{"type":"operationStart","subtype":"render","name":"anonymous","previousOperationId":"tpifro324ivzomm","timestamp":1766778859840,"id":"96oqr72csb9tjzz","previousEventId":"oepzxn1cjnq8qke","operationId":"zphtybo1oifgxjq"}
{"type":"log","timestamp":1766778859841,"level":"info","message":"Starting rendering request 3","meta":{"rootId":"8g03t8pfwz8ioz8","id":"8g03t8pfwz8ioz8"},"id":"noler3ngmkvmq4n","previousOperationId":"zphtybo1oifgxjq"}
{"type":"log","timestamp":1766778859841,"level":"info","message":"Rendering anonymous template { recipe: pptx, engine: handlebars }","meta":{"rootId":"8g03t8pfwz8ioz8","id":"8g03t8pfwz8ioz8"},"id":"q4cb7zzudpfsb9e","previousOperationId":"zphtybo1oifgxjq"}
{"type":"log","timestamp":1766778859841,"level":"debug","message":"Inline data specified.","meta":{"rootId":"8g03t8pfwz8ioz8","id":"8g03t8pfwz8ioz8"},"id":"ofjqn3mas0pnuwt","previousOperationId":"zphtybo1oifgxjq"}
{"type":"log","timestamp":1766778859844,"level":"debug","message":"Base url not specified, skipping its injection.","meta":{"rootId":"8g03t8pfwz8ioz8","id":"8g03t8pfwz8ioz8"},"id":"7t957u9u173unx0","previousOperationId":"zphtybo1oifgxjq"}
{"type":"operationStart","subtype":"engine","name":"handlebars","timestamp":1766778859845,"id":"xtfj4i97254m36i","previousEventId":"96oqr72csb9tjzz","operationId":"19sqi06mhczneys","previousOperationId":"zphtybo1oifgxjq"}
{"type":"log","timestamp":1766778859845,"level":"debug","message":"Rendering engine handlebars","meta":{"rootId":"8g03t8pfwz8ioz8","id":"8g03t8pfwz8ioz8"},"id":"iorebbwu1zfqhu0","previousOperationId":"19sqi06mhczneys"}
{"type":"operationEnd","operationId":"19sqi06mhczneys","timestamp":1766778859863,"id":"mqy6st24x5pjzzq","previousEventId":"xtfj4i97254m36i","previousOperationId":"19sqi06mhczneys"}
{"type":"operationStart","subtype":"recipe","name":"pptx","timestamp":1766778859866,"id":"t28q6aoe3i7z1ax","previousEventId":"mqy6st24x5pjzzq","operationId":"kzone1a8h569p2j","previousOperationId":"19sqi06mhczneys"}
{"type":"log","timestamp":1766778859866,"level":"debug","message":"Executing recipe pptx","meta":{"rootId":"8g03t8pfwz8ioz8","id":"8g03t8pfwz8ioz8"},"id":"yzhzzfe75tuimix","previousOperationId":"kzone1a8h569p2j"}
{"type":"log","timestamp":1766778859894,"level":"info","message":"pptx generation is starting","meta":{"rootId":"8g03t8pfwz8ioz8","id":"8g03t8pfwz8ioz8"},"id":"bz3kysls6wasi8c","previousOperationId":"kzone1a8h569p2j"}
{"type":"log","timestamp":1766778861538,"level":"debug","message":"Starting child request to render pptx dynamic parts","meta":{"rootId":"8g03t8pfwz8ioz8","id":"8g03t8pfwz8ioz8"},"id":"i4liutz60qo1313","previousOperationId":"kzone1a8h569p2j"}
{"type":"operationStart","subtype":"render","name":"anonymous","previousOperationId":"kzone1a8h569p2j","timestamp":1766778861538,"id":"rfh77w786hezg70","previousEventId":"t28q6aoe3i7z1ax","operationId":"9gueh4neqnftzbe"}
{"type":"log","timestamp":1766778861538,"level":"info","message":"Starting rendering (child) request","meta":{"rootId":"8g03t8pfwz8ioz8","id":"edqgg13jmsfv5fb"},"id":"khidroq1t89u4c0","previousOperationId":"9gueh4neqnftzbe"}
{"type":"log","timestamp":1766778861539,"level":"info","message":"Rendering anonymous template { recipe: html, engine: handlebars }","meta":{"rootId":"8g03t8pfwz8ioz8","id":"edqgg13jmsfv5fb"},"id":"relaztmjs1x62tk","previousOperationId":"9gueh4neqnftzbe"}
{"type":"log","timestamp":1766778861539,"level":"debug","message":"Inline data specified.","meta":{"rootId":"8g03t8pfwz8ioz8","id":"edqgg13jmsfv5fb"},"id":"3wr2mjrnydt0n7c","previousOperationId":"9gueh4neqnftzbe"}
{"type":"log","timestamp":1766778861550,"level":"debug","message":"Base url not specified, skipping its injection.","meta":{"rootId":"8g03t8pfwz8ioz8","id":"edqgg13jmsfv5fb"},"id":"btw3ikxwnn0ol6a","previousOperationId":"9gueh4neqnftzbe"}
{"type":"operationStart","subtype":"engine","name":"handlebars","timestamp":1766778861552,"id":"ftveq3z2ayfzwvj","previousEventId":"rfh77w786hezg70","operationId":"qal2xd2l1cxubo5","previousOperationId":"9gueh4neqnftzbe"}
{"type":"log","timestamp":1766778861552,"level":"debug","message":"Rendering engine handlebars","meta":{"rootId":"8g03t8pfwz8ioz8","id":"edqgg13jmsfv5fb"},"id":"3eudzc5okodskeq","previousOperationId":"qal2xd2l1cxubo5"}
{"type":"operationEnd","operationId":"qal2xd2l1cxubo5","timestamp":1766778861726,"id":"yhj9hyhnmcblku0","previousEventId":"ftveq3z2ayfzwvj","previousOperationId":"qal2xd2l1cxubo5"}
{"type":"operationStart","subtype":"recipe","name":"html","timestamp":1766778861740,"id":"6h588rjcukipt33","previousEventId":"yhj9hyhnmcblku0","operationId":"7gikjpjo4l7dwpy","previousOperationId":"qal2xd2l1cxubo5"}
{"type":"log","timestamp":1766778861740,"level":"debug","message":"Executing recipe html","meta":{"rootId":"8g03t8pfwz8ioz8","id":"edqgg13jmsfv5fb"},"id":"iv5iw7rgknhz9zw","previousOperationId":"7gikjpjo4l7dwpy"}
{"type":"operationEnd","operationId":"7gikjpjo4l7dwpy","timestamp":1766778861740,"id":"a9zi3wm8thu5g7u","previousEventId":"6h588rjcukipt33","previousOperationId":"7gikjpjo4l7dwpy"}
{"type":"log","timestamp":1766778861740,"level":"debug","message":"Skipping storing report.","meta":{"rootId":"8g03t8pfwz8ioz8","id":"edqgg13jmsfv5fb"},"id":"utuzcqnqlqk85iv","previousOperationId":"7gikjpjo4l7dwpy"}
{"type":"log","timestamp":1766778861740,"level":"info","message":"Rendering (child) request finished in 1959 ms","meta":{"rootId":"8g03t8pfwz8ioz8","id":"edqgg13jmsfv5fb"},"id":"ooo6uja8g0qly7w","previousOperationId":"7gikjpjo4l7dwpy"}
{"type":"operationEnd","subtype":"render","operationId":"9gueh4neqnftzbe","timestamp":1766778861740,"id":"3lsd46rfssc8xos","previousEventId":"a9zi3wm8thu5g7u","previousOperationId":"7gikjpjo4l7dwpy"}
{"type":"log","timestamp":1766778868154,"level":"debug","message":"pptx successfully zipped","meta":{"rootId":"8g03t8pfwz8ioz8","id":"8g03t8pfwz8ioz8"},"id":"bpphi8a71shus63","previousOperationId":"kzone1a8h569p2j"}
{"type":"log","timestamp":1766778868154,"level":"info","message":"pptx generation was finished","meta":{"rootId":"8g03t8pfwz8ioz8","id":"8g03t8pfwz8ioz8"},"id":"42gfoy5f28gmain","previousOperationId":"kzone1a8h569p2j"}
{"type":"operationEnd","operationId":"kzone1a8h569p2j","timestamp":1766778868164,"id":"gl566pm55mhvevd","previousEventId":"t28q6aoe3i7z1ax","previousOperationId":"kzone1a8h569p2j"}
{"type":"log","timestamp":1766778868165,"level":"debug","message":"Skipping storing report.","meta":{"rootId":"8g03t8pfwz8ioz8","id":"8g03t8pfwz8ioz8"},"id":"s53wcvmj8ttuukz","previousOperationId":"kzone1a8h569p2j"}
{"type":"log","timestamp":1766778868165,"level":"info","message":"Rendering request 3 finished in 8384 ms","meta":{"rootId":"8g03t8pfwz8ioz8","id":"8g03t8pfwz8ioz8"},"id":"ytx63hxnoyenfn0","previousOperationId":"kzone1a8h569p2j"}
{"type":"operationEnd","subtype":"render","operationId":"zphtybo1oifgxjq","timestamp":1766778868165,"id":"h6pnjcjxbfd4hn1","previousEventId":"gl566pm55mhvevd","previousOperationId":"kzone1a8h569p2j"}
{"type":"operationEnd","doDiffs":false,"previousEventId":"oepzxn1cjnq8qke","previousOperationId":"tpifro324ivzomm","operationId":"tpifro324ivzomm","timestamp":1766778868171,"id":"54gjvnack1yi0y8"}
