{"type":"operationStart","subtype":"profile","data":{"_id":"y6KW6O2h4e6pmIhK","timestamp":"2025-12-30T19:10:25.418Z","state":"running","mode":"standard","creationDate":"2025-12-30T19:10:25.422Z","modificationDate":"2025-12-30T19:10:25.422Z","shortid":"55n6THw","$entitySet":"profiles","timeout":60000},"doDiffs":false,"timestamp":1767121825420,"id":"kruj07ietvhzu6j","previousOperationId":null,"operationId":"j4chesjj1znzb8w"}
{"type":"log","level":"info","message":"Render request 2 queued for execution and waiting for available worker","previousOperationId":"j4chesjj1znzb8w","timestamp":1767121825420,"id":"xpj4fmnyb0j4vax"}
{"type":"operationStart","subtype":"render","name":"anonymous","previousOperationId":"j4chesjj1znzb8w","timestamp":1767121825472,"id":"g4zzsdur2fs1pw9","previousEventId":"kruj07ietvhzu6j","operationId":"lcdyk98i3ftxlfc"}
{"type":"log","timestamp":1767121825473,"level":"info","message":"Starting rendering request 2","meta":{"rootId":"8p6af6atvln92m1","id":"8p6af6atvln92m1"},"id":"64gr4l3ky54yd81","previousOperationId":"lcdyk98i3ftxlfc"}
{"type":"log","timestamp":1767121825474,"level":"info","message":"Rendering anonymous template { recipe: pptx, engine: handlebars }","meta":{"rootId":"8p6af6atvln92m1","id":"8p6af6atvln92m1"},"id":"igoqt1yiyrksevn","previousOperationId":"lcdyk98i3ftxlfc"}
{"type":"log","timestamp":1767121825474,"level":"debug","message":"Inline data specified.","meta":{"rootId":"8p6af6atvln92m1","id":"8p6af6atvln92m1"},"id":"k738eo9ax7h6xko","previousOperationId":"lcdyk98i3ftxlfc"}
{"type":"log","timestamp":1767121825477,"level":"debug","message":"Base url not specified, skipping its injection.","meta":{"rootId":"8p6af6atvln92m1","id":"8p6af6atvln92m1"},"id":"icoeejjohzeelc2","previousOperationId":"lcdyk98i3ftxlfc"}
{"type":"operationStart","subtype":"engine","name":"handlebars","timestamp":1767121825478,"id":"p2jf1bjb7ffgead","previousEventId":"g4zzsdur2fs1pw9","operationId":"91oyft0jad4qd0l","previousOperationId":"lcdyk98i3ftxlfc"}
{"type":"log","timestamp":1767121825479,"level":"debug","message":"Rendering engine handlebars","meta":{"rootId":"8p6af6atvln92m1","id":"8p6af6atvln92m1"},"id":"kmry8fh7thxn1j5","previousOperationId":"91oyft0jad4qd0l"}
{"type":"operationEnd","operationId":"91oyft0jad4qd0l","timestamp":1767121826395,"id":"2owh8gdgu9597m0","previousEventId":"p2jf1bjb7ffgead","previousOperationId":"91oyft0jad4qd0l"}
{"type":"operationStart","subtype":"recipe","name":"pptx","timestamp":1767121826396,"id":"jqazpace96ilgsx","previousEventId":"2owh8gdgu9597m0","operationId":"fcjv5s5plaf3oyv","previousOperationId":"91oyft0jad4qd0l"}
{"type":"log","timestamp":1767121826396,"level":"debug","message":"Executing recipe pptx","meta":{"rootId":"8p6af6atvln92m1","id":"8p6af6atvln92m1"},"id":"edqida641u3f32k","previousOperationId":"fcjv5s5plaf3oyv"}
{"type":"log","timestamp":1767121826560,"level":"info","message":"pptx generation is starting","meta":{"rootId":"8p6af6atvln92m1","id":"8p6af6atvln92m1"},"id":"d02p9goehh3u1dp","previousOperationId":"fcjv5s5plaf3oyv"}
{"type":"log","timestamp":1767121827664,"level":"debug","message":"Starting child request to render pptx dynamic parts","meta":{"rootId":"8p6af6atvln92m1","id":"8p6af6atvln92m1"},"id":"7mlk698h0kbt0ur","previousOperationId":"fcjv5s5plaf3oyv"}
{"type":"operationStart","subtype":"render","name":"anonymous","previousOperationId":"fcjv5s5plaf3oyv","timestamp":1767121827665,"id":"vo9496b7dbioax2","previousEventId":"jqazpace96ilgsx","operationId":"j39mk2n83ei6e27"}
{"type":"log","timestamp":1767121827665,"level":"info","message":"Starting rendering (child) request","meta":{"rootId":"8p6af6atvln92m1","id":"szhf22gnw8qp30r"},"id":"uznvxg2w51n6oov","previousOperationId":"j39mk2n83ei6e27"}
{"type":"log","timestamp":1767121827665,"level":"info","message":"Rendering anonymous template { recipe: html, engine: handlebars }","meta":{"rootId":"8p6af6atvln92m1","id":"szhf22gnw8qp30r"},"id":"d8f6p0js8e39mh3","previousOperationId":"j39mk2n83ei6e27"}
{"type":"log","timestamp":1767121827665,"level":"debug","message":"Inline data specified.","meta":{"rootId":"8p6af6atvln92m1","id":"szhf22gnw8qp30r"},"id":"7mn8as9vxyhil1a","previousOperationId":"j39mk2n83ei6e27"}
{"type":"log","timestamp":1767121827670,"level":"debug","message":"Base url not specified, skipping its injection.","meta":{"rootId":"8p6af6atvln92m1","id":"szhf22gnw8qp30r"},"id":"muhhw3xo2jze13h","previousOperationId":"j39mk2n83ei6e27"}
{"type":"operationStart","subtype":"engine","name":"handlebars","timestamp":1767121827672,"id":"7wy2vngsib1jqxq","previousEventId":"vo9496b7dbioax2","operationId":"urw4bj5h0eiz2mg","previousOperationId":"j39mk2n83ei6e27"}
{"type":"log","timestamp":1767121827672,"level":"debug","message":"Rendering engine handlebars","meta":{"rootId":"8p6af6atvln92m1","id":"szhf22gnw8qp30r"},"id":"ccdtxj518kutu6a","previousOperationId":"urw4bj5h0eiz2mg"}
{"type":"log","timestamp":1767121827801,"level":"debug","message":"(console:log) {\n  type: 'echarts@v5a',\n  width: 848,\n  height: 409,\n  option: { radar: [ [Object] ], series: [ [Object] ] }\n}","meta":{"userLevel":true,"rootId":"8p6af6atvln92m1","id":"szhf22gnw8qp30r"},"id":"09rwly7ywiuzwjf","previousOperationId":"urw4bj5h0eiz2mg"}
{"type":"operationEnd","operationId":"urw4bj5h0eiz2mg","timestamp":1767121827810,"id":"200qv4i444a8xd4","previousEventId":"7wy2vngsib1jqxq","previousOperationId":"urw4bj5h0eiz2mg"}
{"type":"operationStart","subtype":"recipe","name":"html","timestamp":1767121827821,"id":"msisaw7hypg1ha7","previousEventId":"200qv4i444a8xd4","operationId":"7br34gjxoadhcyj","previousOperationId":"urw4bj5h0eiz2mg"}
{"type":"log","timestamp":1767121827821,"level":"debug","message":"Executing recipe html","meta":{"rootId":"8p6af6atvln92m1","id":"szhf22gnw8qp30r"},"id":"xpwzfs096biplgh","previousOperationId":"7br34gjxoadhcyj"}
{"type":"operationEnd","operationId":"7br34gjxoadhcyj","timestamp":1767121827821,"id":"2ps7bu2j5a51ugw","previousEventId":"msisaw7hypg1ha7","previousOperationId":"7br34gjxoadhcyj"}
{"type":"log","timestamp":1767121827822,"level":"debug","message":"Skipping storing report.","meta":{"rootId":"8p6af6atvln92m1","id":"szhf22gnw8qp30r"},"id":"6zzd201bip9fqvv","previousOperationId":"7br34gjxoadhcyj"}
{"type":"log","timestamp":1767121827822,"level":"info","message":"Rendering (child) request finished in 2405 ms","meta":{"rootId":"8p6af6atvln92m1","id":"szhf22gnw8qp30r"},"id":"yz2f1sunoczwnq1","previousOperationId":"7br34gjxoadhcyj"}
{"type":"operationEnd","subtype":"render","operationId":"j39mk2n83ei6e27","timestamp":1767121827822,"id":"jo8qnebnxf9busp","previousEventId":"2ps7bu2j5a51ugw","previousOperationId":"7br34gjxoadhcyj"}
{"type":"log","timestamp":1767121831921,"level":"debug","message":"pptx successfully zipped","meta":{"rootId":"8p6af6atvln92m1","id":"8p6af6atvln92m1"},"id":"zqn1o6yv8v4b9x1","previousOperationId":"fcjv5s5plaf3oyv"}
{"type":"log","timestamp":1767121831921,"level":"info","message":"pptx generation was finished","meta":{"rootId":"8p6af6atvln92m1","id":"8p6af6atvln92m1"},"id":"7big30ztuysyt6k","previousOperationId":"fcjv5s5plaf3oyv"}
{"type":"operationEnd","operationId":"fcjv5s5plaf3oyv","timestamp":1767121831934,"id":"qr07q0gtfgmbc2m","previousEventId":"jqazpace96ilgsx","previousOperationId":"fcjv5s5plaf3oyv"}
{"type":"log","timestamp":1767121831934,"level":"debug","message":"Skipping storing report.","meta":{"rootId":"8p6af6atvln92m1","id":"8p6af6atvln92m1"},"id":"2ny0sy49n7v9w00","previousOperationId":"fcjv5s5plaf3oyv"}
{"type":"log","timestamp":1767121831934,"level":"info","message":"Rendering request 2 finished in 6517 ms","meta":{"rootId":"8p6af6atvln92m1","id":"8p6af6atvln92m1"},"id":"m7imzxg7p8cn1mp","previousOperationId":"fcjv5s5plaf3oyv"}
{"type":"operationEnd","subtype":"render","operationId":"lcdyk98i3ftxlfc","timestamp":1767121831934,"id":"o6qsupgt7ybgxul","previousEventId":"qr07q0gtfgmbc2m","previousOperationId":"fcjv5s5plaf3oyv"}
{"type":"operationEnd","doDiffs":false,"previousEventId":"kruj07ietvhzu6j","previousOperationId":"j4chesjj1znzb8w","operationId":"j4chesjj1znzb8w","timestamp":1767121831940,"id":"2c5w6tsf7yvj6g2"}
