{"type":"operationStart","subtype":"profile","data":{"_id":"ImlKeiDia1HvZj5l","timestamp":"2025-12-07T19:17:06.868Z","state":"running","mode":"standard","creationDate":"2025-12-07T19:17:06.880Z","modificationDate":"2025-12-07T19:17:06.880Z","shortid":"QU0LStl","$entitySet":"profiles","timeout":60000},"doDiffs":false,"timestamp":1765135026878,"id":"hl0lyeeq9jndgnm","previousOperationId":null,"operationId":"ewegoyhej2ethbh"}
{"type":"log","level":"info","message":"Render request 13 queued for execution and waiting for available worker","previousOperationId":"ewegoyhej2ethbh","timestamp":1765135026878,"id":"z0b2oqbvzn6bv9d"}
{"type":"operationStart","subtype":"render","name":"anonymous","previousOperationId":"ewegoyhej2ethbh","timestamp":1765135026920,"id":"quivejf8jssq27x","previousEventId":"hl0lyeeq9jndgnm","operationId":"lqa23pvfrn5hn1h"}
{"type":"log","timestamp":1765135026921,"level":"info","message":"Starting rendering request 13","meta":{"rootId":"8uotgfkrtjsd8r6","id":"8uotgfkrtjsd8r6"},"id":"dmwwshayv3lr4f6","previousOperationId":"lqa23pvfrn5hn1h"}
{"type":"log","timestamp":1765135026921,"level":"info","message":"Rendering anonymous template { recipe: pptx, engine: handlebars }","meta":{"rootId":"8uotgfkrtjsd8r6","id":"8uotgfkrtjsd8r6"},"id":"hjencjbuew54jcz","previousOperationId":"lqa23pvfrn5hn1h"}
{"type":"log","timestamp":1765135026921,"level":"debug","message":"Inline data specified.","meta":{"rootId":"8uotgfkrtjsd8r6","id":"8uotgfkrtjsd8r6"},"id":"47s543gz0hw7155","previousOperationId":"lqa23pvfrn5hn1h"}
{"type":"log","timestamp":1765135026924,"level":"debug","message":"Base url not specified, skipping its injection.","meta":{"rootId":"8uotgfkrtjsd8r6","id":"8uotgfkrtjsd8r6"},"id":"85a72p2cq6qhaag","previousOperationId":"lqa23pvfrn5hn1h"}
{"type":"operationStart","subtype":"engine","name":"handlebars","timestamp":1765135026925,"id":"nz4tkkp4e59s9qi","previousEventId":"quivejf8jssq27x","operationId":"b141v61064318ux","previousOperationId":"lqa23pvfrn5hn1h"}
{"type":"log","timestamp":1765135026925,"level":"debug","message":"Rendering engine handlebars","meta":{"rootId":"8uotgfkrtjsd8r6","id":"8uotgfkrtjsd8r6"},"id":"2rz558bieuc477o","previousOperationId":"b141v61064318ux"}
{"type":"operationEnd","operationId":"b141v61064318ux","timestamp":1765135026942,"id":"vxcykylak7durr3","previousEventId":"nz4tkkp4e59s9qi","previousOperationId":"b141v61064318ux"}
{"type":"operationStart","subtype":"recipe","name":"pptx","timestamp":1765135026943,"id":"spb0sozuwav4kae","previousEventId":"vxcykylak7durr3","operationId":"59j3dmiim5uucjb","previousOperationId":"b141v61064318ux"}
{"type":"log","timestamp":1765135026943,"level":"debug","message":"Executing recipe pptx","meta":{"rootId":"8uotgfkrtjsd8r6","id":"8uotgfkrtjsd8r6"},"id":"n88ovgvulubeehb","previousOperationId":"59j3dmiim5uucjb"}
{"type":"log","timestamp":1765135026961,"level":"info","message":"pptx generation is starting","meta":{"rootId":"8uotgfkrtjsd8r6","id":"8uotgfkrtjsd8r6"},"id":"vn6gzfejgzq2u4c","previousOperationId":"59j3dmiim5uucjb"}
{"type":"log","timestamp":1765135028043,"level":"debug","message":"Starting child request to render pptx dynamic parts","meta":{"rootId":"8uotgfkrtjsd8r6","id":"8uotgfkrtjsd8r6"},"id":"tfg5u6lahadflc3","previousOperationId":"59j3dmiim5uucjb"}
{"type":"operationStart","subtype":"render","name":"anonymous","previousOperationId":"59j3dmiim5uucjb","timestamp":1765135028044,"id":"wqcqtpj6n5u7ek9","previousEventId":"spb0sozuwav4kae","operationId":"94iy4ka84l13ugl"}
{"type":"log","timestamp":1765135028044,"level":"info","message":"Starting rendering (child) request","meta":{"rootId":"8uotgfkrtjsd8r6","id":"jzft62omfrp9kfn"},"id":"r9mzzky8lc7d5gt","previousOperationId":"94iy4ka84l13ugl"}
{"type":"log","timestamp":1765135028044,"level":"info","message":"Rendering anonymous template { recipe: html, engine: handlebars }","meta":{"rootId":"8uotgfkrtjsd8r6","id":"jzft62omfrp9kfn"},"id":"7zyrrtkognuh7s2","previousOperationId":"94iy4ka84l13ugl"}
{"type":"log","timestamp":1765135028044,"level":"debug","message":"Inline data specified.","meta":{"rootId":"8uotgfkrtjsd8r6","id":"jzft62omfrp9kfn"},"id":"ru7rfg8za95a6z7","previousOperationId":"94iy4ka84l13ugl"}
{"type":"log","timestamp":1765135028049,"level":"debug","message":"Base url not specified, skipping its injection.","meta":{"rootId":"8uotgfkrtjsd8r6","id":"jzft62omfrp9kfn"},"id":"kyynhj4g130azv1","previousOperationId":"94iy4ka84l13ugl"}
{"type":"operationStart","subtype":"engine","name":"handlebars","timestamp":1765135028050,"id":"s35ox13k653gul8","previousEventId":"wqcqtpj6n5u7ek9","operationId":"9homj0ogltrz767","previousOperationId":"94iy4ka84l13ugl"}
{"type":"log","timestamp":1765135028050,"level":"debug","message":"Rendering engine handlebars","meta":{"rootId":"8uotgfkrtjsd8r6","id":"jzft62omfrp9kfn"},"id":"ka19juzm653nt0l","previousOperationId":"9homj0ogltrz767"}
{"type":"operationEnd","operationId":"9homj0ogltrz767","timestamp":1765135028156,"id":"5i2quchebp323ds","previousEventId":"s35ox13k653gul8","previousOperationId":"9homj0ogltrz767"}
{"type":"operationStart","subtype":"recipe","name":"html","timestamp":1765135028164,"id":"5urbosw7ptxofyg","previousEventId":"5i2quchebp323ds","operationId":"1xsra7q9orkue54","previousOperationId":"9homj0ogltrz767"}
{"type":"log","timestamp":1765135028164,"level":"debug","message":"Executing recipe html","meta":{"rootId":"8uotgfkrtjsd8r6","id":"jzft62omfrp9kfn"},"id":"xu72upxge53cwt2","previousOperationId":"1xsra7q9orkue54"}
{"type":"operationEnd","operationId":"1xsra7q9orkue54","timestamp":1765135028164,"id":"z0qzwwq56dyxgfe","previousEventId":"5urbosw7ptxofyg","previousOperationId":"1xsra7q9orkue54"}
{"type":"log","timestamp":1765135028165,"level":"debug","message":"Skipping storing report.","meta":{"rootId":"8uotgfkrtjsd8r6","id":"jzft62omfrp9kfn"},"id":"pyh1we168u4rydp","previousOperationId":"1xsra7q9orkue54"}
{"type":"log","timestamp":1765135028165,"level":"info","message":"Rendering (child) request finished in 1297 ms","meta":{"rootId":"8uotgfkrtjsd8r6","id":"jzft62omfrp9kfn"},"id":"qw4hh60zdx8vshy","previousOperationId":"1xsra7q9orkue54"}
{"type":"operationEnd","subtype":"render","operationId":"94iy4ka84l13ugl","timestamp":1765135028165,"id":"3z2tybcznyuzgl8","previousEventId":"z0qzwwq56dyxgfe","previousOperationId":"1xsra7q9orkue54"}
{"type":"log","timestamp":1765135033984,"level":"debug","message":"pptx successfully zipped","meta":{"rootId":"8uotgfkrtjsd8r6","id":"8uotgfkrtjsd8r6"},"id":"jqfcycpnyrfwry9","previousOperationId":"59j3dmiim5uucjb"}
{"type":"log","timestamp":1765135033984,"level":"info","message":"pptx generation was finished","meta":{"rootId":"8uotgfkrtjsd8r6","id":"8uotgfkrtjsd8r6"},"id":"qo58c7qvk0yh35d","previousOperationId":"59j3dmiim5uucjb"}
{"type":"operationEnd","operationId":"59j3dmiim5uucjb","timestamp":1765135033992,"id":"b60xhqvpdipd3hl","previousEventId":"spb0sozuwav4kae","previousOperationId":"59j3dmiim5uucjb"}
{"type":"log","timestamp":1765135033992,"level":"debug","message":"Skipping storing report.","meta":{"rootId":"8uotgfkrtjsd8r6","id":"8uotgfkrtjsd8r6"},"id":"2mhrm21ruuxne39","previousOperationId":"59j3dmiim5uucjb"}
{"type":"log","timestamp":1765135033992,"level":"info","message":"Rendering request 13 finished in 7124 ms","meta":{"rootId":"8uotgfkrtjsd8r6","id":"8uotgfkrtjsd8r6"},"id":"ws8xkgse3xwm48m","previousOperationId":"59j3dmiim5uucjb"}
{"type":"operationEnd","subtype":"render","operationId":"lqa23pvfrn5hn1h","timestamp":1765135033992,"id":"kp9qt4c0wb8wvjg","previousEventId":"b60xhqvpdipd3hl","previousOperationId":"59j3dmiim5uucjb"}
{"type":"operationEnd","doDiffs":false,"previousEventId":"hl0lyeeq9jndgnm","previousOperationId":"ewegoyhej2ethbh","operationId":"ewegoyhej2ethbh","timestamp":1765135033998,"id":"3fsqm07nunhvh76"}
