{"type":"operationStart","subtype":"profile","data":{"_id":"oQTcAMnl5xWrCRcf","timestamp":"2025-12-30T19:24:38.552Z","state":"running","mode":"standard","creationDate":"2025-12-30T19:24:38.556Z","modificationDate":"2025-12-30T19:24:38.556Z","shortid":"R3ww4_8","$entitySet":"profiles","timeout":60000},"doDiffs":false,"timestamp":1767122678554,"id":"ixk86hy8rtpt94o","previousOperationId":null,"operationId":"we78d34fk2tlqp7"}
{"type":"log","level":"info","message":"Render request 6 queued for execution and waiting for available worker","previousOperationId":"we78d34fk2tlqp7","timestamp":1767122678554,"id":"nzoah31pvdpbqzl"}
{"type":"operationStart","subtype":"render","name":"anonymous","previousOperationId":"we78d34fk2tlqp7","timestamp":1767122678604,"id":"ja66vxhvcd17rhk","previousEventId":"ixk86hy8rtpt94o","operationId":"30obpth0pi48ofa"}
{"type":"log","timestamp":1767122678605,"level":"info","message":"Starting rendering request 6","meta":{"rootId":"8wky7q592lm5kzg","id":"8wky7q592lm5kzg"},"id":"6icm6jdmhs1fi69","previousOperationId":"30obpth0pi48ofa"}
{"type":"log","timestamp":1767122678605,"level":"info","message":"Rendering anonymous template { recipe: pptx, engine: handlebars }","meta":{"rootId":"8wky7q592lm5kzg","id":"8wky7q592lm5kzg"},"id":"t7j0kmzz36lpddp","previousOperationId":"30obpth0pi48ofa"}
{"type":"log","timestamp":1767122678605,"level":"debug","message":"Inline data specified.","meta":{"rootId":"8wky7q592lm5kzg","id":"8wky7q592lm5kzg"},"id":"yqp8s67uaagytoi","previousOperationId":"30obpth0pi48ofa"}
{"type":"log","timestamp":1767122678608,"level":"debug","message":"Base url not specified, skipping its injection.","meta":{"rootId":"8wky7q592lm5kzg","id":"8wky7q592lm5kzg"},"id":"0gdgb5b0n2zt1z0","previousOperationId":"30obpth0pi48ofa"}
{"type":"operationStart","subtype":"engine","name":"handlebars","timestamp":1767122678609,"id":"347rdsreygbwl6s","previousEventId":"ja66vxhvcd17rhk","operationId":"2w9f2igw1ftvzc2","previousOperationId":"30obpth0pi48ofa"}
{"type":"log","timestamp":1767122678609,"level":"debug","message":"Rendering engine handlebars","meta":{"rootId":"8wky7q592lm5kzg","id":"8wky7q592lm5kzg"},"id":"zc09uw4svwrt2r4","previousOperationId":"2w9f2igw1ftvzc2"}
{"type":"operationEnd","operationId":"2w9f2igw1ftvzc2","timestamp":1767122678630,"id":"osk0c143lj6czir","previousEventId":"347rdsreygbwl6s","previousOperationId":"2w9f2igw1ftvzc2"}
{"type":"operationStart","subtype":"recipe","name":"pptx","timestamp":1767122678631,"id":"dzp3das7tsdw187","previousEventId":"osk0c143lj6czir","operationId":"g1d96h65g28882x","previousOperationId":"2w9f2igw1ftvzc2"}
{"type":"log","timestamp":1767122678631,"level":"debug","message":"Executing recipe pptx","meta":{"rootId":"8wky7q592lm5kzg","id":"8wky7q592lm5kzg"},"id":"v1xo86paig33q1l","previousOperationId":"g1d96h65g28882x"}
{"type":"log","timestamp":1767122678657,"level":"info","message":"pptx generation is starting","meta":{"rootId":"8wky7q592lm5kzg","id":"8wky7q592lm5kzg"},"id":"crejld1gyit6ha1","previousOperationId":"g1d96h65g28882x"}
{"type":"log","timestamp":1767122679856,"level":"debug","message":"Starting child request to render pptx dynamic parts","meta":{"rootId":"8wky7q592lm5kzg","id":"8wky7q592lm5kzg"},"id":"wabo2vsgodmfkna","previousOperationId":"g1d96h65g28882x"}
{"type":"operationStart","subtype":"render","name":"anonymous","previousOperationId":"g1d96h65g28882x","timestamp":1767122679856,"id":"nvm8ztqgutcf134","previousEventId":"dzp3das7tsdw187","operationId":"dmvyrq2ya87ntf9"}
{"type":"log","timestamp":1767122679857,"level":"info","message":"Starting rendering (child) request","meta":{"rootId":"8wky7q592lm5kzg","id":"i15pagwee0erbsb"},"id":"24p6mhjx3fnaxq4","previousOperationId":"dmvyrq2ya87ntf9"}
{"type":"log","timestamp":1767122679857,"level":"info","message":"Rendering anonymous template { recipe: html, engine: handlebars }","meta":{"rootId":"8wky7q592lm5kzg","id":"i15pagwee0erbsb"},"id":"wc5wcnrziopf20l","previousOperationId":"dmvyrq2ya87ntf9"}
{"type":"log","timestamp":1767122679857,"level":"debug","message":"Inline data specified.","meta":{"rootId":"8wky7q592lm5kzg","id":"i15pagwee0erbsb"},"id":"7f4xrdteeany9u1","previousOperationId":"dmvyrq2ya87ntf9"}
{"type":"log","timestamp":1767122679861,"level":"debug","message":"Base url not specified, skipping its injection.","meta":{"rootId":"8wky7q592lm5kzg","id":"i15pagwee0erbsb"},"id":"fkzomouayp1xic4","previousOperationId":"dmvyrq2ya87ntf9"}
{"type":"operationStart","subtype":"engine","name":"handlebars","timestamp":1767122679862,"id":"c6m7azsm4a510ap","previousEventId":"nvm8ztqgutcf134","operationId":"w81evltcmakj8ow","previousOperationId":"dmvyrq2ya87ntf9"}
{"type":"log","timestamp":1767122679862,"level":"debug","message":"Rendering engine handlebars","meta":{"rootId":"8wky7q592lm5kzg","id":"i15pagwee0erbsb"},"id":"d66gaqzb86rl7ds","previousOperationId":"w81evltcmakj8ow"}
{"type":"log","timestamp":1767122679971,"level":"debug","message":"(console:log) {\n  type: 'echarts@v5a',\n  width: 848,\n  height: 409,\n  option: { radar: [ [Object] ], series: [ [Object] ] }\n}","meta":{"userLevel":true,"rootId":"8wky7q592lm5kzg","id":"i15pagwee0erbsb"},"id":"02eozvjboszn0wz","previousOperationId":"w81evltcmakj8ow"}
{"type":"operationEnd","operationId":"w81evltcmakj8ow","timestamp":1767122679979,"id":"abyrdb9co4wiplr","previousEventId":"c6m7azsm4a510ap","previousOperationId":"w81evltcmakj8ow"}
{"type":"operationStart","subtype":"recipe","name":"html","timestamp":1767122679988,"id":"4dq5iy0yctdeqt0","previousEventId":"abyrdb9co4wiplr","operationId":"7yew2w0m1gr8us8","previousOperationId":"w81evltcmakj8ow"}
{"type":"log","timestamp":1767122679988,"level":"debug","message":"Executing recipe html","meta":{"rootId":"8wky7q592lm5kzg","id":"i15pagwee0erbsb"},"id":"lh1ltshemz01y81","previousOperationId":"7yew2w0m1gr8us8"}
{"type":"operationEnd","operationId":"7yew2w0m1gr8us8","timestamp":1767122679988,"id":"tr86gtile2bi1zt","previousEventId":"4dq5iy0yctdeqt0","previousOperationId":"7yew2w0m1gr8us8"}
{"type":"log","timestamp":1767122679988,"level":"debug","message":"Skipping storing report.","meta":{"rootId":"8wky7q592lm5kzg","id":"i15pagwee0erbsb"},"id":"wc49o0by4ywb5x1","previousOperationId":"7yew2w0m1gr8us8"}
{"type":"log","timestamp":1767122679988,"level":"info","message":"Rendering (child) request finished in 1437 ms","meta":{"rootId":"8wky7q592lm5kzg","id":"i15pagwee0erbsb"},"id":"wmm1x96r2sj1n6v","previousOperationId":"7yew2w0m1gr8us8"}
{"type":"operationEnd","subtype":"render","operationId":"dmvyrq2ya87ntf9","timestamp":1767122679988,"id":"q337lju30bgdbn3","previousEventId":"tr86gtile2bi1zt","previousOperationId":"7yew2w0m1gr8us8"}
{"type":"log","timestamp":1767122683541,"level":"debug","message":"pptx successfully zipped","meta":{"rootId":"8wky7q592lm5kzg","id":"8wky7q592lm5kzg"},"id":"eni2twfui39899d","previousOperationId":"g1d96h65g28882x"}
{"type":"log","timestamp":1767122683541,"level":"info","message":"pptx generation was finished","meta":{"rootId":"8wky7q592lm5kzg","id":"8wky7q592lm5kzg"},"id":"qdo4zyby59xvau8","previousOperationId":"g1d96h65g28882x"}
{"type":"operationEnd","operationId":"g1d96h65g28882x","timestamp":1767122683550,"id":"hgs52rk3so0qdr1","previousEventId":"dzp3das7tsdw187","previousOperationId":"g1d96h65g28882x"}
{"type":"log","timestamp":1767122683550,"level":"debug","message":"Skipping storing report.","meta":{"rootId":"8wky7q592lm5kzg","id":"8wky7q592lm5kzg"},"id":"wk1c0m3h61yuhck","previousOperationId":"g1d96h65g28882x"}
{"type":"log","timestamp":1767122683550,"level":"info","message":"Rendering request 6 finished in 4999 ms","meta":{"rootId":"8wky7q592lm5kzg","id":"8wky7q592lm5kzg"},"id":"f23e01ezwg77wij","previousOperationId":"g1d96h65g28882x"}
{"type":"operationEnd","subtype":"render","operationId":"30obpth0pi48ofa","timestamp":1767122683550,"id":"5o6bprevw5ftd4n","previousEventId":"hgs52rk3so0qdr1","previousOperationId":"g1d96h65g28882x"}
{"type":"operationEnd","doDiffs":false,"previousEventId":"ixk86hy8rtpt94o","previousOperationId":"we78d34fk2tlqp7","operationId":"we78d34fk2tlqp7","timestamp":1767122683557,"id":"t7jhgg15jv6e8bo"}
