{"type":"operationStart","subtype":"profile","data":{"_id":"ghDu7dtbyf3quc0e","timestamp":"2025-12-07T20:01:08.560Z","state":"running","mode":"standard","creationDate":"2025-12-07T20:01:08.562Z","modificationDate":"2025-12-07T20:01:08.562Z","shortid":"4XU2_U0","$entitySet":"profiles","timeout":60000},"doDiffs":false,"timestamp":1765137668561,"id":"skmhdkp5cjglxd2","previousOperationId":null,"operationId":"ajh7qgo8nuv3c0u"}
{"type":"log","level":"info","message":"Render request 33 queued for execution and waiting for available worker","previousOperationId":"ajh7qgo8nuv3c0u","timestamp":1765137668561,"id":"fsmsuyb8jaug3fn"}
{"type":"operationStart","subtype":"render","name":"anonymous","previousOperationId":"ajh7qgo8nuv3c0u","timestamp":1765137668611,"id":"yxh7viybmlx3497","previousEventId":"skmhdkp5cjglxd2","operationId":"6nkd4c6q2xrl2zf"}
{"type":"log","timestamp":1765137668611,"level":"info","message":"Starting rendering request 33","meta":{"rootId":"8ww3c1u0cd69mav","id":"8ww3c1u0cd69mav"},"id":"w4z0xdo0ls2a3lc","previousOperationId":"6nkd4c6q2xrl2zf"}
{"type":"log","timestamp":1765137668611,"level":"info","message":"Rendering anonymous template { recipe: pptx, engine: handlebars }","meta":{"rootId":"8ww3c1u0cd69mav","id":"8ww3c1u0cd69mav"},"id":"m0vka8x8myhgdgr","previousOperationId":"6nkd4c6q2xrl2zf"}
{"type":"log","timestamp":1765137668611,"level":"debug","message":"Inline data specified.","meta":{"rootId":"8ww3c1u0cd69mav","id":"8ww3c1u0cd69mav"},"id":"2kr7oe2ncz5dknh","previousOperationId":"6nkd4c6q2xrl2zf"}
{"type":"log","timestamp":1765137668612,"level":"debug","message":"Base url not specified, skipping its injection.","meta":{"rootId":"8ww3c1u0cd69mav","id":"8ww3c1u0cd69mav"},"id":"znpx8j6lxd17m82","previousOperationId":"6nkd4c6q2xrl2zf"}
{"type":"operationStart","subtype":"engine","name":"handlebars","timestamp":1765137668613,"id":"cw6m36l8x50abck","previousEventId":"yxh7viybmlx3497","operationId":"dz6ut5urgwgljfs","previousOperationId":"6nkd4c6q2xrl2zf"}
{"type":"log","timestamp":1765137668613,"level":"debug","message":"Rendering engine handlebars","meta":{"rootId":"8ww3c1u0cd69mav","id":"8ww3c1u0cd69mav"},"id":"r0b1vexk4ro005z","previousOperationId":"dz6ut5urgwgljfs"}
{"type":"operationEnd","operationId":"dz6ut5urgwgljfs","timestamp":1765137668622,"id":"g9j69f9ikyg9f8u","previousEventId":"cw6m36l8x50abck","previousOperationId":"dz6ut5urgwgljfs"}
{"type":"operationStart","subtype":"recipe","name":"pptx","timestamp":1765137668622,"id":"0gutcfy5eljaf9e","previousEventId":"g9j69f9ikyg9f8u","operationId":"cpvtxj1pqzaigyq","previousOperationId":"dz6ut5urgwgljfs"}
{"type":"log","timestamp":1765137668622,"level":"debug","message":"Executing recipe pptx","meta":{"rootId":"8ww3c1u0cd69mav","id":"8ww3c1u0cd69mav"},"id":"raq3phr4hcq2h79","previousOperationId":"cpvtxj1pqzaigyq"}
{"type":"log","timestamp":1765137668636,"level":"info","message":"pptx generation is starting","meta":{"rootId":"8ww3c1u0cd69mav","id":"8ww3c1u0cd69mav"},"id":"wvmjg7et1hqhm8k","previousOperationId":"cpvtxj1pqzaigyq"}
{"type":"log","timestamp":1765137669789,"level":"debug","message":"Starting child request to render pptx dynamic parts","meta":{"rootId":"8ww3c1u0cd69mav","id":"8ww3c1u0cd69mav"},"id":"hlu41mezjuqe1yq","previousOperationId":"cpvtxj1pqzaigyq"}
{"type":"operationStart","subtype":"render","name":"anonymous","previousOperationId":"cpvtxj1pqzaigyq","timestamp":1765137669789,"id":"4uetthiy6r1cozl","previousEventId":"0gutcfy5eljaf9e","operationId":"m80nb81wc4da87g"}
{"type":"log","timestamp":1765137669789,"level":"info","message":"Starting rendering (child) request","meta":{"rootId":"8ww3c1u0cd69mav","id":"804a50zg40y9k96"},"id":"acef9jz17jn16i6","previousOperationId":"m80nb81wc4da87g"}
{"type":"log","timestamp":1765137669789,"level":"info","message":"Rendering anonymous template { recipe: html, engine: handlebars }","meta":{"rootId":"8ww3c1u0cd69mav","id":"804a50zg40y9k96"},"id":"m428qyavws8fokn","previousOperationId":"m80nb81wc4da87g"}
{"type":"log","timestamp":1765137669789,"level":"debug","message":"Inline data specified.","meta":{"rootId":"8ww3c1u0cd69mav","id":"804a50zg40y9k96"},"id":"zu0mttd4ycflzrq","previousOperationId":"m80nb81wc4da87g"}
{"type":"log","timestamp":1765137669793,"level":"debug","message":"Base url not specified, skipping its injection.","meta":{"rootId":"8ww3c1u0cd69mav","id":"804a50zg40y9k96"},"id":"3oiziclod2w07je","previousOperationId":"m80nb81wc4da87g"}
{"type":"operationStart","subtype":"engine","name":"handlebars","timestamp":1765137669794,"id":"3yrpgradfv4enqg","previousEventId":"4uetthiy6r1cozl","operationId":"n6war4at0n03bqk","previousOperationId":"m80nb81wc4da87g"}
{"type":"log","timestamp":1765137669794,"level":"debug","message":"Rendering engine handlebars","meta":{"rootId":"8ww3c1u0cd69mav","id":"804a50zg40y9k96"},"id":"io4menpas55kj15","previousOperationId":"n6war4at0n03bqk"}
{"type":"operationEnd","operationId":"n6war4at0n03bqk","timestamp":1765137669885,"id":"487t6bwq58z7lnj","previousEventId":"3yrpgradfv4enqg","previousOperationId":"n6war4at0n03bqk"}
{"type":"operationStart","subtype":"recipe","name":"html","timestamp":1765137669891,"id":"uz659mslc4icisn","previousEventId":"487t6bwq58z7lnj","operationId":"ytgbenaedz25fsw","previousOperationId":"n6war4at0n03bqk"}
{"type":"log","timestamp":1765137669891,"level":"debug","message":"Executing recipe html","meta":{"rootId":"8ww3c1u0cd69mav","id":"804a50zg40y9k96"},"id":"gt6twfzoo8ntm08","previousOperationId":"ytgbenaedz25fsw"}
{"type":"operationEnd","operationId":"ytgbenaedz25fsw","timestamp":1765137669891,"id":"spxb9c3zmlq8poo","previousEventId":"uz659mslc4icisn","previousOperationId":"ytgbenaedz25fsw"}
{"type":"log","timestamp":1765137669891,"level":"debug","message":"Skipping storing report.","meta":{"rootId":"8ww3c1u0cd69mav","id":"804a50zg40y9k96"},"id":"8gw38j57195zy9z","previousOperationId":"ytgbenaedz25fsw"}
{"type":"log","timestamp":1765137669891,"level":"info","message":"Rendering (child) request finished in 1332 ms","meta":{"rootId":"8ww3c1u0cd69mav","id":"804a50zg40y9k96"},"id":"36f46tgz8iweqot","previousOperationId":"ytgbenaedz25fsw"}
{"type":"operationEnd","subtype":"render","operationId":"m80nb81wc4da87g","timestamp":1765137669891,"id":"8l18o2alhljniog","previousEventId":"spxb9c3zmlq8poo","previousOperationId":"ytgbenaedz25fsw"}
{"type":"log","timestamp":1765137673413,"level":"debug","message":"pptx successfully zipped","meta":{"rootId":"8ww3c1u0cd69mav","id":"8ww3c1u0cd69mav"},"id":"x490g42233ibdre","previousOperationId":"cpvtxj1pqzaigyq"}
{"type":"log","timestamp":1765137673413,"level":"info","message":"pptx generation was finished","meta":{"rootId":"8ww3c1u0cd69mav","id":"8ww3c1u0cd69mav"},"id":"qhvmf9g9435my6k","previousOperationId":"cpvtxj1pqzaigyq"}
{"type":"operationEnd","operationId":"cpvtxj1pqzaigyq","timestamp":1765137673421,"id":"31gbgp8u8mz3zcb","previousEventId":"0gutcfy5eljaf9e","previousOperationId":"cpvtxj1pqzaigyq"}
{"type":"log","timestamp":1765137673421,"level":"debug","message":"Skipping storing report.","meta":{"rootId":"8ww3c1u0cd69mav","id":"8ww3c1u0cd69mav"},"id":"l1wza22mpit7xe4","previousOperationId":"cpvtxj1pqzaigyq"}
{"type":"log","timestamp":1765137673421,"level":"info","message":"Rendering request 33 finished in 4862 ms","meta":{"rootId":"8ww3c1u0cd69mav","id":"8ww3c1u0cd69mav"},"id":"fbcu7deyx72fnw1","previousOperationId":"cpvtxj1pqzaigyq"}
{"type":"operationEnd","subtype":"render","operationId":"6nkd4c6q2xrl2zf","timestamp":1765137673421,"id":"xk17i4vhtt5adf0","previousEventId":"31gbgp8u8mz3zcb","previousOperationId":"cpvtxj1pqzaigyq"}
{"type":"operationEnd","doDiffs":false,"previousEventId":"skmhdkp5cjglxd2","previousOperationId":"ajh7qgo8nuv3c0u","operationId":"ajh7qgo8nuv3c0u","timestamp":1765137673425,"id":"fb4ncxlfhnopivz"}
