{"type":"operationStart","subtype":"profile","data":{"_id":"KOtVqv09gLN0cMb8","timestamp":"2025-12-18T12:30:00.478Z","state":"running","mode":"standard","creationDate":"2025-12-18T12:30:00.483Z","modificationDate":"2025-12-18T12:30:00.483Z","shortid":"X2aWe0-","$entitySet":"profiles","timeout":60000},"doDiffs":false,"timestamp":1766061000481,"id":"zpe849gk9m0db3f","previousOperationId":null,"operationId":"0kh0p3yiaac60n0"}
{"type":"log","level":"info","message":"Render request 1 queued for execution and waiting for available worker","previousOperationId":"0kh0p3yiaac60n0","timestamp":1766061000482,"id":"dfzcsf479p5uh3b"}
{"type":"operationStart","subtype":"render","name":"anonymous","previousOperationId":"0kh0p3yiaac60n0","timestamp":1766061000552,"id":"sbf0kgb88lzyr9f","previousEventId":"zpe849gk9m0db3f","operationId":"dvismmq8k5n66q1"}
{"type":"log","timestamp":1766061000553,"level":"info","message":"Starting rendering request 1","meta":{"rootId":"8wx953z3brfgin2","id":"8wx953z3brfgin2"},"id":"wgwvpjn3kh86y16","previousOperationId":"dvismmq8k5n66q1"}
{"type":"log","timestamp":1766061000556,"level":"info","message":"Rendering anonymous template { recipe: pptx, engine: handlebars }","meta":{"rootId":"8wx953z3brfgin2","id":"8wx953z3brfgin2"},"id":"ovie5nqnfm1doqp","previousOperationId":"dvismmq8k5n66q1"}
{"type":"log","timestamp":1766061000556,"level":"debug","message":"Inline data specified.","meta":{"rootId":"8wx953z3brfgin2","id":"8wx953z3brfgin2"},"id":"gp922qd7o6lrgjr","previousOperationId":"dvismmq8k5n66q1"}
{"type":"log","timestamp":1766061000564,"level":"debug","message":"Base url not specified, skipping its injection.","meta":{"rootId":"8wx953z3brfgin2","id":"8wx953z3brfgin2"},"id":"514wbi8adftmdqa","previousOperationId":"dvismmq8k5n66q1"}
{"type":"operationStart","subtype":"engine","name":"handlebars","timestamp":1766061000567,"id":"usghy1rgjeq2myb","previousEventId":"sbf0kgb88lzyr9f","operationId":"sars3xffsntya4s","previousOperationId":"dvismmq8k5n66q1"}
{"type":"log","timestamp":1766061000567,"level":"debug","message":"Rendering engine handlebars","meta":{"rootId":"8wx953z3brfgin2","id":"8wx953z3brfgin2"},"id":"4vh3iswqxygfeeh","previousOperationId":"sars3xffsntya4s"}
{"type":"operationEnd","operationId":"sars3xffsntya4s","timestamp":1766061001583,"id":"4j2sdjcqs1zbe5r","previousEventId":"usghy1rgjeq2myb","previousOperationId":"sars3xffsntya4s"}
{"type":"operationStart","subtype":"recipe","name":"pptx","timestamp":1766061001584,"id":"h0y62he7dmtd9aj","previousEventId":"4j2sdjcqs1zbe5r","operationId":"3scw03xp009z5za","previousOperationId":"sars3xffsntya4s"}
{"type":"log","timestamp":1766061001585,"level":"debug","message":"Executing recipe pptx","meta":{"rootId":"8wx953z3brfgin2","id":"8wx953z3brfgin2"},"id":"i37lh15pdxag533","previousOperationId":"3scw03xp009z5za"}
{"type":"log","timestamp":1766061001756,"level":"info","message":"pptx generation is starting","meta":{"rootId":"8wx953z3brfgin2","id":"8wx953z3brfgin2"},"id":"i1v9o84k282n721","previousOperationId":"3scw03xp009z5za"}
{"type":"log","timestamp":1766061002874,"level":"debug","message":"Starting child request to render pptx dynamic parts","meta":{"rootId":"8wx953z3brfgin2","id":"8wx953z3brfgin2"},"id":"3osy46tmu1x0hkw","previousOperationId":"3scw03xp009z5za"}
{"type":"operationStart","subtype":"render","name":"anonymous","previousOperationId":"3scw03xp009z5za","timestamp":1766061002876,"id":"a7rxqijmdiun3ih","previousEventId":"h0y62he7dmtd9aj","operationId":"0vo2ht6joaqnkwk"}
{"type":"log","timestamp":1766061002876,"level":"info","message":"Starting rendering (child) request","meta":{"rootId":"8wx953z3brfgin2","id":"haazfc06gtpq721"},"id":"1p3roabhkkuvjc1","previousOperationId":"0vo2ht6joaqnkwk"}
{"type":"log","timestamp":1766061002876,"level":"info","message":"Rendering anonymous template { recipe: html, engine: handlebars }","meta":{"rootId":"8wx953z3brfgin2","id":"haazfc06gtpq721"},"id":"zff7lwz6a0pr60p","previousOperationId":"0vo2ht6joaqnkwk"}
{"type":"log","timestamp":1766061002876,"level":"debug","message":"Inline data specified.","meta":{"rootId":"8wx953z3brfgin2","id":"haazfc06gtpq721"},"id":"f6dxpzzqs2t6ea1","previousOperationId":"0vo2ht6joaqnkwk"}
{"type":"log","timestamp":1766061002883,"level":"debug","message":"Base url not specified, skipping its injection.","meta":{"rootId":"8wx953z3brfgin2","id":"haazfc06gtpq721"},"id":"yj11x989ibbz94s","previousOperationId":"0vo2ht6joaqnkwk"}
{"type":"operationStart","subtype":"engine","name":"handlebars","timestamp":1766061002885,"id":"g7402nwbyude22g","previousEventId":"a7rxqijmdiun3ih","operationId":"c4za0ixkqwowtvh","previousOperationId":"0vo2ht6joaqnkwk"}
{"type":"log","timestamp":1766061002885,"level":"debug","message":"Rendering engine handlebars","meta":{"rootId":"8wx953z3brfgin2","id":"haazfc06gtpq721"},"id":"qpvopa88tpzlzas","previousOperationId":"c4za0ixkqwowtvh"}
{"type":"operationEnd","operationId":"c4za0ixkqwowtvh","timestamp":1766061002999,"id":"n1flekhi18pvlcd","previousEventId":"g7402nwbyude22g","previousOperationId":"c4za0ixkqwowtvh"}
{"type":"operationStart","subtype":"recipe","name":"html","timestamp":1766061003011,"id":"e04hlxi9ksv9opp","previousEventId":"n1flekhi18pvlcd","operationId":"eab6rjw2dgaw0xm","previousOperationId":"c4za0ixkqwowtvh"}
{"type":"log","timestamp":1766061003011,"level":"debug","message":"Executing recipe html","meta":{"rootId":"8wx953z3brfgin2","id":"haazfc06gtpq721"},"id":"q7b0vcw5qetytab","previousOperationId":"eab6rjw2dgaw0xm"}
{"type":"operationEnd","operationId":"eab6rjw2dgaw0xm","timestamp":1766061003011,"id":"o6chexbbgpnbep4","previousEventId":"e04hlxi9ksv9opp","previousOperationId":"eab6rjw2dgaw0xm"}
{"type":"log","timestamp":1766061003012,"level":"debug","message":"Skipping storing report.","meta":{"rootId":"8wx953z3brfgin2","id":"haazfc06gtpq721"},"id":"qxz44znwp9v3euz","previousOperationId":"eab6rjw2dgaw0xm"}
{"type":"log","timestamp":1766061003012,"level":"info","message":"Rendering (child) request finished in 2540 ms","meta":{"rootId":"8wx953z3brfgin2","id":"haazfc06gtpq721"},"id":"mi4gkqi1ay95ob5","previousOperationId":"eab6rjw2dgaw0xm"}
{"type":"operationEnd","subtype":"render","operationId":"0vo2ht6joaqnkwk","timestamp":1766061003012,"id":"2n2shk3u67a5bbl","previousEventId":"o6chexbbgpnbep4","previousOperationId":"eab6rjw2dgaw0xm"}
{"type":"log","timestamp":1766061008873,"level":"debug","message":"pptx successfully zipped","meta":{"rootId":"8wx953z3brfgin2","id":"8wx953z3brfgin2"},"id":"j9sr0iq25eilnxo","previousOperationId":"3scw03xp009z5za"}
{"type":"log","timestamp":1766061008873,"level":"info","message":"pptx generation was finished","meta":{"rootId":"8wx953z3brfgin2","id":"8wx953z3brfgin2"},"id":"18a9nomsffmfq71","previousOperationId":"3scw03xp009z5za"}
{"type":"operationEnd","operationId":"3scw03xp009z5za","timestamp":1766061008889,"id":"c281zrylyxiwl5j","previousEventId":"h0y62he7dmtd9aj","previousOperationId":"3scw03xp009z5za"}
{"type":"log","timestamp":1766061008889,"level":"debug","message":"Skipping storing report.","meta":{"rootId":"8wx953z3brfgin2","id":"8wx953z3brfgin2"},"id":"9idz1ozhtwp701p","previousOperationId":"3scw03xp009z5za"}
{"type":"log","timestamp":1766061008889,"level":"info","message":"Rendering request 1 finished in 8417 ms","meta":{"rootId":"8wx953z3brfgin2","id":"8wx953z3brfgin2"},"id":"pzc1f2isirs5dak","previousOperationId":"3scw03xp009z5za"}
{"type":"operationEnd","subtype":"render","operationId":"dvismmq8k5n66q1","timestamp":1766061008889,"id":"wglif5k3auofs1j","previousEventId":"c281zrylyxiwl5j","previousOperationId":"3scw03xp009z5za"}
{"type":"operationEnd","doDiffs":false,"previousEventId":"zpe849gk9m0db3f","previousOperationId":"0kh0p3yiaac60n0","operationId":"0kh0p3yiaac60n0","timestamp":1766061008896,"id":"tha35bbfaqrp7a6"}
