{"type":"operationStart","subtype":"profile","data":{"_id":"HjIY7JFTihcgvTPJ","timestamp":"2025-12-27T16:55:35.134Z","state":"running","mode":"standard","creationDate":"2025-12-27T16:55:35.142Z","modificationDate":"2025-12-27T16:55:35.142Z","shortid":"SMRFe6C","$entitySet":"profiles","timeout":60000},"doDiffs":false,"timestamp":1766854535137,"id":"3t8wya34sqs3vy4","previousOperationId":null,"operationId":"kfcsqg87a6n4tm3"}
{"type":"log","level":"info","message":"Render request 1 queued for execution and waiting for available worker","previousOperationId":"kfcsqg87a6n4tm3","timestamp":1766854535138,"id":"8i7m2grii196ko0"}
{"type":"operationStart","subtype":"render","name":"anonymous","previousOperationId":"kfcsqg87a6n4tm3","timestamp":1766854535216,"id":"5cetxul7u8zifys","previousEventId":"3t8wya34sqs3vy4","operationId":"xmxj9wexax8ff4m"}
{"type":"log","timestamp":1766854535217,"level":"info","message":"Starting rendering request 1","meta":{"rootId":"920hgehhkacrptc","id":"920hgehhkacrptc"},"id":"jb2bhuposzoufe4","previousOperationId":"xmxj9wexax8ff4m"}
{"type":"log","timestamp":1766854535220,"level":"info","message":"Rendering anonymous template { recipe: pptx, engine: handlebars }","meta":{"rootId":"920hgehhkacrptc","id":"920hgehhkacrptc"},"id":"z6gudxkl5508j19","previousOperationId":"xmxj9wexax8ff4m"}
{"type":"log","timestamp":1766854535221,"level":"debug","message":"Inline data specified.","meta":{"rootId":"920hgehhkacrptc","id":"920hgehhkacrptc"},"id":"rz4mwtg1f5pulx6","previousOperationId":"xmxj9wexax8ff4m"}
{"type":"log","timestamp":1766854535233,"level":"debug","message":"Base url not specified, skipping its injection.","meta":{"rootId":"920hgehhkacrptc","id":"920hgehhkacrptc"},"id":"1v1sh7rw4eqgaor","previousOperationId":"xmxj9wexax8ff4m"}
{"type":"operationStart","subtype":"engine","name":"handlebars","timestamp":1766854535237,"id":"0exd761etp24at3","previousEventId":"5cetxul7u8zifys","operationId":"kp6zc8hpzjz7tsq","previousOperationId":"xmxj9wexax8ff4m"}
{"type":"log","timestamp":1766854535237,"level":"debug","message":"Rendering engine handlebars","meta":{"rootId":"920hgehhkacrptc","id":"920hgehhkacrptc"},"id":"haqg1k7l41lnsct","previousOperationId":"kp6zc8hpzjz7tsq"}
{"type":"operationEnd","operationId":"kp6zc8hpzjz7tsq","timestamp":1766854536501,"id":"6zcz44e0x4354ay","previousEventId":"0exd761etp24at3","previousOperationId":"kp6zc8hpzjz7tsq"}
{"type":"operationStart","subtype":"recipe","name":"pptx","timestamp":1766854536502,"id":"pnk5wf55pe8zy35","previousEventId":"6zcz44e0x4354ay","operationId":"lk4wf1avfl7zgif","previousOperationId":"kp6zc8hpzjz7tsq"}
{"type":"log","timestamp":1766854536502,"level":"debug","message":"Executing recipe pptx","meta":{"rootId":"920hgehhkacrptc","id":"920hgehhkacrptc"},"id":"agito0tjim8xk7g","previousOperationId":"lk4wf1avfl7zgif"}
{"type":"log","timestamp":1766854536770,"level":"info","message":"pptx generation is starting","meta":{"rootId":"920hgehhkacrptc","id":"920hgehhkacrptc"},"id":"mfgehfw409m9s52","previousOperationId":"lk4wf1avfl7zgif"}
{"type":"log","timestamp":1766854538656,"level":"debug","message":"Starting child request to render pptx dynamic parts","meta":{"rootId":"920hgehhkacrptc","id":"920hgehhkacrptc"},"id":"f0qc04xvi418emw","previousOperationId":"lk4wf1avfl7zgif"}
{"type":"operationStart","subtype":"render","name":"anonymous","previousOperationId":"lk4wf1avfl7zgif","timestamp":1766854538660,"id":"v62zdvmy030cs8i","previousEventId":"pnk5wf55pe8zy35","operationId":"4bs3hzay2ci3qv9"}
{"type":"log","timestamp":1766854538660,"level":"info","message":"Starting rendering (child) request","meta":{"rootId":"920hgehhkacrptc","id":"63jde7bg1wsu8j8"},"id":"71oc4ornioor5nq","previousOperationId":"4bs3hzay2ci3qv9"}
{"type":"log","timestamp":1766854538660,"level":"info","message":"Rendering anonymous template { recipe: html, engine: handlebars }","meta":{"rootId":"920hgehhkacrptc","id":"63jde7bg1wsu8j8"},"id":"tvbbkg9c6gmc92c","previousOperationId":"4bs3hzay2ci3qv9"}
{"type":"log","timestamp":1766854538661,"level":"debug","message":"Inline data specified.","meta":{"rootId":"920hgehhkacrptc","id":"63jde7bg1wsu8j8"},"id":"2yw2jf0sfs8tks8","previousOperationId":"4bs3hzay2ci3qv9"}
{"type":"log","timestamp":1766854538668,"level":"debug","message":"Base url not specified, skipping its injection.","meta":{"rootId":"920hgehhkacrptc","id":"63jde7bg1wsu8j8"},"id":"hg77dhy1ncw0q2m","previousOperationId":"4bs3hzay2ci3qv9"}
{"type":"operationStart","subtype":"engine","name":"handlebars","timestamp":1766854538671,"id":"d8bsymqnl71htjg","previousEventId":"v62zdvmy030cs8i","operationId":"e3l9g5r87mzit65","previousOperationId":"4bs3hzay2ci3qv9"}
{"type":"log","timestamp":1766854538671,"level":"debug","message":"Rendering engine handlebars","meta":{"rootId":"920hgehhkacrptc","id":"63jde7bg1wsu8j8"},"id":"zh19s80k9b6cu61","previousOperationId":"e3l9g5r87mzit65"}
{"type":"log","timestamp":1766854538880,"level":"debug","message":"(console:log) {\n  type: 'echarts@v5a',\n  width: 848,\n  height: 409,\n  option: { radar: [ [Object] ], series: [ [Object] ] }\n}","meta":{"userLevel":true,"rootId":"920hgehhkacrptc","id":"63jde7bg1wsu8j8"},"id":"n60k88albu6wkv4","previousOperationId":"e3l9g5r87mzit65"}
{"type":"operationEnd","operationId":"e3l9g5r87mzit65","timestamp":1766854538891,"id":"bbudlyd04o6lxik","previousEventId":"d8bsymqnl71htjg","previousOperationId":"e3l9g5r87mzit65"}
{"type":"operationStart","subtype":"recipe","name":"html","timestamp":1766854538906,"id":"c2aqvomjaaoyepj","previousEventId":"bbudlyd04o6lxik","operationId":"1togbobchtlqjy0","previousOperationId":"e3l9g5r87mzit65"}
{"type":"log","timestamp":1766854538906,"level":"debug","message":"Executing recipe html","meta":{"rootId":"920hgehhkacrptc","id":"63jde7bg1wsu8j8"},"id":"nk4vipgpwhxs9b5","previousOperationId":"1togbobchtlqjy0"}
{"type":"operationEnd","operationId":"1togbobchtlqjy0","timestamp":1766854538906,"id":"zekwd06cs0pxopq","previousEventId":"c2aqvomjaaoyepj","previousOperationId":"1togbobchtlqjy0"}
{"type":"log","timestamp":1766854538908,"level":"debug","message":"Skipping storing report.","meta":{"rootId":"920hgehhkacrptc","id":"63jde7bg1wsu8j8"},"id":"zuuc121vbwzyghd","previousOperationId":"1togbobchtlqjy0"}
{"type":"log","timestamp":1766854538908,"level":"info","message":"Rendering (child) request finished in 3776 ms","meta":{"rootId":"920hgehhkacrptc","id":"63jde7bg1wsu8j8"},"id":"2w5lk9h27nkysms","previousOperationId":"1togbobchtlqjy0"}
{"type":"operationEnd","subtype":"render","operationId":"4bs3hzay2ci3qv9","timestamp":1766854538908,"id":"w3yfyt87vfe6uw2","previousEventId":"zekwd06cs0pxopq","previousOperationId":"1togbobchtlqjy0"}
{"type":"log","timestamp":1766854547170,"level":"debug","message":"pptx successfully zipped","meta":{"rootId":"920hgehhkacrptc","id":"920hgehhkacrptc"},"id":"d5ifaj8w3z72ij4","previousOperationId":"lk4wf1avfl7zgif"}
{"type":"log","timestamp":1766854547171,"level":"info","message":"pptx generation was finished","meta":{"rootId":"920hgehhkacrptc","id":"920hgehhkacrptc"},"id":"nu32k5xy3yzlic5","previousOperationId":"lk4wf1avfl7zgif"}
{"type":"operationEnd","operationId":"lk4wf1avfl7zgif","timestamp":1766854547187,"id":"kcoph5c1gwrsx7t","previousEventId":"pnk5wf55pe8zy35","previousOperationId":"lk4wf1avfl7zgif"}
{"type":"log","timestamp":1766854547187,"level":"debug","message":"Skipping storing report.","meta":{"rootId":"920hgehhkacrptc","id":"920hgehhkacrptc"},"id":"2ug8z38hsd57sl1","previousOperationId":"lk4wf1avfl7zgif"}
{"type":"log","timestamp":1766854547187,"level":"info","message":"Rendering request 1 finished in 12055 ms","meta":{"rootId":"920hgehhkacrptc","id":"920hgehhkacrptc"},"id":"pvj2fd5rsuwhag0","previousOperationId":"lk4wf1avfl7zgif"}
{"type":"operationEnd","subtype":"render","operationId":"xmxj9wexax8ff4m","timestamp":1766854547187,"id":"92gbdbq8o7pgcp7","previousEventId":"kcoph5c1gwrsx7t","previousOperationId":"lk4wf1avfl7zgif"}
{"type":"operationEnd","doDiffs":false,"previousEventId":"3t8wya34sqs3vy4","previousOperationId":"kfcsqg87a6n4tm3","operationId":"kfcsqg87a6n4tm3","timestamp":1766854547196,"id":"z1nlb5zx15tm4my"}
