{"type":"operationStart","subtype":"profile","data":{"_id":"KFIm942Y9qSlf8at","timestamp":"2025-12-26T20:12:07.948Z","state":"running","mode":"standard","creationDate":"2025-12-26T20:12:07.955Z","modificationDate":"2025-12-26T20:12:07.955Z","shortid":"-kabqxQ","$entitySet":"profiles","timeout":60000},"doDiffs":false,"timestamp":1766779927952,"id":"785cupfss0mpz8l","previousOperationId":null,"operationId":"o5hhkawqh81fsm5"}
{"type":"log","level":"info","message":"Render request 8 queued for execution and waiting for available worker","previousOperationId":"o5hhkawqh81fsm5","timestamp":1766779927952,"id":"pm0cm4zu9h3yv7w"}
{"type":"operationStart","subtype":"render","name":"anonymous","previousOperationId":"o5hhkawqh81fsm5","timestamp":1766779928035,"id":"6gh1nur8yy60x1r","previousEventId":"785cupfss0mpz8l","operationId":"g5q1p77bf7tnlsv"}
{"type":"log","timestamp":1766779928036,"level":"info","message":"Starting rendering request 8","meta":{"rootId":"92obhu5fx4t39xv","id":"92obhu5fx4t39xv"},"id":"x0zs8pd2oi49cxd","previousOperationId":"g5q1p77bf7tnlsv"}
{"type":"log","timestamp":1766779928036,"level":"info","message":"Rendering anonymous template { recipe: pptx, engine: handlebars }","meta":{"rootId":"92obhu5fx4t39xv","id":"92obhu5fx4t39xv"},"id":"q0ys020w1ggm8u1","previousOperationId":"g5q1p77bf7tnlsv"}
{"type":"log","timestamp":1766779928036,"level":"debug","message":"Inline data specified.","meta":{"rootId":"92obhu5fx4t39xv","id":"92obhu5fx4t39xv"},"id":"f952trgxvxremjz","previousOperationId":"g5q1p77bf7tnlsv"}
{"type":"log","timestamp":1766779928042,"level":"debug","message":"Base url not specified, skipping its injection.","meta":{"rootId":"92obhu5fx4t39xv","id":"92obhu5fx4t39xv"},"id":"kr9ukosn3lvdjio","previousOperationId":"g5q1p77bf7tnlsv"}
{"type":"operationStart","subtype":"engine","name":"handlebars","timestamp":1766779928043,"id":"ab8ry8hwqqk343o","previousEventId":"6gh1nur8yy60x1r","operationId":"3st8t83y5myn3b5","previousOperationId":"g5q1p77bf7tnlsv"}
{"type":"log","timestamp":1766779928043,"level":"debug","message":"Rendering engine handlebars","meta":{"rootId":"92obhu5fx4t39xv","id":"92obhu5fx4t39xv"},"id":"9nelvh70xpgtwy5","previousOperationId":"3st8t83y5myn3b5"}
{"type":"operationEnd","operationId":"3st8t83y5myn3b5","timestamp":1766779928063,"id":"fff8h4tpdnl34q8","previousEventId":"ab8ry8hwqqk343o","previousOperationId":"3st8t83y5myn3b5"}
{"type":"operationStart","subtype":"recipe","name":"pptx","timestamp":1766779928064,"id":"c7x4rgf6mpgran2","previousEventId":"fff8h4tpdnl34q8","operationId":"m68zvt2j1wgng9g","previousOperationId":"3st8t83y5myn3b5"}
{"type":"log","timestamp":1766779928064,"level":"debug","message":"Executing recipe pptx","meta":{"rootId":"92obhu5fx4t39xv","id":"92obhu5fx4t39xv"},"id":"r28wp2m6p9kdzln","previousOperationId":"m68zvt2j1wgng9g"}
{"type":"log","timestamp":1766779928104,"level":"info","message":"pptx generation is starting","meta":{"rootId":"92obhu5fx4t39xv","id":"92obhu5fx4t39xv"},"id":"h13fkktyl9o2p0x","previousOperationId":"m68zvt2j1wgng9g"}
{"type":"log","timestamp":1766779929804,"level":"debug","message":"Starting child request to render pptx dynamic parts","meta":{"rootId":"92obhu5fx4t39xv","id":"92obhu5fx4t39xv"},"id":"c3ofdnpp7gunjdo","previousOperationId":"m68zvt2j1wgng9g"}
{"type":"operationStart","subtype":"render","name":"anonymous","previousOperationId":"m68zvt2j1wgng9g","timestamp":1766779929805,"id":"sfivjfx6be3thhe","previousEventId":"c7x4rgf6mpgran2","operationId":"nfltwti1ne94sik"}
{"type":"log","timestamp":1766779929805,"level":"info","message":"Starting rendering (child) request","meta":{"rootId":"92obhu5fx4t39xv","id":"qnd3i2mqrq8ihjo"},"id":"x75d83ihtnah5pr","previousOperationId":"nfltwti1ne94sik"}
{"type":"log","timestamp":1766779929805,"level":"info","message":"Rendering anonymous template { recipe: html, engine: handlebars }","meta":{"rootId":"92obhu5fx4t39xv","id":"qnd3i2mqrq8ihjo"},"id":"i6gepe7inkzdd0y","previousOperationId":"nfltwti1ne94sik"}
{"type":"log","timestamp":1766779929805,"level":"debug","message":"Inline data specified.","meta":{"rootId":"92obhu5fx4t39xv","id":"qnd3i2mqrq8ihjo"},"id":"zembivyya7l7ed7","previousOperationId":"nfltwti1ne94sik"}
{"type":"log","timestamp":1766779929810,"level":"debug","message":"Base url not specified, skipping its injection.","meta":{"rootId":"92obhu5fx4t39xv","id":"qnd3i2mqrq8ihjo"},"id":"6perh6808hh5suh","previousOperationId":"nfltwti1ne94sik"}
{"type":"operationStart","subtype":"engine","name":"handlebars","timestamp":1766779929813,"id":"j64zcoji8opxxs7","previousEventId":"sfivjfx6be3thhe","operationId":"ysmufe3yaq1u0h3","previousOperationId":"nfltwti1ne94sik"}
{"type":"log","timestamp":1766779929813,"level":"debug","message":"Rendering engine handlebars","meta":{"rootId":"92obhu5fx4t39xv","id":"qnd3i2mqrq8ihjo"},"id":"2p5zu8p29h2zqvv","previousOperationId":"ysmufe3yaq1u0h3"}
{"type":"operationEnd","operationId":"ysmufe3yaq1u0h3","timestamp":1766779929981,"id":"g5zi6ttnstnxcxr","previousEventId":"j64zcoji8opxxs7","previousOperationId":"ysmufe3yaq1u0h3"}
{"type":"operationStart","subtype":"recipe","name":"html","timestamp":1766779930001,"id":"zxbqw4pywolold5","previousEventId":"g5zi6ttnstnxcxr","operationId":"i44go300mfkuz60","previousOperationId":"ysmufe3yaq1u0h3"}
{"type":"log","timestamp":1766779930001,"level":"debug","message":"Executing recipe html","meta":{"rootId":"92obhu5fx4t39xv","id":"qnd3i2mqrq8ihjo"},"id":"asi7qazvimet9no","previousOperationId":"i44go300mfkuz60"}
{"type":"operationEnd","operationId":"i44go300mfkuz60","timestamp":1766779930001,"id":"36eii3tw98tay53","previousEventId":"zxbqw4pywolold5","previousOperationId":"i44go300mfkuz60"}
{"type":"log","timestamp":1766779930001,"level":"debug","message":"Skipping storing report.","meta":{"rootId":"92obhu5fx4t39xv","id":"qnd3i2mqrq8ihjo"},"id":"6mjvhr7j5wpy2ka","previousOperationId":"i44go300mfkuz60"}
{"type":"log","timestamp":1766779930001,"level":"info","message":"Rendering (child) request finished in 2055 ms","meta":{"rootId":"92obhu5fx4t39xv","id":"qnd3i2mqrq8ihjo"},"id":"4yfesfrpwzvhprn","previousOperationId":"i44go300mfkuz60"}
{"type":"operationEnd","subtype":"render","operationId":"nfltwti1ne94sik","timestamp":1766779930001,"id":"flcugz6vpsc6dc2","previousEventId":"36eii3tw98tay53","previousOperationId":"i44go300mfkuz60"}
{"type":"log","timestamp":1766779936451,"level":"debug","message":"pptx successfully zipped","meta":{"rootId":"92obhu5fx4t39xv","id":"92obhu5fx4t39xv"},"id":"ec8bggv0z0s5huo","previousOperationId":"m68zvt2j1wgng9g"}
{"type":"log","timestamp":1766779936451,"level":"info","message":"pptx generation was finished","meta":{"rootId":"92obhu5fx4t39xv","id":"92obhu5fx4t39xv"},"id":"ir1526vhp0b5qnv","previousOperationId":"m68zvt2j1wgng9g"}
{"type":"operationEnd","operationId":"m68zvt2j1wgng9g","timestamp":1766779936462,"id":"po3rrcuaphjaewi","previousEventId":"c7x4rgf6mpgran2","previousOperationId":"m68zvt2j1wgng9g"}
{"type":"log","timestamp":1766779936462,"level":"debug","message":"Skipping storing report.","meta":{"rootId":"92obhu5fx4t39xv","id":"92obhu5fx4t39xv"},"id":"bcp3zo61b24p7ii","previousOperationId":"m68zvt2j1wgng9g"}
{"type":"log","timestamp":1766779936462,"level":"info","message":"Rendering request 8 finished in 8516 ms","meta":{"rootId":"92obhu5fx4t39xv","id":"92obhu5fx4t39xv"},"id":"v12knmx2qhwkyko","previousOperationId":"m68zvt2j1wgng9g"}
{"type":"operationEnd","subtype":"render","operationId":"g5q1p77bf7tnlsv","timestamp":1766779936462,"id":"3djcr7252h1d08p","previousEventId":"po3rrcuaphjaewi","previousOperationId":"m68zvt2j1wgng9g"}
{"type":"operationEnd","doDiffs":false,"previousEventId":"785cupfss0mpz8l","previousOperationId":"o5hhkawqh81fsm5","operationId":"o5hhkawqh81fsm5","timestamp":1766779936468,"id":"uxxf5d6n7x78e4m"}
