{"type":"operationStart","subtype":"profile","data":{"_id":"IYYkSiu1QikR0KkQ","timestamp":"2025-12-31T11:48:31.632Z","state":"running","mode":"standard","creationDate":"2025-12-31T11:48:31.636Z","modificationDate":"2025-12-31T11:48:31.636Z","shortid":"N_qC-BR","$entitySet":"profiles","timeout":60000},"doDiffs":false,"timestamp":1767181711635,"id":"51gr7bbcggpiv61","previousOperationId":null,"operationId":"0favfhkhgaol64d"}
{"type":"log","level":"info","message":"Render request 43 queued for execution and waiting for available worker","previousOperationId":"0favfhkhgaol64d","timestamp":1767181711635,"id":"0b389nle4g7oazu"}
{"type":"operationStart","subtype":"render","name":"anonymous","previousOperationId":"0favfhkhgaol64d","timestamp":1767181711703,"id":"jngn3w3gxxo2lcl","previousEventId":"51gr7bbcggpiv61","operationId":"14ej6ups5m2goq5"}
{"type":"log","timestamp":1767181711703,"level":"info","message":"Starting rendering request 43","meta":{"rootId":"93einisw65izx9z","id":"93einisw65izx9z"},"id":"oconae6d9bzjc34","previousOperationId":"14ej6ups5m2goq5"}
{"type":"log","timestamp":1767181711703,"level":"info","message":"Rendering anonymous template { recipe: pptx, engine: handlebars }","meta":{"rootId":"93einisw65izx9z","id":"93einisw65izx9z"},"id":"tggbsa6kj5j1r7b","previousOperationId":"14ej6ups5m2goq5"}
{"type":"log","timestamp":1767181711703,"level":"debug","message":"Inline data specified.","meta":{"rootId":"93einisw65izx9z","id":"93einisw65izx9z"},"id":"a84puiwu1wpiauv","previousOperationId":"14ej6ups5m2goq5"}
{"type":"log","timestamp":1767181711708,"level":"debug","message":"Base url not specified, skipping its injection.","meta":{"rootId":"93einisw65izx9z","id":"93einisw65izx9z"},"id":"oe7p21c4cvwaqyc","previousOperationId":"14ej6ups5m2goq5"}
{"type":"operationStart","subtype":"engine","name":"handlebars","timestamp":1767181711709,"id":"3ncl1327cpxgxbs","previousEventId":"jngn3w3gxxo2lcl","operationId":"f60qgu0dtoaa4wd","previousOperationId":"14ej6ups5m2goq5"}
{"type":"log","timestamp":1767181711709,"level":"debug","message":"Rendering engine handlebars","meta":{"rootId":"93einisw65izx9z","id":"93einisw65izx9z"},"id":"0fcqbd5byibjlk3","previousOperationId":"f60qgu0dtoaa4wd"}
{"type":"operationEnd","operationId":"f60qgu0dtoaa4wd","timestamp":1767181711731,"id":"hmil88xkbxdmg6g","previousEventId":"3ncl1327cpxgxbs","previousOperationId":"f60qgu0dtoaa4wd"}
{"type":"operationStart","subtype":"recipe","name":"pptx","timestamp":1767181711732,"id":"1yjr4ixrpiqjzu0","previousEventId":"hmil88xkbxdmg6g","operationId":"mgk1ib7si1m6bwh","previousOperationId":"f60qgu0dtoaa4wd"}
{"type":"log","timestamp":1767181711732,"level":"debug","message":"Executing recipe pptx","meta":{"rootId":"93einisw65izx9z","id":"93einisw65izx9z"},"id":"8tae3enxs3qj5bi","previousOperationId":"mgk1ib7si1m6bwh"}
{"type":"log","timestamp":1767181711769,"level":"info","message":"pptx generation is starting","meta":{"rootId":"93einisw65izx9z","id":"93einisw65izx9z"},"id":"x8uqprmgy02wj5b","previousOperationId":"mgk1ib7si1m6bwh"}
{"type":"log","timestamp":1767181713828,"level":"debug","message":"Starting child request to render pptx dynamic parts","meta":{"rootId":"93einisw65izx9z","id":"93einisw65izx9z"},"id":"8ash99iu3q82rsr","previousOperationId":"mgk1ib7si1m6bwh"}
{"type":"operationStart","subtype":"render","name":"anonymous","previousOperationId":"mgk1ib7si1m6bwh","timestamp":1767181713829,"id":"t2pmkqy3ocffmx5","previousEventId":"1yjr4ixrpiqjzu0","operationId":"yhqdvna29t7qz7e"}
{"type":"log","timestamp":1767181713829,"level":"info","message":"Starting rendering (child) request","meta":{"rootId":"93einisw65izx9z","id":"0xsj0dho12mqvns"},"id":"796liudree9afkd","previousOperationId":"yhqdvna29t7qz7e"}
{"type":"log","timestamp":1767181713829,"level":"info","message":"Rendering anonymous template { recipe: html, engine: handlebars }","meta":{"rootId":"93einisw65izx9z","id":"0xsj0dho12mqvns"},"id":"wdk8nkey5htjxvb","previousOperationId":"yhqdvna29t7qz7e"}
{"type":"log","timestamp":1767181713829,"level":"debug","message":"Inline data specified.","meta":{"rootId":"93einisw65izx9z","id":"0xsj0dho12mqvns"},"id":"6d4vdxk6wrhwdac","previousOperationId":"yhqdvna29t7qz7e"}
{"type":"log","timestamp":1767181713835,"level":"debug","message":"Base url not specified, skipping its injection.","meta":{"rootId":"93einisw65izx9z","id":"0xsj0dho12mqvns"},"id":"kvwshfgvef119om","previousOperationId":"yhqdvna29t7qz7e"}
{"type":"operationStart","subtype":"engine","name":"handlebars","timestamp":1767181713837,"id":"bjtnoecb4ypuxw2","previousEventId":"t2pmkqy3ocffmx5","operationId":"rjfwhorw2k16gxx","previousOperationId":"yhqdvna29t7qz7e"}
{"type":"log","timestamp":1767181713837,"level":"debug","message":"Rendering engine handlebars","meta":{"rootId":"93einisw65izx9z","id":"0xsj0dho12mqvns"},"id":"moi2vuvpjpcvsy2","previousOperationId":"rjfwhorw2k16gxx"}
{"type":"log","timestamp":1767181714070,"level":"debug","message":"(console:log) {\n  type: 'echarts@v5a',\n  width: 848,\n  height: 409,\n  option: { radar: [ [Object] ], series: [ [Object] ] }\n}","meta":{"userLevel":true,"rootId":"93einisw65izx9z","id":"0xsj0dho12mqvns"},"id":"vfqpyq4yxk8z2sj","previousOperationId":"rjfwhorw2k16gxx"}
{"type":"operationEnd","operationId":"rjfwhorw2k16gxx","timestamp":1767181714087,"id":"bse1jhr9emfx8xw","previousEventId":"bjtnoecb4ypuxw2","previousOperationId":"rjfwhorw2k16gxx"}
{"type":"operationStart","subtype":"recipe","name":"html","timestamp":1767181714111,"id":"4sca0ya0vibnzlc","previousEventId":"bse1jhr9emfx8xw","operationId":"ag9jlerfrpb34xu","previousOperationId":"rjfwhorw2k16gxx"}
{"type":"log","timestamp":1767181714111,"level":"debug","message":"Executing recipe html","meta":{"rootId":"93einisw65izx9z","id":"0xsj0dho12mqvns"},"id":"qzame807zh8482p","previousOperationId":"ag9jlerfrpb34xu"}
{"type":"operationEnd","operationId":"ag9jlerfrpb34xu","timestamp":1767181714111,"id":"lkg6zlq3ofhcfve","previousEventId":"4sca0ya0vibnzlc","previousOperationId":"ag9jlerfrpb34xu"}
{"type":"log","timestamp":1767181714112,"level":"debug","message":"Skipping storing report.","meta":{"rootId":"93einisw65izx9z","id":"0xsj0dho12mqvns"},"id":"pt84g7nu204wrz8","previousOperationId":"ag9jlerfrpb34xu"}
{"type":"log","timestamp":1767181714112,"level":"info","message":"Rendering (child) request finished in 2481 ms","meta":{"rootId":"93einisw65izx9z","id":"0xsj0dho12mqvns"},"id":"zm1igseenxyzspd","previousOperationId":"ag9jlerfrpb34xu"}
{"type":"operationEnd","subtype":"render","operationId":"yhqdvna29t7qz7e","timestamp":1767181714112,"id":"ch4a9nochjsl7d4","previousEventId":"lkg6zlq3ofhcfve","previousOperationId":"ag9jlerfrpb34xu"}
{"type":"log","timestamp":1767181720685,"level":"debug","message":"pptx successfully zipped","meta":{"rootId":"93einisw65izx9z","id":"93einisw65izx9z"},"id":"orm1iqi1v3o54gy","previousOperationId":"mgk1ib7si1m6bwh"}
{"type":"log","timestamp":1767181720685,"level":"info","message":"pptx generation was finished","meta":{"rootId":"93einisw65izx9z","id":"93einisw65izx9z"},"id":"fx8a5nm3207e36m","previousOperationId":"mgk1ib7si1m6bwh"}
{"type":"operationEnd","operationId":"mgk1ib7si1m6bwh","timestamp":1767181720696,"id":"2ua44pz6q7fdh5q","previousEventId":"1yjr4ixrpiqjzu0","previousOperationId":"mgk1ib7si1m6bwh"}
{"type":"log","timestamp":1767181720696,"level":"debug","message":"Skipping storing report.","meta":{"rootId":"93einisw65izx9z","id":"93einisw65izx9z"},"id":"3mz4w1vogedkicb","previousOperationId":"mgk1ib7si1m6bwh"}
{"type":"log","timestamp":1767181720696,"level":"info","message":"Rendering request 43 finished in 9065 ms","meta":{"rootId":"93einisw65izx9z","id":"93einisw65izx9z"},"id":"lowdg83ui9xvfkl","previousOperationId":"mgk1ib7si1m6bwh"}
{"type":"operationEnd","subtype":"render","operationId":"14ej6ups5m2goq5","timestamp":1767181720696,"id":"7j78w56wcmaz31o","previousEventId":"2ua44pz6q7fdh5q","previousOperationId":"mgk1ib7si1m6bwh"}
{"type":"operationEnd","doDiffs":false,"previousEventId":"51gr7bbcggpiv61","previousOperationId":"0favfhkhgaol64d","operationId":"0favfhkhgaol64d","timestamp":1767181720705,"id":"syi330t78vpo3c3"}
