{"type":"operationStart","subtype":"profile","data":{"_id":"DyBoJDMAxNJpXvBQ","timestamp":"2025-12-27T16:07:22.002Z","state":"running","mode":"standard","creationDate":"2025-12-27T16:07:22.009Z","modificationDate":"2025-12-27T16:07:22.009Z","shortid":"epkZxj2","$entitySet":"profiles","timeout":60000},"doDiffs":false,"timestamp":1766851642005,"id":"5th4rpjwfjz8m4f","previousOperationId":null,"operationId":"a0survehqcpgtd6"}
{"type":"log","level":"info","message":"Render request 2 queued for execution and waiting for available worker","previousOperationId":"a0survehqcpgtd6","timestamp":1766851642006,"id":"3qv6snh3s59v79e"}
{"type":"operationStart","subtype":"render","name":"anonymous","previousOperationId":"a0survehqcpgtd6","timestamp":1766851642068,"id":"87ycvdw466tm0uq","previousEventId":"5th4rpjwfjz8m4f","operationId":"4qq4lfjtmdswkry"}
{"type":"log","timestamp":1766851642069,"level":"info","message":"Starting rendering request 2","meta":{"rootId":"96sfe5ath6xe36b","id":"96sfe5ath6xe36b"},"id":"erlqwsuw3iluj1e","previousOperationId":"4qq4lfjtmdswkry"}
{"type":"log","timestamp":1766851642071,"level":"info","message":"Rendering anonymous template { recipe: pptx, engine: handlebars }","meta":{"rootId":"96sfe5ath6xe36b","id":"96sfe5ath6xe36b"},"id":"we4gfxx4tl8yzks","previousOperationId":"4qq4lfjtmdswkry"}
{"type":"log","timestamp":1766851642071,"level":"debug","message":"Inline data specified.","meta":{"rootId":"96sfe5ath6xe36b","id":"96sfe5ath6xe36b"},"id":"bd6qa5auqq21ga9","previousOperationId":"4qq4lfjtmdswkry"}
{"type":"log","timestamp":1766851642076,"level":"debug","message":"Base url not specified, skipping its injection.","meta":{"rootId":"96sfe5ath6xe36b","id":"96sfe5ath6xe36b"},"id":"nrxudlqyjnh45fj","previousOperationId":"4qq4lfjtmdswkry"}
{"type":"operationStart","subtype":"engine","name":"handlebars","timestamp":1766851642078,"id":"dd6wqjb6k1kyuad","previousEventId":"87ycvdw466tm0uq","operationId":"7p1uumsf52dw5wc","previousOperationId":"4qq4lfjtmdswkry"}
{"type":"log","timestamp":1766851642078,"level":"debug","message":"Rendering engine handlebars","meta":{"rootId":"96sfe5ath6xe36b","id":"96sfe5ath6xe36b"},"id":"t5pk0om7ii7889n","previousOperationId":"7p1uumsf52dw5wc"}
{"type":"operationEnd","operationId":"7p1uumsf52dw5wc","timestamp":1766851642907,"id":"yc2dqqcrwnkywfe","previousEventId":"dd6wqjb6k1kyuad","previousOperationId":"7p1uumsf52dw5wc"}
{"type":"operationStart","subtype":"recipe","name":"pptx","timestamp":1766851642907,"id":"cdd3i4l8gxw2k7g","previousEventId":"yc2dqqcrwnkywfe","operationId":"lajss5fhjbr8bvu","previousOperationId":"7p1uumsf52dw5wc"}
{"type":"log","timestamp":1766851642908,"level":"debug","message":"Executing recipe pptx","meta":{"rootId":"96sfe5ath6xe36b","id":"96sfe5ath6xe36b"},"id":"pyp7y3d3s4npuv5","previousOperationId":"lajss5fhjbr8bvu"}
{"type":"log","timestamp":1766851643072,"level":"info","message":"pptx generation is starting","meta":{"rootId":"96sfe5ath6xe36b","id":"96sfe5ath6xe36b"},"id":"dljwavk2baanx1z","previousOperationId":"lajss5fhjbr8bvu"}
{"type":"log","timestamp":1766851644134,"level":"debug","message":"Starting child request to render pptx dynamic parts","meta":{"rootId":"96sfe5ath6xe36b","id":"96sfe5ath6xe36b"},"id":"b0eb8i744329ccw","previousOperationId":"lajss5fhjbr8bvu"}
{"type":"operationStart","subtype":"render","name":"anonymous","previousOperationId":"lajss5fhjbr8bvu","timestamp":1766851644135,"id":"jykfj7wfwetbjo4","previousEventId":"cdd3i4l8gxw2k7g","operationId":"ps1lsrtyi1vqst5"}
{"type":"log","timestamp":1766851644135,"level":"info","message":"Starting rendering (child) request","meta":{"rootId":"96sfe5ath6xe36b","id":"aawgvtnwkkwz6th"},"id":"247ewyevmr3pqu2","previousOperationId":"ps1lsrtyi1vqst5"}
{"type":"log","timestamp":1766851644136,"level":"info","message":"Rendering anonymous template { recipe: html, engine: handlebars }","meta":{"rootId":"96sfe5ath6xe36b","id":"aawgvtnwkkwz6th"},"id":"2pbjyidoo0s2a6v","previousOperationId":"ps1lsrtyi1vqst5"}
{"type":"log","timestamp":1766851644136,"level":"debug","message":"Inline data specified.","meta":{"rootId":"96sfe5ath6xe36b","id":"aawgvtnwkkwz6th"},"id":"z2f948laplerx0e","previousOperationId":"ps1lsrtyi1vqst5"}
{"type":"log","timestamp":1766851644142,"level":"debug","message":"Base url not specified, skipping its injection.","meta":{"rootId":"96sfe5ath6xe36b","id":"aawgvtnwkkwz6th"},"id":"jebx3nkg4v5dkw2","previousOperationId":"ps1lsrtyi1vqst5"}
{"type":"operationStart","subtype":"engine","name":"handlebars","timestamp":1766851644144,"id":"58bjh2jaiucyoho","previousEventId":"jykfj7wfwetbjo4","operationId":"mzkv0zg3k6kh09f","previousOperationId":"ps1lsrtyi1vqst5"}
{"type":"log","timestamp":1766851644144,"level":"debug","message":"Rendering engine handlebars","meta":{"rootId":"96sfe5ath6xe36b","id":"aawgvtnwkkwz6th"},"id":"kcetmhrqzus5qg8","previousOperationId":"mzkv0zg3k6kh09f"}
{"type":"log","timestamp":1766851644294,"level":"debug","message":"(console:log) {\n  type: 'echarts@v5a',\n  width: 848,\n  height: 409,\n  option: { radar: [ [Object] ], series: [ [Object] ] }\n}","meta":{"userLevel":true,"rootId":"96sfe5ath6xe36b","id":"aawgvtnwkkwz6th"},"id":"jwpta9k9b3gg0hy","previousOperationId":"mzkv0zg3k6kh09f"}
{"type":"operationEnd","operationId":"mzkv0zg3k6kh09f","timestamp":1766851644302,"id":"jnolp5e08z6582j","previousEventId":"58bjh2jaiucyoho","previousOperationId":"mzkv0zg3k6kh09f"}
{"type":"operationStart","subtype":"recipe","name":"html","timestamp":1766851644312,"id":"40tn9dz70jphzt6","previousEventId":"jnolp5e08z6582j","operationId":"nkkv7c9br50ufzu","previousOperationId":"mzkv0zg3k6kh09f"}
{"type":"log","timestamp":1766851644312,"level":"debug","message":"Executing recipe html","meta":{"rootId":"96sfe5ath6xe36b","id":"aawgvtnwkkwz6th"},"id":"qfrsx6fol548235","previousOperationId":"nkkv7c9br50ufzu"}
{"type":"operationEnd","operationId":"nkkv7c9br50ufzu","timestamp":1766851644312,"id":"82gh07paj3q0b2e","previousEventId":"40tn9dz70jphzt6","previousOperationId":"nkkv7c9br50ufzu"}
{"type":"log","timestamp":1766851644313,"level":"debug","message":"Skipping storing report.","meta":{"rootId":"96sfe5ath6xe36b","id":"aawgvtnwkkwz6th"},"id":"7j9sovk9fs1t4ec","previousOperationId":"nkkv7c9br50ufzu"}
{"type":"log","timestamp":1766851644314,"level":"info","message":"Rendering (child) request finished in 2315 ms","meta":{"rootId":"96sfe5ath6xe36b","id":"aawgvtnwkkwz6th"},"id":"zq85icf12oba6wq","previousOperationId":"nkkv7c9br50ufzu"}
{"type":"operationEnd","subtype":"render","operationId":"ps1lsrtyi1vqst5","timestamp":1766851644314,"id":"9i0b6gvmt1rcatz","previousEventId":"82gh07paj3q0b2e","previousOperationId":"nkkv7c9br50ufzu"}
{"type":"log","timestamp":1766851648541,"level":"debug","message":"pptx successfully zipped","meta":{"rootId":"96sfe5ath6xe36b","id":"96sfe5ath6xe36b"},"id":"tyahqhsbm1a1pjk","previousOperationId":"lajss5fhjbr8bvu"}
{"type":"log","timestamp":1766851648541,"level":"info","message":"pptx generation was finished","meta":{"rootId":"96sfe5ath6xe36b","id":"96sfe5ath6xe36b"},"id":"ip0ufg83rdfsvxz","previousOperationId":"lajss5fhjbr8bvu"}
{"type":"operationEnd","operationId":"lajss5fhjbr8bvu","timestamp":1766851648552,"id":"ehefdxfzjvncf3m","previousEventId":"cdd3i4l8gxw2k7g","previousOperationId":"lajss5fhjbr8bvu"}
{"type":"log","timestamp":1766851648552,"level":"debug","message":"Skipping storing report.","meta":{"rootId":"96sfe5ath6xe36b","id":"96sfe5ath6xe36b"},"id":"8w0wljiwx7gmig0","previousOperationId":"lajss5fhjbr8bvu"}
{"type":"log","timestamp":1766851648552,"level":"info","message":"Rendering request 2 finished in 6553 ms","meta":{"rootId":"96sfe5ath6xe36b","id":"96sfe5ath6xe36b"},"id":"pju532d2k9omikq","previousOperationId":"lajss5fhjbr8bvu"}
{"type":"operationEnd","subtype":"render","operationId":"4qq4lfjtmdswkry","timestamp":1766851648552,"id":"oxigiven3565lic","previousEventId":"ehefdxfzjvncf3m","previousOperationId":"lajss5fhjbr8bvu"}
{"type":"operationEnd","doDiffs":false,"previousEventId":"5th4rpjwfjz8m4f","previousOperationId":"a0survehqcpgtd6","operationId":"a0survehqcpgtd6","timestamp":1766851648556,"id":"bij6uqc1qc6g73v"}
