{"type":"operationStart","subtype":"profile","data":{"_id":"a77eYkZlZnmF6q6h","timestamp":"2025-12-26T10:58:53.214Z","state":"running","mode":"standard","creationDate":"2025-12-26T10:58:53.219Z","modificationDate":"2025-12-26T10:58:53.219Z","shortid":"yPWFOLy","$entitySet":"profiles","timeout":60000},"doDiffs":false,"timestamp":1766746733217,"id":"eu6dqlewzqscrkd","previousOperationId":null,"operationId":"6dfbz056jwy582c"}
{"type":"log","level":"info","message":"Render request 4 queued for execution and waiting for available worker","previousOperationId":"6dfbz056jwy582c","timestamp":1766746733217,"id":"3zb3bif7hggegco"}
{"type":"operationStart","subtype":"render","name":"anonymous","previousOperationId":"6dfbz056jwy582c","timestamp":1766746733268,"id":"t1iao1agjlu2x2n","previousEventId":"eu6dqlewzqscrkd","operationId":"tpqsxv34ytdhw9e"}
{"type":"log","timestamp":1766746733269,"level":"info","message":"Starting rendering request 4","meta":{"rootId":"96wnwmeer72piw7","id":"96wnwmeer72piw7"},"id":"86grtfptf8l1qml","previousOperationId":"tpqsxv34ytdhw9e"}
{"type":"log","timestamp":1766746733269,"level":"info","message":"Rendering anonymous template { recipe: pptx, engine: handlebars }","meta":{"rootId":"96wnwmeer72piw7","id":"96wnwmeer72piw7"},"id":"cxh1umvv1563c7k","previousOperationId":"tpqsxv34ytdhw9e"}
{"type":"log","timestamp":1766746733269,"level":"debug","message":"Inline data specified.","meta":{"rootId":"96wnwmeer72piw7","id":"96wnwmeer72piw7"},"id":"ozjcjojn6zj10qs","previousOperationId":"tpqsxv34ytdhw9e"}
{"type":"log","timestamp":1766746733272,"level":"debug","message":"Base url not specified, skipping its injection.","meta":{"rootId":"96wnwmeer72piw7","id":"96wnwmeer72piw7"},"id":"nlpihc9djrn026c","previousOperationId":"tpqsxv34ytdhw9e"}
{"type":"operationStart","subtype":"engine","name":"handlebars","timestamp":1766746733273,"id":"3t2zr2mkhg2hjmk","previousEventId":"t1iao1agjlu2x2n","operationId":"zyzs8f7gq988fdr","previousOperationId":"tpqsxv34ytdhw9e"}
{"type":"log","timestamp":1766746733273,"level":"debug","message":"Rendering engine handlebars","meta":{"rootId":"96wnwmeer72piw7","id":"96wnwmeer72piw7"},"id":"eh9rq0c1inluaa2","previousOperationId":"zyzs8f7gq988fdr"}
{"type":"operationEnd","operationId":"zyzs8f7gq988fdr","timestamp":1766746733329,"id":"i4yl5ctgmgpdy5k","previousEventId":"3t2zr2mkhg2hjmk","previousOperationId":"zyzs8f7gq988fdr"}
{"type":"operationStart","subtype":"recipe","name":"pptx","timestamp":1766746733330,"id":"rksva3r9ylw9uvp","previousEventId":"i4yl5ctgmgpdy5k","operationId":"67rjqeume4h1wjd","previousOperationId":"zyzs8f7gq988fdr"}
{"type":"log","timestamp":1766746733330,"level":"debug","message":"Executing recipe pptx","meta":{"rootId":"96wnwmeer72piw7","id":"96wnwmeer72piw7"},"id":"pyj0xfpeslpvt36","previousOperationId":"67rjqeume4h1wjd"}
{"type":"log","timestamp":1766746733349,"level":"info","message":"pptx generation is starting","meta":{"rootId":"96wnwmeer72piw7","id":"96wnwmeer72piw7"},"id":"synq95g7dfpwain","previousOperationId":"67rjqeume4h1wjd"}
{"type":"log","timestamp":1766746735027,"level":"debug","message":"Starting child request to render pptx dynamic parts","meta":{"rootId":"96wnwmeer72piw7","id":"96wnwmeer72piw7"},"id":"y61njsozt2klywy","previousOperationId":"67rjqeume4h1wjd"}
{"type":"operationStart","subtype":"render","name":"anonymous","previousOperationId":"67rjqeume4h1wjd","timestamp":1766746735028,"id":"pcri3jurzgylnt0","previousEventId":"rksva3r9ylw9uvp","operationId":"dq1x67wj181gcjl"}
{"type":"log","timestamp":1766746735028,"level":"info","message":"Starting rendering (child) request","meta":{"rootId":"96wnwmeer72piw7","id":"7sbz6qpkkoqy78w"},"id":"qgp6bjqk6gbgnev","previousOperationId":"dq1x67wj181gcjl"}
{"type":"log","timestamp":1766746735028,"level":"info","message":"Rendering anonymous template { recipe: html, engine: handlebars }","meta":{"rootId":"96wnwmeer72piw7","id":"7sbz6qpkkoqy78w"},"id":"ahm0gqbay85wjgn","previousOperationId":"dq1x67wj181gcjl"}
{"type":"log","timestamp":1766746735028,"level":"debug","message":"Inline data specified.","meta":{"rootId":"96wnwmeer72piw7","id":"7sbz6qpkkoqy78w"},"id":"h8qmfebrt7nopsf","previousOperationId":"dq1x67wj181gcjl"}
{"type":"log","timestamp":1766746735036,"level":"debug","message":"Base url not specified, skipping its injection.","meta":{"rootId":"96wnwmeer72piw7","id":"7sbz6qpkkoqy78w"},"id":"v0z1sjqrksbiwp5","previousOperationId":"dq1x67wj181gcjl"}
{"type":"operationStart","subtype":"engine","name":"handlebars","timestamp":1766746735038,"id":"224x90rdnmof0pp","previousEventId":"pcri3jurzgylnt0","operationId":"p8z7rpqv5tdojfr","previousOperationId":"dq1x67wj181gcjl"}
{"type":"log","timestamp":1766746735038,"level":"debug","message":"Rendering engine handlebars","meta":{"rootId":"96wnwmeer72piw7","id":"7sbz6qpkkoqy78w"},"id":"qm3ipx9l8p6nt7v","previousOperationId":"p8z7rpqv5tdojfr"}
{"type":"operationEnd","operationId":"p8z7rpqv5tdojfr","timestamp":1766746735198,"id":"jmdwpz9wh026mla","previousEventId":"224x90rdnmof0pp","previousOperationId":"p8z7rpqv5tdojfr"}
{"type":"operationStart","subtype":"recipe","name":"html","timestamp":1766746735212,"id":"byhuwmrt324vl5q","previousEventId":"jmdwpz9wh026mla","operationId":"b2csbq73yvlgh44","previousOperationId":"p8z7rpqv5tdojfr"}
{"type":"log","timestamp":1766746735212,"level":"debug","message":"Executing recipe html","meta":{"rootId":"96wnwmeer72piw7","id":"7sbz6qpkkoqy78w"},"id":"2y096jubw6e6f6h","previousOperationId":"b2csbq73yvlgh44"}
{"type":"operationEnd","operationId":"b2csbq73yvlgh44","timestamp":1766746735212,"id":"kq4r387ck61aqqd","previousEventId":"byhuwmrt324vl5q","previousOperationId":"b2csbq73yvlgh44"}
{"type":"log","timestamp":1766746735212,"level":"debug","message":"Skipping storing report.","meta":{"rootId":"96wnwmeer72piw7","id":"7sbz6qpkkoqy78w"},"id":"r4nn999ygerh30p","previousOperationId":"b2csbq73yvlgh44"}
{"type":"log","timestamp":1766746735212,"level":"info","message":"Rendering (child) request finished in 1999 ms","meta":{"rootId":"96wnwmeer72piw7","id":"7sbz6qpkkoqy78w"},"id":"7xu7cunqxxawu5f","previousOperationId":"b2csbq73yvlgh44"}
{"type":"operationEnd","subtype":"render","operationId":"dq1x67wj181gcjl","timestamp":1766746735212,"id":"bkb7j09f7uc7gbo","previousEventId":"kq4r387ck61aqqd","previousOperationId":"b2csbq73yvlgh44"}
{"type":"log","timestamp":1766746740274,"level":"debug","message":"pptx successfully zipped","meta":{"rootId":"96wnwmeer72piw7","id":"96wnwmeer72piw7"},"id":"ljxchz1e344rcyz","previousOperationId":"67rjqeume4h1wjd"}
{"type":"log","timestamp":1766746740274,"level":"info","message":"pptx generation was finished","meta":{"rootId":"96wnwmeer72piw7","id":"96wnwmeer72piw7"},"id":"idkezheuouhj49q","previousOperationId":"67rjqeume4h1wjd"}
{"type":"operationEnd","operationId":"67rjqeume4h1wjd","timestamp":1766746740291,"id":"wrfjvafvkqfiiv0","previousEventId":"rksva3r9ylw9uvp","previousOperationId":"67rjqeume4h1wjd"}
{"type":"log","timestamp":1766746740292,"level":"debug","message":"Skipping storing report.","meta":{"rootId":"96wnwmeer72piw7","id":"96wnwmeer72piw7"},"id":"ktimr8bwy6a3r03","previousOperationId":"67rjqeume4h1wjd"}
{"type":"log","timestamp":1766746740292,"level":"info","message":"Rendering request 4 finished in 7079 ms","meta":{"rootId":"96wnwmeer72piw7","id":"96wnwmeer72piw7"},"id":"bfeb0xfui1nzemp","previousOperationId":"67rjqeume4h1wjd"}
{"type":"operationEnd","subtype":"render","operationId":"tpqsxv34ytdhw9e","timestamp":1766746740292,"id":"dzgr7ruyfsfvlfk","previousEventId":"wrfjvafvkqfiiv0","previousOperationId":"67rjqeume4h1wjd"}
{"type":"operationEnd","doDiffs":false,"previousEventId":"eu6dqlewzqscrkd","previousOperationId":"6dfbz056jwy582c","operationId":"6dfbz056jwy582c","timestamp":1766746740297,"id":"ypwm9zqovghio98"}
