{"type":"operationStart","subtype":"profile","data":{"_id":"nL2KBdMsZy03YJI1","timestamp":"2025-12-07T15:34:09.021Z","state":"running","mode":"standard","creationDate":"2025-12-07T15:34:09.028Z","modificationDate":"2025-12-07T15:34:09.028Z","shortid":"7y4OHtc","$entitySet":"profiles","timeout":60000},"doDiffs":false,"timestamp":1765121649025,"id":"b66bnoygnmkvgft","previousOperationId":null,"operationId":"mi3j6tjfxgnk8nx"}
{"type":"log","level":"info","message":"Render request 5 queued for execution and waiting for available worker","previousOperationId":"mi3j6tjfxgnk8nx","timestamp":1765121649025,"id":"giyt87idtmt9fql"}
{"type":"operationStart","subtype":"render","name":"anonymous","previousOperationId":"mi3j6tjfxgnk8nx","timestamp":1765121649081,"id":"h2b4az8rpz9nvom","previousEventId":"b66bnoygnmkvgft","operationId":"qr080ug1eybkkhx"}
{"type":"log","timestamp":1765121649082,"level":"info","message":"Starting rendering request 5","meta":{"rootId":"9cffkk031fva8kq","id":"9cffkk031fva8kq"},"id":"zxhl0rpkaejjskq","previousOperationId":"qr080ug1eybkkhx"}
{"type":"log","timestamp":1765121649082,"level":"info","message":"Rendering anonymous template { recipe: pptx, engine: handlebars }","meta":{"rootId":"9cffkk031fva8kq","id":"9cffkk031fva8kq"},"id":"w03nvpk4zvuzuic","previousOperationId":"qr080ug1eybkkhx"}
{"type":"log","timestamp":1765121649082,"level":"debug","message":"Inline data specified.","meta":{"rootId":"9cffkk031fva8kq","id":"9cffkk031fva8kq"},"id":"k09jgo8qnj9cti6","previousOperationId":"qr080ug1eybkkhx"}
{"type":"log","timestamp":1765121649085,"level":"debug","message":"Base url not specified, skipping its injection.","meta":{"rootId":"9cffkk031fva8kq","id":"9cffkk031fva8kq"},"id":"cg0t4u39wuuyh2x","previousOperationId":"qr080ug1eybkkhx"}
{"type":"operationStart","subtype":"engine","name":"handlebars","timestamp":1765121649086,"id":"cng7cdle6cu6k2p","previousEventId":"h2b4az8rpz9nvom","operationId":"w4tw7fmizqy6iof","previousOperationId":"qr080ug1eybkkhx"}
{"type":"log","timestamp":1765121649086,"level":"debug","message":"Rendering engine handlebars","meta":{"rootId":"9cffkk031fva8kq","id":"9cffkk031fva8kq"},"id":"w2fweotrvhnxp4r","previousOperationId":"w4tw7fmizqy6iof"}
{"type":"operationEnd","operationId":"w4tw7fmizqy6iof","timestamp":1765121649103,"id":"tg8lkfstxiulw74","previousEventId":"cng7cdle6cu6k2p","previousOperationId":"w4tw7fmizqy6iof"}
{"type":"operationStart","subtype":"recipe","name":"pptx","timestamp":1765121649104,"id":"vxlupulglguvt62","previousEventId":"tg8lkfstxiulw74","operationId":"zq3p8qg5zguo9ws","previousOperationId":"w4tw7fmizqy6iof"}
{"type":"log","timestamp":1765121649104,"level":"debug","message":"Executing recipe pptx","meta":{"rootId":"9cffkk031fva8kq","id":"9cffkk031fva8kq"},"id":"r86pe83enllqlrl","previousOperationId":"zq3p8qg5zguo9ws"}
{"type":"log","timestamp":1765121649126,"level":"info","message":"pptx generation is starting","meta":{"rootId":"9cffkk031fva8kq","id":"9cffkk031fva8kq"},"id":"cy410urp4iip9v5","previousOperationId":"zq3p8qg5zguo9ws"}
{"type":"log","timestamp":1765121650748,"level":"debug","message":"Starting child request to render pptx dynamic parts","meta":{"rootId":"9cffkk031fva8kq","id":"9cffkk031fva8kq"},"id":"5w5yhr3ltmzgdwg","previousOperationId":"zq3p8qg5zguo9ws"}
{"type":"operationStart","subtype":"render","name":"anonymous","previousOperationId":"zq3p8qg5zguo9ws","timestamp":1765121650749,"id":"ffn3tla4gjvx6ua","previousEventId":"vxlupulglguvt62","operationId":"sns82o38uyzvry1"}
{"type":"log","timestamp":1765121650749,"level":"info","message":"Starting rendering (child) request","meta":{"rootId":"9cffkk031fva8kq","id":"600mw50a5cc2aoo"},"id":"p4e2n990trmpjqh","previousOperationId":"sns82o38uyzvry1"}
{"type":"log","timestamp":1765121650749,"level":"info","message":"Rendering anonymous template { recipe: html, engine: handlebars }","meta":{"rootId":"9cffkk031fva8kq","id":"600mw50a5cc2aoo"},"id":"t4q5avb3m8lj5t7","previousOperationId":"sns82o38uyzvry1"}
{"type":"log","timestamp":1765121650749,"level":"debug","message":"Inline data specified.","meta":{"rootId":"9cffkk031fva8kq","id":"600mw50a5cc2aoo"},"id":"rmwd18zcycnknw0","previousOperationId":"sns82o38uyzvry1"}
{"type":"log","timestamp":1765121650759,"level":"debug","message":"Base url not specified, skipping its injection.","meta":{"rootId":"9cffkk031fva8kq","id":"600mw50a5cc2aoo"},"id":"wwnyyo48b47du3n","previousOperationId":"sns82o38uyzvry1"}
{"type":"operationStart","subtype":"engine","name":"handlebars","timestamp":1765121650763,"id":"l3fq4pcrmqouctq","previousEventId":"ffn3tla4gjvx6ua","operationId":"ahs9vi45smhl3a6","previousOperationId":"sns82o38uyzvry1"}
{"type":"log","timestamp":1765121650763,"level":"debug","message":"Rendering engine handlebars","meta":{"rootId":"9cffkk031fva8kq","id":"600mw50a5cc2aoo"},"id":"0mw6q60v04b3fu9","previousOperationId":"ahs9vi45smhl3a6"}
{"type":"operationEnd","operationId":"ahs9vi45smhl3a6","timestamp":1765121650916,"id":"24hmvrxufdauknh","previousEventId":"l3fq4pcrmqouctq","previousOperationId":"ahs9vi45smhl3a6"}
{"type":"operationStart","subtype":"recipe","name":"html","timestamp":1765121650931,"id":"eddy994sj2h3gjl","previousEventId":"24hmvrxufdauknh","operationId":"zwexmv20qlgh2vh","previousOperationId":"ahs9vi45smhl3a6"}
{"type":"log","timestamp":1765121650931,"level":"debug","message":"Executing recipe html","meta":{"rootId":"9cffkk031fva8kq","id":"600mw50a5cc2aoo"},"id":"iifhpqzlww8hy30","previousOperationId":"zwexmv20qlgh2vh"}
{"type":"operationEnd","operationId":"zwexmv20qlgh2vh","timestamp":1765121650931,"id":"op9wzxycpcvq4hm","previousEventId":"eddy994sj2h3gjl","previousOperationId":"zwexmv20qlgh2vh"}
{"type":"log","timestamp":1765121650931,"level":"debug","message":"Skipping storing report.","meta":{"rootId":"9cffkk031fva8kq","id":"600mw50a5cc2aoo"},"id":"tlpr2txxe8z3c7t","previousOperationId":"zwexmv20qlgh2vh"}
{"type":"log","timestamp":1765121650931,"level":"info","message":"Rendering (child) request finished in 1911 ms","meta":{"rootId":"9cffkk031fva8kq","id":"600mw50a5cc2aoo"},"id":"c4vry7j730th9gb","previousOperationId":"zwexmv20qlgh2vh"}
{"type":"operationEnd","subtype":"render","operationId":"sns82o38uyzvry1","timestamp":1765121650931,"id":"s21bs629a8akhst","previousEventId":"op9wzxycpcvq4hm","previousOperationId":"zwexmv20qlgh2vh"}
{"type":"log","timestamp":1765121658299,"level":"debug","message":"pptx successfully zipped","meta":{"rootId":"9cffkk031fva8kq","id":"9cffkk031fva8kq"},"id":"kjenqa8rtnf8qx6","previousOperationId":"zq3p8qg5zguo9ws"}
{"type":"log","timestamp":1765121658299,"level":"info","message":"pptx generation was finished","meta":{"rootId":"9cffkk031fva8kq","id":"9cffkk031fva8kq"},"id":"243f61gngm6ctec","previousOperationId":"zq3p8qg5zguo9ws"}
{"type":"operationEnd","operationId":"zq3p8qg5zguo9ws","timestamp":1765121658309,"id":"s6zbfrb61hdraz6","previousEventId":"vxlupulglguvt62","previousOperationId":"zq3p8qg5zguo9ws"}
{"type":"log","timestamp":1765121658309,"level":"debug","message":"Skipping storing report.","meta":{"rootId":"9cffkk031fva8kq","id":"9cffkk031fva8kq"},"id":"u7u67g06043o0aq","previousOperationId":"zq3p8qg5zguo9ws"}
{"type":"log","timestamp":1765121658309,"level":"info","message":"Rendering request 5 finished in 9289 ms","meta":{"rootId":"9cffkk031fva8kq","id":"9cffkk031fva8kq"},"id":"fg3l20lwxfiion8","previousOperationId":"zq3p8qg5zguo9ws"}
{"type":"operationEnd","subtype":"render","operationId":"qr080ug1eybkkhx","timestamp":1765121658309,"id":"oi7eplielj25lt1","previousEventId":"s6zbfrb61hdraz6","previousOperationId":"zq3p8qg5zguo9ws"}
{"type":"operationEnd","doDiffs":false,"previousEventId":"b66bnoygnmkvgft","previousOperationId":"mi3j6tjfxgnk8nx","operationId":"mi3j6tjfxgnk8nx","timestamp":1765121658316,"id":"bribd66bemm3ncl"}
