{"type":"operationStart","subtype":"profile","data":{"_id":"uW9TiKcm6DM1NlFN","timestamp":"2025-12-27T13:21:56.374Z","state":"running","mode":"standard","creationDate":"2025-12-27T13:21:56.383Z","modificationDate":"2025-12-27T13:21:56.383Z","shortid":"H_yRB3G","$entitySet":"profiles","timeout":60000},"doDiffs":false,"timestamp":1766841716378,"id":"gn62aa0k6fmgx17","previousOperationId":null,"operationId":"j08b7lb5tcqsc38"}
{"type":"log","level":"info","message":"Render request 10 queued for execution and waiting for available worker","previousOperationId":"j08b7lb5tcqsc38","timestamp":1766841716379,"id":"u1u4ajsfxy1a5b4"}
{"type":"operationStart","subtype":"render","name":"anonymous","previousOperationId":"j08b7lb5tcqsc38","timestamp":1766841716436,"id":"rh0muav7mbco6cn","previousEventId":"gn62aa0k6fmgx17","operationId":"brwoqgnlxhuj582"}
{"type":"log","timestamp":1766841716437,"level":"info","message":"Starting rendering request 10","meta":{"rootId":"9j2ldacjpeoegjg","id":"9j2ldacjpeoegjg"},"id":"mqq1ke4cvh3vnso","previousOperationId":"brwoqgnlxhuj582"}
{"type":"log","timestamp":1766841716437,"level":"info","message":"Rendering anonymous template { recipe: pptx, engine: handlebars }","meta":{"rootId":"9j2ldacjpeoegjg","id":"9j2ldacjpeoegjg"},"id":"k38xt9j27un7hi8","previousOperationId":"brwoqgnlxhuj582"}
{"type":"log","timestamp":1766841716437,"level":"debug","message":"Inline data specified.","meta":{"rootId":"9j2ldacjpeoegjg","id":"9j2ldacjpeoegjg"},"id":"rbvcollo3q3cz19","previousOperationId":"brwoqgnlxhuj582"}
{"type":"log","timestamp":1766841716439,"level":"debug","message":"Base url not specified, skipping its injection.","meta":{"rootId":"9j2ldacjpeoegjg","id":"9j2ldacjpeoegjg"},"id":"l190qsb2yi1iy3a","previousOperationId":"brwoqgnlxhuj582"}
{"type":"operationStart","subtype":"engine","name":"handlebars","timestamp":1766841716440,"id":"r7txa1fznk3l7cb","previousEventId":"rh0muav7mbco6cn","operationId":"1yuoaeaevai22jk","previousOperationId":"brwoqgnlxhuj582"}
{"type":"log","timestamp":1766841716440,"level":"debug","message":"Rendering engine handlebars","meta":{"rootId":"9j2ldacjpeoegjg","id":"9j2ldacjpeoegjg"},"id":"vl2pdcklxzpmxwk","previousOperationId":"1yuoaeaevai22jk"}
{"type":"operationEnd","operationId":"1yuoaeaevai22jk","timestamp":1766841716453,"id":"rszx8a1q43cphky","previousEventId":"r7txa1fznk3l7cb","previousOperationId":"1yuoaeaevai22jk"}
{"type":"operationStart","subtype":"recipe","name":"pptx","timestamp":1766841716453,"id":"r2qkuchrl1jn4rf","previousEventId":"rszx8a1q43cphky","operationId":"wip9gar727471yg","previousOperationId":"1yuoaeaevai22jk"}
{"type":"log","timestamp":1766841716453,"level":"debug","message":"Executing recipe pptx","meta":{"rootId":"9j2ldacjpeoegjg","id":"9j2ldacjpeoegjg"},"id":"nrwheqr71tv1qgq","previousOperationId":"wip9gar727471yg"}
{"type":"log","timestamp":1766841716466,"level":"info","message":"pptx generation is starting","meta":{"rootId":"9j2ldacjpeoegjg","id":"9j2ldacjpeoegjg"},"id":"cvibfcx90sb5ako","previousOperationId":"wip9gar727471yg"}
{"type":"log","timestamp":1766841717577,"level":"debug","message":"Starting child request to render pptx dynamic parts","meta":{"rootId":"9j2ldacjpeoegjg","id":"9j2ldacjpeoegjg"},"id":"0iyhftjok2n15r7","previousOperationId":"wip9gar727471yg"}
{"type":"operationStart","subtype":"render","name":"anonymous","previousOperationId":"wip9gar727471yg","timestamp":1766841717577,"id":"ew1ebxjjmwcbziy","previousEventId":"r2qkuchrl1jn4rf","operationId":"hxk8m3ui43ywe0z"}
{"type":"log","timestamp":1766841717577,"level":"info","message":"Starting rendering (child) request","meta":{"rootId":"9j2ldacjpeoegjg","id":"yip381aqjahm4vq"},"id":"8l1lqn5eq39s7jy","previousOperationId":"hxk8m3ui43ywe0z"}
{"type":"log","timestamp":1766841717577,"level":"info","message":"Rendering anonymous template { recipe: html, engine: handlebars }","meta":{"rootId":"9j2ldacjpeoegjg","id":"yip381aqjahm4vq"},"id":"aqjimfmg66b16xo","previousOperationId":"hxk8m3ui43ywe0z"}
{"type":"log","timestamp":1766841717577,"level":"debug","message":"Inline data specified.","meta":{"rootId":"9j2ldacjpeoegjg","id":"yip381aqjahm4vq"},"id":"pez3w2bh00or2bq","previousOperationId":"hxk8m3ui43ywe0z"}
{"type":"log","timestamp":1766841717582,"level":"debug","message":"Base url not specified, skipping its injection.","meta":{"rootId":"9j2ldacjpeoegjg","id":"yip381aqjahm4vq"},"id":"ecbw6dcnszlv569","previousOperationId":"hxk8m3ui43ywe0z"}
{"type":"operationStart","subtype":"engine","name":"handlebars","timestamp":1766841717584,"id":"z518qv6t4fqgjq2","previousEventId":"ew1ebxjjmwcbziy","operationId":"rr5wcm3fnkj6x09","previousOperationId":"hxk8m3ui43ywe0z"}
{"type":"log","timestamp":1766841717584,"level":"debug","message":"Rendering engine handlebars","meta":{"rootId":"9j2ldacjpeoegjg","id":"yip381aqjahm4vq"},"id":"01tv7v5ciqu73gh","previousOperationId":"rr5wcm3fnkj6x09"}
{"type":"operationEnd","operationId":"rr5wcm3fnkj6x09","timestamp":1766841717685,"id":"2q9ya36137zm5mk","previousEventId":"z518qv6t4fqgjq2","previousOperationId":"rr5wcm3fnkj6x09"}
{"type":"operationStart","subtype":"recipe","name":"html","timestamp":1766841717694,"id":"rnhlnd0f9nefibe","previousEventId":"2q9ya36137zm5mk","operationId":"ji7b82ox0y6q6l0","previousOperationId":"rr5wcm3fnkj6x09"}
{"type":"log","timestamp":1766841717694,"level":"debug","message":"Executing recipe html","meta":{"rootId":"9j2ldacjpeoegjg","id":"yip381aqjahm4vq"},"id":"cedd7o3hnhs69fh","previousOperationId":"ji7b82ox0y6q6l0"}
{"type":"operationEnd","operationId":"ji7b82ox0y6q6l0","timestamp":1766841717694,"id":"s7tfzen4adw0mi8","previousEventId":"rnhlnd0f9nefibe","previousOperationId":"ji7b82ox0y6q6l0"}
{"type":"log","timestamp":1766841717694,"level":"debug","message":"Skipping storing report.","meta":{"rootId":"9j2ldacjpeoegjg","id":"yip381aqjahm4vq"},"id":"yt8hyxxp4mp3srr","previousOperationId":"ji7b82ox0y6q6l0"}
{"type":"log","timestamp":1766841717694,"level":"info","message":"Rendering (child) request finished in 1321 ms","meta":{"rootId":"9j2ldacjpeoegjg","id":"yip381aqjahm4vq"},"id":"05qpb8ro3vyj0lb","previousOperationId":"ji7b82ox0y6q6l0"}
{"type":"operationEnd","subtype":"render","operationId":"hxk8m3ui43ywe0z","timestamp":1766841717694,"id":"hzc96rnj55dccaf","previousEventId":"s7tfzen4adw0mi8","previousOperationId":"ji7b82ox0y6q6l0"}
{"type":"log","timestamp":1766841720410,"level":"debug","message":"pptx successfully zipped","meta":{"rootId":"9j2ldacjpeoegjg","id":"9j2ldacjpeoegjg"},"id":"wcamej5lmt880yp","previousOperationId":"wip9gar727471yg"}
{"type":"log","timestamp":1766841720410,"level":"info","message":"pptx generation was finished","meta":{"rootId":"9j2ldacjpeoegjg","id":"9j2ldacjpeoegjg"},"id":"p3j0a45xow5fe2h","previousOperationId":"wip9gar727471yg"}
{"type":"operationEnd","operationId":"wip9gar727471yg","timestamp":1766841720417,"id":"1rh7fuuqvh2qp58","previousEventId":"r2qkuchrl1jn4rf","previousOperationId":"wip9gar727471yg"}
{"type":"log","timestamp":1766841720417,"level":"debug","message":"Skipping storing report.","meta":{"rootId":"9j2ldacjpeoegjg","id":"9j2ldacjpeoegjg"},"id":"piat4ehs1ytz064","previousOperationId":"wip9gar727471yg"}
{"type":"log","timestamp":1766841720417,"level":"info","message":"Rendering request 10 finished in 4044 ms","meta":{"rootId":"9j2ldacjpeoegjg","id":"9j2ldacjpeoegjg"},"id":"b83wwtwyba0g64y","previousOperationId":"wip9gar727471yg"}
{"type":"operationEnd","subtype":"render","operationId":"brwoqgnlxhuj582","timestamp":1766841720417,"id":"sjqt0vl8eis2otv","previousEventId":"1rh7fuuqvh2qp58","previousOperationId":"wip9gar727471yg"}
{"type":"operationEnd","doDiffs":false,"previousEventId":"gn62aa0k6fmgx17","previousOperationId":"j08b7lb5tcqsc38","operationId":"j08b7lb5tcqsc38","timestamp":1766841720422,"id":"jjnweqrh7wmg3qn"}
