{"type":"operationStart","subtype":"profile","data":{"_id":"Me5Qzw9PoyBwgWXy","timestamp":"2025-12-30T17:18:47.687Z","state":"running","mode":"standard","creationDate":"2025-12-30T17:18:47.698Z","modificationDate":"2025-12-30T17:18:47.698Z","shortid":"NpWyxn3","$entitySet":"profiles","timeout":60000},"doDiffs":false,"timestamp":1767115127696,"id":"1s7tpo8xknp6emf","previousOperationId":null,"operationId":"0oevdibmektmx12"}
{"type":"log","level":"info","message":"Render request 7 queued for execution and waiting for available worker","previousOperationId":"0oevdibmektmx12","timestamp":1767115127696,"id":"hd9x0m4ef9xiiiy"}
{"type":"operationStart","subtype":"render","name":"anonymous","previousOperationId":"0oevdibmektmx12","timestamp":1767115127755,"id":"49bapt67b9ta0k8","previousEventId":"1s7tpo8xknp6emf","operationId":"r57bv3apfn7zmnh"}
{"type":"log","timestamp":1767115127755,"level":"info","message":"Starting rendering request 7","meta":{"rootId":"9kutaz0tnvufrkd","id":"9kutaz0tnvufrkd"},"id":"ycn0yy868fv8kfg","previousOperationId":"r57bv3apfn7zmnh"}
{"type":"log","timestamp":1767115127756,"level":"info","message":"Rendering anonymous template { recipe: pptx, engine: handlebars }","meta":{"rootId":"9kutaz0tnvufrkd","id":"9kutaz0tnvufrkd"},"id":"x2qkkaeyezb5zo0","previousOperationId":"r57bv3apfn7zmnh"}
{"type":"log","timestamp":1767115127756,"level":"debug","message":"Inline data specified.","meta":{"rootId":"9kutaz0tnvufrkd","id":"9kutaz0tnvufrkd"},"id":"84etgm2qnr57ayz","previousOperationId":"r57bv3apfn7zmnh"}
{"type":"log","timestamp":1767115127758,"level":"debug","message":"Base url not specified, skipping its injection.","meta":{"rootId":"9kutaz0tnvufrkd","id":"9kutaz0tnvufrkd"},"id":"wo5u6ukidu2jqky","previousOperationId":"r57bv3apfn7zmnh"}
{"type":"operationStart","subtype":"engine","name":"handlebars","timestamp":1767115127759,"id":"via63x4zulpyibw","previousEventId":"49bapt67b9ta0k8","operationId":"ive6z4yhsybwfpp","previousOperationId":"r57bv3apfn7zmnh"}
{"type":"log","timestamp":1767115127759,"level":"debug","message":"Rendering engine handlebars","meta":{"rootId":"9kutaz0tnvufrkd","id":"9kutaz0tnvufrkd"},"id":"1ru4euc64n8qqyk","previousOperationId":"ive6z4yhsybwfpp"}
{"type":"operationEnd","operationId":"ive6z4yhsybwfpp","timestamp":1767115127776,"id":"3uni85kyix0pjtn","previousEventId":"via63x4zulpyibw","previousOperationId":"ive6z4yhsybwfpp"}
{"type":"operationStart","subtype":"recipe","name":"pptx","timestamp":1767115127777,"id":"x13gs2kfgee77q5","previousEventId":"3uni85kyix0pjtn","operationId":"fzn7dmc7ckoh1ql","previousOperationId":"ive6z4yhsybwfpp"}
{"type":"log","timestamp":1767115127777,"level":"debug","message":"Executing recipe pptx","meta":{"rootId":"9kutaz0tnvufrkd","id":"9kutaz0tnvufrkd"},"id":"t4chrtdjk2ew9s9","previousOperationId":"fzn7dmc7ckoh1ql"}
{"type":"log","timestamp":1767115127800,"level":"info","message":"pptx generation is starting","meta":{"rootId":"9kutaz0tnvufrkd","id":"9kutaz0tnvufrkd"},"id":"fvhm6a9ot4mwd4c","previousOperationId":"fzn7dmc7ckoh1ql"}
{"type":"log","timestamp":1767115129615,"level":"debug","message":"Starting child request to render pptx dynamic parts","meta":{"rootId":"9kutaz0tnvufrkd","id":"9kutaz0tnvufrkd"},"id":"hvkl1o5kz0psxxt","previousOperationId":"fzn7dmc7ckoh1ql"}
{"type":"operationStart","subtype":"render","name":"anonymous","previousOperationId":"fzn7dmc7ckoh1ql","timestamp":1767115129615,"id":"vmlrsi6a59u6i6w","previousEventId":"x13gs2kfgee77q5","operationId":"6khtvs46e2shjqa"}
{"type":"log","timestamp":1767115129615,"level":"info","message":"Starting rendering (child) request","meta":{"rootId":"9kutaz0tnvufrkd","id":"ngbiumf3guzun88"},"id":"fymr1k64i0b2v6e","previousOperationId":"6khtvs46e2shjqa"}
{"type":"log","timestamp":1767115129615,"level":"info","message":"Rendering anonymous template { recipe: html, engine: handlebars }","meta":{"rootId":"9kutaz0tnvufrkd","id":"ngbiumf3guzun88"},"id":"uusqew50o82db33","previousOperationId":"6khtvs46e2shjqa"}
{"type":"log","timestamp":1767115129615,"level":"debug","message":"Inline data specified.","meta":{"rootId":"9kutaz0tnvufrkd","id":"ngbiumf3guzun88"},"id":"8pt07e5yeyc8wsk","previousOperationId":"6khtvs46e2shjqa"}
{"type":"log","timestamp":1767115129622,"level":"debug","message":"Base url not specified, skipping its injection.","meta":{"rootId":"9kutaz0tnvufrkd","id":"ngbiumf3guzun88"},"id":"qtlh9z19qft6l65","previousOperationId":"6khtvs46e2shjqa"}
{"type":"operationStart","subtype":"engine","name":"handlebars","timestamp":1767115129623,"id":"9dxfd520i76j5kg","previousEventId":"vmlrsi6a59u6i6w","operationId":"98yl9elvaybigzv","previousOperationId":"6khtvs46e2shjqa"}
{"type":"log","timestamp":1767115129623,"level":"debug","message":"Rendering engine handlebars","meta":{"rootId":"9kutaz0tnvufrkd","id":"ngbiumf3guzun88"},"id":"wzuyxyw248zybja","previousOperationId":"98yl9elvaybigzv"}
{"type":"log","timestamp":1767115129831,"level":"debug","message":"(console:log) {\n  type: 'echarts@v5a',\n  width: 848,\n  height: 409,\n  option: { radar: [ [Object] ], series: [ [Object] ] }\n}","meta":{"userLevel":true,"rootId":"9kutaz0tnvufrkd","id":"ngbiumf3guzun88"},"id":"s57ks4jotc7ht02","previousOperationId":"98yl9elvaybigzv"}
{"type":"operationEnd","operationId":"98yl9elvaybigzv","timestamp":1767115129842,"id":"zegipaf86a04t72","previousEventId":"9dxfd520i76j5kg","previousOperationId":"98yl9elvaybigzv"}
{"type":"operationStart","subtype":"recipe","name":"html","timestamp":1767115129859,"id":"g9fyedh7co13n7v","previousEventId":"zegipaf86a04t72","operationId":"miqb3hjed1fj1z7","previousOperationId":"98yl9elvaybigzv"}
{"type":"log","timestamp":1767115129859,"level":"debug","message":"Executing recipe html","meta":{"rootId":"9kutaz0tnvufrkd","id":"ngbiumf3guzun88"},"id":"3u96png2dxoxc18","previousOperationId":"miqb3hjed1fj1z7"}
{"type":"operationEnd","operationId":"miqb3hjed1fj1z7","timestamp":1767115129859,"id":"eyym45cbgrdh74w","previousEventId":"g9fyedh7co13n7v","previousOperationId":"miqb3hjed1fj1z7"}
{"type":"log","timestamp":1767115129860,"level":"debug","message":"Skipping storing report.","meta":{"rootId":"9kutaz0tnvufrkd","id":"ngbiumf3guzun88"},"id":"sdv5ib1xiezpue5","previousOperationId":"miqb3hjed1fj1z7"}
{"type":"log","timestamp":1767115129860,"level":"info","message":"Rendering (child) request finished in 2178 ms","meta":{"rootId":"9kutaz0tnvufrkd","id":"ngbiumf3guzun88"},"id":"5o1popf73ulnd2w","previousOperationId":"miqb3hjed1fj1z7"}
{"type":"operationEnd","subtype":"render","operationId":"6khtvs46e2shjqa","timestamp":1767115129860,"id":"vqkens6m17xa4vu","previousEventId":"eyym45cbgrdh74w","previousOperationId":"miqb3hjed1fj1z7"}
{"type":"log","timestamp":1767115139189,"level":"debug","message":"pptx successfully zipped","meta":{"rootId":"9kutaz0tnvufrkd","id":"9kutaz0tnvufrkd"},"id":"rv7qzf11hrdtxr3","previousOperationId":"fzn7dmc7ckoh1ql"}
{"type":"log","timestamp":1767115139189,"level":"info","message":"pptx generation was finished","meta":{"rootId":"9kutaz0tnvufrkd","id":"9kutaz0tnvufrkd"},"id":"xshf5o9xq3trhbz","previousOperationId":"fzn7dmc7ckoh1ql"}
{"type":"operationEnd","operationId":"fzn7dmc7ckoh1ql","timestamp":1767115139201,"id":"iwc3f80ihgjztfq","previousEventId":"x13gs2kfgee77q5","previousOperationId":"fzn7dmc7ckoh1ql"}
{"type":"log","timestamp":1767115139201,"level":"debug","message":"Skipping storing report.","meta":{"rootId":"9kutaz0tnvufrkd","id":"9kutaz0tnvufrkd"},"id":"uxplg5ds7mq9emp","previousOperationId":"fzn7dmc7ckoh1ql"}
{"type":"log","timestamp":1767115139201,"level":"info","message":"Rendering request 7 finished in 11519 ms","meta":{"rootId":"9kutaz0tnvufrkd","id":"9kutaz0tnvufrkd"},"id":"i1lih8z66rndey2","previousOperationId":"fzn7dmc7ckoh1ql"}
{"type":"operationEnd","subtype":"render","operationId":"r57bv3apfn7zmnh","timestamp":1767115139201,"id":"fiimhv75luguyyy","previousEventId":"iwc3f80ihgjztfq","previousOperationId":"fzn7dmc7ckoh1ql"}
{"type":"operationEnd","doDiffs":false,"previousEventId":"1s7tpo8xknp6emf","previousOperationId":"0oevdibmektmx12","operationId":"0oevdibmektmx12","timestamp":1767115139208,"id":"8ork5jjvov7eki8"}
