{"type":"operationStart","subtype":"profile","data":{"_id":"rgW45aYInnxq1DQF","timestamp":"2026-01-03T16:49:57.916Z","state":"running","mode":"standard","creationDate":"2026-01-03T16:49:57.922Z","modificationDate":"2026-01-03T16:49:57.922Z","shortid":"SPJK6ct","$entitySet":"profiles","timeout":60000},"doDiffs":false,"timestamp":1767458997920,"id":"4n5nx2q7mzqvcbp","previousOperationId":null,"operationId":"cwhp59btripwy9y"}
{"type":"log","level":"info","message":"Render request 1 queued for execution and waiting for available worker","previousOperationId":"cwhp59btripwy9y","timestamp":1767458997920,"id":"jougerfibglzhxg"}
{"type":"operationStart","subtype":"render","name":"anonymous","previousOperationId":"cwhp59btripwy9y","timestamp":1767458997967,"id":"sy38bxdhgrclp3o","previousEventId":"4n5nx2q7mzqvcbp","operationId":"jgegwcjhwc1ayje"}
{"type":"log","timestamp":1767458997968,"level":"info","message":"Starting rendering request 1","meta":{"rootId":"9ljj9jdbgdjetdq","id":"9ljj9jdbgdjetdq"},"id":"bkxjuqnzc9w7e0s","previousOperationId":"jgegwcjhwc1ayje"}
{"type":"log","timestamp":1767458997969,"level":"info","message":"Rendering anonymous template { recipe: pptx, engine: handlebars }","meta":{"rootId":"9ljj9jdbgdjetdq","id":"9ljj9jdbgdjetdq"},"id":"ctbyxn2ojsy58qy","previousOperationId":"jgegwcjhwc1ayje"}
{"type":"log","timestamp":1767458997969,"level":"debug","message":"Inline data specified.","meta":{"rootId":"9ljj9jdbgdjetdq","id":"9ljj9jdbgdjetdq"},"id":"j78ainx31nqehq1","previousOperationId":"jgegwcjhwc1ayje"}
{"type":"log","timestamp":1767458997975,"level":"debug","message":"Base url not specified, skipping its injection.","meta":{"rootId":"9ljj9jdbgdjetdq","id":"9ljj9jdbgdjetdq"},"id":"tt89xop4ntv8ibd","previousOperationId":"jgegwcjhwc1ayje"}
{"type":"operationStart","subtype":"engine","name":"handlebars","timestamp":1767458997977,"id":"ocnjcru0e5cxy7m","previousEventId":"sy38bxdhgrclp3o","operationId":"wam60jz839x5atz","previousOperationId":"jgegwcjhwc1ayje"}
{"type":"log","timestamp":1767458997977,"level":"debug","message":"Rendering engine handlebars","meta":{"rootId":"9ljj9jdbgdjetdq","id":"9ljj9jdbgdjetdq"},"id":"aaguxbm8prn6fi1","previousOperationId":"wam60jz839x5atz"}
{"type":"operationEnd","operationId":"wam60jz839x5atz","timestamp":1767458999008,"id":"g1o7yh4q0r2y23d","previousEventId":"ocnjcru0e5cxy7m","previousOperationId":"wam60jz839x5atz"}
{"type":"operationStart","subtype":"recipe","name":"pptx","timestamp":1767458999010,"id":"53t4t18yy02u04w","previousEventId":"g1o7yh4q0r2y23d","operationId":"1gz67g1x4db8loq","previousOperationId":"wam60jz839x5atz"}
{"type":"log","timestamp":1767458999010,"level":"debug","message":"Executing recipe pptx","meta":{"rootId":"9ljj9jdbgdjetdq","id":"9ljj9jdbgdjetdq"},"id":"4eerpmu3cu1gf4u","previousOperationId":"1gz67g1x4db8loq"}
{"type":"log","timestamp":1767458999217,"level":"info","message":"pptx generation is starting","meta":{"rootId":"9ljj9jdbgdjetdq","id":"9ljj9jdbgdjetdq"},"id":"3neoyosr3zpw4tk","previousOperationId":"1gz67g1x4db8loq"}
{"type":"log","timestamp":1767459000566,"level":"debug","message":"Starting child request to render pptx dynamic parts","meta":{"rootId":"9ljj9jdbgdjetdq","id":"9ljj9jdbgdjetdq"},"id":"ixhco7uyhyuyfnm","previousOperationId":"1gz67g1x4db8loq"}
{"type":"operationStart","subtype":"render","name":"anonymous","previousOperationId":"1gz67g1x4db8loq","timestamp":1767459000566,"id":"fdhswvaphi4kgaa","previousEventId":"53t4t18yy02u04w","operationId":"q1sqsbsfkafow6f"}
{"type":"log","timestamp":1767459000566,"level":"info","message":"Starting rendering (child) request","meta":{"rootId":"9ljj9jdbgdjetdq","id":"w3bk988opwqo7xc"},"id":"sj7f27pnbax7nss","previousOperationId":"q1sqsbsfkafow6f"}
{"type":"log","timestamp":1767459000567,"level":"info","message":"Rendering anonymous template { recipe: html, engine: handlebars }","meta":{"rootId":"9ljj9jdbgdjetdq","id":"w3bk988opwqo7xc"},"id":"i3homnzqfy2vzn6","previousOperationId":"q1sqsbsfkafow6f"}
{"type":"log","timestamp":1767459000567,"level":"debug","message":"Inline data specified.","meta":{"rootId":"9ljj9jdbgdjetdq","id":"w3bk988opwqo7xc"},"id":"9lpg1ybtq05u6ma","previousOperationId":"q1sqsbsfkafow6f"}
{"type":"log","timestamp":1767459000572,"level":"debug","message":"Base url not specified, skipping its injection.","meta":{"rootId":"9ljj9jdbgdjetdq","id":"w3bk988opwqo7xc"},"id":"ppbpgcbtsk4xp1h","previousOperationId":"q1sqsbsfkafow6f"}
{"type":"operationStart","subtype":"engine","name":"handlebars","timestamp":1767459000573,"id":"3tj67ri6oigzhqf","previousEventId":"fdhswvaphi4kgaa","operationId":"cysp4xlujgqociz","previousOperationId":"q1sqsbsfkafow6f"}
{"type":"log","timestamp":1767459000573,"level":"debug","message":"Rendering engine handlebars","meta":{"rootId":"9ljj9jdbgdjetdq","id":"w3bk988opwqo7xc"},"id":"t9ffdgqnahegu23","previousOperationId":"cysp4xlujgqociz"}
{"type":"log","timestamp":1767459000761,"level":"debug","message":"(console:log) {\n  type: 'echarts@v5a',\n  width: 848,\n  height: 409,\n  option: { radar: [ [Object] ], series: [ [Object] ] }\n}","meta":{"userLevel":true,"rootId":"9ljj9jdbgdjetdq","id":"w3bk988opwqo7xc"},"id":"s09gcmfg2wzwwd2","previousOperationId":"cysp4xlujgqociz"}
{"type":"operationEnd","operationId":"cysp4xlujgqociz","timestamp":1767459000771,"id":"730q8hg9y2dxmb9","previousEventId":"3tj67ri6oigzhqf","previousOperationId":"cysp4xlujgqociz"}
{"type":"operationStart","subtype":"recipe","name":"html","timestamp":1767459000785,"id":"p5gecf7bvo9jdvp","previousEventId":"730q8hg9y2dxmb9","operationId":"ci3qkms8o5s2nql","previousOperationId":"cysp4xlujgqociz"}
{"type":"log","timestamp":1767459000785,"level":"debug","message":"Executing recipe html","meta":{"rootId":"9ljj9jdbgdjetdq","id":"w3bk988opwqo7xc"},"id":"0hvsd0a8qdk94zi","previousOperationId":"ci3qkms8o5s2nql"}
{"type":"operationEnd","operationId":"ci3qkms8o5s2nql","timestamp":1767459000785,"id":"y8g9z68kj8ql0wj","previousEventId":"p5gecf7bvo9jdvp","previousOperationId":"ci3qkms8o5s2nql"}
{"type":"log","timestamp":1767459000786,"level":"debug","message":"Skipping storing report.","meta":{"rootId":"9ljj9jdbgdjetdq","id":"w3bk988opwqo7xc"},"id":"t3b2xwkal76idah","previousOperationId":"ci3qkms8o5s2nql"}
{"type":"log","timestamp":1767459000786,"level":"info","message":"Rendering (child) request finished in 2871 ms","meta":{"rootId":"9ljj9jdbgdjetdq","id":"w3bk988opwqo7xc"},"id":"3p5wt3lswnjutj8","previousOperationId":"ci3qkms8o5s2nql"}
{"type":"operationEnd","subtype":"render","operationId":"q1sqsbsfkafow6f","timestamp":1767459000786,"id":"jexvoelp4z4fl6g","previousEventId":"y8g9z68kj8ql0wj","previousOperationId":"ci3qkms8o5s2nql"}
{"type":"log","timestamp":1767459006810,"level":"debug","message":"pptx successfully zipped","meta":{"rootId":"9ljj9jdbgdjetdq","id":"9ljj9jdbgdjetdq"},"id":"dag75qvvf9d1zvk","previousOperationId":"1gz67g1x4db8loq"}
{"type":"log","timestamp":1767459006810,"level":"info","message":"pptx generation was finished","meta":{"rootId":"9ljj9jdbgdjetdq","id":"9ljj9jdbgdjetdq"},"id":"dfhcflykehvlizt","previousOperationId":"1gz67g1x4db8loq"}
{"type":"operationEnd","operationId":"1gz67g1x4db8loq","timestamp":1767459006828,"id":"9wtdif8nvs0ctpc","previousEventId":"53t4t18yy02u04w","previousOperationId":"1gz67g1x4db8loq"}
{"type":"log","timestamp":1767459006828,"level":"debug","message":"Skipping storing report.","meta":{"rootId":"9ljj9jdbgdjetdq","id":"9ljj9jdbgdjetdq"},"id":"9oftrxtj8wt7koi","previousOperationId":"1gz67g1x4db8loq"}
{"type":"log","timestamp":1767459006828,"level":"info","message":"Rendering request 1 finished in 8913 ms","meta":{"rootId":"9ljj9jdbgdjetdq","id":"9ljj9jdbgdjetdq"},"id":"d0acbumsvphsxd8","previousOperationId":"1gz67g1x4db8loq"}
{"type":"operationEnd","subtype":"render","operationId":"jgegwcjhwc1ayje","timestamp":1767459006828,"id":"se4r8zw4tli0w58","previousEventId":"9wtdif8nvs0ctpc","previousOperationId":"1gz67g1x4db8loq"}
{"type":"operationEnd","doDiffs":false,"previousEventId":"4n5nx2q7mzqvcbp","previousOperationId":"cwhp59btripwy9y","operationId":"cwhp59btripwy9y","timestamp":1767459006835,"id":"pugyofic0jrmer2"}
