{"type":"operationStart","subtype":"profile","data":{"_id":"lKRPezlqgqipW1Jn","timestamp":"2025-12-27T14:19:37.671Z","state":"running","mode":"standard","creationDate":"2025-12-27T14:19:37.679Z","modificationDate":"2025-12-27T14:19:37.679Z","shortid":"TsuGLUg","$entitySet":"profiles","timeout":60000},"doDiffs":false,"timestamp":1766845177675,"id":"02ib6spgpea776n","previousOperationId":null,"operationId":"3x56mvpf1145tt2"}
{"type":"log","level":"info","message":"Render request 1 queued for execution and waiting for available worker","previousOperationId":"3x56mvpf1145tt2","timestamp":1766845177675,"id":"c6glw16par3h3pq"}
{"type":"operationStart","subtype":"render","name":"anonymous","previousOperationId":"3x56mvpf1145tt2","timestamp":1766845177762,"id":"kwwq1dqztja91fg","previousEventId":"02ib6spgpea776n","operationId":"1t4qlqocaqqcevy"}
{"type":"log","timestamp":1766845177764,"level":"info","message":"Starting rendering request 1","meta":{"rootId":"9nk90wtqjvv5h8q","id":"9nk90wtqjvv5h8q"},"id":"reailr0satv7544","previousOperationId":"1t4qlqocaqqcevy"}
{"type":"log","timestamp":1766845177765,"level":"info","message":"Rendering anonymous template { recipe: pptx, engine: handlebars }","meta":{"rootId":"9nk90wtqjvv5h8q","id":"9nk90wtqjvv5h8q"},"id":"qzz3ia0fx04x35f","previousOperationId":"1t4qlqocaqqcevy"}
{"type":"log","timestamp":1766845177765,"level":"debug","message":"Inline data specified.","meta":{"rootId":"9nk90wtqjvv5h8q","id":"9nk90wtqjvv5h8q"},"id":"ntxbt5zsuvbjrx6","previousOperationId":"1t4qlqocaqqcevy"}
{"type":"log","timestamp":1766845177769,"level":"debug","message":"Base url not specified, skipping its injection.","meta":{"rootId":"9nk90wtqjvv5h8q","id":"9nk90wtqjvv5h8q"},"id":"i2bzvq53auvsg4k","previousOperationId":"1t4qlqocaqqcevy"}
{"type":"operationStart","subtype":"engine","name":"handlebars","timestamp":1766845177770,"id":"17r2knxmmak6odr","previousEventId":"kwwq1dqztja91fg","operationId":"od4j4s2tbfky8p8","previousOperationId":"1t4qlqocaqqcevy"}
{"type":"log","timestamp":1766845177770,"level":"debug","message":"Rendering engine handlebars","meta":{"rootId":"9nk90wtqjvv5h8q","id":"9nk90wtqjvv5h8q"},"id":"nz6pjobsg4sy3ol","previousOperationId":"od4j4s2tbfky8p8"}
{"type":"operationEnd","operationId":"od4j4s2tbfky8p8","timestamp":1766845178638,"id":"4h0ip30uv8ojlzg","previousEventId":"17r2knxmmak6odr","previousOperationId":"od4j4s2tbfky8p8"}
{"type":"operationStart","subtype":"recipe","name":"pptx","timestamp":1766845178639,"id":"fwf82kdo6w4bity","previousEventId":"4h0ip30uv8ojlzg","operationId":"0wmz3nuk48k2egk","previousOperationId":"od4j4s2tbfky8p8"}
{"type":"log","timestamp":1766845178639,"level":"debug","message":"Executing recipe pptx","meta":{"rootId":"9nk90wtqjvv5h8q","id":"9nk90wtqjvv5h8q"},"id":"ytcbgfkhzuja551","previousOperationId":"0wmz3nuk48k2egk"}
{"type":"log","timestamp":1766845178801,"level":"info","message":"pptx generation is starting","meta":{"rootId":"9nk90wtqjvv5h8q","id":"9nk90wtqjvv5h8q"},"id":"yed8lb8t2cc4vnw","previousOperationId":"0wmz3nuk48k2egk"}
{"type":"log","timestamp":1766845179875,"level":"debug","message":"Starting child request to render pptx dynamic parts","meta":{"rootId":"9nk90wtqjvv5h8q","id":"9nk90wtqjvv5h8q"},"id":"ja1nho15bjdet2h","previousOperationId":"0wmz3nuk48k2egk"}
{"type":"operationStart","subtype":"render","name":"anonymous","previousOperationId":"0wmz3nuk48k2egk","timestamp":1766845179876,"id":"fd5403kamt4495z","previousEventId":"fwf82kdo6w4bity","operationId":"rhlior10vg1jwnv"}
{"type":"log","timestamp":1766845179876,"level":"info","message":"Starting rendering (child) request","meta":{"rootId":"9nk90wtqjvv5h8q","id":"8496zqo0o92bgjj"},"id":"g3hlr2vxm64i77r","previousOperationId":"rhlior10vg1jwnv"}
{"type":"log","timestamp":1766845179876,"level":"info","message":"Rendering anonymous template { recipe: html, engine: handlebars }","meta":{"rootId":"9nk90wtqjvv5h8q","id":"8496zqo0o92bgjj"},"id":"k9kkguq3238jwcp","previousOperationId":"rhlior10vg1jwnv"}
{"type":"log","timestamp":1766845179876,"level":"debug","message":"Inline data specified.","meta":{"rootId":"9nk90wtqjvv5h8q","id":"8496zqo0o92bgjj"},"id":"cslw3moi2dl5pux","previousOperationId":"rhlior10vg1jwnv"}
{"type":"log","timestamp":1766845179880,"level":"debug","message":"Base url not specified, skipping its injection.","meta":{"rootId":"9nk90wtqjvv5h8q","id":"8496zqo0o92bgjj"},"id":"91xcjzhtt41crrf","previousOperationId":"rhlior10vg1jwnv"}
{"type":"operationStart","subtype":"engine","name":"handlebars","timestamp":1766845179881,"id":"qdw53u7il9ktm3l","previousEventId":"fd5403kamt4495z","operationId":"xa48shl0xqwiyso","previousOperationId":"rhlior10vg1jwnv"}
{"type":"log","timestamp":1766845179881,"level":"debug","message":"Rendering engine handlebars","meta":{"rootId":"9nk90wtqjvv5h8q","id":"8496zqo0o92bgjj"},"id":"o9ximorbkpp3ybo","previousOperationId":"xa48shl0xqwiyso"}
{"type":"operationEnd","operationId":"xa48shl0xqwiyso","timestamp":1766845180021,"id":"9eez1mwqjh42jlr","previousEventId":"qdw53u7il9ktm3l","previousOperationId":"xa48shl0xqwiyso"}
{"type":"operationStart","subtype":"recipe","name":"html","timestamp":1766845180031,"id":"puan5t3mwfcxy0z","previousEventId":"9eez1mwqjh42jlr","operationId":"x55vngr600wlufx","previousOperationId":"xa48shl0xqwiyso"}
{"type":"log","timestamp":1766845180031,"level":"debug","message":"Executing recipe html","meta":{"rootId":"9nk90wtqjvv5h8q","id":"8496zqo0o92bgjj"},"id":"r715blas7uu4fbd","previousOperationId":"x55vngr600wlufx"}
{"type":"operationEnd","operationId":"x55vngr600wlufx","timestamp":1766845180032,"id":"lci1cv3jug5j53i","previousEventId":"puan5t3mwfcxy0z","previousOperationId":"x55vngr600wlufx"}
{"type":"log","timestamp":1766845180033,"level":"debug","message":"Skipping storing report.","meta":{"rootId":"9nk90wtqjvv5h8q","id":"8496zqo0o92bgjj"},"id":"qzjaphw7evzam6x","previousOperationId":"x55vngr600wlufx"}
{"type":"log","timestamp":1766845180033,"level":"info","message":"Rendering (child) request finished in 2364 ms","meta":{"rootId":"9nk90wtqjvv5h8q","id":"8496zqo0o92bgjj"},"id":"6vajqo8u772jikb","previousOperationId":"x55vngr600wlufx"}
{"type":"operationEnd","subtype":"render","operationId":"rhlior10vg1jwnv","timestamp":1766845180033,"id":"tk48avfy4i0i018","previousEventId":"lci1cv3jug5j53i","previousOperationId":"x55vngr600wlufx"}
{"type":"log","timestamp":1766845184110,"level":"debug","message":"pptx successfully zipped","meta":{"rootId":"9nk90wtqjvv5h8q","id":"9nk90wtqjvv5h8q"},"id":"6sqdvtaq7avjsie","previousOperationId":"0wmz3nuk48k2egk"}
{"type":"log","timestamp":1766845184110,"level":"info","message":"pptx generation was finished","meta":{"rootId":"9nk90wtqjvv5h8q","id":"9nk90wtqjvv5h8q"},"id":"fl0d85zg7jrecg7","previousOperationId":"0wmz3nuk48k2egk"}
{"type":"operationEnd","operationId":"0wmz3nuk48k2egk","timestamp":1766845184124,"id":"ppem33z1i12piw3","previousEventId":"fwf82kdo6w4bity","previousOperationId":"0wmz3nuk48k2egk"}
{"type":"log","timestamp":1766845184124,"level":"debug","message":"Skipping storing report.","meta":{"rootId":"9nk90wtqjvv5h8q","id":"9nk90wtqjvv5h8q"},"id":"qyyce3czkmhf286","previousOperationId":"0wmz3nuk48k2egk"}
{"type":"log","timestamp":1766845184124,"level":"info","message":"Rendering request 1 finished in 6455 ms","meta":{"rootId":"9nk90wtqjvv5h8q","id":"9nk90wtqjvv5h8q"},"id":"mutgi81xa8wqrxl","previousOperationId":"0wmz3nuk48k2egk"}
{"type":"operationEnd","subtype":"render","operationId":"1t4qlqocaqqcevy","timestamp":1766845184124,"id":"rgd504ir9fsoxuo","previousEventId":"ppem33z1i12piw3","previousOperationId":"0wmz3nuk48k2egk"}
{"type":"operationEnd","doDiffs":false,"previousEventId":"02ib6spgpea776n","previousOperationId":"3x56mvpf1145tt2","operationId":"3x56mvpf1145tt2","timestamp":1766845184129,"id":"8c49v3ce7n0zeo1"}
