{"type":"operationStart","subtype":"profile","data":{"_id":"r686Hcwe2mbzrVyz","timestamp":"2025-12-08T08:06:11.146Z","state":"running","mode":"standard","creationDate":"2025-12-08T08:06:11.150Z","modificationDate":"2025-12-08T08:06:11.150Z","shortid":"Bt7Gjbt","$entitySet":"profiles","timeout":60000},"doDiffs":false,"timestamp":1765181171148,"id":"bahgu73od6eqrvw","previousOperationId":null,"operationId":"2gco6hnr972ogvp"}
{"type":"log","level":"info","message":"Render request 2 queued for execution and waiting for available worker","previousOperationId":"2gco6hnr972ogvp","timestamp":1765181171148,"id":"0ui6s5roved88oa"}
{"type":"operationStart","subtype":"render","name":"anonymous","previousOperationId":"2gco6hnr972ogvp","timestamp":1765181171207,"id":"qhwurnsq3cedjxu","previousEventId":"bahgu73od6eqrvw","operationId":"wybaejp9gf8ksud"}
{"type":"log","timestamp":1765181171208,"level":"info","message":"Starting rendering request 2","meta":{"rootId":"9pqliw0ob9yvlop","id":"9pqliw0ob9yvlop"},"id":"6t8lzrdgsz6tlba","previousOperationId":"wybaejp9gf8ksud"}
{"type":"log","timestamp":1765181171211,"level":"info","message":"Rendering anonymous template { recipe: pptx, engine: handlebars }","meta":{"rootId":"9pqliw0ob9yvlop","id":"9pqliw0ob9yvlop"},"id":"dnvqrb9bn0kgbug","previousOperationId":"wybaejp9gf8ksud"}
{"type":"log","timestamp":1765181171211,"level":"debug","message":"Inline data specified.","meta":{"rootId":"9pqliw0ob9yvlop","id":"9pqliw0ob9yvlop"},"id":"k4bc30c1syk6fp6","previousOperationId":"wybaejp9gf8ksud"}
{"type":"log","timestamp":1765181171221,"level":"debug","message":"Base url not specified, skipping its injection.","meta":{"rootId":"9pqliw0ob9yvlop","id":"9pqliw0ob9yvlop"},"id":"c5h637h27o8zsrp","previousOperationId":"wybaejp9gf8ksud"}
{"type":"operationStart","subtype":"engine","name":"handlebars","timestamp":1765181171225,"id":"bs51cnthe7pul5l","previousEventId":"qhwurnsq3cedjxu","operationId":"a384pr8sm76rdaa","previousOperationId":"wybaejp9gf8ksud"}
{"type":"log","timestamp":1765181171225,"level":"debug","message":"Rendering engine handlebars","meta":{"rootId":"9pqliw0ob9yvlop","id":"9pqliw0ob9yvlop"},"id":"hf85buzzjgnsc2k","previousOperationId":"a384pr8sm76rdaa"}
{"type":"operationEnd","operationId":"a384pr8sm76rdaa","timestamp":1765181172521,"id":"tb61ennhwpikspm","previousEventId":"bs51cnthe7pul5l","previousOperationId":"a384pr8sm76rdaa"}
{"type":"operationStart","subtype":"recipe","name":"pptx","timestamp":1765181172522,"id":"a68be1wsq3czwrb","previousEventId":"tb61ennhwpikspm","operationId":"x5txn55gr4mrzkk","previousOperationId":"a384pr8sm76rdaa"}
{"type":"log","timestamp":1765181172522,"level":"debug","message":"Executing recipe pptx","meta":{"rootId":"9pqliw0ob9yvlop","id":"9pqliw0ob9yvlop"},"id":"ekus49bnus0av0u","previousOperationId":"x5txn55gr4mrzkk"}
{"type":"log","timestamp":1765181172808,"level":"info","message":"pptx generation is starting","meta":{"rootId":"9pqliw0ob9yvlop","id":"9pqliw0ob9yvlop"},"id":"tlxk8tntfej2fxh","previousOperationId":"x5txn55gr4mrzkk"}
{"type":"log","timestamp":1765181174606,"level":"debug","message":"Starting child request to render pptx dynamic parts","meta":{"rootId":"9pqliw0ob9yvlop","id":"9pqliw0ob9yvlop"},"id":"cnnutua6hf9e6uq","previousOperationId":"x5txn55gr4mrzkk"}
{"type":"operationStart","subtype":"render","name":"anonymous","previousOperationId":"x5txn55gr4mrzkk","timestamp":1765181174608,"id":"i9ltkd0uo00qza0","previousEventId":"a68be1wsq3czwrb","operationId":"3ywjdjld32f0kx0"}
{"type":"log","timestamp":1765181174608,"level":"info","message":"Starting rendering (child) request","meta":{"rootId":"9pqliw0ob9yvlop","id":"wezorurs9f33od7"},"id":"x3eo024hkvmpy8r","previousOperationId":"3ywjdjld32f0kx0"}
{"type":"log","timestamp":1765181174608,"level":"info","message":"Rendering anonymous template { recipe: html, engine: handlebars }","meta":{"rootId":"9pqliw0ob9yvlop","id":"wezorurs9f33od7"},"id":"ygqq63p6rch8qsa","previousOperationId":"3ywjdjld32f0kx0"}
{"type":"log","timestamp":1765181174608,"level":"debug","message":"Inline data specified.","meta":{"rootId":"9pqliw0ob9yvlop","id":"wezorurs9f33od7"},"id":"55w488z5or5b9qk","previousOperationId":"3ywjdjld32f0kx0"}
{"type":"log","timestamp":1765181174618,"level":"debug","message":"Base url not specified, skipping its injection.","meta":{"rootId":"9pqliw0ob9yvlop","id":"wezorurs9f33od7"},"id":"i6enwcvzz8rccrc","previousOperationId":"3ywjdjld32f0kx0"}
{"type":"operationStart","subtype":"engine","name":"handlebars","timestamp":1765181174626,"id":"vptu6nrw7oeoqza","previousEventId":"i9ltkd0uo00qza0","operationId":"r4sxdjhpxu6oo6j","previousOperationId":"3ywjdjld32f0kx0"}
{"type":"log","timestamp":1765181174627,"level":"debug","message":"Rendering engine handlebars","meta":{"rootId":"9pqliw0ob9yvlop","id":"wezorurs9f33od7"},"id":"e2g18nt5gb3xzv6","previousOperationId":"r4sxdjhpxu6oo6j"}
{"type":"operationEnd","operationId":"r4sxdjhpxu6oo6j","timestamp":1765181174832,"id":"ugirvhtqqdk9s5s","previousEventId":"vptu6nrw7oeoqza","previousOperationId":"r4sxdjhpxu6oo6j"}
{"type":"operationStart","subtype":"recipe","name":"html","timestamp":1765181174848,"id":"owplpoqxpas8zef","previousEventId":"ugirvhtqqdk9s5s","operationId":"as7shga9frpoe6k","previousOperationId":"r4sxdjhpxu6oo6j"}
{"type":"log","timestamp":1765181174848,"level":"debug","message":"Executing recipe html","meta":{"rootId":"9pqliw0ob9yvlop","id":"wezorurs9f33od7"},"id":"6nrjhmyk5dn5xy5","previousOperationId":"as7shga9frpoe6k"}
{"type":"operationEnd","operationId":"as7shga9frpoe6k","timestamp":1765181174849,"id":"9rm9gtj13liwfh1","previousEventId":"owplpoqxpas8zef","previousOperationId":"as7shga9frpoe6k"}
{"type":"log","timestamp":1765181174850,"level":"debug","message":"Skipping storing report.","meta":{"rootId":"9pqliw0ob9yvlop","id":"wezorurs9f33od7"},"id":"f8od6fdg0vp9pjg","previousOperationId":"as7shga9frpoe6k"}
{"type":"log","timestamp":1765181174850,"level":"info","message":"Rendering (child) request finished in 3705 ms","meta":{"rootId":"9pqliw0ob9yvlop","id":"wezorurs9f33od7"},"id":"qjw9mntjz3kg8w0","previousOperationId":"as7shga9frpoe6k"}
{"type":"operationEnd","subtype":"render","operationId":"3ywjdjld32f0kx0","timestamp":1765181174851,"id":"3snu8inhi4j69p9","previousEventId":"9rm9gtj13liwfh1","previousOperationId":"as7shga9frpoe6k"}
{"type":"log","timestamp":1765181179580,"level":"debug","message":"pptx successfully zipped","meta":{"rootId":"9pqliw0ob9yvlop","id":"9pqliw0ob9yvlop"},"id":"qv6emp0vuvwreg8","previousOperationId":"x5txn55gr4mrzkk"}
{"type":"log","timestamp":1765181179581,"level":"info","message":"pptx generation was finished","meta":{"rootId":"9pqliw0ob9yvlop","id":"9pqliw0ob9yvlop"},"id":"mu9728exbd265od","previousOperationId":"x5txn55gr4mrzkk"}
{"type":"operationEnd","operationId":"x5txn55gr4mrzkk","timestamp":1765181179600,"id":"9ey0tt8e1lutxsw","previousEventId":"a68be1wsq3czwrb","previousOperationId":"x5txn55gr4mrzkk"}
{"type":"log","timestamp":1765181179601,"level":"debug","message":"Skipping storing report.","meta":{"rootId":"9pqliw0ob9yvlop","id":"9pqliw0ob9yvlop"},"id":"5zmx4vrisyw48z6","previousOperationId":"x5txn55gr4mrzkk"}
{"type":"log","timestamp":1765181179601,"level":"info","message":"Rendering request 2 finished in 8456 ms","meta":{"rootId":"9pqliw0ob9yvlop","id":"9pqliw0ob9yvlop"},"id":"f0sk4sd3h78w5p7","previousOperationId":"x5txn55gr4mrzkk"}
{"type":"operationEnd","subtype":"render","operationId":"wybaejp9gf8ksud","timestamp":1765181179601,"id":"j4fb22lchw6x474","previousEventId":"9ey0tt8e1lutxsw","previousOperationId":"x5txn55gr4mrzkk"}
{"type":"operationEnd","doDiffs":false,"previousEventId":"bahgu73od6eqrvw","previousOperationId":"2gco6hnr972ogvp","operationId":"2gco6hnr972ogvp","timestamp":1765181179608,"id":"j3ht4r4fkscpd10"}
