{"type":"operationStart","subtype":"profile","data":{"_id":"RjbLc7FhE0GM22vj","timestamp":"2025-12-31T10:28:24.771Z","state":"running","mode":"standard","creationDate":"2025-12-31T10:28:24.785Z","modificationDate":"2025-12-31T10:28:24.785Z","shortid":"hre9TYO","$entitySet":"profiles","timeout":60000},"doDiffs":false,"timestamp":1767176904782,"id":"0wrfn1vv6kc7hv4","previousOperationId":null,"operationId":"h7lbwdgmtgmlvk1"}
{"type":"log","level":"info","message":"Render request 18 queued for execution and waiting for available worker","previousOperationId":"h7lbwdgmtgmlvk1","timestamp":1767176904782,"id":"qzdpzwuyooil1cc"}
{"type":"operationStart","subtype":"render","name":"anonymous","previousOperationId":"h7lbwdgmtgmlvk1","timestamp":1767176904844,"id":"besg46jvsjwbv9j","previousEventId":"0wrfn1vv6kc7hv4","operationId":"d1f2qgv6ahr5ndl"}
{"type":"log","timestamp":1767176904845,"level":"info","message":"Starting rendering request 18","meta":{"rootId":"9yhrcbna07hjr7t","id":"9yhrcbna07hjr7t"},"id":"srxfr3nry8dj48e","previousOperationId":"d1f2qgv6ahr5ndl"}
{"type":"log","timestamp":1767176904846,"level":"info","message":"Rendering anonymous template { recipe: pptx, engine: handlebars }","meta":{"rootId":"9yhrcbna07hjr7t","id":"9yhrcbna07hjr7t"},"id":"rf94dldgqokyxmt","previousOperationId":"d1f2qgv6ahr5ndl"}
{"type":"log","timestamp":1767176904846,"level":"debug","message":"Inline data specified.","meta":{"rootId":"9yhrcbna07hjr7t","id":"9yhrcbna07hjr7t"},"id":"mbsoxm799s0sqlx","previousOperationId":"d1f2qgv6ahr5ndl"}
{"type":"log","timestamp":1767176904850,"level":"debug","message":"Base url not specified, skipping its injection.","meta":{"rootId":"9yhrcbna07hjr7t","id":"9yhrcbna07hjr7t"},"id":"ftrfon040cn6vlp","previousOperationId":"d1f2qgv6ahr5ndl"}
{"type":"operationStart","subtype":"engine","name":"handlebars","timestamp":1767176904850,"id":"pkssvyaj5tq505c","previousEventId":"besg46jvsjwbv9j","operationId":"niqx3g058534lv6","previousOperationId":"d1f2qgv6ahr5ndl"}
{"type":"log","timestamp":1767176904850,"level":"debug","message":"Rendering engine handlebars","meta":{"rootId":"9yhrcbna07hjr7t","id":"9yhrcbna07hjr7t"},"id":"pavvd3pp6zxg5aq","previousOperationId":"niqx3g058534lv6"}
{"type":"operationEnd","operationId":"niqx3g058534lv6","timestamp":1767176904884,"id":"vl8xo1dy0o3svwr","previousEventId":"pkssvyaj5tq505c","previousOperationId":"niqx3g058534lv6"}
{"type":"operationStart","subtype":"recipe","name":"pptx","timestamp":1767176904885,"id":"8zspyiqxcnnt7ro","previousEventId":"vl8xo1dy0o3svwr","operationId":"jqcnuuz3logov12","previousOperationId":"niqx3g058534lv6"}
{"type":"log","timestamp":1767176904885,"level":"debug","message":"Executing recipe pptx","meta":{"rootId":"9yhrcbna07hjr7t","id":"9yhrcbna07hjr7t"},"id":"1kznkc1nxxfxl3n","previousOperationId":"jqcnuuz3logov12"}
{"type":"log","timestamp":1767176904917,"level":"info","message":"pptx generation is starting","meta":{"rootId":"9yhrcbna07hjr7t","id":"9yhrcbna07hjr7t"},"id":"818cacordj50odc","previousOperationId":"jqcnuuz3logov12"}
{"type":"log","timestamp":1767176907005,"level":"debug","message":"Starting child request to render pptx dynamic parts","meta":{"rootId":"9yhrcbna07hjr7t","id":"9yhrcbna07hjr7t"},"id":"ujfwex3zp2mq5vs","previousOperationId":"jqcnuuz3logov12"}
{"type":"operationStart","subtype":"render","name":"anonymous","previousOperationId":"jqcnuuz3logov12","timestamp":1767176907007,"id":"li5nj00jjn49tid","previousEventId":"8zspyiqxcnnt7ro","operationId":"tw61ggdt6genwp6"}
{"type":"log","timestamp":1767176907007,"level":"info","message":"Starting rendering (child) request","meta":{"rootId":"9yhrcbna07hjr7t","id":"i7jvlumunqwpbtd"},"id":"021vd9y0o54a7dx","previousOperationId":"tw61ggdt6genwp6"}
{"type":"log","timestamp":1767176907007,"level":"info","message":"Rendering anonymous template { recipe: html, engine: handlebars }","meta":{"rootId":"9yhrcbna07hjr7t","id":"i7jvlumunqwpbtd"},"id":"k608itwubdz4lzn","previousOperationId":"tw61ggdt6genwp6"}
{"type":"log","timestamp":1767176907008,"level":"debug","message":"Inline data specified.","meta":{"rootId":"9yhrcbna07hjr7t","id":"i7jvlumunqwpbtd"},"id":"crf4n8r3uc5euod","previousOperationId":"tw61ggdt6genwp6"}
{"type":"log","timestamp":1767176907024,"level":"debug","message":"Base url not specified, skipping its injection.","meta":{"rootId":"9yhrcbna07hjr7t","id":"i7jvlumunqwpbtd"},"id":"x7yap3bxfkznvxb","previousOperationId":"tw61ggdt6genwp6"}
{"type":"operationStart","subtype":"engine","name":"handlebars","timestamp":1767176907027,"id":"x64vjvy134eg0f4","previousEventId":"li5nj00jjn49tid","operationId":"s3rqptiigbfhqyu","previousOperationId":"tw61ggdt6genwp6"}
{"type":"log","timestamp":1767176907028,"level":"debug","message":"Rendering engine handlebars","meta":{"rootId":"9yhrcbna07hjr7t","id":"i7jvlumunqwpbtd"},"id":"1mu1v8lqis24cup","previousOperationId":"s3rqptiigbfhqyu"}
{"type":"log","timestamp":1767176907296,"level":"debug","message":"(console:log) {\n  type: 'echarts@v5a',\n  width: 848,\n  height: 409,\n  option: { radar: [ [Object] ], series: [ [Object] ] }\n}","meta":{"userLevel":true,"rootId":"9yhrcbna07hjr7t","id":"i7jvlumunqwpbtd"},"id":"q47nlah69zhggqu","previousOperationId":"s3rqptiigbfhqyu"}
{"type":"operationEnd","operationId":"s3rqptiigbfhqyu","timestamp":1767176907310,"id":"k4abujumwk1m4ff","previousEventId":"x64vjvy134eg0f4","previousOperationId":"s3rqptiigbfhqyu"}
{"type":"operationStart","subtype":"recipe","name":"html","timestamp":1767176907333,"id":"lcdwvkwl01sfpr5","previousEventId":"k4abujumwk1m4ff","operationId":"bq6rwl3w86vwem0","previousOperationId":"s3rqptiigbfhqyu"}
{"type":"log","timestamp":1767176907333,"level":"debug","message":"Executing recipe html","meta":{"rootId":"9yhrcbna07hjr7t","id":"i7jvlumunqwpbtd"},"id":"a548orcvxg37egy","previousOperationId":"bq6rwl3w86vwem0"}
{"type":"operationEnd","operationId":"bq6rwl3w86vwem0","timestamp":1767176907333,"id":"0sf2o6jo2twu50a","previousEventId":"lcdwvkwl01sfpr5","previousOperationId":"bq6rwl3w86vwem0"}
{"type":"log","timestamp":1767176907333,"level":"debug","message":"Skipping storing report.","meta":{"rootId":"9yhrcbna07hjr7t","id":"i7jvlumunqwpbtd"},"id":"7mac3kd38vsrn3v","previousOperationId":"bq6rwl3w86vwem0"}
{"type":"log","timestamp":1767176907333,"level":"info","message":"Rendering (child) request finished in 2564 ms","meta":{"rootId":"9yhrcbna07hjr7t","id":"i7jvlumunqwpbtd"},"id":"ovyz4qwvqp344c5","previousOperationId":"bq6rwl3w86vwem0"}
{"type":"operationEnd","subtype":"render","operationId":"tw61ggdt6genwp6","timestamp":1767176907333,"id":"mm1nxglf7ap0412","previousEventId":"0sf2o6jo2twu50a","previousOperationId":"bq6rwl3w86vwem0"}
{"type":"log","timestamp":1767176913986,"level":"debug","message":"pptx successfully zipped","meta":{"rootId":"9yhrcbna07hjr7t","id":"9yhrcbna07hjr7t"},"id":"lb1q7y5cva7xmtr","previousOperationId":"jqcnuuz3logov12"}
{"type":"log","timestamp":1767176913986,"level":"info","message":"pptx generation was finished","meta":{"rootId":"9yhrcbna07hjr7t","id":"9yhrcbna07hjr7t"},"id":"bxygo4xsrtm6jhk","previousOperationId":"jqcnuuz3logov12"}
{"type":"operationEnd","operationId":"jqcnuuz3logov12","timestamp":1767176914000,"id":"12lxbge2rrsafts","previousEventId":"8zspyiqxcnnt7ro","previousOperationId":"jqcnuuz3logov12"}
{"type":"log","timestamp":1767176914001,"level":"debug","message":"Skipping storing report.","meta":{"rootId":"9yhrcbna07hjr7t","id":"9yhrcbna07hjr7t"},"id":"hm8w3y4dm4og17b","previousOperationId":"jqcnuuz3logov12"}
{"type":"log","timestamp":1767176914001,"level":"info","message":"Rendering request 18 finished in 9232 ms","meta":{"rootId":"9yhrcbna07hjr7t","id":"9yhrcbna07hjr7t"},"id":"0syy284793j53gc","previousOperationId":"jqcnuuz3logov12"}
{"type":"operationEnd","subtype":"render","operationId":"d1f2qgv6ahr5ndl","timestamp":1767176914001,"id":"zkmkwrh5lo0ppgr","previousEventId":"12lxbge2rrsafts","previousOperationId":"jqcnuuz3logov12"}
{"type":"operationEnd","doDiffs":false,"previousEventId":"0wrfn1vv6kc7hv4","previousOperationId":"h7lbwdgmtgmlvk1","operationId":"h7lbwdgmtgmlvk1","timestamp":1767176914007,"id":"trgftmrcmbgkup1"}
