{"type":"operationStart","subtype":"profile","data":{"_id":"02lihYkBvXLxRNQA","timestamp":"2025-12-07T19:32:40.335Z","state":"running","mode":"standard","creationDate":"2025-12-07T19:32:40.344Z","modificationDate":"2025-12-07T19:32:40.344Z","shortid":"-ykzOeG","$entitySet":"profiles","timeout":60000},"doDiffs":false,"timestamp":1765135960342,"id":"4hbul2hu3or294f","previousOperationId":null,"operationId":"5orbf5cqxttl3x2"}
{"type":"log","level":"info","message":"Render request 20 queued for execution and waiting for available worker","previousOperationId":"5orbf5cqxttl3x2","timestamp":1765135960342,"id":"0zb4zd7vxb0lw00"}
{"type":"operationStart","subtype":"render","name":"anonymous","previousOperationId":"5orbf5cqxttl3x2","timestamp":1765135960380,"id":"5xoyikau14977jt","previousEventId":"4hbul2hu3or294f","operationId":"2vjfqe15n59dr3h"}
{"type":"log","timestamp":1765135960380,"level":"info","message":"Starting rendering request 20","meta":{"rootId":"9z0it11fddyppwz","id":"9z0it11fddyppwz"},"id":"9lr08byu1e6d1j0","previousOperationId":"2vjfqe15n59dr3h"}
{"type":"log","timestamp":1765135960380,"level":"info","message":"Rendering anonymous template { recipe: pptx, engine: handlebars }","meta":{"rootId":"9z0it11fddyppwz","id":"9z0it11fddyppwz"},"id":"r3dzm6lr55phbkf","previousOperationId":"2vjfqe15n59dr3h"}
{"type":"log","timestamp":1765135960380,"level":"debug","message":"Inline data specified.","meta":{"rootId":"9z0it11fddyppwz","id":"9z0it11fddyppwz"},"id":"lo9eucrc05qmaze","previousOperationId":"2vjfqe15n59dr3h"}
{"type":"log","timestamp":1765135960383,"level":"debug","message":"Base url not specified, skipping its injection.","meta":{"rootId":"9z0it11fddyppwz","id":"9z0it11fddyppwz"},"id":"se92jizhn8um1qb","previousOperationId":"2vjfqe15n59dr3h"}
{"type":"operationStart","subtype":"engine","name":"handlebars","timestamp":1765135960383,"id":"uo53cyphy43v65c","previousEventId":"5xoyikau14977jt","operationId":"rq95loh2qnmeb9h","previousOperationId":"2vjfqe15n59dr3h"}
{"type":"log","timestamp":1765135960383,"level":"debug","message":"Rendering engine handlebars","meta":{"rootId":"9z0it11fddyppwz","id":"9z0it11fddyppwz"},"id":"zwyrzrhfw4q2pw5","previousOperationId":"rq95loh2qnmeb9h"}
{"type":"operationEnd","operationId":"rq95loh2qnmeb9h","timestamp":1765135960396,"id":"wi1w8koc383wrj5","previousEventId":"uo53cyphy43v65c","previousOperationId":"rq95loh2qnmeb9h"}
{"type":"operationStart","subtype":"recipe","name":"pptx","timestamp":1765135960396,"id":"xdst3dw7ykw5rx2","previousEventId":"wi1w8koc383wrj5","operationId":"v7y9ljoxatdi7vd","previousOperationId":"rq95loh2qnmeb9h"}
{"type":"log","timestamp":1765135960396,"level":"debug","message":"Executing recipe pptx","meta":{"rootId":"9z0it11fddyppwz","id":"9z0it11fddyppwz"},"id":"p09up7vo1tz6adv","previousOperationId":"v7y9ljoxatdi7vd"}
{"type":"log","timestamp":1765135960420,"level":"info","message":"pptx generation is starting","meta":{"rootId":"9z0it11fddyppwz","id":"9z0it11fddyppwz"},"id":"zaz0irzyss6ndwq","previousOperationId":"v7y9ljoxatdi7vd"}
{"type":"log","timestamp":1765135961557,"level":"debug","message":"Starting child request to render pptx dynamic parts","meta":{"rootId":"9z0it11fddyppwz","id":"9z0it11fddyppwz"},"id":"l7g06n9u9gdro4d","previousOperationId":"v7y9ljoxatdi7vd"}
{"type":"operationStart","subtype":"render","name":"anonymous","previousOperationId":"v7y9ljoxatdi7vd","timestamp":1765135961558,"id":"0rrd748u5igzasq","previousEventId":"xdst3dw7ykw5rx2","operationId":"6fp6hlvuq49g1bh"}
{"type":"log","timestamp":1765135961558,"level":"info","message":"Starting rendering (child) request","meta":{"rootId":"9z0it11fddyppwz","id":"2j7aqx25iwmz1yp"},"id":"gpc5l5ngrlwfn1x","previousOperationId":"6fp6hlvuq49g1bh"}
{"type":"log","timestamp":1765135961558,"level":"info","message":"Rendering anonymous template { recipe: html, engine: handlebars }","meta":{"rootId":"9z0it11fddyppwz","id":"2j7aqx25iwmz1yp"},"id":"4cns9knj1t6s5t1","previousOperationId":"6fp6hlvuq49g1bh"}
{"type":"log","timestamp":1765135961558,"level":"debug","message":"Inline data specified.","meta":{"rootId":"9z0it11fddyppwz","id":"2j7aqx25iwmz1yp"},"id":"s8f5oocn419s1iz","previousOperationId":"6fp6hlvuq49g1bh"}
{"type":"log","timestamp":1765135961564,"level":"debug","message":"Base url not specified, skipping its injection.","meta":{"rootId":"9z0it11fddyppwz","id":"2j7aqx25iwmz1yp"},"id":"dusskpb2pllcrfz","previousOperationId":"6fp6hlvuq49g1bh"}
{"type":"operationStart","subtype":"engine","name":"handlebars","timestamp":1765135961565,"id":"51zf7gajga2zm62","previousEventId":"0rrd748u5igzasq","operationId":"hya39xzjn8r59bm","previousOperationId":"6fp6hlvuq49g1bh"}
{"type":"log","timestamp":1765135961565,"level":"debug","message":"Rendering engine handlebars","meta":{"rootId":"9z0it11fddyppwz","id":"2j7aqx25iwmz1yp"},"id":"4fvxzcgpqd45xi0","previousOperationId":"hya39xzjn8r59bm"}
{"type":"operationEnd","operationId":"hya39xzjn8r59bm","timestamp":1765135961677,"id":"eb5zt1x2ivn2euq","previousEventId":"51zf7gajga2zm62","previousOperationId":"hya39xzjn8r59bm"}
{"type":"operationStart","subtype":"recipe","name":"html","timestamp":1765135961686,"id":"9x0k8j4izxkfhjc","previousEventId":"eb5zt1x2ivn2euq","operationId":"cskop2i6a2gapnk","previousOperationId":"hya39xzjn8r59bm"}
{"type":"log","timestamp":1765135961686,"level":"debug","message":"Executing recipe html","meta":{"rootId":"9z0it11fddyppwz","id":"2j7aqx25iwmz1yp"},"id":"6wsaiqkoxh7lcle","previousOperationId":"cskop2i6a2gapnk"}
{"type":"operationEnd","operationId":"cskop2i6a2gapnk","timestamp":1765135961686,"id":"rtvzyqb9lopf0ev","previousEventId":"9x0k8j4izxkfhjc","previousOperationId":"cskop2i6a2gapnk"}
{"type":"log","timestamp":1765135961686,"level":"debug","message":"Skipping storing report.","meta":{"rootId":"9z0it11fddyppwz","id":"2j7aqx25iwmz1yp"},"id":"4kirh015dluovxr","previousOperationId":"cskop2i6a2gapnk"}
{"type":"log","timestamp":1765135961686,"level":"info","message":"Rendering (child) request finished in 1352 ms","meta":{"rootId":"9z0it11fddyppwz","id":"2j7aqx25iwmz1yp"},"id":"wgp86uokebjlxtb","previousOperationId":"cskop2i6a2gapnk"}
{"type":"operationEnd","subtype":"render","operationId":"6fp6hlvuq49g1bh","timestamp":1765135961686,"id":"av68z3fvjv7ho3g","previousEventId":"rtvzyqb9lopf0ev","previousOperationId":"cskop2i6a2gapnk"}
{"type":"log","timestamp":1765135965847,"level":"debug","message":"pptx successfully zipped","meta":{"rootId":"9z0it11fddyppwz","id":"9z0it11fddyppwz"},"id":"jszidstsj1ewbv3","previousOperationId":"v7y9ljoxatdi7vd"}
{"type":"log","timestamp":1765135965847,"level":"info","message":"pptx generation was finished","meta":{"rootId":"9z0it11fddyppwz","id":"9z0it11fddyppwz"},"id":"19bpzgnfocoeiwz","previousOperationId":"v7y9ljoxatdi7vd"}
{"type":"operationEnd","operationId":"v7y9ljoxatdi7vd","timestamp":1765135965854,"id":"5xk7fmmibegqyxo","previousEventId":"xdst3dw7ykw5rx2","previousOperationId":"v7y9ljoxatdi7vd"}
{"type":"log","timestamp":1765135965855,"level":"debug","message":"Skipping storing report.","meta":{"rootId":"9z0it11fddyppwz","id":"9z0it11fddyppwz"},"id":"l5tbnf5yq3g1nt3","previousOperationId":"v7y9ljoxatdi7vd"}
{"type":"log","timestamp":1765135965855,"level":"info","message":"Rendering request 20 finished in 5521 ms","meta":{"rootId":"9z0it11fddyppwz","id":"9z0it11fddyppwz"},"id":"eshj8y26sv17zmd","previousOperationId":"v7y9ljoxatdi7vd"}
{"type":"operationEnd","subtype":"render","operationId":"2vjfqe15n59dr3h","timestamp":1765135965855,"id":"t7jdytx995xq8gp","previousEventId":"5xk7fmmibegqyxo","previousOperationId":"v7y9ljoxatdi7vd"}
{"type":"operationEnd","doDiffs":false,"previousEventId":"4hbul2hu3or294f","previousOperationId":"5orbf5cqxttl3x2","operationId":"5orbf5cqxttl3x2","timestamp":1765135965858,"id":"hcbhr0s4jrtfgw7"}
