{"type":"operationStart","subtype":"profile","data":{"_id":"BTInGMd37xZX5ccr","timestamp":"2025-12-26T12:06:38.603Z","state":"running","mode":"standard","creationDate":"2025-12-26T12:06:38.609Z","modificationDate":"2025-12-26T12:06:38.609Z","shortid":"SxkKFY6","$entitySet":"profiles","timeout":60000},"doDiffs":false,"timestamp":1766750798606,"id":"bi5mrgx2b99my1v","previousOperationId":null,"operationId":"66xxc8xmlbdymu2"}
{"type":"log","level":"info","message":"Render request 1 queued for execution and waiting for available worker","previousOperationId":"66xxc8xmlbdymu2","timestamp":1766750798607,"id":"1m2q57nv1dpk1w4"}
{"type":"operationStart","subtype":"render","name":"anonymous","previousOperationId":"66xxc8xmlbdymu2","timestamp":1766750798694,"id":"q48ftm0wn40yvc9","previousEventId":"bi5mrgx2b99my1v","operationId":"yq42s09ae2uzcks"}
{"type":"log","timestamp":1766750798696,"level":"info","message":"Starting rendering request 1","meta":{"rootId":"a6rabt4m636knz3","id":"a6rabt4m636knz3"},"id":"1oiwk9hsfw8t95k","previousOperationId":"yq42s09ae2uzcks"}
{"type":"log","timestamp":1766750798698,"level":"info","message":"Rendering anonymous template { recipe: pptx, engine: handlebars }","meta":{"rootId":"a6rabt4m636knz3","id":"a6rabt4m636knz3"},"id":"h0r8n18wie3wxkv","previousOperationId":"yq42s09ae2uzcks"}
{"type":"log","timestamp":1766750798698,"level":"debug","message":"Inline data specified.","meta":{"rootId":"a6rabt4m636knz3","id":"a6rabt4m636knz3"},"id":"4h1zknln0hbu72a","previousOperationId":"yq42s09ae2uzcks"}
{"type":"log","timestamp":1766750798711,"level":"debug","message":"Base url not specified, skipping its injection.","meta":{"rootId":"a6rabt4m636knz3","id":"a6rabt4m636knz3"},"id":"ds16dt8vfeb9pxd","previousOperationId":"yq42s09ae2uzcks"}
{"type":"operationStart","subtype":"engine","name":"handlebars","timestamp":1766750798714,"id":"t6tlutisp0tpabw","previousEventId":"q48ftm0wn40yvc9","operationId":"dwt1yh1lc1thnk5","previousOperationId":"yq42s09ae2uzcks"}
{"type":"log","timestamp":1766750798714,"level":"debug","message":"Rendering engine handlebars","meta":{"rootId":"a6rabt4m636knz3","id":"a6rabt4m636knz3"},"id":"hun41t318ug3qcl","previousOperationId":"dwt1yh1lc1thnk5"}
{"type":"operationEnd","operationId":"dwt1yh1lc1thnk5","timestamp":1766750800059,"id":"wvfevfeitlcuous","previousEventId":"t6tlutisp0tpabw","previousOperationId":"dwt1yh1lc1thnk5"}
{"type":"operationStart","subtype":"recipe","name":"pptx","timestamp":1766750800060,"id":"35d02zwbyjppr4f","previousEventId":"wvfevfeitlcuous","operationId":"yjkt16lccocx9xd","previousOperationId":"dwt1yh1lc1thnk5"}
{"type":"log","timestamp":1766750800060,"level":"debug","message":"Executing recipe pptx","meta":{"rootId":"a6rabt4m636knz3","id":"a6rabt4m636knz3"},"id":"z5i6wt22dau3hl5","previousOperationId":"yjkt16lccocx9xd"}
{"type":"log","timestamp":1766750800328,"level":"info","message":"pptx generation is starting","meta":{"rootId":"a6rabt4m636knz3","id":"a6rabt4m636knz3"},"id":"9l6r3er67ifuk6y","previousOperationId":"yjkt16lccocx9xd"}
{"type":"log","timestamp":1766750802158,"level":"debug","message":"Starting child request to render pptx dynamic parts","meta":{"rootId":"a6rabt4m636knz3","id":"a6rabt4m636knz3"},"id":"0iufot08pzxr0bb","previousOperationId":"yjkt16lccocx9xd"}
{"type":"operationStart","subtype":"render","name":"anonymous","previousOperationId":"yjkt16lccocx9xd","timestamp":1766750802159,"id":"pcw41puxc6xlm8t","previousEventId":"35d02zwbyjppr4f","operationId":"lrd362r7tnilkvm"}
{"type":"log","timestamp":1766750802159,"level":"info","message":"Starting rendering (child) request","meta":{"rootId":"a6rabt4m636knz3","id":"o6ihx38qjjl5rci"},"id":"cgbtcziltn4pwcq","previousOperationId":"lrd362r7tnilkvm"}
{"type":"log","timestamp":1766750802160,"level":"info","message":"Rendering anonymous template { recipe: html, engine: handlebars }","meta":{"rootId":"a6rabt4m636knz3","id":"o6ihx38qjjl5rci"},"id":"861p2a6coia1bg3","previousOperationId":"lrd362r7tnilkvm"}
{"type":"log","timestamp":1766750802160,"level":"debug","message":"Inline data specified.","meta":{"rootId":"a6rabt4m636knz3","id":"o6ihx38qjjl5rci"},"id":"b1tquk6ojlznc4u","previousOperationId":"lrd362r7tnilkvm"}
{"type":"log","timestamp":1766750802169,"level":"debug","message":"Base url not specified, skipping its injection.","meta":{"rootId":"a6rabt4m636knz3","id":"o6ihx38qjjl5rci"},"id":"kjxcp86a96f2th9","previousOperationId":"lrd362r7tnilkvm"}
{"type":"operationStart","subtype":"engine","name":"handlebars","timestamp":1766750802171,"id":"g6attjcn8c2xex4","previousEventId":"pcw41puxc6xlm8t","operationId":"h3gj62tfb2bcdud","previousOperationId":"lrd362r7tnilkvm"}
{"type":"log","timestamp":1766750802171,"level":"debug","message":"Rendering engine handlebars","meta":{"rootId":"a6rabt4m636knz3","id":"o6ihx38qjjl5rci"},"id":"8dkkw53vvy302dk","previousOperationId":"h3gj62tfb2bcdud"}
{"type":"operationEnd","operationId":"h3gj62tfb2bcdud","timestamp":1766750802354,"id":"xg6kikr5aq8rqv1","previousEventId":"g6attjcn8c2xex4","previousOperationId":"h3gj62tfb2bcdud"}
{"type":"operationStart","subtype":"recipe","name":"html","timestamp":1766750802369,"id":"1d0v4eaibk1o0y3","previousEventId":"xg6kikr5aq8rqv1","operationId":"h6pq5405z6gw6y0","previousOperationId":"h3gj62tfb2bcdud"}
{"type":"log","timestamp":1766750802369,"level":"debug","message":"Executing recipe html","meta":{"rootId":"a6rabt4m636knz3","id":"o6ihx38qjjl5rci"},"id":"1dubzoj7yi687si","previousOperationId":"h6pq5405z6gw6y0"}
{"type":"operationEnd","operationId":"h6pq5405z6gw6y0","timestamp":1766750802369,"id":"cqodsiieorojl5a","previousEventId":"1d0v4eaibk1o0y3","previousOperationId":"h6pq5405z6gw6y0"}
{"type":"log","timestamp":1766750802371,"level":"debug","message":"Skipping storing report.","meta":{"rootId":"a6rabt4m636knz3","id":"o6ihx38qjjl5rci"},"id":"oc1lxr7xruhgxar","previousOperationId":"h6pq5405z6gw6y0"}
{"type":"log","timestamp":1766750802371,"level":"info","message":"Rendering (child) request finished in 3771 ms","meta":{"rootId":"a6rabt4m636knz3","id":"o6ihx38qjjl5rci"},"id":"4ikmnlu8jnc4wp0","previousOperationId":"h6pq5405z6gw6y0"}
{"type":"operationEnd","subtype":"render","operationId":"lrd362r7tnilkvm","timestamp":1766750802371,"id":"pdxy3r3e7crcslu","previousEventId":"cqodsiieorojl5a","previousOperationId":"h6pq5405z6gw6y0"}
{"type":"log","timestamp":1766750807200,"level":"debug","message":"pptx successfully zipped","meta":{"rootId":"a6rabt4m636knz3","id":"a6rabt4m636knz3"},"id":"lslaa5c7hndpbex","previousOperationId":"yjkt16lccocx9xd"}
{"type":"log","timestamp":1766750807200,"level":"info","message":"pptx generation was finished","meta":{"rootId":"a6rabt4m636knz3","id":"a6rabt4m636knz3"},"id":"gx2l7totmsdhuks","previousOperationId":"yjkt16lccocx9xd"}
{"type":"operationEnd","operationId":"yjkt16lccocx9xd","timestamp":1766750807217,"id":"9rsim9efgsf974i","previousEventId":"35d02zwbyjppr4f","previousOperationId":"yjkt16lccocx9xd"}
{"type":"log","timestamp":1766750807217,"level":"debug","message":"Skipping storing report.","meta":{"rootId":"a6rabt4m636knz3","id":"a6rabt4m636knz3"},"id":"wlhzleca2t8yfys","previousOperationId":"yjkt16lccocx9xd"}
{"type":"log","timestamp":1766750807217,"level":"info","message":"Rendering request 1 finished in 8617 ms","meta":{"rootId":"a6rabt4m636knz3","id":"a6rabt4m636knz3"},"id":"h4kt3at3gkx01e0","previousOperationId":"yjkt16lccocx9xd"}
{"type":"operationEnd","subtype":"render","operationId":"yq42s09ae2uzcks","timestamp":1766750807217,"id":"6ar8z8v1maugh3d","previousEventId":"9rsim9efgsf974i","previousOperationId":"yjkt16lccocx9xd"}
{"type":"operationEnd","doDiffs":false,"previousEventId":"bi5mrgx2b99my1v","previousOperationId":"66xxc8xmlbdymu2","operationId":"66xxc8xmlbdymu2","timestamp":1766750807224,"id":"99rvtlx7l8ow6ok"}
