{"type":"operationStart","subtype":"profile","data":{"_id":"MUZQ970ksbxFM23n","timestamp":"2025-12-31T09:38:10.469Z","state":"running","mode":"standard","creationDate":"2025-12-31T09:38:10.479Z","modificationDate":"2025-12-31T09:38:10.479Z","shortid":"ESN6RMv","$entitySet":"profiles","timeout":60000},"doDiffs":false,"timestamp":1767173890475,"id":"hfg2e3ym2ue9s4i","previousOperationId":null,"operationId":"scqxqm8hjnh8hqr"}
{"type":"log","level":"info","message":"Render request 3 queued for execution and waiting for available worker","previousOperationId":"scqxqm8hjnh8hqr","timestamp":1767173890475,"id":"v6hrxcal4ysoknj"}
{"type":"operationStart","subtype":"render","name":"anonymous","previousOperationId":"scqxqm8hjnh8hqr","timestamp":1767173890547,"id":"8wvboxl9ecuknvx","previousEventId":"hfg2e3ym2ue9s4i","operationId":"6gw4iyhhewezlvv"}
{"type":"log","timestamp":1767173890547,"level":"info","message":"Starting rendering request 3","meta":{"rootId":"aa5zqljnwmkgmhc","id":"aa5zqljnwmkgmhc"},"id":"7lk66cicuqyvyq0","previousOperationId":"6gw4iyhhewezlvv"}
{"type":"log","timestamp":1767173890548,"level":"info","message":"Rendering anonymous template { recipe: pptx, engine: handlebars }","meta":{"rootId":"aa5zqljnwmkgmhc","id":"aa5zqljnwmkgmhc"},"id":"7iocupkdr774g0s","previousOperationId":"6gw4iyhhewezlvv"}
{"type":"log","timestamp":1767173890548,"level":"debug","message":"Inline data specified.","meta":{"rootId":"aa5zqljnwmkgmhc","id":"aa5zqljnwmkgmhc"},"id":"88m0nsiv6nyviqv","previousOperationId":"6gw4iyhhewezlvv"}
{"type":"log","timestamp":1767173890551,"level":"debug","message":"Base url not specified, skipping its injection.","meta":{"rootId":"aa5zqljnwmkgmhc","id":"aa5zqljnwmkgmhc"},"id":"upb3rftdw860kh1","previousOperationId":"6gw4iyhhewezlvv"}
{"type":"operationStart","subtype":"engine","name":"handlebars","timestamp":1767173890552,"id":"9kx8rlp2byc8ieu","previousEventId":"8wvboxl9ecuknvx","operationId":"phcxx6smssg0g5s","previousOperationId":"6gw4iyhhewezlvv"}
{"type":"log","timestamp":1767173890552,"level":"debug","message":"Rendering engine handlebars","meta":{"rootId":"aa5zqljnwmkgmhc","id":"aa5zqljnwmkgmhc"},"id":"xbmdn5v32dh3217","previousOperationId":"phcxx6smssg0g5s"}
{"type":"operationEnd","operationId":"phcxx6smssg0g5s","timestamp":1767173890582,"id":"e8sxgirve6ooijc","previousEventId":"9kx8rlp2byc8ieu","previousOperationId":"phcxx6smssg0g5s"}
{"type":"operationStart","subtype":"recipe","name":"pptx","timestamp":1767173890583,"id":"z76nzkx8rgxynw5","previousEventId":"e8sxgirve6ooijc","operationId":"yybhjcccgx3zvhe","previousOperationId":"phcxx6smssg0g5s"}
{"type":"log","timestamp":1767173890583,"level":"debug","message":"Executing recipe pptx","meta":{"rootId":"aa5zqljnwmkgmhc","id":"aa5zqljnwmkgmhc"},"id":"edkoiycphndohue","previousOperationId":"yybhjcccgx3zvhe"}
{"type":"log","timestamp":1767173890604,"level":"info","message":"pptx generation is starting","meta":{"rootId":"aa5zqljnwmkgmhc","id":"aa5zqljnwmkgmhc"},"id":"4046ozhut1cp5zm","previousOperationId":"yybhjcccgx3zvhe"}
{"type":"log","timestamp":1767173892505,"level":"debug","message":"Starting child request to render pptx dynamic parts","meta":{"rootId":"aa5zqljnwmkgmhc","id":"aa5zqljnwmkgmhc"},"id":"cou940pamueldsc","previousOperationId":"yybhjcccgx3zvhe"}
{"type":"operationStart","subtype":"render","name":"anonymous","previousOperationId":"yybhjcccgx3zvhe","timestamp":1767173892505,"id":"kddb574drbtuziu","previousEventId":"z76nzkx8rgxynw5","operationId":"6d0l30o3fbjr0ja"}
{"type":"log","timestamp":1767173892505,"level":"info","message":"Starting rendering (child) request","meta":{"rootId":"aa5zqljnwmkgmhc","id":"etwucdz8jjofm02"},"id":"s6decmp8m5t6wez","previousOperationId":"6d0l30o3fbjr0ja"}
{"type":"log","timestamp":1767173892506,"level":"info","message":"Rendering anonymous template { recipe: html, engine: handlebars }","meta":{"rootId":"aa5zqljnwmkgmhc","id":"etwucdz8jjofm02"},"id":"o5sfz93s3d2a8fr","previousOperationId":"6d0l30o3fbjr0ja"}
{"type":"log","timestamp":1767173892506,"level":"debug","message":"Inline data specified.","meta":{"rootId":"aa5zqljnwmkgmhc","id":"etwucdz8jjofm02"},"id":"iu6qm57m3mpoppr","previousOperationId":"6d0l30o3fbjr0ja"}
{"type":"log","timestamp":1767173892513,"level":"debug","message":"Base url not specified, skipping its injection.","meta":{"rootId":"aa5zqljnwmkgmhc","id":"etwucdz8jjofm02"},"id":"6qm0sghszil5r19","previousOperationId":"6d0l30o3fbjr0ja"}
{"type":"operationStart","subtype":"engine","name":"handlebars","timestamp":1767173892515,"id":"1f6zzgrnazbmjjp","previousEventId":"kddb574drbtuziu","operationId":"vflcyiiqxxgealn","previousOperationId":"6d0l30o3fbjr0ja"}
{"type":"log","timestamp":1767173892515,"level":"debug","message":"Rendering engine handlebars","meta":{"rootId":"aa5zqljnwmkgmhc","id":"etwucdz8jjofm02"},"id":"nezsru1n7t7fyzn","previousOperationId":"vflcyiiqxxgealn"}
{"type":"log","timestamp":1767173892729,"level":"debug","message":"(console:log) {\n  type: 'echarts@v5a',\n  width: 848,\n  height: 409,\n  option: { radar: [ [Object] ], series: [ [Object] ] }\n}","meta":{"userLevel":true,"rootId":"aa5zqljnwmkgmhc","id":"etwucdz8jjofm02"},"id":"980fvm4l710nf1w","previousOperationId":"vflcyiiqxxgealn"}
{"type":"operationEnd","operationId":"vflcyiiqxxgealn","timestamp":1767173892748,"id":"1i9cg9p8vz6lj0a","previousEventId":"1f6zzgrnazbmjjp","previousOperationId":"vflcyiiqxxgealn"}
{"type":"operationStart","subtype":"recipe","name":"html","timestamp":1767173892769,"id":"vpm9kdchpcn48ay","previousEventId":"1i9cg9p8vz6lj0a","operationId":"ikwpbg290hybgs7","previousOperationId":"vflcyiiqxxgealn"}
{"type":"log","timestamp":1767173892769,"level":"debug","message":"Executing recipe html","meta":{"rootId":"aa5zqljnwmkgmhc","id":"etwucdz8jjofm02"},"id":"13fhqu4lmrlqs9c","previousOperationId":"ikwpbg290hybgs7"}
{"type":"operationEnd","operationId":"ikwpbg290hybgs7","timestamp":1767173892769,"id":"2bz9jyku673rxr0","previousEventId":"vpm9kdchpcn48ay","previousOperationId":"ikwpbg290hybgs7"}
{"type":"log","timestamp":1767173892769,"level":"debug","message":"Skipping storing report.","meta":{"rootId":"aa5zqljnwmkgmhc","id":"etwucdz8jjofm02"},"id":"3z5apt5nwx1ebtg","previousOperationId":"ikwpbg290hybgs7"}
{"type":"log","timestamp":1767173892769,"level":"info","message":"Rendering (child) request finished in 2304 ms","meta":{"rootId":"aa5zqljnwmkgmhc","id":"etwucdz8jjofm02"},"id":"ndrxoord1oq50tn","previousOperationId":"ikwpbg290hybgs7"}
{"type":"operationEnd","subtype":"render","operationId":"6d0l30o3fbjr0ja","timestamp":1767173892769,"id":"hlmjkpzo8s3ib51","previousEventId":"2bz9jyku673rxr0","previousOperationId":"ikwpbg290hybgs7"}
{"type":"log","timestamp":1767173899187,"level":"debug","message":"pptx successfully zipped","meta":{"rootId":"aa5zqljnwmkgmhc","id":"aa5zqljnwmkgmhc"},"id":"ah5yjm0eqdx0yzt","previousOperationId":"yybhjcccgx3zvhe"}
{"type":"log","timestamp":1767173899187,"level":"info","message":"pptx generation was finished","meta":{"rootId":"aa5zqljnwmkgmhc","id":"aa5zqljnwmkgmhc"},"id":"em2crn6bft67qpu","previousOperationId":"yybhjcccgx3zvhe"}
{"type":"operationEnd","operationId":"yybhjcccgx3zvhe","timestamp":1767173899198,"id":"rfe8wiraw0f35ii","previousEventId":"z76nzkx8rgxynw5","previousOperationId":"yybhjcccgx3zvhe"}
{"type":"log","timestamp":1767173899198,"level":"debug","message":"Skipping storing report.","meta":{"rootId":"aa5zqljnwmkgmhc","id":"aa5zqljnwmkgmhc"},"id":"rtrg36dr5pv59u7","previousOperationId":"yybhjcccgx3zvhe"}
{"type":"log","timestamp":1767173899198,"level":"info","message":"Rendering request 3 finished in 8733 ms","meta":{"rootId":"aa5zqljnwmkgmhc","id":"aa5zqljnwmkgmhc"},"id":"9o932s2doyhbsfw","previousOperationId":"yybhjcccgx3zvhe"}
{"type":"operationEnd","subtype":"render","operationId":"6gw4iyhhewezlvv","timestamp":1767173899198,"id":"ihpd9y3ajqrg1mr","previousEventId":"rfe8wiraw0f35ii","previousOperationId":"yybhjcccgx3zvhe"}
{"type":"operationEnd","doDiffs":false,"previousEventId":"hfg2e3ym2ue9s4i","previousOperationId":"scqxqm8hjnh8hqr","operationId":"scqxqm8hjnh8hqr","timestamp":1767173899203,"id":"9yuubzfii9filrc"}
