{"type":"operationStart","subtype":"profile","data":{"_id":"nMuirtvgazUiebiK","timestamp":"2025-12-31T09:03:59.298Z","state":"running","mode":"standard","creationDate":"2025-12-31T09:03:59.307Z","modificationDate":"2025-12-31T09:03:59.307Z","shortid":"mj9Ch4X","$entitySet":"profiles","timeout":60000},"doDiffs":false,"timestamp":1767171839304,"id":"s2h7u7izixnliz9","previousOperationId":null,"operationId":"bthdiub06lrwfmh"}
{"type":"log","level":"info","message":"Render request 4 queued for execution and waiting for available worker","previousOperationId":"bthdiub06lrwfmh","timestamp":1767171839304,"id":"9tgrymlsf2poqzh"}
{"type":"operationStart","subtype":"render","name":"anonymous","previousOperationId":"bthdiub06lrwfmh","timestamp":1767171839362,"id":"qi47o335ciw57pt","previousEventId":"s2h7u7izixnliz9","operationId":"zqt4s9yhywr10gk"}
{"type":"log","timestamp":1767171839363,"level":"info","message":"Starting rendering request 4","meta":{"rootId":"ad4iybdyorzjby1","id":"ad4iybdyorzjby1"},"id":"warju4uoripe4vn","previousOperationId":"zqt4s9yhywr10gk"}
{"type":"log","timestamp":1767171839363,"level":"info","message":"Rendering anonymous template { recipe: pptx, engine: handlebars }","meta":{"rootId":"ad4iybdyorzjby1","id":"ad4iybdyorzjby1"},"id":"ajltq09re3tdwb4","previousOperationId":"zqt4s9yhywr10gk"}
{"type":"log","timestamp":1767171839363,"level":"debug","message":"Inline data specified.","meta":{"rootId":"ad4iybdyorzjby1","id":"ad4iybdyorzjby1"},"id":"x8g4ix4u6fji5sv","previousOperationId":"zqt4s9yhywr10gk"}
{"type":"log","timestamp":1767171839367,"level":"debug","message":"Base url not specified, skipping its injection.","meta":{"rootId":"ad4iybdyorzjby1","id":"ad4iybdyorzjby1"},"id":"a7n7w7d56oj1ya6","previousOperationId":"zqt4s9yhywr10gk"}
{"type":"operationStart","subtype":"engine","name":"handlebars","timestamp":1767171839368,"id":"1mxz7llrcxn0m3s","previousEventId":"qi47o335ciw57pt","operationId":"jhonx2kxewsgyai","previousOperationId":"zqt4s9yhywr10gk"}
{"type":"log","timestamp":1767171839368,"level":"debug","message":"Rendering engine handlebars","meta":{"rootId":"ad4iybdyorzjby1","id":"ad4iybdyorzjby1"},"id":"eoy2u7fqtr3sqhx","previousOperationId":"jhonx2kxewsgyai"}
{"type":"operationEnd","operationId":"jhonx2kxewsgyai","timestamp":1767171839394,"id":"bmonri2vzs01wy5","previousEventId":"1mxz7llrcxn0m3s","previousOperationId":"jhonx2kxewsgyai"}
{"type":"operationStart","subtype":"recipe","name":"pptx","timestamp":1767171839395,"id":"xxosbr9wywi3q6e","previousEventId":"bmonri2vzs01wy5","operationId":"n7ekwmv7gh5pffr","previousOperationId":"jhonx2kxewsgyai"}
{"type":"log","timestamp":1767171839396,"level":"debug","message":"Executing recipe pptx","meta":{"rootId":"ad4iybdyorzjby1","id":"ad4iybdyorzjby1"},"id":"i11h30xf26wt0o0","previousOperationId":"n7ekwmv7gh5pffr"}
{"type":"log","timestamp":1767171839422,"level":"info","message":"pptx generation is starting","meta":{"rootId":"ad4iybdyorzjby1","id":"ad4iybdyorzjby1"},"id":"jkacwxi0t2y6fad","previousOperationId":"n7ekwmv7gh5pffr"}
{"type":"log","timestamp":1767171841310,"level":"debug","message":"Starting child request to render pptx dynamic parts","meta":{"rootId":"ad4iybdyorzjby1","id":"ad4iybdyorzjby1"},"id":"8ane9hkvcrv654d","previousOperationId":"n7ekwmv7gh5pffr"}
{"type":"operationStart","subtype":"render","name":"anonymous","previousOperationId":"n7ekwmv7gh5pffr","timestamp":1767171841311,"id":"3xz2k1m5if48oq8","previousEventId":"xxosbr9wywi3q6e","operationId":"fkdpgadxgru9h0f"}
{"type":"log","timestamp":1767171841311,"level":"info","message":"Starting rendering (child) request","meta":{"rootId":"ad4iybdyorzjby1","id":"2aatjdr3ssf9g5z"},"id":"czabe27s75hpjem","previousOperationId":"fkdpgadxgru9h0f"}
{"type":"log","timestamp":1767171841311,"level":"info","message":"Rendering anonymous template { recipe: html, engine: handlebars }","meta":{"rootId":"ad4iybdyorzjby1","id":"2aatjdr3ssf9g5z"},"id":"xziouirtbgh9s5a","previousOperationId":"fkdpgadxgru9h0f"}
{"type":"log","timestamp":1767171841311,"level":"debug","message":"Inline data specified.","meta":{"rootId":"ad4iybdyorzjby1","id":"2aatjdr3ssf9g5z"},"id":"9gtb9m7qqrin5ah","previousOperationId":"fkdpgadxgru9h0f"}
{"type":"log","timestamp":1767171841319,"level":"debug","message":"Base url not specified, skipping its injection.","meta":{"rootId":"ad4iybdyorzjby1","id":"2aatjdr3ssf9g5z"},"id":"5ze93douyzjv7cm","previousOperationId":"fkdpgadxgru9h0f"}
{"type":"operationStart","subtype":"engine","name":"handlebars","timestamp":1767171841322,"id":"ckdxip5ylspnvje","previousEventId":"3xz2k1m5if48oq8","operationId":"3cnmrf8r3hh7s4f","previousOperationId":"fkdpgadxgru9h0f"}
{"type":"log","timestamp":1767171841322,"level":"debug","message":"Rendering engine handlebars","meta":{"rootId":"ad4iybdyorzjby1","id":"2aatjdr3ssf9g5z"},"id":"zdpb7vced549j22","previousOperationId":"3cnmrf8r3hh7s4f"}
{"type":"log","timestamp":1767171841540,"level":"debug","message":"(console:log) {\n  type: 'echarts@v5a',\n  width: 848,\n  height: 409,\n  option: { radar: [ [Object] ], series: [ [Object] ] }\n}","meta":{"userLevel":true,"rootId":"ad4iybdyorzjby1","id":"2aatjdr3ssf9g5z"},"id":"xkda4m4ftfpkep7","previousOperationId":"3cnmrf8r3hh7s4f"}
{"type":"operationEnd","operationId":"3cnmrf8r3hh7s4f","timestamp":1767171841551,"id":"ebmn7i5g9cdyrlj","previousEventId":"ckdxip5ylspnvje","previousOperationId":"3cnmrf8r3hh7s4f"}
{"type":"operationStart","subtype":"recipe","name":"html","timestamp":1767171841571,"id":"3wjiv7oyvwcw3ww","previousEventId":"ebmn7i5g9cdyrlj","operationId":"tglqt4r4bzcew3u","previousOperationId":"3cnmrf8r3hh7s4f"}
{"type":"log","timestamp":1767171841571,"level":"debug","message":"Executing recipe html","meta":{"rootId":"ad4iybdyorzjby1","id":"2aatjdr3ssf9g5z"},"id":"tyxodminq8hp7jg","previousOperationId":"tglqt4r4bzcew3u"}
{"type":"operationEnd","operationId":"tglqt4r4bzcew3u","timestamp":1767171841571,"id":"11wym7u2bt1b77z","previousEventId":"3wjiv7oyvwcw3ww","previousOperationId":"tglqt4r4bzcew3u"}
{"type":"log","timestamp":1767171841571,"level":"debug","message":"Skipping storing report.","meta":{"rootId":"ad4iybdyorzjby1","id":"2aatjdr3ssf9g5z"},"id":"mkhvyrmq0bf3fgy","previousOperationId":"tglqt4r4bzcew3u"}
{"type":"log","timestamp":1767171841571,"level":"info","message":"Rendering (child) request finished in 2275 ms","meta":{"rootId":"ad4iybdyorzjby1","id":"2aatjdr3ssf9g5z"},"id":"p3usr8ub12b1ck7","previousOperationId":"tglqt4r4bzcew3u"}
{"type":"operationEnd","subtype":"render","operationId":"fkdpgadxgru9h0f","timestamp":1767171841571,"id":"xwyy9ueiukdi45x","previousEventId":"11wym7u2bt1b77z","previousOperationId":"tglqt4r4bzcew3u"}
{"type":"log","timestamp":1767171847384,"level":"debug","message":"pptx successfully zipped","meta":{"rootId":"ad4iybdyorzjby1","id":"ad4iybdyorzjby1"},"id":"a0wcclkslncs9xp","previousOperationId":"n7ekwmv7gh5pffr"}
{"type":"log","timestamp":1767171847384,"level":"info","message":"pptx generation was finished","meta":{"rootId":"ad4iybdyorzjby1","id":"ad4iybdyorzjby1"},"id":"sjqgh8vee2sw359","previousOperationId":"n7ekwmv7gh5pffr"}
{"type":"operationEnd","operationId":"n7ekwmv7gh5pffr","timestamp":1767171847395,"id":"pfvtopvp0hhm7qn","previousEventId":"xxosbr9wywi3q6e","previousOperationId":"n7ekwmv7gh5pffr"}
{"type":"log","timestamp":1767171847395,"level":"debug","message":"Skipping storing report.","meta":{"rootId":"ad4iybdyorzjby1","id":"ad4iybdyorzjby1"},"id":"zaq4v0d5qbfcd5b","previousOperationId":"n7ekwmv7gh5pffr"}
{"type":"log","timestamp":1767171847395,"level":"info","message":"Rendering request 4 finished in 8099 ms","meta":{"rootId":"ad4iybdyorzjby1","id":"ad4iybdyorzjby1"},"id":"04sfgyn5inezb2f","previousOperationId":"n7ekwmv7gh5pffr"}
{"type":"operationEnd","subtype":"render","operationId":"zqt4s9yhywr10gk","timestamp":1767171847395,"id":"criyz2lja1cf93t","previousEventId":"pfvtopvp0hhm7qn","previousOperationId":"n7ekwmv7gh5pffr"}
{"type":"operationEnd","doDiffs":false,"previousEventId":"s2h7u7izixnliz9","previousOperationId":"bthdiub06lrwfmh","operationId":"bthdiub06lrwfmh","timestamp":1767171847401,"id":"h080f8l3a5tefr1"}
