{"type":"operationStart","subtype":"profile","data":{"_id":"lo9rp5h2edCBpuxP","timestamp":"2026-01-01T12:34:54.431Z","state":"running","mode":"standard","creationDate":"2026-01-01T12:34:54.439Z","modificationDate":"2026-01-01T12:34:54.440Z","shortid":"7h5yiXY","$entitySet":"profiles","timeout":60000},"doDiffs":false,"timestamp":1767270894436,"id":"z6gvgtjc2dexsh0","previousOperationId":null,"operationId":"c9u9u2fpfsdlm8c"}
{"type":"log","level":"info","message":"Render request 1 queued for execution and waiting for available worker","previousOperationId":"c9u9u2fpfsdlm8c","timestamp":1767270894437,"id":"nbu8tb7n4n5zsgn"}
{"type":"operationStart","subtype":"render","name":"anonymous","previousOperationId":"c9u9u2fpfsdlm8c","timestamp":1767270894525,"id":"86s5jljapjoovm0","previousEventId":"z6gvgtjc2dexsh0","operationId":"dct6lhq0u1cuyad"}
{"type":"log","timestamp":1767270894527,"level":"info","message":"Starting rendering request 1","meta":{"rootId":"aex3s9t4ucn79lz","id":"aex3s9t4ucn79lz"},"id":"oiagb1s3rbuesep","previousOperationId":"dct6lhq0u1cuyad"}
{"type":"log","timestamp":1767270894529,"level":"info","message":"Rendering anonymous template { recipe: pptx, engine: handlebars }","meta":{"rootId":"aex3s9t4ucn79lz","id":"aex3s9t4ucn79lz"},"id":"r2i1aiw7uwgz4kn","previousOperationId":"dct6lhq0u1cuyad"}
{"type":"log","timestamp":1767270894530,"level":"debug","message":"Inline data specified.","meta":{"rootId":"aex3s9t4ucn79lz","id":"aex3s9t4ucn79lz"},"id":"036yggcem1fw7vp","previousOperationId":"dct6lhq0u1cuyad"}
{"type":"log","timestamp":1767270894535,"level":"debug","message":"Base url not specified, skipping its injection.","meta":{"rootId":"aex3s9t4ucn79lz","id":"aex3s9t4ucn79lz"},"id":"spb18fl1i5jhazp","previousOperationId":"dct6lhq0u1cuyad"}
{"type":"operationStart","subtype":"engine","name":"handlebars","timestamp":1767270894538,"id":"xv71n6gxv3qweh3","previousEventId":"86s5jljapjoovm0","operationId":"50ew4dhdw1oksd9","previousOperationId":"dct6lhq0u1cuyad"}
{"type":"log","timestamp":1767270894538,"level":"debug","message":"Rendering engine handlebars","meta":{"rootId":"aex3s9t4ucn79lz","id":"aex3s9t4ucn79lz"},"id":"cn0ovgjswajlm5p","previousOperationId":"50ew4dhdw1oksd9"}
{"type":"operationEnd","operationId":"50ew4dhdw1oksd9","timestamp":1767270895747,"id":"jq6s66ppnlrpv76","previousEventId":"xv71n6gxv3qweh3","previousOperationId":"50ew4dhdw1oksd9"}
{"type":"operationStart","subtype":"recipe","name":"pptx","timestamp":1767270895749,"id":"bl1ktbzyq12jk9l","previousEventId":"jq6s66ppnlrpv76","operationId":"abur2b7pfc1u3t5","previousOperationId":"50ew4dhdw1oksd9"}
{"type":"log","timestamp":1767270895749,"level":"debug","message":"Executing recipe pptx","meta":{"rootId":"aex3s9t4ucn79lz","id":"aex3s9t4ucn79lz"},"id":"r5a9l89lycuzjkj","previousOperationId":"abur2b7pfc1u3t5"}
{"type":"log","timestamp":1767270896017,"level":"info","message":"pptx generation is starting","meta":{"rootId":"aex3s9t4ucn79lz","id":"aex3s9t4ucn79lz"},"id":"6ve87vmvttdyqfx","previousOperationId":"abur2b7pfc1u3t5"}
{"type":"log","timestamp":1767270898099,"level":"debug","message":"Starting child request to render pptx dynamic parts","meta":{"rootId":"aex3s9t4ucn79lz","id":"aex3s9t4ucn79lz"},"id":"o6dzywo9qfesnt7","previousOperationId":"abur2b7pfc1u3t5"}
{"type":"operationStart","subtype":"render","name":"anonymous","previousOperationId":"abur2b7pfc1u3t5","timestamp":1767270898101,"id":"hu8a0xayhworrmw","previousEventId":"bl1ktbzyq12jk9l","operationId":"dol2sgtxyle7eu8"}
{"type":"log","timestamp":1767270898101,"level":"info","message":"Starting rendering (child) request","meta":{"rootId":"aex3s9t4ucn79lz","id":"7uez5na5o4zst6t"},"id":"slcid65rqiv0ryh","previousOperationId":"dol2sgtxyle7eu8"}
{"type":"log","timestamp":1767270898102,"level":"info","message":"Rendering anonymous template { recipe: html, engine: handlebars }","meta":{"rootId":"aex3s9t4ucn79lz","id":"7uez5na5o4zst6t"},"id":"wb0xgeijizy83n4","previousOperationId":"dol2sgtxyle7eu8"}
{"type":"log","timestamp":1767270898102,"level":"debug","message":"Inline data specified.","meta":{"rootId":"aex3s9t4ucn79lz","id":"7uez5na5o4zst6t"},"id":"421wq7negu1iucz","previousOperationId":"dol2sgtxyle7eu8"}
{"type":"log","timestamp":1767270898109,"level":"debug","message":"Base url not specified, skipping its injection.","meta":{"rootId":"aex3s9t4ucn79lz","id":"7uez5na5o4zst6t"},"id":"1kmnfi681fx2khz","previousOperationId":"dol2sgtxyle7eu8"}
{"type":"operationStart","subtype":"engine","name":"handlebars","timestamp":1767270898111,"id":"5se3v68kh2v0d2o","previousEventId":"hu8a0xayhworrmw","operationId":"tj9g42yzyioxbba","previousOperationId":"dol2sgtxyle7eu8"}
{"type":"log","timestamp":1767270898111,"level":"debug","message":"Rendering engine handlebars","meta":{"rootId":"aex3s9t4ucn79lz","id":"7uez5na5o4zst6t"},"id":"h63c5nnki9qjew6","previousOperationId":"tj9g42yzyioxbba"}
{"type":"log","timestamp":1767270898405,"level":"debug","message":"(console:log) {\n  type: 'echarts@v5a',\n  width: 848,\n  height: 409,\n  option: { radar: [ [Object] ], series: [ [Object] ] }\n}","meta":{"userLevel":true,"rootId":"aex3s9t4ucn79lz","id":"7uez5na5o4zst6t"},"id":"zqhh0pc1py5ucvr","previousOperationId":"tj9g42yzyioxbba"}
{"type":"operationEnd","operationId":"tj9g42yzyioxbba","timestamp":1767270898421,"id":"ektfj2mmbann93v","previousEventId":"5se3v68kh2v0d2o","previousOperationId":"tj9g42yzyioxbba"}
{"type":"operationStart","subtype":"recipe","name":"html","timestamp":1767270898444,"id":"cru2u7yt9c36s34","previousEventId":"ektfj2mmbann93v","operationId":"4okhrutphjhi7qm","previousOperationId":"tj9g42yzyioxbba"}
{"type":"log","timestamp":1767270898444,"level":"debug","message":"Executing recipe html","meta":{"rootId":"aex3s9t4ucn79lz","id":"7uez5na5o4zst6t"},"id":"na8dsajr1v42pmv","previousOperationId":"4okhrutphjhi7qm"}
{"type":"operationEnd","operationId":"4okhrutphjhi7qm","timestamp":1767270898445,"id":"jj7w0ih1rabsp58","previousEventId":"cru2u7yt9c36s34","previousOperationId":"4okhrutphjhi7qm"}
{"type":"log","timestamp":1767270898446,"level":"debug","message":"Skipping storing report.","meta":{"rootId":"aex3s9t4ucn79lz","id":"7uez5na5o4zst6t"},"id":"df6ubaku7pwlz36","previousOperationId":"4okhrutphjhi7qm"}
{"type":"log","timestamp":1767270898446,"level":"info","message":"Rendering (child) request finished in 4017 ms","meta":{"rootId":"aex3s9t4ucn79lz","id":"7uez5na5o4zst6t"},"id":"41gnd8zvocetyfy","previousOperationId":"4okhrutphjhi7qm"}
{"type":"operationEnd","subtype":"render","operationId":"dol2sgtxyle7eu8","timestamp":1767270898446,"id":"qz2nfld55d51kah","previousEventId":"jj7w0ih1rabsp58","previousOperationId":"4okhrutphjhi7qm"}
{"type":"log","timestamp":1767270906694,"level":"debug","message":"pptx successfully zipped","meta":{"rootId":"aex3s9t4ucn79lz","id":"aex3s9t4ucn79lz"},"id":"ns60a4n7727lolo","previousOperationId":"abur2b7pfc1u3t5"}
{"type":"log","timestamp":1767270906694,"level":"info","message":"pptx generation was finished","meta":{"rootId":"aex3s9t4ucn79lz","id":"aex3s9t4ucn79lz"},"id":"ojmg7553yxu37lo","previousOperationId":"abur2b7pfc1u3t5"}
{"type":"operationEnd","operationId":"abur2b7pfc1u3t5","timestamp":1767270906710,"id":"j8wzvhlvnw7plu8","previousEventId":"bl1ktbzyq12jk9l","previousOperationId":"abur2b7pfc1u3t5"}
{"type":"log","timestamp":1767270906710,"level":"debug","message":"Skipping storing report.","meta":{"rootId":"aex3s9t4ucn79lz","id":"aex3s9t4ucn79lz"},"id":"gx32srjjucv73rj","previousOperationId":"abur2b7pfc1u3t5"}
{"type":"log","timestamp":1767270906710,"level":"info","message":"Rendering request 1 finished in 12281 ms","meta":{"rootId":"aex3s9t4ucn79lz","id":"aex3s9t4ucn79lz"},"id":"l2ppl4u5m5xmylb","previousOperationId":"abur2b7pfc1u3t5"}
{"type":"operationEnd","subtype":"render","operationId":"dct6lhq0u1cuyad","timestamp":1767270906710,"id":"wg37tbw8fr4pbs3","previousEventId":"j8wzvhlvnw7plu8","previousOperationId":"abur2b7pfc1u3t5"}
{"type":"operationEnd","doDiffs":false,"previousEventId":"z6gvgtjc2dexsh0","previousOperationId":"c9u9u2fpfsdlm8c","operationId":"c9u9u2fpfsdlm8c","timestamp":1767270906719,"id":"l4vuimnw60qgvjf"}
