{"type":"operationStart","subtype":"profile","data":{"_id":"XziRCte1aZireMib","timestamp":"2025-12-28T19:03:49.194Z","state":"running","mode":"standard","creationDate":"2025-12-28T19:03:49.201Z","modificationDate":"2025-12-28T19:03:49.201Z","shortid":"6Ow9r7Y","$entitySet":"profiles","timeout":60000},"doDiffs":false,"timestamp":1766948629198,"id":"85h9tox55rhe44i","previousOperationId":null,"operationId":"gdsr8aonwqui5rx"}
{"type":"log","level":"info","message":"Render request 3 queued for execution and waiting for available worker","previousOperationId":"gdsr8aonwqui5rx","timestamp":1766948629198,"id":"523huykbcjkwf2o"}
{"type":"operationStart","subtype":"render","name":"anonymous","previousOperationId":"gdsr8aonwqui5rx","timestamp":1766948629274,"id":"rrk9bwx1ncc8hz9","previousEventId":"85h9tox55rhe44i","operationId":"raygabtkotykus6"}
{"type":"log","timestamp":1766948629275,"level":"info","message":"Starting rendering request 3","meta":{"rootId":"af8hhwk733wj920","id":"af8hhwk733wj920"},"id":"iqpcv26e581voxk","previousOperationId":"raygabtkotykus6"}
{"type":"log","timestamp":1766948629275,"level":"info","message":"Rendering anonymous template { recipe: pptx, engine: handlebars }","meta":{"rootId":"af8hhwk733wj920","id":"af8hhwk733wj920"},"id":"djv92b1bgerqya8","previousOperationId":"raygabtkotykus6"}
{"type":"log","timestamp":1766948629275,"level":"debug","message":"Inline data specified.","meta":{"rootId":"af8hhwk733wj920","id":"af8hhwk733wj920"},"id":"m08l1k9u5ep37mb","previousOperationId":"raygabtkotykus6"}
{"type":"log","timestamp":1766948629279,"level":"debug","message":"Base url not specified, skipping its injection.","meta":{"rootId":"af8hhwk733wj920","id":"af8hhwk733wj920"},"id":"o8qyc6cp6cdcvlf","previousOperationId":"raygabtkotykus6"}
{"type":"operationStart","subtype":"engine","name":"handlebars","timestamp":1766948629280,"id":"lebkqhn0o86xglc","previousEventId":"rrk9bwx1ncc8hz9","operationId":"ozt584z4k1jyit9","previousOperationId":"raygabtkotykus6"}
{"type":"log","timestamp":1766948629280,"level":"debug","message":"Rendering engine handlebars","meta":{"rootId":"af8hhwk733wj920","id":"af8hhwk733wj920"},"id":"tmn98kuudk2kvpg","previousOperationId":"ozt584z4k1jyit9"}
{"type":"operationEnd","operationId":"ozt584z4k1jyit9","timestamp":1766948629304,"id":"aw737ni65qcglro","previousEventId":"lebkqhn0o86xglc","previousOperationId":"ozt584z4k1jyit9"}
{"type":"operationStart","subtype":"recipe","name":"pptx","timestamp":1766948629305,"id":"pgsj3wr0c9swseg","previousEventId":"aw737ni65qcglro","operationId":"oj4ntml2xa4sma1","previousOperationId":"ozt584z4k1jyit9"}
{"type":"log","timestamp":1766948629305,"level":"debug","message":"Executing recipe pptx","meta":{"rootId":"af8hhwk733wj920","id":"af8hhwk733wj920"},"id":"fqfdzw8syruuttb","previousOperationId":"oj4ntml2xa4sma1"}
{"type":"log","timestamp":1766948629326,"level":"info","message":"pptx generation is starting","meta":{"rootId":"af8hhwk733wj920","id":"af8hhwk733wj920"},"id":"t6buamyg0pfmh7u","previousOperationId":"oj4ntml2xa4sma1"}
{"type":"log","timestamp":1766948630524,"level":"debug","message":"Starting child request to render pptx dynamic parts","meta":{"rootId":"af8hhwk733wj920","id":"af8hhwk733wj920"},"id":"v6aouyc5am5cda7","previousOperationId":"oj4ntml2xa4sma1"}
{"type":"operationStart","subtype":"render","name":"anonymous","previousOperationId":"oj4ntml2xa4sma1","timestamp":1766948630525,"id":"e1bkvw8uvgqy7wn","previousEventId":"pgsj3wr0c9swseg","operationId":"bd6wdp7pjwz48xu"}
{"type":"log","timestamp":1766948630525,"level":"info","message":"Starting rendering (child) request","meta":{"rootId":"af8hhwk733wj920","id":"m4g1ea2jjeqjw6j"},"id":"wz4mp07n2o9e0ol","previousOperationId":"bd6wdp7pjwz48xu"}
{"type":"log","timestamp":1766948630525,"level":"info","message":"Rendering anonymous template { recipe: html, engine: handlebars }","meta":{"rootId":"af8hhwk733wj920","id":"m4g1ea2jjeqjw6j"},"id":"0ut8qw4f26xekgk","previousOperationId":"bd6wdp7pjwz48xu"}
{"type":"log","timestamp":1766948630525,"level":"debug","message":"Inline data specified.","meta":{"rootId":"af8hhwk733wj920","id":"m4g1ea2jjeqjw6j"},"id":"e754y1qjyw46o9g","previousOperationId":"bd6wdp7pjwz48xu"}
{"type":"log","timestamp":1766948630529,"level":"debug","message":"Base url not specified, skipping its injection.","meta":{"rootId":"af8hhwk733wj920","id":"m4g1ea2jjeqjw6j"},"id":"jsngulfi026cfj2","previousOperationId":"bd6wdp7pjwz48xu"}
{"type":"operationStart","subtype":"engine","name":"handlebars","timestamp":1766948630531,"id":"4l413r1fvb4v9vm","previousEventId":"e1bkvw8uvgqy7wn","operationId":"7hmfa38saaxfo34","previousOperationId":"bd6wdp7pjwz48xu"}
{"type":"log","timestamp":1766948630531,"level":"debug","message":"Rendering engine handlebars","meta":{"rootId":"af8hhwk733wj920","id":"m4g1ea2jjeqjw6j"},"id":"sp1zl84axwylv7b","previousOperationId":"7hmfa38saaxfo34"}
{"type":"log","timestamp":1766948630639,"level":"debug","message":"(console:log) {\n  type: 'echarts@v5a',\n  width: 848,\n  height: 409,\n  option: { radar: [ [Object] ], series: [ [Object] ] }\n}","meta":{"userLevel":true,"rootId":"af8hhwk733wj920","id":"m4g1ea2jjeqjw6j"},"id":"w49n69q5j8ezryo","previousOperationId":"7hmfa38saaxfo34"}
{"type":"operationEnd","operationId":"7hmfa38saaxfo34","timestamp":1766948630645,"id":"as57olilu6sr3t5","previousEventId":"4l413r1fvb4v9vm","previousOperationId":"7hmfa38saaxfo34"}
{"type":"operationStart","subtype":"recipe","name":"html","timestamp":1766948630658,"id":"dh4fgi4kr6ex7u5","previousEventId":"as57olilu6sr3t5","operationId":"oozot6mavm85wel","previousOperationId":"7hmfa38saaxfo34"}
{"type":"log","timestamp":1766948630658,"level":"debug","message":"Executing recipe html","meta":{"rootId":"af8hhwk733wj920","id":"m4g1ea2jjeqjw6j"},"id":"ocd9w7cc2sr01l2","previousOperationId":"oozot6mavm85wel"}
{"type":"operationEnd","operationId":"oozot6mavm85wel","timestamp":1766948630658,"id":"74ks1vpqkwbxooa","previousEventId":"dh4fgi4kr6ex7u5","previousOperationId":"oozot6mavm85wel"}
{"type":"log","timestamp":1766948630659,"level":"debug","message":"Skipping storing report.","meta":{"rootId":"af8hhwk733wj920","id":"m4g1ea2jjeqjw6j"},"id":"9c7aze3wvsl0c13","previousOperationId":"oozot6mavm85wel"}
{"type":"log","timestamp":1766948630659,"level":"info","message":"Rendering (child) request finished in 1470 ms","meta":{"rootId":"af8hhwk733wj920","id":"m4g1ea2jjeqjw6j"},"id":"88i45rdfanc79fj","previousOperationId":"oozot6mavm85wel"}
{"type":"operationEnd","subtype":"render","operationId":"bd6wdp7pjwz48xu","timestamp":1766948630659,"id":"vvemshzn08vlnwq","previousEventId":"74ks1vpqkwbxooa","previousOperationId":"oozot6mavm85wel"}
{"type":"log","timestamp":1766948634784,"level":"debug","message":"pptx successfully zipped","meta":{"rootId":"af8hhwk733wj920","id":"af8hhwk733wj920"},"id":"qt61ug145zu90uq","previousOperationId":"oj4ntml2xa4sma1"}
{"type":"log","timestamp":1766948634785,"level":"info","message":"pptx generation was finished","meta":{"rootId":"af8hhwk733wj920","id":"af8hhwk733wj920"},"id":"3xcr221cxtrbs3d","previousOperationId":"oj4ntml2xa4sma1"}
{"type":"operationEnd","operationId":"oj4ntml2xa4sma1","timestamp":1766948634794,"id":"p5dh16hzelihhbe","previousEventId":"pgsj3wr0c9swseg","previousOperationId":"oj4ntml2xa4sma1"}
{"type":"log","timestamp":1766948634794,"level":"debug","message":"Skipping storing report.","meta":{"rootId":"af8hhwk733wj920","id":"af8hhwk733wj920"},"id":"tzij6w4uq6n3mnk","previousOperationId":"oj4ntml2xa4sma1"}
{"type":"log","timestamp":1766948634794,"level":"info","message":"Rendering request 3 finished in 5605 ms","meta":{"rootId":"af8hhwk733wj920","id":"af8hhwk733wj920"},"id":"xmiups6c9z2xjpr","previousOperationId":"oj4ntml2xa4sma1"}
{"type":"operationEnd","subtype":"render","operationId":"raygabtkotykus6","timestamp":1766948634794,"id":"nhptzqa0ourqhsz","previousEventId":"p5dh16hzelihhbe","previousOperationId":"oj4ntml2xa4sma1"}
{"type":"operationEnd","doDiffs":false,"previousEventId":"85h9tox55rhe44i","previousOperationId":"gdsr8aonwqui5rx","operationId":"gdsr8aonwqui5rx","timestamp":1766948634799,"id":"9yzx6g9uwngaddu"}
