{"type":"operationStart","subtype":"profile","data":{"_id":"Cdkay0Ftzak1aTHP","timestamp":"2025-12-27T14:53:55.617Z","state":"running","mode":"standard","creationDate":"2025-12-27T14:53:55.623Z","modificationDate":"2025-12-27T14:53:55.623Z","shortid":"BDb3kaK","$entitySet":"profiles","timeout":60000},"doDiffs":false,"timestamp":1766847235620,"id":"ryxar748wd4jfs3","previousOperationId":null,"operationId":"1g0jflj4wiyqw1u"}
{"type":"log","level":"info","message":"Render request 1 queued for execution and waiting for available worker","previousOperationId":"1g0jflj4wiyqw1u","timestamp":1766847235620,"id":"zv3f2yuz69s6b0h"}
{"type":"operationStart","subtype":"render","name":"anonymous","previousOperationId":"1g0jflj4wiyqw1u","timestamp":1766847235684,"id":"pvf39o6xnye5sa8","previousEventId":"ryxar748wd4jfs3","operationId":"21qkvtteysa94k4"}
{"type":"log","timestamp":1766847235685,"level":"info","message":"Starting rendering request 1","meta":{"rootId":"afecp6boc363wqy","id":"afecp6boc363wqy"},"id":"oeptnx8rac8zngo","previousOperationId":"21qkvtteysa94k4"}
{"type":"log","timestamp":1766847235688,"level":"info","message":"Rendering anonymous template { recipe: pptx, engine: handlebars }","meta":{"rootId":"afecp6boc363wqy","id":"afecp6boc363wqy"},"id":"916qnlkyklz81ou","previousOperationId":"21qkvtteysa94k4"}
{"type":"log","timestamp":1766847235688,"level":"debug","message":"Inline data specified.","meta":{"rootId":"afecp6boc363wqy","id":"afecp6boc363wqy"},"id":"i49wl0xg7gfq3qh","previousOperationId":"21qkvtteysa94k4"}
{"type":"log","timestamp":1766847235693,"level":"debug","message":"Base url not specified, skipping its injection.","meta":{"rootId":"afecp6boc363wqy","id":"afecp6boc363wqy"},"id":"51lu3znnsc2t436","previousOperationId":"21qkvtteysa94k4"}
{"type":"operationStart","subtype":"engine","name":"handlebars","timestamp":1766847235696,"id":"7u0pbttddpmwme7","previousEventId":"pvf39o6xnye5sa8","operationId":"waw2wv4jj6ymfw9","previousOperationId":"21qkvtteysa94k4"}
{"type":"log","timestamp":1766847235696,"level":"debug","message":"Rendering engine handlebars","meta":{"rootId":"afecp6boc363wqy","id":"afecp6boc363wqy"},"id":"ypsm63oy1wd45mt","previousOperationId":"waw2wv4jj6ymfw9"}
{"type":"operationEnd","operationId":"waw2wv4jj6ymfw9","timestamp":1766847236566,"id":"8j8tqp4fm9ievqm","previousEventId":"7u0pbttddpmwme7","previousOperationId":"waw2wv4jj6ymfw9"}
{"type":"operationStart","subtype":"recipe","name":"pptx","timestamp":1766847236567,"id":"6cy3t173lb9a3yy","previousEventId":"8j8tqp4fm9ievqm","operationId":"jgobil35rjyuxux","previousOperationId":"waw2wv4jj6ymfw9"}
{"type":"log","timestamp":1766847236567,"level":"debug","message":"Executing recipe pptx","meta":{"rootId":"afecp6boc363wqy","id":"afecp6boc363wqy"},"id":"p92r5di4ki9x7ns","previousOperationId":"jgobil35rjyuxux"}
{"type":"log","timestamp":1766847236729,"level":"info","message":"pptx generation is starting","meta":{"rootId":"afecp6boc363wqy","id":"afecp6boc363wqy"},"id":"ungyx287vs27rri","previousOperationId":"jgobil35rjyuxux"}
{"type":"log","timestamp":1766847237799,"level":"debug","message":"Starting child request to render pptx dynamic parts","meta":{"rootId":"afecp6boc363wqy","id":"afecp6boc363wqy"},"id":"kayx292fpcbo6v0","previousOperationId":"jgobil35rjyuxux"}
{"type":"operationStart","subtype":"render","name":"anonymous","previousOperationId":"jgobil35rjyuxux","timestamp":1766847237800,"id":"3xq5iif4i9sj1e1","previousEventId":"6cy3t173lb9a3yy","operationId":"2iloatq793uk8xu"}
{"type":"log","timestamp":1766847237800,"level":"info","message":"Starting rendering (child) request","meta":{"rootId":"afecp6boc363wqy","id":"i91mpz6jhfrq51r"},"id":"zf5r1i7eox0z8q2","previousOperationId":"2iloatq793uk8xu"}
{"type":"log","timestamp":1766847237800,"level":"info","message":"Rendering anonymous template { recipe: html, engine: handlebars }","meta":{"rootId":"afecp6boc363wqy","id":"i91mpz6jhfrq51r"},"id":"ezqmfyg1kepptbm","previousOperationId":"2iloatq793uk8xu"}
{"type":"log","timestamp":1766847237800,"level":"debug","message":"Inline data specified.","meta":{"rootId":"afecp6boc363wqy","id":"i91mpz6jhfrq51r"},"id":"0u3cbos6n1yh70u","previousOperationId":"2iloatq793uk8xu"}
{"type":"log","timestamp":1766847237806,"level":"debug","message":"Base url not specified, skipping its injection.","meta":{"rootId":"afecp6boc363wqy","id":"i91mpz6jhfrq51r"},"id":"r732uwxe01xq84i","previousOperationId":"2iloatq793uk8xu"}
{"type":"operationStart","subtype":"engine","name":"handlebars","timestamp":1766847237808,"id":"ivkphpns1og99pk","previousEventId":"3xq5iif4i9sj1e1","operationId":"1cli3bp4jpj1fjp","previousOperationId":"2iloatq793uk8xu"}
{"type":"log","timestamp":1766847237808,"level":"debug","message":"Rendering engine handlebars","meta":{"rootId":"afecp6boc363wqy","id":"i91mpz6jhfrq51r"},"id":"bcharrkaqcr34wc","previousOperationId":"1cli3bp4jpj1fjp"}
{"type":"operationEnd","operationId":"1cli3bp4jpj1fjp","timestamp":1766847237941,"id":"ukjj9tsrfcxydnf","previousEventId":"ivkphpns1og99pk","previousOperationId":"1cli3bp4jpj1fjp"}
{"type":"operationStart","subtype":"recipe","name":"html","timestamp":1766847237950,"id":"4oj7qyfx28x8502","previousEventId":"ukjj9tsrfcxydnf","operationId":"2tjehnvf9r917i5","previousOperationId":"1cli3bp4jpj1fjp"}
{"type":"log","timestamp":1766847237950,"level":"debug","message":"Executing recipe html","meta":{"rootId":"afecp6boc363wqy","id":"i91mpz6jhfrq51r"},"id":"r7bqno5jz7kw7fw","previousOperationId":"2tjehnvf9r917i5"}
{"type":"operationEnd","operationId":"2tjehnvf9r917i5","timestamp":1766847237950,"id":"h5etyl776po33fo","previousEventId":"4oj7qyfx28x8502","previousOperationId":"2tjehnvf9r917i5"}
{"type":"log","timestamp":1766847237951,"level":"debug","message":"Skipping storing report.","meta":{"rootId":"afecp6boc363wqy","id":"i91mpz6jhfrq51r"},"id":"e7sxs0dkrv2jqko","previousOperationId":"2tjehnvf9r917i5"}
{"type":"log","timestamp":1766847237951,"level":"info","message":"Rendering (child) request finished in 2337 ms","meta":{"rootId":"afecp6boc363wqy","id":"i91mpz6jhfrq51r"},"id":"b7d6jnsm38icmox","previousOperationId":"2tjehnvf9r917i5"}
{"type":"operationEnd","subtype":"render","operationId":"2iloatq793uk8xu","timestamp":1766847237951,"id":"hj1bfdwjr9m6gxb","previousEventId":"h5etyl776po33fo","previousOperationId":"2tjehnvf9r917i5"}
{"type":"log","timestamp":1766847242170,"level":"debug","message":"pptx successfully zipped","meta":{"rootId":"afecp6boc363wqy","id":"afecp6boc363wqy"},"id":"lt1ne9q41uby3bx","previousOperationId":"jgobil35rjyuxux"}
{"type":"log","timestamp":1766847242170,"level":"info","message":"pptx generation was finished","meta":{"rootId":"afecp6boc363wqy","id":"afecp6boc363wqy"},"id":"2hztcuf9kno6bkn","previousOperationId":"jgobil35rjyuxux"}
{"type":"operationEnd","operationId":"jgobil35rjyuxux","timestamp":1766847242183,"id":"yhwnka9w0h3hckw","previousEventId":"6cy3t173lb9a3yy","previousOperationId":"jgobil35rjyuxux"}
{"type":"log","timestamp":1766847242183,"level":"debug","message":"Skipping storing report.","meta":{"rootId":"afecp6boc363wqy","id":"afecp6boc363wqy"},"id":"r0wu8uvlzi8dr1t","previousOperationId":"jgobil35rjyuxux"}
{"type":"log","timestamp":1766847242183,"level":"info","message":"Rendering request 1 finished in 6569 ms","meta":{"rootId":"afecp6boc363wqy","id":"afecp6boc363wqy"},"id":"w91ltsu22j1q5ub","previousOperationId":"jgobil35rjyuxux"}
{"type":"operationEnd","subtype":"render","operationId":"21qkvtteysa94k4","timestamp":1766847242183,"id":"m17v3w43jldmxww","previousEventId":"yhwnka9w0h3hckw","previousOperationId":"jgobil35rjyuxux"}
{"type":"operationEnd","doDiffs":false,"previousEventId":"ryxar748wd4jfs3","previousOperationId":"1g0jflj4wiyqw1u","operationId":"1g0jflj4wiyqw1u","timestamp":1766847242191,"id":"4cyy0x05c2xj095"}
