{"type":"operationStart","subtype":"profile","data":{"_id":"fMEiRIvIqnEayZ1g","timestamp":"2025-12-07T18:34:57.082Z","state":"running","mode":"standard","creationDate":"2025-12-07T18:34:57.096Z","modificationDate":"2025-12-07T18:34:57.097Z","shortid":"ht12wTK","$entitySet":"profiles","timeout":60000},"doDiffs":false,"timestamp":1765132497093,"id":"ave52mtnzlbm2oh","previousOperationId":null,"operationId":"5106ll7sem6w7n1"}
{"type":"log","level":"info","message":"Render request 2 queued for execution and waiting for available worker","previousOperationId":"5106ll7sem6w7n1","timestamp":1765132497093,"id":"nrpjq07qxuvqtiw"}
{"type":"operationStart","subtype":"render","name":"anonymous","previousOperationId":"5106ll7sem6w7n1","timestamp":1765132497154,"id":"0w4i444bzwoup8r","previousEventId":"ave52mtnzlbm2oh","operationId":"ykhmskrirrki5el"}
{"type":"log","timestamp":1765132497155,"level":"info","message":"Starting rendering request 2","meta":{"rootId":"ag2l0tiw6i70fjx","id":"ag2l0tiw6i70fjx"},"id":"c0130bt101qi5bb","previousOperationId":"ykhmskrirrki5el"}
{"type":"log","timestamp":1765132497158,"level":"info","message":"Rendering anonymous template { recipe: pptx, engine: handlebars }","meta":{"rootId":"ag2l0tiw6i70fjx","id":"ag2l0tiw6i70fjx"},"id":"7mr759d4goz1dpw","previousOperationId":"ykhmskrirrki5el"}
{"type":"log","timestamp":1765132497159,"level":"debug","message":"Inline data specified.","meta":{"rootId":"ag2l0tiw6i70fjx","id":"ag2l0tiw6i70fjx"},"id":"3umvdz3x202gxhd","previousOperationId":"ykhmskrirrki5el"}
{"type":"log","timestamp":1765132497164,"level":"debug","message":"Base url not specified, skipping its injection.","meta":{"rootId":"ag2l0tiw6i70fjx","id":"ag2l0tiw6i70fjx"},"id":"7e0x8qx5cx8cvc2","previousOperationId":"ykhmskrirrki5el"}
{"type":"operationStart","subtype":"engine","name":"handlebars","timestamp":1765132497168,"id":"0vazs6molc15dfm","previousEventId":"0w4i444bzwoup8r","operationId":"kgp3fv75duyh5m1","previousOperationId":"ykhmskrirrki5el"}
{"type":"log","timestamp":1765132497168,"level":"debug","message":"Rendering engine handlebars","meta":{"rootId":"ag2l0tiw6i70fjx","id":"ag2l0tiw6i70fjx"},"id":"1oe2zvu0mh7u5el","previousOperationId":"kgp3fv75duyh5m1"}
{"type":"operationEnd","operationId":"kgp3fv75duyh5m1","timestamp":1765132498379,"id":"bq3qdks5fdbdqdj","previousEventId":"0vazs6molc15dfm","previousOperationId":"kgp3fv75duyh5m1"}
{"type":"operationStart","subtype":"recipe","name":"pptx","timestamp":1765132498380,"id":"gkqo8jssqosy5tz","previousEventId":"bq3qdks5fdbdqdj","operationId":"w7wgbmxf55nbhxd","previousOperationId":"kgp3fv75duyh5m1"}
{"type":"log","timestamp":1765132498381,"level":"debug","message":"Executing recipe pptx","meta":{"rootId":"ag2l0tiw6i70fjx","id":"ag2l0tiw6i70fjx"},"id":"tukurnlc8d7iikr","previousOperationId":"w7wgbmxf55nbhxd"}
{"type":"log","timestamp":1765132498630,"level":"info","message":"pptx generation is starting","meta":{"rootId":"ag2l0tiw6i70fjx","id":"ag2l0tiw6i70fjx"},"id":"7eab485paijgzzt","previousOperationId":"w7wgbmxf55nbhxd"}
{"type":"log","timestamp":1765132500340,"level":"debug","message":"Starting child request to render pptx dynamic parts","meta":{"rootId":"ag2l0tiw6i70fjx","id":"ag2l0tiw6i70fjx"},"id":"hgevpea8zm6xmlh","previousOperationId":"w7wgbmxf55nbhxd"}
{"type":"operationStart","subtype":"render","name":"anonymous","previousOperationId":"w7wgbmxf55nbhxd","timestamp":1765132500341,"id":"hev3dlibgu7zeuo","previousEventId":"gkqo8jssqosy5tz","operationId":"ekoz2q2mdrkyd08"}
{"type":"log","timestamp":1765132500341,"level":"info","message":"Starting rendering (child) request","meta":{"rootId":"ag2l0tiw6i70fjx","id":"si4ty5vuon82jeb"},"id":"2ngv5f400s6nfze","previousOperationId":"ekoz2q2mdrkyd08"}
{"type":"log","timestamp":1765132500342,"level":"info","message":"Rendering anonymous template { recipe: html, engine: handlebars }","meta":{"rootId":"ag2l0tiw6i70fjx","id":"si4ty5vuon82jeb"},"id":"3qt67vrsegiyf3f","previousOperationId":"ekoz2q2mdrkyd08"}
{"type":"log","timestamp":1765132500342,"level":"debug","message":"Inline data specified.","meta":{"rootId":"ag2l0tiw6i70fjx","id":"si4ty5vuon82jeb"},"id":"9nk61dv03h5ls7n","previousOperationId":"ekoz2q2mdrkyd08"}
{"type":"log","timestamp":1765132500349,"level":"debug","message":"Base url not specified, skipping its injection.","meta":{"rootId":"ag2l0tiw6i70fjx","id":"si4ty5vuon82jeb"},"id":"gl9qyf2h74191c5","previousOperationId":"ekoz2q2mdrkyd08"}
{"type":"operationStart","subtype":"engine","name":"handlebars","timestamp":1765132500351,"id":"2bicoc6hxmvhzbv","previousEventId":"hev3dlibgu7zeuo","operationId":"f1v7epy8ye0fh5d","previousOperationId":"ekoz2q2mdrkyd08"}
{"type":"log","timestamp":1765132500351,"level":"debug","message":"Rendering engine handlebars","meta":{"rootId":"ag2l0tiw6i70fjx","id":"si4ty5vuon82jeb"},"id":"taoy7tkvjipmmzv","previousOperationId":"f1v7epy8ye0fh5d"}
{"type":"operationEnd","operationId":"f1v7epy8ye0fh5d","timestamp":1765132500509,"id":"6gkkbiz122xkocr","previousEventId":"2bicoc6hxmvhzbv","previousOperationId":"f1v7epy8ye0fh5d"}
{"type":"operationStart","subtype":"recipe","name":"html","timestamp":1765132500524,"id":"poho7479aalinvh","previousEventId":"6gkkbiz122xkocr","operationId":"30gvm21y00sjo5p","previousOperationId":"f1v7epy8ye0fh5d"}
{"type":"log","timestamp":1765132500524,"level":"debug","message":"Executing recipe html","meta":{"rootId":"ag2l0tiw6i70fjx","id":"si4ty5vuon82jeb"},"id":"kc1d4xw0tnjsttw","previousOperationId":"30gvm21y00sjo5p"}
{"type":"operationEnd","operationId":"30gvm21y00sjo5p","timestamp":1765132500525,"id":"tt2t9o5uy6f8pyr","previousEventId":"poho7479aalinvh","previousOperationId":"30gvm21y00sjo5p"}
{"type":"log","timestamp":1765132500526,"level":"debug","message":"Skipping storing report.","meta":{"rootId":"ag2l0tiw6i70fjx","id":"si4ty5vuon82jeb"},"id":"cer2qtnpijzxoqg","previousOperationId":"30gvm21y00sjo5p"}
{"type":"log","timestamp":1765132500526,"level":"info","message":"Rendering (child) request finished in 3446 ms","meta":{"rootId":"ag2l0tiw6i70fjx","id":"si4ty5vuon82jeb"},"id":"4lx0rcgru5aioxi","previousOperationId":"30gvm21y00sjo5p"}
{"type":"operationEnd","subtype":"render","operationId":"ekoz2q2mdrkyd08","timestamp":1765132500526,"id":"v6mqkk8rgfhpdxd","previousEventId":"tt2t9o5uy6f8pyr","previousOperationId":"30gvm21y00sjo5p"}
{"type":"log","timestamp":1765132511408,"level":"debug","message":"pptx successfully zipped","meta":{"rootId":"ag2l0tiw6i70fjx","id":"ag2l0tiw6i70fjx"},"id":"u921by48bdhw6vq","previousOperationId":"w7wgbmxf55nbhxd"}
{"type":"log","timestamp":1765132511408,"level":"info","message":"pptx generation was finished","meta":{"rootId":"ag2l0tiw6i70fjx","id":"ag2l0tiw6i70fjx"},"id":"apf6vxbpxehs80u","previousOperationId":"w7wgbmxf55nbhxd"}
{"type":"operationEnd","operationId":"w7wgbmxf55nbhxd","timestamp":1765132511422,"id":"zl665wdu2k0kndh","previousEventId":"gkqo8jssqosy5tz","previousOperationId":"w7wgbmxf55nbhxd"}
{"type":"log","timestamp":1765132511422,"level":"debug","message":"Skipping storing report.","meta":{"rootId":"ag2l0tiw6i70fjx","id":"ag2l0tiw6i70fjx"},"id":"f4vi98hvcy6gamq","previousOperationId":"w7wgbmxf55nbhxd"}
{"type":"log","timestamp":1765132511423,"level":"info","message":"Rendering request 2 finished in 14343 ms","meta":{"rootId":"ag2l0tiw6i70fjx","id":"ag2l0tiw6i70fjx"},"id":"579junukxw7ubbs","previousOperationId":"w7wgbmxf55nbhxd"}
{"type":"operationEnd","subtype":"render","operationId":"ykhmskrirrki5el","timestamp":1765132511423,"id":"6c8jztnoxfaky4k","previousEventId":"zl665wdu2k0kndh","previousOperationId":"w7wgbmxf55nbhxd"}
{"type":"operationEnd","doDiffs":false,"previousEventId":"ave52mtnzlbm2oh","previousOperationId":"5106ll7sem6w7n1","operationId":"5106ll7sem6w7n1","timestamp":1765132511428,"id":"bi7676mdazg2a9k"}
