{"type":"operationStart","subtype":"profile","data":{"_id":"dpwu5yTuryRUrgtA","timestamp":"2025-12-26T12:26:09.440Z","state":"running","mode":"standard","creationDate":"2025-12-26T12:26:09.447Z","modificationDate":"2025-12-26T12:26:09.447Z","shortid":"uTrPZdy","$entitySet":"profiles","timeout":60000},"doDiffs":false,"timestamp":1766751969444,"id":"861z53j4mqu6wt0","previousOperationId":null,"operationId":"eimdrhy7jqylht3"}
{"type":"log","level":"info","message":"Render request 1 queued for execution and waiting for available worker","previousOperationId":"eimdrhy7jqylht3","timestamp":1766751969444,"id":"kfpuesa1yfhjjbv"}
{"type":"operationStart","subtype":"render","name":"anonymous","previousOperationId":"eimdrhy7jqylht3","timestamp":1766751969548,"id":"79skf3otfir97c2","previousEventId":"861z53j4mqu6wt0","operationId":"9c0lg9k4ddryxmy"}
{"type":"log","timestamp":1766751969549,"level":"info","message":"Starting rendering request 1","meta":{"rootId":"aj350ewjjj9f93s","id":"aj350ewjjj9f93s"},"id":"tiptbphuaa9jibu","previousOperationId":"9c0lg9k4ddryxmy"}
{"type":"log","timestamp":1766751969552,"level":"info","message":"Rendering anonymous template { recipe: pptx, engine: handlebars }","meta":{"rootId":"aj350ewjjj9f93s","id":"aj350ewjjj9f93s"},"id":"fo3601flo91bkhs","previousOperationId":"9c0lg9k4ddryxmy"}
{"type":"log","timestamp":1766751969552,"level":"debug","message":"Inline data specified.","meta":{"rootId":"aj350ewjjj9f93s","id":"aj350ewjjj9f93s"},"id":"koelvfwf6be61cv","previousOperationId":"9c0lg9k4ddryxmy"}
{"type":"log","timestamp":1766751969558,"level":"debug","message":"Base url not specified, skipping its injection.","meta":{"rootId":"aj350ewjjj9f93s","id":"aj350ewjjj9f93s"},"id":"peqycalyhw5oa7m","previousOperationId":"9c0lg9k4ddryxmy"}
{"type":"operationStart","subtype":"engine","name":"handlebars","timestamp":1766751969562,"id":"loq64ghwwp2mnc3","previousEventId":"79skf3otfir97c2","operationId":"p13kuxkbyxebebo","previousOperationId":"9c0lg9k4ddryxmy"}
{"type":"log","timestamp":1766751969562,"level":"debug","message":"Rendering engine handlebars","meta":{"rootId":"aj350ewjjj9f93s","id":"aj350ewjjj9f93s"},"id":"4paz1xyk421q3dc","previousOperationId":"p13kuxkbyxebebo"}
{"type":"operationEnd","operationId":"p13kuxkbyxebebo","timestamp":1766751970815,"id":"ynuyehip33xicyj","previousEventId":"loq64ghwwp2mnc3","previousOperationId":"p13kuxkbyxebebo"}
{"type":"operationStart","subtype":"recipe","name":"pptx","timestamp":1766751970817,"id":"b8uuxmu3iwemin5","previousEventId":"ynuyehip33xicyj","operationId":"8858ebumwvppjfl","previousOperationId":"p13kuxkbyxebebo"}
{"type":"log","timestamp":1766751970817,"level":"debug","message":"Executing recipe pptx","meta":{"rootId":"aj350ewjjj9f93s","id":"aj350ewjjj9f93s"},"id":"jmxytfichds9a4f","previousOperationId":"8858ebumwvppjfl"}
{"type":"log","timestamp":1766751971087,"level":"info","message":"pptx generation is starting","meta":{"rootId":"aj350ewjjj9f93s","id":"aj350ewjjj9f93s"},"id":"02gq8g6cmaaoqyk","previousOperationId":"8858ebumwvppjfl"}
{"type":"log","timestamp":1766751972908,"level":"debug","message":"Starting child request to render pptx dynamic parts","meta":{"rootId":"aj350ewjjj9f93s","id":"aj350ewjjj9f93s"},"id":"ne96rp2wvxx8eki","previousOperationId":"8858ebumwvppjfl"}
{"type":"operationStart","subtype":"render","name":"anonymous","previousOperationId":"8858ebumwvppjfl","timestamp":1766751972910,"id":"qkn6rsln2fzddxf","previousEventId":"b8uuxmu3iwemin5","operationId":"kkdkrh2qv652cng"}
{"type":"log","timestamp":1766751972910,"level":"info","message":"Starting rendering (child) request","meta":{"rootId":"aj350ewjjj9f93s","id":"8ev8n152gblcsib"},"id":"odvv42hdn56r4nj","previousOperationId":"kkdkrh2qv652cng"}
{"type":"log","timestamp":1766751972910,"level":"info","message":"Rendering anonymous template { recipe: html, engine: handlebars }","meta":{"rootId":"aj350ewjjj9f93s","id":"8ev8n152gblcsib"},"id":"ny4thyh570hz8n4","previousOperationId":"kkdkrh2qv652cng"}
{"type":"log","timestamp":1766751972910,"level":"debug","message":"Inline data specified.","meta":{"rootId":"aj350ewjjj9f93s","id":"8ev8n152gblcsib"},"id":"fqvvih4dbsqwut4","previousOperationId":"kkdkrh2qv652cng"}
{"type":"log","timestamp":1766751972919,"level":"debug","message":"Base url not specified, skipping its injection.","meta":{"rootId":"aj350ewjjj9f93s","id":"8ev8n152gblcsib"},"id":"ea99qvr6mzaaeuu","previousOperationId":"kkdkrh2qv652cng"}
{"type":"operationStart","subtype":"engine","name":"handlebars","timestamp":1766751972921,"id":"h1kkgt9ilhs4pyu","previousEventId":"qkn6rsln2fzddxf","operationId":"bnaaufwgvphllh4","previousOperationId":"kkdkrh2qv652cng"}
{"type":"log","timestamp":1766751972921,"level":"debug","message":"Rendering engine handlebars","meta":{"rootId":"aj350ewjjj9f93s","id":"8ev8n152gblcsib"},"id":"7pmdgnar9it8pum","previousOperationId":"bnaaufwgvphllh4"}
{"type":"operationEnd","operationId":"bnaaufwgvphllh4","timestamp":1766751973108,"id":"m9e9qkxl2e56ckz","previousEventId":"h1kkgt9ilhs4pyu","previousOperationId":"bnaaufwgvphllh4"}
{"type":"operationStart","subtype":"recipe","name":"html","timestamp":1766751973124,"id":"gu1jx6phba3jjh3","previousEventId":"m9e9qkxl2e56ckz","operationId":"o9bqzc9t0yrgndr","previousOperationId":"bnaaufwgvphllh4"}
{"type":"log","timestamp":1766751973124,"level":"debug","message":"Executing recipe html","meta":{"rootId":"aj350ewjjj9f93s","id":"8ev8n152gblcsib"},"id":"t806qnbjebpridy","previousOperationId":"o9bqzc9t0yrgndr"}
{"type":"operationEnd","operationId":"o9bqzc9t0yrgndr","timestamp":1766751973124,"id":"g90myxurzqfnbe5","previousEventId":"gu1jx6phba3jjh3","previousOperationId":"o9bqzc9t0yrgndr"}
{"type":"log","timestamp":1766751973125,"level":"debug","message":"Skipping storing report.","meta":{"rootId":"aj350ewjjj9f93s","id":"8ev8n152gblcsib"},"id":"br385rriczxqhfr","previousOperationId":"o9bqzc9t0yrgndr"}
{"type":"log","timestamp":1766751973126,"level":"info","message":"Rendering (child) request finished in 3688 ms","meta":{"rootId":"aj350ewjjj9f93s","id":"8ev8n152gblcsib"},"id":"8m7zynkfr2wycz5","previousOperationId":"o9bqzc9t0yrgndr"}
{"type":"operationEnd","subtype":"render","operationId":"kkdkrh2qv652cng","timestamp":1766751973126,"id":"3dkddiikv8lmlzo","previousEventId":"g90myxurzqfnbe5","previousOperationId":"o9bqzc9t0yrgndr"}
{"type":"log","timestamp":1766751978456,"level":"debug","message":"pptx successfully zipped","meta":{"rootId":"aj350ewjjj9f93s","id":"aj350ewjjj9f93s"},"id":"8r6667dwzgo1osb","previousOperationId":"8858ebumwvppjfl"}
{"type":"log","timestamp":1766751978456,"level":"info","message":"pptx generation was finished","meta":{"rootId":"aj350ewjjj9f93s","id":"aj350ewjjj9f93s"},"id":"1takf0rfhm9w135","previousOperationId":"8858ebumwvppjfl"}
{"type":"operationEnd","operationId":"8858ebumwvppjfl","timestamp":1766751978472,"id":"2pgdcufijtr02no","previousEventId":"b8uuxmu3iwemin5","previousOperationId":"8858ebumwvppjfl"}
{"type":"log","timestamp":1766751978472,"level":"debug","message":"Skipping storing report.","meta":{"rootId":"aj350ewjjj9f93s","id":"aj350ewjjj9f93s"},"id":"t7nvy3aq817i9wv","previousOperationId":"8858ebumwvppjfl"}
{"type":"log","timestamp":1766751978473,"level":"info","message":"Rendering request 1 finished in 9035 ms","meta":{"rootId":"aj350ewjjj9f93s","id":"aj350ewjjj9f93s"},"id":"6ozhoss9ncaxete","previousOperationId":"8858ebumwvppjfl"}
{"type":"operationEnd","subtype":"render","operationId":"9c0lg9k4ddryxmy","timestamp":1766751978473,"id":"0huuofkdelgw587","previousEventId":"2pgdcufijtr02no","previousOperationId":"8858ebumwvppjfl"}
{"type":"operationEnd","doDiffs":false,"previousEventId":"861z53j4mqu6wt0","previousOperationId":"eimdrhy7jqylht3","operationId":"eimdrhy7jqylht3","timestamp":1766751978480,"id":"43doxf5k9afskmu"}
