{"type":"operationStart","subtype":"profile","data":{"_id":"GQxWZCjLNhBGQhZq","timestamp":"2025-12-22T21:58:10.045Z","state":"running","mode":"standard","creationDate":"2025-12-22T21:58:10.048Z","modificationDate":"2025-12-22T21:58:10.048Z","shortid":"kzT2QMT","$entitySet":"profiles","timeout":60000},"doDiffs":false,"timestamp":1766440690047,"id":"ybuhd8dwjfxxooc","previousOperationId":null,"operationId":"ktt781cks2fsj10"}
{"type":"log","level":"info","message":"Render request 4 queued for execution and waiting for available worker","previousOperationId":"ktt781cks2fsj10","timestamp":1766440690047,"id":"dclvkd9hl34sn2u"}
{"type":"operationStart","subtype":"render","name":"anonymous","previousOperationId":"ktt781cks2fsj10","timestamp":1766440690092,"id":"iy6kh0wsw543bpa","previousEventId":"ybuhd8dwjfxxooc","operationId":"mm7rypib5cnbhgj"}
{"type":"log","timestamp":1766440690092,"level":"info","message":"Starting rendering request 4","meta":{"rootId":"alkiqfinstd27ck","id":"alkiqfinstd27ck"},"id":"btm3p7mv0v8e356","previousOperationId":"mm7rypib5cnbhgj"}
{"type":"log","timestamp":1766440690092,"level":"info","message":"Rendering anonymous template { recipe: pptx, engine: handlebars }","meta":{"rootId":"alkiqfinstd27ck","id":"alkiqfinstd27ck"},"id":"mubpc21uie61lo1","previousOperationId":"mm7rypib5cnbhgj"}
{"type":"log","timestamp":1766440690092,"level":"debug","message":"Inline data specified.","meta":{"rootId":"alkiqfinstd27ck","id":"alkiqfinstd27ck"},"id":"8syqw9dk1apt0ki","previousOperationId":"mm7rypib5cnbhgj"}
{"type":"log","timestamp":1766440690101,"level":"debug","message":"Base url not specified, skipping its injection.","meta":{"rootId":"alkiqfinstd27ck","id":"alkiqfinstd27ck"},"id":"hhwef74z2709rwi","previousOperationId":"mm7rypib5cnbhgj"}
{"type":"operationStart","subtype":"engine","name":"handlebars","timestamp":1766440690102,"id":"gfauae2qq7iew6r","previousEventId":"iy6kh0wsw543bpa","operationId":"txkhb36ha8nvs0r","previousOperationId":"mm7rypib5cnbhgj"}
{"type":"log","timestamp":1766440690103,"level":"debug","message":"Rendering engine handlebars","meta":{"rootId":"alkiqfinstd27ck","id":"alkiqfinstd27ck"},"id":"pky03pyqk2a7bcc","previousOperationId":"txkhb36ha8nvs0r"}
{"type":"operationEnd","operationId":"txkhb36ha8nvs0r","timestamp":1766440690123,"id":"fciogh8ksu0ogbp","previousEventId":"gfauae2qq7iew6r","previousOperationId":"txkhb36ha8nvs0r"}
{"type":"operationStart","subtype":"recipe","name":"pptx","timestamp":1766440690123,"id":"6oba3lub36p610g","previousEventId":"fciogh8ksu0ogbp","operationId":"yu0n2ogp8mnhbh0","previousOperationId":"txkhb36ha8nvs0r"}
{"type":"log","timestamp":1766440690123,"level":"debug","message":"Executing recipe pptx","meta":{"rootId":"alkiqfinstd27ck","id":"alkiqfinstd27ck"},"id":"i0o2fv43lntykb7","previousOperationId":"yu0n2ogp8mnhbh0"}
{"type":"log","timestamp":1766440690137,"level":"info","message":"pptx generation is starting","meta":{"rootId":"alkiqfinstd27ck","id":"alkiqfinstd27ck"},"id":"h3fi5ypgn09jyut","previousOperationId":"yu0n2ogp8mnhbh0"}
{"type":"log","timestamp":1766440691254,"level":"debug","message":"Starting child request to render pptx dynamic parts","meta":{"rootId":"alkiqfinstd27ck","id":"alkiqfinstd27ck"},"id":"eu6ebxg62udihes","previousOperationId":"yu0n2ogp8mnhbh0"}
{"type":"operationStart","subtype":"render","name":"anonymous","previousOperationId":"yu0n2ogp8mnhbh0","timestamp":1766440691255,"id":"9ra8pzdlpiojiki","previousEventId":"6oba3lub36p610g","operationId":"9u13m0pfkb9bfda"}
{"type":"log","timestamp":1766440691255,"level":"info","message":"Starting rendering (child) request","meta":{"rootId":"alkiqfinstd27ck","id":"jazwcsjeu7vrlod"},"id":"g9rmidbucep751x","previousOperationId":"9u13m0pfkb9bfda"}
{"type":"log","timestamp":1766440691255,"level":"info","message":"Rendering anonymous template { recipe: html, engine: handlebars }","meta":{"rootId":"alkiqfinstd27ck","id":"jazwcsjeu7vrlod"},"id":"xxqqvknl3dmvcsb","previousOperationId":"9u13m0pfkb9bfda"}
{"type":"log","timestamp":1766440691255,"level":"debug","message":"Inline data specified.","meta":{"rootId":"alkiqfinstd27ck","id":"jazwcsjeu7vrlod"},"id":"5uiku7d2ofx9tr2","previousOperationId":"9u13m0pfkb9bfda"}
{"type":"log","timestamp":1766440691260,"level":"debug","message":"Base url not specified, skipping its injection.","meta":{"rootId":"alkiqfinstd27ck","id":"jazwcsjeu7vrlod"},"id":"05jx7zu83bg3wam","previousOperationId":"9u13m0pfkb9bfda"}
{"type":"operationStart","subtype":"engine","name":"handlebars","timestamp":1766440691261,"id":"1ykznrewxbmlcdq","previousEventId":"9ra8pzdlpiojiki","operationId":"60ochprmjtmoe3b","previousOperationId":"9u13m0pfkb9bfda"}
{"type":"log","timestamp":1766440691261,"level":"debug","message":"Rendering engine handlebars","meta":{"rootId":"alkiqfinstd27ck","id":"jazwcsjeu7vrlod"},"id":"lov6zwmf5sjjj1f","previousOperationId":"60ochprmjtmoe3b"}
{"type":"operationEnd","operationId":"60ochprmjtmoe3b","timestamp":1766440691368,"id":"cowqs8e84jlu8jf","previousEventId":"1ykznrewxbmlcdq","previousOperationId":"60ochprmjtmoe3b"}
{"type":"operationStart","subtype":"recipe","name":"html","timestamp":1766440691377,"id":"usilyn8453romoe","previousEventId":"cowqs8e84jlu8jf","operationId":"ii9p43ti83c9xkw","previousOperationId":"60ochprmjtmoe3b"}
{"type":"log","timestamp":1766440691377,"level":"debug","message":"Executing recipe html","meta":{"rootId":"alkiqfinstd27ck","id":"jazwcsjeu7vrlod"},"id":"v3bdoi5xrygv2ib","previousOperationId":"ii9p43ti83c9xkw"}
{"type":"operationEnd","operationId":"ii9p43ti83c9xkw","timestamp":1766440691377,"id":"wqhxipw411io85l","previousEventId":"usilyn8453romoe","previousOperationId":"ii9p43ti83c9xkw"}
{"type":"log","timestamp":1766440691378,"level":"debug","message":"Skipping storing report.","meta":{"rootId":"alkiqfinstd27ck","id":"jazwcsjeu7vrlod"},"id":"7i3gfq9yp0k9i7x","previousOperationId":"ii9p43ti83c9xkw"}
{"type":"log","timestamp":1766440691378,"level":"info","message":"Rendering (child) request finished in 1334 ms","meta":{"rootId":"alkiqfinstd27ck","id":"jazwcsjeu7vrlod"},"id":"pad3mhxbo1lszt6","previousOperationId":"ii9p43ti83c9xkw"}
{"type":"operationEnd","subtype":"render","operationId":"9u13m0pfkb9bfda","timestamp":1766440691378,"id":"qdhs86o6ecp9yjs","previousEventId":"wqhxipw411io85l","previousOperationId":"ii9p43ti83c9xkw"}
{"type":"log","timestamp":1766440694152,"level":"debug","message":"pptx successfully zipped","meta":{"rootId":"alkiqfinstd27ck","id":"alkiqfinstd27ck"},"id":"165vphbn6ysgdes","previousOperationId":"yu0n2ogp8mnhbh0"}
{"type":"log","timestamp":1766440694152,"level":"info","message":"pptx generation was finished","meta":{"rootId":"alkiqfinstd27ck","id":"alkiqfinstd27ck"},"id":"65g52r0fi0q2pc1","previousOperationId":"yu0n2ogp8mnhbh0"}
{"type":"operationEnd","operationId":"yu0n2ogp8mnhbh0","timestamp":1766440694164,"id":"xibnki5dmzofbku","previousEventId":"6oba3lub36p610g","previousOperationId":"yu0n2ogp8mnhbh0"}
{"type":"log","timestamp":1766440694164,"level":"debug","message":"Skipping storing report.","meta":{"rootId":"alkiqfinstd27ck","id":"alkiqfinstd27ck"},"id":"7izg4rexgpe06t3","previousOperationId":"yu0n2ogp8mnhbh0"}
{"type":"log","timestamp":1766440694164,"level":"info","message":"Rendering request 4 finished in 4120 ms","meta":{"rootId":"alkiqfinstd27ck","id":"alkiqfinstd27ck"},"id":"6wuzrq8quk6mggt","previousOperationId":"yu0n2ogp8mnhbh0"}
{"type":"operationEnd","subtype":"render","operationId":"mm7rypib5cnbhgj","timestamp":1766440694164,"id":"mbbc40zix6m7h1j","previousEventId":"xibnki5dmzofbku","previousOperationId":"yu0n2ogp8mnhbh0"}
{"type":"operationEnd","doDiffs":false,"previousEventId":"ybuhd8dwjfxxooc","previousOperationId":"ktt781cks2fsj10","operationId":"ktt781cks2fsj10","timestamp":1766440694169,"id":"7dcb4kmt3jwoeim"}
