{"type":"operationStart","subtype":"profile","data":{"_id":"HSKZSokCVdTDQK7e","timestamp":"2025-12-28T16:06:02.127Z","state":"running","mode":"standard","creationDate":"2025-12-28T16:06:02.135Z","modificationDate":"2025-12-28T16:06:02.135Z","shortid":"3qo5chl","$entitySet":"profiles","timeout":60000},"doDiffs":false,"timestamp":1766937962133,"id":"229qaohe0zutzia","previousOperationId":null,"operationId":"onk78bq44y0wy82"}
{"type":"log","level":"info","message":"Render request 5 queued for execution and waiting for available worker","previousOperationId":"onk78bq44y0wy82","timestamp":1766937962133,"id":"q2jvejsyscorm1o"}
{"type":"operationStart","subtype":"render","name":"anonymous","previousOperationId":"onk78bq44y0wy82","timestamp":1766937962209,"id":"cbwg62z9i5bdyem","previousEventId":"229qaohe0zutzia","operationId":"xbk4cwkruh70khf"}
{"type":"log","timestamp":1766937962209,"level":"info","message":"Starting rendering request 5","meta":{"rootId":"amf8q7hllwzjstm","id":"amf8q7hllwzjstm"},"id":"21e6r44f25fl0c0","previousOperationId":"xbk4cwkruh70khf"}
{"type":"log","timestamp":1766937962209,"level":"info","message":"Rendering anonymous template { recipe: pptx, engine: handlebars }","meta":{"rootId":"amf8q7hllwzjstm","id":"amf8q7hllwzjstm"},"id":"pp4pquox674ywrk","previousOperationId":"xbk4cwkruh70khf"}
{"type":"log","timestamp":1766937962209,"level":"debug","message":"Inline data specified.","meta":{"rootId":"amf8q7hllwzjstm","id":"amf8q7hllwzjstm"},"id":"otvzj0p0tmns86j","previousOperationId":"xbk4cwkruh70khf"}
{"type":"log","timestamp":1766937962212,"level":"debug","message":"Base url not specified, skipping its injection.","meta":{"rootId":"amf8q7hllwzjstm","id":"amf8q7hllwzjstm"},"id":"wb5stp69hnim9oq","previousOperationId":"xbk4cwkruh70khf"}
{"type":"operationStart","subtype":"engine","name":"handlebars","timestamp":1766937962213,"id":"26qog03852hxxnw","previousEventId":"cbwg62z9i5bdyem","operationId":"7awx47oszcnlbxz","previousOperationId":"xbk4cwkruh70khf"}
{"type":"log","timestamp":1766937962213,"level":"debug","message":"Rendering engine handlebars","meta":{"rootId":"amf8q7hllwzjstm","id":"amf8q7hllwzjstm"},"id":"23oh5wiw8elq41s","previousOperationId":"7awx47oszcnlbxz"}
{"type":"operationEnd","operationId":"7awx47oszcnlbxz","timestamp":1766937962233,"id":"cdkszaovwhsz7hm","previousEventId":"26qog03852hxxnw","previousOperationId":"7awx47oszcnlbxz"}
{"type":"operationStart","subtype":"recipe","name":"pptx","timestamp":1766937962234,"id":"a2ch4f8mlwpw6c1","previousEventId":"cdkszaovwhsz7hm","operationId":"ml84gvql2d9gsbw","previousOperationId":"7awx47oszcnlbxz"}
{"type":"log","timestamp":1766937962234,"level":"debug","message":"Executing recipe pptx","meta":{"rootId":"amf8q7hllwzjstm","id":"amf8q7hllwzjstm"},"id":"nx28ak0msrdi2ml","previousOperationId":"ml84gvql2d9gsbw"}
{"type":"log","timestamp":1766937962271,"level":"info","message":"pptx generation is starting","meta":{"rootId":"amf8q7hllwzjstm","id":"amf8q7hllwzjstm"},"id":"u6kw4a8ygssx9re","previousOperationId":"ml84gvql2d9gsbw"}
{"type":"log","timestamp":1766937964043,"level":"debug","message":"Starting child request to render pptx dynamic parts","meta":{"rootId":"amf8q7hllwzjstm","id":"amf8q7hllwzjstm"},"id":"06jca5r9tj5ow0s","previousOperationId":"ml84gvql2d9gsbw"}
{"type":"operationStart","subtype":"render","name":"anonymous","previousOperationId":"ml84gvql2d9gsbw","timestamp":1766937964044,"id":"8ngxz71k71rvrqo","previousEventId":"a2ch4f8mlwpw6c1","operationId":"ag96pvum5tz0yh4"}
{"type":"log","timestamp":1766937964044,"level":"info","message":"Starting rendering (child) request","meta":{"rootId":"amf8q7hllwzjstm","id":"kvkbu7105jrokm0"},"id":"7hnaxp0tx7tppy0","previousOperationId":"ag96pvum5tz0yh4"}
{"type":"log","timestamp":1766937964045,"level":"info","message":"Rendering anonymous template { recipe: html, engine: handlebars }","meta":{"rootId":"amf8q7hllwzjstm","id":"kvkbu7105jrokm0"},"id":"uwvnj6lb8yx0ihj","previousOperationId":"ag96pvum5tz0yh4"}
{"type":"log","timestamp":1766937964045,"level":"debug","message":"Inline data specified.","meta":{"rootId":"amf8q7hllwzjstm","id":"kvkbu7105jrokm0"},"id":"npbmauyle8wmf60","previousOperationId":"ag96pvum5tz0yh4"}
{"type":"log","timestamp":1766937964050,"level":"debug","message":"Base url not specified, skipping its injection.","meta":{"rootId":"amf8q7hllwzjstm","id":"kvkbu7105jrokm0"},"id":"gb5st8dnheh223u","previousOperationId":"ag96pvum5tz0yh4"}
{"type":"operationStart","subtype":"engine","name":"handlebars","timestamp":1766937964052,"id":"h6oz6oovhmx4kt9","previousEventId":"8ngxz71k71rvrqo","operationId":"afr1fle4coexvlr","previousOperationId":"ag96pvum5tz0yh4"}
{"type":"log","timestamp":1766937964052,"level":"debug","message":"Rendering engine handlebars","meta":{"rootId":"amf8q7hllwzjstm","id":"kvkbu7105jrokm0"},"id":"e84ym7wv9zncrqh","previousOperationId":"afr1fle4coexvlr"}
{"type":"log","timestamp":1766937964238,"level":"debug","message":"(console:log) {\n  type: 'echarts@v5a',\n  width: 848,\n  height: 409,\n  option: { radar: [ [Object] ], series: [ [Object] ] }\n}","meta":{"userLevel":true,"rootId":"amf8q7hllwzjstm","id":"kvkbu7105jrokm0"},"id":"o1vky7qvoxpzuyt","previousOperationId":"afr1fle4coexvlr"}
{"type":"operationEnd","operationId":"afr1fle4coexvlr","timestamp":1766937964250,"id":"fqsgyyd6sewymlo","previousEventId":"h6oz6oovhmx4kt9","previousOperationId":"afr1fle4coexvlr"}
{"type":"operationStart","subtype":"recipe","name":"html","timestamp":1766937964270,"id":"46v9x2jbqhoxlno","previousEventId":"fqsgyyd6sewymlo","operationId":"08gg8c1dphy0z74","previousOperationId":"afr1fle4coexvlr"}
{"type":"log","timestamp":1766937964270,"level":"debug","message":"Executing recipe html","meta":{"rootId":"amf8q7hllwzjstm","id":"kvkbu7105jrokm0"},"id":"ickzxb27fjpo1ug","previousOperationId":"08gg8c1dphy0z74"}
{"type":"operationEnd","operationId":"08gg8c1dphy0z74","timestamp":1766937964270,"id":"iu9p9p3xwg0h2xi","previousEventId":"46v9x2jbqhoxlno","previousOperationId":"08gg8c1dphy0z74"}
{"type":"log","timestamp":1766937964270,"level":"debug","message":"Skipping storing report.","meta":{"rootId":"amf8q7hllwzjstm","id":"kvkbu7105jrokm0"},"id":"ds7b8mwpm4o8knq","previousOperationId":"08gg8c1dphy0z74"}
{"type":"log","timestamp":1766937964270,"level":"info","message":"Rendering (child) request finished in 2145 ms","meta":{"rootId":"amf8q7hllwzjstm","id":"kvkbu7105jrokm0"},"id":"d35os6sox2kspog","previousOperationId":"08gg8c1dphy0z74"}
{"type":"operationEnd","subtype":"render","operationId":"ag96pvum5tz0yh4","timestamp":1766937964270,"id":"5erii2tgtjajg1s","previousEventId":"iu9p9p3xwg0h2xi","previousOperationId":"08gg8c1dphy0z74"}
{"type":"log","timestamp":1766937969439,"level":"debug","message":"pptx successfully zipped","meta":{"rootId":"amf8q7hllwzjstm","id":"amf8q7hllwzjstm"},"id":"iy3denaapawflov","previousOperationId":"ml84gvql2d9gsbw"}
{"type":"log","timestamp":1766937969440,"level":"info","message":"pptx generation was finished","meta":{"rootId":"amf8q7hllwzjstm","id":"amf8q7hllwzjstm"},"id":"tjl7r0utvj64iqn","previousOperationId":"ml84gvql2d9gsbw"}
{"type":"operationEnd","operationId":"ml84gvql2d9gsbw","timestamp":1766937969451,"id":"bl72o659rs471vx","previousEventId":"a2ch4f8mlwpw6c1","previousOperationId":"ml84gvql2d9gsbw"}
{"type":"log","timestamp":1766937969451,"level":"debug","message":"Skipping storing report.","meta":{"rootId":"amf8q7hllwzjstm","id":"amf8q7hllwzjstm"},"id":"hqt4itphh9r99pk","previousOperationId":"ml84gvql2d9gsbw"}
{"type":"log","timestamp":1766937969451,"level":"info","message":"Rendering request 5 finished in 7326 ms","meta":{"rootId":"amf8q7hllwzjstm","id":"amf8q7hllwzjstm"},"id":"3v0gbjwv0gvg0ht","previousOperationId":"ml84gvql2d9gsbw"}
{"type":"operationEnd","subtype":"render","operationId":"xbk4cwkruh70khf","timestamp":1766937969451,"id":"v66jh7p1bfzpwuy","previousEventId":"bl72o659rs471vx","previousOperationId":"ml84gvql2d9gsbw"}
{"type":"operationEnd","doDiffs":false,"previousEventId":"229qaohe0zutzia","previousOperationId":"onk78bq44y0wy82","operationId":"onk78bq44y0wy82","timestamp":1766937969457,"id":"mdnuc3x2cky4l1q"}
