{"type":"operationStart","subtype":"profile","data":{"_id":"ri5PgbiWLgWL0V2N","timestamp":"2025-12-27T15:58:49.214Z","state":"running","mode":"standard","creationDate":"2025-12-27T15:58:49.223Z","modificationDate":"2025-12-27T15:58:49.223Z","shortid":"TkCGtFt","$entitySet":"profiles","timeout":60000},"doDiffs":false,"timestamp":1766851129219,"id":"03lj9js0fptwvxw","previousOperationId":null,"operationId":"s69c9gi5odilz9d"}
{"type":"log","level":"info","message":"Render request 2 queued for execution and waiting for available worker","previousOperationId":"s69c9gi5odilz9d","timestamp":1766851129220,"id":"jue5b8g7r8nmc5k"}
{"type":"operationStart","subtype":"render","name":"anonymous","previousOperationId":"s69c9gi5odilz9d","timestamp":1766851129285,"id":"h6kckaw3mgl9mhn","previousEventId":"03lj9js0fptwvxw","operationId":"ecjmuidxzzpajl6"}
{"type":"log","timestamp":1766851129286,"level":"info","message":"Starting rendering request 2","meta":{"rootId":"amy3eoap1g287zp","id":"amy3eoap1g287zp"},"id":"m9lmy9alvu8ayo3","previousOperationId":"ecjmuidxzzpajl6"}
{"type":"log","timestamp":1766851129288,"level":"info","message":"Rendering anonymous template { recipe: pptx, engine: handlebars }","meta":{"rootId":"amy3eoap1g287zp","id":"amy3eoap1g287zp"},"id":"4650j3ku7zxrnik","previousOperationId":"ecjmuidxzzpajl6"}
{"type":"log","timestamp":1766851129288,"level":"debug","message":"Inline data specified.","meta":{"rootId":"amy3eoap1g287zp","id":"amy3eoap1g287zp"},"id":"rpdeai3zzkrh2y1","previousOperationId":"ecjmuidxzzpajl6"}
{"type":"log","timestamp":1766851129296,"level":"debug","message":"Base url not specified, skipping its injection.","meta":{"rootId":"amy3eoap1g287zp","id":"amy3eoap1g287zp"},"id":"mmnjg5iu7juy5va","previousOperationId":"ecjmuidxzzpajl6"}
{"type":"operationStart","subtype":"engine","name":"handlebars","timestamp":1766851129300,"id":"w055armng6cewim","previousEventId":"h6kckaw3mgl9mhn","operationId":"m8mq7m3q2ioplww","previousOperationId":"ecjmuidxzzpajl6"}
{"type":"log","timestamp":1766851129300,"level":"debug","message":"Rendering engine handlebars","meta":{"rootId":"amy3eoap1g287zp","id":"amy3eoap1g287zp"},"id":"d3b6k91o7n0o4s4","previousOperationId":"m8mq7m3q2ioplww"}
{"type":"operationEnd","operationId":"m8mq7m3q2ioplww","timestamp":1766851130067,"id":"tyy0qrl1zc2d7db","previousEventId":"w055armng6cewim","previousOperationId":"m8mq7m3q2ioplww"}
{"type":"operationStart","subtype":"recipe","name":"pptx","timestamp":1766851130068,"id":"kwjav6n44gol6z0","previousEventId":"tyy0qrl1zc2d7db","operationId":"dgyb6eedjugpffg","previousOperationId":"m8mq7m3q2ioplww"}
{"type":"log","timestamp":1766851130068,"level":"debug","message":"Executing recipe pptx","meta":{"rootId":"amy3eoap1g287zp","id":"amy3eoap1g287zp"},"id":"g70vr2it1sxnest","previousOperationId":"dgyb6eedjugpffg"}
{"type":"log","timestamp":1766851130257,"level":"info","message":"pptx generation is starting","meta":{"rootId":"amy3eoap1g287zp","id":"amy3eoap1g287zp"},"id":"2hblcw5pqbojjnr","previousOperationId":"dgyb6eedjugpffg"}
{"type":"log","timestamp":1766851131399,"level":"debug","message":"Starting child request to render pptx dynamic parts","meta":{"rootId":"amy3eoap1g287zp","id":"amy3eoap1g287zp"},"id":"3zkfv3hgcsgmkwe","previousOperationId":"dgyb6eedjugpffg"}
{"type":"operationStart","subtype":"render","name":"anonymous","previousOperationId":"dgyb6eedjugpffg","timestamp":1766851131401,"id":"ujmz7mdycxpzt6w","previousEventId":"kwjav6n44gol6z0","operationId":"j75oinlqpiwk491"}
{"type":"log","timestamp":1766851131401,"level":"info","message":"Starting rendering (child) request","meta":{"rootId":"amy3eoap1g287zp","id":"chihooqdz8f8e94"},"id":"3lx9prn0uj150qp","previousOperationId":"j75oinlqpiwk491"}
{"type":"log","timestamp":1766851131401,"level":"info","message":"Rendering anonymous template { recipe: html, engine: handlebars }","meta":{"rootId":"amy3eoap1g287zp","id":"chihooqdz8f8e94"},"id":"ikacsihpx4qo9wq","previousOperationId":"j75oinlqpiwk491"}
{"type":"log","timestamp":1766851131401,"level":"debug","message":"Inline data specified.","meta":{"rootId":"amy3eoap1g287zp","id":"chihooqdz8f8e94"},"id":"pmi1jbc8sidxci3","previousOperationId":"j75oinlqpiwk491"}
{"type":"log","timestamp":1766851131406,"level":"debug","message":"Base url not specified, skipping its injection.","meta":{"rootId":"amy3eoap1g287zp","id":"chihooqdz8f8e94"},"id":"26ez4j71hduv690","previousOperationId":"j75oinlqpiwk491"}
{"type":"operationStart","subtype":"engine","name":"handlebars","timestamp":1766851131407,"id":"l2f7z0wq3konpr4","previousEventId":"ujmz7mdycxpzt6w","operationId":"4zqgacwk9p7pl6n","previousOperationId":"j75oinlqpiwk491"}
{"type":"log","timestamp":1766851131407,"level":"debug","message":"Rendering engine handlebars","meta":{"rootId":"amy3eoap1g287zp","id":"chihooqdz8f8e94"},"id":"om0gqg5k43dnzle","previousOperationId":"4zqgacwk9p7pl6n"}
{"type":"log","timestamp":1766851131549,"level":"debug","message":"(console:log) {\n  type: 'echarts@v5a',\n  width: 848,\n  height: 409,\n  option: { radar: [ [Object] ], series: [ [Object] ] }\n}","meta":{"userLevel":true,"rootId":"amy3eoap1g287zp","id":"chihooqdz8f8e94"},"id":"4ivhvvzl1sq8qsw","previousOperationId":"4zqgacwk9p7pl6n"}
{"type":"operationEnd","operationId":"4zqgacwk9p7pl6n","timestamp":1766851131557,"id":"psynz79k08b7gq7","previousEventId":"l2f7z0wq3konpr4","previousOperationId":"4zqgacwk9p7pl6n"}
{"type":"operationStart","subtype":"recipe","name":"html","timestamp":1766851131566,"id":"fnn1x06ufawucyf","previousEventId":"psynz79k08b7gq7","operationId":"jictzc60eiubab5","previousOperationId":"4zqgacwk9p7pl6n"}
{"type":"log","timestamp":1766851131566,"level":"debug","message":"Executing recipe html","meta":{"rootId":"amy3eoap1g287zp","id":"chihooqdz8f8e94"},"id":"d5ytm75zqoduywa","previousOperationId":"jictzc60eiubab5"}
{"type":"operationEnd","operationId":"jictzc60eiubab5","timestamp":1766851131566,"id":"sap8yg1k98vmp0s","previousEventId":"fnn1x06ufawucyf","previousOperationId":"jictzc60eiubab5"}
{"type":"log","timestamp":1766851131567,"level":"debug","message":"Skipping storing report.","meta":{"rootId":"amy3eoap1g287zp","id":"chihooqdz8f8e94"},"id":"vomwz6ujrwbvuj5","previousOperationId":"jictzc60eiubab5"}
{"type":"log","timestamp":1766851131567,"level":"info","message":"Rendering (child) request finished in 2356 ms","meta":{"rootId":"amy3eoap1g287zp","id":"chihooqdz8f8e94"},"id":"8v1b69iyiufmjjv","previousOperationId":"jictzc60eiubab5"}
{"type":"operationEnd","subtype":"render","operationId":"j75oinlqpiwk491","timestamp":1766851131567,"id":"q4vby6q3i0l1vsm","previousEventId":"sap8yg1k98vmp0s","previousOperationId":"jictzc60eiubab5"}
{"type":"log","timestamp":1766851134930,"level":"debug","message":"pptx successfully zipped","meta":{"rootId":"amy3eoap1g287zp","id":"amy3eoap1g287zp"},"id":"y3dhl5yayzkrsju","previousOperationId":"dgyb6eedjugpffg"}
{"type":"log","timestamp":1766851134930,"level":"info","message":"pptx generation was finished","meta":{"rootId":"amy3eoap1g287zp","id":"amy3eoap1g287zp"},"id":"2mjemzf1qpwde3c","previousOperationId":"dgyb6eedjugpffg"}
{"type":"operationEnd","operationId":"dgyb6eedjugpffg","timestamp":1766851134943,"id":"hblbpd7ojak78ht","previousEventId":"kwjav6n44gol6z0","previousOperationId":"dgyb6eedjugpffg"}
{"type":"log","timestamp":1766851134943,"level":"debug","message":"Skipping storing report.","meta":{"rootId":"amy3eoap1g287zp","id":"amy3eoap1g287zp"},"id":"9yfhcrqz51bru6o","previousOperationId":"dgyb6eedjugpffg"}
{"type":"log","timestamp":1766851134943,"level":"info","message":"Rendering request 2 finished in 5732 ms","meta":{"rootId":"amy3eoap1g287zp","id":"amy3eoap1g287zp"},"id":"cskv9yqn29ibbay","previousOperationId":"dgyb6eedjugpffg"}
{"type":"operationEnd","subtype":"render","operationId":"ecjmuidxzzpajl6","timestamp":1766851134943,"id":"67opfjucxne8pzg","previousEventId":"hblbpd7ojak78ht","previousOperationId":"dgyb6eedjugpffg"}
{"type":"operationEnd","doDiffs":false,"previousEventId":"03lj9js0fptwvxw","previousOperationId":"s69c9gi5odilz9d","operationId":"s69c9gi5odilz9d","timestamp":1766851134947,"id":"i6utt5eti6oinev"}
