{"type":"operationStart","subtype":"profile","data":{"_id":"TXEbbuvS9KcPA5oy","timestamp":"2025-12-31T11:59:32.651Z","state":"running","mode":"standard","creationDate":"2025-12-31T11:59:32.656Z","modificationDate":"2025-12-31T11:59:32.656Z","shortid":"Klh6Y-7","$entitySet":"profiles","timeout":60000},"doDiffs":false,"timestamp":1767182372654,"id":"4gsyemxc8o5fg8q","previousOperationId":null,"operationId":"qtobxjympmsmrl1"}
{"type":"log","level":"info","message":"Render request 48 queued for execution and waiting for available worker","previousOperationId":"qtobxjympmsmrl1","timestamp":1767182372654,"id":"pjf78fqoeo8xb8x"}
{"type":"operationStart","subtype":"render","name":"anonymous","previousOperationId":"qtobxjympmsmrl1","timestamp":1767182372714,"id":"ybp5ht3wzvpmlht","previousEventId":"4gsyemxc8o5fg8q","operationId":"is4cj83mn13twoi"}
{"type":"log","timestamp":1767182372714,"level":"info","message":"Starting rendering request 48","meta":{"rootId":"ap0kthiy24i4mqz","id":"ap0kthiy24i4mqz"},"id":"wg65we9297cguma","previousOperationId":"is4cj83mn13twoi"}
{"type":"log","timestamp":1767182372715,"level":"info","message":"Rendering anonymous template { recipe: pptx, engine: handlebars }","meta":{"rootId":"ap0kthiy24i4mqz","id":"ap0kthiy24i4mqz"},"id":"pbmlcxajn7yym3k","previousOperationId":"is4cj83mn13twoi"}
{"type":"log","timestamp":1767182372715,"level":"debug","message":"Inline data specified.","meta":{"rootId":"ap0kthiy24i4mqz","id":"ap0kthiy24i4mqz"},"id":"fl8jyy38n1dxpsi","previousOperationId":"is4cj83mn13twoi"}
{"type":"log","timestamp":1767182372718,"level":"debug","message":"Base url not specified, skipping its injection.","meta":{"rootId":"ap0kthiy24i4mqz","id":"ap0kthiy24i4mqz"},"id":"3km31e90vqhvxfh","previousOperationId":"is4cj83mn13twoi"}
{"type":"operationStart","subtype":"engine","name":"handlebars","timestamp":1767182372719,"id":"29y1gmp3svi6ujk","previousEventId":"ybp5ht3wzvpmlht","operationId":"p4apz12x7l74mlc","previousOperationId":"is4cj83mn13twoi"}
{"type":"log","timestamp":1767182372719,"level":"debug","message":"Rendering engine handlebars","meta":{"rootId":"ap0kthiy24i4mqz","id":"ap0kthiy24i4mqz"},"id":"6mtzmkso5sfs66t","previousOperationId":"p4apz12x7l74mlc"}
{"type":"operationEnd","operationId":"p4apz12x7l74mlc","timestamp":1767182372740,"id":"xwqwxj976yaxfj9","previousEventId":"29y1gmp3svi6ujk","previousOperationId":"p4apz12x7l74mlc"}
{"type":"operationStart","subtype":"recipe","name":"pptx","timestamp":1767182372741,"id":"h9ftdwv51u318jk","previousEventId":"xwqwxj976yaxfj9","operationId":"ajyby42zb16rtqu","previousOperationId":"p4apz12x7l74mlc"}
{"type":"log","timestamp":1767182372741,"level":"debug","message":"Executing recipe pptx","meta":{"rootId":"ap0kthiy24i4mqz","id":"ap0kthiy24i4mqz"},"id":"25v22gh3pwlcbsc","previousOperationId":"ajyby42zb16rtqu"}
{"type":"log","timestamp":1767182372766,"level":"info","message":"pptx generation is starting","meta":{"rootId":"ap0kthiy24i4mqz","id":"ap0kthiy24i4mqz"},"id":"if4ha43k7sfrrx2","previousOperationId":"ajyby42zb16rtqu"}
{"type":"log","timestamp":1767182374805,"level":"debug","message":"Starting child request to render pptx dynamic parts","meta":{"rootId":"ap0kthiy24i4mqz","id":"ap0kthiy24i4mqz"},"id":"fskqa1gucgi1a4t","previousOperationId":"ajyby42zb16rtqu"}
{"type":"operationStart","subtype":"render","name":"anonymous","previousOperationId":"ajyby42zb16rtqu","timestamp":1767182374805,"id":"jmt6snyh9gct6nc","previousEventId":"h9ftdwv51u318jk","operationId":"74ledxzlt3zlmqv"}
{"type":"log","timestamp":1767182374805,"level":"info","message":"Starting rendering (child) request","meta":{"rootId":"ap0kthiy24i4mqz","id":"fo8w3hlfi9vrjee"},"id":"fpjoypdyw74o9e8","previousOperationId":"74ledxzlt3zlmqv"}
{"type":"log","timestamp":1767182374805,"level":"info","message":"Rendering anonymous template { recipe: html, engine: handlebars }","meta":{"rootId":"ap0kthiy24i4mqz","id":"fo8w3hlfi9vrjee"},"id":"3jawr6i9ttyjwlu","previousOperationId":"74ledxzlt3zlmqv"}
{"type":"log","timestamp":1767182374806,"level":"debug","message":"Inline data specified.","meta":{"rootId":"ap0kthiy24i4mqz","id":"fo8w3hlfi9vrjee"},"id":"6wn02kldj7v1hxy","previousOperationId":"74ledxzlt3zlmqv"}
{"type":"log","timestamp":1767182374812,"level":"debug","message":"Base url not specified, skipping its injection.","meta":{"rootId":"ap0kthiy24i4mqz","id":"fo8w3hlfi9vrjee"},"id":"n28nxdzelbvtw9a","previousOperationId":"74ledxzlt3zlmqv"}
{"type":"operationStart","subtype":"engine","name":"handlebars","timestamp":1767182374814,"id":"bgyhty4a314xg9d","previousEventId":"jmt6snyh9gct6nc","operationId":"xunhg26gxr2t6sb","previousOperationId":"74ledxzlt3zlmqv"}
{"type":"log","timestamp":1767182374814,"level":"debug","message":"Rendering engine handlebars","meta":{"rootId":"ap0kthiy24i4mqz","id":"fo8w3hlfi9vrjee"},"id":"w2bbw6h2yf9t074","previousOperationId":"xunhg26gxr2t6sb"}
{"type":"log","timestamp":1767182375055,"level":"debug","message":"(console:log) {\n  type: 'echarts@v5a',\n  width: 848,\n  height: 409,\n  option: { radar: [ [Object] ], series: [ [Object] ] }\n}","meta":{"userLevel":true,"rootId":"ap0kthiy24i4mqz","id":"fo8w3hlfi9vrjee"},"id":"a174pzp50ky1qxy","previousOperationId":"xunhg26gxr2t6sb"}
{"type":"operationEnd","operationId":"xunhg26gxr2t6sb","timestamp":1767182375069,"id":"fnornze183553va","previousEventId":"bgyhty4a314xg9d","previousOperationId":"xunhg26gxr2t6sb"}
{"type":"operationStart","subtype":"recipe","name":"html","timestamp":1767182375092,"id":"yofmmzsl71bl4w9","previousEventId":"fnornze183553va","operationId":"vl09hjr2yjasivf","previousOperationId":"xunhg26gxr2t6sb"}
{"type":"log","timestamp":1767182375092,"level":"debug","message":"Executing recipe html","meta":{"rootId":"ap0kthiy24i4mqz","id":"fo8w3hlfi9vrjee"},"id":"5sbwbh6e4njsyvx","previousOperationId":"vl09hjr2yjasivf"}
{"type":"operationEnd","operationId":"vl09hjr2yjasivf","timestamp":1767182375092,"id":"444kaeh2ba6k89z","previousEventId":"yofmmzsl71bl4w9","previousOperationId":"vl09hjr2yjasivf"}
{"type":"log","timestamp":1767182375093,"level":"debug","message":"Skipping storing report.","meta":{"rootId":"ap0kthiy24i4mqz","id":"fo8w3hlfi9vrjee"},"id":"pp1h8ccxnwo5grx","previousOperationId":"vl09hjr2yjasivf"}
{"type":"log","timestamp":1767182375093,"level":"info","message":"Rendering (child) request finished in 2444 ms","meta":{"rootId":"ap0kthiy24i4mqz","id":"fo8w3hlfi9vrjee"},"id":"advlvpqz5e63ane","previousOperationId":"vl09hjr2yjasivf"}
{"type":"operationEnd","subtype":"render","operationId":"74ledxzlt3zlmqv","timestamp":1767182375093,"id":"oaseis95qszi7jm","previousEventId":"444kaeh2ba6k89z","previousOperationId":"vl09hjr2yjasivf"}
{"type":"log","timestamp":1767182381611,"level":"debug","message":"pptx successfully zipped","meta":{"rootId":"ap0kthiy24i4mqz","id":"ap0kthiy24i4mqz"},"id":"iz11f883852o4nd","previousOperationId":"ajyby42zb16rtqu"}
{"type":"log","timestamp":1767182381611,"level":"info","message":"pptx generation was finished","meta":{"rootId":"ap0kthiy24i4mqz","id":"ap0kthiy24i4mqz"},"id":"e2b85hzojq68mfz","previousOperationId":"ajyby42zb16rtqu"}
{"type":"operationEnd","operationId":"ajyby42zb16rtqu","timestamp":1767182381622,"id":"7mj91dy91qoa446","previousEventId":"h9ftdwv51u318jk","previousOperationId":"ajyby42zb16rtqu"}
{"type":"log","timestamp":1767182381622,"level":"debug","message":"Skipping storing report.","meta":{"rootId":"ap0kthiy24i4mqz","id":"ap0kthiy24i4mqz"},"id":"lyzz7uhn6n7tc6b","previousOperationId":"ajyby42zb16rtqu"}
{"type":"log","timestamp":1767182381622,"level":"info","message":"Rendering request 48 finished in 8973 ms","meta":{"rootId":"ap0kthiy24i4mqz","id":"ap0kthiy24i4mqz"},"id":"xuxsdtnqipzkrv9","previousOperationId":"ajyby42zb16rtqu"}
{"type":"operationEnd","subtype":"render","operationId":"is4cj83mn13twoi","timestamp":1767182381622,"id":"n71x3v6akvyebot","previousEventId":"7mj91dy91qoa446","previousOperationId":"ajyby42zb16rtqu"}
{"type":"operationEnd","doDiffs":false,"previousEventId":"4gsyemxc8o5fg8q","previousOperationId":"qtobxjympmsmrl1","operationId":"qtobxjympmsmrl1","timestamp":1767182381628,"id":"7enw6g2x2geott0"}
