{"type":"operationStart","subtype":"profile","data":{"_id":"IJ79ElsVEM05bEo0","timestamp":"2025-12-28T15:59:21.921Z","state":"running","mode":"standard","creationDate":"2025-12-28T15:59:21.927Z","modificationDate":"2025-12-28T15:59:21.927Z","shortid":"Kl0zDqI","$entitySet":"profiles","timeout":60000},"doDiffs":false,"timestamp":1766937561925,"id":"tfp29eec604rdrd","previousOperationId":null,"operationId":"25pfg2dqkpm7g8y"}
{"type":"log","level":"info","message":"Render request 1 queued for execution and waiting for available worker","previousOperationId":"25pfg2dqkpm7g8y","timestamp":1766937561925,"id":"blo7vfplyjmvvqs"}
{"type":"operationStart","subtype":"render","name":"anonymous","previousOperationId":"25pfg2dqkpm7g8y","timestamp":1766937561995,"id":"txa00bt3gi9mbkx","previousEventId":"tfp29eec604rdrd","operationId":"ytzcchjqgwypjrz"}
{"type":"log","timestamp":1766937561996,"level":"info","message":"Starting rendering request 1","meta":{"rootId":"apwyd3mnr4pfkm6","id":"apwyd3mnr4pfkm6"},"id":"tcrxarciwndk11k","previousOperationId":"ytzcchjqgwypjrz"}
{"type":"log","timestamp":1766937561998,"level":"info","message":"Rendering anonymous template { recipe: pptx, engine: handlebars }","meta":{"rootId":"apwyd3mnr4pfkm6","id":"apwyd3mnr4pfkm6"},"id":"d38gz7tvungencv","previousOperationId":"ytzcchjqgwypjrz"}
{"type":"log","timestamp":1766937561999,"level":"debug","message":"Inline data specified.","meta":{"rootId":"apwyd3mnr4pfkm6","id":"apwyd3mnr4pfkm6"},"id":"f9bx9k437m0tl91","previousOperationId":"ytzcchjqgwypjrz"}
{"type":"log","timestamp":1766937562012,"level":"debug","message":"Base url not specified, skipping its injection.","meta":{"rootId":"apwyd3mnr4pfkm6","id":"apwyd3mnr4pfkm6"},"id":"gmxuv901yg5yle4","previousOperationId":"ytzcchjqgwypjrz"}
{"type":"operationStart","subtype":"engine","name":"handlebars","timestamp":1766937562015,"id":"p8vx4gtu5d4rmuo","previousEventId":"txa00bt3gi9mbkx","operationId":"rwl0m8dole1wgaz","previousOperationId":"ytzcchjqgwypjrz"}
{"type":"log","timestamp":1766937562015,"level":"debug","message":"Rendering engine handlebars","meta":{"rootId":"apwyd3mnr4pfkm6","id":"apwyd3mnr4pfkm6"},"id":"sxm4gammgubg4wn","previousOperationId":"rwl0m8dole1wgaz"}
{"type":"operationEnd","operationId":"rwl0m8dole1wgaz","timestamp":1766937563261,"id":"i4c6cwh7vn9eo04","previousEventId":"p8vx4gtu5d4rmuo","previousOperationId":"rwl0m8dole1wgaz"}
{"type":"operationStart","subtype":"recipe","name":"pptx","timestamp":1766937563262,"id":"5tkuo0vikaffu50","previousEventId":"i4c6cwh7vn9eo04","operationId":"r04p29k13vnfbzu","previousOperationId":"rwl0m8dole1wgaz"}
{"type":"log","timestamp":1766937563262,"level":"debug","message":"Executing recipe pptx","meta":{"rootId":"apwyd3mnr4pfkm6","id":"apwyd3mnr4pfkm6"},"id":"z2q1fqc9xgq9xk7","previousOperationId":"r04p29k13vnfbzu"}
{"type":"log","timestamp":1766937563511,"level":"info","message":"pptx generation is starting","meta":{"rootId":"apwyd3mnr4pfkm6","id":"apwyd3mnr4pfkm6"},"id":"k5no83aqm30pe8q","previousOperationId":"r04p29k13vnfbzu"}
{"type":"log","timestamp":1766937565369,"level":"debug","message":"Starting child request to render pptx dynamic parts","meta":{"rootId":"apwyd3mnr4pfkm6","id":"apwyd3mnr4pfkm6"},"id":"xokb78j52pocv18","previousOperationId":"r04p29k13vnfbzu"}
{"type":"operationStart","subtype":"render","name":"anonymous","previousOperationId":"r04p29k13vnfbzu","timestamp":1766937565371,"id":"oxdd0qcbrtgy9ik","previousEventId":"5tkuo0vikaffu50","operationId":"5vkbjrcwraut3ky"}
{"type":"log","timestamp":1766937565371,"level":"info","message":"Starting rendering (child) request","meta":{"rootId":"apwyd3mnr4pfkm6","id":"v8blh61zqsnfrag"},"id":"z3klkj4uvt1rmie","previousOperationId":"5vkbjrcwraut3ky"}
{"type":"log","timestamp":1766937565371,"level":"info","message":"Rendering anonymous template { recipe: html, engine: handlebars }","meta":{"rootId":"apwyd3mnr4pfkm6","id":"v8blh61zqsnfrag"},"id":"1p89x6yjr1bzzte","previousOperationId":"5vkbjrcwraut3ky"}
{"type":"log","timestamp":1766937565371,"level":"debug","message":"Inline data specified.","meta":{"rootId":"apwyd3mnr4pfkm6","id":"v8blh61zqsnfrag"},"id":"79ly0akr2q7prnq","previousOperationId":"5vkbjrcwraut3ky"}
{"type":"log","timestamp":1766937565382,"level":"debug","message":"Base url not specified, skipping its injection.","meta":{"rootId":"apwyd3mnr4pfkm6","id":"v8blh61zqsnfrag"},"id":"e73e0mmx5v5ik2g","previousOperationId":"5vkbjrcwraut3ky"}
{"type":"operationStart","subtype":"engine","name":"handlebars","timestamp":1766937565384,"id":"u98gwj6s5q7k7so","previousEventId":"oxdd0qcbrtgy9ik","operationId":"9woq5b0r769ueze","previousOperationId":"5vkbjrcwraut3ky"}
{"type":"log","timestamp":1766937565384,"level":"debug","message":"Rendering engine handlebars","meta":{"rootId":"apwyd3mnr4pfkm6","id":"v8blh61zqsnfrag"},"id":"jv41h70l2cfkjr4","previousOperationId":"9woq5b0r769ueze"}
{"type":"log","timestamp":1766937565592,"level":"debug","message":"(console:log) {\n  type: 'echarts@v5a',\n  width: 848,\n  height: 409,\n  option: { radar: [ [Object] ], series: [ [Object] ] }\n}","meta":{"userLevel":true,"rootId":"apwyd3mnr4pfkm6","id":"v8blh61zqsnfrag"},"id":"ypt3fmrkqgkbca2","previousOperationId":"9woq5b0r769ueze"}
{"type":"operationEnd","operationId":"9woq5b0r769ueze","timestamp":1766937565604,"id":"pt7n7ym2j2hydp0","previousEventId":"u98gwj6s5q7k7so","previousOperationId":"9woq5b0r769ueze"}
{"type":"operationStart","subtype":"recipe","name":"html","timestamp":1766937565622,"id":"la4pi7ceqt1jpdk","previousEventId":"pt7n7ym2j2hydp0","operationId":"9ufav28t3ox593g","previousOperationId":"9woq5b0r769ueze"}
{"type":"log","timestamp":1766937565622,"level":"debug","message":"Executing recipe html","meta":{"rootId":"apwyd3mnr4pfkm6","id":"v8blh61zqsnfrag"},"id":"mx4zewyo1v010r8","previousOperationId":"9ufav28t3ox593g"}
{"type":"operationEnd","operationId":"9ufav28t3ox593g","timestamp":1766937565622,"id":"w6luoq8npto1jzl","previousEventId":"la4pi7ceqt1jpdk","previousOperationId":"9ufav28t3ox593g"}
{"type":"log","timestamp":1766937565624,"level":"debug","message":"Skipping storing report.","meta":{"rootId":"apwyd3mnr4pfkm6","id":"v8blh61zqsnfrag"},"id":"d9f0elyvxco4jmw","previousOperationId":"9ufav28t3ox593g"}
{"type":"log","timestamp":1766937565624,"level":"info","message":"Rendering (child) request finished in 3706 ms","meta":{"rootId":"apwyd3mnr4pfkm6","id":"v8blh61zqsnfrag"},"id":"3umlklvvobs4qnu","previousOperationId":"9ufav28t3ox593g"}
{"type":"operationEnd","subtype":"render","operationId":"5vkbjrcwraut3ky","timestamp":1766937565624,"id":"l1nhs6kyj5c7v2u","previousEventId":"w6luoq8npto1jzl","previousOperationId":"9ufav28t3ox593g"}
{"type":"log","timestamp":1766937574392,"level":"debug","message":"pptx successfully zipped","meta":{"rootId":"apwyd3mnr4pfkm6","id":"apwyd3mnr4pfkm6"},"id":"as3d17h2meuf9d3","previousOperationId":"r04p29k13vnfbzu"}
{"type":"log","timestamp":1766937574392,"level":"info","message":"pptx generation was finished","meta":{"rootId":"apwyd3mnr4pfkm6","id":"apwyd3mnr4pfkm6"},"id":"32qa8s0pt26teia","previousOperationId":"r04p29k13vnfbzu"}
{"type":"operationEnd","operationId":"r04p29k13vnfbzu","timestamp":1766937574410,"id":"bj7puz51ohe9be8","previousEventId":"5tkuo0vikaffu50","previousOperationId":"r04p29k13vnfbzu"}
{"type":"log","timestamp":1766937574410,"level":"debug","message":"Skipping storing report.","meta":{"rootId":"apwyd3mnr4pfkm6","id":"apwyd3mnr4pfkm6"},"id":"14832y16qxykp9m","previousOperationId":"r04p29k13vnfbzu"}
{"type":"log","timestamp":1766937574410,"level":"info","message":"Rendering request 1 finished in 12492 ms","meta":{"rootId":"apwyd3mnr4pfkm6","id":"apwyd3mnr4pfkm6"},"id":"lnd3rntb081vjd7","previousOperationId":"r04p29k13vnfbzu"}
{"type":"operationEnd","subtype":"render","operationId":"ytzcchjqgwypjrz","timestamp":1766937574411,"id":"96cqm9s4o37ae3l","previousEventId":"bj7puz51ohe9be8","previousOperationId":"r04p29k13vnfbzu"}
{"type":"operationEnd","doDiffs":false,"previousEventId":"tfp29eec604rdrd","previousOperationId":"25pfg2dqkpm7g8y","operationId":"25pfg2dqkpm7g8y","timestamp":1766937574415,"id":"imacei8blucnurp"}
