{"type":"operationStart","subtype":"profile","data":{"_id":"BUbWQJmkZfhv5gm2","timestamp":"2025-12-07T19:41:26.873Z","state":"running","mode":"standard","creationDate":"2025-12-07T19:41:26.875Z","modificationDate":"2025-12-07T19:41:26.875Z","shortid":"vTZcV8T","$entitySet":"profiles","timeout":60000},"doDiffs":false,"timestamp":1765136486874,"id":"928a9ev65hhtxan","previousOperationId":null,"operationId":"hakg6bosk40e3qz"}
{"type":"log","level":"info","message":"Render request 26 queued for execution and waiting for available worker","previousOperationId":"hakg6bosk40e3qz","timestamp":1765136486874,"id":"tgetv64a7080782"}
{"type":"operationStart","subtype":"render","name":"anonymous","previousOperationId":"hakg6bosk40e3qz","timestamp":1765136486920,"id":"692qu221w6zuwn8","previousEventId":"928a9ev65hhtxan","operationId":"0qsd992bimo9z4u"}
{"type":"log","timestamp":1765136486920,"level":"info","message":"Starting rendering request 26","meta":{"rootId":"ara5n6s0ykva0o7","id":"ara5n6s0ykva0o7"},"id":"lnhiq0v3c2hvfct","previousOperationId":"0qsd992bimo9z4u"}
{"type":"log","timestamp":1765136486920,"level":"info","message":"Rendering anonymous template { recipe: pptx, engine: handlebars }","meta":{"rootId":"ara5n6s0ykva0o7","id":"ara5n6s0ykva0o7"},"id":"ljndea4aniatsvp","previousOperationId":"0qsd992bimo9z4u"}
{"type":"log","timestamp":1765136486920,"level":"debug","message":"Inline data specified.","meta":{"rootId":"ara5n6s0ykva0o7","id":"ara5n6s0ykva0o7"},"id":"ua1nuj0mdyltxiz","previousOperationId":"0qsd992bimo9z4u"}
{"type":"log","timestamp":1765136486923,"level":"debug","message":"Base url not specified, skipping its injection.","meta":{"rootId":"ara5n6s0ykva0o7","id":"ara5n6s0ykva0o7"},"id":"ceo3npbl0ii1p7a","previousOperationId":"0qsd992bimo9z4u"}
{"type":"operationStart","subtype":"engine","name":"handlebars","timestamp":1765136486924,"id":"v35bltvhsl0m3ta","previousEventId":"692qu221w6zuwn8","operationId":"zwcrjgwoxpd4ves","previousOperationId":"0qsd992bimo9z4u"}
{"type":"log","timestamp":1765136486925,"level":"debug","message":"Rendering engine handlebars","meta":{"rootId":"ara5n6s0ykva0o7","id":"ara5n6s0ykva0o7"},"id":"8dny3g1j3h2ovu7","previousOperationId":"zwcrjgwoxpd4ves"}
{"type":"operationEnd","operationId":"zwcrjgwoxpd4ves","timestamp":1765136486939,"id":"u80pjf9f6gxtb68","previousEventId":"v35bltvhsl0m3ta","previousOperationId":"zwcrjgwoxpd4ves"}
{"type":"operationStart","subtype":"recipe","name":"pptx","timestamp":1765136486939,"id":"d7gxdzqj78niqs7","previousEventId":"u80pjf9f6gxtb68","operationId":"6zus2e4y3y1jg8h","previousOperationId":"zwcrjgwoxpd4ves"}
{"type":"log","timestamp":1765136486939,"level":"debug","message":"Executing recipe pptx","meta":{"rootId":"ara5n6s0ykva0o7","id":"ara5n6s0ykva0o7"},"id":"pd3e6gla88h3m66","previousOperationId":"6zus2e4y3y1jg8h"}
{"type":"log","timestamp":1765136486953,"level":"info","message":"pptx generation is starting","meta":{"rootId":"ara5n6s0ykva0o7","id":"ara5n6s0ykva0o7"},"id":"370rq6o054mf4b3","previousOperationId":"6zus2e4y3y1jg8h"}
{"type":"log","timestamp":1765136487916,"level":"debug","message":"Starting child request to render pptx dynamic parts","meta":{"rootId":"ara5n6s0ykva0o7","id":"ara5n6s0ykva0o7"},"id":"h5qg2mugfokyh7e","previousOperationId":"6zus2e4y3y1jg8h"}
{"type":"operationStart","subtype":"render","name":"anonymous","previousOperationId":"6zus2e4y3y1jg8h","timestamp":1765136487917,"id":"jpna5l2cfcwlmvb","previousEventId":"d7gxdzqj78niqs7","operationId":"smiknjpl0e9al4w"}
{"type":"log","timestamp":1765136487917,"level":"info","message":"Starting rendering (child) request","meta":{"rootId":"ara5n6s0ykva0o7","id":"ojpeb94ncnfz4w7"},"id":"2ruza6u7ofi64u5","previousOperationId":"smiknjpl0e9al4w"}
{"type":"log","timestamp":1765136487917,"level":"info","message":"Rendering anonymous template { recipe: html, engine: handlebars }","meta":{"rootId":"ara5n6s0ykva0o7","id":"ojpeb94ncnfz4w7"},"id":"yscbrul2h27yl8o","previousOperationId":"smiknjpl0e9al4w"}
{"type":"log","timestamp":1765136487917,"level":"debug","message":"Inline data specified.","meta":{"rootId":"ara5n6s0ykva0o7","id":"ojpeb94ncnfz4w7"},"id":"xaizb0aedxk0lfb","previousOperationId":"smiknjpl0e9al4w"}
{"type":"log","timestamp":1765136487922,"level":"debug","message":"Base url not specified, skipping its injection.","meta":{"rootId":"ara5n6s0ykva0o7","id":"ojpeb94ncnfz4w7"},"id":"f8pbjbcf06kjaiy","previousOperationId":"smiknjpl0e9al4w"}
{"type":"operationStart","subtype":"engine","name":"handlebars","timestamp":1765136487923,"id":"bjtu19oe6kiwvc7","previousEventId":"jpna5l2cfcwlmvb","operationId":"fi0ihaglt6uf76p","previousOperationId":"smiknjpl0e9al4w"}
{"type":"log","timestamp":1765136487923,"level":"debug","message":"Rendering engine handlebars","meta":{"rootId":"ara5n6s0ykva0o7","id":"ojpeb94ncnfz4w7"},"id":"oy492hbirww5ull","previousOperationId":"fi0ihaglt6uf76p"}
{"type":"operationEnd","operationId":"fi0ihaglt6uf76p","timestamp":1765136488029,"id":"dqqnkd3pphes421","previousEventId":"bjtu19oe6kiwvc7","previousOperationId":"fi0ihaglt6uf76p"}
{"type":"operationStart","subtype":"recipe","name":"html","timestamp":1765136488038,"id":"j6l6r48z4fplz9l","previousEventId":"dqqnkd3pphes421","operationId":"7lf01kqkc48cl6s","previousOperationId":"fi0ihaglt6uf76p"}
{"type":"log","timestamp":1765136488038,"level":"debug","message":"Executing recipe html","meta":{"rootId":"ara5n6s0ykva0o7","id":"ojpeb94ncnfz4w7"},"id":"hntbnyv41xiz0ec","previousOperationId":"7lf01kqkc48cl6s"}
{"type":"operationEnd","operationId":"7lf01kqkc48cl6s","timestamp":1765136488038,"id":"36af4lw341tn447","previousEventId":"j6l6r48z4fplz9l","previousOperationId":"7lf01kqkc48cl6s"}
{"type":"log","timestamp":1765136488038,"level":"debug","message":"Skipping storing report.","meta":{"rootId":"ara5n6s0ykva0o7","id":"ojpeb94ncnfz4w7"},"id":"w4i9jv7pu058xmy","previousOperationId":"7lf01kqkc48cl6s"}
{"type":"log","timestamp":1765136488038,"level":"info","message":"Rendering (child) request finished in 1169 ms","meta":{"rootId":"ara5n6s0ykva0o7","id":"ojpeb94ncnfz4w7"},"id":"eylvrlv5qquuqi8","previousOperationId":"7lf01kqkc48cl6s"}
{"type":"operationEnd","subtype":"render","operationId":"smiknjpl0e9al4w","timestamp":1765136488038,"id":"loqi23xg4tdxq8k","previousEventId":"36af4lw341tn447","previousOperationId":"7lf01kqkc48cl6s"}
{"type":"log","timestamp":1765136491521,"level":"debug","message":"pptx successfully zipped","meta":{"rootId":"ara5n6s0ykva0o7","id":"ara5n6s0ykva0o7"},"id":"up3p3i141vz4wkr","previousOperationId":"6zus2e4y3y1jg8h"}
{"type":"log","timestamp":1765136491521,"level":"info","message":"pptx generation was finished","meta":{"rootId":"ara5n6s0ykva0o7","id":"ara5n6s0ykva0o7"},"id":"necarhizhxcpui6","previousOperationId":"6zus2e4y3y1jg8h"}
{"type":"operationEnd","operationId":"6zus2e4y3y1jg8h","timestamp":1765136491530,"id":"4jogqrk6kh0tsl6","previousEventId":"d7gxdzqj78niqs7","previousOperationId":"6zus2e4y3y1jg8h"}
{"type":"log","timestamp":1765136491530,"level":"debug","message":"Skipping storing report.","meta":{"rootId":"ara5n6s0ykva0o7","id":"ara5n6s0ykva0o7"},"id":"yf6sfjjlcns2vxo","previousOperationId":"6zus2e4y3y1jg8h"}
{"type":"log","timestamp":1765136491530,"level":"info","message":"Rendering request 26 finished in 4661 ms","meta":{"rootId":"ara5n6s0ykva0o7","id":"ara5n6s0ykva0o7"},"id":"sevjj6gqa0e2431","previousOperationId":"6zus2e4y3y1jg8h"}
{"type":"operationEnd","subtype":"render","operationId":"0qsd992bimo9z4u","timestamp":1765136491530,"id":"d56q136t4tt8bxy","previousEventId":"4jogqrk6kh0tsl6","previousOperationId":"6zus2e4y3y1jg8h"}
{"type":"operationEnd","doDiffs":false,"previousEventId":"928a9ev65hhtxan","previousOperationId":"hakg6bosk40e3qz","operationId":"hakg6bosk40e3qz","timestamp":1765136491535,"id":"b1du3auzrjf6gat"}
