{"type":"operationStart","subtype":"profile","data":{"_id":"PkfCCZjdTdGQp0bg","timestamp":"2025-12-26T21:18:54.772Z","state":"running","mode":"standard","creationDate":"2025-12-26T21:18:54.777Z","modificationDate":"2025-12-26T21:18:54.777Z","shortid":"GCVDyKb","$entitySet":"profiles","timeout":60000},"doDiffs":false,"timestamp":1766783934775,"id":"ungnvx7i0r236ua","previousOperationId":null,"operationId":"j9ql5jjrgbo91uo"}
{"type":"log","level":"info","message":"Render request 10 queued for execution and waiting for available worker","previousOperationId":"j9ql5jjrgbo91uo","timestamp":1766783934775,"id":"iw203kr3rvjl6qs"}
{"type":"operationStart","subtype":"render","name":"anonymous","previousOperationId":"j9ql5jjrgbo91uo","timestamp":1766783934843,"id":"hwvdhjd8zkcc1cp","previousEventId":"ungnvx7i0r236ua","operationId":"0a80lya2qu0q00d"}
{"type":"log","timestamp":1766783934844,"level":"info","message":"Starting rendering request 10","meta":{"rootId":"aueywpi0ndi08bh","id":"aueywpi0ndi08bh"},"id":"s653allb8svsj70","previousOperationId":"0a80lya2qu0q00d"}
{"type":"log","timestamp":1766783934844,"level":"info","message":"Rendering anonymous template { recipe: pptx, engine: handlebars }","meta":{"rootId":"aueywpi0ndi08bh","id":"aueywpi0ndi08bh"},"id":"4olwn8p9owu7je9","previousOperationId":"0a80lya2qu0q00d"}
{"type":"log","timestamp":1766783934844,"level":"debug","message":"Inline data specified.","meta":{"rootId":"aueywpi0ndi08bh","id":"aueywpi0ndi08bh"},"id":"ja5ucdxr80nrekf","previousOperationId":"0a80lya2qu0q00d"}
{"type":"log","timestamp":1766783934847,"level":"debug","message":"Base url not specified, skipping its injection.","meta":{"rootId":"aueywpi0ndi08bh","id":"aueywpi0ndi08bh"},"id":"3o0vb9262gswwdv","previousOperationId":"0a80lya2qu0q00d"}
{"type":"operationStart","subtype":"engine","name":"handlebars","timestamp":1766783934849,"id":"qnfgsfuqtmbhmtx","previousEventId":"hwvdhjd8zkcc1cp","operationId":"90nt9xg4v48ti83","previousOperationId":"0a80lya2qu0q00d"}
{"type":"log","timestamp":1766783934849,"level":"debug","message":"Rendering engine handlebars","meta":{"rootId":"aueywpi0ndi08bh","id":"aueywpi0ndi08bh"},"id":"98253954figyl9p","previousOperationId":"90nt9xg4v48ti83"}
{"type":"operationEnd","operationId":"90nt9xg4v48ti83","timestamp":1766783934880,"id":"eks5gjb02mc94ej","previousEventId":"qnfgsfuqtmbhmtx","previousOperationId":"90nt9xg4v48ti83"}
{"type":"operationStart","subtype":"recipe","name":"pptx","timestamp":1766783934881,"id":"0tnfvxmadaskn65","previousEventId":"eks5gjb02mc94ej","operationId":"luzm4q92tddyngy","previousOperationId":"90nt9xg4v48ti83"}
{"type":"log","timestamp":1766783934881,"level":"debug","message":"Executing recipe pptx","meta":{"rootId":"aueywpi0ndi08bh","id":"aueywpi0ndi08bh"},"id":"jlxt1v1d5yvtbrn","previousOperationId":"luzm4q92tddyngy"}
{"type":"log","timestamp":1766783934913,"level":"info","message":"pptx generation is starting","meta":{"rootId":"aueywpi0ndi08bh","id":"aueywpi0ndi08bh"},"id":"2c08ihh0v6bf2ai","previousOperationId":"luzm4q92tddyngy"}
{"type":"log","timestamp":1766783936598,"level":"debug","message":"Starting child request to render pptx dynamic parts","meta":{"rootId":"aueywpi0ndi08bh","id":"aueywpi0ndi08bh"},"id":"yvrmb9lxol87dnx","previousOperationId":"luzm4q92tddyngy"}
{"type":"operationStart","subtype":"render","name":"anonymous","previousOperationId":"luzm4q92tddyngy","timestamp":1766783936598,"id":"y8tzfl4l8ypmk9v","previousEventId":"0tnfvxmadaskn65","operationId":"678xi3bhdqeyk9o"}
{"type":"log","timestamp":1766783936598,"level":"info","message":"Starting rendering (child) request","meta":{"rootId":"aueywpi0ndi08bh","id":"7lvqix0as09zywa"},"id":"vu3vq4lcqpnkayq","previousOperationId":"678xi3bhdqeyk9o"}
{"type":"log","timestamp":1766783936599,"level":"info","message":"Rendering anonymous template { recipe: html, engine: handlebars }","meta":{"rootId":"aueywpi0ndi08bh","id":"7lvqix0as09zywa"},"id":"767zsy2bb0t2tqz","previousOperationId":"678xi3bhdqeyk9o"}
{"type":"log","timestamp":1766783936599,"level":"debug","message":"Inline data specified.","meta":{"rootId":"aueywpi0ndi08bh","id":"7lvqix0as09zywa"},"id":"grtwwx4sexvfiy1","previousOperationId":"678xi3bhdqeyk9o"}
{"type":"log","timestamp":1766783936605,"level":"debug","message":"Base url not specified, skipping its injection.","meta":{"rootId":"aueywpi0ndi08bh","id":"7lvqix0as09zywa"},"id":"i3khviv30shgfi1","previousOperationId":"678xi3bhdqeyk9o"}
{"type":"operationStart","subtype":"engine","name":"handlebars","timestamp":1766783936607,"id":"3k8fi5uhb0oe5fk","previousEventId":"y8tzfl4l8ypmk9v","operationId":"qnof8o7fe5s9n9v","previousOperationId":"678xi3bhdqeyk9o"}
{"type":"log","timestamp":1766783936607,"level":"debug","message":"Rendering engine handlebars","meta":{"rootId":"aueywpi0ndi08bh","id":"7lvqix0as09zywa"},"id":"xwj7nxw7wx4t137","previousOperationId":"qnof8o7fe5s9n9v"}
{"type":"operationEnd","operationId":"qnof8o7fe5s9n9v","timestamp":1766783936767,"id":"f8bal140ahmt093","previousEventId":"3k8fi5uhb0oe5fk","previousOperationId":"qnof8o7fe5s9n9v"}
{"type":"operationStart","subtype":"recipe","name":"html","timestamp":1766783936783,"id":"dkylsec6dach1uu","previousEventId":"f8bal140ahmt093","operationId":"y4xo20gpiqlpkjb","previousOperationId":"qnof8o7fe5s9n9v"}
{"type":"log","timestamp":1766783936783,"level":"debug","message":"Executing recipe html","meta":{"rootId":"aueywpi0ndi08bh","id":"7lvqix0as09zywa"},"id":"22357ww60u0rtm9","previousOperationId":"y4xo20gpiqlpkjb"}
{"type":"operationEnd","operationId":"y4xo20gpiqlpkjb","timestamp":1766783936783,"id":"lqxpdiuj9sp3pv4","previousEventId":"dkylsec6dach1uu","previousOperationId":"y4xo20gpiqlpkjb"}
{"type":"log","timestamp":1766783936784,"level":"debug","message":"Skipping storing report.","meta":{"rootId":"aueywpi0ndi08bh","id":"7lvqix0as09zywa"},"id":"yjr4ziu9f910ru0","previousOperationId":"y4xo20gpiqlpkjb"}
{"type":"log","timestamp":1766783936784,"level":"info","message":"Rendering (child) request finished in 2013 ms","meta":{"rootId":"aueywpi0ndi08bh","id":"7lvqix0as09zywa"},"id":"tke1y4m5mf6ynix","previousOperationId":"y4xo20gpiqlpkjb"}
{"type":"operationEnd","subtype":"render","operationId":"678xi3bhdqeyk9o","timestamp":1766783936784,"id":"ivfqjkskm6i5e5w","previousEventId":"lqxpdiuj9sp3pv4","previousOperationId":"y4xo20gpiqlpkjb"}
{"type":"log","timestamp":1766783942236,"level":"debug","message":"pptx successfully zipped","meta":{"rootId":"aueywpi0ndi08bh","id":"aueywpi0ndi08bh"},"id":"7nuyuhd9lovo2ii","previousOperationId":"luzm4q92tddyngy"}
{"type":"log","timestamp":1766783942236,"level":"info","message":"pptx generation was finished","meta":{"rootId":"aueywpi0ndi08bh","id":"aueywpi0ndi08bh"},"id":"a862oxk9ev50it4","previousOperationId":"luzm4q92tddyngy"}
{"type":"operationEnd","operationId":"luzm4q92tddyngy","timestamp":1766783942247,"id":"v7g514q0kxob0ei","previousEventId":"0tnfvxmadaskn65","previousOperationId":"luzm4q92tddyngy"}
{"type":"log","timestamp":1766783942247,"level":"debug","message":"Skipping storing report.","meta":{"rootId":"aueywpi0ndi08bh","id":"aueywpi0ndi08bh"},"id":"ipzl2sr3r8jkxm3","previousOperationId":"luzm4q92tddyngy"}
{"type":"log","timestamp":1766783942247,"level":"info","message":"Rendering request 10 finished in 7476 ms","meta":{"rootId":"aueywpi0ndi08bh","id":"aueywpi0ndi08bh"},"id":"hbjm83306fe01t7","previousOperationId":"luzm4q92tddyngy"}
{"type":"operationEnd","subtype":"render","operationId":"0a80lya2qu0q00d","timestamp":1766783942247,"id":"5nvf6rmd6ee1i7q","previousEventId":"v7g514q0kxob0ei","previousOperationId":"luzm4q92tddyngy"}
{"type":"operationEnd","doDiffs":false,"previousEventId":"ungnvx7i0r236ua","previousOperationId":"j9ql5jjrgbo91uo","operationId":"j9ql5jjrgbo91uo","timestamp":1766783942253,"id":"3wd4xcmvbs54amd"}
