{"type":"operationStart","subtype":"profile","data":{"_id":"zNDwYlSipX8sNhsE","timestamp":"2025-12-27T14:55:16.301Z","state":"running","mode":"standard","creationDate":"2025-12-27T14:55:16.313Z","modificationDate":"2025-12-27T14:55:16.313Z","shortid":"WbuDuDF","$entitySet":"profiles","timeout":60000},"doDiffs":false,"timestamp":1766847316311,"id":"2jl1ru1l8bk3vi6","previousOperationId":null,"operationId":"gey4s88w9dacrxf"}
{"type":"log","level":"info","message":"Render request 2 queued for execution and waiting for available worker","previousOperationId":"gey4s88w9dacrxf","timestamp":1766847316311,"id":"xgfgxxrx99a9ea4"}
{"type":"operationStart","subtype":"render","name":"anonymous","previousOperationId":"gey4s88w9dacrxf","timestamp":1766847316363,"id":"kq0vq8o3gmg3fdt","previousEventId":"2jl1ru1l8bk3vi6","operationId":"dlwo7zb5in1nl4y"}
{"type":"log","timestamp":1766847316364,"level":"info","message":"Starting rendering request 2","meta":{"rootId":"axojllmn4i9rx2j","id":"axojllmn4i9rx2j"},"id":"uaeys6uv3q47k6t","previousOperationId":"dlwo7zb5in1nl4y"}
{"type":"log","timestamp":1766847316367,"level":"info","message":"Rendering anonymous template { recipe: pptx, engine: handlebars }","meta":{"rootId":"axojllmn4i9rx2j","id":"axojllmn4i9rx2j"},"id":"1z5d3flvi28790g","previousOperationId":"dlwo7zb5in1nl4y"}
{"type":"log","timestamp":1766847316367,"level":"debug","message":"Inline data specified.","meta":{"rootId":"axojllmn4i9rx2j","id":"axojllmn4i9rx2j"},"id":"0y5a107ipkhrvyo","previousOperationId":"dlwo7zb5in1nl4y"}
{"type":"log","timestamp":1766847316379,"level":"debug","message":"Base url not specified, skipping its injection.","meta":{"rootId":"axojllmn4i9rx2j","id":"axojllmn4i9rx2j"},"id":"j023l458qwmvvb5","previousOperationId":"dlwo7zb5in1nl4y"}
{"type":"operationStart","subtype":"engine","name":"handlebars","timestamp":1766847316383,"id":"56t21zb16ipae1t","previousEventId":"kq0vq8o3gmg3fdt","operationId":"ebr42wkoqlikpcc","previousOperationId":"dlwo7zb5in1nl4y"}
{"type":"log","timestamp":1766847316383,"level":"debug","message":"Rendering engine handlebars","meta":{"rootId":"axojllmn4i9rx2j","id":"axojllmn4i9rx2j"},"id":"hrydqyr4m9kmg3w","previousOperationId":"ebr42wkoqlikpcc"}
{"type":"operationEnd","operationId":"ebr42wkoqlikpcc","timestamp":1766847317152,"id":"o4l86cjo5m2tvy2","previousEventId":"56t21zb16ipae1t","previousOperationId":"ebr42wkoqlikpcc"}
{"type":"operationStart","subtype":"recipe","name":"pptx","timestamp":1766847317153,"id":"uzy1x8rk408fk9g","previousEventId":"o4l86cjo5m2tvy2","operationId":"w3a0xqsizuwwwie","previousOperationId":"ebr42wkoqlikpcc"}
{"type":"log","timestamp":1766847317153,"level":"debug","message":"Executing recipe pptx","meta":{"rootId":"axojllmn4i9rx2j","id":"axojllmn4i9rx2j"},"id":"sebo510560ir6j4","previousOperationId":"w3a0xqsizuwwwie"}
{"type":"log","timestamp":1766847317323,"level":"info","message":"pptx generation is starting","meta":{"rootId":"axojllmn4i9rx2j","id":"axojllmn4i9rx2j"},"id":"l3e667xruws6qd5","previousOperationId":"w3a0xqsizuwwwie"}
{"type":"log","timestamp":1766847318438,"level":"debug","message":"Starting child request to render pptx dynamic parts","meta":{"rootId":"axojllmn4i9rx2j","id":"axojllmn4i9rx2j"},"id":"vzz8o92sixt9ola","previousOperationId":"w3a0xqsizuwwwie"}
{"type":"operationStart","subtype":"render","name":"anonymous","previousOperationId":"w3a0xqsizuwwwie","timestamp":1766847318440,"id":"vi2tfmd3gsj5mah","previousEventId":"uzy1x8rk408fk9g","operationId":"y98x2zx3dh47lj8"}
{"type":"log","timestamp":1766847318440,"level":"info","message":"Starting rendering (child) request","meta":{"rootId":"axojllmn4i9rx2j","id":"5bo2xw52t24byxg"},"id":"cfkli0m8g258ipq","previousOperationId":"y98x2zx3dh47lj8"}
{"type":"log","timestamp":1766847318440,"level":"info","message":"Rendering anonymous template { recipe: html, engine: handlebars }","meta":{"rootId":"axojllmn4i9rx2j","id":"5bo2xw52t24byxg"},"id":"sijoqtk7aaqbuij","previousOperationId":"y98x2zx3dh47lj8"}
{"type":"log","timestamp":1766847318440,"level":"debug","message":"Inline data specified.","meta":{"rootId":"axojllmn4i9rx2j","id":"5bo2xw52t24byxg"},"id":"lilyavrnkorw1dd","previousOperationId":"y98x2zx3dh47lj8"}
{"type":"log","timestamp":1766847318445,"level":"debug","message":"Base url not specified, skipping its injection.","meta":{"rootId":"axojllmn4i9rx2j","id":"5bo2xw52t24byxg"},"id":"xvoa0mcb8p0xce7","previousOperationId":"y98x2zx3dh47lj8"}
{"type":"operationStart","subtype":"engine","name":"handlebars","timestamp":1766847318448,"id":"l0p6jby9yh193zx","previousEventId":"vi2tfmd3gsj5mah","operationId":"yuxbcxckqktk05i","previousOperationId":"y98x2zx3dh47lj8"}
{"type":"log","timestamp":1766847318448,"level":"debug","message":"Rendering engine handlebars","meta":{"rootId":"axojllmn4i9rx2j","id":"5bo2xw52t24byxg"},"id":"cz2j1ux99or3dg9","previousOperationId":"yuxbcxckqktk05i"}
{"type":"log","timestamp":1766847318589,"level":"debug","message":"(console:log) {\n  type: 'echarts@v5a',\n  width: 848,\n  height: 409,\n  option: { radar: [ [Object] ], series: [ [Object] ] }\n}","meta":{"userLevel":true,"rootId":"axojllmn4i9rx2j","id":"5bo2xw52t24byxg"},"id":"gf1rxeibhfz3ch3","previousOperationId":"yuxbcxckqktk05i"}
{"type":"operationEnd","operationId":"yuxbcxckqktk05i","timestamp":1766847318595,"id":"3bg1n7uzruq8abc","previousEventId":"l0p6jby9yh193zx","previousOperationId":"yuxbcxckqktk05i"}
{"type":"operationStart","subtype":"recipe","name":"html","timestamp":1766847318605,"id":"7cf9tsjlqzl0p7y","previousEventId":"3bg1n7uzruq8abc","operationId":"23jjneq6nwjx2jt","previousOperationId":"yuxbcxckqktk05i"}
{"type":"log","timestamp":1766847318605,"level":"debug","message":"Executing recipe html","meta":{"rootId":"axojllmn4i9rx2j","id":"5bo2xw52t24byxg"},"id":"qmi44dusizoq3j8","previousOperationId":"23jjneq6nwjx2jt"}
{"type":"operationEnd","operationId":"23jjneq6nwjx2jt","timestamp":1766847318605,"id":"l9rbycasbbsv123","previousEventId":"7cf9tsjlqzl0p7y","previousOperationId":"23jjneq6nwjx2jt"}
{"type":"log","timestamp":1766847318606,"level":"debug","message":"Skipping storing report.","meta":{"rootId":"axojllmn4i9rx2j","id":"5bo2xw52t24byxg"},"id":"ugu2livmlc2x4em","previousOperationId":"23jjneq6nwjx2jt"}
{"type":"log","timestamp":1766847318606,"level":"info","message":"Rendering (child) request finished in 2308 ms","meta":{"rootId":"axojllmn4i9rx2j","id":"5bo2xw52t24byxg"},"id":"hb33km2mcsnjbem","previousOperationId":"23jjneq6nwjx2jt"}
{"type":"operationEnd","subtype":"render","operationId":"y98x2zx3dh47lj8","timestamp":1766847318607,"id":"jjbqv87cv5ji53z","previousEventId":"l9rbycasbbsv123","previousOperationId":"23jjneq6nwjx2jt"}
{"type":"log","timestamp":1766847321920,"level":"debug","message":"pptx successfully zipped","meta":{"rootId":"axojllmn4i9rx2j","id":"axojllmn4i9rx2j"},"id":"dbmiuek0elkf4xq","previousOperationId":"w3a0xqsizuwwwie"}
{"type":"log","timestamp":1766847321920,"level":"info","message":"pptx generation was finished","meta":{"rootId":"axojllmn4i9rx2j","id":"axojllmn4i9rx2j"},"id":"vlbg5zocqvel7ro","previousOperationId":"w3a0xqsizuwwwie"}
{"type":"operationEnd","operationId":"w3a0xqsizuwwwie","timestamp":1766847321930,"id":"8mjcvqp9y88fhli","previousEventId":"uzy1x8rk408fk9g","previousOperationId":"w3a0xqsizuwwwie"}
{"type":"log","timestamp":1766847321930,"level":"debug","message":"Skipping storing report.","meta":{"rootId":"axojllmn4i9rx2j","id":"axojllmn4i9rx2j"},"id":"fv6p1dn0r76vi1t","previousOperationId":"w3a0xqsizuwwwie"}
{"type":"log","timestamp":1766847321930,"level":"info","message":"Rendering request 2 finished in 5632 ms","meta":{"rootId":"axojllmn4i9rx2j","id":"axojllmn4i9rx2j"},"id":"eafgy4t8haax79y","previousOperationId":"w3a0xqsizuwwwie"}
{"type":"operationEnd","subtype":"render","operationId":"dlwo7zb5in1nl4y","timestamp":1766847321930,"id":"2e6ecwx2ugiau9y","previousEventId":"8mjcvqp9y88fhli","previousOperationId":"w3a0xqsizuwwwie"}
{"type":"operationEnd","doDiffs":false,"previousEventId":"2jl1ru1l8bk3vi6","previousOperationId":"gey4s88w9dacrxf","operationId":"gey4s88w9dacrxf","timestamp":1766847321934,"id":"7n25fsxe1z78zwt"}
