{"type":"operationStart","subtype":"profile","data":{"_id":"H9Ny2Jxwtd4P1W1v","timestamp":"2025-12-07T18:46:25.433Z","state":"running","mode":"standard","creationDate":"2025-12-07T18:46:25.449Z","modificationDate":"2025-12-07T18:46:25.449Z","shortid":"PAe25W2","$entitySet":"profiles","timeout":60000},"doDiffs":false,"timestamp":1765133185445,"id":"9no9pk19p8zedvn","previousOperationId":null,"operationId":"eri87to5g23jnlt"}
{"type":"log","level":"info","message":"Render request 1 queued for execution and waiting for available worker","previousOperationId":"eri87to5g23jnlt","timestamp":1765133185446,"id":"gwsm7q5t0je4i7i"}
{"type":"operationStart","subtype":"render","name":"anonymous","previousOperationId":"eri87to5g23jnlt","timestamp":1765133185531,"id":"m6147cms21skb03","previousEventId":"9no9pk19p8zedvn","operationId":"uihqcgcnxua5yna"}
{"type":"log","timestamp":1765133185533,"level":"info","message":"Starting rendering request 1","meta":{"rootId":"b91joxihx95odrf","id":"b91joxihx95odrf"},"id":"02gr7wbnduidv6j","previousOperationId":"uihqcgcnxua5yna"}
{"type":"log","timestamp":1765133185536,"level":"info","message":"Rendering anonymous template { recipe: pptx, engine: handlebars }","meta":{"rootId":"b91joxihx95odrf","id":"b91joxihx95odrf"},"id":"42upcm8mdtcbb80","previousOperationId":"uihqcgcnxua5yna"}
{"type":"log","timestamp":1765133185536,"level":"debug","message":"Inline data specified.","meta":{"rootId":"b91joxihx95odrf","id":"b91joxihx95odrf"},"id":"ix6gin2my9uwo6s","previousOperationId":"uihqcgcnxua5yna"}
{"type":"log","timestamp":1765133185542,"level":"debug","message":"Base url not specified, skipping its injection.","meta":{"rootId":"b91joxihx95odrf","id":"b91joxihx95odrf"},"id":"gl8ls7f0chk5lw9","previousOperationId":"uihqcgcnxua5yna"}
{"type":"operationStart","subtype":"engine","name":"handlebars","timestamp":1765133185545,"id":"42ldm4ut8uj5kha","previousEventId":"m6147cms21skb03","operationId":"dvmahzso807l4m5","previousOperationId":"uihqcgcnxua5yna"}
{"type":"log","timestamp":1765133185545,"level":"debug","message":"Rendering engine handlebars","meta":{"rootId":"b91joxihx95odrf","id":"b91joxihx95odrf"},"id":"55iewe34uue3jme","previousOperationId":"dvmahzso807l4m5"}
{"type":"operationEnd","operationId":"dvmahzso807l4m5","timestamp":1765133186840,"id":"trydadtaygqd6rh","previousEventId":"42ldm4ut8uj5kha","previousOperationId":"dvmahzso807l4m5"}
{"type":"operationStart","subtype":"recipe","name":"pptx","timestamp":1765133186841,"id":"dna9vzpyarbn15d","previousEventId":"trydadtaygqd6rh","operationId":"nthk7elwcjojkng","previousOperationId":"dvmahzso807l4m5"}
{"type":"log","timestamp":1765133186841,"level":"debug","message":"Executing recipe pptx","meta":{"rootId":"b91joxihx95odrf","id":"b91joxihx95odrf"},"id":"ox3gvdw3xr9iwuq","previousOperationId":"nthk7elwcjojkng"}
{"type":"log","timestamp":1765133187113,"level":"info","message":"pptx generation is starting","meta":{"rootId":"b91joxihx95odrf","id":"b91joxihx95odrf"},"id":"uiwycpo60yshcnn","previousOperationId":"nthk7elwcjojkng"}
{"type":"log","timestamp":1765133188898,"level":"debug","message":"Starting child request to render pptx dynamic parts","meta":{"rootId":"b91joxihx95odrf","id":"b91joxihx95odrf"},"id":"igr14hmd11qq5xj","previousOperationId":"nthk7elwcjojkng"}
{"type":"operationStart","subtype":"render","name":"anonymous","previousOperationId":"nthk7elwcjojkng","timestamp":1765133188899,"id":"do0rh4r96dom6h0","previousEventId":"dna9vzpyarbn15d","operationId":"v9j385eeeuk6ryn"}
{"type":"log","timestamp":1765133188899,"level":"info","message":"Starting rendering (child) request","meta":{"rootId":"b91joxihx95odrf","id":"3zcaub45kk6fcf9"},"id":"cq9tyrpnzf5d6be","previousOperationId":"v9j385eeeuk6ryn"}
{"type":"log","timestamp":1765133188899,"level":"info","message":"Rendering anonymous template { recipe: html, engine: handlebars }","meta":{"rootId":"b91joxihx95odrf","id":"3zcaub45kk6fcf9"},"id":"6k3ygyvp1wdikbf","previousOperationId":"v9j385eeeuk6ryn"}
{"type":"log","timestamp":1765133188900,"level":"debug","message":"Inline data specified.","meta":{"rootId":"b91joxihx95odrf","id":"3zcaub45kk6fcf9"},"id":"4r8dx0qsyz6t8o1","previousOperationId":"v9j385eeeuk6ryn"}
{"type":"log","timestamp":1765133188908,"level":"debug","message":"Base url not specified, skipping its injection.","meta":{"rootId":"b91joxihx95odrf","id":"3zcaub45kk6fcf9"},"id":"5zgiskndw9m00im","previousOperationId":"v9j385eeeuk6ryn"}
{"type":"operationStart","subtype":"engine","name":"handlebars","timestamp":1765133188910,"id":"zp57drfj1qa0lp2","previousEventId":"do0rh4r96dom6h0","operationId":"fjj5t5f7r90yiar","previousOperationId":"v9j385eeeuk6ryn"}
{"type":"log","timestamp":1765133188911,"level":"debug","message":"Rendering engine handlebars","meta":{"rootId":"b91joxihx95odrf","id":"3zcaub45kk6fcf9"},"id":"bd5b66wiuf3w3dj","previousOperationId":"fjj5t5f7r90yiar"}
{"type":"operationEnd","operationId":"fjj5t5f7r90yiar","timestamp":1765133189090,"id":"63agpm3yr2qwoah","previousEventId":"zp57drfj1qa0lp2","previousOperationId":"fjj5t5f7r90yiar"}
{"type":"operationStart","subtype":"recipe","name":"html","timestamp":1765133189106,"id":"oknhnqj66bm2mht","previousEventId":"63agpm3yr2qwoah","operationId":"v1f55bevgrnkys4","previousOperationId":"fjj5t5f7r90yiar"}
{"type":"log","timestamp":1765133189106,"level":"debug","message":"Executing recipe html","meta":{"rootId":"b91joxihx95odrf","id":"3zcaub45kk6fcf9"},"id":"qa7kruknrxwtz8o","previousOperationId":"v1f55bevgrnkys4"}
{"type":"operationEnd","operationId":"v1f55bevgrnkys4","timestamp":1765133189106,"id":"gynsahmgs2jfdnj","previousEventId":"oknhnqj66bm2mht","previousOperationId":"v1f55bevgrnkys4"}
{"type":"log","timestamp":1765133189108,"level":"debug","message":"Skipping storing report.","meta":{"rootId":"b91joxihx95odrf","id":"3zcaub45kk6fcf9"},"id":"8vemcyr65adcipy","previousOperationId":"v1f55bevgrnkys4"}
{"type":"log","timestamp":1765133189108,"level":"info","message":"Rendering (child) request finished in 3678 ms","meta":{"rootId":"b91joxihx95odrf","id":"3zcaub45kk6fcf9"},"id":"5wzl62o33hq1h0e","previousOperationId":"v1f55bevgrnkys4"}
{"type":"operationEnd","subtype":"render","operationId":"v9j385eeeuk6ryn","timestamp":1765133189108,"id":"9km3f9oltnj5kbh","previousEventId":"gynsahmgs2jfdnj","previousOperationId":"v1f55bevgrnkys4"}
{"type":"log","timestamp":1765133200413,"level":"debug","message":"pptx successfully zipped","meta":{"rootId":"b91joxihx95odrf","id":"b91joxihx95odrf"},"id":"9ihlfyu2fe81vg5","previousOperationId":"nthk7elwcjojkng"}
{"type":"log","timestamp":1765133200413,"level":"info","message":"pptx generation was finished","meta":{"rootId":"b91joxihx95odrf","id":"b91joxihx95odrf"},"id":"78evr37kus9vu3q","previousOperationId":"nthk7elwcjojkng"}
{"type":"operationEnd","operationId":"nthk7elwcjojkng","timestamp":1765133200430,"id":"e2reva08z4jk6fb","previousEventId":"dna9vzpyarbn15d","previousOperationId":"nthk7elwcjojkng"}
{"type":"log","timestamp":1765133200430,"level":"debug","message":"Skipping storing report.","meta":{"rootId":"b91joxihx95odrf","id":"b91joxihx95odrf"},"id":"exnon5xs0ifff6i","previousOperationId":"nthk7elwcjojkng"}
{"type":"log","timestamp":1765133200430,"level":"info","message":"Rendering request 1 finished in 15000 ms","meta":{"rootId":"b91joxihx95odrf","id":"b91joxihx95odrf"},"id":"dz3zz1spypysanb","previousOperationId":"nthk7elwcjojkng"}
{"type":"operationEnd","subtype":"render","operationId":"uihqcgcnxua5yna","timestamp":1765133200430,"id":"v41ucjqp7wkmm9q","previousEventId":"e2reva08z4jk6fb","previousOperationId":"nthk7elwcjojkng"}
{"type":"operationEnd","doDiffs":false,"previousEventId":"9no9pk19p8zedvn","previousOperationId":"eri87to5g23jnlt","operationId":"eri87to5g23jnlt","timestamp":1765133200438,"id":"nzdtr4m92oanrsr"}
