{"type":"operationStart","subtype":"profile","data":{"_id":"1ENOpI9kVQzfma25","timestamp":"2025-12-07T19:36:26.270Z","state":"running","mode":"standard","creationDate":"2025-12-07T19:36:26.275Z","modificationDate":"2025-12-07T19:36:26.275Z","shortid":"Kupd94Y","$entitySet":"profiles","timeout":60000},"doDiffs":false,"timestamp":1765136186273,"id":"wo6kfrvtkdn72im","previousOperationId":null,"operationId":"ipeu7msc5mpjpzt"}
{"type":"log","level":"info","message":"Render request 22 queued for execution and waiting for available worker","previousOperationId":"ipeu7msc5mpjpzt","timestamp":1765136186273,"id":"t5x0mq1vfxgmyrd"}
{"type":"operationStart","subtype":"render","name":"anonymous","previousOperationId":"ipeu7msc5mpjpzt","timestamp":1765136186328,"id":"5o4oh37ys3rl34u","previousEventId":"wo6kfrvtkdn72im","operationId":"n06l0bhlqmlbwqw"}
{"type":"log","timestamp":1765136186328,"level":"info","message":"Starting rendering request 22","meta":{"rootId":"bb2gz8ievp5cyxc","id":"bb2gz8ievp5cyxc"},"id":"hodayok9s8lj245","previousOperationId":"n06l0bhlqmlbwqw"}
{"type":"log","timestamp":1765136186328,"level":"info","message":"Rendering anonymous template { recipe: pptx, engine: handlebars }","meta":{"rootId":"bb2gz8ievp5cyxc","id":"bb2gz8ievp5cyxc"},"id":"k8j8f5kcct48utv","previousOperationId":"n06l0bhlqmlbwqw"}
{"type":"log","timestamp":1765136186328,"level":"debug","message":"Inline data specified.","meta":{"rootId":"bb2gz8ievp5cyxc","id":"bb2gz8ievp5cyxc"},"id":"61nvlolnudo3jwg","previousOperationId":"n06l0bhlqmlbwqw"}
{"type":"log","timestamp":1765136186331,"level":"debug","message":"Base url not specified, skipping its injection.","meta":{"rootId":"bb2gz8ievp5cyxc","id":"bb2gz8ievp5cyxc"},"id":"7i11nfwotxcya02","previousOperationId":"n06l0bhlqmlbwqw"}
{"type":"operationStart","subtype":"engine","name":"handlebars","timestamp":1765136186332,"id":"14hbxozxvaisml6","previousEventId":"5o4oh37ys3rl34u","operationId":"hyahy7t94bp57zj","previousOperationId":"n06l0bhlqmlbwqw"}
{"type":"log","timestamp":1765136186332,"level":"debug","message":"Rendering engine handlebars","meta":{"rootId":"bb2gz8ievp5cyxc","id":"bb2gz8ievp5cyxc"},"id":"5m2v3zgczxbt1pf","previousOperationId":"hyahy7t94bp57zj"}
{"type":"operationEnd","operationId":"hyahy7t94bp57zj","timestamp":1765136186344,"id":"nmhcb7rgca58m0o","previousEventId":"14hbxozxvaisml6","previousOperationId":"hyahy7t94bp57zj"}
{"type":"operationStart","subtype":"recipe","name":"pptx","timestamp":1765136186344,"id":"layv7cdspwn73jc","previousEventId":"nmhcb7rgca58m0o","operationId":"a0kinr14pmwf23k","previousOperationId":"hyahy7t94bp57zj"}
{"type":"log","timestamp":1765136186344,"level":"debug","message":"Executing recipe pptx","meta":{"rootId":"bb2gz8ievp5cyxc","id":"bb2gz8ievp5cyxc"},"id":"8294fy3bgu4bsgu","previousOperationId":"a0kinr14pmwf23k"}
{"type":"log","timestamp":1765136186366,"level":"info","message":"pptx generation is starting","meta":{"rootId":"bb2gz8ievp5cyxc","id":"bb2gz8ievp5cyxc"},"id":"eapsiuqfyea42h0","previousOperationId":"a0kinr14pmwf23k"}
{"type":"log","timestamp":1765136187542,"level":"debug","message":"Starting child request to render pptx dynamic parts","meta":{"rootId":"bb2gz8ievp5cyxc","id":"bb2gz8ievp5cyxc"},"id":"lqdv1yyj1xt56j3","previousOperationId":"a0kinr14pmwf23k"}
{"type":"operationStart","subtype":"render","name":"anonymous","previousOperationId":"a0kinr14pmwf23k","timestamp":1765136187542,"id":"tsyir0iymme1g5z","previousEventId":"layv7cdspwn73jc","operationId":"bwl9kr2jj1wtqvn"}
{"type":"log","timestamp":1765136187542,"level":"info","message":"Starting rendering (child) request","meta":{"rootId":"bb2gz8ievp5cyxc","id":"vv68ka9pdqysxfa"},"id":"fzy9abcjxtljehr","previousOperationId":"bwl9kr2jj1wtqvn"}
{"type":"log","timestamp":1765136187542,"level":"info","message":"Rendering anonymous template { recipe: html, engine: handlebars }","meta":{"rootId":"bb2gz8ievp5cyxc","id":"vv68ka9pdqysxfa"},"id":"g4uxlxqm21qo0w5","previousOperationId":"bwl9kr2jj1wtqvn"}
{"type":"log","timestamp":1765136187542,"level":"debug","message":"Inline data specified.","meta":{"rootId":"bb2gz8ievp5cyxc","id":"vv68ka9pdqysxfa"},"id":"rqoa0w1k66f7r3x","previousOperationId":"bwl9kr2jj1wtqvn"}
{"type":"log","timestamp":1765136187547,"level":"debug","message":"Base url not specified, skipping its injection.","meta":{"rootId":"bb2gz8ievp5cyxc","id":"vv68ka9pdqysxfa"},"id":"ju6n2uul9z1lvw2","previousOperationId":"bwl9kr2jj1wtqvn"}
{"type":"operationStart","subtype":"engine","name":"handlebars","timestamp":1765136187548,"id":"v5siso17ssnjdqg","previousEventId":"tsyir0iymme1g5z","operationId":"bmoqzlrqe017wf4","previousOperationId":"bwl9kr2jj1wtqvn"}
{"type":"log","timestamp":1765136187548,"level":"debug","message":"Rendering engine handlebars","meta":{"rootId":"bb2gz8ievp5cyxc","id":"vv68ka9pdqysxfa"},"id":"mbu0j927dp32fsz","previousOperationId":"bmoqzlrqe017wf4"}
{"type":"operationEnd","operationId":"bmoqzlrqe017wf4","timestamp":1765136187634,"id":"jzf48smb1llhscj","previousEventId":"v5siso17ssnjdqg","previousOperationId":"bmoqzlrqe017wf4"}
{"type":"operationStart","subtype":"recipe","name":"html","timestamp":1765136187642,"id":"3m586d1eokwxia0","previousEventId":"jzf48smb1llhscj","operationId":"gsag9ibvkiwn8la","previousOperationId":"bmoqzlrqe017wf4"}
{"type":"log","timestamp":1765136187642,"level":"debug","message":"Executing recipe html","meta":{"rootId":"bb2gz8ievp5cyxc","id":"vv68ka9pdqysxfa"},"id":"84nhdshy4qbaqj6","previousOperationId":"gsag9ibvkiwn8la"}
{"type":"operationEnd","operationId":"gsag9ibvkiwn8la","timestamp":1765136187642,"id":"vedyhd2v7pidp2n","previousEventId":"3m586d1eokwxia0","previousOperationId":"gsag9ibvkiwn8la"}
{"type":"log","timestamp":1765136187642,"level":"debug","message":"Skipping storing report.","meta":{"rootId":"bb2gz8ievp5cyxc","id":"vv68ka9pdqysxfa"},"id":"7oakeogwz0cjo3q","previousOperationId":"gsag9ibvkiwn8la"}
{"type":"log","timestamp":1765136187642,"level":"info","message":"Rendering (child) request finished in 1373 ms","meta":{"rootId":"bb2gz8ievp5cyxc","id":"vv68ka9pdqysxfa"},"id":"xqi31hm37kbyisj","previousOperationId":"gsag9ibvkiwn8la"}
{"type":"operationEnd","subtype":"render","operationId":"bwl9kr2jj1wtqvn","timestamp":1765136187642,"id":"6ko7wyll5uw6bcj","previousEventId":"vedyhd2v7pidp2n","previousOperationId":"gsag9ibvkiwn8la"}
{"type":"log","timestamp":1765136190473,"level":"debug","message":"pptx successfully zipped","meta":{"rootId":"bb2gz8ievp5cyxc","id":"bb2gz8ievp5cyxc"},"id":"7kj87yqvbgcld5d","previousOperationId":"a0kinr14pmwf23k"}
{"type":"log","timestamp":1765136190473,"level":"info","message":"pptx generation was finished","meta":{"rootId":"bb2gz8ievp5cyxc","id":"bb2gz8ievp5cyxc"},"id":"ypawzjqjnbfh0ci","previousOperationId":"a0kinr14pmwf23k"}
{"type":"operationEnd","operationId":"a0kinr14pmwf23k","timestamp":1765136190481,"id":"ekuxwyxaz4gi0qi","previousEventId":"layv7cdspwn73jc","previousOperationId":"a0kinr14pmwf23k"}
{"type":"log","timestamp":1765136190481,"level":"debug","message":"Skipping storing report.","meta":{"rootId":"bb2gz8ievp5cyxc","id":"bb2gz8ievp5cyxc"},"id":"tbrfx7tvqpiw1uu","previousOperationId":"a0kinr14pmwf23k"}
{"type":"log","timestamp":1765136190481,"level":"info","message":"Rendering request 22 finished in 4212 ms","meta":{"rootId":"bb2gz8ievp5cyxc","id":"bb2gz8ievp5cyxc"},"id":"dfb2sbqnhn9r8ry","previousOperationId":"a0kinr14pmwf23k"}
{"type":"operationEnd","subtype":"render","operationId":"n06l0bhlqmlbwqw","timestamp":1765136190481,"id":"ultcoyntdz9m18l","previousEventId":"ekuxwyxaz4gi0qi","previousOperationId":"a0kinr14pmwf23k"}
{"type":"operationEnd","doDiffs":false,"previousEventId":"wo6kfrvtkdn72im","previousOperationId":"ipeu7msc5mpjpzt","operationId":"ipeu7msc5mpjpzt","timestamp":1765136190484,"id":"9wn5wpvv2o8yxtx"}
