{"type":"operationStart","subtype":"profile","data":{"_id":"Fcks6oU6eTX8lcCd","timestamp":"2025-12-28T19:02:29.258Z","state":"running","mode":"standard","creationDate":"2025-12-28T19:02:29.261Z","modificationDate":"2025-12-28T19:02:29.261Z","shortid":"sp6MD3N","$entitySet":"profiles","timeout":60000},"doDiffs":false,"timestamp":1766948549260,"id":"jyj4rqcoov7hw4w","previousOperationId":null,"operationId":"f1rnzlmp62q6gmy"}
{"type":"log","level":"info","message":"Render request 2 queued for execution and waiting for available worker","previousOperationId":"f1rnzlmp62q6gmy","timestamp":1766948549260,"id":"pba9cehwdqsrvn6"}
{"type":"operationStart","subtype":"render","name":"anonymous","previousOperationId":"f1rnzlmp62q6gmy","timestamp":1766948549293,"id":"on1hwwqm5riaizd","previousEventId":"jyj4rqcoov7hw4w","operationId":"p790wiihwggcmj8"}
{"type":"log","timestamp":1766948549294,"level":"info","message":"Starting rendering request 2","meta":{"rootId":"bdxpx994h5b4r4p","id":"bdxpx994h5b4r4p"},"id":"ilm642ck0xar5vm","previousOperationId":"p790wiihwggcmj8"}
{"type":"log","timestamp":1766948549297,"level":"info","message":"Rendering anonymous template { recipe: pptx, engine: handlebars }","meta":{"rootId":"bdxpx994h5b4r4p","id":"bdxpx994h5b4r4p"},"id":"mhyi9vzmgqvy4us","previousOperationId":"p790wiihwggcmj8"}
{"type":"log","timestamp":1766948549297,"level":"debug","message":"Inline data specified.","meta":{"rootId":"bdxpx994h5b4r4p","id":"bdxpx994h5b4r4p"},"id":"0mwo4jmcahtm26w","previousOperationId":"p790wiihwggcmj8"}
{"type":"log","timestamp":1766948549304,"level":"debug","message":"Base url not specified, skipping its injection.","meta":{"rootId":"bdxpx994h5b4r4p","id":"bdxpx994h5b4r4p"},"id":"orlg1pkte52jrwt","previousOperationId":"p790wiihwggcmj8"}
{"type":"operationStart","subtype":"engine","name":"handlebars","timestamp":1766948549305,"id":"66cuahw579n8bzj","previousEventId":"on1hwwqm5riaizd","operationId":"8sfgklgginz3n1j","previousOperationId":"p790wiihwggcmj8"}
{"type":"log","timestamp":1766948549306,"level":"debug","message":"Rendering engine handlebars","meta":{"rootId":"bdxpx994h5b4r4p","id":"bdxpx994h5b4r4p"},"id":"s6mosduznce9o89","previousOperationId":"8sfgklgginz3n1j"}
{"type":"operationEnd","operationId":"8sfgklgginz3n1j","timestamp":1766948550080,"id":"xk08aap0zy8w5mq","previousEventId":"66cuahw579n8bzj","previousOperationId":"8sfgklgginz3n1j"}
{"type":"operationStart","subtype":"recipe","name":"pptx","timestamp":1766948550081,"id":"drrj08uuz6n3fmj","previousEventId":"xk08aap0zy8w5mq","operationId":"ic79un804gn99qm","previousOperationId":"8sfgklgginz3n1j"}
{"type":"log","timestamp":1766948550081,"level":"debug","message":"Executing recipe pptx","meta":{"rootId":"bdxpx994h5b4r4p","id":"bdxpx994h5b4r4p"},"id":"vl9101ilu5d0i0k","previousOperationId":"ic79un804gn99qm"}
{"type":"log","timestamp":1766948550252,"level":"info","message":"pptx generation is starting","meta":{"rootId":"bdxpx994h5b4r4p","id":"bdxpx994h5b4r4p"},"id":"2etxx0sn8m0zcdm","previousOperationId":"ic79un804gn99qm"}
{"type":"log","timestamp":1766948551306,"level":"debug","message":"Starting child request to render pptx dynamic parts","meta":{"rootId":"bdxpx994h5b4r4p","id":"bdxpx994h5b4r4p"},"id":"yqeoxtss0a1p0nt","previousOperationId":"ic79un804gn99qm"}
{"type":"operationStart","subtype":"render","name":"anonymous","previousOperationId":"ic79un804gn99qm","timestamp":1766948551306,"id":"46i0qa2bttjrftx","previousEventId":"drrj08uuz6n3fmj","operationId":"5lvod0exq6dkdkd"}
{"type":"log","timestamp":1766948551307,"level":"info","message":"Starting rendering (child) request","meta":{"rootId":"bdxpx994h5b4r4p","id":"amv2a9t4lth3wry"},"id":"1vqxvbw8humislq","previousOperationId":"5lvod0exq6dkdkd"}
{"type":"log","timestamp":1766948551307,"level":"info","message":"Rendering anonymous template { recipe: html, engine: handlebars }","meta":{"rootId":"bdxpx994h5b4r4p","id":"amv2a9t4lth3wry"},"id":"8ybqhaoag8rqe5v","previousOperationId":"5lvod0exq6dkdkd"}
{"type":"log","timestamp":1766948551307,"level":"debug","message":"Inline data specified.","meta":{"rootId":"bdxpx994h5b4r4p","id":"amv2a9t4lth3wry"},"id":"vfdxvru29ovgzs5","previousOperationId":"5lvod0exq6dkdkd"}
{"type":"log","timestamp":1766948551311,"level":"debug","message":"Base url not specified, skipping its injection.","meta":{"rootId":"bdxpx994h5b4r4p","id":"amv2a9t4lth3wry"},"id":"i44n8uloprb9cc9","previousOperationId":"5lvod0exq6dkdkd"}
{"type":"operationStart","subtype":"engine","name":"handlebars","timestamp":1766948551313,"id":"5fvp3p2ze79pgo2","previousEventId":"46i0qa2bttjrftx","operationId":"080khg9prqc1lnn","previousOperationId":"5lvod0exq6dkdkd"}
{"type":"log","timestamp":1766948551313,"level":"debug","message":"Rendering engine handlebars","meta":{"rootId":"bdxpx994h5b4r4p","id":"amv2a9t4lth3wry"},"id":"louz3fxdophts27","previousOperationId":"080khg9prqc1lnn"}
{"type":"log","timestamp":1766948551436,"level":"debug","message":"(console:log) {\n  type: 'echarts@v5a',\n  width: 848,\n  height: 409,\n  option: { radar: [ [Object] ], series: [ [Object] ] }\n}","meta":{"userLevel":true,"rootId":"bdxpx994h5b4r4p","id":"amv2a9t4lth3wry"},"id":"nfy9yjmm3m0fwoi","previousOperationId":"080khg9prqc1lnn"}
{"type":"operationEnd","operationId":"080khg9prqc1lnn","timestamp":1766948551442,"id":"xgsu81c696uu2hx","previousEventId":"5fvp3p2ze79pgo2","previousOperationId":"080khg9prqc1lnn"}
{"type":"operationStart","subtype":"recipe","name":"html","timestamp":1766948551450,"id":"gzkquw9gv9q5xxj","previousEventId":"xgsu81c696uu2hx","operationId":"qncijrs1fwytdat","previousOperationId":"080khg9prqc1lnn"}
{"type":"log","timestamp":1766948551450,"level":"debug","message":"Executing recipe html","meta":{"rootId":"bdxpx994h5b4r4p","id":"amv2a9t4lth3wry"},"id":"ms2qyj6i84vxf4i","previousOperationId":"qncijrs1fwytdat"}
{"type":"operationEnd","operationId":"qncijrs1fwytdat","timestamp":1766948551451,"id":"o3lxsqstuw75uzc","previousEventId":"gzkquw9gv9q5xxj","previousOperationId":"qncijrs1fwytdat"}
{"type":"log","timestamp":1766948551451,"level":"debug","message":"Skipping storing report.","meta":{"rootId":"bdxpx994h5b4r4p","id":"amv2a9t4lth3wry"},"id":"9hh5z0wvekzeihd","previousOperationId":"qncijrs1fwytdat"}
{"type":"log","timestamp":1766948551452,"level":"info","message":"Rendering (child) request finished in 2194 ms","meta":{"rootId":"bdxpx994h5b4r4p","id":"amv2a9t4lth3wry"},"id":"345ewz8j3afy70f","previousOperationId":"qncijrs1fwytdat"}
{"type":"operationEnd","subtype":"render","operationId":"5lvod0exq6dkdkd","timestamp":1766948551452,"id":"gxqrg4mxw1pewk8","previousEventId":"o3lxsqstuw75uzc","previousOperationId":"qncijrs1fwytdat"}
{"type":"log","timestamp":1766948555903,"level":"debug","message":"pptx successfully zipped","meta":{"rootId":"bdxpx994h5b4r4p","id":"bdxpx994h5b4r4p"},"id":"h5fp5g6jft528tn","previousOperationId":"ic79un804gn99qm"}
{"type":"log","timestamp":1766948555903,"level":"info","message":"pptx generation was finished","meta":{"rootId":"bdxpx994h5b4r4p","id":"bdxpx994h5b4r4p"},"id":"jr0fqjfpkixgear","previousOperationId":"ic79un804gn99qm"}
{"type":"operationEnd","operationId":"ic79un804gn99qm","timestamp":1766948555914,"id":"0d3yvvxhd9hsxg7","previousEventId":"drrj08uuz6n3fmj","previousOperationId":"ic79un804gn99qm"}
{"type":"log","timestamp":1766948555914,"level":"debug","message":"Skipping storing report.","meta":{"rootId":"bdxpx994h5b4r4p","id":"bdxpx994h5b4r4p"},"id":"yfhq7vmpu6924jz","previousOperationId":"ic79un804gn99qm"}
{"type":"log","timestamp":1766948555914,"level":"info","message":"Rendering request 2 finished in 6656 ms","meta":{"rootId":"bdxpx994h5b4r4p","id":"bdxpx994h5b4r4p"},"id":"ahvgmbwy1uwyqoo","previousOperationId":"ic79un804gn99qm"}
{"type":"operationEnd","subtype":"render","operationId":"p790wiihwggcmj8","timestamp":1766948555914,"id":"qjkyz96247ennrz","previousEventId":"0d3yvvxhd9hsxg7","previousOperationId":"ic79un804gn99qm"}
{"type":"operationEnd","doDiffs":false,"previousEventId":"jyj4rqcoov7hw4w","previousOperationId":"f1rnzlmp62q6gmy","operationId":"f1rnzlmp62q6gmy","timestamp":1766948555918,"id":"22r2bhyxa69a2rz"}
