{"type":"operationStart","subtype":"profile","data":{"_id":"EYpCchQr610Ib9T9","timestamp":"2025-12-07T18:48:58.871Z","state":"running","mode":"standard","creationDate":"2025-12-07T18:48:58.876Z","modificationDate":"2025-12-07T18:48:58.876Z","shortid":"73JhelW","$entitySet":"profiles","timeout":60000},"doDiffs":false,"timestamp":1765133338873,"id":"3bes1cflhaerzre","previousOperationId":null,"operationId":"0e3u3ctj85kjyni"}
{"type":"log","level":"info","message":"Render request 2 queued for execution and waiting for available worker","previousOperationId":"0e3u3ctj85kjyni","timestamp":1765133338874,"id":"bjxhqa33vn6z1r1"}
{"type":"operationStart","subtype":"render","name":"anonymous","previousOperationId":"0e3u3ctj85kjyni","timestamp":1765133338938,"id":"6nga63fryhkqx96","previousEventId":"3bes1cflhaerzre","operationId":"706oi4nzda2slgc"}
{"type":"log","timestamp":1765133338940,"level":"info","message":"Starting rendering request 2","meta":{"rootId":"bgcx7mbl6x7fmlh","id":"bgcx7mbl6x7fmlh"},"id":"uffc0b09y6wdcty","previousOperationId":"706oi4nzda2slgc"}
{"type":"log","timestamp":1765133338942,"level":"info","message":"Rendering anonymous template { recipe: pptx, engine: handlebars }","meta":{"rootId":"bgcx7mbl6x7fmlh","id":"bgcx7mbl6x7fmlh"},"id":"q1xivbyz4zw21c7","previousOperationId":"706oi4nzda2slgc"}
{"type":"log","timestamp":1765133338943,"level":"debug","message":"Inline data specified.","meta":{"rootId":"bgcx7mbl6x7fmlh","id":"bgcx7mbl6x7fmlh"},"id":"s1542fcfonqh6gb","previousOperationId":"706oi4nzda2slgc"}
{"type":"log","timestamp":1765133338948,"level":"debug","message":"Base url not specified, skipping its injection.","meta":{"rootId":"bgcx7mbl6x7fmlh","id":"bgcx7mbl6x7fmlh"},"id":"51tvlopmf0h8xcg","previousOperationId":"706oi4nzda2slgc"}
{"type":"operationStart","subtype":"engine","name":"handlebars","timestamp":1765133338951,"id":"u1sk5wbxt05rlxb","previousEventId":"6nga63fryhkqx96","operationId":"nnynnxrsf7dwsah","previousOperationId":"706oi4nzda2slgc"}
{"type":"log","timestamp":1765133338951,"level":"debug","message":"Rendering engine handlebars","meta":{"rootId":"bgcx7mbl6x7fmlh","id":"bgcx7mbl6x7fmlh"},"id":"4t1c031hfqeen12","previousOperationId":"nnynnxrsf7dwsah"}
{"type":"operationEnd","operationId":"nnynnxrsf7dwsah","timestamp":1765133340209,"id":"7wb0s8fc54iw3j4","previousEventId":"u1sk5wbxt05rlxb","previousOperationId":"nnynnxrsf7dwsah"}
{"type":"operationStart","subtype":"recipe","name":"pptx","timestamp":1765133340210,"id":"en9n63uhvy81sni","previousEventId":"7wb0s8fc54iw3j4","operationId":"203ya28ykusron6","previousOperationId":"nnynnxrsf7dwsah"}
{"type":"log","timestamp":1765133340210,"level":"debug","message":"Executing recipe pptx","meta":{"rootId":"bgcx7mbl6x7fmlh","id":"bgcx7mbl6x7fmlh"},"id":"pe1070xqmv0d85n","previousOperationId":"203ya28ykusron6"}
{"type":"log","timestamp":1765133340480,"level":"info","message":"pptx generation is starting","meta":{"rootId":"bgcx7mbl6x7fmlh","id":"bgcx7mbl6x7fmlh"},"id":"zdqchmx8b6awcvh","previousOperationId":"203ya28ykusron6"}
{"type":"log","timestamp":1765133342208,"level":"debug","message":"Starting child request to render pptx dynamic parts","meta":{"rootId":"bgcx7mbl6x7fmlh","id":"bgcx7mbl6x7fmlh"},"id":"kohvnx85d76yjsq","previousOperationId":"203ya28ykusron6"}
{"type":"operationStart","subtype":"render","name":"anonymous","previousOperationId":"203ya28ykusron6","timestamp":1765133342210,"id":"mtnw2t1d1ko076u","previousEventId":"en9n63uhvy81sni","operationId":"gbwgptzjuor2tws"}
{"type":"log","timestamp":1765133342210,"level":"info","message":"Starting rendering (child) request","meta":{"rootId":"bgcx7mbl6x7fmlh","id":"v8kdtlgv8g2i0hl"},"id":"xdmankt860bu32r","previousOperationId":"gbwgptzjuor2tws"}
{"type":"log","timestamp":1765133342210,"level":"info","message":"Rendering anonymous template { recipe: html, engine: handlebars }","meta":{"rootId":"bgcx7mbl6x7fmlh","id":"v8kdtlgv8g2i0hl"},"id":"zd8palws7kxblek","previousOperationId":"gbwgptzjuor2tws"}
{"type":"log","timestamp":1765133342210,"level":"debug","message":"Inline data specified.","meta":{"rootId":"bgcx7mbl6x7fmlh","id":"v8kdtlgv8g2i0hl"},"id":"u8qck3wfd8i1lt9","previousOperationId":"gbwgptzjuor2tws"}
{"type":"log","timestamp":1765133342218,"level":"debug","message":"Base url not specified, skipping its injection.","meta":{"rootId":"bgcx7mbl6x7fmlh","id":"v8kdtlgv8g2i0hl"},"id":"5c7db0oijmp1nhn","previousOperationId":"gbwgptzjuor2tws"}
{"type":"operationStart","subtype":"engine","name":"handlebars","timestamp":1765133342220,"id":"yzgjg7r1r2bl5p9","previousEventId":"mtnw2t1d1ko076u","operationId":"fwaqtgsmzlsloy7","previousOperationId":"gbwgptzjuor2tws"}
{"type":"log","timestamp":1765133342221,"level":"debug","message":"Rendering engine handlebars","meta":{"rootId":"bgcx7mbl6x7fmlh","id":"v8kdtlgv8g2i0hl"},"id":"bxb09bf9vbidwrk","previousOperationId":"fwaqtgsmzlsloy7"}
{"type":"operationEnd","operationId":"fwaqtgsmzlsloy7","timestamp":1765133342384,"id":"uzmjkhoneyczrcs","previousEventId":"yzgjg7r1r2bl5p9","previousOperationId":"fwaqtgsmzlsloy7"}
{"type":"operationStart","subtype":"recipe","name":"html","timestamp":1765133342398,"id":"zvg95capluf2q4z","previousEventId":"uzmjkhoneyczrcs","operationId":"8qav3qvc9gh4nx2","previousOperationId":"fwaqtgsmzlsloy7"}
{"type":"log","timestamp":1765133342398,"level":"debug","message":"Executing recipe html","meta":{"rootId":"bgcx7mbl6x7fmlh","id":"v8kdtlgv8g2i0hl"},"id":"3zajnhdw9iunxrt","previousOperationId":"8qav3qvc9gh4nx2"}
{"type":"operationEnd","operationId":"8qav3qvc9gh4nx2","timestamp":1765133342398,"id":"ljhd674u33do7k6","previousEventId":"zvg95capluf2q4z","previousOperationId":"8qav3qvc9gh4nx2"}
{"type":"log","timestamp":1765133342400,"level":"debug","message":"Skipping storing report.","meta":{"rootId":"bgcx7mbl6x7fmlh","id":"v8kdtlgv8g2i0hl"},"id":"1y4j9ft9id0hw1r","previousOperationId":"8qav3qvc9gh4nx2"}
{"type":"log","timestamp":1765133342400,"level":"info","message":"Rendering (child) request finished in 3530 ms","meta":{"rootId":"bgcx7mbl6x7fmlh","id":"v8kdtlgv8g2i0hl"},"id":"3oh04pha9j6p19u","previousOperationId":"8qav3qvc9gh4nx2"}
{"type":"operationEnd","subtype":"render","operationId":"gbwgptzjuor2tws","timestamp":1765133342400,"id":"l85tstlb0l2imde","previousEventId":"ljhd674u33do7k6","previousOperationId":"8qav3qvc9gh4nx2"}
{"type":"log","timestamp":1765133356986,"level":"debug","message":"pptx successfully zipped","meta":{"rootId":"bgcx7mbl6x7fmlh","id":"bgcx7mbl6x7fmlh"},"id":"4zk8g8dmy2p5bcy","previousOperationId":"203ya28ykusron6"}
{"type":"log","timestamp":1765133356987,"level":"info","message":"pptx generation was finished","meta":{"rootId":"bgcx7mbl6x7fmlh","id":"bgcx7mbl6x7fmlh"},"id":"yhxtym54esel4o4","previousOperationId":"203ya28ykusron6"}
{"type":"operationEnd","operationId":"203ya28ykusron6","timestamp":1765133357008,"id":"1yqfvtutg05du4c","previousEventId":"en9n63uhvy81sni","previousOperationId":"203ya28ykusron6"}
{"type":"log","timestamp":1765133357008,"level":"debug","message":"Skipping storing report.","meta":{"rootId":"bgcx7mbl6x7fmlh","id":"bgcx7mbl6x7fmlh"},"id":"eepis2tf3rxnddb","previousOperationId":"203ya28ykusron6"}
{"type":"log","timestamp":1765133357008,"level":"info","message":"Rendering request 2 finished in 18138 ms","meta":{"rootId":"bgcx7mbl6x7fmlh","id":"bgcx7mbl6x7fmlh"},"id":"xcm2e38jcgx0ajh","previousOperationId":"203ya28ykusron6"}
{"type":"operationEnd","subtype":"render","operationId":"706oi4nzda2slgc","timestamp":1765133357009,"id":"w15vvxjsb0hk6vl","previousEventId":"1yqfvtutg05du4c","previousOperationId":"203ya28ykusron6"}
{"type":"operationEnd","doDiffs":false,"previousEventId":"3bes1cflhaerzre","previousOperationId":"0e3u3ctj85kjyni","operationId":"0e3u3ctj85kjyni","timestamp":1765133357015,"id":"88mhwzun10mtwwo"}
