{"type":"operationStart","subtype":"profile","data":{"_id":"FucKuT3JeQRf7PEN","timestamp":"2025-12-07T19:58:50.421Z","state":"running","mode":"standard","creationDate":"2025-12-07T19:58:50.422Z","modificationDate":"2025-12-07T19:58:50.422Z","shortid":"kkubeFj","$entitySet":"profiles","timeout":60000},"doDiffs":false,"timestamp":1765137530422,"id":"z8ax82fargdy7gi","previousOperationId":null,"operationId":"2orrnldxv17dwei"}
{"type":"log","level":"info","message":"Render request 32 queued for execution and waiting for available worker","previousOperationId":"2orrnldxv17dwei","timestamp":1765137530422,"id":"tovlq04by1aqjj6"}
{"type":"operationStart","subtype":"render","name":"anonymous","previousOperationId":"2orrnldxv17dwei","timestamp":1765137530448,"id":"z4dntjmo2hi8wt2","previousEventId":"z8ax82fargdy7gi","operationId":"2nt0h3cawuj1g5v"}
{"type":"log","timestamp":1765137530448,"level":"info","message":"Starting rendering request 32","meta":{"rootId":"bggt6njfb0op9qe","id":"bggt6njfb0op9qe"},"id":"xjkaj5ulsm5isn7","previousOperationId":"2nt0h3cawuj1g5v"}
{"type":"log","timestamp":1765137530449,"level":"info","message":"Rendering anonymous template { recipe: pptx, engine: handlebars }","meta":{"rootId":"bggt6njfb0op9qe","id":"bggt6njfb0op9qe"},"id":"de1yhko8tz9909q","previousOperationId":"2nt0h3cawuj1g5v"}
{"type":"log","timestamp":1765137530449,"level":"debug","message":"Inline data specified.","meta":{"rootId":"bggt6njfb0op9qe","id":"bggt6njfb0op9qe"},"id":"7pnx3nk0o1oj9ny","previousOperationId":"2nt0h3cawuj1g5v"}
{"type":"log","timestamp":1765137530451,"level":"debug","message":"Base url not specified, skipping its injection.","meta":{"rootId":"bggt6njfb0op9qe","id":"bggt6njfb0op9qe"},"id":"6tk5is4ev68i3o7","previousOperationId":"2nt0h3cawuj1g5v"}
{"type":"operationStart","subtype":"engine","name":"handlebars","timestamp":1765137530452,"id":"t0minw714q7ckxy","previousEventId":"z4dntjmo2hi8wt2","operationId":"vrdf7w6tfo170z3","previousOperationId":"2nt0h3cawuj1g5v"}
{"type":"log","timestamp":1765137530452,"level":"debug","message":"Rendering engine handlebars","meta":{"rootId":"bggt6njfb0op9qe","id":"bggt6njfb0op9qe"},"id":"h7pyms8me1etnun","previousOperationId":"vrdf7w6tfo170z3"}
{"type":"operationEnd","operationId":"vrdf7w6tfo170z3","timestamp":1765137530463,"id":"amrtwzv9p2dh629","previousEventId":"t0minw714q7ckxy","previousOperationId":"vrdf7w6tfo170z3"}
{"type":"operationStart","subtype":"recipe","name":"pptx","timestamp":1765137530463,"id":"iefuj6r5wdvg0pd","previousEventId":"amrtwzv9p2dh629","operationId":"6ws1e5hovny9ruf","previousOperationId":"vrdf7w6tfo170z3"}
{"type":"log","timestamp":1765137530463,"level":"debug","message":"Executing recipe pptx","meta":{"rootId":"bggt6njfb0op9qe","id":"bggt6njfb0op9qe"},"id":"nbqo5288pz9kfoe","previousOperationId":"6ws1e5hovny9ruf"}
{"type":"log","timestamp":1765137530477,"level":"info","message":"pptx generation is starting","meta":{"rootId":"bggt6njfb0op9qe","id":"bggt6njfb0op9qe"},"id":"6x7eiio2ghdbre8","previousOperationId":"6ws1e5hovny9ruf"}
{"type":"log","timestamp":1765137531562,"level":"debug","message":"Starting child request to render pptx dynamic parts","meta":{"rootId":"bggt6njfb0op9qe","id":"bggt6njfb0op9qe"},"id":"yly3yelg3i3phg3","previousOperationId":"6ws1e5hovny9ruf"}
{"type":"operationStart","subtype":"render","name":"anonymous","previousOperationId":"6ws1e5hovny9ruf","timestamp":1765137531562,"id":"ogafvnk2z7hwwjo","previousEventId":"iefuj6r5wdvg0pd","operationId":"wc85m19ai435khx"}
{"type":"log","timestamp":1765137531562,"level":"info","message":"Starting rendering (child) request","meta":{"rootId":"bggt6njfb0op9qe","id":"4640olz5s46a3js"},"id":"ayp4p4jdf4eq9dh","previousOperationId":"wc85m19ai435khx"}
{"type":"log","timestamp":1765137531562,"level":"info","message":"Rendering anonymous template { recipe: html, engine: handlebars }","meta":{"rootId":"bggt6njfb0op9qe","id":"4640olz5s46a3js"},"id":"td6g8cfun0fzjbo","previousOperationId":"wc85m19ai435khx"}
{"type":"log","timestamp":1765137531562,"level":"debug","message":"Inline data specified.","meta":{"rootId":"bggt6njfb0op9qe","id":"4640olz5s46a3js"},"id":"pgucfz6bmhfa9lb","previousOperationId":"wc85m19ai435khx"}
{"type":"log","timestamp":1765137531566,"level":"debug","message":"Base url not specified, skipping its injection.","meta":{"rootId":"bggt6njfb0op9qe","id":"4640olz5s46a3js"},"id":"gzu1njqrignuqg2","previousOperationId":"wc85m19ai435khx"}
{"type":"operationStart","subtype":"engine","name":"handlebars","timestamp":1765137531568,"id":"f35bzok44hy2l21","previousEventId":"ogafvnk2z7hwwjo","operationId":"wh2p3f3frw8d58p","previousOperationId":"wc85m19ai435khx"}
{"type":"log","timestamp":1765137531568,"level":"debug","message":"Rendering engine handlebars","meta":{"rootId":"bggt6njfb0op9qe","id":"4640olz5s46a3js"},"id":"6syxj65yfyew6pc","previousOperationId":"wh2p3f3frw8d58p"}
{"type":"operationEnd","operationId":"wh2p3f3frw8d58p","timestamp":1765137531671,"id":"t78w6aedx86fghi","previousEventId":"f35bzok44hy2l21","previousOperationId":"wh2p3f3frw8d58p"}
{"type":"operationStart","subtype":"recipe","name":"html","timestamp":1765137531680,"id":"jouyhw6dywjvh06","previousEventId":"t78w6aedx86fghi","operationId":"675m37jocvu8ehg","previousOperationId":"wh2p3f3frw8d58p"}
{"type":"log","timestamp":1765137531680,"level":"debug","message":"Executing recipe html","meta":{"rootId":"bggt6njfb0op9qe","id":"4640olz5s46a3js"},"id":"v56laswvwvfpke6","previousOperationId":"675m37jocvu8ehg"}
{"type":"operationEnd","operationId":"675m37jocvu8ehg","timestamp":1765137531680,"id":"37btdgrp93x23js","previousEventId":"jouyhw6dywjvh06","previousOperationId":"675m37jocvu8ehg"}
{"type":"log","timestamp":1765137531680,"level":"debug","message":"Skipping storing report.","meta":{"rootId":"bggt6njfb0op9qe","id":"4640olz5s46a3js"},"id":"h0jcke6gwas16hf","previousOperationId":"675m37jocvu8ehg"}
{"type":"log","timestamp":1765137531680,"level":"info","message":"Rendering (child) request finished in 1260 ms","meta":{"rootId":"bggt6njfb0op9qe","id":"4640olz5s46a3js"},"id":"okowswp1pulclv6","previousOperationId":"675m37jocvu8ehg"}
{"type":"operationEnd","subtype":"render","operationId":"wc85m19ai435khx","timestamp":1765137531680,"id":"83yqpkbnaabwlub","previousEventId":"37btdgrp93x23js","previousOperationId":"675m37jocvu8ehg"}
{"type":"log","timestamp":1765137537105,"level":"debug","message":"pptx successfully zipped","meta":{"rootId":"bggt6njfb0op9qe","id":"bggt6njfb0op9qe"},"id":"ykocr6lij7w8wwg","previousOperationId":"6ws1e5hovny9ruf"}
{"type":"log","timestamp":1765137537106,"level":"info","message":"pptx generation was finished","meta":{"rootId":"bggt6njfb0op9qe","id":"bggt6njfb0op9qe"},"id":"vvsastgzz9ixh9a","previousOperationId":"6ws1e5hovny9ruf"}
{"type":"operationEnd","operationId":"6ws1e5hovny9ruf","timestamp":1765137537113,"id":"z3izbz5x1nuvic3","previousEventId":"iefuj6r5wdvg0pd","previousOperationId":"6ws1e5hovny9ruf"}
{"type":"log","timestamp":1765137537113,"level":"debug","message":"Skipping storing report.","meta":{"rootId":"bggt6njfb0op9qe","id":"bggt6njfb0op9qe"},"id":"gucckoiuy6ufsos","previousOperationId":"6ws1e5hovny9ruf"}
{"type":"log","timestamp":1765137537113,"level":"info","message":"Rendering request 32 finished in 6693 ms","meta":{"rootId":"bggt6njfb0op9qe","id":"bggt6njfb0op9qe"},"id":"l1o2i8u6u5t5rcw","previousOperationId":"6ws1e5hovny9ruf"}
{"type":"operationEnd","subtype":"render","operationId":"2nt0h3cawuj1g5v","timestamp":1765137537113,"id":"2tjxjj5ldvjf9wm","previousEventId":"z3izbz5x1nuvic3","previousOperationId":"6ws1e5hovny9ruf"}
{"type":"operationEnd","doDiffs":false,"previousEventId":"z8ax82fargdy7gi","previousOperationId":"2orrnldxv17dwei","operationId":"2orrnldxv17dwei","timestamp":1765137537119,"id":"eeapbta9fi9dqta"}
