{"type":"operationStart","subtype":"profile","data":{"_id":"NsdRysxVpRmreDVJ","timestamp":"2025-12-26T19:49:59.711Z","state":"running","mode":"standard","creationDate":"2025-12-26T19:49:59.720Z","modificationDate":"2025-12-26T19:49:59.720Z","shortid":"5bB5Nnb","$entitySet":"profiles","timeout":60000},"doDiffs":false,"timestamp":1766778599716,"id":"wo4hqcd0k5yd4rt","previousOperationId":null,"operationId":"hy1q0rjwbeqvros"}
{"type":"log","level":"info","message":"Render request 2 queued for execution and waiting for available worker","previousOperationId":"hy1q0rjwbeqvros","timestamp":1766778599717,"id":"1wzlhiew08ld25b"}
{"type":"operationStart","subtype":"render","name":"anonymous","previousOperationId":"hy1q0rjwbeqvros","timestamp":1766778599791,"id":"x8n5rz4glqlxh1q","previousEventId":"wo4hqcd0k5yd4rt","operationId":"i5hv49i2p68d3rg"}
{"type":"log","timestamp":1766778599793,"level":"info","message":"Starting rendering request 2","meta":{"rootId":"bijxeom9cjf4djk","id":"bijxeom9cjf4djk"},"id":"i1c0w5krjkg2ffs","previousOperationId":"i5hv49i2p68d3rg"}
{"type":"log","timestamp":1766778599796,"level":"info","message":"Rendering anonymous template { recipe: pptx, engine: handlebars }","meta":{"rootId":"bijxeom9cjf4djk","id":"bijxeom9cjf4djk"},"id":"1xvdgf8kqakema4","previousOperationId":"i5hv49i2p68d3rg"}
{"type":"log","timestamp":1766778599796,"level":"debug","message":"Inline data specified.","meta":{"rootId":"bijxeom9cjf4djk","id":"bijxeom9cjf4djk"},"id":"5cemppz9i85hjjb","previousOperationId":"i5hv49i2p68d3rg"}
{"type":"log","timestamp":1766778599803,"level":"debug","message":"Base url not specified, skipping its injection.","meta":{"rootId":"bijxeom9cjf4djk","id":"bijxeom9cjf4djk"},"id":"03kpxqtkakjyqkk","previousOperationId":"i5hv49i2p68d3rg"}
{"type":"operationStart","subtype":"engine","name":"handlebars","timestamp":1766778599806,"id":"n0stx9197nwe5qj","previousEventId":"x8n5rz4glqlxh1q","operationId":"xz351602njdzjfq","previousOperationId":"i5hv49i2p68d3rg"}
{"type":"log","timestamp":1766778599806,"level":"debug","message":"Rendering engine handlebars","meta":{"rootId":"bijxeom9cjf4djk","id":"bijxeom9cjf4djk"},"id":"zju8zxe48skh9gw","previousOperationId":"xz351602njdzjfq"}
{"type":"operationEnd","operationId":"xz351602njdzjfq","timestamp":1766778601087,"id":"jpdfw4ijivcnhc9","previousEventId":"n0stx9197nwe5qj","previousOperationId":"xz351602njdzjfq"}
{"type":"operationStart","subtype":"recipe","name":"pptx","timestamp":1766778601088,"id":"5y0fyi7yjngzos0","previousEventId":"jpdfw4ijivcnhc9","operationId":"lm0l14xscgjbu3l","previousOperationId":"xz351602njdzjfq"}
{"type":"log","timestamp":1766778601089,"level":"debug","message":"Executing recipe pptx","meta":{"rootId":"bijxeom9cjf4djk","id":"bijxeom9cjf4djk"},"id":"mvrv3twfqtz2o3t","previousOperationId":"lm0l14xscgjbu3l"}
{"type":"log","timestamp":1766778601349,"level":"info","message":"pptx generation is starting","meta":{"rootId":"bijxeom9cjf4djk","id":"bijxeom9cjf4djk"},"id":"pgysvlf7eyzr3px","previousOperationId":"lm0l14xscgjbu3l"}
{"type":"log","timestamp":1766778603125,"level":"debug","message":"Starting child request to render pptx dynamic parts","meta":{"rootId":"bijxeom9cjf4djk","id":"bijxeom9cjf4djk"},"id":"gu9wwwj37uotd0x","previousOperationId":"lm0l14xscgjbu3l"}
{"type":"operationStart","subtype":"render","name":"anonymous","previousOperationId":"lm0l14xscgjbu3l","timestamp":1766778603126,"id":"i8rlv1sd19nfvwm","previousEventId":"5y0fyi7yjngzos0","operationId":"fbrs9v5cg0llcbr"}
{"type":"log","timestamp":1766778603126,"level":"info","message":"Starting rendering (child) request","meta":{"rootId":"bijxeom9cjf4djk","id":"yq3ykcda8eg82eb"},"id":"hw3fdvhh5citpjh","previousOperationId":"fbrs9v5cg0llcbr"}
{"type":"log","timestamp":1766778603126,"level":"info","message":"Rendering anonymous template { recipe: html, engine: handlebars }","meta":{"rootId":"bijxeom9cjf4djk","id":"yq3ykcda8eg82eb"},"id":"3t3w89ikey9vzcr","previousOperationId":"fbrs9v5cg0llcbr"}
{"type":"log","timestamp":1766778603127,"level":"debug","message":"Inline data specified.","meta":{"rootId":"bijxeom9cjf4djk","id":"yq3ykcda8eg82eb"},"id":"nn06pgw3p79frel","previousOperationId":"fbrs9v5cg0llcbr"}
{"type":"log","timestamp":1766778603133,"level":"debug","message":"Base url not specified, skipping its injection.","meta":{"rootId":"bijxeom9cjf4djk","id":"yq3ykcda8eg82eb"},"id":"5pynrexo03j5940","previousOperationId":"fbrs9v5cg0llcbr"}
{"type":"operationStart","subtype":"engine","name":"handlebars","timestamp":1766778603137,"id":"txozv15z4hohdfb","previousEventId":"i8rlv1sd19nfvwm","operationId":"j08dg1ra2yunt1q","previousOperationId":"fbrs9v5cg0llcbr"}
{"type":"log","timestamp":1766778603137,"level":"debug","message":"Rendering engine handlebars","meta":{"rootId":"bijxeom9cjf4djk","id":"yq3ykcda8eg82eb"},"id":"ziz6251bxfva50d","previousOperationId":"j08dg1ra2yunt1q"}
{"type":"operationEnd","operationId":"j08dg1ra2yunt1q","timestamp":1766778603310,"id":"20b82mnn1oz7mlo","previousEventId":"txozv15z4hohdfb","previousOperationId":"j08dg1ra2yunt1q"}
{"type":"operationStart","subtype":"recipe","name":"html","timestamp":1766778603323,"id":"rliwb77znae4zr3","previousEventId":"20b82mnn1oz7mlo","operationId":"mu2jgbcktz5gfqj","previousOperationId":"j08dg1ra2yunt1q"}
{"type":"log","timestamp":1766778603323,"level":"debug","message":"Executing recipe html","meta":{"rootId":"bijxeom9cjf4djk","id":"yq3ykcda8eg82eb"},"id":"ix7gskwbdmseuv9","previousOperationId":"mu2jgbcktz5gfqj"}
{"type":"operationEnd","operationId":"mu2jgbcktz5gfqj","timestamp":1766778603323,"id":"glg9qknio14faek","previousEventId":"rliwb77znae4zr3","previousOperationId":"mu2jgbcktz5gfqj"}
{"type":"log","timestamp":1766778603325,"level":"debug","message":"Skipping storing report.","meta":{"rootId":"bijxeom9cjf4djk","id":"yq3ykcda8eg82eb"},"id":"vy2hsi46b4clthc","previousOperationId":"mu2jgbcktz5gfqj"}
{"type":"log","timestamp":1766778603325,"level":"info","message":"Rendering (child) request finished in 3616 ms","meta":{"rootId":"bijxeom9cjf4djk","id":"yq3ykcda8eg82eb"},"id":"17c4z397khkabr8","previousOperationId":"mu2jgbcktz5gfqj"}
{"type":"operationEnd","subtype":"render","operationId":"fbrs9v5cg0llcbr","timestamp":1766778603325,"id":"g6wjq9rm4d3sye9","previousEventId":"glg9qknio14faek","previousOperationId":"mu2jgbcktz5gfqj"}
{"type":"log","timestamp":1766778610808,"level":"debug","message":"pptx successfully zipped","meta":{"rootId":"bijxeom9cjf4djk","id":"bijxeom9cjf4djk"},"id":"fz0wzdrt5uaqlin","previousOperationId":"lm0l14xscgjbu3l"}
{"type":"log","timestamp":1766778610808,"level":"info","message":"pptx generation was finished","meta":{"rootId":"bijxeom9cjf4djk","id":"bijxeom9cjf4djk"},"id":"k6jma4smbk33o3v","previousOperationId":"lm0l14xscgjbu3l"}
{"type":"operationEnd","operationId":"lm0l14xscgjbu3l","timestamp":1766778610823,"id":"9i1er2fv6867fpe","previousEventId":"5y0fyi7yjngzos0","previousOperationId":"lm0l14xscgjbu3l"}
{"type":"log","timestamp":1766778610823,"level":"debug","message":"Skipping storing report.","meta":{"rootId":"bijxeom9cjf4djk","id":"bijxeom9cjf4djk"},"id":"j6fkg4fp8ico92q","previousOperationId":"lm0l14xscgjbu3l"}
{"type":"log","timestamp":1766778610823,"level":"info","message":"Rendering request 2 finished in 11114 ms","meta":{"rootId":"bijxeom9cjf4djk","id":"bijxeom9cjf4djk"},"id":"ixttopycql8fayt","previousOperationId":"lm0l14xscgjbu3l"}
{"type":"operationEnd","subtype":"render","operationId":"i5hv49i2p68d3rg","timestamp":1766778610823,"id":"j6z1phwj4b6465y","previousEventId":"9i1er2fv6867fpe","previousOperationId":"lm0l14xscgjbu3l"}
{"type":"operationEnd","doDiffs":false,"previousEventId":"wo4hqcd0k5yd4rt","previousOperationId":"hy1q0rjwbeqvros","operationId":"hy1q0rjwbeqvros","timestamp":1766778610829,"id":"zm1wa83uehwgjar"}
