{"type":"operationStart","subtype":"profile","data":{"_id":"Wu70gwTNwjEVQmxF","timestamp":"2025-12-18T12:42:41.485Z","state":"running","mode":"standard","creationDate":"2025-12-18T12:42:41.494Z","modificationDate":"2025-12-18T12:42:41.494Z","shortid":"1PVO-xZ","$entitySet":"profiles","timeout":60000},"doDiffs":false,"timestamp":1766061761490,"id":"yvgpk3va13cdza0","previousOperationId":null,"operationId":"cq0wtgo4b76ofxy"}
{"type":"log","level":"info","message":"Render request 3 queued for execution and waiting for available worker","previousOperationId":"cq0wtgo4b76ofxy","timestamp":1766061761491,"id":"j887nq3xqe0epzm"}
{"type":"operationStart","subtype":"render","name":"anonymous","previousOperationId":"cq0wtgo4b76ofxy","timestamp":1766061761538,"id":"4pc4l53axy1awun","previousEventId":"yvgpk3va13cdza0","operationId":"xncb47fm4ihdn3w"}
{"type":"log","timestamp":1766061761538,"level":"info","message":"Starting rendering request 3","meta":{"rootId":"bilak5bypkbcwkz","id":"bilak5bypkbcwkz"},"id":"00iv6rtpnlgwrek","previousOperationId":"xncb47fm4ihdn3w"}
{"type":"log","timestamp":1766061761540,"level":"info","message":"Rendering anonymous template { recipe: pptx, engine: handlebars }","meta":{"rootId":"bilak5bypkbcwkz","id":"bilak5bypkbcwkz"},"id":"3fc7rkqx8eccfes","previousOperationId":"xncb47fm4ihdn3w"}
{"type":"log","timestamp":1766061761540,"level":"debug","message":"Inline data specified.","meta":{"rootId":"bilak5bypkbcwkz","id":"bilak5bypkbcwkz"},"id":"faysa02l4dzfd28","previousOperationId":"xncb47fm4ihdn3w"}
{"type":"log","timestamp":1766061761546,"level":"debug","message":"Base url not specified, skipping its injection.","meta":{"rootId":"bilak5bypkbcwkz","id":"bilak5bypkbcwkz"},"id":"ovn8gxcerqexios","previousOperationId":"xncb47fm4ihdn3w"}
{"type":"operationStart","subtype":"engine","name":"handlebars","timestamp":1766061761547,"id":"grsxzfg8wvcdff9","previousEventId":"4pc4l53axy1awun","operationId":"8mkbwrudzbcs7r9","previousOperationId":"xncb47fm4ihdn3w"}
{"type":"log","timestamp":1766061761547,"level":"debug","message":"Rendering engine handlebars","meta":{"rootId":"bilak5bypkbcwkz","id":"bilak5bypkbcwkz"},"id":"dvifisfmysbjcwo","previousOperationId":"8mkbwrudzbcs7r9"}
{"type":"operationEnd","operationId":"8mkbwrudzbcs7r9","timestamp":1766061761560,"id":"s0bk1o7ngtwb1j1","previousEventId":"grsxzfg8wvcdff9","previousOperationId":"8mkbwrudzbcs7r9"}
{"type":"operationStart","subtype":"recipe","name":"pptx","timestamp":1766061761560,"id":"r57c0p7e15mxscz","previousEventId":"s0bk1o7ngtwb1j1","operationId":"zkrwm0aform0fn2","previousOperationId":"8mkbwrudzbcs7r9"}
{"type":"log","timestamp":1766061761560,"level":"debug","message":"Executing recipe pptx","meta":{"rootId":"bilak5bypkbcwkz","id":"bilak5bypkbcwkz"},"id":"a3emtwx3zq1b91i","previousOperationId":"zkrwm0aform0fn2"}
{"type":"log","timestamp":1766061761575,"level":"info","message":"pptx generation is starting","meta":{"rootId":"bilak5bypkbcwkz","id":"bilak5bypkbcwkz"},"id":"89k454ehsmh57q2","previousOperationId":"zkrwm0aform0fn2"}
{"type":"log","timestamp":1766061762648,"level":"debug","message":"Starting child request to render pptx dynamic parts","meta":{"rootId":"bilak5bypkbcwkz","id":"bilak5bypkbcwkz"},"id":"ckapjhxir0n8hv8","previousOperationId":"zkrwm0aform0fn2"}
{"type":"operationStart","subtype":"render","name":"anonymous","previousOperationId":"zkrwm0aform0fn2","timestamp":1766061762649,"id":"n3kn8a9fds21z9x","previousEventId":"r57c0p7e15mxscz","operationId":"npz9ohoow3jv4mi"}
{"type":"log","timestamp":1766061762649,"level":"info","message":"Starting rendering (child) request","meta":{"rootId":"bilak5bypkbcwkz","id":"8vgrl6i0e31pgzt"},"id":"axrt0mev2k7f08b","previousOperationId":"npz9ohoow3jv4mi"}
{"type":"log","timestamp":1766061762649,"level":"info","message":"Rendering anonymous template { recipe: html, engine: handlebars }","meta":{"rootId":"bilak5bypkbcwkz","id":"8vgrl6i0e31pgzt"},"id":"58medrhk909j34x","previousOperationId":"npz9ohoow3jv4mi"}
{"type":"log","timestamp":1766061762649,"level":"debug","message":"Inline data specified.","meta":{"rootId":"bilak5bypkbcwkz","id":"8vgrl6i0e31pgzt"},"id":"n85g4oygaixwl7r","previousOperationId":"npz9ohoow3jv4mi"}
{"type":"log","timestamp":1766061762652,"level":"debug","message":"Base url not specified, skipping its injection.","meta":{"rootId":"bilak5bypkbcwkz","id":"8vgrl6i0e31pgzt"},"id":"q4i6lfjq35tmya7","previousOperationId":"npz9ohoow3jv4mi"}
{"type":"operationStart","subtype":"engine","name":"handlebars","timestamp":1766061762655,"id":"22fco859gs4535e","previousEventId":"n3kn8a9fds21z9x","operationId":"h7u3epipbasx9od","previousOperationId":"npz9ohoow3jv4mi"}
{"type":"log","timestamp":1766061762655,"level":"debug","message":"Rendering engine handlebars","meta":{"rootId":"bilak5bypkbcwkz","id":"8vgrl6i0e31pgzt"},"id":"75fu1ww00nr943w","previousOperationId":"h7u3epipbasx9od"}
{"type":"operationEnd","operationId":"h7u3epipbasx9od","timestamp":1766061762736,"id":"2ctzzez5bktoapt","previousEventId":"22fco859gs4535e","previousOperationId":"h7u3epipbasx9od"}
{"type":"operationStart","subtype":"recipe","name":"html","timestamp":1766061762744,"id":"zjs72z97ba5f03j","previousEventId":"2ctzzez5bktoapt","operationId":"6s5q3to9rio7ex8","previousOperationId":"h7u3epipbasx9od"}
{"type":"log","timestamp":1766061762744,"level":"debug","message":"Executing recipe html","meta":{"rootId":"bilak5bypkbcwkz","id":"8vgrl6i0e31pgzt"},"id":"fo87h0kekyc4pd6","previousOperationId":"6s5q3to9rio7ex8"}
{"type":"operationEnd","operationId":"6s5q3to9rio7ex8","timestamp":1766061762744,"id":"xhdchm3b2860yet","previousEventId":"zjs72z97ba5f03j","previousOperationId":"6s5q3to9rio7ex8"}
{"type":"log","timestamp":1766061762744,"level":"debug","message":"Skipping storing report.","meta":{"rootId":"bilak5bypkbcwkz","id":"8vgrl6i0e31pgzt"},"id":"a44p1t4etcacql2","previousOperationId":"6s5q3to9rio7ex8"}
{"type":"log","timestamp":1766061762744,"level":"info","message":"Rendering (child) request finished in 1262 ms","meta":{"rootId":"bilak5bypkbcwkz","id":"8vgrl6i0e31pgzt"},"id":"om3d6exjgk87nn4","previousOperationId":"6s5q3to9rio7ex8"}
{"type":"operationEnd","subtype":"render","operationId":"npz9ohoow3jv4mi","timestamp":1766061762745,"id":"lrmlik6b8vniwpf","previousEventId":"xhdchm3b2860yet","previousOperationId":"6s5q3to9rio7ex8"}
{"type":"log","timestamp":1766061765615,"level":"debug","message":"pptx successfully zipped","meta":{"rootId":"bilak5bypkbcwkz","id":"bilak5bypkbcwkz"},"id":"trqf04vsa974x93","previousOperationId":"zkrwm0aform0fn2"}
{"type":"log","timestamp":1766061765615,"level":"info","message":"pptx generation was finished","meta":{"rootId":"bilak5bypkbcwkz","id":"bilak5bypkbcwkz"},"id":"z3cd1bc7s7jhrec","previousOperationId":"zkrwm0aform0fn2"}
{"type":"operationEnd","operationId":"zkrwm0aform0fn2","timestamp":1766061765623,"id":"lzib134rjzv378z","previousEventId":"r57c0p7e15mxscz","previousOperationId":"zkrwm0aform0fn2"}
{"type":"log","timestamp":1766061765623,"level":"debug","message":"Skipping storing report.","meta":{"rootId":"bilak5bypkbcwkz","id":"bilak5bypkbcwkz"},"id":"zg4yvwec3hk4b9j","previousOperationId":"zkrwm0aform0fn2"}
{"type":"log","timestamp":1766061765623,"level":"info","message":"Rendering request 3 finished in 4141 ms","meta":{"rootId":"bilak5bypkbcwkz","id":"bilak5bypkbcwkz"},"id":"eaeab2uzdrls17u","previousOperationId":"zkrwm0aform0fn2"}
{"type":"operationEnd","subtype":"render","operationId":"xncb47fm4ihdn3w","timestamp":1766061765623,"id":"2dqq38x2qxotdbl","previousEventId":"lzib134rjzv378z","previousOperationId":"zkrwm0aform0fn2"}
{"type":"operationEnd","doDiffs":false,"previousEventId":"yvgpk3va13cdza0","previousOperationId":"cq0wtgo4b76ofxy","operationId":"cq0wtgo4b76ofxy","timestamp":1766061765628,"id":"xploq1247te8hxv"}
