{"type":"operationStart","subtype":"profile","data":{"_id":"OOSUVCGvuVDiqqcU","timestamp":"2025-12-27T16:01:29.727Z","state":"running","mode":"standard","creationDate":"2025-12-27T16:01:29.733Z","modificationDate":"2025-12-27T16:01:29.733Z","shortid":"qK7Ag7Z","$entitySet":"profiles","timeout":60000},"doDiffs":false,"timestamp":1766851289730,"id":"k8o7ri0z9lbx8pq","previousOperationId":null,"operationId":"le98z0ovxxqmwxj"}
{"type":"log","level":"info","message":"Render request 1 queued for execution and waiting for available worker","previousOperationId":"le98z0ovxxqmwxj","timestamp":1766851289731,"id":"ie70mh90h09nxoq"}
{"type":"operationStart","subtype":"render","name":"anonymous","previousOperationId":"le98z0ovxxqmwxj","timestamp":1766851289784,"id":"k64h7if4zfk66pa","previousEventId":"k8o7ri0z9lbx8pq","operationId":"jrk1fruo6cet0zk"}
{"type":"log","timestamp":1766851289785,"level":"info","message":"Starting rendering request 1","meta":{"rootId":"bmpttewn9yup53d","id":"bmpttewn9yup53d"},"id":"d1ljav5xj4kg8gp","previousOperationId":"jrk1fruo6cet0zk"}
{"type":"log","timestamp":1766851289786,"level":"info","message":"Rendering anonymous template { recipe: pptx, engine: handlebars }","meta":{"rootId":"bmpttewn9yup53d","id":"bmpttewn9yup53d"},"id":"wlhmwck49qt8flu","previousOperationId":"jrk1fruo6cet0zk"}
{"type":"log","timestamp":1766851289787,"level":"debug","message":"Inline data specified.","meta":{"rootId":"bmpttewn9yup53d","id":"bmpttewn9yup53d"},"id":"55oe3m82uigcnta","previousOperationId":"jrk1fruo6cet0zk"}
{"type":"log","timestamp":1766851289790,"level":"debug","message":"Base url not specified, skipping its injection.","meta":{"rootId":"bmpttewn9yup53d","id":"bmpttewn9yup53d"},"id":"mu9tr56mrra0oq9","previousOperationId":"jrk1fruo6cet0zk"}
{"type":"operationStart","subtype":"engine","name":"handlebars","timestamp":1766851289791,"id":"s0917oyv68gi4ga","previousEventId":"k64h7if4zfk66pa","operationId":"m3d8o2g25o0s3a2","previousOperationId":"jrk1fruo6cet0zk"}
{"type":"log","timestamp":1766851289791,"level":"debug","message":"Rendering engine handlebars","meta":{"rootId":"bmpttewn9yup53d","id":"bmpttewn9yup53d"},"id":"7u0jmr6kzgznq2j","previousOperationId":"m3d8o2g25o0s3a2"}
{"type":"operationEnd","operationId":"m3d8o2g25o0s3a2","timestamp":1766851290608,"id":"n3vgz6u7uwoa5oc","previousEventId":"s0917oyv68gi4ga","previousOperationId":"m3d8o2g25o0s3a2"}
{"type":"operationStart","subtype":"recipe","name":"pptx","timestamp":1766851290609,"id":"zg9a20nyeu1fiuj","previousEventId":"n3vgz6u7uwoa5oc","operationId":"5htgrid0ycu6l25","previousOperationId":"m3d8o2g25o0s3a2"}
{"type":"log","timestamp":1766851290609,"level":"debug","message":"Executing recipe pptx","meta":{"rootId":"bmpttewn9yup53d","id":"bmpttewn9yup53d"},"id":"a8fb0bo6teubgcr","previousOperationId":"5htgrid0ycu6l25"}
{"type":"log","timestamp":1766851290786,"level":"info","message":"pptx generation is starting","meta":{"rootId":"bmpttewn9yup53d","id":"bmpttewn9yup53d"},"id":"iy58jzrkx4w61tz","previousOperationId":"5htgrid0ycu6l25"}
{"type":"log","timestamp":1766851291893,"level":"debug","message":"Starting child request to render pptx dynamic parts","meta":{"rootId":"bmpttewn9yup53d","id":"bmpttewn9yup53d"},"id":"zp411aubgv1yoz1","previousOperationId":"5htgrid0ycu6l25"}
{"type":"operationStart","subtype":"render","name":"anonymous","previousOperationId":"5htgrid0ycu6l25","timestamp":1766851291894,"id":"moeex4bcenlno0q","previousEventId":"zg9a20nyeu1fiuj","operationId":"x9szvz0hw04xzkf"}
{"type":"log","timestamp":1766851291894,"level":"info","message":"Starting rendering (child) request","meta":{"rootId":"bmpttewn9yup53d","id":"bwlukqopsr9gcd5"},"id":"j22utlwf6032smy","previousOperationId":"x9szvz0hw04xzkf"}
{"type":"log","timestamp":1766851291894,"level":"info","message":"Rendering anonymous template { recipe: html, engine: handlebars }","meta":{"rootId":"bmpttewn9yup53d","id":"bwlukqopsr9gcd5"},"id":"fdops1gv0kk3rf7","previousOperationId":"x9szvz0hw04xzkf"}
{"type":"log","timestamp":1766851291895,"level":"debug","message":"Inline data specified.","meta":{"rootId":"bmpttewn9yup53d","id":"bwlukqopsr9gcd5"},"id":"6roptlygyl8d2zi","previousOperationId":"x9szvz0hw04xzkf"}
{"type":"log","timestamp":1766851291901,"level":"debug","message":"Base url not specified, skipping its injection.","meta":{"rootId":"bmpttewn9yup53d","id":"bwlukqopsr9gcd5"},"id":"r35tyw03nglmp13","previousOperationId":"x9szvz0hw04xzkf"}
{"type":"operationStart","subtype":"engine","name":"handlebars","timestamp":1766851291904,"id":"eqjqujbb708x52i","previousEventId":"moeex4bcenlno0q","operationId":"ktmlvq225wiqm7a","previousOperationId":"x9szvz0hw04xzkf"}
{"type":"log","timestamp":1766851291904,"level":"debug","message":"Rendering engine handlebars","meta":{"rootId":"bmpttewn9yup53d","id":"bwlukqopsr9gcd5"},"id":"y6wtw7jzmpb1t22","previousOperationId":"ktmlvq225wiqm7a"}
{"type":"log","timestamp":1766851292045,"level":"debug","message":"(console:log) {\n  type: 'echarts@v5a',\n  width: 848,\n  height: 409,\n  option: { radar: [ [Object] ], series: [ [Object] ] }\n}","meta":{"userLevel":true,"rootId":"bmpttewn9yup53d","id":"bwlukqopsr9gcd5"},"id":"4wv6y3y6ey9dxsa","previousOperationId":"ktmlvq225wiqm7a"}
{"type":"operationEnd","operationId":"ktmlvq225wiqm7a","timestamp":1766851292052,"id":"ws4exptrsvmipjz","previousEventId":"eqjqujbb708x52i","previousOperationId":"ktmlvq225wiqm7a"}
{"type":"operationStart","subtype":"recipe","name":"html","timestamp":1766851292063,"id":"1tcf3yzukltvsz3","previousEventId":"ws4exptrsvmipjz","operationId":"upf41mausiselzm","previousOperationId":"ktmlvq225wiqm7a"}
{"type":"log","timestamp":1766851292063,"level":"debug","message":"Executing recipe html","meta":{"rootId":"bmpttewn9yup53d","id":"bwlukqopsr9gcd5"},"id":"h8wzi7erge1rswu","previousOperationId":"upf41mausiselzm"}
{"type":"operationEnd","operationId":"upf41mausiselzm","timestamp":1766851292064,"id":"z0fnyxuoy6w4p65","previousEventId":"1tcf3yzukltvsz3","previousOperationId":"upf41mausiselzm"}
{"type":"log","timestamp":1766851292066,"level":"debug","message":"Skipping storing report.","meta":{"rootId":"bmpttewn9yup53d","id":"bwlukqopsr9gcd5"},"id":"elncnzfioakok17","previousOperationId":"upf41mausiselzm"}
{"type":"log","timestamp":1766851292066,"level":"info","message":"Rendering (child) request finished in 2342 ms","meta":{"rootId":"bmpttewn9yup53d","id":"bwlukqopsr9gcd5"},"id":"wibxjs9x2ymcnlk","previousOperationId":"upf41mausiselzm"}
{"type":"operationEnd","subtype":"render","operationId":"x9szvz0hw04xzkf","timestamp":1766851292066,"id":"0rr3i11que1ty2o","previousEventId":"z0fnyxuoy6w4p65","previousOperationId":"upf41mausiselzm"}
{"type":"log","timestamp":1766851297110,"level":"debug","message":"pptx successfully zipped","meta":{"rootId":"bmpttewn9yup53d","id":"bmpttewn9yup53d"},"id":"6ww9yfi7yxk0fw8","previousOperationId":"5htgrid0ycu6l25"}
{"type":"log","timestamp":1766851297111,"level":"info","message":"pptx generation was finished","meta":{"rootId":"bmpttewn9yup53d","id":"bmpttewn9yup53d"},"id":"ccvexsp8uct1jz4","previousOperationId":"5htgrid0ycu6l25"}
{"type":"operationEnd","operationId":"5htgrid0ycu6l25","timestamp":1766851297122,"id":"i9dedxzf2p57bxx","previousEventId":"zg9a20nyeu1fiuj","previousOperationId":"5htgrid0ycu6l25"}
{"type":"log","timestamp":1766851297123,"level":"debug","message":"Skipping storing report.","meta":{"rootId":"bmpttewn9yup53d","id":"bmpttewn9yup53d"},"id":"2tc7rz83kqs7cip","previousOperationId":"5htgrid0ycu6l25"}
{"type":"log","timestamp":1766851297123,"level":"info","message":"Rendering request 1 finished in 7399 ms","meta":{"rootId":"bmpttewn9yup53d","id":"bmpttewn9yup53d"},"id":"awed00n3xqsf8lv","previousOperationId":"5htgrid0ycu6l25"}
{"type":"operationEnd","subtype":"render","operationId":"jrk1fruo6cet0zk","timestamp":1766851297123,"id":"ewyzifz4q853kyy","previousEventId":"i9dedxzf2p57bxx","previousOperationId":"5htgrid0ycu6l25"}
{"type":"operationEnd","doDiffs":false,"previousEventId":"k8o7ri0z9lbx8pq","previousOperationId":"le98z0ovxxqmwxj","operationId":"le98z0ovxxqmwxj","timestamp":1766851297129,"id":"p25ks2kt3u6kn4s"}
