{"type":"operationStart","subtype":"profile","data":{"_id":"3sjy3vwNBG8KAQ32","timestamp":"2026-01-01T12:36:56.535Z","state":"running","mode":"standard","creationDate":"2026-01-01T12:36:56.544Z","modificationDate":"2026-01-01T12:36:56.544Z","shortid":"L5YbhWB","$entitySet":"profiles","timeout":60000},"doDiffs":false,"timestamp":1767271016540,"id":"7ur8d6skvo7gdcw","previousOperationId":null,"operationId":"vbnhj9v3h6fl3d1"}
{"type":"log","level":"info","message":"Render request 2 queued for execution and waiting for available worker","previousOperationId":"vbnhj9v3h6fl3d1","timestamp":1767271016541,"id":"pal6umewzkybhwg"}
{"type":"operationStart","subtype":"render","name":"anonymous","previousOperationId":"vbnhj9v3h6fl3d1","timestamp":1767271016615,"id":"ey4baro8nss882j","previousEventId":"7ur8d6skvo7gdcw","operationId":"8nlfjn5g91fnel0"}
{"type":"log","timestamp":1767271016616,"level":"info","message":"Starting rendering request 2","meta":{"rootId":"bnqvugb4eluz4a5","id":"bnqvugb4eluz4a5"},"id":"n7h817ps7max28c","previousOperationId":"8nlfjn5g91fnel0"}
{"type":"log","timestamp":1767271016619,"level":"info","message":"Rendering anonymous template { recipe: pptx, engine: handlebars }","meta":{"rootId":"bnqvugb4eluz4a5","id":"bnqvugb4eluz4a5"},"id":"7nhaf5b60wisc72","previousOperationId":"8nlfjn5g91fnel0"}
{"type":"log","timestamp":1767271016619,"level":"debug","message":"Inline data specified.","meta":{"rootId":"bnqvugb4eluz4a5","id":"bnqvugb4eluz4a5"},"id":"itpkoaofzj9iew1","previousOperationId":"8nlfjn5g91fnel0"}
{"type":"log","timestamp":1767271016625,"level":"debug","message":"Base url not specified, skipping its injection.","meta":{"rootId":"bnqvugb4eluz4a5","id":"bnqvugb4eluz4a5"},"id":"hrlp31ohefvt36b","previousOperationId":"8nlfjn5g91fnel0"}
{"type":"operationStart","subtype":"engine","name":"handlebars","timestamp":1767271016627,"id":"p777eili2sz2788","previousEventId":"ey4baro8nss882j","operationId":"jhlu0x1s8jlwvg2","previousOperationId":"8nlfjn5g91fnel0"}
{"type":"log","timestamp":1767271016628,"level":"debug","message":"Rendering engine handlebars","meta":{"rootId":"bnqvugb4eluz4a5","id":"bnqvugb4eluz4a5"},"id":"ofnu7xzvzyg4fbf","previousOperationId":"jhlu0x1s8jlwvg2"}
{"type":"operationEnd","operationId":"jhlu0x1s8jlwvg2","timestamp":1767271017840,"id":"ggxgqnqqt7ig1np","previousEventId":"p777eili2sz2788","previousOperationId":"jhlu0x1s8jlwvg2"}
{"type":"operationStart","subtype":"recipe","name":"pptx","timestamp":1767271017842,"id":"qofe5m0zvjkkq30","previousEventId":"ggxgqnqqt7ig1np","operationId":"0xyyq5sxwvo9u8a","previousOperationId":"jhlu0x1s8jlwvg2"}
{"type":"log","timestamp":1767271017842,"level":"debug","message":"Executing recipe pptx","meta":{"rootId":"bnqvugb4eluz4a5","id":"bnqvugb4eluz4a5"},"id":"16opn07jip4zkgw","previousOperationId":"0xyyq5sxwvo9u8a"}
{"type":"log","timestamp":1767271018084,"level":"info","message":"pptx generation is starting","meta":{"rootId":"bnqvugb4eluz4a5","id":"bnqvugb4eluz4a5"},"id":"6dvo9th2dufw2mp","previousOperationId":"0xyyq5sxwvo9u8a"}
{"type":"log","timestamp":1767271020150,"level":"debug","message":"Starting child request to render pptx dynamic parts","meta":{"rootId":"bnqvugb4eluz4a5","id":"bnqvugb4eluz4a5"},"id":"n3rsro92cl7orm5","previousOperationId":"0xyyq5sxwvo9u8a"}
{"type":"operationStart","subtype":"render","name":"anonymous","previousOperationId":"0xyyq5sxwvo9u8a","timestamp":1767271020151,"id":"mpv3v5o7kpxnm01","previousEventId":"qofe5m0zvjkkq30","operationId":"44ckkzz8dpot5em"}
{"type":"log","timestamp":1767271020151,"level":"info","message":"Starting rendering (child) request","meta":{"rootId":"bnqvugb4eluz4a5","id":"2qmatmhejgng7tm"},"id":"4nosvyqd71t16ej","previousOperationId":"44ckkzz8dpot5em"}
{"type":"log","timestamp":1767271020151,"level":"info","message":"Rendering anonymous template { recipe: html, engine: handlebars }","meta":{"rootId":"bnqvugb4eluz4a5","id":"2qmatmhejgng7tm"},"id":"h9fduo2th0rrsbt","previousOperationId":"44ckkzz8dpot5em"}
{"type":"log","timestamp":1767271020152,"level":"debug","message":"Inline data specified.","meta":{"rootId":"bnqvugb4eluz4a5","id":"2qmatmhejgng7tm"},"id":"mcujm4obmkrlxub","previousOperationId":"44ckkzz8dpot5em"}
{"type":"log","timestamp":1767271020160,"level":"debug","message":"Base url not specified, skipping its injection.","meta":{"rootId":"bnqvugb4eluz4a5","id":"2qmatmhejgng7tm"},"id":"5fz2t4nxdebkton","previousOperationId":"44ckkzz8dpot5em"}
{"type":"operationStart","subtype":"engine","name":"handlebars","timestamp":1767271020163,"id":"mmsqa7mqx2fzjt6","previousEventId":"mpv3v5o7kpxnm01","operationId":"dagikaowph45ld3","previousOperationId":"44ckkzz8dpot5em"}
{"type":"log","timestamp":1767271020163,"level":"debug","message":"Rendering engine handlebars","meta":{"rootId":"bnqvugb4eluz4a5","id":"2qmatmhejgng7tm"},"id":"4okivfr1j8yzjop","previousOperationId":"dagikaowph45ld3"}
{"type":"log","timestamp":1767271020459,"level":"debug","message":"(console:log) {\n  type: 'echarts@v5a',\n  width: 848,\n  height: 409,\n  option: { radar: [ [Object] ], series: [ [Object] ] }\n}","meta":{"userLevel":true,"rootId":"bnqvugb4eluz4a5","id":"2qmatmhejgng7tm"},"id":"i5d2smxchohktq0","previousOperationId":"dagikaowph45ld3"}
{"type":"operationEnd","operationId":"dagikaowph45ld3","timestamp":1767271020471,"id":"7juqqrbbs51zw8n","previousEventId":"mmsqa7mqx2fzjt6","previousOperationId":"dagikaowph45ld3"}
{"type":"operationStart","subtype":"recipe","name":"html","timestamp":1767271020491,"id":"jxvvr4k2k6njuxp","previousEventId":"7juqqrbbs51zw8n","operationId":"1fq0dv41fl7kmpm","previousOperationId":"dagikaowph45ld3"}
{"type":"log","timestamp":1767271020491,"level":"debug","message":"Executing recipe html","meta":{"rootId":"bnqvugb4eluz4a5","id":"2qmatmhejgng7tm"},"id":"l29h0eune8v9obm","previousOperationId":"1fq0dv41fl7kmpm"}
{"type":"operationEnd","operationId":"1fq0dv41fl7kmpm","timestamp":1767271020491,"id":"tg16p30p80gznkn","previousEventId":"jxvvr4k2k6njuxp","previousOperationId":"1fq0dv41fl7kmpm"}
{"type":"log","timestamp":1767271020492,"level":"debug","message":"Skipping storing report.","meta":{"rootId":"bnqvugb4eluz4a5","id":"2qmatmhejgng7tm"},"id":"fgkuionunqk8fcx","previousOperationId":"1fq0dv41fl7kmpm"}
{"type":"log","timestamp":1767271020492,"level":"info","message":"Rendering (child) request finished in 3959 ms","meta":{"rootId":"bnqvugb4eluz4a5","id":"2qmatmhejgng7tm"},"id":"19lphoxt33j4dye","previousOperationId":"1fq0dv41fl7kmpm"}
{"type":"operationEnd","subtype":"render","operationId":"44ckkzz8dpot5em","timestamp":1767271020493,"id":"26buybq4e0zpo5l","previousEventId":"tg16p30p80gznkn","previousOperationId":"1fq0dv41fl7kmpm"}
{"type":"log","timestamp":1767271027611,"level":"debug","message":"pptx successfully zipped","meta":{"rootId":"bnqvugb4eluz4a5","id":"bnqvugb4eluz4a5"},"id":"uc56bej2puxzz0s","previousOperationId":"0xyyq5sxwvo9u8a"}
{"type":"log","timestamp":1767271027611,"level":"info","message":"pptx generation was finished","meta":{"rootId":"bnqvugb4eluz4a5","id":"bnqvugb4eluz4a5"},"id":"2pfnaa4l8mb4ryd","previousOperationId":"0xyyq5sxwvo9u8a"}
{"type":"operationEnd","operationId":"0xyyq5sxwvo9u8a","timestamp":1767271027627,"id":"uvyzwq5mv5ir6vz","previousEventId":"qofe5m0zvjkkq30","previousOperationId":"0xyyq5sxwvo9u8a"}
{"type":"log","timestamp":1767271027627,"level":"debug","message":"Skipping storing report.","meta":{"rootId":"bnqvugb4eluz4a5","id":"bnqvugb4eluz4a5"},"id":"nh0ei6dqpdm1kdf","previousOperationId":"0xyyq5sxwvo9u8a"}
{"type":"log","timestamp":1767271027627,"level":"info","message":"Rendering request 2 finished in 11094 ms","meta":{"rootId":"bnqvugb4eluz4a5","id":"bnqvugb4eluz4a5"},"id":"p8fleg4bm9gjnff","previousOperationId":"0xyyq5sxwvo9u8a"}
{"type":"operationEnd","subtype":"render","operationId":"8nlfjn5g91fnel0","timestamp":1767271027627,"id":"6z7zv0jg3ovqpqc","previousEventId":"uvyzwq5mv5ir6vz","previousOperationId":"0xyyq5sxwvo9u8a"}
{"type":"operationEnd","doDiffs":false,"previousEventId":"7ur8d6skvo7gdcw","previousOperationId":"vbnhj9v3h6fl3d1","operationId":"vbnhj9v3h6fl3d1","timestamp":1767271027635,"id":"jvzqb501cd31lfp"}
