{"type":"operationStart","subtype":"profile","data":{"_id":"hbvczdQ1NDtIB5B1","timestamp":"2025-12-28T14:27:47.052Z","state":"running","mode":"standard","creationDate":"2025-12-28T14:27:47.056Z","modificationDate":"2025-12-28T14:27:47.056Z","shortid":"FCc3TYq","$entitySet":"profiles","timeout":60000},"doDiffs":false,"timestamp":1766932067055,"id":"nhop0t4sruo8jry","previousOperationId":null,"operationId":"6gckidxfj6km9b1"}
{"type":"log","level":"info","message":"Render request 19 queued for execution and waiting for available worker","previousOperationId":"6gckidxfj6km9b1","timestamp":1766932067055,"id":"8x0ba2meemso6gk"}
{"type":"operationStart","subtype":"render","name":"anonymous","previousOperationId":"6gckidxfj6km9b1","timestamp":1766932067092,"id":"9vrfrn053yxo6c3","previousEventId":"nhop0t4sruo8jry","operationId":"00qhfqy9dn90q1y"}
{"type":"log","timestamp":1766932067092,"level":"info","message":"Starting rendering request 19","meta":{"rootId":"bo1ddrsfhk08ix2","id":"bo1ddrsfhk08ix2"},"id":"ws2fy5858bnqxo1","previousOperationId":"00qhfqy9dn90q1y"}
{"type":"log","timestamp":1766932067093,"level":"info","message":"Rendering anonymous template { recipe: pptx, engine: handlebars }","meta":{"rootId":"bo1ddrsfhk08ix2","id":"bo1ddrsfhk08ix2"},"id":"y8d6qwq2bii9vkv","previousOperationId":"00qhfqy9dn90q1y"}
{"type":"log","timestamp":1766932067093,"level":"debug","message":"Inline data specified.","meta":{"rootId":"bo1ddrsfhk08ix2","id":"bo1ddrsfhk08ix2"},"id":"f1twddedudp0x1i","previousOperationId":"00qhfqy9dn90q1y"}
{"type":"log","timestamp":1766932067095,"level":"debug","message":"Base url not specified, skipping its injection.","meta":{"rootId":"bo1ddrsfhk08ix2","id":"bo1ddrsfhk08ix2"},"id":"fg79cqjlunra6a8","previousOperationId":"00qhfqy9dn90q1y"}
{"type":"operationStart","subtype":"engine","name":"handlebars","timestamp":1766932067096,"id":"svcmtk0zkpuq01x","previousEventId":"9vrfrn053yxo6c3","operationId":"84ttqd8sry9s3w7","previousOperationId":"00qhfqy9dn90q1y"}
{"type":"log","timestamp":1766932067096,"level":"debug","message":"Rendering engine handlebars","meta":{"rootId":"bo1ddrsfhk08ix2","id":"bo1ddrsfhk08ix2"},"id":"f5u64jerr0ibzw6","previousOperationId":"84ttqd8sry9s3w7"}
{"type":"operationEnd","operationId":"84ttqd8sry9s3w7","timestamp":1766932067105,"id":"25n0kn80snvbl7f","previousEventId":"svcmtk0zkpuq01x","previousOperationId":"84ttqd8sry9s3w7"}
{"type":"operationStart","subtype":"recipe","name":"pptx","timestamp":1766932067107,"id":"h3d0ex0nsbf90ma","previousEventId":"25n0kn80snvbl7f","operationId":"jhc6fkpsi23cw0v","previousOperationId":"84ttqd8sry9s3w7"}
{"type":"log","timestamp":1766932067107,"level":"debug","message":"Executing recipe pptx","meta":{"rootId":"bo1ddrsfhk08ix2","id":"bo1ddrsfhk08ix2"},"id":"03quz41crn00oja","previousOperationId":"jhc6fkpsi23cw0v"}
{"type":"log","timestamp":1766932067125,"level":"info","message":"pptx generation is starting","meta":{"rootId":"bo1ddrsfhk08ix2","id":"bo1ddrsfhk08ix2"},"id":"66u4q8m428ln74l","previousOperationId":"jhc6fkpsi23cw0v"}
{"type":"log","timestamp":1766932068182,"level":"debug","message":"Starting child request to render pptx dynamic parts","meta":{"rootId":"bo1ddrsfhk08ix2","id":"bo1ddrsfhk08ix2"},"id":"fced5yg7lbfzfg6","previousOperationId":"jhc6fkpsi23cw0v"}
{"type":"operationStart","subtype":"render","name":"anonymous","previousOperationId":"jhc6fkpsi23cw0v","timestamp":1766932068182,"id":"a84njqoqet4tohb","previousEventId":"h3d0ex0nsbf90ma","operationId":"qdyfljo36ikhjw0"}
{"type":"log","timestamp":1766932068183,"level":"info","message":"Starting rendering (child) request","meta":{"rootId":"bo1ddrsfhk08ix2","id":"v1ablpvq2y57zts"},"id":"1vprp4218rkdbn0","previousOperationId":"qdyfljo36ikhjw0"}
{"type":"log","timestamp":1766932068183,"level":"info","message":"Rendering anonymous template { recipe: html, engine: handlebars }","meta":{"rootId":"bo1ddrsfhk08ix2","id":"v1ablpvq2y57zts"},"id":"tb9xtys67b0uv45","previousOperationId":"qdyfljo36ikhjw0"}
{"type":"log","timestamp":1766932068183,"level":"debug","message":"Inline data specified.","meta":{"rootId":"bo1ddrsfhk08ix2","id":"v1ablpvq2y57zts"},"id":"3fpiwf8w6c8zf8v","previousOperationId":"qdyfljo36ikhjw0"}
{"type":"log","timestamp":1766932068187,"level":"debug","message":"Base url not specified, skipping its injection.","meta":{"rootId":"bo1ddrsfhk08ix2","id":"v1ablpvq2y57zts"},"id":"ddxyn7rhg5ibk09","previousOperationId":"qdyfljo36ikhjw0"}
{"type":"operationStart","subtype":"engine","name":"handlebars","timestamp":1766932068188,"id":"8s7gr5s49d7jejc","previousEventId":"a84njqoqet4tohb","operationId":"t28cobtsnbmafdj","previousOperationId":"qdyfljo36ikhjw0"}
{"type":"log","timestamp":1766932068188,"level":"debug","message":"Rendering engine handlebars","meta":{"rootId":"bo1ddrsfhk08ix2","id":"v1ablpvq2y57zts"},"id":"zl2ybuw0r2z4tb0","previousOperationId":"t28cobtsnbmafdj"}
{"type":"log","timestamp":1766932068296,"level":"debug","message":"(console:log) {\n  type: 'echarts@v5a',\n  width: 848,\n  height: 409,\n  option: { radar: [ [Object] ], series: [ [Object] ] }\n}","meta":{"userLevel":true,"rootId":"bo1ddrsfhk08ix2","id":"v1ablpvq2y57zts"},"id":"ax3lrfhzspvfyv8","previousOperationId":"t28cobtsnbmafdj"}
{"type":"operationEnd","operationId":"t28cobtsnbmafdj","timestamp":1766932068303,"id":"rt7k17recpmtzvf","previousEventId":"8s7gr5s49d7jejc","previousOperationId":"t28cobtsnbmafdj"}
{"type":"operationStart","subtype":"recipe","name":"html","timestamp":1766932068315,"id":"5dbgjx54wdi5u3j","previousEventId":"rt7k17recpmtzvf","operationId":"so6fq64ydioi4z8","previousOperationId":"t28cobtsnbmafdj"}
{"type":"log","timestamp":1766932068315,"level":"debug","message":"Executing recipe html","meta":{"rootId":"bo1ddrsfhk08ix2","id":"v1ablpvq2y57zts"},"id":"ittdab1llmt3vmx","previousOperationId":"so6fq64ydioi4z8"}
{"type":"operationEnd","operationId":"so6fq64ydioi4z8","timestamp":1766932068315,"id":"3duffqvnjdwnqbb","previousEventId":"5dbgjx54wdi5u3j","previousOperationId":"so6fq64ydioi4z8"}
{"type":"log","timestamp":1766932068315,"level":"debug","message":"Skipping storing report.","meta":{"rootId":"bo1ddrsfhk08ix2","id":"v1ablpvq2y57zts"},"id":"yutdunj4iw3rogq","previousOperationId":"so6fq64ydioi4z8"}
{"type":"log","timestamp":1766932068315,"level":"info","message":"Rendering (child) request finished in 1263 ms","meta":{"rootId":"bo1ddrsfhk08ix2","id":"v1ablpvq2y57zts"},"id":"zlvxmrjn4nhb51v","previousOperationId":"so6fq64ydioi4z8"}
{"type":"operationEnd","subtype":"render","operationId":"qdyfljo36ikhjw0","timestamp":1766932068315,"id":"2qv0xgrzov0rf9z","previousEventId":"3duffqvnjdwnqbb","previousOperationId":"so6fq64ydioi4z8"}
{"type":"log","timestamp":1766932071259,"level":"debug","message":"pptx successfully zipped","meta":{"rootId":"bo1ddrsfhk08ix2","id":"bo1ddrsfhk08ix2"},"id":"jm7lkc8csoh26ws","previousOperationId":"jhc6fkpsi23cw0v"}
{"type":"log","timestamp":1766932071259,"level":"info","message":"pptx generation was finished","meta":{"rootId":"bo1ddrsfhk08ix2","id":"bo1ddrsfhk08ix2"},"id":"e3bcz4e5w2juqmw","previousOperationId":"jhc6fkpsi23cw0v"}
{"type":"operationEnd","operationId":"jhc6fkpsi23cw0v","timestamp":1766932071268,"id":"tda2g8asgr8gjbs","previousEventId":"h3d0ex0nsbf90ma","previousOperationId":"jhc6fkpsi23cw0v"}
{"type":"log","timestamp":1766932071268,"level":"debug","message":"Skipping storing report.","meta":{"rootId":"bo1ddrsfhk08ix2","id":"bo1ddrsfhk08ix2"},"id":"vbp4b6gr9q4pdgz","previousOperationId":"jhc6fkpsi23cw0v"}
{"type":"log","timestamp":1766932071268,"level":"info","message":"Rendering request 19 finished in 4216 ms","meta":{"rootId":"bo1ddrsfhk08ix2","id":"bo1ddrsfhk08ix2"},"id":"qhth3ktydtps2r5","previousOperationId":"jhc6fkpsi23cw0v"}
{"type":"operationEnd","subtype":"render","operationId":"00qhfqy9dn90q1y","timestamp":1766932071268,"id":"t57d79tm19ngt0z","previousEventId":"tda2g8asgr8gjbs","previousOperationId":"jhc6fkpsi23cw0v"}
{"type":"operationEnd","doDiffs":false,"previousEventId":"nhop0t4sruo8jry","previousOperationId":"6gckidxfj6km9b1","operationId":"6gckidxfj6km9b1","timestamp":1766932071271,"id":"1ghhd5f8qv7e74l"}
