{"type":"operationStart","subtype":"profile","data":{"_id":"s1P9qJmaiP0yqDPd","timestamp":"2025-12-27T15:16:38.703Z","state":"running","mode":"standard","creationDate":"2025-12-27T15:16:38.709Z","modificationDate":"2025-12-27T15:16:38.709Z","shortid":"v0TdGsh","$entitySet":"profiles","timeout":60000},"doDiffs":false,"timestamp":1766848598707,"id":"cz7059xa6i50m2g","previousOperationId":null,"operationId":"9ojfjlbkbco4rep"}
{"type":"log","level":"info","message":"Render request 1 queued for execution and waiting for available worker","previousOperationId":"9ojfjlbkbco4rep","timestamp":1766848598707,"id":"ymn6zqn5o4uq3fu"}
{"type":"operationStart","subtype":"render","name":"anonymous","previousOperationId":"9ojfjlbkbco4rep","timestamp":1766848598777,"id":"a89jt0m8vat4xt4","previousEventId":"cz7059xa6i50m2g","operationId":"p74i9o1mgjd7j7f"}
{"type":"log","timestamp":1766848598779,"level":"info","message":"Starting rendering request 1","meta":{"rootId":"brhjfgor4vj6q8a","id":"brhjfgor4vj6q8a"},"id":"dwd3sax3m9csl65","previousOperationId":"p74i9o1mgjd7j7f"}
{"type":"log","timestamp":1766848598781,"level":"info","message":"Rendering anonymous template { recipe: pptx, engine: handlebars }","meta":{"rootId":"brhjfgor4vj6q8a","id":"brhjfgor4vj6q8a"},"id":"yu6e27t1b4o4wah","previousOperationId":"p74i9o1mgjd7j7f"}
{"type":"log","timestamp":1766848598781,"level":"debug","message":"Inline data specified.","meta":{"rootId":"brhjfgor4vj6q8a","id":"brhjfgor4vj6q8a"},"id":"l7c9g2syufzisk7","previousOperationId":"p74i9o1mgjd7j7f"}
{"type":"log","timestamp":1766848598786,"level":"debug","message":"Base url not specified, skipping its injection.","meta":{"rootId":"brhjfgor4vj6q8a","id":"brhjfgor4vj6q8a"},"id":"ss6137w8q7jx8ne","previousOperationId":"p74i9o1mgjd7j7f"}
{"type":"operationStart","subtype":"engine","name":"handlebars","timestamp":1766848598788,"id":"xgq8zc2m6w6v5lu","previousEventId":"a89jt0m8vat4xt4","operationId":"m5i5b8ck8k7lhje","previousOperationId":"p74i9o1mgjd7j7f"}
{"type":"log","timestamp":1766848598788,"level":"debug","message":"Rendering engine handlebars","meta":{"rootId":"brhjfgor4vj6q8a","id":"brhjfgor4vj6q8a"},"id":"xtghahknhhgsuh1","previousOperationId":"m5i5b8ck8k7lhje"}
{"type":"operationEnd","operationId":"m5i5b8ck8k7lhje","timestamp":1766848599664,"id":"lpjvxpamzxqxpvx","previousEventId":"xgq8zc2m6w6v5lu","previousOperationId":"m5i5b8ck8k7lhje"}
{"type":"operationStart","subtype":"recipe","name":"pptx","timestamp":1766848599665,"id":"b7dctrf8z50ge72","previousEventId":"lpjvxpamzxqxpvx","operationId":"mufoc4e6ntn9zyg","previousOperationId":"m5i5b8ck8k7lhje"}
{"type":"log","timestamp":1766848599665,"level":"debug","message":"Executing recipe pptx","meta":{"rootId":"brhjfgor4vj6q8a","id":"brhjfgor4vj6q8a"},"id":"0otahx452825ql1","previousOperationId":"mufoc4e6ntn9zyg"}
{"type":"log","timestamp":1766848599816,"level":"info","message":"pptx generation is starting","meta":{"rootId":"brhjfgor4vj6q8a","id":"brhjfgor4vj6q8a"},"id":"xpql147s5136yli","previousOperationId":"mufoc4e6ntn9zyg"}
{"type":"log","timestamp":1766848600831,"level":"debug","message":"Starting child request to render pptx dynamic parts","meta":{"rootId":"brhjfgor4vj6q8a","id":"brhjfgor4vj6q8a"},"id":"xn2pcpjsqer1jzb","previousOperationId":"mufoc4e6ntn9zyg"}
{"type":"operationStart","subtype":"render","name":"anonymous","previousOperationId":"mufoc4e6ntn9zyg","timestamp":1766848600832,"id":"0zpi89fhsth7j14","previousEventId":"b7dctrf8z50ge72","operationId":"bf36klgp9vuu1wp"}
{"type":"log","timestamp":1766848600832,"level":"info","message":"Starting rendering (child) request","meta":{"rootId":"brhjfgor4vj6q8a","id":"sffjms4feb6qwjk"},"id":"li23viq9zinks2l","previousOperationId":"bf36klgp9vuu1wp"}
{"type":"log","timestamp":1766848600832,"level":"info","message":"Rendering anonymous template { recipe: html, engine: handlebars }","meta":{"rootId":"brhjfgor4vj6q8a","id":"sffjms4feb6qwjk"},"id":"v3t1xme1dcrt6ui","previousOperationId":"bf36klgp9vuu1wp"}
{"type":"log","timestamp":1766848600832,"level":"debug","message":"Inline data specified.","meta":{"rootId":"brhjfgor4vj6q8a","id":"sffjms4feb6qwjk"},"id":"1dflx53ppo8szd2","previousOperationId":"bf36klgp9vuu1wp"}
{"type":"log","timestamp":1766848600837,"level":"debug","message":"Base url not specified, skipping its injection.","meta":{"rootId":"brhjfgor4vj6q8a","id":"sffjms4feb6qwjk"},"id":"i50dp22gp3wnsrd","previousOperationId":"bf36klgp9vuu1wp"}
{"type":"operationStart","subtype":"engine","name":"handlebars","timestamp":1766848600839,"id":"t1aqscol4xd3j76","previousEventId":"0zpi89fhsth7j14","operationId":"tmm53vssihzl7s6","previousOperationId":"bf36klgp9vuu1wp"}
{"type":"log","timestamp":1766848600839,"level":"debug","message":"Rendering engine handlebars","meta":{"rootId":"brhjfgor4vj6q8a","id":"sffjms4feb6qwjk"},"id":"9w5xzcfiawmjuqc","previousOperationId":"tmm53vssihzl7s6"}
{"type":"operationEnd","operationId":"tmm53vssihzl7s6","timestamp":1766848600978,"id":"0mq0fwtqy89mg9b","previousEventId":"t1aqscol4xd3j76","previousOperationId":"tmm53vssihzl7s6"}
{"type":"operationStart","subtype":"recipe","name":"html","timestamp":1766848600989,"id":"yx8ki1ng2xh3x1l","previousEventId":"0mq0fwtqy89mg9b","operationId":"lrr7sre8f1dnx9l","previousOperationId":"tmm53vssihzl7s6"}
{"type":"log","timestamp":1766848600989,"level":"debug","message":"Executing recipe html","meta":{"rootId":"brhjfgor4vj6q8a","id":"sffjms4feb6qwjk"},"id":"yq2essk0do74gnw","previousOperationId":"lrr7sre8f1dnx9l"}
{"type":"operationEnd","operationId":"lrr7sre8f1dnx9l","timestamp":1766848600989,"id":"pof3t4bvhy9du0n","previousEventId":"yx8ki1ng2xh3x1l","previousOperationId":"lrr7sre8f1dnx9l"}
{"type":"log","timestamp":1766848600990,"level":"debug","message":"Skipping storing report.","meta":{"rootId":"brhjfgor4vj6q8a","id":"sffjms4feb6qwjk"},"id":"uqbr3f11d4h25cz","previousOperationId":"lrr7sre8f1dnx9l"}
{"type":"log","timestamp":1766848600990,"level":"info","message":"Rendering (child) request finished in 2289 ms","meta":{"rootId":"brhjfgor4vj6q8a","id":"sffjms4feb6qwjk"},"id":"6xommav0omw1xed","previousOperationId":"lrr7sre8f1dnx9l"}
{"type":"operationEnd","subtype":"render","operationId":"bf36klgp9vuu1wp","timestamp":1766848600990,"id":"zurh6002mzx2tj5","previousEventId":"pof3t4bvhy9du0n","previousOperationId":"lrr7sre8f1dnx9l"}
{"type":"log","timestamp":1766848605209,"level":"debug","message":"pptx successfully zipped","meta":{"rootId":"brhjfgor4vj6q8a","id":"brhjfgor4vj6q8a"},"id":"yhm7amcoqljgdgj","previousOperationId":"mufoc4e6ntn9zyg"}
{"type":"log","timestamp":1766848605209,"level":"info","message":"pptx generation was finished","meta":{"rootId":"brhjfgor4vj6q8a","id":"brhjfgor4vj6q8a"},"id":"8hfrcxa3enjkpxr","previousOperationId":"mufoc4e6ntn9zyg"}
{"type":"operationEnd","operationId":"mufoc4e6ntn9zyg","timestamp":1766848605221,"id":"6ogdoudk6lifgqe","previousEventId":"b7dctrf8z50ge72","previousOperationId":"mufoc4e6ntn9zyg"}
{"type":"log","timestamp":1766848605221,"level":"debug","message":"Skipping storing report.","meta":{"rootId":"brhjfgor4vj6q8a","id":"brhjfgor4vj6q8a"},"id":"5t2xer4kpfafa9z","previousOperationId":"mufoc4e6ntn9zyg"}
{"type":"log","timestamp":1766848605221,"level":"info","message":"Rendering request 1 finished in 6520 ms","meta":{"rootId":"brhjfgor4vj6q8a","id":"brhjfgor4vj6q8a"},"id":"bkfyctpskzu8qim","previousOperationId":"mufoc4e6ntn9zyg"}
{"type":"operationEnd","subtype":"render","operationId":"p74i9o1mgjd7j7f","timestamp":1766848605221,"id":"gvx82e7wqoak21c","previousEventId":"6ogdoudk6lifgqe","previousOperationId":"mufoc4e6ntn9zyg"}
{"type":"operationEnd","doDiffs":false,"previousEventId":"cz7059xa6i50m2g","previousOperationId":"9ojfjlbkbco4rep","operationId":"9ojfjlbkbco4rep","timestamp":1766848605227,"id":"xksi0rc3r3w020o"}
