{"type":"operationStart","subtype":"profile","data":{"_id":"sHkcLpHS7fNvye2e","timestamp":"2025-12-31T10:16:46.679Z","state":"running","mode":"standard","creationDate":"2025-12-31T10:16:46.694Z","modificationDate":"2025-12-31T10:16:46.694Z","shortid":"U0xQM_Q","$entitySet":"profiles","timeout":60000},"doDiffs":false,"timestamp":1767176206686,"id":"8u0c5beokmd4j0i","previousOperationId":null,"operationId":"xbjhd1qmwi8an9n"}
{"type":"log","level":"info","message":"Render request 14 queued for execution and waiting for available worker","previousOperationId":"xbjhd1qmwi8an9n","timestamp":1767176206686,"id":"4kbjh904g855mjt"}
{"type":"operationStart","subtype":"render","name":"anonymous","previousOperationId":"xbjhd1qmwi8an9n","timestamp":1767176206760,"id":"ir5mrz9kwj8csj2","previousEventId":"8u0c5beokmd4j0i","operationId":"wdwdv4tpsox9k21"}
{"type":"log","timestamp":1767176206760,"level":"info","message":"Starting rendering request 14","meta":{"rootId":"bw14aq81kpbpkgs","id":"bw14aq81kpbpkgs"},"id":"qzbu1881sqx4wab","previousOperationId":"wdwdv4tpsox9k21"}
{"type":"log","timestamp":1767176206760,"level":"info","message":"Rendering anonymous template { recipe: pptx, engine: handlebars }","meta":{"rootId":"bw14aq81kpbpkgs","id":"bw14aq81kpbpkgs"},"id":"30t0h692iq1vrat","previousOperationId":"wdwdv4tpsox9k21"}
{"type":"log","timestamp":1767176206760,"level":"debug","message":"Inline data specified.","meta":{"rootId":"bw14aq81kpbpkgs","id":"bw14aq81kpbpkgs"},"id":"wvspdf8osd2zr98","previousOperationId":"wdwdv4tpsox9k21"}
{"type":"log","timestamp":1767176206763,"level":"debug","message":"Base url not specified, skipping its injection.","meta":{"rootId":"bw14aq81kpbpkgs","id":"bw14aq81kpbpkgs"},"id":"moz4uyh1zlytg1g","previousOperationId":"wdwdv4tpsox9k21"}
{"type":"operationStart","subtype":"engine","name":"handlebars","timestamp":1767176206764,"id":"6mukow47bso8bud","previousEventId":"ir5mrz9kwj8csj2","operationId":"6xweqopd1ugn6f0","previousOperationId":"wdwdv4tpsox9k21"}
{"type":"log","timestamp":1767176206764,"level":"debug","message":"Rendering engine handlebars","meta":{"rootId":"bw14aq81kpbpkgs","id":"bw14aq81kpbpkgs"},"id":"xbr8c46guc66dtk","previousOperationId":"6xweqopd1ugn6f0"}
{"type":"operationEnd","operationId":"6xweqopd1ugn6f0","timestamp":1767176206782,"id":"0p67bq7b5h9wz63","previousEventId":"6mukow47bso8bud","previousOperationId":"6xweqopd1ugn6f0"}
{"type":"operationStart","subtype":"recipe","name":"pptx","timestamp":1767176206783,"id":"ydzqtivexreefpw","previousEventId":"0p67bq7b5h9wz63","operationId":"t0ms1cn53tyu0sq","previousOperationId":"6xweqopd1ugn6f0"}
{"type":"log","timestamp":1767176206783,"level":"debug","message":"Executing recipe pptx","meta":{"rootId":"bw14aq81kpbpkgs","id":"bw14aq81kpbpkgs"},"id":"1287k7af83dode8","previousOperationId":"t0ms1cn53tyu0sq"}
{"type":"log","timestamp":1767176206810,"level":"info","message":"pptx generation is starting","meta":{"rootId":"bw14aq81kpbpkgs","id":"bw14aq81kpbpkgs"},"id":"4h9kb23wyq4cx84","previousOperationId":"t0ms1cn53tyu0sq"}
{"type":"log","timestamp":1767176208771,"level":"debug","message":"Starting child request to render pptx dynamic parts","meta":{"rootId":"bw14aq81kpbpkgs","id":"bw14aq81kpbpkgs"},"id":"4pl6idwvaxtmzqi","previousOperationId":"t0ms1cn53tyu0sq"}
{"type":"operationStart","subtype":"render","name":"anonymous","previousOperationId":"t0ms1cn53tyu0sq","timestamp":1767176208771,"id":"v57fzy4y7yu6gsw","previousEventId":"ydzqtivexreefpw","operationId":"2mcb9bxyfpd2jb3"}
{"type":"log","timestamp":1767176208771,"level":"info","message":"Starting rendering (child) request","meta":{"rootId":"bw14aq81kpbpkgs","id":"cs5o0hy3gbh6m6h"},"id":"259ih1ruj69ouf2","previousOperationId":"2mcb9bxyfpd2jb3"}
{"type":"log","timestamp":1767176208771,"level":"info","message":"Rendering anonymous template { recipe: html, engine: handlebars }","meta":{"rootId":"bw14aq81kpbpkgs","id":"cs5o0hy3gbh6m6h"},"id":"0c1nm0fczi35yp9","previousOperationId":"2mcb9bxyfpd2jb3"}
{"type":"log","timestamp":1767176208772,"level":"debug","message":"Inline data specified.","meta":{"rootId":"bw14aq81kpbpkgs","id":"cs5o0hy3gbh6m6h"},"id":"kezlcjmlaz05b0f","previousOperationId":"2mcb9bxyfpd2jb3"}
{"type":"log","timestamp":1767176208781,"level":"debug","message":"Base url not specified, skipping its injection.","meta":{"rootId":"bw14aq81kpbpkgs","id":"cs5o0hy3gbh6m6h"},"id":"61bsz5jwazoz0ff","previousOperationId":"2mcb9bxyfpd2jb3"}
{"type":"operationStart","subtype":"engine","name":"handlebars","timestamp":1767176208784,"id":"10yc261dg2mrrqg","previousEventId":"v57fzy4y7yu6gsw","operationId":"v7dl7vx0bav46vo","previousOperationId":"2mcb9bxyfpd2jb3"}
{"type":"log","timestamp":1767176208784,"level":"debug","message":"Rendering engine handlebars","meta":{"rootId":"bw14aq81kpbpkgs","id":"cs5o0hy3gbh6m6h"},"id":"0v36nc5weml3t16","previousOperationId":"v7dl7vx0bav46vo"}
{"type":"log","timestamp":1767176209012,"level":"debug","message":"(console:log) {\n  type: 'echarts@v5a',\n  width: 848,\n  height: 409,\n  option: { radar: [ [Object] ], series: [ [Object] ] }\n}","meta":{"userLevel":true,"rootId":"bw14aq81kpbpkgs","id":"cs5o0hy3gbh6m6h"},"id":"79ihuhyw2jdn6el","previousOperationId":"v7dl7vx0bav46vo"}
{"type":"operationEnd","operationId":"v7dl7vx0bav46vo","timestamp":1767176209026,"id":"u47bz82kkg1gbmn","previousEventId":"10yc261dg2mrrqg","previousOperationId":"v7dl7vx0bav46vo"}
{"type":"operationStart","subtype":"recipe","name":"html","timestamp":1767176209049,"id":"r6nd254b0zojgdb","previousEventId":"u47bz82kkg1gbmn","operationId":"chfq55f9sgaw9z1","previousOperationId":"v7dl7vx0bav46vo"}
{"type":"log","timestamp":1767176209049,"level":"debug","message":"Executing recipe html","meta":{"rootId":"bw14aq81kpbpkgs","id":"cs5o0hy3gbh6m6h"},"id":"2vp2b3xdrkxczdn","previousOperationId":"chfq55f9sgaw9z1"}
{"type":"operationEnd","operationId":"chfq55f9sgaw9z1","timestamp":1767176209049,"id":"1f42g6jowbjjcko","previousEventId":"r6nd254b0zojgdb","previousOperationId":"chfq55f9sgaw9z1"}
{"type":"log","timestamp":1767176209049,"level":"debug","message":"Skipping storing report.","meta":{"rootId":"bw14aq81kpbpkgs","id":"cs5o0hy3gbh6m6h"},"id":"7dau3tz4n3lw1ik","previousOperationId":"chfq55f9sgaw9z1"}
{"type":"log","timestamp":1767176209049,"level":"info","message":"Rendering (child) request finished in 2372 ms","meta":{"rootId":"bw14aq81kpbpkgs","id":"cs5o0hy3gbh6m6h"},"id":"gko7038vkmxn3vz","previousOperationId":"chfq55f9sgaw9z1"}
{"type":"operationEnd","subtype":"render","operationId":"2mcb9bxyfpd2jb3","timestamp":1767176209049,"id":"pbbo9uancs35ap5","previousEventId":"1f42g6jowbjjcko","previousOperationId":"chfq55f9sgaw9z1"}
{"type":"log","timestamp":1767176215311,"level":"debug","message":"pptx successfully zipped","meta":{"rootId":"bw14aq81kpbpkgs","id":"bw14aq81kpbpkgs"},"id":"kyw60a96sgvk6b1","previousOperationId":"t0ms1cn53tyu0sq"}
{"type":"log","timestamp":1767176215311,"level":"info","message":"pptx generation was finished","meta":{"rootId":"bw14aq81kpbpkgs","id":"bw14aq81kpbpkgs"},"id":"8n3ss5ye80qze32","previousOperationId":"t0ms1cn53tyu0sq"}
{"type":"operationEnd","operationId":"t0ms1cn53tyu0sq","timestamp":1767176215322,"id":"lszjh8eyxbmu0ko","previousEventId":"ydzqtivexreefpw","previousOperationId":"t0ms1cn53tyu0sq"}
{"type":"log","timestamp":1767176215322,"level":"debug","message":"Skipping storing report.","meta":{"rootId":"bw14aq81kpbpkgs","id":"bw14aq81kpbpkgs"},"id":"e4nxd77oayp5yzx","previousOperationId":"t0ms1cn53tyu0sq"}
{"type":"log","timestamp":1767176215323,"level":"info","message":"Rendering request 14 finished in 8646 ms","meta":{"rootId":"bw14aq81kpbpkgs","id":"bw14aq81kpbpkgs"},"id":"udmc23ryojmfggn","previousOperationId":"t0ms1cn53tyu0sq"}
{"type":"operationEnd","subtype":"render","operationId":"wdwdv4tpsox9k21","timestamp":1767176215323,"id":"p0e1p5gwon0t8mw","previousEventId":"lszjh8eyxbmu0ko","previousOperationId":"t0ms1cn53tyu0sq"}
{"type":"operationEnd","doDiffs":false,"previousEventId":"8u0c5beokmd4j0i","previousOperationId":"xbjhd1qmwi8an9n","operationId":"xbjhd1qmwi8an9n","timestamp":1767176215328,"id":"seb3ll9j6q0y179"}
