{"type":"operationStart","subtype":"profile","data":{"_id":"4dAxMo30XOojgK69","timestamp":"2025-12-26T12:27:25.945Z","state":"running","mode":"standard","creationDate":"2025-12-26T12:27:25.951Z","modificationDate":"2025-12-26T12:27:25.951Z","shortid":"H55xOr1","$entitySet":"profiles","timeout":60000},"doDiffs":false,"timestamp":1766752045948,"id":"ktwmpf1umz5f6k4","previousOperationId":null,"operationId":"2bcwz2j1a3ay17u"}
{"type":"log","level":"info","message":"Render request 2 queued for execution and waiting for available worker","previousOperationId":"2bcwz2j1a3ay17u","timestamp":1766752045949,"id":"iqpno0g40ptht0n"}
{"type":"operationStart","subtype":"render","name":"anonymous","previousOperationId":"2bcwz2j1a3ay17u","timestamp":1766752046009,"id":"ram3ihtt0lo2axl","previousEventId":"ktwmpf1umz5f6k4","operationId":"ungawtozwlztfsv"}
{"type":"log","timestamp":1766752046011,"level":"info","message":"Starting rendering request 2","meta":{"rootId":"bwgwigudtrfbcqc","id":"bwgwigudtrfbcqc"},"id":"tamh2quwhkqafhy","previousOperationId":"ungawtozwlztfsv"}
{"type":"log","timestamp":1766752046015,"level":"info","message":"Rendering anonymous template { recipe: pptx, engine: handlebars }","meta":{"rootId":"bwgwigudtrfbcqc","id":"bwgwigudtrfbcqc"},"id":"om0ba8f9nzjgz6p","previousOperationId":"ungawtozwlztfsv"}
{"type":"log","timestamp":1766752046015,"level":"debug","message":"Inline data specified.","meta":{"rootId":"bwgwigudtrfbcqc","id":"bwgwigudtrfbcqc"},"id":"hmipmrp759j6bl8","previousOperationId":"ungawtozwlztfsv"}
{"type":"log","timestamp":1766752046030,"level":"debug","message":"Base url not specified, skipping its injection.","meta":{"rootId":"bwgwigudtrfbcqc","id":"bwgwigudtrfbcqc"},"id":"70xs9tjmi87wtkm","previousOperationId":"ungawtozwlztfsv"}
{"type":"operationStart","subtype":"engine","name":"handlebars","timestamp":1766752046033,"id":"vzqxyxvq7kg92cz","previousEventId":"ram3ihtt0lo2axl","operationId":"6zshujzrrepf25x","previousOperationId":"ungawtozwlztfsv"}
{"type":"log","timestamp":1766752046033,"level":"debug","message":"Rendering engine handlebars","meta":{"rootId":"bwgwigudtrfbcqc","id":"bwgwigudtrfbcqc"},"id":"0u7jbod5nquc0m5","previousOperationId":"6zshujzrrepf25x"}
{"type":"operationEnd","operationId":"6zshujzrrepf25x","timestamp":1766752047312,"id":"nfw6or4ahkkjbm4","previousEventId":"vzqxyxvq7kg92cz","previousOperationId":"6zshujzrrepf25x"}
{"type":"operationStart","subtype":"recipe","name":"pptx","timestamp":1766752047313,"id":"xgx13ug930ce545","previousEventId":"nfw6or4ahkkjbm4","operationId":"3mqn2tihgt2krw1","previousOperationId":"6zshujzrrepf25x"}
{"type":"log","timestamp":1766752047314,"level":"debug","message":"Executing recipe pptx","meta":{"rootId":"bwgwigudtrfbcqc","id":"bwgwigudtrfbcqc"},"id":"9siboz7oey0t40f","previousOperationId":"3mqn2tihgt2krw1"}
{"type":"log","timestamp":1766752047567,"level":"info","message":"pptx generation is starting","meta":{"rootId":"bwgwigudtrfbcqc","id":"bwgwigudtrfbcqc"},"id":"3tvxkjpqhfzz0s4","previousOperationId":"3mqn2tihgt2krw1"}
{"type":"log","timestamp":1766752049347,"level":"debug","message":"Starting child request to render pptx dynamic parts","meta":{"rootId":"bwgwigudtrfbcqc","id":"bwgwigudtrfbcqc"},"id":"a8wf331nzt78zt6","previousOperationId":"3mqn2tihgt2krw1"}
{"type":"operationStart","subtype":"render","name":"anonymous","previousOperationId":"3mqn2tihgt2krw1","timestamp":1766752049348,"id":"g8venuir7fcg4qe","previousEventId":"xgx13ug930ce545","operationId":"3mbcmgfbw6wolb4"}
{"type":"log","timestamp":1766752049348,"level":"info","message":"Starting rendering (child) request","meta":{"rootId":"bwgwigudtrfbcqc","id":"12zkkhxd5yyfcvw"},"id":"qvuaeqy59ce88x9","previousOperationId":"3mbcmgfbw6wolb4"}
{"type":"log","timestamp":1766752049349,"level":"info","message":"Rendering anonymous template { recipe: html, engine: handlebars }","meta":{"rootId":"bwgwigudtrfbcqc","id":"12zkkhxd5yyfcvw"},"id":"7lnvcr72wv1ww7i","previousOperationId":"3mbcmgfbw6wolb4"}
{"type":"log","timestamp":1766752049349,"level":"debug","message":"Inline data specified.","meta":{"rootId":"bwgwigudtrfbcqc","id":"12zkkhxd5yyfcvw"},"id":"cvxesbztx9rs4zv","previousOperationId":"3mbcmgfbw6wolb4"}
{"type":"log","timestamp":1766752049356,"level":"debug","message":"Base url not specified, skipping its injection.","meta":{"rootId":"bwgwigudtrfbcqc","id":"12zkkhxd5yyfcvw"},"id":"9l0wbqmxdzjxp04","previousOperationId":"3mbcmgfbw6wolb4"}
{"type":"operationStart","subtype":"engine","name":"handlebars","timestamp":1766752049358,"id":"icz8mq1qma1hi5p","previousEventId":"g8venuir7fcg4qe","operationId":"pzpxle1z05tfx2e","previousOperationId":"3mbcmgfbw6wolb4"}
{"type":"log","timestamp":1766752049358,"level":"debug","message":"Rendering engine handlebars","meta":{"rootId":"bwgwigudtrfbcqc","id":"12zkkhxd5yyfcvw"},"id":"nphwlceyt5ocpor","previousOperationId":"pzpxle1z05tfx2e"}
{"type":"operationEnd","operationId":"pzpxle1z05tfx2e","timestamp":1766752049530,"id":"7ilucqtoous2tur","previousEventId":"icz8mq1qma1hi5p","previousOperationId":"pzpxle1z05tfx2e"}
{"type":"operationStart","subtype":"recipe","name":"html","timestamp":1766752049544,"id":"26fge61944likec","previousEventId":"7ilucqtoous2tur","operationId":"ifnidu2hvsp6vyu","previousOperationId":"pzpxle1z05tfx2e"}
{"type":"log","timestamp":1766752049544,"level":"debug","message":"Executing recipe html","meta":{"rootId":"bwgwigudtrfbcqc","id":"12zkkhxd5yyfcvw"},"id":"o1zv1946l5xyt9n","previousOperationId":"ifnidu2hvsp6vyu"}
{"type":"operationEnd","operationId":"ifnidu2hvsp6vyu","timestamp":1766752049544,"id":"popo030xdbe2ty1","previousEventId":"26fge61944likec","previousOperationId":"ifnidu2hvsp6vyu"}
{"type":"log","timestamp":1766752049545,"level":"debug","message":"Skipping storing report.","meta":{"rootId":"bwgwigudtrfbcqc","id":"12zkkhxd5yyfcvw"},"id":"whydbv9cdb057bu","previousOperationId":"ifnidu2hvsp6vyu"}
{"type":"log","timestamp":1766752049545,"level":"info","message":"Rendering (child) request finished in 3601 ms","meta":{"rootId":"bwgwigudtrfbcqc","id":"12zkkhxd5yyfcvw"},"id":"58otvw9ivshesft","previousOperationId":"ifnidu2hvsp6vyu"}
{"type":"operationEnd","subtype":"render","operationId":"3mbcmgfbw6wolb4","timestamp":1766752049546,"id":"m84ywza4630uast","previousEventId":"popo030xdbe2ty1","previousOperationId":"ifnidu2hvsp6vyu"}
{"type":"log","timestamp":1766752056610,"level":"debug","message":"pptx successfully zipped","meta":{"rootId":"bwgwigudtrfbcqc","id":"bwgwigudtrfbcqc"},"id":"9yfpcpkajee36yu","previousOperationId":"3mqn2tihgt2krw1"}
{"type":"log","timestamp":1766752056611,"level":"info","message":"pptx generation was finished","meta":{"rootId":"bwgwigudtrfbcqc","id":"bwgwigudtrfbcqc"},"id":"3ua5v5nzzxh9ohr","previousOperationId":"3mqn2tihgt2krw1"}
{"type":"operationEnd","operationId":"3mqn2tihgt2krw1","timestamp":1766752056625,"id":"fkhp9lzufr9q879","previousEventId":"xgx13ug930ce545","previousOperationId":"3mqn2tihgt2krw1"}
{"type":"log","timestamp":1766752056625,"level":"debug","message":"Skipping storing report.","meta":{"rootId":"bwgwigudtrfbcqc","id":"bwgwigudtrfbcqc"},"id":"icm6833tgzo2c1v","previousOperationId":"3mqn2tihgt2krw1"}
{"type":"log","timestamp":1766752056626,"level":"info","message":"Rendering request 2 finished in 10682 ms","meta":{"rootId":"bwgwigudtrfbcqc","id":"bwgwigudtrfbcqc"},"id":"wy97daqrvuu5mir","previousOperationId":"3mqn2tihgt2krw1"}
{"type":"operationEnd","subtype":"render","operationId":"ungawtozwlztfsv","timestamp":1766752056626,"id":"9gmvusrj253moy8","previousEventId":"fkhp9lzufr9q879","previousOperationId":"3mqn2tihgt2krw1"}
{"type":"operationEnd","doDiffs":false,"previousEventId":"ktwmpf1umz5f6k4","previousOperationId":"2bcwz2j1a3ay17u","operationId":"2bcwz2j1a3ay17u","timestamp":1766752056631,"id":"k6o1f7wpe61vqda"}
