{"type":"operationStart","subtype":"profile","data":{"_id":"rXHowfUdky3CMU4K","timestamp":"2025-12-07T15:42:43.181Z","state":"running","mode":"standard","creationDate":"2025-12-07T15:42:43.190Z","modificationDate":"2025-12-07T15:42:43.190Z","shortid":"xSVVjaL","$entitySet":"profiles","timeout":60000},"doDiffs":false,"timestamp":1765122163186,"id":"42e3n9pw7by99lp","previousOperationId":null,"operationId":"44emzk1tqfu8rm0"}
{"type":"log","level":"info","message":"Render request 9 queued for execution and waiting for available worker","previousOperationId":"44emzk1tqfu8rm0","timestamp":1765122163186,"id":"y9fxncv4xjr3bhq"}
{"type":"operationStart","subtype":"render","name":"anonymous","previousOperationId":"44emzk1tqfu8rm0","timestamp":1765122163248,"id":"5ckx8gv7icqrequ","previousEventId":"42e3n9pw7by99lp","operationId":"4569p2bfa0p4dym"}
{"type":"log","timestamp":1765122163248,"level":"info","message":"Starting rendering request 9","meta":{"rootId":"c00z3cvc6szuri0","id":"c00z3cvc6szuri0"},"id":"vycl2guwdnvbisl","previousOperationId":"4569p2bfa0p4dym"}
{"type":"log","timestamp":1765122163248,"level":"info","message":"Rendering anonymous template { recipe: pptx, engine: handlebars }","meta":{"rootId":"c00z3cvc6szuri0","id":"c00z3cvc6szuri0"},"id":"tl73qwr3u598dxr","previousOperationId":"4569p2bfa0p4dym"}
{"type":"log","timestamp":1765122163248,"level":"debug","message":"Inline data specified.","meta":{"rootId":"c00z3cvc6szuri0","id":"c00z3cvc6szuri0"},"id":"8rlc7pa1apkv02l","previousOperationId":"4569p2bfa0p4dym"}
{"type":"log","timestamp":1765122163257,"level":"debug","message":"Base url not specified, skipping its injection.","meta":{"rootId":"c00z3cvc6szuri0","id":"c00z3cvc6szuri0"},"id":"1r8c1hdw7uut2vk","previousOperationId":"4569p2bfa0p4dym"}
{"type":"operationStart","subtype":"engine","name":"handlebars","timestamp":1765122163259,"id":"bndg7e6f3vfv282","previousEventId":"5ckx8gv7icqrequ","operationId":"kiw35o3fx2zizm5","previousOperationId":"4569p2bfa0p4dym"}
{"type":"log","timestamp":1765122163259,"level":"debug","message":"Rendering engine handlebars","meta":{"rootId":"c00z3cvc6szuri0","id":"c00z3cvc6szuri0"},"id":"t0o7ndequju64fy","previousOperationId":"kiw35o3fx2zizm5"}
{"type":"operationEnd","operationId":"kiw35o3fx2zizm5","timestamp":1765122163333,"id":"w23aeefu60ihvc8","previousEventId":"bndg7e6f3vfv282","previousOperationId":"kiw35o3fx2zizm5"}
{"type":"operationStart","subtype":"recipe","name":"pptx","timestamp":1765122163333,"id":"4odn4krbt5bqvbz","previousEventId":"w23aeefu60ihvc8","operationId":"a23k12acttlcuby","previousOperationId":"kiw35o3fx2zizm5"}
{"type":"log","timestamp":1765122163333,"level":"debug","message":"Executing recipe pptx","meta":{"rootId":"c00z3cvc6szuri0","id":"c00z3cvc6szuri0"},"id":"r86m94ootfshvt7","previousOperationId":"a23k12acttlcuby"}
{"type":"log","timestamp":1765122163359,"level":"info","message":"pptx generation is starting","meta":{"rootId":"c00z3cvc6szuri0","id":"c00z3cvc6szuri0"},"id":"ea4mj69lkxlfu30","previousOperationId":"a23k12acttlcuby"}
{"type":"log","timestamp":1765122164488,"level":"debug","message":"Starting child request to render pptx dynamic parts","meta":{"rootId":"c00z3cvc6szuri0","id":"c00z3cvc6szuri0"},"id":"ax8dbpsuiitdxy9","previousOperationId":"a23k12acttlcuby"}
{"type":"operationStart","subtype":"render","name":"anonymous","previousOperationId":"a23k12acttlcuby","timestamp":1765122164489,"id":"aqckeeeu284fx25","previousEventId":"4odn4krbt5bqvbz","operationId":"lv77eg2d23czxcv"}
{"type":"log","timestamp":1765122164489,"level":"info","message":"Starting rendering (child) request","meta":{"rootId":"c00z3cvc6szuri0","id":"91slo3pk29gw5z9"},"id":"gzrhrfvrothv1en","previousOperationId":"lv77eg2d23czxcv"}
{"type":"log","timestamp":1765122164489,"level":"info","message":"Rendering anonymous template { recipe: html, engine: handlebars }","meta":{"rootId":"c00z3cvc6szuri0","id":"91slo3pk29gw5z9"},"id":"jh4vod2n3nqa7jl","previousOperationId":"lv77eg2d23czxcv"}
{"type":"log","timestamp":1765122164489,"level":"debug","message":"Inline data specified.","meta":{"rootId":"c00z3cvc6szuri0","id":"91slo3pk29gw5z9"},"id":"p3iqf43qi882y0i","previousOperationId":"lv77eg2d23czxcv"}
{"type":"log","timestamp":1765122164494,"level":"debug","message":"Base url not specified, skipping its injection.","meta":{"rootId":"c00z3cvc6szuri0","id":"91slo3pk29gw5z9"},"id":"7pee2nn7cf99nla","previousOperationId":"lv77eg2d23czxcv"}
{"type":"operationStart","subtype":"engine","name":"handlebars","timestamp":1765122164497,"id":"7tepvzjturr53h5","previousEventId":"aqckeeeu284fx25","operationId":"53xtszk67u1rths","previousOperationId":"lv77eg2d23czxcv"}
{"type":"log","timestamp":1765122164497,"level":"debug","message":"Rendering engine handlebars","meta":{"rootId":"c00z3cvc6szuri0","id":"91slo3pk29gw5z9"},"id":"wd13xo6uvxuq32a","previousOperationId":"53xtszk67u1rths"}
{"type":"operationEnd","operationId":"53xtszk67u1rths","timestamp":1765122164607,"id":"f1n3c9a4mlq7fvn","previousEventId":"7tepvzjturr53h5","previousOperationId":"53xtszk67u1rths"}
{"type":"operationStart","subtype":"recipe","name":"html","timestamp":1765122164617,"id":"2zde5z42x6zusm8","previousEventId":"f1n3c9a4mlq7fvn","operationId":"4bqmn6xrio29dnf","previousOperationId":"53xtszk67u1rths"}
{"type":"log","timestamp":1765122164617,"level":"debug","message":"Executing recipe html","meta":{"rootId":"c00z3cvc6szuri0","id":"91slo3pk29gw5z9"},"id":"ti077n7hevlkntl","previousOperationId":"4bqmn6xrio29dnf"}
{"type":"operationEnd","operationId":"4bqmn6xrio29dnf","timestamp":1765122164617,"id":"n084u1v8pgxteak","previousEventId":"2zde5z42x6zusm8","previousOperationId":"4bqmn6xrio29dnf"}
{"type":"log","timestamp":1765122164617,"level":"debug","message":"Skipping storing report.","meta":{"rootId":"c00z3cvc6szuri0","id":"91slo3pk29gw5z9"},"id":"mu13ptsfhxsrw71","previousOperationId":"4bqmn6xrio29dnf"}
{"type":"log","timestamp":1765122164617,"level":"info","message":"Rendering (child) request finished in 1438 ms","meta":{"rootId":"c00z3cvc6szuri0","id":"91slo3pk29gw5z9"},"id":"m4pn3syktzwqe31","previousOperationId":"4bqmn6xrio29dnf"}
{"type":"operationEnd","subtype":"render","operationId":"lv77eg2d23czxcv","timestamp":1765122164617,"id":"uk2u1ugdjduxubm","previousEventId":"n084u1v8pgxteak","previousOperationId":"4bqmn6xrio29dnf"}
{"type":"log","timestamp":1765122168509,"level":"debug","message":"pptx successfully zipped","meta":{"rootId":"c00z3cvc6szuri0","id":"c00z3cvc6szuri0"},"id":"ldg3a7hwkvsrtk0","previousOperationId":"a23k12acttlcuby"}
{"type":"log","timestamp":1765122168509,"level":"info","message":"pptx generation was finished","meta":{"rootId":"c00z3cvc6szuri0","id":"c00z3cvc6szuri0"},"id":"2821t48648ir5k0","previousOperationId":"a23k12acttlcuby"}
{"type":"operationEnd","operationId":"a23k12acttlcuby","timestamp":1765122168517,"id":"9jlxyvov5xm306b","previousEventId":"4odn4krbt5bqvbz","previousOperationId":"a23k12acttlcuby"}
{"type":"log","timestamp":1765122168517,"level":"debug","message":"Skipping storing report.","meta":{"rootId":"c00z3cvc6szuri0","id":"c00z3cvc6szuri0"},"id":"g2pyqonr8gri8ts","previousOperationId":"a23k12acttlcuby"}
{"type":"log","timestamp":1765122168517,"level":"info","message":"Rendering request 9 finished in 5338 ms","meta":{"rootId":"c00z3cvc6szuri0","id":"c00z3cvc6szuri0"},"id":"pej4z0jljbnoqno","previousOperationId":"a23k12acttlcuby"}
{"type":"operationEnd","subtype":"render","operationId":"4569p2bfa0p4dym","timestamp":1765122168517,"id":"sreqomau3ur3ceq","previousEventId":"9jlxyvov5xm306b","previousOperationId":"a23k12acttlcuby"}
{"type":"operationEnd","doDiffs":false,"previousEventId":"42e3n9pw7by99lp","previousOperationId":"44emzk1tqfu8rm0","operationId":"44emzk1tqfu8rm0","timestamp":1765122168521,"id":"nxdaiauak23cpeu"}
