{"type":"operationStart","subtype":"profile","data":{"_id":"a6IUrUeWOZ7BhPlg","timestamp":"2026-01-01T12:53:16.924Z","state":"running","mode":"standard","creationDate":"2026-01-01T12:53:16.933Z","modificationDate":"2026-01-01T12:53:16.933Z","shortid":"wNkFF9i","$entitySet":"profiles","timeout":60000},"doDiffs":false,"timestamp":1767271996929,"id":"kzrt48pd59j4vxk","previousOperationId":null,"operationId":"3onk2rdogdefdrk"}
{"type":"log","level":"info","message":"Render request 1 queued for execution and waiting for available worker","previousOperationId":"3onk2rdogdefdrk","timestamp":1767271996929,"id":"05tm61xdf2iscnk"}
{"type":"operationStart","subtype":"render","name":"anonymous","previousOperationId":"3onk2rdogdefdrk","timestamp":1767271997013,"id":"puvno7jp6ys9h0s","previousEventId":"kzrt48pd59j4vxk","operationId":"unw2xla7e50sodb"}
{"type":"log","timestamp":1767271997014,"level":"info","message":"Starting rendering request 1","meta":{"rootId":"c235qh121yuexyc","id":"c235qh121yuexyc"},"id":"ou6oz3icrcu6opl","previousOperationId":"unw2xla7e50sodb"}
{"type":"log","timestamp":1767271997017,"level":"info","message":"Rendering anonymous template { recipe: pptx, engine: handlebars }","meta":{"rootId":"c235qh121yuexyc","id":"c235qh121yuexyc"},"id":"x7u89ikfkud30xx","previousOperationId":"unw2xla7e50sodb"}
{"type":"log","timestamp":1767271997017,"level":"debug","message":"Inline data specified.","meta":{"rootId":"c235qh121yuexyc","id":"c235qh121yuexyc"},"id":"n277rngyx2ubaxb","previousOperationId":"unw2xla7e50sodb"}
{"type":"log","timestamp":1767271997031,"level":"debug","message":"Base url not specified, skipping its injection.","meta":{"rootId":"c235qh121yuexyc","id":"c235qh121yuexyc"},"id":"7f3sg6ynfsvpy1y","previousOperationId":"unw2xla7e50sodb"}
{"type":"operationStart","subtype":"engine","name":"handlebars","timestamp":1767271997034,"id":"hiwmokoueo3f02v","previousEventId":"puvno7jp6ys9h0s","operationId":"p4oclfbxdxcsxvy","previousOperationId":"unw2xla7e50sodb"}
{"type":"log","timestamp":1767271997035,"level":"debug","message":"Rendering engine handlebars","meta":{"rootId":"c235qh121yuexyc","id":"c235qh121yuexyc"},"id":"wkbtyu4l7j2epbm","previousOperationId":"p4oclfbxdxcsxvy"}
{"type":"operationEnd","operationId":"p4oclfbxdxcsxvy","timestamp":1767271998216,"id":"a1gp3kdt22gix6e","previousEventId":"hiwmokoueo3f02v","previousOperationId":"p4oclfbxdxcsxvy"}
{"type":"operationStart","subtype":"recipe","name":"pptx","timestamp":1767271998217,"id":"jxmqe3fhwpjj0jk","previousEventId":"a1gp3kdt22gix6e","operationId":"1928nprvhvpi23a","previousOperationId":"p4oclfbxdxcsxvy"}
{"type":"log","timestamp":1767271998218,"level":"debug","message":"Executing recipe pptx","meta":{"rootId":"c235qh121yuexyc","id":"c235qh121yuexyc"},"id":"zz0x0le9v95chb3","previousOperationId":"1928nprvhvpi23a"}
{"type":"log","timestamp":1767271998501,"level":"info","message":"pptx generation is starting","meta":{"rootId":"c235qh121yuexyc","id":"c235qh121yuexyc"},"id":"sdhm4j2afmzsx0p","previousOperationId":"1928nprvhvpi23a"}
{"type":"log","timestamp":1767272000620,"level":"debug","message":"Starting child request to render pptx dynamic parts","meta":{"rootId":"c235qh121yuexyc","id":"c235qh121yuexyc"},"id":"1053q236kvhja2x","previousOperationId":"1928nprvhvpi23a"}
{"type":"operationStart","subtype":"render","name":"anonymous","previousOperationId":"1928nprvhvpi23a","timestamp":1767272000621,"id":"1b2n72vnrz467zw","previousEventId":"jxmqe3fhwpjj0jk","operationId":"y2qyc6rd4zce0bj"}
{"type":"log","timestamp":1767272000621,"level":"info","message":"Starting rendering (child) request","meta":{"rootId":"c235qh121yuexyc","id":"x82icbt1ovuii02"},"id":"gdo9s21ibro1gb5","previousOperationId":"y2qyc6rd4zce0bj"}
{"type":"log","timestamp":1767272000622,"level":"info","message":"Rendering anonymous template { recipe: html, engine: handlebars }","meta":{"rootId":"c235qh121yuexyc","id":"x82icbt1ovuii02"},"id":"mb1j8lplzu14ofc","previousOperationId":"y2qyc6rd4zce0bj"}
{"type":"log","timestamp":1767272000622,"level":"debug","message":"Inline data specified.","meta":{"rootId":"c235qh121yuexyc","id":"x82icbt1ovuii02"},"id":"q49yldcmogqvhfb","previousOperationId":"y2qyc6rd4zce0bj"}
{"type":"log","timestamp":1767272000630,"level":"debug","message":"Base url not specified, skipping its injection.","meta":{"rootId":"c235qh121yuexyc","id":"x82icbt1ovuii02"},"id":"ubyzjalkm28ot53","previousOperationId":"y2qyc6rd4zce0bj"}
{"type":"operationStart","subtype":"engine","name":"handlebars","timestamp":1767272000633,"id":"pxb3z8qgu9e6tkk","previousEventId":"1b2n72vnrz467zw","operationId":"1ruqv2ixwr9ou67","previousOperationId":"y2qyc6rd4zce0bj"}
{"type":"log","timestamp":1767272000633,"level":"debug","message":"Rendering engine handlebars","meta":{"rootId":"c235qh121yuexyc","id":"x82icbt1ovuii02"},"id":"3h1fnsga9eig7jk","previousOperationId":"1ruqv2ixwr9ou67"}
{"type":"log","timestamp":1767272000935,"level":"debug","message":"(console:log) {\n  type: 'echarts@v5a',\n  width: 848,\n  height: 409,\n  option: { radar: [ [Object] ], series: [ [Object] ] }\n}","meta":{"userLevel":true,"rootId":"c235qh121yuexyc","id":"x82icbt1ovuii02"},"id":"ie64p7flmk7zzof","previousOperationId":"1ruqv2ixwr9ou67"}
{"type":"operationEnd","operationId":"1ruqv2ixwr9ou67","timestamp":1767272000953,"id":"aqm2niowp6qftxl","previousEventId":"pxb3z8qgu9e6tkk","previousOperationId":"1ruqv2ixwr9ou67"}
{"type":"operationStart","subtype":"recipe","name":"html","timestamp":1767272000976,"id":"37okylar939i429","previousEventId":"aqm2niowp6qftxl","operationId":"n0d2drdgfo1ls28","previousOperationId":"1ruqv2ixwr9ou67"}
{"type":"log","timestamp":1767272000976,"level":"debug","message":"Executing recipe html","meta":{"rootId":"c235qh121yuexyc","id":"x82icbt1ovuii02"},"id":"8nre8t3rafmqi6j","previousOperationId":"n0d2drdgfo1ls28"}
{"type":"operationEnd","operationId":"n0d2drdgfo1ls28","timestamp":1767272000976,"id":"uea59r3nc37vdvm","previousEventId":"37okylar939i429","previousOperationId":"n0d2drdgfo1ls28"}
{"type":"log","timestamp":1767272000978,"level":"debug","message":"Skipping storing report.","meta":{"rootId":"c235qh121yuexyc","id":"x82icbt1ovuii02"},"id":"qy2um3po2nbw9k0","previousOperationId":"n0d2drdgfo1ls28"}
{"type":"log","timestamp":1767272000978,"level":"info","message":"Rendering (child) request finished in 4056 ms","meta":{"rootId":"c235qh121yuexyc","id":"x82icbt1ovuii02"},"id":"coy3065xh685x8b","previousOperationId":"n0d2drdgfo1ls28"}
{"type":"operationEnd","subtype":"render","operationId":"y2qyc6rd4zce0bj","timestamp":1767272000978,"id":"jkbjg4cpok79zas","previousEventId":"uea59r3nc37vdvm","previousOperationId":"n0d2drdgfo1ls28"}
{"type":"log","timestamp":1767272009260,"level":"debug","message":"pptx successfully zipped","meta":{"rootId":"c235qh121yuexyc","id":"c235qh121yuexyc"},"id":"9y6f7f7exsg11q4","previousOperationId":"1928nprvhvpi23a"}
{"type":"log","timestamp":1767272009260,"level":"info","message":"pptx generation was finished","meta":{"rootId":"c235qh121yuexyc","id":"c235qh121yuexyc"},"id":"nydxods512zo5i7","previousOperationId":"1928nprvhvpi23a"}
{"type":"operationEnd","operationId":"1928nprvhvpi23a","timestamp":1767272009276,"id":"939dumwvj5qdzqb","previousEventId":"jxmqe3fhwpjj0jk","previousOperationId":"1928nprvhvpi23a"}
{"type":"log","timestamp":1767272009276,"level":"debug","message":"Skipping storing report.","meta":{"rootId":"c235qh121yuexyc","id":"c235qh121yuexyc"},"id":"w3psucd3a7jkett","previousOperationId":"1928nprvhvpi23a"}
{"type":"log","timestamp":1767272009276,"level":"info","message":"Rendering request 1 finished in 12354 ms","meta":{"rootId":"c235qh121yuexyc","id":"c235qh121yuexyc"},"id":"xpf16hnj333pukb","previousOperationId":"1928nprvhvpi23a"}
{"type":"operationEnd","subtype":"render","operationId":"unw2xla7e50sodb","timestamp":1767272009276,"id":"4lig4qn703pw7ak","previousEventId":"939dumwvj5qdzqb","previousOperationId":"1928nprvhvpi23a"}
{"type":"operationEnd","doDiffs":false,"previousEventId":"kzrt48pd59j4vxk","previousOperationId":"3onk2rdogdefdrk","operationId":"3onk2rdogdefdrk","timestamp":1767272009284,"id":"3ir1i42xic9jlkk"}
