{"type":"operationStart","subtype":"profile","data":{"_id":"Ux231z2DB3VuAIYP","timestamp":"2025-12-31T10:10:06.124Z","state":"running","mode":"standard","creationDate":"2025-12-31T10:10:06.132Z","modificationDate":"2025-12-31T10:10:06.132Z","shortid":"xaVEnL2","$entitySet":"profiles","timeout":60000},"doDiffs":false,"timestamp":1767175806129,"id":"n7278o8ctdvcxkt","previousOperationId":null,"operationId":"idqcy88rpvk15gg"}
{"type":"log","level":"info","message":"Render request 12 queued for execution and waiting for available worker","previousOperationId":"idqcy88rpvk15gg","timestamp":1767175806129,"id":"6qk7ej5i19oayqo"}
{"type":"operationStart","subtype":"render","name":"anonymous","previousOperationId":"idqcy88rpvk15gg","timestamp":1767175806202,"id":"czvstdbyjvoo27f","previousEventId":"n7278o8ctdvcxkt","operationId":"ijp257qx0bd4y0z"}
{"type":"log","timestamp":1767175806202,"level":"info","message":"Starting rendering request 12","meta":{"rootId":"c34vx47px6lgn69","id":"c34vx47px6lgn69"},"id":"99z1begrl99f97s","previousOperationId":"ijp257qx0bd4y0z"}
{"type":"log","timestamp":1767175806203,"level":"info","message":"Rendering anonymous template { recipe: pptx, engine: handlebars }","meta":{"rootId":"c34vx47px6lgn69","id":"c34vx47px6lgn69"},"id":"afzfjoikh7o1vqd","previousOperationId":"ijp257qx0bd4y0z"}
{"type":"log","timestamp":1767175806203,"level":"debug","message":"Inline data specified.","meta":{"rootId":"c34vx47px6lgn69","id":"c34vx47px6lgn69"},"id":"uyab9f8yhacspb4","previousOperationId":"ijp257qx0bd4y0z"}
{"type":"log","timestamp":1767175806210,"level":"debug","message":"Base url not specified, skipping its injection.","meta":{"rootId":"c34vx47px6lgn69","id":"c34vx47px6lgn69"},"id":"zmpvd03oad5osmu","previousOperationId":"ijp257qx0bd4y0z"}
{"type":"operationStart","subtype":"engine","name":"handlebars","timestamp":1767175806211,"id":"i08drybnl5639rc","previousEventId":"czvstdbyjvoo27f","operationId":"6qph2tanphol43u","previousOperationId":"ijp257qx0bd4y0z"}
{"type":"log","timestamp":1767175806211,"level":"debug","message":"Rendering engine handlebars","meta":{"rootId":"c34vx47px6lgn69","id":"c34vx47px6lgn69"},"id":"u7g1qb9ewp9j076","previousOperationId":"6qph2tanphol43u"}
{"type":"operationEnd","operationId":"6qph2tanphol43u","timestamp":1767175806225,"id":"tb8dggixapid5fw","previousEventId":"i08drybnl5639rc","previousOperationId":"6qph2tanphol43u"}
{"type":"operationStart","subtype":"recipe","name":"pptx","timestamp":1767175806225,"id":"vqbrar731r15orh","previousEventId":"tb8dggixapid5fw","operationId":"b0348hs7xyqgwfy","previousOperationId":"6qph2tanphol43u"}
{"type":"log","timestamp":1767175806225,"level":"debug","message":"Executing recipe pptx","meta":{"rootId":"c34vx47px6lgn69","id":"c34vx47px6lgn69"},"id":"pls8p2ocn8rrue7","previousOperationId":"b0348hs7xyqgwfy"}
{"type":"log","timestamp":1767175806246,"level":"info","message":"pptx generation is starting","meta":{"rootId":"c34vx47px6lgn69","id":"c34vx47px6lgn69"},"id":"vahbvsx0bbybvgb","previousOperationId":"b0348hs7xyqgwfy"}
{"type":"log","timestamp":1767175808237,"level":"debug","message":"Starting child request to render pptx dynamic parts","meta":{"rootId":"c34vx47px6lgn69","id":"c34vx47px6lgn69"},"id":"cg4dxzazpb1nlyh","previousOperationId":"b0348hs7xyqgwfy"}
{"type":"operationStart","subtype":"render","name":"anonymous","previousOperationId":"b0348hs7xyqgwfy","timestamp":1767175808238,"id":"rrgn1pilog5z56q","previousEventId":"vqbrar731r15orh","operationId":"9nuzdvtihctmat1"}
{"type":"log","timestamp":1767175808238,"level":"info","message":"Starting rendering (child) request","meta":{"rootId":"c34vx47px6lgn69","id":"m3846fkfdm0oelm"},"id":"gde0r3goe7gv4i4","previousOperationId":"9nuzdvtihctmat1"}
{"type":"log","timestamp":1767175808238,"level":"info","message":"Rendering anonymous template { recipe: html, engine: handlebars }","meta":{"rootId":"c34vx47px6lgn69","id":"m3846fkfdm0oelm"},"id":"mlnf3nmhugbfjdh","previousOperationId":"9nuzdvtihctmat1"}
{"type":"log","timestamp":1767175808238,"level":"debug","message":"Inline data specified.","meta":{"rootId":"c34vx47px6lgn69","id":"m3846fkfdm0oelm"},"id":"r0de5w9ebh8plro","previousOperationId":"9nuzdvtihctmat1"}
{"type":"log","timestamp":1767175808244,"level":"debug","message":"Base url not specified, skipping its injection.","meta":{"rootId":"c34vx47px6lgn69","id":"m3846fkfdm0oelm"},"id":"xfnw2o4wtom7ji8","previousOperationId":"9nuzdvtihctmat1"}
{"type":"operationStart","subtype":"engine","name":"handlebars","timestamp":1767175808246,"id":"fi2fikki48u3202","previousEventId":"rrgn1pilog5z56q","operationId":"x440df5i3e74kio","previousOperationId":"9nuzdvtihctmat1"}
{"type":"log","timestamp":1767175808246,"level":"debug","message":"Rendering engine handlebars","meta":{"rootId":"c34vx47px6lgn69","id":"m3846fkfdm0oelm"},"id":"6mdcr2sd490upjs","previousOperationId":"x440df5i3e74kio"}
{"type":"log","timestamp":1767175808463,"level":"debug","message":"(console:log) {\n  type: 'echarts@v5a',\n  width: 848,\n  height: 409,\n  option: { radar: [ [Object] ], series: [ [Object] ] }\n}","meta":{"userLevel":true,"rootId":"c34vx47px6lgn69","id":"m3846fkfdm0oelm"},"id":"1rassreugfgznq3","previousOperationId":"x440df5i3e74kio"}
{"type":"operationEnd","operationId":"x440df5i3e74kio","timestamp":1767175808476,"id":"326npoedpupei3f","previousEventId":"fi2fikki48u3202","previousOperationId":"x440df5i3e74kio"}
{"type":"operationStart","subtype":"recipe","name":"html","timestamp":1767175808497,"id":"xgotmsv3ttzea1a","previousEventId":"326npoedpupei3f","operationId":"m7jf3qhpedimgz8","previousOperationId":"x440df5i3e74kio"}
{"type":"log","timestamp":1767175808497,"level":"debug","message":"Executing recipe html","meta":{"rootId":"c34vx47px6lgn69","id":"m3846fkfdm0oelm"},"id":"7phwctwtkd0pwvi","previousOperationId":"m7jf3qhpedimgz8"}
{"type":"operationEnd","operationId":"m7jf3qhpedimgz8","timestamp":1767175808497,"id":"0rlo3cpihcetjyn","previousEventId":"xgotmsv3ttzea1a","previousOperationId":"m7jf3qhpedimgz8"}
{"type":"log","timestamp":1767175808497,"level":"debug","message":"Skipping storing report.","meta":{"rootId":"c34vx47px6lgn69","id":"m3846fkfdm0oelm"},"id":"ru1uovu6tlnpu19","previousOperationId":"m7jf3qhpedimgz8"}
{"type":"log","timestamp":1767175808497,"level":"info","message":"Rendering (child) request finished in 2377 ms","meta":{"rootId":"c34vx47px6lgn69","id":"m3846fkfdm0oelm"},"id":"mbt7sbqgklay1ic","previousOperationId":"m7jf3qhpedimgz8"}
{"type":"operationEnd","subtype":"render","operationId":"9nuzdvtihctmat1","timestamp":1767175808497,"id":"rjq1pu8gr7tze8n","previousEventId":"0rlo3cpihcetjyn","previousOperationId":"m7jf3qhpedimgz8"}
{"type":"log","timestamp":1767175814962,"level":"debug","message":"pptx successfully zipped","meta":{"rootId":"c34vx47px6lgn69","id":"c34vx47px6lgn69"},"id":"c2wjxr9i9dadygm","previousOperationId":"b0348hs7xyqgwfy"}
{"type":"log","timestamp":1767175814962,"level":"info","message":"pptx generation was finished","meta":{"rootId":"c34vx47px6lgn69","id":"c34vx47px6lgn69"},"id":"q1dga5o9khn7z7p","previousOperationId":"b0348hs7xyqgwfy"}
{"type":"operationEnd","operationId":"b0348hs7xyqgwfy","timestamp":1767175814973,"id":"jv93d4jnmruniv8","previousEventId":"vqbrar731r15orh","previousOperationId":"b0348hs7xyqgwfy"}
{"type":"log","timestamp":1767175814973,"level":"debug","message":"Skipping storing report.","meta":{"rootId":"c34vx47px6lgn69","id":"c34vx47px6lgn69"},"id":"6orwqootxl6s23n","previousOperationId":"b0348hs7xyqgwfy"}
{"type":"log","timestamp":1767175814973,"level":"info","message":"Rendering request 12 finished in 8853 ms","meta":{"rootId":"c34vx47px6lgn69","id":"c34vx47px6lgn69"},"id":"qheit5y6lnj4ne7","previousOperationId":"b0348hs7xyqgwfy"}
{"type":"operationEnd","subtype":"render","operationId":"ijp257qx0bd4y0z","timestamp":1767175814973,"id":"ew4x3mcg7tp55oi","previousEventId":"jv93d4jnmruniv8","previousOperationId":"b0348hs7xyqgwfy"}
{"type":"operationEnd","doDiffs":false,"previousEventId":"n7278o8ctdvcxkt","previousOperationId":"idqcy88rpvk15gg","operationId":"idqcy88rpvk15gg","timestamp":1767175814980,"id":"vyf0d729szlt1xt"}
