{"type":"operationStart","subtype":"profile","data":{"_id":"HmvYCxI9sZ8oWXL7","timestamp":"2026-01-02T15:51:51.593Z","state":"running","mode":"standard","creationDate":"2026-01-02T15:51:51.609Z","modificationDate":"2026-01-02T15:51:51.609Z","shortid":"PlzUI09","$entitySet":"profiles","timeout":60000},"doDiffs":false,"timestamp":1767369111605,"id":"vt48vsmzpw3wj3e","previousOperationId":null,"operationId":"rt4a1l6knd5nmqp"}
{"type":"log","level":"info","message":"Render request 2 queued for execution and waiting for available worker","previousOperationId":"rt4a1l6knd5nmqp","timestamp":1767369111606,"id":"4j4rpyptgi9xr1j"}
{"type":"operationStart","subtype":"render","name":"anonymous","previousOperationId":"rt4a1l6knd5nmqp","timestamp":1767369111680,"id":"gnvooiogf51mapv","previousEventId":"vt48vsmzpw3wj3e","operationId":"6fakdvuu7cimx35"}
{"type":"log","timestamp":1767369111682,"level":"info","message":"Starting rendering request 2","meta":{"rootId":"c4eyzo6vc8fmr3g","id":"c4eyzo6vc8fmr3g"},"id":"pwqv02wi0dq30u4","previousOperationId":"6fakdvuu7cimx35"}
{"type":"log","timestamp":1767369111685,"level":"info","message":"Rendering anonymous template { recipe: pptx, engine: handlebars }","meta":{"rootId":"c4eyzo6vc8fmr3g","id":"c4eyzo6vc8fmr3g"},"id":"aex04nnv9zzbsnx","previousOperationId":"6fakdvuu7cimx35"}
{"type":"log","timestamp":1767369111685,"level":"debug","message":"Inline data specified.","meta":{"rootId":"c4eyzo6vc8fmr3g","id":"c4eyzo6vc8fmr3g"},"id":"4h96wygmneubqx7","previousOperationId":"6fakdvuu7cimx35"}
{"type":"log","timestamp":1767369111694,"level":"debug","message":"Base url not specified, skipping its injection.","meta":{"rootId":"c4eyzo6vc8fmr3g","id":"c4eyzo6vc8fmr3g"},"id":"1pxqaaecxbwcpar","previousOperationId":"6fakdvuu7cimx35"}
{"type":"operationStart","subtype":"engine","name":"handlebars","timestamp":1767369111698,"id":"up7ini15u1pi2kh","previousEventId":"gnvooiogf51mapv","operationId":"s20rzdw1qyziuac","previousOperationId":"6fakdvuu7cimx35"}
{"type":"log","timestamp":1767369111698,"level":"debug","message":"Rendering engine handlebars","meta":{"rootId":"c4eyzo6vc8fmr3g","id":"c4eyzo6vc8fmr3g"},"id":"zhy6c3t2kgihiyw","previousOperationId":"s20rzdw1qyziuac"}
{"type":"operationEnd","operationId":"s20rzdw1qyziuac","timestamp":1767369112913,"id":"i9qltp36b9cuikr","previousEventId":"up7ini15u1pi2kh","previousOperationId":"s20rzdw1qyziuac"}
{"type":"operationStart","subtype":"recipe","name":"pptx","timestamp":1767369112914,"id":"37f0zk8mzvdpn08","previousEventId":"i9qltp36b9cuikr","operationId":"qatizpd37ydt9h7","previousOperationId":"s20rzdw1qyziuac"}
{"type":"log","timestamp":1767369112915,"level":"debug","message":"Executing recipe pptx","meta":{"rootId":"c4eyzo6vc8fmr3g","id":"c4eyzo6vc8fmr3g"},"id":"vhzbtkwp155d2mp","previousOperationId":"qatizpd37ydt9h7"}
{"type":"log","timestamp":1767369113180,"level":"info","message":"pptx generation is starting","meta":{"rootId":"c4eyzo6vc8fmr3g","id":"c4eyzo6vc8fmr3g"},"id":"p8y0r8h7m7ugy4r","previousOperationId":"qatizpd37ydt9h7"}
{"type":"log","timestamp":1767369115296,"level":"debug","message":"Starting child request to render pptx dynamic parts","meta":{"rootId":"c4eyzo6vc8fmr3g","id":"c4eyzo6vc8fmr3g"},"id":"lqxio084h471biu","previousOperationId":"qatizpd37ydt9h7"}
{"type":"operationStart","subtype":"render","name":"anonymous","previousOperationId":"qatizpd37ydt9h7","timestamp":1767369115297,"id":"7s4g9u6yaf25ft1","previousEventId":"37f0zk8mzvdpn08","operationId":"dmer8k0r5b2gbu1"}
{"type":"log","timestamp":1767369115298,"level":"info","message":"Starting rendering (child) request","meta":{"rootId":"c4eyzo6vc8fmr3g","id":"dsahnepb9bgnt81"},"id":"e7sfn08gwzyo7ol","previousOperationId":"dmer8k0r5b2gbu1"}
{"type":"log","timestamp":1767369115298,"level":"info","message":"Rendering anonymous template { recipe: html, engine: handlebars }","meta":{"rootId":"c4eyzo6vc8fmr3g","id":"dsahnepb9bgnt81"},"id":"whj7skei3dz7t3z","previousOperationId":"dmer8k0r5b2gbu1"}
{"type":"log","timestamp":1767369115298,"level":"debug","message":"Inline data specified.","meta":{"rootId":"c4eyzo6vc8fmr3g","id":"dsahnepb9bgnt81"},"id":"2kimxe9wve0xx7y","previousOperationId":"dmer8k0r5b2gbu1"}
{"type":"log","timestamp":1767369115304,"level":"debug","message":"Base url not specified, skipping its injection.","meta":{"rootId":"c4eyzo6vc8fmr3g","id":"dsahnepb9bgnt81"},"id":"pfchm8ktwhemwen","previousOperationId":"dmer8k0r5b2gbu1"}
{"type":"operationStart","subtype":"engine","name":"handlebars","timestamp":1767369115307,"id":"u8gj1y82rwpznyk","previousEventId":"7s4g9u6yaf25ft1","operationId":"vs8fjk3lld360ug","previousOperationId":"dmer8k0r5b2gbu1"}
{"type":"log","timestamp":1767369115307,"level":"debug","message":"Rendering engine handlebars","meta":{"rootId":"c4eyzo6vc8fmr3g","id":"dsahnepb9bgnt81"},"id":"8ailnmrgtfhg6fu","previousOperationId":"vs8fjk3lld360ug"}
{"type":"log","timestamp":1767369115594,"level":"debug","message":"(console:log) {\n  type: 'echarts@v5a',\n  width: 848,\n  height: 409,\n  option: { radar: [ [Object] ], series: [ [Object] ] }\n}","meta":{"userLevel":true,"rootId":"c4eyzo6vc8fmr3g","id":"dsahnepb9bgnt81"},"id":"tity6wlq0v61f02","previousOperationId":"vs8fjk3lld360ug"}
{"type":"operationEnd","operationId":"vs8fjk3lld360ug","timestamp":1767369115613,"id":"dj8ouxkx7zmnyiw","previousEventId":"u8gj1y82rwpznyk","previousOperationId":"vs8fjk3lld360ug"}
{"type":"operationStart","subtype":"recipe","name":"html","timestamp":1767369115641,"id":"98sj34mu21w01al","previousEventId":"dj8ouxkx7zmnyiw","operationId":"83yzs8wzep4isl5","previousOperationId":"vs8fjk3lld360ug"}
{"type":"log","timestamp":1767369115641,"level":"debug","message":"Executing recipe html","meta":{"rootId":"c4eyzo6vc8fmr3g","id":"dsahnepb9bgnt81"},"id":"zhz191hrudc4rg8","previousOperationId":"83yzs8wzep4isl5"}
{"type":"operationEnd","operationId":"83yzs8wzep4isl5","timestamp":1767369115641,"id":"q9oyta12aaqpxou","previousEventId":"98sj34mu21w01al","previousOperationId":"83yzs8wzep4isl5"}
{"type":"log","timestamp":1767369115642,"level":"debug","message":"Skipping storing report.","meta":{"rootId":"c4eyzo6vc8fmr3g","id":"dsahnepb9bgnt81"},"id":"4sud2xhfltftdsh","previousOperationId":"83yzs8wzep4isl5"}
{"type":"log","timestamp":1767369115642,"level":"info","message":"Rendering (child) request finished in 4050 ms","meta":{"rootId":"c4eyzo6vc8fmr3g","id":"dsahnepb9bgnt81"},"id":"mfabyroem624up1","previousOperationId":"83yzs8wzep4isl5"}
{"type":"operationEnd","subtype":"render","operationId":"dmer8k0r5b2gbu1","timestamp":1767369115643,"id":"kxuelk4ue8rzz4n","previousEventId":"q9oyta12aaqpxou","previousOperationId":"83yzs8wzep4isl5"}
{"type":"log","timestamp":1767369122818,"level":"debug","message":"pptx successfully zipped","meta":{"rootId":"c4eyzo6vc8fmr3g","id":"c4eyzo6vc8fmr3g"},"id":"4r1dg78qgz40jix","previousOperationId":"qatizpd37ydt9h7"}
{"type":"log","timestamp":1767369122818,"level":"info","message":"pptx generation was finished","meta":{"rootId":"c4eyzo6vc8fmr3g","id":"c4eyzo6vc8fmr3g"},"id":"riy73xq4qn0nsme","previousOperationId":"qatizpd37ydt9h7"}
{"type":"operationEnd","operationId":"qatizpd37ydt9h7","timestamp":1767369122833,"id":"a6vddxorpw1jhb2","previousEventId":"37f0zk8mzvdpn08","previousOperationId":"qatizpd37ydt9h7"}
{"type":"log","timestamp":1767369122834,"level":"debug","message":"Skipping storing report.","meta":{"rootId":"c4eyzo6vc8fmr3g","id":"c4eyzo6vc8fmr3g"},"id":"d77ed1y1xk9n778","previousOperationId":"qatizpd37ydt9h7"}
{"type":"log","timestamp":1767369122834,"level":"info","message":"Rendering request 2 finished in 11242 ms","meta":{"rootId":"c4eyzo6vc8fmr3g","id":"c4eyzo6vc8fmr3g"},"id":"hvoj8sx6b71455n","previousOperationId":"qatizpd37ydt9h7"}
{"type":"operationEnd","subtype":"render","operationId":"6fakdvuu7cimx35","timestamp":1767369122834,"id":"xlqc95z6c4rwq0o","previousEventId":"a6vddxorpw1jhb2","previousOperationId":"qatizpd37ydt9h7"}
{"type":"operationEnd","doDiffs":false,"previousEventId":"vt48vsmzpw3wj3e","previousOperationId":"rt4a1l6knd5nmqp","operationId":"rt4a1l6knd5nmqp","timestamp":1767369122840,"id":"vj8r8er5k6dhhi6"}
