{"type":"operationStart","subtype":"profile","data":{"_id":"NGn5myguMxPD0MqD","timestamp":"2026-01-01T12:40:59.519Z","state":"running","mode":"standard","creationDate":"2026-01-01T12:40:59.527Z","modificationDate":"2026-01-01T12:40:59.527Z","shortid":"bDp97ps","$entitySet":"profiles","timeout":60000},"doDiffs":false,"timestamp":1767271259523,"id":"7ejz2v3m1rjhte0","previousOperationId":null,"operationId":"jb0g22ive45is46"}
{"type":"log","level":"info","message":"Render request 4 queued for execution and waiting for available worker","previousOperationId":"jb0g22ive45is46","timestamp":1767271259524,"id":"svo0o4zyo4ndljd"}
{"type":"operationStart","subtype":"render","name":"anonymous","previousOperationId":"jb0g22ive45is46","timestamp":1767271259590,"id":"iat2mtdt23unmmd","previousEventId":"7ejz2v3m1rjhte0","operationId":"dx4jgjyu8w8easw"}
{"type":"log","timestamp":1767271259591,"level":"info","message":"Starting rendering request 4","meta":{"rootId":"c9sao2g5c7d9jez","id":"c9sao2g5c7d9jez"},"id":"ugdsfnz0w3enfo5","previousOperationId":"dx4jgjyu8w8easw"}
{"type":"log","timestamp":1767271259591,"level":"info","message":"Rendering anonymous template { recipe: pptx, engine: handlebars }","meta":{"rootId":"c9sao2g5c7d9jez","id":"c9sao2g5c7d9jez"},"id":"jrjn8n94dndl35x","previousOperationId":"dx4jgjyu8w8easw"}
{"type":"log","timestamp":1767271259591,"level":"debug","message":"Inline data specified.","meta":{"rootId":"c9sao2g5c7d9jez","id":"c9sao2g5c7d9jez"},"id":"phfcm665c8u3tme","previousOperationId":"dx4jgjyu8w8easw"}
{"type":"log","timestamp":1767271259595,"level":"debug","message":"Base url not specified, skipping its injection.","meta":{"rootId":"c9sao2g5c7d9jez","id":"c9sao2g5c7d9jez"},"id":"zqejekc628v1xmi","previousOperationId":"dx4jgjyu8w8easw"}
{"type":"operationStart","subtype":"engine","name":"handlebars","timestamp":1767271259596,"id":"bzhko7a2ar2pbmo","previousEventId":"iat2mtdt23unmmd","operationId":"tjjk1e0rso54n54","previousOperationId":"dx4jgjyu8w8easw"}
{"type":"log","timestamp":1767271259596,"level":"debug","message":"Rendering engine handlebars","meta":{"rootId":"c9sao2g5c7d9jez","id":"c9sao2g5c7d9jez"},"id":"o61gfqf76ko7ptz","previousOperationId":"tjjk1e0rso54n54"}
{"type":"operationEnd","operationId":"tjjk1e0rso54n54","timestamp":1767271259619,"id":"orc6dlzshwfibi9","previousEventId":"bzhko7a2ar2pbmo","previousOperationId":"tjjk1e0rso54n54"}
{"type":"operationStart","subtype":"recipe","name":"pptx","timestamp":1767271259621,"id":"zrz093k7o2fg6u6","previousEventId":"orc6dlzshwfibi9","operationId":"o5bcbr9xau1tsih","previousOperationId":"tjjk1e0rso54n54"}
{"type":"log","timestamp":1767271259621,"level":"debug","message":"Executing recipe pptx","meta":{"rootId":"c9sao2g5c7d9jez","id":"c9sao2g5c7d9jez"},"id":"hbp1oeqm7o5s4hc","previousOperationId":"o5bcbr9xau1tsih"}
{"type":"log","timestamp":1767271259642,"level":"info","message":"pptx generation is starting","meta":{"rootId":"c9sao2g5c7d9jez","id":"c9sao2g5c7d9jez"},"id":"agxavxgwl7sl7zh","previousOperationId":"o5bcbr9xau1tsih"}
{"type":"log","timestamp":1767271261738,"level":"debug","message":"Starting child request to render pptx dynamic parts","meta":{"rootId":"c9sao2g5c7d9jez","id":"c9sao2g5c7d9jez"},"id":"oxix7dbweb5tc8l","previousOperationId":"o5bcbr9xau1tsih"}
{"type":"operationStart","subtype":"render","name":"anonymous","previousOperationId":"o5bcbr9xau1tsih","timestamp":1767271261739,"id":"aqxkchlzfeq2cdm","previousEventId":"zrz093k7o2fg6u6","operationId":"evkxwbow666kh0v"}
{"type":"log","timestamp":1767271261739,"level":"info","message":"Starting rendering (child) request","meta":{"rootId":"c9sao2g5c7d9jez","id":"hzq4xwygqm7uzny"},"id":"ww6z47xlwdrg37p","previousOperationId":"evkxwbow666kh0v"}
{"type":"log","timestamp":1767271261739,"level":"info","message":"Rendering anonymous template { recipe: html, engine: handlebars }","meta":{"rootId":"c9sao2g5c7d9jez","id":"hzq4xwygqm7uzny"},"id":"t8of6vi33vn1efo","previousOperationId":"evkxwbow666kh0v"}
{"type":"log","timestamp":1767271261739,"level":"debug","message":"Inline data specified.","meta":{"rootId":"c9sao2g5c7d9jez","id":"hzq4xwygqm7uzny"},"id":"o99h66zciu7tlyt","previousOperationId":"evkxwbow666kh0v"}
{"type":"log","timestamp":1767271261745,"level":"debug","message":"Base url not specified, skipping its injection.","meta":{"rootId":"c9sao2g5c7d9jez","id":"hzq4xwygqm7uzny"},"id":"afg2yux8py4ahcg","previousOperationId":"evkxwbow666kh0v"}
{"type":"operationStart","subtype":"engine","name":"handlebars","timestamp":1767271261748,"id":"odsxalrcdwoiop7","previousEventId":"aqxkchlzfeq2cdm","operationId":"ocelik7k40xn3ty","previousOperationId":"evkxwbow666kh0v"}
{"type":"log","timestamp":1767271261748,"level":"debug","message":"Rendering engine handlebars","meta":{"rootId":"c9sao2g5c7d9jez","id":"hzq4xwygqm7uzny"},"id":"soab66j7yzcjt4y","previousOperationId":"ocelik7k40xn3ty"}
{"type":"log","timestamp":1767271262006,"level":"debug","message":"(console:log) {\n  type: 'echarts@v5a',\n  width: 848,\n  height: 409,\n  option: { radar: [ [Object] ], series: [ [Object] ] }\n}","meta":{"userLevel":true,"rootId":"c9sao2g5c7d9jez","id":"hzq4xwygqm7uzny"},"id":"hyvfwnwlmwxd8py","previousOperationId":"ocelik7k40xn3ty"}
{"type":"operationEnd","operationId":"ocelik7k40xn3ty","timestamp":1767271262022,"id":"wpp304x4tpukpa8","previousEventId":"odsxalrcdwoiop7","previousOperationId":"ocelik7k40xn3ty"}
{"type":"operationStart","subtype":"recipe","name":"html","timestamp":1767271262046,"id":"y9hb46q985fcku8","previousEventId":"wpp304x4tpukpa8","operationId":"ukgn46grgtu51el","previousOperationId":"ocelik7k40xn3ty"}
{"type":"log","timestamp":1767271262046,"level":"debug","message":"Executing recipe html","meta":{"rootId":"c9sao2g5c7d9jez","id":"hzq4xwygqm7uzny"},"id":"jt7ts9po1m6ffcc","previousOperationId":"ukgn46grgtu51el"}
{"type":"operationEnd","operationId":"ukgn46grgtu51el","timestamp":1767271262046,"id":"jygafa81t4lhjra","previousEventId":"y9hb46q985fcku8","previousOperationId":"ukgn46grgtu51el"}
{"type":"log","timestamp":1767271262047,"level":"debug","message":"Skipping storing report.","meta":{"rootId":"c9sao2g5c7d9jez","id":"hzq4xwygqm7uzny"},"id":"pws5jm0ufsmcj6x","previousOperationId":"ukgn46grgtu51el"}
{"type":"log","timestamp":1767271262047,"level":"info","message":"Rendering (child) request finished in 2531 ms","meta":{"rootId":"c9sao2g5c7d9jez","id":"hzq4xwygqm7uzny"},"id":"f6mix14uhbjni25","previousOperationId":"ukgn46grgtu51el"}
{"type":"operationEnd","subtype":"render","operationId":"evkxwbow666kh0v","timestamp":1767271262047,"id":"p9p6hvfc2lfmrsh","previousEventId":"jygafa81t4lhjra","previousOperationId":"ukgn46grgtu51el"}
{"type":"log","timestamp":1767271268399,"level":"debug","message":"pptx successfully zipped","meta":{"rootId":"c9sao2g5c7d9jez","id":"c9sao2g5c7d9jez"},"id":"r5saakrt4kdu8nb","previousOperationId":"o5bcbr9xau1tsih"}
{"type":"log","timestamp":1767271268399,"level":"info","message":"pptx generation was finished","meta":{"rootId":"c9sao2g5c7d9jez","id":"c9sao2g5c7d9jez"},"id":"in42ua50o1cwm2a","previousOperationId":"o5bcbr9xau1tsih"}
{"type":"operationEnd","operationId":"o5bcbr9xau1tsih","timestamp":1767271268409,"id":"gi5al7qzykzpy5m","previousEventId":"zrz093k7o2fg6u6","previousOperationId":"o5bcbr9xau1tsih"}
{"type":"log","timestamp":1767271268410,"level":"debug","message":"Skipping storing report.","meta":{"rootId":"c9sao2g5c7d9jez","id":"c9sao2g5c7d9jez"},"id":"s5wzqsawh1hn7s0","previousOperationId":"o5bcbr9xau1tsih"}
{"type":"log","timestamp":1767271268410,"level":"info","message":"Rendering request 4 finished in 8894 ms","meta":{"rootId":"c9sao2g5c7d9jez","id":"c9sao2g5c7d9jez"},"id":"uylcrpy1uz26s9u","previousOperationId":"o5bcbr9xau1tsih"}
{"type":"operationEnd","subtype":"render","operationId":"dx4jgjyu8w8easw","timestamp":1767271268410,"id":"pm8jymrltyvjx8e","previousEventId":"gi5al7qzykzpy5m","previousOperationId":"o5bcbr9xau1tsih"}
{"type":"operationEnd","doDiffs":false,"previousEventId":"7ejz2v3m1rjhte0","previousOperationId":"jb0g22ive45is46","operationId":"jb0g22ive45is46","timestamp":1767271268416,"id":"hsxx05zu1z82nbv"}
