{"type":"operationStart","subtype":"profile","data":{"_id":"rUiBWroGnubzlJ6A","timestamp":"2025-12-31T12:54:50.218Z","state":"running","mode":"standard","creationDate":"2025-12-31T12:54:50.224Z","modificationDate":"2025-12-31T12:54:50.224Z","shortid":"vmGulF0","$entitySet":"profiles","timeout":60000},"doDiffs":false,"timestamp":1767185690221,"id":"hs84xox27mu4sl3","previousOperationId":null,"operationId":"uht7l0k3vdrznmp"}
{"type":"log","level":"info","message":"Render request 56 queued for execution and waiting for available worker","previousOperationId":"uht7l0k3vdrznmp","timestamp":1767185690222,"id":"6zddsnulwl7au1r"}
{"type":"operationStart","subtype":"render","name":"anonymous","previousOperationId":"uht7l0k3vdrznmp","timestamp":1767185690283,"id":"6kc0fplv4zrsp9l","previousEventId":"hs84xox27mu4sl3","operationId":"4enyxszv74woxzw"}
{"type":"log","timestamp":1767185690283,"level":"info","message":"Starting rendering request 56","meta":{"rootId":"cblb86lg1tf19kd","id":"cblb86lg1tf19kd"},"id":"7yaz1q4a2tck0sw","previousOperationId":"4enyxszv74woxzw"}
{"type":"log","timestamp":1767185690284,"level":"info","message":"Rendering anonymous template { recipe: pptx, engine: handlebars }","meta":{"rootId":"cblb86lg1tf19kd","id":"cblb86lg1tf19kd"},"id":"f8glus1zyd131ap","previousOperationId":"4enyxszv74woxzw"}
{"type":"log","timestamp":1767185690284,"level":"debug","message":"Inline data specified.","meta":{"rootId":"cblb86lg1tf19kd","id":"cblb86lg1tf19kd"},"id":"kv4z7b4k9yy0kug","previousOperationId":"4enyxszv74woxzw"}
{"type":"log","timestamp":1767185690286,"level":"debug","message":"Base url not specified, skipping its injection.","meta":{"rootId":"cblb86lg1tf19kd","id":"cblb86lg1tf19kd"},"id":"i48mt6krgjv3jsd","previousOperationId":"4enyxszv74woxzw"}
{"type":"operationStart","subtype":"engine","name":"handlebars","timestamp":1767185690287,"id":"o4ru3ov1wjkh8ks","previousEventId":"6kc0fplv4zrsp9l","operationId":"ji1z3mkror5tzxr","previousOperationId":"4enyxszv74woxzw"}
{"type":"log","timestamp":1767185690287,"level":"debug","message":"Rendering engine handlebars","meta":{"rootId":"cblb86lg1tf19kd","id":"cblb86lg1tf19kd"},"id":"2kuwf1y5iazgqj6","previousOperationId":"ji1z3mkror5tzxr"}
{"type":"operationEnd","operationId":"ji1z3mkror5tzxr","timestamp":1767185690302,"id":"sm7t095ojltvb4s","previousEventId":"o4ru3ov1wjkh8ks","previousOperationId":"ji1z3mkror5tzxr"}
{"type":"operationStart","subtype":"recipe","name":"pptx","timestamp":1767185690302,"id":"d9kziagn6kiziqd","previousEventId":"sm7t095ojltvb4s","operationId":"l7kk3szq1aklseq","previousOperationId":"ji1z3mkror5tzxr"}
{"type":"log","timestamp":1767185690302,"level":"debug","message":"Executing recipe pptx","meta":{"rootId":"cblb86lg1tf19kd","id":"cblb86lg1tf19kd"},"id":"x9db417djmoeaax","previousOperationId":"l7kk3szq1aklseq"}
{"type":"log","timestamp":1767185690320,"level":"info","message":"pptx generation is starting","meta":{"rootId":"cblb86lg1tf19kd","id":"cblb86lg1tf19kd"},"id":"kn5lw28ra424mhd","previousOperationId":"l7kk3szq1aklseq"}
{"type":"log","timestamp":1767185691583,"level":"debug","message":"Starting child request to render pptx dynamic parts","meta":{"rootId":"cblb86lg1tf19kd","id":"cblb86lg1tf19kd"},"id":"xw5jhcuh8m4jv4p","previousOperationId":"l7kk3szq1aklseq"}
{"type":"operationStart","subtype":"render","name":"anonymous","previousOperationId":"l7kk3szq1aklseq","timestamp":1767185691584,"id":"436egdzw013z1qw","previousEventId":"d9kziagn6kiziqd","operationId":"5ilt8oq4lfz1jm6"}
{"type":"log","timestamp":1767185691584,"level":"info","message":"Starting rendering (child) request","meta":{"rootId":"cblb86lg1tf19kd","id":"0lr6lvcdxfdiabu"},"id":"l2yb1k71tym6a4u","previousOperationId":"5ilt8oq4lfz1jm6"}
{"type":"log","timestamp":1767185691584,"level":"info","message":"Rendering anonymous template { recipe: html, engine: handlebars }","meta":{"rootId":"cblb86lg1tf19kd","id":"0lr6lvcdxfdiabu"},"id":"rl1ydbgyxm37vrc","previousOperationId":"5ilt8oq4lfz1jm6"}
{"type":"log","timestamp":1767185691584,"level":"debug","message":"Inline data specified.","meta":{"rootId":"cblb86lg1tf19kd","id":"0lr6lvcdxfdiabu"},"id":"xfu2hgo2qwpmpek","previousOperationId":"5ilt8oq4lfz1jm6"}
{"type":"log","timestamp":1767185691589,"level":"debug","message":"Base url not specified, skipping its injection.","meta":{"rootId":"cblb86lg1tf19kd","id":"0lr6lvcdxfdiabu"},"id":"mqjlo1p4k80c337","previousOperationId":"5ilt8oq4lfz1jm6"}
{"type":"operationStart","subtype":"engine","name":"handlebars","timestamp":1767185691590,"id":"0nzkulqtwm5znfo","previousEventId":"436egdzw013z1qw","operationId":"cretwwxmzhy8w8l","previousOperationId":"5ilt8oq4lfz1jm6"}
{"type":"log","timestamp":1767185691590,"level":"debug","message":"Rendering engine handlebars","meta":{"rootId":"cblb86lg1tf19kd","id":"0lr6lvcdxfdiabu"},"id":"ld6hc67drvvlthj","previousOperationId":"cretwwxmzhy8w8l"}
{"type":"operationEnd","operationId":"cretwwxmzhy8w8l","timestamp":1767185691757,"id":"t3hway7vwfjjao2","previousEventId":"0nzkulqtwm5znfo","previousOperationId":"cretwwxmzhy8w8l"}
{"type":"operationStart","subtype":"recipe","name":"html","timestamp":1767185691771,"id":"zmaim7cq8tvchib","previousEventId":"t3hway7vwfjjao2","operationId":"cje4g33l4o6l2dv","previousOperationId":"cretwwxmzhy8w8l"}
{"type":"log","timestamp":1767185691771,"level":"debug","message":"Executing recipe html","meta":{"rootId":"cblb86lg1tf19kd","id":"0lr6lvcdxfdiabu"},"id":"jwvas0ayc32zvw2","previousOperationId":"cje4g33l4o6l2dv"}
{"type":"operationEnd","operationId":"cje4g33l4o6l2dv","timestamp":1767185691771,"id":"pxirinl7s7h3h8p","previousEventId":"zmaim7cq8tvchib","previousOperationId":"cje4g33l4o6l2dv"}
{"type":"log","timestamp":1767185691771,"level":"debug","message":"Skipping storing report.","meta":{"rootId":"cblb86lg1tf19kd","id":"0lr6lvcdxfdiabu"},"id":"4muxaujahy1pijp","previousOperationId":"cje4g33l4o6l2dv"}
{"type":"log","timestamp":1767185691771,"level":"info","message":"Rendering (child) request finished in 1555 ms","meta":{"rootId":"cblb86lg1tf19kd","id":"0lr6lvcdxfdiabu"},"id":"lvejyjfm4mj51i5","previousOperationId":"cje4g33l4o6l2dv"}
{"type":"operationEnd","subtype":"render","operationId":"5ilt8oq4lfz1jm6","timestamp":1767185691771,"id":"572az4tgapohi6o","previousEventId":"pxirinl7s7h3h8p","previousOperationId":"cje4g33l4o6l2dv"}
{"type":"log","timestamp":1767185696638,"level":"debug","message":"pptx successfully zipped","meta":{"rootId":"cblb86lg1tf19kd","id":"cblb86lg1tf19kd"},"id":"zls2rr08crx47kp","previousOperationId":"l7kk3szq1aklseq"}
{"type":"log","timestamp":1767185696638,"level":"info","message":"pptx generation was finished","meta":{"rootId":"cblb86lg1tf19kd","id":"cblb86lg1tf19kd"},"id":"nfej5pg7koamtl9","previousOperationId":"l7kk3szq1aklseq"}
{"type":"operationEnd","operationId":"l7kk3szq1aklseq","timestamp":1767185696647,"id":"wrnmwikdfrqb6zn","previousEventId":"d9kziagn6kiziqd","previousOperationId":"l7kk3szq1aklseq"}
{"type":"log","timestamp":1767185696647,"level":"debug","message":"Skipping storing report.","meta":{"rootId":"cblb86lg1tf19kd","id":"cblb86lg1tf19kd"},"id":"vqubkzwnm5dwpd5","previousOperationId":"l7kk3szq1aklseq"}
{"type":"log","timestamp":1767185696647,"level":"info","message":"Rendering request 56 finished in 6431 ms","meta":{"rootId":"cblb86lg1tf19kd","id":"cblb86lg1tf19kd"},"id":"sfm8whgopk3202u","previousOperationId":"l7kk3szq1aklseq"}
{"type":"operationEnd","subtype":"render","operationId":"4enyxszv74woxzw","timestamp":1767185696647,"id":"9hql2qkfn54pifv","previousEventId":"wrnmwikdfrqb6zn","previousOperationId":"l7kk3szq1aklseq"}
{"type":"operationEnd","doDiffs":false,"previousEventId":"hs84xox27mu4sl3","previousOperationId":"uht7l0k3vdrznmp","operationId":"uht7l0k3vdrznmp","timestamp":1767185696651,"id":"5fx7yugf0rskhv8"}
