{"type":"operationStart","subtype":"profile","data":{"_id":"of7pkBQgJQWDN8FB","timestamp":"2025-12-28T16:51:20.858Z","state":"running","mode":"standard","creationDate":"2025-12-28T16:51:20.870Z","modificationDate":"2025-12-28T16:51:20.870Z","shortid":"hP1bm4W","$entitySet":"profiles","timeout":60000},"doDiffs":false,"timestamp":1766940680868,"id":"9vdi446evwiozg5","previousOperationId":null,"operationId":"oix3x8p9nwz5a5e"}
{"type":"log","level":"info","message":"Render request 3 queued for execution and waiting for available worker","previousOperationId":"oix3x8p9nwz5a5e","timestamp":1766940680868,"id":"dm32m7lst8v1v74"}
{"type":"operationStart","subtype":"render","name":"anonymous","previousOperationId":"oix3x8p9nwz5a5e","timestamp":1766940680927,"id":"7bcjyze9drw892d","previousEventId":"9vdi446evwiozg5","operationId":"rhlnnhc0ri008py"}
{"type":"log","timestamp":1766940680927,"level":"info","message":"Starting rendering request 3","meta":{"rootId":"ccm14gp73d8ww9m","id":"ccm14gp73d8ww9m"},"id":"93t66dg7k0c091c","previousOperationId":"rhlnnhc0ri008py"}
{"type":"log","timestamp":1766940680927,"level":"info","message":"Rendering anonymous template { recipe: pptx, engine: handlebars }","meta":{"rootId":"ccm14gp73d8ww9m","id":"ccm14gp73d8ww9m"},"id":"6s0baju67zcfbo5","previousOperationId":"rhlnnhc0ri008py"}
{"type":"log","timestamp":1766940680928,"level":"debug","message":"Inline data specified.","meta":{"rootId":"ccm14gp73d8ww9m","id":"ccm14gp73d8ww9m"},"id":"hmjnbp7zycy5moz","previousOperationId":"rhlnnhc0ri008py"}
{"type":"log","timestamp":1766940680930,"level":"debug","message":"Base url not specified, skipping its injection.","meta":{"rootId":"ccm14gp73d8ww9m","id":"ccm14gp73d8ww9m"},"id":"w8tiee5ogm2wd98","previousOperationId":"rhlnnhc0ri008py"}
{"type":"operationStart","subtype":"engine","name":"handlebars","timestamp":1766940680931,"id":"h3r8eb48dvza8lk","previousEventId":"7bcjyze9drw892d","operationId":"uzfr9y4f4tbcjrz","previousOperationId":"rhlnnhc0ri008py"}
{"type":"log","timestamp":1766940680931,"level":"debug","message":"Rendering engine handlebars","meta":{"rootId":"ccm14gp73d8ww9m","id":"ccm14gp73d8ww9m"},"id":"icitdb5l3dj28i1","previousOperationId":"uzfr9y4f4tbcjrz"}
{"type":"operationEnd","operationId":"uzfr9y4f4tbcjrz","timestamp":1766940680951,"id":"imzfwr4sdyy1vvb","previousEventId":"h3r8eb48dvza8lk","previousOperationId":"uzfr9y4f4tbcjrz"}
{"type":"operationStart","subtype":"recipe","name":"pptx","timestamp":1766940680952,"id":"likfuyiltqfd6cn","previousEventId":"imzfwr4sdyy1vvb","operationId":"jj2l9kxo5mjjnom","previousOperationId":"uzfr9y4f4tbcjrz"}
{"type":"log","timestamp":1766940680952,"level":"debug","message":"Executing recipe pptx","meta":{"rootId":"ccm14gp73d8ww9m","id":"ccm14gp73d8ww9m"},"id":"fheojpb76gj8orw","previousOperationId":"jj2l9kxo5mjjnom"}
{"type":"log","timestamp":1766940680985,"level":"info","message":"pptx generation is starting","meta":{"rootId":"ccm14gp73d8ww9m","id":"ccm14gp73d8ww9m"},"id":"1xxxx2bgk06jy6t","previousOperationId":"jj2l9kxo5mjjnom"}
{"type":"log","timestamp":1766940682749,"level":"debug","message":"Starting child request to render pptx dynamic parts","meta":{"rootId":"ccm14gp73d8ww9m","id":"ccm14gp73d8ww9m"},"id":"bfklqmltjmp9uyf","previousOperationId":"jj2l9kxo5mjjnom"}
{"type":"operationStart","subtype":"render","name":"anonymous","previousOperationId":"jj2l9kxo5mjjnom","timestamp":1766940682750,"id":"volcydtj2k9pd3f","previousEventId":"likfuyiltqfd6cn","operationId":"y9l9aucr216l5mu"}
{"type":"log","timestamp":1766940682750,"level":"info","message":"Starting rendering (child) request","meta":{"rootId":"ccm14gp73d8ww9m","id":"fhuv1ucxxfzgt7o"},"id":"vj0kv47igm8ohdv","previousOperationId":"y9l9aucr216l5mu"}
{"type":"log","timestamp":1766940682750,"level":"info","message":"Rendering anonymous template { recipe: html, engine: handlebars }","meta":{"rootId":"ccm14gp73d8ww9m","id":"fhuv1ucxxfzgt7o"},"id":"qao423c63syy5hf","previousOperationId":"y9l9aucr216l5mu"}
{"type":"log","timestamp":1766940682750,"level":"debug","message":"Inline data specified.","meta":{"rootId":"ccm14gp73d8ww9m","id":"fhuv1ucxxfzgt7o"},"id":"lp6bw8yrg5ye75w","previousOperationId":"y9l9aucr216l5mu"}
{"type":"log","timestamp":1766940682759,"level":"debug","message":"Base url not specified, skipping its injection.","meta":{"rootId":"ccm14gp73d8ww9m","id":"fhuv1ucxxfzgt7o"},"id":"qiwzpxk5vddkmlr","previousOperationId":"y9l9aucr216l5mu"}
{"type":"operationStart","subtype":"engine","name":"handlebars","timestamp":1766940682761,"id":"tjfl6kz8uk3363i","previousEventId":"volcydtj2k9pd3f","operationId":"5e0s7fielqwlsbd","previousOperationId":"y9l9aucr216l5mu"}
{"type":"log","timestamp":1766940682761,"level":"debug","message":"Rendering engine handlebars","meta":{"rootId":"ccm14gp73d8ww9m","id":"fhuv1ucxxfzgt7o"},"id":"ylvaiinw8dh8093","previousOperationId":"5e0s7fielqwlsbd"}
{"type":"log","timestamp":1766940682944,"level":"debug","message":"(console:log) {\n  type: 'echarts@v5a',\n  width: 848,\n  height: 409,\n  option: { radar: [ [Object] ], series: [ [Object] ] }\n}","meta":{"userLevel":true,"rootId":"ccm14gp73d8ww9m","id":"fhuv1ucxxfzgt7o"},"id":"vump5iyx29u58zh","previousOperationId":"5e0s7fielqwlsbd"}
{"type":"operationEnd","operationId":"5e0s7fielqwlsbd","timestamp":1766940682955,"id":"ioo6untktq0qf5x","previousEventId":"tjfl6kz8uk3363i","previousOperationId":"5e0s7fielqwlsbd"}
{"type":"operationStart","subtype":"recipe","name":"html","timestamp":1766940682974,"id":"pdd96m4l9flnio4","previousEventId":"ioo6untktq0qf5x","operationId":"dlrytv1gztb8sfp","previousOperationId":"5e0s7fielqwlsbd"}
{"type":"log","timestamp":1766940682974,"level":"debug","message":"Executing recipe html","meta":{"rootId":"ccm14gp73d8ww9m","id":"fhuv1ucxxfzgt7o"},"id":"pl9dfgjwslyxnrw","previousOperationId":"dlrytv1gztb8sfp"}
{"type":"operationEnd","operationId":"dlrytv1gztb8sfp","timestamp":1766940682974,"id":"jmcrdwfsq6xwfw9","previousEventId":"pdd96m4l9flnio4","previousOperationId":"dlrytv1gztb8sfp"}
{"type":"log","timestamp":1766940682974,"level":"debug","message":"Skipping storing report.","meta":{"rootId":"ccm14gp73d8ww9m","id":"fhuv1ucxxfzgt7o"},"id":"7hpz7w72zu3ced4","previousOperationId":"dlrytv1gztb8sfp"}
{"type":"log","timestamp":1766940682974,"level":"info","message":"Rendering (child) request finished in 2119 ms","meta":{"rootId":"ccm14gp73d8ww9m","id":"fhuv1ucxxfzgt7o"},"id":"346s12la799y2af","previousOperationId":"dlrytv1gztb8sfp"}
{"type":"operationEnd","subtype":"render","operationId":"y9l9aucr216l5mu","timestamp":1766940682974,"id":"12oyuzeeeheszl2","previousEventId":"jmcrdwfsq6xwfw9","previousOperationId":"dlrytv1gztb8sfp"}
{"type":"log","timestamp":1766940689253,"level":"debug","message":"pptx successfully zipped","meta":{"rootId":"ccm14gp73d8ww9m","id":"ccm14gp73d8ww9m"},"id":"5f45onh3jdkveou","previousOperationId":"jj2l9kxo5mjjnom"}
{"type":"log","timestamp":1766940689253,"level":"info","message":"pptx generation was finished","meta":{"rootId":"ccm14gp73d8ww9m","id":"ccm14gp73d8ww9m"},"id":"8flhzj8xel1c9id","previousOperationId":"jj2l9kxo5mjjnom"}
{"type":"operationEnd","operationId":"jj2l9kxo5mjjnom","timestamp":1766940689264,"id":"3z4ndr9d0ovqlqo","previousEventId":"likfuyiltqfd6cn","previousOperationId":"jj2l9kxo5mjjnom"}
{"type":"log","timestamp":1766940689264,"level":"debug","message":"Skipping storing report.","meta":{"rootId":"ccm14gp73d8ww9m","id":"ccm14gp73d8ww9m"},"id":"50jrc90r69gov67","previousOperationId":"jj2l9kxo5mjjnom"}
{"type":"log","timestamp":1766940689264,"level":"info","message":"Rendering request 3 finished in 8409 ms","meta":{"rootId":"ccm14gp73d8ww9m","id":"ccm14gp73d8ww9m"},"id":"y5yh4n89inaazht","previousOperationId":"jj2l9kxo5mjjnom"}
{"type":"operationEnd","subtype":"render","operationId":"rhlnnhc0ri008py","timestamp":1766940689264,"id":"fi7nmaj2t6an6yn","previousEventId":"3z4ndr9d0ovqlqo","previousOperationId":"jj2l9kxo5mjjnom"}
{"type":"operationEnd","doDiffs":false,"previousEventId":"9vdi446evwiozg5","previousOperationId":"oix3x8p9nwz5a5e","operationId":"oix3x8p9nwz5a5e","timestamp":1766940689274,"id":"qwkxcjrws3siedk"}
