{"type":"operationStart","subtype":"profile","data":{"_id":"OUDvJZQuT27sNFyS","timestamp":"2025-12-07T18:37:41.428Z","state":"running","mode":"standard","creationDate":"2025-12-07T18:37:41.433Z","modificationDate":"2025-12-07T18:37:41.433Z","shortid":"yw1PhlG","$entitySet":"profiles","timeout":60000},"doDiffs":false,"timestamp":1765132661431,"id":"3fdg1cvfstwz6ad","previousOperationId":null,"operationId":"qpaby8m7vs9xw0l"}
{"type":"log","level":"info","message":"Render request 4 queued for execution and waiting for available worker","previousOperationId":"qpaby8m7vs9xw0l","timestamp":1765132661431,"id":"9ur7kbuvhykvj3f"}
{"type":"operationStart","subtype":"render","name":"anonymous","previousOperationId":"qpaby8m7vs9xw0l","timestamp":1765132661494,"id":"n3116l13v95luvt","previousEventId":"3fdg1cvfstwz6ad","operationId":"sq2iilqf9b05w63"}
{"type":"log","timestamp":1765132661495,"level":"info","message":"Starting rendering request 4","meta":{"rootId":"cd0858zbfnbaxol","id":"cd0858zbfnbaxol"},"id":"ze3th90lx0lqbfn","previousOperationId":"sq2iilqf9b05w63"}
{"type":"log","timestamp":1765132661495,"level":"info","message":"Rendering anonymous template { recipe: pptx, engine: handlebars }","meta":{"rootId":"cd0858zbfnbaxol","id":"cd0858zbfnbaxol"},"id":"maggshkzok6h73d","previousOperationId":"sq2iilqf9b05w63"}
{"type":"log","timestamp":1765132661495,"level":"debug","message":"Inline data specified.","meta":{"rootId":"cd0858zbfnbaxol","id":"cd0858zbfnbaxol"},"id":"8caim6bakta5ypj","previousOperationId":"sq2iilqf9b05w63"}
{"type":"log","timestamp":1765132661498,"level":"debug","message":"Base url not specified, skipping its injection.","meta":{"rootId":"cd0858zbfnbaxol","id":"cd0858zbfnbaxol"},"id":"1yjn8s1z5u2mq57","previousOperationId":"sq2iilqf9b05w63"}
{"type":"operationStart","subtype":"engine","name":"handlebars","timestamp":1765132661499,"id":"1vy4ir8sezprxn6","previousEventId":"n3116l13v95luvt","operationId":"od7lvby0i14b2eo","previousOperationId":"sq2iilqf9b05w63"}
{"type":"log","timestamp":1765132661499,"level":"debug","message":"Rendering engine handlebars","meta":{"rootId":"cd0858zbfnbaxol","id":"cd0858zbfnbaxol"},"id":"smxork1z2ortqdy","previousOperationId":"od7lvby0i14b2eo"}
{"type":"operationEnd","operationId":"od7lvby0i14b2eo","timestamp":1765132661521,"id":"n86jr9w10w5mpuz","previousEventId":"1vy4ir8sezprxn6","previousOperationId":"od7lvby0i14b2eo"}
{"type":"operationStart","subtype":"recipe","name":"pptx","timestamp":1765132661522,"id":"ljxkdc0f3o0s2iw","previousEventId":"n86jr9w10w5mpuz","operationId":"eskcv6lbgpxpeud","previousOperationId":"od7lvby0i14b2eo"}
{"type":"log","timestamp":1765132661522,"level":"debug","message":"Executing recipe pptx","meta":{"rootId":"cd0858zbfnbaxol","id":"cd0858zbfnbaxol"},"id":"e5v3i287hjzhs98","previousOperationId":"eskcv6lbgpxpeud"}
{"type":"log","timestamp":1765132661549,"level":"info","message":"pptx generation is starting","meta":{"rootId":"cd0858zbfnbaxol","id":"cd0858zbfnbaxol"},"id":"zsvjwl3mjpji8ea","previousOperationId":"eskcv6lbgpxpeud"}
{"type":"log","timestamp":1765132663239,"level":"debug","message":"Starting child request to render pptx dynamic parts","meta":{"rootId":"cd0858zbfnbaxol","id":"cd0858zbfnbaxol"},"id":"mzixx807s24db8x","previousOperationId":"eskcv6lbgpxpeud"}
{"type":"operationStart","subtype":"render","name":"anonymous","previousOperationId":"eskcv6lbgpxpeud","timestamp":1765132663239,"id":"h0xjqbichtbt9xh","previousEventId":"ljxkdc0f3o0s2iw","operationId":"0jjfrvvo2c4rxr5"}
{"type":"log","timestamp":1765132663240,"level":"info","message":"Starting rendering (child) request","meta":{"rootId":"cd0858zbfnbaxol","id":"lrnx9mlizmf227p"},"id":"s7xq7m0tg355n8u","previousOperationId":"0jjfrvvo2c4rxr5"}
{"type":"log","timestamp":1765132663240,"level":"info","message":"Rendering anonymous template { recipe: html, engine: handlebars }","meta":{"rootId":"cd0858zbfnbaxol","id":"lrnx9mlizmf227p"},"id":"k1oj53l30g2fw9k","previousOperationId":"0jjfrvvo2c4rxr5"}
{"type":"log","timestamp":1765132663240,"level":"debug","message":"Inline data specified.","meta":{"rootId":"cd0858zbfnbaxol","id":"lrnx9mlizmf227p"},"id":"41jli0fs9xfo5mv","previousOperationId":"0jjfrvvo2c4rxr5"}
{"type":"log","timestamp":1765132663245,"level":"debug","message":"Base url not specified, skipping its injection.","meta":{"rootId":"cd0858zbfnbaxol","id":"lrnx9mlizmf227p"},"id":"zlgyd7bm5863mww","previousOperationId":"0jjfrvvo2c4rxr5"}
{"type":"operationStart","subtype":"engine","name":"handlebars","timestamp":1765132663247,"id":"aypus957otf7wk0","previousEventId":"h0xjqbichtbt9xh","operationId":"yedpg2508cvfbta","previousOperationId":"0jjfrvvo2c4rxr5"}
{"type":"log","timestamp":1765132663247,"level":"debug","message":"Rendering engine handlebars","meta":{"rootId":"cd0858zbfnbaxol","id":"lrnx9mlizmf227p"},"id":"ljkfjmrbi1p1co7","previousOperationId":"yedpg2508cvfbta"}
{"type":"operationEnd","operationId":"yedpg2508cvfbta","timestamp":1765132663416,"id":"o21c0s6cbpo75e5","previousEventId":"aypus957otf7wk0","previousOperationId":"yedpg2508cvfbta"}
{"type":"operationStart","subtype":"recipe","name":"html","timestamp":1765132663433,"id":"ggmbi5c71lfhi73","previousEventId":"o21c0s6cbpo75e5","operationId":"t7unfg3m0dbvrb7","previousOperationId":"yedpg2508cvfbta"}
{"type":"log","timestamp":1765132663433,"level":"debug","message":"Executing recipe html","meta":{"rootId":"cd0858zbfnbaxol","id":"lrnx9mlizmf227p"},"id":"46jnqx95iqndn96","previousOperationId":"t7unfg3m0dbvrb7"}
{"type":"operationEnd","operationId":"t7unfg3m0dbvrb7","timestamp":1765132663434,"id":"yisbtyychfri9zm","previousEventId":"ggmbi5c71lfhi73","previousOperationId":"t7unfg3m0dbvrb7"}
{"type":"log","timestamp":1765132663434,"level":"debug","message":"Skipping storing report.","meta":{"rootId":"cd0858zbfnbaxol","id":"lrnx9mlizmf227p"},"id":"yi396h9z8y8rzsk","previousOperationId":"t7unfg3m0dbvrb7"}
{"type":"log","timestamp":1765132663434,"level":"info","message":"Rendering (child) request finished in 2008 ms","meta":{"rootId":"cd0858zbfnbaxol","id":"lrnx9mlizmf227p"},"id":"fvv8f3jczg3m4zi","previousOperationId":"t7unfg3m0dbvrb7"}
{"type":"operationEnd","subtype":"render","operationId":"0jjfrvvo2c4rxr5","timestamp":1765132663434,"id":"kspj2dg2245fsqx","previousEventId":"yisbtyychfri9zm","previousOperationId":"t7unfg3m0dbvrb7"}
{"type":"log","timestamp":1765132671878,"level":"debug","message":"pptx successfully zipped","meta":{"rootId":"cd0858zbfnbaxol","id":"cd0858zbfnbaxol"},"id":"s0leubkyo7hd967","previousOperationId":"eskcv6lbgpxpeud"}
{"type":"log","timestamp":1765132671878,"level":"info","message":"pptx generation was finished","meta":{"rootId":"cd0858zbfnbaxol","id":"cd0858zbfnbaxol"},"id":"c4f68i9gxmp55sa","previousOperationId":"eskcv6lbgpxpeud"}
{"type":"operationEnd","operationId":"eskcv6lbgpxpeud","timestamp":1765132671889,"id":"oky06c9aqjdmjv1","previousEventId":"ljxkdc0f3o0s2iw","previousOperationId":"eskcv6lbgpxpeud"}
{"type":"log","timestamp":1765132671889,"level":"debug","message":"Skipping storing report.","meta":{"rootId":"cd0858zbfnbaxol","id":"cd0858zbfnbaxol"},"id":"w2klvjwgf5knmhq","previousOperationId":"eskcv6lbgpxpeud"}
{"type":"log","timestamp":1765132671890,"level":"info","message":"Rendering request 4 finished in 10464 ms","meta":{"rootId":"cd0858zbfnbaxol","id":"cd0858zbfnbaxol"},"id":"pjapxoxlbabqhux","previousOperationId":"eskcv6lbgpxpeud"}
{"type":"operationEnd","subtype":"render","operationId":"sq2iilqf9b05w63","timestamp":1765132671890,"id":"e8uh8qtqcj731mm","previousEventId":"oky06c9aqjdmjv1","previousOperationId":"eskcv6lbgpxpeud"}
{"type":"operationEnd","doDiffs":false,"previousEventId":"3fdg1cvfstwz6ad","previousOperationId":"qpaby8m7vs9xw0l","operationId":"qpaby8m7vs9xw0l","timestamp":1765132671894,"id":"f2jrmrt8xdu0kz1"}
