{"type":"operationStart","subtype":"profile","data":{"_id":"B7kUMuWt0ooh1e5P","timestamp":"2025-12-30T18:47:38.079Z","state":"running","mode":"standard","creationDate":"2025-12-30T18:47:38.088Z","modificationDate":"2025-12-30T18:47:38.088Z","shortid":"q203gFu","$entitySet":"profiles","timeout":60000},"doDiffs":false,"timestamp":1767120458084,"id":"8q9eznb7ks1zhan","previousOperationId":null,"operationId":"rj6x4qzurfjms0j"}
{"type":"log","level":"info","message":"Render request 8 queued for execution and waiting for available worker","previousOperationId":"rj6x4qzurfjms0j","timestamp":1767120458085,"id":"haawfmsbw5ae6ho"}
{"type":"operationStart","subtype":"render","name":"anonymous","previousOperationId":"rj6x4qzurfjms0j","timestamp":1767120458161,"id":"4hysdt0l8ddzbc6","previousEventId":"8q9eznb7ks1zhan","operationId":"agnu4dkhbk3r55b"}
{"type":"log","timestamp":1767120458161,"level":"info","message":"Starting rendering request 8","meta":{"rootId":"cfqktaro4r8ydtn","id":"cfqktaro4r8ydtn"},"id":"ekzg1h3pqgs61fu","previousOperationId":"agnu4dkhbk3r55b"}
{"type":"log","timestamp":1767120458162,"level":"info","message":"Rendering anonymous template { recipe: pptx, engine: handlebars }","meta":{"rootId":"cfqktaro4r8ydtn","id":"cfqktaro4r8ydtn"},"id":"b073c9xmllilhbk","previousOperationId":"agnu4dkhbk3r55b"}
{"type":"log","timestamp":1767120458162,"level":"debug","message":"Inline data specified.","meta":{"rootId":"cfqktaro4r8ydtn","id":"cfqktaro4r8ydtn"},"id":"i97r6ghhctvj292","previousOperationId":"agnu4dkhbk3r55b"}
{"type":"log","timestamp":1767120458164,"level":"debug","message":"Base url not specified, skipping its injection.","meta":{"rootId":"cfqktaro4r8ydtn","id":"cfqktaro4r8ydtn"},"id":"b93mdo954psib31","previousOperationId":"agnu4dkhbk3r55b"}
{"type":"operationStart","subtype":"engine","name":"handlebars","timestamp":1767120458165,"id":"p36aab7he32xps6","previousEventId":"4hysdt0l8ddzbc6","operationId":"tleljrsnhbdn97y","previousOperationId":"agnu4dkhbk3r55b"}
{"type":"log","timestamp":1767120458165,"level":"debug","message":"Rendering engine handlebars","meta":{"rootId":"cfqktaro4r8ydtn","id":"cfqktaro4r8ydtn"},"id":"5bep3pripmre4my","previousOperationId":"tleljrsnhbdn97y"}
{"type":"operationEnd","operationId":"tleljrsnhbdn97y","timestamp":1767120458188,"id":"pn1azfbv0w15f2f","previousEventId":"p36aab7he32xps6","previousOperationId":"tleljrsnhbdn97y"}
{"type":"operationStart","subtype":"recipe","name":"pptx","timestamp":1767120458188,"id":"7lqwl4cyya1pwn6","previousEventId":"pn1azfbv0w15f2f","operationId":"s1ngbq931l40hiw","previousOperationId":"tleljrsnhbdn97y"}
{"type":"log","timestamp":1767120458188,"level":"debug","message":"Executing recipe pptx","meta":{"rootId":"cfqktaro4r8ydtn","id":"cfqktaro4r8ydtn"},"id":"lfpt1kheimur3vu","previousOperationId":"s1ngbq931l40hiw"}
{"type":"log","timestamp":1767120458227,"level":"info","message":"pptx generation is starting","meta":{"rootId":"cfqktaro4r8ydtn","id":"cfqktaro4r8ydtn"},"id":"peoqwe95sujpqxb","previousOperationId":"s1ngbq931l40hiw"}
{"type":"log","timestamp":1767120459418,"level":"debug","message":"Starting child request to render pptx dynamic parts","meta":{"rootId":"cfqktaro4r8ydtn","id":"cfqktaro4r8ydtn"},"id":"klb5ad4vkkb1vv4","previousOperationId":"s1ngbq931l40hiw"}
{"type":"operationStart","subtype":"render","name":"anonymous","previousOperationId":"s1ngbq931l40hiw","timestamp":1767120459418,"id":"qff8ax6dtyjdhfp","previousEventId":"7lqwl4cyya1pwn6","operationId":"92qzkerb54plrve"}
{"type":"log","timestamp":1767120459418,"level":"info","message":"Starting rendering (child) request","meta":{"rootId":"cfqktaro4r8ydtn","id":"snftv5x68u5ld4s"},"id":"nnwmehrwsxnfgrh","previousOperationId":"92qzkerb54plrve"}
{"type":"log","timestamp":1767120459418,"level":"info","message":"Rendering anonymous template { recipe: html, engine: handlebars }","meta":{"rootId":"cfqktaro4r8ydtn","id":"snftv5x68u5ld4s"},"id":"ne2nvvk5n154ajs","previousOperationId":"92qzkerb54plrve"}
{"type":"log","timestamp":1767120459418,"level":"debug","message":"Inline data specified.","meta":{"rootId":"cfqktaro4r8ydtn","id":"snftv5x68u5ld4s"},"id":"stshp6r6il27agy","previousOperationId":"92qzkerb54plrve"}
{"type":"log","timestamp":1767120459424,"level":"debug","message":"Base url not specified, skipping its injection.","meta":{"rootId":"cfqktaro4r8ydtn","id":"snftv5x68u5ld4s"},"id":"k6hdjb2vk2mie4n","previousOperationId":"92qzkerb54plrve"}
{"type":"operationStart","subtype":"engine","name":"handlebars","timestamp":1767120459425,"id":"jv4tvxnnt4lfobr","previousEventId":"qff8ax6dtyjdhfp","operationId":"k61s6rykbynfsjg","previousOperationId":"92qzkerb54plrve"}
{"type":"log","timestamp":1767120459425,"level":"debug","message":"Rendering engine handlebars","meta":{"rootId":"cfqktaro4r8ydtn","id":"snftv5x68u5ld4s"},"id":"woqdxaflgzuh1no","previousOperationId":"k61s6rykbynfsjg"}
{"type":"log","timestamp":1767120459550,"level":"debug","message":"(console:log) {\n  type: 'echarts@v5a',\n  width: 848,\n  height: 409,\n  option: { radar: [ [Object] ], series: [ [Object] ] }\n}","meta":{"userLevel":true,"rootId":"cfqktaro4r8ydtn","id":"snftv5x68u5ld4s"},"id":"a687oc0wnorf9x6","previousOperationId":"k61s6rykbynfsjg"}
{"type":"operationEnd","operationId":"k61s6rykbynfsjg","timestamp":1767120459558,"id":"0p62j7merpkhlw0","previousEventId":"jv4tvxnnt4lfobr","previousOperationId":"k61s6rykbynfsjg"}
{"type":"operationStart","subtype":"recipe","name":"html","timestamp":1767120459571,"id":"1ajotyorctbi21t","previousEventId":"0p62j7merpkhlw0","operationId":"1fpdwtsqmvf9xwl","previousOperationId":"k61s6rykbynfsjg"}
{"type":"log","timestamp":1767120459571,"level":"debug","message":"Executing recipe html","meta":{"rootId":"cfqktaro4r8ydtn","id":"snftv5x68u5ld4s"},"id":"7erp74rib18ukiy","previousOperationId":"1fpdwtsqmvf9xwl"}
{"type":"operationEnd","operationId":"1fpdwtsqmvf9xwl","timestamp":1767120459571,"id":"zu9tyvdsxfto7ir","previousEventId":"1ajotyorctbi21t","previousOperationId":"1fpdwtsqmvf9xwl"}
{"type":"log","timestamp":1767120459571,"level":"debug","message":"Skipping storing report.","meta":{"rootId":"cfqktaro4r8ydtn","id":"snftv5x68u5ld4s"},"id":"5o42v2nqcdxgw3i","previousOperationId":"1fpdwtsqmvf9xwl"}
{"type":"log","timestamp":1767120459571,"level":"info","message":"Rendering (child) request finished in 1494 ms","meta":{"rootId":"cfqktaro4r8ydtn","id":"snftv5x68u5ld4s"},"id":"2j451cfxybrv2ts","previousOperationId":"1fpdwtsqmvf9xwl"}
{"type":"operationEnd","subtype":"render","operationId":"92qzkerb54plrve","timestamp":1767120459571,"id":"017x8aexh8xcmz8","previousEventId":"zu9tyvdsxfto7ir","previousOperationId":"1fpdwtsqmvf9xwl"}
{"type":"log","timestamp":1767120463169,"level":"debug","message":"pptx successfully zipped","meta":{"rootId":"cfqktaro4r8ydtn","id":"cfqktaro4r8ydtn"},"id":"r89v723i3uuy5hm","previousOperationId":"s1ngbq931l40hiw"}
{"type":"log","timestamp":1767120463170,"level":"info","message":"pptx generation was finished","meta":{"rootId":"cfqktaro4r8ydtn","id":"cfqktaro4r8ydtn"},"id":"hggtw6422lkk6zi","previousOperationId":"s1ngbq931l40hiw"}
{"type":"operationEnd","operationId":"s1ngbq931l40hiw","timestamp":1767120463179,"id":"24hjapnocqn8opb","previousEventId":"7lqwl4cyya1pwn6","previousOperationId":"s1ngbq931l40hiw"}
{"type":"log","timestamp":1767120463179,"level":"debug","message":"Skipping storing report.","meta":{"rootId":"cfqktaro4r8ydtn","id":"cfqktaro4r8ydtn"},"id":"kmis7dib3roolta","previousOperationId":"s1ngbq931l40hiw"}
{"type":"log","timestamp":1767120463179,"level":"info","message":"Rendering request 8 finished in 5102 ms","meta":{"rootId":"cfqktaro4r8ydtn","id":"cfqktaro4r8ydtn"},"id":"l17prv2z0yeiscz","previousOperationId":"s1ngbq931l40hiw"}
{"type":"operationEnd","subtype":"render","operationId":"agnu4dkhbk3r55b","timestamp":1767120463179,"id":"rv4lu6vmr1km67l","previousEventId":"24hjapnocqn8opb","previousOperationId":"s1ngbq931l40hiw"}
{"type":"operationEnd","doDiffs":false,"previousEventId":"8q9eznb7ks1zhan","previousOperationId":"rj6x4qzurfjms0j","operationId":"rj6x4qzurfjms0j","timestamp":1767120463184,"id":"alzu8xt1n8dnwvv"}
