{"type":"operationStart","subtype":"profile","data":{"_id":"FE8gOoNyBZ7afjeO","timestamp":"2025-12-07T19:38:04.370Z","state":"running","mode":"standard","creationDate":"2025-12-07T19:38:04.374Z","modificationDate":"2025-12-07T19:38:04.374Z","shortid":"WkZOwMN","$entitySet":"profiles","timeout":60000},"doDiffs":false,"timestamp":1765136284373,"id":"sxqsieipqti1ksx","previousOperationId":null,"operationId":"w1qgxnqweybx6ti"}
{"type":"log","level":"info","message":"Render request 23 queued for execution and waiting for available worker","previousOperationId":"w1qgxnqweybx6ti","timestamp":1765136284373,"id":"4y5b8qhn2k8idz5"}
{"type":"operationStart","subtype":"render","name":"anonymous","previousOperationId":"w1qgxnqweybx6ti","timestamp":1765136284424,"id":"qi2s4dd20rtaty3","previousEventId":"sxqsieipqti1ksx","operationId":"am3psrg2837bvpn"}
{"type":"log","timestamp":1765136284425,"level":"info","message":"Starting rendering request 23","meta":{"rootId":"cgrqvddl3p97fda","id":"cgrqvddl3p97fda"},"id":"1qv6weg92u026ex","previousOperationId":"am3psrg2837bvpn"}
{"type":"log","timestamp":1765136284425,"level":"info","message":"Rendering anonymous template { recipe: pptx, engine: handlebars }","meta":{"rootId":"cgrqvddl3p97fda","id":"cgrqvddl3p97fda"},"id":"o04xuugxs0h0xmv","previousOperationId":"am3psrg2837bvpn"}
{"type":"log","timestamp":1765136284425,"level":"debug","message":"Inline data specified.","meta":{"rootId":"cgrqvddl3p97fda","id":"cgrqvddl3p97fda"},"id":"dod9hmar1kapfl8","previousOperationId":"am3psrg2837bvpn"}
{"type":"log","timestamp":1765136284427,"level":"debug","message":"Base url not specified, skipping its injection.","meta":{"rootId":"cgrqvddl3p97fda","id":"cgrqvddl3p97fda"},"id":"had643zuncs72fi","previousOperationId":"am3psrg2837bvpn"}
{"type":"operationStart","subtype":"engine","name":"handlebars","timestamp":1765136284427,"id":"kybzq3fgqk8iyxz","previousEventId":"qi2s4dd20rtaty3","operationId":"vazxzwbgxxdnesu","previousOperationId":"am3psrg2837bvpn"}
{"type":"log","timestamp":1765136284427,"level":"debug","message":"Rendering engine handlebars","meta":{"rootId":"cgrqvddl3p97fda","id":"cgrqvddl3p97fda"},"id":"ith1pldgv7djl71","previousOperationId":"vazxzwbgxxdnesu"}
{"type":"operationEnd","operationId":"vazxzwbgxxdnesu","timestamp":1765136284439,"id":"igu0brn8ic63ynh","previousEventId":"kybzq3fgqk8iyxz","previousOperationId":"vazxzwbgxxdnesu"}
{"type":"operationStart","subtype":"recipe","name":"pptx","timestamp":1765136284439,"id":"xj7zs3sr3y905yf","previousEventId":"igu0brn8ic63ynh","operationId":"u9g0sd1gnid7fh3","previousOperationId":"vazxzwbgxxdnesu"}
{"type":"log","timestamp":1765136284439,"level":"debug","message":"Executing recipe pptx","meta":{"rootId":"cgrqvddl3p97fda","id":"cgrqvddl3p97fda"},"id":"2bqnh230niys576","previousOperationId":"u9g0sd1gnid7fh3"}
{"type":"log","timestamp":1765136284454,"level":"info","message":"pptx generation is starting","meta":{"rootId":"cgrqvddl3p97fda","id":"cgrqvddl3p97fda"},"id":"62ni9t6ymsnlswy","previousOperationId":"u9g0sd1gnid7fh3"}
{"type":"log","timestamp":1765136285549,"level":"debug","message":"Starting child request to render pptx dynamic parts","meta":{"rootId":"cgrqvddl3p97fda","id":"cgrqvddl3p97fda"},"id":"cikrv8dti43fa4i","previousOperationId":"u9g0sd1gnid7fh3"}
{"type":"operationStart","subtype":"render","name":"anonymous","previousOperationId":"u9g0sd1gnid7fh3","timestamp":1765136285550,"id":"lvmgzk3fumbdhsn","previousEventId":"xj7zs3sr3y905yf","operationId":"ulyvjn8rw5n5odc"}
{"type":"log","timestamp":1765136285550,"level":"info","message":"Starting rendering (child) request","meta":{"rootId":"cgrqvddl3p97fda","id":"3a6c2ol4dh60oat"},"id":"096g5dop8m69dbk","previousOperationId":"ulyvjn8rw5n5odc"}
{"type":"log","timestamp":1765136285550,"level":"info","message":"Rendering anonymous template { recipe: html, engine: handlebars }","meta":{"rootId":"cgrqvddl3p97fda","id":"3a6c2ol4dh60oat"},"id":"mha796j69cdywfz","previousOperationId":"ulyvjn8rw5n5odc"}
{"type":"log","timestamp":1765136285550,"level":"debug","message":"Inline data specified.","meta":{"rootId":"cgrqvddl3p97fda","id":"3a6c2ol4dh60oat"},"id":"n8b8gehckipnn2m","previousOperationId":"ulyvjn8rw5n5odc"}
{"type":"log","timestamp":1765136285555,"level":"debug","message":"Base url not specified, skipping its injection.","meta":{"rootId":"cgrqvddl3p97fda","id":"3a6c2ol4dh60oat"},"id":"e4ro7mhxv6l1z7e","previousOperationId":"ulyvjn8rw5n5odc"}
{"type":"operationStart","subtype":"engine","name":"handlebars","timestamp":1765136285556,"id":"n17chm6whpaxc8t","previousEventId":"lvmgzk3fumbdhsn","operationId":"shdo21umentkb3v","previousOperationId":"ulyvjn8rw5n5odc"}
{"type":"log","timestamp":1765136285556,"level":"debug","message":"Rendering engine handlebars","meta":{"rootId":"cgrqvddl3p97fda","id":"3a6c2ol4dh60oat"},"id":"jlrks9gbfjuj1qn","previousOperationId":"shdo21umentkb3v"}
{"type":"operationEnd","operationId":"shdo21umentkb3v","timestamp":1765136285662,"id":"qd8r08ymbm9ti9s","previousEventId":"n17chm6whpaxc8t","previousOperationId":"shdo21umentkb3v"}
{"type":"operationStart","subtype":"recipe","name":"html","timestamp":1765136285670,"id":"wy06uuaufbgabak","previousEventId":"qd8r08ymbm9ti9s","operationId":"y90wsllm79nt6oj","previousOperationId":"shdo21umentkb3v"}
{"type":"log","timestamp":1765136285670,"level":"debug","message":"Executing recipe html","meta":{"rootId":"cgrqvddl3p97fda","id":"3a6c2ol4dh60oat"},"id":"k83reabdg24j8i3","previousOperationId":"y90wsllm79nt6oj"}
{"type":"operationEnd","operationId":"y90wsllm79nt6oj","timestamp":1765136285670,"id":"5u7n50aye7yfzdp","previousEventId":"wy06uuaufbgabak","previousOperationId":"y90wsllm79nt6oj"}
{"type":"log","timestamp":1765136285670,"level":"debug","message":"Skipping storing report.","meta":{"rootId":"cgrqvddl3p97fda","id":"3a6c2ol4dh60oat"},"id":"3142g8dgcxan55i","previousOperationId":"y90wsllm79nt6oj"}
{"type":"log","timestamp":1765136285670,"level":"info","message":"Rendering (child) request finished in 1300 ms","meta":{"rootId":"cgrqvddl3p97fda","id":"3a6c2ol4dh60oat"},"id":"8j81sysn1152hz4","previousOperationId":"y90wsllm79nt6oj"}
{"type":"operationEnd","subtype":"render","operationId":"ulyvjn8rw5n5odc","timestamp":1765136285670,"id":"a4dzz4a9mxs8h7t","previousEventId":"5u7n50aye7yfzdp","previousOperationId":"y90wsllm79nt6oj"}
{"type":"log","timestamp":1765136290528,"level":"debug","message":"pptx successfully zipped","meta":{"rootId":"cgrqvddl3p97fda","id":"cgrqvddl3p97fda"},"id":"j25y4gfike2ev0b","previousOperationId":"u9g0sd1gnid7fh3"}
{"type":"log","timestamp":1765136290528,"level":"info","message":"pptx generation was finished","meta":{"rootId":"cgrqvddl3p97fda","id":"cgrqvddl3p97fda"},"id":"icrdq25b1wwjah8","previousOperationId":"u9g0sd1gnid7fh3"}
{"type":"operationEnd","operationId":"u9g0sd1gnid7fh3","timestamp":1765136290537,"id":"jrn26oguoqld3vn","previousEventId":"xj7zs3sr3y905yf","previousOperationId":"u9g0sd1gnid7fh3"}
{"type":"log","timestamp":1765136290537,"level":"debug","message":"Skipping storing report.","meta":{"rootId":"cgrqvddl3p97fda","id":"cgrqvddl3p97fda"},"id":"fvmbsfhctxa4pgk","previousOperationId":"u9g0sd1gnid7fh3"}
{"type":"log","timestamp":1765136290537,"level":"info","message":"Rendering request 23 finished in 6167 ms","meta":{"rootId":"cgrqvddl3p97fda","id":"cgrqvddl3p97fda"},"id":"2398jswdp9kmbfj","previousOperationId":"u9g0sd1gnid7fh3"}
{"type":"operationEnd","subtype":"render","operationId":"am3psrg2837bvpn","timestamp":1765136290537,"id":"456m09ods2wz63e","previousEventId":"jrn26oguoqld3vn","previousOperationId":"u9g0sd1gnid7fh3"}
{"type":"operationEnd","doDiffs":false,"previousEventId":"sxqsieipqti1ksx","previousOperationId":"w1qgxnqweybx6ti","operationId":"w1qgxnqweybx6ti","timestamp":1765136290540,"id":"c7406mwjz75rogu"}
