{"type":"operationStart","subtype":"profile","data":{"_id":"eZg7QDOQBKcEmSf8","timestamp":"2025-12-28T19:02:20.542Z","state":"running","mode":"standard","creationDate":"2025-12-28T19:02:20.547Z","modificationDate":"2025-12-28T19:02:20.547Z","shortid":"AymUwfQ","$entitySet":"profiles","timeout":60000},"doDiffs":false,"timestamp":1766948540545,"id":"ne376555if2jqtd","previousOperationId":null,"operationId":"w81hne3i4e8yra1"}
{"type":"log","level":"info","message":"Render request 1 queued for execution and waiting for available worker","previousOperationId":"w81hne3i4e8yra1","timestamp":1766948540545,"id":"7giezpk4iqaczq5"}
{"type":"operationStart","subtype":"render","name":"anonymous","previousOperationId":"w81hne3i4e8yra1","timestamp":1766948540604,"id":"96wpvr2yfhffz1u","previousEventId":"ne376555if2jqtd","operationId":"zhxkt25zfu25ukf"}
{"type":"log","timestamp":1766948540606,"level":"info","message":"Starting rendering request 1","meta":{"rootId":"clt2su9jghtjimo","id":"clt2su9jghtjimo"},"id":"0pw189kingcic4g","previousOperationId":"zhxkt25zfu25ukf"}
{"type":"log","timestamp":1766948540610,"level":"info","message":"Rendering anonymous template { recipe: pptx, engine: handlebars }","meta":{"rootId":"clt2su9jghtjimo","id":"clt2su9jghtjimo"},"id":"hospi1k9cuotr9v","previousOperationId":"zhxkt25zfu25ukf"}
{"type":"log","timestamp":1766948540611,"level":"debug","message":"Inline data specified.","meta":{"rootId":"clt2su9jghtjimo","id":"clt2su9jghtjimo"},"id":"e3c2bnitfuov2t8","previousOperationId":"zhxkt25zfu25ukf"}
{"type":"log","timestamp":1766948540618,"level":"debug","message":"Base url not specified, skipping its injection.","meta":{"rootId":"clt2su9jghtjimo","id":"clt2su9jghtjimo"},"id":"f3yq0lsupe6b8mi","previousOperationId":"zhxkt25zfu25ukf"}
{"type":"operationStart","subtype":"engine","name":"handlebars","timestamp":1766948540623,"id":"1txr4orx8bazrjd","previousEventId":"96wpvr2yfhffz1u","operationId":"cq8kadhe9e41b3c","previousOperationId":"zhxkt25zfu25ukf"}
{"type":"log","timestamp":1766948540623,"level":"debug","message":"Rendering engine handlebars","meta":{"rootId":"clt2su9jghtjimo","id":"clt2su9jghtjimo"},"id":"zoiovlinruwf3a6","previousOperationId":"cq8kadhe9e41b3c"}
{"type":"operationEnd","operationId":"cq8kadhe9e41b3c","timestamp":1766948541416,"id":"jrdd7agpw2j8pcf","previousEventId":"1txr4orx8bazrjd","previousOperationId":"cq8kadhe9e41b3c"}
{"type":"operationStart","subtype":"recipe","name":"pptx","timestamp":1766948541416,"id":"bvr1uwb02c48fgw","previousEventId":"jrdd7agpw2j8pcf","operationId":"97f674fh0wey0we","previousOperationId":"cq8kadhe9e41b3c"}
{"type":"log","timestamp":1766948541417,"level":"debug","message":"Executing recipe pptx","meta":{"rootId":"clt2su9jghtjimo","id":"clt2su9jghtjimo"},"id":"5046kgddtph83tf","previousOperationId":"97f674fh0wey0we"}
{"type":"log","timestamp":1766948541582,"level":"info","message":"pptx generation is starting","meta":{"rootId":"clt2su9jghtjimo","id":"clt2su9jghtjimo"},"id":"jkvil30swbd0gxa","previousOperationId":"97f674fh0wey0we"}
{"type":"log","timestamp":1766948542784,"level":"debug","message":"Starting child request to render pptx dynamic parts","meta":{"rootId":"clt2su9jghtjimo","id":"clt2su9jghtjimo"},"id":"5wo76zw97g4ieye","previousOperationId":"97f674fh0wey0we"}
{"type":"operationStart","subtype":"render","name":"anonymous","previousOperationId":"97f674fh0wey0we","timestamp":1766948542784,"id":"nyanuk43lapcism","previousEventId":"bvr1uwb02c48fgw","operationId":"740onlyqv1dz9bo"}
{"type":"log","timestamp":1766948542784,"level":"info","message":"Starting rendering (child) request","meta":{"rootId":"clt2su9jghtjimo","id":"cc00gb4y39xtn51"},"id":"2zgf9tuqa3oh1t4","previousOperationId":"740onlyqv1dz9bo"}
{"type":"log","timestamp":1766948542785,"level":"info","message":"Rendering anonymous template { recipe: html, engine: handlebars }","meta":{"rootId":"clt2su9jghtjimo","id":"cc00gb4y39xtn51"},"id":"wrw4c9ibqniy7ev","previousOperationId":"740onlyqv1dz9bo"}
{"type":"log","timestamp":1766948542785,"level":"debug","message":"Inline data specified.","meta":{"rootId":"clt2su9jghtjimo","id":"cc00gb4y39xtn51"},"id":"4j0vh6te3pwu8di","previousOperationId":"740onlyqv1dz9bo"}
{"type":"log","timestamp":1766948542789,"level":"debug","message":"Base url not specified, skipping its injection.","meta":{"rootId":"clt2su9jghtjimo","id":"cc00gb4y39xtn51"},"id":"h77tyqxfe8vkple","previousOperationId":"740onlyqv1dz9bo"}
{"type":"operationStart","subtype":"engine","name":"handlebars","timestamp":1766948542791,"id":"0vomibk10v7mosh","previousEventId":"nyanuk43lapcism","operationId":"0np68k0i3f2xfqt","previousOperationId":"740onlyqv1dz9bo"}
{"type":"log","timestamp":1766948542791,"level":"debug","message":"Rendering engine handlebars","meta":{"rootId":"clt2su9jghtjimo","id":"cc00gb4y39xtn51"},"id":"ngqd0pw4xpdb0sj","previousOperationId":"0np68k0i3f2xfqt"}
{"type":"log","timestamp":1766948542920,"level":"debug","message":"(console:log) {\n  type: 'echarts@v5a',\n  width: 848,\n  height: 409,\n  option: { radar: [ [Object] ], series: [ [Object] ] }\n}","meta":{"userLevel":true,"rootId":"clt2su9jghtjimo","id":"cc00gb4y39xtn51"},"id":"1dayjmhfhjkq4uu","previousOperationId":"0np68k0i3f2xfqt"}
{"type":"operationEnd","operationId":"0np68k0i3f2xfqt","timestamp":1766948542929,"id":"2q3iwsniiupaqrt","previousEventId":"0vomibk10v7mosh","previousOperationId":"0np68k0i3f2xfqt"}
{"type":"operationStart","subtype":"recipe","name":"html","timestamp":1766948542940,"id":"hooxd3tra0a5k5i","previousEventId":"2q3iwsniiupaqrt","operationId":"l0dt0diu4ha9j64","previousOperationId":"0np68k0i3f2xfqt"}
{"type":"log","timestamp":1766948542940,"level":"debug","message":"Executing recipe html","meta":{"rootId":"clt2su9jghtjimo","id":"cc00gb4y39xtn51"},"id":"o6h8nl3tjsqjvxn","previousOperationId":"l0dt0diu4ha9j64"}
{"type":"operationEnd","operationId":"l0dt0diu4ha9j64","timestamp":1766948542941,"id":"dg8rvrl7x5p6b0n","previousEventId":"hooxd3tra0a5k5i","previousOperationId":"l0dt0diu4ha9j64"}
{"type":"log","timestamp":1766948542941,"level":"debug","message":"Skipping storing report.","meta":{"rootId":"clt2su9jghtjimo","id":"cc00gb4y39xtn51"},"id":"oe36wk9g9jh48dq","previousOperationId":"l0dt0diu4ha9j64"}
{"type":"log","timestamp":1766948542941,"level":"info","message":"Rendering (child) request finished in 2401 ms","meta":{"rootId":"clt2su9jghtjimo","id":"cc00gb4y39xtn51"},"id":"4w0p4hlb5u2ucz0","previousOperationId":"l0dt0diu4ha9j64"}
{"type":"operationEnd","subtype":"render","operationId":"740onlyqv1dz9bo","timestamp":1766948542942,"id":"nl0iy7jdpllou63","previousEventId":"dg8rvrl7x5p6b0n","previousOperationId":"l0dt0diu4ha9j64"}
{"type":"log","timestamp":1766948549192,"level":"debug","message":"pptx successfully zipped","meta":{"rootId":"clt2su9jghtjimo","id":"clt2su9jghtjimo"},"id":"j1509s0r52387xo","previousOperationId":"97f674fh0wey0we"}
{"type":"log","timestamp":1766948549192,"level":"info","message":"pptx generation was finished","meta":{"rootId":"clt2su9jghtjimo","id":"clt2su9jghtjimo"},"id":"qs7qalrh86l4ltw","previousOperationId":"97f674fh0wey0we"}
{"type":"operationEnd","operationId":"97f674fh0wey0we","timestamp":1766948549204,"id":"vz2sk9tj00o2bsx","previousEventId":"bvr1uwb02c48fgw","previousOperationId":"97f674fh0wey0we"}
{"type":"log","timestamp":1766948549205,"level":"debug","message":"Skipping storing report.","meta":{"rootId":"clt2su9jghtjimo","id":"clt2su9jghtjimo"},"id":"64tjtqqd1y0geou","previousOperationId":"97f674fh0wey0we"}
{"type":"log","timestamp":1766948549205,"level":"info","message":"Rendering request 1 finished in 8665 ms","meta":{"rootId":"clt2su9jghtjimo","id":"clt2su9jghtjimo"},"id":"hpp1oei413r3wrt","previousOperationId":"97f674fh0wey0we"}
{"type":"operationEnd","subtype":"render","operationId":"zhxkt25zfu25ukf","timestamp":1766948549205,"id":"mazyng86wlfvzl9","previousEventId":"vz2sk9tj00o2bsx","previousOperationId":"97f674fh0wey0we"}
{"type":"operationEnd","doDiffs":false,"previousEventId":"ne376555if2jqtd","previousOperationId":"w81hne3i4e8yra1","operationId":"w81hne3i4e8yra1","timestamp":1766948549210,"id":"hp8w22ipwilicok"}
