{"type":"operationStart","subtype":"profile","data":{"_id":"yIYnNF9SRYEOwe9q","timestamp":"2025-12-26T12:52:54.279Z","state":"running","mode":"standard","creationDate":"2025-12-26T12:52:54.284Z","modificationDate":"2025-12-26T12:52:54.284Z","shortid":"PVKd6aA","$entitySet":"profiles","timeout":60000},"doDiffs":false,"timestamp":1766753574282,"id":"ik8egu9vflcrac7","previousOperationId":null,"operationId":"9z0m1nbdrb21biw"}
{"type":"log","level":"info","message":"Render request 5 queued for execution and waiting for available worker","previousOperationId":"9z0m1nbdrb21biw","timestamp":1766753574282,"id":"d8o5zd94h0xkpg5"}
{"type":"operationStart","subtype":"render","name":"anonymous","previousOperationId":"9z0m1nbdrb21biw","timestamp":1766753574343,"id":"jqv7z4nw3g71j1g","previousEventId":"ik8egu9vflcrac7","operationId":"8hc7hmzjfpx3yyj"}
{"type":"log","timestamp":1766753574344,"level":"info","message":"Starting rendering request 5","meta":{"rootId":"cm29m1av0vsz97u","id":"cm29m1av0vsz97u"},"id":"7pyefenjpbwccfh","previousOperationId":"8hc7hmzjfpx3yyj"}
{"type":"log","timestamp":1766753574344,"level":"info","message":"Rendering anonymous template { recipe: pptx, engine: handlebars }","meta":{"rootId":"cm29m1av0vsz97u","id":"cm29m1av0vsz97u"},"id":"tgddbh237skjnj6","previousOperationId":"8hc7hmzjfpx3yyj"}
{"type":"log","timestamp":1766753574344,"level":"debug","message":"Inline data specified.","meta":{"rootId":"cm29m1av0vsz97u","id":"cm29m1av0vsz97u"},"id":"87rhl5odzkgbch4","previousOperationId":"8hc7hmzjfpx3yyj"}
{"type":"log","timestamp":1766753574348,"level":"debug","message":"Base url not specified, skipping its injection.","meta":{"rootId":"cm29m1av0vsz97u","id":"cm29m1av0vsz97u"},"id":"bcqr3xmmsjzkruv","previousOperationId":"8hc7hmzjfpx3yyj"}
{"type":"operationStart","subtype":"engine","name":"handlebars","timestamp":1766753574349,"id":"wg5f52x737ynric","previousEventId":"jqv7z4nw3g71j1g","operationId":"00uu88ptgla1spk","previousOperationId":"8hc7hmzjfpx3yyj"}
{"type":"log","timestamp":1766753574349,"level":"debug","message":"Rendering engine handlebars","meta":{"rootId":"cm29m1av0vsz97u","id":"cm29m1av0vsz97u"},"id":"jhy12xsypz34q0i","previousOperationId":"00uu88ptgla1spk"}
{"type":"operationEnd","operationId":"00uu88ptgla1spk","timestamp":1766753574373,"id":"wl7pfkbl7de3102","previousEventId":"wg5f52x737ynric","previousOperationId":"00uu88ptgla1spk"}
{"type":"operationStart","subtype":"recipe","name":"pptx","timestamp":1766753574374,"id":"dtydto0hw09332f","previousEventId":"wl7pfkbl7de3102","operationId":"gcv0jrli6tus61n","previousOperationId":"00uu88ptgla1spk"}
{"type":"log","timestamp":1766753574374,"level":"debug","message":"Executing recipe pptx","meta":{"rootId":"cm29m1av0vsz97u","id":"cm29m1av0vsz97u"},"id":"5cbka8417l1t9du","previousOperationId":"gcv0jrli6tus61n"}
{"type":"log","timestamp":1766753574394,"level":"info","message":"pptx generation is starting","meta":{"rootId":"cm29m1av0vsz97u","id":"cm29m1av0vsz97u"},"id":"myo7aj4mk7hvdiy","previousOperationId":"gcv0jrli6tus61n"}
{"type":"log","timestamp":1766753576105,"level":"debug","message":"Starting child request to render pptx dynamic parts","meta":{"rootId":"cm29m1av0vsz97u","id":"cm29m1av0vsz97u"},"id":"u2t7bdy65mstq91","previousOperationId":"gcv0jrli6tus61n"}
{"type":"operationStart","subtype":"render","name":"anonymous","previousOperationId":"gcv0jrli6tus61n","timestamp":1766753576106,"id":"ji7obnzfymln0uq","previousEventId":"dtydto0hw09332f","operationId":"75yqq4n5dtdpjr3"}
{"type":"log","timestamp":1766753576106,"level":"info","message":"Starting rendering (child) request","meta":{"rootId":"cm29m1av0vsz97u","id":"6qzhvioww2c3zyo"},"id":"km80jh228kjey1h","previousOperationId":"75yqq4n5dtdpjr3"}
{"type":"log","timestamp":1766753576106,"level":"info","message":"Rendering anonymous template { recipe: html, engine: handlebars }","meta":{"rootId":"cm29m1av0vsz97u","id":"6qzhvioww2c3zyo"},"id":"e9gthr6hlt1twbg","previousOperationId":"75yqq4n5dtdpjr3"}
{"type":"log","timestamp":1766753576106,"level":"debug","message":"Inline data specified.","meta":{"rootId":"cm29m1av0vsz97u","id":"6qzhvioww2c3zyo"},"id":"8obi7xjghp4rf1i","previousOperationId":"75yqq4n5dtdpjr3"}
{"type":"log","timestamp":1766753576117,"level":"debug","message":"Base url not specified, skipping its injection.","meta":{"rootId":"cm29m1av0vsz97u","id":"6qzhvioww2c3zyo"},"id":"8edfva28biyhbpb","previousOperationId":"75yqq4n5dtdpjr3"}
{"type":"operationStart","subtype":"engine","name":"handlebars","timestamp":1766753576119,"id":"kwck77a29bjfe99","previousEventId":"ji7obnzfymln0uq","operationId":"bw3h86uu14f359m","previousOperationId":"75yqq4n5dtdpjr3"}
{"type":"log","timestamp":1766753576119,"level":"debug","message":"Rendering engine handlebars","meta":{"rootId":"cm29m1av0vsz97u","id":"6qzhvioww2c3zyo"},"id":"nz0goaox99zg8bd","previousOperationId":"bw3h86uu14f359m"}
{"type":"operationEnd","operationId":"bw3h86uu14f359m","timestamp":1766753576270,"id":"kqplvqgdgwokw86","previousEventId":"kwck77a29bjfe99","previousOperationId":"bw3h86uu14f359m"}
{"type":"operationStart","subtype":"recipe","name":"html","timestamp":1766753576279,"id":"le8a1dfzb0njw76","previousEventId":"kqplvqgdgwokw86","operationId":"iz42uygtvdgdick","previousOperationId":"bw3h86uu14f359m"}
{"type":"log","timestamp":1766753576279,"level":"debug","message":"Executing recipe html","meta":{"rootId":"cm29m1av0vsz97u","id":"6qzhvioww2c3zyo"},"id":"e4obl2i6cwk7541","previousOperationId":"iz42uygtvdgdick"}
{"type":"operationEnd","operationId":"iz42uygtvdgdick","timestamp":1766753576279,"id":"rl98j7tz6tfnqhf","previousEventId":"le8a1dfzb0njw76","previousOperationId":"iz42uygtvdgdick"}
{"type":"log","timestamp":1766753576279,"level":"debug","message":"Skipping storing report.","meta":{"rootId":"cm29m1av0vsz97u","id":"6qzhvioww2c3zyo"},"id":"pyxe67czlfwtwte","previousOperationId":"iz42uygtvdgdick"}
{"type":"log","timestamp":1766753576279,"level":"info","message":"Rendering (child) request finished in 2001 ms","meta":{"rootId":"cm29m1av0vsz97u","id":"6qzhvioww2c3zyo"},"id":"bjm9rv9fbbwc0s9","previousOperationId":"iz42uygtvdgdick"}
{"type":"operationEnd","subtype":"render","operationId":"75yqq4n5dtdpjr3","timestamp":1766753576279,"id":"kx831r1229mrna7","previousEventId":"rl98j7tz6tfnqhf","previousOperationId":"iz42uygtvdgdick"}
{"type":"log","timestamp":1766753580609,"level":"debug","message":"pptx successfully zipped","meta":{"rootId":"cm29m1av0vsz97u","id":"cm29m1av0vsz97u"},"id":"u5agncunyd8tj9n","previousOperationId":"gcv0jrli6tus61n"}
{"type":"log","timestamp":1766753580609,"level":"info","message":"pptx generation was finished","meta":{"rootId":"cm29m1av0vsz97u","id":"cm29m1av0vsz97u"},"id":"h6pdooywlqdqh2f","previousOperationId":"gcv0jrli6tus61n"}
{"type":"operationEnd","operationId":"gcv0jrli6tus61n","timestamp":1766753580619,"id":"7qpu3zmhr1al4tm","previousEventId":"dtydto0hw09332f","previousOperationId":"gcv0jrli6tus61n"}
{"type":"log","timestamp":1766753580619,"level":"debug","message":"Skipping storing report.","meta":{"rootId":"cm29m1av0vsz97u","id":"cm29m1av0vsz97u"},"id":"eijsbka9us09qzd","previousOperationId":"gcv0jrli6tus61n"}
{"type":"log","timestamp":1766753580619,"level":"info","message":"Rendering request 5 finished in 6341 ms","meta":{"rootId":"cm29m1av0vsz97u","id":"cm29m1av0vsz97u"},"id":"9v24sdlp88pz62a","previousOperationId":"gcv0jrli6tus61n"}
{"type":"operationEnd","subtype":"render","operationId":"8hc7hmzjfpx3yyj","timestamp":1766753580619,"id":"pkws4d2ymdw9lfx","previousEventId":"7qpu3zmhr1al4tm","previousOperationId":"gcv0jrli6tus61n"}
{"type":"operationEnd","doDiffs":false,"previousEventId":"ik8egu9vflcrac7","previousOperationId":"9z0m1nbdrb21biw","operationId":"9z0m1nbdrb21biw","timestamp":1766753580625,"id":"xodvbxjxiu8blw2"}
