{"type":"operationStart","subtype":"profile","data":{"_id":"zfzN8CxeDooLJqWg","timestamp":"2025-12-28T15:27:18.675Z","state":"running","mode":"standard","creationDate":"2025-12-28T15:27:18.683Z","modificationDate":"2025-12-28T15:27:18.683Z","shortid":"BO3E6r7","$entitySet":"profiles","timeout":60000},"doDiffs":false,"timestamp":1766935638679,"id":"a6fgfvq2tfugcxa","previousOperationId":null,"operationId":"3zlxrxr0q9anjgf"}
{"type":"log","level":"info","message":"Render request 2 queued for execution and waiting for available worker","previousOperationId":"3zlxrxr0q9anjgf","timestamp":1766935638679,"id":"i3mk5id02go85h8"}
{"type":"operationStart","subtype":"render","name":"anonymous","previousOperationId":"3zlxrxr0q9anjgf","timestamp":1766935638762,"id":"qgrubtpkr7yk6t1","previousEventId":"a6fgfvq2tfugcxa","operationId":"sxwazzeokev624q"}
{"type":"log","timestamp":1766935638764,"level":"info","message":"Starting rendering request 2","meta":{"rootId":"cm8zfjn63evbll4","id":"cm8zfjn63evbll4"},"id":"p28pcofa2xw5whm","previousOperationId":"sxwazzeokev624q"}
{"type":"log","timestamp":1766935638766,"level":"info","message":"Rendering anonymous template { recipe: pptx, engine: handlebars }","meta":{"rootId":"cm8zfjn63evbll4","id":"cm8zfjn63evbll4"},"id":"fagq33j9zssn01z","previousOperationId":"sxwazzeokev624q"}
{"type":"log","timestamp":1766935638767,"level":"debug","message":"Inline data specified.","meta":{"rootId":"cm8zfjn63evbll4","id":"cm8zfjn63evbll4"},"id":"2wp6qt268izhece","previousOperationId":"sxwazzeokev624q"}
{"type":"log","timestamp":1766935638777,"level":"debug","message":"Base url not specified, skipping its injection.","meta":{"rootId":"cm8zfjn63evbll4","id":"cm8zfjn63evbll4"},"id":"luxonbdqdd1n9eo","previousOperationId":"sxwazzeokev624q"}
{"type":"operationStart","subtype":"engine","name":"handlebars","timestamp":1766935638781,"id":"4l276lf6oj4jkyl","previousEventId":"qgrubtpkr7yk6t1","operationId":"y6ylqu6ashmwdym","previousOperationId":"sxwazzeokev624q"}
{"type":"log","timestamp":1766935638781,"level":"debug","message":"Rendering engine handlebars","meta":{"rootId":"cm8zfjn63evbll4","id":"cm8zfjn63evbll4"},"id":"nopne3cut25jy9m","previousOperationId":"y6ylqu6ashmwdym"}
{"type":"operationEnd","operationId":"y6ylqu6ashmwdym","timestamp":1766935640074,"id":"26qpgvlwc0wxujc","previousEventId":"4l276lf6oj4jkyl","previousOperationId":"y6ylqu6ashmwdym"}
{"type":"operationStart","subtype":"recipe","name":"pptx","timestamp":1766935640075,"id":"erdamhqox6obq91","previousEventId":"26qpgvlwc0wxujc","operationId":"i04968zkqjbg89z","previousOperationId":"y6ylqu6ashmwdym"}
{"type":"log","timestamp":1766935640076,"level":"debug","message":"Executing recipe pptx","meta":{"rootId":"cm8zfjn63evbll4","id":"cm8zfjn63evbll4"},"id":"yqpb462nllbagxd","previousOperationId":"i04968zkqjbg89z"}
{"type":"log","timestamp":1766935640352,"level":"info","message":"pptx generation is starting","meta":{"rootId":"cm8zfjn63evbll4","id":"cm8zfjn63evbll4"},"id":"4fpr9zsm3nssqwg","previousOperationId":"i04968zkqjbg89z"}
{"type":"log","timestamp":1766935642166,"level":"debug","message":"Starting child request to render pptx dynamic parts","meta":{"rootId":"cm8zfjn63evbll4","id":"cm8zfjn63evbll4"},"id":"pm0en3ktkveyiof","previousOperationId":"i04968zkqjbg89z"}
{"type":"operationStart","subtype":"render","name":"anonymous","previousOperationId":"i04968zkqjbg89z","timestamp":1766935642167,"id":"e3hx2jaunrptj1n","previousEventId":"erdamhqox6obq91","operationId":"kjwzvmltvqiw8ou"}
{"type":"log","timestamp":1766935642167,"level":"info","message":"Starting rendering (child) request","meta":{"rootId":"cm8zfjn63evbll4","id":"3hudz5sjjla4v8o"},"id":"kqf0zzidesl4tro","previousOperationId":"kjwzvmltvqiw8ou"}
{"type":"log","timestamp":1766935642167,"level":"info","message":"Rendering anonymous template { recipe: html, engine: handlebars }","meta":{"rootId":"cm8zfjn63evbll4","id":"3hudz5sjjla4v8o"},"id":"an3d6e922km9zzd","previousOperationId":"kjwzvmltvqiw8ou"}
{"type":"log","timestamp":1766935642168,"level":"debug","message":"Inline data specified.","meta":{"rootId":"cm8zfjn63evbll4","id":"3hudz5sjjla4v8o"},"id":"7r2tuogp70j715m","previousOperationId":"kjwzvmltvqiw8ou"}
{"type":"log","timestamp":1766935642174,"level":"debug","message":"Base url not specified, skipping its injection.","meta":{"rootId":"cm8zfjn63evbll4","id":"3hudz5sjjla4v8o"},"id":"21awpkry9qc5ygt","previousOperationId":"kjwzvmltvqiw8ou"}
{"type":"operationStart","subtype":"engine","name":"handlebars","timestamp":1766935642176,"id":"ll968igpslk328c","previousEventId":"e3hx2jaunrptj1n","operationId":"2pr83iwyy3q0bia","previousOperationId":"kjwzvmltvqiw8ou"}
{"type":"log","timestamp":1766935642177,"level":"debug","message":"Rendering engine handlebars","meta":{"rootId":"cm8zfjn63evbll4","id":"3hudz5sjjla4v8o"},"id":"9qhnot90946gk9z","previousOperationId":"2pr83iwyy3q0bia"}
{"type":"log","timestamp":1766935642384,"level":"debug","message":"(console:log) {\n  type: 'echarts@v5a',\n  width: 848,\n  height: 409,\n  option: { radar: [ [Object] ], series: [ [Object] ] }\n}","meta":{"userLevel":true,"rootId":"cm8zfjn63evbll4","id":"3hudz5sjjla4v8o"},"id":"6cqxi2t9jebhy9f","previousOperationId":"2pr83iwyy3q0bia"}
{"type":"operationEnd","operationId":"2pr83iwyy3q0bia","timestamp":1766935642396,"id":"392vdz8sm0e5zdh","previousEventId":"ll968igpslk328c","previousOperationId":"2pr83iwyy3q0bia"}
{"type":"operationStart","subtype":"recipe","name":"html","timestamp":1766935642411,"id":"7k3bwug6nz8bfjn","previousEventId":"392vdz8sm0e5zdh","operationId":"otmmt7s25vmhv6f","previousOperationId":"2pr83iwyy3q0bia"}
{"type":"log","timestamp":1766935642411,"level":"debug","message":"Executing recipe html","meta":{"rootId":"cm8zfjn63evbll4","id":"3hudz5sjjla4v8o"},"id":"l0pcvz57kiexw9l","previousOperationId":"otmmt7s25vmhv6f"}
{"type":"operationEnd","operationId":"otmmt7s25vmhv6f","timestamp":1766935642411,"id":"7gy8d15f31hggac","previousEventId":"7k3bwug6nz8bfjn","previousOperationId":"otmmt7s25vmhv6f"}
{"type":"log","timestamp":1766935642412,"level":"debug","message":"Skipping storing report.","meta":{"rootId":"cm8zfjn63evbll4","id":"3hudz5sjjla4v8o"},"id":"5830uoz5of9olw8","previousOperationId":"otmmt7s25vmhv6f"}
{"type":"log","timestamp":1766935642412,"level":"info","message":"Rendering (child) request finished in 3739 ms","meta":{"rootId":"cm8zfjn63evbll4","id":"3hudz5sjjla4v8o"},"id":"v044ivxw8j5jb7o","previousOperationId":"otmmt7s25vmhv6f"}
{"type":"operationEnd","subtype":"render","operationId":"kjwzvmltvqiw8ou","timestamp":1766935642413,"id":"8l7s44ou9p4bkxj","previousEventId":"7gy8d15f31hggac","previousOperationId":"otmmt7s25vmhv6f"}
{"type":"log","timestamp":1766935650023,"level":"debug","message":"pptx successfully zipped","meta":{"rootId":"cm8zfjn63evbll4","id":"cm8zfjn63evbll4"},"id":"mblqq21psbwrgl1","previousOperationId":"i04968zkqjbg89z"}
{"type":"log","timestamp":1766935650023,"level":"info","message":"pptx generation was finished","meta":{"rootId":"cm8zfjn63evbll4","id":"cm8zfjn63evbll4"},"id":"bcxsdaq219niwpz","previousOperationId":"i04968zkqjbg89z"}
{"type":"operationEnd","operationId":"i04968zkqjbg89z","timestamp":1766935650039,"id":"reqbeldvpr2nkgo","previousEventId":"erdamhqox6obq91","previousOperationId":"i04968zkqjbg89z"}
{"type":"log","timestamp":1766935650039,"level":"debug","message":"Skipping storing report.","meta":{"rootId":"cm8zfjn63evbll4","id":"cm8zfjn63evbll4"},"id":"yxcn7akgxjjbxtt","previousOperationId":"i04968zkqjbg89z"}
{"type":"log","timestamp":1766935650040,"level":"info","message":"Rendering request 2 finished in 11367 ms","meta":{"rootId":"cm8zfjn63evbll4","id":"cm8zfjn63evbll4"},"id":"kdytesza6za9byq","previousOperationId":"i04968zkqjbg89z"}
{"type":"operationEnd","subtype":"render","operationId":"sxwazzeokev624q","timestamp":1766935650040,"id":"f4l4tc37y8xl521","previousEventId":"reqbeldvpr2nkgo","previousOperationId":"i04968zkqjbg89z"}
{"type":"operationEnd","doDiffs":false,"previousEventId":"a6fgfvq2tfugcxa","previousOperationId":"3zlxrxr0q9anjgf","operationId":"3zlxrxr0q9anjgf","timestamp":1766935650047,"id":"hebyn6ety5ks971"}
