{"type":"operationStart","subtype":"profile","data":{"_id":"LHrixMI80xNV8Ww2","timestamp":"2025-12-18T13:40:29.940Z","state":"running","mode":"standard","creationDate":"2025-12-18T13:40:29.949Z","modificationDate":"2025-12-18T13:40:29.949Z","shortid":"QY9BaSi","$entitySet":"profiles","timeout":60000},"doDiffs":false,"timestamp":1766065229947,"id":"01tgzv3kwfeb352","previousOperationId":null,"operationId":"zxwurzymn4yjlm1"}
{"type":"log","level":"info","message":"Render request 2 queued for execution and waiting for available worker","previousOperationId":"zxwurzymn4yjlm1","timestamp":1766065229947,"id":"vrxt3lk3a1w1ul5"}
{"type":"operationStart","subtype":"render","name":"anonymous","previousOperationId":"zxwurzymn4yjlm1","timestamp":1766065229990,"id":"t4pztvd6lwi3142","previousEventId":"01tgzv3kwfeb352","operationId":"mphmcvqv7al77wb"}
{"type":"log","timestamp":1766065229991,"level":"info","message":"Starting rendering request 2","meta":{"rootId":"cmhp30qciboku3f","id":"cmhp30qciboku3f"},"id":"jdlzbkc05ai05ct","previousOperationId":"mphmcvqv7al77wb"}
{"type":"log","timestamp":1766065229992,"level":"info","message":"Rendering anonymous template { recipe: pptx, engine: handlebars }","meta":{"rootId":"cmhp30qciboku3f","id":"cmhp30qciboku3f"},"id":"h9c5fwtelao1kor","previousOperationId":"mphmcvqv7al77wb"}
{"type":"log","timestamp":1766065229992,"level":"debug","message":"Inline data specified.","meta":{"rootId":"cmhp30qciboku3f","id":"cmhp30qciboku3f"},"id":"eeihdsnahzsz1nk","previousOperationId":"mphmcvqv7al77wb"}
{"type":"log","timestamp":1766065229997,"level":"debug","message":"Base url not specified, skipping its injection.","meta":{"rootId":"cmhp30qciboku3f","id":"cmhp30qciboku3f"},"id":"7mlx589baff5r3b","previousOperationId":"mphmcvqv7al77wb"}
{"type":"operationStart","subtype":"engine","name":"handlebars","timestamp":1766065229998,"id":"wl4j5wyt9hy475a","previousEventId":"t4pztvd6lwi3142","operationId":"an7mq9w8rasm7id","previousOperationId":"mphmcvqv7al77wb"}
{"type":"log","timestamp":1766065229998,"level":"debug","message":"Rendering engine handlebars","meta":{"rootId":"cmhp30qciboku3f","id":"cmhp30qciboku3f"},"id":"0ct3hu2052yxvi4","previousOperationId":"an7mq9w8rasm7id"}
{"type":"operationEnd","operationId":"an7mq9w8rasm7id","timestamp":1766065230813,"id":"1c31qgzp3amfajy","previousEventId":"wl4j5wyt9hy475a","previousOperationId":"an7mq9w8rasm7id"}
{"type":"operationStart","subtype":"recipe","name":"pptx","timestamp":1766065230815,"id":"11qo6jjwk4o5quz","previousEventId":"1c31qgzp3amfajy","operationId":"7bg3wzh09aopa41","previousOperationId":"an7mq9w8rasm7id"}
{"type":"log","timestamp":1766065230815,"level":"debug","message":"Executing recipe pptx","meta":{"rootId":"cmhp30qciboku3f","id":"cmhp30qciboku3f"},"id":"oujzpao7lnkslwc","previousOperationId":"7bg3wzh09aopa41"}
{"type":"log","timestamp":1766065231027,"level":"info","message":"pptx generation is starting","meta":{"rootId":"cmhp30qciboku3f","id":"cmhp30qciboku3f"},"id":"w9ps7dptvc47g16","previousOperationId":"7bg3wzh09aopa41"}
{"type":"log","timestamp":1766065232192,"level":"debug","message":"Starting child request to render pptx dynamic parts","meta":{"rootId":"cmhp30qciboku3f","id":"cmhp30qciboku3f"},"id":"ws7ri89czl51577","previousOperationId":"7bg3wzh09aopa41"}
{"type":"operationStart","subtype":"render","name":"anonymous","previousOperationId":"7bg3wzh09aopa41","timestamp":1766065232192,"id":"xuj5pfssanliqvr","previousEventId":"11qo6jjwk4o5quz","operationId":"lf0fmujef797ldz"}
{"type":"log","timestamp":1766065232193,"level":"info","message":"Starting rendering (child) request","meta":{"rootId":"cmhp30qciboku3f","id":"5lcue0e6926ifom"},"id":"tgtslwmrkce82m0","previousOperationId":"lf0fmujef797ldz"}
{"type":"log","timestamp":1766065232193,"level":"info","message":"Rendering anonymous template { recipe: html, engine: handlebars }","meta":{"rootId":"cmhp30qciboku3f","id":"5lcue0e6926ifom"},"id":"db5iq3jcjk77f75","previousOperationId":"lf0fmujef797ldz"}
{"type":"log","timestamp":1766065232193,"level":"debug","message":"Inline data specified.","meta":{"rootId":"cmhp30qciboku3f","id":"5lcue0e6926ifom"},"id":"zspvnqheqb49tz6","previousOperationId":"lf0fmujef797ldz"}
{"type":"log","timestamp":1766065232198,"level":"debug","message":"Base url not specified, skipping its injection.","meta":{"rootId":"cmhp30qciboku3f","id":"5lcue0e6926ifom"},"id":"du405yrdjzr5cb7","previousOperationId":"lf0fmujef797ldz"}
{"type":"operationStart","subtype":"engine","name":"handlebars","timestamp":1766065232200,"id":"yox9rpfljlptctj","previousEventId":"xuj5pfssanliqvr","operationId":"6fuy0hk082ayfsf","previousOperationId":"lf0fmujef797ldz"}
{"type":"log","timestamp":1766065232200,"level":"debug","message":"Rendering engine handlebars","meta":{"rootId":"cmhp30qciboku3f","id":"5lcue0e6926ifom"},"id":"n30fbh4syk5uorl","previousOperationId":"6fuy0hk082ayfsf"}
{"type":"operationEnd","operationId":"6fuy0hk082ayfsf","timestamp":1766065232323,"id":"7qevnxi00jchu0v","previousEventId":"yox9rpfljlptctj","previousOperationId":"6fuy0hk082ayfsf"}
{"type":"operationStart","subtype":"recipe","name":"html","timestamp":1766065232333,"id":"qgyib079phrkdiu","previousEventId":"7qevnxi00jchu0v","operationId":"4egy27ykdb5tlg4","previousOperationId":"6fuy0hk082ayfsf"}
{"type":"log","timestamp":1766065232333,"level":"debug","message":"Executing recipe html","meta":{"rootId":"cmhp30qciboku3f","id":"5lcue0e6926ifom"},"id":"26kjp5gki3ocxqk","previousOperationId":"4egy27ykdb5tlg4"}
{"type":"operationEnd","operationId":"4egy27ykdb5tlg4","timestamp":1766065232333,"id":"zop0hrceoyy9r2e","previousEventId":"qgyib079phrkdiu","previousOperationId":"4egy27ykdb5tlg4"}
{"type":"log","timestamp":1766065232334,"level":"debug","message":"Skipping storing report.","meta":{"rootId":"cmhp30qciboku3f","id":"5lcue0e6926ifom"},"id":"sg0nme6s6a1tm5d","previousOperationId":"4egy27ykdb5tlg4"}
{"type":"log","timestamp":1766065232335,"level":"info","message":"Rendering (child) request finished in 2398 ms","meta":{"rootId":"cmhp30qciboku3f","id":"5lcue0e6926ifom"},"id":"o0clyi7tahnd3zr","previousOperationId":"4egy27ykdb5tlg4"}
{"type":"operationEnd","subtype":"render","operationId":"lf0fmujef797ldz","timestamp":1766065232335,"id":"ij2bjqs58bmfscq","previousEventId":"zop0hrceoyy9r2e","previousOperationId":"4egy27ykdb5tlg4"}
{"type":"log","timestamp":1766065241921,"level":"debug","message":"pptx successfully zipped","meta":{"rootId":"cmhp30qciboku3f","id":"cmhp30qciboku3f"},"id":"7tduuk1bwfyl153","previousOperationId":"7bg3wzh09aopa41"}
{"type":"log","timestamp":1766065241921,"level":"info","message":"pptx generation was finished","meta":{"rootId":"cmhp30qciboku3f","id":"cmhp30qciboku3f"},"id":"2h8oduoynysz1yo","previousOperationId":"7bg3wzh09aopa41"}
{"type":"operationEnd","operationId":"7bg3wzh09aopa41","timestamp":1766065241934,"id":"enfxawjegeyl93y","previousEventId":"11qo6jjwk4o5quz","previousOperationId":"7bg3wzh09aopa41"}
{"type":"log","timestamp":1766065241934,"level":"debug","message":"Skipping storing report.","meta":{"rootId":"cmhp30qciboku3f","id":"cmhp30qciboku3f"},"id":"34srpsx5abab99g","previousOperationId":"7bg3wzh09aopa41"}
{"type":"log","timestamp":1766065241934,"level":"info","message":"Rendering request 2 finished in 11997 ms","meta":{"rootId":"cmhp30qciboku3f","id":"cmhp30qciboku3f"},"id":"66dunic3301d2b9","previousOperationId":"7bg3wzh09aopa41"}
{"type":"operationEnd","subtype":"render","operationId":"mphmcvqv7al77wb","timestamp":1766065241934,"id":"a1b5swkyjg8rvvq","previousEventId":"enfxawjegeyl93y","previousOperationId":"7bg3wzh09aopa41"}
{"type":"operationEnd","doDiffs":false,"previousEventId":"01tgzv3kwfeb352","previousOperationId":"zxwurzymn4yjlm1","operationId":"zxwurzymn4yjlm1","timestamp":1766065241940,"id":"nrx7a3ebkj6ua6z"}
