{"type":"operationStart","subtype":"profile","data":{"_id":"Ri1yBLSsW0JwDzct","timestamp":"2025-12-26T11:57:32.635Z","state":"running","mode":"standard","creationDate":"2025-12-26T11:57:32.639Z","modificationDate":"2025-12-26T11:57:32.639Z","shortid":"2KeZrbo","$entitySet":"profiles","timeout":60000},"doDiffs":false,"timestamp":1766750252638,"id":"m8u6sjrgm3ma68w","previousOperationId":null,"operationId":"f0umwptyjbvaxm1"}
{"type":"log","level":"info","message":"Render request 5 queued for execution and waiting for available worker","previousOperationId":"f0umwptyjbvaxm1","timestamp":1766750252638,"id":"hgqxd45c5t22akq"}
{"type":"operationStart","subtype":"render","name":"anonymous","previousOperationId":"f0umwptyjbvaxm1","timestamp":1766750252688,"id":"jc4irs9mlds50y4","previousEventId":"m8u6sjrgm3ma68w","operationId":"l86ldh3byneb86z"}
{"type":"log","timestamp":1766750252688,"level":"info","message":"Starting rendering request 5","meta":{"rootId":"cmquz3n9ngbwhvc","id":"cmquz3n9ngbwhvc"},"id":"zx1jzrjxhgeef88","previousOperationId":"l86ldh3byneb86z"}
{"type":"log","timestamp":1766750252688,"level":"info","message":"Rendering anonymous template { recipe: pptx, engine: handlebars }","meta":{"rootId":"cmquz3n9ngbwhvc","id":"cmquz3n9ngbwhvc"},"id":"dn56tdinjebo0an","previousOperationId":"l86ldh3byneb86z"}
{"type":"log","timestamp":1766750252688,"level":"debug","message":"Inline data specified.","meta":{"rootId":"cmquz3n9ngbwhvc","id":"cmquz3n9ngbwhvc"},"id":"cu1ry5jvb8qmtc3","previousOperationId":"l86ldh3byneb86z"}
{"type":"log","timestamp":1766750252691,"level":"debug","message":"Base url not specified, skipping its injection.","meta":{"rootId":"cmquz3n9ngbwhvc","id":"cmquz3n9ngbwhvc"},"id":"0o7plu8ttlvcq5l","previousOperationId":"l86ldh3byneb86z"}
{"type":"operationStart","subtype":"engine","name":"handlebars","timestamp":1766750252692,"id":"dwescryhls7vhky","previousEventId":"jc4irs9mlds50y4","operationId":"13kxlnigwvdlzqf","previousOperationId":"l86ldh3byneb86z"}
{"type":"log","timestamp":1766750252692,"level":"debug","message":"Rendering engine handlebars","meta":{"rootId":"cmquz3n9ngbwhvc","id":"cmquz3n9ngbwhvc"},"id":"gs75g5c16qc1btp","previousOperationId":"13kxlnigwvdlzqf"}
{"type":"operationEnd","operationId":"13kxlnigwvdlzqf","timestamp":1766750252711,"id":"flksof4gaq1vsju","previousEventId":"dwescryhls7vhky","previousOperationId":"13kxlnigwvdlzqf"}
{"type":"operationStart","subtype":"recipe","name":"pptx","timestamp":1766750252713,"id":"w9gi8ljwhpkl4py","previousEventId":"flksof4gaq1vsju","operationId":"5jn4zlzoko2psph","previousOperationId":"13kxlnigwvdlzqf"}
{"type":"log","timestamp":1766750252713,"level":"debug","message":"Executing recipe pptx","meta":{"rootId":"cmquz3n9ngbwhvc","id":"cmquz3n9ngbwhvc"},"id":"stlhwdgjcbzxmpy","previousOperationId":"5jn4zlzoko2psph"}
{"type":"log","timestamp":1766750252740,"level":"info","message":"pptx generation is starting","meta":{"rootId":"cmquz3n9ngbwhvc","id":"cmquz3n9ngbwhvc"},"id":"k0fjvd6cg43mpv5","previousOperationId":"5jn4zlzoko2psph"}
{"type":"log","timestamp":1766750254456,"level":"debug","message":"Starting child request to render pptx dynamic parts","meta":{"rootId":"cmquz3n9ngbwhvc","id":"cmquz3n9ngbwhvc"},"id":"c0c1bxhf4btdom1","previousOperationId":"5jn4zlzoko2psph"}
{"type":"operationStart","subtype":"render","name":"anonymous","previousOperationId":"5jn4zlzoko2psph","timestamp":1766750254457,"id":"550n9pglsogkywu","previousEventId":"w9gi8ljwhpkl4py","operationId":"jvxx61lcelxmpq3"}
{"type":"log","timestamp":1766750254457,"level":"info","message":"Starting rendering (child) request","meta":{"rootId":"cmquz3n9ngbwhvc","id":"ifpognhxl97gsz3"},"id":"gukp3azgw7442cu","previousOperationId":"jvxx61lcelxmpq3"}
{"type":"log","timestamp":1766750254457,"level":"info","message":"Rendering anonymous template { recipe: html, engine: handlebars }","meta":{"rootId":"cmquz3n9ngbwhvc","id":"ifpognhxl97gsz3"},"id":"8pz5lhpe8iip1n2","previousOperationId":"jvxx61lcelxmpq3"}
{"type":"log","timestamp":1766750254457,"level":"debug","message":"Inline data specified.","meta":{"rootId":"cmquz3n9ngbwhvc","id":"ifpognhxl97gsz3"},"id":"frl5s9cmvfenuwg","previousOperationId":"jvxx61lcelxmpq3"}
{"type":"log","timestamp":1766750254463,"level":"debug","message":"Base url not specified, skipping its injection.","meta":{"rootId":"cmquz3n9ngbwhvc","id":"ifpognhxl97gsz3"},"id":"fs6nml7nludzcm6","previousOperationId":"jvxx61lcelxmpq3"}
{"type":"operationStart","subtype":"engine","name":"handlebars","timestamp":1766750254465,"id":"b9h4z7aakkg3nys","previousEventId":"550n9pglsogkywu","operationId":"ahzcp4avtwi92v8","previousOperationId":"jvxx61lcelxmpq3"}
{"type":"log","timestamp":1766750254465,"level":"debug","message":"Rendering engine handlebars","meta":{"rootId":"cmquz3n9ngbwhvc","id":"ifpognhxl97gsz3"},"id":"e7ccmdern72yfpk","previousOperationId":"ahzcp4avtwi92v8"}
{"type":"operationEnd","operationId":"ahzcp4avtwi92v8","timestamp":1766750254633,"id":"smkqgkpb8tzdyyg","previousEventId":"b9h4z7aakkg3nys","previousOperationId":"ahzcp4avtwi92v8"}
{"type":"operationStart","subtype":"recipe","name":"html","timestamp":1766750254647,"id":"ud6tq8bptw4eh60","previousEventId":"smkqgkpb8tzdyyg","operationId":"kp4mztksaxcy56r","previousOperationId":"ahzcp4avtwi92v8"}
{"type":"log","timestamp":1766750254647,"level":"debug","message":"Executing recipe html","meta":{"rootId":"cmquz3n9ngbwhvc","id":"ifpognhxl97gsz3"},"id":"ie4qsm42xxycjcv","previousOperationId":"kp4mztksaxcy56r"}
{"type":"operationEnd","operationId":"kp4mztksaxcy56r","timestamp":1766750254648,"id":"va6wx7ksrcxt1yg","previousEventId":"ud6tq8bptw4eh60","previousOperationId":"kp4mztksaxcy56r"}
{"type":"log","timestamp":1766750254648,"level":"debug","message":"Skipping storing report.","meta":{"rootId":"cmquz3n9ngbwhvc","id":"ifpognhxl97gsz3"},"id":"9ju83i26vubhx5c","previousOperationId":"kp4mztksaxcy56r"}
{"type":"log","timestamp":1766750254648,"level":"info","message":"Rendering (child) request finished in 2014 ms","meta":{"rootId":"cmquz3n9ngbwhvc","id":"ifpognhxl97gsz3"},"id":"xhg3smzjcpsca3t","previousOperationId":"kp4mztksaxcy56r"}
{"type":"operationEnd","subtype":"render","operationId":"jvxx61lcelxmpq3","timestamp":1766750254648,"id":"2c6aj74nqg4sex1","previousEventId":"va6wx7ksrcxt1yg","previousOperationId":"kp4mztksaxcy56r"}
{"type":"log","timestamp":1766750260334,"level":"debug","message":"pptx successfully zipped","meta":{"rootId":"cmquz3n9ngbwhvc","id":"cmquz3n9ngbwhvc"},"id":"af8j0dbf54cxi20","previousOperationId":"5jn4zlzoko2psph"}
{"type":"log","timestamp":1766750260334,"level":"info","message":"pptx generation was finished","meta":{"rootId":"cmquz3n9ngbwhvc","id":"cmquz3n9ngbwhvc"},"id":"7b4hoagdax825bs","previousOperationId":"5jn4zlzoko2psph"}
{"type":"operationEnd","operationId":"5jn4zlzoko2psph","timestamp":1766750260346,"id":"rngfxtdk5svucwe","previousEventId":"w9gi8ljwhpkl4py","previousOperationId":"5jn4zlzoko2psph"}
{"type":"log","timestamp":1766750260346,"level":"debug","message":"Skipping storing report.","meta":{"rootId":"cmquz3n9ngbwhvc","id":"cmquz3n9ngbwhvc"},"id":"egtqkbc24m2k0n9","previousOperationId":"5jn4zlzoko2psph"}
{"type":"log","timestamp":1766750260346,"level":"info","message":"Rendering request 5 finished in 7712 ms","meta":{"rootId":"cmquz3n9ngbwhvc","id":"cmquz3n9ngbwhvc"},"id":"zkmjcocwt9dklv2","previousOperationId":"5jn4zlzoko2psph"}
{"type":"operationEnd","subtype":"render","operationId":"l86ldh3byneb86z","timestamp":1766750260347,"id":"mt2hrui7cd6ovzs","previousEventId":"rngfxtdk5svucwe","previousOperationId":"5jn4zlzoko2psph"}
{"type":"operationEnd","doDiffs":false,"previousEventId":"m8u6sjrgm3ma68w","previousOperationId":"f0umwptyjbvaxm1","operationId":"f0umwptyjbvaxm1","timestamp":1766750260354,"id":"2hapf1a16o7cjzh"}
