{"type":"operationStart","subtype":"profile","data":{"_id":"U0UL0D2OaItqOuCw","timestamp":"2025-12-26T20:38:09.424Z","state":"running","mode":"standard","creationDate":"2025-12-26T20:38:09.430Z","modificationDate":"2025-12-26T20:38:09.430Z","shortid":"agBG0iA","$entitySet":"profiles","timeout":60000},"doDiffs":false,"timestamp":1766781489427,"id":"7ouq9o329sfztto","previousOperationId":null,"operationId":"m43ca2ebxpzyu48"}
{"type":"log","level":"info","message":"Render request 3 queued for execution and waiting for available worker","previousOperationId":"m43ca2ebxpzyu48","timestamp":1766781489427,"id":"pozob0m6ig21l6i"}
{"type":"operationStart","subtype":"render","name":"anonymous","previousOperationId":"m43ca2ebxpzyu48","timestamp":1766781489499,"id":"a24713dovu9eqe4","previousEventId":"7ouq9o329sfztto","operationId":"2les9b9ec0br6r5"}
{"type":"log","timestamp":1766781489499,"level":"info","message":"Starting rendering request 3","meta":{"rootId":"cn4r0mps2k4sd8j","id":"cn4r0mps2k4sd8j"},"id":"dlqgwpau2pr7342","previousOperationId":"2les9b9ec0br6r5"}
{"type":"log","timestamp":1766781489500,"level":"info","message":"Rendering anonymous template { recipe: pptx, engine: handlebars }","meta":{"rootId":"cn4r0mps2k4sd8j","id":"cn4r0mps2k4sd8j"},"id":"64t1h5kdvl4pbwz","previousOperationId":"2les9b9ec0br6r5"}
{"type":"log","timestamp":1766781489500,"level":"debug","message":"Inline data specified.","meta":{"rootId":"cn4r0mps2k4sd8j","id":"cn4r0mps2k4sd8j"},"id":"15mb0xyo71w8a1u","previousOperationId":"2les9b9ec0br6r5"}
{"type":"log","timestamp":1766781489509,"level":"debug","message":"Base url not specified, skipping its injection.","meta":{"rootId":"cn4r0mps2k4sd8j","id":"cn4r0mps2k4sd8j"},"id":"73w7dd7i5s4s2oe","previousOperationId":"2les9b9ec0br6r5"}
{"type":"operationStart","subtype":"engine","name":"handlebars","timestamp":1766781489511,"id":"9t372a67r56e0jy","previousEventId":"a24713dovu9eqe4","operationId":"x4szkt5nb5n2q99","previousOperationId":"2les9b9ec0br6r5"}
{"type":"log","timestamp":1766781489511,"level":"debug","message":"Rendering engine handlebars","meta":{"rootId":"cn4r0mps2k4sd8j","id":"cn4r0mps2k4sd8j"},"id":"l155vb7bvu61bs9","previousOperationId":"x4szkt5nb5n2q99"}
{"type":"operationEnd","operationId":"x4szkt5nb5n2q99","timestamp":1766781489542,"id":"ux47qrsidlcg3at","previousEventId":"9t372a67r56e0jy","previousOperationId":"x4szkt5nb5n2q99"}
{"type":"operationStart","subtype":"recipe","name":"pptx","timestamp":1766781489543,"id":"c0ddk2a6xckvdpy","previousEventId":"ux47qrsidlcg3at","operationId":"7a2df2y96brpwyl","previousOperationId":"x4szkt5nb5n2q99"}
{"type":"log","timestamp":1766781489543,"level":"debug","message":"Executing recipe pptx","meta":{"rootId":"cn4r0mps2k4sd8j","id":"cn4r0mps2k4sd8j"},"id":"cvc3rdh3bgmo4vs","previousOperationId":"7a2df2y96brpwyl"}
{"type":"log","timestamp":1766781489565,"level":"info","message":"pptx generation is starting","meta":{"rootId":"cn4r0mps2k4sd8j","id":"cn4r0mps2k4sd8j"},"id":"spvwi5hxgdqok87","previousOperationId":"7a2df2y96brpwyl"}
{"type":"log","timestamp":1766781491183,"level":"debug","message":"Starting child request to render pptx dynamic parts","meta":{"rootId":"cn4r0mps2k4sd8j","id":"cn4r0mps2k4sd8j"},"id":"parmozx70qt6duq","previousOperationId":"7a2df2y96brpwyl"}
{"type":"operationStart","subtype":"render","name":"anonymous","previousOperationId":"7a2df2y96brpwyl","timestamp":1766781491184,"id":"9ls6xmvxkdliaox","previousEventId":"c0ddk2a6xckvdpy","operationId":"l7d8xgnejfxzj5v"}
{"type":"log","timestamp":1766781491184,"level":"info","message":"Starting rendering (child) request","meta":{"rootId":"cn4r0mps2k4sd8j","id":"namdifsfko6wvlf"},"id":"l0mi5pxqijmld6a","previousOperationId":"l7d8xgnejfxzj5v"}
{"type":"log","timestamp":1766781491184,"level":"info","message":"Rendering anonymous template { recipe: html, engine: handlebars }","meta":{"rootId":"cn4r0mps2k4sd8j","id":"namdifsfko6wvlf"},"id":"o9nfcw9vox8yrhi","previousOperationId":"l7d8xgnejfxzj5v"}
{"type":"log","timestamp":1766781491184,"level":"debug","message":"Inline data specified.","meta":{"rootId":"cn4r0mps2k4sd8j","id":"namdifsfko6wvlf"},"id":"od7o57tn1uz3na5","previousOperationId":"l7d8xgnejfxzj5v"}
{"type":"log","timestamp":1766781491190,"level":"debug","message":"Base url not specified, skipping its injection.","meta":{"rootId":"cn4r0mps2k4sd8j","id":"namdifsfko6wvlf"},"id":"3j45z95n1ymn1re","previousOperationId":"l7d8xgnejfxzj5v"}
{"type":"operationStart","subtype":"engine","name":"handlebars","timestamp":1766781491192,"id":"af71yyfkvrliczv","previousEventId":"9ls6xmvxkdliaox","operationId":"etuz5dosqt7ksaw","previousOperationId":"l7d8xgnejfxzj5v"}
{"type":"log","timestamp":1766781491192,"level":"debug","message":"Rendering engine handlebars","meta":{"rootId":"cn4r0mps2k4sd8j","id":"namdifsfko6wvlf"},"id":"frhboq2ozbpfvz1","previousOperationId":"etuz5dosqt7ksaw"}
{"type":"operationEnd","operationId":"etuz5dosqt7ksaw","timestamp":1766781491353,"id":"n1mp1p6b2yj2tkn","previousEventId":"af71yyfkvrliczv","previousOperationId":"etuz5dosqt7ksaw"}
{"type":"operationStart","subtype":"recipe","name":"html","timestamp":1766781491367,"id":"6cpgp1dp434gsyk","previousEventId":"n1mp1p6b2yj2tkn","operationId":"e3p1b3bpntkkfdp","previousOperationId":"etuz5dosqt7ksaw"}
{"type":"log","timestamp":1766781491367,"level":"debug","message":"Executing recipe html","meta":{"rootId":"cn4r0mps2k4sd8j","id":"namdifsfko6wvlf"},"id":"4k5enz1ae7hmh7j","previousOperationId":"e3p1b3bpntkkfdp"}
{"type":"operationEnd","operationId":"e3p1b3bpntkkfdp","timestamp":1766781491367,"id":"dg9oh8hq6qwmr05","previousEventId":"6cpgp1dp434gsyk","previousOperationId":"e3p1b3bpntkkfdp"}
{"type":"log","timestamp":1766781491367,"level":"debug","message":"Skipping storing report.","meta":{"rootId":"cn4r0mps2k4sd8j","id":"namdifsfko6wvlf"},"id":"rv16jyzwkhk13p0","previousOperationId":"e3p1b3bpntkkfdp"}
{"type":"log","timestamp":1766781491367,"level":"info","message":"Rendering (child) request finished in 1945 ms","meta":{"rootId":"cn4r0mps2k4sd8j","id":"namdifsfko6wvlf"},"id":"e0pucvdenz98zj5","previousOperationId":"e3p1b3bpntkkfdp"}
{"type":"operationEnd","subtype":"render","operationId":"l7d8xgnejfxzj5v","timestamp":1766781491367,"id":"hphk5tcqu9hnfe9","previousEventId":"dg9oh8hq6qwmr05","previousOperationId":"e3p1b3bpntkkfdp"}
{"type":"log","timestamp":1766781497319,"level":"debug","message":"pptx successfully zipped","meta":{"rootId":"cn4r0mps2k4sd8j","id":"cn4r0mps2k4sd8j"},"id":"596xzrcco46fwlk","previousOperationId":"7a2df2y96brpwyl"}
{"type":"log","timestamp":1766781497319,"level":"info","message":"pptx generation was finished","meta":{"rootId":"cn4r0mps2k4sd8j","id":"cn4r0mps2k4sd8j"},"id":"cwpsvtevbye5duh","previousOperationId":"7a2df2y96brpwyl"}
{"type":"operationEnd","operationId":"7a2df2y96brpwyl","timestamp":1766781497330,"id":"vhe7f0ugubqz7qv","previousEventId":"c0ddk2a6xckvdpy","previousOperationId":"7a2df2y96brpwyl"}
{"type":"log","timestamp":1766781497330,"level":"debug","message":"Skipping storing report.","meta":{"rootId":"cn4r0mps2k4sd8j","id":"cn4r0mps2k4sd8j"},"id":"1wxkynhgxu2kzbk","previousOperationId":"7a2df2y96brpwyl"}
{"type":"log","timestamp":1766781497330,"level":"info","message":"Rendering request 3 finished in 7908 ms","meta":{"rootId":"cn4r0mps2k4sd8j","id":"cn4r0mps2k4sd8j"},"id":"ac42pwt1ofxtryj","previousOperationId":"7a2df2y96brpwyl"}
{"type":"operationEnd","subtype":"render","operationId":"2les9b9ec0br6r5","timestamp":1766781497330,"id":"sjzqjgkduih4dcp","previousEventId":"vhe7f0ugubqz7qv","previousOperationId":"7a2df2y96brpwyl"}
{"type":"operationEnd","doDiffs":false,"previousEventId":"7ouq9o329sfztto","previousOperationId":"m43ca2ebxpzyu48","operationId":"m43ca2ebxpzyu48","timestamp":1766781497335,"id":"2rsnl3orcjfjlov"}
