{"type":"operationStart","subtype":"profile","data":{"_id":"h7bzFnHO0Ue2K3Mh","timestamp":"2025-12-31T11:50:30.867Z","state":"running","mode":"standard","creationDate":"2025-12-31T11:50:30.873Z","modificationDate":"2025-12-31T11:50:30.873Z","shortid":"i3XVt2G","$entitySet":"profiles","timeout":60000},"doDiffs":false,"timestamp":1767181830871,"id":"x1jhxa4kl61iqpj","previousOperationId":null,"operationId":"2y7ovvk74vgzz38"}
{"type":"log","level":"info","message":"Render request 45 queued for execution and waiting for available worker","previousOperationId":"2y7ovvk74vgzz38","timestamp":1767181830871,"id":"z47j9v3rd31xmtq"}
{"type":"operationStart","subtype":"render","name":"anonymous","previousOperationId":"2y7ovvk74vgzz38","timestamp":1767181830941,"id":"x93qiibq8tcaxcy","previousEventId":"x1jhxa4kl61iqpj","operationId":"xs229nu32ovxwx9"}
{"type":"log","timestamp":1767181830943,"level":"info","message":"Starting rendering request 45","meta":{"rootId":"cr9xolqptto2zfy","id":"cr9xolqptto2zfy"},"id":"41nwqzfxw54udgm","previousOperationId":"xs229nu32ovxwx9"}
{"type":"log","timestamp":1767181830943,"level":"info","message":"Rendering anonymous template { recipe: pptx, engine: handlebars }","meta":{"rootId":"cr9xolqptto2zfy","id":"cr9xolqptto2zfy"},"id":"6n7p7i4gsr6a9by","previousOperationId":"xs229nu32ovxwx9"}
{"type":"log","timestamp":1767181830943,"level":"debug","message":"Inline data specified.","meta":{"rootId":"cr9xolqptto2zfy","id":"cr9xolqptto2zfy"},"id":"or0l8ig5x32cm39","previousOperationId":"xs229nu32ovxwx9"}
{"type":"log","timestamp":1767181830952,"level":"debug","message":"Base url not specified, skipping its injection.","meta":{"rootId":"cr9xolqptto2zfy","id":"cr9xolqptto2zfy"},"id":"igwq3np8fhgo5ic","previousOperationId":"xs229nu32ovxwx9"}
{"type":"operationStart","subtype":"engine","name":"handlebars","timestamp":1767181830953,"id":"tnymcjqer3ik0uv","previousEventId":"x93qiibq8tcaxcy","operationId":"6gk77uxvdn80zg4","previousOperationId":"xs229nu32ovxwx9"}
{"type":"log","timestamp":1767181830953,"level":"debug","message":"Rendering engine handlebars","meta":{"rootId":"cr9xolqptto2zfy","id":"cr9xolqptto2zfy"},"id":"6lc7sjcyao1dltj","previousOperationId":"6gk77uxvdn80zg4"}
{"type":"operationEnd","operationId":"6gk77uxvdn80zg4","timestamp":1767181830985,"id":"4ew08iaqiwncc68","previousEventId":"tnymcjqer3ik0uv","previousOperationId":"6gk77uxvdn80zg4"}
{"type":"operationStart","subtype":"recipe","name":"pptx","timestamp":1767181830985,"id":"t4rzo6xco40s76r","previousEventId":"4ew08iaqiwncc68","operationId":"9kds22gyohaaeam","previousOperationId":"6gk77uxvdn80zg4"}
{"type":"log","timestamp":1767181830985,"level":"debug","message":"Executing recipe pptx","meta":{"rootId":"cr9xolqptto2zfy","id":"cr9xolqptto2zfy"},"id":"3ixzmyr6goqkgaq","previousOperationId":"9kds22gyohaaeam"}
{"type":"log","timestamp":1767181831007,"level":"info","message":"pptx generation is starting","meta":{"rootId":"cr9xolqptto2zfy","id":"cr9xolqptto2zfy"},"id":"59mci3rpcsf7oss","previousOperationId":"9kds22gyohaaeam"}
{"type":"log","timestamp":1767181833051,"level":"debug","message":"Starting child request to render pptx dynamic parts","meta":{"rootId":"cr9xolqptto2zfy","id":"cr9xolqptto2zfy"},"id":"pupdcrl79reof2e","previousOperationId":"9kds22gyohaaeam"}
{"type":"operationStart","subtype":"render","name":"anonymous","previousOperationId":"9kds22gyohaaeam","timestamp":1767181833051,"id":"rfhe08xnu9u4vi5","previousEventId":"t4rzo6xco40s76r","operationId":"glctag6w73lem6t"}
{"type":"log","timestamp":1767181833051,"level":"info","message":"Starting rendering (child) request","meta":{"rootId":"cr9xolqptto2zfy","id":"p47tfu0sf8s0buo"},"id":"5pd0xui6r1hjy9c","previousOperationId":"glctag6w73lem6t"}
{"type":"log","timestamp":1767181833051,"level":"info","message":"Rendering anonymous template { recipe: html, engine: handlebars }","meta":{"rootId":"cr9xolqptto2zfy","id":"p47tfu0sf8s0buo"},"id":"f1mvz8m20z2d4rt","previousOperationId":"glctag6w73lem6t"}
{"type":"log","timestamp":1767181833051,"level":"debug","message":"Inline data specified.","meta":{"rootId":"cr9xolqptto2zfy","id":"p47tfu0sf8s0buo"},"id":"6dysphesj5shq27","previousOperationId":"glctag6w73lem6t"}
{"type":"log","timestamp":1767181833057,"level":"debug","message":"Base url not specified, skipping its injection.","meta":{"rootId":"cr9xolqptto2zfy","id":"p47tfu0sf8s0buo"},"id":"nx8xoth3d7ekfk4","previousOperationId":"glctag6w73lem6t"}
{"type":"operationStart","subtype":"engine","name":"handlebars","timestamp":1767181833059,"id":"vqemy9kk7qy7ssm","previousEventId":"rfhe08xnu9u4vi5","operationId":"f1nbv81ixnctd0m","previousOperationId":"glctag6w73lem6t"}
{"type":"log","timestamp":1767181833059,"level":"debug","message":"Rendering engine handlebars","meta":{"rootId":"cr9xolqptto2zfy","id":"p47tfu0sf8s0buo"},"id":"cngpuoaowvb0p2q","previousOperationId":"f1nbv81ixnctd0m"}
{"type":"log","timestamp":1767181833295,"level":"debug","message":"(console:log) {\n  type: 'echarts@v5a',\n  width: 848,\n  height: 409,\n  option: { radar: [ [Object] ], series: [ [Object] ] }\n}","meta":{"userLevel":true,"rootId":"cr9xolqptto2zfy","id":"p47tfu0sf8s0buo"},"id":"muysa83f1s4qrgt","previousOperationId":"f1nbv81ixnctd0m"}
{"type":"operationEnd","operationId":"f1nbv81ixnctd0m","timestamp":1767181833311,"id":"9xm7nutf627su43","previousEventId":"vqemy9kk7qy7ssm","previousOperationId":"f1nbv81ixnctd0m"}
{"type":"operationStart","subtype":"recipe","name":"html","timestamp":1767181833331,"id":"o862xqtqh47jrbm","previousEventId":"9xm7nutf627su43","operationId":"4dyw34d059osuet","previousOperationId":"f1nbv81ixnctd0m"}
{"type":"log","timestamp":1767181833331,"level":"debug","message":"Executing recipe html","meta":{"rootId":"cr9xolqptto2zfy","id":"p47tfu0sf8s0buo"},"id":"dfzpnzsffx77o9t","previousOperationId":"4dyw34d059osuet"}
{"type":"operationEnd","operationId":"4dyw34d059osuet","timestamp":1767181833331,"id":"mc29mqvovuspi44","previousEventId":"o862xqtqh47jrbm","previousOperationId":"4dyw34d059osuet"}
{"type":"log","timestamp":1767181833331,"level":"debug","message":"Skipping storing report.","meta":{"rootId":"cr9xolqptto2zfy","id":"p47tfu0sf8s0buo"},"id":"7f8diu6zd431lcp","previousOperationId":"4dyw34d059osuet"}
{"type":"log","timestamp":1767181833331,"level":"info","message":"Rendering (child) request finished in 2465 ms","meta":{"rootId":"cr9xolqptto2zfy","id":"p47tfu0sf8s0buo"},"id":"1ek91fyu6c1qsk6","previousOperationId":"4dyw34d059osuet"}
{"type":"operationEnd","subtype":"render","operationId":"glctag6w73lem6t","timestamp":1767181833331,"id":"czpgxlpqhnobuew","previousEventId":"mc29mqvovuspi44","previousOperationId":"4dyw34d059osuet"}
{"type":"log","timestamp":1767181839676,"level":"debug","message":"pptx successfully zipped","meta":{"rootId":"cr9xolqptto2zfy","id":"cr9xolqptto2zfy"},"id":"x867hlrimvocvpr","previousOperationId":"9kds22gyohaaeam"}
{"type":"log","timestamp":1767181839677,"level":"info","message":"pptx generation was finished","meta":{"rootId":"cr9xolqptto2zfy","id":"cr9xolqptto2zfy"},"id":"0al9efaiot84f0n","previousOperationId":"9kds22gyohaaeam"}
{"type":"operationEnd","operationId":"9kds22gyohaaeam","timestamp":1767181839688,"id":"2km9861jxdx2sn7","previousEventId":"t4rzo6xco40s76r","previousOperationId":"9kds22gyohaaeam"}
{"type":"log","timestamp":1767181839688,"level":"debug","message":"Skipping storing report.","meta":{"rootId":"cr9xolqptto2zfy","id":"cr9xolqptto2zfy"},"id":"5dhr3orbbjshlkn","previousOperationId":"9kds22gyohaaeam"}
{"type":"log","timestamp":1767181839689,"level":"info","message":"Rendering request 45 finished in 8823 ms","meta":{"rootId":"cr9xolqptto2zfy","id":"cr9xolqptto2zfy"},"id":"584hg72snla0nov","previousOperationId":"9kds22gyohaaeam"}
{"type":"operationEnd","subtype":"render","operationId":"xs229nu32ovxwx9","timestamp":1767181839689,"id":"bbwu44qdkbp9qab","previousEventId":"2km9861jxdx2sn7","previousOperationId":"9kds22gyohaaeam"}
{"type":"operationEnd","doDiffs":false,"previousEventId":"x1jhxa4kl61iqpj","previousOperationId":"2y7ovvk74vgzz38","operationId":"2y7ovvk74vgzz38","timestamp":1767181839694,"id":"4gnv15v547kg3jc"}
