{"type":"operationStart","subtype":"profile","data":{"_id":"wZxkJ4J3IM55CdYF","timestamp":"2025-12-08T11:04:00.581Z","state":"running","mode":"standard","creationDate":"2025-12-08T11:04:00.588Z","modificationDate":"2025-12-08T11:04:00.588Z","shortid":"_97V8Yd","$entitySet":"profiles","timeout":60000},"doDiffs":false,"timestamp":1765191840585,"id":"gyboyrho6gvg61y","previousOperationId":null,"operationId":"u6hg2dg2ep23ece"}
{"type":"log","level":"info","message":"Render request 1 queued for execution and waiting for available worker","previousOperationId":"u6hg2dg2ep23ece","timestamp":1765191840585,"id":"092wj5m9v5pwetk"}
{"type":"operationStart","subtype":"render","name":"anonymous","previousOperationId":"u6hg2dg2ep23ece","timestamp":1765191840685,"id":"brucxbd7bgo0352","previousEventId":"gyboyrho6gvg61y","operationId":"0rl2t8h7973u9gb"}
{"type":"log","timestamp":1765191840686,"level":"info","message":"Starting rendering request 1","meta":{"rootId":"ct5gs37hvrz4y5p","id":"ct5gs37hvrz4y5p"},"id":"xkvrvgzvnxjl2s8","previousOperationId":"0rl2t8h7973u9gb"}
{"type":"log","timestamp":1765191840688,"level":"info","message":"Rendering anonymous template { recipe: pptx, engine: handlebars }","meta":{"rootId":"ct5gs37hvrz4y5p","id":"ct5gs37hvrz4y5p"},"id":"7c4yd3e8i9zbows","previousOperationId":"0rl2t8h7973u9gb"}
{"type":"log","timestamp":1765191840688,"level":"debug","message":"Inline data specified.","meta":{"rootId":"ct5gs37hvrz4y5p","id":"ct5gs37hvrz4y5p"},"id":"v4w7wq37ousvku2","previousOperationId":"0rl2t8h7973u9gb"}
{"type":"log","timestamp":1765191840696,"level":"debug","message":"Base url not specified, skipping its injection.","meta":{"rootId":"ct5gs37hvrz4y5p","id":"ct5gs37hvrz4y5p"},"id":"oueeioxvg1m7sz9","previousOperationId":"0rl2t8h7973u9gb"}
{"type":"operationStart","subtype":"engine","name":"handlebars","timestamp":1765191840697,"id":"jnh3kydl17gg1eg","previousEventId":"brucxbd7bgo0352","operationId":"lbpl5cim0amzdyu","previousOperationId":"0rl2t8h7973u9gb"}
{"type":"log","timestamp":1765191840697,"level":"debug","message":"Rendering engine handlebars","meta":{"rootId":"ct5gs37hvrz4y5p","id":"ct5gs37hvrz4y5p"},"id":"adwlq4jybmxu2vu","previousOperationId":"lbpl5cim0amzdyu"}
{"type":"operationEnd","operationId":"lbpl5cim0amzdyu","timestamp":1765191842022,"id":"c9k1wuigswzq7y7","previousEventId":"jnh3kydl17gg1eg","previousOperationId":"lbpl5cim0amzdyu"}
{"type":"operationStart","subtype":"recipe","name":"pptx","timestamp":1765191842023,"id":"ldza5cpm7hn0k6w","previousEventId":"c9k1wuigswzq7y7","operationId":"vccds1iujgvx0hm","previousOperationId":"lbpl5cim0amzdyu"}
{"type":"log","timestamp":1765191842023,"level":"debug","message":"Executing recipe pptx","meta":{"rootId":"ct5gs37hvrz4y5p","id":"ct5gs37hvrz4y5p"},"id":"ythb4ql0z6769bj","previousOperationId":"vccds1iujgvx0hm"}
{"type":"log","timestamp":1765191842213,"level":"info","message":"pptx generation is starting","meta":{"rootId":"ct5gs37hvrz4y5p","id":"ct5gs37hvrz4y5p"},"id":"3ic2xmmuldwgegx","previousOperationId":"vccds1iujgvx0hm"}
{"type":"log","timestamp":1765191843462,"level":"debug","message":"Starting child request to render pptx dynamic parts","meta":{"rootId":"ct5gs37hvrz4y5p","id":"ct5gs37hvrz4y5p"},"id":"8ay65y6flxsy0o7","previousOperationId":"vccds1iujgvx0hm"}
{"type":"operationStart","subtype":"render","name":"anonymous","previousOperationId":"vccds1iujgvx0hm","timestamp":1765191843464,"id":"23wjkbalis22jgk","previousEventId":"ldza5cpm7hn0k6w","operationId":"m6p5ooynl0nplcv"}
{"type":"log","timestamp":1765191843464,"level":"info","message":"Starting rendering (child) request","meta":{"rootId":"ct5gs37hvrz4y5p","id":"849qnww1onjbhdc"},"id":"hgutgz9swrunopb","previousOperationId":"m6p5ooynl0nplcv"}
{"type":"log","timestamp":1765191843464,"level":"info","message":"Rendering anonymous template { recipe: html, engine: handlebars }","meta":{"rootId":"ct5gs37hvrz4y5p","id":"849qnww1onjbhdc"},"id":"98goxk08dr8kbaw","previousOperationId":"m6p5ooynl0nplcv"}
{"type":"log","timestamp":1765191843464,"level":"debug","message":"Inline data specified.","meta":{"rootId":"ct5gs37hvrz4y5p","id":"849qnww1onjbhdc"},"id":"2khmqhrqhnroaed","previousOperationId":"m6p5ooynl0nplcv"}
{"type":"log","timestamp":1765191843470,"level":"debug","message":"Base url not specified, skipping its injection.","meta":{"rootId":"ct5gs37hvrz4y5p","id":"849qnww1onjbhdc"},"id":"zjqj6podsvvyv51","previousOperationId":"m6p5ooynl0nplcv"}
{"type":"operationStart","subtype":"engine","name":"handlebars","timestamp":1765191843474,"id":"i94quokfiuds18t","previousEventId":"23wjkbalis22jgk","operationId":"x7v8ydxc0ztv0oi","previousOperationId":"m6p5ooynl0nplcv"}
{"type":"log","timestamp":1765191843474,"level":"debug","message":"Rendering engine handlebars","meta":{"rootId":"ct5gs37hvrz4y5p","id":"849qnww1onjbhdc"},"id":"8ci6r11kzaobd3y","previousOperationId":"x7v8ydxc0ztv0oi"}
{"type":"operationEnd","operationId":"x7v8ydxc0ztv0oi","timestamp":1765191843626,"id":"ovuziixy3vzzm1z","previousEventId":"i94quokfiuds18t","previousOperationId":"x7v8ydxc0ztv0oi"}
{"type":"operationStart","subtype":"recipe","name":"html","timestamp":1765191843638,"id":"7m2u4jsg5nhjz43","previousEventId":"ovuziixy3vzzm1z","operationId":"bq40lebyk1b6tb9","previousOperationId":"x7v8ydxc0ztv0oi"}
{"type":"log","timestamp":1765191843638,"level":"debug","message":"Executing recipe html","meta":{"rootId":"ct5gs37hvrz4y5p","id":"849qnww1onjbhdc"},"id":"86ho8hacsz66q02","previousOperationId":"bq40lebyk1b6tb9"}
{"type":"operationEnd","operationId":"bq40lebyk1b6tb9","timestamp":1765191843639,"id":"295rge8t2781cd1","previousEventId":"7m2u4jsg5nhjz43","previousOperationId":"bq40lebyk1b6tb9"}
{"type":"log","timestamp":1765191843640,"level":"debug","message":"Skipping storing report.","meta":{"rootId":"ct5gs37hvrz4y5p","id":"849qnww1onjbhdc"},"id":"q3ybtn440ex8oho","previousOperationId":"bq40lebyk1b6tb9"}
{"type":"log","timestamp":1765191843640,"level":"info","message":"Rendering (child) request finished in 3060 ms","meta":{"rootId":"ct5gs37hvrz4y5p","id":"849qnww1onjbhdc"},"id":"35ta5u4v25xfa7g","previousOperationId":"bq40lebyk1b6tb9"}
{"type":"operationEnd","subtype":"render","operationId":"m6p5ooynl0nplcv","timestamp":1765191843640,"id":"0471wb3ruhsnuof","previousEventId":"295rge8t2781cd1","previousOperationId":"bq40lebyk1b6tb9"}
{"type":"log","timestamp":1765191849208,"level":"debug","message":"pptx successfully zipped","meta":{"rootId":"ct5gs37hvrz4y5p","id":"ct5gs37hvrz4y5p"},"id":"d5m5jvi72b4quyc","previousOperationId":"vccds1iujgvx0hm"}
{"type":"log","timestamp":1765191849209,"level":"info","message":"pptx generation was finished","meta":{"rootId":"ct5gs37hvrz4y5p","id":"ct5gs37hvrz4y5p"},"id":"hlb84nhygku7zty","previousOperationId":"vccds1iujgvx0hm"}
{"type":"operationEnd","operationId":"vccds1iujgvx0hm","timestamp":1765191849222,"id":"xv8jd6r4gehqfrp","previousEventId":"ldza5cpm7hn0k6w","previousOperationId":"vccds1iujgvx0hm"}
{"type":"log","timestamp":1765191849222,"level":"debug","message":"Skipping storing report.","meta":{"rootId":"ct5gs37hvrz4y5p","id":"ct5gs37hvrz4y5p"},"id":"c2rf4kbqmt9670p","previousOperationId":"vccds1iujgvx0hm"}
{"type":"log","timestamp":1765191849222,"level":"info","message":"Rendering request 1 finished in 8642 ms","meta":{"rootId":"ct5gs37hvrz4y5p","id":"ct5gs37hvrz4y5p"},"id":"5ew5cg34lja8l3v","previousOperationId":"vccds1iujgvx0hm"}
{"type":"operationEnd","subtype":"render","operationId":"0rl2t8h7973u9gb","timestamp":1765191849222,"id":"3ozr4wohl74e3kd","previousEventId":"xv8jd6r4gehqfrp","previousOperationId":"vccds1iujgvx0hm"}
{"type":"operationEnd","doDiffs":false,"previousEventId":"gyboyrho6gvg61y","previousOperationId":"u6hg2dg2ep23ece","operationId":"u6hg2dg2ep23ece","timestamp":1765191849227,"id":"0o92nzh82db8ozo"}
