{"type":"operationStart","subtype":"profile","data":{"_id":"ayw0PcZeMKPYGrDX","timestamp":"2025-12-07T19:57:18.722Z","state":"running","mode":"standard","creationDate":"2025-12-07T19:57:18.727Z","modificationDate":"2025-12-07T19:57:18.727Z","shortid":"U7sQZIv","$entitySet":"profiles","timeout":60000},"doDiffs":false,"timestamp":1765137438725,"id":"q8d733jdtgl1m0p","previousOperationId":null,"operationId":"rtie5vq3z8md60u"}
{"type":"log","level":"info","message":"Render request 30 queued for execution and waiting for available worker","previousOperationId":"rtie5vq3z8md60u","timestamp":1765137438726,"id":"90ov4cwrbg1jjkq"}
{"type":"operationStart","subtype":"render","name":"anonymous","previousOperationId":"rtie5vq3z8md60u","timestamp":1765137438762,"id":"8b49yi5cw2122o1","previousEventId":"q8d733jdtgl1m0p","operationId":"esuuqkkn89nr02j"}
{"type":"log","timestamp":1765137438763,"level":"info","message":"Starting rendering request 30","meta":{"rootId":"cvozah13x3zu40j","id":"cvozah13x3zu40j"},"id":"3mhl5e4djzpozr5","previousOperationId":"esuuqkkn89nr02j"}
{"type":"log","timestamp":1765137438763,"level":"info","message":"Rendering anonymous template { recipe: pptx, engine: handlebars }","meta":{"rootId":"cvozah13x3zu40j","id":"cvozah13x3zu40j"},"id":"951mr22ce9d03ew","previousOperationId":"esuuqkkn89nr02j"}
{"type":"log","timestamp":1765137438763,"level":"debug","message":"Inline data specified.","meta":{"rootId":"cvozah13x3zu40j","id":"cvozah13x3zu40j"},"id":"298rgt60orzl6u7","previousOperationId":"esuuqkkn89nr02j"}
{"type":"log","timestamp":1765137438765,"level":"debug","message":"Base url not specified, skipping its injection.","meta":{"rootId":"cvozah13x3zu40j","id":"cvozah13x3zu40j"},"id":"f48dvqdnizksbfw","previousOperationId":"esuuqkkn89nr02j"}
{"type":"operationStart","subtype":"engine","name":"handlebars","timestamp":1765137438765,"id":"sdlglbv34371myw","previousEventId":"8b49yi5cw2122o1","operationId":"21um00y013q46cq","previousOperationId":"esuuqkkn89nr02j"}
{"type":"log","timestamp":1765137438765,"level":"debug","message":"Rendering engine handlebars","meta":{"rootId":"cvozah13x3zu40j","id":"cvozah13x3zu40j"},"id":"mznip9gw7i41jf8","previousOperationId":"21um00y013q46cq"}
{"type":"operationEnd","operationId":"21um00y013q46cq","timestamp":1765137438775,"id":"83ma7czr6h9skak","previousEventId":"sdlglbv34371myw","previousOperationId":"21um00y013q46cq"}
{"type":"operationStart","subtype":"recipe","name":"pptx","timestamp":1765137438775,"id":"f1evvkkruu4ujcu","previousEventId":"83ma7czr6h9skak","operationId":"qn6xcnix043jbq6","previousOperationId":"21um00y013q46cq"}
{"type":"log","timestamp":1765137438776,"level":"debug","message":"Executing recipe pptx","meta":{"rootId":"cvozah13x3zu40j","id":"cvozah13x3zu40j"},"id":"vknt2s0vvydczis","previousOperationId":"qn6xcnix043jbq6"}
{"type":"log","timestamp":1765137438791,"level":"info","message":"pptx generation is starting","meta":{"rootId":"cvozah13x3zu40j","id":"cvozah13x3zu40j"},"id":"pst6n30ljv44km3","previousOperationId":"qn6xcnix043jbq6"}
{"type":"log","timestamp":1765137439906,"level":"debug","message":"Starting child request to render pptx dynamic parts","meta":{"rootId":"cvozah13x3zu40j","id":"cvozah13x3zu40j"},"id":"vjccivule0btsy6","previousOperationId":"qn6xcnix043jbq6"}
{"type":"operationStart","subtype":"render","name":"anonymous","previousOperationId":"qn6xcnix043jbq6","timestamp":1765137439906,"id":"o7r34clu5j0ey1z","previousEventId":"f1evvkkruu4ujcu","operationId":"nkhns9e4g3309pg"}
{"type":"log","timestamp":1765137439906,"level":"info","message":"Starting rendering (child) request","meta":{"rootId":"cvozah13x3zu40j","id":"54y8gn4y31xpk0g"},"id":"rlbwnuhzk1dlgqf","previousOperationId":"nkhns9e4g3309pg"}
{"type":"log","timestamp":1765137439906,"level":"info","message":"Rendering anonymous template { recipe: html, engine: handlebars }","meta":{"rootId":"cvozah13x3zu40j","id":"54y8gn4y31xpk0g"},"id":"ikbcrfankrp5kz9","previousOperationId":"nkhns9e4g3309pg"}
{"type":"log","timestamp":1765137439906,"level":"debug","message":"Inline data specified.","meta":{"rootId":"cvozah13x3zu40j","id":"54y8gn4y31xpk0g"},"id":"vrlhjpcz7pw3tzn","previousOperationId":"nkhns9e4g3309pg"}
{"type":"log","timestamp":1765137439913,"level":"debug","message":"Base url not specified, skipping its injection.","meta":{"rootId":"cvozah13x3zu40j","id":"54y8gn4y31xpk0g"},"id":"12lwo9x3tjk2xyw","previousOperationId":"nkhns9e4g3309pg"}
{"type":"operationStart","subtype":"engine","name":"handlebars","timestamp":1765137439914,"id":"na43g57tbqg4uz4","previousEventId":"o7r34clu5j0ey1z","operationId":"3yja3057qpwj6fw","previousOperationId":"nkhns9e4g3309pg"}
{"type":"log","timestamp":1765137439914,"level":"debug","message":"Rendering engine handlebars","meta":{"rootId":"cvozah13x3zu40j","id":"54y8gn4y31xpk0g"},"id":"3vata6g4bezu4yg","previousOperationId":"3yja3057qpwj6fw"}
{"type":"operationEnd","operationId":"3yja3057qpwj6fw","timestamp":1765137440010,"id":"giyxl4un0u4nayu","previousEventId":"na43g57tbqg4uz4","previousOperationId":"3yja3057qpwj6fw"}
{"type":"operationStart","subtype":"recipe","name":"html","timestamp":1765137440016,"id":"nuyn66eu37sjzii","previousEventId":"giyxl4un0u4nayu","operationId":"z3wz699hz1tge05","previousOperationId":"3yja3057qpwj6fw"}
{"type":"log","timestamp":1765137440016,"level":"debug","message":"Executing recipe html","meta":{"rootId":"cvozah13x3zu40j","id":"54y8gn4y31xpk0g"},"id":"wbahwimxkp1edhj","previousOperationId":"z3wz699hz1tge05"}
{"type":"operationEnd","operationId":"z3wz699hz1tge05","timestamp":1765137440016,"id":"ori5zcfgxedzani","previousEventId":"nuyn66eu37sjzii","previousOperationId":"z3wz699hz1tge05"}
{"type":"log","timestamp":1765137440016,"level":"debug","message":"Skipping storing report.","meta":{"rootId":"cvozah13x3zu40j","id":"54y8gn4y31xpk0g"},"id":"9n14donz2v77rys","previousOperationId":"z3wz699hz1tge05"}
{"type":"log","timestamp":1765137440016,"level":"info","message":"Rendering (child) request finished in 1294 ms","meta":{"rootId":"cvozah13x3zu40j","id":"54y8gn4y31xpk0g"},"id":"z2whqvty6g2wuwe","previousOperationId":"z3wz699hz1tge05"}
{"type":"operationEnd","subtype":"render","operationId":"nkhns9e4g3309pg","timestamp":1765137440016,"id":"4nvjjzn6b9yc11x","previousEventId":"ori5zcfgxedzani","previousOperationId":"z3wz699hz1tge05"}
{"type":"log","timestamp":1765137444196,"level":"debug","message":"pptx successfully zipped","meta":{"rootId":"cvozah13x3zu40j","id":"cvozah13x3zu40j"},"id":"knjzfzu635b1dkm","previousOperationId":"qn6xcnix043jbq6"}
{"type":"log","timestamp":1765137444196,"level":"info","message":"pptx generation was finished","meta":{"rootId":"cvozah13x3zu40j","id":"cvozah13x3zu40j"},"id":"8a5ns1zmbx47lat","previousOperationId":"qn6xcnix043jbq6"}
{"type":"operationEnd","operationId":"qn6xcnix043jbq6","timestamp":1765137444204,"id":"0ajfz9mp2uqlrgr","previousEventId":"f1evvkkruu4ujcu","previousOperationId":"qn6xcnix043jbq6"}
{"type":"log","timestamp":1765137444204,"level":"debug","message":"Skipping storing report.","meta":{"rootId":"cvozah13x3zu40j","id":"cvozah13x3zu40j"},"id":"k2j1467r5hq82li","previousOperationId":"qn6xcnix043jbq6"}
{"type":"log","timestamp":1765137444204,"level":"info","message":"Rendering request 30 finished in 5482 ms","meta":{"rootId":"cvozah13x3zu40j","id":"cvozah13x3zu40j"},"id":"ssxx4wzt4vbpefv","previousOperationId":"qn6xcnix043jbq6"}
{"type":"operationEnd","subtype":"render","operationId":"esuuqkkn89nr02j","timestamp":1765137444204,"id":"mav588zxalh9wpu","previousEventId":"0ajfz9mp2uqlrgr","previousOperationId":"qn6xcnix043jbq6"}
{"type":"operationEnd","doDiffs":false,"previousEventId":"q8d733jdtgl1m0p","previousOperationId":"rtie5vq3z8md60u","operationId":"rtie5vq3z8md60u","timestamp":1765137444206,"id":"w2po2kxoz1bcy1t"}
