{"type":"operationStart","subtype":"profile","data":{"_id":"N1h5kZNSxoK4a1Rt","timestamp":"2025-12-27T17:07:55.325Z","state":"running","mode":"standard","creationDate":"2025-12-27T17:07:55.337Z","modificationDate":"2025-12-27T17:07:55.337Z","shortid":"id18hY8","$entitySet":"profiles","timeout":60000},"doDiffs":false,"timestamp":1766855275332,"id":"itfnlltq56tb3ua","previousOperationId":null,"operationId":"76uz2msrh14q62c"}
{"type":"log","level":"info","message":"Render request 1 queued for execution and waiting for available worker","previousOperationId":"76uz2msrh14q62c","timestamp":1766855275333,"id":"qdx8nxu41658u3s"}
{"type":"operationStart","subtype":"render","name":"anonymous","previousOperationId":"76uz2msrh14q62c","timestamp":1766855275437,"id":"6o0fbemmnqaxgdj","previousEventId":"itfnlltq56tb3ua","operationId":"35pixmcuk79eqky"}
{"type":"log","timestamp":1766855275439,"level":"info","message":"Starting rendering request 1","meta":{"rootId":"cy4w6r6h00y8b11","id":"cy4w6r6h00y8b11"},"id":"olvb1tn833fv4u3","previousOperationId":"35pixmcuk79eqky"}
{"type":"log","timestamp":1766855275441,"level":"info","message":"Rendering anonymous template { recipe: pptx, engine: handlebars }","meta":{"rootId":"cy4w6r6h00y8b11","id":"cy4w6r6h00y8b11"},"id":"jxutnmcpssbaj2j","previousOperationId":"35pixmcuk79eqky"}
{"type":"log","timestamp":1766855275441,"level":"debug","message":"Inline data specified.","meta":{"rootId":"cy4w6r6h00y8b11","id":"cy4w6r6h00y8b11"},"id":"ijaqwt7nz9t788i","previousOperationId":"35pixmcuk79eqky"}
{"type":"log","timestamp":1766855275448,"level":"debug","message":"Base url not specified, skipping its injection.","meta":{"rootId":"cy4w6r6h00y8b11","id":"cy4w6r6h00y8b11"},"id":"f0nc7kepjs3go75","previousOperationId":"35pixmcuk79eqky"}
{"type":"operationStart","subtype":"engine","name":"handlebars","timestamp":1766855275451,"id":"pds4vgay2oqom0o","previousEventId":"6o0fbemmnqaxgdj","operationId":"52u8b9kca3n0v6j","previousOperationId":"35pixmcuk79eqky"}
{"type":"log","timestamp":1766855275451,"level":"debug","message":"Rendering engine handlebars","meta":{"rootId":"cy4w6r6h00y8b11","id":"cy4w6r6h00y8b11"},"id":"0ky50jukslcvmsh","previousOperationId":"52u8b9kca3n0v6j"}
{"type":"operationEnd","operationId":"52u8b9kca3n0v6j","timestamp":1766855276713,"id":"wav35d2jl7wl8xm","previousEventId":"pds4vgay2oqom0o","previousOperationId":"52u8b9kca3n0v6j"}
{"type":"operationStart","subtype":"recipe","name":"pptx","timestamp":1766855276715,"id":"hx2vt0yt3eyfd5r","previousEventId":"wav35d2jl7wl8xm","operationId":"097o8cv0f22z1bt","previousOperationId":"52u8b9kca3n0v6j"}
{"type":"log","timestamp":1766855276715,"level":"debug","message":"Executing recipe pptx","meta":{"rootId":"cy4w6r6h00y8b11","id":"cy4w6r6h00y8b11"},"id":"a7lmkcly0oc1nie","previousOperationId":"097o8cv0f22z1bt"}
{"type":"log","timestamp":1766855277003,"level":"info","message":"pptx generation is starting","meta":{"rootId":"cy4w6r6h00y8b11","id":"cy4w6r6h00y8b11"},"id":"mqp5tamr0bc95so","previousOperationId":"097o8cv0f22z1bt"}
{"type":"log","timestamp":1766855278909,"level":"debug","message":"Starting child request to render pptx dynamic parts","meta":{"rootId":"cy4w6r6h00y8b11","id":"cy4w6r6h00y8b11"},"id":"9fcj5l019gjy8ra","previousOperationId":"097o8cv0f22z1bt"}
{"type":"operationStart","subtype":"render","name":"anonymous","previousOperationId":"097o8cv0f22z1bt","timestamp":1766855278910,"id":"judlmmiug2w8afn","previousEventId":"hx2vt0yt3eyfd5r","operationId":"10r5jmj0slmtcya"}
{"type":"log","timestamp":1766855278910,"level":"info","message":"Starting rendering (child) request","meta":{"rootId":"cy4w6r6h00y8b11","id":"zfb3gpe3gv2prn6"},"id":"01n2pdgi0p66may","previousOperationId":"10r5jmj0slmtcya"}
{"type":"log","timestamp":1766855278911,"level":"info","message":"Rendering anonymous template { recipe: html, engine: handlebars }","meta":{"rootId":"cy4w6r6h00y8b11","id":"zfb3gpe3gv2prn6"},"id":"0w959nw95nyd5h4","previousOperationId":"10r5jmj0slmtcya"}
{"type":"log","timestamp":1766855278911,"level":"debug","message":"Inline data specified.","meta":{"rootId":"cy4w6r6h00y8b11","id":"zfb3gpe3gv2prn6"},"id":"kfdy3ytcyy3g85m","previousOperationId":"10r5jmj0slmtcya"}
{"type":"log","timestamp":1766855278919,"level":"debug","message":"Base url not specified, skipping its injection.","meta":{"rootId":"cy4w6r6h00y8b11","id":"zfb3gpe3gv2prn6"},"id":"sfqhlwuvd77rx6b","previousOperationId":"10r5jmj0slmtcya"}
{"type":"operationStart","subtype":"engine","name":"handlebars","timestamp":1766855278922,"id":"6axb8fpvhl9a0xx","previousEventId":"judlmmiug2w8afn","operationId":"xwb4g38i8yy7cj3","previousOperationId":"10r5jmj0slmtcya"}
{"type":"log","timestamp":1766855278922,"level":"debug","message":"Rendering engine handlebars","meta":{"rootId":"cy4w6r6h00y8b11","id":"zfb3gpe3gv2prn6"},"id":"yssdw2crpjsg5rg","previousOperationId":"xwb4g38i8yy7cj3"}
{"type":"log","timestamp":1766855279125,"level":"debug","message":"(console:log) {\n  type: 'echarts@v5a',\n  width: 848,\n  height: 409,\n  option: { radar: [ [Object] ], series: [ [Object] ] }\n}","meta":{"userLevel":true,"rootId":"cy4w6r6h00y8b11","id":"zfb3gpe3gv2prn6"},"id":"uakr6klaymrwxdz","previousOperationId":"xwb4g38i8yy7cj3"}
{"type":"operationEnd","operationId":"xwb4g38i8yy7cj3","timestamp":1766855279137,"id":"ydu3v6irppn4kxw","previousEventId":"6axb8fpvhl9a0xx","previousOperationId":"xwb4g38i8yy7cj3"}
{"type":"operationStart","subtype":"recipe","name":"html","timestamp":1766855279149,"id":"wbr0sr94zbm1a7h","previousEventId":"ydu3v6irppn4kxw","operationId":"zialhpd8teikhxq","previousOperationId":"xwb4g38i8yy7cj3"}
{"type":"log","timestamp":1766855279149,"level":"debug","message":"Executing recipe html","meta":{"rootId":"cy4w6r6h00y8b11","id":"zfb3gpe3gv2prn6"},"id":"6m7n61kzjkqcn2e","previousOperationId":"zialhpd8teikhxq"}
{"type":"operationEnd","operationId":"zialhpd8teikhxq","timestamp":1766855279149,"id":"weardlvy7gtwj1p","previousEventId":"wbr0sr94zbm1a7h","previousOperationId":"zialhpd8teikhxq"}
{"type":"log","timestamp":1766855279151,"level":"debug","message":"Skipping storing report.","meta":{"rootId":"cy4w6r6h00y8b11","id":"zfb3gpe3gv2prn6"},"id":"ccnxpmoel7uu99l","previousOperationId":"zialhpd8teikhxq"}
{"type":"log","timestamp":1766855279151,"level":"info","message":"Rendering (child) request finished in 3831 ms","meta":{"rootId":"cy4w6r6h00y8b11","id":"zfb3gpe3gv2prn6"},"id":"0g2ghfgmm5yr332","previousOperationId":"zialhpd8teikhxq"}
{"type":"operationEnd","subtype":"render","operationId":"10r5jmj0slmtcya","timestamp":1766855279151,"id":"yclok6x6it0nbzw","previousEventId":"weardlvy7gtwj1p","previousOperationId":"zialhpd8teikhxq"}
{"type":"log","timestamp":1766855285831,"level":"debug","message":"pptx successfully zipped","meta":{"rootId":"cy4w6r6h00y8b11","id":"cy4w6r6h00y8b11"},"id":"1ah9ndiy407g2f9","previousOperationId":"097o8cv0f22z1bt"}
{"type":"log","timestamp":1766855285831,"level":"info","message":"pptx generation was finished","meta":{"rootId":"cy4w6r6h00y8b11","id":"cy4w6r6h00y8b11"},"id":"ng2hy8x3c6aq4p2","previousOperationId":"097o8cv0f22z1bt"}
{"type":"operationEnd","operationId":"097o8cv0f22z1bt","timestamp":1766855285847,"id":"mi4y85u314dfz8k","previousEventId":"hx2vt0yt3eyfd5r","previousOperationId":"097o8cv0f22z1bt"}
{"type":"log","timestamp":1766855285848,"level":"debug","message":"Skipping storing report.","meta":{"rootId":"cy4w6r6h00y8b11","id":"cy4w6r6h00y8b11"},"id":"xie30o5auxu3142","previousOperationId":"097o8cv0f22z1bt"}
{"type":"log","timestamp":1766855285848,"level":"info","message":"Rendering request 1 finished in 10528 ms","meta":{"rootId":"cy4w6r6h00y8b11","id":"cy4w6r6h00y8b11"},"id":"7wgf9xv14pd7asf","previousOperationId":"097o8cv0f22z1bt"}
{"type":"operationEnd","subtype":"render","operationId":"35pixmcuk79eqky","timestamp":1766855285848,"id":"dsrifmop04zetsd","previousEventId":"mi4y85u314dfz8k","previousOperationId":"097o8cv0f22z1bt"}
{"type":"operationEnd","doDiffs":false,"previousEventId":"itfnlltq56tb3ua","previousOperationId":"76uz2msrh14q62c","operationId":"76uz2msrh14q62c","timestamp":1766855285857,"id":"hbm2zvidpe5kl0y"}
