{"type":"operationStart","subtype":"profile","data":{"_id":"OL9B9AmQPB1orbSb","timestamp":"2025-12-07T17:17:55.823Z","state":"running","mode":"standard","creationDate":"2025-12-07T17:17:55.830Z","modificationDate":"2025-12-07T17:17:55.830Z","shortid":"STtR37B","$entitySet":"profiles","timeout":60000},"doDiffs":false,"timestamp":1765127875827,"id":"wjkiasgp1q53n83","previousOperationId":null,"operationId":"uaokoh3rrgqjwez"}
{"type":"log","level":"info","message":"Render request 26 queued for execution and waiting for available worker","previousOperationId":"uaokoh3rrgqjwez","timestamp":1765127875827,"id":"455nv2f2lwpi3e4"}
{"type":"operationStart","subtype":"render","name":"anonymous","previousOperationId":"uaokoh3rrgqjwez","timestamp":1765127875845,"id":"l3sjwdxfwphtmml","previousEventId":"wjkiasgp1q53n83","operationId":"diqaacylwhqzakh"}
{"type":"log","timestamp":1765127875845,"level":"info","message":"Starting rendering request 26","meta":{"rootId":"cyg64h6ymfwu9tz","id":"cyg64h6ymfwu9tz"},"id":"ad6x7bvtpmelf03","previousOperationId":"diqaacylwhqzakh"}
{"type":"log","timestamp":1765127875845,"level":"info","message":"Rendering anonymous template { recipe: pptx, engine: handlebars }","meta":{"rootId":"cyg64h6ymfwu9tz","id":"cyg64h6ymfwu9tz"},"id":"5wgn7syto7cy3ts","previousOperationId":"diqaacylwhqzakh"}
{"type":"log","timestamp":1765127875845,"level":"debug","message":"Inline data specified.","meta":{"rootId":"cyg64h6ymfwu9tz","id":"cyg64h6ymfwu9tz"},"id":"l36g7szyd1lbx4p","previousOperationId":"diqaacylwhqzakh"}
{"type":"log","timestamp":1765127875847,"level":"debug","message":"Base url not specified, skipping its injection.","meta":{"rootId":"cyg64h6ymfwu9tz","id":"cyg64h6ymfwu9tz"},"id":"wmk277vfb8hnshh","previousOperationId":"diqaacylwhqzakh"}
{"type":"operationStart","subtype":"engine","name":"handlebars","timestamp":1765127875848,"id":"8fb8mg5eokc0cso","previousEventId":"l3sjwdxfwphtmml","operationId":"1ea7osfmfbp2am8","previousOperationId":"diqaacylwhqzakh"}
{"type":"log","timestamp":1765127875848,"level":"debug","message":"Rendering engine handlebars","meta":{"rootId":"cyg64h6ymfwu9tz","id":"cyg64h6ymfwu9tz"},"id":"i5jhfp9endmzwqq","previousOperationId":"1ea7osfmfbp2am8"}
{"type":"operationEnd","operationId":"1ea7osfmfbp2am8","timestamp":1765127875866,"id":"5ifu6kjxxwqr82h","previousEventId":"8fb8mg5eokc0cso","previousOperationId":"1ea7osfmfbp2am8"}
{"type":"operationStart","subtype":"recipe","name":"pptx","timestamp":1765127875866,"id":"t748veo9zcqz95v","previousEventId":"5ifu6kjxxwqr82h","operationId":"a60unp5yn7ne4tl","previousOperationId":"1ea7osfmfbp2am8"}
{"type":"log","timestamp":1765127875866,"level":"debug","message":"Executing recipe pptx","meta":{"rootId":"cyg64h6ymfwu9tz","id":"cyg64h6ymfwu9tz"},"id":"eb0vbs05cx9bgxq","previousOperationId":"a60unp5yn7ne4tl"}
{"type":"log","timestamp":1765127875866,"level":"info","message":"pptx generation is starting","meta":{"rootId":"cyg64h6ymfwu9tz","id":"cyg64h6ymfwu9tz"},"id":"4885nxgr5nv96qr","previousOperationId":"a60unp5yn7ne4tl"}
{"type":"log","timestamp":1765127876071,"level":"debug","message":"Starting child request to render pptx dynamic parts","meta":{"rootId":"cyg64h6ymfwu9tz","id":"cyg64h6ymfwu9tz"},"id":"jqjafu5fg6504q8","previousOperationId":"a60unp5yn7ne4tl"}
{"type":"operationStart","subtype":"render","name":"anonymous","previousOperationId":"a60unp5yn7ne4tl","timestamp":1765127876071,"id":"14takehbrp35jjp","previousEventId":"t748veo9zcqz95v","operationId":"dyloru08mlyc6ul"}
{"type":"log","timestamp":1765127876071,"level":"info","message":"Starting rendering (child) request","meta":{"rootId":"cyg64h6ymfwu9tz","id":"u8ep9ubguess4wn"},"id":"xgp3ruxhcbnm6q2","previousOperationId":"dyloru08mlyc6ul"}
{"type":"log","timestamp":1765127876071,"level":"info","message":"Rendering anonymous template { recipe: html, engine: handlebars }","meta":{"rootId":"cyg64h6ymfwu9tz","id":"u8ep9ubguess4wn"},"id":"gbzgzw5sy1xfz1r","previousOperationId":"dyloru08mlyc6ul"}
{"type":"log","timestamp":1765127876071,"level":"debug","message":"Inline data specified.","meta":{"rootId":"cyg64h6ymfwu9tz","id":"u8ep9ubguess4wn"},"id":"rx1mpu3sa9fq1gj","previousOperationId":"dyloru08mlyc6ul"}
{"type":"log","timestamp":1765127876082,"level":"debug","message":"Base url not specified, skipping its injection.","meta":{"rootId":"cyg64h6ymfwu9tz","id":"u8ep9ubguess4wn"},"id":"xaxbt2mrvo19wl9","previousOperationId":"dyloru08mlyc6ul"}
{"type":"operationStart","subtype":"engine","name":"handlebars","timestamp":1765127876083,"id":"6mb9d0y3ushls6r","previousEventId":"14takehbrp35jjp","operationId":"18999fp1q9kbaaz","previousOperationId":"dyloru08mlyc6ul"}
{"type":"log","timestamp":1765127876083,"level":"debug","message":"Rendering engine handlebars","meta":{"rootId":"cyg64h6ymfwu9tz","id":"u8ep9ubguess4wn"},"id":"df55u88f2gbeeo0","previousOperationId":"18999fp1q9kbaaz"}
{"type":"operationEnd","operationId":"18999fp1q9kbaaz","timestamp":1765127876114,"id":"ifaknfsybkrhgmy","previousEventId":"6mb9d0y3ushls6r","previousOperationId":"18999fp1q9kbaaz"}
{"type":"operationStart","subtype":"recipe","name":"html","timestamp":1765127876118,"id":"87ydkxyj99zects","previousEventId":"ifaknfsybkrhgmy","operationId":"8dt7fxgj4h21hwf","previousOperationId":"18999fp1q9kbaaz"}
{"type":"log","timestamp":1765127876119,"level":"debug","message":"Executing recipe html","meta":{"rootId":"cyg64h6ymfwu9tz","id":"u8ep9ubguess4wn"},"id":"13kktax2k731m04","previousOperationId":"8dt7fxgj4h21hwf"}
{"type":"operationEnd","operationId":"8dt7fxgj4h21hwf","timestamp":1765127876119,"id":"svtcrl4f488acqe","previousEventId":"87ydkxyj99zects","previousOperationId":"8dt7fxgj4h21hwf"}
{"type":"log","timestamp":1765127876119,"level":"debug","message":"Skipping storing report.","meta":{"rootId":"cyg64h6ymfwu9tz","id":"u8ep9ubguess4wn"},"id":"4ncju8as0mfne37","previousOperationId":"8dt7fxgj4h21hwf"}
{"type":"log","timestamp":1765127876119,"level":"info","message":"Rendering (child) request finished in 297 ms","meta":{"rootId":"cyg64h6ymfwu9tz","id":"u8ep9ubguess4wn"},"id":"mk9c9ilkrvshn8c","previousOperationId":"8dt7fxgj4h21hwf"}
{"type":"operationEnd","subtype":"render","operationId":"dyloru08mlyc6ul","timestamp":1765127876119,"id":"6m28lk60i1ljzj5","previousEventId":"svtcrl4f488acqe","previousOperationId":"8dt7fxgj4h21hwf"}
{"type":"log","timestamp":1765127876405,"level":"debug","message":"pptx successfully zipped","meta":{"rootId":"cyg64h6ymfwu9tz","id":"cyg64h6ymfwu9tz"},"id":"f1i0k8af36p4j8s","previousOperationId":"a60unp5yn7ne4tl"}
{"type":"log","timestamp":1765127876405,"level":"info","message":"pptx generation was finished","meta":{"rootId":"cyg64h6ymfwu9tz","id":"cyg64h6ymfwu9tz"},"id":"3map5vgwxvge3a4","previousOperationId":"a60unp5yn7ne4tl"}
{"type":"operationEnd","operationId":"a60unp5yn7ne4tl","timestamp":1765127876409,"id":"qzj7l4k3zob0nvo","previousEventId":"t748veo9zcqz95v","previousOperationId":"a60unp5yn7ne4tl"}
{"type":"log","timestamp":1765127876409,"level":"debug","message":"Skipping storing report.","meta":{"rootId":"cyg64h6ymfwu9tz","id":"cyg64h6ymfwu9tz"},"id":"hluh3hmgg3o2b11","previousOperationId":"a60unp5yn7ne4tl"}
{"type":"log","timestamp":1765127876409,"level":"info","message":"Rendering request 26 finished in 587 ms","meta":{"rootId":"cyg64h6ymfwu9tz","id":"cyg64h6ymfwu9tz"},"id":"6yhd1qlu231hl3h","previousOperationId":"a60unp5yn7ne4tl"}
{"type":"operationEnd","subtype":"render","operationId":"diqaacylwhqzakh","timestamp":1765127876409,"id":"fk22n1djddle3xu","previousEventId":"qzj7l4k3zob0nvo","previousOperationId":"a60unp5yn7ne4tl"}
{"type":"operationEnd","doDiffs":false,"previousEventId":"wjkiasgp1q53n83","previousOperationId":"uaokoh3rrgqjwez","operationId":"uaokoh3rrgqjwez","timestamp":1765127876416,"id":"va2sqg25aho7cxq"}
