{"type":"operationStart","subtype":"profile","data":{"_id":"pFf03IBVH9MZGyfw","timestamp":"2025-12-28T14:33:14.205Z","state":"running","mode":"standard","creationDate":"2025-12-28T14:33:14.215Z","modificationDate":"2025-12-28T14:33:14.215Z","shortid":"cy4MtP8","$entitySet":"profiles","timeout":60000},"doDiffs":false,"timestamp":1766932394212,"id":"oizcx51qls5ltm8","previousOperationId":null,"operationId":"jdhc945qaz10w0i"}
{"type":"log","level":"info","message":"Render request 24 queued for execution and waiting for available worker","previousOperationId":"jdhc945qaz10w0i","timestamp":1766932394212,"id":"hlr06dviw4jdx7w"}
{"type":"operationStart","subtype":"render","name":"anonymous","previousOperationId":"jdhc945qaz10w0i","timestamp":1766932394259,"id":"eqbwpts4tetqdl8","previousEventId":"oizcx51qls5ltm8","operationId":"l0ze4iqlw05sb5c"}
{"type":"log","timestamp":1766932394260,"level":"info","message":"Starting rendering request 24","meta":{"rootId":"cytp9fplh4n3gp7","id":"cytp9fplh4n3gp7"},"id":"lnrvndurekyeeyt","previousOperationId":"l0ze4iqlw05sb5c"}
{"type":"log","timestamp":1766932394260,"level":"info","message":"Rendering anonymous template { recipe: pptx, engine: handlebars }","meta":{"rootId":"cytp9fplh4n3gp7","id":"cytp9fplh4n3gp7"},"id":"rz2fa013jfpj61k","previousOperationId":"l0ze4iqlw05sb5c"}
{"type":"log","timestamp":1766932394260,"level":"debug","message":"Inline data specified.","meta":{"rootId":"cytp9fplh4n3gp7","id":"cytp9fplh4n3gp7"},"id":"cxaft4u7qkjc174","previousOperationId":"l0ze4iqlw05sb5c"}
{"type":"log","timestamp":1766932394262,"level":"debug","message":"Base url not specified, skipping its injection.","meta":{"rootId":"cytp9fplh4n3gp7","id":"cytp9fplh4n3gp7"},"id":"b7d9gxga2p8u4ua","previousOperationId":"l0ze4iqlw05sb5c"}
{"type":"operationStart","subtype":"engine","name":"handlebars","timestamp":1766932394263,"id":"jg7w5qe3awjilri","previousEventId":"eqbwpts4tetqdl8","operationId":"5cfm3i8ks7fpk63","previousOperationId":"l0ze4iqlw05sb5c"}
{"type":"log","timestamp":1766932394263,"level":"debug","message":"Rendering engine handlebars","meta":{"rootId":"cytp9fplh4n3gp7","id":"cytp9fplh4n3gp7"},"id":"zdkld27v5s1v7c3","previousOperationId":"5cfm3i8ks7fpk63"}
{"type":"operationEnd","operationId":"5cfm3i8ks7fpk63","timestamp":1766932394278,"id":"vo8hiyfh2wr06b1","previousEventId":"jg7w5qe3awjilri","previousOperationId":"5cfm3i8ks7fpk63"}
{"type":"operationStart","subtype":"recipe","name":"pptx","timestamp":1766932394279,"id":"3el9mf3osarzojy","previousEventId":"vo8hiyfh2wr06b1","operationId":"ik41ze3pyhv785t","previousOperationId":"5cfm3i8ks7fpk63"}
{"type":"log","timestamp":1766932394279,"level":"debug","message":"Executing recipe pptx","meta":{"rootId":"cytp9fplh4n3gp7","id":"cytp9fplh4n3gp7"},"id":"qpmnnv2q1v42wsa","previousOperationId":"ik41ze3pyhv785t"}
{"type":"log","timestamp":1766932394290,"level":"info","message":"pptx generation is starting","meta":{"rootId":"cytp9fplh4n3gp7","id":"cytp9fplh4n3gp7"},"id":"wjyew74tg28vaeb","previousOperationId":"ik41ze3pyhv785t"}
{"type":"log","timestamp":1766932395390,"level":"debug","message":"Starting child request to render pptx dynamic parts","meta":{"rootId":"cytp9fplh4n3gp7","id":"cytp9fplh4n3gp7"},"id":"0jh9apzgtqef2r8","previousOperationId":"ik41ze3pyhv785t"}
{"type":"operationStart","subtype":"render","name":"anonymous","previousOperationId":"ik41ze3pyhv785t","timestamp":1766932395391,"id":"tjlo39tfked30t0","previousEventId":"3el9mf3osarzojy","operationId":"q44kxct78oql9e0"}
{"type":"log","timestamp":1766932395391,"level":"info","message":"Starting rendering (child) request","meta":{"rootId":"cytp9fplh4n3gp7","id":"cdg6q1r0zcmx9qs"},"id":"r5c790f05104cj2","previousOperationId":"q44kxct78oql9e0"}
{"type":"log","timestamp":1766932395391,"level":"info","message":"Rendering anonymous template { recipe: html, engine: handlebars }","meta":{"rootId":"cytp9fplh4n3gp7","id":"cdg6q1r0zcmx9qs"},"id":"2oeej6xe41m6ml7","previousOperationId":"q44kxct78oql9e0"}
{"type":"log","timestamp":1766932395391,"level":"debug","message":"Inline data specified.","meta":{"rootId":"cytp9fplh4n3gp7","id":"cdg6q1r0zcmx9qs"},"id":"5ma0w7sy50a55bx","previousOperationId":"q44kxct78oql9e0"}
{"type":"log","timestamp":1766932395395,"level":"debug","message":"Base url not specified, skipping its injection.","meta":{"rootId":"cytp9fplh4n3gp7","id":"cdg6q1r0zcmx9qs"},"id":"54hxi6xobs32wp3","previousOperationId":"q44kxct78oql9e0"}
{"type":"operationStart","subtype":"engine","name":"handlebars","timestamp":1766932395396,"id":"n34415q4t9l5vh8","previousEventId":"tjlo39tfked30t0","operationId":"v4fxq393e3t957l","previousOperationId":"q44kxct78oql9e0"}
{"type":"log","timestamp":1766932395396,"level":"debug","message":"Rendering engine handlebars","meta":{"rootId":"cytp9fplh4n3gp7","id":"cdg6q1r0zcmx9qs"},"id":"9eeif75pi0ecg1y","previousOperationId":"v4fxq393e3t957l"}
{"type":"log","timestamp":1766932395527,"level":"debug","message":"(console:log) {\n  type: 'echarts@v5a',\n  width: 848,\n  height: 409,\n  option: { radar: [ [Object] ], series: [ [Object] ] }\n}","meta":{"userLevel":true,"rootId":"cytp9fplh4n3gp7","id":"cdg6q1r0zcmx9qs"},"id":"di5lwwq31dwrx0e","previousOperationId":"v4fxq393e3t957l"}
{"type":"operationEnd","operationId":"v4fxq393e3t957l","timestamp":1766932395534,"id":"wyz9c64f5l3aggy","previousEventId":"n34415q4t9l5vh8","previousOperationId":"v4fxq393e3t957l"}
{"type":"operationStart","subtype":"recipe","name":"html","timestamp":1766932395545,"id":"hk17m0pfhcrm1jq","previousEventId":"wyz9c64f5l3aggy","operationId":"e0txtx3xm10lzhh","previousOperationId":"v4fxq393e3t957l"}
{"type":"log","timestamp":1766932395545,"level":"debug","message":"Executing recipe html","meta":{"rootId":"cytp9fplh4n3gp7","id":"cdg6q1r0zcmx9qs"},"id":"qypari6luedauj4","previousOperationId":"e0txtx3xm10lzhh"}
{"type":"operationEnd","operationId":"e0txtx3xm10lzhh","timestamp":1766932395545,"id":"a9ze7rge4vgm748","previousEventId":"hk17m0pfhcrm1jq","previousOperationId":"e0txtx3xm10lzhh"}
{"type":"log","timestamp":1766932395545,"level":"debug","message":"Skipping storing report.","meta":{"rootId":"cytp9fplh4n3gp7","id":"cdg6q1r0zcmx9qs"},"id":"vyyuy3fok06fc6c","previousOperationId":"e0txtx3xm10lzhh"}
{"type":"log","timestamp":1766932395545,"level":"info","message":"Rendering (child) request finished in 1341 ms","meta":{"rootId":"cytp9fplh4n3gp7","id":"cdg6q1r0zcmx9qs"},"id":"o3wfvo6zd34egmu","previousOperationId":"e0txtx3xm10lzhh"}
{"type":"operationEnd","subtype":"render","operationId":"q44kxct78oql9e0","timestamp":1766932395546,"id":"k42erkgvs3dd258","previousEventId":"a9ze7rge4vgm748","previousOperationId":"e0txtx3xm10lzhh"}
{"type":"log","timestamp":1766932398443,"level":"debug","message":"pptx successfully zipped","meta":{"rootId":"cytp9fplh4n3gp7","id":"cytp9fplh4n3gp7"},"id":"peumaayje8ond2u","previousOperationId":"ik41ze3pyhv785t"}
{"type":"log","timestamp":1766932398443,"level":"info","message":"pptx generation was finished","meta":{"rootId":"cytp9fplh4n3gp7","id":"cytp9fplh4n3gp7"},"id":"gpghh5n34vf5r8p","previousOperationId":"ik41ze3pyhv785t"}
{"type":"operationEnd","operationId":"ik41ze3pyhv785t","timestamp":1766932398452,"id":"h4i4i1ft1suja2l","previousEventId":"3el9mf3osarzojy","previousOperationId":"ik41ze3pyhv785t"}
{"type":"log","timestamp":1766932398452,"level":"debug","message":"Skipping storing report.","meta":{"rootId":"cytp9fplh4n3gp7","id":"cytp9fplh4n3gp7"},"id":"u6yu2g7jdgpdd5t","previousOperationId":"ik41ze3pyhv785t"}
{"type":"log","timestamp":1766932398452,"level":"info","message":"Rendering request 24 finished in 4248 ms","meta":{"rootId":"cytp9fplh4n3gp7","id":"cytp9fplh4n3gp7"},"id":"ufueg9r1qx8fl9i","previousOperationId":"ik41ze3pyhv785t"}
{"type":"operationEnd","subtype":"render","operationId":"l0ze4iqlw05sb5c","timestamp":1766932398452,"id":"hazbpb90gb6ezd1","previousEventId":"h4i4i1ft1suja2l","previousOperationId":"ik41ze3pyhv785t"}
{"type":"operationEnd","doDiffs":false,"previousEventId":"oizcx51qls5ltm8","previousOperationId":"jdhc945qaz10w0i","operationId":"jdhc945qaz10w0i","timestamp":1766932398456,"id":"u0gci3p5f09n1mz"}
