{"type":"operationStart","subtype":"profile","data":{"_id":"ngfz81TY8Vttl4t6","timestamp":"2026-01-01T13:26:04.153Z","state":"running","mode":"standard","creationDate":"2026-01-01T13:26:04.163Z","modificationDate":"2026-01-01T13:26:04.163Z","shortid":"GLMdUgS","$entitySet":"profiles","timeout":60000},"doDiffs":false,"timestamp":1767273964159,"id":"91t78952phblkbj","previousOperationId":null,"operationId":"j00vu6swprpgk5r"}
{"type":"log","level":"info","message":"Render request 6 queued for execution and waiting for available worker","previousOperationId":"j00vu6swprpgk5r","timestamp":1767273964159,"id":"76jr8obxsjm6emt"}
{"type":"operationStart","subtype":"render","name":"anonymous","previousOperationId":"j00vu6swprpgk5r","timestamp":1767273964224,"id":"it451hfp2du045x","previousEventId":"91t78952phblkbj","operationId":"8wd7xski4r1lr0j"}
{"type":"log","timestamp":1767273964224,"level":"info","message":"Starting rendering request 6","meta":{"rootId":"cytzwrpubnwp2tt","id":"cytzwrpubnwp2tt"},"id":"m8rnlo54fznpfco","previousOperationId":"8wd7xski4r1lr0j"}
{"type":"log","timestamp":1767273964225,"level":"info","message":"Rendering anonymous template { recipe: pptx, engine: handlebars }","meta":{"rootId":"cytzwrpubnwp2tt","id":"cytzwrpubnwp2tt"},"id":"gsn3npi3dejiqnc","previousOperationId":"8wd7xski4r1lr0j"}
{"type":"log","timestamp":1767273964225,"level":"debug","message":"Inline data specified.","meta":{"rootId":"cytzwrpubnwp2tt","id":"cytzwrpubnwp2tt"},"id":"tgz6xec8tcgta3k","previousOperationId":"8wd7xski4r1lr0j"}
{"type":"log","timestamp":1767273964228,"level":"debug","message":"Base url not specified, skipping its injection.","meta":{"rootId":"cytzwrpubnwp2tt","id":"cytzwrpubnwp2tt"},"id":"phxbriciif9fir9","previousOperationId":"8wd7xski4r1lr0j"}
{"type":"operationStart","subtype":"engine","name":"handlebars","timestamp":1767273964229,"id":"p9wegz2vwjvhk3q","previousEventId":"it451hfp2du045x","operationId":"g4fgtbxm2780kun","previousOperationId":"8wd7xski4r1lr0j"}
{"type":"log","timestamp":1767273964229,"level":"debug","message":"Rendering engine handlebars","meta":{"rootId":"cytzwrpubnwp2tt","id":"cytzwrpubnwp2tt"},"id":"5j5zvj6ehzzp5ci","previousOperationId":"g4fgtbxm2780kun"}
{"type":"operationEnd","operationId":"g4fgtbxm2780kun","timestamp":1767273964253,"id":"g6h3owcxr2p60sj","previousEventId":"p9wegz2vwjvhk3q","previousOperationId":"g4fgtbxm2780kun"}
{"type":"operationStart","subtype":"recipe","name":"pptx","timestamp":1767273964254,"id":"auismfj0mwik4w7","previousEventId":"g6h3owcxr2p60sj","operationId":"4bt8z9cg4zgoh4z","previousOperationId":"g4fgtbxm2780kun"}
{"type":"log","timestamp":1767273964254,"level":"debug","message":"Executing recipe pptx","meta":{"rootId":"cytzwrpubnwp2tt","id":"cytzwrpubnwp2tt"},"id":"pphva40gng2vj6u","previousOperationId":"4bt8z9cg4zgoh4z"}
{"type":"log","timestamp":1767273964273,"level":"info","message":"pptx generation is starting","meta":{"rootId":"cytzwrpubnwp2tt","id":"cytzwrpubnwp2tt"},"id":"ps253yscxcpouq5","previousOperationId":"4bt8z9cg4zgoh4z"}
{"type":"log","timestamp":1767273966286,"level":"debug","message":"Starting child request to render pptx dynamic parts","meta":{"rootId":"cytzwrpubnwp2tt","id":"cytzwrpubnwp2tt"},"id":"rjhykvaods8p5o9","previousOperationId":"4bt8z9cg4zgoh4z"}
{"type":"operationStart","subtype":"render","name":"anonymous","previousOperationId":"4bt8z9cg4zgoh4z","timestamp":1767273966287,"id":"k9c54paqhdgeswq","previousEventId":"auismfj0mwik4w7","operationId":"8uh32xjrpjep2iu"}
{"type":"log","timestamp":1767273966287,"level":"info","message":"Starting rendering (child) request","meta":{"rootId":"cytzwrpubnwp2tt","id":"tp299347ys1d3eq"},"id":"28bi5ma7l9vnwg6","previousOperationId":"8uh32xjrpjep2iu"}
{"type":"log","timestamp":1767273966287,"level":"info","message":"Rendering anonymous template { recipe: html, engine: handlebars }","meta":{"rootId":"cytzwrpubnwp2tt","id":"tp299347ys1d3eq"},"id":"ytx40sdtet98jhd","previousOperationId":"8uh32xjrpjep2iu"}
{"type":"log","timestamp":1767273966287,"level":"debug","message":"Inline data specified.","meta":{"rootId":"cytzwrpubnwp2tt","id":"tp299347ys1d3eq"},"id":"11sswmvc6w3yhoz","previousOperationId":"8uh32xjrpjep2iu"}
{"type":"log","timestamp":1767273966293,"level":"debug","message":"Base url not specified, skipping its injection.","meta":{"rootId":"cytzwrpubnwp2tt","id":"tp299347ys1d3eq"},"id":"x1y7uz11eppuo9w","previousOperationId":"8uh32xjrpjep2iu"}
{"type":"operationStart","subtype":"engine","name":"handlebars","timestamp":1767273966295,"id":"tcanwi6i9c369bf","previousEventId":"k9c54paqhdgeswq","operationId":"u5hpanjpeokts8z","previousOperationId":"8uh32xjrpjep2iu"}
{"type":"log","timestamp":1767273966295,"level":"debug","message":"Rendering engine handlebars","meta":{"rootId":"cytzwrpubnwp2tt","id":"tp299347ys1d3eq"},"id":"gefn5gby9352pw6","previousOperationId":"u5hpanjpeokts8z"}
{"type":"log","timestamp":1767273966523,"level":"debug","message":"(console:log) {\n  type: 'echarts@v5a',\n  width: 848,\n  height: 409,\n  option: { radar: [ [Object] ], series: [ [Object] ] }\n}","meta":{"userLevel":true,"rootId":"cytzwrpubnwp2tt","id":"tp299347ys1d3eq"},"id":"fke96hjeqyn26ts","previousOperationId":"u5hpanjpeokts8z"}
{"type":"operationEnd","operationId":"u5hpanjpeokts8z","timestamp":1767273966535,"id":"boxlmue67aaccjt","previousEventId":"tcanwi6i9c369bf","previousOperationId":"u5hpanjpeokts8z"}
{"type":"operationStart","subtype":"recipe","name":"html","timestamp":1767273966549,"id":"zh6o7pj83kjxrmn","previousEventId":"boxlmue67aaccjt","operationId":"kirw7y5spefv7g3","previousOperationId":"u5hpanjpeokts8z"}
{"type":"log","timestamp":1767273966550,"level":"debug","message":"Executing recipe html","meta":{"rootId":"cytzwrpubnwp2tt","id":"tp299347ys1d3eq"},"id":"l2ukvb8gn62749h","previousOperationId":"kirw7y5spefv7g3"}
{"type":"operationEnd","operationId":"kirw7y5spefv7g3","timestamp":1767273966550,"id":"ll7gr4ecm770ct8","previousEventId":"zh6o7pj83kjxrmn","previousOperationId":"kirw7y5spefv7g3"}
{"type":"log","timestamp":1767273966550,"level":"debug","message":"Skipping storing report.","meta":{"rootId":"cytzwrpubnwp2tt","id":"tp299347ys1d3eq"},"id":"1ixcospq3j4ipa4","previousOperationId":"kirw7y5spefv7g3"}
{"type":"log","timestamp":1767273966550,"level":"info","message":"Rendering (child) request finished in 2401 ms","meta":{"rootId":"cytzwrpubnwp2tt","id":"tp299347ys1d3eq"},"id":"klfbzxwi4ew8l6n","previousOperationId":"kirw7y5spefv7g3"}
{"type":"operationEnd","subtype":"render","operationId":"8uh32xjrpjep2iu","timestamp":1767273966550,"id":"g47xnmgh3v1tj3j","previousEventId":"ll7gr4ecm770ct8","previousOperationId":"kirw7y5spefv7g3"}
{"type":"log","timestamp":1767273972887,"level":"debug","message":"pptx successfully zipped","meta":{"rootId":"cytzwrpubnwp2tt","id":"cytzwrpubnwp2tt"},"id":"h9c0cjc5nunc5pd","previousOperationId":"4bt8z9cg4zgoh4z"}
{"type":"log","timestamp":1767273972887,"level":"info","message":"pptx generation was finished","meta":{"rootId":"cytzwrpubnwp2tt","id":"cytzwrpubnwp2tt"},"id":"qhpz20a7tt6i2q0","previousOperationId":"4bt8z9cg4zgoh4z"}
{"type":"operationEnd","operationId":"4bt8z9cg4zgoh4z","timestamp":1767273972898,"id":"3jg8pm0esbijopv","previousEventId":"auismfj0mwik4w7","previousOperationId":"4bt8z9cg4zgoh4z"}
{"type":"log","timestamp":1767273972898,"level":"debug","message":"Skipping storing report.","meta":{"rootId":"cytzwrpubnwp2tt","id":"cytzwrpubnwp2tt"},"id":"p2fzd6d992o1q52","previousOperationId":"4bt8z9cg4zgoh4z"}
{"type":"log","timestamp":1767273972898,"level":"info","message":"Rendering request 6 finished in 8749 ms","meta":{"rootId":"cytzwrpubnwp2tt","id":"cytzwrpubnwp2tt"},"id":"dd1qvt7ro6zsvlx","previousOperationId":"4bt8z9cg4zgoh4z"}
{"type":"operationEnd","subtype":"render","operationId":"8wd7xski4r1lr0j","timestamp":1767273972898,"id":"tf7b510iuh41nzo","previousEventId":"3jg8pm0esbijopv","previousOperationId":"4bt8z9cg4zgoh4z"}
{"type":"operationEnd","doDiffs":false,"previousEventId":"91t78952phblkbj","previousOperationId":"j00vu6swprpgk5r","operationId":"j00vu6swprpgk5r","timestamp":1767273972905,"id":"4tdhfamlaov09hq"}
