{"type":"operationStart","subtype":"profile","data":{"_id":"Md2GY8XHAjwu8CB6","timestamp":"2025-12-30T19:06:31.193Z","state":"running","mode":"standard","creationDate":"2025-12-30T19:06:31.201Z","modificationDate":"2025-12-30T19:06:31.201Z","shortid":"slB2PbV","$entitySet":"profiles","timeout":60000},"doDiffs":false,"timestamp":1767121591198,"id":"qy5d1mrcyz3qtl7","previousOperationId":null,"operationId":"ah0w4zqhaxz8108"}
{"type":"log","level":"info","message":"Render request 21 queued for execution and waiting for available worker","previousOperationId":"ah0w4zqhaxz8108","timestamp":1767121591199,"id":"972jy0d9yoid8d4"}
{"type":"operationStart","subtype":"render","name":"anonymous","previousOperationId":"ah0w4zqhaxz8108","timestamp":1767121591244,"id":"q2qigpbhbzzdvod","previousEventId":"qy5d1mrcyz3qtl7","operationId":"o3g2cpzri84kwup"}
{"type":"log","timestamp":1767121591244,"level":"info","message":"Starting rendering request 21","meta":{"rootId":"czc6k5f5qa6kwym","id":"czc6k5f5qa6kwym"},"id":"uy86v4wzlg3onzk","previousOperationId":"o3g2cpzri84kwup"}
{"type":"log","timestamp":1767121591244,"level":"info","message":"Rendering anonymous template { recipe: pptx, engine: handlebars }","meta":{"rootId":"czc6k5f5qa6kwym","id":"czc6k5f5qa6kwym"},"id":"qaspfsg51k2njk0","previousOperationId":"o3g2cpzri84kwup"}
{"type":"log","timestamp":1767121591245,"level":"debug","message":"Inline data specified.","meta":{"rootId":"czc6k5f5qa6kwym","id":"czc6k5f5qa6kwym"},"id":"z34tttud47awn2z","previousOperationId":"o3g2cpzri84kwup"}
{"type":"log","timestamp":1767121591247,"level":"debug","message":"Base url not specified, skipping its injection.","meta":{"rootId":"czc6k5f5qa6kwym","id":"czc6k5f5qa6kwym"},"id":"9r71bcgb6ty2k9b","previousOperationId":"o3g2cpzri84kwup"}
{"type":"operationStart","subtype":"engine","name":"handlebars","timestamp":1767121591248,"id":"si5bwhxr6iio2uv","previousEventId":"q2qigpbhbzzdvod","operationId":"7tgdawgl1102ovc","previousOperationId":"o3g2cpzri84kwup"}
{"type":"log","timestamp":1767121591248,"level":"debug","message":"Rendering engine handlebars","meta":{"rootId":"czc6k5f5qa6kwym","id":"czc6k5f5qa6kwym"},"id":"lzn1mp9pj4ybchd","previousOperationId":"7tgdawgl1102ovc"}
{"type":"operationEnd","operationId":"7tgdawgl1102ovc","timestamp":1767121591271,"id":"7hvd1vdibixd205","previousEventId":"si5bwhxr6iio2uv","previousOperationId":"7tgdawgl1102ovc"}
{"type":"operationStart","subtype":"recipe","name":"pptx","timestamp":1767121591272,"id":"0kvbqzxgoayf4a5","previousEventId":"7hvd1vdibixd205","operationId":"ilgrpqrjx0weam7","previousOperationId":"7tgdawgl1102ovc"}
{"type":"log","timestamp":1767121591272,"level":"debug","message":"Executing recipe pptx","meta":{"rootId":"czc6k5f5qa6kwym","id":"czc6k5f5qa6kwym"},"id":"mqvqmsgtgibqvsc","previousOperationId":"ilgrpqrjx0weam7"}
{"type":"log","timestamp":1767121591290,"level":"info","message":"pptx generation is starting","meta":{"rootId":"czc6k5f5qa6kwym","id":"czc6k5f5qa6kwym"},"id":"cjyt1uzth2p85xi","previousOperationId":"ilgrpqrjx0weam7"}
{"type":"log","timestamp":1767121592406,"level":"debug","message":"Starting child request to render pptx dynamic parts","meta":{"rootId":"czc6k5f5qa6kwym","id":"czc6k5f5qa6kwym"},"id":"e3i5u53gpc0th9g","previousOperationId":"ilgrpqrjx0weam7"}
{"type":"operationStart","subtype":"render","name":"anonymous","previousOperationId":"ilgrpqrjx0weam7","timestamp":1767121592406,"id":"xnxw0otauf0pylz","previousEventId":"0kvbqzxgoayf4a5","operationId":"fjp17chtxwukga7"}
{"type":"log","timestamp":1767121592406,"level":"info","message":"Starting rendering (child) request","meta":{"rootId":"czc6k5f5qa6kwym","id":"700ormi7xcs8goy"},"id":"6kn6mu5lvbc4j5w","previousOperationId":"fjp17chtxwukga7"}
{"type":"log","timestamp":1767121592406,"level":"info","message":"Rendering anonymous template { recipe: html, engine: handlebars }","meta":{"rootId":"czc6k5f5qa6kwym","id":"700ormi7xcs8goy"},"id":"xqerk7bxq01reex","previousOperationId":"fjp17chtxwukga7"}
{"type":"log","timestamp":1767121592406,"level":"debug","message":"Inline data specified.","meta":{"rootId":"czc6k5f5qa6kwym","id":"700ormi7xcs8goy"},"id":"vtu3kscypjouj6z","previousOperationId":"fjp17chtxwukga7"}
{"type":"log","timestamp":1767121592411,"level":"debug","message":"Base url not specified, skipping its injection.","meta":{"rootId":"czc6k5f5qa6kwym","id":"700ormi7xcs8goy"},"id":"5zkjj4pa3knn09r","previousOperationId":"fjp17chtxwukga7"}
{"type":"operationStart","subtype":"engine","name":"handlebars","timestamp":1767121592412,"id":"ix1zo0bw4al9qmz","previousEventId":"xnxw0otauf0pylz","operationId":"x27645b43kua9ge","previousOperationId":"fjp17chtxwukga7"}
{"type":"log","timestamp":1767121592412,"level":"debug","message":"Rendering engine handlebars","meta":{"rootId":"czc6k5f5qa6kwym","id":"700ormi7xcs8goy"},"id":"a162xeqmj8q28tb","previousOperationId":"x27645b43kua9ge"}
{"type":"log","timestamp":1767121592563,"level":"debug","message":"(console:log) {\n  type: 'echarts@v5a',\n  width: 848,\n  height: 409,\n  option: { radar: [ [Object] ], series: [ [Object] ] }\n}","meta":{"userLevel":true,"rootId":"czc6k5f5qa6kwym","id":"700ormi7xcs8goy"},"id":"t5gavgtd6dapw08","previousOperationId":"x27645b43kua9ge"}
{"type":"operationEnd","operationId":"x27645b43kua9ge","timestamp":1767121592572,"id":"5ls2gw68ba8b0l4","previousEventId":"ix1zo0bw4al9qmz","previousOperationId":"x27645b43kua9ge"}
{"type":"operationStart","subtype":"recipe","name":"html","timestamp":1767121592586,"id":"u8thn4dml8qio0n","previousEventId":"5ls2gw68ba8b0l4","operationId":"1siwcspcjfp77gj","previousOperationId":"x27645b43kua9ge"}
{"type":"log","timestamp":1767121592586,"level":"debug","message":"Executing recipe html","meta":{"rootId":"czc6k5f5qa6kwym","id":"700ormi7xcs8goy"},"id":"6klvuqh57wj0j17","previousOperationId":"1siwcspcjfp77gj"}
{"type":"operationEnd","operationId":"1siwcspcjfp77gj","timestamp":1767121592586,"id":"z9rawgboinhb502","previousEventId":"u8thn4dml8qio0n","previousOperationId":"1siwcspcjfp77gj"}
{"type":"log","timestamp":1767121592586,"level":"debug","message":"Skipping storing report.","meta":{"rootId":"czc6k5f5qa6kwym","id":"700ormi7xcs8goy"},"id":"1yyposbxigoah9e","previousOperationId":"1siwcspcjfp77gj"}
{"type":"log","timestamp":1767121592586,"level":"info","message":"Rendering (child) request finished in 1394 ms","meta":{"rootId":"czc6k5f5qa6kwym","id":"700ormi7xcs8goy"},"id":"fy1redzpxecfust","previousOperationId":"1siwcspcjfp77gj"}
{"type":"operationEnd","subtype":"render","operationId":"fjp17chtxwukga7","timestamp":1767121592586,"id":"yrqllshrz1w2ydb","previousEventId":"z9rawgboinhb502","previousOperationId":"1siwcspcjfp77gj"}
{"type":"log","timestamp":1767121596202,"level":"debug","message":"pptx successfully zipped","meta":{"rootId":"czc6k5f5qa6kwym","id":"czc6k5f5qa6kwym"},"id":"1chg83jg0s4ay4u","previousOperationId":"ilgrpqrjx0weam7"}
{"type":"log","timestamp":1767121596202,"level":"info","message":"pptx generation was finished","meta":{"rootId":"czc6k5f5qa6kwym","id":"czc6k5f5qa6kwym"},"id":"c951hgs4huqnsy2","previousOperationId":"ilgrpqrjx0weam7"}
{"type":"operationEnd","operationId":"ilgrpqrjx0weam7","timestamp":1767121596211,"id":"i8fferfptbbwwcu","previousEventId":"0kvbqzxgoayf4a5","previousOperationId":"ilgrpqrjx0weam7"}
{"type":"log","timestamp":1767121596211,"level":"debug","message":"Skipping storing report.","meta":{"rootId":"czc6k5f5qa6kwym","id":"czc6k5f5qa6kwym"},"id":"xv1ojqj0udbxlp3","previousOperationId":"ilgrpqrjx0weam7"}
{"type":"log","timestamp":1767121596211,"level":"info","message":"Rendering request 21 finished in 5019 ms","meta":{"rootId":"czc6k5f5qa6kwym","id":"czc6k5f5qa6kwym"},"id":"9qa06kaey8dr353","previousOperationId":"ilgrpqrjx0weam7"}
{"type":"operationEnd","subtype":"render","operationId":"o3g2cpzri84kwup","timestamp":1767121596211,"id":"1rdu2foimcmjn79","previousEventId":"i8fferfptbbwwcu","previousOperationId":"ilgrpqrjx0weam7"}
{"type":"operationEnd","doDiffs":false,"previousEventId":"qy5d1mrcyz3qtl7","previousOperationId":"ah0w4zqhaxz8108","operationId":"ah0w4zqhaxz8108","timestamp":1767121596215,"id":"yh5hokd2p2qbvz5"}
