{"type":"operationStart","subtype":"profile","data":{"_id":"6ogxJvBb1NWzpGk1","timestamp":"2025-12-26T09:40:52.821Z","state":"running","mode":"standard","creationDate":"2025-12-26T09:40:52.827Z","modificationDate":"2025-12-26T09:40:52.827Z","shortid":"KXBIO8X","$entitySet":"profiles","timeout":60000},"doDiffs":false,"timestamp":1766742052824,"id":"qylqtpvypdbhyme","previousOperationId":null,"operationId":"icbngdlss38peoh"}
{"type":"log","level":"info","message":"Render request 5 queued for execution and waiting for available worker","previousOperationId":"icbngdlss38peoh","timestamp":1766742052824,"id":"unrei3g5yamok70"}
{"type":"operationStart","subtype":"render","name":"anonymous","previousOperationId":"icbngdlss38peoh","timestamp":1766742052881,"id":"x1ytueaqdlbw7sf","previousEventId":"qylqtpvypdbhyme","operationId":"rf5t885isdcizpt"}
{"type":"log","timestamp":1766742052881,"level":"info","message":"Starting rendering request 5","meta":{"rootId":"d0hgu04nfwvislb","id":"d0hgu04nfwvislb"},"id":"kw3p72emk362y07","previousOperationId":"rf5t885isdcizpt"}
{"type":"log","timestamp":1766742052881,"level":"info","message":"Rendering anonymous template { recipe: pptx, engine: handlebars }","meta":{"rootId":"d0hgu04nfwvislb","id":"d0hgu04nfwvislb"},"id":"305vwbvn9vzqmuy","previousOperationId":"rf5t885isdcizpt"}
{"type":"log","timestamp":1766742052881,"level":"debug","message":"Inline data specified.","meta":{"rootId":"d0hgu04nfwvislb","id":"d0hgu04nfwvislb"},"id":"uu8k36vvocpp1yt","previousOperationId":"rf5t885isdcizpt"}
{"type":"log","timestamp":1766742052883,"level":"debug","message":"Base url not specified, skipping its injection.","meta":{"rootId":"d0hgu04nfwvislb","id":"d0hgu04nfwvislb"},"id":"dczorpd9du16t64","previousOperationId":"rf5t885isdcizpt"}
{"type":"operationStart","subtype":"engine","name":"handlebars","timestamp":1766742052884,"id":"6vx0pz72unqb1vw","previousEventId":"x1ytueaqdlbw7sf","operationId":"mhx92l0xnsaguu3","previousOperationId":"rf5t885isdcizpt"}
{"type":"log","timestamp":1766742052885,"level":"debug","message":"Rendering engine handlebars","meta":{"rootId":"d0hgu04nfwvislb","id":"d0hgu04nfwvislb"},"id":"de17htaouqcjnvc","previousOperationId":"mhx92l0xnsaguu3"}
{"type":"operationEnd","operationId":"mhx92l0xnsaguu3","timestamp":1766742052904,"id":"0elmmko3cozul2e","previousEventId":"6vx0pz72unqb1vw","previousOperationId":"mhx92l0xnsaguu3"}
{"type":"operationStart","subtype":"recipe","name":"pptx","timestamp":1766742052904,"id":"8gsc6m3ga8q0oqy","previousEventId":"0elmmko3cozul2e","operationId":"p0pgswcunj1n50j","previousOperationId":"mhx92l0xnsaguu3"}
{"type":"log","timestamp":1766742052904,"level":"debug","message":"Executing recipe pptx","meta":{"rootId":"d0hgu04nfwvislb","id":"d0hgu04nfwvislb"},"id":"g7pqqhhnsb9v2bl","previousOperationId":"p0pgswcunj1n50j"}
{"type":"log","timestamp":1766742052916,"level":"info","message":"pptx generation is starting","meta":{"rootId":"d0hgu04nfwvislb","id":"d0hgu04nfwvislb"},"id":"y4q3b8a6g1faqi9","previousOperationId":"p0pgswcunj1n50j"}
{"type":"log","timestamp":1766742053955,"level":"debug","message":"Starting child request to render pptx dynamic parts","meta":{"rootId":"d0hgu04nfwvislb","id":"d0hgu04nfwvislb"},"id":"f2i4r4gukwiden6","previousOperationId":"p0pgswcunj1n50j"}
{"type":"operationStart","subtype":"render","name":"anonymous","previousOperationId":"p0pgswcunj1n50j","timestamp":1766742053955,"id":"3s1jlyknlqfq111","previousEventId":"8gsc6m3ga8q0oqy","operationId":"bj7sb02hblyuqex"}
{"type":"log","timestamp":1766742053955,"level":"info","message":"Starting rendering (child) request","meta":{"rootId":"d0hgu04nfwvislb","id":"7px4svegilb6c92"},"id":"lkpxzldmo685kqa","previousOperationId":"bj7sb02hblyuqex"}
{"type":"log","timestamp":1766742053955,"level":"info","message":"Rendering anonymous template { recipe: html, engine: handlebars }","meta":{"rootId":"d0hgu04nfwvislb","id":"7px4svegilb6c92"},"id":"1gcnnxeayk9lxdd","previousOperationId":"bj7sb02hblyuqex"}
{"type":"log","timestamp":1766742053955,"level":"debug","message":"Inline data specified.","meta":{"rootId":"d0hgu04nfwvislb","id":"7px4svegilb6c92"},"id":"k68zscrgtqxku3i","previousOperationId":"bj7sb02hblyuqex"}
{"type":"log","timestamp":1766742053960,"level":"debug","message":"Base url not specified, skipping its injection.","meta":{"rootId":"d0hgu04nfwvislb","id":"7px4svegilb6c92"},"id":"qznp9dczp7veqds","previousOperationId":"bj7sb02hblyuqex"}
{"type":"operationStart","subtype":"engine","name":"handlebars","timestamp":1766742053961,"id":"ytozqaexapv88lh","previousEventId":"3s1jlyknlqfq111","operationId":"nk63uy9hajsyh9v","previousOperationId":"bj7sb02hblyuqex"}
{"type":"log","timestamp":1766742053961,"level":"debug","message":"Rendering engine handlebars","meta":{"rootId":"d0hgu04nfwvislb","id":"7px4svegilb6c92"},"id":"9iywee3zmzdk4cw","previousOperationId":"nk63uy9hajsyh9v"}
{"type":"operationEnd","operationId":"nk63uy9hajsyh9v","timestamp":1766742054049,"id":"rf4mgm06dor6x0m","previousEventId":"ytozqaexapv88lh","previousOperationId":"nk63uy9hajsyh9v"}
{"type":"operationStart","subtype":"recipe","name":"html","timestamp":1766742054064,"id":"xm08g9ex1lajnfn","previousEventId":"rf4mgm06dor6x0m","operationId":"9eupctuwalscbpq","previousOperationId":"nk63uy9hajsyh9v"}
{"type":"log","timestamp":1766742054064,"level":"debug","message":"Executing recipe html","meta":{"rootId":"d0hgu04nfwvislb","id":"7px4svegilb6c92"},"id":"bvfy9jk7sxdnzwt","previousOperationId":"9eupctuwalscbpq"}
{"type":"operationEnd","operationId":"9eupctuwalscbpq","timestamp":1766742054064,"id":"7z4wzmzxyavjeki","previousEventId":"xm08g9ex1lajnfn","previousOperationId":"9eupctuwalscbpq"}
{"type":"log","timestamp":1766742054064,"level":"debug","message":"Skipping storing report.","meta":{"rootId":"d0hgu04nfwvislb","id":"7px4svegilb6c92"},"id":"r3aotcs6qy38at6","previousOperationId":"9eupctuwalscbpq"}
{"type":"log","timestamp":1766742054064,"level":"info","message":"Rendering (child) request finished in 1245 ms","meta":{"rootId":"d0hgu04nfwvislb","id":"7px4svegilb6c92"},"id":"63672zpgyly8v71","previousOperationId":"9eupctuwalscbpq"}
{"type":"operationEnd","subtype":"render","operationId":"bj7sb02hblyuqex","timestamp":1766742054064,"id":"kbwiieiz4zxdbrf","previousEventId":"7z4wzmzxyavjeki","previousOperationId":"9eupctuwalscbpq"}
{"type":"log","timestamp":1766742057122,"level":"debug","message":"pptx successfully zipped","meta":{"rootId":"d0hgu04nfwvislb","id":"d0hgu04nfwvislb"},"id":"al412b2uqau2sn5","previousOperationId":"p0pgswcunj1n50j"}
{"type":"log","timestamp":1766742057122,"level":"info","message":"pptx generation was finished","meta":{"rootId":"d0hgu04nfwvislb","id":"d0hgu04nfwvislb"},"id":"4zggogohxleakox","previousOperationId":"p0pgswcunj1n50j"}
{"type":"operationEnd","operationId":"p0pgswcunj1n50j","timestamp":1766742057129,"id":"eb0i2zflb1spaif","previousEventId":"8gsc6m3ga8q0oqy","previousOperationId":"p0pgswcunj1n50j"}
{"type":"log","timestamp":1766742057129,"level":"debug","message":"Skipping storing report.","meta":{"rootId":"d0hgu04nfwvislb","id":"d0hgu04nfwvislb"},"id":"35p50i01h6vter1","previousOperationId":"p0pgswcunj1n50j"}
{"type":"log","timestamp":1766742057129,"level":"info","message":"Rendering request 5 finished in 4310 ms","meta":{"rootId":"d0hgu04nfwvislb","id":"d0hgu04nfwvislb"},"id":"wid0sqiomaqtmbu","previousOperationId":"p0pgswcunj1n50j"}
{"type":"operationEnd","subtype":"render","operationId":"rf5t885isdcizpt","timestamp":1766742057129,"id":"9ijduo9vzt09oqz","previousEventId":"eb0i2zflb1spaif","previousOperationId":"p0pgswcunj1n50j"}
{"type":"operationEnd","doDiffs":false,"previousEventId":"qylqtpvypdbhyme","previousOperationId":"icbngdlss38peoh","operationId":"icbngdlss38peoh","timestamp":1766742057137,"id":"yvkjxavcnnta4xd"}
