{"type":"operationStart","subtype":"profile","data":{"_id":"x3ov4nuJJjLiwIcY","timestamp":"2025-12-28T14:14:10.784Z","state":"running","mode":"standard","creationDate":"2025-12-28T14:14:10.791Z","modificationDate":"2025-12-28T14:14:10.791Z","shortid":"n4J1arX","$entitySet":"profiles","timeout":60000},"doDiffs":false,"timestamp":1766931250788,"id":"h8ki3m4ephwoiqu","previousOperationId":null,"operationId":"wgkl9h7n2onjlu4"}
{"type":"log","level":"info","message":"Render request 8 queued for execution and waiting for available worker","previousOperationId":"wgkl9h7n2onjlu4","timestamp":1766931250788,"id":"ugu5kock4b6we6x"}
{"type":"operationStart","subtype":"render","name":"anonymous","previousOperationId":"wgkl9h7n2onjlu4","timestamp":1766931250838,"id":"xyvs50eejswm1sz","previousEventId":"h8ki3m4ephwoiqu","operationId":"kweffovv6j8q92i"}
{"type":"log","timestamp":1766931250838,"level":"info","message":"Starting rendering request 8","meta":{"rootId":"d0s9wauirnoxvii","id":"d0s9wauirnoxvii"},"id":"sxnynd6rqden4h8","previousOperationId":"kweffovv6j8q92i"}
{"type":"log","timestamp":1766931250839,"level":"info","message":"Rendering anonymous template { recipe: pptx, engine: handlebars }","meta":{"rootId":"d0s9wauirnoxvii","id":"d0s9wauirnoxvii"},"id":"98f9ssbm8mn5kkv","previousOperationId":"kweffovv6j8q92i"}
{"type":"log","timestamp":1766931250839,"level":"debug","message":"Inline data specified.","meta":{"rootId":"d0s9wauirnoxvii","id":"d0s9wauirnoxvii"},"id":"oc8sw8izgji342o","previousOperationId":"kweffovv6j8q92i"}
{"type":"log","timestamp":1766931250841,"level":"debug","message":"Base url not specified, skipping its injection.","meta":{"rootId":"d0s9wauirnoxvii","id":"d0s9wauirnoxvii"},"id":"sad7a61pv7sy9s3","previousOperationId":"kweffovv6j8q92i"}
{"type":"operationStart","subtype":"engine","name":"handlebars","timestamp":1766931250841,"id":"jcqgfeblpdkiviq","previousEventId":"xyvs50eejswm1sz","operationId":"v7b4tr00rqk2cgp","previousOperationId":"kweffovv6j8q92i"}
{"type":"log","timestamp":1766931250841,"level":"debug","message":"Rendering engine handlebars","meta":{"rootId":"d0s9wauirnoxvii","id":"d0s9wauirnoxvii"},"id":"pf15ox3l5hn4s8g","previousOperationId":"v7b4tr00rqk2cgp"}
{"type":"operationEnd","operationId":"v7b4tr00rqk2cgp","timestamp":1766931250852,"id":"dht6k0bquit9hsq","previousEventId":"jcqgfeblpdkiviq","previousOperationId":"v7b4tr00rqk2cgp"}
{"type":"operationStart","subtype":"recipe","name":"pptx","timestamp":1766931250852,"id":"3hvgyfmvaqrbezq","previousEventId":"dht6k0bquit9hsq","operationId":"5t52szi0644i3mq","previousOperationId":"v7b4tr00rqk2cgp"}
{"type":"log","timestamp":1766931250852,"level":"debug","message":"Executing recipe pptx","meta":{"rootId":"d0s9wauirnoxvii","id":"d0s9wauirnoxvii"},"id":"14ogrgwa9oi3n66","previousOperationId":"5t52szi0644i3mq"}
{"type":"log","timestamp":1766931250867,"level":"info","message":"pptx generation is starting","meta":{"rootId":"d0s9wauirnoxvii","id":"d0s9wauirnoxvii"},"id":"sakoaf36rhon5c5","previousOperationId":"5t52szi0644i3mq"}
{"type":"log","timestamp":1766931251945,"level":"debug","message":"Starting child request to render pptx dynamic parts","meta":{"rootId":"d0s9wauirnoxvii","id":"d0s9wauirnoxvii"},"id":"p47w5gs3ku93xyc","previousOperationId":"5t52szi0644i3mq"}
{"type":"operationStart","subtype":"render","name":"anonymous","previousOperationId":"5t52szi0644i3mq","timestamp":1766931251945,"id":"1ewig78lhsrmlo2","previousEventId":"3hvgyfmvaqrbezq","operationId":"inhtkuga2z7gebk"}
{"type":"log","timestamp":1766931251945,"level":"info","message":"Starting rendering (child) request","meta":{"rootId":"d0s9wauirnoxvii","id":"hjkxiux7cocx2yc"},"id":"avu0y5txab4ss79","previousOperationId":"inhtkuga2z7gebk"}
{"type":"log","timestamp":1766931251945,"level":"info","message":"Rendering anonymous template { recipe: html, engine: handlebars }","meta":{"rootId":"d0s9wauirnoxvii","id":"hjkxiux7cocx2yc"},"id":"j7lyxy34qpa6amj","previousOperationId":"inhtkuga2z7gebk"}
{"type":"log","timestamp":1766931251945,"level":"debug","message":"Inline data specified.","meta":{"rootId":"d0s9wauirnoxvii","id":"hjkxiux7cocx2yc"},"id":"zimxh9zvwebv10m","previousOperationId":"inhtkuga2z7gebk"}
{"type":"log","timestamp":1766931251948,"level":"debug","message":"Base url not specified, skipping its injection.","meta":{"rootId":"d0s9wauirnoxvii","id":"hjkxiux7cocx2yc"},"id":"zyrulqzz9y83i4b","previousOperationId":"inhtkuga2z7gebk"}
{"type":"operationStart","subtype":"engine","name":"handlebars","timestamp":1766931251949,"id":"o8tadgf0hyv3liq","previousEventId":"1ewig78lhsrmlo2","operationId":"f84wq2c70k5jkpj","previousOperationId":"inhtkuga2z7gebk"}
{"type":"log","timestamp":1766931251949,"level":"debug","message":"Rendering engine handlebars","meta":{"rootId":"d0s9wauirnoxvii","id":"hjkxiux7cocx2yc"},"id":"1n22on6d6rcfoqy","previousOperationId":"f84wq2c70k5jkpj"}
{"type":"log","timestamp":1766931252039,"level":"debug","message":"(console:log) {\n  type: 'echarts@v5a',\n  width: 848,\n  height: 409,\n  option: { radar: [ [Object] ], series: [ [Object] ] }\n}","meta":{"userLevel":true,"rootId":"d0s9wauirnoxvii","id":"hjkxiux7cocx2yc"},"id":"zb3c6ojdkvvs5pr","previousOperationId":"f84wq2c70k5jkpj"}
{"type":"operationEnd","operationId":"f84wq2c70k5jkpj","timestamp":1766931252044,"id":"gf47avrap2zw5z9","previousEventId":"o8tadgf0hyv3liq","previousOperationId":"f84wq2c70k5jkpj"}
{"type":"operationStart","subtype":"recipe","name":"html","timestamp":1766931252051,"id":"wokvmpkemjq7xkf","previousEventId":"gf47avrap2zw5z9","operationId":"l7u4mewqkf6t0cg","previousOperationId":"f84wq2c70k5jkpj"}
{"type":"log","timestamp":1766931252051,"level":"debug","message":"Executing recipe html","meta":{"rootId":"d0s9wauirnoxvii","id":"hjkxiux7cocx2yc"},"id":"cschcrifbaizrh4","previousOperationId":"l7u4mewqkf6t0cg"}
{"type":"operationEnd","operationId":"l7u4mewqkf6t0cg","timestamp":1766931252051,"id":"l07918sy4upr3dj","previousEventId":"wokvmpkemjq7xkf","previousOperationId":"l7u4mewqkf6t0cg"}
{"type":"log","timestamp":1766931252051,"level":"debug","message":"Skipping storing report.","meta":{"rootId":"d0s9wauirnoxvii","id":"hjkxiux7cocx2yc"},"id":"jg6ykjjrivjwrjm","previousOperationId":"l7u4mewqkf6t0cg"}
{"type":"log","timestamp":1766931252051,"level":"info","message":"Rendering (child) request finished in 1269 ms","meta":{"rootId":"d0s9wauirnoxvii","id":"hjkxiux7cocx2yc"},"id":"bq4nuum4jws14pj","previousOperationId":"l7u4mewqkf6t0cg"}
{"type":"operationEnd","subtype":"render","operationId":"inhtkuga2z7gebk","timestamp":1766931252051,"id":"zduy9witqtrmb42","previousEventId":"l07918sy4upr3dj","previousOperationId":"l7u4mewqkf6t0cg"}
{"type":"log","timestamp":1766931254960,"level":"debug","message":"pptx successfully zipped","meta":{"rootId":"d0s9wauirnoxvii","id":"d0s9wauirnoxvii"},"id":"j6lw24z4bhp23il","previousOperationId":"5t52szi0644i3mq"}
{"type":"log","timestamp":1766931254960,"level":"info","message":"pptx generation was finished","meta":{"rootId":"d0s9wauirnoxvii","id":"d0s9wauirnoxvii"},"id":"7qmnkpnk4r8jj5w","previousOperationId":"5t52szi0644i3mq"}
{"type":"operationEnd","operationId":"5t52szi0644i3mq","timestamp":1766931254969,"id":"qx7ptm9jkmysnrn","previousEventId":"3hvgyfmvaqrbezq","previousOperationId":"5t52szi0644i3mq"}
{"type":"log","timestamp":1766931254969,"level":"debug","message":"Skipping storing report.","meta":{"rootId":"d0s9wauirnoxvii","id":"d0s9wauirnoxvii"},"id":"02m3c6ude1uazqz","previousOperationId":"5t52szi0644i3mq"}
{"type":"log","timestamp":1766931254970,"level":"info","message":"Rendering request 8 finished in 4188 ms","meta":{"rootId":"d0s9wauirnoxvii","id":"d0s9wauirnoxvii"},"id":"ylw6b361uj2o31f","previousOperationId":"5t52szi0644i3mq"}
{"type":"operationEnd","subtype":"render","operationId":"kweffovv6j8q92i","timestamp":1766931254970,"id":"g9mewpnohnc2dxd","previousEventId":"qx7ptm9jkmysnrn","previousOperationId":"5t52szi0644i3mq"}
{"type":"operationEnd","doDiffs":false,"previousEventId":"h8ki3m4ephwoiqu","previousOperationId":"wgkl9h7n2onjlu4","operationId":"wgkl9h7n2onjlu4","timestamp":1766931254974,"id":"1qg4rj3g01wthf6"}
