{"type":"operationStart","subtype":"profile","data":{"_id":"Xp5w366bL2WUXBYo","timestamp":"2025-12-30T19:34:31.722Z","state":"running","mode":"standard","creationDate":"2025-12-30T19:34:31.729Z","modificationDate":"2025-12-30T19:34:31.729Z","shortid":"FOIA35H","$entitySet":"profiles","timeout":60000},"doDiffs":false,"timestamp":1767123271726,"id":"zjc0d2hmek54l9i","previousOperationId":null,"operationId":"cgpaqv2fo9igwz5"}
{"type":"log","level":"info","message":"Render request 13 queued for execution and waiting for available worker","previousOperationId":"cgpaqv2fo9igwz5","timestamp":1767123271726,"id":"jcj1knxtdyhpexj"}
{"type":"operationStart","subtype":"render","name":"anonymous","previousOperationId":"cgpaqv2fo9igwz5","timestamp":1767123271781,"id":"l4ty3hwe6mcytfy","previousEventId":"zjc0d2hmek54l9i","operationId":"xqovypogf6qtqb7"}
{"type":"log","timestamp":1767123271782,"level":"info","message":"Starting rendering request 13","meta":{"rootId":"d2fypq3bk3mgrem","id":"d2fypq3bk3mgrem"},"id":"8hqels0cpp9ctmp","previousOperationId":"xqovypogf6qtqb7"}
{"type":"log","timestamp":1767123271782,"level":"info","message":"Rendering anonymous template { recipe: pptx, engine: handlebars }","meta":{"rootId":"d2fypq3bk3mgrem","id":"d2fypq3bk3mgrem"},"id":"rxuhrk5c71sgnps","previousOperationId":"xqovypogf6qtqb7"}
{"type":"log","timestamp":1767123271782,"level":"debug","message":"Inline data specified.","meta":{"rootId":"d2fypq3bk3mgrem","id":"d2fypq3bk3mgrem"},"id":"p3mzww1pia9qttm","previousOperationId":"xqovypogf6qtqb7"}
{"type":"log","timestamp":1767123271784,"level":"debug","message":"Base url not specified, skipping its injection.","meta":{"rootId":"d2fypq3bk3mgrem","id":"d2fypq3bk3mgrem"},"id":"09ersrwvp4jkkd7","previousOperationId":"xqovypogf6qtqb7"}
{"type":"operationStart","subtype":"engine","name":"handlebars","timestamp":1767123271785,"id":"67klinuhwxsbx1u","previousEventId":"l4ty3hwe6mcytfy","operationId":"odwu11te8mrd3n3","previousOperationId":"xqovypogf6qtqb7"}
{"type":"log","timestamp":1767123271785,"level":"debug","message":"Rendering engine handlebars","meta":{"rootId":"d2fypq3bk3mgrem","id":"d2fypq3bk3mgrem"},"id":"fjqjg2b2zjd22ja","previousOperationId":"odwu11te8mrd3n3"}
{"type":"operationEnd","operationId":"odwu11te8mrd3n3","timestamp":1767123271799,"id":"tdv9kowglrp8wkc","previousEventId":"67klinuhwxsbx1u","previousOperationId":"odwu11te8mrd3n3"}
{"type":"operationStart","subtype":"recipe","name":"pptx","timestamp":1767123271799,"id":"z5hs3dq8cjqvltx","previousEventId":"tdv9kowglrp8wkc","operationId":"bahtllzraj2vebs","previousOperationId":"odwu11te8mrd3n3"}
{"type":"log","timestamp":1767123271799,"level":"debug","message":"Executing recipe pptx","meta":{"rootId":"d2fypq3bk3mgrem","id":"d2fypq3bk3mgrem"},"id":"1c8y1wenz2i66px","previousOperationId":"bahtllzraj2vebs"}
{"type":"log","timestamp":1767123271824,"level":"info","message":"pptx generation is starting","meta":{"rootId":"d2fypq3bk3mgrem","id":"d2fypq3bk3mgrem"},"id":"udi4y20kz30rsdq","previousOperationId":"bahtllzraj2vebs"}
{"type":"log","timestamp":1767123273032,"level":"debug","message":"Starting child request to render pptx dynamic parts","meta":{"rootId":"d2fypq3bk3mgrem","id":"d2fypq3bk3mgrem"},"id":"eopop92thyc3fdp","previousOperationId":"bahtllzraj2vebs"}
{"type":"operationStart","subtype":"render","name":"anonymous","previousOperationId":"bahtllzraj2vebs","timestamp":1767123273033,"id":"c2cu5weubewpq4c","previousEventId":"z5hs3dq8cjqvltx","operationId":"5o0bvmqgz59w7gm"}
{"type":"log","timestamp":1767123273033,"level":"info","message":"Starting rendering (child) request","meta":{"rootId":"d2fypq3bk3mgrem","id":"q3dw06ojqv80oi2"},"id":"plpqwp3fgw9h3tl","previousOperationId":"5o0bvmqgz59w7gm"}
{"type":"log","timestamp":1767123273033,"level":"info","message":"Rendering anonymous template { recipe: html, engine: handlebars }","meta":{"rootId":"d2fypq3bk3mgrem","id":"q3dw06ojqv80oi2"},"id":"y6pxpzi6uausac2","previousOperationId":"5o0bvmqgz59w7gm"}
{"type":"log","timestamp":1767123273033,"level":"debug","message":"Inline data specified.","meta":{"rootId":"d2fypq3bk3mgrem","id":"q3dw06ojqv80oi2"},"id":"bfpezbxtldqcvom","previousOperationId":"5o0bvmqgz59w7gm"}
{"type":"log","timestamp":1767123273038,"level":"debug","message":"Base url not specified, skipping its injection.","meta":{"rootId":"d2fypq3bk3mgrem","id":"q3dw06ojqv80oi2"},"id":"odbv7b15h2jmnul","previousOperationId":"5o0bvmqgz59w7gm"}
{"type":"operationStart","subtype":"engine","name":"handlebars","timestamp":1767123273039,"id":"t69ic5cjhkqy0u0","previousEventId":"c2cu5weubewpq4c","operationId":"o1pxn5bgli291w7","previousOperationId":"5o0bvmqgz59w7gm"}
{"type":"log","timestamp":1767123273039,"level":"debug","message":"Rendering engine handlebars","meta":{"rootId":"d2fypq3bk3mgrem","id":"q3dw06ojqv80oi2"},"id":"he1jbnpm8ea8scu","previousOperationId":"o1pxn5bgli291w7"}
{"type":"log","timestamp":1767123273182,"level":"debug","message":"(console:log) {\n  type: 'echarts@v5a',\n  width: 848,\n  height: 409,\n  option: { radar: [ [Object] ], series: [ [Object] ] }\n}","meta":{"userLevel":true,"rootId":"d2fypq3bk3mgrem","id":"q3dw06ojqv80oi2"},"id":"pjpxbi0duclv895","previousOperationId":"o1pxn5bgli291w7"}
{"type":"operationEnd","operationId":"o1pxn5bgli291w7","timestamp":1767123273190,"id":"v513fsxilacud5h","previousEventId":"t69ic5cjhkqy0u0","previousOperationId":"o1pxn5bgli291w7"}
{"type":"operationStart","subtype":"recipe","name":"html","timestamp":1767123273202,"id":"pvas91dk1aczcc8","previousEventId":"v513fsxilacud5h","operationId":"av4p8dxq7uwdaw6","previousOperationId":"o1pxn5bgli291w7"}
{"type":"log","timestamp":1767123273202,"level":"debug","message":"Executing recipe html","meta":{"rootId":"d2fypq3bk3mgrem","id":"q3dw06ojqv80oi2"},"id":"8vg2ripg2ogwr3q","previousOperationId":"av4p8dxq7uwdaw6"}
{"type":"operationEnd","operationId":"av4p8dxq7uwdaw6","timestamp":1767123273203,"id":"xtj6x6d21x99v81","previousEventId":"pvas91dk1aczcc8","previousOperationId":"av4p8dxq7uwdaw6"}
{"type":"log","timestamp":1767123273203,"level":"debug","message":"Skipping storing report.","meta":{"rootId":"d2fypq3bk3mgrem","id":"q3dw06ojqv80oi2"},"id":"2ylavy2x6xlrscn","previousOperationId":"av4p8dxq7uwdaw6"}
{"type":"log","timestamp":1767123273203,"level":"info","message":"Rendering (child) request finished in 1484 ms","meta":{"rootId":"d2fypq3bk3mgrem","id":"q3dw06ojqv80oi2"},"id":"uumzv3cm9gj8sry","previousOperationId":"av4p8dxq7uwdaw6"}
{"type":"operationEnd","subtype":"render","operationId":"5o0bvmqgz59w7gm","timestamp":1767123273203,"id":"da57apu33oznxu5","previousEventId":"xtj6x6d21x99v81","previousOperationId":"av4p8dxq7uwdaw6"}
{"type":"log","timestamp":1767123276745,"level":"debug","message":"pptx successfully zipped","meta":{"rootId":"d2fypq3bk3mgrem","id":"d2fypq3bk3mgrem"},"id":"s9oubm4iaik3f2p","previousOperationId":"bahtllzraj2vebs"}
{"type":"log","timestamp":1767123276745,"level":"info","message":"pptx generation was finished","meta":{"rootId":"d2fypq3bk3mgrem","id":"d2fypq3bk3mgrem"},"id":"26cwvjaefwsfnxr","previousOperationId":"bahtllzraj2vebs"}
{"type":"operationEnd","operationId":"bahtllzraj2vebs","timestamp":1767123276753,"id":"z7xacfibm9kzv5f","previousEventId":"z5hs3dq8cjqvltx","previousOperationId":"bahtllzraj2vebs"}
{"type":"log","timestamp":1767123276754,"level":"debug","message":"Skipping storing report.","meta":{"rootId":"d2fypq3bk3mgrem","id":"d2fypq3bk3mgrem"},"id":"ohci1ias5vw09y9","previousOperationId":"bahtllzraj2vebs"}
{"type":"log","timestamp":1767123276754,"level":"info","message":"Rendering request 13 finished in 5035 ms","meta":{"rootId":"d2fypq3bk3mgrem","id":"d2fypq3bk3mgrem"},"id":"n87db59ky7tf0x9","previousOperationId":"bahtllzraj2vebs"}
{"type":"operationEnd","subtype":"render","operationId":"xqovypogf6qtqb7","timestamp":1767123276754,"id":"kee9svvcjkehcmt","previousEventId":"z7xacfibm9kzv5f","previousOperationId":"bahtllzraj2vebs"}
{"type":"operationEnd","doDiffs":false,"previousEventId":"zjc0d2hmek54l9i","previousOperationId":"cgpaqv2fo9igwz5","operationId":"cgpaqv2fo9igwz5","timestamp":1767123276759,"id":"jtgs6kfg576bu97"}
