{"type":"operationStart","subtype":"profile","data":{"_id":"HZEA8kjabREFhZQS","timestamp":"2025-12-28T14:18:33.162Z","state":"running","mode":"standard","creationDate":"2025-12-28T14:18:33.167Z","modificationDate":"2025-12-28T14:18:33.167Z","shortid":"OLbdZld","$entitySet":"profiles","timeout":60000},"doDiffs":false,"timestamp":1766931513165,"id":"o8r3sp5ytu06u2v","previousOperationId":null,"operationId":"r6xv5wlhz9k2sli"}
{"type":"log","level":"info","message":"Render request 10 queued for execution and waiting for available worker","previousOperationId":"r6xv5wlhz9k2sli","timestamp":1766931513165,"id":"8rb0fzn2frp2xzj"}
{"type":"operationStart","subtype":"render","name":"anonymous","previousOperationId":"r6xv5wlhz9k2sli","timestamp":1766931513209,"id":"9u3kfro51rcri92","previousEventId":"o8r3sp5ytu06u2v","operationId":"03mj2ovleru6eck"}
{"type":"log","timestamp":1766931513209,"level":"info","message":"Starting rendering request 10","meta":{"rootId":"d6uicvphsq1bqvy","id":"d6uicvphsq1bqvy"},"id":"meaaxdz580vgykr","previousOperationId":"03mj2ovleru6eck"}
{"type":"log","timestamp":1766931513210,"level":"info","message":"Rendering anonymous template { recipe: pptx, engine: handlebars }","meta":{"rootId":"d6uicvphsq1bqvy","id":"d6uicvphsq1bqvy"},"id":"76dq22ta0fzrf5z","previousOperationId":"03mj2ovleru6eck"}
{"type":"log","timestamp":1766931513210,"level":"debug","message":"Inline data specified.","meta":{"rootId":"d6uicvphsq1bqvy","id":"d6uicvphsq1bqvy"},"id":"x5djwss8mom73im","previousOperationId":"03mj2ovleru6eck"}
{"type":"log","timestamp":1766931513214,"level":"debug","message":"Base url not specified, skipping its injection.","meta":{"rootId":"d6uicvphsq1bqvy","id":"d6uicvphsq1bqvy"},"id":"n4sh0mfbtukdgd4","previousOperationId":"03mj2ovleru6eck"}
{"type":"operationStart","subtype":"engine","name":"handlebars","timestamp":1766931513214,"id":"7aoi4jaddpus3na","previousEventId":"9u3kfro51rcri92","operationId":"6z8b57egyysybc5","previousOperationId":"03mj2ovleru6eck"}
{"type":"log","timestamp":1766931513214,"level":"debug","message":"Rendering engine handlebars","meta":{"rootId":"d6uicvphsq1bqvy","id":"d6uicvphsq1bqvy"},"id":"lnddyfe4863ost0","previousOperationId":"6z8b57egyysybc5"}
{"type":"operationEnd","operationId":"6z8b57egyysybc5","timestamp":1766931513222,"id":"ypq02lifee2jdme","previousEventId":"7aoi4jaddpus3na","previousOperationId":"6z8b57egyysybc5"}
{"type":"operationStart","subtype":"recipe","name":"pptx","timestamp":1766931513223,"id":"54ceyhsf94gnzza","previousEventId":"ypq02lifee2jdme","operationId":"8ywdnvm5fpwod4t","previousOperationId":"6z8b57egyysybc5"}
{"type":"log","timestamp":1766931513223,"level":"debug","message":"Executing recipe pptx","meta":{"rootId":"d6uicvphsq1bqvy","id":"d6uicvphsq1bqvy"},"id":"pd6un6359yvk5hb","previousOperationId":"8ywdnvm5fpwod4t"}
{"type":"log","timestamp":1766931513235,"level":"info","message":"pptx generation is starting","meta":{"rootId":"d6uicvphsq1bqvy","id":"d6uicvphsq1bqvy"},"id":"58a7hq4e374veoh","previousOperationId":"8ywdnvm5fpwod4t"}
{"type":"log","timestamp":1766931514303,"level":"debug","message":"Starting child request to render pptx dynamic parts","meta":{"rootId":"d6uicvphsq1bqvy","id":"d6uicvphsq1bqvy"},"id":"i7prkppi7xoo9vc","previousOperationId":"8ywdnvm5fpwod4t"}
{"type":"operationStart","subtype":"render","name":"anonymous","previousOperationId":"8ywdnvm5fpwod4t","timestamp":1766931514303,"id":"9q7tuoi5ywn308z","previousEventId":"54ceyhsf94gnzza","operationId":"ticsk33bn9and7p"}
{"type":"log","timestamp":1766931514303,"level":"info","message":"Starting rendering (child) request","meta":{"rootId":"d6uicvphsq1bqvy","id":"vm6i3hliot44609"},"id":"ijmhw32nk6gkjj0","previousOperationId":"ticsk33bn9and7p"}
{"type":"log","timestamp":1766931514304,"level":"info","message":"Rendering anonymous template { recipe: html, engine: handlebars }","meta":{"rootId":"d6uicvphsq1bqvy","id":"vm6i3hliot44609"},"id":"2vlmdm69t1mdjfo","previousOperationId":"ticsk33bn9and7p"}
{"type":"log","timestamp":1766931514304,"level":"debug","message":"Inline data specified.","meta":{"rootId":"d6uicvphsq1bqvy","id":"vm6i3hliot44609"},"id":"uqwvmgka2ewbpl7","previousOperationId":"ticsk33bn9and7p"}
{"type":"log","timestamp":1766931514309,"level":"debug","message":"Base url not specified, skipping its injection.","meta":{"rootId":"d6uicvphsq1bqvy","id":"vm6i3hliot44609"},"id":"id75hsa264qkokm","previousOperationId":"ticsk33bn9and7p"}
{"type":"operationStart","subtype":"engine","name":"handlebars","timestamp":1766931514310,"id":"lrc12n3bm90lqkb","previousEventId":"9q7tuoi5ywn308z","operationId":"k5syzdcwi13oo54","previousOperationId":"ticsk33bn9and7p"}
{"type":"log","timestamp":1766931514310,"level":"debug","message":"Rendering engine handlebars","meta":{"rootId":"d6uicvphsq1bqvy","id":"vm6i3hliot44609"},"id":"pcmeyfhatyp2psn","previousOperationId":"k5syzdcwi13oo54"}
{"type":"log","timestamp":1766931514417,"level":"debug","message":"(console:log) {\n  type: 'echarts@v5a',\n  width: 848,\n  height: 409,\n  option: { radar: [ [Object] ], series: [ [Object] ] }\n}","meta":{"userLevel":true,"rootId":"d6uicvphsq1bqvy","id":"vm6i3hliot44609"},"id":"oikq80hy96ea0dm","previousOperationId":"k5syzdcwi13oo54"}
{"type":"operationEnd","operationId":"k5syzdcwi13oo54","timestamp":1766931514424,"id":"cup8tb0rc4y0y96","previousEventId":"lrc12n3bm90lqkb","previousOperationId":"k5syzdcwi13oo54"}
{"type":"operationStart","subtype":"recipe","name":"html","timestamp":1766931514433,"id":"19y6peoyxf5bk81","previousEventId":"cup8tb0rc4y0y96","operationId":"bbas5wddlrf8vbi","previousOperationId":"k5syzdcwi13oo54"}
{"type":"log","timestamp":1766931514433,"level":"debug","message":"Executing recipe html","meta":{"rootId":"d6uicvphsq1bqvy","id":"vm6i3hliot44609"},"id":"wse71zfz5datxcj","previousOperationId":"bbas5wddlrf8vbi"}
{"type":"operationEnd","operationId":"bbas5wddlrf8vbi","timestamp":1766931514433,"id":"fdy5kwoegusx3wu","previousEventId":"19y6peoyxf5bk81","previousOperationId":"bbas5wddlrf8vbi"}
{"type":"log","timestamp":1766931514434,"level":"debug","message":"Skipping storing report.","meta":{"rootId":"d6uicvphsq1bqvy","id":"vm6i3hliot44609"},"id":"nu95gt2a3cgfhmz","previousOperationId":"bbas5wddlrf8vbi"}
{"type":"log","timestamp":1766931514434,"level":"info","message":"Rendering (child) request finished in 1274 ms","meta":{"rootId":"d6uicvphsq1bqvy","id":"vm6i3hliot44609"},"id":"5ofx198t3dooydy","previousOperationId":"bbas5wddlrf8vbi"}
{"type":"operationEnd","subtype":"render","operationId":"ticsk33bn9and7p","timestamp":1766931514434,"id":"o87abfzc121ivnf","previousEventId":"fdy5kwoegusx3wu","previousOperationId":"bbas5wddlrf8vbi"}
{"type":"log","timestamp":1766931517307,"level":"debug","message":"pptx successfully zipped","meta":{"rootId":"d6uicvphsq1bqvy","id":"d6uicvphsq1bqvy"},"id":"netacb9z8kbfubo","previousOperationId":"8ywdnvm5fpwod4t"}
{"type":"log","timestamp":1766931517307,"level":"info","message":"pptx generation was finished","meta":{"rootId":"d6uicvphsq1bqvy","id":"d6uicvphsq1bqvy"},"id":"2jlyy9e0nqewe35","previousOperationId":"8ywdnvm5fpwod4t"}
{"type":"operationEnd","operationId":"8ywdnvm5fpwod4t","timestamp":1766931517316,"id":"2swneasx6duv2mn","previousEventId":"54ceyhsf94gnzza","previousOperationId":"8ywdnvm5fpwod4t"}
{"type":"log","timestamp":1766931517316,"level":"debug","message":"Skipping storing report.","meta":{"rootId":"d6uicvphsq1bqvy","id":"d6uicvphsq1bqvy"},"id":"2mdt5ja6b6t8p56","previousOperationId":"8ywdnvm5fpwod4t"}
{"type":"log","timestamp":1766931517316,"level":"info","message":"Rendering request 10 finished in 4156 ms","meta":{"rootId":"d6uicvphsq1bqvy","id":"d6uicvphsq1bqvy"},"id":"r6dciyspn4g87t4","previousOperationId":"8ywdnvm5fpwod4t"}
{"type":"operationEnd","subtype":"render","operationId":"03mj2ovleru6eck","timestamp":1766931517316,"id":"v0ko6mwyg0z5ulg","previousEventId":"2swneasx6duv2mn","previousOperationId":"8ywdnvm5fpwod4t"}
{"type":"operationEnd","doDiffs":false,"previousEventId":"o8r3sp5ytu06u2v","previousOperationId":"r6xv5wlhz9k2sli","operationId":"r6xv5wlhz9k2sli","timestamp":1766931517319,"id":"x0th56hd2hrxzvz"}
