{"type":"operationStart","subtype":"profile","data":{"_id":"VAjVTKCPUbx4eomL","timestamp":"2025-12-27T13:08:52.719Z","state":"running","mode":"standard","creationDate":"2025-12-27T13:08:52.727Z","modificationDate":"2025-12-27T13:08:52.727Z","shortid":"x-3MksQ","$entitySet":"profiles","timeout":60000},"doDiffs":false,"timestamp":1766840932723,"id":"3k2ajjui8ybolyd","previousOperationId":null,"operationId":"ajftagiv2fw6sn1"}
{"type":"log","level":"info","message":"Render request 5 queued for execution and waiting for available worker","previousOperationId":"ajftagiv2fw6sn1","timestamp":1766840932723,"id":"zmr6oxbeo7kbsvw"}
{"type":"operationStart","subtype":"render","name":"anonymous","previousOperationId":"ajftagiv2fw6sn1","timestamp":1766840932787,"id":"jqynraxkbki1vaw","previousEventId":"3k2ajjui8ybolyd","operationId":"udybt44vcvqv0qq"}
{"type":"log","timestamp":1766840932788,"level":"info","message":"Starting rendering request 5","meta":{"rootId":"dbd8xi2x3fi4gdq","id":"dbd8xi2x3fi4gdq"},"id":"l1hj45alu35c81z","previousOperationId":"udybt44vcvqv0qq"}
{"type":"log","timestamp":1766840932788,"level":"info","message":"Rendering anonymous template { recipe: pptx, engine: handlebars }","meta":{"rootId":"dbd8xi2x3fi4gdq","id":"dbd8xi2x3fi4gdq"},"id":"lke44h6a2n83yb1","previousOperationId":"udybt44vcvqv0qq"}
{"type":"log","timestamp":1766840932788,"level":"debug","message":"Inline data specified.","meta":{"rootId":"dbd8xi2x3fi4gdq","id":"dbd8xi2x3fi4gdq"},"id":"glqqdf29bfk6nk4","previousOperationId":"udybt44vcvqv0qq"}
{"type":"log","timestamp":1766840932792,"level":"debug","message":"Base url not specified, skipping its injection.","meta":{"rootId":"dbd8xi2x3fi4gdq","id":"dbd8xi2x3fi4gdq"},"id":"0s0hn85r3jabndk","previousOperationId":"udybt44vcvqv0qq"}
{"type":"operationStart","subtype":"engine","name":"handlebars","timestamp":1766840932793,"id":"tsvntpwyu7hz0ek","previousEventId":"jqynraxkbki1vaw","operationId":"gmh5c832fc9b0rz","previousOperationId":"udybt44vcvqv0qq"}
{"type":"log","timestamp":1766840932793,"level":"debug","message":"Rendering engine handlebars","meta":{"rootId":"dbd8xi2x3fi4gdq","id":"dbd8xi2x3fi4gdq"},"id":"2iavkxgb7tggzh2","previousOperationId":"gmh5c832fc9b0rz"}
{"type":"operationEnd","operationId":"gmh5c832fc9b0rz","timestamp":1766840932815,"id":"kppa2k9oc2tz6fi","previousEventId":"tsvntpwyu7hz0ek","previousOperationId":"gmh5c832fc9b0rz"}
{"type":"operationStart","subtype":"recipe","name":"pptx","timestamp":1766840932816,"id":"88708q561ihykmu","previousEventId":"kppa2k9oc2tz6fi","operationId":"pdpdkdm4cr2cu0s","previousOperationId":"gmh5c832fc9b0rz"}
{"type":"log","timestamp":1766840932816,"level":"debug","message":"Executing recipe pptx","meta":{"rootId":"dbd8xi2x3fi4gdq","id":"dbd8xi2x3fi4gdq"},"id":"053jam2h612vh2t","previousOperationId":"pdpdkdm4cr2cu0s"}
{"type":"log","timestamp":1766840932827,"level":"info","message":"pptx generation is starting","meta":{"rootId":"dbd8xi2x3fi4gdq","id":"dbd8xi2x3fi4gdq"},"id":"wqb936u4xhuahsc","previousOperationId":"pdpdkdm4cr2cu0s"}
{"type":"log","timestamp":1766840933898,"level":"debug","message":"Starting child request to render pptx dynamic parts","meta":{"rootId":"dbd8xi2x3fi4gdq","id":"dbd8xi2x3fi4gdq"},"id":"gyg4rut10k26qie","previousOperationId":"pdpdkdm4cr2cu0s"}
{"type":"operationStart","subtype":"render","name":"anonymous","previousOperationId":"pdpdkdm4cr2cu0s","timestamp":1766840933899,"id":"u4hsimyokjr6lof","previousEventId":"88708q561ihykmu","operationId":"qsw8l5b7968dspa"}
{"type":"log","timestamp":1766840933899,"level":"info","message":"Starting rendering (child) request","meta":{"rootId":"dbd8xi2x3fi4gdq","id":"5ilu8gcytj6fip7"},"id":"muq7ixtpnzwsbhv","previousOperationId":"qsw8l5b7968dspa"}
{"type":"log","timestamp":1766840933899,"level":"info","message":"Rendering anonymous template { recipe: html, engine: handlebars }","meta":{"rootId":"dbd8xi2x3fi4gdq","id":"5ilu8gcytj6fip7"},"id":"nmtnlasrfdca6fb","previousOperationId":"qsw8l5b7968dspa"}
{"type":"log","timestamp":1766840933899,"level":"debug","message":"Inline data specified.","meta":{"rootId":"dbd8xi2x3fi4gdq","id":"5ilu8gcytj6fip7"},"id":"kpjijohgrxhwzv4","previousOperationId":"qsw8l5b7968dspa"}
{"type":"log","timestamp":1766840933903,"level":"debug","message":"Base url not specified, skipping its injection.","meta":{"rootId":"dbd8xi2x3fi4gdq","id":"5ilu8gcytj6fip7"},"id":"m4e5nuf49td3ygg","previousOperationId":"qsw8l5b7968dspa"}
{"type":"operationStart","subtype":"engine","name":"handlebars","timestamp":1766840933904,"id":"b9pj47bkgd74a9v","previousEventId":"u4hsimyokjr6lof","operationId":"jbf50qp06t6omza","previousOperationId":"qsw8l5b7968dspa"}
{"type":"log","timestamp":1766840933904,"level":"debug","message":"Rendering engine handlebars","meta":{"rootId":"dbd8xi2x3fi4gdq","id":"5ilu8gcytj6fip7"},"id":"n9y6iuowsqq3iaj","previousOperationId":"jbf50qp06t6omza"}
{"type":"operationEnd","operationId":"jbf50qp06t6omza","timestamp":1766840933999,"id":"6vhur0fcac2ocpr","previousEventId":"b9pj47bkgd74a9v","previousOperationId":"jbf50qp06t6omza"}
{"type":"operationStart","subtype":"recipe","name":"html","timestamp":1766840934005,"id":"rqag5gf0f3sa2h2","previousEventId":"6vhur0fcac2ocpr","operationId":"66lyllrbprb7yg4","previousOperationId":"jbf50qp06t6omza"}
{"type":"log","timestamp":1766840934005,"level":"debug","message":"Executing recipe html","meta":{"rootId":"dbd8xi2x3fi4gdq","id":"5ilu8gcytj6fip7"},"id":"xdarkq5cgkgdk96","previousOperationId":"66lyllrbprb7yg4"}
{"type":"operationEnd","operationId":"66lyllrbprb7yg4","timestamp":1766840934005,"id":"ld3zawgiqe2zq6c","previousEventId":"rqag5gf0f3sa2h2","previousOperationId":"66lyllrbprb7yg4"}
{"type":"log","timestamp":1766840934005,"level":"debug","message":"Skipping storing report.","meta":{"rootId":"dbd8xi2x3fi4gdq","id":"5ilu8gcytj6fip7"},"id":"ll6a8cuhajdss1i","previousOperationId":"66lyllrbprb7yg4"}
{"type":"log","timestamp":1766840934005,"level":"info","message":"Rendering (child) request finished in 1288 ms","meta":{"rootId":"dbd8xi2x3fi4gdq","id":"5ilu8gcytj6fip7"},"id":"oowsoxdrjlbaahl","previousOperationId":"66lyllrbprb7yg4"}
{"type":"operationEnd","subtype":"render","operationId":"qsw8l5b7968dspa","timestamp":1766840934005,"id":"ko2qp6hafozc2tz","previousEventId":"ld3zawgiqe2zq6c","previousOperationId":"66lyllrbprb7yg4"}
{"type":"log","timestamp":1766840936434,"level":"debug","message":"pptx successfully zipped","meta":{"rootId":"dbd8xi2x3fi4gdq","id":"dbd8xi2x3fi4gdq"},"id":"8sq973etzi9mit9","previousOperationId":"pdpdkdm4cr2cu0s"}
{"type":"log","timestamp":1766840936434,"level":"info","message":"pptx generation was finished","meta":{"rootId":"dbd8xi2x3fi4gdq","id":"dbd8xi2x3fi4gdq"},"id":"vibkbl36jt8ke16","previousOperationId":"pdpdkdm4cr2cu0s"}
{"type":"operationEnd","operationId":"pdpdkdm4cr2cu0s","timestamp":1766840936442,"id":"5uti3onb08yr4lk","previousEventId":"88708q561ihykmu","previousOperationId":"pdpdkdm4cr2cu0s"}
{"type":"log","timestamp":1766840936442,"level":"debug","message":"Skipping storing report.","meta":{"rootId":"dbd8xi2x3fi4gdq","id":"dbd8xi2x3fi4gdq"},"id":"x1jq7y7pb4uwj12","previousOperationId":"pdpdkdm4cr2cu0s"}
{"type":"log","timestamp":1766840936443,"level":"info","message":"Rendering request 5 finished in 3726 ms","meta":{"rootId":"dbd8xi2x3fi4gdq","id":"dbd8xi2x3fi4gdq"},"id":"9af5db9hfxbxw95","previousOperationId":"pdpdkdm4cr2cu0s"}
{"type":"operationEnd","subtype":"render","operationId":"udybt44vcvqv0qq","timestamp":1766840936443,"id":"a02p7t3ni25wys0","previousEventId":"5uti3onb08yr4lk","previousOperationId":"pdpdkdm4cr2cu0s"}
{"type":"operationEnd","doDiffs":false,"previousEventId":"3k2ajjui8ybolyd","previousOperationId":"ajftagiv2fw6sn1","operationId":"ajftagiv2fw6sn1","timestamp":1766840936445,"id":"xdtzvqyiq5i72qk"}
