{"type":"operationStart","subtype":"profile","data":{"_id":"3QYIWkFGDUWDEbue","timestamp":"2025-12-31T21:07:46.533Z","state":"running","mode":"standard","creationDate":"2025-12-31T21:07:46.541Z","modificationDate":"2025-12-31T21:07:46.541Z","shortid":"ZIQhxIR","$entitySet":"profiles","timeout":60000},"doDiffs":false,"timestamp":1767215266537,"id":"vhfkj80s4f3o6cb","previousOperationId":null,"operationId":"y9lqc0h1fjysawo"}
{"type":"log","level":"info","message":"Render request 3 queued for execution and waiting for available worker","previousOperationId":"y9lqc0h1fjysawo","timestamp":1767215266537,"id":"fv8df85uycm2emn"}
{"type":"operationStart","subtype":"render","name":"anonymous","previousOperationId":"y9lqc0h1fjysawo","timestamp":1767215266619,"id":"deqa0dw0r6hjoij","previousEventId":"vhfkj80s4f3o6cb","operationId":"tdkqew1mg7gjbqm"}
{"type":"log","timestamp":1767215266619,"level":"info","message":"Starting rendering request 3","meta":{"rootId":"dlpqicth3h835wh","id":"dlpqicth3h835wh"},"id":"egrd90vj1ltkqeg","previousOperationId":"tdkqew1mg7gjbqm"}
{"type":"log","timestamp":1767215266619,"level":"info","message":"Rendering anonymous template { recipe: pptx, engine: handlebars }","meta":{"rootId":"dlpqicth3h835wh","id":"dlpqicth3h835wh"},"id":"7w4vz7zzr8imdy9","previousOperationId":"tdkqew1mg7gjbqm"}
{"type":"log","timestamp":1767215266620,"level":"debug","message":"Inline data specified.","meta":{"rootId":"dlpqicth3h835wh","id":"dlpqicth3h835wh"},"id":"vitu9fkszjg2yii","previousOperationId":"tdkqew1mg7gjbqm"}
{"type":"log","timestamp":1767215266628,"level":"debug","message":"Base url not specified, skipping its injection.","meta":{"rootId":"dlpqicth3h835wh","id":"dlpqicth3h835wh"},"id":"z5x1fzo58b009uw","previousOperationId":"tdkqew1mg7gjbqm"}
{"type":"operationStart","subtype":"engine","name":"handlebars","timestamp":1767215266629,"id":"3oyrz3itdvayckj","previousEventId":"deqa0dw0r6hjoij","operationId":"yk8a9magmlwddci","previousOperationId":"tdkqew1mg7gjbqm"}
{"type":"log","timestamp":1767215266629,"level":"debug","message":"Rendering engine handlebars","meta":{"rootId":"dlpqicth3h835wh","id":"dlpqicth3h835wh"},"id":"2gwa8yt2aczldiu","previousOperationId":"yk8a9magmlwddci"}
{"type":"operationEnd","operationId":"yk8a9magmlwddci","timestamp":1767215266649,"id":"c6xqexoxnn6rrvn","previousEventId":"3oyrz3itdvayckj","previousOperationId":"yk8a9magmlwddci"}
{"type":"operationStart","subtype":"recipe","name":"pptx","timestamp":1767215266650,"id":"u1io1od30xr8114","previousEventId":"c6xqexoxnn6rrvn","operationId":"klubfr87yjrpr1q","previousOperationId":"yk8a9magmlwddci"}
{"type":"log","timestamp":1767215266650,"level":"debug","message":"Executing recipe pptx","meta":{"rootId":"dlpqicth3h835wh","id":"dlpqicth3h835wh"},"id":"sc151p1uhaad896","previousOperationId":"klubfr87yjrpr1q"}
{"type":"log","timestamp":1767215266678,"level":"info","message":"pptx generation is starting","meta":{"rootId":"dlpqicth3h835wh","id":"dlpqicth3h835wh"},"id":"mkpdscogjqjwglg","previousOperationId":"klubfr87yjrpr1q"}
{"type":"log","timestamp":1767215268724,"level":"debug","message":"Starting child request to render pptx dynamic parts","meta":{"rootId":"dlpqicth3h835wh","id":"dlpqicth3h835wh"},"id":"6k048juh3mem0c1","previousOperationId":"klubfr87yjrpr1q"}
{"type":"operationStart","subtype":"render","name":"anonymous","previousOperationId":"klubfr87yjrpr1q","timestamp":1767215268725,"id":"16lg492tn894g6a","previousEventId":"u1io1od30xr8114","operationId":"d700gtjclx5mgdg"}
{"type":"log","timestamp":1767215268726,"level":"info","message":"Starting rendering (child) request","meta":{"rootId":"dlpqicth3h835wh","id":"215yybmmfcmup8p"},"id":"v8iblu4l0kccty6","previousOperationId":"d700gtjclx5mgdg"}
{"type":"log","timestamp":1767215268726,"level":"info","message":"Rendering anonymous template { recipe: html, engine: handlebars }","meta":{"rootId":"dlpqicth3h835wh","id":"215yybmmfcmup8p"},"id":"7nlfe9hav19ihgg","previousOperationId":"d700gtjclx5mgdg"}
{"type":"log","timestamp":1767215268726,"level":"debug","message":"Inline data specified.","meta":{"rootId":"dlpqicth3h835wh","id":"215yybmmfcmup8p"},"id":"dbnd78yjjduf6c4","previousOperationId":"d700gtjclx5mgdg"}
{"type":"log","timestamp":1767215268735,"level":"debug","message":"Base url not specified, skipping its injection.","meta":{"rootId":"dlpqicth3h835wh","id":"215yybmmfcmup8p"},"id":"ji27aiah9n3v2ox","previousOperationId":"d700gtjclx5mgdg"}
{"type":"operationStart","subtype":"engine","name":"handlebars","timestamp":1767215268737,"id":"acdierfn9laoh5w","previousEventId":"16lg492tn894g6a","operationId":"ahg1e2jrpwhjho6","previousOperationId":"d700gtjclx5mgdg"}
{"type":"log","timestamp":1767215268737,"level":"debug","message":"Rendering engine handlebars","meta":{"rootId":"dlpqicth3h835wh","id":"215yybmmfcmup8p"},"id":"4avcl7xtawg8bq2","previousOperationId":"ahg1e2jrpwhjho6"}
{"type":"log","timestamp":1767215268979,"level":"debug","message":"(console:log) {\n  type: 'echarts@v5a',\n  width: 848,\n  height: 409,\n  option: { radar: [ [Object] ], series: [ [Object] ] }\n}","meta":{"userLevel":true,"rootId":"dlpqicth3h835wh","id":"215yybmmfcmup8p"},"id":"s0tzboun9b9yuw6","previousOperationId":"ahg1e2jrpwhjho6"}
{"type":"operationEnd","operationId":"ahg1e2jrpwhjho6","timestamp":1767215268995,"id":"lql27hpvhswiczh","previousEventId":"acdierfn9laoh5w","previousOperationId":"ahg1e2jrpwhjho6"}
{"type":"operationStart","subtype":"recipe","name":"html","timestamp":1767215269018,"id":"l5c5r52mpijbajg","previousEventId":"lql27hpvhswiczh","operationId":"0dpicdxkm67qlyo","previousOperationId":"ahg1e2jrpwhjho6"}
{"type":"log","timestamp":1767215269018,"level":"debug","message":"Executing recipe html","meta":{"rootId":"dlpqicth3h835wh","id":"215yybmmfcmup8p"},"id":"o2tvuxi5d75t9yi","previousOperationId":"0dpicdxkm67qlyo"}
{"type":"operationEnd","operationId":"0dpicdxkm67qlyo","timestamp":1767215269019,"id":"klk14bb7svyc21f","previousEventId":"l5c5r52mpijbajg","previousOperationId":"0dpicdxkm67qlyo"}
{"type":"log","timestamp":1767215269019,"level":"debug","message":"Skipping storing report.","meta":{"rootId":"dlpqicth3h835wh","id":"215yybmmfcmup8p"},"id":"oukpz5dyuu85d04","previousOperationId":"0dpicdxkm67qlyo"}
{"type":"log","timestamp":1767215269019,"level":"info","message":"Rendering (child) request finished in 2489 ms","meta":{"rootId":"dlpqicth3h835wh","id":"215yybmmfcmup8p"},"id":"of0j16urnko23lp","previousOperationId":"0dpicdxkm67qlyo"}
{"type":"operationEnd","subtype":"render","operationId":"d700gtjclx5mgdg","timestamp":1767215269019,"id":"88bw3dpbjkhztde","previousEventId":"klk14bb7svyc21f","previousOperationId":"0dpicdxkm67qlyo"}
{"type":"log","timestamp":1767215275472,"level":"debug","message":"pptx successfully zipped","meta":{"rootId":"dlpqicth3h835wh","id":"dlpqicth3h835wh"},"id":"12c4x7flc6ge6ce","previousOperationId":"klubfr87yjrpr1q"}
{"type":"log","timestamp":1767215275472,"level":"info","message":"pptx generation was finished","meta":{"rootId":"dlpqicth3h835wh","id":"dlpqicth3h835wh"},"id":"0hky04fplb85a71","previousOperationId":"klubfr87yjrpr1q"}
{"type":"operationEnd","operationId":"klubfr87yjrpr1q","timestamp":1767215275482,"id":"4iphbz33xhc6746","previousEventId":"u1io1od30xr8114","previousOperationId":"klubfr87yjrpr1q"}
{"type":"log","timestamp":1767215275482,"level":"debug","message":"Skipping storing report.","meta":{"rootId":"dlpqicth3h835wh","id":"dlpqicth3h835wh"},"id":"ghj1ecsz8wkyjqb","previousOperationId":"klubfr87yjrpr1q"}
{"type":"log","timestamp":1767215275482,"level":"info","message":"Rendering request 3 finished in 8952 ms","meta":{"rootId":"dlpqicth3h835wh","id":"dlpqicth3h835wh"},"id":"op1tk4xyhofnhlu","previousOperationId":"klubfr87yjrpr1q"}
{"type":"operationEnd","subtype":"render","operationId":"tdkqew1mg7gjbqm","timestamp":1767215275482,"id":"7od13jaikx90ubh","previousEventId":"4iphbz33xhc6746","previousOperationId":"klubfr87yjrpr1q"}
{"type":"operationEnd","doDiffs":false,"previousEventId":"vhfkj80s4f3o6cb","previousOperationId":"y9lqc0h1fjysawo","operationId":"y9lqc0h1fjysawo","timestamp":1767215275489,"id":"77md2edmznys8me"}
