{"type":"operationStart","subtype":"profile","data":{"_id":"v4my2Pw7CVHDYJqF","timestamp":"2025-12-30T20:32:47.792Z","state":"running","mode":"standard","creationDate":"2025-12-30T20:32:47.796Z","modificationDate":"2025-12-30T20:32:47.796Z","shortid":"A9OR0OP","$entitySet":"profiles","timeout":60000},"doDiffs":false,"timestamp":1767126767794,"id":"aupymsin7wfkn6g","previousOperationId":null,"operationId":"ztmubt67i9c2u8x"}
{"type":"log","level":"info","message":"Render request 15 queued for execution and waiting for available worker","previousOperationId":"ztmubt67i9c2u8x","timestamp":1767126767794,"id":"junw5g99d1uxf1y"}
{"type":"operationStart","subtype":"render","name":"anonymous","previousOperationId":"ztmubt67i9c2u8x","timestamp":1767126767839,"id":"r1wenlzf0b57a8i","previousEventId":"aupymsin7wfkn6g","operationId":"stvarp4l7o3rgx7"}
{"type":"log","timestamp":1767126767839,"level":"info","message":"Starting rendering request 15","meta":{"rootId":"dogyz0prlq8p3m7","id":"dogyz0prlq8p3m7"},"id":"q7afdj0z72bu2tm","previousOperationId":"stvarp4l7o3rgx7"}
{"type":"log","timestamp":1767126767840,"level":"info","message":"Rendering anonymous template { recipe: pptx, engine: handlebars }","meta":{"rootId":"dogyz0prlq8p3m7","id":"dogyz0prlq8p3m7"},"id":"in560ppuibxe45z","previousOperationId":"stvarp4l7o3rgx7"}
{"type":"log","timestamp":1767126767840,"level":"debug","message":"Inline data specified.","meta":{"rootId":"dogyz0prlq8p3m7","id":"dogyz0prlq8p3m7"},"id":"9zh3iid75tpsyzh","previousOperationId":"stvarp4l7o3rgx7"}
{"type":"log","timestamp":1767126767843,"level":"debug","message":"Base url not specified, skipping its injection.","meta":{"rootId":"dogyz0prlq8p3m7","id":"dogyz0prlq8p3m7"},"id":"6c1wj4tqvipylqt","previousOperationId":"stvarp4l7o3rgx7"}
{"type":"operationStart","subtype":"engine","name":"handlebars","timestamp":1767126767843,"id":"gkmsk38aw47v084","previousEventId":"r1wenlzf0b57a8i","operationId":"zegr01h15t6a1id","previousOperationId":"stvarp4l7o3rgx7"}
{"type":"log","timestamp":1767126767843,"level":"debug","message":"Rendering engine handlebars","meta":{"rootId":"dogyz0prlq8p3m7","id":"dogyz0prlq8p3m7"},"id":"v9x12gk02jmwu3c","previousOperationId":"zegr01h15t6a1id"}
{"type":"operationEnd","operationId":"zegr01h15t6a1id","timestamp":1767126767855,"id":"fdnfhz5owgzobcl","previousEventId":"gkmsk38aw47v084","previousOperationId":"zegr01h15t6a1id"}
{"type":"operationStart","subtype":"recipe","name":"pptx","timestamp":1767126767856,"id":"fohxqaipeknh590","previousEventId":"fdnfhz5owgzobcl","operationId":"7jmh2vzee9xvboj","previousOperationId":"zegr01h15t6a1id"}
{"type":"log","timestamp":1767126767856,"level":"debug","message":"Executing recipe pptx","meta":{"rootId":"dogyz0prlq8p3m7","id":"dogyz0prlq8p3m7"},"id":"k6zvnwp4f4wfnkh","previousOperationId":"7jmh2vzee9xvboj"}
{"type":"log","timestamp":1767126767872,"level":"info","message":"pptx generation is starting","meta":{"rootId":"dogyz0prlq8p3m7","id":"dogyz0prlq8p3m7"},"id":"2o04fasnlpu909i","previousOperationId":"7jmh2vzee9xvboj"}
{"type":"log","timestamp":1767126769134,"level":"debug","message":"Starting child request to render pptx dynamic parts","meta":{"rootId":"dogyz0prlq8p3m7","id":"dogyz0prlq8p3m7"},"id":"jc5w73pdup3e3hi","previousOperationId":"7jmh2vzee9xvboj"}
{"type":"operationStart","subtype":"render","name":"anonymous","previousOperationId":"7jmh2vzee9xvboj","timestamp":1767126769134,"id":"638g5fpzu37m21d","previousEventId":"fohxqaipeknh590","operationId":"f7kb7kdr6ouy5s6"}
{"type":"log","timestamp":1767126769135,"level":"info","message":"Starting rendering (child) request","meta":{"rootId":"dogyz0prlq8p3m7","id":"o7g77latdfiu5rc"},"id":"5jxkls5ux4gqqbq","previousOperationId":"f7kb7kdr6ouy5s6"}
{"type":"log","timestamp":1767126769135,"level":"info","message":"Rendering anonymous template { recipe: html, engine: handlebars }","meta":{"rootId":"dogyz0prlq8p3m7","id":"o7g77latdfiu5rc"},"id":"9rkza69mdvg5kd7","previousOperationId":"f7kb7kdr6ouy5s6"}
{"type":"log","timestamp":1767126769135,"level":"debug","message":"Inline data specified.","meta":{"rootId":"dogyz0prlq8p3m7","id":"o7g77latdfiu5rc"},"id":"bfg4fncg0xaonnh","previousOperationId":"f7kb7kdr6ouy5s6"}
{"type":"log","timestamp":1767126769139,"level":"debug","message":"Base url not specified, skipping its injection.","meta":{"rootId":"dogyz0prlq8p3m7","id":"o7g77latdfiu5rc"},"id":"n1vvycrsbnc04qf","previousOperationId":"f7kb7kdr6ouy5s6"}
{"type":"operationStart","subtype":"engine","name":"handlebars","timestamp":1767126769140,"id":"ja2ulygzc3z34in","previousEventId":"638g5fpzu37m21d","operationId":"amy4gc68zxw2557","previousOperationId":"f7kb7kdr6ouy5s6"}
{"type":"log","timestamp":1767126769140,"level":"debug","message":"Rendering engine handlebars","meta":{"rootId":"dogyz0prlq8p3m7","id":"o7g77latdfiu5rc"},"id":"1afpx9c54r2wuqz","previousOperationId":"amy4gc68zxw2557"}
{"type":"log","timestamp":1767126769269,"level":"debug","message":"(console:log) {\n  type: 'echarts@v5a',\n  width: 848,\n  height: 409,\n  option: { radar: [ [Object] ], series: [ [Object] ] }\n}","meta":{"userLevel":true,"rootId":"dogyz0prlq8p3m7","id":"o7g77latdfiu5rc"},"id":"pqakbpuydylvkgf","previousOperationId":"amy4gc68zxw2557"}
{"type":"operationEnd","operationId":"amy4gc68zxw2557","timestamp":1767126769277,"id":"dtxy2v4l0s3pr1x","previousEventId":"ja2ulygzc3z34in","previousOperationId":"amy4gc68zxw2557"}
{"type":"operationStart","subtype":"recipe","name":"html","timestamp":1767126769288,"id":"d5fcg74a9chdulo","previousEventId":"dtxy2v4l0s3pr1x","operationId":"8tjn2p484bwbyxq","previousOperationId":"amy4gc68zxw2557"}
{"type":"log","timestamp":1767126769288,"level":"debug","message":"Executing recipe html","meta":{"rootId":"dogyz0prlq8p3m7","id":"o7g77latdfiu5rc"},"id":"wl778008m1ehnxd","previousOperationId":"8tjn2p484bwbyxq"}
{"type":"operationEnd","operationId":"8tjn2p484bwbyxq","timestamp":1767126769288,"id":"qx6fxjfgxihz4jg","previousEventId":"d5fcg74a9chdulo","previousOperationId":"8tjn2p484bwbyxq"}
{"type":"log","timestamp":1767126769288,"level":"debug","message":"Skipping storing report.","meta":{"rootId":"dogyz0prlq8p3m7","id":"o7g77latdfiu5rc"},"id":"0f1gsvombnj6x16","previousOperationId":"8tjn2p484bwbyxq"}
{"type":"log","timestamp":1767126769288,"level":"info","message":"Rendering (child) request finished in 1497 ms","meta":{"rootId":"dogyz0prlq8p3m7","id":"o7g77latdfiu5rc"},"id":"0q2kllxyy4jcbgl","previousOperationId":"8tjn2p484bwbyxq"}
{"type":"operationEnd","subtype":"render","operationId":"f7kb7kdr6ouy5s6","timestamp":1767126769288,"id":"9se98oq6d59rj7t","previousEventId":"qx6fxjfgxihz4jg","previousOperationId":"8tjn2p484bwbyxq"}
{"type":"log","timestamp":1767126772814,"level":"debug","message":"pptx successfully zipped","meta":{"rootId":"dogyz0prlq8p3m7","id":"dogyz0prlq8p3m7"},"id":"rtydhm0pl6qs7c6","previousOperationId":"7jmh2vzee9xvboj"}
{"type":"log","timestamp":1767126772814,"level":"info","message":"pptx generation was finished","meta":{"rootId":"dogyz0prlq8p3m7","id":"dogyz0prlq8p3m7"},"id":"qayb898jsl1u1dv","previousOperationId":"7jmh2vzee9xvboj"}
{"type":"operationEnd","operationId":"7jmh2vzee9xvboj","timestamp":1767126772822,"id":"jspf89t3auolp48","previousEventId":"fohxqaipeknh590","previousOperationId":"7jmh2vzee9xvboj"}
{"type":"log","timestamp":1767126772822,"level":"debug","message":"Skipping storing report.","meta":{"rootId":"dogyz0prlq8p3m7","id":"dogyz0prlq8p3m7"},"id":"0kuxgo1zgkbwc33","previousOperationId":"7jmh2vzee9xvboj"}
{"type":"log","timestamp":1767126772822,"level":"info","message":"Rendering request 15 finished in 5031 ms","meta":{"rootId":"dogyz0prlq8p3m7","id":"dogyz0prlq8p3m7"},"id":"xrcduu8vrf5tyix","previousOperationId":"7jmh2vzee9xvboj"}
{"type":"operationEnd","subtype":"render","operationId":"stvarp4l7o3rgx7","timestamp":1767126772822,"id":"ahhnnvgneocytmh","previousEventId":"jspf89t3auolp48","previousOperationId":"7jmh2vzee9xvboj"}
{"type":"operationEnd","doDiffs":false,"previousEventId":"aupymsin7wfkn6g","previousOperationId":"ztmubt67i9c2u8x","operationId":"ztmubt67i9c2u8x","timestamp":1767126772826,"id":"8bfmxqfuctzb9kx"}
