{"type":"operationStart","subtype":"profile","data":{"_id":"hWyChbcif7qDopX7","timestamp":"2025-12-26T10:57:06.488Z","state":"running","mode":"standard","creationDate":"2025-12-26T10:57:06.494Z","modificationDate":"2025-12-26T10:57:06.494Z","shortid":"KI_KD7d","$entitySet":"profiles","timeout":60000},"doDiffs":false,"timestamp":1766746626492,"id":"u4tqgeiravnmvu3","previousOperationId":null,"operationId":"eitjnd5l5caewpv"}
{"type":"log","level":"info","message":"Render request 3 queued for execution and waiting for available worker","previousOperationId":"eitjnd5l5caewpv","timestamp":1766746626492,"id":"nhud1rmrtrgz1nl"}
{"type":"operationStart","subtype":"render","name":"anonymous","previousOperationId":"eitjnd5l5caewpv","timestamp":1766746626553,"id":"6432dprhvaqof57","previousEventId":"u4tqgeiravnmvu3","operationId":"ocxinknm2t2lq3t"}
{"type":"log","timestamp":1766746626554,"level":"info","message":"Starting rendering request 3","meta":{"rootId":"dq9chfcp1t0wtg5","id":"dq9chfcp1t0wtg5"},"id":"1b37rz7rzht9j7o","previousOperationId":"ocxinknm2t2lq3t"}
{"type":"log","timestamp":1766746626554,"level":"info","message":"Rendering anonymous template { recipe: pptx, engine: handlebars }","meta":{"rootId":"dq9chfcp1t0wtg5","id":"dq9chfcp1t0wtg5"},"id":"te40j3wxyt9uwlh","previousOperationId":"ocxinknm2t2lq3t"}
{"type":"log","timestamp":1766746626554,"level":"debug","message":"Inline data specified.","meta":{"rootId":"dq9chfcp1t0wtg5","id":"dq9chfcp1t0wtg5"},"id":"927osq45kut95mk","previousOperationId":"ocxinknm2t2lq3t"}
{"type":"log","timestamp":1766746626558,"level":"debug","message":"Base url not specified, skipping its injection.","meta":{"rootId":"dq9chfcp1t0wtg5","id":"dq9chfcp1t0wtg5"},"id":"043zga196jvn4oe","previousOperationId":"ocxinknm2t2lq3t"}
{"type":"operationStart","subtype":"engine","name":"handlebars","timestamp":1766746626559,"id":"xrs81r07yxuoebc","previousEventId":"6432dprhvaqof57","operationId":"4jr2v5pqw90rys1","previousOperationId":"ocxinknm2t2lq3t"}
{"type":"log","timestamp":1766746626559,"level":"debug","message":"Rendering engine handlebars","meta":{"rootId":"dq9chfcp1t0wtg5","id":"dq9chfcp1t0wtg5"},"id":"w7mcgn7gvpqx6mg","previousOperationId":"4jr2v5pqw90rys1"}
{"type":"operationEnd","operationId":"4jr2v5pqw90rys1","timestamp":1766746626611,"id":"4xp140toips2fns","previousEventId":"xrs81r07yxuoebc","previousOperationId":"4jr2v5pqw90rys1"}
{"type":"operationStart","subtype":"recipe","name":"pptx","timestamp":1766746626611,"id":"1rtx8qx1homjblx","previousEventId":"4xp140toips2fns","operationId":"jp5plf4ih3ql3e9","previousOperationId":"4jr2v5pqw90rys1"}
{"type":"log","timestamp":1766746626611,"level":"debug","message":"Executing recipe pptx","meta":{"rootId":"dq9chfcp1t0wtg5","id":"dq9chfcp1t0wtg5"},"id":"hpw63nusve6x0x8","previousOperationId":"jp5plf4ih3ql3e9"}
{"type":"log","timestamp":1766746626629,"level":"info","message":"pptx generation is starting","meta":{"rootId":"dq9chfcp1t0wtg5","id":"dq9chfcp1t0wtg5"},"id":"1o5iccv1apk5sfj","previousOperationId":"jp5plf4ih3ql3e9"}
{"type":"log","timestamp":1766746628347,"level":"debug","message":"Starting child request to render pptx dynamic parts","meta":{"rootId":"dq9chfcp1t0wtg5","id":"dq9chfcp1t0wtg5"},"id":"fylcvm6x0i0w3tl","previousOperationId":"jp5plf4ih3ql3e9"}
{"type":"operationStart","subtype":"render","name":"anonymous","previousOperationId":"jp5plf4ih3ql3e9","timestamp":1766746628348,"id":"gll48rbcbl2pfm6","previousEventId":"1rtx8qx1homjblx","operationId":"5wq34t6l7ebfqdg"}
{"type":"log","timestamp":1766746628348,"level":"info","message":"Starting rendering (child) request","meta":{"rootId":"dq9chfcp1t0wtg5","id":"k7kjlju9y6bx632"},"id":"61opa1wap3eumxq","previousOperationId":"5wq34t6l7ebfqdg"}
{"type":"log","timestamp":1766746628348,"level":"info","message":"Rendering anonymous template { recipe: html, engine: handlebars }","meta":{"rootId":"dq9chfcp1t0wtg5","id":"k7kjlju9y6bx632"},"id":"5ct30u8s90fwg87","previousOperationId":"5wq34t6l7ebfqdg"}
{"type":"log","timestamp":1766746628349,"level":"debug","message":"Inline data specified.","meta":{"rootId":"dq9chfcp1t0wtg5","id":"k7kjlju9y6bx632"},"id":"242l03d93p5cctl","previousOperationId":"5wq34t6l7ebfqdg"}
{"type":"log","timestamp":1766746628354,"level":"debug","message":"Base url not specified, skipping its injection.","meta":{"rootId":"dq9chfcp1t0wtg5","id":"k7kjlju9y6bx632"},"id":"aq8ezsj424b4myf","previousOperationId":"5wq34t6l7ebfqdg"}
{"type":"operationStart","subtype":"engine","name":"handlebars","timestamp":1766746628356,"id":"hjyvlxvthiyslhj","previousEventId":"gll48rbcbl2pfm6","operationId":"on95dhmsg7ginsn","previousOperationId":"5wq34t6l7ebfqdg"}
{"type":"log","timestamp":1766746628356,"level":"debug","message":"Rendering engine handlebars","meta":{"rootId":"dq9chfcp1t0wtg5","id":"k7kjlju9y6bx632"},"id":"gdlhwdowr0ubv2b","previousOperationId":"on95dhmsg7ginsn"}
{"type":"operationEnd","operationId":"on95dhmsg7ginsn","timestamp":1766746628517,"id":"9gx91kohza3gd97","previousEventId":"hjyvlxvthiyslhj","previousOperationId":"on95dhmsg7ginsn"}
{"type":"operationStart","subtype":"recipe","name":"html","timestamp":1766746628531,"id":"998c7rwjk9owbec","previousEventId":"9gx91kohza3gd97","operationId":"omjy3y2ccld8khk","previousOperationId":"on95dhmsg7ginsn"}
{"type":"log","timestamp":1766746628531,"level":"debug","message":"Executing recipe html","meta":{"rootId":"dq9chfcp1t0wtg5","id":"k7kjlju9y6bx632"},"id":"v317ojiniumakbp","previousOperationId":"omjy3y2ccld8khk"}
{"type":"operationEnd","operationId":"omjy3y2ccld8khk","timestamp":1766746628531,"id":"dejli8b0vvekugi","previousEventId":"998c7rwjk9owbec","previousOperationId":"omjy3y2ccld8khk"}
{"type":"log","timestamp":1766746628531,"level":"debug","message":"Skipping storing report.","meta":{"rootId":"dq9chfcp1t0wtg5","id":"k7kjlju9y6bx632"},"id":"9li8d7naiv6dzvc","previousOperationId":"omjy3y2ccld8khk"}
{"type":"log","timestamp":1766746628531,"level":"info","message":"Rendering (child) request finished in 2044 ms","meta":{"rootId":"dq9chfcp1t0wtg5","id":"k7kjlju9y6bx632"},"id":"xzlvu4287l68qj8","previousOperationId":"omjy3y2ccld8khk"}
{"type":"operationEnd","subtype":"render","operationId":"5wq34t6l7ebfqdg","timestamp":1766746628531,"id":"738m2etembvq4jt","previousEventId":"dejli8b0vvekugi","previousOperationId":"omjy3y2ccld8khk"}
{"type":"log","timestamp":1766746633892,"level":"debug","message":"pptx successfully zipped","meta":{"rootId":"dq9chfcp1t0wtg5","id":"dq9chfcp1t0wtg5"},"id":"q7ml9y27xcc48b9","previousOperationId":"jp5plf4ih3ql3e9"}
{"type":"log","timestamp":1766746633892,"level":"info","message":"pptx generation was finished","meta":{"rootId":"dq9chfcp1t0wtg5","id":"dq9chfcp1t0wtg5"},"id":"bcoc089ztduxxn5","previousOperationId":"jp5plf4ih3ql3e9"}
{"type":"operationEnd","operationId":"jp5plf4ih3ql3e9","timestamp":1766746633921,"id":"lxrtdqhmtmzxgsy","previousEventId":"1rtx8qx1homjblx","previousOperationId":"jp5plf4ih3ql3e9"}
{"type":"log","timestamp":1766746633921,"level":"debug","message":"Skipping storing report.","meta":{"rootId":"dq9chfcp1t0wtg5","id":"dq9chfcp1t0wtg5"},"id":"8w6l0cyyvb54bq6","previousOperationId":"jp5plf4ih3ql3e9"}
{"type":"log","timestamp":1766746633921,"level":"info","message":"Rendering request 3 finished in 7434 ms","meta":{"rootId":"dq9chfcp1t0wtg5","id":"dq9chfcp1t0wtg5"},"id":"7h508zrdqw2puuj","previousOperationId":"jp5plf4ih3ql3e9"}
{"type":"operationEnd","subtype":"render","operationId":"ocxinknm2t2lq3t","timestamp":1766746633921,"id":"cnxrbhk7e6b7gll","previousEventId":"lxrtdqhmtmzxgsy","previousOperationId":"jp5plf4ih3ql3e9"}
{"type":"operationEnd","doDiffs":false,"previousEventId":"u4tqgeiravnmvu3","previousOperationId":"eitjnd5l5caewpv","operationId":"eitjnd5l5caewpv","timestamp":1766746633927,"id":"0iv8321uc6cxwwo"}
