{"type":"operationStart","subtype":"profile","data":{"_id":"uonUyFCyxwGYOSOh","timestamp":"2026-01-01T12:04:57.412Z","state":"running","mode":"standard","creationDate":"2026-01-01T12:04:57.419Z","modificationDate":"2026-01-01T12:04:57.419Z","shortid":"3vIbMS_","$entitySet":"profiles","timeout":60000},"doDiffs":false,"timestamp":1767269097416,"id":"fhmf0dmgxavhar3","previousOperationId":null,"operationId":"h3hf7112zt5edy6"}
{"type":"log","level":"info","message":"Render request 1 queued for execution and waiting for available worker","previousOperationId":"h3hf7112zt5edy6","timestamp":1767269097416,"id":"ibstdj8m1hr3sqk"}
{"type":"operationStart","subtype":"render","name":"anonymous","previousOperationId":"h3hf7112zt5edy6","timestamp":1767269097501,"id":"nwm67yaesubhg7d","previousEventId":"fhmf0dmgxavhar3","operationId":"tkf0rc1lwtcs925"}
{"type":"log","timestamp":1767269097503,"level":"info","message":"Starting rendering request 1","meta":{"rootId":"e0ldg7x3z864nrs","id":"e0ldg7x3z864nrs"},"id":"8x8ta1ogukynt4p","previousOperationId":"tkf0rc1lwtcs925"}
{"type":"log","timestamp":1767269097505,"level":"info","message":"Rendering anonymous template { recipe: pptx, engine: handlebars }","meta":{"rootId":"e0ldg7x3z864nrs","id":"e0ldg7x3z864nrs"},"id":"1qz9h55oesjmkay","previousOperationId":"tkf0rc1lwtcs925"}
{"type":"log","timestamp":1767269097505,"level":"debug","message":"Inline data specified.","meta":{"rootId":"e0ldg7x3z864nrs","id":"e0ldg7x3z864nrs"},"id":"yq4nd5itg5e85u6","previousOperationId":"tkf0rc1lwtcs925"}
{"type":"log","timestamp":1767269097516,"level":"debug","message":"Base url not specified, skipping its injection.","meta":{"rootId":"e0ldg7x3z864nrs","id":"e0ldg7x3z864nrs"},"id":"epfr98q02k7pihs","previousOperationId":"tkf0rc1lwtcs925"}
{"type":"operationStart","subtype":"engine","name":"handlebars","timestamp":1767269097519,"id":"uptjeavk1i3zaoc","previousEventId":"nwm67yaesubhg7d","operationId":"umpt419nv5e90pc","previousOperationId":"tkf0rc1lwtcs925"}
{"type":"log","timestamp":1767269097519,"level":"debug","message":"Rendering engine handlebars","meta":{"rootId":"e0ldg7x3z864nrs","id":"e0ldg7x3z864nrs"},"id":"5byel99w70q2dub","previousOperationId":"umpt419nv5e90pc"}
{"type":"operationEnd","operationId":"umpt419nv5e90pc","timestamp":1767269098842,"id":"tuenoxrq7kzc9ez","previousEventId":"uptjeavk1i3zaoc","previousOperationId":"umpt419nv5e90pc"}
{"type":"operationStart","subtype":"recipe","name":"pptx","timestamp":1767269098843,"id":"3o2jvi1qoq7he1f","previousEventId":"tuenoxrq7kzc9ez","operationId":"7zsb275tcoi3r7a","previousOperationId":"umpt419nv5e90pc"}
{"type":"log","timestamp":1767269098843,"level":"debug","message":"Executing recipe pptx","meta":{"rootId":"e0ldg7x3z864nrs","id":"e0ldg7x3z864nrs"},"id":"2sl4e2v7voo7bbj","previousOperationId":"7zsb275tcoi3r7a"}
{"type":"log","timestamp":1767269099109,"level":"info","message":"pptx generation is starting","meta":{"rootId":"e0ldg7x3z864nrs","id":"e0ldg7x3z864nrs"},"id":"odebw4t1cujk6ze","previousOperationId":"7zsb275tcoi3r7a"}
{"type":"log","timestamp":1767269101214,"level":"debug","message":"Starting child request to render pptx dynamic parts","meta":{"rootId":"e0ldg7x3z864nrs","id":"e0ldg7x3z864nrs"},"id":"6uvpd4qna9ftqm6","previousOperationId":"7zsb275tcoi3r7a"}
{"type":"operationStart","subtype":"render","name":"anonymous","previousOperationId":"7zsb275tcoi3r7a","timestamp":1767269101215,"id":"frrymwie8907fo0","previousEventId":"3o2jvi1qoq7he1f","operationId":"vt9mx0viyvc2s9o"}
{"type":"log","timestamp":1767269101215,"level":"info","message":"Starting rendering (child) request","meta":{"rootId":"e0ldg7x3z864nrs","id":"w5oxv92g2o4xl7m"},"id":"03mu72tc9sjkm1q","previousOperationId":"vt9mx0viyvc2s9o"}
{"type":"log","timestamp":1767269101216,"level":"info","message":"Rendering anonymous template { recipe: html, engine: handlebars }","meta":{"rootId":"e0ldg7x3z864nrs","id":"w5oxv92g2o4xl7m"},"id":"ggltjujr0qmk46u","previousOperationId":"vt9mx0viyvc2s9o"}
{"type":"log","timestamp":1767269101216,"level":"debug","message":"Inline data specified.","meta":{"rootId":"e0ldg7x3z864nrs","id":"w5oxv92g2o4xl7m"},"id":"ywl5w8va35pl4r3","previousOperationId":"vt9mx0viyvc2s9o"}
{"type":"log","timestamp":1767269101226,"level":"debug","message":"Base url not specified, skipping its injection.","meta":{"rootId":"e0ldg7x3z864nrs","id":"w5oxv92g2o4xl7m"},"id":"giwtc93jyt3bcbe","previousOperationId":"vt9mx0viyvc2s9o"}
{"type":"operationStart","subtype":"engine","name":"handlebars","timestamp":1767269101229,"id":"vd2217u66w2vc48","previousEventId":"frrymwie8907fo0","operationId":"x5mv2zo5mi18g77","previousOperationId":"vt9mx0viyvc2s9o"}
{"type":"log","timestamp":1767269101229,"level":"debug","message":"Rendering engine handlebars","meta":{"rootId":"e0ldg7x3z864nrs","id":"w5oxv92g2o4xl7m"},"id":"87mff2invgxsq87","previousOperationId":"x5mv2zo5mi18g77"}
{"type":"log","timestamp":1767269101526,"level":"debug","message":"(console:log) {\n  type: 'echarts@v5a',\n  width: 848,\n  height: 409,\n  option: { radar: [ [Object] ], series: [ [Object] ] }\n}","meta":{"userLevel":true,"rootId":"e0ldg7x3z864nrs","id":"w5oxv92g2o4xl7m"},"id":"4znsw4neelpuruf","previousOperationId":"x5mv2zo5mi18g77"}
{"type":"operationEnd","operationId":"x5mv2zo5mi18g77","timestamp":1767269101542,"id":"mbks7suqeb73vsq","previousEventId":"vd2217u66w2vc48","previousOperationId":"x5mv2zo5mi18g77"}
{"type":"operationStart","subtype":"recipe","name":"html","timestamp":1767269101567,"id":"7mjahyexresvcw6","previousEventId":"mbks7suqeb73vsq","operationId":"10d04kgfwecgsfj","previousOperationId":"x5mv2zo5mi18g77"}
{"type":"log","timestamp":1767269101568,"level":"debug","message":"Executing recipe html","meta":{"rootId":"e0ldg7x3z864nrs","id":"w5oxv92g2o4xl7m"},"id":"4cdx70b62u9re0b","previousOperationId":"10d04kgfwecgsfj"}
{"type":"operationEnd","operationId":"10d04kgfwecgsfj","timestamp":1767269101568,"id":"ci89oum1mcd9tdc","previousEventId":"7mjahyexresvcw6","previousOperationId":"10d04kgfwecgsfj"}
{"type":"log","timestamp":1767269101569,"level":"debug","message":"Skipping storing report.","meta":{"rootId":"e0ldg7x3z864nrs","id":"w5oxv92g2o4xl7m"},"id":"9wi9ua5mcb7gfo8","previousOperationId":"10d04kgfwecgsfj"}
{"type":"log","timestamp":1767269101569,"level":"info","message":"Rendering (child) request finished in 4159 ms","meta":{"rootId":"e0ldg7x3z864nrs","id":"w5oxv92g2o4xl7m"},"id":"cgu3ubh8eulojeu","previousOperationId":"10d04kgfwecgsfj"}
{"type":"operationEnd","subtype":"render","operationId":"vt9mx0viyvc2s9o","timestamp":1767269101569,"id":"pex26qlj06k06fp","previousEventId":"ci89oum1mcd9tdc","previousOperationId":"10d04kgfwecgsfj"}
{"type":"log","timestamp":1767269110499,"level":"debug","message":"pptx successfully zipped","meta":{"rootId":"e0ldg7x3z864nrs","id":"e0ldg7x3z864nrs"},"id":"n8oiqp6aeupt6c1","previousOperationId":"7zsb275tcoi3r7a"}
{"type":"log","timestamp":1767269110499,"level":"info","message":"pptx generation was finished","meta":{"rootId":"e0ldg7x3z864nrs","id":"e0ldg7x3z864nrs"},"id":"stn7mlyo7velxjq","previousOperationId":"7zsb275tcoi3r7a"}
{"type":"operationEnd","operationId":"7zsb275tcoi3r7a","timestamp":1767269110517,"id":"b1yeipb81l32ipt","previousEventId":"3o2jvi1qoq7he1f","previousOperationId":"7zsb275tcoi3r7a"}
{"type":"log","timestamp":1767269110518,"level":"debug","message":"Skipping storing report.","meta":{"rootId":"e0ldg7x3z864nrs","id":"e0ldg7x3z864nrs"},"id":"koyjre6ikntgala","previousOperationId":"7zsb275tcoi3r7a"}
{"type":"log","timestamp":1767269110518,"level":"info","message":"Rendering request 1 finished in 13108 ms","meta":{"rootId":"e0ldg7x3z864nrs","id":"e0ldg7x3z864nrs"},"id":"eozg7v7ei84qkqj","previousOperationId":"7zsb275tcoi3r7a"}
{"type":"operationEnd","subtype":"render","operationId":"tkf0rc1lwtcs925","timestamp":1767269110518,"id":"880v8wd2v59d88m","previousEventId":"b1yeipb81l32ipt","previousOperationId":"7zsb275tcoi3r7a"}
{"type":"operationEnd","doDiffs":false,"previousEventId":"fhmf0dmgxavhar3","previousOperationId":"h3hf7112zt5edy6","operationId":"h3hf7112zt5edy6","timestamp":1767269110527,"id":"w1xl1279c5owp1f"}
