{"type":"operationStart","subtype":"profile","data":{"_id":"0eimIjoV7SBVJg2H","timestamp":"2025-12-26T20:36:41.246Z","state":"running","mode":"standard","creationDate":"2025-12-26T20:36:41.252Z","modificationDate":"2025-12-26T20:36:41.252Z","shortid":"cbVIKbm","$entitySet":"profiles","timeout":60000},"doDiffs":false,"timestamp":1766781401249,"id":"9ze60yx0e9eqahy","previousOperationId":null,"operationId":"n81dkok3xhuieda"}
{"type":"log","level":"info","message":"Render request 2 queued for execution and waiting for available worker","previousOperationId":"n81dkok3xhuieda","timestamp":1766781401250,"id":"p9vxpifmxh4rq71"}
{"type":"operationStart","subtype":"render","name":"anonymous","previousOperationId":"n81dkok3xhuieda","timestamp":1766781401324,"id":"zpbp89r3ppn8lvg","previousEventId":"9ze60yx0e9eqahy","operationId":"vyjbfw0g1n3os1n"}
{"type":"log","timestamp":1766781401326,"level":"info","message":"Starting rendering request 2","meta":{"rootId":"e1jk1mmv4y9ewk5","id":"e1jk1mmv4y9ewk5"},"id":"z46ryvomvsis32u","previousOperationId":"vyjbfw0g1n3os1n"}
{"type":"log","timestamp":1766781401329,"level":"info","message":"Rendering anonymous template { recipe: pptx, engine: handlebars }","meta":{"rootId":"e1jk1mmv4y9ewk5","id":"e1jk1mmv4y9ewk5"},"id":"acgcbh466r403ry","previousOperationId":"vyjbfw0g1n3os1n"}
{"type":"log","timestamp":1766781401329,"level":"debug","message":"Inline data specified.","meta":{"rootId":"e1jk1mmv4y9ewk5","id":"e1jk1mmv4y9ewk5"},"id":"nhjuxfkliy3abmh","previousOperationId":"vyjbfw0g1n3os1n"}
{"type":"log","timestamp":1766781401334,"level":"debug","message":"Base url not specified, skipping its injection.","meta":{"rootId":"e1jk1mmv4y9ewk5","id":"e1jk1mmv4y9ewk5"},"id":"ch74jz4zwkfob2u","previousOperationId":"vyjbfw0g1n3os1n"}
{"type":"operationStart","subtype":"engine","name":"handlebars","timestamp":1766781401337,"id":"zmihur9mjh49b4a","previousEventId":"zpbp89r3ppn8lvg","operationId":"p1izq5wkhi5dvkb","previousOperationId":"vyjbfw0g1n3os1n"}
{"type":"log","timestamp":1766781401337,"level":"debug","message":"Rendering engine handlebars","meta":{"rootId":"e1jk1mmv4y9ewk5","id":"e1jk1mmv4y9ewk5"},"id":"f9ds24e7h0mad8d","previousOperationId":"p1izq5wkhi5dvkb"}
{"type":"operationEnd","operationId":"p1izq5wkhi5dvkb","timestamp":1766781402556,"id":"sky7a35gilypukl","previousEventId":"zmihur9mjh49b4a","previousOperationId":"p1izq5wkhi5dvkb"}
{"type":"operationStart","subtype":"recipe","name":"pptx","timestamp":1766781402557,"id":"otmloegt73r4ika","previousEventId":"sky7a35gilypukl","operationId":"5fop98d43cqk31c","previousOperationId":"p1izq5wkhi5dvkb"}
{"type":"log","timestamp":1766781402557,"level":"debug","message":"Executing recipe pptx","meta":{"rootId":"e1jk1mmv4y9ewk5","id":"e1jk1mmv4y9ewk5"},"id":"36457ek5p4avxql","previousOperationId":"5fop98d43cqk31c"}
{"type":"log","timestamp":1766781402820,"level":"info","message":"pptx generation is starting","meta":{"rootId":"e1jk1mmv4y9ewk5","id":"e1jk1mmv4y9ewk5"},"id":"rlmeh33sx2fm597","previousOperationId":"5fop98d43cqk31c"}
{"type":"log","timestamp":1766781404619,"level":"debug","message":"Starting child request to render pptx dynamic parts","meta":{"rootId":"e1jk1mmv4y9ewk5","id":"e1jk1mmv4y9ewk5"},"id":"tfa3iy47gbimayx","previousOperationId":"5fop98d43cqk31c"}
{"type":"operationStart","subtype":"render","name":"anonymous","previousOperationId":"5fop98d43cqk31c","timestamp":1766781404621,"id":"69r238139wvpmll","previousEventId":"otmloegt73r4ika","operationId":"2icrih7n4o9g4ih"}
{"type":"log","timestamp":1766781404621,"level":"info","message":"Starting rendering (child) request","meta":{"rootId":"e1jk1mmv4y9ewk5","id":"kdui1saf2rjawln"},"id":"ypu77mes2lw7xcf","previousOperationId":"2icrih7n4o9g4ih"}
{"type":"log","timestamp":1766781404621,"level":"info","message":"Rendering anonymous template { recipe: html, engine: handlebars }","meta":{"rootId":"e1jk1mmv4y9ewk5","id":"kdui1saf2rjawln"},"id":"fiu44lkvmw0ou5m","previousOperationId":"2icrih7n4o9g4ih"}
{"type":"log","timestamp":1766781404621,"level":"debug","message":"Inline data specified.","meta":{"rootId":"e1jk1mmv4y9ewk5","id":"kdui1saf2rjawln"},"id":"zemo1cltxwdwhww","previousOperationId":"2icrih7n4o9g4ih"}
{"type":"log","timestamp":1766781404629,"level":"debug","message":"Base url not specified, skipping its injection.","meta":{"rootId":"e1jk1mmv4y9ewk5","id":"kdui1saf2rjawln"},"id":"r1lhobkoclvvwka","previousOperationId":"2icrih7n4o9g4ih"}
{"type":"operationStart","subtype":"engine","name":"handlebars","timestamp":1766781404633,"id":"5s8wqym0eecvrzy","previousEventId":"69r238139wvpmll","operationId":"gipgo24wo15s1p2","previousOperationId":"2icrih7n4o9g4ih"}
{"type":"log","timestamp":1766781404633,"level":"debug","message":"Rendering engine handlebars","meta":{"rootId":"e1jk1mmv4y9ewk5","id":"kdui1saf2rjawln"},"id":"vfx8tzlj0h2hcnr","previousOperationId":"gipgo24wo15s1p2"}
{"type":"operationEnd","operationId":"gipgo24wo15s1p2","timestamp":1766781404799,"id":"q4keu4pq3wpihz9","previousEventId":"5s8wqym0eecvrzy","previousOperationId":"gipgo24wo15s1p2"}
{"type":"operationStart","subtype":"recipe","name":"html","timestamp":1766781404813,"id":"6bn9qbzq69ej0yd","previousEventId":"q4keu4pq3wpihz9","operationId":"5a2x4z5h0svbbqe","previousOperationId":"gipgo24wo15s1p2"}
{"type":"log","timestamp":1766781404813,"level":"debug","message":"Executing recipe html","meta":{"rootId":"e1jk1mmv4y9ewk5","id":"kdui1saf2rjawln"},"id":"jikzx1ukzb665mn","previousOperationId":"5a2x4z5h0svbbqe"}
{"type":"operationEnd","operationId":"5a2x4z5h0svbbqe","timestamp":1766781404813,"id":"1klsdufc71420mw","previousEventId":"6bn9qbzq69ej0yd","previousOperationId":"5a2x4z5h0svbbqe"}
{"type":"log","timestamp":1766781404814,"level":"debug","message":"Skipping storing report.","meta":{"rootId":"e1jk1mmv4y9ewk5","id":"kdui1saf2rjawln"},"id":"4zp3ueq42pl8qto","previousOperationId":"5a2x4z5h0svbbqe"}
{"type":"log","timestamp":1766781404814,"level":"info","message":"Rendering (child) request finished in 3570 ms","meta":{"rootId":"e1jk1mmv4y9ewk5","id":"kdui1saf2rjawln"},"id":"10kf9gkc8qi9x4j","previousOperationId":"5a2x4z5h0svbbqe"}
{"type":"operationEnd","subtype":"render","operationId":"2icrih7n4o9g4ih","timestamp":1766781404814,"id":"1m7pic5gyuuhfp1","previousEventId":"1klsdufc71420mw","previousOperationId":"5a2x4z5h0svbbqe"}
{"type":"log","timestamp":1766781413146,"level":"debug","message":"pptx successfully zipped","meta":{"rootId":"e1jk1mmv4y9ewk5","id":"e1jk1mmv4y9ewk5"},"id":"1ad16k7cdz9u6og","previousOperationId":"5fop98d43cqk31c"}
{"type":"log","timestamp":1766781413146,"level":"info","message":"pptx generation was finished","meta":{"rootId":"e1jk1mmv4y9ewk5","id":"e1jk1mmv4y9ewk5"},"id":"tyxejnvz83xe9h0","previousOperationId":"5fop98d43cqk31c"}
{"type":"operationEnd","operationId":"5fop98d43cqk31c","timestamp":1766781413160,"id":"q542dnwhc4xnhyt","previousEventId":"otmloegt73r4ika","previousOperationId":"5fop98d43cqk31c"}
{"type":"log","timestamp":1766781413161,"level":"debug","message":"Skipping storing report.","meta":{"rootId":"e1jk1mmv4y9ewk5","id":"e1jk1mmv4y9ewk5"},"id":"7emoxom0dul9634","previousOperationId":"5fop98d43cqk31c"}
{"type":"log","timestamp":1766781413161,"level":"info","message":"Rendering request 2 finished in 11917 ms","meta":{"rootId":"e1jk1mmv4y9ewk5","id":"e1jk1mmv4y9ewk5"},"id":"3s1xqo8s0821n98","previousOperationId":"5fop98d43cqk31c"}
{"type":"operationEnd","subtype":"render","operationId":"vyjbfw0g1n3os1n","timestamp":1766781413161,"id":"pyipzswmy79l6za","previousEventId":"q542dnwhc4xnhyt","previousOperationId":"5fop98d43cqk31c"}
{"type":"operationEnd","doDiffs":false,"previousEventId":"9ze60yx0e9eqahy","previousOperationId":"n81dkok3xhuieda","operationId":"n81dkok3xhuieda","timestamp":1766781413167,"id":"aum1mcxr3zels7a"}
