{"type":"operationStart","subtype":"profile","data":{"_id":"rQa8Op5IHz5qQnEI","timestamp":"2025-12-28T12:26:19.561Z","state":"running","mode":"standard","creationDate":"2025-12-28T12:26:19.570Z","modificationDate":"2025-12-28T12:26:19.570Z","shortid":"1NWmJxr","$entitySet":"profiles","timeout":60000},"doDiffs":false,"timestamp":1766924779566,"id":"71r31e50hy7tw5e","previousOperationId":null,"operationId":"a7o1u1jywb092ro"}
{"type":"log","level":"info","message":"Render request 3 queued for execution and waiting for available worker","previousOperationId":"a7o1u1jywb092ro","timestamp":1766924779566,"id":"z5g8ggridl8161y"}
{"type":"operationStart","subtype":"render","name":"anonymous","previousOperationId":"a7o1u1jywb092ro","timestamp":1766924779638,"id":"1pr4ohigwja6w3z","previousEventId":"71r31e50hy7tw5e","operationId":"2q7rc90ai7a3hfg"}
{"type":"log","timestamp":1766924779639,"level":"info","message":"Starting rendering request 3","meta":{"rootId":"e4v5rcodzowos8o","id":"e4v5rcodzowos8o"},"id":"4c3nfs3ea93ihf1","previousOperationId":"2q7rc90ai7a3hfg"}
{"type":"log","timestamp":1766924779639,"level":"info","message":"Rendering anonymous template { recipe: pptx, engine: handlebars }","meta":{"rootId":"e4v5rcodzowos8o","id":"e4v5rcodzowos8o"},"id":"kvf07jv89nizagm","previousOperationId":"2q7rc90ai7a3hfg"}
{"type":"log","timestamp":1766924779640,"level":"debug","message":"Inline data specified.","meta":{"rootId":"e4v5rcodzowos8o","id":"e4v5rcodzowos8o"},"id":"asxsbn3zpfv9ogr","previousOperationId":"2q7rc90ai7a3hfg"}
{"type":"log","timestamp":1766924779651,"level":"debug","message":"Base url not specified, skipping its injection.","meta":{"rootId":"e4v5rcodzowos8o","id":"e4v5rcodzowos8o"},"id":"nb7n38f2si0j2pj","previousOperationId":"2q7rc90ai7a3hfg"}
{"type":"operationStart","subtype":"engine","name":"handlebars","timestamp":1766924779652,"id":"5i4yjdotlavdsgu","previousEventId":"1pr4ohigwja6w3z","operationId":"ss1edwchfvug6uq","previousOperationId":"2q7rc90ai7a3hfg"}
{"type":"log","timestamp":1766924779653,"level":"debug","message":"Rendering engine handlebars","meta":{"rootId":"e4v5rcodzowos8o","id":"e4v5rcodzowos8o"},"id":"tz4uyqs0098glmb","previousOperationId":"ss1edwchfvug6uq"}
{"type":"operationEnd","operationId":"ss1edwchfvug6uq","timestamp":1766924779678,"id":"suvp5z54m0ou55r","previousEventId":"5i4yjdotlavdsgu","previousOperationId":"ss1edwchfvug6uq"}
{"type":"operationStart","subtype":"recipe","name":"pptx","timestamp":1766924779680,"id":"2gbwc78xqzg9y7v","previousEventId":"suvp5z54m0ou55r","operationId":"sgolan6wwr63diw","previousOperationId":"ss1edwchfvug6uq"}
{"type":"log","timestamp":1766924779680,"level":"debug","message":"Executing recipe pptx","meta":{"rootId":"e4v5rcodzowos8o","id":"e4v5rcodzowos8o"},"id":"23a30ailwka872w","previousOperationId":"sgolan6wwr63diw"}
{"type":"log","timestamp":1766924779699,"level":"info","message":"pptx generation is starting","meta":{"rootId":"e4v5rcodzowos8o","id":"e4v5rcodzowos8o"},"id":"wbwu0hhxoudfthd","previousOperationId":"sgolan6wwr63diw"}
{"type":"log","timestamp":1766924781445,"level":"debug","message":"Starting child request to render pptx dynamic parts","meta":{"rootId":"e4v5rcodzowos8o","id":"e4v5rcodzowos8o"},"id":"ovwq7rv1i3bn9pq","previousOperationId":"sgolan6wwr63diw"}
{"type":"operationStart","subtype":"render","name":"anonymous","previousOperationId":"sgolan6wwr63diw","timestamp":1766924781446,"id":"2104pnb91rvgcow","previousEventId":"2gbwc78xqzg9y7v","operationId":"uypqe2l1q9q3bms"}
{"type":"log","timestamp":1766924781446,"level":"info","message":"Starting rendering (child) request","meta":{"rootId":"e4v5rcodzowos8o","id":"fw2xpcwpjudbe2j"},"id":"6grzvpr44e283b0","previousOperationId":"uypqe2l1q9q3bms"}
{"type":"log","timestamp":1766924781446,"level":"info","message":"Rendering anonymous template { recipe: html, engine: handlebars }","meta":{"rootId":"e4v5rcodzowos8o","id":"fw2xpcwpjudbe2j"},"id":"qn9iuzymtekhn51","previousOperationId":"uypqe2l1q9q3bms"}
{"type":"log","timestamp":1766924781446,"level":"debug","message":"Inline data specified.","meta":{"rootId":"e4v5rcodzowos8o","id":"fw2xpcwpjudbe2j"},"id":"222wtuikz92nclr","previousOperationId":"uypqe2l1q9q3bms"}
{"type":"log","timestamp":1766924781454,"level":"debug","message":"Base url not specified, skipping its injection.","meta":{"rootId":"e4v5rcodzowos8o","id":"fw2xpcwpjudbe2j"},"id":"qcu9wctohf29du8","previousOperationId":"uypqe2l1q9q3bms"}
{"type":"operationStart","subtype":"engine","name":"handlebars","timestamp":1766924781456,"id":"qla1kjl0mop1gul","previousEventId":"2104pnb91rvgcow","operationId":"u3npw3ndtdq76hp","previousOperationId":"uypqe2l1q9q3bms"}
{"type":"log","timestamp":1766924781456,"level":"debug","message":"Rendering engine handlebars","meta":{"rootId":"e4v5rcodzowos8o","id":"fw2xpcwpjudbe2j"},"id":"3uqrybk3nyqkyr8","previousOperationId":"u3npw3ndtdq76hp"}
{"type":"log","timestamp":1766924781506,"level":"debug","message":"(console:log) {\n  type: 'echarts@v5a',\n  width: 848,\n  height: 409,\n  option: { radar: [ [Object] ], series: [ [Object] ] }\n}","meta":{"userLevel":true,"rootId":"e4v5rcodzowos8o","id":"fw2xpcwpjudbe2j"},"id":"vgsacr6v3jfscuc","previousOperationId":"u3npw3ndtdq76hp"}
{"type":"operationEnd","operationId":"u3npw3ndtdq76hp","timestamp":1766924781515,"id":"kt5n8dpqs94amzk","previousEventId":"qla1kjl0mop1gul","previousOperationId":"u3npw3ndtdq76hp"}
{"type":"operationStart","subtype":"recipe","name":"html","timestamp":1766924781526,"id":"4gm91ersss3bur3","previousEventId":"kt5n8dpqs94amzk","operationId":"58xqf9nqdvvntu3","previousOperationId":"u3npw3ndtdq76hp"}
{"type":"log","timestamp":1766924781527,"level":"debug","message":"Executing recipe html","meta":{"rootId":"e4v5rcodzowos8o","id":"fw2xpcwpjudbe2j"},"id":"mom61uivebhlvuu","previousOperationId":"58xqf9nqdvvntu3"}
{"type":"operationEnd","operationId":"58xqf9nqdvvntu3","timestamp":1766924781527,"id":"b8nnbky3pju9ets","previousEventId":"4gm91ersss3bur3","previousOperationId":"58xqf9nqdvvntu3"}
{"type":"log","timestamp":1766924781527,"level":"debug","message":"Skipping storing report.","meta":{"rootId":"e4v5rcodzowos8o","id":"fw2xpcwpjudbe2j"},"id":"5sqfi0ty8uuozj3","previousOperationId":"58xqf9nqdvvntu3"}
{"type":"log","timestamp":1766924781527,"level":"info","message":"Rendering (child) request finished in 1968 ms","meta":{"rootId":"e4v5rcodzowos8o","id":"fw2xpcwpjudbe2j"},"id":"o0jzu9vxd33tlvw","previousOperationId":"58xqf9nqdvvntu3"}
{"type":"operationEnd","subtype":"render","operationId":"uypqe2l1q9q3bms","timestamp":1766924781527,"id":"8xlrnovw47psy7p","previousEventId":"b8nnbky3pju9ets","previousOperationId":"58xqf9nqdvvntu3"}
{"type":"log","timestamp":1766924786672,"level":"debug","message":"pptx successfully zipped","meta":{"rootId":"e4v5rcodzowos8o","id":"e4v5rcodzowos8o"},"id":"sknsreqbtx7dyrs","previousOperationId":"sgolan6wwr63diw"}
{"type":"log","timestamp":1766924786672,"level":"info","message":"pptx generation was finished","meta":{"rootId":"e4v5rcodzowos8o","id":"e4v5rcodzowos8o"},"id":"m63n22d2c7g2ton","previousOperationId":"sgolan6wwr63diw"}
{"type":"operationEnd","operationId":"sgolan6wwr63diw","timestamp":1766924786683,"id":"462cxc9m0gp3nvm","previousEventId":"2gbwc78xqzg9y7v","previousOperationId":"sgolan6wwr63diw"}
{"type":"log","timestamp":1766924786683,"level":"debug","message":"Skipping storing report.","meta":{"rootId":"e4v5rcodzowos8o","id":"e4v5rcodzowos8o"},"id":"2rr6yw07jaff3y8","previousOperationId":"sgolan6wwr63diw"}
{"type":"log","timestamp":1766924786683,"level":"info","message":"Rendering request 3 finished in 7124 ms","meta":{"rootId":"e4v5rcodzowos8o","id":"e4v5rcodzowos8o"},"id":"a7oto7kkz3zz6n4","previousOperationId":"sgolan6wwr63diw"}
{"type":"operationEnd","subtype":"render","operationId":"2q7rc90ai7a3hfg","timestamp":1766924786683,"id":"qhg0g5myn5aentm","previousEventId":"462cxc9m0gp3nvm","previousOperationId":"sgolan6wwr63diw"}
{"type":"operationEnd","doDiffs":false,"previousEventId":"71r31e50hy7tw5e","previousOperationId":"a7o1u1jywb092ro","operationId":"a7o1u1jywb092ro","timestamp":1766924786689,"id":"zv033lgz1a054xm"}
