{"type":"operationStart","subtype":"profile","data":{"_id":"xWq9n26OZwbF5IeY","timestamp":"2025-12-27T15:11:30.065Z","state":"running","mode":"standard","creationDate":"2025-12-27T15:11:30.070Z","modificationDate":"2025-12-27T15:11:30.070Z","shortid":"QO6ewCN","$entitySet":"profiles","timeout":60000},"doDiffs":false,"timestamp":1766848290068,"id":"5a9cqe9ra93kv5v","previousOperationId":null,"operationId":"kbfq6gnvlrortum"}
{"type":"log","level":"info","message":"Render request 1 queued for execution and waiting for available worker","previousOperationId":"kbfq6gnvlrortum","timestamp":1766848290068,"id":"eafg9xilwyzk0uf"}
{"type":"operationStart","subtype":"render","name":"anonymous","previousOperationId":"kbfq6gnvlrortum","timestamp":1766848290121,"id":"eo8xxhoqoth2us9","previousEventId":"5a9cqe9ra93kv5v","operationId":"br6z0zrjx5l8l5u"}
{"type":"log","timestamp":1766848290122,"level":"info","message":"Starting rendering request 1","meta":{"rootId":"e7w1hog0l9jvk5a","id":"e7w1hog0l9jvk5a"},"id":"8pyd39s04fdm355","previousOperationId":"br6z0zrjx5l8l5u"}
{"type":"log","timestamp":1766848290124,"level":"info","message":"Rendering anonymous template { recipe: pptx, engine: handlebars }","meta":{"rootId":"e7w1hog0l9jvk5a","id":"e7w1hog0l9jvk5a"},"id":"qld3r3tc5bu65o9","previousOperationId":"br6z0zrjx5l8l5u"}
{"type":"log","timestamp":1766848290125,"level":"debug","message":"Inline data specified.","meta":{"rootId":"e7w1hog0l9jvk5a","id":"e7w1hog0l9jvk5a"},"id":"3idq1jy6v5epjg8","previousOperationId":"br6z0zrjx5l8l5u"}
{"type":"log","timestamp":1766848290128,"level":"debug","message":"Base url not specified, skipping its injection.","meta":{"rootId":"e7w1hog0l9jvk5a","id":"e7w1hog0l9jvk5a"},"id":"6krh3n42wwqduva","previousOperationId":"br6z0zrjx5l8l5u"}
{"type":"operationStart","subtype":"engine","name":"handlebars","timestamp":1766848290129,"id":"n9d9fihu9vrr5id","previousEventId":"eo8xxhoqoth2us9","operationId":"kqk4pyvdz4zq1um","previousOperationId":"br6z0zrjx5l8l5u"}
{"type":"log","timestamp":1766848290129,"level":"debug","message":"Rendering engine handlebars","meta":{"rootId":"e7w1hog0l9jvk5a","id":"e7w1hog0l9jvk5a"},"id":"uv5pbmirze0apt5","previousOperationId":"kqk4pyvdz4zq1um"}
{"type":"operationEnd","operationId":"kqk4pyvdz4zq1um","timestamp":1766848290932,"id":"4tu9rkqv4of21y6","previousEventId":"n9d9fihu9vrr5id","previousOperationId":"kqk4pyvdz4zq1um"}
{"type":"operationStart","subtype":"recipe","name":"pptx","timestamp":1766848290933,"id":"xr0tujza6cnpent","previousEventId":"4tu9rkqv4of21y6","operationId":"lpggnq2vtv1hbl3","previousOperationId":"kqk4pyvdz4zq1um"}
{"type":"log","timestamp":1766848290933,"level":"debug","message":"Executing recipe pptx","meta":{"rootId":"e7w1hog0l9jvk5a","id":"e7w1hog0l9jvk5a"},"id":"mrjv9s0oikta2rb","previousOperationId":"lpggnq2vtv1hbl3"}
{"type":"log","timestamp":1766848291080,"level":"info","message":"pptx generation is starting","meta":{"rootId":"e7w1hog0l9jvk5a","id":"e7w1hog0l9jvk5a"},"id":"5p7jhpwrh7k9d8t","previousOperationId":"lpggnq2vtv1hbl3"}
{"type":"log","timestamp":1766848292257,"level":"debug","message":"Starting child request to render pptx dynamic parts","meta":{"rootId":"e7w1hog0l9jvk5a","id":"e7w1hog0l9jvk5a"},"id":"i4joang5jhzj46n","previousOperationId":"lpggnq2vtv1hbl3"}
{"type":"operationStart","subtype":"render","name":"anonymous","previousOperationId":"lpggnq2vtv1hbl3","timestamp":1766848292258,"id":"nxc3meqybzg1rpi","previousEventId":"xr0tujza6cnpent","operationId":"si6sq7jndhg9b2t"}
{"type":"log","timestamp":1766848292258,"level":"info","message":"Starting rendering (child) request","meta":{"rootId":"e7w1hog0l9jvk5a","id":"93navxlqoe18eoz"},"id":"0pb4wca68eyb9vc","previousOperationId":"si6sq7jndhg9b2t"}
{"type":"log","timestamp":1766848292259,"level":"info","message":"Rendering anonymous template { recipe: html, engine: handlebars }","meta":{"rootId":"e7w1hog0l9jvk5a","id":"93navxlqoe18eoz"},"id":"pl1lfofg0w6tl4t","previousOperationId":"si6sq7jndhg9b2t"}
{"type":"log","timestamp":1766848292259,"level":"debug","message":"Inline data specified.","meta":{"rootId":"e7w1hog0l9jvk5a","id":"93navxlqoe18eoz"},"id":"jbn53gxwls03zp5","previousOperationId":"si6sq7jndhg9b2t"}
{"type":"log","timestamp":1766848292265,"level":"debug","message":"Base url not specified, skipping its injection.","meta":{"rootId":"e7w1hog0l9jvk5a","id":"93navxlqoe18eoz"},"id":"4x2dpu5d434u0cq","previousOperationId":"si6sq7jndhg9b2t"}
{"type":"operationStart","subtype":"engine","name":"handlebars","timestamp":1766848292267,"id":"k2y0t0p6e9c4qqc","previousEventId":"nxc3meqybzg1rpi","operationId":"bhnx6wg3vh8j7w3","previousOperationId":"si6sq7jndhg9b2t"}
{"type":"log","timestamp":1766848292267,"level":"debug","message":"Rendering engine handlebars","meta":{"rootId":"e7w1hog0l9jvk5a","id":"93navxlqoe18eoz"},"id":"cfu5yqfdbslotw1","previousOperationId":"bhnx6wg3vh8j7w3"}
{"type":"operationEnd","operationId":"bhnx6wg3vh8j7w3","timestamp":1766848292409,"id":"c7iu8u3vh3g9hwj","previousEventId":"k2y0t0p6e9c4qqc","previousOperationId":"bhnx6wg3vh8j7w3"}
{"type":"operationStart","subtype":"recipe","name":"html","timestamp":1766848292418,"id":"2cygm0loh8ugaxl","previousEventId":"c7iu8u3vh3g9hwj","operationId":"0cew1fhfcgspicm","previousOperationId":"bhnx6wg3vh8j7w3"}
{"type":"log","timestamp":1766848292418,"level":"debug","message":"Executing recipe html","meta":{"rootId":"e7w1hog0l9jvk5a","id":"93navxlqoe18eoz"},"id":"87zr3oc6byqquh4","previousOperationId":"0cew1fhfcgspicm"}
{"type":"operationEnd","operationId":"0cew1fhfcgspicm","timestamp":1766848292419,"id":"4590559raaajudg","previousEventId":"2cygm0loh8ugaxl","previousOperationId":"0cew1fhfcgspicm"}
{"type":"log","timestamp":1766848292420,"level":"debug","message":"Skipping storing report.","meta":{"rootId":"e7w1hog0l9jvk5a","id":"93navxlqoe18eoz"},"id":"g0ru91mwzi5qiye","previousOperationId":"0cew1fhfcgspicm"}
{"type":"log","timestamp":1766848292420,"level":"info","message":"Rendering (child) request finished in 2357 ms","meta":{"rootId":"e7w1hog0l9jvk5a","id":"93navxlqoe18eoz"},"id":"x34j5e1l1rysa2l","previousOperationId":"0cew1fhfcgspicm"}
{"type":"operationEnd","subtype":"render","operationId":"si6sq7jndhg9b2t","timestamp":1766848292420,"id":"b7n5dbszhvjd6uc","previousEventId":"4590559raaajudg","previousOperationId":"0cew1fhfcgspicm"}
{"type":"log","timestamp":1766848295674,"level":"debug","message":"pptx successfully zipped","meta":{"rootId":"e7w1hog0l9jvk5a","id":"e7w1hog0l9jvk5a"},"id":"cqxfodnwcabl8fj","previousOperationId":"lpggnq2vtv1hbl3"}
{"type":"log","timestamp":1766848295674,"level":"info","message":"pptx generation was finished","meta":{"rootId":"e7w1hog0l9jvk5a","id":"e7w1hog0l9jvk5a"},"id":"hrfajq6nbttrdra","previousOperationId":"lpggnq2vtv1hbl3"}
{"type":"operationEnd","operationId":"lpggnq2vtv1hbl3","timestamp":1766848295685,"id":"78z3197i16nwrom","previousEventId":"xr0tujza6cnpent","previousOperationId":"lpggnq2vtv1hbl3"}
{"type":"log","timestamp":1766848295685,"level":"debug","message":"Skipping storing report.","meta":{"rootId":"e7w1hog0l9jvk5a","id":"e7w1hog0l9jvk5a"},"id":"7ugzavuxm4t48ad","previousOperationId":"lpggnq2vtv1hbl3"}
{"type":"log","timestamp":1766848295685,"level":"info","message":"Rendering request 1 finished in 5622 ms","meta":{"rootId":"e7w1hog0l9jvk5a","id":"e7w1hog0l9jvk5a"},"id":"gkxejh9y7abvdsp","previousOperationId":"lpggnq2vtv1hbl3"}
{"type":"operationEnd","subtype":"render","operationId":"br6z0zrjx5l8l5u","timestamp":1766848295685,"id":"a300abgvu8gmxqs","previousEventId":"78z3197i16nwrom","previousOperationId":"lpggnq2vtv1hbl3"}
{"type":"operationEnd","doDiffs":false,"previousEventId":"5a9cqe9ra93kv5v","previousOperationId":"kbfq6gnvlrortum","operationId":"kbfq6gnvlrortum","timestamp":1766848295690,"id":"jnnl418cpceg3ha"}
