{"type":"operationStart","subtype":"profile","data":{"_id":"pEhWYYYErltgBfEl","timestamp":"2025-12-26T12:39:50.015Z","state":"running","mode":"standard","creationDate":"2025-12-26T12:39:50.023Z","modificationDate":"2025-12-26T12:39:50.023Z","shortid":"YuoF2Ng","$entitySet":"profiles","timeout":60000},"doDiffs":false,"timestamp":1766752790020,"id":"fb91mmw39f1oj94","previousOperationId":null,"operationId":"e8pw8gnthuq0txu"}
{"type":"log","level":"info","message":"Render request 2 queued for execution and waiting for available worker","previousOperationId":"e8pw8gnthuq0txu","timestamp":1766752790021,"id":"w35fklvvwawmkmh"}
{"type":"operationStart","subtype":"render","name":"anonymous","previousOperationId":"e8pw8gnthuq0txu","timestamp":1766752790100,"id":"at2c68vi0k7j2i2","previousEventId":"fb91mmw39f1oj94","operationId":"mi3tmem5rlejg2c"}
{"type":"log","timestamp":1766752790102,"level":"info","message":"Starting rendering request 2","meta":{"rootId":"e9p4bzsnxmm7nxr","id":"e9p4bzsnxmm7nxr"},"id":"qazeqk3pquwuzof","previousOperationId":"mi3tmem5rlejg2c"}
{"type":"log","timestamp":1766752790105,"level":"info","message":"Rendering anonymous template { recipe: pptx, engine: handlebars }","meta":{"rootId":"e9p4bzsnxmm7nxr","id":"e9p4bzsnxmm7nxr"},"id":"9wju1y90w2araka","previousOperationId":"mi3tmem5rlejg2c"}
{"type":"log","timestamp":1766752790105,"level":"debug","message":"Inline data specified.","meta":{"rootId":"e9p4bzsnxmm7nxr","id":"e9p4bzsnxmm7nxr"},"id":"n7jzu0ogj9f4oom","previousOperationId":"mi3tmem5rlejg2c"}
{"type":"log","timestamp":1766752790110,"level":"debug","message":"Base url not specified, skipping its injection.","meta":{"rootId":"e9p4bzsnxmm7nxr","id":"e9p4bzsnxmm7nxr"},"id":"e143973312vxr84","previousOperationId":"mi3tmem5rlejg2c"}
{"type":"operationStart","subtype":"engine","name":"handlebars","timestamp":1766752790113,"id":"la6d3bffmrhsbds","previousEventId":"at2c68vi0k7j2i2","operationId":"4asi8v0apksu6e1","previousOperationId":"mi3tmem5rlejg2c"}
{"type":"log","timestamp":1766752790113,"level":"debug","message":"Rendering engine handlebars","meta":{"rootId":"e9p4bzsnxmm7nxr","id":"e9p4bzsnxmm7nxr"},"id":"yesklwuhngpsva9","previousOperationId":"4asi8v0apksu6e1"}
{"type":"operationEnd","operationId":"4asi8v0apksu6e1","timestamp":1766752791336,"id":"2ds37h6m4z0arth","previousEventId":"la6d3bffmrhsbds","previousOperationId":"4asi8v0apksu6e1"}
{"type":"operationStart","subtype":"recipe","name":"pptx","timestamp":1766752791338,"id":"74ytfhqp44zo6cq","previousEventId":"2ds37h6m4z0arth","operationId":"kvx6zzswqsafn0q","previousOperationId":"4asi8v0apksu6e1"}
{"type":"log","timestamp":1766752791338,"level":"debug","message":"Executing recipe pptx","meta":{"rootId":"e9p4bzsnxmm7nxr","id":"e9p4bzsnxmm7nxr"},"id":"3vemb0niyz18z7i","previousOperationId":"kvx6zzswqsafn0q"}
{"type":"log","timestamp":1766752791635,"level":"info","message":"pptx generation is starting","meta":{"rootId":"e9p4bzsnxmm7nxr","id":"e9p4bzsnxmm7nxr"},"id":"pa2ogfvoa5n96wr","previousOperationId":"kvx6zzswqsafn0q"}
{"type":"log","timestamp":1766752793446,"level":"debug","message":"Starting child request to render pptx dynamic parts","meta":{"rootId":"e9p4bzsnxmm7nxr","id":"e9p4bzsnxmm7nxr"},"id":"lgkdwtefojnc36w","previousOperationId":"kvx6zzswqsafn0q"}
{"type":"operationStart","subtype":"render","name":"anonymous","previousOperationId":"kvx6zzswqsafn0q","timestamp":1766752793448,"id":"270iej1jbq7x9cx","previousEventId":"74ytfhqp44zo6cq","operationId":"vigp1p3xhqttgo1"}
{"type":"log","timestamp":1766752793448,"level":"info","message":"Starting rendering (child) request","meta":{"rootId":"e9p4bzsnxmm7nxr","id":"176oxtugt34xajf"},"id":"0on3951shwxk1js","previousOperationId":"vigp1p3xhqttgo1"}
{"type":"log","timestamp":1766752793449,"level":"info","message":"Rendering anonymous template { recipe: html, engine: handlebars }","meta":{"rootId":"e9p4bzsnxmm7nxr","id":"176oxtugt34xajf"},"id":"xve2mv67y08q65n","previousOperationId":"vigp1p3xhqttgo1"}
{"type":"log","timestamp":1766752793449,"level":"debug","message":"Inline data specified.","meta":{"rootId":"e9p4bzsnxmm7nxr","id":"176oxtugt34xajf"},"id":"akbfdqblhkhqcdm","previousOperationId":"vigp1p3xhqttgo1"}
{"type":"log","timestamp":1766752793455,"level":"debug","message":"Base url not specified, skipping its injection.","meta":{"rootId":"e9p4bzsnxmm7nxr","id":"176oxtugt34xajf"},"id":"2qrqzl4nuqq3tge","previousOperationId":"vigp1p3xhqttgo1"}
{"type":"operationStart","subtype":"engine","name":"handlebars","timestamp":1766752793457,"id":"xotx0r5fkbjfzuw","previousEventId":"270iej1jbq7x9cx","operationId":"86s695adq5b4xct","previousOperationId":"vigp1p3xhqttgo1"}
{"type":"log","timestamp":1766752793457,"level":"debug","message":"Rendering engine handlebars","meta":{"rootId":"e9p4bzsnxmm7nxr","id":"176oxtugt34xajf"},"id":"mnfqfiaxfdbzwck","previousOperationId":"86s695adq5b4xct"}
{"type":"operationEnd","operationId":"86s695adq5b4xct","timestamp":1766752793634,"id":"8kbozr079q6m58b","previousEventId":"xotx0r5fkbjfzuw","previousOperationId":"86s695adq5b4xct"}
{"type":"operationStart","subtype":"recipe","name":"html","timestamp":1766752793643,"id":"flefu4wfogv0v6x","previousEventId":"8kbozr079q6m58b","operationId":"ppdiap73kg0fwgq","previousOperationId":"86s695adq5b4xct"}
{"type":"log","timestamp":1766752793643,"level":"debug","message":"Executing recipe html","meta":{"rootId":"e9p4bzsnxmm7nxr","id":"176oxtugt34xajf"},"id":"j2t7li14krd295y","previousOperationId":"ppdiap73kg0fwgq"}
{"type":"operationEnd","operationId":"ppdiap73kg0fwgq","timestamp":1766752793643,"id":"27ioxxtm1s17b00","previousEventId":"flefu4wfogv0v6x","previousOperationId":"ppdiap73kg0fwgq"}
{"type":"log","timestamp":1766752793645,"level":"debug","message":"Skipping storing report.","meta":{"rootId":"e9p4bzsnxmm7nxr","id":"176oxtugt34xajf"},"id":"wcjg3bx3bd6qx3d","previousOperationId":"ppdiap73kg0fwgq"}
{"type":"log","timestamp":1766752793645,"level":"info","message":"Rendering (child) request finished in 3631 ms","meta":{"rootId":"e9p4bzsnxmm7nxr","id":"176oxtugt34xajf"},"id":"hhg7plelsdlan3e","previousOperationId":"ppdiap73kg0fwgq"}
{"type":"operationEnd","subtype":"render","operationId":"vigp1p3xhqttgo1","timestamp":1766752793645,"id":"fm6h6sgqrdt6o4n","previousEventId":"27ioxxtm1s17b00","previousOperationId":"ppdiap73kg0fwgq"}
{"type":"log","timestamp":1766752798558,"level":"debug","message":"pptx successfully zipped","meta":{"rootId":"e9p4bzsnxmm7nxr","id":"e9p4bzsnxmm7nxr"},"id":"zddnzksvalbx2ij","previousOperationId":"kvx6zzswqsafn0q"}
{"type":"log","timestamp":1766752798558,"level":"info","message":"pptx generation was finished","meta":{"rootId":"e9p4bzsnxmm7nxr","id":"e9p4bzsnxmm7nxr"},"id":"pkhpsvkiazvofa5","previousOperationId":"kvx6zzswqsafn0q"}
{"type":"operationEnd","operationId":"kvx6zzswqsafn0q","timestamp":1766752798575,"id":"me51n2434ixt7r9","previousEventId":"74ytfhqp44zo6cq","previousOperationId":"kvx6zzswqsafn0q"}
{"type":"log","timestamp":1766752798575,"level":"debug","message":"Skipping storing report.","meta":{"rootId":"e9p4bzsnxmm7nxr","id":"e9p4bzsnxmm7nxr"},"id":"s3vmjk1nr8u3egh","previousOperationId":"kvx6zzswqsafn0q"}
{"type":"log","timestamp":1766752798575,"level":"info","message":"Rendering request 2 finished in 8561 ms","meta":{"rootId":"e9p4bzsnxmm7nxr","id":"e9p4bzsnxmm7nxr"},"id":"83okf0jchcif3g0","previousOperationId":"kvx6zzswqsafn0q"}
{"type":"operationEnd","subtype":"render","operationId":"mi3tmem5rlejg2c","timestamp":1766752798575,"id":"l0kj0eo4g4ma67v","previousEventId":"me51n2434ixt7r9","previousOperationId":"kvx6zzswqsafn0q"}
{"type":"operationEnd","doDiffs":false,"previousEventId":"fb91mmw39f1oj94","previousOperationId":"e8pw8gnthuq0txu","operationId":"e8pw8gnthuq0txu","timestamp":1766752798581,"id":"vj5nxqz6ow4xlvm"}
