{"type":"operationStart","subtype":"profile","data":{"_id":"4UAiVxMs4hPJOEWA","timestamp":"2026-01-02T15:51:36.827Z","state":"running","mode":"standard","creationDate":"2026-01-02T15:51:36.833Z","modificationDate":"2026-01-02T15:51:36.833Z","shortid":"zoZzMtg","$entitySet":"profiles","timeout":60000},"doDiffs":false,"timestamp":1767369096830,"id":"j5s9ki5ldx8avi0","previousOperationId":null,"operationId":"dj60b8lym529de5"}
{"type":"log","level":"info","message":"Render request 1 queued for execution and waiting for available worker","previousOperationId":"dj60b8lym529de5","timestamp":1767369096831,"id":"lmn18ed2fmi96zc"}
{"type":"operationStart","subtype":"render","name":"anonymous","previousOperationId":"dj60b8lym529de5","timestamp":1767369096902,"id":"uq08g8y8j2ei9jd","previousEventId":"j5s9ki5ldx8avi0","operationId":"mxfea223awhltwy"}
{"type":"log","timestamp":1767369096904,"level":"info","message":"Starting rendering request 1","meta":{"rootId":"eaoo85pqug1dfnx","id":"eaoo85pqug1dfnx"},"id":"pz55ce9d403vyou","previousOperationId":"mxfea223awhltwy"}
{"type":"log","timestamp":1767369096906,"level":"info","message":"Rendering anonymous template { recipe: pptx, engine: handlebars }","meta":{"rootId":"eaoo85pqug1dfnx","id":"eaoo85pqug1dfnx"},"id":"5eyfckdizvzr7r8","previousOperationId":"mxfea223awhltwy"}
{"type":"log","timestamp":1767369096906,"level":"debug","message":"Inline data specified.","meta":{"rootId":"eaoo85pqug1dfnx","id":"eaoo85pqug1dfnx"},"id":"xmh77q7yypj1p6y","previousOperationId":"mxfea223awhltwy"}
{"type":"log","timestamp":1767369096912,"level":"debug","message":"Base url not specified, skipping its injection.","meta":{"rootId":"eaoo85pqug1dfnx","id":"eaoo85pqug1dfnx"},"id":"zeuovr14ka2vq06","previousOperationId":"mxfea223awhltwy"}
{"type":"operationStart","subtype":"engine","name":"handlebars","timestamp":1767369096915,"id":"xyehg3ta40g6j00","previousEventId":"uq08g8y8j2ei9jd","operationId":"727i0u4bfag05z9","previousOperationId":"mxfea223awhltwy"}
{"type":"log","timestamp":1767369096915,"level":"debug","message":"Rendering engine handlebars","meta":{"rootId":"eaoo85pqug1dfnx","id":"eaoo85pqug1dfnx"},"id":"vya2igk4et9cdgt","previousOperationId":"727i0u4bfag05z9"}
{"type":"operationEnd","operationId":"727i0u4bfag05z9","timestamp":1767369098544,"id":"ve5mmm4zhqfa2c3","previousEventId":"xyehg3ta40g6j00","previousOperationId":"727i0u4bfag05z9"}
{"type":"operationStart","subtype":"recipe","name":"pptx","timestamp":1767369098545,"id":"b738ud14in52n2l","previousEventId":"ve5mmm4zhqfa2c3","operationId":"62tej1illfby2nq","previousOperationId":"727i0u4bfag05z9"}
{"type":"log","timestamp":1767369098546,"level":"debug","message":"Executing recipe pptx","meta":{"rootId":"eaoo85pqug1dfnx","id":"eaoo85pqug1dfnx"},"id":"xsax8kv4iiynya3","previousOperationId":"62tej1illfby2nq"}
{"type":"log","timestamp":1767369098844,"level":"info","message":"pptx generation is starting","meta":{"rootId":"eaoo85pqug1dfnx","id":"eaoo85pqug1dfnx"},"id":"dtt0s10cxf448cn","previousOperationId":"62tej1illfby2nq"}
{"type":"log","timestamp":1767369101018,"level":"debug","message":"Starting child request to render pptx dynamic parts","meta":{"rootId":"eaoo85pqug1dfnx","id":"eaoo85pqug1dfnx"},"id":"rrkal12y8fthvar","previousOperationId":"62tej1illfby2nq"}
{"type":"operationStart","subtype":"render","name":"anonymous","previousOperationId":"62tej1illfby2nq","timestamp":1767369101020,"id":"v1dznb4cco54q7w","previousEventId":"b738ud14in52n2l","operationId":"h1rqojbu6btpwdb"}
{"type":"log","timestamp":1767369101020,"level":"info","message":"Starting rendering (child) request","meta":{"rootId":"eaoo85pqug1dfnx","id":"1szmizuwlu64fic"},"id":"kp0z5edhxlz10c1","previousOperationId":"h1rqojbu6btpwdb"}
{"type":"log","timestamp":1767369101020,"level":"info","message":"Rendering anonymous template { recipe: html, engine: handlebars }","meta":{"rootId":"eaoo85pqug1dfnx","id":"1szmizuwlu64fic"},"id":"mytfaqugkc0gmvb","previousOperationId":"h1rqojbu6btpwdb"}
{"type":"log","timestamp":1767369101020,"level":"debug","message":"Inline data specified.","meta":{"rootId":"eaoo85pqug1dfnx","id":"1szmizuwlu64fic"},"id":"97hjjhol3ej1gjv","previousOperationId":"h1rqojbu6btpwdb"}
{"type":"log","timestamp":1767369101027,"level":"debug","message":"Base url not specified, skipping its injection.","meta":{"rootId":"eaoo85pqug1dfnx","id":"1szmizuwlu64fic"},"id":"xxresgzb55t6x5k","previousOperationId":"h1rqojbu6btpwdb"}
{"type":"operationStart","subtype":"engine","name":"handlebars","timestamp":1767369101030,"id":"z5fw5nw06dsxlvn","previousEventId":"v1dznb4cco54q7w","operationId":"dbfsxd1o2udoj0u","previousOperationId":"h1rqojbu6btpwdb"}
{"type":"log","timestamp":1767369101030,"level":"debug","message":"Rendering engine handlebars","meta":{"rootId":"eaoo85pqug1dfnx","id":"1szmizuwlu64fic"},"id":"9w1j5m8yroqa84h","previousOperationId":"dbfsxd1o2udoj0u"}
{"type":"log","timestamp":1767369101321,"level":"debug","message":"(console:log) {\n  type: 'echarts@v5a',\n  width: 848,\n  height: 409,\n  option: { radar: [ [Object] ], series: [ [Object] ] }\n}","meta":{"userLevel":true,"rootId":"eaoo85pqug1dfnx","id":"1szmizuwlu64fic"},"id":"8qzzf0u4gr3fxr3","previousOperationId":"dbfsxd1o2udoj0u"}
{"type":"operationEnd","operationId":"dbfsxd1o2udoj0u","timestamp":1767369101338,"id":"03mmyccxsa13tfa","previousEventId":"z5fw5nw06dsxlvn","previousOperationId":"dbfsxd1o2udoj0u"}
{"type":"operationStart","subtype":"recipe","name":"html","timestamp":1767369101363,"id":"jotu34wayp25f0o","previousEventId":"03mmyccxsa13tfa","operationId":"qpdr9sbl55tbwg6","previousOperationId":"dbfsxd1o2udoj0u"}
{"type":"log","timestamp":1767369101363,"level":"debug","message":"Executing recipe html","meta":{"rootId":"eaoo85pqug1dfnx","id":"1szmizuwlu64fic"},"id":"s32d8j45fimqwnx","previousOperationId":"qpdr9sbl55tbwg6"}
{"type":"operationEnd","operationId":"qpdr9sbl55tbwg6","timestamp":1767369101363,"id":"gm7oy399g681xzr","previousEventId":"jotu34wayp25f0o","previousOperationId":"qpdr9sbl55tbwg6"}
{"type":"log","timestamp":1767369101365,"level":"debug","message":"Skipping storing report.","meta":{"rootId":"eaoo85pqug1dfnx","id":"1szmizuwlu64fic"},"id":"td9296gou47ldpc","previousOperationId":"qpdr9sbl55tbwg6"}
{"type":"log","timestamp":1767369101365,"level":"info","message":"Rendering (child) request finished in 4540 ms","meta":{"rootId":"eaoo85pqug1dfnx","id":"1szmizuwlu64fic"},"id":"fto0t8jb6aqkvyb","previousOperationId":"qpdr9sbl55tbwg6"}
{"type":"operationEnd","subtype":"render","operationId":"h1rqojbu6btpwdb","timestamp":1767369101365,"id":"02zc81sfdajo4c1","previousEventId":"gm7oy399g681xzr","previousOperationId":"qpdr9sbl55tbwg6"}
{"type":"log","timestamp":1767369111456,"level":"debug","message":"pptx successfully zipped","meta":{"rootId":"eaoo85pqug1dfnx","id":"eaoo85pqug1dfnx"},"id":"g5z56i7afzr2lzv","previousOperationId":"62tej1illfby2nq"}
{"type":"log","timestamp":1767369111456,"level":"info","message":"pptx generation was finished","meta":{"rootId":"eaoo85pqug1dfnx","id":"eaoo85pqug1dfnx"},"id":"tafhmp9rpv7de50","previousOperationId":"62tej1illfby2nq"}
{"type":"operationEnd","operationId":"62tej1illfby2nq","timestamp":1767369111476,"id":"py5ce1jwp8galyy","previousEventId":"b738ud14in52n2l","previousOperationId":"62tej1illfby2nq"}
{"type":"log","timestamp":1767369111476,"level":"debug","message":"Skipping storing report.","meta":{"rootId":"eaoo85pqug1dfnx","id":"eaoo85pqug1dfnx"},"id":"19rgpdlg47pa5uf","previousOperationId":"62tej1illfby2nq"}
{"type":"log","timestamp":1767369111476,"level":"info","message":"Rendering request 1 finished in 14651 ms","meta":{"rootId":"eaoo85pqug1dfnx","id":"eaoo85pqug1dfnx"},"id":"reb18qcduspb71c","previousOperationId":"62tej1illfby2nq"}
{"type":"operationEnd","subtype":"render","operationId":"mxfea223awhltwy","timestamp":1767369111476,"id":"na6n22myigmaj0q","previousEventId":"py5ce1jwp8galyy","previousOperationId":"62tej1illfby2nq"}
{"type":"operationEnd","doDiffs":false,"previousEventId":"j5s9ki5ldx8avi0","previousOperationId":"dj60b8lym529de5","operationId":"dj60b8lym529de5","timestamp":1767369111485,"id":"oloty3yz3retisg"}
