{"type":"operationStart","subtype":"profile","data":{"_id":"3isPbVmFfUyudaZ0","timestamp":"2025-12-26T12:24:09.013Z","state":"running","mode":"standard","creationDate":"2025-12-26T12:24:09.020Z","modificationDate":"2025-12-26T12:24:09.020Z","shortid":"pW2fXf0","$entitySet":"profiles","timeout":60000},"doDiffs":false,"timestamp":1766751849017,"id":"o8i8mpq5g96xpnr","previousOperationId":null,"operationId":"b1ugt42c2k71nhx"}
{"type":"log","level":"info","message":"Render request 1 queued for execution and waiting for available worker","previousOperationId":"b1ugt42c2k71nhx","timestamp":1766751849018,"id":"ag0acsgnjz6yz74"}
{"type":"operationStart","subtype":"render","name":"anonymous","previousOperationId":"b1ugt42c2k71nhx","timestamp":1766751849093,"id":"n1t0myktkbphivj","previousEventId":"o8i8mpq5g96xpnr","operationId":"7q7mckkbc7jjzwy"}
{"type":"log","timestamp":1766751849095,"level":"info","message":"Starting rendering request 1","meta":{"rootId":"eb4dynpuymdcg9i","id":"eb4dynpuymdcg9i"},"id":"741kdohhy8fqufi","previousOperationId":"7q7mckkbc7jjzwy"}
{"type":"log","timestamp":1766751849097,"level":"info","message":"Rendering anonymous template { recipe: pptx, engine: handlebars }","meta":{"rootId":"eb4dynpuymdcg9i","id":"eb4dynpuymdcg9i"},"id":"n542fjhu3x467pm","previousOperationId":"7q7mckkbc7jjzwy"}
{"type":"log","timestamp":1766751849098,"level":"debug","message":"Inline data specified.","meta":{"rootId":"eb4dynpuymdcg9i","id":"eb4dynpuymdcg9i"},"id":"ud9139ib256ffn0","previousOperationId":"7q7mckkbc7jjzwy"}
{"type":"log","timestamp":1766751849109,"level":"debug","message":"Base url not specified, skipping its injection.","meta":{"rootId":"eb4dynpuymdcg9i","id":"eb4dynpuymdcg9i"},"id":"12l6p9lsoz5zysj","previousOperationId":"7q7mckkbc7jjzwy"}
{"type":"operationStart","subtype":"engine","name":"handlebars","timestamp":1766751849112,"id":"3e40lpicwwlrusk","previousEventId":"n1t0myktkbphivj","operationId":"uhtcgjhfzcntje7","previousOperationId":"7q7mckkbc7jjzwy"}
{"type":"log","timestamp":1766751849112,"level":"debug","message":"Rendering engine handlebars","meta":{"rootId":"eb4dynpuymdcg9i","id":"eb4dynpuymdcg9i"},"id":"w8owu521lgx7keq","previousOperationId":"uhtcgjhfzcntje7"}
{"type":"operationEnd","operationId":"uhtcgjhfzcntje7","timestamp":1766751850398,"id":"meqpda486nbh1cz","previousEventId":"3e40lpicwwlrusk","previousOperationId":"uhtcgjhfzcntje7"}
{"type":"operationStart","subtype":"recipe","name":"pptx","timestamp":1766751850399,"id":"unmxcptscw5ks4b","previousEventId":"meqpda486nbh1cz","operationId":"hmycx460xswd987","previousOperationId":"uhtcgjhfzcntje7"}
{"type":"log","timestamp":1766751850400,"level":"debug","message":"Executing recipe pptx","meta":{"rootId":"eb4dynpuymdcg9i","id":"eb4dynpuymdcg9i"},"id":"l5ftn9g7ldvei5t","previousOperationId":"hmycx460xswd987"}
{"type":"log","timestamp":1766751850655,"level":"info","message":"pptx generation is starting","meta":{"rootId":"eb4dynpuymdcg9i","id":"eb4dynpuymdcg9i"},"id":"c1pihlhxrv9gpyg","previousOperationId":"hmycx460xswd987"}
{"type":"log","timestamp":1766751852459,"level":"debug","message":"Starting child request to render pptx dynamic parts","meta":{"rootId":"eb4dynpuymdcg9i","id":"eb4dynpuymdcg9i"},"id":"mkjaq9gc098quiq","previousOperationId":"hmycx460xswd987"}
{"type":"operationStart","subtype":"render","name":"anonymous","previousOperationId":"hmycx460xswd987","timestamp":1766751852461,"id":"rntsb9mzy15c6mn","previousEventId":"unmxcptscw5ks4b","operationId":"xarg6hmik60fk0f"}
{"type":"log","timestamp":1766751852461,"level":"info","message":"Starting rendering (child) request","meta":{"rootId":"eb4dynpuymdcg9i","id":"llvb3030bv8q6sd"},"id":"gijg9e9zis2w58k","previousOperationId":"xarg6hmik60fk0f"}
{"type":"log","timestamp":1766751852461,"level":"info","message":"Rendering anonymous template { recipe: html, engine: handlebars }","meta":{"rootId":"eb4dynpuymdcg9i","id":"llvb3030bv8q6sd"},"id":"vfd3garst61jzls","previousOperationId":"xarg6hmik60fk0f"}
{"type":"log","timestamp":1766751852461,"level":"debug","message":"Inline data specified.","meta":{"rootId":"eb4dynpuymdcg9i","id":"llvb3030bv8q6sd"},"id":"km75wb4xiaje12c","previousOperationId":"xarg6hmik60fk0f"}
{"type":"log","timestamp":1766751852473,"level":"debug","message":"Base url not specified, skipping its injection.","meta":{"rootId":"eb4dynpuymdcg9i","id":"llvb3030bv8q6sd"},"id":"oyw1iwpghd91b7v","previousOperationId":"xarg6hmik60fk0f"}
{"type":"operationStart","subtype":"engine","name":"handlebars","timestamp":1766751852476,"id":"1l8sorfnddwwxdd","previousEventId":"rntsb9mzy15c6mn","operationId":"qhgxgmcy4713z45","previousOperationId":"xarg6hmik60fk0f"}
{"type":"log","timestamp":1766751852476,"level":"debug","message":"Rendering engine handlebars","meta":{"rootId":"eb4dynpuymdcg9i","id":"llvb3030bv8q6sd"},"id":"gowpxaasp4z8ka5","previousOperationId":"qhgxgmcy4713z45"}
{"type":"operationEnd","operationId":"qhgxgmcy4713z45","timestamp":1766751852645,"id":"8jpk9s7p8kb1u5u","previousEventId":"1l8sorfnddwwxdd","previousOperationId":"qhgxgmcy4713z45"}
{"type":"operationStart","subtype":"recipe","name":"html","timestamp":1766751852658,"id":"yfnkirbbfs45hhu","previousEventId":"8jpk9s7p8kb1u5u","operationId":"qm7wm6apzkzu9gx","previousOperationId":"qhgxgmcy4713z45"}
{"type":"log","timestamp":1766751852659,"level":"debug","message":"Executing recipe html","meta":{"rootId":"eb4dynpuymdcg9i","id":"llvb3030bv8q6sd"},"id":"nbu1ohaljolzzsp","previousOperationId":"qm7wm6apzkzu9gx"}
{"type":"operationEnd","operationId":"qm7wm6apzkzu9gx","timestamp":1766751852659,"id":"gumnnx1ruh72ab8","previousEventId":"yfnkirbbfs45hhu","previousOperationId":"qm7wm6apzkzu9gx"}
{"type":"log","timestamp":1766751852660,"level":"debug","message":"Skipping storing report.","meta":{"rootId":"eb4dynpuymdcg9i","id":"llvb3030bv8q6sd"},"id":"ht1dd9j8tyc7mod","previousOperationId":"qm7wm6apzkzu9gx"}
{"type":"log","timestamp":1766751852660,"level":"info","message":"Rendering (child) request finished in 3650 ms","meta":{"rootId":"eb4dynpuymdcg9i","id":"llvb3030bv8q6sd"},"id":"lchom0kgvkzcc6z","previousOperationId":"qm7wm6apzkzu9gx"}
{"type":"operationEnd","subtype":"render","operationId":"xarg6hmik60fk0f","timestamp":1766751852661,"id":"z6cf4sirn9068fo","previousEventId":"gumnnx1ruh72ab8","previousOperationId":"qm7wm6apzkzu9gx"}
{"type":"log","timestamp":1766751858704,"level":"debug","message":"pptx successfully zipped","meta":{"rootId":"eb4dynpuymdcg9i","id":"eb4dynpuymdcg9i"},"id":"dxcx0fifldbjkgf","previousOperationId":"hmycx460xswd987"}
{"type":"log","timestamp":1766751858704,"level":"info","message":"pptx generation was finished","meta":{"rootId":"eb4dynpuymdcg9i","id":"eb4dynpuymdcg9i"},"id":"8m4bq9z90z6fbru","previousOperationId":"hmycx460xswd987"}
{"type":"operationEnd","operationId":"hmycx460xswd987","timestamp":1766751858719,"id":"xl91oni26jyznak","previousEventId":"unmxcptscw5ks4b","previousOperationId":"hmycx460xswd987"}
{"type":"log","timestamp":1766751858719,"level":"debug","message":"Skipping storing report.","meta":{"rootId":"eb4dynpuymdcg9i","id":"eb4dynpuymdcg9i"},"id":"9afoisqllkm6bl2","previousOperationId":"hmycx460xswd987"}
{"type":"log","timestamp":1766751858719,"level":"info","message":"Rendering request 1 finished in 9709 ms","meta":{"rootId":"eb4dynpuymdcg9i","id":"eb4dynpuymdcg9i"},"id":"ad2tk7la8ceghng","previousOperationId":"hmycx460xswd987"}
{"type":"operationEnd","subtype":"render","operationId":"7q7mckkbc7jjzwy","timestamp":1766751858720,"id":"1cavs1ampo4jlld","previousEventId":"xl91oni26jyznak","previousOperationId":"hmycx460xswd987"}
{"type":"operationEnd","doDiffs":false,"previousEventId":"o8i8mpq5g96xpnr","previousOperationId":"b1ugt42c2k71nhx","operationId":"b1ugt42c2k71nhx","timestamp":1766751858726,"id":"8pxnyqb7uiilr0e"}
