{"type":"operationStart","subtype":"profile","data":{"_id":"uezWbwNud8hJn0IB","timestamp":"2025-12-07T21:39:58.404Z","state":"running","mode":"standard","creationDate":"2025-12-07T21:39:58.406Z","modificationDate":"2025-12-07T21:39:58.406Z","shortid":"_rYcPNO","$entitySet":"profiles","timeout":60000},"doDiffs":false,"timestamp":1765143598405,"id":"wl0ce8kbqprvi2a","previousOperationId":null,"operationId":"p4t9p6mspdrbm0f"}
{"type":"log","level":"info","message":"Render request 9 queued for execution and waiting for available worker","previousOperationId":"p4t9p6mspdrbm0f","timestamp":1765143598405,"id":"ji39cqe3v8wpbv5"}
{"type":"operationStart","subtype":"render","name":"anonymous","previousOperationId":"p4t9p6mspdrbm0f","timestamp":1765143598460,"id":"l8rgwalycqohqrv","previousEventId":"wl0ce8kbqprvi2a","operationId":"g2tgr1gu5rz3xnt"}
{"type":"log","timestamp":1765143598460,"level":"info","message":"Starting rendering request 9","meta":{"rootId":"eb5vbectlm40p92","id":"eb5vbectlm40p92"},"id":"jiqrl7khvc4s144","previousOperationId":"g2tgr1gu5rz3xnt"}
{"type":"log","timestamp":1765143598461,"level":"info","message":"Rendering anonymous template { recipe: pptx, engine: handlebars }","meta":{"rootId":"eb5vbectlm40p92","id":"eb5vbectlm40p92"},"id":"mdb6gi2bdc5q3pf","previousOperationId":"g2tgr1gu5rz3xnt"}
{"type":"log","timestamp":1765143598461,"level":"debug","message":"Inline data specified.","meta":{"rootId":"eb5vbectlm40p92","id":"eb5vbectlm40p92"},"id":"irwl07a3zo6h8ck","previousOperationId":"g2tgr1gu5rz3xnt"}
{"type":"log","timestamp":1765143598462,"level":"debug","message":"Base url not specified, skipping its injection.","meta":{"rootId":"eb5vbectlm40p92","id":"eb5vbectlm40p92"},"id":"rn0gcrq1pytqu3w","previousOperationId":"g2tgr1gu5rz3xnt"}
{"type":"operationStart","subtype":"engine","name":"handlebars","timestamp":1765143598463,"id":"5krfzv0d55k0a4j","previousEventId":"l8rgwalycqohqrv","operationId":"wy7shhdlibpxng2","previousOperationId":"g2tgr1gu5rz3xnt"}
{"type":"log","timestamp":1765143598463,"level":"debug","message":"Rendering engine handlebars","meta":{"rootId":"eb5vbectlm40p92","id":"eb5vbectlm40p92"},"id":"kqufoe0etq6ez74","previousOperationId":"wy7shhdlibpxng2"}
{"type":"operationEnd","operationId":"wy7shhdlibpxng2","timestamp":1765143598547,"id":"5pfm54nuptx00pl","previousEventId":"5krfzv0d55k0a4j","previousOperationId":"wy7shhdlibpxng2"}
{"type":"operationStart","subtype":"recipe","name":"pptx","timestamp":1765143598547,"id":"mvj0mu6rbrdj8tp","previousEventId":"5pfm54nuptx00pl","operationId":"qcqdtge46sgztpf","previousOperationId":"wy7shhdlibpxng2"}
{"type":"log","timestamp":1765143598547,"level":"debug","message":"Executing recipe pptx","meta":{"rootId":"eb5vbectlm40p92","id":"eb5vbectlm40p92"},"id":"k6mq7kwdbhjlyof","previousOperationId":"qcqdtge46sgztpf"}
{"type":"log","timestamp":1765143598566,"level":"info","message":"pptx generation is starting","meta":{"rootId":"eb5vbectlm40p92","id":"eb5vbectlm40p92"},"id":"n4xt042109lh4lu","previousOperationId":"qcqdtge46sgztpf"}
{"type":"log","timestamp":1765143599646,"level":"debug","message":"Starting child request to render pptx dynamic parts","meta":{"rootId":"eb5vbectlm40p92","id":"eb5vbectlm40p92"},"id":"zook3pyesfecb42","previousOperationId":"qcqdtge46sgztpf"}
{"type":"operationStart","subtype":"render","name":"anonymous","previousOperationId":"qcqdtge46sgztpf","timestamp":1765143599647,"id":"t68bkcrluyzzspq","previousEventId":"mvj0mu6rbrdj8tp","operationId":"2uq4ssj8g36o4cr"}
{"type":"log","timestamp":1765143599647,"level":"info","message":"Starting rendering (child) request","meta":{"rootId":"eb5vbectlm40p92","id":"lkem2mcmrnbo9lv"},"id":"wrnmv1hnit420zh","previousOperationId":"2uq4ssj8g36o4cr"}
{"type":"log","timestamp":1765143599647,"level":"info","message":"Rendering anonymous template { recipe: html, engine: handlebars }","meta":{"rootId":"eb5vbectlm40p92","id":"lkem2mcmrnbo9lv"},"id":"a5b68g9964kedp5","previousOperationId":"2uq4ssj8g36o4cr"}
{"type":"log","timestamp":1765143599647,"level":"debug","message":"Inline data specified.","meta":{"rootId":"eb5vbectlm40p92","id":"lkem2mcmrnbo9lv"},"id":"wbtw9qe18494gs3","previousOperationId":"2uq4ssj8g36o4cr"}
{"type":"log","timestamp":1765143599654,"level":"debug","message":"Base url not specified, skipping its injection.","meta":{"rootId":"eb5vbectlm40p92","id":"lkem2mcmrnbo9lv"},"id":"cxq462s22dem5hw","previousOperationId":"2uq4ssj8g36o4cr"}
{"type":"operationStart","subtype":"engine","name":"handlebars","timestamp":1765143599655,"id":"b5xw89qwouqitu2","previousEventId":"t68bkcrluyzzspq","operationId":"6ivumhr5di9vd0r","previousOperationId":"2uq4ssj8g36o4cr"}
{"type":"log","timestamp":1765143599655,"level":"debug","message":"Rendering engine handlebars","meta":{"rootId":"eb5vbectlm40p92","id":"lkem2mcmrnbo9lv"},"id":"ec8rbxyg9qij46u","previousOperationId":"6ivumhr5di9vd0r"}
{"type":"operationEnd","operationId":"6ivumhr5di9vd0r","timestamp":1765143599754,"id":"jpaucvl6retr0ci","previousEventId":"b5xw89qwouqitu2","previousOperationId":"6ivumhr5di9vd0r"}
{"type":"operationStart","subtype":"recipe","name":"html","timestamp":1765143599765,"id":"6uk7chiiwjw3ql1","previousEventId":"jpaucvl6retr0ci","operationId":"mkw6rcz9znirliy","previousOperationId":"6ivumhr5di9vd0r"}
{"type":"log","timestamp":1765143599765,"level":"debug","message":"Executing recipe html","meta":{"rootId":"eb5vbectlm40p92","id":"lkem2mcmrnbo9lv"},"id":"winfyvdxfkwf4rb","previousOperationId":"mkw6rcz9znirliy"}
{"type":"operationEnd","operationId":"mkw6rcz9znirliy","timestamp":1765143599765,"id":"tihlns2u3r62u0o","previousEventId":"6uk7chiiwjw3ql1","previousOperationId":"mkw6rcz9znirliy"}
{"type":"log","timestamp":1765143599766,"level":"debug","message":"Skipping storing report.","meta":{"rootId":"eb5vbectlm40p92","id":"lkem2mcmrnbo9lv"},"id":"ox26i29ylf9vxhp","previousOperationId":"mkw6rcz9znirliy"}
{"type":"log","timestamp":1765143599766,"level":"info","message":"Rendering (child) request finished in 1364 ms","meta":{"rootId":"eb5vbectlm40p92","id":"lkem2mcmrnbo9lv"},"id":"3j7ehr9hjvxgxa0","previousOperationId":"mkw6rcz9znirliy"}
{"type":"operationEnd","subtype":"render","operationId":"2uq4ssj8g36o4cr","timestamp":1765143599766,"id":"9wiiivtjag7ngoi","previousEventId":"tihlns2u3r62u0o","previousOperationId":"mkw6rcz9znirliy"}
{"type":"log","timestamp":1765143603978,"level":"debug","message":"pptx successfully zipped","meta":{"rootId":"eb5vbectlm40p92","id":"eb5vbectlm40p92"},"id":"sikuwb560rwbk2s","previousOperationId":"qcqdtge46sgztpf"}
{"type":"log","timestamp":1765143603978,"level":"info","message":"pptx generation was finished","meta":{"rootId":"eb5vbectlm40p92","id":"eb5vbectlm40p92"},"id":"1xv4uwweb3h4al0","previousOperationId":"qcqdtge46sgztpf"}
{"type":"operationEnd","operationId":"qcqdtge46sgztpf","timestamp":1765143603985,"id":"alx0t9mjkaf3lng","previousEventId":"mvj0mu6rbrdj8tp","previousOperationId":"qcqdtge46sgztpf"}
{"type":"log","timestamp":1765143603985,"level":"debug","message":"Skipping storing report.","meta":{"rootId":"eb5vbectlm40p92","id":"eb5vbectlm40p92"},"id":"8vf4by99v6g1dv7","previousOperationId":"qcqdtge46sgztpf"}
{"type":"log","timestamp":1765143603985,"level":"info","message":"Rendering request 9 finished in 5583 ms","meta":{"rootId":"eb5vbectlm40p92","id":"eb5vbectlm40p92"},"id":"1aiopb6ibstujfu","previousOperationId":"qcqdtge46sgztpf"}
{"type":"operationEnd","subtype":"render","operationId":"g2tgr1gu5rz3xnt","timestamp":1765143603985,"id":"f97qvz8vruhn582","previousEventId":"alx0t9mjkaf3lng","previousOperationId":"qcqdtge46sgztpf"}
{"type":"operationEnd","doDiffs":false,"previousEventId":"wl0ce8kbqprvi2a","previousOperationId":"p4t9p6mspdrbm0f","operationId":"p4t9p6mspdrbm0f","timestamp":1765143603991,"id":"dxxdc3gumgjzog6"}
