{"type":"operationStart","subtype":"profile","data":{"_id":"gCZOK8hWHM50Oo8a","timestamp":"2025-12-30T18:39:31.768Z","state":"running","mode":"standard","creationDate":"2025-12-30T18:39:31.771Z","modificationDate":"2025-12-30T18:39:31.771Z","shortid":"2ce1zXE","$entitySet":"profiles","timeout":60000},"doDiffs":false,"timestamp":1767119971770,"id":"nvoqz3ylk49n2kc","previousOperationId":null,"operationId":"vsqo5au1wb6u0af"}
{"type":"log","level":"info","message":"Render request 4 queued for execution and waiting for available worker","previousOperationId":"vsqo5au1wb6u0af","timestamp":1767119971770,"id":"4l8tcdqxzdddrwp"}
{"type":"operationStart","subtype":"render","name":"anonymous","previousOperationId":"vsqo5au1wb6u0af","timestamp":1767119971833,"id":"nvymzmmuva7wo13","previousEventId":"nvoqz3ylk49n2kc","operationId":"mq0rnsaktvzdfq2"}
{"type":"log","timestamp":1767119971834,"level":"info","message":"Starting rendering request 4","meta":{"rootId":"ec6wuf2yy41vowt","id":"ec6wuf2yy41vowt"},"id":"hi7faoaskc4bx1l","previousOperationId":"mq0rnsaktvzdfq2"}
{"type":"log","timestamp":1767119971834,"level":"info","message":"Rendering anonymous template { recipe: pptx, engine: handlebars }","meta":{"rootId":"ec6wuf2yy41vowt","id":"ec6wuf2yy41vowt"},"id":"1x2wofg0rpzk9fl","previousOperationId":"mq0rnsaktvzdfq2"}
{"type":"log","timestamp":1767119971835,"level":"debug","message":"Inline data specified.","meta":{"rootId":"ec6wuf2yy41vowt","id":"ec6wuf2yy41vowt"},"id":"giad1iomad4nhgi","previousOperationId":"mq0rnsaktvzdfq2"}
{"type":"log","timestamp":1767119971838,"level":"debug","message":"Base url not specified, skipping its injection.","meta":{"rootId":"ec6wuf2yy41vowt","id":"ec6wuf2yy41vowt"},"id":"e7obyo1038lnkiz","previousOperationId":"mq0rnsaktvzdfq2"}
{"type":"operationStart","subtype":"engine","name":"handlebars","timestamp":1767119971839,"id":"rpx5u71cilpo96e","previousEventId":"nvymzmmuva7wo13","operationId":"1apzgegdq1fbuvf","previousOperationId":"mq0rnsaktvzdfq2"}
{"type":"log","timestamp":1767119971840,"level":"debug","message":"Rendering engine handlebars","meta":{"rootId":"ec6wuf2yy41vowt","id":"ec6wuf2yy41vowt"},"id":"glwp5qydglp4n0c","previousOperationId":"1apzgegdq1fbuvf"}
{"type":"operationEnd","operationId":"1apzgegdq1fbuvf","timestamp":1767119971873,"id":"pta15ky94i13v2l","previousEventId":"rpx5u71cilpo96e","previousOperationId":"1apzgegdq1fbuvf"}
{"type":"operationStart","subtype":"recipe","name":"pptx","timestamp":1767119971873,"id":"yn1i7w1nu0lup5y","previousEventId":"pta15ky94i13v2l","operationId":"7emsplgmf4yq697","previousOperationId":"1apzgegdq1fbuvf"}
{"type":"log","timestamp":1767119971873,"level":"debug","message":"Executing recipe pptx","meta":{"rootId":"ec6wuf2yy41vowt","id":"ec6wuf2yy41vowt"},"id":"cuy891l4raifr6w","previousOperationId":"7emsplgmf4yq697"}
{"type":"log","timestamp":1767119971888,"level":"info","message":"pptx generation is starting","meta":{"rootId":"ec6wuf2yy41vowt","id":"ec6wuf2yy41vowt"},"id":"up20674kkkawm54","previousOperationId":"7emsplgmf4yq697"}
{"type":"log","timestamp":1767119973033,"level":"debug","message":"Starting child request to render pptx dynamic parts","meta":{"rootId":"ec6wuf2yy41vowt","id":"ec6wuf2yy41vowt"},"id":"4j8fuqn1y2mu8r1","previousOperationId":"7emsplgmf4yq697"}
{"type":"operationStart","subtype":"render","name":"anonymous","previousOperationId":"7emsplgmf4yq697","timestamp":1767119973033,"id":"ry5jt007htq8iee","previousEventId":"yn1i7w1nu0lup5y","operationId":"uwa9wrb4im86rp8"}
{"type":"log","timestamp":1767119973033,"level":"info","message":"Starting rendering (child) request","meta":{"rootId":"ec6wuf2yy41vowt","id":"y09io5q0o8l5fre"},"id":"uil3jc5jj2z1dmh","previousOperationId":"uwa9wrb4im86rp8"}
{"type":"log","timestamp":1767119973034,"level":"info","message":"Rendering anonymous template { recipe: html, engine: handlebars }","meta":{"rootId":"ec6wuf2yy41vowt","id":"y09io5q0o8l5fre"},"id":"hpetl1hi7xpl3t4","previousOperationId":"uwa9wrb4im86rp8"}
{"type":"log","timestamp":1767119973034,"level":"debug","message":"Inline data specified.","meta":{"rootId":"ec6wuf2yy41vowt","id":"y09io5q0o8l5fre"},"id":"fsdnppynwmf9axf","previousOperationId":"uwa9wrb4im86rp8"}
{"type":"log","timestamp":1767119973038,"level":"debug","message":"Base url not specified, skipping its injection.","meta":{"rootId":"ec6wuf2yy41vowt","id":"y09io5q0o8l5fre"},"id":"5m70xtntk5cdmhq","previousOperationId":"uwa9wrb4im86rp8"}
{"type":"operationStart","subtype":"engine","name":"handlebars","timestamp":1767119973039,"id":"xsjy7c2vp7mdrx7","previousEventId":"ry5jt007htq8iee","operationId":"ormgpu56fw0ourb","previousOperationId":"uwa9wrb4im86rp8"}
{"type":"log","timestamp":1767119973039,"level":"debug","message":"Rendering engine handlebars","meta":{"rootId":"ec6wuf2yy41vowt","id":"y09io5q0o8l5fre"},"id":"y51so1fova1q2n6","previousOperationId":"ormgpu56fw0ourb"}
{"type":"log","timestamp":1767119973158,"level":"debug","message":"(console:log) {\n  type: 'echarts@v5a',\n  width: 848,\n  height: 409,\n  option: { radar: [ [Object] ], series: [ [Object] ] }\n}","meta":{"userLevel":true,"rootId":"ec6wuf2yy41vowt","id":"y09io5q0o8l5fre"},"id":"36ulrfgha6gm5ge","previousOperationId":"ormgpu56fw0ourb"}
{"type":"operationEnd","operationId":"ormgpu56fw0ourb","timestamp":1767119973165,"id":"7gui80nn89rtmjm","previousEventId":"xsjy7c2vp7mdrx7","previousOperationId":"ormgpu56fw0ourb"}
{"type":"operationStart","subtype":"recipe","name":"html","timestamp":1767119973176,"id":"hy2fvgpdtuub25a","previousEventId":"7gui80nn89rtmjm","operationId":"d0lvdey7alonh9w","previousOperationId":"ormgpu56fw0ourb"}
{"type":"log","timestamp":1767119973177,"level":"debug","message":"Executing recipe html","meta":{"rootId":"ec6wuf2yy41vowt","id":"y09io5q0o8l5fre"},"id":"76s5o9nbygnjfo5","previousOperationId":"d0lvdey7alonh9w"}
{"type":"operationEnd","operationId":"d0lvdey7alonh9w","timestamp":1767119973177,"id":"s60rb5505k1ebzh","previousEventId":"hy2fvgpdtuub25a","previousOperationId":"d0lvdey7alonh9w"}
{"type":"log","timestamp":1767119973177,"level":"debug","message":"Skipping storing report.","meta":{"rootId":"ec6wuf2yy41vowt","id":"y09io5q0o8l5fre"},"id":"pq2f0u472zpn5t8","previousOperationId":"d0lvdey7alonh9w"}
{"type":"log","timestamp":1767119973177,"level":"info","message":"Rendering (child) request finished in 1411 ms","meta":{"rootId":"ec6wuf2yy41vowt","id":"y09io5q0o8l5fre"},"id":"vhhx38vjysq7yeb","previousOperationId":"d0lvdey7alonh9w"}
{"type":"operationEnd","subtype":"render","operationId":"uwa9wrb4im86rp8","timestamp":1767119973177,"id":"2nfkcice1n0w0qc","previousEventId":"s60rb5505k1ebzh","previousOperationId":"d0lvdey7alonh9w"}
{"type":"log","timestamp":1767119976792,"level":"debug","message":"pptx successfully zipped","meta":{"rootId":"ec6wuf2yy41vowt","id":"ec6wuf2yy41vowt"},"id":"2kj481uhcv39qlt","previousOperationId":"7emsplgmf4yq697"}
{"type":"log","timestamp":1767119976792,"level":"info","message":"pptx generation was finished","meta":{"rootId":"ec6wuf2yy41vowt","id":"ec6wuf2yy41vowt"},"id":"e4qvvfdpwraiq8y","previousOperationId":"7emsplgmf4yq697"}
{"type":"operationEnd","operationId":"7emsplgmf4yq697","timestamp":1767119976800,"id":"eb2nrkv4nlf8v9m","previousEventId":"yn1i7w1nu0lup5y","previousOperationId":"7emsplgmf4yq697"}
{"type":"log","timestamp":1767119976800,"level":"debug","message":"Skipping storing report.","meta":{"rootId":"ec6wuf2yy41vowt","id":"ec6wuf2yy41vowt"},"id":"qgvudlr47nhk4o8","previousOperationId":"7emsplgmf4yq697"}
{"type":"log","timestamp":1767119976800,"level":"info","message":"Rendering request 4 finished in 5034 ms","meta":{"rootId":"ec6wuf2yy41vowt","id":"ec6wuf2yy41vowt"},"id":"ayjg74kmswx5d27","previousOperationId":"7emsplgmf4yq697"}
{"type":"operationEnd","subtype":"render","operationId":"mq0rnsaktvzdfq2","timestamp":1767119976800,"id":"7flwk4lxz1cs3l1","previousEventId":"eb2nrkv4nlf8v9m","previousOperationId":"7emsplgmf4yq697"}
{"type":"operationEnd","doDiffs":false,"previousEventId":"nvoqz3ylk49n2kc","previousOperationId":"vsqo5au1wb6u0af","operationId":"vsqo5au1wb6u0af","timestamp":1767119976805,"id":"hbdyl4p1fcdka0m"}
