{"type":"operationStart","subtype":"profile","data":{"_id":"0qq98jjS3iju9Nvw","timestamp":"2025-12-07T16:15:23.385Z","state":"running","mode":"standard","creationDate":"2025-12-07T16:15:23.388Z","modificationDate":"2025-12-07T16:15:23.388Z","shortid":"4n44WNk","$entitySet":"profiles","timeout":60000},"doDiffs":false,"timestamp":1765124123387,"id":"d9sn0ne3ximzjkx","previousOperationId":null,"operationId":"5i5ku3qw4pjf80c"}
{"type":"log","level":"info","message":"Render request 20 queued for execution and waiting for available worker","previousOperationId":"5i5ku3qw4pjf80c","timestamp":1765124123387,"id":"s3irjzfm2sukn0s"}
{"type":"operationStart","subtype":"render","name":"anonymous","previousOperationId":"5i5ku3qw4pjf80c","timestamp":1765124123403,"id":"kpvsqg2xl6zxvbk","previousEventId":"d9sn0ne3ximzjkx","operationId":"hvbzs9i8xxeoijo"}
{"type":"log","timestamp":1765124123404,"level":"info","message":"Starting rendering request 20","meta":{"rootId":"ekqrf47im9276v7","id":"ekqrf47im9276v7"},"id":"e170gjry85922tl","previousOperationId":"hvbzs9i8xxeoijo"}
{"type":"log","timestamp":1765124123404,"level":"info","message":"Rendering anonymous template { recipe: pptx, engine: handlebars }","meta":{"rootId":"ekqrf47im9276v7","id":"ekqrf47im9276v7"},"id":"f5upljijnzc69v4","previousOperationId":"hvbzs9i8xxeoijo"}
{"type":"log","timestamp":1765124123404,"level":"debug","message":"Inline data specified.","meta":{"rootId":"ekqrf47im9276v7","id":"ekqrf47im9276v7"},"id":"9koygv7cfbc5csw","previousOperationId":"hvbzs9i8xxeoijo"}
{"type":"log","timestamp":1765124123406,"level":"debug","message":"Base url not specified, skipping its injection.","meta":{"rootId":"ekqrf47im9276v7","id":"ekqrf47im9276v7"},"id":"ydqz6jkkc5u6dyj","previousOperationId":"hvbzs9i8xxeoijo"}
{"type":"operationStart","subtype":"engine","name":"handlebars","timestamp":1765124123406,"id":"2skymakxblb1kei","previousEventId":"kpvsqg2xl6zxvbk","operationId":"bqs29dv1sfvrz2r","previousOperationId":"hvbzs9i8xxeoijo"}
{"type":"log","timestamp":1765124123406,"level":"debug","message":"Rendering engine handlebars","meta":{"rootId":"ekqrf47im9276v7","id":"ekqrf47im9276v7"},"id":"n7n4go5chasipyw","previousOperationId":"bqs29dv1sfvrz2r"}
{"type":"operationEnd","operationId":"bqs29dv1sfvrz2r","timestamp":1765124123423,"id":"0ffvrodjaxr4l67","previousEventId":"2skymakxblb1kei","previousOperationId":"bqs29dv1sfvrz2r"}
{"type":"operationStart","subtype":"recipe","name":"pptx","timestamp":1765124123424,"id":"sekryejidh0f3gt","previousEventId":"0ffvrodjaxr4l67","operationId":"tnk6nu2vrwwd9ni","previousOperationId":"bqs29dv1sfvrz2r"}
{"type":"log","timestamp":1765124123424,"level":"debug","message":"Executing recipe pptx","meta":{"rootId":"ekqrf47im9276v7","id":"ekqrf47im9276v7"},"id":"oqadyws8g7al872","previousOperationId":"tnk6nu2vrwwd9ni"}
{"type":"log","timestamp":1765124123424,"level":"info","message":"pptx generation is starting","meta":{"rootId":"ekqrf47im9276v7","id":"ekqrf47im9276v7"},"id":"u04jnc04a2mlb8t","previousOperationId":"tnk6nu2vrwwd9ni"}
{"type":"log","timestamp":1765124123605,"level":"debug","message":"Starting child request to render pptx dynamic parts","meta":{"rootId":"ekqrf47im9276v7","id":"ekqrf47im9276v7"},"id":"zg47rjgz7qg0ogl","previousOperationId":"tnk6nu2vrwwd9ni"}
{"type":"operationStart","subtype":"render","name":"anonymous","previousOperationId":"tnk6nu2vrwwd9ni","timestamp":1765124123606,"id":"68mb61e9sqfpkan","previousEventId":"sekryejidh0f3gt","operationId":"9b4ogt3mglyw9dh"}
{"type":"log","timestamp":1765124123606,"level":"info","message":"Starting rendering (child) request","meta":{"rootId":"ekqrf47im9276v7","id":"0m0f1ken0gazbgg"},"id":"hb3pt3hpjr2c0da","previousOperationId":"9b4ogt3mglyw9dh"}
{"type":"log","timestamp":1765124123606,"level":"info","message":"Rendering anonymous template { recipe: html, engine: handlebars }","meta":{"rootId":"ekqrf47im9276v7","id":"0m0f1ken0gazbgg"},"id":"yu04ylvsdfsvvf3","previousOperationId":"9b4ogt3mglyw9dh"}
{"type":"log","timestamp":1765124123606,"level":"debug","message":"Inline data specified.","meta":{"rootId":"ekqrf47im9276v7","id":"0m0f1ken0gazbgg"},"id":"yisles1lb1o0fj4","previousOperationId":"9b4ogt3mglyw9dh"}
{"type":"log","timestamp":1765124123613,"level":"debug","message":"Base url not specified, skipping its injection.","meta":{"rootId":"ekqrf47im9276v7","id":"0m0f1ken0gazbgg"},"id":"k8vabxx2vypstbm","previousOperationId":"9b4ogt3mglyw9dh"}
{"type":"operationStart","subtype":"engine","name":"handlebars","timestamp":1765124123614,"id":"mts8hxf3y0f4jf7","previousEventId":"68mb61e9sqfpkan","operationId":"8h73g94aafl8oev","previousOperationId":"9b4ogt3mglyw9dh"}
{"type":"log","timestamp":1765124123615,"level":"debug","message":"Rendering engine handlebars","meta":{"rootId":"ekqrf47im9276v7","id":"0m0f1ken0gazbgg"},"id":"dbsn1y5x2orsy39","previousOperationId":"8h73g94aafl8oev"}
{"type":"operationEnd","operationId":"8h73g94aafl8oev","timestamp":1765124123640,"id":"c3vtq8q0wy3o2bm","previousEventId":"mts8hxf3y0f4jf7","previousOperationId":"8h73g94aafl8oev"}
{"type":"operationStart","subtype":"recipe","name":"html","timestamp":1765124123643,"id":"41yzquwasyunid0","previousEventId":"c3vtq8q0wy3o2bm","operationId":"12blpyrvpdalzql","previousOperationId":"8h73g94aafl8oev"}
{"type":"log","timestamp":1765124123643,"level":"debug","message":"Executing recipe html","meta":{"rootId":"ekqrf47im9276v7","id":"0m0f1ken0gazbgg"},"id":"mr8ff0pb4879ihd","previousOperationId":"12blpyrvpdalzql"}
{"type":"operationEnd","operationId":"12blpyrvpdalzql","timestamp":1765124123643,"id":"lg43n0xgncicqx0","previousEventId":"41yzquwasyunid0","previousOperationId":"12blpyrvpdalzql"}
{"type":"log","timestamp":1765124123643,"level":"debug","message":"Skipping storing report.","meta":{"rootId":"ekqrf47im9276v7","id":"0m0f1ken0gazbgg"},"id":"2420kksdjourkmx","previousOperationId":"12blpyrvpdalzql"}
{"type":"log","timestamp":1765124123643,"level":"info","message":"Rendering (child) request finished in 258 ms","meta":{"rootId":"ekqrf47im9276v7","id":"0m0f1ken0gazbgg"},"id":"z21x5e1u2tg0yjj","previousOperationId":"12blpyrvpdalzql"}
{"type":"operationEnd","subtype":"render","operationId":"9b4ogt3mglyw9dh","timestamp":1765124123643,"id":"46u3k201a7bjlo1","previousEventId":"lg43n0xgncicqx0","previousOperationId":"12blpyrvpdalzql"}
{"type":"log","timestamp":1765124123830,"level":"debug","message":"pptx successfully zipped","meta":{"rootId":"ekqrf47im9276v7","id":"ekqrf47im9276v7"},"id":"hq3zusj2j213zfw","previousOperationId":"tnk6nu2vrwwd9ni"}
{"type":"log","timestamp":1765124123830,"level":"info","message":"pptx generation was finished","meta":{"rootId":"ekqrf47im9276v7","id":"ekqrf47im9276v7"},"id":"h053oluytrxto4e","previousOperationId":"tnk6nu2vrwwd9ni"}
{"type":"operationEnd","operationId":"tnk6nu2vrwwd9ni","timestamp":1765124123833,"id":"ncqcio4csem5pdk","previousEventId":"sekryejidh0f3gt","previousOperationId":"tnk6nu2vrwwd9ni"}
{"type":"log","timestamp":1765124123833,"level":"debug","message":"Skipping storing report.","meta":{"rootId":"ekqrf47im9276v7","id":"ekqrf47im9276v7"},"id":"ypr18i4lt7lf162","previousOperationId":"tnk6nu2vrwwd9ni"}
{"type":"log","timestamp":1765124123833,"level":"info","message":"Rendering request 20 finished in 448 ms","meta":{"rootId":"ekqrf47im9276v7","id":"ekqrf47im9276v7"},"id":"8wv3hkaj0x7c6vl","previousOperationId":"tnk6nu2vrwwd9ni"}
{"type":"operationEnd","subtype":"render","operationId":"hvbzs9i8xxeoijo","timestamp":1765124123833,"id":"0prjbiufu3kolaa","previousEventId":"ncqcio4csem5pdk","previousOperationId":"tnk6nu2vrwwd9ni"}
{"type":"operationEnd","doDiffs":false,"previousEventId":"d9sn0ne3ximzjkx","previousOperationId":"5i5ku3qw4pjf80c","operationId":"5i5ku3qw4pjf80c","timestamp":1765124123836,"id":"47syx1mkndi4mn0"}
