{"type":"operationStart","subtype":"profile","data":{"_id":"Svo13EmkOvWoo9iT","timestamp":"2025-12-30T17:34:43.092Z","state":"running","mode":"standard","creationDate":"2025-12-30T17:34:43.101Z","modificationDate":"2025-12-30T17:34:43.101Z","shortid":"O6h984w","$entitySet":"profiles","timeout":60000},"doDiffs":false,"timestamp":1767116083099,"id":"t9u80pqsdm5f56v","previousOperationId":null,"operationId":"3n5dpa20y1lykok"}
{"type":"log","level":"info","message":"Render request 12 queued for execution and waiting for available worker","previousOperationId":"3n5dpa20y1lykok","timestamp":1767116083099,"id":"ozasq3fhob1c2fu"}
{"type":"operationStart","subtype":"render","name":"anonymous","previousOperationId":"3n5dpa20y1lykok","timestamp":1767116083163,"id":"jvnovgha0er66lf","previousEventId":"t9u80pqsdm5f56v","operationId":"524uo09n84l04rg"}
{"type":"log","timestamp":1767116083164,"level":"info","message":"Starting rendering request 12","meta":{"rootId":"ekrjht38z58wv3i","id":"ekrjht38z58wv3i"},"id":"rkxj6h5y1ldhkjc","previousOperationId":"524uo09n84l04rg"}
{"type":"log","timestamp":1767116083164,"level":"info","message":"Rendering anonymous template { recipe: pptx, engine: handlebars }","meta":{"rootId":"ekrjht38z58wv3i","id":"ekrjht38z58wv3i"},"id":"mauhsunrv5c605q","previousOperationId":"524uo09n84l04rg"}
{"type":"log","timestamp":1767116083164,"level":"debug","message":"Inline data specified.","meta":{"rootId":"ekrjht38z58wv3i","id":"ekrjht38z58wv3i"},"id":"rmd095skhqgy6kb","previousOperationId":"524uo09n84l04rg"}
{"type":"log","timestamp":1767116083168,"level":"debug","message":"Base url not specified, skipping its injection.","meta":{"rootId":"ekrjht38z58wv3i","id":"ekrjht38z58wv3i"},"id":"voatwq5nfqnqdub","previousOperationId":"524uo09n84l04rg"}
{"type":"operationStart","subtype":"engine","name":"handlebars","timestamp":1767116083169,"id":"ljey4qfpn1b5cut","previousEventId":"jvnovgha0er66lf","operationId":"t3rntjcl6fq0sfg","previousOperationId":"524uo09n84l04rg"}
{"type":"log","timestamp":1767116083169,"level":"debug","message":"Rendering engine handlebars","meta":{"rootId":"ekrjht38z58wv3i","id":"ekrjht38z58wv3i"},"id":"g9ma6scpphhzd2x","previousOperationId":"t3rntjcl6fq0sfg"}
{"type":"operationEnd","operationId":"t3rntjcl6fq0sfg","timestamp":1767116083190,"id":"ne94eonts2d56gt","previousEventId":"ljey4qfpn1b5cut","previousOperationId":"t3rntjcl6fq0sfg"}
{"type":"operationStart","subtype":"recipe","name":"pptx","timestamp":1767116083190,"id":"lpin633ktdhb2we","previousEventId":"ne94eonts2d56gt","operationId":"1juto0chxv78936","previousOperationId":"t3rntjcl6fq0sfg"}
{"type":"log","timestamp":1767116083190,"level":"debug","message":"Executing recipe pptx","meta":{"rootId":"ekrjht38z58wv3i","id":"ekrjht38z58wv3i"},"id":"f7ek2bes1qnpw08","previousOperationId":"1juto0chxv78936"}
{"type":"log","timestamp":1767116083215,"level":"info","message":"pptx generation is starting","meta":{"rootId":"ekrjht38z58wv3i","id":"ekrjht38z58wv3i"},"id":"9z28zdl4tfo00pz","previousOperationId":"1juto0chxv78936"}
{"type":"log","timestamp":1767116085002,"level":"debug","message":"Starting child request to render pptx dynamic parts","meta":{"rootId":"ekrjht38z58wv3i","id":"ekrjht38z58wv3i"},"id":"y6dox7pne06h1rd","previousOperationId":"1juto0chxv78936"}
{"type":"operationStart","subtype":"render","name":"anonymous","previousOperationId":"1juto0chxv78936","timestamp":1767116085002,"id":"66kbvyx9o5gw6ah","previousEventId":"lpin633ktdhb2we","operationId":"llcxt209nmdu8ih"}
{"type":"log","timestamp":1767116085002,"level":"info","message":"Starting rendering (child) request","meta":{"rootId":"ekrjht38z58wv3i","id":"xmp54ksp5p0qlm8"},"id":"m79ep4wfo74kq3l","previousOperationId":"llcxt209nmdu8ih"}
{"type":"log","timestamp":1767116085003,"level":"info","message":"Rendering anonymous template { recipe: html, engine: handlebars }","meta":{"rootId":"ekrjht38z58wv3i","id":"xmp54ksp5p0qlm8"},"id":"fwmzkvsmxtctkp2","previousOperationId":"llcxt209nmdu8ih"}
{"type":"log","timestamp":1767116085003,"level":"debug","message":"Inline data specified.","meta":{"rootId":"ekrjht38z58wv3i","id":"xmp54ksp5p0qlm8"},"id":"sw8k8st3aww5rnv","previousOperationId":"llcxt209nmdu8ih"}
{"type":"log","timestamp":1767116085008,"level":"debug","message":"Base url not specified, skipping its injection.","meta":{"rootId":"ekrjht38z58wv3i","id":"xmp54ksp5p0qlm8"},"id":"yqq8ksz46y0bha2","previousOperationId":"llcxt209nmdu8ih"}
{"type":"operationStart","subtype":"engine","name":"handlebars","timestamp":1767116085009,"id":"h2loe3fkyzejzp9","previousEventId":"66kbvyx9o5gw6ah","operationId":"q4fs7eo1m0kpvx9","previousOperationId":"llcxt209nmdu8ih"}
{"type":"log","timestamp":1767116085009,"level":"debug","message":"Rendering engine handlebars","meta":{"rootId":"ekrjht38z58wv3i","id":"xmp54ksp5p0qlm8"},"id":"s6wxch1itvke0v5","previousOperationId":"q4fs7eo1m0kpvx9"}
{"type":"log","timestamp":1767116085205,"level":"debug","message":"(console:log) {\n  type: 'echarts@v5a',\n  width: 848,\n  height: 409,\n  option: { radar: [ [Object] ], series: [ [Object] ] }\n}","meta":{"userLevel":true,"rootId":"ekrjht38z58wv3i","id":"xmp54ksp5p0qlm8"},"id":"23x8wciv5ulc6l8","previousOperationId":"q4fs7eo1m0kpvx9"}
{"type":"operationEnd","operationId":"q4fs7eo1m0kpvx9","timestamp":1767116085217,"id":"ih8rnl7rnazjbon","previousEventId":"h2loe3fkyzejzp9","previousOperationId":"q4fs7eo1m0kpvx9"}
{"type":"operationStart","subtype":"recipe","name":"html","timestamp":1767116085232,"id":"qyvt28rkqglm4ra","previousEventId":"ih8rnl7rnazjbon","operationId":"pwg7d00jj0x625o","previousOperationId":"q4fs7eo1m0kpvx9"}
{"type":"log","timestamp":1767116085232,"level":"debug","message":"Executing recipe html","meta":{"rootId":"ekrjht38z58wv3i","id":"xmp54ksp5p0qlm8"},"id":"u8bd1lyr8mqybeo","previousOperationId":"pwg7d00jj0x625o"}
{"type":"operationEnd","operationId":"pwg7d00jj0x625o","timestamp":1767116085232,"id":"2slhk5qk2eqni09","previousEventId":"qyvt28rkqglm4ra","previousOperationId":"pwg7d00jj0x625o"}
{"type":"log","timestamp":1767116085233,"level":"debug","message":"Skipping storing report.","meta":{"rootId":"ekrjht38z58wv3i","id":"xmp54ksp5p0qlm8"},"id":"fliliy2cfmuerbg","previousOperationId":"pwg7d00jj0x625o"}
{"type":"log","timestamp":1767116085233,"level":"info","message":"Rendering (child) request finished in 2143 ms","meta":{"rootId":"ekrjht38z58wv3i","id":"xmp54ksp5p0qlm8"},"id":"a6ajtk4zxthv6ny","previousOperationId":"pwg7d00jj0x625o"}
{"type":"operationEnd","subtype":"render","operationId":"llcxt209nmdu8ih","timestamp":1767116085233,"id":"vrji4xxatnvjs5e","previousEventId":"2slhk5qk2eqni09","previousOperationId":"pwg7d00jj0x625o"}
{"type":"log","timestamp":1767116091880,"level":"debug","message":"pptx successfully zipped","meta":{"rootId":"ekrjht38z58wv3i","id":"ekrjht38z58wv3i"},"id":"ycjmxm2wbrd15g7","previousOperationId":"1juto0chxv78936"}
{"type":"log","timestamp":1767116091880,"level":"info","message":"pptx generation was finished","meta":{"rootId":"ekrjht38z58wv3i","id":"ekrjht38z58wv3i"},"id":"njo2raxkasrq9qr","previousOperationId":"1juto0chxv78936"}
{"type":"operationEnd","operationId":"1juto0chxv78936","timestamp":1767116091890,"id":"887r7uilpcdvxur","previousEventId":"lpin633ktdhb2we","previousOperationId":"1juto0chxv78936"}
{"type":"log","timestamp":1767116091890,"level":"debug","message":"Skipping storing report.","meta":{"rootId":"ekrjht38z58wv3i","id":"ekrjht38z58wv3i"},"id":"a06hgrdtk2f7eud","previousOperationId":"1juto0chxv78936"}
{"type":"log","timestamp":1767116091890,"level":"info","message":"Rendering request 12 finished in 8800 ms","meta":{"rootId":"ekrjht38z58wv3i","id":"ekrjht38z58wv3i"},"id":"ptfvbw7ca0hm5gr","previousOperationId":"1juto0chxv78936"}
{"type":"operationEnd","subtype":"render","operationId":"524uo09n84l04rg","timestamp":1767116091890,"id":"7o4jtzy6zune5i5","previousEventId":"887r7uilpcdvxur","previousOperationId":"1juto0chxv78936"}
{"type":"operationEnd","doDiffs":false,"previousEventId":"t9u80pqsdm5f56v","previousOperationId":"3n5dpa20y1lykok","operationId":"3n5dpa20y1lykok","timestamp":1767116091896,"id":"fi01v89r0b3nqvh"}
