{"type":"operationStart","subtype":"profile","data":{"_id":"TVGV48hyp5EUHzsk","timestamp":"2026-01-01T13:37:00.350Z","state":"running","mode":"standard","creationDate":"2026-01-01T13:37:00.358Z","modificationDate":"2026-01-01T13:37:00.358Z","shortid":"ySQ1ODz","$entitySet":"profiles","timeout":60000},"doDiffs":false,"timestamp":1767274620354,"id":"wclevnbk60nqw01","previousOperationId":null,"operationId":"icjd7fhkfe6fq4e"}
{"type":"log","level":"info","message":"Render request 9 queued for execution and waiting for available worker","previousOperationId":"icjd7fhkfe6fq4e","timestamp":1767274620354,"id":"4k69lvi69e9kxq5"}
{"type":"operationStart","subtype":"render","name":"anonymous","previousOperationId":"icjd7fhkfe6fq4e","timestamp":1767274620426,"id":"uj27zymz15g20bk","previousEventId":"wclevnbk60nqw01","operationId":"bl0naih1nlipef8"}
{"type":"log","timestamp":1767274620427,"level":"info","message":"Starting rendering request 9","meta":{"rootId":"enegm9lxlqjn7lh","id":"enegm9lxlqjn7lh"},"id":"9t7aniu8eqw1kg6","previousOperationId":"bl0naih1nlipef8"}
{"type":"log","timestamp":1767274620427,"level":"info","message":"Rendering anonymous template { recipe: pptx, engine: handlebars }","meta":{"rootId":"enegm9lxlqjn7lh","id":"enegm9lxlqjn7lh"},"id":"cfe00ang6k8hs1y","previousOperationId":"bl0naih1nlipef8"}
{"type":"log","timestamp":1767274620427,"level":"debug","message":"Inline data specified.","meta":{"rootId":"enegm9lxlqjn7lh","id":"enegm9lxlqjn7lh"},"id":"ydqhr6yz3r1zze6","previousOperationId":"bl0naih1nlipef8"}
{"type":"log","timestamp":1767274620431,"level":"debug","message":"Base url not specified, skipping its injection.","meta":{"rootId":"enegm9lxlqjn7lh","id":"enegm9lxlqjn7lh"},"id":"41wuwslhviy0znb","previousOperationId":"bl0naih1nlipef8"}
{"type":"operationStart","subtype":"engine","name":"handlebars","timestamp":1767274620431,"id":"vgw7ilid479lk4w","previousEventId":"uj27zymz15g20bk","operationId":"jucy4tighx2fcmb","previousOperationId":"bl0naih1nlipef8"}
{"type":"log","timestamp":1767274620431,"level":"debug","message":"Rendering engine handlebars","meta":{"rootId":"enegm9lxlqjn7lh","id":"enegm9lxlqjn7lh"},"id":"uos6euas52eb1s7","previousOperationId":"jucy4tighx2fcmb"}
{"type":"operationEnd","operationId":"jucy4tighx2fcmb","timestamp":1767274620451,"id":"k2v71yr4jzmtawu","previousEventId":"vgw7ilid479lk4w","previousOperationId":"jucy4tighx2fcmb"}
{"type":"operationStart","subtype":"recipe","name":"pptx","timestamp":1767274620452,"id":"0i6w2kg6cl7jppf","previousEventId":"k2v71yr4jzmtawu","operationId":"w4t82e2vr1qgc63","previousOperationId":"jucy4tighx2fcmb"}
{"type":"log","timestamp":1767274620452,"level":"debug","message":"Executing recipe pptx","meta":{"rootId":"enegm9lxlqjn7lh","id":"enegm9lxlqjn7lh"},"id":"b0ks862x8ba4goa","previousOperationId":"w4t82e2vr1qgc63"}
{"type":"log","timestamp":1767274620475,"level":"info","message":"pptx generation is starting","meta":{"rootId":"enegm9lxlqjn7lh","id":"enegm9lxlqjn7lh"},"id":"wy7goxg2wsbf9id","previousOperationId":"w4t82e2vr1qgc63"}
{"type":"log","timestamp":1767274622411,"level":"debug","message":"Starting child request to render pptx dynamic parts","meta":{"rootId":"enegm9lxlqjn7lh","id":"enegm9lxlqjn7lh"},"id":"cn6rqrv0uo5kqtk","previousOperationId":"w4t82e2vr1qgc63"}
{"type":"operationStart","subtype":"render","name":"anonymous","previousOperationId":"w4t82e2vr1qgc63","timestamp":1767274622412,"id":"0vtt5hg68osc0fi","previousEventId":"0i6w2kg6cl7jppf","operationId":"2milb61gj0rngp6"}
{"type":"log","timestamp":1767274622412,"level":"info","message":"Starting rendering (child) request","meta":{"rootId":"enegm9lxlqjn7lh","id":"qit871gndnpbgaz"},"id":"bxhwhcomslekoxm","previousOperationId":"2milb61gj0rngp6"}
{"type":"log","timestamp":1767274622412,"level":"info","message":"Rendering anonymous template { recipe: html, engine: handlebars }","meta":{"rootId":"enegm9lxlqjn7lh","id":"qit871gndnpbgaz"},"id":"vf3za7k9dwdabc0","previousOperationId":"2milb61gj0rngp6"}
{"type":"log","timestamp":1767274622412,"level":"debug","message":"Inline data specified.","meta":{"rootId":"enegm9lxlqjn7lh","id":"qit871gndnpbgaz"},"id":"kczee9wwjd0xkwd","previousOperationId":"2milb61gj0rngp6"}
{"type":"log","timestamp":1767274622421,"level":"debug","message":"Base url not specified, skipping its injection.","meta":{"rootId":"enegm9lxlqjn7lh","id":"qit871gndnpbgaz"},"id":"7cwi9hp6nms7bzu","previousOperationId":"2milb61gj0rngp6"}
{"type":"operationStart","subtype":"engine","name":"handlebars","timestamp":1767274622424,"id":"lb8f8ims82zr0j9","previousEventId":"0vtt5hg68osc0fi","operationId":"mkw5nbvg71am2uz","previousOperationId":"2milb61gj0rngp6"}
{"type":"log","timestamp":1767274622424,"level":"debug","message":"Rendering engine handlebars","meta":{"rootId":"enegm9lxlqjn7lh","id":"qit871gndnpbgaz"},"id":"b0ph7d03isedjfp","previousOperationId":"mkw5nbvg71am2uz"}
{"type":"log","timestamp":1767274622645,"level":"debug","message":"(console:log) {\n  type: 'echarts@v5a',\n  width: 848,\n  height: 409,\n  option: { radar: [ [Object] ], series: [ [Object] ] }\n}","meta":{"userLevel":true,"rootId":"enegm9lxlqjn7lh","id":"qit871gndnpbgaz"},"id":"aayunqpscovwx2c","previousOperationId":"mkw5nbvg71am2uz"}
{"type":"operationEnd","operationId":"mkw5nbvg71am2uz","timestamp":1767274622659,"id":"4d3dmghpr3ft7sc","previousEventId":"lb8f8ims82zr0j9","previousOperationId":"mkw5nbvg71am2uz"}
{"type":"operationStart","subtype":"recipe","name":"html","timestamp":1767274622673,"id":"bhgmuurwh344z6h","previousEventId":"4d3dmghpr3ft7sc","operationId":"wysshrj470xczq2","previousOperationId":"mkw5nbvg71am2uz"}
{"type":"log","timestamp":1767274622673,"level":"debug","message":"Executing recipe html","meta":{"rootId":"enegm9lxlqjn7lh","id":"qit871gndnpbgaz"},"id":"n2gn8h3fgchb7lg","previousOperationId":"wysshrj470xczq2"}
{"type":"operationEnd","operationId":"wysshrj470xczq2","timestamp":1767274622674,"id":"s312f1ftkdvib32","previousEventId":"bhgmuurwh344z6h","previousOperationId":"wysshrj470xczq2"}
{"type":"log","timestamp":1767274622674,"level":"debug","message":"Skipping storing report.","meta":{"rootId":"enegm9lxlqjn7lh","id":"qit871gndnpbgaz"},"id":"29pwonmqu4d8ov3","previousOperationId":"wysshrj470xczq2"}
{"type":"log","timestamp":1767274622674,"level":"info","message":"Rendering (child) request finished in 2327 ms","meta":{"rootId":"enegm9lxlqjn7lh","id":"qit871gndnpbgaz"},"id":"3gjzxu1r7ydjgue","previousOperationId":"wysshrj470xczq2"}
{"type":"operationEnd","subtype":"render","operationId":"2milb61gj0rngp6","timestamp":1767274622674,"id":"eu5evu17rjpg8f8","previousEventId":"s312f1ftkdvib32","previousOperationId":"wysshrj470xczq2"}
{"type":"log","timestamp":1767274629344,"level":"debug","message":"pptx successfully zipped","meta":{"rootId":"enegm9lxlqjn7lh","id":"enegm9lxlqjn7lh"},"id":"60t9h6kz81mw3g4","previousOperationId":"w4t82e2vr1qgc63"}
{"type":"log","timestamp":1767274629344,"level":"info","message":"pptx generation was finished","meta":{"rootId":"enegm9lxlqjn7lh","id":"enegm9lxlqjn7lh"},"id":"n7tbz7l4jl51zao","previousOperationId":"w4t82e2vr1qgc63"}
{"type":"operationEnd","operationId":"w4t82e2vr1qgc63","timestamp":1767274629356,"id":"uhjufdm0h40p3zm","previousEventId":"0i6w2kg6cl7jppf","previousOperationId":"w4t82e2vr1qgc63"}
{"type":"log","timestamp":1767274629356,"level":"debug","message":"Skipping storing report.","meta":{"rootId":"enegm9lxlqjn7lh","id":"enegm9lxlqjn7lh"},"id":"1glgxgmtjkgrq85","previousOperationId":"w4t82e2vr1qgc63"}
{"type":"log","timestamp":1767274629356,"level":"info","message":"Rendering request 9 finished in 9009 ms","meta":{"rootId":"enegm9lxlqjn7lh","id":"enegm9lxlqjn7lh"},"id":"sp4m5pycun5ceiq","previousOperationId":"w4t82e2vr1qgc63"}
{"type":"operationEnd","subtype":"render","operationId":"bl0naih1nlipef8","timestamp":1767274629356,"id":"fuowea1jrt5fteo","previousEventId":"uhjufdm0h40p3zm","previousOperationId":"w4t82e2vr1qgc63"}
{"type":"operationEnd","doDiffs":false,"previousEventId":"wclevnbk60nqw01","previousOperationId":"icjd7fhkfe6fq4e","operationId":"icjd7fhkfe6fq4e","timestamp":1767274629363,"id":"bckli3qvjydpvj2"}
