{"type":"operationStart","subtype":"profile","data":{"_id":"hnY4eXsQM3FBb91F","timestamp":"2025-12-28T12:38:15.779Z","state":"running","mode":"standard","creationDate":"2025-12-28T12:38:15.788Z","modificationDate":"2025-12-28T12:38:15.788Z","shortid":"KlbyzvE","$entitySet":"profiles","timeout":60000},"doDiffs":false,"timestamp":1766925495784,"id":"qwu7mf5vsemex8v","previousOperationId":null,"operationId":"86fn99zcu261yrc"}
{"type":"log","level":"info","message":"Render request 4 queued for execution and waiting for available worker","previousOperationId":"86fn99zcu261yrc","timestamp":1766925495784,"id":"g0rxvpvm6cr9nkf"}
{"type":"operationStart","subtype":"render","name":"anonymous","previousOperationId":"86fn99zcu261yrc","timestamp":1766925495853,"id":"zz4hbk4yvp4ulyh","previousEventId":"qwu7mf5vsemex8v","operationId":"fhrt94hm9z44v59"}
{"type":"log","timestamp":1766925495853,"level":"info","message":"Starting rendering request 4","meta":{"rootId":"eqwkn16uncr1c0j","id":"eqwkn16uncr1c0j"},"id":"h1dox6chy7lfqsp","previousOperationId":"fhrt94hm9z44v59"}
{"type":"log","timestamp":1766925495854,"level":"info","message":"Rendering anonymous template { recipe: pptx, engine: handlebars }","meta":{"rootId":"eqwkn16uncr1c0j","id":"eqwkn16uncr1c0j"},"id":"vbcv7musq8ftj8k","previousOperationId":"fhrt94hm9z44v59"}
{"type":"log","timestamp":1766925495854,"level":"debug","message":"Inline data specified.","meta":{"rootId":"eqwkn16uncr1c0j","id":"eqwkn16uncr1c0j"},"id":"v0agev3wya1q80k","previousOperationId":"fhrt94hm9z44v59"}
{"type":"log","timestamp":1766925495858,"level":"debug","message":"Base url not specified, skipping its injection.","meta":{"rootId":"eqwkn16uncr1c0j","id":"eqwkn16uncr1c0j"},"id":"jmj348ving8jibr","previousOperationId":"fhrt94hm9z44v59"}
{"type":"operationStart","subtype":"engine","name":"handlebars","timestamp":1766925495859,"id":"paiztft3mbkrbkl","previousEventId":"zz4hbk4yvp4ulyh","operationId":"zrmfif9f8zdo2wn","previousOperationId":"fhrt94hm9z44v59"}
{"type":"log","timestamp":1766925495859,"level":"debug","message":"Rendering engine handlebars","meta":{"rootId":"eqwkn16uncr1c0j","id":"eqwkn16uncr1c0j"},"id":"jsc0b5javo0hucq","previousOperationId":"zrmfif9f8zdo2wn"}
{"type":"operationEnd","operationId":"zrmfif9f8zdo2wn","timestamp":1766925495890,"id":"qukei9upnpir12k","previousEventId":"paiztft3mbkrbkl","previousOperationId":"zrmfif9f8zdo2wn"}
{"type":"operationStart","subtype":"recipe","name":"pptx","timestamp":1766925495891,"id":"99d90sjnmch1wd8","previousEventId":"qukei9upnpir12k","operationId":"2r7fzk9muh31rlt","previousOperationId":"zrmfif9f8zdo2wn"}
{"type":"log","timestamp":1766925495891,"level":"debug","message":"Executing recipe pptx","meta":{"rootId":"eqwkn16uncr1c0j","id":"eqwkn16uncr1c0j"},"id":"bgohpv57eko0d10","previousOperationId":"2r7fzk9muh31rlt"}
{"type":"log","timestamp":1766925495910,"level":"info","message":"pptx generation is starting","meta":{"rootId":"eqwkn16uncr1c0j","id":"eqwkn16uncr1c0j"},"id":"xsz4nwyq19lv2ig","previousOperationId":"2r7fzk9muh31rlt"}
{"type":"log","timestamp":1766925497614,"level":"debug","message":"Starting child request to render pptx dynamic parts","meta":{"rootId":"eqwkn16uncr1c0j","id":"eqwkn16uncr1c0j"},"id":"7j7mz9dtcu5jhjm","previousOperationId":"2r7fzk9muh31rlt"}
{"type":"operationStart","subtype":"render","name":"anonymous","previousOperationId":"2r7fzk9muh31rlt","timestamp":1766925497614,"id":"nd2j1je5sh6i5r7","previousEventId":"99d90sjnmch1wd8","operationId":"0owzj31zmiphuu4"}
{"type":"log","timestamp":1766925497614,"level":"info","message":"Starting rendering (child) request","meta":{"rootId":"eqwkn16uncr1c0j","id":"k7a8z9rwyhep58a"},"id":"8ayb702z6ih51gr","previousOperationId":"0owzj31zmiphuu4"}
{"type":"log","timestamp":1766925497615,"level":"info","message":"Rendering anonymous template { recipe: html, engine: handlebars }","meta":{"rootId":"eqwkn16uncr1c0j","id":"k7a8z9rwyhep58a"},"id":"7oqob5oz4yp2am7","previousOperationId":"0owzj31zmiphuu4"}
{"type":"log","timestamp":1766925497615,"level":"debug","message":"Inline data specified.","meta":{"rootId":"eqwkn16uncr1c0j","id":"k7a8z9rwyhep58a"},"id":"l9tls5427iu94kd","previousOperationId":"0owzj31zmiphuu4"}
{"type":"log","timestamp":1766925497624,"level":"debug","message":"Base url not specified, skipping its injection.","meta":{"rootId":"eqwkn16uncr1c0j","id":"k7a8z9rwyhep58a"},"id":"p68bwp0kbsbquf4","previousOperationId":"0owzj31zmiphuu4"}
{"type":"operationStart","subtype":"engine","name":"handlebars","timestamp":1766925497626,"id":"75rn7ugusl37awf","previousEventId":"nd2j1je5sh6i5r7","operationId":"kft3tc8bk3dc73d","previousOperationId":"0owzj31zmiphuu4"}
{"type":"log","timestamp":1766925497626,"level":"debug","message":"Rendering engine handlebars","meta":{"rootId":"eqwkn16uncr1c0j","id":"k7a8z9rwyhep58a"},"id":"5kb5v2xlnphiepj","previousOperationId":"kft3tc8bk3dc73d"}
{"type":"log","timestamp":1766925497673,"level":"debug","message":"(console:log) {\n  type: 'echarts@v5a',\n  width: 848,\n  height: 409,\n  option: { radar: [ [Object] ], series: [ [Object] ] }\n}","meta":{"userLevel":true,"rootId":"eqwkn16uncr1c0j","id":"k7a8z9rwyhep58a"},"id":"tgjxhuna0na7xun","previousOperationId":"kft3tc8bk3dc73d"}
{"type":"operationEnd","operationId":"kft3tc8bk3dc73d","timestamp":1766925497684,"id":"8cdydvv0dzz4qna","previousEventId":"75rn7ugusl37awf","previousOperationId":"kft3tc8bk3dc73d"}
{"type":"operationStart","subtype":"recipe","name":"html","timestamp":1766925497698,"id":"w8mk5ohqt93wibr","previousEventId":"8cdydvv0dzz4qna","operationId":"ptug8s67ioc0zgl","previousOperationId":"kft3tc8bk3dc73d"}
{"type":"log","timestamp":1766925497698,"level":"debug","message":"Executing recipe html","meta":{"rootId":"eqwkn16uncr1c0j","id":"k7a8z9rwyhep58a"},"id":"3dyaslv11dg3js0","previousOperationId":"ptug8s67ioc0zgl"}
{"type":"operationEnd","operationId":"ptug8s67ioc0zgl","timestamp":1766925497698,"id":"vy20ewzmyp38p7x","previousEventId":"w8mk5ohqt93wibr","previousOperationId":"ptug8s67ioc0zgl"}
{"type":"log","timestamp":1766925497699,"level":"debug","message":"Skipping storing report.","meta":{"rootId":"eqwkn16uncr1c0j","id":"k7a8z9rwyhep58a"},"id":"ezq3vo90mk6rc98","previousOperationId":"ptug8s67ioc0zgl"}
{"type":"log","timestamp":1766925497699,"level":"info","message":"Rendering (child) request finished in 1922 ms","meta":{"rootId":"eqwkn16uncr1c0j","id":"k7a8z9rwyhep58a"},"id":"7tbsotbncwcpz5i","previousOperationId":"ptug8s67ioc0zgl"}
{"type":"operationEnd","subtype":"render","operationId":"0owzj31zmiphuu4","timestamp":1766925497699,"id":"63qkv3z12n2vjnf","previousEventId":"vy20ewzmyp38p7x","previousOperationId":"ptug8s67ioc0zgl"}
{"type":"log","timestamp":1766925503428,"level":"debug","message":"pptx successfully zipped","meta":{"rootId":"eqwkn16uncr1c0j","id":"eqwkn16uncr1c0j"},"id":"nqf9cqq8bm1lo4d","previousOperationId":"2r7fzk9muh31rlt"}
{"type":"log","timestamp":1766925503429,"level":"info","message":"pptx generation was finished","meta":{"rootId":"eqwkn16uncr1c0j","id":"eqwkn16uncr1c0j"},"id":"9p712jc3ttu6yuu","previousOperationId":"2r7fzk9muh31rlt"}
{"type":"operationEnd","operationId":"2r7fzk9muh31rlt","timestamp":1766925503439,"id":"tlt8y2ubgw1iq4k","previousEventId":"99d90sjnmch1wd8","previousOperationId":"2r7fzk9muh31rlt"}
{"type":"log","timestamp":1766925503440,"level":"debug","message":"Skipping storing report.","meta":{"rootId":"eqwkn16uncr1c0j","id":"eqwkn16uncr1c0j"},"id":"m5t2psg7yk3w2zv","previousOperationId":"2r7fzk9muh31rlt"}
{"type":"log","timestamp":1766925503440,"level":"info","message":"Rendering request 4 finished in 7663 ms","meta":{"rootId":"eqwkn16uncr1c0j","id":"eqwkn16uncr1c0j"},"id":"qd6ghclxv7rzdm6","previousOperationId":"2r7fzk9muh31rlt"}
{"type":"operationEnd","subtype":"render","operationId":"fhrt94hm9z44v59","timestamp":1766925503440,"id":"qo4tcg57eoivftb","previousEventId":"tlt8y2ubgw1iq4k","previousOperationId":"2r7fzk9muh31rlt"}
{"type":"operationEnd","doDiffs":false,"previousEventId":"qwu7mf5vsemex8v","previousOperationId":"86fn99zcu261yrc","operationId":"86fn99zcu261yrc","timestamp":1766925503448,"id":"0ewsut5svuy1qrg"}
