{"type":"operationStart","subtype":"profile","data":{"_id":"l3OUvAtcZn1aiLTT","timestamp":"2025-12-31T08:54:00.993Z","state":"running","mode":"standard","creationDate":"2025-12-31T08:54:01.006Z","modificationDate":"2025-12-31T08:54:01.006Z","shortid":"s25f94u","$entitySet":"profiles","timeout":60000},"doDiffs":false,"timestamp":1767171241004,"id":"7ehri8nhqwhfldn","previousOperationId":null,"operationId":"4boaaimce0jtfz8"}
{"type":"log","level":"info","message":"Render request 2 queued for execution and waiting for available worker","previousOperationId":"4boaaimce0jtfz8","timestamp":1767171241004,"id":"e1fz8lndtyqjslv"}
{"type":"operationStart","subtype":"render","name":"anonymous","previousOperationId":"4boaaimce0jtfz8","timestamp":1767171241061,"id":"eqjpr8x68fo0h6b","previousEventId":"7ehri8nhqwhfldn","operationId":"7tt8tbjbt8afwpt"}
{"type":"log","timestamp":1767171241063,"level":"info","message":"Starting rendering request 2","meta":{"rootId":"erdfiwqmkevrfqn","id":"erdfiwqmkevrfqn"},"id":"l63tu8nkfl234ss","previousOperationId":"7tt8tbjbt8afwpt"}
{"type":"log","timestamp":1767171241066,"level":"info","message":"Rendering anonymous template { recipe: pptx, engine: handlebars }","meta":{"rootId":"erdfiwqmkevrfqn","id":"erdfiwqmkevrfqn"},"id":"2aiqbfq6gsm7e3p","previousOperationId":"7tt8tbjbt8afwpt"}
{"type":"log","timestamp":1767171241067,"level":"debug","message":"Inline data specified.","meta":{"rootId":"erdfiwqmkevrfqn","id":"erdfiwqmkevrfqn"},"id":"j55spj29pvdosvo","previousOperationId":"7tt8tbjbt8afwpt"}
{"type":"log","timestamp":1767171241075,"level":"debug","message":"Base url not specified, skipping its injection.","meta":{"rootId":"erdfiwqmkevrfqn","id":"erdfiwqmkevrfqn"},"id":"blk1c5a4jmdaac9","previousOperationId":"7tt8tbjbt8afwpt"}
{"type":"operationStart","subtype":"engine","name":"handlebars","timestamp":1767171241078,"id":"9zl6wid3xpypvgo","previousEventId":"eqjpr8x68fo0h6b","operationId":"kjxh7oexlrji5vs","previousOperationId":"7tt8tbjbt8afwpt"}
{"type":"log","timestamp":1767171241078,"level":"debug","message":"Rendering engine handlebars","meta":{"rootId":"erdfiwqmkevrfqn","id":"erdfiwqmkevrfqn"},"id":"njz8zi7cmz8zsf3","previousOperationId":"kjxh7oexlrji5vs"}
{"type":"operationEnd","operationId":"kjxh7oexlrji5vs","timestamp":1767171242295,"id":"yr6l9robynhjua8","previousEventId":"9zl6wid3xpypvgo","previousOperationId":"kjxh7oexlrji5vs"}
{"type":"operationStart","subtype":"recipe","name":"pptx","timestamp":1767171242296,"id":"7mmpj14xbhbant7","previousEventId":"yr6l9robynhjua8","operationId":"q7e3kzbrlt8wous","previousOperationId":"kjxh7oexlrji5vs"}
{"type":"log","timestamp":1767171242296,"level":"debug","message":"Executing recipe pptx","meta":{"rootId":"erdfiwqmkevrfqn","id":"erdfiwqmkevrfqn"},"id":"x28h62yf9ycdxxc","previousOperationId":"q7e3kzbrlt8wous"}
{"type":"log","timestamp":1767171242552,"level":"info","message":"pptx generation is starting","meta":{"rootId":"erdfiwqmkevrfqn","id":"erdfiwqmkevrfqn"},"id":"363unxngpiu2m2t","previousOperationId":"q7e3kzbrlt8wous"}
{"type":"log","timestamp":1767171244544,"level":"debug","message":"Starting child request to render pptx dynamic parts","meta":{"rootId":"erdfiwqmkevrfqn","id":"erdfiwqmkevrfqn"},"id":"sfvvy6rtwf77pwg","previousOperationId":"q7e3kzbrlt8wous"}
{"type":"operationStart","subtype":"render","name":"anonymous","previousOperationId":"q7e3kzbrlt8wous","timestamp":1767171244546,"id":"prpfobi2u9yi5tj","previousEventId":"7mmpj14xbhbant7","operationId":"jexwfkz9d68fp6q"}
{"type":"log","timestamp":1767171244546,"level":"info","message":"Starting rendering (child) request","meta":{"rootId":"erdfiwqmkevrfqn","id":"0acjn8p5gkiqgqu"},"id":"0hvt61drh75t9pk","previousOperationId":"jexwfkz9d68fp6q"}
{"type":"log","timestamp":1767171244546,"level":"info","message":"Rendering anonymous template { recipe: html, engine: handlebars }","meta":{"rootId":"erdfiwqmkevrfqn","id":"0acjn8p5gkiqgqu"},"id":"winiargujjd57bl","previousOperationId":"jexwfkz9d68fp6q"}
{"type":"log","timestamp":1767171244546,"level":"debug","message":"Inline data specified.","meta":{"rootId":"erdfiwqmkevrfqn","id":"0acjn8p5gkiqgqu"},"id":"h9kbn60gwy193xv","previousOperationId":"jexwfkz9d68fp6q"}
{"type":"log","timestamp":1767171244553,"level":"debug","message":"Base url not specified, skipping its injection.","meta":{"rootId":"erdfiwqmkevrfqn","id":"0acjn8p5gkiqgqu"},"id":"jewm44s584cmw6v","previousOperationId":"jexwfkz9d68fp6q"}
{"type":"operationStart","subtype":"engine","name":"handlebars","timestamp":1767171244555,"id":"0jb8chhsj355ywg","previousEventId":"prpfobi2u9yi5tj","operationId":"x5ie69eryyg1mj0","previousOperationId":"jexwfkz9d68fp6q"}
{"type":"log","timestamp":1767171244555,"level":"debug","message":"Rendering engine handlebars","meta":{"rootId":"erdfiwqmkevrfqn","id":"0acjn8p5gkiqgqu"},"id":"ybjltqkcc0k664t","previousOperationId":"x5ie69eryyg1mj0"}
{"type":"log","timestamp":1767171244804,"level":"debug","message":"(console:log) {\n  type: 'echarts@v5a',\n  width: 848,\n  height: 409,\n  option: { radar: [ [Object] ], series: [ [Object] ] }\n}","meta":{"userLevel":true,"rootId":"erdfiwqmkevrfqn","id":"0acjn8p5gkiqgqu"},"id":"gzc160y7ksuatil","previousOperationId":"x5ie69eryyg1mj0"}
{"type":"operationEnd","operationId":"x5ie69eryyg1mj0","timestamp":1767171244818,"id":"m0xckn4b3a2eglk","previousEventId":"0jb8chhsj355ywg","previousOperationId":"x5ie69eryyg1mj0"}
{"type":"operationStart","subtype":"recipe","name":"html","timestamp":1767171244840,"id":"rzp5o7avz7a00uj","previousEventId":"m0xckn4b3a2eglk","operationId":"v0hhb1g2w9xv0ul","previousOperationId":"x5ie69eryyg1mj0"}
{"type":"log","timestamp":1767171244840,"level":"debug","message":"Executing recipe html","meta":{"rootId":"erdfiwqmkevrfqn","id":"0acjn8p5gkiqgqu"},"id":"jzbbk2xub6cnbdr","previousOperationId":"v0hhb1g2w9xv0ul"}
{"type":"operationEnd","operationId":"v0hhb1g2w9xv0ul","timestamp":1767171244840,"id":"7sm7z50rzr0t1cl","previousEventId":"rzp5o7avz7a00uj","previousOperationId":"v0hhb1g2w9xv0ul"}
{"type":"log","timestamp":1767171244842,"level":"debug","message":"Skipping storing report.","meta":{"rootId":"erdfiwqmkevrfqn","id":"0acjn8p5gkiqgqu"},"id":"nbn5rr6kfezzs6y","previousOperationId":"v0hhb1g2w9xv0ul"}
{"type":"log","timestamp":1767171244842,"level":"info","message":"Rendering (child) request finished in 3850 ms","meta":{"rootId":"erdfiwqmkevrfqn","id":"0acjn8p5gkiqgqu"},"id":"80vkii5gspgacrw","previousOperationId":"v0hhb1g2w9xv0ul"}
{"type":"operationEnd","subtype":"render","operationId":"jexwfkz9d68fp6q","timestamp":1767171244843,"id":"yesrx6hle881uci","previousEventId":"7sm7z50rzr0t1cl","previousOperationId":"v0hhb1g2w9xv0ul"}
{"type":"log","timestamp":1767171250724,"level":"debug","message":"pptx successfully zipped","meta":{"rootId":"erdfiwqmkevrfqn","id":"erdfiwqmkevrfqn"},"id":"a3ap78wdg4r9jcd","previousOperationId":"q7e3kzbrlt8wous"}
{"type":"log","timestamp":1767171250724,"level":"info","message":"pptx generation was finished","meta":{"rootId":"erdfiwqmkevrfqn","id":"erdfiwqmkevrfqn"},"id":"jlhdug3ia919oli","previousOperationId":"q7e3kzbrlt8wous"}
{"type":"operationEnd","operationId":"q7e3kzbrlt8wous","timestamp":1767171250739,"id":"jv5veib77wurcb2","previousEventId":"7mmpj14xbhbant7","previousOperationId":"q7e3kzbrlt8wous"}
{"type":"log","timestamp":1767171250739,"level":"debug","message":"Skipping storing report.","meta":{"rootId":"erdfiwqmkevrfqn","id":"erdfiwqmkevrfqn"},"id":"gnp7ez1vl2yj22n","previousOperationId":"q7e3kzbrlt8wous"}
{"type":"log","timestamp":1767171250739,"level":"info","message":"Rendering request 2 finished in 9747 ms","meta":{"rootId":"erdfiwqmkevrfqn","id":"erdfiwqmkevrfqn"},"id":"hnedn42d816vdn4","previousOperationId":"q7e3kzbrlt8wous"}
{"type":"operationEnd","subtype":"render","operationId":"7tt8tbjbt8afwpt","timestamp":1767171250739,"id":"ve0983yhh3utn2f","previousEventId":"jv5veib77wurcb2","previousOperationId":"q7e3kzbrlt8wous"}
{"type":"operationEnd","doDiffs":false,"previousEventId":"7ehri8nhqwhfldn","previousOperationId":"4boaaimce0jtfz8","operationId":"4boaaimce0jtfz8","timestamp":1767171250745,"id":"0b2p74svdc0pxvl"}
