{"type":"operationStart","subtype":"profile","data":{"_id":"LK5j5uC2MiQGilwV","timestamp":"2025-12-30T20:11:23.091Z","state":"running","mode":"standard","creationDate":"2025-12-30T20:11:23.099Z","modificationDate":"2025-12-30T20:11:23.099Z","shortid":"Ij_sSGT","$entitySet":"profiles","timeout":60000},"doDiffs":false,"timestamp":1767125483095,"id":"5n48up8wlfgscy8","previousOperationId":null,"operationId":"gkkl7hmkrvwx8rd"}
{"type":"log","level":"info","message":"Render request 1 queued for execution and waiting for available worker","previousOperationId":"gkkl7hmkrvwx8rd","timestamp":1767125483096,"id":"s9acornjcibklrc"}
{"type":"operationStart","subtype":"render","name":"anonymous","previousOperationId":"gkkl7hmkrvwx8rd","timestamp":1767125483174,"id":"dfn0k044brc3jtx","previousEventId":"5n48up8wlfgscy8","operationId":"mfew4lpwlq8htb7"}
{"type":"log","timestamp":1767125483175,"level":"info","message":"Starting rendering request 1","meta":{"rootId":"evxubijdpgn1kba","id":"evxubijdpgn1kba"},"id":"dwagszmzj1l4cx7","previousOperationId":"mfew4lpwlq8htb7"}
{"type":"log","timestamp":1767125483177,"level":"info","message":"Rendering anonymous template { recipe: pptx, engine: handlebars }","meta":{"rootId":"evxubijdpgn1kba","id":"evxubijdpgn1kba"},"id":"0p3ni8b25bu3o00","previousOperationId":"mfew4lpwlq8htb7"}
{"type":"log","timestamp":1767125483178,"level":"debug","message":"Inline data specified.","meta":{"rootId":"evxubijdpgn1kba","id":"evxubijdpgn1kba"},"id":"q4fyojdfdgyuukk","previousOperationId":"mfew4lpwlq8htb7"}
{"type":"log","timestamp":1767125483186,"level":"debug","message":"Base url not specified, skipping its injection.","meta":{"rootId":"evxubijdpgn1kba","id":"evxubijdpgn1kba"},"id":"d48jn3adkw6lwyw","previousOperationId":"mfew4lpwlq8htb7"}
{"type":"operationStart","subtype":"engine","name":"handlebars","timestamp":1767125483189,"id":"15lgiz9rz5t5foj","previousEventId":"dfn0k044brc3jtx","operationId":"ydkx48ox1pinsmy","previousOperationId":"mfew4lpwlq8htb7"}
{"type":"log","timestamp":1767125483189,"level":"debug","message":"Rendering engine handlebars","meta":{"rootId":"evxubijdpgn1kba","id":"evxubijdpgn1kba"},"id":"ti52wh4jad1izif","previousOperationId":"ydkx48ox1pinsmy"}
{"type":"operationEnd","operationId":"ydkx48ox1pinsmy","timestamp":1767125484034,"id":"vbje47dn0o3242g","previousEventId":"15lgiz9rz5t5foj","previousOperationId":"ydkx48ox1pinsmy"}
{"type":"operationStart","subtype":"recipe","name":"pptx","timestamp":1767125484035,"id":"etpx75trxs7a9vk","previousEventId":"vbje47dn0o3242g","operationId":"rr43e8k2o22r9by","previousOperationId":"ydkx48ox1pinsmy"}
{"type":"log","timestamp":1767125484035,"level":"debug","message":"Executing recipe pptx","meta":{"rootId":"evxubijdpgn1kba","id":"evxubijdpgn1kba"},"id":"5rly4v61ro9ktw0","previousOperationId":"rr43e8k2o22r9by"}
{"type":"log","timestamp":1767125484190,"level":"info","message":"pptx generation is starting","meta":{"rootId":"evxubijdpgn1kba","id":"evxubijdpgn1kba"},"id":"uqhoq42el7npgr9","previousOperationId":"rr43e8k2o22r9by"}
{"type":"log","timestamp":1767125485354,"level":"debug","message":"Starting child request to render pptx dynamic parts","meta":{"rootId":"evxubijdpgn1kba","id":"evxubijdpgn1kba"},"id":"cdb0pj4kbtutkdl","previousOperationId":"rr43e8k2o22r9by"}
{"type":"operationStart","subtype":"render","name":"anonymous","previousOperationId":"rr43e8k2o22r9by","timestamp":1767125485355,"id":"vm348i8a7pg15qo","previousEventId":"etpx75trxs7a9vk","operationId":"370sl71qr7v9p7i"}
{"type":"log","timestamp":1767125485355,"level":"info","message":"Starting rendering (child) request","meta":{"rootId":"evxubijdpgn1kba","id":"47zlqn9urgntac2"},"id":"x5ow64gxr8l1xor","previousOperationId":"370sl71qr7v9p7i"}
{"type":"log","timestamp":1767125485356,"level":"info","message":"Rendering anonymous template { recipe: html, engine: handlebars }","meta":{"rootId":"evxubijdpgn1kba","id":"47zlqn9urgntac2"},"id":"vfk0jp56mb36b1w","previousOperationId":"370sl71qr7v9p7i"}
{"type":"log","timestamp":1767125485356,"level":"debug","message":"Inline data specified.","meta":{"rootId":"evxubijdpgn1kba","id":"47zlqn9urgntac2"},"id":"53u44h81kzkum4q","previousOperationId":"370sl71qr7v9p7i"}
{"type":"log","timestamp":1767125485360,"level":"debug","message":"Base url not specified, skipping its injection.","meta":{"rootId":"evxubijdpgn1kba","id":"47zlqn9urgntac2"},"id":"4yagsdqy6dtxly4","previousOperationId":"370sl71qr7v9p7i"}
{"type":"operationStart","subtype":"engine","name":"handlebars","timestamp":1767125485363,"id":"huepqh4h5qqn3pz","previousEventId":"vm348i8a7pg15qo","operationId":"cwgmow8cu1sfefa","previousOperationId":"370sl71qr7v9p7i"}
{"type":"log","timestamp":1767125485363,"level":"debug","message":"Rendering engine handlebars","meta":{"rootId":"evxubijdpgn1kba","id":"47zlqn9urgntac2"},"id":"m38ov0vjd7vh8wl","previousOperationId":"cwgmow8cu1sfefa"}
{"type":"log","timestamp":1767125485526,"level":"debug","message":"(console:log) {\n  type: 'echarts@v5a',\n  width: 848,\n  height: 409,\n  option: { radar: [ [Object] ], series: [ [Object] ] }\n}","meta":{"userLevel":true,"rootId":"evxubijdpgn1kba","id":"47zlqn9urgntac2"},"id":"yxncpkbvl4bpsnr","previousOperationId":"cwgmow8cu1sfefa"}
{"type":"operationEnd","operationId":"cwgmow8cu1sfefa","timestamp":1767125485535,"id":"bwwqtlwnn64yyt5","previousEventId":"huepqh4h5qqn3pz","previousOperationId":"cwgmow8cu1sfefa"}
{"type":"operationStart","subtype":"recipe","name":"html","timestamp":1767125485550,"id":"05ngw5mmdvzygwg","previousEventId":"bwwqtlwnn64yyt5","operationId":"ccrznii28euhns7","previousOperationId":"cwgmow8cu1sfefa"}
{"type":"log","timestamp":1767125485550,"level":"debug","message":"Executing recipe html","meta":{"rootId":"evxubijdpgn1kba","id":"47zlqn9urgntac2"},"id":"gpbs0zhr76cy7xp","previousOperationId":"ccrznii28euhns7"}
{"type":"operationEnd","operationId":"ccrznii28euhns7","timestamp":1767125485550,"id":"hg6ubtz1nv3ezwo","previousEventId":"05ngw5mmdvzygwg","previousOperationId":"ccrznii28euhns7"}
{"type":"log","timestamp":1767125485551,"level":"debug","message":"Skipping storing report.","meta":{"rootId":"evxubijdpgn1kba","id":"47zlqn9urgntac2"},"id":"x9b8tmv9iqvqg9k","previousOperationId":"ccrznii28euhns7"}
{"type":"log","timestamp":1767125485551,"level":"info","message":"Rendering (child) request finished in 2462 ms","meta":{"rootId":"evxubijdpgn1kba","id":"47zlqn9urgntac2"},"id":"w7w2ppqzb9fored","previousOperationId":"ccrznii28euhns7"}
{"type":"operationEnd","subtype":"render","operationId":"370sl71qr7v9p7i","timestamp":1767125485552,"id":"pqq533zjkzmgurw","previousEventId":"hg6ubtz1nv3ezwo","previousOperationId":"ccrznii28euhns7"}
{"type":"log","timestamp":1767125491117,"level":"debug","message":"pptx successfully zipped","meta":{"rootId":"evxubijdpgn1kba","id":"evxubijdpgn1kba"},"id":"m9uwu5ydkrj654a","previousOperationId":"rr43e8k2o22r9by"}
{"type":"log","timestamp":1767125491117,"level":"info","message":"pptx generation was finished","meta":{"rootId":"evxubijdpgn1kba","id":"evxubijdpgn1kba"},"id":"48xb4lahrzzacx4","previousOperationId":"rr43e8k2o22r9by"}
{"type":"operationEnd","operationId":"rr43e8k2o22r9by","timestamp":1767125491130,"id":"2yb4960z6yvmca2","previousEventId":"etpx75trxs7a9vk","previousOperationId":"rr43e8k2o22r9by"}
{"type":"log","timestamp":1767125491130,"level":"debug","message":"Skipping storing report.","meta":{"rootId":"evxubijdpgn1kba","id":"evxubijdpgn1kba"},"id":"kfk65otcp7xwhn5","previousOperationId":"rr43e8k2o22r9by"}
{"type":"log","timestamp":1767125491131,"level":"info","message":"Rendering request 1 finished in 8041 ms","meta":{"rootId":"evxubijdpgn1kba","id":"evxubijdpgn1kba"},"id":"g6655d48tgz8ple","previousOperationId":"rr43e8k2o22r9by"}
{"type":"operationEnd","subtype":"render","operationId":"mfew4lpwlq8htb7","timestamp":1767125491131,"id":"y4oi47j3ro153l7","previousEventId":"2yb4960z6yvmca2","previousOperationId":"rr43e8k2o22r9by"}
{"type":"operationEnd","doDiffs":false,"previousEventId":"5n48up8wlfgscy8","previousOperationId":"gkkl7hmkrvwx8rd","operationId":"gkkl7hmkrvwx8rd","timestamp":1767125491134,"id":"9dhv081gp91kaaa"}
