{"type":"operationStart","subtype":"profile","data":{"_id":"3G8Nt2ydjmzoSsn1","timestamp":"2025-12-28T14:23:19.763Z","state":"running","mode":"standard","creationDate":"2025-12-28T14:23:19.771Z","modificationDate":"2025-12-28T14:23:19.771Z","shortid":"p1Kad_V","$entitySet":"profiles","timeout":60000},"doDiffs":false,"timestamp":1766931799769,"id":"huc3smiaz7tnt43","previousOperationId":null,"operationId":"qshrxe0ikzhzil6"}
{"type":"log","level":"info","message":"Render request 14 queued for execution and waiting for available worker","previousOperationId":"qshrxe0ikzhzil6","timestamp":1766931799769,"id":"raz5dztry7vq5me"}
{"type":"operationStart","subtype":"render","name":"anonymous","previousOperationId":"qshrxe0ikzhzil6","timestamp":1766931799807,"id":"b0r689ytnaqpa32","previousEventId":"huc3smiaz7tnt43","operationId":"j293vbx1m1k07wq"}
{"type":"log","timestamp":1766931799808,"level":"info","message":"Starting rendering request 14","meta":{"rootId":"ezh81pcsgficut3","id":"ezh81pcsgficut3"},"id":"hzgyh472gxpso1w","previousOperationId":"j293vbx1m1k07wq"}
{"type":"log","timestamp":1766931799808,"level":"info","message":"Rendering anonymous template { recipe: pptx, engine: handlebars }","meta":{"rootId":"ezh81pcsgficut3","id":"ezh81pcsgficut3"},"id":"shbqkoxrngz6xin","previousOperationId":"j293vbx1m1k07wq"}
{"type":"log","timestamp":1766931799808,"level":"debug","message":"Inline data specified.","meta":{"rootId":"ezh81pcsgficut3","id":"ezh81pcsgficut3"},"id":"b8em8ayp6c1w0vv","previousOperationId":"j293vbx1m1k07wq"}
{"type":"log","timestamp":1766931799812,"level":"debug","message":"Base url not specified, skipping its injection.","meta":{"rootId":"ezh81pcsgficut3","id":"ezh81pcsgficut3"},"id":"dzhk9xqnsi97msm","previousOperationId":"j293vbx1m1k07wq"}
{"type":"operationStart","subtype":"engine","name":"handlebars","timestamp":1766931799813,"id":"w9o61egw8055e6q","previousEventId":"b0r689ytnaqpa32","operationId":"903dz6m050qi1wo","previousOperationId":"j293vbx1m1k07wq"}
{"type":"log","timestamp":1766931799813,"level":"debug","message":"Rendering engine handlebars","meta":{"rootId":"ezh81pcsgficut3","id":"ezh81pcsgficut3"},"id":"hpkhr16gqismyyu","previousOperationId":"903dz6m050qi1wo"}
{"type":"operationEnd","operationId":"903dz6m050qi1wo","timestamp":1766931799832,"id":"j6k3ychrxij8k4o","previousEventId":"w9o61egw8055e6q","previousOperationId":"903dz6m050qi1wo"}
{"type":"operationStart","subtype":"recipe","name":"pptx","timestamp":1766931799832,"id":"mmtbgk4rtqcx2ax","previousEventId":"j6k3ychrxij8k4o","operationId":"gcdvxuh18f9yssx","previousOperationId":"903dz6m050qi1wo"}
{"type":"log","timestamp":1766931799832,"level":"debug","message":"Executing recipe pptx","meta":{"rootId":"ezh81pcsgficut3","id":"ezh81pcsgficut3"},"id":"33m9wyc87h4xulf","previousOperationId":"gcdvxuh18f9yssx"}
{"type":"log","timestamp":1766931799856,"level":"info","message":"pptx generation is starting","meta":{"rootId":"ezh81pcsgficut3","id":"ezh81pcsgficut3"},"id":"6u9548h58lajjky","previousOperationId":"gcdvxuh18f9yssx"}
{"type":"log","timestamp":1766931801019,"level":"debug","message":"Starting child request to render pptx dynamic parts","meta":{"rootId":"ezh81pcsgficut3","id":"ezh81pcsgficut3"},"id":"jhyxvwld1yozo0w","previousOperationId":"gcdvxuh18f9yssx"}
{"type":"operationStart","subtype":"render","name":"anonymous","previousOperationId":"gcdvxuh18f9yssx","timestamp":1766931801020,"id":"j25ii7h5ll8c19m","previousEventId":"mmtbgk4rtqcx2ax","operationId":"05cqz72f3iqhjr0"}
{"type":"log","timestamp":1766931801020,"level":"info","message":"Starting rendering (child) request","meta":{"rootId":"ezh81pcsgficut3","id":"49av2auz0aqgaq9"},"id":"a5h3gqf8b0is646","previousOperationId":"05cqz72f3iqhjr0"}
{"type":"log","timestamp":1766931801020,"level":"info","message":"Rendering anonymous template { recipe: html, engine: handlebars }","meta":{"rootId":"ezh81pcsgficut3","id":"49av2auz0aqgaq9"},"id":"rk47i2g5wpouedq","previousOperationId":"05cqz72f3iqhjr0"}
{"type":"log","timestamp":1766931801020,"level":"debug","message":"Inline data specified.","meta":{"rootId":"ezh81pcsgficut3","id":"49av2auz0aqgaq9"},"id":"a8ew4hwo0q1nf4q","previousOperationId":"05cqz72f3iqhjr0"}
{"type":"log","timestamp":1766931801024,"level":"debug","message":"Base url not specified, skipping its injection.","meta":{"rootId":"ezh81pcsgficut3","id":"49av2auz0aqgaq9"},"id":"5xfzu83oz6unbg2","previousOperationId":"05cqz72f3iqhjr0"}
{"type":"operationStart","subtype":"engine","name":"handlebars","timestamp":1766931801025,"id":"0kaad8lu7fa75d6","previousEventId":"j25ii7h5ll8c19m","operationId":"dewoaps30k3ovtk","previousOperationId":"05cqz72f3iqhjr0"}
{"type":"log","timestamp":1766931801025,"level":"debug","message":"Rendering engine handlebars","meta":{"rootId":"ezh81pcsgficut3","id":"49av2auz0aqgaq9"},"id":"4pksx321qkrngr2","previousOperationId":"dewoaps30k3ovtk"}
{"type":"log","timestamp":1766931801148,"level":"debug","message":"(console:log) {\n  type: 'echarts@v5a',\n  width: 848,\n  height: 409,\n  option: { radar: [ [Object] ], series: [ [Object] ] }\n}","meta":{"userLevel":true,"rootId":"ezh81pcsgficut3","id":"49av2auz0aqgaq9"},"id":"9tdf069u9775fc0","previousOperationId":"dewoaps30k3ovtk"}
{"type":"operationEnd","operationId":"dewoaps30k3ovtk","timestamp":1766931801153,"id":"pzjldvud9n58ijh","previousEventId":"0kaad8lu7fa75d6","previousOperationId":"dewoaps30k3ovtk"}
{"type":"operationStart","subtype":"recipe","name":"html","timestamp":1766931801163,"id":"n7dbi11in90mbo1","previousEventId":"pzjldvud9n58ijh","operationId":"pyjro7gv2j18r77","previousOperationId":"dewoaps30k3ovtk"}
{"type":"log","timestamp":1766931801163,"level":"debug","message":"Executing recipe html","meta":{"rootId":"ezh81pcsgficut3","id":"49av2auz0aqgaq9"},"id":"do6m58k7msqdldw","previousOperationId":"pyjro7gv2j18r77"}
{"type":"operationEnd","operationId":"pyjro7gv2j18r77","timestamp":1766931801163,"id":"bxbfivwx04tlg15","previousEventId":"n7dbi11in90mbo1","previousOperationId":"pyjro7gv2j18r77"}
{"type":"log","timestamp":1766931801163,"level":"debug","message":"Skipping storing report.","meta":{"rootId":"ezh81pcsgficut3","id":"49av2auz0aqgaq9"},"id":"wlkyep4z9z4cccm","previousOperationId":"pyjro7gv2j18r77"}
{"type":"log","timestamp":1766931801163,"level":"info","message":"Rendering (child) request finished in 1401 ms","meta":{"rootId":"ezh81pcsgficut3","id":"49av2auz0aqgaq9"},"id":"ptvb52c1xdk0i08","previousOperationId":"pyjro7gv2j18r77"}
{"type":"operationEnd","subtype":"render","operationId":"05cqz72f3iqhjr0","timestamp":1766931801163,"id":"h9mdieu04zqnb35","previousEventId":"bxbfivwx04tlg15","previousOperationId":"pyjro7gv2j18r77"}
{"type":"log","timestamp":1766931804949,"level":"debug","message":"pptx successfully zipped","meta":{"rootId":"ezh81pcsgficut3","id":"ezh81pcsgficut3"},"id":"5zjvkol4l2l0n1q","previousOperationId":"gcdvxuh18f9yssx"}
{"type":"log","timestamp":1766931804949,"level":"info","message":"pptx generation was finished","meta":{"rootId":"ezh81pcsgficut3","id":"ezh81pcsgficut3"},"id":"r88627g4ezqcrb5","previousOperationId":"gcdvxuh18f9yssx"}
{"type":"operationEnd","operationId":"gcdvxuh18f9yssx","timestamp":1766931804957,"id":"2xcep2wpk1p4k5r","previousEventId":"mmtbgk4rtqcx2ax","previousOperationId":"gcdvxuh18f9yssx"}
{"type":"log","timestamp":1766931804957,"level":"debug","message":"Skipping storing report.","meta":{"rootId":"ezh81pcsgficut3","id":"ezh81pcsgficut3"},"id":"624dvps2zrfq2gm","previousOperationId":"gcdvxuh18f9yssx"}
{"type":"log","timestamp":1766931804957,"level":"info","message":"Rendering request 14 finished in 5195 ms","meta":{"rootId":"ezh81pcsgficut3","id":"ezh81pcsgficut3"},"id":"5gob278pq3tqxa8","previousOperationId":"gcdvxuh18f9yssx"}
{"type":"operationEnd","subtype":"render","operationId":"j293vbx1m1k07wq","timestamp":1766931804957,"id":"3l4jelw8zfkr4vd","previousEventId":"2xcep2wpk1p4k5r","previousOperationId":"gcdvxuh18f9yssx"}
{"type":"operationEnd","doDiffs":false,"previousEventId":"huc3smiaz7tnt43","previousOperationId":"qshrxe0ikzhzil6","operationId":"qshrxe0ikzhzil6","timestamp":1766931804961,"id":"3y5prypx8vroh1h"}
