{"type":"operationStart","subtype":"profile","data":{"_id":"QfsbJUgd1TsAyL6N","timestamp":"2025-12-28T16:49:55.788Z","state":"running","mode":"standard","creationDate":"2025-12-28T16:49:55.792Z","modificationDate":"2025-12-28T16:49:55.792Z","shortid":"vu5LwdC","$entitySet":"profiles","timeout":60000},"doDiffs":false,"timestamp":1766940595790,"id":"0hd44slucvqa3o8","previousOperationId":null,"operationId":"37tiaw57rysstsd"}
{"type":"log","level":"info","message":"Render request 2 queued for execution and waiting for available worker","previousOperationId":"37tiaw57rysstsd","timestamp":1766940595791,"id":"cv2s2vpocxbv7ew"}
{"type":"operationStart","subtype":"render","name":"anonymous","previousOperationId":"37tiaw57rysstsd","timestamp":1766940595856,"id":"cjidcj6kzw236g4","previousEventId":"0hd44slucvqa3o8","operationId":"1s1b3j7k9su0ogh"}
{"type":"log","timestamp":1766940595858,"level":"info","message":"Starting rendering request 2","meta":{"rootId":"f09uc0gx1q1vygv","id":"f09uc0gx1q1vygv"},"id":"g4zmyn9bo3eskib","previousOperationId":"1s1b3j7k9su0ogh"}
{"type":"log","timestamp":1766940595861,"level":"info","message":"Rendering anonymous template { recipe: pptx, engine: handlebars }","meta":{"rootId":"f09uc0gx1q1vygv","id":"f09uc0gx1q1vygv"},"id":"p454zwyyh0rhm7k","previousOperationId":"1s1b3j7k9su0ogh"}
{"type":"log","timestamp":1766940595862,"level":"debug","message":"Inline data specified.","meta":{"rootId":"f09uc0gx1q1vygv","id":"f09uc0gx1q1vygv"},"id":"b39j4mhbuz1o9c0","previousOperationId":"1s1b3j7k9su0ogh"}
{"type":"log","timestamp":1766940595884,"level":"debug","message":"Base url not specified, skipping its injection.","meta":{"rootId":"f09uc0gx1q1vygv","id":"f09uc0gx1q1vygv"},"id":"ffvbi58809ndk8c","previousOperationId":"1s1b3j7k9su0ogh"}
{"type":"operationStart","subtype":"engine","name":"handlebars","timestamp":1766940595889,"id":"7df9cpi1mk8s5ne","previousEventId":"cjidcj6kzw236g4","operationId":"dm50nm6qcfhdy4o","previousOperationId":"1s1b3j7k9su0ogh"}
{"type":"log","timestamp":1766940595889,"level":"debug","message":"Rendering engine handlebars","meta":{"rootId":"f09uc0gx1q1vygv","id":"f09uc0gx1q1vygv"},"id":"3ggq1gri0896j7m","previousOperationId":"dm50nm6qcfhdy4o"}
{"type":"operationEnd","operationId":"dm50nm6qcfhdy4o","timestamp":1766940597112,"id":"bkymmpdwqvw2ujs","previousEventId":"7df9cpi1mk8s5ne","previousOperationId":"dm50nm6qcfhdy4o"}
{"type":"operationStart","subtype":"recipe","name":"pptx","timestamp":1766940597114,"id":"2swpsecd5pqtyx3","previousEventId":"bkymmpdwqvw2ujs","operationId":"91tggd21r09nfj1","previousOperationId":"dm50nm6qcfhdy4o"}
{"type":"log","timestamp":1766940597114,"level":"debug","message":"Executing recipe pptx","meta":{"rootId":"f09uc0gx1q1vygv","id":"f09uc0gx1q1vygv"},"id":"vyuzbsl4r9as8ly","previousOperationId":"91tggd21r09nfj1"}
{"type":"log","timestamp":1766940597369,"level":"info","message":"pptx generation is starting","meta":{"rootId":"f09uc0gx1q1vygv","id":"f09uc0gx1q1vygv"},"id":"r4imd2zlpoj7j5s","previousOperationId":"91tggd21r09nfj1"}
{"type":"log","timestamp":1766940599179,"level":"debug","message":"Starting child request to render pptx dynamic parts","meta":{"rootId":"f09uc0gx1q1vygv","id":"f09uc0gx1q1vygv"},"id":"bvnothsog06x5ar","previousOperationId":"91tggd21r09nfj1"}
{"type":"operationStart","subtype":"render","name":"anonymous","previousOperationId":"91tggd21r09nfj1","timestamp":1766940599180,"id":"n7pp82bm1y8v1tl","previousEventId":"2swpsecd5pqtyx3","operationId":"7dpbkmvequtfc1v"}
{"type":"log","timestamp":1766940599180,"level":"info","message":"Starting rendering (child) request","meta":{"rootId":"f09uc0gx1q1vygv","id":"5xzifbahpipae0x"},"id":"y24foxqtzqmttc9","previousOperationId":"7dpbkmvequtfc1v"}
{"type":"log","timestamp":1766940599181,"level":"info","message":"Rendering anonymous template { recipe: html, engine: handlebars }","meta":{"rootId":"f09uc0gx1q1vygv","id":"5xzifbahpipae0x"},"id":"qnydetri6vdan6c","previousOperationId":"7dpbkmvequtfc1v"}
{"type":"log","timestamp":1766940599181,"level":"debug","message":"Inline data specified.","meta":{"rootId":"f09uc0gx1q1vygv","id":"5xzifbahpipae0x"},"id":"hu796ole8xs0qtm","previousOperationId":"7dpbkmvequtfc1v"}
{"type":"log","timestamp":1766940599186,"level":"debug","message":"Base url not specified, skipping its injection.","meta":{"rootId":"f09uc0gx1q1vygv","id":"5xzifbahpipae0x"},"id":"vwf3xkekyh2455g","previousOperationId":"7dpbkmvequtfc1v"}
{"type":"operationStart","subtype":"engine","name":"handlebars","timestamp":1766940599188,"id":"y4uxutqetk8ocuw","previousEventId":"n7pp82bm1y8v1tl","operationId":"pzpcnsztla34nia","previousOperationId":"7dpbkmvequtfc1v"}
{"type":"log","timestamp":1766940599188,"level":"debug","message":"Rendering engine handlebars","meta":{"rootId":"f09uc0gx1q1vygv","id":"5xzifbahpipae0x"},"id":"lqa3yi68x09ncpa","previousOperationId":"pzpcnsztla34nia"}
{"type":"log","timestamp":1766940599384,"level":"debug","message":"(console:log) {\n  type: 'echarts@v5a',\n  width: 848,\n  height: 409,\n  option: { radar: [ [Object] ], series: [ [Object] ] }\n}","meta":{"userLevel":true,"rootId":"f09uc0gx1q1vygv","id":"5xzifbahpipae0x"},"id":"h4wyxelg5sjc0al","previousOperationId":"pzpcnsztla34nia"}
{"type":"operationEnd","operationId":"pzpcnsztla34nia","timestamp":1766940599392,"id":"123l52mdyhhsmbc","previousEventId":"y4uxutqetk8ocuw","previousOperationId":"pzpcnsztla34nia"}
{"type":"operationStart","subtype":"recipe","name":"html","timestamp":1766940599410,"id":"5yy4qwyd774yg00","previousEventId":"123l52mdyhhsmbc","operationId":"udxcww644wcs6kw","previousOperationId":"pzpcnsztla34nia"}
{"type":"log","timestamp":1766940599411,"level":"debug","message":"Executing recipe html","meta":{"rootId":"f09uc0gx1q1vygv","id":"5xzifbahpipae0x"},"id":"2qrdiuedk6i88aq","previousOperationId":"udxcww644wcs6kw"}
{"type":"operationEnd","operationId":"udxcww644wcs6kw","timestamp":1766940599411,"id":"vebenl9nzqegwan","previousEventId":"5yy4qwyd774yg00","previousOperationId":"udxcww644wcs6kw"}
{"type":"log","timestamp":1766940599412,"level":"debug","message":"Skipping storing report.","meta":{"rootId":"f09uc0gx1q1vygv","id":"5xzifbahpipae0x"},"id":"qdmwrxmg8d122wy","previousOperationId":"udxcww644wcs6kw"}
{"type":"log","timestamp":1766940599412,"level":"info","message":"Rendering (child) request finished in 3625 ms","meta":{"rootId":"f09uc0gx1q1vygv","id":"5xzifbahpipae0x"},"id":"0zhdgn8ddi54g6o","previousOperationId":"udxcww644wcs6kw"}
{"type":"operationEnd","subtype":"render","operationId":"7dpbkmvequtfc1v","timestamp":1766940599413,"id":"h3qbxdrdnjsmylm","previousEventId":"vebenl9nzqegwan","previousOperationId":"udxcww644wcs6kw"}
{"type":"log","timestamp":1766940606518,"level":"debug","message":"pptx successfully zipped","meta":{"rootId":"f09uc0gx1q1vygv","id":"f09uc0gx1q1vygv"},"id":"dbl6yhh5ah6xw83","previousOperationId":"91tggd21r09nfj1"}
{"type":"log","timestamp":1766940606519,"level":"info","message":"pptx generation was finished","meta":{"rootId":"f09uc0gx1q1vygv","id":"f09uc0gx1q1vygv"},"id":"lr58yszbtrgch4y","previousOperationId":"91tggd21r09nfj1"}
{"type":"operationEnd","operationId":"91tggd21r09nfj1","timestamp":1766940606532,"id":"tobv2v4efn54il2","previousEventId":"2swpsecd5pqtyx3","previousOperationId":"91tggd21r09nfj1"}
{"type":"log","timestamp":1766940606532,"level":"debug","message":"Skipping storing report.","meta":{"rootId":"f09uc0gx1q1vygv","id":"f09uc0gx1q1vygv"},"id":"yh29m0kj4mq5q50","previousOperationId":"91tggd21r09nfj1"}
{"type":"log","timestamp":1766940606532,"level":"info","message":"Rendering request 2 finished in 10745 ms","meta":{"rootId":"f09uc0gx1q1vygv","id":"f09uc0gx1q1vygv"},"id":"imd347kbpta8p7j","previousOperationId":"91tggd21r09nfj1"}
{"type":"operationEnd","subtype":"render","operationId":"1s1b3j7k9su0ogh","timestamp":1766940606532,"id":"ph7kw1xwapyhrc6","previousEventId":"tobv2v4efn54il2","previousOperationId":"91tggd21r09nfj1"}
{"type":"operationEnd","doDiffs":false,"previousEventId":"0hd44slucvqa3o8","previousOperationId":"37tiaw57rysstsd","operationId":"37tiaw57rysstsd","timestamp":1766940606538,"id":"lzormpwj724wwtn"}
