{"type":"operationStart","subtype":"profile","data":{"_id":"zcnFJUN9KCd2eMGw","timestamp":"2025-12-18T13:42:43.831Z","state":"running","mode":"standard","creationDate":"2025-12-18T13:42:43.847Z","modificationDate":"2025-12-18T13:42:43.847Z","shortid":"c31O3PB","$entitySet":"profiles","timeout":60000},"doDiffs":false,"timestamp":1766065363841,"id":"70rqiap9sw17p1o","previousOperationId":null,"operationId":"szc5sq0ypsip20z"}
{"type":"log","level":"info","message":"Render request 1 queued for execution and waiting for available worker","previousOperationId":"szc5sq0ypsip20z","timestamp":1766065363842,"id":"wkq8tylbo47nulq"}
{"type":"operationStart","subtype":"render","name":"anonymous","previousOperationId":"szc5sq0ypsip20z","timestamp":1766065363911,"id":"qewabugr3e379md","previousEventId":"70rqiap9sw17p1o","operationId":"y4u16y6x45nqkqw"}
{"type":"log","timestamp":1766065363912,"level":"info","message":"Starting rendering request 1","meta":{"rootId":"f6p3l4d78hscv8f","id":"f6p3l4d78hscv8f"},"id":"wcvl85okpwuzoor","previousOperationId":"y4u16y6x45nqkqw"}
{"type":"log","timestamp":1766065363914,"level":"info","message":"Rendering anonymous template { recipe: pptx, engine: handlebars }","meta":{"rootId":"f6p3l4d78hscv8f","id":"f6p3l4d78hscv8f"},"id":"vzoma7kl387fsga","previousOperationId":"y4u16y6x45nqkqw"}
{"type":"log","timestamp":1766065363914,"level":"debug","message":"Inline data specified.","meta":{"rootId":"f6p3l4d78hscv8f","id":"f6p3l4d78hscv8f"},"id":"38rofx9vra2dp0f","previousOperationId":"y4u16y6x45nqkqw"}
{"type":"log","timestamp":1766065363919,"level":"debug","message":"Base url not specified, skipping its injection.","meta":{"rootId":"f6p3l4d78hscv8f","id":"f6p3l4d78hscv8f"},"id":"scj6b78vn9sub1w","previousOperationId":"y4u16y6x45nqkqw"}
{"type":"operationStart","subtype":"engine","name":"handlebars","timestamp":1766065363922,"id":"wif07cy9oppd1r2","previousEventId":"qewabugr3e379md","operationId":"i7pmdt9oec4aljb","previousOperationId":"y4u16y6x45nqkqw"}
{"type":"log","timestamp":1766065363922,"level":"debug","message":"Rendering engine handlebars","meta":{"rootId":"f6p3l4d78hscv8f","id":"f6p3l4d78hscv8f"},"id":"8mxk2o6kpjjmyr3","previousOperationId":"i7pmdt9oec4aljb"}
{"type":"operationEnd","operationId":"i7pmdt9oec4aljb","timestamp":1766065364808,"id":"bwt0ugvjovyn86k","previousEventId":"wif07cy9oppd1r2","previousOperationId":"i7pmdt9oec4aljb"}
{"type":"operationStart","subtype":"recipe","name":"pptx","timestamp":1766065364809,"id":"yu7i4m69vudg06w","previousEventId":"bwt0ugvjovyn86k","operationId":"xazx9bi0y1ay2gb","previousOperationId":"i7pmdt9oec4aljb"}
{"type":"log","timestamp":1766065364809,"level":"debug","message":"Executing recipe pptx","meta":{"rootId":"f6p3l4d78hscv8f","id":"f6p3l4d78hscv8f"},"id":"kt0fr6zjgv7pnrt","previousOperationId":"xazx9bi0y1ay2gb"}
{"type":"log","timestamp":1766065364979,"level":"info","message":"pptx generation is starting","meta":{"rootId":"f6p3l4d78hscv8f","id":"f6p3l4d78hscv8f"},"id":"pnay38l5yon7rp4","previousOperationId":"xazx9bi0y1ay2gb"}
{"type":"log","timestamp":1766065366054,"level":"debug","message":"Starting child request to render pptx dynamic parts","meta":{"rootId":"f6p3l4d78hscv8f","id":"f6p3l4d78hscv8f"},"id":"xdxrq04vgqh69lo","previousOperationId":"xazx9bi0y1ay2gb"}
{"type":"operationStart","subtype":"render","name":"anonymous","previousOperationId":"xazx9bi0y1ay2gb","timestamp":1766065366055,"id":"znysk8sjrhap14m","previousEventId":"yu7i4m69vudg06w","operationId":"rl106n80z05ljye"}
{"type":"log","timestamp":1766065366055,"level":"info","message":"Starting rendering (child) request","meta":{"rootId":"f6p3l4d78hscv8f","id":"hk9mrg73fxv8n7t"},"id":"sdxciofptx5x4e5","previousOperationId":"rl106n80z05ljye"}
{"type":"log","timestamp":1766065366056,"level":"info","message":"Rendering anonymous template { recipe: html, engine: handlebars }","meta":{"rootId":"f6p3l4d78hscv8f","id":"hk9mrg73fxv8n7t"},"id":"86ds9h2817fj3z5","previousOperationId":"rl106n80z05ljye"}
{"type":"log","timestamp":1766065366056,"level":"debug","message":"Inline data specified.","meta":{"rootId":"f6p3l4d78hscv8f","id":"hk9mrg73fxv8n7t"},"id":"t7tpo0a7s0iys1z","previousOperationId":"rl106n80z05ljye"}
{"type":"log","timestamp":1766065366061,"level":"debug","message":"Base url not specified, skipping its injection.","meta":{"rootId":"f6p3l4d78hscv8f","id":"hk9mrg73fxv8n7t"},"id":"wcltroballd1vfz","previousOperationId":"rl106n80z05ljye"}
{"type":"operationStart","subtype":"engine","name":"handlebars","timestamp":1766065366062,"id":"4r7j2f08j9u9ogd","previousEventId":"znysk8sjrhap14m","operationId":"cgi299swlg2y49r","previousOperationId":"rl106n80z05ljye"}
{"type":"log","timestamp":1766065366062,"level":"debug","message":"Rendering engine handlebars","meta":{"rootId":"f6p3l4d78hscv8f","id":"hk9mrg73fxv8n7t"},"id":"vxqmah7k2iy6g35","previousOperationId":"cgi299swlg2y49r"}
{"type":"operationEnd","operationId":"cgi299swlg2y49r","timestamp":1766065366170,"id":"34bj3x1sy8oo3k2","previousEventId":"4r7j2f08j9u9ogd","previousOperationId":"cgi299swlg2y49r"}
{"type":"operationStart","subtype":"recipe","name":"html","timestamp":1766065366181,"id":"ehvtwtw6pmg5kak","previousEventId":"34bj3x1sy8oo3k2","operationId":"a39mi6d3uxve1rq","previousOperationId":"cgi299swlg2y49r"}
{"type":"log","timestamp":1766065366181,"level":"debug","message":"Executing recipe html","meta":{"rootId":"f6p3l4d78hscv8f","id":"hk9mrg73fxv8n7t"},"id":"s943g6w45bd8e6u","previousOperationId":"a39mi6d3uxve1rq"}
{"type":"operationEnd","operationId":"a39mi6d3uxve1rq","timestamp":1766065366181,"id":"izda5to8lqg0fdv","previousEventId":"ehvtwtw6pmg5kak","previousOperationId":"a39mi6d3uxve1rq"}
{"type":"log","timestamp":1766065366182,"level":"debug","message":"Skipping storing report.","meta":{"rootId":"f6p3l4d78hscv8f","id":"hk9mrg73fxv8n7t"},"id":"ge4qwszyqp7w3ka","previousOperationId":"a39mi6d3uxve1rq"}
{"type":"log","timestamp":1766065366182,"level":"info","message":"Rendering (child) request finished in 2353 ms","meta":{"rootId":"f6p3l4d78hscv8f","id":"hk9mrg73fxv8n7t"},"id":"gt98iubs2vs88u1","previousOperationId":"a39mi6d3uxve1rq"}
{"type":"operationEnd","subtype":"render","operationId":"rl106n80z05ljye","timestamp":1766065366182,"id":"gr29tw0umesxhcd","previousEventId":"izda5to8lqg0fdv","previousOperationId":"a39mi6d3uxve1rq"}
{"type":"log","timestamp":1766065370536,"level":"debug","message":"pptx successfully zipped","meta":{"rootId":"f6p3l4d78hscv8f","id":"f6p3l4d78hscv8f"},"id":"lkbf7ztlio2b69f","previousOperationId":"xazx9bi0y1ay2gb"}
{"type":"log","timestamp":1766065370536,"level":"info","message":"pptx generation was finished","meta":{"rootId":"f6p3l4d78hscv8f","id":"f6p3l4d78hscv8f"},"id":"gwsnai9j2wpyvdi","previousOperationId":"xazx9bi0y1ay2gb"}
{"type":"operationEnd","operationId":"xazx9bi0y1ay2gb","timestamp":1766065370547,"id":"xjzsfahta3aczby","previousEventId":"yu7i4m69vudg06w","previousOperationId":"xazx9bi0y1ay2gb"}
{"type":"log","timestamp":1766065370548,"level":"debug","message":"Skipping storing report.","meta":{"rootId":"f6p3l4d78hscv8f","id":"f6p3l4d78hscv8f"},"id":"82h5o475prnzqdi","previousOperationId":"xazx9bi0y1ay2gb"}
{"type":"log","timestamp":1766065370548,"level":"info","message":"Rendering request 1 finished in 6719 ms","meta":{"rootId":"f6p3l4d78hscv8f","id":"f6p3l4d78hscv8f"},"id":"g0z0nptyso9guf6","previousOperationId":"xazx9bi0y1ay2gb"}
{"type":"operationEnd","subtype":"render","operationId":"y4u16y6x45nqkqw","timestamp":1766065370548,"id":"787m033jzyymkwz","previousEventId":"xjzsfahta3aczby","previousOperationId":"xazx9bi0y1ay2gb"}
{"type":"operationEnd","doDiffs":false,"previousEventId":"70rqiap9sw17p1o","previousOperationId":"szc5sq0ypsip20z","operationId":"szc5sq0ypsip20z","timestamp":1766065370552,"id":"wb14uz4xns6ghl5"}
