{"type":"operationStart","subtype":"profile","data":{"_id":"QxGJ7SpvZICDReF8","timestamp":"2025-12-30T18:50:10.019Z","state":"running","mode":"standard","creationDate":"2025-12-30T18:50:10.028Z","modificationDate":"2025-12-30T18:50:10.028Z","shortid":"lAIyATH","$entitySet":"profiles","timeout":60000},"doDiffs":false,"timestamp":1767120610025,"id":"skuq04ubelooadp","previousOperationId":null,"operationId":"7t877v8qvi5w1es"}
{"type":"log","level":"info","message":"Render request 9 queued for execution and waiting for available worker","previousOperationId":"7t877v8qvi5w1es","timestamp":1767120610025,"id":"zjwuu7ettu4rgi5"}
{"type":"operationStart","subtype":"render","name":"anonymous","previousOperationId":"7t877v8qvi5w1es","timestamp":1767120610086,"id":"2jwgt1r2nbkijwe","previousEventId":"skuq04ubelooadp","operationId":"5imgb9urcml0lzj"}
{"type":"log","timestamp":1767120610087,"level":"info","message":"Starting rendering request 9","meta":{"rootId":"f9je0rshg4eyqip","id":"f9je0rshg4eyqip"},"id":"owitxa196t7km0t","previousOperationId":"5imgb9urcml0lzj"}
{"type":"log","timestamp":1767120610087,"level":"info","message":"Rendering anonymous template { recipe: pptx, engine: handlebars }","meta":{"rootId":"f9je0rshg4eyqip","id":"f9je0rshg4eyqip"},"id":"321sq8h0gu0trkz","previousOperationId":"5imgb9urcml0lzj"}
{"type":"log","timestamp":1767120610088,"level":"debug","message":"Inline data specified.","meta":{"rootId":"f9je0rshg4eyqip","id":"f9je0rshg4eyqip"},"id":"douga3c86jxgb1o","previousOperationId":"5imgb9urcml0lzj"}
{"type":"log","timestamp":1767120610090,"level":"debug","message":"Base url not specified, skipping its injection.","meta":{"rootId":"f9je0rshg4eyqip","id":"f9je0rshg4eyqip"},"id":"8sezyyet9huuq3a","previousOperationId":"5imgb9urcml0lzj"}
{"type":"operationStart","subtype":"engine","name":"handlebars","timestamp":1767120610091,"id":"btuepeobugspz01","previousEventId":"2jwgt1r2nbkijwe","operationId":"vwfqoonumo5o4yc","previousOperationId":"5imgb9urcml0lzj"}
{"type":"log","timestamp":1767120610091,"level":"debug","message":"Rendering engine handlebars","meta":{"rootId":"f9je0rshg4eyqip","id":"f9je0rshg4eyqip"},"id":"j74nco91tvdueps","previousOperationId":"vwfqoonumo5o4yc"}
{"type":"operationEnd","operationId":"vwfqoonumo5o4yc","timestamp":1767120610118,"id":"fldvhj5d1mfqk7h","previousEventId":"btuepeobugspz01","previousOperationId":"vwfqoonumo5o4yc"}
{"type":"operationStart","subtype":"recipe","name":"pptx","timestamp":1767120610119,"id":"csyau8la54jb00i","previousEventId":"fldvhj5d1mfqk7h","operationId":"uaf2vj2b3j3w97l","previousOperationId":"vwfqoonumo5o4yc"}
{"type":"log","timestamp":1767120610119,"level":"debug","message":"Executing recipe pptx","meta":{"rootId":"f9je0rshg4eyqip","id":"f9je0rshg4eyqip"},"id":"yvonqq78ugjjgf4","previousOperationId":"uaf2vj2b3j3w97l"}
{"type":"log","timestamp":1767120610141,"level":"info","message":"pptx generation is starting","meta":{"rootId":"f9je0rshg4eyqip","id":"f9je0rshg4eyqip"},"id":"ywhcyvbggonhbpb","previousOperationId":"uaf2vj2b3j3w97l"}
{"type":"log","timestamp":1767120611326,"level":"debug","message":"Starting child request to render pptx dynamic parts","meta":{"rootId":"f9je0rshg4eyqip","id":"f9je0rshg4eyqip"},"id":"g4b2vxp3tre1mzr","previousOperationId":"uaf2vj2b3j3w97l"}
{"type":"operationStart","subtype":"render","name":"anonymous","previousOperationId":"uaf2vj2b3j3w97l","timestamp":1767120611326,"id":"ddpm4h9nf4b1z84","previousEventId":"csyau8la54jb00i","operationId":"sb1igwinmwrzdbq"}
{"type":"log","timestamp":1767120611326,"level":"info","message":"Starting rendering (child) request","meta":{"rootId":"f9je0rshg4eyqip","id":"2s17strp7kpqiza"},"id":"o8x5fm0jqujindd","previousOperationId":"sb1igwinmwrzdbq"}
{"type":"log","timestamp":1767120611326,"level":"info","message":"Rendering anonymous template { recipe: html, engine: handlebars }","meta":{"rootId":"f9je0rshg4eyqip","id":"2s17strp7kpqiza"},"id":"hza2o2y1qvf6t30","previousOperationId":"sb1igwinmwrzdbq"}
{"type":"log","timestamp":1767120611326,"level":"debug","message":"Inline data specified.","meta":{"rootId":"f9je0rshg4eyqip","id":"2s17strp7kpqiza"},"id":"kuj4yntevwgn1v5","previousOperationId":"sb1igwinmwrzdbq"}
{"type":"log","timestamp":1767120611332,"level":"debug","message":"Base url not specified, skipping its injection.","meta":{"rootId":"f9je0rshg4eyqip","id":"2s17strp7kpqiza"},"id":"vg8fc8p7h2zdev7","previousOperationId":"sb1igwinmwrzdbq"}
{"type":"operationStart","subtype":"engine","name":"handlebars","timestamp":1767120611334,"id":"0wvktfgfic9q77r","previousEventId":"ddpm4h9nf4b1z84","operationId":"n5ixj5cpuzgkdna","previousOperationId":"sb1igwinmwrzdbq"}
{"type":"log","timestamp":1767120611334,"level":"debug","message":"Rendering engine handlebars","meta":{"rootId":"f9je0rshg4eyqip","id":"2s17strp7kpqiza"},"id":"bu997alvdnbeztx","previousOperationId":"n5ixj5cpuzgkdna"}
{"type":"log","timestamp":1767120611447,"level":"debug","message":"(console:log) {\n  type: 'echarts@v5a',\n  width: 848,\n  height: 409,\n  option: { radar: [ [Object] ], series: [ [Object] ] }\n}","meta":{"userLevel":true,"rootId":"f9je0rshg4eyqip","id":"2s17strp7kpqiza"},"id":"dhoxo2sethn0230","previousOperationId":"n5ixj5cpuzgkdna"}
{"type":"operationEnd","operationId":"n5ixj5cpuzgkdna","timestamp":1767120611454,"id":"q5wznjdw6h6mzm8","previousEventId":"0wvktfgfic9q77r","previousOperationId":"n5ixj5cpuzgkdna"}
{"type":"operationStart","subtype":"recipe","name":"html","timestamp":1767120611466,"id":"dcxyx340qmbzuom","previousEventId":"q5wznjdw6h6mzm8","operationId":"i554azbxqoz5pmz","previousOperationId":"n5ixj5cpuzgkdna"}
{"type":"log","timestamp":1767120611467,"level":"debug","message":"Executing recipe html","meta":{"rootId":"f9je0rshg4eyqip","id":"2s17strp7kpqiza"},"id":"uu7zm52esg21s62","previousOperationId":"i554azbxqoz5pmz"}
{"type":"operationEnd","operationId":"i554azbxqoz5pmz","timestamp":1767120611467,"id":"e83pmaiz13ijsig","previousEventId":"dcxyx340qmbzuom","previousOperationId":"i554azbxqoz5pmz"}
{"type":"log","timestamp":1767120611467,"level":"debug","message":"Skipping storing report.","meta":{"rootId":"f9je0rshg4eyqip","id":"2s17strp7kpqiza"},"id":"ukav5o20qf0y4a0","previousOperationId":"i554azbxqoz5pmz"}
{"type":"log","timestamp":1767120611467,"level":"info","message":"Rendering (child) request finished in 1450 ms","meta":{"rootId":"f9je0rshg4eyqip","id":"2s17strp7kpqiza"},"id":"fyaqahcet5zx8jj","previousOperationId":"i554azbxqoz5pmz"}
{"type":"operationEnd","subtype":"render","operationId":"sb1igwinmwrzdbq","timestamp":1767120611467,"id":"grygbvw22e6wt31","previousEventId":"e83pmaiz13ijsig","previousOperationId":"i554azbxqoz5pmz"}
{"type":"log","timestamp":1767120615104,"level":"debug","message":"pptx successfully zipped","meta":{"rootId":"f9je0rshg4eyqip","id":"f9je0rshg4eyqip"},"id":"x1oz0ab9ap77vsy","previousOperationId":"uaf2vj2b3j3w97l"}
{"type":"log","timestamp":1767120615104,"level":"info","message":"pptx generation was finished","meta":{"rootId":"f9je0rshg4eyqip","id":"f9je0rshg4eyqip"},"id":"jk28oqhrv07hsyw","previousOperationId":"uaf2vj2b3j3w97l"}
{"type":"operationEnd","operationId":"uaf2vj2b3j3w97l","timestamp":1767120615113,"id":"cvex33w3qwla5rb","previousEventId":"csyau8la54jb00i","previousOperationId":"uaf2vj2b3j3w97l"}
{"type":"log","timestamp":1767120615113,"level":"debug","message":"Skipping storing report.","meta":{"rootId":"f9je0rshg4eyqip","id":"f9je0rshg4eyqip"},"id":"465cnh7kfoyfb67","previousOperationId":"uaf2vj2b3j3w97l"}
{"type":"log","timestamp":1767120615113,"level":"info","message":"Rendering request 9 finished in 5096 ms","meta":{"rootId":"f9je0rshg4eyqip","id":"f9je0rshg4eyqip"},"id":"eim2wb7fjsb8v4u","previousOperationId":"uaf2vj2b3j3w97l"}
{"type":"operationEnd","subtype":"render","operationId":"5imgb9urcml0lzj","timestamp":1767120615113,"id":"1jdbdhpv18gxosb","previousEventId":"cvex33w3qwla5rb","previousOperationId":"uaf2vj2b3j3w97l"}
{"type":"operationEnd","doDiffs":false,"previousEventId":"skuq04ubelooadp","previousOperationId":"7t877v8qvi5w1es","operationId":"7t877v8qvi5w1es","timestamp":1767120615121,"id":"e8oj73tmwbwnyz2"}
