{"type":"operationStart","subtype":"profile","data":{"_id":"P7j4tCntzktvNlV1","timestamp":"2025-12-07T18:57:06.659Z","state":"running","mode":"standard","creationDate":"2025-12-07T18:57:06.663Z","modificationDate":"2025-12-07T18:57:06.663Z","shortid":"kCRciIi","$entitySet":"profiles","timeout":60000},"doDiffs":false,"timestamp":1765133826662,"id":"d0vzi328qcbct72","previousOperationId":null,"operationId":"m6y6aqglsxbzhzq"}
{"type":"log","level":"info","message":"Render request 6 queued for execution and waiting for available worker","previousOperationId":"m6y6aqglsxbzhzq","timestamp":1765133826662,"id":"wk1l3l7tbr8imwn"}
{"type":"operationStart","subtype":"render","name":"anonymous","previousOperationId":"m6y6aqglsxbzhzq","timestamp":1765133826720,"id":"v4siw62si0g5r74","previousEventId":"d0vzi328qcbct72","operationId":"4dlnlyg3r82k896"}
{"type":"log","timestamp":1765133826721,"level":"info","message":"Starting rendering request 6","meta":{"rootId":"fa3s0y8r7mci6f6","id":"fa3s0y8r7mci6f6"},"id":"jc7luaa1mu71tje","previousOperationId":"4dlnlyg3r82k896"}
{"type":"log","timestamp":1765133826721,"level":"info","message":"Rendering anonymous template { recipe: pptx, engine: handlebars }","meta":{"rootId":"fa3s0y8r7mci6f6","id":"fa3s0y8r7mci6f6"},"id":"0k7tle6ye08cw6z","previousOperationId":"4dlnlyg3r82k896"}
{"type":"log","timestamp":1765133826721,"level":"debug","message":"Inline data specified.","meta":{"rootId":"fa3s0y8r7mci6f6","id":"fa3s0y8r7mci6f6"},"id":"sia8ct2di9p8gon","previousOperationId":"4dlnlyg3r82k896"}
{"type":"log","timestamp":1765133826730,"level":"debug","message":"Base url not specified, skipping its injection.","meta":{"rootId":"fa3s0y8r7mci6f6","id":"fa3s0y8r7mci6f6"},"id":"lys4b587a08tgxe","previousOperationId":"4dlnlyg3r82k896"}
{"type":"operationStart","subtype":"engine","name":"handlebars","timestamp":1765133826733,"id":"twzi2z6fm4vorch","previousEventId":"v4siw62si0g5r74","operationId":"db7fq05mk1tvq6n","previousOperationId":"4dlnlyg3r82k896"}
{"type":"log","timestamp":1765133826733,"level":"debug","message":"Rendering engine handlebars","meta":{"rootId":"fa3s0y8r7mci6f6","id":"fa3s0y8r7mci6f6"},"id":"15mcudzp81yjl45","previousOperationId":"db7fq05mk1tvq6n"}
{"type":"operationEnd","operationId":"db7fq05mk1tvq6n","timestamp":1765133826751,"id":"8as4t0e6szacq6d","previousEventId":"twzi2z6fm4vorch","previousOperationId":"db7fq05mk1tvq6n"}
{"type":"operationStart","subtype":"recipe","name":"pptx","timestamp":1765133826752,"id":"6jzqlzdj4svqpvp","previousEventId":"8as4t0e6szacq6d","operationId":"3iz24zgayix4lcz","previousOperationId":"db7fq05mk1tvq6n"}
{"type":"log","timestamp":1765133826752,"level":"debug","message":"Executing recipe pptx","meta":{"rootId":"fa3s0y8r7mci6f6","id":"fa3s0y8r7mci6f6"},"id":"pupkkpyflioeu0x","previousOperationId":"3iz24zgayix4lcz"}
{"type":"log","timestamp":1765133826777,"level":"info","message":"pptx generation is starting","meta":{"rootId":"fa3s0y8r7mci6f6","id":"fa3s0y8r7mci6f6"},"id":"6i8m8y7xmqf6vdv","previousOperationId":"3iz24zgayix4lcz"}
{"type":"log","timestamp":1765133828430,"level":"debug","message":"Starting child request to render pptx dynamic parts","meta":{"rootId":"fa3s0y8r7mci6f6","id":"fa3s0y8r7mci6f6"},"id":"87xqpo1jvlimgc8","previousOperationId":"3iz24zgayix4lcz"}
{"type":"operationStart","subtype":"render","name":"anonymous","previousOperationId":"3iz24zgayix4lcz","timestamp":1765133828431,"id":"bcf93e1synswkcp","previousEventId":"6jzqlzdj4svqpvp","operationId":"tn7vglo11c3fekn"}
{"type":"log","timestamp":1765133828431,"level":"info","message":"Starting rendering (child) request","meta":{"rootId":"fa3s0y8r7mci6f6","id":"4ohh4594x56334h"},"id":"37cwuwf4my236f9","previousOperationId":"tn7vglo11c3fekn"}
{"type":"log","timestamp":1765133828431,"level":"info","message":"Rendering anonymous template { recipe: html, engine: handlebars }","meta":{"rootId":"fa3s0y8r7mci6f6","id":"4ohh4594x56334h"},"id":"moc6e7bll90vkke","previousOperationId":"tn7vglo11c3fekn"}
{"type":"log","timestamp":1765133828431,"level":"debug","message":"Inline data specified.","meta":{"rootId":"fa3s0y8r7mci6f6","id":"4ohh4594x56334h"},"id":"l0ds81j8qjuum97","previousOperationId":"tn7vglo11c3fekn"}
{"type":"log","timestamp":1765133828438,"level":"debug","message":"Base url not specified, skipping its injection.","meta":{"rootId":"fa3s0y8r7mci6f6","id":"4ohh4594x56334h"},"id":"odbly4tq0muut5u","previousOperationId":"tn7vglo11c3fekn"}
{"type":"operationStart","subtype":"engine","name":"handlebars","timestamp":1765133828440,"id":"b4unsohpk6y3jwr","previousEventId":"bcf93e1synswkcp","operationId":"8coth9r01juwxv3","previousOperationId":"tn7vglo11c3fekn"}
{"type":"log","timestamp":1765133828440,"level":"debug","message":"Rendering engine handlebars","meta":{"rootId":"fa3s0y8r7mci6f6","id":"4ohh4594x56334h"},"id":"8ue67lqgf7abm94","previousOperationId":"8coth9r01juwxv3"}
{"type":"operationEnd","operationId":"8coth9r01juwxv3","timestamp":1765133828593,"id":"zmsy0y3378a67lg","previousEventId":"b4unsohpk6y3jwr","previousOperationId":"8coth9r01juwxv3"}
{"type":"operationStart","subtype":"recipe","name":"html","timestamp":1765133828607,"id":"8wh88pnpujufovc","previousEventId":"zmsy0y3378a67lg","operationId":"7m7ydfuo2ybhrui","previousOperationId":"8coth9r01juwxv3"}
{"type":"log","timestamp":1765133828607,"level":"debug","message":"Executing recipe html","meta":{"rootId":"fa3s0y8r7mci6f6","id":"4ohh4594x56334h"},"id":"0xx09n294w3arpw","previousOperationId":"7m7ydfuo2ybhrui"}
{"type":"operationEnd","operationId":"7m7ydfuo2ybhrui","timestamp":1765133828607,"id":"ysvw698k5dn40lp","previousEventId":"8wh88pnpujufovc","previousOperationId":"7m7ydfuo2ybhrui"}
{"type":"log","timestamp":1765133828607,"level":"debug","message":"Skipping storing report.","meta":{"rootId":"fa3s0y8r7mci6f6","id":"4ohh4594x56334h"},"id":"6sa383o90fdhau0","previousOperationId":"7m7ydfuo2ybhrui"}
{"type":"log","timestamp":1765133828607,"level":"info","message":"Rendering (child) request finished in 1949 ms","meta":{"rootId":"fa3s0y8r7mci6f6","id":"4ohh4594x56334h"},"id":"5q6dgiun4rx3he9","previousOperationId":"7m7ydfuo2ybhrui"}
{"type":"operationEnd","subtype":"render","operationId":"tn7vglo11c3fekn","timestamp":1765133828607,"id":"p6oxyrg1t9169kd","previousEventId":"ysvw698k5dn40lp","previousOperationId":"7m7ydfuo2ybhrui"}
{"type":"log","timestamp":1765133839288,"level":"debug","message":"pptx successfully zipped","meta":{"rootId":"fa3s0y8r7mci6f6","id":"fa3s0y8r7mci6f6"},"id":"mvnsuoqiym8bys8","previousOperationId":"3iz24zgayix4lcz"}
{"type":"log","timestamp":1765133839289,"level":"info","message":"pptx generation was finished","meta":{"rootId":"fa3s0y8r7mci6f6","id":"fa3s0y8r7mci6f6"},"id":"f2qlxumvxx1wxaz","previousOperationId":"3iz24zgayix4lcz"}
{"type":"operationEnd","operationId":"3iz24zgayix4lcz","timestamp":1765133839298,"id":"3ydleyiubasgtg7","previousEventId":"6jzqlzdj4svqpvp","previousOperationId":"3iz24zgayix4lcz"}
{"type":"log","timestamp":1765133839298,"level":"debug","message":"Skipping storing report.","meta":{"rootId":"fa3s0y8r7mci6f6","id":"fa3s0y8r7mci6f6"},"id":"j0vjcfp5yl7pjne","previousOperationId":"3iz24zgayix4lcz"}
{"type":"log","timestamp":1765133839298,"level":"info","message":"Rendering request 6 finished in 12640 ms","meta":{"rootId":"fa3s0y8r7mci6f6","id":"fa3s0y8r7mci6f6"},"id":"ga2sqa94u30n802","previousOperationId":"3iz24zgayix4lcz"}
{"type":"operationEnd","subtype":"render","operationId":"4dlnlyg3r82k896","timestamp":1765133839298,"id":"vmajruupxp7o4e0","previousEventId":"3ydleyiubasgtg7","previousOperationId":"3iz24zgayix4lcz"}
{"type":"operationEnd","doDiffs":false,"previousEventId":"d0vzi328qcbct72","previousOperationId":"m6y6aqglsxbzhzq","operationId":"m6y6aqglsxbzhzq","timestamp":1765133839304,"id":"3f1l29cn5p52cii"}
