{"type":"operationStart","subtype":"profile","data":{"_id":"YP07UTqnpYQUMMhd","timestamp":"2025-12-31T12:05:04.391Z","state":"running","mode":"standard","creationDate":"2025-12-31T12:05:04.396Z","modificationDate":"2025-12-31T12:05:04.396Z","shortid":"sJvGnqE","$entitySet":"profiles","timeout":60000},"doDiffs":false,"timestamp":1767182704394,"id":"7ovpqzbvrbewfl8","previousOperationId":null,"operationId":"nbk4l2qu7cm71hz"}
{"type":"log","level":"info","message":"Render request 50 queued for execution and waiting for available worker","previousOperationId":"nbk4l2qu7cm71hz","timestamp":1767182704394,"id":"brp0l20etu1j4q6"}
{"type":"operationStart","subtype":"render","name":"anonymous","previousOperationId":"nbk4l2qu7cm71hz","timestamp":1767182704446,"id":"5ibvhsc621ug9iv","previousEventId":"7ovpqzbvrbewfl8","operationId":"l8zkwpf9qu7f81l"}
{"type":"log","timestamp":1767182704446,"level":"info","message":"Starting rendering request 50","meta":{"rootId":"fbfy6k6hmjmb0fw","id":"fbfy6k6hmjmb0fw"},"id":"y4xi0uoxs6rqyy0","previousOperationId":"l8zkwpf9qu7f81l"}
{"type":"log","timestamp":1767182704446,"level":"info","message":"Rendering anonymous template { recipe: pptx, engine: handlebars }","meta":{"rootId":"fbfy6k6hmjmb0fw","id":"fbfy6k6hmjmb0fw"},"id":"5mabz25bj65t5jz","previousOperationId":"l8zkwpf9qu7f81l"}
{"type":"log","timestamp":1767182704447,"level":"debug","message":"Inline data specified.","meta":{"rootId":"fbfy6k6hmjmb0fw","id":"fbfy6k6hmjmb0fw"},"id":"93ypngg06nmno98","previousOperationId":"l8zkwpf9qu7f81l"}
{"type":"log","timestamp":1767182704450,"level":"debug","message":"Base url not specified, skipping its injection.","meta":{"rootId":"fbfy6k6hmjmb0fw","id":"fbfy6k6hmjmb0fw"},"id":"eboafsl2jt4jgc9","previousOperationId":"l8zkwpf9qu7f81l"}
{"type":"operationStart","subtype":"engine","name":"handlebars","timestamp":1767182704451,"id":"pq6dm7gh4j4gjz2","previousEventId":"5ibvhsc621ug9iv","operationId":"w248uzfo000kl0p","previousOperationId":"l8zkwpf9qu7f81l"}
{"type":"log","timestamp":1767182704451,"level":"debug","message":"Rendering engine handlebars","meta":{"rootId":"fbfy6k6hmjmb0fw","id":"fbfy6k6hmjmb0fw"},"id":"qs4pw0df53l788m","previousOperationId":"w248uzfo000kl0p"}
{"type":"operationEnd","operationId":"w248uzfo000kl0p","timestamp":1767182704476,"id":"5hrgbsfui22l0pr","previousEventId":"pq6dm7gh4j4gjz2","previousOperationId":"w248uzfo000kl0p"}
{"type":"operationStart","subtype":"recipe","name":"pptx","timestamp":1767182704477,"id":"17vefmfejzok1af","previousEventId":"5hrgbsfui22l0pr","operationId":"67wh798n8sg9h9i","previousOperationId":"w248uzfo000kl0p"}
{"type":"log","timestamp":1767182704477,"level":"debug","message":"Executing recipe pptx","meta":{"rootId":"fbfy6k6hmjmb0fw","id":"fbfy6k6hmjmb0fw"},"id":"68ejckoyis8p5xu","previousOperationId":"67wh798n8sg9h9i"}
{"type":"log","timestamp":1767182704500,"level":"info","message":"pptx generation is starting","meta":{"rootId":"fbfy6k6hmjmb0fw","id":"fbfy6k6hmjmb0fw"},"id":"0tdzrryk0dd4sdy","previousOperationId":"67wh798n8sg9h9i"}
{"type":"log","timestamp":1767182706565,"level":"debug","message":"Starting child request to render pptx dynamic parts","meta":{"rootId":"fbfy6k6hmjmb0fw","id":"fbfy6k6hmjmb0fw"},"id":"f5k29cmlzzuuwb1","previousOperationId":"67wh798n8sg9h9i"}
{"type":"operationStart","subtype":"render","name":"anonymous","previousOperationId":"67wh798n8sg9h9i","timestamp":1767182706565,"id":"61xo42e2f0bpee4","previousEventId":"17vefmfejzok1af","operationId":"lqs4ojp87rydvrp"}
{"type":"log","timestamp":1767182706565,"level":"info","message":"Starting rendering (child) request","meta":{"rootId":"fbfy6k6hmjmb0fw","id":"20zeu4rsztdkrn3"},"id":"stbk4xejowo4xjy","previousOperationId":"lqs4ojp87rydvrp"}
{"type":"log","timestamp":1767182706566,"level":"info","message":"Rendering anonymous template { recipe: html, engine: handlebars }","meta":{"rootId":"fbfy6k6hmjmb0fw","id":"20zeu4rsztdkrn3"},"id":"2elptota37euezi","previousOperationId":"lqs4ojp87rydvrp"}
{"type":"log","timestamp":1767182706566,"level":"debug","message":"Inline data specified.","meta":{"rootId":"fbfy6k6hmjmb0fw","id":"20zeu4rsztdkrn3"},"id":"56w0nhbd2w8qsqp","previousOperationId":"lqs4ojp87rydvrp"}
{"type":"log","timestamp":1767182706577,"level":"debug","message":"Base url not specified, skipping its injection.","meta":{"rootId":"fbfy6k6hmjmb0fw","id":"20zeu4rsztdkrn3"},"id":"wdm6fdmfpaz0q8m","previousOperationId":"lqs4ojp87rydvrp"}
{"type":"operationStart","subtype":"engine","name":"handlebars","timestamp":1767182706579,"id":"gnameikpy2pttpx","previousEventId":"61xo42e2f0bpee4","operationId":"hk8g7st0v5afu9p","previousOperationId":"lqs4ojp87rydvrp"}
{"type":"log","timestamp":1767182706579,"level":"debug","message":"Rendering engine handlebars","meta":{"rootId":"fbfy6k6hmjmb0fw","id":"20zeu4rsztdkrn3"},"id":"opnuooobpq6bbd6","previousOperationId":"hk8g7st0v5afu9p"}
{"type":"log","timestamp":1767182706824,"level":"debug","message":"(console:log) {\n  type: 'echarts@v5a',\n  width: 848,\n  height: 409,\n  option: { radar: [ [Object] ], series: [ [Object] ] }\n}","meta":{"userLevel":true,"rootId":"fbfy6k6hmjmb0fw","id":"20zeu4rsztdkrn3"},"id":"fax4g7g97hu94iq","previousOperationId":"hk8g7st0v5afu9p"}
{"type":"operationEnd","operationId":"hk8g7st0v5afu9p","timestamp":1767182706840,"id":"qedl63p57f97fca","previousEventId":"gnameikpy2pttpx","previousOperationId":"hk8g7st0v5afu9p"}
{"type":"operationStart","subtype":"recipe","name":"html","timestamp":1767182706863,"id":"tyrm5rt8im427ug","previousEventId":"qedl63p57f97fca","operationId":"7q4z3c05mxdq7nr","previousOperationId":"hk8g7st0v5afu9p"}
{"type":"log","timestamp":1767182706863,"level":"debug","message":"Executing recipe html","meta":{"rootId":"fbfy6k6hmjmb0fw","id":"20zeu4rsztdkrn3"},"id":"rmi3l2rnlejmahb","previousOperationId":"7q4z3c05mxdq7nr"}
{"type":"operationEnd","operationId":"7q4z3c05mxdq7nr","timestamp":1767182706863,"id":"sc3w4uyg8w4lpbp","previousEventId":"tyrm5rt8im427ug","previousOperationId":"7q4z3c05mxdq7nr"}
{"type":"log","timestamp":1767182706863,"level":"debug","message":"Skipping storing report.","meta":{"rootId":"fbfy6k6hmjmb0fw","id":"20zeu4rsztdkrn3"},"id":"pox1zh713vri8gz","previousOperationId":"7q4z3c05mxdq7nr"}
{"type":"log","timestamp":1767182706863,"level":"info","message":"Rendering (child) request finished in 2473 ms","meta":{"rootId":"fbfy6k6hmjmb0fw","id":"20zeu4rsztdkrn3"},"id":"fkyreb6jgb8pgmf","previousOperationId":"7q4z3c05mxdq7nr"}
{"type":"operationEnd","subtype":"render","operationId":"lqs4ojp87rydvrp","timestamp":1767182706863,"id":"x8n0mwvlsrbd16a","previousEventId":"sc3w4uyg8w4lpbp","previousOperationId":"7q4z3c05mxdq7nr"}
{"type":"log","timestamp":1767182713084,"level":"debug","message":"pptx successfully zipped","meta":{"rootId":"fbfy6k6hmjmb0fw","id":"fbfy6k6hmjmb0fw"},"id":"m5vzymsktn9zmr0","previousOperationId":"67wh798n8sg9h9i"}
{"type":"log","timestamp":1767182713084,"level":"info","message":"pptx generation was finished","meta":{"rootId":"fbfy6k6hmjmb0fw","id":"fbfy6k6hmjmb0fw"},"id":"tqh1su38xkxb3rf","previousOperationId":"67wh798n8sg9h9i"}
{"type":"operationEnd","operationId":"67wh798n8sg9h9i","timestamp":1767182713095,"id":"y0mnhhao1w9308w","previousEventId":"17vefmfejzok1af","previousOperationId":"67wh798n8sg9h9i"}
{"type":"log","timestamp":1767182713095,"level":"debug","message":"Skipping storing report.","meta":{"rootId":"fbfy6k6hmjmb0fw","id":"fbfy6k6hmjmb0fw"},"id":"aqrw10b0lkb58ma","previousOperationId":"67wh798n8sg9h9i"}
{"type":"log","timestamp":1767182713095,"level":"info","message":"Rendering request 50 finished in 8705 ms","meta":{"rootId":"fbfy6k6hmjmb0fw","id":"fbfy6k6hmjmb0fw"},"id":"q52u1q5u6cb8xgh","previousOperationId":"67wh798n8sg9h9i"}
{"type":"operationEnd","subtype":"render","operationId":"l8zkwpf9qu7f81l","timestamp":1767182713095,"id":"d9vzwxw6vnhe3te","previousEventId":"y0mnhhao1w9308w","previousOperationId":"67wh798n8sg9h9i"}
{"type":"operationEnd","doDiffs":false,"previousEventId":"7ovpqzbvrbewfl8","previousOperationId":"nbk4l2qu7cm71hz","operationId":"nbk4l2qu7cm71hz","timestamp":1767182713100,"id":"6g1rue6ceeky8n6"}
