{"type":"operationStart","subtype":"profile","data":{"_id":"bWPduy7PqL2QTpU2","timestamp":"2025-12-07T20:31:09.494Z","state":"running","mode":"standard","creationDate":"2025-12-07T20:31:09.498Z","modificationDate":"2025-12-07T20:31:09.498Z","shortid":"19G25-a","$entitySet":"profiles","timeout":60000},"doDiffs":false,"timestamp":1765139469497,"id":"i4niefunn7s0bgo","previousOperationId":null,"operationId":"mef549d5tafel16"}
{"type":"log","level":"info","message":"Render request 43 queued for execution and waiting for available worker","previousOperationId":"mef549d5tafel16","timestamp":1765139469497,"id":"18cv853z40lyyhn"}
{"type":"operationStart","subtype":"render","name":"anonymous","previousOperationId":"mef549d5tafel16","timestamp":1765139469541,"id":"i94cf1jvzg1r2ox","previousEventId":"i4niefunn7s0bgo","operationId":"hnyn551e4qp87l3"}
{"type":"log","timestamp":1765139469541,"level":"info","message":"Starting rendering request 43","meta":{"rootId":"fd6rsel61p1yb9e","id":"fd6rsel61p1yb9e"},"id":"j5p8aydnb658lt1","previousOperationId":"hnyn551e4qp87l3"}
{"type":"log","timestamp":1765139469542,"level":"info","message":"Rendering anonymous template { recipe: pptx, engine: handlebars }","meta":{"rootId":"fd6rsel61p1yb9e","id":"fd6rsel61p1yb9e"},"id":"u5fqahzbcmd3am2","previousOperationId":"hnyn551e4qp87l3"}
{"type":"log","timestamp":1765139469542,"level":"debug","message":"Inline data specified.","meta":{"rootId":"fd6rsel61p1yb9e","id":"fd6rsel61p1yb9e"},"id":"xfcm7pl3t6lrcpd","previousOperationId":"hnyn551e4qp87l3"}
{"type":"log","timestamp":1765139469545,"level":"debug","message":"Base url not specified, skipping its injection.","meta":{"rootId":"fd6rsel61p1yb9e","id":"fd6rsel61p1yb9e"},"id":"cheoxdftuzwmqa4","previousOperationId":"hnyn551e4qp87l3"}
{"type":"operationStart","subtype":"engine","name":"handlebars","timestamp":1765139469546,"id":"nlwje13zn618u3y","previousEventId":"i94cf1jvzg1r2ox","operationId":"h9k6pwbu9jg0gpa","previousOperationId":"hnyn551e4qp87l3"}
{"type":"log","timestamp":1765139469546,"level":"debug","message":"Rendering engine handlebars","meta":{"rootId":"fd6rsel61p1yb9e","id":"fd6rsel61p1yb9e"},"id":"047qga9ym4pbywc","previousOperationId":"h9k6pwbu9jg0gpa"}
{"type":"operationEnd","operationId":"h9k6pwbu9jg0gpa","timestamp":1765139469556,"id":"mgj2ad0z9532zik","previousEventId":"nlwje13zn618u3y","previousOperationId":"h9k6pwbu9jg0gpa"}
{"type":"operationStart","subtype":"recipe","name":"pptx","timestamp":1765139469556,"id":"2ly18j19mf9t9we","previousEventId":"mgj2ad0z9532zik","operationId":"21ify99bnbam0o3","previousOperationId":"h9k6pwbu9jg0gpa"}
{"type":"log","timestamp":1765139469556,"level":"debug","message":"Executing recipe pptx","meta":{"rootId":"fd6rsel61p1yb9e","id":"fd6rsel61p1yb9e"},"id":"ehh37isgl79nheb","previousOperationId":"21ify99bnbam0o3"}
{"type":"log","timestamp":1765139469569,"level":"info","message":"pptx generation is starting","meta":{"rootId":"fd6rsel61p1yb9e","id":"fd6rsel61p1yb9e"},"id":"6rn7xeig3uvmfzf","previousOperationId":"21ify99bnbam0o3"}
{"type":"log","timestamp":1765139470712,"level":"debug","message":"Starting child request to render pptx dynamic parts","meta":{"rootId":"fd6rsel61p1yb9e","id":"fd6rsel61p1yb9e"},"id":"sashr7ozf37mcxu","previousOperationId":"21ify99bnbam0o3"}
{"type":"operationStart","subtype":"render","name":"anonymous","previousOperationId":"21ify99bnbam0o3","timestamp":1765139470713,"id":"blifa3idpwb2l5i","previousEventId":"2ly18j19mf9t9we","operationId":"poac5wk6zxkcsy4"}
{"type":"log","timestamp":1765139470713,"level":"info","message":"Starting rendering (child) request","meta":{"rootId":"fd6rsel61p1yb9e","id":"qlx4yn7edzbje30"},"id":"sqwlb7l9dgzga17","previousOperationId":"poac5wk6zxkcsy4"}
{"type":"log","timestamp":1765139470713,"level":"info","message":"Rendering anonymous template { recipe: html, engine: handlebars }","meta":{"rootId":"fd6rsel61p1yb9e","id":"qlx4yn7edzbje30"},"id":"2s5wp6m9lzawlxw","previousOperationId":"poac5wk6zxkcsy4"}
{"type":"log","timestamp":1765139470713,"level":"debug","message":"Inline data specified.","meta":{"rootId":"fd6rsel61p1yb9e","id":"qlx4yn7edzbje30"},"id":"qaitt7cg7twmzap","previousOperationId":"poac5wk6zxkcsy4"}
{"type":"log","timestamp":1765139470717,"level":"debug","message":"Base url not specified, skipping its injection.","meta":{"rootId":"fd6rsel61p1yb9e","id":"qlx4yn7edzbje30"},"id":"h5urgrbekkdpu9w","previousOperationId":"poac5wk6zxkcsy4"}
{"type":"operationStart","subtype":"engine","name":"handlebars","timestamp":1765139470718,"id":"s3il29vp7e3nq34","previousEventId":"blifa3idpwb2l5i","operationId":"1jyucvrkmjf69bc","previousOperationId":"poac5wk6zxkcsy4"}
{"type":"log","timestamp":1765139470718,"level":"debug","message":"Rendering engine handlebars","meta":{"rootId":"fd6rsel61p1yb9e","id":"qlx4yn7edzbje30"},"id":"9zbu80m6gdq9qjd","previousOperationId":"1jyucvrkmjf69bc"}
{"type":"operationEnd","operationId":"1jyucvrkmjf69bc","timestamp":1765139470804,"id":"9axzmgrh5podujj","previousEventId":"s3il29vp7e3nq34","previousOperationId":"1jyucvrkmjf69bc"}
{"type":"operationStart","subtype":"recipe","name":"html","timestamp":1765139470811,"id":"qsmpxrvnb7htmrl","previousEventId":"9axzmgrh5podujj","operationId":"ld6xwxfdtpm3t53","previousOperationId":"1jyucvrkmjf69bc"}
{"type":"log","timestamp":1765139470811,"level":"debug","message":"Executing recipe html","meta":{"rootId":"fd6rsel61p1yb9e","id":"qlx4yn7edzbje30"},"id":"zx1dugzuv75f1x2","previousOperationId":"ld6xwxfdtpm3t53"}
{"type":"operationEnd","operationId":"ld6xwxfdtpm3t53","timestamp":1765139470811,"id":"3vi4dm5mr27t8fy","previousEventId":"qsmpxrvnb7htmrl","previousOperationId":"ld6xwxfdtpm3t53"}
{"type":"log","timestamp":1765139470811,"level":"debug","message":"Skipping storing report.","meta":{"rootId":"fd6rsel61p1yb9e","id":"qlx4yn7edzbje30"},"id":"7eixvda1r9ou3zh","previousOperationId":"ld6xwxfdtpm3t53"}
{"type":"log","timestamp":1765139470811,"level":"info","message":"Rendering (child) request finished in 1317 ms","meta":{"rootId":"fd6rsel61p1yb9e","id":"qlx4yn7edzbje30"},"id":"kdw48psud8a4sxz","previousOperationId":"ld6xwxfdtpm3t53"}
{"type":"operationEnd","subtype":"render","operationId":"poac5wk6zxkcsy4","timestamp":1765139470812,"id":"wnb30lnyy3n1h1w","previousEventId":"3vi4dm5mr27t8fy","previousOperationId":"ld6xwxfdtpm3t53"}
{"type":"log","timestamp":1765139475844,"level":"debug","message":"pptx successfully zipped","meta":{"rootId":"fd6rsel61p1yb9e","id":"fd6rsel61p1yb9e"},"id":"oeoffnu5ur425gp","previousOperationId":"21ify99bnbam0o3"}
{"type":"log","timestamp":1765139475844,"level":"info","message":"pptx generation was finished","meta":{"rootId":"fd6rsel61p1yb9e","id":"fd6rsel61p1yb9e"},"id":"lzmzze8lnxp2v1d","previousOperationId":"21ify99bnbam0o3"}
{"type":"operationEnd","operationId":"21ify99bnbam0o3","timestamp":1765139475852,"id":"9uw800n61xwm2sd","previousEventId":"2ly18j19mf9t9we","previousOperationId":"21ify99bnbam0o3"}
{"type":"log","timestamp":1765139475852,"level":"debug","message":"Skipping storing report.","meta":{"rootId":"fd6rsel61p1yb9e","id":"fd6rsel61p1yb9e"},"id":"k7a446xtt4z6ctl","previousOperationId":"21ify99bnbam0o3"}
{"type":"log","timestamp":1765139475852,"level":"info","message":"Rendering request 43 finished in 6358 ms","meta":{"rootId":"fd6rsel61p1yb9e","id":"fd6rsel61p1yb9e"},"id":"moqyuuhkvh9v6lu","previousOperationId":"21ify99bnbam0o3"}
{"type":"operationEnd","subtype":"render","operationId":"hnyn551e4qp87l3","timestamp":1765139475852,"id":"ne4enhrt4ed44j7","previousEventId":"9uw800n61xwm2sd","previousOperationId":"21ify99bnbam0o3"}
{"type":"operationEnd","doDiffs":false,"previousEventId":"i4niefunn7s0bgo","previousOperationId":"mef549d5tafel16","operationId":"mef549d5tafel16","timestamp":1765139475856,"id":"z29pfkq4npw96oj"}
