{"type":"operationStart","subtype":"profile","data":{"_id":"pkB01YNJLRBmXqJw","timestamp":"2025-12-26T19:38:05.197Z","state":"running","mode":"standard","creationDate":"2025-12-26T19:38:05.202Z","modificationDate":"2025-12-26T19:38:05.202Z","shortid":"AV1Lhu6","$entitySet":"profiles","timeout":60000},"doDiffs":false,"timestamp":1766777885200,"id":"q2zvasdxrcsy7bl","previousOperationId":null,"operationId":"6ehg1tixkm01zto"}
{"type":"log","level":"info","message":"Render request 2 queued for execution and waiting for available worker","previousOperationId":"6ehg1tixkm01zto","timestamp":1766777885200,"id":"94l2i7woxk5i48e"}
{"type":"operationStart","subtype":"render","name":"anonymous","previousOperationId":"6ehg1tixkm01zto","timestamp":1766777885256,"id":"jh1rw4p5vv5fbtu","previousEventId":"q2zvasdxrcsy7bl","operationId":"barhdpacku8wlgo"}
{"type":"log","timestamp":1766777885258,"level":"info","message":"Starting rendering request 2","meta":{"rootId":"fj42j0cfr7jcfxy","id":"fj42j0cfr7jcfxy"},"id":"1vaxpfcifdiq19p","previousOperationId":"barhdpacku8wlgo"}
{"type":"log","timestamp":1766777885260,"level":"info","message":"Rendering anonymous template { recipe: pptx, engine: handlebars }","meta":{"rootId":"fj42j0cfr7jcfxy","id":"fj42j0cfr7jcfxy"},"id":"5rmjwwqh6l9a7s4","previousOperationId":"barhdpacku8wlgo"}
{"type":"log","timestamp":1766777885261,"level":"debug","message":"Inline data specified.","meta":{"rootId":"fj42j0cfr7jcfxy","id":"fj42j0cfr7jcfxy"},"id":"kqwc8kafhv0ewbm","previousOperationId":"barhdpacku8wlgo"}
{"type":"log","timestamp":1766777885266,"level":"debug","message":"Base url not specified, skipping its injection.","meta":{"rootId":"fj42j0cfr7jcfxy","id":"fj42j0cfr7jcfxy"},"id":"5ywmovjof04m6x4","previousOperationId":"barhdpacku8wlgo"}
{"type":"operationStart","subtype":"engine","name":"handlebars","timestamp":1766777885269,"id":"idsu8en078quei9","previousEventId":"jh1rw4p5vv5fbtu","operationId":"s9fm8mcomlnyjrk","previousOperationId":"barhdpacku8wlgo"}
{"type":"log","timestamp":1766777885269,"level":"debug","message":"Rendering engine handlebars","meta":{"rootId":"fj42j0cfr7jcfxy","id":"fj42j0cfr7jcfxy"},"id":"08zb8r99gjjm7ld","previousOperationId":"s9fm8mcomlnyjrk"}
{"type":"operationEnd","operationId":"s9fm8mcomlnyjrk","timestamp":1766777886445,"id":"it2s4as8wyvuptv","previousEventId":"idsu8en078quei9","previousOperationId":"s9fm8mcomlnyjrk"}
{"type":"operationStart","subtype":"recipe","name":"pptx","timestamp":1766777886447,"id":"8e8ekk807e9nm6k","previousEventId":"it2s4as8wyvuptv","operationId":"9m9x6yc9mkvfy8w","previousOperationId":"s9fm8mcomlnyjrk"}
{"type":"log","timestamp":1766777886447,"level":"debug","message":"Executing recipe pptx","meta":{"rootId":"fj42j0cfr7jcfxy","id":"fj42j0cfr7jcfxy"},"id":"ea6obb23kc78h3n","previousOperationId":"9m9x6yc9mkvfy8w"}
{"type":"log","timestamp":1766777886714,"level":"info","message":"pptx generation is starting","meta":{"rootId":"fj42j0cfr7jcfxy","id":"fj42j0cfr7jcfxy"},"id":"wa9pewh40v27v5s","previousOperationId":"9m9x6yc9mkvfy8w"}
{"type":"log","timestamp":1766777888454,"level":"debug","message":"Starting child request to render pptx dynamic parts","meta":{"rootId":"fj42j0cfr7jcfxy","id":"fj42j0cfr7jcfxy"},"id":"dtzhgjiqjc0w9sd","previousOperationId":"9m9x6yc9mkvfy8w"}
{"type":"operationStart","subtype":"render","name":"anonymous","previousOperationId":"9m9x6yc9mkvfy8w","timestamp":1766777888455,"id":"f7rq7g5ctx1ef1e","previousEventId":"8e8ekk807e9nm6k","operationId":"x64bnts5xktxbxp"}
{"type":"log","timestamp":1766777888455,"level":"info","message":"Starting rendering (child) request","meta":{"rootId":"fj42j0cfr7jcfxy","id":"x67aqgt4gv6y1p8"},"id":"f35jnkmh9rt753r","previousOperationId":"x64bnts5xktxbxp"}
{"type":"log","timestamp":1766777888456,"level":"info","message":"Rendering anonymous template { recipe: html, engine: handlebars }","meta":{"rootId":"fj42j0cfr7jcfxy","id":"x67aqgt4gv6y1p8"},"id":"0o2ch14qeuga7cf","previousOperationId":"x64bnts5xktxbxp"}
{"type":"log","timestamp":1766777888456,"level":"debug","message":"Inline data specified.","meta":{"rootId":"fj42j0cfr7jcfxy","id":"x67aqgt4gv6y1p8"},"id":"vgvfjobmzzm90ek","previousOperationId":"x64bnts5xktxbxp"}
{"type":"log","timestamp":1766777888463,"level":"debug","message":"Base url not specified, skipping its injection.","meta":{"rootId":"fj42j0cfr7jcfxy","id":"x67aqgt4gv6y1p8"},"id":"sg1lxoippzi3ja6","previousOperationId":"x64bnts5xktxbxp"}
{"type":"operationStart","subtype":"engine","name":"handlebars","timestamp":1766777888466,"id":"55957yafnucb3xh","previousEventId":"f7rq7g5ctx1ef1e","operationId":"pau4peobrsrcan6","previousOperationId":"x64bnts5xktxbxp"}
{"type":"log","timestamp":1766777888466,"level":"debug","message":"Rendering engine handlebars","meta":{"rootId":"fj42j0cfr7jcfxy","id":"x67aqgt4gv6y1p8"},"id":"tqsayb9z47tcxiy","previousOperationId":"pau4peobrsrcan6"}
{"type":"operationEnd","operationId":"pau4peobrsrcan6","timestamp":1766777888625,"id":"6v889tm1ocyl06b","previousEventId":"55957yafnucb3xh","previousOperationId":"pau4peobrsrcan6"}
{"type":"operationStart","subtype":"recipe","name":"html","timestamp":1766777888636,"id":"jgu6yuadgraeebq","previousEventId":"6v889tm1ocyl06b","operationId":"5udl8un5279ux8x","previousOperationId":"pau4peobrsrcan6"}
{"type":"log","timestamp":1766777888636,"level":"debug","message":"Executing recipe html","meta":{"rootId":"fj42j0cfr7jcfxy","id":"x67aqgt4gv6y1p8"},"id":"j9tgc6xsee8axip","previousOperationId":"5udl8un5279ux8x"}
{"type":"operationEnd","operationId":"5udl8un5279ux8x","timestamp":1766777888636,"id":"asi0exi2vsdtnc5","previousEventId":"jgu6yuadgraeebq","previousOperationId":"5udl8un5279ux8x"}
{"type":"log","timestamp":1766777888638,"level":"debug","message":"Skipping storing report.","meta":{"rootId":"fj42j0cfr7jcfxy","id":"x67aqgt4gv6y1p8"},"id":"j5d7kjj8t6v4jjr","previousOperationId":"5udl8un5279ux8x"}
{"type":"log","timestamp":1766777888638,"level":"info","message":"Rendering (child) request finished in 3442 ms","meta":{"rootId":"fj42j0cfr7jcfxy","id":"x67aqgt4gv6y1p8"},"id":"6nhmyvufkq8ybmh","previousOperationId":"5udl8un5279ux8x"}
{"type":"operationEnd","subtype":"render","operationId":"x64bnts5xktxbxp","timestamp":1766777888638,"id":"p6attctm6yqi6yt","previousEventId":"asi0exi2vsdtnc5","previousOperationId":"5udl8un5279ux8x"}
{"type":"log","timestamp":1766777895615,"level":"debug","message":"pptx successfully zipped","meta":{"rootId":"fj42j0cfr7jcfxy","id":"fj42j0cfr7jcfxy"},"id":"ifykf2c03nbchu0","previousOperationId":"9m9x6yc9mkvfy8w"}
{"type":"log","timestamp":1766777895615,"level":"info","message":"pptx generation was finished","meta":{"rootId":"fj42j0cfr7jcfxy","id":"fj42j0cfr7jcfxy"},"id":"5waiet17nwxvrmd","previousOperationId":"9m9x6yc9mkvfy8w"}
{"type":"operationEnd","operationId":"9m9x6yc9mkvfy8w","timestamp":1766777895631,"id":"aqktoujh9ihyapx","previousEventId":"8e8ekk807e9nm6k","previousOperationId":"9m9x6yc9mkvfy8w"}
{"type":"log","timestamp":1766777895631,"level":"debug","message":"Skipping storing report.","meta":{"rootId":"fj42j0cfr7jcfxy","id":"fj42j0cfr7jcfxy"},"id":"8qsvb3eycv8nu89","previousOperationId":"9m9x6yc9mkvfy8w"}
{"type":"log","timestamp":1766777895631,"level":"info","message":"Rendering request 2 finished in 10435 ms","meta":{"rootId":"fj42j0cfr7jcfxy","id":"fj42j0cfr7jcfxy"},"id":"zdckrpl7cz9sffj","previousOperationId":"9m9x6yc9mkvfy8w"}
{"type":"operationEnd","subtype":"render","operationId":"barhdpacku8wlgo","timestamp":1766777895631,"id":"vzb8re6f6j92lhn","previousEventId":"aqktoujh9ihyapx","previousOperationId":"9m9x6yc9mkvfy8w"}
{"type":"operationEnd","doDiffs":false,"previousEventId":"q2zvasdxrcsy7bl","previousOperationId":"6ehg1tixkm01zto","operationId":"6ehg1tixkm01zto","timestamp":1766777895637,"id":"seb6dwwppq9uukk"}
