{"type":"operationStart","subtype":"profile","data":{"_id":"126GMB7g9hqD3jnC","timestamp":"2025-12-07T20:07:30.964Z","state":"running","mode":"standard","creationDate":"2025-12-07T20:07:30.975Z","modificationDate":"2025-12-07T20:07:30.975Z","shortid":"6pYNgxm","$entitySet":"profiles","timeout":60000},"doDiffs":false,"timestamp":1765138050973,"id":"pqc0efkjhbt5tfn","previousOperationId":null,"operationId":"7ncoznlkxp4o0mh"}
{"type":"log","level":"info","message":"Render request 34 queued for execution and waiting for available worker","previousOperationId":"7ncoznlkxp4o0mh","timestamp":1765138050973,"id":"gubdg1wx054wce1"}
{"type":"operationStart","subtype":"render","name":"anonymous","previousOperationId":"7ncoznlkxp4o0mh","timestamp":1765138051015,"id":"ms3i8hdijhpfwx2","previousEventId":"pqc0efkjhbt5tfn","operationId":"fcqn5q82rf768ef"}
{"type":"log","timestamp":1765138051015,"level":"info","message":"Starting rendering request 34","meta":{"rootId":"fkts69irnpi6ri2","id":"fkts69irnpi6ri2"},"id":"p2qgud2eqegc3sw","previousOperationId":"fcqn5q82rf768ef"}
{"type":"log","timestamp":1765138051016,"level":"info","message":"Rendering anonymous template { recipe: pptx, engine: handlebars }","meta":{"rootId":"fkts69irnpi6ri2","id":"fkts69irnpi6ri2"},"id":"84vif8yrylcylpx","previousOperationId":"fcqn5q82rf768ef"}
{"type":"log","timestamp":1765138051016,"level":"debug","message":"Inline data specified.","meta":{"rootId":"fkts69irnpi6ri2","id":"fkts69irnpi6ri2"},"id":"r44j7a77jq91ivt","previousOperationId":"fcqn5q82rf768ef"}
{"type":"log","timestamp":1765138051017,"level":"debug","message":"Base url not specified, skipping its injection.","meta":{"rootId":"fkts69irnpi6ri2","id":"fkts69irnpi6ri2"},"id":"ebrhqi0q3b76nba","previousOperationId":"fcqn5q82rf768ef"}
{"type":"operationStart","subtype":"engine","name":"handlebars","timestamp":1765138051017,"id":"74fxb2ygwnha9mg","previousEventId":"ms3i8hdijhpfwx2","operationId":"h7xehepf7cwpwam","previousOperationId":"fcqn5q82rf768ef"}
{"type":"log","timestamp":1765138051017,"level":"debug","message":"Rendering engine handlebars","meta":{"rootId":"fkts69irnpi6ri2","id":"fkts69irnpi6ri2"},"id":"ixbybi5zz3pgt2v","previousOperationId":"h7xehepf7cwpwam"}
{"type":"operationEnd","operationId":"h7xehepf7cwpwam","timestamp":1765138051029,"id":"i8i34lxd5vuoss7","previousEventId":"74fxb2ygwnha9mg","previousOperationId":"h7xehepf7cwpwam"}
{"type":"operationStart","subtype":"recipe","name":"pptx","timestamp":1765138051030,"id":"t2509tqadx0ovfd","previousEventId":"i8i34lxd5vuoss7","operationId":"wsk7bj0kh0t33e3","previousOperationId":"h7xehepf7cwpwam"}
{"type":"log","timestamp":1765138051030,"level":"debug","message":"Executing recipe pptx","meta":{"rootId":"fkts69irnpi6ri2","id":"fkts69irnpi6ri2"},"id":"ebgvpfcwl7q5plw","previousOperationId":"wsk7bj0kh0t33e3"}
{"type":"log","timestamp":1765138051043,"level":"info","message":"pptx generation is starting","meta":{"rootId":"fkts69irnpi6ri2","id":"fkts69irnpi6ri2"},"id":"1f0ss2zv5lsssj8","previousOperationId":"wsk7bj0kh0t33e3"}
{"type":"log","timestamp":1765138052039,"level":"debug","message":"Starting child request to render pptx dynamic parts","meta":{"rootId":"fkts69irnpi6ri2","id":"fkts69irnpi6ri2"},"id":"2sb6kvertqwr5yb","previousOperationId":"wsk7bj0kh0t33e3"}
{"type":"operationStart","subtype":"render","name":"anonymous","previousOperationId":"wsk7bj0kh0t33e3","timestamp":1765138052039,"id":"w0ohmrijyafffdr","previousEventId":"t2509tqadx0ovfd","operationId":"jruvq2s4375coeh"}
{"type":"log","timestamp":1765138052039,"level":"info","message":"Starting rendering (child) request","meta":{"rootId":"fkts69irnpi6ri2","id":"fhgkq5e2gaqqtqo"},"id":"y7pvcnb9qj0u7uv","previousOperationId":"jruvq2s4375coeh"}
{"type":"log","timestamp":1765138052039,"level":"info","message":"Rendering anonymous template { recipe: html, engine: handlebars }","meta":{"rootId":"fkts69irnpi6ri2","id":"fhgkq5e2gaqqtqo"},"id":"0p711wj480dw10y","previousOperationId":"jruvq2s4375coeh"}
{"type":"log","timestamp":1765138052039,"level":"debug","message":"Inline data specified.","meta":{"rootId":"fkts69irnpi6ri2","id":"fhgkq5e2gaqqtqo"},"id":"fgg5ihj3ewz9cm1","previousOperationId":"jruvq2s4375coeh"}
{"type":"log","timestamp":1765138052045,"level":"debug","message":"Base url not specified, skipping its injection.","meta":{"rootId":"fkts69irnpi6ri2","id":"fhgkq5e2gaqqtqo"},"id":"aok3smbl3651ra3","previousOperationId":"jruvq2s4375coeh"}
{"type":"operationStart","subtype":"engine","name":"handlebars","timestamp":1765138052046,"id":"ug5wgfgslkq4brt","previousEventId":"w0ohmrijyafffdr","operationId":"os52xcvesjvtv0t","previousOperationId":"jruvq2s4375coeh"}
{"type":"log","timestamp":1765138052046,"level":"debug","message":"Rendering engine handlebars","meta":{"rootId":"fkts69irnpi6ri2","id":"fhgkq5e2gaqqtqo"},"id":"rjytzleu8l5etma","previousOperationId":"os52xcvesjvtv0t"}
{"type":"operationEnd","operationId":"os52xcvesjvtv0t","timestamp":1765138052133,"id":"6qmspvvk8yt6xvs","previousEventId":"ug5wgfgslkq4brt","previousOperationId":"os52xcvesjvtv0t"}
{"type":"operationStart","subtype":"recipe","name":"html","timestamp":1765138052141,"id":"r7camkohjc5qeqy","previousEventId":"6qmspvvk8yt6xvs","operationId":"nyqzqqm4ijykrm5","previousOperationId":"os52xcvesjvtv0t"}
{"type":"log","timestamp":1765138052141,"level":"debug","message":"Executing recipe html","meta":{"rootId":"fkts69irnpi6ri2","id":"fhgkq5e2gaqqtqo"},"id":"npus6fztsiet1wi","previousOperationId":"nyqzqqm4ijykrm5"}
{"type":"operationEnd","operationId":"nyqzqqm4ijykrm5","timestamp":1765138052141,"id":"okcihybsbl7a76h","previousEventId":"r7camkohjc5qeqy","previousOperationId":"nyqzqqm4ijykrm5"}
{"type":"log","timestamp":1765138052141,"level":"debug","message":"Skipping storing report.","meta":{"rootId":"fkts69irnpi6ri2","id":"fhgkq5e2gaqqtqo"},"id":"wbhufx4u6eftn1c","previousOperationId":"nyqzqqm4ijykrm5"}
{"type":"log","timestamp":1765138052141,"level":"info","message":"Rendering (child) request finished in 1178 ms","meta":{"rootId":"fkts69irnpi6ri2","id":"fhgkq5e2gaqqtqo"},"id":"upn7efhodyoqcx9","previousOperationId":"nyqzqqm4ijykrm5"}
{"type":"operationEnd","subtype":"render","operationId":"jruvq2s4375coeh","timestamp":1765138052141,"id":"iee8z6d0ssqva5b","previousEventId":"okcihybsbl7a76h","previousOperationId":"nyqzqqm4ijykrm5"}
{"type":"log","timestamp":1765138056813,"level":"debug","message":"pptx successfully zipped","meta":{"rootId":"fkts69irnpi6ri2","id":"fkts69irnpi6ri2"},"id":"qrqz77cwb5kcjx1","previousOperationId":"wsk7bj0kh0t33e3"}
{"type":"log","timestamp":1765138056813,"level":"info","message":"pptx generation was finished","meta":{"rootId":"fkts69irnpi6ri2","id":"fkts69irnpi6ri2"},"id":"n0afdt5ixur6tgi","previousOperationId":"wsk7bj0kh0t33e3"}
{"type":"operationEnd","operationId":"wsk7bj0kh0t33e3","timestamp":1765138056820,"id":"q6yb5uokyt5ddl2","previousEventId":"t2509tqadx0ovfd","previousOperationId":"wsk7bj0kh0t33e3"}
{"type":"log","timestamp":1765138056821,"level":"debug","message":"Skipping storing report.","meta":{"rootId":"fkts69irnpi6ri2","id":"fkts69irnpi6ri2"},"id":"naapqzh2v3mcbu8","previousOperationId":"wsk7bj0kh0t33e3"}
{"type":"log","timestamp":1765138056821,"level":"info","message":"Rendering request 34 finished in 5858 ms","meta":{"rootId":"fkts69irnpi6ri2","id":"fkts69irnpi6ri2"},"id":"vhjl94g9p52dlov","previousOperationId":"wsk7bj0kh0t33e3"}
{"type":"operationEnd","subtype":"render","operationId":"fcqn5q82rf768ef","timestamp":1765138056821,"id":"w6kxxsd3z2sd0dc","previousEventId":"q6yb5uokyt5ddl2","previousOperationId":"wsk7bj0kh0t33e3"}
{"type":"operationEnd","doDiffs":false,"previousEventId":"pqc0efkjhbt5tfn","previousOperationId":"7ncoznlkxp4o0mh","operationId":"7ncoznlkxp4o0mh","timestamp":1765138056824,"id":"4ll2eo9nrnsdump"}
