{"type":"operationStart","subtype":"profile","data":{"_id":"NSp3sl50ZGRinCMe","timestamp":"2025-12-07T18:51:14.102Z","state":"running","mode":"standard","creationDate":"2025-12-07T18:51:14.107Z","modificationDate":"2025-12-07T18:51:14.107Z","shortid":"wQeSJ-H","$entitySet":"profiles","timeout":60000},"doDiffs":false,"timestamp":1765133474105,"id":"zoi54dstaktt6us","previousOperationId":null,"operationId":"n3b0dnktx5165jh"}
{"type":"log","level":"info","message":"Render request 3 queued for execution and waiting for available worker","previousOperationId":"n3b0dnktx5165jh","timestamp":1765133474105,"id":"71fpzhtmla7c1vx"}
{"type":"operationStart","subtype":"render","name":"anonymous","previousOperationId":"n3b0dnktx5165jh","timestamp":1765133474162,"id":"95ddruzoqmov61t","previousEventId":"zoi54dstaktt6us","operationId":"5jppniha90p4qa7"}
{"type":"log","timestamp":1765133474163,"level":"info","message":"Starting rendering request 3","meta":{"rootId":"fl72hkq8vdfludt","id":"fl72hkq8vdfludt"},"id":"5n3olhcjku3j0n7","previousOperationId":"5jppniha90p4qa7"}
{"type":"log","timestamp":1765133474163,"level":"info","message":"Rendering anonymous template { recipe: pptx, engine: handlebars }","meta":{"rootId":"fl72hkq8vdfludt","id":"fl72hkq8vdfludt"},"id":"grw0n8usqhqbv3b","previousOperationId":"5jppniha90p4qa7"}
{"type":"log","timestamp":1765133474163,"level":"debug","message":"Inline data specified.","meta":{"rootId":"fl72hkq8vdfludt","id":"fl72hkq8vdfludt"},"id":"79w6x6prvbx9iu2","previousOperationId":"5jppniha90p4qa7"}
{"type":"log","timestamp":1765133474172,"level":"debug","message":"Base url not specified, skipping its injection.","meta":{"rootId":"fl72hkq8vdfludt","id":"fl72hkq8vdfludt"},"id":"kki1ejzza5nip17","previousOperationId":"5jppniha90p4qa7"}
{"type":"operationStart","subtype":"engine","name":"handlebars","timestamp":1765133474174,"id":"ga198zg0x3lhdy4","previousEventId":"95ddruzoqmov61t","operationId":"4b81oafvvrfezp8","previousOperationId":"5jppniha90p4qa7"}
{"type":"log","timestamp":1765133474174,"level":"debug","message":"Rendering engine handlebars","meta":{"rootId":"fl72hkq8vdfludt","id":"fl72hkq8vdfludt"},"id":"uedsd7f4sekddr7","previousOperationId":"4b81oafvvrfezp8"}
{"type":"operationEnd","operationId":"4b81oafvvrfezp8","timestamp":1765133474196,"id":"xfwfhzpxxjahzr6","previousEventId":"ga198zg0x3lhdy4","previousOperationId":"4b81oafvvrfezp8"}
{"type":"operationStart","subtype":"recipe","name":"pptx","timestamp":1765133474198,"id":"p5n1h16ver2p3dh","previousEventId":"xfwfhzpxxjahzr6","operationId":"lvvfikl0cv3td8y","previousOperationId":"4b81oafvvrfezp8"}
{"type":"log","timestamp":1765133474198,"level":"debug","message":"Executing recipe pptx","meta":{"rootId":"fl72hkq8vdfludt","id":"fl72hkq8vdfludt"},"id":"44mzjopufkyz7i4","previousOperationId":"lvvfikl0cv3td8y"}
{"type":"log","timestamp":1765133474220,"level":"info","message":"pptx generation is starting","meta":{"rootId":"fl72hkq8vdfludt","id":"fl72hkq8vdfludt"},"id":"wawr47kcmh9da0w","previousOperationId":"lvvfikl0cv3td8y"}
{"type":"log","timestamp":1765133475947,"level":"debug","message":"Starting child request to render pptx dynamic parts","meta":{"rootId":"fl72hkq8vdfludt","id":"fl72hkq8vdfludt"},"id":"ktj79w6tj9z3k65","previousOperationId":"lvvfikl0cv3td8y"}
{"type":"operationStart","subtype":"render","name":"anonymous","previousOperationId":"lvvfikl0cv3td8y","timestamp":1765133475948,"id":"iwk0awfsmnmym2e","previousEventId":"p5n1h16ver2p3dh","operationId":"ojba47bg5ci6mx4"}
{"type":"log","timestamp":1765133475948,"level":"info","message":"Starting rendering (child) request","meta":{"rootId":"fl72hkq8vdfludt","id":"udn319ggiz79vgk"},"id":"kcr1mfcsncfaupo","previousOperationId":"ojba47bg5ci6mx4"}
{"type":"log","timestamp":1765133475948,"level":"info","message":"Rendering anonymous template { recipe: html, engine: handlebars }","meta":{"rootId":"fl72hkq8vdfludt","id":"udn319ggiz79vgk"},"id":"kkssp78ddma4lcd","previousOperationId":"ojba47bg5ci6mx4"}
{"type":"log","timestamp":1765133475948,"level":"debug","message":"Inline data specified.","meta":{"rootId":"fl72hkq8vdfludt","id":"udn319ggiz79vgk"},"id":"6xjyfexcn70gywc","previousOperationId":"ojba47bg5ci6mx4"}
{"type":"log","timestamp":1765133475955,"level":"debug","message":"Base url not specified, skipping its injection.","meta":{"rootId":"fl72hkq8vdfludt","id":"udn319ggiz79vgk"},"id":"32d3qxakr4irst8","previousOperationId":"ojba47bg5ci6mx4"}
{"type":"operationStart","subtype":"engine","name":"handlebars","timestamp":1765133475957,"id":"q3s8rapta5uzvyq","previousEventId":"iwk0awfsmnmym2e","operationId":"p7v075hgopjntrx","previousOperationId":"ojba47bg5ci6mx4"}
{"type":"log","timestamp":1765133475957,"level":"debug","message":"Rendering engine handlebars","meta":{"rootId":"fl72hkq8vdfludt","id":"udn319ggiz79vgk"},"id":"wwx3ajdjdbvfm5b","previousOperationId":"p7v075hgopjntrx"}
{"type":"operationEnd","operationId":"p7v075hgopjntrx","timestamp":1765133476106,"id":"ngn4rlhhoglvl9d","previousEventId":"q3s8rapta5uzvyq","previousOperationId":"p7v075hgopjntrx"}
{"type":"operationStart","subtype":"recipe","name":"html","timestamp":1765133476115,"id":"c8qxs0fzwnt1rdj","previousEventId":"ngn4rlhhoglvl9d","operationId":"oowc2yn8i9o6ot2","previousOperationId":"p7v075hgopjntrx"}
{"type":"log","timestamp":1765133476115,"level":"debug","message":"Executing recipe html","meta":{"rootId":"fl72hkq8vdfludt","id":"udn319ggiz79vgk"},"id":"b248qu4i8gxfzf0","previousOperationId":"oowc2yn8i9o6ot2"}
{"type":"operationEnd","operationId":"oowc2yn8i9o6ot2","timestamp":1765133476115,"id":"vwapijgp5hy7r0e","previousEventId":"c8qxs0fzwnt1rdj","previousOperationId":"oowc2yn8i9o6ot2"}
{"type":"log","timestamp":1765133476115,"level":"debug","message":"Skipping storing report.","meta":{"rootId":"fl72hkq8vdfludt","id":"udn319ggiz79vgk"},"id":"jxsltp94s8xnrh5","previousOperationId":"oowc2yn8i9o6ot2"}
{"type":"log","timestamp":1765133476116,"level":"info","message":"Rendering (child) request finished in 2016 ms","meta":{"rootId":"fl72hkq8vdfludt","id":"udn319ggiz79vgk"},"id":"zztt60hgo0vcmuu","previousOperationId":"oowc2yn8i9o6ot2"}
{"type":"operationEnd","subtype":"render","operationId":"ojba47bg5ci6mx4","timestamp":1765133476116,"id":"9t48wvyq7o3lp1l","previousEventId":"vwapijgp5hy7r0e","previousOperationId":"oowc2yn8i9o6ot2"}
{"type":"log","timestamp":1765133491856,"level":"debug","message":"pptx successfully zipped","meta":{"rootId":"fl72hkq8vdfludt","id":"fl72hkq8vdfludt"},"id":"4e5qp4i8uf19ksz","previousOperationId":"lvvfikl0cv3td8y"}
{"type":"log","timestamp":1765133491856,"level":"info","message":"pptx generation was finished","meta":{"rootId":"fl72hkq8vdfludt","id":"fl72hkq8vdfludt"},"id":"48vlw6u17pinmys","previousOperationId":"lvvfikl0cv3td8y"}
{"type":"operationEnd","operationId":"lvvfikl0cv3td8y","timestamp":1765133491866,"id":"eo0u76b043jv6lj","previousEventId":"p5n1h16ver2p3dh","previousOperationId":"lvvfikl0cv3td8y"}
{"type":"log","timestamp":1765133491866,"level":"debug","message":"Skipping storing report.","meta":{"rootId":"fl72hkq8vdfludt","id":"fl72hkq8vdfludt"},"id":"mk0gfmfn2t4h7a2","previousOperationId":"lvvfikl0cv3td8y"}
{"type":"log","timestamp":1765133491866,"level":"info","message":"Rendering request 3 finished in 17766 ms","meta":{"rootId":"fl72hkq8vdfludt","id":"fl72hkq8vdfludt"},"id":"a6h84ii8of6l7fs","previousOperationId":"lvvfikl0cv3td8y"}
{"type":"operationEnd","subtype":"render","operationId":"5jppniha90p4qa7","timestamp":1765133491867,"id":"mi7h3enpy7bkvct","previousEventId":"eo0u76b043jv6lj","previousOperationId":"lvvfikl0cv3td8y"}
{"type":"operationEnd","doDiffs":false,"previousEventId":"zoi54dstaktt6us","previousOperationId":"n3b0dnktx5165jh","operationId":"n3b0dnktx5165jh","timestamp":1765133491874,"id":"uf7hoe1m3y9obvt"}
