{"type":"operationStart","subtype":"profile","data":{"_id":"H5VcCDX9YtRO9ujK","timestamp":"2025-12-31T10:48:20.730Z","state":"running","mode":"standard","creationDate":"2025-12-31T10:48:20.735Z","modificationDate":"2025-12-31T10:48:20.735Z","shortid":"fr4j5IS","$entitySet":"profiles","timeout":60000},"doDiffs":false,"timestamp":1767178100733,"id":"of8ostmgjz6jgue","previousOperationId":null,"operationId":"w58mhmvn1cqif3d"}
{"type":"log","level":"info","message":"Render request 24 queued for execution and waiting for available worker","previousOperationId":"w58mhmvn1cqif3d","timestamp":1767178100733,"id":"yevvz1t5ggb73ga"}
{"type":"operationStart","subtype":"render","name":"anonymous","previousOperationId":"w58mhmvn1cqif3d","timestamp":1767178100796,"id":"hu476mjam050f42","previousEventId":"of8ostmgjz6jgue","operationId":"00kxohgysisfdvb"}
{"type":"log","timestamp":1767178100796,"level":"info","message":"Starting rendering request 24","meta":{"rootId":"foaqkqm4qqsbm58","id":"foaqkqm4qqsbm58"},"id":"lw6s2ioj5smabwb","previousOperationId":"00kxohgysisfdvb"}
{"type":"log","timestamp":1767178100797,"level":"info","message":"Rendering anonymous template { recipe: pptx, engine: handlebars }","meta":{"rootId":"foaqkqm4qqsbm58","id":"foaqkqm4qqsbm58"},"id":"lqx9ru8fqjtpjsy","previousOperationId":"00kxohgysisfdvb"}
{"type":"log","timestamp":1767178100797,"level":"debug","message":"Inline data specified.","meta":{"rootId":"foaqkqm4qqsbm58","id":"foaqkqm4qqsbm58"},"id":"mv6elydvzy0g2aj","previousOperationId":"00kxohgysisfdvb"}
{"type":"log","timestamp":1767178100805,"level":"debug","message":"Base url not specified, skipping its injection.","meta":{"rootId":"foaqkqm4qqsbm58","id":"foaqkqm4qqsbm58"},"id":"pj8tblxd4m0a7mq","previousOperationId":"00kxohgysisfdvb"}
{"type":"operationStart","subtype":"engine","name":"handlebars","timestamp":1767178100806,"id":"jx05kx5ywb38w29","previousEventId":"hu476mjam050f42","operationId":"dtq7di8c3kcl2nk","previousOperationId":"00kxohgysisfdvb"}
{"type":"log","timestamp":1767178100806,"level":"debug","message":"Rendering engine handlebars","meta":{"rootId":"foaqkqm4qqsbm58","id":"foaqkqm4qqsbm58"},"id":"otqvb3l70mvmyel","previousOperationId":"dtq7di8c3kcl2nk"}
{"type":"operationEnd","operationId":"dtq7di8c3kcl2nk","timestamp":1767178100823,"id":"xca69ew2d4a5ejf","previousEventId":"jx05kx5ywb38w29","previousOperationId":"dtq7di8c3kcl2nk"}
{"type":"operationStart","subtype":"recipe","name":"pptx","timestamp":1767178100823,"id":"styqlj4oedke82i","previousEventId":"xca69ew2d4a5ejf","operationId":"92j7pcc2k4u1df2","previousOperationId":"dtq7di8c3kcl2nk"}
{"type":"log","timestamp":1767178100823,"level":"debug","message":"Executing recipe pptx","meta":{"rootId":"foaqkqm4qqsbm58","id":"foaqkqm4qqsbm58"},"id":"xizj88lmidju90k","previousOperationId":"92j7pcc2k4u1df2"}
{"type":"log","timestamp":1767178100848,"level":"info","message":"pptx generation is starting","meta":{"rootId":"foaqkqm4qqsbm58","id":"foaqkqm4qqsbm58"},"id":"81ferdfuykx35o4","previousOperationId":"92j7pcc2k4u1df2"}
{"type":"log","timestamp":1767178102855,"level":"debug","message":"Starting child request to render pptx dynamic parts","meta":{"rootId":"foaqkqm4qqsbm58","id":"foaqkqm4qqsbm58"},"id":"kunybm0155wm060","previousOperationId":"92j7pcc2k4u1df2"}
{"type":"operationStart","subtype":"render","name":"anonymous","previousOperationId":"92j7pcc2k4u1df2","timestamp":1767178102855,"id":"tv5p07tsbyp1h29","previousEventId":"styqlj4oedke82i","operationId":"jdt3nw1czxtzqcv"}
{"type":"log","timestamp":1767178102856,"level":"info","message":"Starting rendering (child) request","meta":{"rootId":"foaqkqm4qqsbm58","id":"epj3vma6xe0d63p"},"id":"bu5jxhjtj6e6150","previousOperationId":"jdt3nw1czxtzqcv"}
{"type":"log","timestamp":1767178102856,"level":"info","message":"Rendering anonymous template { recipe: html, engine: handlebars }","meta":{"rootId":"foaqkqm4qqsbm58","id":"epj3vma6xe0d63p"},"id":"nk30yfr42wpnmf1","previousOperationId":"jdt3nw1czxtzqcv"}
{"type":"log","timestamp":1767178102856,"level":"debug","message":"Inline data specified.","meta":{"rootId":"foaqkqm4qqsbm58","id":"epj3vma6xe0d63p"},"id":"2842adubr1ibeuy","previousOperationId":"jdt3nw1czxtzqcv"}
{"type":"log","timestamp":1767178102862,"level":"debug","message":"Base url not specified, skipping its injection.","meta":{"rootId":"foaqkqm4qqsbm58","id":"epj3vma6xe0d63p"},"id":"6vweralh2liye45","previousOperationId":"jdt3nw1czxtzqcv"}
{"type":"operationStart","subtype":"engine","name":"handlebars","timestamp":1767178102864,"id":"34ok0lp3ji3cloi","previousEventId":"tv5p07tsbyp1h29","operationId":"vum3tl0i4q32e5g","previousOperationId":"jdt3nw1czxtzqcv"}
{"type":"log","timestamp":1767178102865,"level":"debug","message":"Rendering engine handlebars","meta":{"rootId":"foaqkqm4qqsbm58","id":"epj3vma6xe0d63p"},"id":"lmzbju4yppqa188","previousOperationId":"vum3tl0i4q32e5g"}
{"type":"log","timestamp":1767178103078,"level":"debug","message":"(console:log) {\n  type: 'echarts@v5a',\n  width: 848,\n  height: 409,\n  option: { radar: [ [Object] ], series: [ [Object] ] }\n}","meta":{"userLevel":true,"rootId":"foaqkqm4qqsbm58","id":"epj3vma6xe0d63p"},"id":"5t9l7khi3fq1fhe","previousOperationId":"vum3tl0i4q32e5g"}
{"type":"operationEnd","operationId":"vum3tl0i4q32e5g","timestamp":1767178103095,"id":"g6bpdhz4kxfy2og","previousEventId":"34ok0lp3ji3cloi","previousOperationId":"vum3tl0i4q32e5g"}
{"type":"operationStart","subtype":"recipe","name":"html","timestamp":1767178103120,"id":"xiaxy80s1ab0vks","previousEventId":"g6bpdhz4kxfy2og","operationId":"9cf2qymf07xtvey","previousOperationId":"vum3tl0i4q32e5g"}
{"type":"log","timestamp":1767178103120,"level":"debug","message":"Executing recipe html","meta":{"rootId":"foaqkqm4qqsbm58","id":"epj3vma6xe0d63p"},"id":"g97m5bfbklkbgsb","previousOperationId":"9cf2qymf07xtvey"}
{"type":"operationEnd","operationId":"9cf2qymf07xtvey","timestamp":1767178103120,"id":"iv9brlhj5jzmmet","previousEventId":"xiaxy80s1ab0vks","previousOperationId":"9cf2qymf07xtvey"}
{"type":"log","timestamp":1767178103120,"level":"debug","message":"Skipping storing report.","meta":{"rootId":"foaqkqm4qqsbm58","id":"epj3vma6xe0d63p"},"id":"8q7t4rirvk273ym","previousOperationId":"9cf2qymf07xtvey"}
{"type":"log","timestamp":1767178103120,"level":"info","message":"Rendering (child) request finished in 2392 ms","meta":{"rootId":"foaqkqm4qqsbm58","id":"epj3vma6xe0d63p"},"id":"esg8icub9au6dlf","previousOperationId":"9cf2qymf07xtvey"}
{"type":"operationEnd","subtype":"render","operationId":"jdt3nw1czxtzqcv","timestamp":1767178103120,"id":"hma2op6uqc5mj9z","previousEventId":"iv9brlhj5jzmmet","previousOperationId":"9cf2qymf07xtvey"}
{"type":"log","timestamp":1767178109228,"level":"debug","message":"pptx successfully zipped","meta":{"rootId":"foaqkqm4qqsbm58","id":"foaqkqm4qqsbm58"},"id":"eacfhb38aiky80w","previousOperationId":"92j7pcc2k4u1df2"}
{"type":"log","timestamp":1767178109228,"level":"info","message":"pptx generation was finished","meta":{"rootId":"foaqkqm4qqsbm58","id":"foaqkqm4qqsbm58"},"id":"17hwzb6uzvyb7ho","previousOperationId":"92j7pcc2k4u1df2"}
{"type":"operationEnd","operationId":"92j7pcc2k4u1df2","timestamp":1767178109240,"id":"czm4l7iv8yx2ks7","previousEventId":"styqlj4oedke82i","previousOperationId":"92j7pcc2k4u1df2"}
{"type":"log","timestamp":1767178109240,"level":"debug","message":"Skipping storing report.","meta":{"rootId":"foaqkqm4qqsbm58","id":"foaqkqm4qqsbm58"},"id":"87uakq2jg48lgkv","previousOperationId":"92j7pcc2k4u1df2"}
{"type":"log","timestamp":1767178109240,"level":"info","message":"Rendering request 24 finished in 8512 ms","meta":{"rootId":"foaqkqm4qqsbm58","id":"foaqkqm4qqsbm58"},"id":"mps1ili8elrlb93","previousOperationId":"92j7pcc2k4u1df2"}
{"type":"operationEnd","subtype":"render","operationId":"00kxohgysisfdvb","timestamp":1767178109240,"id":"qtxvude1trexk4k","previousEventId":"czm4l7iv8yx2ks7","previousOperationId":"92j7pcc2k4u1df2"}
{"type":"operationEnd","doDiffs":false,"previousEventId":"of8ostmgjz6jgue","previousOperationId":"w58mhmvn1cqif3d","operationId":"w58mhmvn1cqif3d","timestamp":1767178109246,"id":"2nfjo4gbi70iy2g"}
