{"type":"operationStart","subtype":"profile","data":{"_id":"E2dXbCHtKarMfcPz","timestamp":"2025-12-30T17:20:05.299Z","state":"running","mode":"standard","creationDate":"2025-12-30T17:20:05.306Z","modificationDate":"2025-12-30T17:20:05.306Z","shortid":"6G6R_NN","$entitySet":"profiles","timeout":60000},"doDiffs":false,"timestamp":1767115205304,"id":"dqskmi2jyervv24","previousOperationId":null,"operationId":"ctl8kt2hqwna3al"}
{"type":"log","level":"info","message":"Render request 8 queued for execution and waiting for available worker","previousOperationId":"ctl8kt2hqwna3al","timestamp":1767115205304,"id":"a4nny9cf1wk7778"}
{"type":"operationStart","subtype":"render","name":"anonymous","previousOperationId":"ctl8kt2hqwna3al","timestamp":1767115205362,"id":"4mb0rtugwoe8l2n","previousEventId":"dqskmi2jyervv24","operationId":"bfvwwtmu2zpwn7a"}
{"type":"log","timestamp":1767115205363,"level":"info","message":"Starting rendering request 8","meta":{"rootId":"frbvn48q68d8pho","id":"frbvn48q68d8pho"},"id":"rth9lz7u4sak9d9","previousOperationId":"bfvwwtmu2zpwn7a"}
{"type":"log","timestamp":1767115205364,"level":"info","message":"Rendering anonymous template { recipe: pptx, engine: handlebars }","meta":{"rootId":"frbvn48q68d8pho","id":"frbvn48q68d8pho"},"id":"iqmf5o4oosrh34f","previousOperationId":"bfvwwtmu2zpwn7a"}
{"type":"log","timestamp":1767115205364,"level":"debug","message":"Inline data specified.","meta":{"rootId":"frbvn48q68d8pho","id":"frbvn48q68d8pho"},"id":"3nnmvl0fgdfbabp","previousOperationId":"bfvwwtmu2zpwn7a"}
{"type":"log","timestamp":1767115205369,"level":"debug","message":"Base url not specified, skipping its injection.","meta":{"rootId":"frbvn48q68d8pho","id":"frbvn48q68d8pho"},"id":"pterojie6deqinn","previousOperationId":"bfvwwtmu2zpwn7a"}
{"type":"operationStart","subtype":"engine","name":"handlebars","timestamp":1767115205370,"id":"76oleev7kcdf64e","previousEventId":"4mb0rtugwoe8l2n","operationId":"vspps4c0jjdxb4l","previousOperationId":"bfvwwtmu2zpwn7a"}
{"type":"log","timestamp":1767115205370,"level":"debug","message":"Rendering engine handlebars","meta":{"rootId":"frbvn48q68d8pho","id":"frbvn48q68d8pho"},"id":"z9n1hx87t8j0y45","previousOperationId":"vspps4c0jjdxb4l"}
{"type":"operationEnd","operationId":"vspps4c0jjdxb4l","timestamp":1767115205399,"id":"q19xksq11ypvn2v","previousEventId":"76oleev7kcdf64e","previousOperationId":"vspps4c0jjdxb4l"}
{"type":"operationStart","subtype":"recipe","name":"pptx","timestamp":1767115205399,"id":"921tthvupfq0k16","previousEventId":"q19xksq11ypvn2v","operationId":"2574ltejzx58big","previousOperationId":"vspps4c0jjdxb4l"}
{"type":"log","timestamp":1767115205399,"level":"debug","message":"Executing recipe pptx","meta":{"rootId":"frbvn48q68d8pho","id":"frbvn48q68d8pho"},"id":"vlvrvs93e1ua7ai","previousOperationId":"2574ltejzx58big"}
{"type":"log","timestamp":1767115205420,"level":"info","message":"pptx generation is starting","meta":{"rootId":"frbvn48q68d8pho","id":"frbvn48q68d8pho"},"id":"la4t3p86ln04nod","previousOperationId":"2574ltejzx58big"}
{"type":"log","timestamp":1767115207231,"level":"debug","message":"Starting child request to render pptx dynamic parts","meta":{"rootId":"frbvn48q68d8pho","id":"frbvn48q68d8pho"},"id":"apc4csva2vkiyor","previousOperationId":"2574ltejzx58big"}
{"type":"operationStart","subtype":"render","name":"anonymous","previousOperationId":"2574ltejzx58big","timestamp":1767115207232,"id":"wkzxx9xok8bq3ss","previousEventId":"921tthvupfq0k16","operationId":"vitfhv0zuin9pvh"}
{"type":"log","timestamp":1767115207232,"level":"info","message":"Starting rendering (child) request","meta":{"rootId":"frbvn48q68d8pho","id":"jmwhpl7mp5rncj9"},"id":"k5inllaqhql6q9m","previousOperationId":"vitfhv0zuin9pvh"}
{"type":"log","timestamp":1767115207232,"level":"info","message":"Rendering anonymous template { recipe: html, engine: handlebars }","meta":{"rootId":"frbvn48q68d8pho","id":"jmwhpl7mp5rncj9"},"id":"yjajqiz0r97zhdn","previousOperationId":"vitfhv0zuin9pvh"}
{"type":"log","timestamp":1767115207232,"level":"debug","message":"Inline data specified.","meta":{"rootId":"frbvn48q68d8pho","id":"jmwhpl7mp5rncj9"},"id":"x6avawqe72qf6xh","previousOperationId":"vitfhv0zuin9pvh"}
{"type":"log","timestamp":1767115207241,"level":"debug","message":"Base url not specified, skipping its injection.","meta":{"rootId":"frbvn48q68d8pho","id":"jmwhpl7mp5rncj9"},"id":"malslpkahfmvdmy","previousOperationId":"vitfhv0zuin9pvh"}
{"type":"operationStart","subtype":"engine","name":"handlebars","timestamp":1767115207243,"id":"qtv9pemfbtvdjfx","previousEventId":"wkzxx9xok8bq3ss","operationId":"mq8mudqiztlqk1x","previousOperationId":"vitfhv0zuin9pvh"}
{"type":"log","timestamp":1767115207243,"level":"debug","message":"Rendering engine handlebars","meta":{"rootId":"frbvn48q68d8pho","id":"jmwhpl7mp5rncj9"},"id":"xssh9rzf9a2rfpx","previousOperationId":"mq8mudqiztlqk1x"}
{"type":"log","timestamp":1767115207433,"level":"debug","message":"(console:log) {\n  type: 'echarts@v5a',\n  width: 848,\n  height: 409,\n  option: { radar: [ [Object] ], series: [ [Object] ] }\n}","meta":{"userLevel":true,"rootId":"frbvn48q68d8pho","id":"jmwhpl7mp5rncj9"},"id":"ys8bhh4qpq31xh8","previousOperationId":"mq8mudqiztlqk1x"}
{"type":"operationEnd","operationId":"mq8mudqiztlqk1x","timestamp":1767115207444,"id":"v349jstsmqfx5wo","previousEventId":"qtv9pemfbtvdjfx","previousOperationId":"mq8mudqiztlqk1x"}
{"type":"operationStart","subtype":"recipe","name":"html","timestamp":1767115207462,"id":"i3hrddpr4715uwd","previousEventId":"v349jstsmqfx5wo","operationId":"ek848hno5u3c2a0","previousOperationId":"mq8mudqiztlqk1x"}
{"type":"log","timestamp":1767115207462,"level":"debug","message":"Executing recipe html","meta":{"rootId":"frbvn48q68d8pho","id":"jmwhpl7mp5rncj9"},"id":"nzdli2jcclpmzom","previousOperationId":"ek848hno5u3c2a0"}
{"type":"operationEnd","operationId":"ek848hno5u3c2a0","timestamp":1767115207462,"id":"ysvncderpq1xsjv","previousEventId":"i3hrddpr4715uwd","previousOperationId":"ek848hno5u3c2a0"}
{"type":"log","timestamp":1767115207462,"level":"debug","message":"Skipping storing report.","meta":{"rootId":"frbvn48q68d8pho","id":"jmwhpl7mp5rncj9"},"id":"oca8227sd90ixl1","previousOperationId":"ek848hno5u3c2a0"}
{"type":"log","timestamp":1767115207462,"level":"info","message":"Rendering (child) request finished in 2164 ms","meta":{"rootId":"frbvn48q68d8pho","id":"jmwhpl7mp5rncj9"},"id":"oji2lly6huv5xz5","previousOperationId":"ek848hno5u3c2a0"}
{"type":"operationEnd","subtype":"render","operationId":"vitfhv0zuin9pvh","timestamp":1767115207462,"id":"695dx23asi9i1xi","previousEventId":"ysvncderpq1xsjv","previousOperationId":"ek848hno5u3c2a0"}
{"type":"log","timestamp":1767115214998,"level":"debug","message":"pptx successfully zipped","meta":{"rootId":"frbvn48q68d8pho","id":"frbvn48q68d8pho"},"id":"xkzceczgzak0grg","previousOperationId":"2574ltejzx58big"}
{"type":"log","timestamp":1767115214998,"level":"info","message":"pptx generation was finished","meta":{"rootId":"frbvn48q68d8pho","id":"frbvn48q68d8pho"},"id":"eljm2rwgjai17oa","previousOperationId":"2574ltejzx58big"}
{"type":"operationEnd","operationId":"2574ltejzx58big","timestamp":1767115215009,"id":"zp7oy4zv2684ia7","previousEventId":"921tthvupfq0k16","previousOperationId":"2574ltejzx58big"}
{"type":"log","timestamp":1767115215009,"level":"debug","message":"Skipping storing report.","meta":{"rootId":"frbvn48q68d8pho","id":"frbvn48q68d8pho"},"id":"1b3xxbno8vujkat","previousOperationId":"2574ltejzx58big"}
{"type":"log","timestamp":1767115215009,"level":"info","message":"Rendering request 8 finished in 9711 ms","meta":{"rootId":"frbvn48q68d8pho","id":"frbvn48q68d8pho"},"id":"fjj4wrmmaeka890","previousOperationId":"2574ltejzx58big"}
{"type":"operationEnd","subtype":"render","operationId":"bfvwwtmu2zpwn7a","timestamp":1767115215009,"id":"pm90uvth6iwqjdt","previousEventId":"zp7oy4zv2684ia7","previousOperationId":"2574ltejzx58big"}
{"type":"operationEnd","doDiffs":false,"previousEventId":"dqskmi2jyervv24","previousOperationId":"ctl8kt2hqwna3al","operationId":"ctl8kt2hqwna3al","timestamp":1767115215015,"id":"9b5vc9ze4pxlzs1"}
