{"type":"operationStart","subtype":"profile","data":{"_id":"Xw1DYcJZh8m58JYI","timestamp":"2025-12-22T22:29:21.614Z","state":"running","mode":"standard","creationDate":"2025-12-22T22:29:21.618Z","modificationDate":"2025-12-22T22:29:21.618Z","shortid":"syN-PV2","$entitySet":"profiles","timeout":60000},"doDiffs":false,"timestamp":1766442561617,"id":"6aup8xq412xz95o","previousOperationId":null,"operationId":"unmkpabd284d9pb"}
{"type":"log","level":"info","message":"Render request 1 queued for execution and waiting for available worker","previousOperationId":"unmkpabd284d9pb","timestamp":1766442561617,"id":"4wsbekx0bbmgzvu"}
{"type":"operationStart","subtype":"render","name":"anonymous","previousOperationId":"unmkpabd284d9pb","timestamp":1766442561671,"id":"xxscsmy8frto9sa","previousEventId":"6aup8xq412xz95o","operationId":"lqnocp7beqjy6hu"}
{"type":"log","timestamp":1766442561672,"level":"info","message":"Starting rendering request 1","meta":{"rootId":"fsh3jsq7v781c4n","id":"fsh3jsq7v781c4n"},"id":"b87kj0lluqawvcv","previousOperationId":"lqnocp7beqjy6hu"}
{"type":"log","timestamp":1766442561673,"level":"info","message":"Rendering anonymous template { recipe: pptx, engine: handlebars }","meta":{"rootId":"fsh3jsq7v781c4n","id":"fsh3jsq7v781c4n"},"id":"hn7zv9iogyn2g8l","previousOperationId":"lqnocp7beqjy6hu"}
{"type":"log","timestamp":1766442561673,"level":"debug","message":"Inline data specified.","meta":{"rootId":"fsh3jsq7v781c4n","id":"fsh3jsq7v781c4n"},"id":"oqxx7u0y8qhra4g","previousOperationId":"lqnocp7beqjy6hu"}
{"type":"log","timestamp":1766442561677,"level":"debug","message":"Base url not specified, skipping its injection.","meta":{"rootId":"fsh3jsq7v781c4n","id":"fsh3jsq7v781c4n"},"id":"jklxkjqy340xhij","previousOperationId":"lqnocp7beqjy6hu"}
{"type":"operationStart","subtype":"engine","name":"handlebars","timestamp":1766442561678,"id":"9b7izx13tk8orqx","previousEventId":"xxscsmy8frto9sa","operationId":"5g6l9av6rpjambs","previousOperationId":"lqnocp7beqjy6hu"}
{"type":"log","timestamp":1766442561678,"level":"debug","message":"Rendering engine handlebars","meta":{"rootId":"fsh3jsq7v781c4n","id":"fsh3jsq7v781c4n"},"id":"4gztgmzi7yyk2ov","previousOperationId":"5g6l9av6rpjambs"}
{"type":"operationEnd","operationId":"5g6l9av6rpjambs","timestamp":1766442562510,"id":"jp1qxeof9h4zd3s","previousEventId":"9b7izx13tk8orqx","previousOperationId":"5g6l9av6rpjambs"}
{"type":"operationStart","subtype":"recipe","name":"pptx","timestamp":1766442562511,"id":"mz5fhri3e0gldgp","previousEventId":"jp1qxeof9h4zd3s","operationId":"fgz34l2upjn1l8n","previousOperationId":"5g6l9av6rpjambs"}
{"type":"log","timestamp":1766442562511,"level":"debug","message":"Executing recipe pptx","meta":{"rootId":"fsh3jsq7v781c4n","id":"fsh3jsq7v781c4n"},"id":"dd8zgk42ru2kgwq","previousOperationId":"fgz34l2upjn1l8n"}
{"type":"log","timestamp":1766442562674,"level":"info","message":"pptx generation is starting","meta":{"rootId":"fsh3jsq7v781c4n","id":"fsh3jsq7v781c4n"},"id":"a3j7gmmqev5bqlp","previousOperationId":"fgz34l2upjn1l8n"}
{"type":"log","timestamp":1766442563809,"level":"debug","message":"Starting child request to render pptx dynamic parts","meta":{"rootId":"fsh3jsq7v781c4n","id":"fsh3jsq7v781c4n"},"id":"id1irezjymsuilx","previousOperationId":"fgz34l2upjn1l8n"}
{"type":"operationStart","subtype":"render","name":"anonymous","previousOperationId":"fgz34l2upjn1l8n","timestamp":1766442563811,"id":"1w0rka0t8yr77my","previousEventId":"mz5fhri3e0gldgp","operationId":"ljhmvq81wzmg37n"}
{"type":"log","timestamp":1766442563811,"level":"info","message":"Starting rendering (child) request","meta":{"rootId":"fsh3jsq7v781c4n","id":"gu43av9p0syju5a"},"id":"3c21jeqhs36j0ba","previousOperationId":"ljhmvq81wzmg37n"}
{"type":"log","timestamp":1766442563811,"level":"info","message":"Rendering anonymous template { recipe: html, engine: handlebars }","meta":{"rootId":"fsh3jsq7v781c4n","id":"gu43av9p0syju5a"},"id":"owykhe3wkiertyp","previousOperationId":"ljhmvq81wzmg37n"}
{"type":"log","timestamp":1766442563811,"level":"debug","message":"Inline data specified.","meta":{"rootId":"fsh3jsq7v781c4n","id":"gu43av9p0syju5a"},"id":"npgygsyh55wgmwq","previousOperationId":"ljhmvq81wzmg37n"}
{"type":"log","timestamp":1766442563818,"level":"debug","message":"Base url not specified, skipping its injection.","meta":{"rootId":"fsh3jsq7v781c4n","id":"gu43av9p0syju5a"},"id":"zf2pamder7jk2dg","previousOperationId":"ljhmvq81wzmg37n"}
{"type":"operationStart","subtype":"engine","name":"handlebars","timestamp":1766442563820,"id":"4l79v803cbazsqz","previousEventId":"1w0rka0t8yr77my","operationId":"joti367fv04j809","previousOperationId":"ljhmvq81wzmg37n"}
{"type":"log","timestamp":1766442563821,"level":"debug","message":"Rendering engine handlebars","meta":{"rootId":"fsh3jsq7v781c4n","id":"gu43av9p0syju5a"},"id":"6jzpf3d7bd365xj","previousOperationId":"joti367fv04j809"}
{"type":"operationEnd","operationId":"joti367fv04j809","timestamp":1766442563934,"id":"ucz8dbc01cvrijk","previousEventId":"4l79v803cbazsqz","previousOperationId":"joti367fv04j809"}
{"type":"operationStart","subtype":"recipe","name":"html","timestamp":1766442563945,"id":"sq6smn8g8mm7ojq","previousEventId":"ucz8dbc01cvrijk","operationId":"vay558hq8701o83","previousOperationId":"joti367fv04j809"}
{"type":"log","timestamp":1766442563945,"level":"debug","message":"Executing recipe html","meta":{"rootId":"fsh3jsq7v781c4n","id":"gu43av9p0syju5a"},"id":"8n7h4lsrdkhl552","previousOperationId":"vay558hq8701o83"}
{"type":"operationEnd","operationId":"vay558hq8701o83","timestamp":1766442563945,"id":"zlcmoutii555gps","previousEventId":"sq6smn8g8mm7ojq","previousOperationId":"vay558hq8701o83"}
{"type":"log","timestamp":1766442563946,"level":"debug","message":"Skipping storing report.","meta":{"rootId":"fsh3jsq7v781c4n","id":"gu43av9p0syju5a"},"id":"f5xfz7rgih6hqlo","previousOperationId":"vay558hq8701o83"}
{"type":"log","timestamp":1766442563946,"level":"info","message":"Rendering (child) request finished in 2333 ms","meta":{"rootId":"fsh3jsq7v781c4n","id":"gu43av9p0syju5a"},"id":"1w948elcjt8b6d1","previousOperationId":"vay558hq8701o83"}
{"type":"operationEnd","subtype":"render","operationId":"ljhmvq81wzmg37n","timestamp":1766442563946,"id":"1ic45ptko1u9nd2","previousEventId":"zlcmoutii555gps","previousOperationId":"vay558hq8701o83"}
{"type":"log","timestamp":1766442567482,"level":"debug","message":"pptx successfully zipped","meta":{"rootId":"fsh3jsq7v781c4n","id":"fsh3jsq7v781c4n"},"id":"7awkcwuemhkke0p","previousOperationId":"fgz34l2upjn1l8n"}
{"type":"log","timestamp":1766442567482,"level":"info","message":"pptx generation was finished","meta":{"rootId":"fsh3jsq7v781c4n","id":"fsh3jsq7v781c4n"},"id":"jeq0drsfzod5av3","previousOperationId":"fgz34l2upjn1l8n"}
{"type":"operationEnd","operationId":"fgz34l2upjn1l8n","timestamp":1766442567492,"id":"0j0ihnfuxl6t688","previousEventId":"mz5fhri3e0gldgp","previousOperationId":"fgz34l2upjn1l8n"}
{"type":"log","timestamp":1766442567492,"level":"debug","message":"Skipping storing report.","meta":{"rootId":"fsh3jsq7v781c4n","id":"fsh3jsq7v781c4n"},"id":"w77zogexehdpr6b","previousOperationId":"fgz34l2upjn1l8n"}
{"type":"log","timestamp":1766442567492,"level":"info","message":"Rendering request 1 finished in 5879 ms","meta":{"rootId":"fsh3jsq7v781c4n","id":"fsh3jsq7v781c4n"},"id":"krajlq5qjik6bz5","previousOperationId":"fgz34l2upjn1l8n"}
{"type":"operationEnd","subtype":"render","operationId":"lqnocp7beqjy6hu","timestamp":1766442567492,"id":"5h85xd3rs9h0zi6","previousEventId":"0j0ihnfuxl6t688","previousOperationId":"fgz34l2upjn1l8n"}
{"type":"operationEnd","doDiffs":false,"previousEventId":"6aup8xq412xz95o","previousOperationId":"unmkpabd284d9pb","operationId":"unmkpabd284d9pb","timestamp":1766442567496,"id":"w0dmr1spm7581mk"}
