{"type":"operationStart","subtype":"profile","data":{"_id":"e8jxnb6QhHoOWBor","timestamp":"2025-12-07T20:34:46.432Z","state":"running","mode":"standard","creationDate":"2025-12-07T20:34:46.438Z","modificationDate":"2025-12-07T20:34:46.438Z","shortid":"Z0dUAgL","$entitySet":"profiles","timeout":60000},"doDiffs":false,"timestamp":1765139686434,"id":"9pvvdkthwtjquql","previousOperationId":null,"operationId":"m53vo9dbk8uuzhr"}
{"type":"log","level":"info","message":"Render request 45 queued for execution and waiting for available worker","previousOperationId":"m53vo9dbk8uuzhr","timestamp":1765139686434,"id":"avw5s9ud4gj2x1a"}
{"type":"operationStart","subtype":"render","name":"anonymous","previousOperationId":"m53vo9dbk8uuzhr","timestamp":1765139686485,"id":"fpnh05fspdxhw5p","previousEventId":"9pvvdkthwtjquql","operationId":"mx9alr0gtw94uh1"}
{"type":"log","timestamp":1765139686485,"level":"info","message":"Starting rendering request 45","meta":{"rootId":"fwktytcqy7l5ybo","id":"fwktytcqy7l5ybo"},"id":"1x1uw5sfw9iih0g","previousOperationId":"mx9alr0gtw94uh1"}
{"type":"log","timestamp":1765139686486,"level":"info","message":"Rendering anonymous template { recipe: pptx, engine: handlebars }","meta":{"rootId":"fwktytcqy7l5ybo","id":"fwktytcqy7l5ybo"},"id":"l9u6puisjmvmqpf","previousOperationId":"mx9alr0gtw94uh1"}
{"type":"log","timestamp":1765139686486,"level":"debug","message":"Inline data specified.","meta":{"rootId":"fwktytcqy7l5ybo","id":"fwktytcqy7l5ybo"},"id":"qgal9gu68y3o8cl","previousOperationId":"mx9alr0gtw94uh1"}
{"type":"log","timestamp":1765139686492,"level":"debug","message":"Base url not specified, skipping its injection.","meta":{"rootId":"fwktytcqy7l5ybo","id":"fwktytcqy7l5ybo"},"id":"y5s3kmd8k2k031u","previousOperationId":"mx9alr0gtw94uh1"}
{"type":"operationStart","subtype":"engine","name":"handlebars","timestamp":1765139686493,"id":"vaulgffie08fbfi","previousEventId":"fpnh05fspdxhw5p","operationId":"mzpuotc5f530d11","previousOperationId":"mx9alr0gtw94uh1"}
{"type":"log","timestamp":1765139686493,"level":"debug","message":"Rendering engine handlebars","meta":{"rootId":"fwktytcqy7l5ybo","id":"fwktytcqy7l5ybo"},"id":"2apbjvm7o2dbk3j","previousOperationId":"mzpuotc5f530d11"}
{"type":"operationEnd","operationId":"mzpuotc5f530d11","timestamp":1765139686509,"id":"q13p73366r5hkbq","previousEventId":"vaulgffie08fbfi","previousOperationId":"mzpuotc5f530d11"}
{"type":"operationStart","subtype":"recipe","name":"pptx","timestamp":1765139686510,"id":"l74ensdqbj6iguf","previousEventId":"q13p73366r5hkbq","operationId":"va404ptwko2edno","previousOperationId":"mzpuotc5f530d11"}
{"type":"log","timestamp":1765139686510,"level":"debug","message":"Executing recipe pptx","meta":{"rootId":"fwktytcqy7l5ybo","id":"fwktytcqy7l5ybo"},"id":"kejo6r0oygbts8b","previousOperationId":"va404ptwko2edno"}
{"type":"log","timestamp":1765139686528,"level":"info","message":"pptx generation is starting","meta":{"rootId":"fwktytcqy7l5ybo","id":"fwktytcqy7l5ybo"},"id":"snvt2dv406x2l23","previousOperationId":"va404ptwko2edno"}
{"type":"log","timestamp":1765139687592,"level":"debug","message":"Starting child request to render pptx dynamic parts","meta":{"rootId":"fwktytcqy7l5ybo","id":"fwktytcqy7l5ybo"},"id":"gbyceb8lmq3g3t5","previousOperationId":"va404ptwko2edno"}
{"type":"operationStart","subtype":"render","name":"anonymous","previousOperationId":"va404ptwko2edno","timestamp":1765139687592,"id":"x92nsn51gmbdfvi","previousEventId":"l74ensdqbj6iguf","operationId":"5lwe45u7gyrpkrr"}
{"type":"log","timestamp":1765139687593,"level":"info","message":"Starting rendering (child) request","meta":{"rootId":"fwktytcqy7l5ybo","id":"1zmeyu7mrjuuut6"},"id":"scrzg0j0iy0wrqr","previousOperationId":"5lwe45u7gyrpkrr"}
{"type":"log","timestamp":1765139687593,"level":"info","message":"Rendering anonymous template { recipe: html, engine: handlebars }","meta":{"rootId":"fwktytcqy7l5ybo","id":"1zmeyu7mrjuuut6"},"id":"55c36p3l7bbqk03","previousOperationId":"5lwe45u7gyrpkrr"}
{"type":"log","timestamp":1765139687593,"level":"debug","message":"Inline data specified.","meta":{"rootId":"fwktytcqy7l5ybo","id":"1zmeyu7mrjuuut6"},"id":"h37ucb3d2itmzpt","previousOperationId":"5lwe45u7gyrpkrr"}
{"type":"log","timestamp":1765139687605,"level":"debug","message":"Base url not specified, skipping its injection.","meta":{"rootId":"fwktytcqy7l5ybo","id":"1zmeyu7mrjuuut6"},"id":"k1hszqr7ybk4ay9","previousOperationId":"5lwe45u7gyrpkrr"}
{"type":"operationStart","subtype":"engine","name":"handlebars","timestamp":1765139687606,"id":"k4b9gi9lhobh2rj","previousEventId":"x92nsn51gmbdfvi","operationId":"g8m6f7xa10mgwpg","previousOperationId":"5lwe45u7gyrpkrr"}
{"type":"log","timestamp":1765139687606,"level":"debug","message":"Rendering engine handlebars","meta":{"rootId":"fwktytcqy7l5ybo","id":"1zmeyu7mrjuuut6"},"id":"iv57t298stp9ror","previousOperationId":"g8m6f7xa10mgwpg"}
{"type":"operationEnd","operationId":"g8m6f7xa10mgwpg","timestamp":1765139687695,"id":"ouoizqgaznkw474","previousEventId":"k4b9gi9lhobh2rj","previousOperationId":"g8m6f7xa10mgwpg"}
{"type":"operationStart","subtype":"recipe","name":"html","timestamp":1765139687708,"id":"q7n5aop70qoxs99","previousEventId":"ouoizqgaznkw474","operationId":"cp3xrq4rhl6tjfj","previousOperationId":"g8m6f7xa10mgwpg"}
{"type":"log","timestamp":1765139687708,"level":"debug","message":"Executing recipe html","meta":{"rootId":"fwktytcqy7l5ybo","id":"1zmeyu7mrjuuut6"},"id":"5zn89z3fi2yt776","previousOperationId":"cp3xrq4rhl6tjfj"}
{"type":"operationEnd","operationId":"cp3xrq4rhl6tjfj","timestamp":1765139687708,"id":"up1sk9rkyo2g012","previousEventId":"q7n5aop70qoxs99","previousOperationId":"cp3xrq4rhl6tjfj"}
{"type":"log","timestamp":1765139687708,"level":"debug","message":"Skipping storing report.","meta":{"rootId":"fwktytcqy7l5ybo","id":"1zmeyu7mrjuuut6"},"id":"l3iaxchit7as0es","previousOperationId":"cp3xrq4rhl6tjfj"}
{"type":"log","timestamp":1765139687708,"level":"info","message":"Rendering (child) request finished in 1279 ms","meta":{"rootId":"fwktytcqy7l5ybo","id":"1zmeyu7mrjuuut6"},"id":"071ccny96peod18","previousOperationId":"cp3xrq4rhl6tjfj"}
{"type":"operationEnd","subtype":"render","operationId":"5lwe45u7gyrpkrr","timestamp":1765139687708,"id":"mf5sx163q1xc097","previousEventId":"up1sk9rkyo2g012","previousOperationId":"cp3xrq4rhl6tjfj"}
{"type":"log","timestamp":1765139697938,"level":"debug","message":"pptx successfully zipped","meta":{"rootId":"fwktytcqy7l5ybo","id":"fwktytcqy7l5ybo"},"id":"z8tn2y8u3os71bz","previousOperationId":"va404ptwko2edno"}
{"type":"log","timestamp":1765139697938,"level":"info","message":"pptx generation was finished","meta":{"rootId":"fwktytcqy7l5ybo","id":"fwktytcqy7l5ybo"},"id":"uin77jf32k3syhi","previousOperationId":"va404ptwko2edno"}
{"type":"operationEnd","operationId":"va404ptwko2edno","timestamp":1765139697945,"id":"mpu4j9xsrkl6now","previousEventId":"l74ensdqbj6iguf","previousOperationId":"va404ptwko2edno"}
{"type":"log","timestamp":1765139697945,"level":"debug","message":"Skipping storing report.","meta":{"rootId":"fwktytcqy7l5ybo","id":"fwktytcqy7l5ybo"},"id":"5ycii3uyssn6z8i","previousOperationId":"va404ptwko2edno"}
{"type":"log","timestamp":1765139697945,"level":"info","message":"Rendering request 45 finished in 11516 ms","meta":{"rootId":"fwktytcqy7l5ybo","id":"fwktytcqy7l5ybo"},"id":"v77hrm8k1wd6je2","previousOperationId":"va404ptwko2edno"}
{"type":"operationEnd","subtype":"render","operationId":"mx9alr0gtw94uh1","timestamp":1765139697945,"id":"yuasuzo33ckns6h","previousEventId":"mpu4j9xsrkl6now","previousOperationId":"va404ptwko2edno"}
{"type":"operationEnd","doDiffs":false,"previousEventId":"9pvvdkthwtjquql","previousOperationId":"m53vo9dbk8uuzhr","operationId":"m53vo9dbk8uuzhr","timestamp":1765139697951,"id":"k26gmipb7up3sl1"}
