{"type":"operationStart","subtype":"profile","data":{"_id":"4UG495VIavoxCd2G","timestamp":"2025-12-26T12:21:08.819Z","state":"running","mode":"standard","creationDate":"2025-12-26T12:21:08.827Z","modificationDate":"2025-12-26T12:21:08.827Z","shortid":"SuVx28e","$entitySet":"profiles","timeout":60000},"doDiffs":false,"timestamp":1766751668824,"id":"uiat6s28m9f26b7","previousOperationId":null,"operationId":"i69q228zxt9ytfc"}
{"type":"log","level":"info","message":"Render request 2 queued for execution and waiting for available worker","previousOperationId":"i69q228zxt9ytfc","timestamp":1766751668824,"id":"xdu50yiao34mq36"}
{"type":"operationStart","subtype":"render","name":"anonymous","previousOperationId":"i69q228zxt9ytfc","timestamp":1766751668896,"id":"vg9v8lvbd6klitt","previousEventId":"uiat6s28m9f26b7","operationId":"yduniw91gwin6um"}
{"type":"log","timestamp":1766751668898,"level":"info","message":"Starting rendering request 2","meta":{"rootId":"fwq3pehgdruaf6e","id":"fwq3pehgdruaf6e"},"id":"cmqkb3a5e0qudja","previousOperationId":"yduniw91gwin6um"}
{"type":"log","timestamp":1766751668900,"level":"info","message":"Rendering anonymous template { recipe: pptx, engine: handlebars }","meta":{"rootId":"fwq3pehgdruaf6e","id":"fwq3pehgdruaf6e"},"id":"87zh6dtiw656kcn","previousOperationId":"yduniw91gwin6um"}
{"type":"log","timestamp":1766751668901,"level":"debug","message":"Inline data specified.","meta":{"rootId":"fwq3pehgdruaf6e","id":"fwq3pehgdruaf6e"},"id":"xvdc1gv8obgvjv5","previousOperationId":"yduniw91gwin6um"}
{"type":"log","timestamp":1766751668906,"level":"debug","message":"Base url not specified, skipping its injection.","meta":{"rootId":"fwq3pehgdruaf6e","id":"fwq3pehgdruaf6e"},"id":"na1sm7ram78x91f","previousOperationId":"yduniw91gwin6um"}
{"type":"operationStart","subtype":"engine","name":"handlebars","timestamp":1766751668909,"id":"kyp70wg27q56vp5","previousEventId":"vg9v8lvbd6klitt","operationId":"laixw75j8e2cjn6","previousOperationId":"yduniw91gwin6um"}
{"type":"log","timestamp":1766751668909,"level":"debug","message":"Rendering engine handlebars","meta":{"rootId":"fwq3pehgdruaf6e","id":"fwq3pehgdruaf6e"},"id":"9v8pg7futc0squ0","previousOperationId":"laixw75j8e2cjn6"}
{"type":"operationEnd","operationId":"laixw75j8e2cjn6","timestamp":1766751670110,"id":"4qa5v8p6z41clx4","previousEventId":"kyp70wg27q56vp5","previousOperationId":"laixw75j8e2cjn6"}
{"type":"operationStart","subtype":"recipe","name":"pptx","timestamp":1766751670111,"id":"ngdkbbxag1fted8","previousEventId":"4qa5v8p6z41clx4","operationId":"yrexx6cu88pxio3","previousOperationId":"laixw75j8e2cjn6"}
{"type":"log","timestamp":1766751670111,"level":"debug","message":"Executing recipe pptx","meta":{"rootId":"fwq3pehgdruaf6e","id":"fwq3pehgdruaf6e"},"id":"7ajr6o6h7ep3ff8","previousOperationId":"yrexx6cu88pxio3"}
{"type":"log","timestamp":1766751670377,"level":"info","message":"pptx generation is starting","meta":{"rootId":"fwq3pehgdruaf6e","id":"fwq3pehgdruaf6e"},"id":"4qfe24wws7jx8av","previousOperationId":"yrexx6cu88pxio3"}
{"type":"log","timestamp":1766751672146,"level":"debug","message":"Starting child request to render pptx dynamic parts","meta":{"rootId":"fwq3pehgdruaf6e","id":"fwq3pehgdruaf6e"},"id":"efzg748p5qc8xg7","previousOperationId":"yrexx6cu88pxio3"}
{"type":"operationStart","subtype":"render","name":"anonymous","previousOperationId":"yrexx6cu88pxio3","timestamp":1766751672147,"id":"b25hg62v3lyy65z","previousEventId":"ngdkbbxag1fted8","operationId":"ujwz19mo1lxxvou"}
{"type":"log","timestamp":1766751672147,"level":"info","message":"Starting rendering (child) request","meta":{"rootId":"fwq3pehgdruaf6e","id":"6djildelqv7ozty"},"id":"nyiub2ssj5h64zw","previousOperationId":"ujwz19mo1lxxvou"}
{"type":"log","timestamp":1766751672148,"level":"info","message":"Rendering anonymous template { recipe: html, engine: handlebars }","meta":{"rootId":"fwq3pehgdruaf6e","id":"6djildelqv7ozty"},"id":"wxb3v0pp4osn8f0","previousOperationId":"ujwz19mo1lxxvou"}
{"type":"log","timestamp":1766751672148,"level":"debug","message":"Inline data specified.","meta":{"rootId":"fwq3pehgdruaf6e","id":"6djildelqv7ozty"},"id":"ep2qmmdujmlgqyp","previousOperationId":"ujwz19mo1lxxvou"}
{"type":"log","timestamp":1766751672155,"level":"debug","message":"Base url not specified, skipping its injection.","meta":{"rootId":"fwq3pehgdruaf6e","id":"6djildelqv7ozty"},"id":"mi995q9igrc0bd1","previousOperationId":"ujwz19mo1lxxvou"}
{"type":"operationStart","subtype":"engine","name":"handlebars","timestamp":1766751672157,"id":"l6yiejdy1qnwyhg","previousEventId":"b25hg62v3lyy65z","operationId":"we1f6lpns9g9n07","previousOperationId":"ujwz19mo1lxxvou"}
{"type":"log","timestamp":1766751672158,"level":"debug","message":"Rendering engine handlebars","meta":{"rootId":"fwq3pehgdruaf6e","id":"6djildelqv7ozty"},"id":"wwsdilxbab7qtdn","previousOperationId":"we1f6lpns9g9n07"}
{"type":"operationEnd","operationId":"we1f6lpns9g9n07","timestamp":1766751672341,"id":"hkb62tv71b79znx","previousEventId":"l6yiejdy1qnwyhg","previousOperationId":"we1f6lpns9g9n07"}
{"type":"operationStart","subtype":"recipe","name":"html","timestamp":1766751672358,"id":"nmbyfpa1h4nnsti","previousEventId":"hkb62tv71b79znx","operationId":"q5g74izzgb43tud","previousOperationId":"we1f6lpns9g9n07"}
{"type":"log","timestamp":1766751672358,"level":"debug","message":"Executing recipe html","meta":{"rootId":"fwq3pehgdruaf6e","id":"6djildelqv7ozty"},"id":"wbjglrn3cdm57ky","previousOperationId":"q5g74izzgb43tud"}
{"type":"operationEnd","operationId":"q5g74izzgb43tud","timestamp":1766751672358,"id":"g3tas9r1gqchftl","previousEventId":"nmbyfpa1h4nnsti","previousOperationId":"q5g74izzgb43tud"}
{"type":"log","timestamp":1766751672360,"level":"debug","message":"Skipping storing report.","meta":{"rootId":"fwq3pehgdruaf6e","id":"6djildelqv7ozty"},"id":"h599qvc71ni04qg","previousOperationId":"q5g74izzgb43tud"}
{"type":"log","timestamp":1766751672360,"level":"info","message":"Rendering (child) request finished in 3542 ms","meta":{"rootId":"fwq3pehgdruaf6e","id":"6djildelqv7ozty"},"id":"1xqigcrqadl3voj","previousOperationId":"q5g74izzgb43tud"}
{"type":"operationEnd","subtype":"render","operationId":"ujwz19mo1lxxvou","timestamp":1766751672360,"id":"6noe5o87zpwelnz","previousEventId":"g3tas9r1gqchftl","previousOperationId":"q5g74izzgb43tud"}
{"type":"log","timestamp":1766751678902,"level":"debug","message":"pptx successfully zipped","meta":{"rootId":"fwq3pehgdruaf6e","id":"fwq3pehgdruaf6e"},"id":"sf5rug0hob31yea","previousOperationId":"yrexx6cu88pxio3"}
{"type":"log","timestamp":1766751678903,"level":"info","message":"pptx generation was finished","meta":{"rootId":"fwq3pehgdruaf6e","id":"fwq3pehgdruaf6e"},"id":"pbuzbsyormgblev","previousOperationId":"yrexx6cu88pxio3"}
{"type":"operationEnd","operationId":"yrexx6cu88pxio3","timestamp":1766751678923,"id":"6jc55pdmoooh2f4","previousEventId":"ngdkbbxag1fted8","previousOperationId":"yrexx6cu88pxio3"}
{"type":"log","timestamp":1766751678923,"level":"debug","message":"Skipping storing report.","meta":{"rootId":"fwq3pehgdruaf6e","id":"fwq3pehgdruaf6e"},"id":"adpackfhdu5xrgd","previousOperationId":"yrexx6cu88pxio3"}
{"type":"log","timestamp":1766751678923,"level":"info","message":"Rendering request 2 finished in 10105 ms","meta":{"rootId":"fwq3pehgdruaf6e","id":"fwq3pehgdruaf6e"},"id":"2zwgbay5ynvd6i5","previousOperationId":"yrexx6cu88pxio3"}
{"type":"operationEnd","subtype":"render","operationId":"yduniw91gwin6um","timestamp":1766751678923,"id":"6bj7j7fnzk8yncd","previousEventId":"6jc55pdmoooh2f4","previousOperationId":"yrexx6cu88pxio3"}
{"type":"operationEnd","doDiffs":false,"previousEventId":"uiat6s28m9f26b7","previousOperationId":"i69q228zxt9ytfc","operationId":"i69q228zxt9ytfc","timestamp":1766751678931,"id":"44n6dl9dga4esw1"}
