{"type":"operationStart","subtype":"profile","data":{"_id":"qu83uy5k3gXnMgOF","timestamp":"2025-12-26T13:01:39.850Z","state":"running","mode":"standard","creationDate":"2025-12-26T13:01:39.860Z","modificationDate":"2025-12-26T13:01:39.860Z","shortid":"NZ7gOkh","$entitySet":"profiles","timeout":60000},"doDiffs":false,"timestamp":1766754099857,"id":"qyg5zebi591ocgr","previousOperationId":null,"operationId":"8jqn1pr8uxnqtpu"}
{"type":"log","level":"info","message":"Render request 2 queued for execution and waiting for available worker","previousOperationId":"8jqn1pr8uxnqtpu","timestamp":1766754099858,"id":"ecwriho7kcom85d"}
{"type":"operationStart","subtype":"render","name":"anonymous","previousOperationId":"8jqn1pr8uxnqtpu","timestamp":1766754099928,"id":"g8lpig4k0n58m0b","previousEventId":"qyg5zebi591ocgr","operationId":"jt3tbhi041zu66k"}
{"type":"log","timestamp":1766754099930,"level":"info","message":"Starting rendering request 2","meta":{"rootId":"g1dtoc0n7wvf892","id":"g1dtoc0n7wvf892"},"id":"l9fskl76l530ixm","previousOperationId":"jt3tbhi041zu66k"}
{"type":"log","timestamp":1766754099933,"level":"info","message":"Rendering anonymous template { recipe: pptx, engine: handlebars }","meta":{"rootId":"g1dtoc0n7wvf892","id":"g1dtoc0n7wvf892"},"id":"7j6t67kttm4jnw4","previousOperationId":"jt3tbhi041zu66k"}
{"type":"log","timestamp":1766754099934,"level":"debug","message":"Inline data specified.","meta":{"rootId":"g1dtoc0n7wvf892","id":"g1dtoc0n7wvf892"},"id":"hmxl28nkaf56l1r","previousOperationId":"jt3tbhi041zu66k"}
{"type":"log","timestamp":1766754099940,"level":"debug","message":"Base url not specified, skipping its injection.","meta":{"rootId":"g1dtoc0n7wvf892","id":"g1dtoc0n7wvf892"},"id":"kwuun122dugb8k6","previousOperationId":"jt3tbhi041zu66k"}
{"type":"operationStart","subtype":"engine","name":"handlebars","timestamp":1766754099944,"id":"nht42gxct6qj4zo","previousEventId":"g8lpig4k0n58m0b","operationId":"farpweip2k282cm","previousOperationId":"jt3tbhi041zu66k"}
{"type":"log","timestamp":1766754099944,"level":"debug","message":"Rendering engine handlebars","meta":{"rootId":"g1dtoc0n7wvf892","id":"g1dtoc0n7wvf892"},"id":"9hxmotws2u99uqv","previousOperationId":"farpweip2k282cm"}
{"type":"operationEnd","operationId":"farpweip2k282cm","timestamp":1766754101284,"id":"3kscgdmnrmgf0x9","previousEventId":"nht42gxct6qj4zo","previousOperationId":"farpweip2k282cm"}
{"type":"operationStart","subtype":"recipe","name":"pptx","timestamp":1766754101286,"id":"ihedr130xtk13pj","previousEventId":"3kscgdmnrmgf0x9","operationId":"cf8utozln28lx28","previousOperationId":"farpweip2k282cm"}
{"type":"log","timestamp":1766754101286,"level":"debug","message":"Executing recipe pptx","meta":{"rootId":"g1dtoc0n7wvf892","id":"g1dtoc0n7wvf892"},"id":"2wabqlk1tk410sb","previousOperationId":"cf8utozln28lx28"}
{"type":"log","timestamp":1766754101556,"level":"info","message":"pptx generation is starting","meta":{"rootId":"g1dtoc0n7wvf892","id":"g1dtoc0n7wvf892"},"id":"2sxvdgo5im8rm27","previousOperationId":"cf8utozln28lx28"}
{"type":"log","timestamp":1766754103381,"level":"debug","message":"Starting child request to render pptx dynamic parts","meta":{"rootId":"g1dtoc0n7wvf892","id":"g1dtoc0n7wvf892"},"id":"9fkjjga1wp1kfvw","previousOperationId":"cf8utozln28lx28"}
{"type":"operationStart","subtype":"render","name":"anonymous","previousOperationId":"cf8utozln28lx28","timestamp":1766754103383,"id":"hrfdacqebf6dvex","previousEventId":"ihedr130xtk13pj","operationId":"o7muy861c4xmkso"}
{"type":"log","timestamp":1766754103383,"level":"info","message":"Starting rendering (child) request","meta":{"rootId":"g1dtoc0n7wvf892","id":"q6yaby385fmtg0y"},"id":"8ktem2tct7r5bps","previousOperationId":"o7muy861c4xmkso"}
{"type":"log","timestamp":1766754103383,"level":"info","message":"Rendering anonymous template { recipe: html, engine: handlebars }","meta":{"rootId":"g1dtoc0n7wvf892","id":"q6yaby385fmtg0y"},"id":"sfee1xn1y48azr9","previousOperationId":"o7muy861c4xmkso"}
{"type":"log","timestamp":1766754103383,"level":"debug","message":"Inline data specified.","meta":{"rootId":"g1dtoc0n7wvf892","id":"q6yaby385fmtg0y"},"id":"w3ed4lf79ucpbkv","previousOperationId":"o7muy861c4xmkso"}
{"type":"log","timestamp":1766754103390,"level":"debug","message":"Base url not specified, skipping its injection.","meta":{"rootId":"g1dtoc0n7wvf892","id":"q6yaby385fmtg0y"},"id":"14rcmw46dwgt3rj","previousOperationId":"o7muy861c4xmkso"}
{"type":"operationStart","subtype":"engine","name":"handlebars","timestamp":1766754103394,"id":"6wfv9in9adengus","previousEventId":"hrfdacqebf6dvex","operationId":"cacn8nhgm6k5bmy","previousOperationId":"o7muy861c4xmkso"}
{"type":"log","timestamp":1766754103394,"level":"debug","message":"Rendering engine handlebars","meta":{"rootId":"g1dtoc0n7wvf892","id":"q6yaby385fmtg0y"},"id":"9eh0vu7cjndk8hr","previousOperationId":"cacn8nhgm6k5bmy"}
{"type":"operationEnd","operationId":"cacn8nhgm6k5bmy","timestamp":1766754103587,"id":"jg4nndxftsthsrh","previousEventId":"6wfv9in9adengus","previousOperationId":"cacn8nhgm6k5bmy"}
{"type":"operationStart","subtype":"recipe","name":"html","timestamp":1766754103602,"id":"vch6a5w02h4fbkp","previousEventId":"jg4nndxftsthsrh","operationId":"006awbp8w9h2ypm","previousOperationId":"cacn8nhgm6k5bmy"}
{"type":"log","timestamp":1766754103603,"level":"debug","message":"Executing recipe html","meta":{"rootId":"g1dtoc0n7wvf892","id":"q6yaby385fmtg0y"},"id":"nuhkwc04y5gb9pz","previousOperationId":"006awbp8w9h2ypm"}
{"type":"operationEnd","operationId":"006awbp8w9h2ypm","timestamp":1766754103603,"id":"zyk99qzfdq0w94a","previousEventId":"vch6a5w02h4fbkp","previousOperationId":"006awbp8w9h2ypm"}
{"type":"log","timestamp":1766754103605,"level":"debug","message":"Skipping storing report.","meta":{"rootId":"g1dtoc0n7wvf892","id":"q6yaby385fmtg0y"},"id":"oxo9anuvls5zi5h","previousOperationId":"006awbp8w9h2ypm"}
{"type":"log","timestamp":1766754103605,"level":"info","message":"Rendering (child) request finished in 3756 ms","meta":{"rootId":"g1dtoc0n7wvf892","id":"q6yaby385fmtg0y"},"id":"0884hni6jltu8j1","previousOperationId":"006awbp8w9h2ypm"}
{"type":"operationEnd","subtype":"render","operationId":"o7muy861c4xmkso","timestamp":1766754103605,"id":"i55rd85qecq3sih","previousEventId":"zyk99qzfdq0w94a","previousOperationId":"006awbp8w9h2ypm"}
{"type":"log","timestamp":1766754111125,"level":"debug","message":"pptx successfully zipped","meta":{"rootId":"g1dtoc0n7wvf892","id":"g1dtoc0n7wvf892"},"id":"jbl85khum61n217","previousOperationId":"cf8utozln28lx28"}
{"type":"log","timestamp":1766754111125,"level":"info","message":"pptx generation was finished","meta":{"rootId":"g1dtoc0n7wvf892","id":"g1dtoc0n7wvf892"},"id":"6twfrvwfd87qpl2","previousOperationId":"cf8utozln28lx28"}
{"type":"operationEnd","operationId":"cf8utozln28lx28","timestamp":1766754111141,"id":"nw23axposynk3ug","previousEventId":"ihedr130xtk13pj","previousOperationId":"cf8utozln28lx28"}
{"type":"log","timestamp":1766754111141,"level":"debug","message":"Skipping storing report.","meta":{"rootId":"g1dtoc0n7wvf892","id":"g1dtoc0n7wvf892"},"id":"crrngedmej8a6y0","previousOperationId":"cf8utozln28lx28"}
{"type":"log","timestamp":1766754111141,"level":"info","message":"Rendering request 2 finished in 11292 ms","meta":{"rootId":"g1dtoc0n7wvf892","id":"g1dtoc0n7wvf892"},"id":"c1f0biiggyb62mm","previousOperationId":"cf8utozln28lx28"}
{"type":"operationEnd","subtype":"render","operationId":"jt3tbhi041zu66k","timestamp":1766754111141,"id":"uuauhjgjq690k12","previousEventId":"nw23axposynk3ug","previousOperationId":"cf8utozln28lx28"}
{"type":"operationEnd","doDiffs":false,"previousEventId":"qyg5zebi591ocgr","previousOperationId":"8jqn1pr8uxnqtpu","operationId":"8jqn1pr8uxnqtpu","timestamp":1766754111147,"id":"zipjdddeqxoy27d"}
