{"type":"operationStart","subtype":"profile","data":{"_id":"sgrQ0v89hIAlzOMu","timestamp":"2025-12-30T20:19:15.708Z","state":"running","mode":"standard","creationDate":"2025-12-30T20:19:15.713Z","modificationDate":"2025-12-30T20:19:15.713Z","shortid":"b-c5Zlj","$entitySet":"profiles","timeout":60000},"doDiffs":false,"timestamp":1767125955711,"id":"67u2nbwv88kj1ci","previousOperationId":null,"operationId":"xbegppy3dodi4o8"}
{"type":"log","level":"info","message":"Render request 6 queued for execution and waiting for available worker","previousOperationId":"xbegppy3dodi4o8","timestamp":1767125955711,"id":"arny9bz3iuehc0v"}
{"type":"operationStart","subtype":"render","name":"anonymous","previousOperationId":"xbegppy3dodi4o8","timestamp":1767125955783,"id":"4fr71c1i3yls4yh","previousEventId":"67u2nbwv88kj1ci","operationId":"5ef2861bo100pdw"}
{"type":"log","timestamp":1767125955783,"level":"info","message":"Starting rendering request 6","meta":{"rootId":"g27p84js85lha2c","id":"g27p84js85lha2c"},"id":"fbrt2c3rduev61d","previousOperationId":"5ef2861bo100pdw"}
{"type":"log","timestamp":1767125955784,"level":"info","message":"Rendering anonymous template { recipe: pptx, engine: handlebars }","meta":{"rootId":"g27p84js85lha2c","id":"g27p84js85lha2c"},"id":"uqess5oah158gif","previousOperationId":"5ef2861bo100pdw"}
{"type":"log","timestamp":1767125955784,"level":"debug","message":"Inline data specified.","meta":{"rootId":"g27p84js85lha2c","id":"g27p84js85lha2c"},"id":"otmaeqwarl4goxy","previousOperationId":"5ef2861bo100pdw"}
{"type":"log","timestamp":1767125955787,"level":"debug","message":"Base url not specified, skipping its injection.","meta":{"rootId":"g27p84js85lha2c","id":"g27p84js85lha2c"},"id":"z172f12gpvwtiba","previousOperationId":"5ef2861bo100pdw"}
{"type":"operationStart","subtype":"engine","name":"handlebars","timestamp":1767125955788,"id":"2nzjpsyc892k0yo","previousEventId":"4fr71c1i3yls4yh","operationId":"3nxavyt9pd7qbbq","previousOperationId":"5ef2861bo100pdw"}
{"type":"log","timestamp":1767125955788,"level":"debug","message":"Rendering engine handlebars","meta":{"rootId":"g27p84js85lha2c","id":"g27p84js85lha2c"},"id":"1hxgzpnd1x4xej9","previousOperationId":"3nxavyt9pd7qbbq"}
{"type":"operationEnd","operationId":"3nxavyt9pd7qbbq","timestamp":1767125955802,"id":"yvft2ovyq95mliq","previousEventId":"2nzjpsyc892k0yo","previousOperationId":"3nxavyt9pd7qbbq"}
{"type":"operationStart","subtype":"recipe","name":"pptx","timestamp":1767125955803,"id":"bz0pzsif9d8yd9y","previousEventId":"yvft2ovyq95mliq","operationId":"iqb15nqxxwl3kez","previousOperationId":"3nxavyt9pd7qbbq"}
{"type":"log","timestamp":1767125955803,"level":"debug","message":"Executing recipe pptx","meta":{"rootId":"g27p84js85lha2c","id":"g27p84js85lha2c"},"id":"pgvqcmu1vlm59o4","previousOperationId":"iqb15nqxxwl3kez"}
{"type":"log","timestamp":1767125955823,"level":"info","message":"pptx generation is starting","meta":{"rootId":"g27p84js85lha2c","id":"g27p84js85lha2c"},"id":"61lu6ncdjcmbij8","previousOperationId":"iqb15nqxxwl3kez"}
{"type":"log","timestamp":1767125957036,"level":"debug","message":"Starting child request to render pptx dynamic parts","meta":{"rootId":"g27p84js85lha2c","id":"g27p84js85lha2c"},"id":"utzcfopzjyjt4aq","previousOperationId":"iqb15nqxxwl3kez"}
{"type":"operationStart","subtype":"render","name":"anonymous","previousOperationId":"iqb15nqxxwl3kez","timestamp":1767125957037,"id":"a78732uk9yzp89z","previousEventId":"bz0pzsif9d8yd9y","operationId":"4ull3h5l8tm2xpw"}
{"type":"log","timestamp":1767125957037,"level":"info","message":"Starting rendering (child) request","meta":{"rootId":"g27p84js85lha2c","id":"iet0akdv2r3y9qa"},"id":"tttj2dixzxd148u","previousOperationId":"4ull3h5l8tm2xpw"}
{"type":"log","timestamp":1767125957037,"level":"info","message":"Rendering anonymous template { recipe: html, engine: handlebars }","meta":{"rootId":"g27p84js85lha2c","id":"iet0akdv2r3y9qa"},"id":"ao9zu7headvhl7h","previousOperationId":"4ull3h5l8tm2xpw"}
{"type":"log","timestamp":1767125957037,"level":"debug","message":"Inline data specified.","meta":{"rootId":"g27p84js85lha2c","id":"iet0akdv2r3y9qa"},"id":"wmzgy954yzafw48","previousOperationId":"4ull3h5l8tm2xpw"}
{"type":"log","timestamp":1767125957043,"level":"debug","message":"Base url not specified, skipping its injection.","meta":{"rootId":"g27p84js85lha2c","id":"iet0akdv2r3y9qa"},"id":"4whytgxdl912wi9","previousOperationId":"4ull3h5l8tm2xpw"}
{"type":"operationStart","subtype":"engine","name":"handlebars","timestamp":1767125957045,"id":"04riob3f9dxaq9c","previousEventId":"a78732uk9yzp89z","operationId":"ef5ngkynbuqfgy5","previousOperationId":"4ull3h5l8tm2xpw"}
{"type":"log","timestamp":1767125957045,"level":"debug","message":"Rendering engine handlebars","meta":{"rootId":"g27p84js85lha2c","id":"iet0akdv2r3y9qa"},"id":"prf0rrww0v8nxc8","previousOperationId":"ef5ngkynbuqfgy5"}
{"type":"log","timestamp":1767125957173,"level":"debug","message":"(console:log) {\n  type: 'echarts@v5a',\n  width: 848,\n  height: 409,\n  option: { radar: [ [Object] ], series: [ [Object] ] }\n}","meta":{"userLevel":true,"rootId":"g27p84js85lha2c","id":"iet0akdv2r3y9qa"},"id":"dwtxnjk4z7mi62w","previousOperationId":"ef5ngkynbuqfgy5"}
{"type":"operationEnd","operationId":"ef5ngkynbuqfgy5","timestamp":1767125957180,"id":"61y4n02862l34ly","previousEventId":"04riob3f9dxaq9c","previousOperationId":"ef5ngkynbuqfgy5"}
{"type":"operationStart","subtype":"recipe","name":"html","timestamp":1767125957191,"id":"f9m3oia4u4z22pq","previousEventId":"61y4n02862l34ly","operationId":"jj8y1otu4ybn2uf","previousOperationId":"ef5ngkynbuqfgy5"}
{"type":"log","timestamp":1767125957191,"level":"debug","message":"Executing recipe html","meta":{"rootId":"g27p84js85lha2c","id":"iet0akdv2r3y9qa"},"id":"cnqbxl46ahzqeor","previousOperationId":"jj8y1otu4ybn2uf"}
{"type":"operationEnd","operationId":"jj8y1otu4ybn2uf","timestamp":1767125957191,"id":"iu9dc5kesdia50g","previousEventId":"f9m3oia4u4z22pq","previousOperationId":"jj8y1otu4ybn2uf"}
{"type":"log","timestamp":1767125957191,"level":"debug","message":"Skipping storing report.","meta":{"rootId":"g27p84js85lha2c","id":"iet0akdv2r3y9qa"},"id":"fczeslffvgngjff","previousOperationId":"jj8y1otu4ybn2uf"}
{"type":"log","timestamp":1767125957191,"level":"info","message":"Rendering (child) request finished in 1485 ms","meta":{"rootId":"g27p84js85lha2c","id":"iet0akdv2r3y9qa"},"id":"uc0uynn2orn0miq","previousOperationId":"jj8y1otu4ybn2uf"}
{"type":"operationEnd","subtype":"render","operationId":"4ull3h5l8tm2xpw","timestamp":1767125957191,"id":"700lyy7zrvofms3","previousEventId":"iu9dc5kesdia50g","previousOperationId":"jj8y1otu4ybn2uf"}
{"type":"log","timestamp":1767125960673,"level":"debug","message":"pptx successfully zipped","meta":{"rootId":"g27p84js85lha2c","id":"g27p84js85lha2c"},"id":"b83dsidx8kkghe0","previousOperationId":"iqb15nqxxwl3kez"}
{"type":"log","timestamp":1767125960673,"level":"info","message":"pptx generation was finished","meta":{"rootId":"g27p84js85lha2c","id":"g27p84js85lha2c"},"id":"5zzpx3y0fio31g6","previousOperationId":"iqb15nqxxwl3kez"}
{"type":"operationEnd","operationId":"iqb15nqxxwl3kez","timestamp":1767125960686,"id":"qk4wun0y5mlrggv","previousEventId":"bz0pzsif9d8yd9y","previousOperationId":"iqb15nqxxwl3kez"}
{"type":"log","timestamp":1767125960686,"level":"debug","message":"Skipping storing report.","meta":{"rootId":"g27p84js85lha2c","id":"g27p84js85lha2c"},"id":"la0n4p3yo0tjowj","previousOperationId":"iqb15nqxxwl3kez"}
{"type":"log","timestamp":1767125960687,"level":"info","message":"Rendering request 6 finished in 4981 ms","meta":{"rootId":"g27p84js85lha2c","id":"g27p84js85lha2c"},"id":"t6vmkufbee1epx3","previousOperationId":"iqb15nqxxwl3kez"}
{"type":"operationEnd","subtype":"render","operationId":"5ef2861bo100pdw","timestamp":1767125960687,"id":"ks8wesv0xcueq21","previousEventId":"qk4wun0y5mlrggv","previousOperationId":"iqb15nqxxwl3kez"}
{"type":"operationEnd","doDiffs":false,"previousEventId":"67u2nbwv88kj1ci","previousOperationId":"xbegppy3dodi4o8","operationId":"xbegppy3dodi4o8","timestamp":1767125960690,"id":"58jmd7gxxz85wmp"}
