{"type":"operationStart","subtype":"profile","data":{"_id":"UbfbZ0NiOPUaIFDx","timestamp":"2025-12-26T12:05:22.586Z","state":"running","mode":"standard","creationDate":"2025-12-26T12:05:22.601Z","modificationDate":"2025-12-26T12:05:22.601Z","shortid":"9r16UxN","$entitySet":"profiles","timeout":60000},"doDiffs":false,"timestamp":1766750722599,"id":"tzvr8ulm1txjr1b","previousOperationId":null,"operationId":"dzzabd8ty4dfm01"}
{"type":"log","level":"info","message":"Render request 2 queued for execution and waiting for available worker","previousOperationId":"dzzabd8ty4dfm01","timestamp":1766750722599,"id":"p7nwxezdf01m09y"}
{"type":"operationStart","subtype":"render","name":"anonymous","previousOperationId":"dzzabd8ty4dfm01","timestamp":1766750722678,"id":"v5xwau4sqisceva","previousEventId":"tzvr8ulm1txjr1b","operationId":"9l3sns2p4zoo7r0"}
{"type":"log","timestamp":1766750722680,"level":"info","message":"Starting rendering request 2","meta":{"rootId":"g2ihfbwclqqg0pz","id":"g2ihfbwclqqg0pz"},"id":"u8k7638cqtrkemf","previousOperationId":"9l3sns2p4zoo7r0"}
{"type":"log","timestamp":1766750722683,"level":"info","message":"Rendering anonymous template { recipe: pptx, engine: handlebars }","meta":{"rootId":"g2ihfbwclqqg0pz","id":"g2ihfbwclqqg0pz"},"id":"c1diujddban0fsn","previousOperationId":"9l3sns2p4zoo7r0"}
{"type":"log","timestamp":1766750722684,"level":"debug","message":"Inline data specified.","meta":{"rootId":"g2ihfbwclqqg0pz","id":"g2ihfbwclqqg0pz"},"id":"kg1budlnixxp1eq","previousOperationId":"9l3sns2p4zoo7r0"}
{"type":"log","timestamp":1766750722692,"level":"debug","message":"Base url not specified, skipping its injection.","meta":{"rootId":"g2ihfbwclqqg0pz","id":"g2ihfbwclqqg0pz"},"id":"g1cszusjc2i30oy","previousOperationId":"9l3sns2p4zoo7r0"}
{"type":"operationStart","subtype":"engine","name":"handlebars","timestamp":1766750722696,"id":"ckrr43faxg9fe9p","previousEventId":"v5xwau4sqisceva","operationId":"5ainyhvqu4q4n07","previousOperationId":"9l3sns2p4zoo7r0"}
{"type":"log","timestamp":1766750722696,"level":"debug","message":"Rendering engine handlebars","meta":{"rootId":"g2ihfbwclqqg0pz","id":"g2ihfbwclqqg0pz"},"id":"i42vcg802umrcca","previousOperationId":"5ainyhvqu4q4n07"}
{"type":"operationEnd","operationId":"5ainyhvqu4q4n07","timestamp":1766750723951,"id":"r23fshml4hedust","previousEventId":"ckrr43faxg9fe9p","previousOperationId":"5ainyhvqu4q4n07"}
{"type":"operationStart","subtype":"recipe","name":"pptx","timestamp":1766750723952,"id":"ypixmr7y4g6mpdt","previousEventId":"r23fshml4hedust","operationId":"wm9rdjfv2kosf7x","previousOperationId":"5ainyhvqu4q4n07"}
{"type":"log","timestamp":1766750723952,"level":"debug","message":"Executing recipe pptx","meta":{"rootId":"g2ihfbwclqqg0pz","id":"g2ihfbwclqqg0pz"},"id":"h31ytrf19wwzx1l","previousOperationId":"wm9rdjfv2kosf7x"}
{"type":"log","timestamp":1766750724230,"level":"info","message":"pptx generation is starting","meta":{"rootId":"g2ihfbwclqqg0pz","id":"g2ihfbwclqqg0pz"},"id":"pstw13cyz99trzd","previousOperationId":"wm9rdjfv2kosf7x"}
{"type":"log","timestamp":1766750726086,"level":"debug","message":"Starting child request to render pptx dynamic parts","meta":{"rootId":"g2ihfbwclqqg0pz","id":"g2ihfbwclqqg0pz"},"id":"bgkhpp5zphxuzkn","previousOperationId":"wm9rdjfv2kosf7x"}
{"type":"operationStart","subtype":"render","name":"anonymous","previousOperationId":"wm9rdjfv2kosf7x","timestamp":1766750726087,"id":"ya4xz7o6kaiwybe","previousEventId":"ypixmr7y4g6mpdt","operationId":"cve3456gtxp0u7o"}
{"type":"log","timestamp":1766750726087,"level":"info","message":"Starting rendering (child) request","meta":{"rootId":"g2ihfbwclqqg0pz","id":"vu5svw5yg9rz0c8"},"id":"oxda5uhvb0mkwr7","previousOperationId":"cve3456gtxp0u7o"}
{"type":"log","timestamp":1766750726088,"level":"info","message":"Rendering anonymous template { recipe: html, engine: handlebars }","meta":{"rootId":"g2ihfbwclqqg0pz","id":"vu5svw5yg9rz0c8"},"id":"cc0ul6er3mc8cbw","previousOperationId":"cve3456gtxp0u7o"}
{"type":"log","timestamp":1766750726088,"level":"debug","message":"Inline data specified.","meta":{"rootId":"g2ihfbwclqqg0pz","id":"vu5svw5yg9rz0c8"},"id":"9g0n5r6dwg7lvhq","previousOperationId":"cve3456gtxp0u7o"}
{"type":"log","timestamp":1766750726097,"level":"debug","message":"Base url not specified, skipping its injection.","meta":{"rootId":"g2ihfbwclqqg0pz","id":"vu5svw5yg9rz0c8"},"id":"7uy4zknz4xhjdpn","previousOperationId":"cve3456gtxp0u7o"}
{"type":"operationStart","subtype":"engine","name":"handlebars","timestamp":1766750726099,"id":"7ymuh9uiwjzstu8","previousEventId":"ya4xz7o6kaiwybe","operationId":"gd7edgk9hohniu7","previousOperationId":"cve3456gtxp0u7o"}
{"type":"log","timestamp":1766750726099,"level":"debug","message":"Rendering engine handlebars","meta":{"rootId":"g2ihfbwclqqg0pz","id":"vu5svw5yg9rz0c8"},"id":"ulx4srvc1ur7t40","previousOperationId":"gd7edgk9hohniu7"}
{"type":"operationEnd","operationId":"gd7edgk9hohniu7","timestamp":1766750726300,"id":"mens6jamivkwn9x","previousEventId":"7ymuh9uiwjzstu8","previousOperationId":"gd7edgk9hohniu7"}
{"type":"operationStart","subtype":"recipe","name":"html","timestamp":1766750726316,"id":"30v6uszpbb3eyo4","previousEventId":"mens6jamivkwn9x","operationId":"50061357usviy55","previousOperationId":"gd7edgk9hohniu7"}
{"type":"log","timestamp":1766750726316,"level":"debug","message":"Executing recipe html","meta":{"rootId":"g2ihfbwclqqg0pz","id":"vu5svw5yg9rz0c8"},"id":"4ld4frdlao3pq9q","previousOperationId":"50061357usviy55"}
{"type":"operationEnd","operationId":"50061357usviy55","timestamp":1766750726316,"id":"zuzh8c68kvv4r2w","previousEventId":"30v6uszpbb3eyo4","previousOperationId":"50061357usviy55"}
{"type":"log","timestamp":1766750726318,"level":"debug","message":"Skipping storing report.","meta":{"rootId":"g2ihfbwclqqg0pz","id":"vu5svw5yg9rz0c8"},"id":"9ckiaxa4b39u8wu","previousOperationId":"50061357usviy55"}
{"type":"log","timestamp":1766750726318,"level":"info","message":"Rendering (child) request finished in 3733 ms","meta":{"rootId":"g2ihfbwclqqg0pz","id":"vu5svw5yg9rz0c8"},"id":"lha11szanpnrrsa","previousOperationId":"50061357usviy55"}
{"type":"operationEnd","subtype":"render","operationId":"cve3456gtxp0u7o","timestamp":1766750726318,"id":"y8a72p4cxeyo58i","previousEventId":"zuzh8c68kvv4r2w","previousOperationId":"50061357usviy55"}
{"type":"log","timestamp":1766750731234,"level":"debug","message":"pptx successfully zipped","meta":{"rootId":"g2ihfbwclqqg0pz","id":"g2ihfbwclqqg0pz"},"id":"nj6ledjgi0wc188","previousOperationId":"wm9rdjfv2kosf7x"}
{"type":"log","timestamp":1766750731235,"level":"info","message":"pptx generation was finished","meta":{"rootId":"g2ihfbwclqqg0pz","id":"g2ihfbwclqqg0pz"},"id":"b9rtrgtnky5nar6","previousOperationId":"wm9rdjfv2kosf7x"}
{"type":"operationEnd","operationId":"wm9rdjfv2kosf7x","timestamp":1766750731252,"id":"odw0hrr9l8stp7t","previousEventId":"ypixmr7y4g6mpdt","previousOperationId":"wm9rdjfv2kosf7x"}
{"type":"log","timestamp":1766750731252,"level":"debug","message":"Skipping storing report.","meta":{"rootId":"g2ihfbwclqqg0pz","id":"g2ihfbwclqqg0pz"},"id":"2m9t88wfj68dtx5","previousOperationId":"wm9rdjfv2kosf7x"}
{"type":"log","timestamp":1766750731252,"level":"info","message":"Rendering request 2 finished in 8667 ms","meta":{"rootId":"g2ihfbwclqqg0pz","id":"g2ihfbwclqqg0pz"},"id":"u0k58p6yb77k2b9","previousOperationId":"wm9rdjfv2kosf7x"}
{"type":"operationEnd","subtype":"render","operationId":"9l3sns2p4zoo7r0","timestamp":1766750731252,"id":"xohnw78num9uhny","previousEventId":"odw0hrr9l8stp7t","previousOperationId":"wm9rdjfv2kosf7x"}
{"type":"operationEnd","doDiffs":false,"previousEventId":"tzvr8ulm1txjr1b","previousOperationId":"dzzabd8ty4dfm01","operationId":"dzzabd8ty4dfm01","timestamp":1766750731258,"id":"yp8kppv6ex8r7qb"}
