{"type":"operationStart","subtype":"profile","data":{"_id":"icYlkimi97uGHSex","timestamp":"2025-12-26T21:16:24.117Z","state":"running","mode":"standard","creationDate":"2025-12-26T21:16:24.123Z","modificationDate":"2025-12-26T21:16:24.123Z","shortid":"YXbS4vj","$entitySet":"profiles","timeout":60000},"doDiffs":false,"timestamp":1766783784121,"id":"fh3g2qyku0onc1k","previousOperationId":null,"operationId":"mz1jgarta7kdkyy"}
{"type":"log","level":"info","message":"Render request 9 queued for execution and waiting for available worker","previousOperationId":"mz1jgarta7kdkyy","timestamp":1766783784121,"id":"tgruphig8zr6gxb"}
{"type":"operationStart","subtype":"render","name":"anonymous","previousOperationId":"mz1jgarta7kdkyy","timestamp":1766783784183,"id":"kd60dkw3nvw5ck2","previousEventId":"fh3g2qyku0onc1k","operationId":"a8gwni0cdzw7xk9"}
{"type":"log","timestamp":1766783784184,"level":"info","message":"Starting rendering request 9","meta":{"rootId":"gacq8ch8drzmkti","id":"gacq8ch8drzmkti"},"id":"wb7q1mgji1sbazn","previousOperationId":"a8gwni0cdzw7xk9"}
{"type":"log","timestamp":1766783784184,"level":"info","message":"Rendering anonymous template { recipe: pptx, engine: handlebars }","meta":{"rootId":"gacq8ch8drzmkti","id":"gacq8ch8drzmkti"},"id":"8y1ypmou2wggw4c","previousOperationId":"a8gwni0cdzw7xk9"}
{"type":"log","timestamp":1766783784184,"level":"debug","message":"Inline data specified.","meta":{"rootId":"gacq8ch8drzmkti","id":"gacq8ch8drzmkti"},"id":"ptck0fxtsaj8bbx","previousOperationId":"a8gwni0cdzw7xk9"}
{"type":"log","timestamp":1766783784190,"level":"debug","message":"Base url not specified, skipping its injection.","meta":{"rootId":"gacq8ch8drzmkti","id":"gacq8ch8drzmkti"},"id":"om8ojoxuvyccqs4","previousOperationId":"a8gwni0cdzw7xk9"}
{"type":"operationStart","subtype":"engine","name":"handlebars","timestamp":1766783784191,"id":"iyzm5lmr3cd2mnj","previousEventId":"kd60dkw3nvw5ck2","operationId":"94z51jb6i9flrp5","previousOperationId":"a8gwni0cdzw7xk9"}
{"type":"log","timestamp":1766783784191,"level":"debug","message":"Rendering engine handlebars","meta":{"rootId":"gacq8ch8drzmkti","id":"gacq8ch8drzmkti"},"id":"hk8n2grzpm6cng9","previousOperationId":"94z51jb6i9flrp5"}
{"type":"operationEnd","operationId":"94z51jb6i9flrp5","timestamp":1766783784219,"id":"4cfa3piuvhh4dyo","previousEventId":"iyzm5lmr3cd2mnj","previousOperationId":"94z51jb6i9flrp5"}
{"type":"operationStart","subtype":"recipe","name":"pptx","timestamp":1766783784219,"id":"k5sr58nfwwc7pgx","previousEventId":"4cfa3piuvhh4dyo","operationId":"5tbo6kz8ysy0z5w","previousOperationId":"94z51jb6i9flrp5"}
{"type":"log","timestamp":1766783784219,"level":"debug","message":"Executing recipe pptx","meta":{"rootId":"gacq8ch8drzmkti","id":"gacq8ch8drzmkti"},"id":"gf5zn0y4tlk4laj","previousOperationId":"5tbo6kz8ysy0z5w"}
{"type":"log","timestamp":1766783784241,"level":"info","message":"pptx generation is starting","meta":{"rootId":"gacq8ch8drzmkti","id":"gacq8ch8drzmkti"},"id":"fdc6o2u2wu9prgg","previousOperationId":"5tbo6kz8ysy0z5w"}
{"type":"log","timestamp":1766783785878,"level":"debug","message":"Starting child request to render pptx dynamic parts","meta":{"rootId":"gacq8ch8drzmkti","id":"gacq8ch8drzmkti"},"id":"f3c22h53nfwc52m","previousOperationId":"5tbo6kz8ysy0z5w"}
{"type":"operationStart","subtype":"render","name":"anonymous","previousOperationId":"5tbo6kz8ysy0z5w","timestamp":1766783785879,"id":"oud3ub57g8jv8co","previousEventId":"k5sr58nfwwc7pgx","operationId":"btye802ewac3jjj"}
{"type":"log","timestamp":1766783785879,"level":"info","message":"Starting rendering (child) request","meta":{"rootId":"gacq8ch8drzmkti","id":"mqutv98j210jwyi"},"id":"6lak7agcbswxh7w","previousOperationId":"btye802ewac3jjj"}
{"type":"log","timestamp":1766783785879,"level":"info","message":"Rendering anonymous template { recipe: html, engine: handlebars }","meta":{"rootId":"gacq8ch8drzmkti","id":"mqutv98j210jwyi"},"id":"zidixciyyfk49pr","previousOperationId":"btye802ewac3jjj"}
{"type":"log","timestamp":1766783785879,"level":"debug","message":"Inline data specified.","meta":{"rootId":"gacq8ch8drzmkti","id":"mqutv98j210jwyi"},"id":"bfdn486pkclb2aj","previousOperationId":"btye802ewac3jjj"}
{"type":"log","timestamp":1766783785886,"level":"debug","message":"Base url not specified, skipping its injection.","meta":{"rootId":"gacq8ch8drzmkti","id":"mqutv98j210jwyi"},"id":"upx4topvlhxxadc","previousOperationId":"btye802ewac3jjj"}
{"type":"operationStart","subtype":"engine","name":"handlebars","timestamp":1766783785888,"id":"etoz76077f1coa0","previousEventId":"oud3ub57g8jv8co","operationId":"i92a0mhlyssrjof","previousOperationId":"btye802ewac3jjj"}
{"type":"log","timestamp":1766783785888,"level":"debug","message":"Rendering engine handlebars","meta":{"rootId":"gacq8ch8drzmkti","id":"mqutv98j210jwyi"},"id":"y2v9pd0vodt3iy0","previousOperationId":"i92a0mhlyssrjof"}
{"type":"operationEnd","operationId":"i92a0mhlyssrjof","timestamp":1766783786042,"id":"56lwrbbf5nhsmct","previousEventId":"etoz76077f1coa0","previousOperationId":"i92a0mhlyssrjof"}
{"type":"operationStart","subtype":"recipe","name":"html","timestamp":1766783786056,"id":"bdphdn4sjvx9yem","previousEventId":"56lwrbbf5nhsmct","operationId":"68c9uh4hd74nc53","previousOperationId":"i92a0mhlyssrjof"}
{"type":"log","timestamp":1766783786056,"level":"debug","message":"Executing recipe html","meta":{"rootId":"gacq8ch8drzmkti","id":"mqutv98j210jwyi"},"id":"ewh7ayrlhxigstz","previousOperationId":"68c9uh4hd74nc53"}
{"type":"operationEnd","operationId":"68c9uh4hd74nc53","timestamp":1766783786056,"id":"197f481q0ltojox","previousEventId":"bdphdn4sjvx9yem","previousOperationId":"68c9uh4hd74nc53"}
{"type":"log","timestamp":1766783786057,"level":"debug","message":"Skipping storing report.","meta":{"rootId":"gacq8ch8drzmkti","id":"mqutv98j210jwyi"},"id":"8c9p0l349ptc2c8","previousOperationId":"68c9uh4hd74nc53"}
{"type":"log","timestamp":1766783786057,"level":"info","message":"Rendering (child) request finished in 1943 ms","meta":{"rootId":"gacq8ch8drzmkti","id":"mqutv98j210jwyi"},"id":"asqeyyo9415zck9","previousOperationId":"68c9uh4hd74nc53"}
{"type":"operationEnd","subtype":"render","operationId":"btye802ewac3jjj","timestamp":1766783786057,"id":"wtglpcqat1y00j0","previousEventId":"197f481q0ltojox","previousOperationId":"68c9uh4hd74nc53"}
{"type":"log","timestamp":1766783794442,"level":"debug","message":"pptx successfully zipped","meta":{"rootId":"gacq8ch8drzmkti","id":"gacq8ch8drzmkti"},"id":"m5fxpstg91uawrt","previousOperationId":"5tbo6kz8ysy0z5w"}
{"type":"log","timestamp":1766783794442,"level":"info","message":"pptx generation was finished","meta":{"rootId":"gacq8ch8drzmkti","id":"gacq8ch8drzmkti"},"id":"yvah6fxvhwcdyag","previousOperationId":"5tbo6kz8ysy0z5w"}
{"type":"operationEnd","operationId":"5tbo6kz8ysy0z5w","timestamp":1766783794452,"id":"9mq0dx30zoobaxc","previousEventId":"k5sr58nfwwc7pgx","previousOperationId":"5tbo6kz8ysy0z5w"}
{"type":"log","timestamp":1766783794452,"level":"debug","message":"Skipping storing report.","meta":{"rootId":"gacq8ch8drzmkti","id":"gacq8ch8drzmkti"},"id":"5ney6906oq2w9r3","previousOperationId":"5tbo6kz8ysy0z5w"}
{"type":"log","timestamp":1766783794452,"level":"info","message":"Rendering request 9 finished in 10338 ms","meta":{"rootId":"gacq8ch8drzmkti","id":"gacq8ch8drzmkti"},"id":"ivdninibbt6fnli","previousOperationId":"5tbo6kz8ysy0z5w"}
{"type":"operationEnd","subtype":"render","operationId":"a8gwni0cdzw7xk9","timestamp":1766783794452,"id":"asl0aueskusiwjn","previousEventId":"9mq0dx30zoobaxc","previousOperationId":"5tbo6kz8ysy0z5w"}
{"type":"operationEnd","doDiffs":false,"previousEventId":"fh3g2qyku0onc1k","previousOperationId":"mz1jgarta7kdkyy","operationId":"mz1jgarta7kdkyy","timestamp":1766783794460,"id":"604lvaaue4caosa"}
