{"type":"operationStart","subtype":"profile","data":{"_id":"WXYfb9oLuPxd8HgA","timestamp":"2025-12-31T12:03:00.849Z","state":"running","mode":"standard","creationDate":"2025-12-31T12:03:00.856Z","modificationDate":"2025-12-31T12:03:00.856Z","shortid":"Vdrf6I7","$entitySet":"profiles","timeout":60000},"doDiffs":false,"timestamp":1767182580854,"id":"z0odv0j9kljem2x","previousOperationId":null,"operationId":"pyclbsdjp4t7rca"}
{"type":"log","level":"info","message":"Render request 49 queued for execution and waiting for available worker","previousOperationId":"pyclbsdjp4t7rca","timestamp":1767182580854,"id":"05fdl6tyv4pdqb7"}
{"type":"operationStart","subtype":"render","name":"anonymous","previousOperationId":"pyclbsdjp4t7rca","timestamp":1767182580919,"id":"6iy56vd76kx0t4y","previousEventId":"z0odv0j9kljem2x","operationId":"n0izg4wfisph8z6"}
{"type":"log","timestamp":1767182580919,"level":"info","message":"Starting rendering request 49","meta":{"rootId":"gb2urvtaox1035k","id":"gb2urvtaox1035k"},"id":"q0fy0a85xjf4syh","previousOperationId":"n0izg4wfisph8z6"}
{"type":"log","timestamp":1767182580919,"level":"info","message":"Rendering anonymous template { recipe: pptx, engine: handlebars }","meta":{"rootId":"gb2urvtaox1035k","id":"gb2urvtaox1035k"},"id":"a286eujkd81ar2m","previousOperationId":"n0izg4wfisph8z6"}
{"type":"log","timestamp":1767182580919,"level":"debug","message":"Inline data specified.","meta":{"rootId":"gb2urvtaox1035k","id":"gb2urvtaox1035k"},"id":"qjjqhmrmw774hx2","previousOperationId":"n0izg4wfisph8z6"}
{"type":"log","timestamp":1767182580922,"level":"debug","message":"Base url not specified, skipping its injection.","meta":{"rootId":"gb2urvtaox1035k","id":"gb2urvtaox1035k"},"id":"4aphmzodraxt7ii","previousOperationId":"n0izg4wfisph8z6"}
{"type":"operationStart","subtype":"engine","name":"handlebars","timestamp":1767182580922,"id":"6f6r87g9mvc3cr2","previousEventId":"6iy56vd76kx0t4y","operationId":"mrbfuf4e1fj9s5m","previousOperationId":"n0izg4wfisph8z6"}
{"type":"log","timestamp":1767182580922,"level":"debug","message":"Rendering engine handlebars","meta":{"rootId":"gb2urvtaox1035k","id":"gb2urvtaox1035k"},"id":"r0r89i511e4l6di","previousOperationId":"mrbfuf4e1fj9s5m"}
{"type":"operationEnd","operationId":"mrbfuf4e1fj9s5m","timestamp":1767182580938,"id":"wnwasaddefgz5nv","previousEventId":"6f6r87g9mvc3cr2","previousOperationId":"mrbfuf4e1fj9s5m"}
{"type":"operationStart","subtype":"recipe","name":"pptx","timestamp":1767182580938,"id":"7ck05x5n7cs7q8z","previousEventId":"wnwasaddefgz5nv","operationId":"8s6vo8g4rkd6owd","previousOperationId":"mrbfuf4e1fj9s5m"}
{"type":"log","timestamp":1767182580938,"level":"debug","message":"Executing recipe pptx","meta":{"rootId":"gb2urvtaox1035k","id":"gb2urvtaox1035k"},"id":"lw7gtbivb7izmx3","previousOperationId":"8s6vo8g4rkd6owd"}
{"type":"log","timestamp":1767182580961,"level":"info","message":"pptx generation is starting","meta":{"rootId":"gb2urvtaox1035k","id":"gb2urvtaox1035k"},"id":"74va79pejxgawpg","previousOperationId":"8s6vo8g4rkd6owd"}
{"type":"log","timestamp":1767182583018,"level":"debug","message":"Starting child request to render pptx dynamic parts","meta":{"rootId":"gb2urvtaox1035k","id":"gb2urvtaox1035k"},"id":"4xssgmr7e6py0km","previousOperationId":"8s6vo8g4rkd6owd"}
{"type":"operationStart","subtype":"render","name":"anonymous","previousOperationId":"8s6vo8g4rkd6owd","timestamp":1767182583019,"id":"d87qpu34t5cd82e","previousEventId":"7ck05x5n7cs7q8z","operationId":"sj6fpk5zerknwl6"}
{"type":"log","timestamp":1767182583019,"level":"info","message":"Starting rendering (child) request","meta":{"rootId":"gb2urvtaox1035k","id":"i5g8j1ckwx9m2nm"},"id":"cfozcifxf7y2yd8","previousOperationId":"sj6fpk5zerknwl6"}
{"type":"log","timestamp":1767182583019,"level":"info","message":"Rendering anonymous template { recipe: html, engine: handlebars }","meta":{"rootId":"gb2urvtaox1035k","id":"i5g8j1ckwx9m2nm"},"id":"xtifqh3okrhj8if","previousOperationId":"sj6fpk5zerknwl6"}
{"type":"log","timestamp":1767182583019,"level":"debug","message":"Inline data specified.","meta":{"rootId":"gb2urvtaox1035k","id":"i5g8j1ckwx9m2nm"},"id":"k9clp61mn71sx6v","previousOperationId":"sj6fpk5zerknwl6"}
{"type":"log","timestamp":1767182583024,"level":"debug","message":"Base url not specified, skipping its injection.","meta":{"rootId":"gb2urvtaox1035k","id":"i5g8j1ckwx9m2nm"},"id":"e1i3utday38rcus","previousOperationId":"sj6fpk5zerknwl6"}
{"type":"operationStart","subtype":"engine","name":"handlebars","timestamp":1767182583027,"id":"zu9dac2fk41zu59","previousEventId":"d87qpu34t5cd82e","operationId":"8gbnyq9du85gnrn","previousOperationId":"sj6fpk5zerknwl6"}
{"type":"log","timestamp":1767182583027,"level":"debug","message":"Rendering engine handlebars","meta":{"rootId":"gb2urvtaox1035k","id":"i5g8j1ckwx9m2nm"},"id":"zxs7qoaaxv7p107","previousOperationId":"8gbnyq9du85gnrn"}
{"type":"log","timestamp":1767182583274,"level":"debug","message":"(console:log) {\n  type: 'echarts@v5a',\n  width: 848,\n  height: 409,\n  option: { radar: [ [Object] ], series: [ [Object] ] }\n}","meta":{"userLevel":true,"rootId":"gb2urvtaox1035k","id":"i5g8j1ckwx9m2nm"},"id":"6hjo4eg7jwjnyx0","previousOperationId":"8gbnyq9du85gnrn"}
{"type":"operationEnd","operationId":"8gbnyq9du85gnrn","timestamp":1767182583289,"id":"0m9udsfbqgdzr5v","previousEventId":"zu9dac2fk41zu59","previousOperationId":"8gbnyq9du85gnrn"}
{"type":"operationStart","subtype":"recipe","name":"html","timestamp":1767182583313,"id":"wkwolbhn6l6pk5x","previousEventId":"0m9udsfbqgdzr5v","operationId":"rn0041yvqzraqa4","previousOperationId":"8gbnyq9du85gnrn"}
{"type":"log","timestamp":1767182583313,"level":"debug","message":"Executing recipe html","meta":{"rootId":"gb2urvtaox1035k","id":"i5g8j1ckwx9m2nm"},"id":"8d0ycpjzele94gd","previousOperationId":"rn0041yvqzraqa4"}
{"type":"operationEnd","operationId":"rn0041yvqzraqa4","timestamp":1767182583313,"id":"pzb0xmmegn4g464","previousEventId":"wkwolbhn6l6pk5x","previousOperationId":"rn0041yvqzraqa4"}
{"type":"log","timestamp":1767182583313,"level":"debug","message":"Skipping storing report.","meta":{"rootId":"gb2urvtaox1035k","id":"i5g8j1ckwx9m2nm"},"id":"ghb9cq5mrvm2qvx","previousOperationId":"rn0041yvqzraqa4"}
{"type":"log","timestamp":1767182583316,"level":"info","message":"Rendering (child) request finished in 2470 ms","meta":{"rootId":"gb2urvtaox1035k","id":"i5g8j1ckwx9m2nm"},"id":"8f6dm2rt3eottz8","previousOperationId":"rn0041yvqzraqa4"}
{"type":"operationEnd","subtype":"render","operationId":"sj6fpk5zerknwl6","timestamp":1767182583316,"id":"ak050tn359wkoto","previousEventId":"pzb0xmmegn4g464","previousOperationId":"rn0041yvqzraqa4"}
{"type":"log","timestamp":1767182589666,"level":"debug","message":"pptx successfully zipped","meta":{"rootId":"gb2urvtaox1035k","id":"gb2urvtaox1035k"},"id":"7tko822ur7c8i90","previousOperationId":"8s6vo8g4rkd6owd"}
{"type":"log","timestamp":1767182589666,"level":"info","message":"pptx generation was finished","meta":{"rootId":"gb2urvtaox1035k","id":"gb2urvtaox1035k"},"id":"fxl88xzkmf0ny55","previousOperationId":"8s6vo8g4rkd6owd"}
{"type":"operationEnd","operationId":"8s6vo8g4rkd6owd","timestamp":1767182589677,"id":"v7m0wdhm8igcva5","previousEventId":"7ck05x5n7cs7q8z","previousOperationId":"8s6vo8g4rkd6owd"}
{"type":"log","timestamp":1767182589677,"level":"debug","message":"Skipping storing report.","meta":{"rootId":"gb2urvtaox1035k","id":"gb2urvtaox1035k"},"id":"60wnv5cq9xis4ul","previousOperationId":"8s6vo8g4rkd6owd"}
{"type":"log","timestamp":1767182589677,"level":"info","message":"Rendering request 49 finished in 8831 ms","meta":{"rootId":"gb2urvtaox1035k","id":"gb2urvtaox1035k"},"id":"w7gnxq2govidkt1","previousOperationId":"8s6vo8g4rkd6owd"}
{"type":"operationEnd","subtype":"render","operationId":"n0izg4wfisph8z6","timestamp":1767182589677,"id":"3x2lg4iwk3imwne","previousEventId":"v7m0wdhm8igcva5","previousOperationId":"8s6vo8g4rkd6owd"}
{"type":"operationEnd","doDiffs":false,"previousEventId":"z0odv0j9kljem2x","previousOperationId":"pyclbsdjp4t7rca","operationId":"pyclbsdjp4t7rca","timestamp":1767182589685,"id":"nm8nro1kmm3iit1"}
