{"type":"operationStart","subtype":"profile","data":{"_id":"qJuaMHhjCU1UzTMw","timestamp":"2025-12-07T17:20:04.871Z","state":"running","mode":"standard","creationDate":"2025-12-07T17:20:04.876Z","modificationDate":"2025-12-07T17:20:04.876Z","shortid":"vKBp9gz","$entitySet":"profiles","timeout":60000},"doDiffs":false,"timestamp":1765128004874,"id":"j0hnhawoqki1bul","previousOperationId":null,"operationId":"2t65ac69oygaqxy"}
{"type":"log","level":"info","message":"Render request 27 queued for execution and waiting for available worker","previousOperationId":"2t65ac69oygaqxy","timestamp":1765128004874,"id":"vxz612sc2hhv6hl"}
{"type":"operationStart","subtype":"render","name":"anonymous","previousOperationId":"2t65ac69oygaqxy","timestamp":1765128004895,"id":"dlm4hxyvx3uqzls","previousEventId":"j0hnhawoqki1bul","operationId":"x8v6h5mcg8iq24x"}
{"type":"log","timestamp":1765128004895,"level":"info","message":"Starting rendering request 27","meta":{"rootId":"ghgbx33s1ubvloo","id":"ghgbx33s1ubvloo"},"id":"gvrujmmfp41lokn","previousOperationId":"x8v6h5mcg8iq24x"}
{"type":"log","timestamp":1765128004896,"level":"info","message":"Rendering anonymous template { recipe: pptx, engine: handlebars }","meta":{"rootId":"ghgbx33s1ubvloo","id":"ghgbx33s1ubvloo"},"id":"4alfduy9ligf48x","previousOperationId":"x8v6h5mcg8iq24x"}
{"type":"log","timestamp":1765128004896,"level":"debug","message":"Inline data specified.","meta":{"rootId":"ghgbx33s1ubvloo","id":"ghgbx33s1ubvloo"},"id":"s136k594o431ano","previousOperationId":"x8v6h5mcg8iq24x"}
{"type":"log","timestamp":1765128004902,"level":"debug","message":"Base url not specified, skipping its injection.","meta":{"rootId":"ghgbx33s1ubvloo","id":"ghgbx33s1ubvloo"},"id":"ysb57ftr8q79rk7","previousOperationId":"x8v6h5mcg8iq24x"}
{"type":"operationStart","subtype":"engine","name":"handlebars","timestamp":1765128004902,"id":"qeuy6cqq31idh46","previousEventId":"dlm4hxyvx3uqzls","operationId":"ail421wx5ma9v0o","previousOperationId":"x8v6h5mcg8iq24x"}
{"type":"log","timestamp":1765128004902,"level":"debug","message":"Rendering engine handlebars","meta":{"rootId":"ghgbx33s1ubvloo","id":"ghgbx33s1ubvloo"},"id":"0eujldwc82on60h","previousOperationId":"ail421wx5ma9v0o"}
{"type":"operationEnd","operationId":"ail421wx5ma9v0o","timestamp":1765128004914,"id":"u2a67oef6s2ph50","previousEventId":"qeuy6cqq31idh46","previousOperationId":"ail421wx5ma9v0o"}
{"type":"operationStart","subtype":"recipe","name":"pptx","timestamp":1765128004914,"id":"cqwbgkfjwkbczae","previousEventId":"u2a67oef6s2ph50","operationId":"8mchi0s0i63m3zs","previousOperationId":"ail421wx5ma9v0o"}
{"type":"log","timestamp":1765128004914,"level":"debug","message":"Executing recipe pptx","meta":{"rootId":"ghgbx33s1ubvloo","id":"ghgbx33s1ubvloo"},"id":"gvg99zwc5xnplmb","previousOperationId":"8mchi0s0i63m3zs"}
{"type":"log","timestamp":1765128004915,"level":"info","message":"pptx generation is starting","meta":{"rootId":"ghgbx33s1ubvloo","id":"ghgbx33s1ubvloo"},"id":"ajtp2499dh2dt1r","previousOperationId":"8mchi0s0i63m3zs"}
{"type":"log","timestamp":1765128005167,"level":"debug","message":"Starting child request to render pptx dynamic parts","meta":{"rootId":"ghgbx33s1ubvloo","id":"ghgbx33s1ubvloo"},"id":"x1mrbssyhu3ct0y","previousOperationId":"8mchi0s0i63m3zs"}
{"type":"operationStart","subtype":"render","name":"anonymous","previousOperationId":"8mchi0s0i63m3zs","timestamp":1765128005167,"id":"5sfz2ruur8se508","previousEventId":"cqwbgkfjwkbczae","operationId":"h1suzclfw06qkwg"}
{"type":"log","timestamp":1765128005167,"level":"info","message":"Starting rendering (child) request","meta":{"rootId":"ghgbx33s1ubvloo","id":"t62hqfxvrtb8r1l"},"id":"0v9hfbampjxislh","previousOperationId":"h1suzclfw06qkwg"}
{"type":"log","timestamp":1765128005167,"level":"info","message":"Rendering anonymous template { recipe: html, engine: handlebars }","meta":{"rootId":"ghgbx33s1ubvloo","id":"t62hqfxvrtb8r1l"},"id":"6dcp1ik8l8oebrj","previousOperationId":"h1suzclfw06qkwg"}
{"type":"log","timestamp":1765128005167,"level":"debug","message":"Inline data specified.","meta":{"rootId":"ghgbx33s1ubvloo","id":"t62hqfxvrtb8r1l"},"id":"2tj2lhkay6n4raq","previousOperationId":"h1suzclfw06qkwg"}
{"type":"log","timestamp":1765128005174,"level":"debug","message":"Base url not specified, skipping its injection.","meta":{"rootId":"ghgbx33s1ubvloo","id":"t62hqfxvrtb8r1l"},"id":"jrn3kpl13gkhgu5","previousOperationId":"h1suzclfw06qkwg"}
{"type":"operationStart","subtype":"engine","name":"handlebars","timestamp":1765128005176,"id":"bz4g4fynplsq7iu","previousEventId":"5sfz2ruur8se508","operationId":"o03hmnao3e4ps13","previousOperationId":"h1suzclfw06qkwg"}
{"type":"log","timestamp":1765128005176,"level":"debug","message":"Rendering engine handlebars","meta":{"rootId":"ghgbx33s1ubvloo","id":"t62hqfxvrtb8r1l"},"id":"fw3rj7ug9bw983y","previousOperationId":"o03hmnao3e4ps13"}
{"type":"operationEnd","operationId":"o03hmnao3e4ps13","timestamp":1765128005207,"id":"6694qeywcn0fy52","previousEventId":"bz4g4fynplsq7iu","previousOperationId":"o03hmnao3e4ps13"}
{"type":"operationStart","subtype":"recipe","name":"html","timestamp":1765128005211,"id":"srqikfytrvz5367","previousEventId":"6694qeywcn0fy52","operationId":"4njiinrp6p8r0cn","previousOperationId":"o03hmnao3e4ps13"}
{"type":"log","timestamp":1765128005211,"level":"debug","message":"Executing recipe html","meta":{"rootId":"ghgbx33s1ubvloo","id":"t62hqfxvrtb8r1l"},"id":"nbd00s71ujj0nzo","previousOperationId":"4njiinrp6p8r0cn"}
{"type":"operationEnd","operationId":"4njiinrp6p8r0cn","timestamp":1765128005211,"id":"mhkjxvh647whtjy","previousEventId":"srqikfytrvz5367","previousOperationId":"4njiinrp6p8r0cn"}
{"type":"log","timestamp":1765128005212,"level":"debug","message":"Skipping storing report.","meta":{"rootId":"ghgbx33s1ubvloo","id":"t62hqfxvrtb8r1l"},"id":"3twn182i99w67hy","previousOperationId":"4njiinrp6p8r0cn"}
{"type":"log","timestamp":1765128005212,"level":"info","message":"Rendering (child) request finished in 342 ms","meta":{"rootId":"ghgbx33s1ubvloo","id":"t62hqfxvrtb8r1l"},"id":"a6m4e25nk2jb85r","previousOperationId":"4njiinrp6p8r0cn"}
{"type":"operationEnd","subtype":"render","operationId":"h1suzclfw06qkwg","timestamp":1765128005212,"id":"c7o4pfjpswkiwcu","previousEventId":"mhkjxvh647whtjy","previousOperationId":"4njiinrp6p8r0cn"}
{"type":"log","timestamp":1765128005495,"level":"debug","message":"pptx successfully zipped","meta":{"rootId":"ghgbx33s1ubvloo","id":"ghgbx33s1ubvloo"},"id":"ty9jloepwbju58a","previousOperationId":"8mchi0s0i63m3zs"}
{"type":"log","timestamp":1765128005495,"level":"info","message":"pptx generation was finished","meta":{"rootId":"ghgbx33s1ubvloo","id":"ghgbx33s1ubvloo"},"id":"y5iusavbaqzl94o","previousOperationId":"8mchi0s0i63m3zs"}
{"type":"operationEnd","operationId":"8mchi0s0i63m3zs","timestamp":1765128005499,"id":"ywg5jlfylqk5d21","previousEventId":"cqwbgkfjwkbczae","previousOperationId":"8mchi0s0i63m3zs"}
{"type":"log","timestamp":1765128005499,"level":"debug","message":"Skipping storing report.","meta":{"rootId":"ghgbx33s1ubvloo","id":"ghgbx33s1ubvloo"},"id":"f1xsafro4ds2qgs","previousOperationId":"8mchi0s0i63m3zs"}
{"type":"log","timestamp":1765128005499,"level":"info","message":"Rendering request 27 finished in 629 ms","meta":{"rootId":"ghgbx33s1ubvloo","id":"ghgbx33s1ubvloo"},"id":"soqlmsldonnhc7y","previousOperationId":"8mchi0s0i63m3zs"}
{"type":"operationEnd","subtype":"render","operationId":"x8v6h5mcg8iq24x","timestamp":1765128005499,"id":"440unsqvnn9se06","previousEventId":"ywg5jlfylqk5d21","previousOperationId":"8mchi0s0i63m3zs"}
{"type":"operationEnd","doDiffs":false,"previousEventId":"j0hnhawoqki1bul","previousOperationId":"2t65ac69oygaqxy","operationId":"2t65ac69oygaqxy","timestamp":1765128005502,"id":"c6i6xyugditpc0y"}
