{"type":"operationStart","subtype":"profile","data":{"_id":"G252NMQ3CqEVRRDt","timestamp":"2025-12-28T16:39:44.603Z","state":"running","mode":"standard","creationDate":"2025-12-28T16:39:44.609Z","modificationDate":"2025-12-28T16:39:44.609Z","shortid":"XR-zRIk","$entitySet":"profiles","timeout":60000},"doDiffs":false,"timestamp":1766939984607,"id":"p05an3rftvx60t2","previousOperationId":null,"operationId":"ykl4cdztytd849z"}
{"type":"log","level":"info","message":"Render request 1 queued for execution and waiting for available worker","previousOperationId":"ykl4cdztytd849z","timestamp":1766939984607,"id":"hxeid1scr53v1fm"}
{"type":"operationStart","subtype":"render","name":"anonymous","previousOperationId":"ykl4cdztytd849z","timestamp":1766939984685,"id":"uybs9wzvzasukff","previousEventId":"p05an3rftvx60t2","operationId":"re0ikypsvuxhyu8"}
{"type":"log","timestamp":1766939984686,"level":"info","message":"Starting rendering request 1","meta":{"rootId":"gi64py7zfep9x90","id":"gi64py7zfep9x90"},"id":"s7spmihkigk03cq","previousOperationId":"re0ikypsvuxhyu8"}
{"type":"log","timestamp":1766939984688,"level":"info","message":"Rendering anonymous template { recipe: pptx, engine: handlebars }","meta":{"rootId":"gi64py7zfep9x90","id":"gi64py7zfep9x90"},"id":"yllnhyx9g5vmuaw","previousOperationId":"re0ikypsvuxhyu8"}
{"type":"log","timestamp":1766939984688,"level":"debug","message":"Inline data specified.","meta":{"rootId":"gi64py7zfep9x90","id":"gi64py7zfep9x90"},"id":"7n9571moqawvq55","previousOperationId":"re0ikypsvuxhyu8"}
{"type":"log","timestamp":1766939984695,"level":"debug","message":"Base url not specified, skipping its injection.","meta":{"rootId":"gi64py7zfep9x90","id":"gi64py7zfep9x90"},"id":"4fujsl0r4w7ry1v","previousOperationId":"re0ikypsvuxhyu8"}
{"type":"operationStart","subtype":"engine","name":"handlebars","timestamp":1766939984698,"id":"uwu2wsyuejbcbw5","previousEventId":"uybs9wzvzasukff","operationId":"2k4gy92tlfwlsvo","previousOperationId":"re0ikypsvuxhyu8"}
{"type":"log","timestamp":1766939984699,"level":"debug","message":"Rendering engine handlebars","meta":{"rootId":"gi64py7zfep9x90","id":"gi64py7zfep9x90"},"id":"8prnocua4j6v4mg","previousOperationId":"2k4gy92tlfwlsvo"}
{"type":"operationEnd","operationId":"2k4gy92tlfwlsvo","timestamp":1766939985905,"id":"6fv5o2lokhmpr1y","previousEventId":"uwu2wsyuejbcbw5","previousOperationId":"2k4gy92tlfwlsvo"}
{"type":"operationStart","subtype":"recipe","name":"pptx","timestamp":1766939985907,"id":"ou5gphw3l3lnxhs","previousEventId":"6fv5o2lokhmpr1y","operationId":"w6yvumq4w5p3ffb","previousOperationId":"2k4gy92tlfwlsvo"}
{"type":"log","timestamp":1766939985907,"level":"debug","message":"Executing recipe pptx","meta":{"rootId":"gi64py7zfep9x90","id":"gi64py7zfep9x90"},"id":"hj3q1ud3g3eb76l","previousOperationId":"w6yvumq4w5p3ffb"}
{"type":"log","timestamp":1766939986161,"level":"info","message":"pptx generation is starting","meta":{"rootId":"gi64py7zfep9x90","id":"gi64py7zfep9x90"},"id":"rdf6ers2ojds4zj","previousOperationId":"w6yvumq4w5p3ffb"}
{"type":"log","timestamp":1766939987954,"level":"debug","message":"Starting child request to render pptx dynamic parts","meta":{"rootId":"gi64py7zfep9x90","id":"gi64py7zfep9x90"},"id":"lejqjvqsm34c6xj","previousOperationId":"w6yvumq4w5p3ffb"}
{"type":"operationStart","subtype":"render","name":"anonymous","previousOperationId":"w6yvumq4w5p3ffb","timestamp":1766939987956,"id":"mz44cvqko8ush6r","previousEventId":"ou5gphw3l3lnxhs","operationId":"uqb8ze76c1inkxj"}
{"type":"log","timestamp":1766939987956,"level":"info","message":"Starting rendering (child) request","meta":{"rootId":"gi64py7zfep9x90","id":"gukrckjvrb6r6gh"},"id":"x0kv2yv6f533txl","previousOperationId":"uqb8ze76c1inkxj"}
{"type":"log","timestamp":1766939987957,"level":"info","message":"Rendering anonymous template { recipe: html, engine: handlebars }","meta":{"rootId":"gi64py7zfep9x90","id":"gukrckjvrb6r6gh"},"id":"h5hy0yr63bs22gz","previousOperationId":"uqb8ze76c1inkxj"}
{"type":"log","timestamp":1766939987957,"level":"debug","message":"Inline data specified.","meta":{"rootId":"gi64py7zfep9x90","id":"gukrckjvrb6r6gh"},"id":"5mqxlcjfox81qc6","previousOperationId":"uqb8ze76c1inkxj"}
{"type":"log","timestamp":1766939987964,"level":"debug","message":"Base url not specified, skipping its injection.","meta":{"rootId":"gi64py7zfep9x90","id":"gukrckjvrb6r6gh"},"id":"phgek942vqyzp31","previousOperationId":"uqb8ze76c1inkxj"}
{"type":"operationStart","subtype":"engine","name":"handlebars","timestamp":1766939987966,"id":"biodx7y3s3hyhxi","previousEventId":"mz44cvqko8ush6r","operationId":"kpzur0hxfud9g7e","previousOperationId":"uqb8ze76c1inkxj"}
{"type":"log","timestamp":1766939987966,"level":"debug","message":"Rendering engine handlebars","meta":{"rootId":"gi64py7zfep9x90","id":"gukrckjvrb6r6gh"},"id":"rmw0wplo94m0jli","previousOperationId":"kpzur0hxfud9g7e"}
{"type":"log","timestamp":1766939988166,"level":"debug","message":"(console:log) {\n  type: 'echarts@v5a',\n  width: 848,\n  height: 409,\n  option: { radar: [ [Object] ], series: [ [Object] ] }\n}","meta":{"userLevel":true,"rootId":"gi64py7zfep9x90","id":"gukrckjvrb6r6gh"},"id":"c1is2rr0etxvkyw","previousOperationId":"kpzur0hxfud9g7e"}
{"type":"operationEnd","operationId":"kpzur0hxfud9g7e","timestamp":1766939988176,"id":"b56gegdtof8y6db","previousEventId":"biodx7y3s3hyhxi","previousOperationId":"kpzur0hxfud9g7e"}
{"type":"operationStart","subtype":"recipe","name":"html","timestamp":1766939988195,"id":"gdh1oevbuc4o8o6","previousEventId":"b56gegdtof8y6db","operationId":"vyci7x7y0lbxwoa","previousOperationId":"kpzur0hxfud9g7e"}
{"type":"log","timestamp":1766939988195,"level":"debug","message":"Executing recipe html","meta":{"rootId":"gi64py7zfep9x90","id":"gukrckjvrb6r6gh"},"id":"6fg8mbss74hjkl9","previousOperationId":"vyci7x7y0lbxwoa"}
{"type":"operationEnd","operationId":"vyci7x7y0lbxwoa","timestamp":1766939988195,"id":"68tc5riay8hbhm2","previousEventId":"gdh1oevbuc4o8o6","previousOperationId":"vyci7x7y0lbxwoa"}
{"type":"log","timestamp":1766939988197,"level":"debug","message":"Skipping storing report.","meta":{"rootId":"gi64py7zfep9x90","id":"gukrckjvrb6r6gh"},"id":"rn3pkepa926jn4e","previousOperationId":"vyci7x7y0lbxwoa"}
{"type":"log","timestamp":1766939988197,"level":"info","message":"Rendering (child) request finished in 3596 ms","meta":{"rootId":"gi64py7zfep9x90","id":"gukrckjvrb6r6gh"},"id":"mr0k4idisyubvcu","previousOperationId":"vyci7x7y0lbxwoa"}
{"type":"operationEnd","subtype":"render","operationId":"uqb8ze76c1inkxj","timestamp":1766939988197,"id":"ws2v745gojyd15y","previousEventId":"68tc5riay8hbhm2","previousOperationId":"vyci7x7y0lbxwoa"}
{"type":"log","timestamp":1766939996090,"level":"debug","message":"pptx successfully zipped","meta":{"rootId":"gi64py7zfep9x90","id":"gi64py7zfep9x90"},"id":"rqoic5j3r49xnzg","previousOperationId":"w6yvumq4w5p3ffb"}
{"type":"log","timestamp":1766939996090,"level":"info","message":"pptx generation was finished","meta":{"rootId":"gi64py7zfep9x90","id":"gi64py7zfep9x90"},"id":"qnq3sto68fyoqje","previousOperationId":"w6yvumq4w5p3ffb"}
{"type":"operationEnd","operationId":"w6yvumq4w5p3ffb","timestamp":1766939996107,"id":"lfqlvhkiou3j5tn","previousEventId":"ou5gphw3l3lnxhs","previousOperationId":"w6yvumq4w5p3ffb"}
{"type":"log","timestamp":1766939996107,"level":"debug","message":"Skipping storing report.","meta":{"rootId":"gi64py7zfep9x90","id":"gi64py7zfep9x90"},"id":"63d3cwzffaicpug","previousOperationId":"w6yvumq4w5p3ffb"}
{"type":"log","timestamp":1766939996107,"level":"info","message":"Rendering request 1 finished in 11506 ms","meta":{"rootId":"gi64py7zfep9x90","id":"gi64py7zfep9x90"},"id":"qm96jxuf5yv4t0e","previousOperationId":"w6yvumq4w5p3ffb"}
{"type":"operationEnd","subtype":"render","operationId":"re0ikypsvuxhyu8","timestamp":1766939996107,"id":"bsy2s0r7lq8lw9w","previousEventId":"lfqlvhkiou3j5tn","previousOperationId":"w6yvumq4w5p3ffb"}
{"type":"operationEnd","doDiffs":false,"previousEventId":"p05an3rftvx60t2","previousOperationId":"ykl4cdztytd849z","operationId":"ykl4cdztytd849z","timestamp":1766939996115,"id":"2nk8ojy507lioch"}
