{"type":"operationStart","subtype":"profile","data":{"_id":"QYAXoA2ag4WRUr2z","timestamp":"2025-12-30T17:55:30.414Z","state":"running","mode":"standard","creationDate":"2025-12-30T17:55:30.419Z","modificationDate":"2025-12-30T17:55:30.419Z","shortid":"FVNDIgi","$entitySet":"profiles","timeout":60000},"doDiffs":false,"timestamp":1767117330416,"id":"l2oif3upuhnxpjl","previousOperationId":null,"operationId":"46a85lljpjb526a"}
{"type":"log","level":"info","message":"Render request 17 queued for execution and waiting for available worker","previousOperationId":"46a85lljpjb526a","timestamp":1767117330417,"id":"d3d06kyuo26r66l"}
{"type":"operationStart","subtype":"render","name":"anonymous","previousOperationId":"46a85lljpjb526a","timestamp":1767117330472,"id":"6xuirmh2v8w3edk","previousEventId":"l2oif3upuhnxpjl","operationId":"al92i0qyxh3w3zo"}
{"type":"log","timestamp":1767117330472,"level":"info","message":"Starting rendering request 17","meta":{"rootId":"giwzoqg9q2v4n19","id":"giwzoqg9q2v4n19"},"id":"xdwyb5lur6gpwh2","previousOperationId":"al92i0qyxh3w3zo"}
{"type":"log","timestamp":1767117330473,"level":"info","message":"Rendering anonymous template { recipe: pptx, engine: handlebars }","meta":{"rootId":"giwzoqg9q2v4n19","id":"giwzoqg9q2v4n19"},"id":"2ho34noueb9kqhy","previousOperationId":"al92i0qyxh3w3zo"}
{"type":"log","timestamp":1767117330473,"level":"debug","message":"Inline data specified.","meta":{"rootId":"giwzoqg9q2v4n19","id":"giwzoqg9q2v4n19"},"id":"8xoc2asz8djersc","previousOperationId":"al92i0qyxh3w3zo"}
{"type":"log","timestamp":1767117330485,"level":"debug","message":"Base url not specified, skipping its injection.","meta":{"rootId":"giwzoqg9q2v4n19","id":"giwzoqg9q2v4n19"},"id":"9cbiml6h9xf03sd","previousOperationId":"al92i0qyxh3w3zo"}
{"type":"operationStart","subtype":"engine","name":"handlebars","timestamp":1767117330486,"id":"18ndywduzrjdr9q","previousEventId":"6xuirmh2v8w3edk","operationId":"j7jiyxciz0f1dwf","previousOperationId":"al92i0qyxh3w3zo"}
{"type":"log","timestamp":1767117330486,"level":"debug","message":"Rendering engine handlebars","meta":{"rootId":"giwzoqg9q2v4n19","id":"giwzoqg9q2v4n19"},"id":"xkkrrl0ypka3gf8","previousOperationId":"j7jiyxciz0f1dwf"}
{"type":"operationEnd","operationId":"j7jiyxciz0f1dwf","timestamp":1767117330507,"id":"07k4tj1x179eo52","previousEventId":"18ndywduzrjdr9q","previousOperationId":"j7jiyxciz0f1dwf"}
{"type":"operationStart","subtype":"recipe","name":"pptx","timestamp":1767117330507,"id":"o9t9faoliykutet","previousEventId":"07k4tj1x179eo52","operationId":"5b06qf98j357pr4","previousOperationId":"j7jiyxciz0f1dwf"}
{"type":"log","timestamp":1767117330508,"level":"debug","message":"Executing recipe pptx","meta":{"rootId":"giwzoqg9q2v4n19","id":"giwzoqg9q2v4n19"},"id":"l17iil6ambfs3jb","previousOperationId":"5b06qf98j357pr4"}
{"type":"log","timestamp":1767117330534,"level":"info","message":"pptx generation is starting","meta":{"rootId":"giwzoqg9q2v4n19","id":"giwzoqg9q2v4n19"},"id":"buqifecmda6kgfp","previousOperationId":"5b06qf98j357pr4"}
{"type":"log","timestamp":1767117332383,"level":"debug","message":"Starting child request to render pptx dynamic parts","meta":{"rootId":"giwzoqg9q2v4n19","id":"giwzoqg9q2v4n19"},"id":"5uqfrkym6u5p8tm","previousOperationId":"5b06qf98j357pr4"}
{"type":"operationStart","subtype":"render","name":"anonymous","previousOperationId":"5b06qf98j357pr4","timestamp":1767117332384,"id":"y24huf7t7juc2rn","previousEventId":"o9t9faoliykutet","operationId":"atm5zbnbptaf2pt"}
{"type":"log","timestamp":1767117332384,"level":"info","message":"Starting rendering (child) request","meta":{"rootId":"giwzoqg9q2v4n19","id":"uo31xn2zxfpbvin"},"id":"uqjmyw6wfz24au4","previousOperationId":"atm5zbnbptaf2pt"}
{"type":"log","timestamp":1767117332384,"level":"info","message":"Rendering anonymous template { recipe: html, engine: handlebars }","meta":{"rootId":"giwzoqg9q2v4n19","id":"uo31xn2zxfpbvin"},"id":"5hnns5klckxkija","previousOperationId":"atm5zbnbptaf2pt"}
{"type":"log","timestamp":1767117332384,"level":"debug","message":"Inline data specified.","meta":{"rootId":"giwzoqg9q2v4n19","id":"uo31xn2zxfpbvin"},"id":"vwzmux3ex35hv6d","previousOperationId":"atm5zbnbptaf2pt"}
{"type":"log","timestamp":1767117332389,"level":"debug","message":"Base url not specified, skipping its injection.","meta":{"rootId":"giwzoqg9q2v4n19","id":"uo31xn2zxfpbvin"},"id":"rlr7mufv9t7ir4l","previousOperationId":"atm5zbnbptaf2pt"}
{"type":"operationStart","subtype":"engine","name":"handlebars","timestamp":1767117332391,"id":"i3bwziqqntgqv5z","previousEventId":"y24huf7t7juc2rn","operationId":"voxaiulzrxr6187","previousOperationId":"atm5zbnbptaf2pt"}
{"type":"log","timestamp":1767117332391,"level":"debug","message":"Rendering engine handlebars","meta":{"rootId":"giwzoqg9q2v4n19","id":"uo31xn2zxfpbvin"},"id":"1b1t0bkndvwqjii","previousOperationId":"voxaiulzrxr6187"}
{"type":"log","timestamp":1767117332571,"level":"debug","message":"(console:log) {\n  type: 'echarts@v5a',\n  width: 848,\n  height: 409,\n  option: { radar: [ [Object] ], series: [ [Object] ] }\n}","meta":{"userLevel":true,"rootId":"giwzoqg9q2v4n19","id":"uo31xn2zxfpbvin"},"id":"ciiidhmf2zcf97q","previousOperationId":"voxaiulzrxr6187"}
{"type":"operationEnd","operationId":"voxaiulzrxr6187","timestamp":1767117332584,"id":"k6x4e0jmdw4plvn","previousEventId":"i3bwziqqntgqv5z","previousOperationId":"voxaiulzrxr6187"}
{"type":"operationStart","subtype":"recipe","name":"html","timestamp":1767117332602,"id":"g7y4zbuwqj5sycq","previousEventId":"k6x4e0jmdw4plvn","operationId":"qbjnho9j1pzln9p","previousOperationId":"voxaiulzrxr6187"}
{"type":"log","timestamp":1767117332603,"level":"debug","message":"Executing recipe html","meta":{"rootId":"giwzoqg9q2v4n19","id":"uo31xn2zxfpbvin"},"id":"ywynv7ic382vt7p","previousOperationId":"qbjnho9j1pzln9p"}
{"type":"operationEnd","operationId":"qbjnho9j1pzln9p","timestamp":1767117332603,"id":"ng66qn0txnfc8h9","previousEventId":"g7y4zbuwqj5sycq","previousOperationId":"qbjnho9j1pzln9p"}
{"type":"log","timestamp":1767117332603,"level":"debug","message":"Skipping storing report.","meta":{"rootId":"giwzoqg9q2v4n19","id":"uo31xn2zxfpbvin"},"id":"c9x0yol7de9a0q0","previousOperationId":"qbjnho9j1pzln9p"}
{"type":"log","timestamp":1767117332603,"level":"info","message":"Rendering (child) request finished in 2190 ms","meta":{"rootId":"giwzoqg9q2v4n19","id":"uo31xn2zxfpbvin"},"id":"94polsqsdkfesrt","previousOperationId":"qbjnho9j1pzln9p"}
{"type":"operationEnd","subtype":"render","operationId":"atm5zbnbptaf2pt","timestamp":1767117332603,"id":"j1axfmfw2h6s8ch","previousEventId":"ng66qn0txnfc8h9","previousOperationId":"qbjnho9j1pzln9p"}
{"type":"log","timestamp":1767117337912,"level":"debug","message":"pptx successfully zipped","meta":{"rootId":"giwzoqg9q2v4n19","id":"giwzoqg9q2v4n19"},"id":"2om3i178wshvgxo","previousOperationId":"5b06qf98j357pr4"}
{"type":"log","timestamp":1767117337913,"level":"info","message":"pptx generation was finished","meta":{"rootId":"giwzoqg9q2v4n19","id":"giwzoqg9q2v4n19"},"id":"oaoo25ft5dot2v2","previousOperationId":"5b06qf98j357pr4"}
{"type":"operationEnd","operationId":"5b06qf98j357pr4","timestamp":1767117337929,"id":"kyyuuntk4m3q8pr","previousEventId":"o9t9faoliykutet","previousOperationId":"5b06qf98j357pr4"}
{"type":"log","timestamp":1767117337930,"level":"debug","message":"Skipping storing report.","meta":{"rootId":"giwzoqg9q2v4n19","id":"giwzoqg9q2v4n19"},"id":"8dzr856653lq5de","previousOperationId":"5b06qf98j357pr4"}
{"type":"log","timestamp":1767117337930,"level":"info","message":"Rendering request 17 finished in 7517 ms","meta":{"rootId":"giwzoqg9q2v4n19","id":"giwzoqg9q2v4n19"},"id":"2escrl2at5ps5i3","previousOperationId":"5b06qf98j357pr4"}
{"type":"operationEnd","subtype":"render","operationId":"al92i0qyxh3w3zo","timestamp":1767117337930,"id":"qzo60hdllkzvnkw","previousEventId":"kyyuuntk4m3q8pr","previousOperationId":"5b06qf98j357pr4"}
{"type":"operationEnd","doDiffs":false,"previousEventId":"l2oif3upuhnxpjl","previousOperationId":"46a85lljpjb526a","operationId":"46a85lljpjb526a","timestamp":1767117337939,"id":"5e33qagycdkbqym"}
