{"type":"operationStart","subtype":"profile","data":{"_id":"mMPjckYsDq2xu2yE","timestamp":"2025-12-30T18:57:15.521Z","state":"running","mode":"standard","creationDate":"2025-12-30T18:57:15.526Z","modificationDate":"2025-12-30T18:57:15.526Z","shortid":"lLTvt59","$entitySet":"profiles","timeout":60000},"doDiffs":false,"timestamp":1767121035524,"id":"nwoiyqh51ltqi0a","previousOperationId":null,"operationId":"s82vhw9tqtqd89y"}
{"type":"log","level":"info","message":"Render request 15 queued for execution and waiting for available worker","previousOperationId":"s82vhw9tqtqd89y","timestamp":1767121035524,"id":"tgzrj36irixo69r"}
{"type":"operationStart","subtype":"render","name":"anonymous","previousOperationId":"s82vhw9tqtqd89y","timestamp":1767121035570,"id":"hz0lq7mff7vtda7","previousEventId":"nwoiyqh51ltqi0a","operationId":"u9iert9kyq9ubs2"}
{"type":"log","timestamp":1767121035570,"level":"info","message":"Starting rendering request 15","meta":{"rootId":"gm70h3lzqhhxb2o","id":"gm70h3lzqhhxb2o"},"id":"eghkrf4gutl0iul","previousOperationId":"u9iert9kyq9ubs2"}
{"type":"log","timestamp":1767121035570,"level":"info","message":"Rendering anonymous template { recipe: pptx, engine: handlebars }","meta":{"rootId":"gm70h3lzqhhxb2o","id":"gm70h3lzqhhxb2o"},"id":"mxn70stsxhjk425","previousOperationId":"u9iert9kyq9ubs2"}
{"type":"log","timestamp":1767121035571,"level":"debug","message":"Inline data specified.","meta":{"rootId":"gm70h3lzqhhxb2o","id":"gm70h3lzqhhxb2o"},"id":"owo9whp5m9j7nvp","previousOperationId":"u9iert9kyq9ubs2"}
{"type":"log","timestamp":1767121035581,"level":"debug","message":"Base url not specified, skipping its injection.","meta":{"rootId":"gm70h3lzqhhxb2o","id":"gm70h3lzqhhxb2o"},"id":"pdqd0976d67i6hq","previousOperationId":"u9iert9kyq9ubs2"}
{"type":"operationStart","subtype":"engine","name":"handlebars","timestamp":1767121035582,"id":"2g8h4sxsw1m6835","previousEventId":"hz0lq7mff7vtda7","operationId":"g01g3pkfwo77kg0","previousOperationId":"u9iert9kyq9ubs2"}
{"type":"log","timestamp":1767121035583,"level":"debug","message":"Rendering engine handlebars","meta":{"rootId":"gm70h3lzqhhxb2o","id":"gm70h3lzqhhxb2o"},"id":"w67lg3ewntiduyu","previousOperationId":"g01g3pkfwo77kg0"}
{"type":"operationEnd","operationId":"g01g3pkfwo77kg0","timestamp":1767121035604,"id":"cg1v143ccxpuzi0","previousEventId":"2g8h4sxsw1m6835","previousOperationId":"g01g3pkfwo77kg0"}
{"type":"operationStart","subtype":"recipe","name":"pptx","timestamp":1767121035604,"id":"1y1laftejngcmnn","previousEventId":"cg1v143ccxpuzi0","operationId":"rj4gs55hhzvcb4g","previousOperationId":"g01g3pkfwo77kg0"}
{"type":"log","timestamp":1767121035604,"level":"debug","message":"Executing recipe pptx","meta":{"rootId":"gm70h3lzqhhxb2o","id":"gm70h3lzqhhxb2o"},"id":"6sdfnhr4embnub5","previousOperationId":"rj4gs55hhzvcb4g"}
{"type":"log","timestamp":1767121035618,"level":"info","message":"pptx generation is starting","meta":{"rootId":"gm70h3lzqhhxb2o","id":"gm70h3lzqhhxb2o"},"id":"l9ies3a21gn9muv","previousOperationId":"rj4gs55hhzvcb4g"}
{"type":"log","timestamp":1767121036779,"level":"debug","message":"Starting child request to render pptx dynamic parts","meta":{"rootId":"gm70h3lzqhhxb2o","id":"gm70h3lzqhhxb2o"},"id":"qsfwm0ku4gbhvtj","previousOperationId":"rj4gs55hhzvcb4g"}
{"type":"operationStart","subtype":"render","name":"anonymous","previousOperationId":"rj4gs55hhzvcb4g","timestamp":1767121036780,"id":"rwfx2bbz6b4jzag","previousEventId":"1y1laftejngcmnn","operationId":"mlyb2j284hdnn1t"}
{"type":"log","timestamp":1767121036780,"level":"info","message":"Starting rendering (child) request","meta":{"rootId":"gm70h3lzqhhxb2o","id":"g4vuh6cjtbdspeg"},"id":"vy0ljg1i4x8dll1","previousOperationId":"mlyb2j284hdnn1t"}
{"type":"log","timestamp":1767121036780,"level":"info","message":"Rendering anonymous template { recipe: html, engine: handlebars }","meta":{"rootId":"gm70h3lzqhhxb2o","id":"g4vuh6cjtbdspeg"},"id":"ik2qi1gf3chpzfx","previousOperationId":"mlyb2j284hdnn1t"}
{"type":"log","timestamp":1767121036780,"level":"debug","message":"Inline data specified.","meta":{"rootId":"gm70h3lzqhhxb2o","id":"g4vuh6cjtbdspeg"},"id":"12tr6cdx6ssox0q","previousOperationId":"mlyb2j284hdnn1t"}
{"type":"log","timestamp":1767121036785,"level":"debug","message":"Base url not specified, skipping its injection.","meta":{"rootId":"gm70h3lzqhhxb2o","id":"g4vuh6cjtbdspeg"},"id":"yhsmkjwry5zkkyu","previousOperationId":"mlyb2j284hdnn1t"}
{"type":"operationStart","subtype":"engine","name":"handlebars","timestamp":1767121036786,"id":"hir0yore5u0knor","previousEventId":"rwfx2bbz6b4jzag","operationId":"9nxzzd0871n0joi","previousOperationId":"mlyb2j284hdnn1t"}
{"type":"log","timestamp":1767121036786,"level":"debug","message":"Rendering engine handlebars","meta":{"rootId":"gm70h3lzqhhxb2o","id":"g4vuh6cjtbdspeg"},"id":"y5qdeifmtsbslcc","previousOperationId":"9nxzzd0871n0joi"}
{"type":"log","timestamp":1767121036912,"level":"debug","message":"(console:log) {\n  type: 'echarts@v5a',\n  width: 848,\n  height: 409,\n  option: { radar: [ [Object] ], series: [ [Object] ] }\n}","meta":{"userLevel":true,"rootId":"gm70h3lzqhhxb2o","id":"g4vuh6cjtbdspeg"},"id":"6atv8axbpd5rv82","previousOperationId":"9nxzzd0871n0joi"}
{"type":"operationEnd","operationId":"9nxzzd0871n0joi","timestamp":1767121036919,"id":"ftjeqodbq8wr04x","previousEventId":"hir0yore5u0knor","previousOperationId":"9nxzzd0871n0joi"}
{"type":"operationStart","subtype":"recipe","name":"html","timestamp":1767121036931,"id":"awpti5qzd6pqmz4","previousEventId":"ftjeqodbq8wr04x","operationId":"vcmwxiyxswfa01z","previousOperationId":"9nxzzd0871n0joi"}
{"type":"log","timestamp":1767121036931,"level":"debug","message":"Executing recipe html","meta":{"rootId":"gm70h3lzqhhxb2o","id":"g4vuh6cjtbdspeg"},"id":"hxvkyuma68gnsca","previousOperationId":"vcmwxiyxswfa01z"}
{"type":"operationEnd","operationId":"vcmwxiyxswfa01z","timestamp":1767121036931,"id":"4ga6b05ycsaugys","previousEventId":"awpti5qzd6pqmz4","previousOperationId":"vcmwxiyxswfa01z"}
{"type":"log","timestamp":1767121036931,"level":"debug","message":"Skipping storing report.","meta":{"rootId":"gm70h3lzqhhxb2o","id":"g4vuh6cjtbdspeg"},"id":"svq1z5qznbgk3ro","previousOperationId":"vcmwxiyxswfa01z"}
{"type":"log","timestamp":1767121036931,"level":"info","message":"Rendering (child) request finished in 1412 ms","meta":{"rootId":"gm70h3lzqhhxb2o","id":"g4vuh6cjtbdspeg"},"id":"2gobbmlwi7xxzob","previousOperationId":"vcmwxiyxswfa01z"}
{"type":"operationEnd","subtype":"render","operationId":"mlyb2j284hdnn1t","timestamp":1767121036931,"id":"hady6fub1urt26x","previousEventId":"4ga6b05ycsaugys","previousOperationId":"vcmwxiyxswfa01z"}
{"type":"log","timestamp":1767121040468,"level":"debug","message":"pptx successfully zipped","meta":{"rootId":"gm70h3lzqhhxb2o","id":"gm70h3lzqhhxb2o"},"id":"img0hwih4260tgs","previousOperationId":"rj4gs55hhzvcb4g"}
{"type":"log","timestamp":1767121040468,"level":"info","message":"pptx generation was finished","meta":{"rootId":"gm70h3lzqhhxb2o","id":"gm70h3lzqhhxb2o"},"id":"493xpyq81oynum2","previousOperationId":"rj4gs55hhzvcb4g"}
{"type":"operationEnd","operationId":"rj4gs55hhzvcb4g","timestamp":1767121040476,"id":"5zi5axvd761w22f","previousEventId":"1y1laftejngcmnn","previousOperationId":"rj4gs55hhzvcb4g"}
{"type":"log","timestamp":1767121040476,"level":"debug","message":"Skipping storing report.","meta":{"rootId":"gm70h3lzqhhxb2o","id":"gm70h3lzqhhxb2o"},"id":"aypce8av2b36mjv","previousOperationId":"rj4gs55hhzvcb4g"}
{"type":"log","timestamp":1767121040476,"level":"info","message":"Rendering request 15 finished in 4957 ms","meta":{"rootId":"gm70h3lzqhhxb2o","id":"gm70h3lzqhhxb2o"},"id":"9qh4zkblddu4zau","previousOperationId":"rj4gs55hhzvcb4g"}
{"type":"operationEnd","subtype":"render","operationId":"u9iert9kyq9ubs2","timestamp":1767121040476,"id":"35ze6c0m1s48at7","previousEventId":"5zi5axvd761w22f","previousOperationId":"rj4gs55hhzvcb4g"}
{"type":"operationEnd","doDiffs":false,"previousEventId":"nwoiyqh51ltqi0a","previousOperationId":"s82vhw9tqtqd89y","operationId":"s82vhw9tqtqd89y","timestamp":1767121040480,"id":"6pheagmyyhr85xn"}
