{"type":"operationStart","subtype":"profile","data":{"_id":"ZTef6aQvnhmtyGPb","timestamp":"2025-12-22T22:34:24.727Z","state":"running","mode":"standard","creationDate":"2025-12-22T22:34:24.732Z","modificationDate":"2025-12-22T22:34:24.732Z","shortid":"DHAgRmd","$entitySet":"profiles","timeout":60000},"doDiffs":false,"timestamp":1766442864730,"id":"zj4vix7btoytb5w","previousOperationId":null,"operationId":"0g9bybo8tktxrs4"}
{"type":"log","level":"info","message":"Render request 3 queued for execution and waiting for available worker","previousOperationId":"0g9bybo8tktxrs4","timestamp":1766442864731,"id":"6senrzg53sot7m2"}
{"type":"operationStart","subtype":"render","name":"anonymous","previousOperationId":"0g9bybo8tktxrs4","timestamp":1766442864779,"id":"nchbvmmot14w5zq","previousEventId":"zj4vix7btoytb5w","operationId":"m8dn1d0ef9rlqz4"}
{"type":"log","timestamp":1766442864780,"level":"info","message":"Starting rendering request 3","meta":{"rootId":"gq8esc6du9nexry","id":"gq8esc6du9nexry"},"id":"295w5vjpg8nsd8i","previousOperationId":"m8dn1d0ef9rlqz4"}
{"type":"log","timestamp":1766442864780,"level":"info","message":"Rendering anonymous template { recipe: pptx, engine: handlebars }","meta":{"rootId":"gq8esc6du9nexry","id":"gq8esc6du9nexry"},"id":"06ad4ixedkw9hrh","previousOperationId":"m8dn1d0ef9rlqz4"}
{"type":"log","timestamp":1766442864780,"level":"debug","message":"Inline data specified.","meta":{"rootId":"gq8esc6du9nexry","id":"gq8esc6du9nexry"},"id":"8u485hgkh8ivbgp","previousOperationId":"m8dn1d0ef9rlqz4"}
{"type":"log","timestamp":1766442864790,"level":"debug","message":"Base url not specified, skipping its injection.","meta":{"rootId":"gq8esc6du9nexry","id":"gq8esc6du9nexry"},"id":"cl4buw0g1zds5yn","previousOperationId":"m8dn1d0ef9rlqz4"}
{"type":"operationStart","subtype":"engine","name":"handlebars","timestamp":1766442864791,"id":"lbkei915nozlwcz","previousEventId":"nchbvmmot14w5zq","operationId":"hw4jtf2hhkatgm8","previousOperationId":"m8dn1d0ef9rlqz4"}
{"type":"log","timestamp":1766442864792,"level":"debug","message":"Rendering engine handlebars","meta":{"rootId":"gq8esc6du9nexry","id":"gq8esc6du9nexry"},"id":"ppb62zhh35dqvp5","previousOperationId":"hw4jtf2hhkatgm8"}
{"type":"operationEnd","operationId":"hw4jtf2hhkatgm8","timestamp":1766442864897,"id":"zfho8y257gpopqp","previousEventId":"lbkei915nozlwcz","previousOperationId":"hw4jtf2hhkatgm8"}
{"type":"operationStart","subtype":"recipe","name":"pptx","timestamp":1766442864897,"id":"wdi78h7jfklultp","previousEventId":"zfho8y257gpopqp","operationId":"subbcbaajyilqkr","previousOperationId":"hw4jtf2hhkatgm8"}
{"type":"log","timestamp":1766442864897,"level":"debug","message":"Executing recipe pptx","meta":{"rootId":"gq8esc6du9nexry","id":"gq8esc6du9nexry"},"id":"nug1v38yjtayibo","previousOperationId":"subbcbaajyilqkr"}
{"type":"log","timestamp":1766442864911,"level":"info","message":"pptx generation is starting","meta":{"rootId":"gq8esc6du9nexry","id":"gq8esc6du9nexry"},"id":"m3m9h7tjrjzx7di","previousOperationId":"subbcbaajyilqkr"}
{"type":"log","timestamp":1766442865922,"level":"debug","message":"Starting child request to render pptx dynamic parts","meta":{"rootId":"gq8esc6du9nexry","id":"gq8esc6du9nexry"},"id":"nbxxdjkqd1aerpu","previousOperationId":"subbcbaajyilqkr"}
{"type":"operationStart","subtype":"render","name":"anonymous","previousOperationId":"subbcbaajyilqkr","timestamp":1766442865922,"id":"sxgbexcwzm06wpd","previousEventId":"wdi78h7jfklultp","operationId":"ewm4oadhv24aax0"}
{"type":"log","timestamp":1766442865923,"level":"info","message":"Starting rendering (child) request","meta":{"rootId":"gq8esc6du9nexry","id":"w8eqjlfgmmefl8k"},"id":"usc9rdkgy53icuv","previousOperationId":"ewm4oadhv24aax0"}
{"type":"log","timestamp":1766442865923,"level":"info","message":"Rendering anonymous template { recipe: html, engine: handlebars }","meta":{"rootId":"gq8esc6du9nexry","id":"w8eqjlfgmmefl8k"},"id":"zox587gmz1qvuoc","previousOperationId":"ewm4oadhv24aax0"}
{"type":"log","timestamp":1766442865923,"level":"debug","message":"Inline data specified.","meta":{"rootId":"gq8esc6du9nexry","id":"w8eqjlfgmmefl8k"},"id":"utfikqq1q2ov0oq","previousOperationId":"ewm4oadhv24aax0"}
{"type":"log","timestamp":1766442865927,"level":"debug","message":"Base url not specified, skipping its injection.","meta":{"rootId":"gq8esc6du9nexry","id":"w8eqjlfgmmefl8k"},"id":"bq901n354b69y6o","previousOperationId":"ewm4oadhv24aax0"}
{"type":"operationStart","subtype":"engine","name":"handlebars","timestamp":1766442865929,"id":"t6o4ipnplbyxppe","previousEventId":"sxgbexcwzm06wpd","operationId":"jrn7v1n7cmlvpor","previousOperationId":"ewm4oadhv24aax0"}
{"type":"log","timestamp":1766442865929,"level":"debug","message":"Rendering engine handlebars","meta":{"rootId":"gq8esc6du9nexry","id":"w8eqjlfgmmefl8k"},"id":"vtzg4mep9eyw85f","previousOperationId":"jrn7v1n7cmlvpor"}
{"type":"operationEnd","operationId":"jrn7v1n7cmlvpor","timestamp":1766442866026,"id":"h9gkyxn5sp78nsn","previousEventId":"t6o4ipnplbyxppe","previousOperationId":"jrn7v1n7cmlvpor"}
{"type":"operationStart","subtype":"recipe","name":"html","timestamp":1766442866033,"id":"m99iubfxm2z46xr","previousEventId":"h9gkyxn5sp78nsn","operationId":"a9z3l19x1e09f8i","previousOperationId":"jrn7v1n7cmlvpor"}
{"type":"log","timestamp":1766442866034,"level":"debug","message":"Executing recipe html","meta":{"rootId":"gq8esc6du9nexry","id":"w8eqjlfgmmefl8k"},"id":"r98xn77g9lr02ii","previousOperationId":"a9z3l19x1e09f8i"}
{"type":"operationEnd","operationId":"a9z3l19x1e09f8i","timestamp":1766442866034,"id":"nhet6y858p91d0y","previousEventId":"m99iubfxm2z46xr","previousOperationId":"a9z3l19x1e09f8i"}
{"type":"log","timestamp":1766442866034,"level":"debug","message":"Skipping storing report.","meta":{"rootId":"gq8esc6du9nexry","id":"w8eqjlfgmmefl8k"},"id":"21bd20chsvc2iqy","previousOperationId":"a9z3l19x1e09f8i"}
{"type":"log","timestamp":1766442866034,"level":"info","message":"Rendering (child) request finished in 1310 ms","meta":{"rootId":"gq8esc6du9nexry","id":"w8eqjlfgmmefl8k"},"id":"fbn4cpi07g9gvb1","previousOperationId":"a9z3l19x1e09f8i"}
{"type":"operationEnd","subtype":"render","operationId":"ewm4oadhv24aax0","timestamp":1766442866034,"id":"ucjgomi12b1sxkq","previousEventId":"nhet6y858p91d0y","previousOperationId":"a9z3l19x1e09f8i"}
{"type":"log","timestamp":1766442869201,"level":"debug","message":"pptx successfully zipped","meta":{"rootId":"gq8esc6du9nexry","id":"gq8esc6du9nexry"},"id":"7pp07ug6ubqgkfz","previousOperationId":"subbcbaajyilqkr"}
{"type":"log","timestamp":1766442869201,"level":"info","message":"pptx generation was finished","meta":{"rootId":"gq8esc6du9nexry","id":"gq8esc6du9nexry"},"id":"a18v8tbvsoey5vw","previousOperationId":"subbcbaajyilqkr"}
{"type":"operationEnd","operationId":"subbcbaajyilqkr","timestamp":1766442869209,"id":"v9idkmq9eze7hci","previousEventId":"wdi78h7jfklultp","previousOperationId":"subbcbaajyilqkr"}
{"type":"log","timestamp":1766442869209,"level":"debug","message":"Skipping storing report.","meta":{"rootId":"gq8esc6du9nexry","id":"gq8esc6du9nexry"},"id":"i32pn2vcpzmdrsy","previousOperationId":"subbcbaajyilqkr"}
{"type":"log","timestamp":1766442869209,"level":"info","message":"Rendering request 3 finished in 4485 ms","meta":{"rootId":"gq8esc6du9nexry","id":"gq8esc6du9nexry"},"id":"vn4ruuneyg6b7vh","previousOperationId":"subbcbaajyilqkr"}
{"type":"operationEnd","subtype":"render","operationId":"m8dn1d0ef9rlqz4","timestamp":1766442869209,"id":"qg4axthdvg0pnek","previousEventId":"v9idkmq9eze7hci","previousOperationId":"subbcbaajyilqkr"}
{"type":"operationEnd","doDiffs":false,"previousEventId":"zj4vix7btoytb5w","previousOperationId":"0g9bybo8tktxrs4","operationId":"0g9bybo8tktxrs4","timestamp":1766442869213,"id":"an8aius1sortr32"}
