{"type":"operationStart","subtype":"profile","data":{"_id":"ZxRF7ea3YZaKsf2c","timestamp":"2025-12-26T19:55:03.724Z","state":"running","mode":"standard","creationDate":"2025-12-26T19:55:03.731Z","modificationDate":"2025-12-26T19:55:03.731Z","shortid":"odVvGqY","$entitySet":"profiles","timeout":60000},"doDiffs":false,"timestamp":1766778903729,"id":"yl8vsquldvadn7t","previousOperationId":null,"operationId":"yikucn6f56318zh"}
{"type":"log","level":"info","message":"Render request 4 queued for execution and waiting for available worker","previousOperationId":"yikucn6f56318zh","timestamp":1766778903729,"id":"3zbnpcm3mctd0a7"}
{"type":"operationStart","subtype":"render","name":"anonymous","previousOperationId":"yikucn6f56318zh","timestamp":1766778903800,"id":"y8np033cydmsc10","previousEventId":"yl8vsquldvadn7t","operationId":"osd1t3sa731f9v0"}
{"type":"log","timestamp":1766778903801,"level":"info","message":"Starting rendering request 4","meta":{"rootId":"grmkacy6a4bpn5s","id":"grmkacy6a4bpn5s"},"id":"alkrloaxvbicgix","previousOperationId":"osd1t3sa731f9v0"}
{"type":"log","timestamp":1766778903802,"level":"info","message":"Rendering anonymous template { recipe: pptx, engine: handlebars }","meta":{"rootId":"grmkacy6a4bpn5s","id":"grmkacy6a4bpn5s"},"id":"1ywz0jyxewqwmee","previousOperationId":"osd1t3sa731f9v0"}
{"type":"log","timestamp":1766778903802,"level":"debug","message":"Inline data specified.","meta":{"rootId":"grmkacy6a4bpn5s","id":"grmkacy6a4bpn5s"},"id":"nu82p1labefcstu","previousOperationId":"osd1t3sa731f9v0"}
{"type":"log","timestamp":1766778903805,"level":"debug","message":"Base url not specified, skipping its injection.","meta":{"rootId":"grmkacy6a4bpn5s","id":"grmkacy6a4bpn5s"},"id":"4gvy419waqc6oxa","previousOperationId":"osd1t3sa731f9v0"}
{"type":"operationStart","subtype":"engine","name":"handlebars","timestamp":1766778903806,"id":"sj0pw0nolr2ue07","previousEventId":"y8np033cydmsc10","operationId":"z8ffaxf7txvlbjd","previousOperationId":"osd1t3sa731f9v0"}
{"type":"log","timestamp":1766778903806,"level":"debug","message":"Rendering engine handlebars","meta":{"rootId":"grmkacy6a4bpn5s","id":"grmkacy6a4bpn5s"},"id":"2lmir99ipmi0wzt","previousOperationId":"z8ffaxf7txvlbjd"}
{"type":"operationEnd","operationId":"z8ffaxf7txvlbjd","timestamp":1766778903834,"id":"rw6jh8lm0kzfsfz","previousEventId":"sj0pw0nolr2ue07","previousOperationId":"z8ffaxf7txvlbjd"}
{"type":"operationStart","subtype":"recipe","name":"pptx","timestamp":1766778903835,"id":"3n69ocfj599dghv","previousEventId":"rw6jh8lm0kzfsfz","operationId":"7mcwzanm9el5e68","previousOperationId":"z8ffaxf7txvlbjd"}
{"type":"log","timestamp":1766778903835,"level":"debug","message":"Executing recipe pptx","meta":{"rootId":"grmkacy6a4bpn5s","id":"grmkacy6a4bpn5s"},"id":"ct0vkr1d4qvb5il","previousOperationId":"7mcwzanm9el5e68"}
{"type":"log","timestamp":1766778903855,"level":"info","message":"pptx generation is starting","meta":{"rootId":"grmkacy6a4bpn5s","id":"grmkacy6a4bpn5s"},"id":"7qwal2tj7pu8i5b","previousOperationId":"7mcwzanm9el5e68"}
{"type":"log","timestamp":1766778905733,"level":"debug","message":"Starting child request to render pptx dynamic parts","meta":{"rootId":"grmkacy6a4bpn5s","id":"grmkacy6a4bpn5s"},"id":"k9y0zkohuce0d08","previousOperationId":"7mcwzanm9el5e68"}
{"type":"operationStart","subtype":"render","name":"anonymous","previousOperationId":"7mcwzanm9el5e68","timestamp":1766778905734,"id":"93u2itictbtz2iy","previousEventId":"3n69ocfj599dghv","operationId":"fzk4prrtoalv6w2"}
{"type":"log","timestamp":1766778905734,"level":"info","message":"Starting rendering (child) request","meta":{"rootId":"grmkacy6a4bpn5s","id":"1r8lh2n3ct8w9o9"},"id":"phfi86im75gzs6p","previousOperationId":"fzk4prrtoalv6w2"}
{"type":"log","timestamp":1766778905735,"level":"info","message":"Rendering anonymous template { recipe: html, engine: handlebars }","meta":{"rootId":"grmkacy6a4bpn5s","id":"1r8lh2n3ct8w9o9"},"id":"0vd5iuliq95b7sl","previousOperationId":"fzk4prrtoalv6w2"}
{"type":"log","timestamp":1766778905735,"level":"debug","message":"Inline data specified.","meta":{"rootId":"grmkacy6a4bpn5s","id":"1r8lh2n3ct8w9o9"},"id":"2qjq2jq9xjfxsoz","previousOperationId":"fzk4prrtoalv6w2"}
{"type":"log","timestamp":1766778905741,"level":"debug","message":"Base url not specified, skipping its injection.","meta":{"rootId":"grmkacy6a4bpn5s","id":"1r8lh2n3ct8w9o9"},"id":"pcrhraow9gozkgb","previousOperationId":"fzk4prrtoalv6w2"}
{"type":"operationStart","subtype":"engine","name":"handlebars","timestamp":1766778905743,"id":"45i674kvxje13l5","previousEventId":"93u2itictbtz2iy","operationId":"qrlnid92p0ie04e","previousOperationId":"fzk4prrtoalv6w2"}
{"type":"log","timestamp":1766778905743,"level":"debug","message":"Rendering engine handlebars","meta":{"rootId":"grmkacy6a4bpn5s","id":"1r8lh2n3ct8w9o9"},"id":"ye7qikkssc5hcog","previousOperationId":"qrlnid92p0ie04e"}
{"type":"operationEnd","operationId":"qrlnid92p0ie04e","timestamp":1766778905912,"id":"f89vmnhm8rl075w","previousEventId":"45i674kvxje13l5","previousOperationId":"qrlnid92p0ie04e"}
{"type":"operationStart","subtype":"recipe","name":"html","timestamp":1766778905927,"id":"xpnopq8gzz6sxse","previousEventId":"f89vmnhm8rl075w","operationId":"hyiq9n1ohssi69t","previousOperationId":"qrlnid92p0ie04e"}
{"type":"log","timestamp":1766778905927,"level":"debug","message":"Executing recipe html","meta":{"rootId":"grmkacy6a4bpn5s","id":"1r8lh2n3ct8w9o9"},"id":"k6ze7xtelpgs78d","previousOperationId":"hyiq9n1ohssi69t"}
{"type":"operationEnd","operationId":"hyiq9n1ohssi69t","timestamp":1766778905927,"id":"ljpvic72jtek7zs","previousEventId":"xpnopq8gzz6sxse","previousOperationId":"hyiq9n1ohssi69t"}
{"type":"log","timestamp":1766778905928,"level":"debug","message":"Skipping storing report.","meta":{"rootId":"grmkacy6a4bpn5s","id":"1r8lh2n3ct8w9o9"},"id":"0tfg0oi0pxizv66","previousOperationId":"hyiq9n1ohssi69t"}
{"type":"log","timestamp":1766778905928,"level":"info","message":"Rendering (child) request finished in 2205 ms","meta":{"rootId":"grmkacy6a4bpn5s","id":"1r8lh2n3ct8w9o9"},"id":"svlqhpvokyrrzw9","previousOperationId":"hyiq9n1ohssi69t"}
{"type":"operationEnd","subtype":"render","operationId":"fzk4prrtoalv6w2","timestamp":1766778905928,"id":"6w5htqbtonohv0y","previousEventId":"ljpvic72jtek7zs","previousOperationId":"hyiq9n1ohssi69t"}
{"type":"log","timestamp":1766778910541,"level":"debug","message":"pptx successfully zipped","meta":{"rootId":"grmkacy6a4bpn5s","id":"grmkacy6a4bpn5s"},"id":"4kjuhs5jzi681pj","previousOperationId":"7mcwzanm9el5e68"}
{"type":"log","timestamp":1766778910541,"level":"info","message":"pptx generation was finished","meta":{"rootId":"grmkacy6a4bpn5s","id":"grmkacy6a4bpn5s"},"id":"x184imieoksjswi","previousOperationId":"7mcwzanm9el5e68"}
{"type":"operationEnd","operationId":"7mcwzanm9el5e68","timestamp":1766778910551,"id":"zpovmv208bidgzp","previousEventId":"3n69ocfj599dghv","previousOperationId":"7mcwzanm9el5e68"}
{"type":"log","timestamp":1766778910551,"level":"debug","message":"Skipping storing report.","meta":{"rootId":"grmkacy6a4bpn5s","id":"grmkacy6a4bpn5s"},"id":"p5gyp1y7t194mux","previousOperationId":"7mcwzanm9el5e68"}
{"type":"log","timestamp":1766778910551,"level":"info","message":"Rendering request 4 finished in 6828 ms","meta":{"rootId":"grmkacy6a4bpn5s","id":"grmkacy6a4bpn5s"},"id":"5iq9k9o2xncsd9b","previousOperationId":"7mcwzanm9el5e68"}
{"type":"operationEnd","subtype":"render","operationId":"osd1t3sa731f9v0","timestamp":1766778910551,"id":"g3a5054kkm4nhz6","previousEventId":"zpovmv208bidgzp","previousOperationId":"7mcwzanm9el5e68"}
{"type":"operationEnd","doDiffs":false,"previousEventId":"yl8vsquldvadn7t","previousOperationId":"yikucn6f56318zh","operationId":"yikucn6f56318zh","timestamp":1766778910558,"id":"3znht3ulx7qtnkr"}
