{"type":"operationStart","subtype":"profile","data":{"_id":"iQ15JqRM08zFOxGc","timestamp":"2025-12-28T15:30:40.269Z","state":"running","mode":"standard","creationDate":"2025-12-28T15:30:40.277Z","modificationDate":"2025-12-28T15:30:40.277Z","shortid":"VNMyasl","$entitySet":"profiles","timeout":60000},"doDiffs":false,"timestamp":1766935840274,"id":"lecwnpb2yr80d86","previousOperationId":null,"operationId":"rd9qyl3hfpo8wrf"}
{"type":"log","level":"info","message":"Render request 2 queued for execution and waiting for available worker","previousOperationId":"rd9qyl3hfpo8wrf","timestamp":1766935840274,"id":"hehfs5hkw5qsfpk"}
{"type":"operationStart","subtype":"render","name":"anonymous","previousOperationId":"rd9qyl3hfpo8wrf","timestamp":1766935840369,"id":"kd5cf74lzm83kxg","previousEventId":"lecwnpb2yr80d86","operationId":"rotrk00qhytt9bu"}
{"type":"log","timestamp":1766935840370,"level":"info","message":"Starting rendering request 2","meta":{"rootId":"grrk3obwjbd2hmi","id":"grrk3obwjbd2hmi"},"id":"w55skp91hnynkhk","previousOperationId":"rotrk00qhytt9bu"}
{"type":"log","timestamp":1766935840373,"level":"info","message":"Rendering anonymous template { recipe: pptx, engine: handlebars }","meta":{"rootId":"grrk3obwjbd2hmi","id":"grrk3obwjbd2hmi"},"id":"fbva2t3n073ilhq","previousOperationId":"rotrk00qhytt9bu"}
{"type":"log","timestamp":1766935840374,"level":"debug","message":"Inline data specified.","meta":{"rootId":"grrk3obwjbd2hmi","id":"grrk3obwjbd2hmi"},"id":"2qbwi2az5l9zrp9","previousOperationId":"rotrk00qhytt9bu"}
{"type":"log","timestamp":1766935840390,"level":"debug","message":"Base url not specified, skipping its injection.","meta":{"rootId":"grrk3obwjbd2hmi","id":"grrk3obwjbd2hmi"},"id":"h3jueehoocmt4k3","previousOperationId":"rotrk00qhytt9bu"}
{"type":"operationStart","subtype":"engine","name":"handlebars","timestamp":1766935840393,"id":"tc9eqyxnnvy5ri7","previousEventId":"kd5cf74lzm83kxg","operationId":"r9ag43rudjd304v","previousOperationId":"rotrk00qhytt9bu"}
{"type":"log","timestamp":1766935840393,"level":"debug","message":"Rendering engine handlebars","meta":{"rootId":"grrk3obwjbd2hmi","id":"grrk3obwjbd2hmi"},"id":"u9l7k6psafbuz34","previousOperationId":"r9ag43rudjd304v"}
{"type":"operationEnd","operationId":"r9ag43rudjd304v","timestamp":1766935841560,"id":"q9undainyzm5y8n","previousEventId":"tc9eqyxnnvy5ri7","previousOperationId":"r9ag43rudjd304v"}
{"type":"operationStart","subtype":"recipe","name":"pptx","timestamp":1766935841562,"id":"qa9qgmj0y3xacpq","previousEventId":"q9undainyzm5y8n","operationId":"2xg7hukkmvb2tia","previousOperationId":"r9ag43rudjd304v"}
{"type":"log","timestamp":1766935841562,"level":"debug","message":"Executing recipe pptx","meta":{"rootId":"grrk3obwjbd2hmi","id":"grrk3obwjbd2hmi"},"id":"ads7hbmsx3pnkzg","previousOperationId":"2xg7hukkmvb2tia"}
{"type":"log","timestamp":1766935841852,"level":"info","message":"pptx generation is starting","meta":{"rootId":"grrk3obwjbd2hmi","id":"grrk3obwjbd2hmi"},"id":"xj00nzm565h8e4z","previousOperationId":"2xg7hukkmvb2tia"}
{"type":"log","timestamp":1766935843705,"level":"debug","message":"Starting child request to render pptx dynamic parts","meta":{"rootId":"grrk3obwjbd2hmi","id":"grrk3obwjbd2hmi"},"id":"o6a9s1wt1xyyjmm","previousOperationId":"2xg7hukkmvb2tia"}
{"type":"operationStart","subtype":"render","name":"anonymous","previousOperationId":"2xg7hukkmvb2tia","timestamp":1766935843707,"id":"2ikpugp9f5k2n6i","previousEventId":"qa9qgmj0y3xacpq","operationId":"ogru1biz63gqhts"}
{"type":"log","timestamp":1766935843707,"level":"info","message":"Starting rendering (child) request","meta":{"rootId":"grrk3obwjbd2hmi","id":"d2jqdo35hukr7mw"},"id":"20s8rnmdyde364i","previousOperationId":"ogru1biz63gqhts"}
{"type":"log","timestamp":1766935843707,"level":"info","message":"Rendering anonymous template { recipe: html, engine: handlebars }","meta":{"rootId":"grrk3obwjbd2hmi","id":"d2jqdo35hukr7mw"},"id":"0a6lkqznkppi9nh","previousOperationId":"ogru1biz63gqhts"}
{"type":"log","timestamp":1766935843708,"level":"debug","message":"Inline data specified.","meta":{"rootId":"grrk3obwjbd2hmi","id":"d2jqdo35hukr7mw"},"id":"bzwceivglffrmyb","previousOperationId":"ogru1biz63gqhts"}
{"type":"log","timestamp":1766935843714,"level":"debug","message":"Base url not specified, skipping its injection.","meta":{"rootId":"grrk3obwjbd2hmi","id":"d2jqdo35hukr7mw"},"id":"wrhg2d8pg1snchi","previousOperationId":"ogru1biz63gqhts"}
{"type":"operationStart","subtype":"engine","name":"handlebars","timestamp":1766935843716,"id":"mlkdktw17edtemo","previousEventId":"2ikpugp9f5k2n6i","operationId":"d1cqx9dhknudvw8","previousOperationId":"ogru1biz63gqhts"}
{"type":"log","timestamp":1766935843716,"level":"debug","message":"Rendering engine handlebars","meta":{"rootId":"grrk3obwjbd2hmi","id":"d2jqdo35hukr7mw"},"id":"lms5mvghafyxg8x","previousOperationId":"d1cqx9dhknudvw8"}
{"type":"log","timestamp":1766935843929,"level":"debug","message":"(console:log) {\n  type: 'echarts@v5a',\n  width: 848,\n  height: 409,\n  option: { radar: [ [Object] ], series: [ [Object] ] }\n}","meta":{"userLevel":true,"rootId":"grrk3obwjbd2hmi","id":"d2jqdo35hukr7mw"},"id":"0o5tjq0iqeopcz8","previousOperationId":"d1cqx9dhknudvw8"}
{"type":"operationEnd","operationId":"d1cqx9dhknudvw8","timestamp":1766935843941,"id":"tdfyh3p9os2pj2t","previousEventId":"mlkdktw17edtemo","previousOperationId":"d1cqx9dhknudvw8"}
{"type":"operationStart","subtype":"recipe","name":"html","timestamp":1766935843958,"id":"4ior60tv9a4s0g1","previousEventId":"tdfyh3p9os2pj2t","operationId":"b8mi5ox1hjbxme1","previousOperationId":"d1cqx9dhknudvw8"}
{"type":"log","timestamp":1766935843958,"level":"debug","message":"Executing recipe html","meta":{"rootId":"grrk3obwjbd2hmi","id":"d2jqdo35hukr7mw"},"id":"yq3a7umateplayt","previousOperationId":"b8mi5ox1hjbxme1"}
{"type":"operationEnd","operationId":"b8mi5ox1hjbxme1","timestamp":1766935843958,"id":"s7hxqipfiukjqyd","previousEventId":"4ior60tv9a4s0g1","previousOperationId":"b8mi5ox1hjbxme1"}
{"type":"log","timestamp":1766935843959,"level":"debug","message":"Skipping storing report.","meta":{"rootId":"grrk3obwjbd2hmi","id":"d2jqdo35hukr7mw"},"id":"qc4bkdpng2557ay","previousOperationId":"b8mi5ox1hjbxme1"}
{"type":"log","timestamp":1766935843959,"level":"info","message":"Rendering (child) request finished in 3692 ms","meta":{"rootId":"grrk3obwjbd2hmi","id":"d2jqdo35hukr7mw"},"id":"ypkk8dveskyj5lg","previousOperationId":"b8mi5ox1hjbxme1"}
{"type":"operationEnd","subtype":"render","operationId":"ogru1biz63gqhts","timestamp":1766935843960,"id":"7qozxlbkld35fui","previousEventId":"s7hxqipfiukjqyd","previousOperationId":"b8mi5ox1hjbxme1"}
{"type":"log","timestamp":1766935850085,"level":"debug","message":"pptx successfully zipped","meta":{"rootId":"grrk3obwjbd2hmi","id":"grrk3obwjbd2hmi"},"id":"jq7ep0fqlyj371a","previousOperationId":"2xg7hukkmvb2tia"}
{"type":"log","timestamp":1766935850085,"level":"info","message":"pptx generation was finished","meta":{"rootId":"grrk3obwjbd2hmi","id":"grrk3obwjbd2hmi"},"id":"1g14zd4cmc4dwbm","previousOperationId":"2xg7hukkmvb2tia"}
{"type":"operationEnd","operationId":"2xg7hukkmvb2tia","timestamp":1766935850099,"id":"cdix1w0zn07kwx9","previousEventId":"qa9qgmj0y3xacpq","previousOperationId":"2xg7hukkmvb2tia"}
{"type":"log","timestamp":1766935850099,"level":"debug","message":"Skipping storing report.","meta":{"rootId":"grrk3obwjbd2hmi","id":"grrk3obwjbd2hmi"},"id":"kgqn2hdwyiiitfu","previousOperationId":"2xg7hukkmvb2tia"}
{"type":"log","timestamp":1766935850099,"level":"info","message":"Rendering request 2 finished in 9832 ms","meta":{"rootId":"grrk3obwjbd2hmi","id":"grrk3obwjbd2hmi"},"id":"2qmaxfb5wigf3u1","previousOperationId":"2xg7hukkmvb2tia"}
{"type":"operationEnd","subtype":"render","operationId":"rotrk00qhytt9bu","timestamp":1766935850099,"id":"n969z25gg9waijj","previousEventId":"cdix1w0zn07kwx9","previousOperationId":"2xg7hukkmvb2tia"}
{"type":"operationEnd","doDiffs":false,"previousEventId":"lecwnpb2yr80d86","previousOperationId":"rd9qyl3hfpo8wrf","operationId":"rd9qyl3hfpo8wrf","timestamp":1766935850104,"id":"orp8jy78zr8nf0q"}
