{"type":"operationStart","subtype":"profile","data":{"_id":"JBjvMr2CstYAdRKP","timestamp":"2025-12-28T14:26:47.448Z","state":"running","mode":"standard","creationDate":"2025-12-28T14:26:47.452Z","modificationDate":"2025-12-28T14:26:47.452Z","shortid":"ekSYEfv","$entitySet":"profiles","timeout":60000},"doDiffs":false,"timestamp":1766932007450,"id":"d225mf89n22q4ot","previousOperationId":null,"operationId":"syi8p8vmvuic3cd"}
{"type":"log","level":"info","message":"Render request 17 queued for execution and waiting for available worker","previousOperationId":"syi8p8vmvuic3cd","timestamp":1766932007450,"id":"v1dp6ugd5s7bix4"}
{"type":"operationStart","subtype":"render","name":"anonymous","previousOperationId":"syi8p8vmvuic3cd","timestamp":1766932007500,"id":"7v2ye2q4g4v1y6g","previousEventId":"d225mf89n22q4ot","operationId":"la3zyyvka4of2hr"}
{"type":"log","timestamp":1766932007501,"level":"info","message":"Starting rendering request 17","meta":{"rootId":"gvkefnbytqpdol8","id":"gvkefnbytqpdol8"},"id":"rsen2t5gryi3ryz","previousOperationId":"la3zyyvka4of2hr"}
{"type":"log","timestamp":1766932007501,"level":"info","message":"Rendering anonymous template { recipe: pptx, engine: handlebars }","meta":{"rootId":"gvkefnbytqpdol8","id":"gvkefnbytqpdol8"},"id":"x7s1u1a07barf5x","previousOperationId":"la3zyyvka4of2hr"}
{"type":"log","timestamp":1766932007501,"level":"debug","message":"Inline data specified.","meta":{"rootId":"gvkefnbytqpdol8","id":"gvkefnbytqpdol8"},"id":"yicwwgjiksq865x","previousOperationId":"la3zyyvka4of2hr"}
{"type":"log","timestamp":1766932007506,"level":"debug","message":"Base url not specified, skipping its injection.","meta":{"rootId":"gvkefnbytqpdol8","id":"gvkefnbytqpdol8"},"id":"6sc9bez5woyuttm","previousOperationId":"la3zyyvka4of2hr"}
{"type":"operationStart","subtype":"engine","name":"handlebars","timestamp":1766932007506,"id":"uuk2wj02tfvh4kf","previousEventId":"7v2ye2q4g4v1y6g","operationId":"x0af04zf3jgvf25","previousOperationId":"la3zyyvka4of2hr"}
{"type":"log","timestamp":1766932007507,"level":"debug","message":"Rendering engine handlebars","meta":{"rootId":"gvkefnbytqpdol8","id":"gvkefnbytqpdol8"},"id":"u3r1k6ko6sgl7n1","previousOperationId":"x0af04zf3jgvf25"}
{"type":"operationEnd","operationId":"x0af04zf3jgvf25","timestamp":1766932007530,"id":"7mkig2an8bgq299","previousEventId":"uuk2wj02tfvh4kf","previousOperationId":"x0af04zf3jgvf25"}
{"type":"operationStart","subtype":"recipe","name":"pptx","timestamp":1766932007531,"id":"pj0h7uytsbu9ho1","previousEventId":"7mkig2an8bgq299","operationId":"yjlr0vfjmnw8ey5","previousOperationId":"x0af04zf3jgvf25"}
{"type":"log","timestamp":1766932007531,"level":"debug","message":"Executing recipe pptx","meta":{"rootId":"gvkefnbytqpdol8","id":"gvkefnbytqpdol8"},"id":"axdhlwwyw6cnjf2","previousOperationId":"yjlr0vfjmnw8ey5"}
{"type":"log","timestamp":1766932007547,"level":"info","message":"pptx generation is starting","meta":{"rootId":"gvkefnbytqpdol8","id":"gvkefnbytqpdol8"},"id":"v13jkxk252w4me2","previousOperationId":"yjlr0vfjmnw8ey5"}
{"type":"log","timestamp":1766932008642,"level":"debug","message":"Starting child request to render pptx dynamic parts","meta":{"rootId":"gvkefnbytqpdol8","id":"gvkefnbytqpdol8"},"id":"6mid5n6l3qig536","previousOperationId":"yjlr0vfjmnw8ey5"}
{"type":"operationStart","subtype":"render","name":"anonymous","previousOperationId":"yjlr0vfjmnw8ey5","timestamp":1766932008643,"id":"b01dkt48yc4jvi4","previousEventId":"pj0h7uytsbu9ho1","operationId":"jn7lgeh3nwc8fk0"}
{"type":"log","timestamp":1766932008643,"level":"info","message":"Starting rendering (child) request","meta":{"rootId":"gvkefnbytqpdol8","id":"cctu9w6arjiu7xg"},"id":"zrzkz7wslyw2h6b","previousOperationId":"jn7lgeh3nwc8fk0"}
{"type":"log","timestamp":1766932008643,"level":"info","message":"Rendering anonymous template { recipe: html, engine: handlebars }","meta":{"rootId":"gvkefnbytqpdol8","id":"cctu9w6arjiu7xg"},"id":"7t4o8wickiezv2q","previousOperationId":"jn7lgeh3nwc8fk0"}
{"type":"log","timestamp":1766932008643,"level":"debug","message":"Inline data specified.","meta":{"rootId":"gvkefnbytqpdol8","id":"cctu9w6arjiu7xg"},"id":"mutlyq10h6y9h9v","previousOperationId":"jn7lgeh3nwc8fk0"}
{"type":"log","timestamp":1766932008646,"level":"debug","message":"Base url not specified, skipping its injection.","meta":{"rootId":"gvkefnbytqpdol8","id":"cctu9w6arjiu7xg"},"id":"yr7oruq6ut8lbdu","previousOperationId":"jn7lgeh3nwc8fk0"}
{"type":"operationStart","subtype":"engine","name":"handlebars","timestamp":1766932008647,"id":"kj4mu9f5yksoqy2","previousEventId":"b01dkt48yc4jvi4","operationId":"ci1kh31lq4idmq2","previousOperationId":"jn7lgeh3nwc8fk0"}
{"type":"log","timestamp":1766932008647,"level":"debug","message":"Rendering engine handlebars","meta":{"rootId":"gvkefnbytqpdol8","id":"cctu9w6arjiu7xg"},"id":"4ljmdz4om1mvbte","previousOperationId":"ci1kh31lq4idmq2"}
{"type":"log","timestamp":1766932008746,"level":"debug","message":"(console:log) {\n  type: 'echarts@v5a',\n  width: 848,\n  height: 409,\n  option: { radar: [ [Object] ], series: [ [Object] ] }\n}","meta":{"userLevel":true,"rootId":"gvkefnbytqpdol8","id":"cctu9w6arjiu7xg"},"id":"8rfanmbq6j4w3n4","previousOperationId":"ci1kh31lq4idmq2"}
{"type":"operationEnd","operationId":"ci1kh31lq4idmq2","timestamp":1766932008751,"id":"wo1c70p9uugnjt6","previousEventId":"kj4mu9f5yksoqy2","previousOperationId":"ci1kh31lq4idmq2"}
{"type":"operationStart","subtype":"recipe","name":"html","timestamp":1766932008759,"id":"t0eaz6ujmc1mv0i","previousEventId":"wo1c70p9uugnjt6","operationId":"dpeojn0trvzuwai","previousOperationId":"ci1kh31lq4idmq2"}
{"type":"log","timestamp":1766932008759,"level":"debug","message":"Executing recipe html","meta":{"rootId":"gvkefnbytqpdol8","id":"cctu9w6arjiu7xg"},"id":"4wy3i7ejpmtwckt","previousOperationId":"dpeojn0trvzuwai"}
{"type":"operationEnd","operationId":"dpeojn0trvzuwai","timestamp":1766932008759,"id":"lp4drdlaqqs4ea6","previousEventId":"t0eaz6ujmc1mv0i","previousOperationId":"dpeojn0trvzuwai"}
{"type":"log","timestamp":1766932008759,"level":"debug","message":"Skipping storing report.","meta":{"rootId":"gvkefnbytqpdol8","id":"cctu9w6arjiu7xg"},"id":"0ez7r77liohtogm","previousOperationId":"dpeojn0trvzuwai"}
{"type":"log","timestamp":1766932008759,"level":"info","message":"Rendering (child) request finished in 1313 ms","meta":{"rootId":"gvkefnbytqpdol8","id":"cctu9w6arjiu7xg"},"id":"af0j5t6zcf5hgi0","previousOperationId":"dpeojn0trvzuwai"}
{"type":"operationEnd","subtype":"render","operationId":"jn7lgeh3nwc8fk0","timestamp":1766932008759,"id":"w5jakll3ysx0xib","previousEventId":"lp4drdlaqqs4ea6","previousOperationId":"dpeojn0trvzuwai"}
{"type":"log","timestamp":1766932011690,"level":"debug","message":"pptx successfully zipped","meta":{"rootId":"gvkefnbytqpdol8","id":"gvkefnbytqpdol8"},"id":"jj6j06tfh7xosh1","previousOperationId":"yjlr0vfjmnw8ey5"}
{"type":"log","timestamp":1766932011690,"level":"info","message":"pptx generation was finished","meta":{"rootId":"gvkefnbytqpdol8","id":"gvkefnbytqpdol8"},"id":"tnlljvsl764fab7","previousOperationId":"yjlr0vfjmnw8ey5"}
{"type":"operationEnd","operationId":"yjlr0vfjmnw8ey5","timestamp":1766932011697,"id":"j1rdb22ye5wtvgq","previousEventId":"pj0h7uytsbu9ho1","previousOperationId":"yjlr0vfjmnw8ey5"}
{"type":"log","timestamp":1766932011697,"level":"debug","message":"Skipping storing report.","meta":{"rootId":"gvkefnbytqpdol8","id":"gvkefnbytqpdol8"},"id":"48y3k2ius3eueji","previousOperationId":"yjlr0vfjmnw8ey5"}
{"type":"log","timestamp":1766932011698,"level":"info","message":"Rendering request 17 finished in 4252 ms","meta":{"rootId":"gvkefnbytqpdol8","id":"gvkefnbytqpdol8"},"id":"rj8admohigi9s82","previousOperationId":"yjlr0vfjmnw8ey5"}
{"type":"operationEnd","subtype":"render","operationId":"la3zyyvka4of2hr","timestamp":1766932011698,"id":"9q9lz6jeeuke4la","previousEventId":"j1rdb22ye5wtvgq","previousOperationId":"yjlr0vfjmnw8ey5"}
{"type":"operationEnd","doDiffs":false,"previousEventId":"d225mf89n22q4ot","previousOperationId":"syi8p8vmvuic3cd","operationId":"syi8p8vmvuic3cd","timestamp":1766932011701,"id":"5scc34eeykjrj76"}
