{"type":"operationStart","subtype":"profile","data":{"_id":"lWVYxA7oBvcrauIP","timestamp":"2025-12-07T17:20:56.823Z","state":"running","mode":"standard","creationDate":"2025-12-07T17:20:56.826Z","modificationDate":"2025-12-07T17:20:56.826Z","shortid":"FB_SbDR","$entitySet":"profiles","timeout":60000},"doDiffs":false,"timestamp":1765128056825,"id":"41mq312juqz437c","previousOperationId":null,"operationId":"ef6jjzs18fy4zqj"}
{"type":"log","level":"info","message":"Render request 28 queued for execution and waiting for available worker","previousOperationId":"ef6jjzs18fy4zqj","timestamp":1765128056825,"id":"v4e5cwb483chkw2"}
{"type":"operationStart","subtype":"render","name":"anonymous","previousOperationId":"ef6jjzs18fy4zqj","timestamp":1765128056845,"id":"fni63htmphtxm3x","previousEventId":"41mq312juqz437c","operationId":"2g1od46ifb5s68a"}
{"type":"log","timestamp":1765128056846,"level":"info","message":"Starting rendering request 28","meta":{"rootId":"gxp2alnxznsjasd","id":"gxp2alnxznsjasd"},"id":"wv62izpf9yrh205","previousOperationId":"2g1od46ifb5s68a"}
{"type":"log","timestamp":1765128056846,"level":"info","message":"Rendering anonymous template { recipe: pptx, engine: handlebars }","meta":{"rootId":"gxp2alnxznsjasd","id":"gxp2alnxznsjasd"},"id":"qlm8jzdll2ukrlv","previousOperationId":"2g1od46ifb5s68a"}
{"type":"log","timestamp":1765128056847,"level":"debug","message":"Inline data specified.","meta":{"rootId":"gxp2alnxznsjasd","id":"gxp2alnxznsjasd"},"id":"rry68diqvudd2s5","previousOperationId":"2g1od46ifb5s68a"}
{"type":"log","timestamp":1765128056850,"level":"debug","message":"Base url not specified, skipping its injection.","meta":{"rootId":"gxp2alnxznsjasd","id":"gxp2alnxznsjasd"},"id":"fgkgd1eo6tpc9vx","previousOperationId":"2g1od46ifb5s68a"}
{"type":"operationStart","subtype":"engine","name":"handlebars","timestamp":1765128056850,"id":"fbpprku1klyivfp","previousEventId":"fni63htmphtxm3x","operationId":"gs6vem6084up3wl","previousOperationId":"2g1od46ifb5s68a"}
{"type":"log","timestamp":1765128056850,"level":"debug","message":"Rendering engine handlebars","meta":{"rootId":"gxp2alnxznsjasd","id":"gxp2alnxznsjasd"},"id":"67ll8ah2t72ente","previousOperationId":"gs6vem6084up3wl"}
{"type":"operationEnd","operationId":"gs6vem6084up3wl","timestamp":1765128056866,"id":"xejf4ykeshezzwh","previousEventId":"fbpprku1klyivfp","previousOperationId":"gs6vem6084up3wl"}
{"type":"operationStart","subtype":"recipe","name":"pptx","timestamp":1765128056866,"id":"xwrnpwy5jj7em59","previousEventId":"xejf4ykeshezzwh","operationId":"ipb7nxvlqr9xzrr","previousOperationId":"gs6vem6084up3wl"}
{"type":"log","timestamp":1765128056866,"level":"debug","message":"Executing recipe pptx","meta":{"rootId":"gxp2alnxznsjasd","id":"gxp2alnxznsjasd"},"id":"22a9ftngx7g7ils","previousOperationId":"ipb7nxvlqr9xzrr"}
{"type":"log","timestamp":1765128056866,"level":"info","message":"pptx generation is starting","meta":{"rootId":"gxp2alnxznsjasd","id":"gxp2alnxznsjasd"},"id":"kpehpol6xdzbtfs","previousOperationId":"ipb7nxvlqr9xzrr"}
{"type":"log","timestamp":1765128057127,"level":"debug","message":"Starting child request to render pptx dynamic parts","meta":{"rootId":"gxp2alnxznsjasd","id":"gxp2alnxznsjasd"},"id":"b4owaoxocv5g0vq","previousOperationId":"ipb7nxvlqr9xzrr"}
{"type":"operationStart","subtype":"render","name":"anonymous","previousOperationId":"ipb7nxvlqr9xzrr","timestamp":1765128057128,"id":"tu8w91lj7lx0b3f","previousEventId":"xwrnpwy5jj7em59","operationId":"ea01grgbz38ayk3"}
{"type":"log","timestamp":1765128057128,"level":"info","message":"Starting rendering (child) request","meta":{"rootId":"gxp2alnxznsjasd","id":"3n3z3cm71lksaa8"},"id":"x9e2lfwri7x8xgj","previousOperationId":"ea01grgbz38ayk3"}
{"type":"log","timestamp":1765128057128,"level":"info","message":"Rendering anonymous template { recipe: html, engine: handlebars }","meta":{"rootId":"gxp2alnxznsjasd","id":"3n3z3cm71lksaa8"},"id":"kmpm8edyy6ex03a","previousOperationId":"ea01grgbz38ayk3"}
{"type":"log","timestamp":1765128057128,"level":"debug","message":"Inline data specified.","meta":{"rootId":"gxp2alnxznsjasd","id":"3n3z3cm71lksaa8"},"id":"yvh2ljlt2hxt0ak","previousOperationId":"ea01grgbz38ayk3"}
{"type":"log","timestamp":1765128057138,"level":"debug","message":"Base url not specified, skipping its injection.","meta":{"rootId":"gxp2alnxznsjasd","id":"3n3z3cm71lksaa8"},"id":"fq43idazbyyycfp","previousOperationId":"ea01grgbz38ayk3"}
{"type":"operationStart","subtype":"engine","name":"handlebars","timestamp":1765128057139,"id":"9vjn1c4zuw847q5","previousEventId":"tu8w91lj7lx0b3f","operationId":"6oc3fm2c4th0i19","previousOperationId":"ea01grgbz38ayk3"}
{"type":"log","timestamp":1765128057139,"level":"debug","message":"Rendering engine handlebars","meta":{"rootId":"gxp2alnxznsjasd","id":"3n3z3cm71lksaa8"},"id":"mzjm4fk1z6voefz","previousOperationId":"6oc3fm2c4th0i19"}
{"type":"operationEnd","operationId":"6oc3fm2c4th0i19","timestamp":1765128057186,"id":"186qqjbcagcg016","previousEventId":"9vjn1c4zuw847q5","previousOperationId":"6oc3fm2c4th0i19"}
{"type":"operationStart","subtype":"recipe","name":"html","timestamp":1765128057192,"id":"crzep2ai9kiic12","previousEventId":"186qqjbcagcg016","operationId":"6r6lhlhssk3z8n0","previousOperationId":"6oc3fm2c4th0i19"}
{"type":"log","timestamp":1765128057192,"level":"debug","message":"Executing recipe html","meta":{"rootId":"gxp2alnxznsjasd","id":"3n3z3cm71lksaa8"},"id":"0nu7o7s8rmkebal","previousOperationId":"6r6lhlhssk3z8n0"}
{"type":"operationEnd","operationId":"6r6lhlhssk3z8n0","timestamp":1765128057192,"id":"tdz8b3g8y6r9ic1","previousEventId":"crzep2ai9kiic12","previousOperationId":"6r6lhlhssk3z8n0"}
{"type":"log","timestamp":1765128057193,"level":"debug","message":"Skipping storing report.","meta":{"rootId":"gxp2alnxznsjasd","id":"3n3z3cm71lksaa8"},"id":"kh9372gfwnwsuu7","previousOperationId":"6r6lhlhssk3z8n0"}
{"type":"log","timestamp":1765128057193,"level":"info","message":"Rendering (child) request finished in 371 ms","meta":{"rootId":"gxp2alnxznsjasd","id":"3n3z3cm71lksaa8"},"id":"0r9iil9y976vhkh","previousOperationId":"6r6lhlhssk3z8n0"}
{"type":"operationEnd","subtype":"render","operationId":"ea01grgbz38ayk3","timestamp":1765128057193,"id":"mz9n0g2hom4q5e8","previousEventId":"tdz8b3g8y6r9ic1","previousOperationId":"6r6lhlhssk3z8n0"}
{"type":"log","timestamp":1765128057467,"level":"debug","message":"pptx successfully zipped","meta":{"rootId":"gxp2alnxznsjasd","id":"gxp2alnxznsjasd"},"id":"fa3617jndnlhgc3","previousOperationId":"ipb7nxvlqr9xzrr"}
{"type":"log","timestamp":1765128057467,"level":"info","message":"pptx generation was finished","meta":{"rootId":"gxp2alnxznsjasd","id":"gxp2alnxznsjasd"},"id":"0cuwm8adi8sy1im","previousOperationId":"ipb7nxvlqr9xzrr"}
{"type":"operationEnd","operationId":"ipb7nxvlqr9xzrr","timestamp":1765128057471,"id":"vcvinlw36k79a6b","previousEventId":"xwrnpwy5jj7em59","previousOperationId":"ipb7nxvlqr9xzrr"}
{"type":"log","timestamp":1765128057471,"level":"debug","message":"Skipping storing report.","meta":{"rootId":"gxp2alnxznsjasd","id":"gxp2alnxznsjasd"},"id":"7uk5ntzxck596z9","previousOperationId":"ipb7nxvlqr9xzrr"}
{"type":"log","timestamp":1765128057471,"level":"info","message":"Rendering request 28 finished in 649 ms","meta":{"rootId":"gxp2alnxznsjasd","id":"gxp2alnxznsjasd"},"id":"s76gu6898ee1leo","previousOperationId":"ipb7nxvlqr9xzrr"}
{"type":"operationEnd","subtype":"render","operationId":"2g1od46ifb5s68a","timestamp":1765128057471,"id":"5zbb8eyq3ujvs7m","previousEventId":"vcvinlw36k79a6b","previousOperationId":"ipb7nxvlqr9xzrr"}
{"type":"operationEnd","doDiffs":false,"previousEventId":"41mq312juqz437c","previousOperationId":"ef6jjzs18fy4zqj","operationId":"ef6jjzs18fy4zqj","timestamp":1765128057475,"id":"01adwwfeq2y6ics"}
