{"type":"operationStart","subtype":"profile","data":{"_id":"6ck2aZvHRPwOGy9h","timestamp":"2025-12-27T13:17:45.372Z","state":"running","mode":"standard","creationDate":"2025-12-27T13:17:45.381Z","modificationDate":"2025-12-27T13:17:45.381Z","shortid":"R_UnQKO","$entitySet":"profiles","timeout":60000},"doDiffs":false,"timestamp":1766841465378,"id":"l3ov6gu1r8gb6uv","previousOperationId":null,"operationId":"38yq1xgq1mcr3j6"}
{"type":"log","level":"info","message":"Render request 7 queued for execution and waiting for available worker","previousOperationId":"38yq1xgq1mcr3j6","timestamp":1766841465378,"id":"6oq8z7vqdt7bvbl"}
{"type":"operationStart","subtype":"render","name":"anonymous","previousOperationId":"38yq1xgq1mcr3j6","timestamp":1766841465437,"id":"sb7037fn17sutxf","previousEventId":"l3ov6gu1r8gb6uv","operationId":"rzngyo60avvz0e3"}
{"type":"log","timestamp":1766841465437,"level":"info","message":"Starting rendering request 7","meta":{"rootId":"h1ckjpz8lv77pzt","id":"h1ckjpz8lv77pzt"},"id":"5q4ipbk4gzvjgg6","previousOperationId":"rzngyo60avvz0e3"}
{"type":"log","timestamp":1766841465438,"level":"info","message":"Rendering anonymous template { recipe: pptx, engine: handlebars }","meta":{"rootId":"h1ckjpz8lv77pzt","id":"h1ckjpz8lv77pzt"},"id":"3cct50tazqecnv8","previousOperationId":"rzngyo60avvz0e3"}
{"type":"log","timestamp":1766841465438,"level":"debug","message":"Inline data specified.","meta":{"rootId":"h1ckjpz8lv77pzt","id":"h1ckjpz8lv77pzt"},"id":"4xq6aoxlhsiebfi","previousOperationId":"rzngyo60avvz0e3"}
{"type":"log","timestamp":1766841465440,"level":"debug","message":"Base url not specified, skipping its injection.","meta":{"rootId":"h1ckjpz8lv77pzt","id":"h1ckjpz8lv77pzt"},"id":"ticlwjdqjbmwxmg","previousOperationId":"rzngyo60avvz0e3"}
{"type":"operationStart","subtype":"engine","name":"handlebars","timestamp":1766841465441,"id":"lyn4m93pf0ov6kk","previousEventId":"sb7037fn17sutxf","operationId":"c6zw7av51aevj5r","previousOperationId":"rzngyo60avvz0e3"}
{"type":"log","timestamp":1766841465441,"level":"debug","message":"Rendering engine handlebars","meta":{"rootId":"h1ckjpz8lv77pzt","id":"h1ckjpz8lv77pzt"},"id":"4r72bjawt6bb3yq","previousOperationId":"c6zw7av51aevj5r"}
{"type":"operationEnd","operationId":"c6zw7av51aevj5r","timestamp":1766841465459,"id":"ku5xkgmpeevrp7g","previousEventId":"lyn4m93pf0ov6kk","previousOperationId":"c6zw7av51aevj5r"}
{"type":"operationStart","subtype":"recipe","name":"pptx","timestamp":1766841465459,"id":"0358f39qh4l3iu5","previousEventId":"ku5xkgmpeevrp7g","operationId":"s883rqa8a1dbda6","previousOperationId":"c6zw7av51aevj5r"}
{"type":"log","timestamp":1766841465459,"level":"debug","message":"Executing recipe pptx","meta":{"rootId":"h1ckjpz8lv77pzt","id":"h1ckjpz8lv77pzt"},"id":"y9by9rfb6jw0kmy","previousOperationId":"s883rqa8a1dbda6"}
{"type":"log","timestamp":1766841465478,"level":"info","message":"pptx generation is starting","meta":{"rootId":"h1ckjpz8lv77pzt","id":"h1ckjpz8lv77pzt"},"id":"e9la0pnr945p2rq","previousOperationId":"s883rqa8a1dbda6"}
{"type":"log","timestamp":1766841466491,"level":"debug","message":"Starting child request to render pptx dynamic parts","meta":{"rootId":"h1ckjpz8lv77pzt","id":"h1ckjpz8lv77pzt"},"id":"0ifnwwm0cvemiw3","previousOperationId":"s883rqa8a1dbda6"}
{"type":"operationStart","subtype":"render","name":"anonymous","previousOperationId":"s883rqa8a1dbda6","timestamp":1766841466491,"id":"or2sy0ny8378cqz","previousEventId":"0358f39qh4l3iu5","operationId":"bktnq2eqqzximb2"}
{"type":"log","timestamp":1766841466491,"level":"info","message":"Starting rendering (child) request","meta":{"rootId":"h1ckjpz8lv77pzt","id":"iz930a3tjwrj8oz"},"id":"njxd3znufa5rb21","previousOperationId":"bktnq2eqqzximb2"}
{"type":"log","timestamp":1766841466491,"level":"info","message":"Rendering anonymous template { recipe: html, engine: handlebars }","meta":{"rootId":"h1ckjpz8lv77pzt","id":"iz930a3tjwrj8oz"},"id":"pg6ihhh784x32uc","previousOperationId":"bktnq2eqqzximb2"}
{"type":"log","timestamp":1766841466491,"level":"debug","message":"Inline data specified.","meta":{"rootId":"h1ckjpz8lv77pzt","id":"iz930a3tjwrj8oz"},"id":"8gypgnl9qtc5nbl","previousOperationId":"bktnq2eqqzximb2"}
{"type":"log","timestamp":1766841466495,"level":"debug","message":"Base url not specified, skipping its injection.","meta":{"rootId":"h1ckjpz8lv77pzt","id":"iz930a3tjwrj8oz"},"id":"8ezjer28by9n27v","previousOperationId":"bktnq2eqqzximb2"}
{"type":"operationStart","subtype":"engine","name":"handlebars","timestamp":1766841466496,"id":"a4whlex5208dbwc","previousEventId":"or2sy0ny8378cqz","operationId":"ki1t4ycp0kgz2x8","previousOperationId":"bktnq2eqqzximb2"}
{"type":"log","timestamp":1766841466496,"level":"debug","message":"Rendering engine handlebars","meta":{"rootId":"h1ckjpz8lv77pzt","id":"iz930a3tjwrj8oz"},"id":"hellamqetder5jc","previousOperationId":"ki1t4ycp0kgz2x8"}
{"type":"operationEnd","operationId":"ki1t4ycp0kgz2x8","timestamp":1766841466578,"id":"5yz81a7lpjf1fwd","previousEventId":"a4whlex5208dbwc","previousOperationId":"ki1t4ycp0kgz2x8"}
{"type":"operationStart","subtype":"recipe","name":"html","timestamp":1766841466587,"id":"tdud3foljft3hus","previousEventId":"5yz81a7lpjf1fwd","operationId":"2ugw3ythndpo5ez","previousOperationId":"ki1t4ycp0kgz2x8"}
{"type":"log","timestamp":1766841466587,"level":"debug","message":"Executing recipe html","meta":{"rootId":"h1ckjpz8lv77pzt","id":"iz930a3tjwrj8oz"},"id":"zl13nh85mnacvel","previousOperationId":"2ugw3ythndpo5ez"}
{"type":"operationEnd","operationId":"2ugw3ythndpo5ez","timestamp":1766841466587,"id":"6lgemti8nvpw101","previousEventId":"tdud3foljft3hus","previousOperationId":"2ugw3ythndpo5ez"}
{"type":"log","timestamp":1766841466587,"level":"debug","message":"Skipping storing report.","meta":{"rootId":"h1ckjpz8lv77pzt","id":"iz930a3tjwrj8oz"},"id":"bl5vwn9u2pp9h4j","previousOperationId":"2ugw3ythndpo5ez"}
{"type":"log","timestamp":1766841466587,"level":"info","message":"Rendering (child) request finished in 1216 ms","meta":{"rootId":"h1ckjpz8lv77pzt","id":"iz930a3tjwrj8oz"},"id":"3ett6t21l16whms","previousOperationId":"2ugw3ythndpo5ez"}
{"type":"operationEnd","subtype":"render","operationId":"bktnq2eqqzximb2","timestamp":1766841466587,"id":"jackth79m8tdz3o","previousEventId":"6lgemti8nvpw101","previousOperationId":"2ugw3ythndpo5ez"}
{"type":"log","timestamp":1766841469413,"level":"debug","message":"pptx successfully zipped","meta":{"rootId":"h1ckjpz8lv77pzt","id":"h1ckjpz8lv77pzt"},"id":"gm4jn9xe6sbzwnn","previousOperationId":"s883rqa8a1dbda6"}
{"type":"log","timestamp":1766841469413,"level":"info","message":"pptx generation was finished","meta":{"rootId":"h1ckjpz8lv77pzt","id":"h1ckjpz8lv77pzt"},"id":"awzjd3eegxs9wtq","previousOperationId":"s883rqa8a1dbda6"}
{"type":"operationEnd","operationId":"s883rqa8a1dbda6","timestamp":1766841469422,"id":"6rh91mf0kudsobl","previousEventId":"0358f39qh4l3iu5","previousOperationId":"s883rqa8a1dbda6"}
{"type":"log","timestamp":1766841469423,"level":"debug","message":"Skipping storing report.","meta":{"rootId":"h1ckjpz8lv77pzt","id":"h1ckjpz8lv77pzt"},"id":"bkp4fcuv5c50j72","previousOperationId":"s883rqa8a1dbda6"}
{"type":"log","timestamp":1766841469423,"level":"info","message":"Rendering request 7 finished in 4052 ms","meta":{"rootId":"h1ckjpz8lv77pzt","id":"h1ckjpz8lv77pzt"},"id":"y3y7i395bg7fv8y","previousOperationId":"s883rqa8a1dbda6"}
{"type":"operationEnd","subtype":"render","operationId":"rzngyo60avvz0e3","timestamp":1766841469423,"id":"tjguregzv0uwia4","previousEventId":"6rh91mf0kudsobl","previousOperationId":"s883rqa8a1dbda6"}
{"type":"operationEnd","doDiffs":false,"previousEventId":"l3ov6gu1r8gb6uv","previousOperationId":"38yq1xgq1mcr3j6","operationId":"38yq1xgq1mcr3j6","timestamp":1766841469427,"id":"mcj16caepq4ahji"}
