{"type":"operationStart","subtype":"profile","data":{"_id":"Ufl63YrA3GximEjQ","timestamp":"2025-12-26T09:35:34.912Z","state":"running","mode":"standard","creationDate":"2025-12-26T09:35:34.915Z","modificationDate":"2025-12-26T09:35:34.915Z","shortid":"VJGCvFe","$entitySet":"profiles","timeout":60000},"doDiffs":false,"timestamp":1766741734913,"id":"70zm04as57lio2s","previousOperationId":null,"operationId":"q1xduq58ugeg9zk"}
{"type":"log","level":"info","message":"Render request 4 queued for execution and waiting for available worker","previousOperationId":"q1xduq58ugeg9zk","timestamp":1766741734914,"id":"riihzzt5vgksdyr"}
{"type":"operationStart","subtype":"render","name":"anonymous","previousOperationId":"q1xduq58ugeg9zk","timestamp":1766741734938,"id":"btxznc9fr4ko0en","previousEventId":"70zm04as57lio2s","operationId":"gb8rm3krari8tlo"}
{"type":"log","timestamp":1766741734938,"level":"info","message":"Starting rendering request 4","meta":{"rootId":"h1w4goez50lvjlt","id":"h1w4goez50lvjlt"},"id":"qc5j5aod0rdk6w6","previousOperationId":"gb8rm3krari8tlo"}
{"type":"log","timestamp":1766741734938,"level":"info","message":"Rendering anonymous template { recipe: pptx, engine: handlebars }","meta":{"rootId":"h1w4goez50lvjlt","id":"h1w4goez50lvjlt"},"id":"5vcuhjvwsxf8st3","previousOperationId":"gb8rm3krari8tlo"}
{"type":"log","timestamp":1766741734938,"level":"debug","message":"Inline data specified.","meta":{"rootId":"h1w4goez50lvjlt","id":"h1w4goez50lvjlt"},"id":"x3r4t14hp4dubki","previousOperationId":"gb8rm3krari8tlo"}
{"type":"log","timestamp":1766741734939,"level":"debug","message":"Base url not specified, skipping its injection.","meta":{"rootId":"h1w4goez50lvjlt","id":"h1w4goez50lvjlt"},"id":"tennpwnlwonvkr4","previousOperationId":"gb8rm3krari8tlo"}
{"type":"operationStart","subtype":"engine","name":"handlebars","timestamp":1766741734939,"id":"wnp52ua5w9wx9ga","previousEventId":"btxznc9fr4ko0en","operationId":"poh4fb00l191jj4","previousOperationId":"gb8rm3krari8tlo"}
{"type":"log","timestamp":1766741734939,"level":"debug","message":"Rendering engine handlebars","meta":{"rootId":"h1w4goez50lvjlt","id":"h1w4goez50lvjlt"},"id":"lrt7ii2x45g3zsc","previousOperationId":"poh4fb00l191jj4"}
{"type":"operationEnd","operationId":"poh4fb00l191jj4","timestamp":1766741734952,"id":"644469yi3vj57hf","previousEventId":"wnp52ua5w9wx9ga","previousOperationId":"poh4fb00l191jj4"}
{"type":"operationStart","subtype":"recipe","name":"pptx","timestamp":1766741734954,"id":"ncg0wjhtjbaqsjg","previousEventId":"644469yi3vj57hf","operationId":"b37wjywehwhhthb","previousOperationId":"poh4fb00l191jj4"}
{"type":"log","timestamp":1766741734954,"level":"debug","message":"Executing recipe pptx","meta":{"rootId":"h1w4goez50lvjlt","id":"h1w4goez50lvjlt"},"id":"k98b9065wt7kvsp","previousOperationId":"b37wjywehwhhthb"}
{"type":"log","timestamp":1766741734970,"level":"info","message":"pptx generation is starting","meta":{"rootId":"h1w4goez50lvjlt","id":"h1w4goez50lvjlt"},"id":"ccxrlqyckdvmsyt","previousOperationId":"b37wjywehwhhthb"}
{"type":"log","timestamp":1766741735980,"level":"debug","message":"Starting child request to render pptx dynamic parts","meta":{"rootId":"h1w4goez50lvjlt","id":"h1w4goez50lvjlt"},"id":"gr7fvar2g67x8jy","previousOperationId":"b37wjywehwhhthb"}
{"type":"operationStart","subtype":"render","name":"anonymous","previousOperationId":"b37wjywehwhhthb","timestamp":1766741735980,"id":"g39fb29372no1bv","previousEventId":"ncg0wjhtjbaqsjg","operationId":"0uv2764vdds1l7x"}
{"type":"log","timestamp":1766741735980,"level":"info","message":"Starting rendering (child) request","meta":{"rootId":"h1w4goez50lvjlt","id":"va57hlblfl8b8y8"},"id":"kjgzsziqrykfds3","previousOperationId":"0uv2764vdds1l7x"}
{"type":"log","timestamp":1766741735981,"level":"info","message":"Rendering anonymous template { recipe: html, engine: handlebars }","meta":{"rootId":"h1w4goez50lvjlt","id":"va57hlblfl8b8y8"},"id":"5pqrgpn1jxrsh2b","previousOperationId":"0uv2764vdds1l7x"}
{"type":"log","timestamp":1766741735981,"level":"debug","message":"Inline data specified.","meta":{"rootId":"h1w4goez50lvjlt","id":"va57hlblfl8b8y8"},"id":"4yy3it7leb9sf3p","previousOperationId":"0uv2764vdds1l7x"}
{"type":"log","timestamp":1766741735991,"level":"debug","message":"Base url not specified, skipping its injection.","meta":{"rootId":"h1w4goez50lvjlt","id":"va57hlblfl8b8y8"},"id":"npglk43s0jgcrcs","previousOperationId":"0uv2764vdds1l7x"}
{"type":"operationStart","subtype":"engine","name":"handlebars","timestamp":1766741735993,"id":"pis1fyu1fwxfjvp","previousEventId":"g39fb29372no1bv","operationId":"2ah9w3nerguvl35","previousOperationId":"0uv2764vdds1l7x"}
{"type":"log","timestamp":1766741735993,"level":"debug","message":"Rendering engine handlebars","meta":{"rootId":"h1w4goez50lvjlt","id":"va57hlblfl8b8y8"},"id":"ve8wmh0p36tqkhm","previousOperationId":"2ah9w3nerguvl35"}
{"type":"operationEnd","operationId":"2ah9w3nerguvl35","timestamp":1766741736092,"id":"grifiwzz8vq0mzt","previousEventId":"pis1fyu1fwxfjvp","previousOperationId":"2ah9w3nerguvl35"}
{"type":"operationStart","subtype":"recipe","name":"html","timestamp":1766741736099,"id":"mrts6idfrz17uev","previousEventId":"grifiwzz8vq0mzt","operationId":"3lbrgljjz819ed9","previousOperationId":"2ah9w3nerguvl35"}
{"type":"log","timestamp":1766741736099,"level":"debug","message":"Executing recipe html","meta":{"rootId":"h1w4goez50lvjlt","id":"va57hlblfl8b8y8"},"id":"6uk858vdd4prgrs","previousOperationId":"3lbrgljjz819ed9"}
{"type":"operationEnd","operationId":"3lbrgljjz819ed9","timestamp":1766741736099,"id":"4ppdum6wp5upfjz","previousEventId":"mrts6idfrz17uev","previousOperationId":"3lbrgljjz819ed9"}
{"type":"log","timestamp":1766741736099,"level":"debug","message":"Skipping storing report.","meta":{"rootId":"h1w4goez50lvjlt","id":"va57hlblfl8b8y8"},"id":"2ug7c363tss4gzu","previousOperationId":"3lbrgljjz819ed9"}
{"type":"log","timestamp":1766741736099,"level":"info","message":"Rendering (child) request finished in 1188 ms","meta":{"rootId":"h1w4goez50lvjlt","id":"va57hlblfl8b8y8"},"id":"chxbmxmmn7yxk28","previousOperationId":"3lbrgljjz819ed9"}
{"type":"operationEnd","subtype":"render","operationId":"0uv2764vdds1l7x","timestamp":1766741736099,"id":"8g0be9134e39l62","previousEventId":"4ppdum6wp5upfjz","previousOperationId":"3lbrgljjz819ed9"}
{"type":"log","timestamp":1766741738517,"level":"debug","message":"pptx successfully zipped","meta":{"rootId":"h1w4goez50lvjlt","id":"h1w4goez50lvjlt"},"id":"hn0jzq7i1oa11vs","previousOperationId":"b37wjywehwhhthb"}
{"type":"log","timestamp":1766741738517,"level":"info","message":"pptx generation was finished","meta":{"rootId":"h1w4goez50lvjlt","id":"h1w4goez50lvjlt"},"id":"6z89n8qx2zcxbw4","previousOperationId":"b37wjywehwhhthb"}
{"type":"operationEnd","operationId":"b37wjywehwhhthb","timestamp":1766741738525,"id":"kwgc82vmnyyel87","previousEventId":"ncg0wjhtjbaqsjg","previousOperationId":"b37wjywehwhhthb"}
{"type":"log","timestamp":1766741738525,"level":"debug","message":"Skipping storing report.","meta":{"rootId":"h1w4goez50lvjlt","id":"h1w4goez50lvjlt"},"id":"jhu4vp57u9y4bvu","previousOperationId":"b37wjywehwhhthb"}
{"type":"log","timestamp":1766741738526,"level":"info","message":"Rendering request 4 finished in 3615 ms","meta":{"rootId":"h1w4goez50lvjlt","id":"h1w4goez50lvjlt"},"id":"b5ow981oi1ogbhn","previousOperationId":"b37wjywehwhhthb"}
{"type":"operationEnd","subtype":"render","operationId":"gb8rm3krari8tlo","timestamp":1766741738526,"id":"16vfw980pbos8cs","previousEventId":"kwgc82vmnyyel87","previousOperationId":"b37wjywehwhhthb"}
{"type":"operationEnd","doDiffs":false,"previousEventId":"70zm04as57lio2s","previousOperationId":"q1xduq58ugeg9zk","operationId":"q1xduq58ugeg9zk","timestamp":1766741738529,"id":"wk1dt60d3c8tcib"}
