{"type":"operationStart","subtype":"profile","data":{"_id":"t5BDWIGfJxzpiR0j","timestamp":"2025-12-22T22:18:06.825Z","state":"running","mode":"standard","creationDate":"2025-12-22T22:18:06.832Z","modificationDate":"2025-12-22T22:18:06.832Z","shortid":"B4MJ3kh","$entitySet":"profiles","timeout":60000},"doDiffs":false,"timestamp":1766441886827,"id":"gvtq0kpavs0b8qc","previousOperationId":null,"operationId":"owbjyl8xvwgmdvt"}
{"type":"log","level":"info","message":"Render request 2 queued for execution and waiting for available worker","previousOperationId":"owbjyl8xvwgmdvt","timestamp":1766441886830,"id":"i17nbwjtdcjp6w2"}
{"type":"operationStart","subtype":"render","name":"anonymous","previousOperationId":"owbjyl8xvwgmdvt","timestamp":1766441886884,"id":"qyfois0av84wgyv","previousEventId":"gvtq0kpavs0b8qc","operationId":"8bqv9mvo9i66k32"}
{"type":"log","timestamp":1766441886887,"level":"info","message":"Starting rendering request 2","meta":{"rootId":"h24eefdykg7i7se","id":"h24eefdykg7i7se"},"id":"87vtijbku6cq225","previousOperationId":"8bqv9mvo9i66k32"}
{"type":"log","timestamp":1766441886889,"level":"info","message":"Rendering anonymous template { recipe: pptx, engine: handlebars }","meta":{"rootId":"h24eefdykg7i7se","id":"h24eefdykg7i7se"},"id":"uww2lgh9c83arf6","previousOperationId":"8bqv9mvo9i66k32"}
{"type":"log","timestamp":1766441886890,"level":"debug","message":"Inline data specified.","meta":{"rootId":"h24eefdykg7i7se","id":"h24eefdykg7i7se"},"id":"kj49rnzt3rz8sdc","previousOperationId":"8bqv9mvo9i66k32"}
{"type":"log","timestamp":1766441886896,"level":"debug","message":"Base url not specified, skipping its injection.","meta":{"rootId":"h24eefdykg7i7se","id":"h24eefdykg7i7se"},"id":"eyew4vq3j2660ij","previousOperationId":"8bqv9mvo9i66k32"}
{"type":"operationStart","subtype":"engine","name":"handlebars","timestamp":1766441886898,"id":"ieoioem7wzqv4p6","previousEventId":"qyfois0av84wgyv","operationId":"ezmju8qxc5wo3z5","previousOperationId":"8bqv9mvo9i66k32"}
{"type":"log","timestamp":1766441886898,"level":"debug","message":"Rendering engine handlebars","meta":{"rootId":"h24eefdykg7i7se","id":"h24eefdykg7i7se"},"id":"qiikwnu9www31wl","previousOperationId":"ezmju8qxc5wo3z5"}
{"type":"operationEnd","operationId":"ezmju8qxc5wo3z5","timestamp":1766441887740,"id":"ew4pleu798my54j","previousEventId":"ieoioem7wzqv4p6","previousOperationId":"ezmju8qxc5wo3z5"}
{"type":"operationStart","subtype":"recipe","name":"pptx","timestamp":1766441887741,"id":"kf5pcman72qvyj4","previousEventId":"ew4pleu798my54j","operationId":"vzr79dotcqkk2e7","previousOperationId":"ezmju8qxc5wo3z5"}
{"type":"log","timestamp":1766441887741,"level":"debug","message":"Executing recipe pptx","meta":{"rootId":"h24eefdykg7i7se","id":"h24eefdykg7i7se"},"id":"rs48gjz2xa95nml","previousOperationId":"vzr79dotcqkk2e7"}
{"type":"log","timestamp":1766441887902,"level":"info","message":"pptx generation is starting","meta":{"rootId":"h24eefdykg7i7se","id":"h24eefdykg7i7se"},"id":"8pwyo862fidlikz","previousOperationId":"vzr79dotcqkk2e7"}
{"type":"log","timestamp":1766441889147,"level":"debug","message":"Starting child request to render pptx dynamic parts","meta":{"rootId":"h24eefdykg7i7se","id":"h24eefdykg7i7se"},"id":"1efdshxl23gf41b","previousOperationId":"vzr79dotcqkk2e7"}
{"type":"operationStart","subtype":"render","name":"anonymous","previousOperationId":"vzr79dotcqkk2e7","timestamp":1766441889147,"id":"0zt3f4jj4xbs64d","previousEventId":"kf5pcman72qvyj4","operationId":"mtum775kxjtnmz1"}
{"type":"log","timestamp":1766441889148,"level":"info","message":"Starting rendering (child) request","meta":{"rootId":"h24eefdykg7i7se","id":"glqm26diw6wu93v"},"id":"a75k3x6qwrgi8nf","previousOperationId":"mtum775kxjtnmz1"}
{"type":"log","timestamp":1766441889148,"level":"info","message":"Rendering anonymous template { recipe: html, engine: handlebars }","meta":{"rootId":"h24eefdykg7i7se","id":"glqm26diw6wu93v"},"id":"sgmqrviop6tuycq","previousOperationId":"mtum775kxjtnmz1"}
{"type":"log","timestamp":1766441889148,"level":"debug","message":"Inline data specified.","meta":{"rootId":"h24eefdykg7i7se","id":"glqm26diw6wu93v"},"id":"kl0ff6klnvkqzi0","previousOperationId":"mtum775kxjtnmz1"}
{"type":"log","timestamp":1766441889153,"level":"debug","message":"Base url not specified, skipping its injection.","meta":{"rootId":"h24eefdykg7i7se","id":"glqm26diw6wu93v"},"id":"59gl9j7utxacmsx","previousOperationId":"mtum775kxjtnmz1"}
{"type":"operationStart","subtype":"engine","name":"handlebars","timestamp":1766441889154,"id":"9ks32uu82xz8yyu","previousEventId":"0zt3f4jj4xbs64d","operationId":"0wmlkbmx5fqam8s","previousOperationId":"mtum775kxjtnmz1"}
{"type":"log","timestamp":1766441889154,"level":"debug","message":"Rendering engine handlebars","meta":{"rootId":"h24eefdykg7i7se","id":"glqm26diw6wu93v"},"id":"kujni30ulm1wcm4","previousOperationId":"0wmlkbmx5fqam8s"}
{"type":"operationEnd","operationId":"0wmlkbmx5fqam8s","timestamp":1766441889262,"id":"ncfjujn00qvb1u7","previousEventId":"9ks32uu82xz8yyu","previousOperationId":"0wmlkbmx5fqam8s"}
{"type":"operationStart","subtype":"recipe","name":"html","timestamp":1766441889272,"id":"rhabpgku5kozwfl","previousEventId":"ncfjujn00qvb1u7","operationId":"hlh2gtvzjb7mko4","previousOperationId":"0wmlkbmx5fqam8s"}
{"type":"log","timestamp":1766441889272,"level":"debug","message":"Executing recipe html","meta":{"rootId":"h24eefdykg7i7se","id":"glqm26diw6wu93v"},"id":"qho1ul437009d68","previousOperationId":"hlh2gtvzjb7mko4"}
{"type":"operationEnd","operationId":"hlh2gtvzjb7mko4","timestamp":1766441889272,"id":"21mbhusa33hfm0r","previousEventId":"rhabpgku5kozwfl","previousOperationId":"hlh2gtvzjb7mko4"}
{"type":"log","timestamp":1766441889273,"level":"debug","message":"Skipping storing report.","meta":{"rootId":"h24eefdykg7i7se","id":"glqm26diw6wu93v"},"id":"c11ami601or7cmd","previousOperationId":"hlh2gtvzjb7mko4"}
{"type":"log","timestamp":1766441889273,"level":"info","message":"Rendering (child) request finished in 2449 ms","meta":{"rootId":"h24eefdykg7i7se","id":"glqm26diw6wu93v"},"id":"uryu185gy7u7t0r","previousOperationId":"hlh2gtvzjb7mko4"}
{"type":"operationEnd","subtype":"render","operationId":"mtum775kxjtnmz1","timestamp":1766441889273,"id":"73jkx6kovyzo3yu","previousEventId":"21mbhusa33hfm0r","previousOperationId":"hlh2gtvzjb7mko4"}
{"type":"log","timestamp":1766441892810,"level":"debug","message":"pptx successfully zipped","meta":{"rootId":"h24eefdykg7i7se","id":"h24eefdykg7i7se"},"id":"fq9c5y3trf39y42","previousOperationId":"vzr79dotcqkk2e7"}
{"type":"log","timestamp":1766441892810,"level":"info","message":"pptx generation was finished","meta":{"rootId":"h24eefdykg7i7se","id":"h24eefdykg7i7se"},"id":"whzis2zq2oxnbq8","previousOperationId":"vzr79dotcqkk2e7"}
{"type":"operationEnd","operationId":"vzr79dotcqkk2e7","timestamp":1766441892822,"id":"fjjof6ixfcac0s4","previousEventId":"kf5pcman72qvyj4","previousOperationId":"vzr79dotcqkk2e7"}
{"type":"log","timestamp":1766441892822,"level":"debug","message":"Skipping storing report.","meta":{"rootId":"h24eefdykg7i7se","id":"h24eefdykg7i7se"},"id":"7zkm9fsco6lbetp","previousOperationId":"vzr79dotcqkk2e7"}
{"type":"log","timestamp":1766441892822,"level":"info","message":"Rendering request 2 finished in 5998 ms","meta":{"rootId":"h24eefdykg7i7se","id":"h24eefdykg7i7se"},"id":"2m5a7awd2nhyi1u","previousOperationId":"vzr79dotcqkk2e7"}
{"type":"operationEnd","subtype":"render","operationId":"8bqv9mvo9i66k32","timestamp":1766441892822,"id":"1vi7v4qii597ew7","previousEventId":"fjjof6ixfcac0s4","previousOperationId":"vzr79dotcqkk2e7"}
{"type":"operationEnd","doDiffs":false,"previousEventId":"gvtq0kpavs0b8qc","previousOperationId":"owbjyl8xvwgmdvt","operationId":"owbjyl8xvwgmdvt","timestamp":1766441892827,"id":"f4ktzoj960hvg0a"}
