{"type":"operationStart","subtype":"profile","data":{"_id":"35eYaHFu20Dma3fm","timestamp":"2025-12-26T21:21:48.717Z","state":"running","mode":"standard","creationDate":"2025-12-26T21:21:48.727Z","modificationDate":"2025-12-26T21:21:48.727Z","shortid":"Xlhxp5W","$entitySet":"profiles","timeout":60000},"doDiffs":false,"timestamp":1766784108723,"id":"xvd01545mmoitu4","previousOperationId":null,"operationId":"jhc9c55xel5pr9y"}
{"type":"log","level":"info","message":"Render request 11 queued for execution and waiting for available worker","previousOperationId":"jhc9c55xel5pr9y","timestamp":1766784108723,"id":"clte21hcx6w5d4m"}
{"type":"operationStart","subtype":"render","name":"anonymous","previousOperationId":"jhc9c55xel5pr9y","timestamp":1766784108792,"id":"dennsv50znxgw8m","previousEventId":"xvd01545mmoitu4","operationId":"dnqclv6hlavj7hp"}
{"type":"log","timestamp":1766784108792,"level":"info","message":"Starting rendering request 11","meta":{"rootId":"h3ndpq7nqtdqhc4","id":"h3ndpq7nqtdqhc4"},"id":"40t1ogxecpb6mcw","previousOperationId":"dnqclv6hlavj7hp"}
{"type":"log","timestamp":1766784108793,"level":"info","message":"Rendering anonymous template { recipe: pptx, engine: handlebars }","meta":{"rootId":"h3ndpq7nqtdqhc4","id":"h3ndpq7nqtdqhc4"},"id":"3xopkckuz142h91","previousOperationId":"dnqclv6hlavj7hp"}
{"type":"log","timestamp":1766784108793,"level":"debug","message":"Inline data specified.","meta":{"rootId":"h3ndpq7nqtdqhc4","id":"h3ndpq7nqtdqhc4"},"id":"gp6gme49411fyex","previousOperationId":"dnqclv6hlavj7hp"}
{"type":"log","timestamp":1766784108804,"level":"debug","message":"Base url not specified, skipping its injection.","meta":{"rootId":"h3ndpq7nqtdqhc4","id":"h3ndpq7nqtdqhc4"},"id":"jqy2hi1ni0kqq3n","previousOperationId":"dnqclv6hlavj7hp"}
{"type":"operationStart","subtype":"engine","name":"handlebars","timestamp":1766784108805,"id":"y4ft8b8bg5fpgur","previousEventId":"dennsv50znxgw8m","operationId":"ho96e90vxhb4wqq","previousOperationId":"dnqclv6hlavj7hp"}
{"type":"log","timestamp":1766784108805,"level":"debug","message":"Rendering engine handlebars","meta":{"rootId":"h3ndpq7nqtdqhc4","id":"h3ndpq7nqtdqhc4"},"id":"6pmysrf3vkl9bme","previousOperationId":"ho96e90vxhb4wqq"}
{"type":"operationEnd","operationId":"ho96e90vxhb4wqq","timestamp":1766784108826,"id":"pr24j8w074jm2px","previousEventId":"y4ft8b8bg5fpgur","previousOperationId":"ho96e90vxhb4wqq"}
{"type":"operationStart","subtype":"recipe","name":"pptx","timestamp":1766784108827,"id":"xmezl27jxy3xdpm","previousEventId":"pr24j8w074jm2px","operationId":"rsb0yuuh1bn9vis","previousOperationId":"ho96e90vxhb4wqq"}
{"type":"log","timestamp":1766784108827,"level":"debug","message":"Executing recipe pptx","meta":{"rootId":"h3ndpq7nqtdqhc4","id":"h3ndpq7nqtdqhc4"},"id":"2vzxouuli7psdyj","previousOperationId":"rsb0yuuh1bn9vis"}
{"type":"log","timestamp":1766784108849,"level":"info","message":"pptx generation is starting","meta":{"rootId":"h3ndpq7nqtdqhc4","id":"h3ndpq7nqtdqhc4"},"id":"lei9dk94zh8qlm9","previousOperationId":"rsb0yuuh1bn9vis"}
{"type":"log","timestamp":1766784110479,"level":"debug","message":"Starting child request to render pptx dynamic parts","meta":{"rootId":"h3ndpq7nqtdqhc4","id":"h3ndpq7nqtdqhc4"},"id":"1xbsjtwonpoj8gt","previousOperationId":"rsb0yuuh1bn9vis"}
{"type":"operationStart","subtype":"render","name":"anonymous","previousOperationId":"rsb0yuuh1bn9vis","timestamp":1766784110480,"id":"rphtbdcl9p9ldr3","previousEventId":"xmezl27jxy3xdpm","operationId":"l5oq5jlsysa8c4w"}
{"type":"log","timestamp":1766784110480,"level":"info","message":"Starting rendering (child) request","meta":{"rootId":"h3ndpq7nqtdqhc4","id":"y5p5hgi88fj4uh4"},"id":"it3sf4zaw9zun33","previousOperationId":"l5oq5jlsysa8c4w"}
{"type":"log","timestamp":1766784110480,"level":"info","message":"Rendering anonymous template { recipe: html, engine: handlebars }","meta":{"rootId":"h3ndpq7nqtdqhc4","id":"y5p5hgi88fj4uh4"},"id":"4fit9nrbcr3soh1","previousOperationId":"l5oq5jlsysa8c4w"}
{"type":"log","timestamp":1766784110480,"level":"debug","message":"Inline data specified.","meta":{"rootId":"h3ndpq7nqtdqhc4","id":"y5p5hgi88fj4uh4"},"id":"xpcu31z3c61mq8i","previousOperationId":"l5oq5jlsysa8c4w"}
{"type":"log","timestamp":1766784110494,"level":"debug","message":"Base url not specified, skipping its injection.","meta":{"rootId":"h3ndpq7nqtdqhc4","id":"y5p5hgi88fj4uh4"},"id":"ngezyvzj4cjhf8e","previousOperationId":"l5oq5jlsysa8c4w"}
{"type":"operationStart","subtype":"engine","name":"handlebars","timestamp":1766784110495,"id":"wzbp96k84zqb538","previousEventId":"rphtbdcl9p9ldr3","operationId":"dgr8vihr7qz6nfu","previousOperationId":"l5oq5jlsysa8c4w"}
{"type":"log","timestamp":1766784110496,"level":"debug","message":"Rendering engine handlebars","meta":{"rootId":"h3ndpq7nqtdqhc4","id":"y5p5hgi88fj4uh4"},"id":"c4bhzc8ssq94nuh","previousOperationId":"dgr8vihr7qz6nfu"}
{"type":"operationEnd","operationId":"dgr8vihr7qz6nfu","timestamp":1766784110648,"id":"h7wk4yjzu8o4wt8","previousEventId":"wzbp96k84zqb538","previousOperationId":"dgr8vihr7qz6nfu"}
{"type":"operationStart","subtype":"recipe","name":"html","timestamp":1766784110661,"id":"un2l7ll6oums4q7","previousEventId":"h7wk4yjzu8o4wt8","operationId":"7x6l1frq681oo46","previousOperationId":"dgr8vihr7qz6nfu"}
{"type":"log","timestamp":1766784110661,"level":"debug","message":"Executing recipe html","meta":{"rootId":"h3ndpq7nqtdqhc4","id":"y5p5hgi88fj4uh4"},"id":"lhzphz7s8yd1wv7","previousOperationId":"7x6l1frq681oo46"}
{"type":"operationEnd","operationId":"7x6l1frq681oo46","timestamp":1766784110661,"id":"1vnky2bc6j66czg","previousEventId":"un2l7ll6oums4q7","previousOperationId":"7x6l1frq681oo46"}
{"type":"log","timestamp":1766784110661,"level":"debug","message":"Skipping storing report.","meta":{"rootId":"h3ndpq7nqtdqhc4","id":"y5p5hgi88fj4uh4"},"id":"nnjfe2l2ru9sl6c","previousOperationId":"7x6l1frq681oo46"}
{"type":"log","timestamp":1766784110661,"level":"info","message":"Rendering (child) request finished in 1945 ms","meta":{"rootId":"h3ndpq7nqtdqhc4","id":"y5p5hgi88fj4uh4"},"id":"bxvmehefnfpgbio","previousOperationId":"7x6l1frq681oo46"}
{"type":"operationEnd","subtype":"render","operationId":"l5oq5jlsysa8c4w","timestamp":1766784110661,"id":"7ill5ipbq4lfmeb","previousEventId":"1vnky2bc6j66czg","previousOperationId":"7x6l1frq681oo46"}
{"type":"log","timestamp":1766784117153,"level":"debug","message":"pptx successfully zipped","meta":{"rootId":"h3ndpq7nqtdqhc4","id":"h3ndpq7nqtdqhc4"},"id":"5yu2zkc0o9h9uvn","previousOperationId":"rsb0yuuh1bn9vis"}
{"type":"log","timestamp":1766784117153,"level":"info","message":"pptx generation was finished","meta":{"rootId":"h3ndpq7nqtdqhc4","id":"h3ndpq7nqtdqhc4"},"id":"p677r60swz75feg","previousOperationId":"rsb0yuuh1bn9vis"}
{"type":"operationEnd","operationId":"rsb0yuuh1bn9vis","timestamp":1766784117164,"id":"lnv8zksoj46qt6q","previousEventId":"xmezl27jxy3xdpm","previousOperationId":"rsb0yuuh1bn9vis"}
{"type":"log","timestamp":1766784117164,"level":"debug","message":"Skipping storing report.","meta":{"rootId":"h3ndpq7nqtdqhc4","id":"h3ndpq7nqtdqhc4"},"id":"8e9j6edj0fypuny","previousOperationId":"rsb0yuuh1bn9vis"}
{"type":"log","timestamp":1766784117165,"level":"info","message":"Rendering request 11 finished in 8449 ms","meta":{"rootId":"h3ndpq7nqtdqhc4","id":"h3ndpq7nqtdqhc4"},"id":"b47lkl6atvdol1x","previousOperationId":"rsb0yuuh1bn9vis"}
{"type":"operationEnd","subtype":"render","operationId":"dnqclv6hlavj7hp","timestamp":1766784117165,"id":"0ble2nf82cqt7f0","previousEventId":"lnv8zksoj46qt6q","previousOperationId":"rsb0yuuh1bn9vis"}
{"type":"operationEnd","doDiffs":false,"previousEventId":"xvd01545mmoitu4","previousOperationId":"jhc9c55xel5pr9y","operationId":"jhc9c55xel5pr9y","timestamp":1766784117172,"id":"hcfm3lkx1pbjglr"}
