{"type":"operationStart","subtype":"profile","data":{"_id":"3OJlXTlqlUKDOiXy","timestamp":"2025-12-07T21:44:53.066Z","state":"running","mode":"standard","creationDate":"2025-12-07T21:44:53.070Z","modificationDate":"2025-12-07T21:44:53.070Z","shortid":"yACMiji","$entitySet":"profiles","timeout":60000},"doDiffs":false,"timestamp":1765143893068,"id":"gakol7ln4dxts1j","previousOperationId":null,"operationId":"dhsxz6wrur1dxnk"}
{"type":"log","level":"info","message":"Render request 1 queued for execution and waiting for available worker","previousOperationId":"dhsxz6wrur1dxnk","timestamp":1765143893069,"id":"2zg2kku6f46bc3s"}
{"type":"operationStart","subtype":"render","name":"anonymous","previousOperationId":"dhsxz6wrur1dxnk","timestamp":1765143893135,"id":"4frumy9s8lnede2","previousEventId":"gakol7ln4dxts1j","operationId":"vn510zh9stgz0h2"}
{"type":"log","timestamp":1765143893137,"level":"info","message":"Starting rendering request 1","meta":{"rootId":"h8sbxk4ge9h2te0","id":"h8sbxk4ge9h2te0"},"id":"03vxhiaxy8ft2er","previousOperationId":"vn510zh9stgz0h2"}
{"type":"log","timestamp":1765143893139,"level":"info","message":"Rendering anonymous template { recipe: pptx, engine: handlebars }","meta":{"rootId":"h8sbxk4ge9h2te0","id":"h8sbxk4ge9h2te0"},"id":"je8z5590pgdzs85","previousOperationId":"vn510zh9stgz0h2"}
{"type":"log","timestamp":1765143893140,"level":"debug","message":"Inline data specified.","meta":{"rootId":"h8sbxk4ge9h2te0","id":"h8sbxk4ge9h2te0"},"id":"eomvsfgie1bfs3n","previousOperationId":"vn510zh9stgz0h2"}
{"type":"log","timestamp":1765143893145,"level":"debug","message":"Base url not specified, skipping its injection.","meta":{"rootId":"h8sbxk4ge9h2te0","id":"h8sbxk4ge9h2te0"},"id":"lw41lu35dk59k7c","previousOperationId":"vn510zh9stgz0h2"}
{"type":"operationStart","subtype":"engine","name":"handlebars","timestamp":1765143893148,"id":"egbrft3h13nbi0m","previousEventId":"4frumy9s8lnede2","operationId":"yhxm2w568mgd8st","previousOperationId":"vn510zh9stgz0h2"}
{"type":"log","timestamp":1765143893148,"level":"debug","message":"Rendering engine handlebars","meta":{"rootId":"h8sbxk4ge9h2te0","id":"h8sbxk4ge9h2te0"},"id":"t06yoed3h7tlcox","previousOperationId":"yhxm2w568mgd8st"}
{"type":"operationEnd","operationId":"yhxm2w568mgd8st","timestamp":1765143893983,"id":"a7hq7hu9ffrspkc","previousEventId":"egbrft3h13nbi0m","previousOperationId":"yhxm2w568mgd8st"}
{"type":"operationStart","subtype":"recipe","name":"pptx","timestamp":1765143893984,"id":"sr2007sf42iyeag","previousEventId":"a7hq7hu9ffrspkc","operationId":"6x2n9n5c9lb5fp5","previousOperationId":"yhxm2w568mgd8st"}
{"type":"log","timestamp":1765143893984,"level":"debug","message":"Executing recipe pptx","meta":{"rootId":"h8sbxk4ge9h2te0","id":"h8sbxk4ge9h2te0"},"id":"0sxzqezv630bw6e","previousOperationId":"6x2n9n5c9lb5fp5"}
{"type":"log","timestamp":1765143894160,"level":"info","message":"pptx generation is starting","meta":{"rootId":"h8sbxk4ge9h2te0","id":"h8sbxk4ge9h2te0"},"id":"gvatljr941h3bu1","previousOperationId":"6x2n9n5c9lb5fp5"}
{"type":"log","timestamp":1765143895270,"level":"debug","message":"Starting child request to render pptx dynamic parts","meta":{"rootId":"h8sbxk4ge9h2te0","id":"h8sbxk4ge9h2te0"},"id":"ap7al7795b0yse2","previousOperationId":"6x2n9n5c9lb5fp5"}
{"type":"operationStart","subtype":"render","name":"anonymous","previousOperationId":"6x2n9n5c9lb5fp5","timestamp":1765143895272,"id":"nu6r7ukkndrpvqq","previousEventId":"sr2007sf42iyeag","operationId":"m2lqsnmigmi095d"}
{"type":"log","timestamp":1765143895272,"level":"info","message":"Starting rendering (child) request","meta":{"rootId":"h8sbxk4ge9h2te0","id":"kket8el1421adxu"},"id":"i1d9v310gdwr4nx","previousOperationId":"m2lqsnmigmi095d"}
{"type":"log","timestamp":1765143895272,"level":"info","message":"Rendering anonymous template { recipe: html, engine: handlebars }","meta":{"rootId":"h8sbxk4ge9h2te0","id":"kket8el1421adxu"},"id":"jleskk37wqaejy6","previousOperationId":"m2lqsnmigmi095d"}
{"type":"log","timestamp":1765143895272,"level":"debug","message":"Inline data specified.","meta":{"rootId":"h8sbxk4ge9h2te0","id":"kket8el1421adxu"},"id":"wgr3nokxx4k9cif","previousOperationId":"m2lqsnmigmi095d"}
{"type":"log","timestamp":1765143895276,"level":"debug","message":"Base url not specified, skipping its injection.","meta":{"rootId":"h8sbxk4ge9h2te0","id":"kket8el1421adxu"},"id":"ic2l3houxw68w5s","previousOperationId":"m2lqsnmigmi095d"}
{"type":"operationStart","subtype":"engine","name":"handlebars","timestamp":1765143895278,"id":"mymwi74731g7l02","previousEventId":"nu6r7ukkndrpvqq","operationId":"9b5z2b45iqbpyde","previousOperationId":"m2lqsnmigmi095d"}
{"type":"log","timestamp":1765143895278,"level":"debug","message":"Rendering engine handlebars","meta":{"rootId":"h8sbxk4ge9h2te0","id":"kket8el1421adxu"},"id":"xjmqqpy49j5iba2","previousOperationId":"9b5z2b45iqbpyde"}
{"type":"operationEnd","operationId":"9b5z2b45iqbpyde","timestamp":1765143895385,"id":"tniila453toz6yb","previousEventId":"mymwi74731g7l02","previousOperationId":"9b5z2b45iqbpyde"}
{"type":"operationStart","subtype":"recipe","name":"html","timestamp":1765143895395,"id":"woo4dg0q8v6hgvd","previousEventId":"tniila453toz6yb","operationId":"lm8p8l32woe9oej","previousOperationId":"9b5z2b45iqbpyde"}
{"type":"log","timestamp":1765143895395,"level":"debug","message":"Executing recipe html","meta":{"rootId":"h8sbxk4ge9h2te0","id":"kket8el1421adxu"},"id":"y9hlxt3bqukzwt3","previousOperationId":"lm8p8l32woe9oej"}
{"type":"operationEnd","operationId":"lm8p8l32woe9oej","timestamp":1765143895395,"id":"2o01ut1eotyj609","previousEventId":"woo4dg0q8v6hgvd","previousOperationId":"lm8p8l32woe9oej"}
{"type":"log","timestamp":1765143895396,"level":"debug","message":"Skipping storing report.","meta":{"rootId":"h8sbxk4ge9h2te0","id":"kket8el1421adxu"},"id":"345gs5m20q6aovy","previousOperationId":"lm8p8l32woe9oej"}
{"type":"log","timestamp":1765143895396,"level":"info","message":"Rendering (child) request finished in 2333 ms","meta":{"rootId":"h8sbxk4ge9h2te0","id":"kket8el1421adxu"},"id":"fwuzyyheqa1gnfa","previousOperationId":"lm8p8l32woe9oej"}
{"type":"operationEnd","subtype":"render","operationId":"m2lqsnmigmi095d","timestamp":1765143895396,"id":"xadqn51gi9evgi7","previousEventId":"2o01ut1eotyj609","previousOperationId":"lm8p8l32woe9oej"}
{"type":"log","timestamp":1765143899794,"level":"debug","message":"pptx successfully zipped","meta":{"rootId":"h8sbxk4ge9h2te0","id":"h8sbxk4ge9h2te0"},"id":"7x604fz75v2gheu","previousOperationId":"6x2n9n5c9lb5fp5"}
{"type":"log","timestamp":1765143899794,"level":"info","message":"pptx generation was finished","meta":{"rootId":"h8sbxk4ge9h2te0","id":"h8sbxk4ge9h2te0"},"id":"dvr5yg71yjw367l","previousOperationId":"6x2n9n5c9lb5fp5"}
{"type":"operationEnd","operationId":"6x2n9n5c9lb5fp5","timestamp":1765143899806,"id":"02as47phn3gq3ux","previousEventId":"sr2007sf42iyeag","previousOperationId":"6x2n9n5c9lb5fp5"}
{"type":"log","timestamp":1765143899806,"level":"debug","message":"Skipping storing report.","meta":{"rootId":"h8sbxk4ge9h2te0","id":"h8sbxk4ge9h2te0"},"id":"6mmty1z4nhjb9v5","previousOperationId":"6x2n9n5c9lb5fp5"}
{"type":"log","timestamp":1765143899807,"level":"info","message":"Rendering request 1 finished in 6744 ms","meta":{"rootId":"h8sbxk4ge9h2te0","id":"h8sbxk4ge9h2te0"},"id":"zautyhgr35qqigz","previousOperationId":"6x2n9n5c9lb5fp5"}
{"type":"operationEnd","subtype":"render","operationId":"vn510zh9stgz0h2","timestamp":1765143899807,"id":"agurszuhpctz0gl","previousEventId":"02as47phn3gq3ux","previousOperationId":"6x2n9n5c9lb5fp5"}
{"type":"operationEnd","doDiffs":false,"previousEventId":"gakol7ln4dxts1j","previousOperationId":"dhsxz6wrur1dxnk","operationId":"dhsxz6wrur1dxnk","timestamp":1765143899812,"id":"ngb4ir763vk2ojw"}
