{"type":"operationStart","subtype":"profile","data":{"_id":"DJwr3BpqPaI5zYrG","timestamp":"2025-12-07T16:05:40.371Z","state":"running","mode":"standard","creationDate":"2025-12-07T16:05:40.374Z","modificationDate":"2025-12-07T16:05:40.374Z","shortid":"fIKjtxe","$entitySet":"profiles","timeout":60000},"doDiffs":false,"timestamp":1765123540373,"id":"r8rh5vo8p971v21","previousOperationId":null,"operationId":"dxyw4qitpp1rg6c"}
{"type":"log","level":"info","message":"Render request 15 queued for execution and waiting for available worker","previousOperationId":"dxyw4qitpp1rg6c","timestamp":1765123540373,"id":"3nj4mx48adpub42"}
{"type":"operationStart","subtype":"render","name":"anonymous","previousOperationId":"dxyw4qitpp1rg6c","timestamp":1765123540383,"id":"xv41bvzjiubr38a","previousEventId":"r8rh5vo8p971v21","operationId":"uepkyhc6skpptaa"}
{"type":"log","timestamp":1765123540384,"level":"info","message":"Starting rendering request 15","meta":{"rootId":"h985dci99h22nq8","id":"h985dci99h22nq8"},"id":"4j0inzh4imatmdl","previousOperationId":"uepkyhc6skpptaa"}
{"type":"log","timestamp":1765123540384,"level":"info","message":"Rendering anonymous template { recipe: pptx, engine: handlebars }","meta":{"rootId":"h985dci99h22nq8","id":"h985dci99h22nq8"},"id":"huizdkm83n6w6bg","previousOperationId":"uepkyhc6skpptaa"}
{"type":"log","timestamp":1765123540384,"level":"debug","message":"Inline data specified.","meta":{"rootId":"h985dci99h22nq8","id":"h985dci99h22nq8"},"id":"fhp2okydlf91k6n","previousOperationId":"uepkyhc6skpptaa"}
{"type":"log","timestamp":1765123540388,"level":"debug","message":"Base url not specified, skipping its injection.","meta":{"rootId":"h985dci99h22nq8","id":"h985dci99h22nq8"},"id":"nmo7ci0t9i0c7od","previousOperationId":"uepkyhc6skpptaa"}
{"type":"operationStart","subtype":"engine","name":"handlebars","timestamp":1765123540389,"id":"gjnpemfmqjl4ugr","previousEventId":"xv41bvzjiubr38a","operationId":"8kkvgquyotvjqjh","previousOperationId":"uepkyhc6skpptaa"}
{"type":"log","timestamp":1765123540389,"level":"debug","message":"Rendering engine handlebars","meta":{"rootId":"h985dci99h22nq8","id":"h985dci99h22nq8"},"id":"irl2f8viuv177ro","previousOperationId":"8kkvgquyotvjqjh"}
{"type":"operationEnd","operationId":"8kkvgquyotvjqjh","timestamp":1765123540401,"id":"1669mqn3gp54w4n","previousEventId":"gjnpemfmqjl4ugr","previousOperationId":"8kkvgquyotvjqjh"}
{"type":"operationStart","subtype":"recipe","name":"pptx","timestamp":1765123540401,"id":"884ze4v11hazg6q","previousEventId":"1669mqn3gp54w4n","operationId":"p58ze5vk5s8jazw","previousOperationId":"8kkvgquyotvjqjh"}
{"type":"log","timestamp":1765123540401,"level":"debug","message":"Executing recipe pptx","meta":{"rootId":"h985dci99h22nq8","id":"h985dci99h22nq8"},"id":"2t8q4wcdrj3wuau","previousOperationId":"p58ze5vk5s8jazw"}
{"type":"log","timestamp":1765123540402,"level":"info","message":"pptx generation is starting","meta":{"rootId":"h985dci99h22nq8","id":"h985dci99h22nq8"},"id":"f04k7hjmtaatrj5","previousOperationId":"p58ze5vk5s8jazw"}
{"type":"log","timestamp":1765123540515,"level":"debug","message":"Starting child request to render pptx dynamic parts","meta":{"rootId":"h985dci99h22nq8","id":"h985dci99h22nq8"},"id":"01ursga3psb70gy","previousOperationId":"p58ze5vk5s8jazw"}
{"type":"operationStart","subtype":"render","name":"anonymous","previousOperationId":"p58ze5vk5s8jazw","timestamp":1765123540516,"id":"x7e1om8uonxl0yg","previousEventId":"884ze4v11hazg6q","operationId":"acws2eybffxplp6"}
{"type":"log","timestamp":1765123540516,"level":"info","message":"Starting rendering (child) request","meta":{"rootId":"h985dci99h22nq8","id":"1w214fgz7qhjkms"},"id":"48065b4gzk5t855","previousOperationId":"acws2eybffxplp6"}
{"type":"log","timestamp":1765123540516,"level":"info","message":"Rendering anonymous template { recipe: html, engine: handlebars }","meta":{"rootId":"h985dci99h22nq8","id":"1w214fgz7qhjkms"},"id":"nvzpv45nz9qlrs6","previousOperationId":"acws2eybffxplp6"}
{"type":"log","timestamp":1765123540516,"level":"debug","message":"Inline data specified.","meta":{"rootId":"h985dci99h22nq8","id":"1w214fgz7qhjkms"},"id":"uukmafxzhmpldb3","previousOperationId":"acws2eybffxplp6"}
{"type":"log","timestamp":1765123540521,"level":"debug","message":"Base url not specified, skipping its injection.","meta":{"rootId":"h985dci99h22nq8","id":"1w214fgz7qhjkms"},"id":"jagxog0avthafus","previousOperationId":"acws2eybffxplp6"}
{"type":"operationStart","subtype":"engine","name":"handlebars","timestamp":1765123540521,"id":"frtlkkxqub0hxl4","previousEventId":"x7e1om8uonxl0yg","operationId":"4jl896zpoxnjk7y","previousOperationId":"acws2eybffxplp6"}
{"type":"log","timestamp":1765123540522,"level":"debug","message":"Rendering engine handlebars","meta":{"rootId":"h985dci99h22nq8","id":"1w214fgz7qhjkms"},"id":"iyji1kuk0sk2lu3","previousOperationId":"4jl896zpoxnjk7y"}
{"type":"operationEnd","operationId":"4jl896zpoxnjk7y","timestamp":1765123540536,"id":"fnd3ozsj4xr3zvg","previousEventId":"frtlkkxqub0hxl4","previousOperationId":"4jl896zpoxnjk7y"}
{"type":"operationStart","subtype":"recipe","name":"html","timestamp":1765123540538,"id":"pnitv1nbhwiqdh2","previousEventId":"fnd3ozsj4xr3zvg","operationId":"seznm77esqgugn7","previousOperationId":"4jl896zpoxnjk7y"}
{"type":"log","timestamp":1765123540538,"level":"debug","message":"Executing recipe html","meta":{"rootId":"h985dci99h22nq8","id":"1w214fgz7qhjkms"},"id":"ptnql21buoz2q3y","previousOperationId":"seznm77esqgugn7"}
{"type":"operationEnd","operationId":"seznm77esqgugn7","timestamp":1765123540538,"id":"5ilchyerxvb9t0z","previousEventId":"pnitv1nbhwiqdh2","previousOperationId":"seznm77esqgugn7"}
{"type":"log","timestamp":1765123540539,"level":"debug","message":"Skipping storing report.","meta":{"rootId":"h985dci99h22nq8","id":"1w214fgz7qhjkms"},"id":"fa1r5ckt5yo1rtr","previousOperationId":"seznm77esqgugn7"}
{"type":"log","timestamp":1765123540539,"level":"info","message":"Rendering (child) request finished in 168 ms","meta":{"rootId":"h985dci99h22nq8","id":"1w214fgz7qhjkms"},"id":"pw75bjjl1gn9c7f","previousOperationId":"seznm77esqgugn7"}
{"type":"operationEnd","subtype":"render","operationId":"acws2eybffxplp6","timestamp":1765123540539,"id":"3a5zjuk20zqtwe0","previousEventId":"5ilchyerxvb9t0z","previousOperationId":"seznm77esqgugn7"}
{"type":"log","timestamp":1765123540700,"level":"debug","message":"pptx successfully zipped","meta":{"rootId":"h985dci99h22nq8","id":"h985dci99h22nq8"},"id":"6yrgiktdggqikeu","previousOperationId":"p58ze5vk5s8jazw"}
{"type":"log","timestamp":1765123540701,"level":"info","message":"pptx generation was finished","meta":{"rootId":"h985dci99h22nq8","id":"h985dci99h22nq8"},"id":"f3ihl00yisu4j3w","previousOperationId":"p58ze5vk5s8jazw"}
{"type":"operationEnd","operationId":"p58ze5vk5s8jazw","timestamp":1765123540704,"id":"ufrftyc3ni6xwcn","previousEventId":"884ze4v11hazg6q","previousOperationId":"p58ze5vk5s8jazw"}
{"type":"log","timestamp":1765123540704,"level":"debug","message":"Skipping storing report.","meta":{"rootId":"h985dci99h22nq8","id":"h985dci99h22nq8"},"id":"bnvf4kofywe7cza","previousOperationId":"p58ze5vk5s8jazw"}
{"type":"log","timestamp":1765123540704,"level":"info","message":"Rendering request 15 finished in 333 ms","meta":{"rootId":"h985dci99h22nq8","id":"h985dci99h22nq8"},"id":"10lmxtsg51t9cid","previousOperationId":"p58ze5vk5s8jazw"}
{"type":"operationEnd","subtype":"render","operationId":"uepkyhc6skpptaa","timestamp":1765123540704,"id":"9iyluow9nxlgitj","previousEventId":"ufrftyc3ni6xwcn","previousOperationId":"p58ze5vk5s8jazw"}
{"type":"operationEnd","doDiffs":false,"previousEventId":"r8rh5vo8p971v21","previousOperationId":"dxyw4qitpp1rg6c","operationId":"dxyw4qitpp1rg6c","timestamp":1765123540710,"id":"hircgiwtz9wbtgu"}
