{"type":"operationStart","subtype":"profile","data":{"_id":"F2m3UES0deTIVJlp","timestamp":"2025-12-27T15:41:03.878Z","state":"running","mode":"standard","creationDate":"2025-12-27T15:41:03.884Z","modificationDate":"2025-12-27T15:41:03.884Z","shortid":"hg6wA5G","$entitySet":"profiles","timeout":60000},"doDiffs":false,"timestamp":1766850063881,"id":"phubu0wwdggh8w4","previousOperationId":null,"operationId":"3dq23ta2sqtn3g2"}
{"type":"log","level":"info","message":"Render request 1 queued for execution and waiting for available worker","previousOperationId":"3dq23ta2sqtn3g2","timestamp":1766850063881,"id":"pd830rljk9alfwn"}
{"type":"operationStart","subtype":"render","name":"anonymous","previousOperationId":"3dq23ta2sqtn3g2","timestamp":1766850063943,"id":"efn4jex64r6xlmq","previousEventId":"phubu0wwdggh8w4","operationId":"ocg5pbga696t800"}
{"type":"log","timestamp":1766850063944,"level":"info","message":"Starting rendering request 1","meta":{"rootId":"hfgq9a0vhl55y60","id":"hfgq9a0vhl55y60"},"id":"eomonkpa7dcg898","previousOperationId":"ocg5pbga696t800"}
{"type":"log","timestamp":1766850063946,"level":"info","message":"Rendering anonymous template { recipe: pptx, engine: handlebars }","meta":{"rootId":"hfgq9a0vhl55y60","id":"hfgq9a0vhl55y60"},"id":"qowf15yyxcq2c4h","previousOperationId":"ocg5pbga696t800"}
{"type":"log","timestamp":1766850063946,"level":"debug","message":"Inline data specified.","meta":{"rootId":"hfgq9a0vhl55y60","id":"hfgq9a0vhl55y60"},"id":"b4wwo908jlsffwl","previousOperationId":"ocg5pbga696t800"}
{"type":"log","timestamp":1766850063949,"level":"debug","message":"Base url not specified, skipping its injection.","meta":{"rootId":"hfgq9a0vhl55y60","id":"hfgq9a0vhl55y60"},"id":"9o7jdwrhzfsoxk9","previousOperationId":"ocg5pbga696t800"}
{"type":"operationStart","subtype":"engine","name":"handlebars","timestamp":1766850063950,"id":"37jx4jxxf5iukda","previousEventId":"efn4jex64r6xlmq","operationId":"gn4bow6ics0y4je","previousOperationId":"ocg5pbga696t800"}
{"type":"log","timestamp":1766850063951,"level":"debug","message":"Rendering engine handlebars","meta":{"rootId":"hfgq9a0vhl55y60","id":"hfgq9a0vhl55y60"},"id":"soiu9t1x3qyslnk","previousOperationId":"gn4bow6ics0y4je"}
{"type":"operationEnd","operationId":"gn4bow6ics0y4je","timestamp":1766850064783,"id":"tu0hcsa3579htc5","previousEventId":"37jx4jxxf5iukda","previousOperationId":"gn4bow6ics0y4je"}
{"type":"operationStart","subtype":"recipe","name":"pptx","timestamp":1766850064784,"id":"v86omuvp5zacgda","previousEventId":"tu0hcsa3579htc5","operationId":"2kas5vzdonav7hp","previousOperationId":"gn4bow6ics0y4je"}
{"type":"log","timestamp":1766850064784,"level":"debug","message":"Executing recipe pptx","meta":{"rootId":"hfgq9a0vhl55y60","id":"hfgq9a0vhl55y60"},"id":"38z2r35m0h7dtun","previousOperationId":"2kas5vzdonav7hp"}
{"type":"log","timestamp":1766850064943,"level":"info","message":"pptx generation is starting","meta":{"rootId":"hfgq9a0vhl55y60","id":"hfgq9a0vhl55y60"},"id":"0iy213wi5t52mop","previousOperationId":"2kas5vzdonav7hp"}
{"type":"log","timestamp":1766850066011,"level":"debug","message":"Starting child request to render pptx dynamic parts","meta":{"rootId":"hfgq9a0vhl55y60","id":"hfgq9a0vhl55y60"},"id":"8tj5c16kw0ox5rv","previousOperationId":"2kas5vzdonav7hp"}
{"type":"operationStart","subtype":"render","name":"anonymous","previousOperationId":"2kas5vzdonav7hp","timestamp":1766850066012,"id":"z7h5u7zkv5itorq","previousEventId":"v86omuvp5zacgda","operationId":"b7k4h7nuem1rayi"}
{"type":"log","timestamp":1766850066012,"level":"info","message":"Starting rendering (child) request","meta":{"rootId":"hfgq9a0vhl55y60","id":"vce6yapvm902wyx"},"id":"amzaobflp9jk7s1","previousOperationId":"b7k4h7nuem1rayi"}
{"type":"log","timestamp":1766850066012,"level":"info","message":"Rendering anonymous template { recipe: html, engine: handlebars }","meta":{"rootId":"hfgq9a0vhl55y60","id":"vce6yapvm902wyx"},"id":"upt5w9ka3rafhvr","previousOperationId":"b7k4h7nuem1rayi"}
{"type":"log","timestamp":1766850066012,"level":"debug","message":"Inline data specified.","meta":{"rootId":"hfgq9a0vhl55y60","id":"vce6yapvm902wyx"},"id":"ue29un1znmuc2oz","previousOperationId":"b7k4h7nuem1rayi"}
{"type":"log","timestamp":1766850066017,"level":"debug","message":"Base url not specified, skipping its injection.","meta":{"rootId":"hfgq9a0vhl55y60","id":"vce6yapvm902wyx"},"id":"06d1xqfsqswywd4","previousOperationId":"b7k4h7nuem1rayi"}
{"type":"operationStart","subtype":"engine","name":"handlebars","timestamp":1766850066019,"id":"swcmbns04r1d9ct","previousEventId":"z7h5u7zkv5itorq","operationId":"2en7yn0cpdz0i29","previousOperationId":"b7k4h7nuem1rayi"}
{"type":"log","timestamp":1766850066019,"level":"debug","message":"Rendering engine handlebars","meta":{"rootId":"hfgq9a0vhl55y60","id":"vce6yapvm902wyx"},"id":"zsws3nmta0eoxng","previousOperationId":"2en7yn0cpdz0i29"}
{"type":"log","timestamp":1766850066154,"level":"debug","message":"(console:log) {\n  type: 'echarts@v5a',\n  width: 848,\n  height: 409,\n  option: { radar: [ [Object] ], series: [ [Object] ] }\n}","meta":{"userLevel":true,"rootId":"hfgq9a0vhl55y60","id":"vce6yapvm902wyx"},"id":"ewg9lvwznb17fb2","previousOperationId":"2en7yn0cpdz0i29"}
{"type":"operationEnd","operationId":"2en7yn0cpdz0i29","timestamp":1766850066159,"id":"6bw8916jd8dt62t","previousEventId":"swcmbns04r1d9ct","previousOperationId":"2en7yn0cpdz0i29"}
{"type":"operationStart","subtype":"recipe","name":"html","timestamp":1766850066168,"id":"lkizbjnafy0042e","previousEventId":"6bw8916jd8dt62t","operationId":"sc2d1flm3287zje","previousOperationId":"2en7yn0cpdz0i29"}
{"type":"log","timestamp":1766850066168,"level":"debug","message":"Executing recipe html","meta":{"rootId":"hfgq9a0vhl55y60","id":"vce6yapvm902wyx"},"id":"v8emz5rg5fzvts5","previousOperationId":"sc2d1flm3287zje"}
{"type":"operationEnd","operationId":"sc2d1flm3287zje","timestamp":1766850066168,"id":"05ty1y4lbtvw9n2","previousEventId":"lkizbjnafy0042e","previousOperationId":"sc2d1flm3287zje"}
{"type":"log","timestamp":1766850066169,"level":"debug","message":"Skipping storing report.","meta":{"rootId":"hfgq9a0vhl55y60","id":"vce6yapvm902wyx"},"id":"gf2kb90khf3k37v","previousOperationId":"sc2d1flm3287zje"}
{"type":"log","timestamp":1766850066169,"level":"info","message":"Rendering (child) request finished in 2294 ms","meta":{"rootId":"hfgq9a0vhl55y60","id":"vce6yapvm902wyx"},"id":"krswgs2vu2m45l4","previousOperationId":"sc2d1flm3287zje"}
{"type":"operationEnd","subtype":"render","operationId":"b7k4h7nuem1rayi","timestamp":1766850066170,"id":"q98lzssewvqticb","previousEventId":"05ty1y4lbtvw9n2","previousOperationId":"sc2d1flm3287zje"}
{"type":"log","timestamp":1766850070514,"level":"debug","message":"pptx successfully zipped","meta":{"rootId":"hfgq9a0vhl55y60","id":"hfgq9a0vhl55y60"},"id":"vk0kher8689z9e5","previousOperationId":"2kas5vzdonav7hp"}
{"type":"log","timestamp":1766850070514,"level":"info","message":"pptx generation was finished","meta":{"rootId":"hfgq9a0vhl55y60","id":"hfgq9a0vhl55y60"},"id":"daj8r3ikcaxhoak","previousOperationId":"2kas5vzdonav7hp"}
{"type":"operationEnd","operationId":"2kas5vzdonav7hp","timestamp":1766850070528,"id":"ry5u4ssoy5be3z1","previousEventId":"v86omuvp5zacgda","previousOperationId":"2kas5vzdonav7hp"}
{"type":"log","timestamp":1766850070528,"level":"debug","message":"Skipping storing report.","meta":{"rootId":"hfgq9a0vhl55y60","id":"hfgq9a0vhl55y60"},"id":"3i3perav66y70oi","previousOperationId":"2kas5vzdonav7hp"}
{"type":"log","timestamp":1766850070528,"level":"info","message":"Rendering request 1 finished in 6653 ms","meta":{"rootId":"hfgq9a0vhl55y60","id":"hfgq9a0vhl55y60"},"id":"peab1saot60b4uv","previousOperationId":"2kas5vzdonav7hp"}
{"type":"operationEnd","subtype":"render","operationId":"ocg5pbga696t800","timestamp":1766850070528,"id":"gs3k2ko8mcpt61n","previousEventId":"ry5u4ssoy5be3z1","previousOperationId":"2kas5vzdonav7hp"}
{"type":"operationEnd","doDiffs":false,"previousEventId":"phubu0wwdggh8w4","previousOperationId":"3dq23ta2sqtn3g2","operationId":"3dq23ta2sqtn3g2","timestamp":1766850070533,"id":"qj64kaqlgglmdv7"}
