{"type":"operationStart","subtype":"profile","data":{"_id":"xBgdUYwGJFIxgSp6","timestamp":"2026-01-01T13:21:29.148Z","state":"running","mode":"standard","creationDate":"2026-01-01T13:21:29.154Z","modificationDate":"2026-01-01T13:21:29.154Z","shortid":"2DN9r37","$entitySet":"profiles","timeout":60000},"doDiffs":false,"timestamp":1767273689151,"id":"c4js0egfstvt8dm","previousOperationId":null,"operationId":"l5ssmbpjm0j52r4"}
{"type":"log","level":"info","message":"Render request 3 queued for execution and waiting for available worker","previousOperationId":"l5ssmbpjm0j52r4","timestamp":1767273689151,"id":"z31wa6nayimmcb4"}
{"type":"operationStart","subtype":"render","name":"anonymous","previousOperationId":"l5ssmbpjm0j52r4","timestamp":1767273689231,"id":"2o86m3docbgay7e","previousEventId":"c4js0egfstvt8dm","operationId":"c56wrocstrj5nj4"}
{"type":"log","timestamp":1767273689232,"level":"info","message":"Starting rendering request 3","meta":{"rootId":"hgezjai1xgdkg1o","id":"hgezjai1xgdkg1o"},"id":"ate9s4uct7nwk6n","previousOperationId":"c56wrocstrj5nj4"}
{"type":"log","timestamp":1767273689232,"level":"info","message":"Rendering anonymous template { recipe: pptx, engine: handlebars }","meta":{"rootId":"hgezjai1xgdkg1o","id":"hgezjai1xgdkg1o"},"id":"a3znickofyp6nmu","previousOperationId":"c56wrocstrj5nj4"}
{"type":"log","timestamp":1767273689232,"level":"debug","message":"Inline data specified.","meta":{"rootId":"hgezjai1xgdkg1o","id":"hgezjai1xgdkg1o"},"id":"z741wkl3603xwjr","previousOperationId":"c56wrocstrj5nj4"}
{"type":"log","timestamp":1767273689236,"level":"debug","message":"Base url not specified, skipping its injection.","meta":{"rootId":"hgezjai1xgdkg1o","id":"hgezjai1xgdkg1o"},"id":"xnkj04q0pawmgzo","previousOperationId":"c56wrocstrj5nj4"}
{"type":"operationStart","subtype":"engine","name":"handlebars","timestamp":1767273689237,"id":"e6m13q7gk91zy7d","previousEventId":"2o86m3docbgay7e","operationId":"lkjhtqzziqowd3r","previousOperationId":"c56wrocstrj5nj4"}
{"type":"log","timestamp":1767273689237,"level":"debug","message":"Rendering engine handlebars","meta":{"rootId":"hgezjai1xgdkg1o","id":"hgezjai1xgdkg1o"},"id":"8ime9uzf9o2fpaw","previousOperationId":"lkjhtqzziqowd3r"}
{"type":"operationEnd","operationId":"lkjhtqzziqowd3r","timestamp":1767273689262,"id":"2lhqr1uxvpit2z3","previousEventId":"e6m13q7gk91zy7d","previousOperationId":"lkjhtqzziqowd3r"}
{"type":"operationStart","subtype":"recipe","name":"pptx","timestamp":1767273689263,"id":"w3764efasgdutiy","previousEventId":"2lhqr1uxvpit2z3","operationId":"txozcet9fqulugu","previousOperationId":"lkjhtqzziqowd3r"}
{"type":"log","timestamp":1767273689264,"level":"debug","message":"Executing recipe pptx","meta":{"rootId":"hgezjai1xgdkg1o","id":"hgezjai1xgdkg1o"},"id":"enubjc3okgf48od","previousOperationId":"txozcet9fqulugu"}
{"type":"log","timestamp":1767273689281,"level":"info","message":"pptx generation is starting","meta":{"rootId":"hgezjai1xgdkg1o","id":"hgezjai1xgdkg1o"},"id":"upx8lunr1jyhbxb","previousOperationId":"txozcet9fqulugu"}
{"type":"log","timestamp":1767273691304,"level":"debug","message":"Starting child request to render pptx dynamic parts","meta":{"rootId":"hgezjai1xgdkg1o","id":"hgezjai1xgdkg1o"},"id":"i10hu9dkg72t9tz","previousOperationId":"txozcet9fqulugu"}
{"type":"operationStart","subtype":"render","name":"anonymous","previousOperationId":"txozcet9fqulugu","timestamp":1767273691305,"id":"rxn8st4xzielloc","previousEventId":"w3764efasgdutiy","operationId":"fjayubvh2gdf5eh"}
{"type":"log","timestamp":1767273691305,"level":"info","message":"Starting rendering (child) request","meta":{"rootId":"hgezjai1xgdkg1o","id":"4xous634cqhdeex"},"id":"5po467la6z5r92l","previousOperationId":"fjayubvh2gdf5eh"}
{"type":"log","timestamp":1767273691305,"level":"info","message":"Rendering anonymous template { recipe: html, engine: handlebars }","meta":{"rootId":"hgezjai1xgdkg1o","id":"4xous634cqhdeex"},"id":"y0tiziu4x1g3mui","previousOperationId":"fjayubvh2gdf5eh"}
{"type":"log","timestamp":1767273691305,"level":"debug","message":"Inline data specified.","meta":{"rootId":"hgezjai1xgdkg1o","id":"4xous634cqhdeex"},"id":"u3ukv552pw4xzws","previousOperationId":"fjayubvh2gdf5eh"}
{"type":"log","timestamp":1767273691312,"level":"debug","message":"Base url not specified, skipping its injection.","meta":{"rootId":"hgezjai1xgdkg1o","id":"4xous634cqhdeex"},"id":"ucte53ir0fpaf34","previousOperationId":"fjayubvh2gdf5eh"}
{"type":"operationStart","subtype":"engine","name":"handlebars","timestamp":1767273691315,"id":"rfur7pw5u4f73h5","previousEventId":"rxn8st4xzielloc","operationId":"gkobbgjt6ehqu6a","previousOperationId":"fjayubvh2gdf5eh"}
{"type":"log","timestamp":1767273691315,"level":"debug","message":"Rendering engine handlebars","meta":{"rootId":"hgezjai1xgdkg1o","id":"4xous634cqhdeex"},"id":"uu5twvsgn1dhqp7","previousOperationId":"gkobbgjt6ehqu6a"}
{"type":"log","timestamp":1767273691551,"level":"debug","message":"(console:log) {\n  type: 'echarts@v5a',\n  width: 848,\n  height: 409,\n  option: { radar: [ [Object] ], series: [ [Object] ] }\n}","meta":{"userLevel":true,"rootId":"hgezjai1xgdkg1o","id":"4xous634cqhdeex"},"id":"b5d1f67vfr1xzm6","previousOperationId":"gkobbgjt6ehqu6a"}
{"type":"operationEnd","operationId":"gkobbgjt6ehqu6a","timestamp":1767273691568,"id":"qnpz22xwxodw94g","previousEventId":"rfur7pw5u4f73h5","previousOperationId":"gkobbgjt6ehqu6a"}
{"type":"operationStart","subtype":"recipe","name":"html","timestamp":1767273691591,"id":"36l97pbvib3uy7b","previousEventId":"qnpz22xwxodw94g","operationId":"2y7mvyb0zmxt9pm","previousOperationId":"gkobbgjt6ehqu6a"}
{"type":"log","timestamp":1767273691591,"level":"debug","message":"Executing recipe html","meta":{"rootId":"hgezjai1xgdkg1o","id":"4xous634cqhdeex"},"id":"2ueca5npfwzq72f","previousOperationId":"2y7mvyb0zmxt9pm"}
{"type":"operationEnd","operationId":"2y7mvyb0zmxt9pm","timestamp":1767273691591,"id":"e8r9dov0aatgc0n","previousEventId":"36l97pbvib3uy7b","previousOperationId":"2y7mvyb0zmxt9pm"}
{"type":"log","timestamp":1767273691591,"level":"debug","message":"Skipping storing report.","meta":{"rootId":"hgezjai1xgdkg1o","id":"4xous634cqhdeex"},"id":"sf7t2790evjlvll","previousOperationId":"2y7mvyb0zmxt9pm"}
{"type":"log","timestamp":1767273691591,"level":"info","message":"Rendering (child) request finished in 2445 ms","meta":{"rootId":"hgezjai1xgdkg1o","id":"4xous634cqhdeex"},"id":"nrr0ty8mmu0bdag","previousOperationId":"2y7mvyb0zmxt9pm"}
{"type":"operationEnd","subtype":"render","operationId":"fjayubvh2gdf5eh","timestamp":1767273691591,"id":"j8kr6r3a1tly9nd","previousEventId":"e8r9dov0aatgc0n","previousOperationId":"2y7mvyb0zmxt9pm"}
{"type":"log","timestamp":1767273697949,"level":"debug","message":"pptx successfully zipped","meta":{"rootId":"hgezjai1xgdkg1o","id":"hgezjai1xgdkg1o"},"id":"d50dgoep5m6r1ck","previousOperationId":"txozcet9fqulugu"}
{"type":"log","timestamp":1767273697949,"level":"info","message":"pptx generation was finished","meta":{"rootId":"hgezjai1xgdkg1o","id":"hgezjai1xgdkg1o"},"id":"zxkxxrbg65pxdrc","previousOperationId":"txozcet9fqulugu"}
{"type":"operationEnd","operationId":"txozcet9fqulugu","timestamp":1767273697962,"id":"b5v0xvhkukzolzx","previousEventId":"w3764efasgdutiy","previousOperationId":"txozcet9fqulugu"}
{"type":"log","timestamp":1767273697962,"level":"debug","message":"Skipping storing report.","meta":{"rootId":"hgezjai1xgdkg1o","id":"hgezjai1xgdkg1o"},"id":"rvace6dcxpyb7mv","previousOperationId":"txozcet9fqulugu"}
{"type":"log","timestamp":1767273697962,"level":"info","message":"Rendering request 3 finished in 8816 ms","meta":{"rootId":"hgezjai1xgdkg1o","id":"hgezjai1xgdkg1o"},"id":"qxqfmze9vhf58hc","previousOperationId":"txozcet9fqulugu"}
{"type":"operationEnd","subtype":"render","operationId":"c56wrocstrj5nj4","timestamp":1767273697962,"id":"zgvbzmda69hqynf","previousEventId":"b5v0xvhkukzolzx","previousOperationId":"txozcet9fqulugu"}
{"type":"operationEnd","doDiffs":false,"previousEventId":"c4js0egfstvt8dm","previousOperationId":"l5ssmbpjm0j52r4","operationId":"l5ssmbpjm0j52r4","timestamp":1767273697968,"id":"qaauxl7j9r08kaf"}
