{"type":"operationStart","subtype":"profile","data":{"_id":"jvpQ59HsqrqG8wYy","timestamp":"2025-12-27T17:01:03.416Z","state":"running","mode":"standard","creationDate":"2025-12-27T17:01:03.432Z","modificationDate":"2025-12-27T17:01:03.432Z","shortid":"8etfk2-","$entitySet":"profiles","timeout":60000},"doDiffs":false,"timestamp":1766854863428,"id":"up1txpxp2hc2apt","previousOperationId":null,"operationId":"um8ldjm5eeu8hhv"}
{"type":"log","level":"info","message":"Render request 2 queued for execution and waiting for available worker","previousOperationId":"um8ldjm5eeu8hhv","timestamp":1766854863429,"id":"63340v8v83gfyuu"}
{"type":"operationStart","subtype":"render","name":"anonymous","previousOperationId":"um8ldjm5eeu8hhv","timestamp":1766854863524,"id":"d4yrxi8rxntov3v","previousEventId":"up1txpxp2hc2apt","operationId":"cleg6mlrlpiok34"}
{"type":"log","timestamp":1766854863527,"level":"info","message":"Starting rendering request 2","meta":{"rootId":"hjhveusnua9dpbg","id":"hjhveusnua9dpbg"},"id":"xgwd5iqcio287zv","previousOperationId":"cleg6mlrlpiok34"}
{"type":"log","timestamp":1766854863531,"level":"info","message":"Rendering anonymous template { recipe: pptx, engine: handlebars }","meta":{"rootId":"hjhveusnua9dpbg","id":"hjhveusnua9dpbg"},"id":"xuy7aiwa8b7pb84","previousOperationId":"cleg6mlrlpiok34"}
{"type":"log","timestamp":1766854863532,"level":"debug","message":"Inline data specified.","meta":{"rootId":"hjhveusnua9dpbg","id":"hjhveusnua9dpbg"},"id":"0i54qovuj9kqjxp","previousOperationId":"cleg6mlrlpiok34"}
{"type":"log","timestamp":1766854863541,"level":"debug","message":"Base url not specified, skipping its injection.","meta":{"rootId":"hjhveusnua9dpbg","id":"hjhveusnua9dpbg"},"id":"4yb84gfkwrf0g3c","previousOperationId":"cleg6mlrlpiok34"}
{"type":"operationStart","subtype":"engine","name":"handlebars","timestamp":1766854863545,"id":"p8mkzj5ovmesigu","previousEventId":"d4yrxi8rxntov3v","operationId":"nu27iqx0ki57vbo","previousOperationId":"cleg6mlrlpiok34"}
{"type":"log","timestamp":1766854863545,"level":"debug","message":"Rendering engine handlebars","meta":{"rootId":"hjhveusnua9dpbg","id":"hjhveusnua9dpbg"},"id":"sqbskzcketnf9np","previousOperationId":"nu27iqx0ki57vbo"}
{"type":"operationEnd","operationId":"nu27iqx0ki57vbo","timestamp":1766854864780,"id":"kf7oej99jv9w1ck","previousEventId":"p8mkzj5ovmesigu","previousOperationId":"nu27iqx0ki57vbo"}
{"type":"operationStart","subtype":"recipe","name":"pptx","timestamp":1766854864781,"id":"v25hynjam44po3u","previousEventId":"kf7oej99jv9w1ck","operationId":"1gdz24y1ulovdqb","previousOperationId":"nu27iqx0ki57vbo"}
{"type":"log","timestamp":1766854864781,"level":"debug","message":"Executing recipe pptx","meta":{"rootId":"hjhveusnua9dpbg","id":"hjhveusnua9dpbg"},"id":"w0vn6uptqb5es73","previousOperationId":"1gdz24y1ulovdqb"}
{"type":"log","timestamp":1766854865082,"level":"info","message":"pptx generation is starting","meta":{"rootId":"hjhveusnua9dpbg","id":"hjhveusnua9dpbg"},"id":"z36hh7uag8myxg3","previousOperationId":"1gdz24y1ulovdqb"}
{"type":"log","timestamp":1766854866898,"level":"debug","message":"Starting child request to render pptx dynamic parts","meta":{"rootId":"hjhveusnua9dpbg","id":"hjhveusnua9dpbg"},"id":"haqyiq2l8z5phma","previousOperationId":"1gdz24y1ulovdqb"}
{"type":"operationStart","subtype":"render","name":"anonymous","previousOperationId":"1gdz24y1ulovdqb","timestamp":1766854866900,"id":"x3l3951mryf4g30","previousEventId":"v25hynjam44po3u","operationId":"5nz23omsdmk0fhy"}
{"type":"log","timestamp":1766854866900,"level":"info","message":"Starting rendering (child) request","meta":{"rootId":"hjhveusnua9dpbg","id":"eyuod4c4h67u34s"},"id":"pgbn6ud040gdns6","previousOperationId":"5nz23omsdmk0fhy"}
{"type":"log","timestamp":1766854866900,"level":"info","message":"Rendering anonymous template { recipe: html, engine: handlebars }","meta":{"rootId":"hjhveusnua9dpbg","id":"eyuod4c4h67u34s"},"id":"zlcdc0q1l554ejg","previousOperationId":"5nz23omsdmk0fhy"}
{"type":"log","timestamp":1766854866901,"level":"debug","message":"Inline data specified.","meta":{"rootId":"hjhveusnua9dpbg","id":"eyuod4c4h67u34s"},"id":"pj0yevxbmetyyey","previousOperationId":"5nz23omsdmk0fhy"}
{"type":"log","timestamp":1766854866910,"level":"debug","message":"Base url not specified, skipping its injection.","meta":{"rootId":"hjhveusnua9dpbg","id":"eyuod4c4h67u34s"},"id":"00qvrr0dnpa6iq6","previousOperationId":"5nz23omsdmk0fhy"}
{"type":"operationStart","subtype":"engine","name":"handlebars","timestamp":1766854866914,"id":"ptl7embpudgmh88","previousEventId":"x3l3951mryf4g30","operationId":"wygf4k340eeal1s","previousOperationId":"5nz23omsdmk0fhy"}
{"type":"log","timestamp":1766854866914,"level":"debug","message":"Rendering engine handlebars","meta":{"rootId":"hjhveusnua9dpbg","id":"eyuod4c4h67u34s"},"id":"7e6io1qrc7qbklp","previousOperationId":"wygf4k340eeal1s"}
{"type":"log","timestamp":1766854867119,"level":"debug","message":"(console:log) {\n  type: 'echarts@v5a',\n  width: 848,\n  height: 409,\n  option: { radar: [ [Object] ], series: [ [Object] ] }\n}","meta":{"userLevel":true,"rootId":"hjhveusnua9dpbg","id":"eyuod4c4h67u34s"},"id":"qo21ixbjlzzqid0","previousOperationId":"wygf4k340eeal1s"}
{"type":"operationEnd","operationId":"wygf4k340eeal1s","timestamp":1766854867129,"id":"j5jx33wncsn51yo","previousEventId":"ptl7embpudgmh88","previousOperationId":"wygf4k340eeal1s"}
{"type":"operationStart","subtype":"recipe","name":"html","timestamp":1766854867146,"id":"4wc0vc3qtqpbum9","previousEventId":"j5jx33wncsn51yo","operationId":"xq9aedzhvs5otsx","previousOperationId":"wygf4k340eeal1s"}
{"type":"log","timestamp":1766854867146,"level":"debug","message":"Executing recipe html","meta":{"rootId":"hjhveusnua9dpbg","id":"eyuod4c4h67u34s"},"id":"sju24i6lxqw1wzw","previousOperationId":"xq9aedzhvs5otsx"}
{"type":"operationEnd","operationId":"xq9aedzhvs5otsx","timestamp":1766854867146,"id":"zwvujm6u2rn8i9q","previousEventId":"4wc0vc3qtqpbum9","previousOperationId":"xq9aedzhvs5otsx"}
{"type":"log","timestamp":1766854867147,"level":"debug","message":"Skipping storing report.","meta":{"rootId":"hjhveusnua9dpbg","id":"eyuod4c4h67u34s"},"id":"ugswg8b96okjxlu","previousOperationId":"xq9aedzhvs5otsx"}
{"type":"log","timestamp":1766854867148,"level":"info","message":"Rendering (child) request finished in 3733 ms","meta":{"rootId":"hjhveusnua9dpbg","id":"eyuod4c4h67u34s"},"id":"wntsy9vkvdh4ycq","previousOperationId":"xq9aedzhvs5otsx"}
{"type":"operationEnd","subtype":"render","operationId":"5nz23omsdmk0fhy","timestamp":1766854867148,"id":"fxzgfej6q1blbum","previousEventId":"zwvujm6u2rn8i9q","previousOperationId":"xq9aedzhvs5otsx"}
{"type":"log","timestamp":1766854872962,"level":"debug","message":"pptx successfully zipped","meta":{"rootId":"hjhveusnua9dpbg","id":"hjhveusnua9dpbg"},"id":"j4z6z704atfs8fs","previousOperationId":"1gdz24y1ulovdqb"}
{"type":"log","timestamp":1766854872962,"level":"info","message":"pptx generation was finished","meta":{"rootId":"hjhveusnua9dpbg","id":"hjhveusnua9dpbg"},"id":"c1qoxiqc8hn49fc","previousOperationId":"1gdz24y1ulovdqb"}
{"type":"operationEnd","operationId":"1gdz24y1ulovdqb","timestamp":1766854872976,"id":"0gdnokfhhwkzfz8","previousEventId":"v25hynjam44po3u","previousOperationId":"1gdz24y1ulovdqb"}
{"type":"log","timestamp":1766854872976,"level":"debug","message":"Skipping storing report.","meta":{"rootId":"hjhveusnua9dpbg","id":"hjhveusnua9dpbg"},"id":"pmdyzipi3ewd2t0","previousOperationId":"1gdz24y1ulovdqb"}
{"type":"log","timestamp":1766854872977,"level":"info","message":"Rendering request 2 finished in 9562 ms","meta":{"rootId":"hjhveusnua9dpbg","id":"hjhveusnua9dpbg"},"id":"7qyys5w37ypswe9","previousOperationId":"1gdz24y1ulovdqb"}
{"type":"operationEnd","subtype":"render","operationId":"cleg6mlrlpiok34","timestamp":1766854872977,"id":"ctk19oajsk4p8zx","previousEventId":"0gdnokfhhwkzfz8","previousOperationId":"1gdz24y1ulovdqb"}
{"type":"operationEnd","doDiffs":false,"previousEventId":"up1txpxp2hc2apt","previousOperationId":"um8ldjm5eeu8hhv","operationId":"um8ldjm5eeu8hhv","timestamp":1766854872983,"id":"b725kmze9ocqkej"}
