{"type":"operationStart","subtype":"profile","data":{"_id":"yxLDCvrAe4oiSocC","timestamp":"2025-12-30T20:06:26.611Z","state":"running","mode":"standard","creationDate":"2025-12-30T20:06:26.616Z","modificationDate":"2025-12-30T20:06:26.616Z","shortid":"5J2j-cF","$entitySet":"profiles","timeout":60000},"doDiffs":false,"timestamp":1767125186614,"id":"4wou8lj3q11hfyz","previousOperationId":null,"operationId":"a7smoi2gqu8vaj7"}
{"type":"log","level":"info","message":"Render request 24 queued for execution and waiting for available worker","previousOperationId":"a7smoi2gqu8vaj7","timestamp":1767125186614,"id":"8m2mitmdv2nxspr"}
{"type":"operationStart","subtype":"render","name":"anonymous","previousOperationId":"a7smoi2gqu8vaj7","timestamp":1767125186656,"id":"rbqll05gnad55jc","previousEventId":"4wou8lj3q11hfyz","operationId":"y7k833i8878bhh1"}
{"type":"log","timestamp":1767125186656,"level":"info","message":"Starting rendering request 24","meta":{"rootId":"hk2xdxxf2xykb89","id":"hk2xdxxf2xykb89"},"id":"n04imeq987f3yfl","previousOperationId":"y7k833i8878bhh1"}
{"type":"log","timestamp":1767125186657,"level":"info","message":"Rendering anonymous template { recipe: pptx, engine: handlebars }","meta":{"rootId":"hk2xdxxf2xykb89","id":"hk2xdxxf2xykb89"},"id":"4w3pv7ufdmfxwy0","previousOperationId":"y7k833i8878bhh1"}
{"type":"log","timestamp":1767125186657,"level":"debug","message":"Inline data specified.","meta":{"rootId":"hk2xdxxf2xykb89","id":"hk2xdxxf2xykb89"},"id":"xm4jt71b7e02ud0","previousOperationId":"y7k833i8878bhh1"}
{"type":"log","timestamp":1767125186663,"level":"debug","message":"Base url not specified, skipping its injection.","meta":{"rootId":"hk2xdxxf2xykb89","id":"hk2xdxxf2xykb89"},"id":"z5fee55xyk9mrmi","previousOperationId":"y7k833i8878bhh1"}
{"type":"operationStart","subtype":"engine","name":"handlebars","timestamp":1767125186664,"id":"a4dc1i8ou5484mv","previousEventId":"rbqll05gnad55jc","operationId":"knuyq4i9t1xap3p","previousOperationId":"y7k833i8878bhh1"}
{"type":"log","timestamp":1767125186664,"level":"debug","message":"Rendering engine handlebars","meta":{"rootId":"hk2xdxxf2xykb89","id":"hk2xdxxf2xykb89"},"id":"cb8pw18md9z1mcu","previousOperationId":"knuyq4i9t1xap3p"}
{"type":"operationEnd","operationId":"knuyq4i9t1xap3p","timestamp":1767125186690,"id":"6w33nl2tk2ls4o9","previousEventId":"a4dc1i8ou5484mv","previousOperationId":"knuyq4i9t1xap3p"}
{"type":"operationStart","subtype":"recipe","name":"pptx","timestamp":1767125186691,"id":"oudhkrldymop2hy","previousEventId":"6w33nl2tk2ls4o9","operationId":"mukqipbg55ulqg3","previousOperationId":"knuyq4i9t1xap3p"}
{"type":"log","timestamp":1767125186691,"level":"debug","message":"Executing recipe pptx","meta":{"rootId":"hk2xdxxf2xykb89","id":"hk2xdxxf2xykb89"},"id":"at2og4qf38lefbe","previousOperationId":"mukqipbg55ulqg3"}
{"type":"log","timestamp":1767125186702,"level":"info","message":"pptx generation is starting","meta":{"rootId":"hk2xdxxf2xykb89","id":"hk2xdxxf2xykb89"},"id":"l5l8y0kvbm9kyra","previousOperationId":"mukqipbg55ulqg3"}
{"type":"log","timestamp":1767125187842,"level":"debug","message":"Starting child request to render pptx dynamic parts","meta":{"rootId":"hk2xdxxf2xykb89","id":"hk2xdxxf2xykb89"},"id":"jxg8h5uea76mk3x","previousOperationId":"mukqipbg55ulqg3"}
{"type":"operationStart","subtype":"render","name":"anonymous","previousOperationId":"mukqipbg55ulqg3","timestamp":1767125187842,"id":"bx5rr2o60kvdy6m","previousEventId":"oudhkrldymop2hy","operationId":"z637s1e6md5h2z6"}
{"type":"log","timestamp":1767125187842,"level":"info","message":"Starting rendering (child) request","meta":{"rootId":"hk2xdxxf2xykb89","id":"53m0w8nv4t5kgkm"},"id":"dhwfndi8wftp0so","previousOperationId":"z637s1e6md5h2z6"}
{"type":"log","timestamp":1767125187842,"level":"info","message":"Rendering anonymous template { recipe: html, engine: handlebars }","meta":{"rootId":"hk2xdxxf2xykb89","id":"53m0w8nv4t5kgkm"},"id":"d5k7v8rjbhzjqbd","previousOperationId":"z637s1e6md5h2z6"}
{"type":"log","timestamp":1767125187842,"level":"debug","message":"Inline data specified.","meta":{"rootId":"hk2xdxxf2xykb89","id":"53m0w8nv4t5kgkm"},"id":"q05c1ppgowmdp3l","previousOperationId":"z637s1e6md5h2z6"}
{"type":"log","timestamp":1767125187845,"level":"debug","message":"Base url not specified, skipping its injection.","meta":{"rootId":"hk2xdxxf2xykb89","id":"53m0w8nv4t5kgkm"},"id":"8ioakc2ufvg026v","previousOperationId":"z637s1e6md5h2z6"}
{"type":"operationStart","subtype":"engine","name":"handlebars","timestamp":1767125187847,"id":"fk0q9joxu2xqe54","previousEventId":"bx5rr2o60kvdy6m","operationId":"z7mv3n946zri1ns","previousOperationId":"z637s1e6md5h2z6"}
{"type":"log","timestamp":1767125187847,"level":"debug","message":"Rendering engine handlebars","meta":{"rootId":"hk2xdxxf2xykb89","id":"53m0w8nv4t5kgkm"},"id":"bpbaziieqkwqvbr","previousOperationId":"z7mv3n946zri1ns"}
{"type":"log","timestamp":1767125187964,"level":"debug","message":"(console:log) {\n  type: 'echarts@v5a',\n  width: 848,\n  height: 409,\n  option: { radar: [ [Object] ], series: [ [Object] ] }\n}","meta":{"userLevel":true,"rootId":"hk2xdxxf2xykb89","id":"53m0w8nv4t5kgkm"},"id":"berruk1e8bnlqqs","previousOperationId":"z7mv3n946zri1ns"}
{"type":"operationEnd","operationId":"z7mv3n946zri1ns","timestamp":1767125187971,"id":"ba8j2pl55qfa76i","previousEventId":"fk0q9joxu2xqe54","previousOperationId":"z7mv3n946zri1ns"}
{"type":"operationStart","subtype":"recipe","name":"html","timestamp":1767125187983,"id":"l6h16omd34ohvu6","previousEventId":"ba8j2pl55qfa76i","operationId":"a16g8vwxyt1wzhv","previousOperationId":"z7mv3n946zri1ns"}
{"type":"log","timestamp":1767125187983,"level":"debug","message":"Executing recipe html","meta":{"rootId":"hk2xdxxf2xykb89","id":"53m0w8nv4t5kgkm"},"id":"tw8d0wulm20uj4y","previousOperationId":"a16g8vwxyt1wzhv"}
{"type":"operationEnd","operationId":"a16g8vwxyt1wzhv","timestamp":1767125187983,"id":"ew3rrz9hgm8qa0d","previousEventId":"l6h16omd34ohvu6","previousOperationId":"a16g8vwxyt1wzhv"}
{"type":"log","timestamp":1767125187983,"level":"debug","message":"Skipping storing report.","meta":{"rootId":"hk2xdxxf2xykb89","id":"53m0w8nv4t5kgkm"},"id":"ih3z3ahjreuo1jx","previousOperationId":"a16g8vwxyt1wzhv"}
{"type":"log","timestamp":1767125187983,"level":"info","message":"Rendering (child) request finished in 1374 ms","meta":{"rootId":"hk2xdxxf2xykb89","id":"53m0w8nv4t5kgkm"},"id":"665lkta1vja04s7","previousOperationId":"a16g8vwxyt1wzhv"}
{"type":"operationEnd","subtype":"render","operationId":"z637s1e6md5h2z6","timestamp":1767125187983,"id":"z2drxwflj2y1asv","previousEventId":"ew3rrz9hgm8qa0d","previousOperationId":"a16g8vwxyt1wzhv"}
{"type":"log","timestamp":1767125191479,"level":"debug","message":"pptx successfully zipped","meta":{"rootId":"hk2xdxxf2xykb89","id":"hk2xdxxf2xykb89"},"id":"bu5n4egse59rbks","previousOperationId":"mukqipbg55ulqg3"}
{"type":"log","timestamp":1767125191479,"level":"info","message":"pptx generation was finished","meta":{"rootId":"hk2xdxxf2xykb89","id":"hk2xdxxf2xykb89"},"id":"7ok3dqs1xfg5ld4","previousOperationId":"mukqipbg55ulqg3"}
{"type":"operationEnd","operationId":"mukqipbg55ulqg3","timestamp":1767125191487,"id":"nae889m5dhjcfe9","previousEventId":"oudhkrldymop2hy","previousOperationId":"mukqipbg55ulqg3"}
{"type":"log","timestamp":1767125191487,"level":"debug","message":"Skipping storing report.","meta":{"rootId":"hk2xdxxf2xykb89","id":"hk2xdxxf2xykb89"},"id":"ykdda8pcuk2rd5o","previousOperationId":"mukqipbg55ulqg3"}
{"type":"log","timestamp":1767125191487,"level":"info","message":"Rendering request 24 finished in 4878 ms","meta":{"rootId":"hk2xdxxf2xykb89","id":"hk2xdxxf2xykb89"},"id":"w4z8atbkmx68wlm","previousOperationId":"mukqipbg55ulqg3"}
{"type":"operationEnd","subtype":"render","operationId":"y7k833i8878bhh1","timestamp":1767125191487,"id":"lukawiggrdgb55d","previousEventId":"nae889m5dhjcfe9","previousOperationId":"mukqipbg55ulqg3"}
{"type":"operationEnd","doDiffs":false,"previousEventId":"4wou8lj3q11hfyz","previousOperationId":"a7smoi2gqu8vaj7","operationId":"a7smoi2gqu8vaj7","timestamp":1767125191491,"id":"ekz0g2xay25zyp3"}
