{"type":"operationStart","subtype":"profile","data":{"_id":"6KcVZprO8ZYXSS3z","timestamp":"2025-12-18T12:58:02.837Z","state":"running","mode":"standard","creationDate":"2025-12-18T12:58:02.843Z","modificationDate":"2025-12-18T12:58:02.843Z","shortid":"zOkymr5","$entitySet":"profiles","timeout":60000},"doDiffs":false,"timestamp":1766062682840,"id":"lt938wn2hxr0876","previousOperationId":null,"operationId":"joweqksnr3kg9xm"}
{"type":"log","level":"info","message":"Render request 1 queued for execution and waiting for available worker","previousOperationId":"joweqksnr3kg9xm","timestamp":1766062682840,"id":"wz0nebt460cgtpt"}
{"type":"operationStart","subtype":"render","name":"anonymous","previousOperationId":"joweqksnr3kg9xm","timestamp":1766062682915,"id":"ylaq06gx0fwh8f1","previousEventId":"lt938wn2hxr0876","operationId":"e58x9t5nxj5c6wl"}
{"type":"log","timestamp":1766062682916,"level":"info","message":"Starting rendering request 1","meta":{"rootId":"hprs94k6tbloriq","id":"hprs94k6tbloriq"},"id":"7aeospkox1igwd2","previousOperationId":"e58x9t5nxj5c6wl"}
{"type":"log","timestamp":1766062682918,"level":"info","message":"Rendering anonymous template { recipe: pptx, engine: handlebars }","meta":{"rootId":"hprs94k6tbloriq","id":"hprs94k6tbloriq"},"id":"a5bxe7xu37u6tan","previousOperationId":"e58x9t5nxj5c6wl"}
{"type":"log","timestamp":1766062682918,"level":"debug","message":"Inline data specified.","meta":{"rootId":"hprs94k6tbloriq","id":"hprs94k6tbloriq"},"id":"2np5pl8w127dvt6","previousOperationId":"e58x9t5nxj5c6wl"}
{"type":"log","timestamp":1766062682922,"level":"debug","message":"Base url not specified, skipping its injection.","meta":{"rootId":"hprs94k6tbloriq","id":"hprs94k6tbloriq"},"id":"d9d6kx77gx0jwiu","previousOperationId":"e58x9t5nxj5c6wl"}
{"type":"operationStart","subtype":"engine","name":"handlebars","timestamp":1766062682924,"id":"o7a05r7ihc21rec","previousEventId":"ylaq06gx0fwh8f1","operationId":"iaxatovfnr4qrwb","previousOperationId":"e58x9t5nxj5c6wl"}
{"type":"log","timestamp":1766062682924,"level":"debug","message":"Rendering engine handlebars","meta":{"rootId":"hprs94k6tbloriq","id":"hprs94k6tbloriq"},"id":"1k16b8ktezq7r1v","previousOperationId":"iaxatovfnr4qrwb"}
{"type":"operationEnd","operationId":"iaxatovfnr4qrwb","timestamp":1766062683736,"id":"3wpp8idvnf8ph2t","previousEventId":"o7a05r7ihc21rec","previousOperationId":"iaxatovfnr4qrwb"}
{"type":"operationStart","subtype":"recipe","name":"pptx","timestamp":1766062683737,"id":"u6d6tz2wjxh1nu1","previousEventId":"3wpp8idvnf8ph2t","operationId":"usyoywnldubatom","previousOperationId":"iaxatovfnr4qrwb"}
{"type":"log","timestamp":1766062683737,"level":"debug","message":"Executing recipe pptx","meta":{"rootId":"hprs94k6tbloriq","id":"hprs94k6tbloriq"},"id":"4ok28lib8vcw9li","previousOperationId":"usyoywnldubatom"}
{"type":"log","timestamp":1766062683899,"level":"info","message":"pptx generation is starting","meta":{"rootId":"hprs94k6tbloriq","id":"hprs94k6tbloriq"},"id":"4k8ow97n78f7flh","previousOperationId":"usyoywnldubatom"}
{"type":"log","timestamp":1766062684932,"level":"debug","message":"Starting child request to render pptx dynamic parts","meta":{"rootId":"hprs94k6tbloriq","id":"hprs94k6tbloriq"},"id":"cp7bq8c6nme3t9i","previousOperationId":"usyoywnldubatom"}
{"type":"operationStart","subtype":"render","name":"anonymous","previousOperationId":"usyoywnldubatom","timestamp":1766062684933,"id":"85lka004ykwbsim","previousEventId":"u6d6tz2wjxh1nu1","operationId":"1avqab5a3zwcolb"}
{"type":"log","timestamp":1766062684933,"level":"info","message":"Starting rendering (child) request","meta":{"rootId":"hprs94k6tbloriq","id":"733o30rvlja8jnh"},"id":"9r9v94waky8rpw8","previousOperationId":"1avqab5a3zwcolb"}
{"type":"log","timestamp":1766062684933,"level":"info","message":"Rendering anonymous template { recipe: html, engine: handlebars }","meta":{"rootId":"hprs94k6tbloriq","id":"733o30rvlja8jnh"},"id":"n7pc69jqwuzdn75","previousOperationId":"1avqab5a3zwcolb"}
{"type":"log","timestamp":1766062684933,"level":"debug","message":"Inline data specified.","meta":{"rootId":"hprs94k6tbloriq","id":"733o30rvlja8jnh"},"id":"r6guogdit3quaab","previousOperationId":"1avqab5a3zwcolb"}
{"type":"log","timestamp":1766062684937,"level":"debug","message":"Base url not specified, skipping its injection.","meta":{"rootId":"hprs94k6tbloriq","id":"733o30rvlja8jnh"},"id":"5gi99b8gz7nh5kx","previousOperationId":"1avqab5a3zwcolb"}
{"type":"operationStart","subtype":"engine","name":"handlebars","timestamp":1766062684938,"id":"vhyh336chorjka2","previousEventId":"85lka004ykwbsim","operationId":"b55hx7bpd3uu0y7","previousOperationId":"1avqab5a3zwcolb"}
{"type":"log","timestamp":1766062684938,"level":"debug","message":"Rendering engine handlebars","meta":{"rootId":"hprs94k6tbloriq","id":"733o30rvlja8jnh"},"id":"r3jt3546pyw3cn0","previousOperationId":"b55hx7bpd3uu0y7"}
{"type":"operationEnd","operationId":"b55hx7bpd3uu0y7","timestamp":1766062685036,"id":"ylfauru0gm5o0xt","previousEventId":"vhyh336chorjka2","previousOperationId":"b55hx7bpd3uu0y7"}
{"type":"operationStart","subtype":"recipe","name":"html","timestamp":1766062685043,"id":"j321b4xk4o8cwz1","previousEventId":"ylfauru0gm5o0xt","operationId":"gpapxj66jqyvjba","previousOperationId":"b55hx7bpd3uu0y7"}
{"type":"log","timestamp":1766062685043,"level":"debug","message":"Executing recipe html","meta":{"rootId":"hprs94k6tbloriq","id":"733o30rvlja8jnh"},"id":"jo355pok3z879ai","previousOperationId":"gpapxj66jqyvjba"}
{"type":"operationEnd","operationId":"gpapxj66jqyvjba","timestamp":1766062685044,"id":"cycf610cb9x1wd3","previousEventId":"j321b4xk4o8cwz1","previousOperationId":"gpapxj66jqyvjba"}
{"type":"log","timestamp":1766062685044,"level":"debug","message":"Skipping storing report.","meta":{"rootId":"hprs94k6tbloriq","id":"733o30rvlja8jnh"},"id":"frhhws5ruqnnm0h","previousOperationId":"gpapxj66jqyvjba"}
{"type":"log","timestamp":1766062685044,"level":"info","message":"Rendering (child) request finished in 2210 ms","meta":{"rootId":"hprs94k6tbloriq","id":"733o30rvlja8jnh"},"id":"l7msd43ijaxguhi","previousOperationId":"gpapxj66jqyvjba"}
{"type":"operationEnd","subtype":"render","operationId":"1avqab5a3zwcolb","timestamp":1766062685045,"id":"iup626vmqdi3nju","previousEventId":"cycf610cb9x1wd3","previousOperationId":"gpapxj66jqyvjba"}
{"type":"log","timestamp":1766062689725,"level":"debug","message":"pptx successfully zipped","meta":{"rootId":"hprs94k6tbloriq","id":"hprs94k6tbloriq"},"id":"kyd3u59yy8w81g7","previousOperationId":"usyoywnldubatom"}
{"type":"log","timestamp":1766062689725,"level":"info","message":"pptx generation was finished","meta":{"rootId":"hprs94k6tbloriq","id":"hprs94k6tbloriq"},"id":"29z1ruk58iqv5pm","previousOperationId":"usyoywnldubatom"}
{"type":"operationEnd","operationId":"usyoywnldubatom","timestamp":1766062689742,"id":"fe448r469a1sjwz","previousEventId":"u6d6tz2wjxh1nu1","previousOperationId":"usyoywnldubatom"}
{"type":"log","timestamp":1766062689742,"level":"debug","message":"Skipping storing report.","meta":{"rootId":"hprs94k6tbloriq","id":"hprs94k6tbloriq"},"id":"u0xdy0pvgb85ioz","previousOperationId":"usyoywnldubatom"}
{"type":"log","timestamp":1766062689742,"level":"info","message":"Rendering request 1 finished in 6908 ms","meta":{"rootId":"hprs94k6tbloriq","id":"hprs94k6tbloriq"},"id":"1ugibybtqtpi0jv","previousOperationId":"usyoywnldubatom"}
{"type":"operationEnd","subtype":"render","operationId":"e58x9t5nxj5c6wl","timestamp":1766062689742,"id":"4xk6myglnhe0ojs","previousEventId":"fe448r469a1sjwz","previousOperationId":"usyoywnldubatom"}
{"type":"operationEnd","doDiffs":false,"previousEventId":"lt938wn2hxr0876","previousOperationId":"joweqksnr3kg9xm","operationId":"joweqksnr3kg9xm","timestamp":1766062689748,"id":"6vzp5sfgab1cozf"}
