{"type":"operationStart","subtype":"profile","data":{"_id":"cDDGbROUQ9ykfudn","timestamp":"2025-12-07T19:39:05.226Z","state":"running","mode":"standard","creationDate":"2025-12-07T19:39:05.233Z","modificationDate":"2025-12-07T19:39:05.233Z","shortid":"ICdFK15","$entitySet":"profiles","timeout":60000},"doDiffs":false,"timestamp":1765136345230,"id":"ryd0rvb617rcy94","previousOperationId":null,"operationId":"5zlhl1jv6n3rlno"}
{"type":"log","level":"info","message":"Render request 24 queued for execution and waiting for available worker","previousOperationId":"5zlhl1jv6n3rlno","timestamp":1765136345230,"id":"mum14wm8uozanik"}
{"type":"operationStart","subtype":"render","name":"anonymous","previousOperationId":"5zlhl1jv6n3rlno","timestamp":1765136345283,"id":"94c53i5vm7yuiv6","previousEventId":"ryd0rvb617rcy94","operationId":"yq6ye65c1ppgh1g"}
{"type":"log","timestamp":1765136345283,"level":"info","message":"Starting rendering request 24","meta":{"rootId":"hs6uihhg9jq4291","id":"hs6uihhg9jq4291"},"id":"rect6rznkxv4l79","previousOperationId":"yq6ye65c1ppgh1g"}
{"type":"log","timestamp":1765136345283,"level":"info","message":"Rendering anonymous template { recipe: pptx, engine: handlebars }","meta":{"rootId":"hs6uihhg9jq4291","id":"hs6uihhg9jq4291"},"id":"c975s1ikecbv5pd","previousOperationId":"yq6ye65c1ppgh1g"}
{"type":"log","timestamp":1765136345283,"level":"debug","message":"Inline data specified.","meta":{"rootId":"hs6uihhg9jq4291","id":"hs6uihhg9jq4291"},"id":"kvvd6xxkodzyqw3","previousOperationId":"yq6ye65c1ppgh1g"}
{"type":"log","timestamp":1765136345290,"level":"debug","message":"Base url not specified, skipping its injection.","meta":{"rootId":"hs6uihhg9jq4291","id":"hs6uihhg9jq4291"},"id":"u2l7u3vzhi80wgd","previousOperationId":"yq6ye65c1ppgh1g"}
{"type":"operationStart","subtype":"engine","name":"handlebars","timestamp":1765136345291,"id":"8nn3o3o62iawi59","previousEventId":"94c53i5vm7yuiv6","operationId":"gnxeq9xkhmqqzge","previousOperationId":"yq6ye65c1ppgh1g"}
{"type":"log","timestamp":1765136345291,"level":"debug","message":"Rendering engine handlebars","meta":{"rootId":"hs6uihhg9jq4291","id":"hs6uihhg9jq4291"},"id":"8xfxq4euwwly0m1","previousOperationId":"gnxeq9xkhmqqzge"}
{"type":"operationEnd","operationId":"gnxeq9xkhmqqzge","timestamp":1765136345303,"id":"1qx5madscbsqnrh","previousEventId":"8nn3o3o62iawi59","previousOperationId":"gnxeq9xkhmqqzge"}
{"type":"operationStart","subtype":"recipe","name":"pptx","timestamp":1765136345303,"id":"d2ansrhioyatyoy","previousEventId":"1qx5madscbsqnrh","operationId":"h8mpm42kdhqy296","previousOperationId":"gnxeq9xkhmqqzge"}
{"type":"log","timestamp":1765136345303,"level":"debug","message":"Executing recipe pptx","meta":{"rootId":"hs6uihhg9jq4291","id":"hs6uihhg9jq4291"},"id":"jh1oel595dx2ulu","previousOperationId":"h8mpm42kdhqy296"}
{"type":"log","timestamp":1765136345321,"level":"info","message":"pptx generation is starting","meta":{"rootId":"hs6uihhg9jq4291","id":"hs6uihhg9jq4291"},"id":"vyyzssbzn1gfr4d","previousOperationId":"h8mpm42kdhqy296"}
{"type":"log","timestamp":1765136346456,"level":"debug","message":"Starting child request to render pptx dynamic parts","meta":{"rootId":"hs6uihhg9jq4291","id":"hs6uihhg9jq4291"},"id":"k80jcoyn9h1yp5w","previousOperationId":"h8mpm42kdhqy296"}
{"type":"operationStart","subtype":"render","name":"anonymous","previousOperationId":"h8mpm42kdhqy296","timestamp":1765136346456,"id":"s45v7n41b346cfu","previousEventId":"d2ansrhioyatyoy","operationId":"gzl6hq9jolv9j7h"}
{"type":"log","timestamp":1765136346456,"level":"info","message":"Starting rendering (child) request","meta":{"rootId":"hs6uihhg9jq4291","id":"i3t3s83g0cle0w8"},"id":"v5u1n94xqk68m7u","previousOperationId":"gzl6hq9jolv9j7h"}
{"type":"log","timestamp":1765136346456,"level":"info","message":"Rendering anonymous template { recipe: html, engine: handlebars }","meta":{"rootId":"hs6uihhg9jq4291","id":"i3t3s83g0cle0w8"},"id":"790h1i5kn0d8ave","previousOperationId":"gzl6hq9jolv9j7h"}
{"type":"log","timestamp":1765136346456,"level":"debug","message":"Inline data specified.","meta":{"rootId":"hs6uihhg9jq4291","id":"i3t3s83g0cle0w8"},"id":"uv0z4d7hokkjhid","previousOperationId":"gzl6hq9jolv9j7h"}
{"type":"log","timestamp":1765136346461,"level":"debug","message":"Base url not specified, skipping its injection.","meta":{"rootId":"hs6uihhg9jq4291","id":"i3t3s83g0cle0w8"},"id":"11w9ya86gislqrv","previousOperationId":"gzl6hq9jolv9j7h"}
{"type":"operationStart","subtype":"engine","name":"handlebars","timestamp":1765136346462,"id":"vjimwviscjaw77m","previousEventId":"s45v7n41b346cfu","operationId":"uwntjb0k0tbrbps","previousOperationId":"gzl6hq9jolv9j7h"}
{"type":"log","timestamp":1765136346462,"level":"debug","message":"Rendering engine handlebars","meta":{"rootId":"hs6uihhg9jq4291","id":"i3t3s83g0cle0w8"},"id":"sqeehrbk4x6dzc4","previousOperationId":"uwntjb0k0tbrbps"}
{"type":"operationEnd","operationId":"uwntjb0k0tbrbps","timestamp":1765136346543,"id":"kz1zg6ufnievnjw","previousEventId":"vjimwviscjaw77m","previousOperationId":"uwntjb0k0tbrbps"}
{"type":"operationStart","subtype":"recipe","name":"html","timestamp":1765136346550,"id":"qgu6fv0md4oclwn","previousEventId":"kz1zg6ufnievnjw","operationId":"fdj91d18mv8tw80","previousOperationId":"uwntjb0k0tbrbps"}
{"type":"log","timestamp":1765136346550,"level":"debug","message":"Executing recipe html","meta":{"rootId":"hs6uihhg9jq4291","id":"i3t3s83g0cle0w8"},"id":"j2tersfge50mkgs","previousOperationId":"fdj91d18mv8tw80"}
{"type":"operationEnd","operationId":"fdj91d18mv8tw80","timestamp":1765136346550,"id":"j18tq4dkruhasvl","previousEventId":"qgu6fv0md4oclwn","previousOperationId":"fdj91d18mv8tw80"}
{"type":"log","timestamp":1765136346550,"level":"debug","message":"Skipping storing report.","meta":{"rootId":"hs6uihhg9jq4291","id":"i3t3s83g0cle0w8"},"id":"7lrr9abkxxo80cf","previousOperationId":"fdj91d18mv8tw80"}
{"type":"log","timestamp":1765136346550,"level":"info","message":"Rendering (child) request finished in 1325 ms","meta":{"rootId":"hs6uihhg9jq4291","id":"i3t3s83g0cle0w8"},"id":"qh7ke270wheu5im","previousOperationId":"fdj91d18mv8tw80"}
{"type":"operationEnd","subtype":"render","operationId":"gzl6hq9jolv9j7h","timestamp":1765136346550,"id":"uoilcq1h0iacfgx","previousEventId":"j18tq4dkruhasvl","previousOperationId":"fdj91d18mv8tw80"}
{"type":"log","timestamp":1765136350501,"level":"debug","message":"pptx successfully zipped","meta":{"rootId":"hs6uihhg9jq4291","id":"hs6uihhg9jq4291"},"id":"72hsk1klkzki8k7","previousOperationId":"h8mpm42kdhqy296"}
{"type":"log","timestamp":1765136350501,"level":"info","message":"pptx generation was finished","meta":{"rootId":"hs6uihhg9jq4291","id":"hs6uihhg9jq4291"},"id":"k6kir9uft4272i5","previousOperationId":"h8mpm42kdhqy296"}
{"type":"operationEnd","operationId":"h8mpm42kdhqy296","timestamp":1765136350509,"id":"uxuvclu1oeq9sp2","previousEventId":"d2ansrhioyatyoy","previousOperationId":"h8mpm42kdhqy296"}
{"type":"log","timestamp":1765136350509,"level":"debug","message":"Skipping storing report.","meta":{"rootId":"hs6uihhg9jq4291","id":"hs6uihhg9jq4291"},"id":"b0tm2k84vgmr1tx","previousOperationId":"h8mpm42kdhqy296"}
{"type":"log","timestamp":1765136350509,"level":"info","message":"Rendering request 24 finished in 5284 ms","meta":{"rootId":"hs6uihhg9jq4291","id":"hs6uihhg9jq4291"},"id":"f45hfi6w7i5ktk0","previousOperationId":"h8mpm42kdhqy296"}
{"type":"operationEnd","subtype":"render","operationId":"yq6ye65c1ppgh1g","timestamp":1765136350509,"id":"ip4bcippkj84ggo","previousEventId":"uxuvclu1oeq9sp2","previousOperationId":"h8mpm42kdhqy296"}
{"type":"operationEnd","doDiffs":false,"previousEventId":"ryd0rvb617rcy94","previousOperationId":"5zlhl1jv6n3rlno","operationId":"5zlhl1jv6n3rlno","timestamp":1765136350513,"id":"kbg3id3k5n9x21t"}
