{"type":"operationStart","subtype":"profile","data":{"_id":"S4k77HBhrMTn6AE7","timestamp":"2025-12-28T14:11:42.372Z","state":"running","mode":"standard","creationDate":"2025-12-28T14:11:42.382Z","modificationDate":"2025-12-28T14:11:42.382Z","shortid":"VouhyyC","$entitySet":"profiles","timeout":60000},"doDiffs":false,"timestamp":1766931102379,"id":"v9c1o44tktkmsou","previousOperationId":null,"operationId":"o4l0pw3hgcnhatb"}
{"type":"log","level":"info","message":"Render request 6 queued for execution and waiting for available worker","previousOperationId":"o4l0pw3hgcnhatb","timestamp":1766931102379,"id":"ooh4d51c7b5rdeh"}
{"type":"operationStart","subtype":"render","name":"anonymous","previousOperationId":"o4l0pw3hgcnhatb","timestamp":1766931102426,"id":"0tl0db1k7r7e0ft","previousEventId":"v9c1o44tktkmsou","operationId":"uy4sxg0r682bx3d"}
{"type":"log","timestamp":1766931102426,"level":"info","message":"Starting rendering request 6","meta":{"rootId":"hti2czr2uxirkdn","id":"hti2czr2uxirkdn"},"id":"cata3ng2u5x6k1t","previousOperationId":"uy4sxg0r682bx3d"}
{"type":"log","timestamp":1766931102426,"level":"info","message":"Rendering anonymous template { recipe: pptx, engine: handlebars }","meta":{"rootId":"hti2czr2uxirkdn","id":"hti2czr2uxirkdn"},"id":"8i6z35jhy7vlujo","previousOperationId":"uy4sxg0r682bx3d"}
{"type":"log","timestamp":1766931102426,"level":"debug","message":"Inline data specified.","meta":{"rootId":"hti2czr2uxirkdn","id":"hti2czr2uxirkdn"},"id":"n5dfcqovbiwl1ts","previousOperationId":"uy4sxg0r682bx3d"}
{"type":"log","timestamp":1766931102430,"level":"debug","message":"Base url not specified, skipping its injection.","meta":{"rootId":"hti2czr2uxirkdn","id":"hti2czr2uxirkdn"},"id":"yzlifg89v1gp4g2","previousOperationId":"uy4sxg0r682bx3d"}
{"type":"operationStart","subtype":"engine","name":"handlebars","timestamp":1766931102431,"id":"b4kujm15lr4q4am","previousEventId":"0tl0db1k7r7e0ft","operationId":"bkrewul3yg80azn","previousOperationId":"uy4sxg0r682bx3d"}
{"type":"log","timestamp":1766931102432,"level":"debug","message":"Rendering engine handlebars","meta":{"rootId":"hti2czr2uxirkdn","id":"hti2czr2uxirkdn"},"id":"82zijqyfyw7wmz7","previousOperationId":"bkrewul3yg80azn"}
{"type":"operationEnd","operationId":"bkrewul3yg80azn","timestamp":1766931102455,"id":"oqt3y7utz4mfg8w","previousEventId":"b4kujm15lr4q4am","previousOperationId":"bkrewul3yg80azn"}
{"type":"operationStart","subtype":"recipe","name":"pptx","timestamp":1766931102455,"id":"1tjyq4v0daky0rn","previousEventId":"oqt3y7utz4mfg8w","operationId":"xipwb36f8g9dp8y","previousOperationId":"bkrewul3yg80azn"}
{"type":"log","timestamp":1766931102455,"level":"debug","message":"Executing recipe pptx","meta":{"rootId":"hti2czr2uxirkdn","id":"hti2czr2uxirkdn"},"id":"wbi51pam44husw5","previousOperationId":"xipwb36f8g9dp8y"}
{"type":"log","timestamp":1766931102465,"level":"info","message":"pptx generation is starting","meta":{"rootId":"hti2czr2uxirkdn","id":"hti2czr2uxirkdn"},"id":"24ck9myiifsw9cz","previousOperationId":"xipwb36f8g9dp8y"}
{"type":"log","timestamp":1766931103505,"level":"debug","message":"Starting child request to render pptx dynamic parts","meta":{"rootId":"hti2czr2uxirkdn","id":"hti2czr2uxirkdn"},"id":"krl4nccxz1px70c","previousOperationId":"xipwb36f8g9dp8y"}
{"type":"operationStart","subtype":"render","name":"anonymous","previousOperationId":"xipwb36f8g9dp8y","timestamp":1766931103505,"id":"1zuaxyop7w54dlk","previousEventId":"1tjyq4v0daky0rn","operationId":"ru4lk8july68cw9"}
{"type":"log","timestamp":1766931103505,"level":"info","message":"Starting rendering (child) request","meta":{"rootId":"hti2czr2uxirkdn","id":"0ulitr9key0jf6b"},"id":"k96yptlg4efaila","previousOperationId":"ru4lk8july68cw9"}
{"type":"log","timestamp":1766931103506,"level":"info","message":"Rendering anonymous template { recipe: html, engine: handlebars }","meta":{"rootId":"hti2czr2uxirkdn","id":"0ulitr9key0jf6b"},"id":"atwou94rp4sbi3s","previousOperationId":"ru4lk8july68cw9"}
{"type":"log","timestamp":1766931103506,"level":"debug","message":"Inline data specified.","meta":{"rootId":"hti2czr2uxirkdn","id":"0ulitr9key0jf6b"},"id":"bfrga5ct1y9l3id","previousOperationId":"ru4lk8july68cw9"}
{"type":"log","timestamp":1766931103511,"level":"debug","message":"Base url not specified, skipping its injection.","meta":{"rootId":"hti2czr2uxirkdn","id":"0ulitr9key0jf6b"},"id":"ip5ifin8dvuzqt3","previousOperationId":"ru4lk8july68cw9"}
{"type":"operationStart","subtype":"engine","name":"handlebars","timestamp":1766931103512,"id":"aqltkyrtkerj4v9","previousEventId":"1zuaxyop7w54dlk","operationId":"a7gde53se399d36","previousOperationId":"ru4lk8july68cw9"}
{"type":"log","timestamp":1766931103512,"level":"debug","message":"Rendering engine handlebars","meta":{"rootId":"hti2czr2uxirkdn","id":"0ulitr9key0jf6b"},"id":"43bdsc7eonek4zv","previousOperationId":"a7gde53se399d36"}
{"type":"log","timestamp":1766931103627,"level":"debug","message":"(console:log) {\n  type: 'echarts@v5a',\n  width: 848,\n  height: 409,\n  option: { radar: [ [Object] ], series: [ [Object] ] }\n}","meta":{"userLevel":true,"rootId":"hti2czr2uxirkdn","id":"0ulitr9key0jf6b"},"id":"1tbar8mnr1xd9gz","previousOperationId":"a7gde53se399d36"}
{"type":"operationEnd","operationId":"a7gde53se399d36","timestamp":1766931103633,"id":"et7jqa4f448oj1s","previousEventId":"aqltkyrtkerj4v9","previousOperationId":"a7gde53se399d36"}
{"type":"operationStart","subtype":"recipe","name":"html","timestamp":1766931103645,"id":"rm10tyvms8uz7go","previousEventId":"et7jqa4f448oj1s","operationId":"lhj9unbvgqctr6n","previousOperationId":"a7gde53se399d36"}
{"type":"log","timestamp":1766931103645,"level":"debug","message":"Executing recipe html","meta":{"rootId":"hti2czr2uxirkdn","id":"0ulitr9key0jf6b"},"id":"htrbfbla4o7jcek","previousOperationId":"lhj9unbvgqctr6n"}
{"type":"operationEnd","operationId":"lhj9unbvgqctr6n","timestamp":1766931103646,"id":"1476ksv1bxis2cr","previousEventId":"rm10tyvms8uz7go","previousOperationId":"lhj9unbvgqctr6n"}
{"type":"log","timestamp":1766931103646,"level":"debug","message":"Skipping storing report.","meta":{"rootId":"hti2czr2uxirkdn","id":"0ulitr9key0jf6b"},"id":"cnk1mz035agv4ux","previousOperationId":"lhj9unbvgqctr6n"}
{"type":"log","timestamp":1766931103646,"level":"info","message":"Rendering (child) request finished in 1276 ms","meta":{"rootId":"hti2czr2uxirkdn","id":"0ulitr9key0jf6b"},"id":"3eutd3sfarfnnoj","previousOperationId":"lhj9unbvgqctr6n"}
{"type":"operationEnd","subtype":"render","operationId":"ru4lk8july68cw9","timestamp":1766931103646,"id":"urghghqvn49e2c6","previousEventId":"1476ksv1bxis2cr","previousOperationId":"lhj9unbvgqctr6n"}
{"type":"log","timestamp":1766931107584,"level":"debug","message":"pptx successfully zipped","meta":{"rootId":"hti2czr2uxirkdn","id":"hti2czr2uxirkdn"},"id":"mijue2l8mkt9nq9","previousOperationId":"xipwb36f8g9dp8y"}
{"type":"log","timestamp":1766931107584,"level":"info","message":"pptx generation was finished","meta":{"rootId":"hti2czr2uxirkdn","id":"hti2czr2uxirkdn"},"id":"cx36cw06bhxfn4x","previousOperationId":"xipwb36f8g9dp8y"}
{"type":"operationEnd","operationId":"xipwb36f8g9dp8y","timestamp":1766931107592,"id":"gy6syvrldva0l1l","previousEventId":"1tjyq4v0daky0rn","previousOperationId":"xipwb36f8g9dp8y"}
{"type":"log","timestamp":1766931107592,"level":"debug","message":"Skipping storing report.","meta":{"rootId":"hti2czr2uxirkdn","id":"hti2czr2uxirkdn"},"id":"8hlv1ch68gh0tl7","previousOperationId":"xipwb36f8g9dp8y"}
{"type":"log","timestamp":1766931107592,"level":"info","message":"Rendering request 6 finished in 5222 ms","meta":{"rootId":"hti2czr2uxirkdn","id":"hti2czr2uxirkdn"},"id":"052arzu2ejwk2na","previousOperationId":"xipwb36f8g9dp8y"}
{"type":"operationEnd","subtype":"render","operationId":"uy4sxg0r682bx3d","timestamp":1766931107592,"id":"p54oe8o1noy9v8k","previousEventId":"gy6syvrldva0l1l","previousOperationId":"xipwb36f8g9dp8y"}
{"type":"operationEnd","doDiffs":false,"previousEventId":"v9c1o44tktkmsou","previousOperationId":"o4l0pw3hgcnhatb","operationId":"o4l0pw3hgcnhatb","timestamp":1766931107599,"id":"0jup3kperyvzqy4"}
