{"type":"operationStart","subtype":"profile","data":{"_id":"BWGQZYj9r0DKXXie","timestamp":"2025-12-27T15:39:49.698Z","state":"running","mode":"standard","creationDate":"2025-12-27T15:39:49.705Z","modificationDate":"2025-12-27T15:39:49.705Z","shortid":"FXs2FRv","$entitySet":"profiles","timeout":60000},"doDiffs":false,"timestamp":1766849989702,"id":"7ipgch8ou0jelwy","previousOperationId":null,"operationId":"tyrm9dvkfebdbgu"}
{"type":"log","level":"info","message":"Render request 1 queued for execution and waiting for available worker","previousOperationId":"tyrm9dvkfebdbgu","timestamp":1766849989703,"id":"niaxjoe6vstrkt6"}
{"type":"operationStart","subtype":"render","name":"anonymous","previousOperationId":"tyrm9dvkfebdbgu","timestamp":1766849989759,"id":"4her1e8ez9rxzgi","previousEventId":"7ipgch8ou0jelwy","operationId":"td19jngpeiuruwn"}
{"type":"log","timestamp":1766849989760,"level":"info","message":"Starting rendering request 1","meta":{"rootId":"hu0u7ohbe2qxcqi","id":"hu0u7ohbe2qxcqi"},"id":"ivr3c3nbtfxdjyv","previousOperationId":"td19jngpeiuruwn"}
{"type":"log","timestamp":1766849989761,"level":"info","message":"Rendering anonymous template { recipe: pptx, engine: handlebars }","meta":{"rootId":"hu0u7ohbe2qxcqi","id":"hu0u7ohbe2qxcqi"},"id":"sugruniyculzjcl","previousOperationId":"td19jngpeiuruwn"}
{"type":"log","timestamp":1766849989761,"level":"debug","message":"Inline data specified.","meta":{"rootId":"hu0u7ohbe2qxcqi","id":"hu0u7ohbe2qxcqi"},"id":"nqjnb6cjjxitclz","previousOperationId":"td19jngpeiuruwn"}
{"type":"log","timestamp":1766849989765,"level":"debug","message":"Base url not specified, skipping its injection.","meta":{"rootId":"hu0u7ohbe2qxcqi","id":"hu0u7ohbe2qxcqi"},"id":"aoocwywmuy9srtu","previousOperationId":"td19jngpeiuruwn"}
{"type":"operationStart","subtype":"engine","name":"handlebars","timestamp":1766849989767,"id":"3hy4fdzp5hiywyu","previousEventId":"4her1e8ez9rxzgi","operationId":"h8267l2tzb1vw0l","previousOperationId":"td19jngpeiuruwn"}
{"type":"log","timestamp":1766849989767,"level":"debug","message":"Rendering engine handlebars","meta":{"rootId":"hu0u7ohbe2qxcqi","id":"hu0u7ohbe2qxcqi"},"id":"vala722eprrjwoz","previousOperationId":"h8267l2tzb1vw0l"}
{"type":"operationEnd","operationId":"h8267l2tzb1vw0l","timestamp":1766849990616,"id":"yucpziwzerl8ivr","previousEventId":"3hy4fdzp5hiywyu","previousOperationId":"h8267l2tzb1vw0l"}
{"type":"operationStart","subtype":"recipe","name":"pptx","timestamp":1766849990616,"id":"qkhvte6hean6fru","previousEventId":"yucpziwzerl8ivr","operationId":"s2zuldcjr4y77t9","previousOperationId":"h8267l2tzb1vw0l"}
{"type":"log","timestamp":1766849990617,"level":"debug","message":"Executing recipe pptx","meta":{"rootId":"hu0u7ohbe2qxcqi","id":"hu0u7ohbe2qxcqi"},"id":"8pwaxqp7tkarni8","previousOperationId":"s2zuldcjr4y77t9"}
{"type":"log","timestamp":1766849990772,"level":"info","message":"pptx generation is starting","meta":{"rootId":"hu0u7ohbe2qxcqi","id":"hu0u7ohbe2qxcqi"},"id":"romgu7hwyimz8z9","previousOperationId":"s2zuldcjr4y77t9"}
{"type":"log","timestamp":1766849991842,"level":"debug","message":"Starting child request to render pptx dynamic parts","meta":{"rootId":"hu0u7ohbe2qxcqi","id":"hu0u7ohbe2qxcqi"},"id":"j7ivg0jm14kkum0","previousOperationId":"s2zuldcjr4y77t9"}
{"type":"operationStart","subtype":"render","name":"anonymous","previousOperationId":"s2zuldcjr4y77t9","timestamp":1766849991843,"id":"y8eblgaulfha34m","previousEventId":"qkhvte6hean6fru","operationId":"uxdkraij3ffn4bo"}
{"type":"log","timestamp":1766849991843,"level":"info","message":"Starting rendering (child) request","meta":{"rootId":"hu0u7ohbe2qxcqi","id":"h5oorlkbenupp9x"},"id":"4bstri9dw14loiw","previousOperationId":"uxdkraij3ffn4bo"}
{"type":"log","timestamp":1766849991843,"level":"info","message":"Rendering anonymous template { recipe: html, engine: handlebars }","meta":{"rootId":"hu0u7ohbe2qxcqi","id":"h5oorlkbenupp9x"},"id":"0kmi9gri3kvkciq","previousOperationId":"uxdkraij3ffn4bo"}
{"type":"log","timestamp":1766849991843,"level":"debug","message":"Inline data specified.","meta":{"rootId":"hu0u7ohbe2qxcqi","id":"h5oorlkbenupp9x"},"id":"7lzywswjs1ggcdh","previousOperationId":"uxdkraij3ffn4bo"}
{"type":"log","timestamp":1766849991847,"level":"debug","message":"Base url not specified, skipping its injection.","meta":{"rootId":"hu0u7ohbe2qxcqi","id":"h5oorlkbenupp9x"},"id":"fm88m4mgs8l6p6p","previousOperationId":"uxdkraij3ffn4bo"}
{"type":"operationStart","subtype":"engine","name":"handlebars","timestamp":1766849991849,"id":"dyvbmiyavlt916f","previousEventId":"y8eblgaulfha34m","operationId":"171wqn0hj5i3sg2","previousOperationId":"uxdkraij3ffn4bo"}
{"type":"log","timestamp":1766849991849,"level":"debug","message":"Rendering engine handlebars","meta":{"rootId":"hu0u7ohbe2qxcqi","id":"h5oorlkbenupp9x"},"id":"rhp34ud28o2lf92","previousOperationId":"171wqn0hj5i3sg2"}
{"type":"operationEnd","operationId":"171wqn0hj5i3sg2","timestamp":1766849991993,"id":"syzo3x328qneo87","previousEventId":"dyvbmiyavlt916f","previousOperationId":"171wqn0hj5i3sg2"}
{"type":"operationStart","subtype":"recipe","name":"html","timestamp":1766849992003,"id":"bpnjvc70k26a4gw","previousEventId":"syzo3x328qneo87","operationId":"u6rs8enu808aege","previousOperationId":"171wqn0hj5i3sg2"}
{"type":"log","timestamp":1766849992003,"level":"debug","message":"Executing recipe html","meta":{"rootId":"hu0u7ohbe2qxcqi","id":"h5oorlkbenupp9x"},"id":"jqawxo193qmw9t4","previousOperationId":"u6rs8enu808aege"}
{"type":"operationEnd","operationId":"u6rs8enu808aege","timestamp":1766849992003,"id":"9fcg8wz8miyrby6","previousEventId":"bpnjvc70k26a4gw","previousOperationId":"u6rs8enu808aege"}
{"type":"log","timestamp":1766849992004,"level":"debug","message":"Skipping storing report.","meta":{"rootId":"hu0u7ohbe2qxcqi","id":"h5oorlkbenupp9x"},"id":"e28zk0ys8sv0l54","previousOperationId":"u6rs8enu808aege"}
{"type":"log","timestamp":1766849992004,"level":"info","message":"Rendering (child) request finished in 2308 ms","meta":{"rootId":"hu0u7ohbe2qxcqi","id":"h5oorlkbenupp9x"},"id":"702wz1d9yucom0s","previousOperationId":"u6rs8enu808aege"}
{"type":"operationEnd","subtype":"render","operationId":"uxdkraij3ffn4bo","timestamp":1766849992004,"id":"k89hzrgo13ulg8a","previousEventId":"9fcg8wz8miyrby6","previousOperationId":"u6rs8enu808aege"}
{"type":"log","timestamp":1766849996852,"level":"debug","message":"pptx successfully zipped","meta":{"rootId":"hu0u7ohbe2qxcqi","id":"hu0u7ohbe2qxcqi"},"id":"fdup4hwj7nlgy9m","previousOperationId":"s2zuldcjr4y77t9"}
{"type":"log","timestamp":1766849996852,"level":"info","message":"pptx generation was finished","meta":{"rootId":"hu0u7ohbe2qxcqi","id":"hu0u7ohbe2qxcqi"},"id":"thg20xr1cs2evaf","previousOperationId":"s2zuldcjr4y77t9"}
{"type":"operationEnd","operationId":"s2zuldcjr4y77t9","timestamp":1766849996863,"id":"sohu3nofhvfyqp7","previousEventId":"qkhvte6hean6fru","previousOperationId":"s2zuldcjr4y77t9"}
{"type":"log","timestamp":1766849996864,"level":"debug","message":"Skipping storing report.","meta":{"rootId":"hu0u7ohbe2qxcqi","id":"hu0u7ohbe2qxcqi"},"id":"9fbnvzogfooc5wc","previousOperationId":"s2zuldcjr4y77t9"}
{"type":"log","timestamp":1766849996864,"level":"info","message":"Rendering request 1 finished in 7168 ms","meta":{"rootId":"hu0u7ohbe2qxcqi","id":"hu0u7ohbe2qxcqi"},"id":"q7i07qxxc4nbriu","previousOperationId":"s2zuldcjr4y77t9"}
{"type":"operationEnd","subtype":"render","operationId":"td19jngpeiuruwn","timestamp":1766849996864,"id":"iczlf61ephaj62p","previousEventId":"sohu3nofhvfyqp7","previousOperationId":"s2zuldcjr4y77t9"}
{"type":"operationEnd","doDiffs":false,"previousEventId":"7ipgch8ou0jelwy","previousOperationId":"tyrm9dvkfebdbgu","operationId":"tyrm9dvkfebdbgu","timestamp":1766849996871,"id":"ai28g912tluyaas"}
