{"type":"operationStart","subtype":"profile","data":{"_id":"aqnJKXpDvm3XgAYi","timestamp":"2025-12-28T14:00:35.157Z","state":"running","mode":"standard","creationDate":"2025-12-28T14:00:35.163Z","modificationDate":"2025-12-28T14:00:35.163Z","shortid":"wcxUC0p","$entitySet":"profiles","timeout":60000},"doDiffs":false,"timestamp":1766930435160,"id":"wjpwffpynx07flp","previousOperationId":null,"operationId":"pxroyajppiiqdig"}
{"type":"log","level":"info","message":"Render request 4 queued for execution and waiting for available worker","previousOperationId":"pxroyajppiiqdig","timestamp":1766930435161,"id":"wf5rzuv7a7lovk0"}
{"type":"operationStart","subtype":"render","name":"anonymous","previousOperationId":"pxroyajppiiqdig","timestamp":1766930435208,"id":"14xn3eb9vyai8k1","previousEventId":"wjpwffpynx07flp","operationId":"l5gcgbavxhznw9t"}
{"type":"log","timestamp":1766930435209,"level":"info","message":"Starting rendering request 4","meta":{"rootId":"hu5uyop0xtle4cm","id":"hu5uyop0xtle4cm"},"id":"cvxqjoegk6f2t0b","previousOperationId":"l5gcgbavxhznw9t"}
{"type":"log","timestamp":1766930435209,"level":"info","message":"Rendering anonymous template { recipe: pptx, engine: handlebars }","meta":{"rootId":"hu5uyop0xtle4cm","id":"hu5uyop0xtle4cm"},"id":"47ka30cc55nala5","previousOperationId":"l5gcgbavxhznw9t"}
{"type":"log","timestamp":1766930435209,"level":"debug","message":"Inline data specified.","meta":{"rootId":"hu5uyop0xtle4cm","id":"hu5uyop0xtle4cm"},"id":"ayr5fsh11qj7ujn","previousOperationId":"l5gcgbavxhznw9t"}
{"type":"log","timestamp":1766930435213,"level":"debug","message":"Base url not specified, skipping its injection.","meta":{"rootId":"hu5uyop0xtle4cm","id":"hu5uyop0xtle4cm"},"id":"odvap02u6tvu24b","previousOperationId":"l5gcgbavxhznw9t"}
{"type":"operationStart","subtype":"engine","name":"handlebars","timestamp":1766930435214,"id":"o8rfmoe7t1bewxp","previousEventId":"14xn3eb9vyai8k1","operationId":"d358fyhuho2bqxa","previousOperationId":"l5gcgbavxhznw9t"}
{"type":"log","timestamp":1766930435214,"level":"debug","message":"Rendering engine handlebars","meta":{"rootId":"hu5uyop0xtle4cm","id":"hu5uyop0xtle4cm"},"id":"alod9rafddil7s7","previousOperationId":"d358fyhuho2bqxa"}
{"type":"operationEnd","operationId":"d358fyhuho2bqxa","timestamp":1766930435237,"id":"ku2x4k74jvuvcd3","previousEventId":"o8rfmoe7t1bewxp","previousOperationId":"d358fyhuho2bqxa"}
{"type":"operationStart","subtype":"recipe","name":"pptx","timestamp":1766930435237,"id":"toi8aji8237xbji","previousEventId":"ku2x4k74jvuvcd3","operationId":"j48nso0prda91kh","previousOperationId":"d358fyhuho2bqxa"}
{"type":"log","timestamp":1766930435237,"level":"debug","message":"Executing recipe pptx","meta":{"rootId":"hu5uyop0xtle4cm","id":"hu5uyop0xtle4cm"},"id":"rdsg5fbksjjqz9l","previousOperationId":"j48nso0prda91kh"}
{"type":"log","timestamp":1766930435248,"level":"info","message":"pptx generation is starting","meta":{"rootId":"hu5uyop0xtle4cm","id":"hu5uyop0xtle4cm"},"id":"szh3yrh4i7shy8s","previousOperationId":"j48nso0prda91kh"}
{"type":"log","timestamp":1766930436349,"level":"debug","message":"Starting child request to render pptx dynamic parts","meta":{"rootId":"hu5uyop0xtle4cm","id":"hu5uyop0xtle4cm"},"id":"kdx7nrv97egag4e","previousOperationId":"j48nso0prda91kh"}
{"type":"operationStart","subtype":"render","name":"anonymous","previousOperationId":"j48nso0prda91kh","timestamp":1766930436350,"id":"cgdhrosz1nz2003","previousEventId":"toi8aji8237xbji","operationId":"zlj0072ucjvat5b"}
{"type":"log","timestamp":1766930436350,"level":"info","message":"Starting rendering (child) request","meta":{"rootId":"hu5uyop0xtle4cm","id":"f2wkr4h4x2eiqra"},"id":"o0ws0ee16332swb","previousOperationId":"zlj0072ucjvat5b"}
{"type":"log","timestamp":1766930436350,"level":"info","message":"Rendering anonymous template { recipe: html, engine: handlebars }","meta":{"rootId":"hu5uyop0xtle4cm","id":"f2wkr4h4x2eiqra"},"id":"nhw29q06xtvbyh5","previousOperationId":"zlj0072ucjvat5b"}
{"type":"log","timestamp":1766930436350,"level":"debug","message":"Inline data specified.","meta":{"rootId":"hu5uyop0xtle4cm","id":"f2wkr4h4x2eiqra"},"id":"jyour1vx1bjlbtv","previousOperationId":"zlj0072ucjvat5b"}
{"type":"log","timestamp":1766930436353,"level":"debug","message":"Base url not specified, skipping its injection.","meta":{"rootId":"hu5uyop0xtle4cm","id":"f2wkr4h4x2eiqra"},"id":"wq7gkbz4zoowhyu","previousOperationId":"zlj0072ucjvat5b"}
{"type":"operationStart","subtype":"engine","name":"handlebars","timestamp":1766930436355,"id":"n029lgax3vlgjhr","previousEventId":"cgdhrosz1nz2003","operationId":"we4chpy8s1meb3o","previousOperationId":"zlj0072ucjvat5b"}
{"type":"log","timestamp":1766930436355,"level":"debug","message":"Rendering engine handlebars","meta":{"rootId":"hu5uyop0xtle4cm","id":"f2wkr4h4x2eiqra"},"id":"vwxgut9hm5ib4q5","previousOperationId":"we4chpy8s1meb3o"}
{"type":"log","timestamp":1766930436471,"level":"debug","message":"(console:log) {\n  type: 'echarts@v5a',\n  width: 848,\n  height: 409,\n  option: { radar: [ [Object] ], series: [ [Object] ] }\n}","meta":{"userLevel":true,"rootId":"hu5uyop0xtle4cm","id":"f2wkr4h4x2eiqra"},"id":"r4fq66y556hx7ds","previousOperationId":"we4chpy8s1meb3o"}
{"type":"operationEnd","operationId":"we4chpy8s1meb3o","timestamp":1766930436478,"id":"wonyssath0a0ndz","previousEventId":"n029lgax3vlgjhr","previousOperationId":"we4chpy8s1meb3o"}
{"type":"operationStart","subtype":"recipe","name":"html","timestamp":1766930436490,"id":"stai6pwoeiwy275","previousEventId":"wonyssath0a0ndz","operationId":"lhjmpbklooi185v","previousOperationId":"we4chpy8s1meb3o"}
{"type":"log","timestamp":1766930436490,"level":"debug","message":"Executing recipe html","meta":{"rootId":"hu5uyop0xtle4cm","id":"f2wkr4h4x2eiqra"},"id":"9ez66kxj5ktfsv4","previousOperationId":"lhjmpbklooi185v"}
{"type":"operationEnd","operationId":"lhjmpbklooi185v","timestamp":1766930436490,"id":"7g5y99g5h1xri8k","previousEventId":"stai6pwoeiwy275","previousOperationId":"lhjmpbklooi185v"}
{"type":"log","timestamp":1766930436490,"level":"debug","message":"Skipping storing report.","meta":{"rootId":"hu5uyop0xtle4cm","id":"f2wkr4h4x2eiqra"},"id":"eoffk7i4s7g5vry","previousOperationId":"lhjmpbklooi185v"}
{"type":"log","timestamp":1766930436490,"level":"info","message":"Rendering (child) request finished in 1335 ms","meta":{"rootId":"hu5uyop0xtle4cm","id":"f2wkr4h4x2eiqra"},"id":"rhpmk2gqeu7vjti","previousOperationId":"lhjmpbklooi185v"}
{"type":"operationEnd","subtype":"render","operationId":"zlj0072ucjvat5b","timestamp":1766930436490,"id":"2vlttr42mgeku2i","previousEventId":"7g5y99g5h1xri8k","previousOperationId":"lhjmpbklooi185v"}
{"type":"log","timestamp":1766930439506,"level":"debug","message":"pptx successfully zipped","meta":{"rootId":"hu5uyop0xtle4cm","id":"hu5uyop0xtle4cm"},"id":"j8qgdjtspyo9s95","previousOperationId":"j48nso0prda91kh"}
{"type":"log","timestamp":1766930439506,"level":"info","message":"pptx generation was finished","meta":{"rootId":"hu5uyop0xtle4cm","id":"hu5uyop0xtle4cm"},"id":"rr1ruy4begf5gg3","previousOperationId":"j48nso0prda91kh"}
{"type":"operationEnd","operationId":"j48nso0prda91kh","timestamp":1766930439515,"id":"005yl9puql9bfur","previousEventId":"toi8aji8237xbji","previousOperationId":"j48nso0prda91kh"}
{"type":"log","timestamp":1766930439515,"level":"debug","message":"Skipping storing report.","meta":{"rootId":"hu5uyop0xtle4cm","id":"hu5uyop0xtle4cm"},"id":"xlepgnb7vx5v347","previousOperationId":"j48nso0prda91kh"}
{"type":"log","timestamp":1766930439515,"level":"info","message":"Rendering request 4 finished in 4360 ms","meta":{"rootId":"hu5uyop0xtle4cm","id":"hu5uyop0xtle4cm"},"id":"7woo315h6purn3s","previousOperationId":"j48nso0prda91kh"}
{"type":"operationEnd","subtype":"render","operationId":"l5gcgbavxhznw9t","timestamp":1766930439515,"id":"0i17m81gqymq2n1","previousEventId":"005yl9puql9bfur","previousOperationId":"j48nso0prda91kh"}
{"type":"operationEnd","doDiffs":false,"previousEventId":"wjpwffpynx07flp","previousOperationId":"pxroyajppiiqdig","operationId":"pxroyajppiiqdig","timestamp":1766930439519,"id":"jk6a2vwgl6hng2c"}
