{"type":"operationStart","subtype":"profile","data":{"_id":"zQh747qezUWXwzhP","timestamp":"2025-12-07T21:30:39.157Z","state":"running","mode":"standard","creationDate":"2025-12-07T21:30:39.165Z","modificationDate":"2025-12-07T21:30:39.165Z","shortid":"R2CgAzf","$entitySet":"profiles","timeout":60000},"doDiffs":false,"timestamp":1765143039162,"id":"pc3cbhefrxraefj","previousOperationId":null,"operationId":"k5dfhu9dpjj582i"}
{"type":"log","level":"info","message":"Render request 6 queued for execution and waiting for available worker","previousOperationId":"k5dfhu9dpjj582i","timestamp":1765143039163,"id":"p4qhhu3d1a4xhjq"}
{"type":"operationStart","subtype":"render","name":"anonymous","previousOperationId":"k5dfhu9dpjj582i","timestamp":1765143039206,"id":"urakuq8alunyksu","previousEventId":"pc3cbhefrxraefj","operationId":"umn208nuzvot9rx"}
{"type":"log","timestamp":1765143039207,"level":"info","message":"Starting rendering request 6","meta":{"rootId":"hx936gxm8s2quci","id":"hx936gxm8s2quci"},"id":"2fdcxgp7d2e3qfg","previousOperationId":"umn208nuzvot9rx"}
{"type":"log","timestamp":1765143039207,"level":"info","message":"Rendering anonymous template { recipe: pptx, engine: handlebars }","meta":{"rootId":"hx936gxm8s2quci","id":"hx936gxm8s2quci"},"id":"ssvahrklsn23ab3","previousOperationId":"umn208nuzvot9rx"}
{"type":"log","timestamp":1765143039207,"level":"debug","message":"Inline data specified.","meta":{"rootId":"hx936gxm8s2quci","id":"hx936gxm8s2quci"},"id":"f98gbazhqfdsn4y","previousOperationId":"umn208nuzvot9rx"}
{"type":"log","timestamp":1765143039209,"level":"debug","message":"Base url not specified, skipping its injection.","meta":{"rootId":"hx936gxm8s2quci","id":"hx936gxm8s2quci"},"id":"0zgr1e6875oslny","previousOperationId":"umn208nuzvot9rx"}
{"type":"operationStart","subtype":"engine","name":"handlebars","timestamp":1765143039210,"id":"a55m16dbkxla3lf","previousEventId":"urakuq8alunyksu","operationId":"q0wlmfgxgybmjt9","previousOperationId":"umn208nuzvot9rx"}
{"type":"log","timestamp":1765143039210,"level":"debug","message":"Rendering engine handlebars","meta":{"rootId":"hx936gxm8s2quci","id":"hx936gxm8s2quci"},"id":"y3nzc5yp5r38j9t","previousOperationId":"q0wlmfgxgybmjt9"}
{"type":"operationEnd","operationId":"q0wlmfgxgybmjt9","timestamp":1765143039288,"id":"3kujw23linklpq0","previousEventId":"a55m16dbkxla3lf","previousOperationId":"q0wlmfgxgybmjt9"}
{"type":"operationStart","subtype":"recipe","name":"pptx","timestamp":1765143039288,"id":"5megduavu64ekyn","previousEventId":"3kujw23linklpq0","operationId":"pxb980inc4mfdmw","previousOperationId":"q0wlmfgxgybmjt9"}
{"type":"log","timestamp":1765143039288,"level":"debug","message":"Executing recipe pptx","meta":{"rootId":"hx936gxm8s2quci","id":"hx936gxm8s2quci"},"id":"1z8cxl7h8txucjm","previousOperationId":"pxb980inc4mfdmw"}
{"type":"log","timestamp":1765143039310,"level":"info","message":"pptx generation is starting","meta":{"rootId":"hx936gxm8s2quci","id":"hx936gxm8s2quci"},"id":"hz8aye1ane6q7pq","previousOperationId":"pxb980inc4mfdmw"}
{"type":"log","timestamp":1765143040342,"level":"debug","message":"Starting child request to render pptx dynamic parts","meta":{"rootId":"hx936gxm8s2quci","id":"hx936gxm8s2quci"},"id":"vagk8m3ebycg6jw","previousOperationId":"pxb980inc4mfdmw"}
{"type":"operationStart","subtype":"render","name":"anonymous","previousOperationId":"pxb980inc4mfdmw","timestamp":1765143040342,"id":"u95mqj15lvk1b4f","previousEventId":"5megduavu64ekyn","operationId":"em7ztj5yh02hfcx"}
{"type":"log","timestamp":1765143040342,"level":"info","message":"Starting rendering (child) request","meta":{"rootId":"hx936gxm8s2quci","id":"n62vpd14mfbk04a"},"id":"jc9fb3b1wknlmdf","previousOperationId":"em7ztj5yh02hfcx"}
{"type":"log","timestamp":1765143040342,"level":"info","message":"Rendering anonymous template { recipe: html, engine: handlebars }","meta":{"rootId":"hx936gxm8s2quci","id":"n62vpd14mfbk04a"},"id":"mpovb27d9ak8yfh","previousOperationId":"em7ztj5yh02hfcx"}
{"type":"log","timestamp":1765143040342,"level":"debug","message":"Inline data specified.","meta":{"rootId":"hx936gxm8s2quci","id":"n62vpd14mfbk04a"},"id":"h1fi9h0nkcas490","previousOperationId":"em7ztj5yh02hfcx"}
{"type":"log","timestamp":1765143040346,"level":"debug","message":"Base url not specified, skipping its injection.","meta":{"rootId":"hx936gxm8s2quci","id":"n62vpd14mfbk04a"},"id":"own32c09qjv2pto","previousOperationId":"em7ztj5yh02hfcx"}
{"type":"operationStart","subtype":"engine","name":"handlebars","timestamp":1765143040347,"id":"6fpppaoorclmozn","previousEventId":"u95mqj15lvk1b4f","operationId":"vgamc6dk7tcdh9l","previousOperationId":"em7ztj5yh02hfcx"}
{"type":"log","timestamp":1765143040347,"level":"debug","message":"Rendering engine handlebars","meta":{"rootId":"hx936gxm8s2quci","id":"n62vpd14mfbk04a"},"id":"6xckbvqpy1xfn6z","previousOperationId":"vgamc6dk7tcdh9l"}
{"type":"operationEnd","operationId":"vgamc6dk7tcdh9l","timestamp":1765143040431,"id":"7eo95gj92svoity","previousEventId":"6fpppaoorclmozn","previousOperationId":"vgamc6dk7tcdh9l"}
{"type":"operationStart","subtype":"recipe","name":"html","timestamp":1765143040438,"id":"ud5zd1bf79clab7","previousEventId":"7eo95gj92svoity","operationId":"k5319w9yikpufdh","previousOperationId":"vgamc6dk7tcdh9l"}
{"type":"log","timestamp":1765143040438,"level":"debug","message":"Executing recipe html","meta":{"rootId":"hx936gxm8s2quci","id":"n62vpd14mfbk04a"},"id":"ph5rx56y1obu306","previousOperationId":"k5319w9yikpufdh"}
{"type":"operationEnd","operationId":"k5319w9yikpufdh","timestamp":1765143040438,"id":"wuy9ogbzyry0a86","previousEventId":"ud5zd1bf79clab7","previousOperationId":"k5319w9yikpufdh"}
{"type":"log","timestamp":1765143040438,"level":"debug","message":"Skipping storing report.","meta":{"rootId":"hx936gxm8s2quci","id":"n62vpd14mfbk04a"},"id":"vfc2tj2d243u7wr","previousOperationId":"k5319w9yikpufdh"}
{"type":"log","timestamp":1765143040439,"level":"info","message":"Rendering (child) request finished in 1283 ms","meta":{"rootId":"hx936gxm8s2quci","id":"n62vpd14mfbk04a"},"id":"aok0xsdssbomg1v","previousOperationId":"k5319w9yikpufdh"}
{"type":"operationEnd","subtype":"render","operationId":"em7ztj5yh02hfcx","timestamp":1765143040439,"id":"itutpo9yei0e4nj","previousEventId":"wuy9ogbzyry0a86","previousOperationId":"k5319w9yikpufdh"}
{"type":"log","timestamp":1765143044291,"level":"debug","message":"pptx successfully zipped","meta":{"rootId":"hx936gxm8s2quci","id":"hx936gxm8s2quci"},"id":"9bafr5f69fsmk7z","previousOperationId":"pxb980inc4mfdmw"}
{"type":"log","timestamp":1765143044291,"level":"info","message":"pptx generation was finished","meta":{"rootId":"hx936gxm8s2quci","id":"hx936gxm8s2quci"},"id":"9op72x3maecf266","previousOperationId":"pxb980inc4mfdmw"}
{"type":"operationEnd","operationId":"pxb980inc4mfdmw","timestamp":1765143044299,"id":"z2bvsi9xsvcmhai","previousEventId":"5megduavu64ekyn","previousOperationId":"pxb980inc4mfdmw"}
{"type":"log","timestamp":1765143044299,"level":"debug","message":"Skipping storing report.","meta":{"rootId":"hx936gxm8s2quci","id":"hx936gxm8s2quci"},"id":"j5s81as5zvuka7v","previousOperationId":"pxb980inc4mfdmw"}
{"type":"log","timestamp":1765143044300,"level":"info","message":"Rendering request 6 finished in 5144 ms","meta":{"rootId":"hx936gxm8s2quci","id":"hx936gxm8s2quci"},"id":"q2vjaf2vm3qbemo","previousOperationId":"pxb980inc4mfdmw"}
{"type":"operationEnd","subtype":"render","operationId":"umn208nuzvot9rx","timestamp":1765143044300,"id":"ubqwny8j21rq4uy","previousEventId":"z2bvsi9xsvcmhai","previousOperationId":"pxb980inc4mfdmw"}
{"type":"operationEnd","doDiffs":false,"previousEventId":"pc3cbhefrxraefj","previousOperationId":"k5dfhu9dpjj582i","operationId":"k5dfhu9dpjj582i","timestamp":1765143044304,"id":"9ugh7fijzw4xub8"}
