{"type":"operationStart","subtype":"profile","data":{"_id":"vxtpatF2KdhDXDHt","timestamp":"2025-12-18T14:12:22.416Z","state":"running","mode":"standard","creationDate":"2025-12-18T14:12:22.419Z","modificationDate":"2025-12-18T14:12:22.419Z","shortid":"PbuBzYk","$entitySet":"profiles","timeout":60000},"doDiffs":false,"timestamp":1766067142418,"id":"b74tvscl5n8xknd","previousOperationId":null,"operationId":"scf0fn64opl4kzx"}
{"type":"log","level":"info","message":"Render request 4 queued for execution and waiting for available worker","previousOperationId":"scf0fn64opl4kzx","timestamp":1766067142418,"id":"n99d4556wngvqj8"}
{"type":"operationStart","subtype":"render","name":"anonymous","previousOperationId":"scf0fn64opl4kzx","timestamp":1766067142454,"id":"iu2lq0ayeoo1s1e","previousEventId":"b74tvscl5n8xknd","operationId":"ic3k64e1jjj0rut"}
{"type":"log","timestamp":1766067142454,"level":"info","message":"Starting rendering request 4","meta":{"rootId":"i72k52mjg3adx4k","id":"i72k52mjg3adx4k"},"id":"se6ama1fbuyfyog","previousOperationId":"ic3k64e1jjj0rut"}
{"type":"log","timestamp":1766067142455,"level":"info","message":"Rendering anonymous template { recipe: pptx, engine: handlebars }","meta":{"rootId":"i72k52mjg3adx4k","id":"i72k52mjg3adx4k"},"id":"tvgo2kf203ny5jj","previousOperationId":"ic3k64e1jjj0rut"}
{"type":"log","timestamp":1766067142455,"level":"debug","message":"Inline data specified.","meta":{"rootId":"i72k52mjg3adx4k","id":"i72k52mjg3adx4k"},"id":"rw4oaw077quk3ce","previousOperationId":"ic3k64e1jjj0rut"}
{"type":"log","timestamp":1766067142458,"level":"debug","message":"Base url not specified, skipping its injection.","meta":{"rootId":"i72k52mjg3adx4k","id":"i72k52mjg3adx4k"},"id":"ilvxqstexpnrouw","previousOperationId":"ic3k64e1jjj0rut"}
{"type":"operationStart","subtype":"engine","name":"handlebars","timestamp":1766067142458,"id":"lagvq2sj8esad7u","previousEventId":"iu2lq0ayeoo1s1e","operationId":"cejb7q1moys98ox","previousOperationId":"ic3k64e1jjj0rut"}
{"type":"log","timestamp":1766067142458,"level":"debug","message":"Rendering engine handlebars","meta":{"rootId":"i72k52mjg3adx4k","id":"i72k52mjg3adx4k"},"id":"wuqp2bgqsom1f7d","previousOperationId":"cejb7q1moys98ox"}
{"type":"operationEnd","operationId":"cejb7q1moys98ox","timestamp":1766067142538,"id":"vexlae9ovgdk7wm","previousEventId":"lagvq2sj8esad7u","previousOperationId":"cejb7q1moys98ox"}
{"type":"operationStart","subtype":"recipe","name":"pptx","timestamp":1766067142538,"id":"nqnt86hgao12txc","previousEventId":"vexlae9ovgdk7wm","operationId":"lkrs9sqi7c6ah3a","previousOperationId":"cejb7q1moys98ox"}
{"type":"log","timestamp":1766067142538,"level":"debug","message":"Executing recipe pptx","meta":{"rootId":"i72k52mjg3adx4k","id":"i72k52mjg3adx4k"},"id":"gt01a0br17b9hb1","previousOperationId":"lkrs9sqi7c6ah3a"}
{"type":"log","timestamp":1766067142561,"level":"info","message":"pptx generation is starting","meta":{"rootId":"i72k52mjg3adx4k","id":"i72k52mjg3adx4k"},"id":"7wyp017xivbclw1","previousOperationId":"lkrs9sqi7c6ah3a"}
{"type":"log","timestamp":1766067143608,"level":"debug","message":"Starting child request to render pptx dynamic parts","meta":{"rootId":"i72k52mjg3adx4k","id":"i72k52mjg3adx4k"},"id":"tcl1nt8y4n2551y","previousOperationId":"lkrs9sqi7c6ah3a"}
{"type":"operationStart","subtype":"render","name":"anonymous","previousOperationId":"lkrs9sqi7c6ah3a","timestamp":1766067143609,"id":"9fnzzbx85kcjgd0","previousEventId":"nqnt86hgao12txc","operationId":"fy7woyc9p8zhfxq"}
{"type":"log","timestamp":1766067143609,"level":"info","message":"Starting rendering (child) request","meta":{"rootId":"i72k52mjg3adx4k","id":"so5mqc45rd95ig4"},"id":"jdad53h651o8ypr","previousOperationId":"fy7woyc9p8zhfxq"}
{"type":"log","timestamp":1766067143609,"level":"info","message":"Rendering anonymous template { recipe: html, engine: handlebars }","meta":{"rootId":"i72k52mjg3adx4k","id":"so5mqc45rd95ig4"},"id":"qhiltl3502cbr8y","previousOperationId":"fy7woyc9p8zhfxq"}
{"type":"log","timestamp":1766067143609,"level":"debug","message":"Inline data specified.","meta":{"rootId":"i72k52mjg3adx4k","id":"so5mqc45rd95ig4"},"id":"4buclsv2hw3vy11","previousOperationId":"fy7woyc9p8zhfxq"}
{"type":"log","timestamp":1766067143615,"level":"debug","message":"Base url not specified, skipping its injection.","meta":{"rootId":"i72k52mjg3adx4k","id":"so5mqc45rd95ig4"},"id":"hnrlf4ob8hb489p","previousOperationId":"fy7woyc9p8zhfxq"}
{"type":"operationStart","subtype":"engine","name":"handlebars","timestamp":1766067143618,"id":"g7ecroytri285zj","previousEventId":"9fnzzbx85kcjgd0","operationId":"3hyxidyah1iaqa9","previousOperationId":"fy7woyc9p8zhfxq"}
{"type":"log","timestamp":1766067143618,"level":"debug","message":"Rendering engine handlebars","meta":{"rootId":"i72k52mjg3adx4k","id":"so5mqc45rd95ig4"},"id":"80z6bt5smgwjxwq","previousOperationId":"3hyxidyah1iaqa9"}
{"type":"operationEnd","operationId":"3hyxidyah1iaqa9","timestamp":1766067143719,"id":"e1ye6tskz1umpvj","previousEventId":"g7ecroytri285zj","previousOperationId":"3hyxidyah1iaqa9"}
{"type":"operationStart","subtype":"recipe","name":"html","timestamp":1766067143729,"id":"1eoknk7mon62vgl","previousEventId":"e1ye6tskz1umpvj","operationId":"k8irvjrp26te0fw","previousOperationId":"3hyxidyah1iaqa9"}
{"type":"log","timestamp":1766067143729,"level":"debug","message":"Executing recipe html","meta":{"rootId":"i72k52mjg3adx4k","id":"so5mqc45rd95ig4"},"id":"utfd08qy8f718ha","previousOperationId":"k8irvjrp26te0fw"}
{"type":"operationEnd","operationId":"k8irvjrp26te0fw","timestamp":1766067143729,"id":"1kex6wq6yek5kcn","previousEventId":"1eoknk7mon62vgl","previousOperationId":"k8irvjrp26te0fw"}
{"type":"log","timestamp":1766067143729,"level":"debug","message":"Skipping storing report.","meta":{"rootId":"i72k52mjg3adx4k","id":"so5mqc45rd95ig4"},"id":"5sres9b35ipsw1x","previousOperationId":"k8irvjrp26te0fw"}
{"type":"log","timestamp":1766067143729,"level":"info","message":"Rendering (child) request finished in 1314 ms","meta":{"rootId":"i72k52mjg3adx4k","id":"so5mqc45rd95ig4"},"id":"8qh0jvrcjtad1bu","previousOperationId":"k8irvjrp26te0fw"}
{"type":"operationEnd","subtype":"render","operationId":"fy7woyc9p8zhfxq","timestamp":1766067143729,"id":"djiz6a0lssmekii","previousEventId":"1kex6wq6yek5kcn","previousOperationId":"k8irvjrp26te0fw"}
{"type":"log","timestamp":1766067147030,"level":"debug","message":"pptx successfully zipped","meta":{"rootId":"i72k52mjg3adx4k","id":"i72k52mjg3adx4k"},"id":"z5f83knrqcyrl6r","previousOperationId":"lkrs9sqi7c6ah3a"}
{"type":"log","timestamp":1766067147030,"level":"info","message":"pptx generation was finished","meta":{"rootId":"i72k52mjg3adx4k","id":"i72k52mjg3adx4k"},"id":"se95mvu83mlcyy8","previousOperationId":"lkrs9sqi7c6ah3a"}
{"type":"operationEnd","operationId":"lkrs9sqi7c6ah3a","timestamp":1766067147044,"id":"n60xttbfcps2wfs","previousEventId":"nqnt86hgao12txc","previousOperationId":"lkrs9sqi7c6ah3a"}
{"type":"log","timestamp":1766067147044,"level":"debug","message":"Skipping storing report.","meta":{"rootId":"i72k52mjg3adx4k","id":"i72k52mjg3adx4k"},"id":"ls6y7gszz0ico5x","previousOperationId":"lkrs9sqi7c6ah3a"}
{"type":"log","timestamp":1766067147044,"level":"info","message":"Rendering request 4 finished in 4629 ms","meta":{"rootId":"i72k52mjg3adx4k","id":"i72k52mjg3adx4k"},"id":"izbrd809rzgkebs","previousOperationId":"lkrs9sqi7c6ah3a"}
{"type":"operationEnd","subtype":"render","operationId":"ic3k64e1jjj0rut","timestamp":1766067147044,"id":"gozcx39g7xuufy6","previousEventId":"n60xttbfcps2wfs","previousOperationId":"lkrs9sqi7c6ah3a"}
{"type":"operationEnd","doDiffs":false,"previousEventId":"b74tvscl5n8xknd","previousOperationId":"scf0fn64opl4kzx","operationId":"scf0fn64opl4kzx","timestamp":1766067147050,"id":"c82tih8nskmsm9o"}
