{"type":"operationStart","subtype":"profile","data":{"_id":"9WbjHyMkVlOBEdsS","timestamp":"2025-12-31T11:30:20.957Z","state":"running","mode":"standard","creationDate":"2025-12-31T11:30:20.963Z","modificationDate":"2025-12-31T11:30:20.963Z","shortid":"FI4JP9o","$entitySet":"profiles","timeout":60000},"doDiffs":false,"timestamp":1767180620962,"id":"21zeu21cjc8t0i7","previousOperationId":null,"operationId":"bozk9g9q4p63c0c"}
{"type":"log","level":"info","message":"Render request 36 queued for execution and waiting for available worker","previousOperationId":"bozk9g9q4p63c0c","timestamp":1767180620962,"id":"lfql5anlypo8jgw"}
{"type":"operationStart","subtype":"render","name":"anonymous","previousOperationId":"bozk9g9q4p63c0c","timestamp":1767180621019,"id":"qyh341im4y3zofj","previousEventId":"21zeu21cjc8t0i7","operationId":"xt1066tmnr8hhzf"}
{"type":"log","timestamp":1767180621020,"level":"info","message":"Starting rendering request 36","meta":{"rootId":"i8ejray4j5jl0b7","id":"i8ejray4j5jl0b7"},"id":"1qmao06raraxrut","previousOperationId":"xt1066tmnr8hhzf"}
{"type":"log","timestamp":1767180621020,"level":"info","message":"Rendering anonymous template { recipe: pptx, engine: handlebars }","meta":{"rootId":"i8ejray4j5jl0b7","id":"i8ejray4j5jl0b7"},"id":"s1897i2tjj4dwnj","previousOperationId":"xt1066tmnr8hhzf"}
{"type":"log","timestamp":1767180621020,"level":"debug","message":"Inline data specified.","meta":{"rootId":"i8ejray4j5jl0b7","id":"i8ejray4j5jl0b7"},"id":"cubmwk87oxzu1nq","previousOperationId":"xt1066tmnr8hhzf"}
{"type":"log","timestamp":1767180621025,"level":"debug","message":"Base url not specified, skipping its injection.","meta":{"rootId":"i8ejray4j5jl0b7","id":"i8ejray4j5jl0b7"},"id":"hmdzrxfp50m42v1","previousOperationId":"xt1066tmnr8hhzf"}
{"type":"operationStart","subtype":"engine","name":"handlebars","timestamp":1767180621026,"id":"qqe94gj44e7jw1m","previousEventId":"qyh341im4y3zofj","operationId":"efp0xd0ulx1c39g","previousOperationId":"xt1066tmnr8hhzf"}
{"type":"log","timestamp":1767180621026,"level":"debug","message":"Rendering engine handlebars","meta":{"rootId":"i8ejray4j5jl0b7","id":"i8ejray4j5jl0b7"},"id":"eklikr7jnoj2xdh","previousOperationId":"efp0xd0ulx1c39g"}
{"type":"operationEnd","operationId":"efp0xd0ulx1c39g","timestamp":1767180621043,"id":"a9g7kh4aanysewv","previousEventId":"qqe94gj44e7jw1m","previousOperationId":"efp0xd0ulx1c39g"}
{"type":"operationStart","subtype":"recipe","name":"pptx","timestamp":1767180621043,"id":"06vwey4skdihfnq","previousEventId":"a9g7kh4aanysewv","operationId":"he7zz3yv5br8rix","previousOperationId":"efp0xd0ulx1c39g"}
{"type":"log","timestamp":1767180621043,"level":"debug","message":"Executing recipe pptx","meta":{"rootId":"i8ejray4j5jl0b7","id":"i8ejray4j5jl0b7"},"id":"h58z72uxvwxkwsv","previousOperationId":"he7zz3yv5br8rix"}
{"type":"log","timestamp":1767180621070,"level":"info","message":"pptx generation is starting","meta":{"rootId":"i8ejray4j5jl0b7","id":"i8ejray4j5jl0b7"},"id":"t5yidqtfjc1xe2a","previousOperationId":"he7zz3yv5br8rix"}
{"type":"log","timestamp":1767180623043,"level":"debug","message":"Starting child request to render pptx dynamic parts","meta":{"rootId":"i8ejray4j5jl0b7","id":"i8ejray4j5jl0b7"},"id":"cgimfxe16btuv4v","previousOperationId":"he7zz3yv5br8rix"}
{"type":"operationStart","subtype":"render","name":"anonymous","previousOperationId":"he7zz3yv5br8rix","timestamp":1767180623044,"id":"izl10ixf9jqqxs3","previousEventId":"06vwey4skdihfnq","operationId":"owjluusnt1c1njm"}
{"type":"log","timestamp":1767180623044,"level":"info","message":"Starting rendering (child) request","meta":{"rootId":"i8ejray4j5jl0b7","id":"25ct9ntpyc7n8gh"},"id":"f7uxar77n92homc","previousOperationId":"owjluusnt1c1njm"}
{"type":"log","timestamp":1767180623044,"level":"info","message":"Rendering anonymous template { recipe: html, engine: handlebars }","meta":{"rootId":"i8ejray4j5jl0b7","id":"25ct9ntpyc7n8gh"},"id":"twf3gfed3nsk78e","previousOperationId":"owjluusnt1c1njm"}
{"type":"log","timestamp":1767180623044,"level":"debug","message":"Inline data specified.","meta":{"rootId":"i8ejray4j5jl0b7","id":"25ct9ntpyc7n8gh"},"id":"uztu94usea0xrkn","previousOperationId":"owjluusnt1c1njm"}
{"type":"log","timestamp":1767180623051,"level":"debug","message":"Base url not specified, skipping its injection.","meta":{"rootId":"i8ejray4j5jl0b7","id":"25ct9ntpyc7n8gh"},"id":"uaxpluv7v7vkxzd","previousOperationId":"owjluusnt1c1njm"}
{"type":"operationStart","subtype":"engine","name":"handlebars","timestamp":1767180623053,"id":"qdryee3ue3bafzz","previousEventId":"izl10ixf9jqqxs3","operationId":"h9r62gjnaayu5v1","previousOperationId":"owjluusnt1c1njm"}
{"type":"log","timestamp":1767180623053,"level":"debug","message":"Rendering engine handlebars","meta":{"rootId":"i8ejray4j5jl0b7","id":"25ct9ntpyc7n8gh"},"id":"xhqv9c2d66rrd7o","previousOperationId":"h9r62gjnaayu5v1"}
{"type":"log","timestamp":1767180623292,"level":"debug","message":"(console:log) {\n  type: 'echarts@v5a',\n  width: 848,\n  height: 409,\n  option: { radar: [ [Object] ], series: [ [Object] ] }\n}","meta":{"userLevel":true,"rootId":"i8ejray4j5jl0b7","id":"25ct9ntpyc7n8gh"},"id":"erpjw15qieoa5ev","previousOperationId":"h9r62gjnaayu5v1"}
{"type":"operationEnd","operationId":"h9r62gjnaayu5v1","timestamp":1767180623309,"id":"6brlyp066e7c542","previousEventId":"qdryee3ue3bafzz","previousOperationId":"h9r62gjnaayu5v1"}
{"type":"operationStart","subtype":"recipe","name":"html","timestamp":1767180623331,"id":"enbymg4tz6kzblx","previousEventId":"6brlyp066e7c542","operationId":"nkhn3298fma49sv","previousOperationId":"h9r62gjnaayu5v1"}
{"type":"log","timestamp":1767180623331,"level":"debug","message":"Executing recipe html","meta":{"rootId":"i8ejray4j5jl0b7","id":"25ct9ntpyc7n8gh"},"id":"wqcjhb1rqxt8915","previousOperationId":"nkhn3298fma49sv"}
{"type":"operationEnd","operationId":"nkhn3298fma49sv","timestamp":1767180623331,"id":"pzl3jy35p63bp30","previousEventId":"enbymg4tz6kzblx","previousOperationId":"nkhn3298fma49sv"}
{"type":"log","timestamp":1767180623331,"level":"debug","message":"Skipping storing report.","meta":{"rootId":"i8ejray4j5jl0b7","id":"25ct9ntpyc7n8gh"},"id":"riagiuif9p409uu","previousOperationId":"nkhn3298fma49sv"}
{"type":"log","timestamp":1767180623331,"level":"info","message":"Rendering (child) request finished in 2375 ms","meta":{"rootId":"i8ejray4j5jl0b7","id":"25ct9ntpyc7n8gh"},"id":"pxczxfj44e4gw8b","previousOperationId":"nkhn3298fma49sv"}
{"type":"operationEnd","subtype":"render","operationId":"owjluusnt1c1njm","timestamp":1767180623331,"id":"4zzf66qldqrh3k6","previousEventId":"pzl3jy35p63bp30","previousOperationId":"nkhn3298fma49sv"}
{"type":"log","timestamp":1767180630627,"level":"debug","message":"pptx successfully zipped","meta":{"rootId":"i8ejray4j5jl0b7","id":"i8ejray4j5jl0b7"},"id":"krotiyoz5i4i9a1","previousOperationId":"he7zz3yv5br8rix"}
{"type":"log","timestamp":1767180630627,"level":"info","message":"pptx generation was finished","meta":{"rootId":"i8ejray4j5jl0b7","id":"i8ejray4j5jl0b7"},"id":"dacsublimg7icol","previousOperationId":"he7zz3yv5br8rix"}
{"type":"operationEnd","operationId":"he7zz3yv5br8rix","timestamp":1767180630638,"id":"e6xukfhz67xm7qd","previousEventId":"06vwey4skdihfnq","previousOperationId":"he7zz3yv5br8rix"}
{"type":"log","timestamp":1767180630638,"level":"debug","message":"Skipping storing report.","meta":{"rootId":"i8ejray4j5jl0b7","id":"i8ejray4j5jl0b7"},"id":"axlps9801qdvo9l","previousOperationId":"he7zz3yv5br8rix"}
{"type":"log","timestamp":1767180630638,"level":"info","message":"Rendering request 36 finished in 9682 ms","meta":{"rootId":"i8ejray4j5jl0b7","id":"i8ejray4j5jl0b7"},"id":"anxujqw1bpxkm85","previousOperationId":"he7zz3yv5br8rix"}
{"type":"operationEnd","subtype":"render","operationId":"xt1066tmnr8hhzf","timestamp":1767180630638,"id":"ouu68ghbflc4ap7","previousEventId":"e6xukfhz67xm7qd","previousOperationId":"he7zz3yv5br8rix"}
{"type":"operationEnd","doDiffs":false,"previousEventId":"21zeu21cjc8t0i7","previousOperationId":"bozk9g9q4p63c0c","operationId":"bozk9g9q4p63c0c","timestamp":1767180630644,"id":"dc22k3hidfywpsr"}
