{"type":"operationStart","subtype":"profile","data":{"_id":"KtIZLxmidZlRq1V7","timestamp":"2025-12-07T19:13:56.996Z","state":"running","mode":"standard","creationDate":"2025-12-07T19:13:57.001Z","modificationDate":"2025-12-07T19:13:57.001Z","shortid":"R3tlhjr","$entitySet":"profiles","timeout":60000},"doDiffs":false,"timestamp":1765134836999,"id":"705jrcwo7suuelj","previousOperationId":null,"operationId":"dfq7q33m6hevs5t"}
{"type":"log","level":"info","message":"Render request 12 queued for execution and waiting for available worker","previousOperationId":"dfq7q33m6hevs5t","timestamp":1765134836999,"id":"jdtatzpy7lf8zgy"}
{"type":"operationStart","subtype":"render","name":"anonymous","previousOperationId":"dfq7q33m6hevs5t","timestamp":1765134837047,"id":"8tel2qhnpur194i","previousEventId":"705jrcwo7suuelj","operationId":"kh1xfm78m6yige8"}
{"type":"log","timestamp":1765134837047,"level":"info","message":"Starting rendering request 12","meta":{"rootId":"iscoqqx097wjxv5","id":"iscoqqx097wjxv5"},"id":"keedoplciabvatw","previousOperationId":"kh1xfm78m6yige8"}
{"type":"log","timestamp":1765134837048,"level":"info","message":"Rendering anonymous template { recipe: pptx, engine: handlebars }","meta":{"rootId":"iscoqqx097wjxv5","id":"iscoqqx097wjxv5"},"id":"zxs2lfsh7yjd1q2","previousOperationId":"kh1xfm78m6yige8"}
{"type":"log","timestamp":1765134837048,"level":"debug","message":"Inline data specified.","meta":{"rootId":"iscoqqx097wjxv5","id":"iscoqqx097wjxv5"},"id":"z92pgxag21aubhi","previousOperationId":"kh1xfm78m6yige8"}
{"type":"log","timestamp":1765134837051,"level":"debug","message":"Base url not specified, skipping its injection.","meta":{"rootId":"iscoqqx097wjxv5","id":"iscoqqx097wjxv5"},"id":"bhgjvp3m5rdknfq","previousOperationId":"kh1xfm78m6yige8"}
{"type":"operationStart","subtype":"engine","name":"handlebars","timestamp":1765134837052,"id":"3cnmeq35v77yxd8","previousEventId":"8tel2qhnpur194i","operationId":"z5em05miabr6rq7","previousOperationId":"kh1xfm78m6yige8"}
{"type":"log","timestamp":1765134837052,"level":"debug","message":"Rendering engine handlebars","meta":{"rootId":"iscoqqx097wjxv5","id":"iscoqqx097wjxv5"},"id":"lwpt6jcfkroo2tv","previousOperationId":"z5em05miabr6rq7"}
{"type":"operationEnd","operationId":"z5em05miabr6rq7","timestamp":1765134837069,"id":"utf7ngvrqe0yg25","previousEventId":"3cnmeq35v77yxd8","previousOperationId":"z5em05miabr6rq7"}
{"type":"operationStart","subtype":"recipe","name":"pptx","timestamp":1765134837070,"id":"la0d2uwaravdvag","previousEventId":"utf7ngvrqe0yg25","operationId":"rnxzz3ntl0y3vpc","previousOperationId":"z5em05miabr6rq7"}
{"type":"log","timestamp":1765134837070,"level":"debug","message":"Executing recipe pptx","meta":{"rootId":"iscoqqx097wjxv5","id":"iscoqqx097wjxv5"},"id":"dfpilswqm9jolil","previousOperationId":"rnxzz3ntl0y3vpc"}
{"type":"log","timestamp":1765134837084,"level":"info","message":"pptx generation is starting","meta":{"rootId":"iscoqqx097wjxv5","id":"iscoqqx097wjxv5"},"id":"wxxqu064of28qwk","previousOperationId":"rnxzz3ntl0y3vpc"}
{"type":"log","timestamp":1765134838230,"level":"debug","message":"Starting child request to render pptx dynamic parts","meta":{"rootId":"iscoqqx097wjxv5","id":"iscoqqx097wjxv5"},"id":"pu1d6ttn7iwxz1o","previousOperationId":"rnxzz3ntl0y3vpc"}
{"type":"operationStart","subtype":"render","name":"anonymous","previousOperationId":"rnxzz3ntl0y3vpc","timestamp":1765134838230,"id":"mp7ot070jgwvnfc","previousEventId":"la0d2uwaravdvag","operationId":"rg4lxvh5p5xartm"}
{"type":"log","timestamp":1765134838230,"level":"info","message":"Starting rendering (child) request","meta":{"rootId":"iscoqqx097wjxv5","id":"5jp3a3trowlf7p2"},"id":"6d1r7augfurvoyh","previousOperationId":"rg4lxvh5p5xartm"}
{"type":"log","timestamp":1765134838230,"level":"info","message":"Rendering anonymous template { recipe: html, engine: handlebars }","meta":{"rootId":"iscoqqx097wjxv5","id":"5jp3a3trowlf7p2"},"id":"di3iu4a0s45ofk8","previousOperationId":"rg4lxvh5p5xartm"}
{"type":"log","timestamp":1765134838230,"level":"debug","message":"Inline data specified.","meta":{"rootId":"iscoqqx097wjxv5","id":"5jp3a3trowlf7p2"},"id":"jp8m9uy1bzcija4","previousOperationId":"rg4lxvh5p5xartm"}
{"type":"log","timestamp":1765134838235,"level":"debug","message":"Base url not specified, skipping its injection.","meta":{"rootId":"iscoqqx097wjxv5","id":"5jp3a3trowlf7p2"},"id":"ytdo4ysq4s9szy4","previousOperationId":"rg4lxvh5p5xartm"}
{"type":"operationStart","subtype":"engine","name":"handlebars","timestamp":1765134838236,"id":"2em0l58xk0lq2ec","previousEventId":"mp7ot070jgwvnfc","operationId":"qosimjp2a24njve","previousOperationId":"rg4lxvh5p5xartm"}
{"type":"log","timestamp":1765134838236,"level":"debug","message":"Rendering engine handlebars","meta":{"rootId":"iscoqqx097wjxv5","id":"5jp3a3trowlf7p2"},"id":"a1fu4zwp4shkpql","previousOperationId":"qosimjp2a24njve"}
{"type":"operationEnd","operationId":"qosimjp2a24njve","timestamp":1765134838322,"id":"1qubcwlz5mvyi12","previousEventId":"2em0l58xk0lq2ec","previousOperationId":"qosimjp2a24njve"}
{"type":"operationStart","subtype":"recipe","name":"html","timestamp":1765134838328,"id":"mceyzbkhdl20ig9","previousEventId":"1qubcwlz5mvyi12","operationId":"2jx58hikk4pytyu","previousOperationId":"qosimjp2a24njve"}
{"type":"log","timestamp":1765134838328,"level":"debug","message":"Executing recipe html","meta":{"rootId":"iscoqqx097wjxv5","id":"5jp3a3trowlf7p2"},"id":"yms1g24mpy4nlsz","previousOperationId":"2jx58hikk4pytyu"}
{"type":"operationEnd","operationId":"2jx58hikk4pytyu","timestamp":1765134838328,"id":"vxmfkrmvh8k84lk","previousEventId":"mceyzbkhdl20ig9","previousOperationId":"2jx58hikk4pytyu"}
{"type":"log","timestamp":1765134838329,"level":"debug","message":"Skipping storing report.","meta":{"rootId":"iscoqqx097wjxv5","id":"5jp3a3trowlf7p2"},"id":"hd6oid190hjauvo","previousOperationId":"2jx58hikk4pytyu"}
{"type":"log","timestamp":1765134838329,"level":"info","message":"Rendering (child) request finished in 1339 ms","meta":{"rootId":"iscoqqx097wjxv5","id":"5jp3a3trowlf7p2"},"id":"f1m4q696ddneqw2","previousOperationId":"2jx58hikk4pytyu"}
{"type":"operationEnd","subtype":"render","operationId":"rg4lxvh5p5xartm","timestamp":1765134838329,"id":"m1oybptrfn7we37","previousEventId":"vxmfkrmvh8k84lk","previousOperationId":"2jx58hikk4pytyu"}
{"type":"log","timestamp":1765134842556,"level":"debug","message":"pptx successfully zipped","meta":{"rootId":"iscoqqx097wjxv5","id":"iscoqqx097wjxv5"},"id":"ckd6ou232og5jbl","previousOperationId":"rnxzz3ntl0y3vpc"}
{"type":"log","timestamp":1765134842556,"level":"info","message":"pptx generation was finished","meta":{"rootId":"iscoqqx097wjxv5","id":"iscoqqx097wjxv5"},"id":"wx4hnjck9b395wy","previousOperationId":"rnxzz3ntl0y3vpc"}
{"type":"operationEnd","operationId":"rnxzz3ntl0y3vpc","timestamp":1765134842564,"id":"zuqemqahl6ydfjf","previousEventId":"la0d2uwaravdvag","previousOperationId":"rnxzz3ntl0y3vpc"}
{"type":"log","timestamp":1765134842564,"level":"debug","message":"Skipping storing report.","meta":{"rootId":"iscoqqx097wjxv5","id":"iscoqqx097wjxv5"},"id":"6p7j0p1egx9jde4","previousOperationId":"rnxzz3ntl0y3vpc"}
{"type":"log","timestamp":1765134842564,"level":"info","message":"Rendering request 12 finished in 5574 ms","meta":{"rootId":"iscoqqx097wjxv5","id":"iscoqqx097wjxv5"},"id":"x112hpary21fx6x","previousOperationId":"rnxzz3ntl0y3vpc"}
{"type":"operationEnd","subtype":"render","operationId":"kh1xfm78m6yige8","timestamp":1765134842564,"id":"ms4pt9jpiv1d5rp","previousEventId":"zuqemqahl6ydfjf","previousOperationId":"rnxzz3ntl0y3vpc"}
{"type":"operationEnd","doDiffs":false,"previousEventId":"705jrcwo7suuelj","previousOperationId":"dfq7q33m6hevs5t","operationId":"dfq7q33m6hevs5t","timestamp":1765134842569,"id":"u46w14x4w6erqm6"}
