{"type":"operationStart","subtype":"profile","data":{"_id":"K5g4IzoBXR8DVA4T","timestamp":"2025-12-30T17:52:05.747Z","state":"running","mode":"standard","creationDate":"2025-12-30T17:52:05.752Z","modificationDate":"2025-12-30T17:52:05.752Z","shortid":"hwrBabG","$entitySet":"profiles","timeout":60000},"doDiffs":false,"timestamp":1767117125750,"id":"q9tpg8sbpgmzxdj","previousOperationId":null,"operationId":"mboph0iotj9xmyv"}
{"type":"log","level":"info","message":"Render request 15 queued for execution and waiting for available worker","previousOperationId":"mboph0iotj9xmyv","timestamp":1767117125750,"id":"d46jnbga3kbzgsx"}
{"type":"operationStart","subtype":"render","name":"anonymous","previousOperationId":"mboph0iotj9xmyv","timestamp":1767117125810,"id":"ees812omtc2u8yc","previousEventId":"q9tpg8sbpgmzxdj","operationId":"4j2vudrmig88ki4"}
{"type":"log","timestamp":1767117125810,"level":"info","message":"Starting rendering request 15","meta":{"rootId":"iu16eyljns1d7xb","id":"iu16eyljns1d7xb"},"id":"a3qo074n7bn3vra","previousOperationId":"4j2vudrmig88ki4"}
{"type":"log","timestamp":1767117125811,"level":"info","message":"Rendering anonymous template { recipe: pptx, engine: handlebars }","meta":{"rootId":"iu16eyljns1d7xb","id":"iu16eyljns1d7xb"},"id":"l3dsu2bj3ukv99t","previousOperationId":"4j2vudrmig88ki4"}
{"type":"log","timestamp":1767117125811,"level":"debug","message":"Inline data specified.","meta":{"rootId":"iu16eyljns1d7xb","id":"iu16eyljns1d7xb"},"id":"l1qxnifrtqxboy4","previousOperationId":"4j2vudrmig88ki4"}
{"type":"log","timestamp":1767117125814,"level":"debug","message":"Base url not specified, skipping its injection.","meta":{"rootId":"iu16eyljns1d7xb","id":"iu16eyljns1d7xb"},"id":"1fcho6hr6qpt954","previousOperationId":"4j2vudrmig88ki4"}
{"type":"operationStart","subtype":"engine","name":"handlebars","timestamp":1767117125815,"id":"0ovjup0vbsbzpkl","previousEventId":"ees812omtc2u8yc","operationId":"m9asvqjqsp97kxd","previousOperationId":"4j2vudrmig88ki4"}
{"type":"log","timestamp":1767117125815,"level":"debug","message":"Rendering engine handlebars","meta":{"rootId":"iu16eyljns1d7xb","id":"iu16eyljns1d7xb"},"id":"j0lnpmugzhotgf3","previousOperationId":"m9asvqjqsp97kxd"}
{"type":"operationEnd","operationId":"m9asvqjqsp97kxd","timestamp":1767117125833,"id":"sbp96is7nen3l2l","previousEventId":"0ovjup0vbsbzpkl","previousOperationId":"m9asvqjqsp97kxd"}
{"type":"operationStart","subtype":"recipe","name":"pptx","timestamp":1767117125833,"id":"3env7o086l0gxnc","previousEventId":"sbp96is7nen3l2l","operationId":"9sajswasinjqdar","previousOperationId":"m9asvqjqsp97kxd"}
{"type":"log","timestamp":1767117125833,"level":"debug","message":"Executing recipe pptx","meta":{"rootId":"iu16eyljns1d7xb","id":"iu16eyljns1d7xb"},"id":"w5funhgp1bkno4b","previousOperationId":"9sajswasinjqdar"}
{"type":"log","timestamp":1767117125858,"level":"info","message":"pptx generation is starting","meta":{"rootId":"iu16eyljns1d7xb","id":"iu16eyljns1d7xb"},"id":"nkvq5dyksctqbkb","previousOperationId":"9sajswasinjqdar"}
{"type":"log","timestamp":1767117127698,"level":"debug","message":"Starting child request to render pptx dynamic parts","meta":{"rootId":"iu16eyljns1d7xb","id":"iu16eyljns1d7xb"},"id":"54b5ttys0cwh67y","previousOperationId":"9sajswasinjqdar"}
{"type":"operationStart","subtype":"render","name":"anonymous","previousOperationId":"9sajswasinjqdar","timestamp":1767117127699,"id":"y81um6jq9to0r8x","previousEventId":"3env7o086l0gxnc","operationId":"2cbffuq0yv8fbo1"}
{"type":"log","timestamp":1767117127699,"level":"info","message":"Starting rendering (child) request","meta":{"rootId":"iu16eyljns1d7xb","id":"hz5abszsnq4gbvb"},"id":"jyy8fca8grh8e53","previousOperationId":"2cbffuq0yv8fbo1"}
{"type":"log","timestamp":1767117127699,"level":"info","message":"Rendering anonymous template { recipe: html, engine: handlebars }","meta":{"rootId":"iu16eyljns1d7xb","id":"hz5abszsnq4gbvb"},"id":"qog9xanjc4l3zul","previousOperationId":"2cbffuq0yv8fbo1"}
{"type":"log","timestamp":1767117127699,"level":"debug","message":"Inline data specified.","meta":{"rootId":"iu16eyljns1d7xb","id":"hz5abszsnq4gbvb"},"id":"egbgxvx9i9e19mv","previousOperationId":"2cbffuq0yv8fbo1"}
{"type":"log","timestamp":1767117127706,"level":"debug","message":"Base url not specified, skipping its injection.","meta":{"rootId":"iu16eyljns1d7xb","id":"hz5abszsnq4gbvb"},"id":"rdmz9mvxqmqicoo","previousOperationId":"2cbffuq0yv8fbo1"}
{"type":"operationStart","subtype":"engine","name":"handlebars","timestamp":1767117127708,"id":"yynaezotocoet9m","previousEventId":"y81um6jq9to0r8x","operationId":"2j6cgn2k9frtghw","previousOperationId":"2cbffuq0yv8fbo1"}
{"type":"log","timestamp":1767117127708,"level":"debug","message":"Rendering engine handlebars","meta":{"rootId":"iu16eyljns1d7xb","id":"hz5abszsnq4gbvb"},"id":"20g2p3bzfk9fsqa","previousOperationId":"2j6cgn2k9frtghw"}
{"type":"log","timestamp":1767117127898,"level":"debug","message":"(console:log) {\n  type: 'echarts@v5a',\n  width: 848,\n  height: 409,\n  option: { radar: [ [Object] ], series: [ [Object] ] }\n}","meta":{"userLevel":true,"rootId":"iu16eyljns1d7xb","id":"hz5abszsnq4gbvb"},"id":"zh66itqp4fdyt2c","previousOperationId":"2j6cgn2k9frtghw"}
{"type":"operationEnd","operationId":"2j6cgn2k9frtghw","timestamp":1767117127909,"id":"gg40dvxhjv869yl","previousEventId":"yynaezotocoet9m","previousOperationId":"2j6cgn2k9frtghw"}
{"type":"operationStart","subtype":"recipe","name":"html","timestamp":1767117127928,"id":"l3sscrkl6doz4m8","previousEventId":"gg40dvxhjv869yl","operationId":"r8csm69nfidsk45","previousOperationId":"2j6cgn2k9frtghw"}
{"type":"log","timestamp":1767117127928,"level":"debug","message":"Executing recipe html","meta":{"rootId":"iu16eyljns1d7xb","id":"hz5abszsnq4gbvb"},"id":"nj5e4u6vzlgkb8s","previousOperationId":"r8csm69nfidsk45"}
{"type":"operationEnd","operationId":"r8csm69nfidsk45","timestamp":1767117127928,"id":"siogpx3efajdyq1","previousEventId":"l3sscrkl6doz4m8","previousOperationId":"r8csm69nfidsk45"}
{"type":"log","timestamp":1767117127928,"level":"debug","message":"Skipping storing report.","meta":{"rootId":"iu16eyljns1d7xb","id":"hz5abszsnq4gbvb"},"id":"j239jk1qiwhh8or","previousOperationId":"r8csm69nfidsk45"}
{"type":"log","timestamp":1767117127928,"level":"info","message":"Rendering (child) request finished in 2182 ms","meta":{"rootId":"iu16eyljns1d7xb","id":"hz5abszsnq4gbvb"},"id":"0k34913iqz6wtmi","previousOperationId":"r8csm69nfidsk45"}
{"type":"operationEnd","subtype":"render","operationId":"2cbffuq0yv8fbo1","timestamp":1767117127929,"id":"sz6q8o1foh69s87","previousEventId":"siogpx3efajdyq1","previousOperationId":"r8csm69nfidsk45"}
{"type":"log","timestamp":1767117133006,"level":"debug","message":"pptx successfully zipped","meta":{"rootId":"iu16eyljns1d7xb","id":"iu16eyljns1d7xb"},"id":"w7zsz8lh1vje8n0","previousOperationId":"9sajswasinjqdar"}
{"type":"log","timestamp":1767117133006,"level":"info","message":"pptx generation was finished","meta":{"rootId":"iu16eyljns1d7xb","id":"iu16eyljns1d7xb"},"id":"ag8lzjbjqco80g7","previousOperationId":"9sajswasinjqdar"}
{"type":"operationEnd","operationId":"9sajswasinjqdar","timestamp":1767117133018,"id":"qy3ny3j4c254imh","previousEventId":"3env7o086l0gxnc","previousOperationId":"9sajswasinjqdar"}
{"type":"log","timestamp":1767117133018,"level":"debug","message":"Skipping storing report.","meta":{"rootId":"iu16eyljns1d7xb","id":"iu16eyljns1d7xb"},"id":"6adiydxqmjm4bqr","previousOperationId":"9sajswasinjqdar"}
{"type":"log","timestamp":1767117133018,"level":"info","message":"Rendering request 15 finished in 7272 ms","meta":{"rootId":"iu16eyljns1d7xb","id":"iu16eyljns1d7xb"},"id":"v1lhfdnwngujxr2","previousOperationId":"9sajswasinjqdar"}
{"type":"operationEnd","subtype":"render","operationId":"4j2vudrmig88ki4","timestamp":1767117133018,"id":"jmfbb3bjn5ykyst","previousEventId":"qy3ny3j4c254imh","previousOperationId":"9sajswasinjqdar"}
{"type":"operationEnd","doDiffs":false,"previousEventId":"q9tpg8sbpgmzxdj","previousOperationId":"mboph0iotj9xmyv","operationId":"mboph0iotj9xmyv","timestamp":1767117133025,"id":"38qgvn2s5g4h2n3"}
