{"type":"operationStart","subtype":"profile","data":{"_id":"6AdcNxphzmzX6UAF","timestamp":"2025-12-28T15:05:35.987Z","state":"running","mode":"standard","creationDate":"2025-12-28T15:05:35.994Z","modificationDate":"2025-12-28T15:05:35.994Z","shortid":"m9lQuC1","$entitySet":"profiles","timeout":60000},"doDiffs":false,"timestamp":1766934335991,"id":"5bkk66l7xd59x68","previousOperationId":null,"operationId":"m0drv1n16m85vb9"}
{"type":"log","level":"info","message":"Render request 1 queued for execution and waiting for available worker","previousOperationId":"m0drv1n16m85vb9","timestamp":1766934335992,"id":"7dtxmitt3xmucdk"}
{"type":"operationStart","subtype":"render","name":"anonymous","previousOperationId":"m0drv1n16m85vb9","timestamp":1766934336067,"id":"qzih5lb6j88jpic","previousEventId":"5bkk66l7xd59x68","operationId":"2actjunccrmy0m6"}
{"type":"log","timestamp":1766934336069,"level":"info","message":"Starting rendering request 1","meta":{"rootId":"ivungzlbmapo7bp","id":"ivungzlbmapo7bp"},"id":"ioxp8swdjf77voz","previousOperationId":"2actjunccrmy0m6"}
{"type":"log","timestamp":1766934336072,"level":"info","message":"Rendering anonymous template { recipe: pptx, engine: handlebars }","meta":{"rootId":"ivungzlbmapo7bp","id":"ivungzlbmapo7bp"},"id":"7fnr5gykt6wd2d8","previousOperationId":"2actjunccrmy0m6"}
{"type":"log","timestamp":1766934336072,"level":"debug","message":"Inline data specified.","meta":{"rootId":"ivungzlbmapo7bp","id":"ivungzlbmapo7bp"},"id":"jf1bvivk808s07z","previousOperationId":"2actjunccrmy0m6"}
{"type":"log","timestamp":1766934336082,"level":"debug","message":"Base url not specified, skipping its injection.","meta":{"rootId":"ivungzlbmapo7bp","id":"ivungzlbmapo7bp"},"id":"03p4f5u1yx1garo","previousOperationId":"2actjunccrmy0m6"}
{"type":"operationStart","subtype":"engine","name":"handlebars","timestamp":1766934336084,"id":"trpukg7kbvszzl3","previousEventId":"qzih5lb6j88jpic","operationId":"6dys7dgqmjjrfwx","previousOperationId":"2actjunccrmy0m6"}
{"type":"log","timestamp":1766934336084,"level":"debug","message":"Rendering engine handlebars","meta":{"rootId":"ivungzlbmapo7bp","id":"ivungzlbmapo7bp"},"id":"g3exkjyvtfuugc2","previousOperationId":"6dys7dgqmjjrfwx"}
{"type":"operationEnd","operationId":"6dys7dgqmjjrfwx","timestamp":1766934337473,"id":"pykt3l0e68av481","previousEventId":"trpukg7kbvszzl3","previousOperationId":"6dys7dgqmjjrfwx"}
{"type":"operationStart","subtype":"recipe","name":"pptx","timestamp":1766934337475,"id":"b44s2va54fgic6m","previousEventId":"pykt3l0e68av481","operationId":"x1slgw7lntv4vbf","previousOperationId":"6dys7dgqmjjrfwx"}
{"type":"log","timestamp":1766934337475,"level":"debug","message":"Executing recipe pptx","meta":{"rootId":"ivungzlbmapo7bp","id":"ivungzlbmapo7bp"},"id":"wrxigv6f7bnx753","previousOperationId":"x1slgw7lntv4vbf"}
{"type":"log","timestamp":1766934337779,"level":"info","message":"pptx generation is starting","meta":{"rootId":"ivungzlbmapo7bp","id":"ivungzlbmapo7bp"},"id":"9ofqrh0q57v0wyw","previousOperationId":"x1slgw7lntv4vbf"}
{"type":"log","timestamp":1766934339674,"level":"debug","message":"Starting child request to render pptx dynamic parts","meta":{"rootId":"ivungzlbmapo7bp","id":"ivungzlbmapo7bp"},"id":"1b8kpt3rontn9hx","previousOperationId":"x1slgw7lntv4vbf"}
{"type":"operationStart","subtype":"render","name":"anonymous","previousOperationId":"x1slgw7lntv4vbf","timestamp":1766934339676,"id":"uf6yxi6qv72c03p","previousEventId":"b44s2va54fgic6m","operationId":"vkgtr2xox8dfogg"}
{"type":"log","timestamp":1766934339676,"level":"info","message":"Starting rendering (child) request","meta":{"rootId":"ivungzlbmapo7bp","id":"31thcmfy0fwydb3"},"id":"hp91s7auwli98y1","previousOperationId":"vkgtr2xox8dfogg"}
{"type":"log","timestamp":1766934339677,"level":"info","message":"Rendering anonymous template { recipe: html, engine: handlebars }","meta":{"rootId":"ivungzlbmapo7bp","id":"31thcmfy0fwydb3"},"id":"wdzdc08b55jzlhs","previousOperationId":"vkgtr2xox8dfogg"}
{"type":"log","timestamp":1766934339677,"level":"debug","message":"Inline data specified.","meta":{"rootId":"ivungzlbmapo7bp","id":"31thcmfy0fwydb3"},"id":"2w1i24auh9279ew","previousOperationId":"vkgtr2xox8dfogg"}
{"type":"log","timestamp":1766934339683,"level":"debug","message":"Base url not specified, skipping its injection.","meta":{"rootId":"ivungzlbmapo7bp","id":"31thcmfy0fwydb3"},"id":"a23lyegk00e2ck1","previousOperationId":"vkgtr2xox8dfogg"}
{"type":"operationStart","subtype":"engine","name":"handlebars","timestamp":1766934339685,"id":"9eyaqqp7spxoyc9","previousEventId":"uf6yxi6qv72c03p","operationId":"u6u2tfzj07g837o","previousOperationId":"vkgtr2xox8dfogg"}
{"type":"log","timestamp":1766934339685,"level":"debug","message":"Rendering engine handlebars","meta":{"rootId":"ivungzlbmapo7bp","id":"31thcmfy0fwydb3"},"id":"nudvq9ot2x4nql4","previousOperationId":"u6u2tfzj07g837o"}
{"type":"log","timestamp":1766934339890,"level":"debug","message":"(console:log) {\n  type: 'echarts@v5a',\n  width: 848,\n  height: 409,\n  option: { radar: [ [Object] ], series: [ [Object] ] }\n}","meta":{"userLevel":true,"rootId":"ivungzlbmapo7bp","id":"31thcmfy0fwydb3"},"id":"hzxqp4n8jsom76o","previousOperationId":"u6u2tfzj07g837o"}
{"type":"operationEnd","operationId":"u6u2tfzj07g837o","timestamp":1766934339902,"id":"tb179z8q9m5vi5v","previousEventId":"9eyaqqp7spxoyc9","previousOperationId":"u6u2tfzj07g837o"}
{"type":"operationStart","subtype":"recipe","name":"html","timestamp":1766934339922,"id":"b5grejhrr95dtue","previousEventId":"tb179z8q9m5vi5v","operationId":"rawsy0n1a2mntrp","previousOperationId":"u6u2tfzj07g837o"}
{"type":"log","timestamp":1766934339922,"level":"debug","message":"Executing recipe html","meta":{"rootId":"ivungzlbmapo7bp","id":"31thcmfy0fwydb3"},"id":"cekmnpk2p902tvb","previousOperationId":"rawsy0n1a2mntrp"}
{"type":"operationEnd","operationId":"rawsy0n1a2mntrp","timestamp":1766934339922,"id":"dx1nh3g72tbt20r","previousEventId":"b5grejhrr95dtue","previousOperationId":"rawsy0n1a2mntrp"}
{"type":"log","timestamp":1766934339923,"level":"debug","message":"Skipping storing report.","meta":{"rootId":"ivungzlbmapo7bp","id":"31thcmfy0fwydb3"},"id":"iw99jaeyak309mw","previousOperationId":"rawsy0n1a2mntrp"}
{"type":"log","timestamp":1766934339924,"level":"info","message":"Rendering (child) request finished in 3938 ms","meta":{"rootId":"ivungzlbmapo7bp","id":"31thcmfy0fwydb3"},"id":"6gy21n8nnjzywbm","previousOperationId":"rawsy0n1a2mntrp"}
{"type":"operationEnd","subtype":"render","operationId":"vkgtr2xox8dfogg","timestamp":1766934339924,"id":"n1jsv5pa726m2hp","previousEventId":"dx1nh3g72tbt20r","previousOperationId":"rawsy0n1a2mntrp"}
{"type":"log","timestamp":1766934348465,"level":"debug","message":"pptx successfully zipped","meta":{"rootId":"ivungzlbmapo7bp","id":"ivungzlbmapo7bp"},"id":"7k6ivyw4cpv2dzp","previousOperationId":"x1slgw7lntv4vbf"}
{"type":"log","timestamp":1766934348465,"level":"info","message":"pptx generation was finished","meta":{"rootId":"ivungzlbmapo7bp","id":"ivungzlbmapo7bp"},"id":"td3p9weerz2l3ku","previousOperationId":"x1slgw7lntv4vbf"}
{"type":"operationEnd","operationId":"x1slgw7lntv4vbf","timestamp":1766934348484,"id":"437frnvjyprh0sq","previousEventId":"b44s2va54fgic6m","previousOperationId":"x1slgw7lntv4vbf"}
{"type":"log","timestamp":1766934348484,"level":"debug","message":"Skipping storing report.","meta":{"rootId":"ivungzlbmapo7bp","id":"ivungzlbmapo7bp"},"id":"jq50fx9bg14cnko","previousOperationId":"x1slgw7lntv4vbf"}
{"type":"log","timestamp":1766934348484,"level":"info","message":"Rendering request 1 finished in 12499 ms","meta":{"rootId":"ivungzlbmapo7bp","id":"ivungzlbmapo7bp"},"id":"4a1h1nkoqvto47b","previousOperationId":"x1slgw7lntv4vbf"}
{"type":"operationEnd","subtype":"render","operationId":"2actjunccrmy0m6","timestamp":1766934348484,"id":"7rseb1eumdx80op","previousEventId":"437frnvjyprh0sq","previousOperationId":"x1slgw7lntv4vbf"}
{"type":"operationEnd","doDiffs":false,"previousEventId":"5bkk66l7xd59x68","previousOperationId":"m0drv1n16m85vb9","operationId":"m0drv1n16m85vb9","timestamp":1766934348491,"id":"js3i86rscosxc0f"}
