{"type":"operationStart","subtype":"profile","data":{"_id":"DwbgRmUlwkWlFh82","timestamp":"2025-12-25T20:57:54.596Z","state":"running","mode":"standard","creationDate":"2025-12-25T20:57:54.605Z","modificationDate":"2025-12-25T20:57:54.605Z","shortid":"Me-sMjx","$entitySet":"profiles","timeout":60000},"doDiffs":false,"timestamp":1766696274602,"id":"fsy47g1kgwhozhz","previousOperationId":null,"operationId":"c340x2l6zthxqne"}
{"type":"log","level":"info","message":"Render request 1 queued for execution and waiting for available worker","previousOperationId":"c340x2l6zthxqne","timestamp":1766696274603,"id":"tmmz49g1ita6vmw"}
{"type":"operationStart","subtype":"render","name":"anonymous","previousOperationId":"c340x2l6zthxqne","timestamp":1766696274684,"id":"2ligto4go048irg","previousEventId":"fsy47g1kgwhozhz","operationId":"5authzbzw36bda4"}
{"type":"log","timestamp":1766696274685,"level":"info","message":"Starting rendering request 1","meta":{"rootId":"iz9v3rfe1f1ff1m","id":"iz9v3rfe1f1ff1m"},"id":"v7k3v201oeno2dz","previousOperationId":"5authzbzw36bda4"}
{"type":"log","timestamp":1766696274688,"level":"info","message":"Rendering anonymous template { recipe: pptx, engine: handlebars }","meta":{"rootId":"iz9v3rfe1f1ff1m","id":"iz9v3rfe1f1ff1m"},"id":"ke5lrlzwfbc4csu","previousOperationId":"5authzbzw36bda4"}
{"type":"log","timestamp":1766696274689,"level":"debug","message":"Inline data specified.","meta":{"rootId":"iz9v3rfe1f1ff1m","id":"iz9v3rfe1f1ff1m"},"id":"i1a9wfy587soqn9","previousOperationId":"5authzbzw36bda4"}
{"type":"log","timestamp":1766696274705,"level":"debug","message":"Base url not specified, skipping its injection.","meta":{"rootId":"iz9v3rfe1f1ff1m","id":"iz9v3rfe1f1ff1m"},"id":"pxc5aeau8xsjp0j","previousOperationId":"5authzbzw36bda4"}
{"type":"operationStart","subtype":"engine","name":"handlebars","timestamp":1766696274709,"id":"tue71ygjhou1rcb","previousEventId":"2ligto4go048irg","operationId":"7018d6ric04fd6t","previousOperationId":"5authzbzw36bda4"}
{"type":"log","timestamp":1766696274709,"level":"debug","message":"Rendering engine handlebars","meta":{"rootId":"iz9v3rfe1f1ff1m","id":"iz9v3rfe1f1ff1m"},"id":"f7yhcta4whezsei","previousOperationId":"7018d6ric04fd6t"}
{"type":"operationEnd","operationId":"7018d6ric04fd6t","timestamp":1766696276009,"id":"mmgm2rhcyquclq4","previousEventId":"tue71ygjhou1rcb","previousOperationId":"7018d6ric04fd6t"}
{"type":"operationStart","subtype":"recipe","name":"pptx","timestamp":1766696276010,"id":"24tjc4jlgqba7mu","previousEventId":"mmgm2rhcyquclq4","operationId":"8tley6pb4qe2tev","previousOperationId":"7018d6ric04fd6t"}
{"type":"log","timestamp":1766696276010,"level":"debug","message":"Executing recipe pptx","meta":{"rootId":"iz9v3rfe1f1ff1m","id":"iz9v3rfe1f1ff1m"},"id":"31csg4xha2byhtv","previousOperationId":"8tley6pb4qe2tev"}
{"type":"log","timestamp":1766696276256,"level":"info","message":"pptx generation is starting","meta":{"rootId":"iz9v3rfe1f1ff1m","id":"iz9v3rfe1f1ff1m"},"id":"vmzydahqv3ujovx","previousOperationId":"8tley6pb4qe2tev"}
{"type":"log","timestamp":1766696278109,"level":"debug","message":"Starting child request to render pptx dynamic parts","meta":{"rootId":"iz9v3rfe1f1ff1m","id":"iz9v3rfe1f1ff1m"},"id":"ncem07iy6aydh23","previousOperationId":"8tley6pb4qe2tev"}
{"type":"operationStart","subtype":"render","name":"anonymous","previousOperationId":"8tley6pb4qe2tev","timestamp":1766696278111,"id":"52wsoeo6ahdwpas","previousEventId":"24tjc4jlgqba7mu","operationId":"rn7e4nuwnp9ta59"}
{"type":"log","timestamp":1766696278111,"level":"info","message":"Starting rendering (child) request","meta":{"rootId":"iz9v3rfe1f1ff1m","id":"584eqbfmlupjk0m"},"id":"ti71srazx9d6fsz","previousOperationId":"rn7e4nuwnp9ta59"}
{"type":"log","timestamp":1766696278112,"level":"info","message":"Rendering anonymous template { recipe: html, engine: handlebars }","meta":{"rootId":"iz9v3rfe1f1ff1m","id":"584eqbfmlupjk0m"},"id":"8js9qelsqu5e4ij","previousOperationId":"rn7e4nuwnp9ta59"}
{"type":"log","timestamp":1766696278114,"level":"debug","message":"Inline data specified.","meta":{"rootId":"iz9v3rfe1f1ff1m","id":"584eqbfmlupjk0m"},"id":"w8ptd3dfx6o0bmw","previousOperationId":"rn7e4nuwnp9ta59"}
{"type":"log","timestamp":1766696278129,"level":"debug","message":"Base url not specified, skipping its injection.","meta":{"rootId":"iz9v3rfe1f1ff1m","id":"584eqbfmlupjk0m"},"id":"eeairljyd2ca9c3","previousOperationId":"rn7e4nuwnp9ta59"}
{"type":"operationStart","subtype":"engine","name":"handlebars","timestamp":1766696278133,"id":"kb65g8q7smb03rh","previousEventId":"52wsoeo6ahdwpas","operationId":"gh9rlwtu708gjcd","previousOperationId":"rn7e4nuwnp9ta59"}
{"type":"log","timestamp":1766696278133,"level":"debug","message":"Rendering engine handlebars","meta":{"rootId":"iz9v3rfe1f1ff1m","id":"584eqbfmlupjk0m"},"id":"z20bt1zjan0l6hm","previousOperationId":"gh9rlwtu708gjcd"}
{"type":"operationEnd","operationId":"gh9rlwtu708gjcd","timestamp":1766696278314,"id":"8fxc86i6m2p6wfk","previousEventId":"kb65g8q7smb03rh","previousOperationId":"gh9rlwtu708gjcd"}
{"type":"operationStart","subtype":"recipe","name":"html","timestamp":1766696278323,"id":"6scpruj5anmu417","previousEventId":"8fxc86i6m2p6wfk","operationId":"adu6dj89eupkoay","previousOperationId":"gh9rlwtu708gjcd"}
{"type":"log","timestamp":1766696278324,"level":"debug","message":"Executing recipe html","meta":{"rootId":"iz9v3rfe1f1ff1m","id":"584eqbfmlupjk0m"},"id":"ydey8y2i2piu86c","previousOperationId":"adu6dj89eupkoay"}
{"type":"operationEnd","operationId":"adu6dj89eupkoay","timestamp":1766696278324,"id":"99kq5fyc4likict","previousEventId":"6scpruj5anmu417","previousOperationId":"adu6dj89eupkoay"}
{"type":"log","timestamp":1766696278325,"level":"debug","message":"Skipping storing report.","meta":{"rootId":"iz9v3rfe1f1ff1m","id":"584eqbfmlupjk0m"},"id":"myukvbt6okf8zol","previousOperationId":"adu6dj89eupkoay"}
{"type":"log","timestamp":1766696278325,"level":"info","message":"Rendering (child) request finished in 3733 ms","meta":{"rootId":"iz9v3rfe1f1ff1m","id":"584eqbfmlupjk0m"},"id":"zl5rabpxpsm1apn","previousOperationId":"adu6dj89eupkoay"}
{"type":"operationEnd","subtype":"render","operationId":"rn7e4nuwnp9ta59","timestamp":1766696278325,"id":"pr4r24fwrgcpze6","previousEventId":"99kq5fyc4likict","previousOperationId":"adu6dj89eupkoay"}
{"type":"log","timestamp":1766696282622,"level":"debug","message":"pptx successfully zipped","meta":{"rootId":"iz9v3rfe1f1ff1m","id":"iz9v3rfe1f1ff1m"},"id":"hb8ekyn4ajpy4eb","previousOperationId":"8tley6pb4qe2tev"}
{"type":"log","timestamp":1766696282622,"level":"info","message":"pptx generation was finished","meta":{"rootId":"iz9v3rfe1f1ff1m","id":"iz9v3rfe1f1ff1m"},"id":"znx9l9xbfe6xuq9","previousOperationId":"8tley6pb4qe2tev"}
{"type":"operationEnd","operationId":"8tley6pb4qe2tev","timestamp":1766696282670,"id":"wiyi8ivabdp1jld","previousEventId":"24tjc4jlgqba7mu","previousOperationId":"8tley6pb4qe2tev"}
{"type":"log","timestamp":1766696282671,"level":"debug","message":"Skipping storing report.","meta":{"rootId":"iz9v3rfe1f1ff1m","id":"iz9v3rfe1f1ff1m"},"id":"vmq7fw5dft2lc2s","previousOperationId":"8tley6pb4qe2tev"}
{"type":"log","timestamp":1766696282671,"level":"info","message":"Rendering request 1 finished in 8079 ms","meta":{"rootId":"iz9v3rfe1f1ff1m","id":"iz9v3rfe1f1ff1m"},"id":"43o3r7z66uid324","previousOperationId":"8tley6pb4qe2tev"}
{"type":"operationEnd","subtype":"render","operationId":"5authzbzw36bda4","timestamp":1766696282671,"id":"z42u6vo84qxtvqj","previousEventId":"wiyi8ivabdp1jld","previousOperationId":"8tley6pb4qe2tev"}
{"type":"operationEnd","doDiffs":false,"previousEventId":"fsy47g1kgwhozhz","previousOperationId":"c340x2l6zthxqne","operationId":"c340x2l6zthxqne","timestamp":1766696282677,"id":"ueu6j8td9kiz89r"}
