{"type":"operationStart","subtype":"profile","data":{"_id":"IhKplEpVDR9uhfzm","timestamp":"2025-12-30T20:08:02.870Z","state":"running","mode":"standard","creationDate":"2025-12-30T20:08:02.872Z","modificationDate":"2025-12-30T20:08:02.872Z","shortid":"jXYMlNu","$entitySet":"profiles","timeout":60000},"doDiffs":false,"timestamp":1767125282871,"id":"5wajx4o1iifdfdz","previousOperationId":null,"operationId":"ij3kdorgkj5ut57"}
{"type":"log","level":"info","message":"Render request 25 queued for execution and waiting for available worker","previousOperationId":"ij3kdorgkj5ut57","timestamp":1767125282871,"id":"zqf5bva526q13e0"}
{"type":"operationStart","subtype":"render","name":"anonymous","previousOperationId":"ij3kdorgkj5ut57","timestamp":1767125282928,"id":"049pvg61b7cog3p","previousEventId":"5wajx4o1iifdfdz","operationId":"oxxxwky8whnvo2k"}
{"type":"log","timestamp":1767125282929,"level":"info","message":"Starting rendering request 25","meta":{"rootId":"izw0371zmp7c4l1","id":"izw0371zmp7c4l1"},"id":"6d4u7wbxhwck4jn","previousOperationId":"oxxxwky8whnvo2k"}
{"type":"log","timestamp":1767125282929,"level":"info","message":"Rendering anonymous template { recipe: pptx, engine: handlebars }","meta":{"rootId":"izw0371zmp7c4l1","id":"izw0371zmp7c4l1"},"id":"fx6qmoslusmi4ew","previousOperationId":"oxxxwky8whnvo2k"}
{"type":"log","timestamp":1767125282929,"level":"debug","message":"Inline data specified.","meta":{"rootId":"izw0371zmp7c4l1","id":"izw0371zmp7c4l1"},"id":"pjx2xsc2tyuabd2","previousOperationId":"oxxxwky8whnvo2k"}
{"type":"log","timestamp":1767125282933,"level":"debug","message":"Base url not specified, skipping its injection.","meta":{"rootId":"izw0371zmp7c4l1","id":"izw0371zmp7c4l1"},"id":"em3xksbxotv6e4x","previousOperationId":"oxxxwky8whnvo2k"}
{"type":"operationStart","subtype":"engine","name":"handlebars","timestamp":1767125282934,"id":"hwdt0x7nswl7ta5","previousEventId":"049pvg61b7cog3p","operationId":"0yeejr8gw0hw3v0","previousOperationId":"oxxxwky8whnvo2k"}
{"type":"log","timestamp":1767125282934,"level":"debug","message":"Rendering engine handlebars","meta":{"rootId":"izw0371zmp7c4l1","id":"izw0371zmp7c4l1"},"id":"9yg58ofdv7zrlow","previousOperationId":"0yeejr8gw0hw3v0"}
{"type":"operationEnd","operationId":"0yeejr8gw0hw3v0","timestamp":1767125282953,"id":"jr4wgxiobbonyrv","previousEventId":"hwdt0x7nswl7ta5","previousOperationId":"0yeejr8gw0hw3v0"}
{"type":"operationStart","subtype":"recipe","name":"pptx","timestamp":1767125282954,"id":"c7453ku30lv9i9q","previousEventId":"jr4wgxiobbonyrv","operationId":"5og0zmtkf8f2h26","previousOperationId":"0yeejr8gw0hw3v0"}
{"type":"log","timestamp":1767125282954,"level":"debug","message":"Executing recipe pptx","meta":{"rootId":"izw0371zmp7c4l1","id":"izw0371zmp7c4l1"},"id":"s4h5zllq550x1f0","previousOperationId":"5og0zmtkf8f2h26"}
{"type":"log","timestamp":1767125282971,"level":"info","message":"pptx generation is starting","meta":{"rootId":"izw0371zmp7c4l1","id":"izw0371zmp7c4l1"},"id":"bc4b2vdd1z6onhx","previousOperationId":"5og0zmtkf8f2h26"}
{"type":"log","timestamp":1767125284123,"level":"debug","message":"Starting child request to render pptx dynamic parts","meta":{"rootId":"izw0371zmp7c4l1","id":"izw0371zmp7c4l1"},"id":"940b37ktbxh1o75","previousOperationId":"5og0zmtkf8f2h26"}
{"type":"operationStart","subtype":"render","name":"anonymous","previousOperationId":"5og0zmtkf8f2h26","timestamp":1767125284123,"id":"sh4g0ya0ms4vfac","previousEventId":"c7453ku30lv9i9q","operationId":"ax9vn7twf91jaa6"}
{"type":"log","timestamp":1767125284123,"level":"info","message":"Starting rendering (child) request","meta":{"rootId":"izw0371zmp7c4l1","id":"20v7e6b3nnfd0px"},"id":"tihafrnn10f265z","previousOperationId":"ax9vn7twf91jaa6"}
{"type":"log","timestamp":1767125284123,"level":"info","message":"Rendering anonymous template { recipe: html, engine: handlebars }","meta":{"rootId":"izw0371zmp7c4l1","id":"20v7e6b3nnfd0px"},"id":"ikc9p4pa4dfudf0","previousOperationId":"ax9vn7twf91jaa6"}
{"type":"log","timestamp":1767125284123,"level":"debug","message":"Inline data specified.","meta":{"rootId":"izw0371zmp7c4l1","id":"20v7e6b3nnfd0px"},"id":"8zxx9ub8pyu1xkd","previousOperationId":"ax9vn7twf91jaa6"}
{"type":"log","timestamp":1767125284128,"level":"debug","message":"Base url not specified, skipping its injection.","meta":{"rootId":"izw0371zmp7c4l1","id":"20v7e6b3nnfd0px"},"id":"6vzp6v5jr0vqk6e","previousOperationId":"ax9vn7twf91jaa6"}
{"type":"operationStart","subtype":"engine","name":"handlebars","timestamp":1767125284129,"id":"9dbzh4c8rkar8ma","previousEventId":"sh4g0ya0ms4vfac","operationId":"jaapikw5rt3j3l2","previousOperationId":"ax9vn7twf91jaa6"}
{"type":"log","timestamp":1767125284129,"level":"debug","message":"Rendering engine handlebars","meta":{"rootId":"izw0371zmp7c4l1","id":"20v7e6b3nnfd0px"},"id":"e7558gh0lfaw8ie","previousOperationId":"jaapikw5rt3j3l2"}
{"type":"log","timestamp":1767125284250,"level":"debug","message":"(console:log) {\n  type: 'echarts@v5a',\n  width: 848,\n  height: 409,\n  option: { radar: [ [Object] ], series: [ [Object] ] }\n}","meta":{"userLevel":true,"rootId":"izw0371zmp7c4l1","id":"20v7e6b3nnfd0px"},"id":"m7x2omkojbolj8h","previousOperationId":"jaapikw5rt3j3l2"}
{"type":"operationEnd","operationId":"jaapikw5rt3j3l2","timestamp":1767125284258,"id":"117n3601hxqkfcw","previousEventId":"9dbzh4c8rkar8ma","previousOperationId":"jaapikw5rt3j3l2"}
{"type":"operationStart","subtype":"recipe","name":"html","timestamp":1767125284268,"id":"h6b4eljz53pftzf","previousEventId":"117n3601hxqkfcw","operationId":"5lk7nxrctb2ztd3","previousOperationId":"jaapikw5rt3j3l2"}
{"type":"log","timestamp":1767125284268,"level":"debug","message":"Executing recipe html","meta":{"rootId":"izw0371zmp7c4l1","id":"20v7e6b3nnfd0px"},"id":"fgx2eb1x4x8sym6","previousOperationId":"5lk7nxrctb2ztd3"}
{"type":"operationEnd","operationId":"5lk7nxrctb2ztd3","timestamp":1767125284268,"id":"99djkd6ryvfxe0c","previousEventId":"h6b4eljz53pftzf","previousOperationId":"5lk7nxrctb2ztd3"}
{"type":"log","timestamp":1767125284268,"level":"debug","message":"Skipping storing report.","meta":{"rootId":"izw0371zmp7c4l1","id":"20v7e6b3nnfd0px"},"id":"4umex10cnw2o2sc","previousOperationId":"5lk7nxrctb2ztd3"}
{"type":"log","timestamp":1767125284268,"level":"info","message":"Rendering (child) request finished in 1399 ms","meta":{"rootId":"izw0371zmp7c4l1","id":"20v7e6b3nnfd0px"},"id":"4jyxp4qm2ap43wm","previousOperationId":"5lk7nxrctb2ztd3"}
{"type":"operationEnd","subtype":"render","operationId":"ax9vn7twf91jaa6","timestamp":1767125284268,"id":"hros9gzob3tj5av","previousEventId":"99djkd6ryvfxe0c","previousOperationId":"5lk7nxrctb2ztd3"}
{"type":"log","timestamp":1767125287746,"level":"debug","message":"pptx successfully zipped","meta":{"rootId":"izw0371zmp7c4l1","id":"izw0371zmp7c4l1"},"id":"w8p3ure8awrxw7c","previousOperationId":"5og0zmtkf8f2h26"}
{"type":"log","timestamp":1767125287746,"level":"info","message":"pptx generation was finished","meta":{"rootId":"izw0371zmp7c4l1","id":"izw0371zmp7c4l1"},"id":"emlc72hddv5meqn","previousOperationId":"5og0zmtkf8f2h26"}
{"type":"operationEnd","operationId":"5og0zmtkf8f2h26","timestamp":1767125287758,"id":"jcy1x8rc7s25kl2","previousEventId":"c7453ku30lv9i9q","previousOperationId":"5og0zmtkf8f2h26"}
{"type":"log","timestamp":1767125287758,"level":"debug","message":"Skipping storing report.","meta":{"rootId":"izw0371zmp7c4l1","id":"izw0371zmp7c4l1"},"id":"km6x5mhd0yi2cch","previousOperationId":"5og0zmtkf8f2h26"}
{"type":"log","timestamp":1767125287758,"level":"info","message":"Rendering request 25 finished in 4889 ms","meta":{"rootId":"izw0371zmp7c4l1","id":"izw0371zmp7c4l1"},"id":"q13aso23ohhv8yo","previousOperationId":"5og0zmtkf8f2h26"}
{"type":"operationEnd","subtype":"render","operationId":"oxxxwky8whnvo2k","timestamp":1767125287758,"id":"wjxy106riru65zl","previousEventId":"jcy1x8rc7s25kl2","previousOperationId":"5og0zmtkf8f2h26"}
{"type":"operationEnd","doDiffs":false,"previousEventId":"5wajx4o1iifdfdz","previousOperationId":"ij3kdorgkj5ut57","operationId":"ij3kdorgkj5ut57","timestamp":1767125287761,"id":"8pyl4nrj1etoc46"}
