{"type":"operationStart","subtype":"profile","data":{"_id":"2XUEQ7XvSwG3qMCu","timestamp":"2025-12-07T21:32:03.524Z","state":"running","mode":"standard","creationDate":"2025-12-07T21:32:03.528Z","modificationDate":"2025-12-07T21:32:03.528Z","shortid":"T7u8vfp","$entitySet":"profiles","timeout":60000},"doDiffs":false,"timestamp":1765143123527,"id":"kqq9w41oztz3tie","previousOperationId":null,"operationId":"23wvh1v898pvv34"}
{"type":"log","level":"info","message":"Render request 7 queued for execution and waiting for available worker","previousOperationId":"23wvh1v898pvv34","timestamp":1765143123527,"id":"6y4vofgbd0l002f"}
{"type":"operationStart","subtype":"render","name":"anonymous","previousOperationId":"23wvh1v898pvv34","timestamp":1765143123571,"id":"21hsnq3aph53k9j","previousEventId":"kqq9w41oztz3tie","operationId":"gq2c95ck1b7od9p"}
{"type":"log","timestamp":1765143123571,"level":"info","message":"Starting rendering request 7","meta":{"rootId":"j3rc5ah0xwhl17t","id":"j3rc5ah0xwhl17t"},"id":"s5uzi6ut1kb034f","previousOperationId":"gq2c95ck1b7od9p"}
{"type":"log","timestamp":1765143123572,"level":"info","message":"Rendering anonymous template { recipe: pptx, engine: handlebars }","meta":{"rootId":"j3rc5ah0xwhl17t","id":"j3rc5ah0xwhl17t"},"id":"axjbp2blwq30lrn","previousOperationId":"gq2c95ck1b7od9p"}
{"type":"log","timestamp":1765143123572,"level":"debug","message":"Inline data specified.","meta":{"rootId":"j3rc5ah0xwhl17t","id":"j3rc5ah0xwhl17t"},"id":"5eyn5g7aqeoxgjq","previousOperationId":"gq2c95ck1b7od9p"}
{"type":"log","timestamp":1765143123579,"level":"debug","message":"Base url not specified, skipping its injection.","meta":{"rootId":"j3rc5ah0xwhl17t","id":"j3rc5ah0xwhl17t"},"id":"xkmc6rgmy3nwacu","previousOperationId":"gq2c95ck1b7od9p"}
{"type":"operationStart","subtype":"engine","name":"handlebars","timestamp":1765143123579,"id":"g21lye26efqco0x","previousEventId":"21hsnq3aph53k9j","operationId":"yxm1cg0t34xj1tu","previousOperationId":"gq2c95ck1b7od9p"}
{"type":"log","timestamp":1765143123579,"level":"debug","message":"Rendering engine handlebars","meta":{"rootId":"j3rc5ah0xwhl17t","id":"j3rc5ah0xwhl17t"},"id":"1om831pz2g7dhj6","previousOperationId":"yxm1cg0t34xj1tu"}
{"type":"operationEnd","operationId":"yxm1cg0t34xj1tu","timestamp":1765143123654,"id":"jgl4ei8movu2u2w","previousEventId":"g21lye26efqco0x","previousOperationId":"yxm1cg0t34xj1tu"}
{"type":"operationStart","subtype":"recipe","name":"pptx","timestamp":1765143123654,"id":"46v4olj5kh41je1","previousEventId":"jgl4ei8movu2u2w","operationId":"1hwecowtma7rszp","previousOperationId":"yxm1cg0t34xj1tu"}
{"type":"log","timestamp":1765143123654,"level":"debug","message":"Executing recipe pptx","meta":{"rootId":"j3rc5ah0xwhl17t","id":"j3rc5ah0xwhl17t"},"id":"qfsud82ic407shb","previousOperationId":"1hwecowtma7rszp"}
{"type":"log","timestamp":1765143123686,"level":"info","message":"pptx generation is starting","meta":{"rootId":"j3rc5ah0xwhl17t","id":"j3rc5ah0xwhl17t"},"id":"8ldo56xjckdngqi","previousOperationId":"1hwecowtma7rszp"}
{"type":"log","timestamp":1765143124820,"level":"debug","message":"Starting child request to render pptx dynamic parts","meta":{"rootId":"j3rc5ah0xwhl17t","id":"j3rc5ah0xwhl17t"},"id":"r6nzk7axvo9swih","previousOperationId":"1hwecowtma7rszp"}
{"type":"operationStart","subtype":"render","name":"anonymous","previousOperationId":"1hwecowtma7rszp","timestamp":1765143124821,"id":"3ddzr23kftwd1ev","previousEventId":"46v4olj5kh41je1","operationId":"je2rqlgnb8kmor1"}
{"type":"log","timestamp":1765143124821,"level":"info","message":"Starting rendering (child) request","meta":{"rootId":"j3rc5ah0xwhl17t","id":"dc3knkg1i6h676i"},"id":"6p90igu4k26j400","previousOperationId":"je2rqlgnb8kmor1"}
{"type":"log","timestamp":1765143124821,"level":"info","message":"Rendering anonymous template { recipe: html, engine: handlebars }","meta":{"rootId":"j3rc5ah0xwhl17t","id":"dc3knkg1i6h676i"},"id":"drmcvjszial5awq","previousOperationId":"je2rqlgnb8kmor1"}
{"type":"log","timestamp":1765143124821,"level":"debug","message":"Inline data specified.","meta":{"rootId":"j3rc5ah0xwhl17t","id":"dc3knkg1i6h676i"},"id":"ro2dh48bm9g1kjg","previousOperationId":"je2rqlgnb8kmor1"}
{"type":"log","timestamp":1765143124826,"level":"debug","message":"Base url not specified, skipping its injection.","meta":{"rootId":"j3rc5ah0xwhl17t","id":"dc3knkg1i6h676i"},"id":"67amqame0ta7197","previousOperationId":"je2rqlgnb8kmor1"}
{"type":"operationStart","subtype":"engine","name":"handlebars","timestamp":1765143124827,"id":"kgm77wyhf0pn8ep","previousEventId":"3ddzr23kftwd1ev","operationId":"vtoxa5zjdx7azqq","previousOperationId":"je2rqlgnb8kmor1"}
{"type":"log","timestamp":1765143124827,"level":"debug","message":"Rendering engine handlebars","meta":{"rootId":"j3rc5ah0xwhl17t","id":"dc3knkg1i6h676i"},"id":"tuldcw5k2bnuib9","previousOperationId":"vtoxa5zjdx7azqq"}
{"type":"operationEnd","operationId":"vtoxa5zjdx7azqq","timestamp":1765143124929,"id":"9ncrobcp8opxdj6","previousEventId":"kgm77wyhf0pn8ep","previousOperationId":"vtoxa5zjdx7azqq"}
{"type":"operationStart","subtype":"recipe","name":"html","timestamp":1765143124941,"id":"nnqboim2073diay","previousEventId":"9ncrobcp8opxdj6","operationId":"bthvaxtdgperte9","previousOperationId":"vtoxa5zjdx7azqq"}
{"type":"log","timestamp":1765143124941,"level":"debug","message":"Executing recipe html","meta":{"rootId":"j3rc5ah0xwhl17t","id":"dc3knkg1i6h676i"},"id":"0w7fzv0k13sdgmv","previousOperationId":"bthvaxtdgperte9"}
{"type":"operationEnd","operationId":"bthvaxtdgperte9","timestamp":1765143124941,"id":"lbb6rasfqhdrfqt","previousEventId":"nnqboim2073diay","previousOperationId":"bthvaxtdgperte9"}
{"type":"log","timestamp":1765143124941,"level":"debug","message":"Skipping storing report.","meta":{"rootId":"j3rc5ah0xwhl17t","id":"dc3knkg1i6h676i"},"id":"kugw4zm1ayg9q1y","previousOperationId":"bthvaxtdgperte9"}
{"type":"log","timestamp":1765143124941,"level":"info","message":"Rendering (child) request finished in 1417 ms","meta":{"rootId":"j3rc5ah0xwhl17t","id":"dc3knkg1i6h676i"},"id":"sfi7oy5z909gf4w","previousOperationId":"bthvaxtdgperte9"}
{"type":"operationEnd","subtype":"render","operationId":"je2rqlgnb8kmor1","timestamp":1765143124941,"id":"wfdfq7v83wdyxce","previousEventId":"lbb6rasfqhdrfqt","previousOperationId":"bthvaxtdgperte9"}
{"type":"log","timestamp":1765143128591,"level":"debug","message":"pptx successfully zipped","meta":{"rootId":"j3rc5ah0xwhl17t","id":"j3rc5ah0xwhl17t"},"id":"y4y9h4dcdhzf5qa","previousOperationId":"1hwecowtma7rszp"}
{"type":"log","timestamp":1765143128591,"level":"info","message":"pptx generation was finished","meta":{"rootId":"j3rc5ah0xwhl17t","id":"j3rc5ah0xwhl17t"},"id":"fql9j9ltikianzy","previousOperationId":"1hwecowtma7rszp"}
{"type":"operationEnd","operationId":"1hwecowtma7rszp","timestamp":1765143128599,"id":"rxsku05msrrd9m0","previousEventId":"46v4olj5kh41je1","previousOperationId":"1hwecowtma7rszp"}
{"type":"log","timestamp":1765143128599,"level":"debug","message":"Skipping storing report.","meta":{"rootId":"j3rc5ah0xwhl17t","id":"j3rc5ah0xwhl17t"},"id":"lvxz2ci2zgbj98l","previousOperationId":"1hwecowtma7rszp"}
{"type":"log","timestamp":1765143128599,"level":"info","message":"Rendering request 7 finished in 5075 ms","meta":{"rootId":"j3rc5ah0xwhl17t","id":"j3rc5ah0xwhl17t"},"id":"u0bwg1paqxj4o7j","previousOperationId":"1hwecowtma7rszp"}
{"type":"operationEnd","subtype":"render","operationId":"gq2c95ck1b7od9p","timestamp":1765143128599,"id":"3n8m5a15qdttq6i","previousEventId":"rxsku05msrrd9m0","previousOperationId":"1hwecowtma7rszp"}
{"type":"operationEnd","doDiffs":false,"previousEventId":"kqq9w41oztz3tie","previousOperationId":"23wvh1v898pvv34","operationId":"23wvh1v898pvv34","timestamp":1765143128602,"id":"cqrnygmenzlspso"}
