{"type":"operationStart","subtype":"profile","data":{"_id":"MSWtU37NTTJDf1R3","timestamp":"2025-12-31T12:06:52.062Z","state":"running","mode":"standard","creationDate":"2025-12-31T12:06:52.076Z","modificationDate":"2025-12-31T12:06:52.076Z","shortid":"ssOdp9v","$entitySet":"profiles","timeout":60000},"doDiffs":false,"timestamp":1767182812068,"id":"l1qodpwd5a6o5v2","previousOperationId":null,"operationId":"jmekehxymg7qfi2"}
{"type":"log","level":"info","message":"Render request 51 queued for execution and waiting for available worker","previousOperationId":"jmekehxymg7qfi2","timestamp":1767182812068,"id":"ganwnbi5ekfpr7a"}
{"type":"operationStart","subtype":"render","name":"anonymous","previousOperationId":"jmekehxymg7qfi2","timestamp":1767182812131,"id":"trk1sp019goy0lo","previousEventId":"l1qodpwd5a6o5v2","operationId":"mzt9ndb0oon627i"}
{"type":"log","timestamp":1767182812132,"level":"info","message":"Starting rendering request 51","meta":{"rootId":"j7g1f4yvdl053q3","id":"j7g1f4yvdl053q3"},"id":"gdf1ayibalqht19","previousOperationId":"mzt9ndb0oon627i"}
{"type":"log","timestamp":1767182812132,"level":"info","message":"Rendering anonymous template { recipe: pptx, engine: handlebars }","meta":{"rootId":"j7g1f4yvdl053q3","id":"j7g1f4yvdl053q3"},"id":"oq1npn9y53qprxm","previousOperationId":"mzt9ndb0oon627i"}
{"type":"log","timestamp":1767182812132,"level":"debug","message":"Inline data specified.","meta":{"rootId":"j7g1f4yvdl053q3","id":"j7g1f4yvdl053q3"},"id":"2ij0h6n2cbdpfp9","previousOperationId":"mzt9ndb0oon627i"}
{"type":"log","timestamp":1767182812135,"level":"debug","message":"Base url not specified, skipping its injection.","meta":{"rootId":"j7g1f4yvdl053q3","id":"j7g1f4yvdl053q3"},"id":"6r54n51u2ejwc4i","previousOperationId":"mzt9ndb0oon627i"}
{"type":"operationStart","subtype":"engine","name":"handlebars","timestamp":1767182812135,"id":"l53awpjv6jx9n3v","previousEventId":"trk1sp019goy0lo","operationId":"ztlhvskdtxzkks3","previousOperationId":"mzt9ndb0oon627i"}
{"type":"log","timestamp":1767182812135,"level":"debug","message":"Rendering engine handlebars","meta":{"rootId":"j7g1f4yvdl053q3","id":"j7g1f4yvdl053q3"},"id":"ab7crjr20i09cw0","previousOperationId":"ztlhvskdtxzkks3"}
{"type":"operationEnd","operationId":"ztlhvskdtxzkks3","timestamp":1767182812156,"id":"lppw2d5wezmp90l","previousEventId":"l53awpjv6jx9n3v","previousOperationId":"ztlhvskdtxzkks3"}
{"type":"operationStart","subtype":"recipe","name":"pptx","timestamp":1767182812157,"id":"bk9f28pbt6z2f57","previousEventId":"lppw2d5wezmp90l","operationId":"gl5vz7z7wyvqmfn","previousOperationId":"ztlhvskdtxzkks3"}
{"type":"log","timestamp":1767182812157,"level":"debug","message":"Executing recipe pptx","meta":{"rootId":"j7g1f4yvdl053q3","id":"j7g1f4yvdl053q3"},"id":"u61kco689lc5s56","previousOperationId":"gl5vz7z7wyvqmfn"}
{"type":"log","timestamp":1767182812181,"level":"info","message":"pptx generation is starting","meta":{"rootId":"j7g1f4yvdl053q3","id":"j7g1f4yvdl053q3"},"id":"9e3ywms7yw28ri3","previousOperationId":"gl5vz7z7wyvqmfn"}
{"type":"log","timestamp":1767182814280,"level":"debug","message":"Starting child request to render pptx dynamic parts","meta":{"rootId":"j7g1f4yvdl053q3","id":"j7g1f4yvdl053q3"},"id":"fr9s4bpchh3itjk","previousOperationId":"gl5vz7z7wyvqmfn"}
{"type":"operationStart","subtype":"render","name":"anonymous","previousOperationId":"gl5vz7z7wyvqmfn","timestamp":1767182814280,"id":"is2azkxbl9t84qx","previousEventId":"bk9f28pbt6z2f57","operationId":"1ldbtmj6fxngpu1"}
{"type":"log","timestamp":1767182814280,"level":"info","message":"Starting rendering (child) request","meta":{"rootId":"j7g1f4yvdl053q3","id":"lpg19o8ryxmnkbn"},"id":"jec4ulsl3aud2bw","previousOperationId":"1ldbtmj6fxngpu1"}
{"type":"log","timestamp":1767182814280,"level":"info","message":"Rendering anonymous template { recipe: html, engine: handlebars }","meta":{"rootId":"j7g1f4yvdl053q3","id":"lpg19o8ryxmnkbn"},"id":"6le8hhhfgyqhb6u","previousOperationId":"1ldbtmj6fxngpu1"}
{"type":"log","timestamp":1767182814280,"level":"debug","message":"Inline data specified.","meta":{"rootId":"j7g1f4yvdl053q3","id":"lpg19o8ryxmnkbn"},"id":"who6w8ih2tlvroj","previousOperationId":"1ldbtmj6fxngpu1"}
{"type":"log","timestamp":1767182814291,"level":"debug","message":"Base url not specified, skipping its injection.","meta":{"rootId":"j7g1f4yvdl053q3","id":"lpg19o8ryxmnkbn"},"id":"r178miaduo45u5i","previousOperationId":"1ldbtmj6fxngpu1"}
{"type":"operationStart","subtype":"engine","name":"handlebars","timestamp":1767182814294,"id":"orsghe3hkqvzcqm","previousEventId":"is2azkxbl9t84qx","operationId":"zkdjbeaq7k1ny1q","previousOperationId":"1ldbtmj6fxngpu1"}
{"type":"log","timestamp":1767182814294,"level":"debug","message":"Rendering engine handlebars","meta":{"rootId":"j7g1f4yvdl053q3","id":"lpg19o8ryxmnkbn"},"id":"q9tdbb025sztodw","previousOperationId":"zkdjbeaq7k1ny1q"}
{"type":"log","timestamp":1767182814548,"level":"debug","message":"(console:log) {\n  type: 'echarts@v5a',\n  width: 848,\n  height: 409,\n  option: { radar: [ [Object] ], series: [ [Object] ] }\n}","meta":{"userLevel":true,"rootId":"j7g1f4yvdl053q3","id":"lpg19o8ryxmnkbn"},"id":"ihmyq3l15ibmh4k","previousOperationId":"zkdjbeaq7k1ny1q"}
{"type":"operationEnd","operationId":"zkdjbeaq7k1ny1q","timestamp":1767182814563,"id":"mk0knx7jrhdqa6u","previousEventId":"orsghe3hkqvzcqm","previousOperationId":"zkdjbeaq7k1ny1q"}
{"type":"operationStart","subtype":"recipe","name":"html","timestamp":1767182814586,"id":"x3w5djm6nm2et2m","previousEventId":"mk0knx7jrhdqa6u","operationId":"zzwcwsyzhpown2g","previousOperationId":"zkdjbeaq7k1ny1q"}
{"type":"log","timestamp":1767182814586,"level":"debug","message":"Executing recipe html","meta":{"rootId":"j7g1f4yvdl053q3","id":"lpg19o8ryxmnkbn"},"id":"6jg0jw8ldremste","previousOperationId":"zzwcwsyzhpown2g"}
{"type":"operationEnd","operationId":"zzwcwsyzhpown2g","timestamp":1767182814586,"id":"t5dgtkssto6e35m","previousEventId":"x3w5djm6nm2et2m","previousOperationId":"zzwcwsyzhpown2g"}
{"type":"log","timestamp":1767182814586,"level":"debug","message":"Skipping storing report.","meta":{"rootId":"j7g1f4yvdl053q3","id":"lpg19o8ryxmnkbn"},"id":"cb7uexq7luzta0m","previousOperationId":"zzwcwsyzhpown2g"}
{"type":"log","timestamp":1767182814586,"level":"info","message":"Rendering (child) request finished in 2525 ms","meta":{"rootId":"j7g1f4yvdl053q3","id":"lpg19o8ryxmnkbn"},"id":"b6jstjnpcx2yctb","previousOperationId":"zzwcwsyzhpown2g"}
{"type":"operationEnd","subtype":"render","operationId":"1ldbtmj6fxngpu1","timestamp":1767182814586,"id":"g5txu9cm49gq67l","previousEventId":"t5dgtkssto6e35m","previousOperationId":"zzwcwsyzhpown2g"}
{"type":"log","timestamp":1767182820963,"level":"debug","message":"pptx successfully zipped","meta":{"rootId":"j7g1f4yvdl053q3","id":"j7g1f4yvdl053q3"},"id":"j0lzckx06ipnui2","previousOperationId":"gl5vz7z7wyvqmfn"}
{"type":"log","timestamp":1767182820963,"level":"info","message":"pptx generation was finished","meta":{"rootId":"j7g1f4yvdl053q3","id":"j7g1f4yvdl053q3"},"id":"51lnnoge1m6y9zj","previousOperationId":"gl5vz7z7wyvqmfn"}
{"type":"operationEnd","operationId":"gl5vz7z7wyvqmfn","timestamp":1767182820975,"id":"dedo44fbiawt2bg","previousEventId":"bk9f28pbt6z2f57","previousOperationId":"gl5vz7z7wyvqmfn"}
{"type":"log","timestamp":1767182820975,"level":"debug","message":"Skipping storing report.","meta":{"rootId":"j7g1f4yvdl053q3","id":"j7g1f4yvdl053q3"},"id":"iqczrlkx1c2cfit","previousOperationId":"gl5vz7z7wyvqmfn"}
{"type":"log","timestamp":1767182820975,"level":"info","message":"Rendering request 51 finished in 8914 ms","meta":{"rootId":"j7g1f4yvdl053q3","id":"j7g1f4yvdl053q3"},"id":"kbzi9ur1zfkrluz","previousOperationId":"gl5vz7z7wyvqmfn"}
{"type":"operationEnd","subtype":"render","operationId":"mzt9ndb0oon627i","timestamp":1767182820975,"id":"9dpg84kiq03jboy","previousEventId":"dedo44fbiawt2bg","previousOperationId":"gl5vz7z7wyvqmfn"}
{"type":"operationEnd","doDiffs":false,"previousEventId":"l1qodpwd5a6o5v2","previousOperationId":"jmekehxymg7qfi2","operationId":"jmekehxymg7qfi2","timestamp":1767182820980,"id":"0xspocfzfiea2sk"}
