{"type":"operationStart","subtype":"profile","data":{"_id":"WDzLXYyuCAVjFuv9","timestamp":"2025-12-31T11:01:05.786Z","state":"running","mode":"standard","creationDate":"2025-12-31T11:01:05.793Z","modificationDate":"2025-12-31T11:01:05.793Z","shortid":"BFDgRCE","$entitySet":"profiles","timeout":60000},"doDiffs":false,"timestamp":1767178865790,"id":"6sq7qajdielxbtl","previousOperationId":null,"operationId":"p63uu0vpko43ftn"}
{"type":"log","level":"info","message":"Render request 26 queued for execution and waiting for available worker","previousOperationId":"p63uu0vpko43ftn","timestamp":1767178865790,"id":"bppntip7tpitk0p"}
{"type":"operationStart","subtype":"render","name":"anonymous","previousOperationId":"p63uu0vpko43ftn","timestamp":1767178865877,"id":"r37q22q25lq4f1t","previousEventId":"6sq7qajdielxbtl","operationId":"lk3cp0b6q25kfp6"}
{"type":"log","timestamp":1767178865878,"level":"info","message":"Starting rendering request 26","meta":{"rootId":"jdnypf9wogvber9","id":"jdnypf9wogvber9"},"id":"mgjcjuzjhfz4ar8","previousOperationId":"lk3cp0b6q25kfp6"}
{"type":"log","timestamp":1767178865878,"level":"info","message":"Rendering anonymous template { recipe: pptx, engine: handlebars }","meta":{"rootId":"jdnypf9wogvber9","id":"jdnypf9wogvber9"},"id":"n7xmpsx8l25w0zq","previousOperationId":"lk3cp0b6q25kfp6"}
{"type":"log","timestamp":1767178865878,"level":"debug","message":"Inline data specified.","meta":{"rootId":"jdnypf9wogvber9","id":"jdnypf9wogvber9"},"id":"ura2dor8xyvxegq","previousOperationId":"lk3cp0b6q25kfp6"}
{"type":"log","timestamp":1767178865882,"level":"debug","message":"Base url not specified, skipping its injection.","meta":{"rootId":"jdnypf9wogvber9","id":"jdnypf9wogvber9"},"id":"yjzjnmtojiyldpw","previousOperationId":"lk3cp0b6q25kfp6"}
{"type":"operationStart","subtype":"engine","name":"handlebars","timestamp":1767178865883,"id":"3lmab4b08zfv3ky","previousEventId":"r37q22q25lq4f1t","operationId":"wxw7pksdfld1u6m","previousOperationId":"lk3cp0b6q25kfp6"}
{"type":"log","timestamp":1767178865883,"level":"debug","message":"Rendering engine handlebars","meta":{"rootId":"jdnypf9wogvber9","id":"jdnypf9wogvber9"},"id":"ju2744w7zjxdq8g","previousOperationId":"wxw7pksdfld1u6m"}
{"type":"operationEnd","operationId":"wxw7pksdfld1u6m","timestamp":1767178865905,"id":"dtanloppdp97c33","previousEventId":"3lmab4b08zfv3ky","previousOperationId":"wxw7pksdfld1u6m"}
{"type":"operationStart","subtype":"recipe","name":"pptx","timestamp":1767178865906,"id":"rmum7jnrxdief0a","previousEventId":"dtanloppdp97c33","operationId":"c4urk2t53hpy0h2","previousOperationId":"wxw7pksdfld1u6m"}
{"type":"log","timestamp":1767178865906,"level":"debug","message":"Executing recipe pptx","meta":{"rootId":"jdnypf9wogvber9","id":"jdnypf9wogvber9"},"id":"wnct35rgpvv0qq0","previousOperationId":"c4urk2t53hpy0h2"}
{"type":"log","timestamp":1767178865938,"level":"info","message":"pptx generation is starting","meta":{"rootId":"jdnypf9wogvber9","id":"jdnypf9wogvber9"},"id":"410zdgao3gvk5uk","previousOperationId":"c4urk2t53hpy0h2"}
{"type":"log","timestamp":1767178867932,"level":"debug","message":"Starting child request to render pptx dynamic parts","meta":{"rootId":"jdnypf9wogvber9","id":"jdnypf9wogvber9"},"id":"sirwqj27cwne2ef","previousOperationId":"c4urk2t53hpy0h2"}
{"type":"operationStart","subtype":"render","name":"anonymous","previousOperationId":"c4urk2t53hpy0h2","timestamp":1767178867933,"id":"8dz86mfhncqncfk","previousEventId":"rmum7jnrxdief0a","operationId":"1kt4o47wx0qmrfs"}
{"type":"log","timestamp":1767178867933,"level":"info","message":"Starting rendering (child) request","meta":{"rootId":"jdnypf9wogvber9","id":"ghyegtyh3wix31t"},"id":"79z9ntzr107ldpj","previousOperationId":"1kt4o47wx0qmrfs"}
{"type":"log","timestamp":1767178867933,"level":"info","message":"Rendering anonymous template { recipe: html, engine: handlebars }","meta":{"rootId":"jdnypf9wogvber9","id":"ghyegtyh3wix31t"},"id":"de2hsn8za6mbvfb","previousOperationId":"1kt4o47wx0qmrfs"}
{"type":"log","timestamp":1767178867933,"level":"debug","message":"Inline data specified.","meta":{"rootId":"jdnypf9wogvber9","id":"ghyegtyh3wix31t"},"id":"rpr25lfozivioii","previousOperationId":"1kt4o47wx0qmrfs"}
{"type":"log","timestamp":1767178867941,"level":"debug","message":"Base url not specified, skipping its injection.","meta":{"rootId":"jdnypf9wogvber9","id":"ghyegtyh3wix31t"},"id":"8lh7agk3rqu30xr","previousOperationId":"1kt4o47wx0qmrfs"}
{"type":"operationStart","subtype":"engine","name":"handlebars","timestamp":1767178867943,"id":"oanidfsjpxtz1fs","previousEventId":"8dz86mfhncqncfk","operationId":"f81m38nykdxjz2c","previousOperationId":"1kt4o47wx0qmrfs"}
{"type":"log","timestamp":1767178867943,"level":"debug","message":"Rendering engine handlebars","meta":{"rootId":"jdnypf9wogvber9","id":"ghyegtyh3wix31t"},"id":"hqxc4grs7s2qsti","previousOperationId":"f81m38nykdxjz2c"}
{"type":"log","timestamp":1767178868171,"level":"debug","message":"(console:log) {\n  type: 'echarts@v5a',\n  width: 848,\n  height: 409,\n  option: { radar: [ [Object] ], series: [ [Object] ] }\n}","meta":{"userLevel":true,"rootId":"jdnypf9wogvber9","id":"ghyegtyh3wix31t"},"id":"slxuttmu9kbzr1v","previousOperationId":"f81m38nykdxjz2c"}
{"type":"operationEnd","operationId":"f81m38nykdxjz2c","timestamp":1767178868185,"id":"eujv16zbt2bkaxh","previousEventId":"oanidfsjpxtz1fs","previousOperationId":"f81m38nykdxjz2c"}
{"type":"operationStart","subtype":"recipe","name":"html","timestamp":1767178868210,"id":"qcnbkwmgml6x7f0","previousEventId":"eujv16zbt2bkaxh","operationId":"dm35s6loj4kelvd","previousOperationId":"f81m38nykdxjz2c"}
{"type":"log","timestamp":1767178868210,"level":"debug","message":"Executing recipe html","meta":{"rootId":"jdnypf9wogvber9","id":"ghyegtyh3wix31t"},"id":"t8fa3bcjo6545v9","previousOperationId":"dm35s6loj4kelvd"}
{"type":"operationEnd","operationId":"dm35s6loj4kelvd","timestamp":1767178868210,"id":"js132y1uqx10s7b","previousEventId":"qcnbkwmgml6x7f0","previousOperationId":"dm35s6loj4kelvd"}
{"type":"log","timestamp":1767178868210,"level":"debug","message":"Skipping storing report.","meta":{"rootId":"jdnypf9wogvber9","id":"ghyegtyh3wix31t"},"id":"glp5siwb5qq87h9","previousOperationId":"dm35s6loj4kelvd"}
{"type":"log","timestamp":1767178868210,"level":"info","message":"Rendering (child) request finished in 2426 ms","meta":{"rootId":"jdnypf9wogvber9","id":"ghyegtyh3wix31t"},"id":"xewyazptt8wt8eo","previousOperationId":"dm35s6loj4kelvd"}
{"type":"operationEnd","subtype":"render","operationId":"1kt4o47wx0qmrfs","timestamp":1767178868210,"id":"1nfkt24v18f4wgm","previousEventId":"js132y1uqx10s7b","previousOperationId":"dm35s6loj4kelvd"}
{"type":"log","timestamp":1767178874369,"level":"debug","message":"pptx successfully zipped","meta":{"rootId":"jdnypf9wogvber9","id":"jdnypf9wogvber9"},"id":"egzmoejw8rty3bq","previousOperationId":"c4urk2t53hpy0h2"}
{"type":"log","timestamp":1767178874369,"level":"info","message":"pptx generation was finished","meta":{"rootId":"jdnypf9wogvber9","id":"jdnypf9wogvber9"},"id":"mp1kh6nftsam4su","previousOperationId":"c4urk2t53hpy0h2"}
{"type":"operationEnd","operationId":"c4urk2t53hpy0h2","timestamp":1767178874379,"id":"6um3sb5dkrfnybr","previousEventId":"rmum7jnrxdief0a","previousOperationId":"c4urk2t53hpy0h2"}
{"type":"log","timestamp":1767178874380,"level":"debug","message":"Skipping storing report.","meta":{"rootId":"jdnypf9wogvber9","id":"jdnypf9wogvber9"},"id":"gezvpjen7b8w1n6","previousOperationId":"c4urk2t53hpy0h2"}
{"type":"log","timestamp":1767178874380,"level":"info","message":"Rendering request 26 finished in 8596 ms","meta":{"rootId":"jdnypf9wogvber9","id":"jdnypf9wogvber9"},"id":"jxu3v5j7azxl19k","previousOperationId":"c4urk2t53hpy0h2"}
{"type":"operationEnd","subtype":"render","operationId":"lk3cp0b6q25kfp6","timestamp":1767178874380,"id":"op7a3y1m1y6cqjn","previousEventId":"6um3sb5dkrfnybr","previousOperationId":"c4urk2t53hpy0h2"}
{"type":"operationEnd","doDiffs":false,"previousEventId":"6sq7qajdielxbtl","previousOperationId":"p63uu0vpko43ftn","operationId":"p63uu0vpko43ftn","timestamp":1767178874385,"id":"4jqw8xoh4slholi"}
