{"type":"operationStart","subtype":"profile","data":{"_id":"lBAhnBco7CkoLry7","timestamp":"2025-12-07T20:31:46.035Z","state":"running","mode":"standard","creationDate":"2025-12-07T20:31:46.037Z","modificationDate":"2025-12-07T20:31:46.037Z","shortid":"7iOmAeO","$entitySet":"profiles","timeout":60000},"doDiffs":false,"timestamp":1765139506036,"id":"utc2vmp3232xpuo","previousOperationId":null,"operationId":"d9vfpneyeqj5250"}
{"type":"log","level":"info","message":"Render request 44 queued for execution and waiting for available worker","previousOperationId":"d9vfpneyeqj5250","timestamp":1765139506036,"id":"7gvlsg5hqujpkwr"}
{"type":"operationStart","subtype":"render","name":"anonymous","previousOperationId":"d9vfpneyeqj5250","timestamp":1765139506089,"id":"fncd6ua30ed2z4r","previousEventId":"utc2vmp3232xpuo","operationId":"n7bnx8h1i5nz1yf"}
{"type":"log","timestamp":1765139506089,"level":"info","message":"Starting rendering request 44","meta":{"rootId":"jlp3hlhmz7jkrd7","id":"jlp3hlhmz7jkrd7"},"id":"8c9eq49h6zco1sy","previousOperationId":"n7bnx8h1i5nz1yf"}
{"type":"log","timestamp":1765139506090,"level":"info","message":"Rendering anonymous template { recipe: pptx, engine: handlebars }","meta":{"rootId":"jlp3hlhmz7jkrd7","id":"jlp3hlhmz7jkrd7"},"id":"y7lffm8ygl6xkbs","previousOperationId":"n7bnx8h1i5nz1yf"}
{"type":"log","timestamp":1765139506090,"level":"debug","message":"Inline data specified.","meta":{"rootId":"jlp3hlhmz7jkrd7","id":"jlp3hlhmz7jkrd7"},"id":"os58uttz5da2h7h","previousOperationId":"n7bnx8h1i5nz1yf"}
{"type":"log","timestamp":1765139506093,"level":"debug","message":"Base url not specified, skipping its injection.","meta":{"rootId":"jlp3hlhmz7jkrd7","id":"jlp3hlhmz7jkrd7"},"id":"t2gcr7kej565lue","previousOperationId":"n7bnx8h1i5nz1yf"}
{"type":"operationStart","subtype":"engine","name":"handlebars","timestamp":1765139506093,"id":"xn1i9891thxy7uv","previousEventId":"fncd6ua30ed2z4r","operationId":"p32up18gphbs3hu","previousOperationId":"n7bnx8h1i5nz1yf"}
{"type":"log","timestamp":1765139506093,"level":"debug","message":"Rendering engine handlebars","meta":{"rootId":"jlp3hlhmz7jkrd7","id":"jlp3hlhmz7jkrd7"},"id":"bftycrx15cwqxqw","previousOperationId":"p32up18gphbs3hu"}
{"type":"operationEnd","operationId":"p32up18gphbs3hu","timestamp":1765139506112,"id":"weun8wvi6hemsmj","previousEventId":"xn1i9891thxy7uv","previousOperationId":"p32up18gphbs3hu"}
{"type":"operationStart","subtype":"recipe","name":"pptx","timestamp":1765139506112,"id":"baillm06ewsi06h","previousEventId":"weun8wvi6hemsmj","operationId":"v10m80fbvfs1pmf","previousOperationId":"p32up18gphbs3hu"}
{"type":"log","timestamp":1765139506112,"level":"debug","message":"Executing recipe pptx","meta":{"rootId":"jlp3hlhmz7jkrd7","id":"jlp3hlhmz7jkrd7"},"id":"m779va1h312k5ii","previousOperationId":"v10m80fbvfs1pmf"}
{"type":"log","timestamp":1765139506126,"level":"info","message":"pptx generation is starting","meta":{"rootId":"jlp3hlhmz7jkrd7","id":"jlp3hlhmz7jkrd7"},"id":"x7k9kc79fbl2m42","previousOperationId":"v10m80fbvfs1pmf"}
{"type":"log","timestamp":1765139507214,"level":"debug","message":"Starting child request to render pptx dynamic parts","meta":{"rootId":"jlp3hlhmz7jkrd7","id":"jlp3hlhmz7jkrd7"},"id":"36lw2674y7cuzuo","previousOperationId":"v10m80fbvfs1pmf"}
{"type":"operationStart","subtype":"render","name":"anonymous","previousOperationId":"v10m80fbvfs1pmf","timestamp":1765139507215,"id":"h7a9a1yh5e35xpj","previousEventId":"baillm06ewsi06h","operationId":"44inbhgvuowbs1n"}
{"type":"log","timestamp":1765139507215,"level":"info","message":"Starting rendering (child) request","meta":{"rootId":"jlp3hlhmz7jkrd7","id":"9in4tsyvyd5092k"},"id":"8s91ktl6cnyscug","previousOperationId":"44inbhgvuowbs1n"}
{"type":"log","timestamp":1765139507215,"level":"info","message":"Rendering anonymous template { recipe: html, engine: handlebars }","meta":{"rootId":"jlp3hlhmz7jkrd7","id":"9in4tsyvyd5092k"},"id":"dm9vf0yezqmwsgd","previousOperationId":"44inbhgvuowbs1n"}
{"type":"log","timestamp":1765139507215,"level":"debug","message":"Inline data specified.","meta":{"rootId":"jlp3hlhmz7jkrd7","id":"9in4tsyvyd5092k"},"id":"10dhw9yyest9u74","previousOperationId":"44inbhgvuowbs1n"}
{"type":"log","timestamp":1765139507218,"level":"debug","message":"Base url not specified, skipping its injection.","meta":{"rootId":"jlp3hlhmz7jkrd7","id":"9in4tsyvyd5092k"},"id":"cobtllqnx2gyatf","previousOperationId":"44inbhgvuowbs1n"}
{"type":"operationStart","subtype":"engine","name":"handlebars","timestamp":1765139507219,"id":"lvq9z1cgqe9nlyo","previousEventId":"h7a9a1yh5e35xpj","operationId":"rbozbbmfw34h7wl","previousOperationId":"44inbhgvuowbs1n"}
{"type":"log","timestamp":1765139507219,"level":"debug","message":"Rendering engine handlebars","meta":{"rootId":"jlp3hlhmz7jkrd7","id":"9in4tsyvyd5092k"},"id":"g1zf2hlptkj08t0","previousOperationId":"rbozbbmfw34h7wl"}
{"type":"operationEnd","operationId":"rbozbbmfw34h7wl","timestamp":1765139507313,"id":"g50hjam9diezmmo","previousEventId":"lvq9z1cgqe9nlyo","previousOperationId":"rbozbbmfw34h7wl"}
{"type":"operationStart","subtype":"recipe","name":"html","timestamp":1765139507322,"id":"9cdah9m0ydojauw","previousEventId":"g50hjam9diezmmo","operationId":"h5picvnkajgk42h","previousOperationId":"rbozbbmfw34h7wl"}
{"type":"log","timestamp":1765139507322,"level":"debug","message":"Executing recipe html","meta":{"rootId":"jlp3hlhmz7jkrd7","id":"9in4tsyvyd5092k"},"id":"5lsycndrfcqlb68","previousOperationId":"h5picvnkajgk42h"}
{"type":"operationEnd","operationId":"h5picvnkajgk42h","timestamp":1765139507322,"id":"94p8egpzxd4vn7a","previousEventId":"9cdah9m0ydojauw","previousOperationId":"h5picvnkajgk42h"}
{"type":"log","timestamp":1765139507322,"level":"debug","message":"Skipping storing report.","meta":{"rootId":"jlp3hlhmz7jkrd7","id":"9in4tsyvyd5092k"},"id":"8tpxfetpnibhv8h","previousOperationId":"h5picvnkajgk42h"}
{"type":"log","timestamp":1765139507322,"level":"info","message":"Rendering (child) request finished in 1288 ms","meta":{"rootId":"jlp3hlhmz7jkrd7","id":"9in4tsyvyd5092k"},"id":"f8pur44p2pw7yjc","previousOperationId":"h5picvnkajgk42h"}
{"type":"operationEnd","subtype":"render","operationId":"44inbhgvuowbs1n","timestamp":1765139507322,"id":"s5xcrzeldmn8hsg","previousEventId":"94p8egpzxd4vn7a","previousOperationId":"h5picvnkajgk42h"}
{"type":"log","timestamp":1765139512386,"level":"debug","message":"pptx successfully zipped","meta":{"rootId":"jlp3hlhmz7jkrd7","id":"jlp3hlhmz7jkrd7"},"id":"aki1pxxqtiy6jaz","previousOperationId":"v10m80fbvfs1pmf"}
{"type":"log","timestamp":1765139512386,"level":"info","message":"pptx generation was finished","meta":{"rootId":"jlp3hlhmz7jkrd7","id":"jlp3hlhmz7jkrd7"},"id":"q8d0bccajnfba5b","previousOperationId":"v10m80fbvfs1pmf"}
{"type":"operationEnd","operationId":"v10m80fbvfs1pmf","timestamp":1765139512393,"id":"m6lsosnoe65wqia","previousEventId":"baillm06ewsi06h","previousOperationId":"v10m80fbvfs1pmf"}
{"type":"log","timestamp":1765139512393,"level":"debug","message":"Skipping storing report.","meta":{"rootId":"jlp3hlhmz7jkrd7","id":"jlp3hlhmz7jkrd7"},"id":"duknaj5w588dcr2","previousOperationId":"v10m80fbvfs1pmf"}
{"type":"log","timestamp":1765139512393,"level":"info","message":"Rendering request 44 finished in 6359 ms","meta":{"rootId":"jlp3hlhmz7jkrd7","id":"jlp3hlhmz7jkrd7"},"id":"a2bpcc306e7yij2","previousOperationId":"v10m80fbvfs1pmf"}
{"type":"operationEnd","subtype":"render","operationId":"n7bnx8h1i5nz1yf","timestamp":1765139512393,"id":"o8r86m1rkgglygq","previousEventId":"m6lsosnoe65wqia","previousOperationId":"v10m80fbvfs1pmf"}
{"type":"operationEnd","doDiffs":false,"previousEventId":"utc2vmp3232xpuo","previousOperationId":"d9vfpneyeqj5250","operationId":"d9vfpneyeqj5250","timestamp":1765139512396,"id":"8tdfhdev7dxt5k4"}
