{"type":"operationStart","subtype":"profile","data":{"_id":"jEwZi9NsfzY86Gy2","timestamp":"2025-12-28T14:30:22.246Z","state":"running","mode":"standard","creationDate":"2025-12-28T14:30:22.250Z","modificationDate":"2025-12-28T14:30:22.250Z","shortid":"R19RtDS","$entitySet":"profiles","timeout":60000},"doDiffs":false,"timestamp":1766932222248,"id":"n3lqrxegwiexhif","previousOperationId":null,"operationId":"1axmu2gtiw0cshi"}
{"type":"log","level":"info","message":"Render request 21 queued for execution and waiting for available worker","previousOperationId":"1axmu2gtiw0cshi","timestamp":1766932222249,"id":"6p354ebw7imd88z"}
{"type":"operationStart","subtype":"render","name":"anonymous","previousOperationId":"1axmu2gtiw0cshi","timestamp":1766932222293,"id":"s2s6ih8wmbgz78m","previousEventId":"n3lqrxegwiexhif","operationId":"ek3s0kda7m4ss3o"}
{"type":"log","timestamp":1766932222294,"level":"info","message":"Starting rendering request 21","meta":{"rootId":"jlvfxzync1wg79q","id":"jlvfxzync1wg79q"},"id":"xyv455om3ae3gej","previousOperationId":"ek3s0kda7m4ss3o"}
{"type":"log","timestamp":1766932222294,"level":"info","message":"Rendering anonymous template { recipe: pptx, engine: handlebars }","meta":{"rootId":"jlvfxzync1wg79q","id":"jlvfxzync1wg79q"},"id":"8zq89twemmudd19","previousOperationId":"ek3s0kda7m4ss3o"}
{"type":"log","timestamp":1766932222294,"level":"debug","message":"Inline data specified.","meta":{"rootId":"jlvfxzync1wg79q","id":"jlvfxzync1wg79q"},"id":"4uu91j2fc57hlf0","previousOperationId":"ek3s0kda7m4ss3o"}
{"type":"log","timestamp":1766932222298,"level":"debug","message":"Base url not specified, skipping its injection.","meta":{"rootId":"jlvfxzync1wg79q","id":"jlvfxzync1wg79q"},"id":"pyiha2ppnqubnpu","previousOperationId":"ek3s0kda7m4ss3o"}
{"type":"operationStart","subtype":"engine","name":"handlebars","timestamp":1766932222299,"id":"fan3jsdqijjbqml","previousEventId":"s2s6ih8wmbgz78m","operationId":"qwpu1izikny0spm","previousOperationId":"ek3s0kda7m4ss3o"}
{"type":"log","timestamp":1766932222299,"level":"debug","message":"Rendering engine handlebars","meta":{"rootId":"jlvfxzync1wg79q","id":"jlvfxzync1wg79q"},"id":"awqxfl23hm3aja7","previousOperationId":"qwpu1izikny0spm"}
{"type":"operationEnd","operationId":"qwpu1izikny0spm","timestamp":1766932222309,"id":"wjoychv0x8sntas","previousEventId":"fan3jsdqijjbqml","previousOperationId":"qwpu1izikny0spm"}
{"type":"operationStart","subtype":"recipe","name":"pptx","timestamp":1766932222310,"id":"sifkv58exxr211c","previousEventId":"wjoychv0x8sntas","operationId":"nee7wtfll8iostj","previousOperationId":"qwpu1izikny0spm"}
{"type":"log","timestamp":1766932222310,"level":"debug","message":"Executing recipe pptx","meta":{"rootId":"jlvfxzync1wg79q","id":"jlvfxzync1wg79q"},"id":"d1anmpxvpyg54wk","previousOperationId":"nee7wtfll8iostj"}
{"type":"log","timestamp":1766932222336,"level":"info","message":"pptx generation is starting","meta":{"rootId":"jlvfxzync1wg79q","id":"jlvfxzync1wg79q"},"id":"b89nhuacz3ut2gv","previousOperationId":"nee7wtfll8iostj"}
{"type":"log","timestamp":1766932223459,"level":"debug","message":"Starting child request to render pptx dynamic parts","meta":{"rootId":"jlvfxzync1wg79q","id":"jlvfxzync1wg79q"},"id":"nmsyu4aji3sira6","previousOperationId":"nee7wtfll8iostj"}
{"type":"operationStart","subtype":"render","name":"anonymous","previousOperationId":"nee7wtfll8iostj","timestamp":1766932223460,"id":"myy2r6gl308j6x1","previousEventId":"sifkv58exxr211c","operationId":"ukf1lcs05ogc61q"}
{"type":"log","timestamp":1766932223460,"level":"info","message":"Starting rendering (child) request","meta":{"rootId":"jlvfxzync1wg79q","id":"wofley2t8n9ldsh"},"id":"vkkzrh4lt7pv8op","previousOperationId":"ukf1lcs05ogc61q"}
{"type":"log","timestamp":1766932223460,"level":"info","message":"Rendering anonymous template { recipe: html, engine: handlebars }","meta":{"rootId":"jlvfxzync1wg79q","id":"wofley2t8n9ldsh"},"id":"kuhmsrj4rn21oai","previousOperationId":"ukf1lcs05ogc61q"}
{"type":"log","timestamp":1766932223460,"level":"debug","message":"Inline data specified.","meta":{"rootId":"jlvfxzync1wg79q","id":"wofley2t8n9ldsh"},"id":"thftnv291nlqvmx","previousOperationId":"ukf1lcs05ogc61q"}
{"type":"log","timestamp":1766932223463,"level":"debug","message":"Base url not specified, skipping its injection.","meta":{"rootId":"jlvfxzync1wg79q","id":"wofley2t8n9ldsh"},"id":"0blaes88s5o14gh","previousOperationId":"ukf1lcs05ogc61q"}
{"type":"operationStart","subtype":"engine","name":"handlebars","timestamp":1766932223464,"id":"o9jk9j9riopecj5","previousEventId":"myy2r6gl308j6x1","operationId":"acw7sttca6ig8li","previousOperationId":"ukf1lcs05ogc61q"}
{"type":"log","timestamp":1766932223464,"level":"debug","message":"Rendering engine handlebars","meta":{"rootId":"jlvfxzync1wg79q","id":"wofley2t8n9ldsh"},"id":"f99gjdtsvsjgaiu","previousOperationId":"acw7sttca6ig8li"}
{"type":"log","timestamp":1766932223586,"level":"debug","message":"(console:log) {\n  type: 'echarts@v5a',\n  width: 848,\n  height: 409,\n  option: { radar: [ [Object] ], series: [ [Object] ] }\n}","meta":{"userLevel":true,"rootId":"jlvfxzync1wg79q","id":"wofley2t8n9ldsh"},"id":"34vqt1ffhvddqny","previousOperationId":"acw7sttca6ig8li"}
{"type":"operationEnd","operationId":"acw7sttca6ig8li","timestamp":1766932223592,"id":"nkjfwql5aig5wln","previousEventId":"o9jk9j9riopecj5","previousOperationId":"acw7sttca6ig8li"}
{"type":"operationStart","subtype":"recipe","name":"html","timestamp":1766932223602,"id":"k0easb7kbpiftm6","previousEventId":"nkjfwql5aig5wln","operationId":"er4j83ust6353xi","previousOperationId":"acw7sttca6ig8li"}
{"type":"log","timestamp":1766932223602,"level":"debug","message":"Executing recipe html","meta":{"rootId":"jlvfxzync1wg79q","id":"wofley2t8n9ldsh"},"id":"t8u5l0qvc4pwagk","previousOperationId":"er4j83ust6353xi"}
{"type":"operationEnd","operationId":"er4j83ust6353xi","timestamp":1766932223602,"id":"bv7s7jdtqiokgpp","previousEventId":"k0easb7kbpiftm6","previousOperationId":"er4j83ust6353xi"}
{"type":"log","timestamp":1766932223603,"level":"debug","message":"Skipping storing report.","meta":{"rootId":"jlvfxzync1wg79q","id":"wofley2t8n9ldsh"},"id":"6m9w8tpsjgf2tkh","previousOperationId":"er4j83ust6353xi"}
{"type":"log","timestamp":1766932223603,"level":"info","message":"Rendering (child) request finished in 1357 ms","meta":{"rootId":"jlvfxzync1wg79q","id":"wofley2t8n9ldsh"},"id":"z08eq8mmqe4qywe","previousOperationId":"er4j83ust6353xi"}
{"type":"operationEnd","subtype":"render","operationId":"ukf1lcs05ogc61q","timestamp":1766932223603,"id":"ivsx6ouch3tex6c","previousEventId":"bv7s7jdtqiokgpp","previousOperationId":"er4j83ust6353xi"}
{"type":"log","timestamp":1766932226718,"level":"debug","message":"pptx successfully zipped","meta":{"rootId":"jlvfxzync1wg79q","id":"jlvfxzync1wg79q"},"id":"vj18ppx6tmlq9qx","previousOperationId":"nee7wtfll8iostj"}
{"type":"log","timestamp":1766932226719,"level":"info","message":"pptx generation was finished","meta":{"rootId":"jlvfxzync1wg79q","id":"jlvfxzync1wg79q"},"id":"egftkd1tmnhybov","previousOperationId":"nee7wtfll8iostj"}
{"type":"operationEnd","operationId":"nee7wtfll8iostj","timestamp":1766932226728,"id":"96qbepb92t59d6j","previousEventId":"sifkv58exxr211c","previousOperationId":"nee7wtfll8iostj"}
{"type":"log","timestamp":1766932226729,"level":"debug","message":"Skipping storing report.","meta":{"rootId":"jlvfxzync1wg79q","id":"jlvfxzync1wg79q"},"id":"yhesc2kqih8lhru","previousOperationId":"nee7wtfll8iostj"}
{"type":"log","timestamp":1766932226729,"level":"info","message":"Rendering request 21 finished in 4483 ms","meta":{"rootId":"jlvfxzync1wg79q","id":"jlvfxzync1wg79q"},"id":"csm9s03zqkwndmf","previousOperationId":"nee7wtfll8iostj"}
{"type":"operationEnd","subtype":"render","operationId":"ek3s0kda7m4ss3o","timestamp":1766932226729,"id":"uz5azcuwucpiw7l","previousEventId":"96qbepb92t59d6j","previousOperationId":"nee7wtfll8iostj"}
{"type":"operationEnd","doDiffs":false,"previousEventId":"n3lqrxegwiexhif","previousOperationId":"1axmu2gtiw0cshi","operationId":"1axmu2gtiw0cshi","timestamp":1766932226733,"id":"z8evlfwkipjy4xw"}
