{"type":"operationStart","subtype":"profile","data":{"_id":"UEU5KmpF9IHdbMuK","timestamp":"2025-12-07T21:41:25.014Z","state":"running","mode":"standard","creationDate":"2025-12-07T21:41:25.026Z","modificationDate":"2025-12-07T21:41:25.026Z","shortid":"Fbg2PvE","$entitySet":"profiles","timeout":60000},"doDiffs":false,"timestamp":1765143685024,"id":"b385bqf9h2qiia5","previousOperationId":null,"operationId":"t2bi5agon3edtdw"}
{"type":"log","level":"info","message":"Render request 10 queued for execution and waiting for available worker","previousOperationId":"t2bi5agon3edtdw","timestamp":1765143685024,"id":"98yqgsvf8v01a09"}
{"type":"operationStart","subtype":"render","name":"anonymous","previousOperationId":"t2bi5agon3edtdw","timestamp":1765143685066,"id":"nhadr99ni90udoz","previousEventId":"b385bqf9h2qiia5","operationId":"46uuc7wg46reimx"}
{"type":"log","timestamp":1765143685067,"level":"info","message":"Starting rendering request 10","meta":{"rootId":"jo2kirr11mv1pna","id":"jo2kirr11mv1pna"},"id":"x80o011tbukhw36","previousOperationId":"46uuc7wg46reimx"}
{"type":"log","timestamp":1765143685067,"level":"info","message":"Rendering anonymous template { recipe: pptx, engine: handlebars }","meta":{"rootId":"jo2kirr11mv1pna","id":"jo2kirr11mv1pna"},"id":"wxbskf6b54g3ege","previousOperationId":"46uuc7wg46reimx"}
{"type":"log","timestamp":1765143685069,"level":"debug","message":"Inline data specified.","meta":{"rootId":"jo2kirr11mv1pna","id":"jo2kirr11mv1pna"},"id":"qaxs3l9d8an4dbk","previousOperationId":"46uuc7wg46reimx"}
{"type":"log","timestamp":1765143685073,"level":"debug","message":"Base url not specified, skipping its injection.","meta":{"rootId":"jo2kirr11mv1pna","id":"jo2kirr11mv1pna"},"id":"dypxnghybs764an","previousOperationId":"46uuc7wg46reimx"}
{"type":"operationStart","subtype":"engine","name":"handlebars","timestamp":1765143685074,"id":"lfut720osgljri3","previousEventId":"nhadr99ni90udoz","operationId":"34vrju6vuyoqqtc","previousOperationId":"46uuc7wg46reimx"}
{"type":"log","timestamp":1765143685074,"level":"debug","message":"Rendering engine handlebars","meta":{"rootId":"jo2kirr11mv1pna","id":"jo2kirr11mv1pna"},"id":"zxf9h24n89dhq15","previousOperationId":"34vrju6vuyoqqtc"}
{"type":"operationEnd","operationId":"34vrju6vuyoqqtc","timestamp":1765143685157,"id":"8rr3rduc8ars7y8","previousEventId":"lfut720osgljri3","previousOperationId":"34vrju6vuyoqqtc"}
{"type":"operationStart","subtype":"recipe","name":"pptx","timestamp":1765143685157,"id":"o4bp0czrznpw7yz","previousEventId":"8rr3rduc8ars7y8","operationId":"tupqo12ldsuv779","previousOperationId":"34vrju6vuyoqqtc"}
{"type":"log","timestamp":1765143685157,"level":"debug","message":"Executing recipe pptx","meta":{"rootId":"jo2kirr11mv1pna","id":"jo2kirr11mv1pna"},"id":"0n6caoeen5ggyaa","previousOperationId":"tupqo12ldsuv779"}
{"type":"log","timestamp":1765143685171,"level":"info","message":"pptx generation is starting","meta":{"rootId":"jo2kirr11mv1pna","id":"jo2kirr11mv1pna"},"id":"ugh9xaoqcbrv9f7","previousOperationId":"tupqo12ldsuv779"}
{"type":"log","timestamp":1765143686220,"level":"debug","message":"Starting child request to render pptx dynamic parts","meta":{"rootId":"jo2kirr11mv1pna","id":"jo2kirr11mv1pna"},"id":"h8h5q9whp9oaoqy","previousOperationId":"tupqo12ldsuv779"}
{"type":"operationStart","subtype":"render","name":"anonymous","previousOperationId":"tupqo12ldsuv779","timestamp":1765143686220,"id":"1duszqgt8cuszet","previousEventId":"o4bp0czrznpw7yz","operationId":"zxjvfw3tfik6l8b"}
{"type":"log","timestamp":1765143686220,"level":"info","message":"Starting rendering (child) request","meta":{"rootId":"jo2kirr11mv1pna","id":"rhy0x2vxvxrxoxg"},"id":"3sccz9zgrncsi9a","previousOperationId":"zxjvfw3tfik6l8b"}
{"type":"log","timestamp":1765143686220,"level":"info","message":"Rendering anonymous template { recipe: html, engine: handlebars }","meta":{"rootId":"jo2kirr11mv1pna","id":"rhy0x2vxvxrxoxg"},"id":"kq8bqer7zhf7gb0","previousOperationId":"zxjvfw3tfik6l8b"}
{"type":"log","timestamp":1765143686220,"level":"debug","message":"Inline data specified.","meta":{"rootId":"jo2kirr11mv1pna","id":"rhy0x2vxvxrxoxg"},"id":"jntq9ukclybywl1","previousOperationId":"zxjvfw3tfik6l8b"}
{"type":"log","timestamp":1765143686224,"level":"debug","message":"Base url not specified, skipping its injection.","meta":{"rootId":"jo2kirr11mv1pna","id":"rhy0x2vxvxrxoxg"},"id":"q8cwidbz2ogkr7k","previousOperationId":"zxjvfw3tfik6l8b"}
{"type":"operationStart","subtype":"engine","name":"handlebars","timestamp":1765143686225,"id":"1r0d66q7nx02b52","previousEventId":"1duszqgt8cuszet","operationId":"9ytpo7dszr2nnhj","previousOperationId":"zxjvfw3tfik6l8b"}
{"type":"log","timestamp":1765143686225,"level":"debug","message":"Rendering engine handlebars","meta":{"rootId":"jo2kirr11mv1pna","id":"rhy0x2vxvxrxoxg"},"id":"3c508776wry98t1","previousOperationId":"9ytpo7dszr2nnhj"}
{"type":"operationEnd","operationId":"9ytpo7dszr2nnhj","timestamp":1765143686306,"id":"mzbtgfil89hub4x","previousEventId":"1r0d66q7nx02b52","previousOperationId":"9ytpo7dszr2nnhj"}
{"type":"operationStart","subtype":"recipe","name":"html","timestamp":1765143686312,"id":"tc739aiyhoj3iib","previousEventId":"mzbtgfil89hub4x","operationId":"qwdthpy44s73gak","previousOperationId":"9ytpo7dszr2nnhj"}
{"type":"log","timestamp":1765143686312,"level":"debug","message":"Executing recipe html","meta":{"rootId":"jo2kirr11mv1pna","id":"rhy0x2vxvxrxoxg"},"id":"9tq0pkac7pgz1xb","previousOperationId":"qwdthpy44s73gak"}
{"type":"operationEnd","operationId":"qwdthpy44s73gak","timestamp":1765143686312,"id":"tctp0e1tbpbhjm4","previousEventId":"tc739aiyhoj3iib","previousOperationId":"qwdthpy44s73gak"}
{"type":"log","timestamp":1765143686312,"level":"debug","message":"Skipping storing report.","meta":{"rootId":"jo2kirr11mv1pna","id":"rhy0x2vxvxrxoxg"},"id":"gec64w61mw4mvhx","previousOperationId":"qwdthpy44s73gak"}
{"type":"log","timestamp":1765143686312,"level":"info","message":"Rendering (child) request finished in 1299 ms","meta":{"rootId":"jo2kirr11mv1pna","id":"rhy0x2vxvxrxoxg"},"id":"pq3exj0uclaosgl","previousOperationId":"qwdthpy44s73gak"}
{"type":"operationEnd","subtype":"render","operationId":"zxjvfw3tfik6l8b","timestamp":1765143686312,"id":"9ob00rb5mz3bnuz","previousEventId":"tctp0e1tbpbhjm4","previousOperationId":"qwdthpy44s73gak"}
{"type":"log","timestamp":1765143689245,"level":"debug","message":"pptx successfully zipped","meta":{"rootId":"jo2kirr11mv1pna","id":"jo2kirr11mv1pna"},"id":"yl3hu8ayq3u64g1","previousOperationId":"tupqo12ldsuv779"}
{"type":"log","timestamp":1765143689245,"level":"info","message":"pptx generation was finished","meta":{"rootId":"jo2kirr11mv1pna","id":"jo2kirr11mv1pna"},"id":"99v2rc0h7eaw9nz","previousOperationId":"tupqo12ldsuv779"}
{"type":"operationEnd","operationId":"tupqo12ldsuv779","timestamp":1765143689252,"id":"ajeylsraltn40l9","previousEventId":"o4bp0czrznpw7yz","previousOperationId":"tupqo12ldsuv779"}
{"type":"log","timestamp":1765143689253,"level":"debug","message":"Skipping storing report.","meta":{"rootId":"jo2kirr11mv1pna","id":"jo2kirr11mv1pna"},"id":"397d918ml1x3ppl","previousOperationId":"tupqo12ldsuv779"}
{"type":"log","timestamp":1765143689253,"level":"info","message":"Rendering request 10 finished in 4240 ms","meta":{"rootId":"jo2kirr11mv1pna","id":"jo2kirr11mv1pna"},"id":"fqj1yvz1k4rb608","previousOperationId":"tupqo12ldsuv779"}
{"type":"operationEnd","subtype":"render","operationId":"46uuc7wg46reimx","timestamp":1765143689253,"id":"gnj2gti4nui1clr","previousEventId":"ajeylsraltn40l9","previousOperationId":"tupqo12ldsuv779"}
{"type":"operationEnd","doDiffs":false,"previousEventId":"b385bqf9h2qiia5","previousOperationId":"t2bi5agon3edtdw","operationId":"t2bi5agon3edtdw","timestamp":1765143689256,"id":"gcux6sa0ecvhffj"}
