{"type":"operationStart","subtype":"profile","data":{"_id":"R5cADYunyznfwxhw","timestamp":"2025-12-07T15:40:06.777Z","state":"running","mode":"standard","creationDate":"2025-12-07T15:40:06.781Z","modificationDate":"2025-12-07T15:40:06.781Z","shortid":"q8hdYmy","$entitySet":"profiles","timeout":60000},"doDiffs":false,"timestamp":1765122006779,"id":"6rrgvc27btg7da6","previousOperationId":null,"operationId":"x7zcyzkpxre260s"}
{"type":"log","level":"info","message":"Render request 8 queued for execution and waiting for available worker","previousOperationId":"x7zcyzkpxre260s","timestamp":1765122006780,"id":"l5jnm7qaet2tpv3"}
{"type":"operationStart","subtype":"render","name":"anonymous","previousOperationId":"x7zcyzkpxre260s","timestamp":1765122006841,"id":"2l9iwy1l9vdjuau","previousEventId":"6rrgvc27btg7da6","operationId":"fk5yzbij4pjpufh"}
{"type":"log","timestamp":1765122006842,"level":"info","message":"Starting rendering request 8","meta":{"rootId":"jodjcvtuc1rddzh","id":"jodjcvtuc1rddzh"},"id":"67gvecuhagqd4mq","previousOperationId":"fk5yzbij4pjpufh"}
{"type":"log","timestamp":1765122006842,"level":"info","message":"Rendering anonymous template { recipe: pptx, engine: handlebars }","meta":{"rootId":"jodjcvtuc1rddzh","id":"jodjcvtuc1rddzh"},"id":"krsumgt6k2a36dr","previousOperationId":"fk5yzbij4pjpufh"}
{"type":"log","timestamp":1765122006842,"level":"debug","message":"Inline data specified.","meta":{"rootId":"jodjcvtuc1rddzh","id":"jodjcvtuc1rddzh"},"id":"m2ssiqv09r25zdh","previousOperationId":"fk5yzbij4pjpufh"}
{"type":"log","timestamp":1765122006844,"level":"debug","message":"Base url not specified, skipping its injection.","meta":{"rootId":"jodjcvtuc1rddzh","id":"jodjcvtuc1rddzh"},"id":"ikijdxgj68tv42n","previousOperationId":"fk5yzbij4pjpufh"}
{"type":"operationStart","subtype":"engine","name":"handlebars","timestamp":1765122006844,"id":"n6tjr9vbyqfub66","previousEventId":"2l9iwy1l9vdjuau","operationId":"hw8s98udxggmsef","previousOperationId":"fk5yzbij4pjpufh"}
{"type":"log","timestamp":1765122006844,"level":"debug","message":"Rendering engine handlebars","meta":{"rootId":"jodjcvtuc1rddzh","id":"jodjcvtuc1rddzh"},"id":"jytbyodsegyunmd","previousOperationId":"hw8s98udxggmsef"}
{"type":"operationEnd","operationId":"hw8s98udxggmsef","timestamp":1765122006861,"id":"4tpgqees3kg3ulq","previousEventId":"n6tjr9vbyqfub66","previousOperationId":"hw8s98udxggmsef"}
{"type":"operationStart","subtype":"recipe","name":"pptx","timestamp":1765122006861,"id":"sq52385ra5j397l","previousEventId":"4tpgqees3kg3ulq","operationId":"mli2m1naajlqurj","previousOperationId":"hw8s98udxggmsef"}
{"type":"log","timestamp":1765122006861,"level":"debug","message":"Executing recipe pptx","meta":{"rootId":"jodjcvtuc1rddzh","id":"jodjcvtuc1rddzh"},"id":"bwdfnsci8m99diy","previousOperationId":"mli2m1naajlqurj"}
{"type":"log","timestamp":1765122006890,"level":"info","message":"pptx generation is starting","meta":{"rootId":"jodjcvtuc1rddzh","id":"jodjcvtuc1rddzh"},"id":"4ai97ixjlakftuw","previousOperationId":"mli2m1naajlqurj"}
{"type":"log","timestamp":1765122008076,"level":"debug","message":"Starting child request to render pptx dynamic parts","meta":{"rootId":"jodjcvtuc1rddzh","id":"jodjcvtuc1rddzh"},"id":"ic5bxvgmbob68tc","previousOperationId":"mli2m1naajlqurj"}
{"type":"operationStart","subtype":"render","name":"anonymous","previousOperationId":"mli2m1naajlqurj","timestamp":1765122008077,"id":"xekpet44slz5c64","previousEventId":"sq52385ra5j397l","operationId":"h88du1nrufqy01v"}
{"type":"log","timestamp":1765122008077,"level":"info","message":"Starting rendering (child) request","meta":{"rootId":"jodjcvtuc1rddzh","id":"wcq9hoxppp2y0e0"},"id":"jehu29r8khps48n","previousOperationId":"h88du1nrufqy01v"}
{"type":"log","timestamp":1765122008077,"level":"info","message":"Rendering anonymous template { recipe: html, engine: handlebars }","meta":{"rootId":"jodjcvtuc1rddzh","id":"wcq9hoxppp2y0e0"},"id":"sp498wdxipffv4j","previousOperationId":"h88du1nrufqy01v"}
{"type":"log","timestamp":1765122008077,"level":"debug","message":"Inline data specified.","meta":{"rootId":"jodjcvtuc1rddzh","id":"wcq9hoxppp2y0e0"},"id":"ldbqqo5fb42mjhm","previousOperationId":"h88du1nrufqy01v"}
{"type":"log","timestamp":1765122008082,"level":"debug","message":"Base url not specified, skipping its injection.","meta":{"rootId":"jodjcvtuc1rddzh","id":"wcq9hoxppp2y0e0"},"id":"5lbra3xf4whw5u9","previousOperationId":"h88du1nrufqy01v"}
{"type":"operationStart","subtype":"engine","name":"handlebars","timestamp":1765122008085,"id":"t5wsm5pa56vet69","previousEventId":"xekpet44slz5c64","operationId":"skawse5h68cstp3","previousOperationId":"h88du1nrufqy01v"}
{"type":"log","timestamp":1765122008085,"level":"debug","message":"Rendering engine handlebars","meta":{"rootId":"jodjcvtuc1rddzh","id":"wcq9hoxppp2y0e0"},"id":"55874cy5urnm6li","previousOperationId":"skawse5h68cstp3"}
{"type":"operationEnd","operationId":"skawse5h68cstp3","timestamp":1765122008200,"id":"54tbi10cwwhsejc","previousEventId":"t5wsm5pa56vet69","previousOperationId":"skawse5h68cstp3"}
{"type":"operationStart","subtype":"recipe","name":"html","timestamp":1765122008213,"id":"46aaw0wp4ebixh2","previousEventId":"54tbi10cwwhsejc","operationId":"r32hvs65rbii8fv","previousOperationId":"skawse5h68cstp3"}
{"type":"log","timestamp":1765122008213,"level":"debug","message":"Executing recipe html","meta":{"rootId":"jodjcvtuc1rddzh","id":"wcq9hoxppp2y0e0"},"id":"e6ucw6g1asgu0oa","previousOperationId":"r32hvs65rbii8fv"}
{"type":"operationEnd","operationId":"r32hvs65rbii8fv","timestamp":1765122008213,"id":"24po9kalv524x0r","previousEventId":"46aaw0wp4ebixh2","previousOperationId":"r32hvs65rbii8fv"}
{"type":"log","timestamp":1765122008213,"level":"debug","message":"Skipping storing report.","meta":{"rootId":"jodjcvtuc1rddzh","id":"wcq9hoxppp2y0e0"},"id":"ahfuws73rzqjjq3","previousOperationId":"r32hvs65rbii8fv"}
{"type":"log","timestamp":1765122008213,"level":"info","message":"Rendering (child) request finished in 1436 ms","meta":{"rootId":"jodjcvtuc1rddzh","id":"wcq9hoxppp2y0e0"},"id":"mluyyydq96bqof8","previousOperationId":"r32hvs65rbii8fv"}
{"type":"operationEnd","subtype":"render","operationId":"h88du1nrufqy01v","timestamp":1765122008213,"id":"pno5i5h7zfxq28m","previousEventId":"24po9kalv524x0r","previousOperationId":"r32hvs65rbii8fv"}
{"type":"log","timestamp":1765122012435,"level":"debug","message":"pptx successfully zipped","meta":{"rootId":"jodjcvtuc1rddzh","id":"jodjcvtuc1rddzh"},"id":"rq9b61kyq48p278","previousOperationId":"mli2m1naajlqurj"}
{"type":"log","timestamp":1765122012436,"level":"info","message":"pptx generation was finished","meta":{"rootId":"jodjcvtuc1rddzh","id":"jodjcvtuc1rddzh"},"id":"6qtogmn8fol8ft1","previousOperationId":"mli2m1naajlqurj"}
{"type":"operationEnd","operationId":"mli2m1naajlqurj","timestamp":1765122012443,"id":"pk65h5upjd69nmb","previousEventId":"sq52385ra5j397l","previousOperationId":"mli2m1naajlqurj"}
{"type":"log","timestamp":1765122012443,"level":"debug","message":"Skipping storing report.","meta":{"rootId":"jodjcvtuc1rddzh","id":"jodjcvtuc1rddzh"},"id":"7gwq6lgu7lp714j","previousOperationId":"mli2m1naajlqurj"}
{"type":"log","timestamp":1765122012443,"level":"info","message":"Rendering request 8 finished in 5666 ms","meta":{"rootId":"jodjcvtuc1rddzh","id":"jodjcvtuc1rddzh"},"id":"x2nw20atp0oq47b","previousOperationId":"mli2m1naajlqurj"}
{"type":"operationEnd","subtype":"render","operationId":"fk5yzbij4pjpufh","timestamp":1765122012443,"id":"ecjngycyz7w1al0","previousEventId":"pk65h5upjd69nmb","previousOperationId":"mli2m1naajlqurj"}
{"type":"operationEnd","doDiffs":false,"previousEventId":"6rrgvc27btg7da6","previousOperationId":"x7zcyzkpxre260s","operationId":"x7zcyzkpxre260s","timestamp":1765122012448,"id":"slgwx9vvadanvd5"}
