{"type":"operationStart","subtype":"profile","data":{"_id":"ZFH6YJKRGovhWpPq","timestamp":"2025-12-28T15:47:22.304Z","state":"running","mode":"standard","creationDate":"2025-12-28T15:47:22.311Z","modificationDate":"2025-12-28T15:47:22.311Z","shortid":"3wC7iBz","$entitySet":"profiles","timeout":60000},"doDiffs":false,"timestamp":1766936842309,"id":"ro9e4oro512v2fa","previousOperationId":null,"operationId":"pugs9b5b6sylv2v"}
{"type":"log","level":"info","message":"Render request 6 queued for execution and waiting for available worker","previousOperationId":"pugs9b5b6sylv2v","timestamp":1766936842309,"id":"cotji1p7fw4sjnk"}
{"type":"operationStart","subtype":"render","name":"anonymous","previousOperationId":"pugs9b5b6sylv2v","timestamp":1766936842366,"id":"594gy88wxpshigc","previousEventId":"ro9e4oro512v2fa","operationId":"fjyksgnkclfyij2"}
{"type":"log","timestamp":1766936842367,"level":"info","message":"Starting rendering request 6","meta":{"rootId":"jp9fnz078g83127","id":"jp9fnz078g83127"},"id":"j76k223qtqyaqjp","previousOperationId":"fjyksgnkclfyij2"}
{"type":"log","timestamp":1766936842367,"level":"info","message":"Rendering anonymous template { recipe: pptx, engine: handlebars }","meta":{"rootId":"jp9fnz078g83127","id":"jp9fnz078g83127"},"id":"y9n189f6usoznpv","previousOperationId":"fjyksgnkclfyij2"}
{"type":"log","timestamp":1766936842367,"level":"debug","message":"Inline data specified.","meta":{"rootId":"jp9fnz078g83127","id":"jp9fnz078g83127"},"id":"y0d4hstgz7obp6u","previousOperationId":"fjyksgnkclfyij2"}
{"type":"log","timestamp":1766936842371,"level":"debug","message":"Base url not specified, skipping its injection.","meta":{"rootId":"jp9fnz078g83127","id":"jp9fnz078g83127"},"id":"rofu69odxyo6dl5","previousOperationId":"fjyksgnkclfyij2"}
{"type":"operationStart","subtype":"engine","name":"handlebars","timestamp":1766936842372,"id":"0xo8o90w6enhqj4","previousEventId":"594gy88wxpshigc","operationId":"a4u6ozgrkp293d2","previousOperationId":"fjyksgnkclfyij2"}
{"type":"log","timestamp":1766936842372,"level":"debug","message":"Rendering engine handlebars","meta":{"rootId":"jp9fnz078g83127","id":"jp9fnz078g83127"},"id":"vtc4lpjjdlkmc8v","previousOperationId":"a4u6ozgrkp293d2"}
{"type":"operationEnd","operationId":"a4u6ozgrkp293d2","timestamp":1766936842402,"id":"d9tzvl7nhmihrnq","previousEventId":"0xo8o90w6enhqj4","previousOperationId":"a4u6ozgrkp293d2"}
{"type":"operationStart","subtype":"recipe","name":"pptx","timestamp":1766936842402,"id":"b2u3zrkuh5x69wy","previousEventId":"d9tzvl7nhmihrnq","operationId":"1ukckxmiqp5fpln","previousOperationId":"a4u6ozgrkp293d2"}
{"type":"log","timestamp":1766936842402,"level":"debug","message":"Executing recipe pptx","meta":{"rootId":"jp9fnz078g83127","id":"jp9fnz078g83127"},"id":"ax0xbdzii1bc5v8","previousOperationId":"1ukckxmiqp5fpln"}
{"type":"log","timestamp":1766936842420,"level":"info","message":"pptx generation is starting","meta":{"rootId":"jp9fnz078g83127","id":"jp9fnz078g83127"},"id":"9t6mtu0zb8q1pfq","previousOperationId":"1ukckxmiqp5fpln"}
{"type":"log","timestamp":1766936844159,"level":"debug","message":"Starting child request to render pptx dynamic parts","meta":{"rootId":"jp9fnz078g83127","id":"jp9fnz078g83127"},"id":"vtyriiuwp73vwz4","previousOperationId":"1ukckxmiqp5fpln"}
{"type":"operationStart","subtype":"render","name":"anonymous","previousOperationId":"1ukckxmiqp5fpln","timestamp":1766936844160,"id":"6fdpeio7zbgafak","previousEventId":"b2u3zrkuh5x69wy","operationId":"1sfm9qf5pb1e867"}
{"type":"log","timestamp":1766936844160,"level":"info","message":"Starting rendering (child) request","meta":{"rootId":"jp9fnz078g83127","id":"k6iyfpjyoqs6oi8"},"id":"xo13eep0vvrsa0i","previousOperationId":"1sfm9qf5pb1e867"}
{"type":"log","timestamp":1766936844160,"level":"info","message":"Rendering anonymous template { recipe: html, engine: handlebars }","meta":{"rootId":"jp9fnz078g83127","id":"k6iyfpjyoqs6oi8"},"id":"ikwgplgwh40qta7","previousOperationId":"1sfm9qf5pb1e867"}
{"type":"log","timestamp":1766936844161,"level":"debug","message":"Inline data specified.","meta":{"rootId":"jp9fnz078g83127","id":"k6iyfpjyoqs6oi8"},"id":"nzjy0jgred4n5mz","previousOperationId":"1sfm9qf5pb1e867"}
{"type":"log","timestamp":1766936844169,"level":"debug","message":"Base url not specified, skipping its injection.","meta":{"rootId":"jp9fnz078g83127","id":"k6iyfpjyoqs6oi8"},"id":"5livudi13iehowz","previousOperationId":"1sfm9qf5pb1e867"}
{"type":"operationStart","subtype":"engine","name":"handlebars","timestamp":1766936844171,"id":"i7cdsxnkhs1yces","previousEventId":"6fdpeio7zbgafak","operationId":"d7ez49rzudketw6","previousOperationId":"1sfm9qf5pb1e867"}
{"type":"log","timestamp":1766936844171,"level":"debug","message":"Rendering engine handlebars","meta":{"rootId":"jp9fnz078g83127","id":"k6iyfpjyoqs6oi8"},"id":"93ygkxgdf7hywpb","previousOperationId":"d7ez49rzudketw6"}
{"type":"log","timestamp":1766936844375,"level":"debug","message":"(console:log) {\n  type: 'echarts@v5a',\n  width: 848,\n  height: 409,\n  option: { radar: [ [Object] ], series: [ [Object] ] }\n}","meta":{"userLevel":true,"rootId":"jp9fnz078g83127","id":"k6iyfpjyoqs6oi8"},"id":"6cgjm07ga2fdu9b","previousOperationId":"d7ez49rzudketw6"}
{"type":"operationEnd","operationId":"d7ez49rzudketw6","timestamp":1766936844385,"id":"ust9vlwonv178na","previousEventId":"i7cdsxnkhs1yces","previousOperationId":"d7ez49rzudketw6"}
{"type":"operationStart","subtype":"recipe","name":"html","timestamp":1766936844400,"id":"t8rihyrv7b4ey1n","previousEventId":"ust9vlwonv178na","operationId":"nrpew369jbjfsb9","previousOperationId":"d7ez49rzudketw6"}
{"type":"log","timestamp":1766936844400,"level":"debug","message":"Executing recipe html","meta":{"rootId":"jp9fnz078g83127","id":"k6iyfpjyoqs6oi8"},"id":"brr6412sh3whroe","previousOperationId":"nrpew369jbjfsb9"}
{"type":"operationEnd","operationId":"nrpew369jbjfsb9","timestamp":1766936844400,"id":"sksub36s65e5tem","previousEventId":"t8rihyrv7b4ey1n","previousOperationId":"nrpew369jbjfsb9"}
{"type":"log","timestamp":1766936844400,"level":"debug","message":"Skipping storing report.","meta":{"rootId":"jp9fnz078g83127","id":"k6iyfpjyoqs6oi8"},"id":"7edx08t5zawrx67","previousOperationId":"nrpew369jbjfsb9"}
{"type":"log","timestamp":1766936844400,"level":"info","message":"Rendering (child) request finished in 2099 ms","meta":{"rootId":"jp9fnz078g83127","id":"k6iyfpjyoqs6oi8"},"id":"ormkjczy9l38fiu","previousOperationId":"nrpew369jbjfsb9"}
{"type":"operationEnd","subtype":"render","operationId":"1sfm9qf5pb1e867","timestamp":1766936844400,"id":"nii8hqz85s1bvk9","previousEventId":"sksub36s65e5tem","previousOperationId":"nrpew369jbjfsb9"}
{"type":"log","timestamp":1766936852650,"level":"debug","message":"pptx successfully zipped","meta":{"rootId":"jp9fnz078g83127","id":"jp9fnz078g83127"},"id":"77vcvjfyy3b02tr","previousOperationId":"1ukckxmiqp5fpln"}
{"type":"log","timestamp":1766936852650,"level":"info","message":"pptx generation was finished","meta":{"rootId":"jp9fnz078g83127","id":"jp9fnz078g83127"},"id":"freuqr75tnw0v97","previousOperationId":"1ukckxmiqp5fpln"}
{"type":"operationEnd","operationId":"1ukckxmiqp5fpln","timestamp":1766936852660,"id":"lij8o7o1m0jsbib","previousEventId":"b2u3zrkuh5x69wy","previousOperationId":"1ukckxmiqp5fpln"}
{"type":"log","timestamp":1766936852661,"level":"debug","message":"Skipping storing report.","meta":{"rootId":"jp9fnz078g83127","id":"jp9fnz078g83127"},"id":"si79n9gkvgos0d0","previousOperationId":"1ukckxmiqp5fpln"}
{"type":"log","timestamp":1766936852661,"level":"info","message":"Rendering request 6 finished in 10360 ms","meta":{"rootId":"jp9fnz078g83127","id":"jp9fnz078g83127"},"id":"mcrkxkwv733c0ry","previousOperationId":"1ukckxmiqp5fpln"}
{"type":"operationEnd","subtype":"render","operationId":"fjyksgnkclfyij2","timestamp":1766936852661,"id":"1nfykuabvj20kkl","previousEventId":"lij8o7o1m0jsbib","previousOperationId":"1ukckxmiqp5fpln"}
{"type":"operationEnd","doDiffs":false,"previousEventId":"ro9e4oro512v2fa","previousOperationId":"pugs9b5b6sylv2v","operationId":"pugs9b5b6sylv2v","timestamp":1766936852668,"id":"4oreksdxyxswps4"}
