{"type":"operationStart","subtype":"profile","data":{"_id":"egq6LcOX7hR4LtxK","timestamp":"2025-12-27T12:59:56.469Z","state":"running","mode":"standard","creationDate":"2025-12-27T12:59:56.479Z","modificationDate":"2025-12-27T12:59:56.479Z","shortid":"V0zQwAx","$entitySet":"profiles","timeout":60000},"doDiffs":false,"timestamp":1766840396475,"id":"kix3d3lxun6vrw3","previousOperationId":null,"operationId":"4fknphlwwugtd72"}
{"type":"log","level":"info","message":"Render request 3 queued for execution and waiting for available worker","previousOperationId":"4fknphlwwugtd72","timestamp":1766840396476,"id":"jwyju5sj5qcaaal"}
{"type":"operationStart","subtype":"render","name":"anonymous","previousOperationId":"4fknphlwwugtd72","timestamp":1766840396530,"id":"ywfdzyyd4pngf4b","previousEventId":"kix3d3lxun6vrw3","operationId":"6cs0s327imss3vo"}
{"type":"log","timestamp":1766840396530,"level":"info","message":"Starting rendering request 3","meta":{"rootId":"jpvswc6a3x2n4kh","id":"jpvswc6a3x2n4kh"},"id":"v51em71bo0fdcbl","previousOperationId":"6cs0s327imss3vo"}
{"type":"log","timestamp":1766840396530,"level":"info","message":"Rendering anonymous template { recipe: pptx, engine: handlebars }","meta":{"rootId":"jpvswc6a3x2n4kh","id":"jpvswc6a3x2n4kh"},"id":"u8g1m5ly61ycjne","previousOperationId":"6cs0s327imss3vo"}
{"type":"log","timestamp":1766840396530,"level":"debug","message":"Inline data specified.","meta":{"rootId":"jpvswc6a3x2n4kh","id":"jpvswc6a3x2n4kh"},"id":"d11tu7vhkf43ghz","previousOperationId":"6cs0s327imss3vo"}
{"type":"log","timestamp":1766840396534,"level":"debug","message":"Base url not specified, skipping its injection.","meta":{"rootId":"jpvswc6a3x2n4kh","id":"jpvswc6a3x2n4kh"},"id":"s3xglddmpugkqtg","previousOperationId":"6cs0s327imss3vo"}
{"type":"operationStart","subtype":"engine","name":"handlebars","timestamp":1766840396536,"id":"s7s2t78p4g5lgz5","previousEventId":"ywfdzyyd4pngf4b","operationId":"cli693vm8ams3a4","previousOperationId":"6cs0s327imss3vo"}
{"type":"log","timestamp":1766840396536,"level":"debug","message":"Rendering engine handlebars","meta":{"rootId":"jpvswc6a3x2n4kh","id":"jpvswc6a3x2n4kh"},"id":"kc6wi9pcxksxq9z","previousOperationId":"cli693vm8ams3a4"}
{"type":"operationEnd","operationId":"cli693vm8ams3a4","timestamp":1766840396557,"id":"kvwl4auv1rk1obf","previousEventId":"s7s2t78p4g5lgz5","previousOperationId":"cli693vm8ams3a4"}
{"type":"operationStart","subtype":"recipe","name":"pptx","timestamp":1766840396557,"id":"e19f1ofs11d9l11","previousEventId":"kvwl4auv1rk1obf","operationId":"3kllloikywve6v4","previousOperationId":"cli693vm8ams3a4"}
{"type":"log","timestamp":1766840396557,"level":"debug","message":"Executing recipe pptx","meta":{"rootId":"jpvswc6a3x2n4kh","id":"jpvswc6a3x2n4kh"},"id":"sc17315iaiojegu","previousOperationId":"3kllloikywve6v4"}
{"type":"log","timestamp":1766840396568,"level":"info","message":"pptx generation is starting","meta":{"rootId":"jpvswc6a3x2n4kh","id":"jpvswc6a3x2n4kh"},"id":"1wupyuoprj4qcoo","previousOperationId":"3kllloikywve6v4"}
{"type":"log","timestamp":1766840397713,"level":"debug","message":"Starting child request to render pptx dynamic parts","meta":{"rootId":"jpvswc6a3x2n4kh","id":"jpvswc6a3x2n4kh"},"id":"9q3z9ujdy9vhivw","previousOperationId":"3kllloikywve6v4"}
{"type":"operationStart","subtype":"render","name":"anonymous","previousOperationId":"3kllloikywve6v4","timestamp":1766840397713,"id":"h259x8qgazfw96j","previousEventId":"e19f1ofs11d9l11","operationId":"igp1vp5o29kuox5"}
{"type":"log","timestamp":1766840397713,"level":"info","message":"Starting rendering (child) request","meta":{"rootId":"jpvswc6a3x2n4kh","id":"gv3t8h686ffwroa"},"id":"pdye2ofynyccgko","previousOperationId":"igp1vp5o29kuox5"}
{"type":"log","timestamp":1766840397713,"level":"info","message":"Rendering anonymous template { recipe: html, engine: handlebars }","meta":{"rootId":"jpvswc6a3x2n4kh","id":"gv3t8h686ffwroa"},"id":"ehsea9q2px03ref","previousOperationId":"igp1vp5o29kuox5"}
{"type":"log","timestamp":1766840397713,"level":"debug","message":"Inline data specified.","meta":{"rootId":"jpvswc6a3x2n4kh","id":"gv3t8h686ffwroa"},"id":"n8bssua9w70trup","previousOperationId":"igp1vp5o29kuox5"}
{"type":"log","timestamp":1766840397717,"level":"debug","message":"Base url not specified, skipping its injection.","meta":{"rootId":"jpvswc6a3x2n4kh","id":"gv3t8h686ffwroa"},"id":"1bwoxgany0zhrwj","previousOperationId":"igp1vp5o29kuox5"}
{"type":"operationStart","subtype":"engine","name":"handlebars","timestamp":1766840397718,"id":"d1as6popvxu24sr","previousEventId":"h259x8qgazfw96j","operationId":"qj02rafuh62fzmh","previousOperationId":"igp1vp5o29kuox5"}
{"type":"log","timestamp":1766840397718,"level":"debug","message":"Rendering engine handlebars","meta":{"rootId":"jpvswc6a3x2n4kh","id":"gv3t8h686ffwroa"},"id":"99izdocxim2l3oz","previousOperationId":"qj02rafuh62fzmh"}
{"type":"operationEnd","operationId":"qj02rafuh62fzmh","timestamp":1766840397806,"id":"yvnbf13b19vadz0","previousEventId":"d1as6popvxu24sr","previousOperationId":"qj02rafuh62fzmh"}
{"type":"operationStart","subtype":"recipe","name":"html","timestamp":1766840397814,"id":"8zdw6dzoh0i9dni","previousEventId":"yvnbf13b19vadz0","operationId":"wsjn1lz9mgkib08","previousOperationId":"qj02rafuh62fzmh"}
{"type":"log","timestamp":1766840397814,"level":"debug","message":"Executing recipe html","meta":{"rootId":"jpvswc6a3x2n4kh","id":"gv3t8h686ffwroa"},"id":"v34jxnpimxcar07","previousOperationId":"wsjn1lz9mgkib08"}
{"type":"operationEnd","operationId":"wsjn1lz9mgkib08","timestamp":1766840397814,"id":"cagqbfrjlowekmx","previousEventId":"8zdw6dzoh0i9dni","previousOperationId":"wsjn1lz9mgkib08"}
{"type":"log","timestamp":1766840397814,"level":"debug","message":"Skipping storing report.","meta":{"rootId":"jpvswc6a3x2n4kh","id":"gv3t8h686ffwroa"},"id":"aafiraxdoum645y","previousOperationId":"wsjn1lz9mgkib08"}
{"type":"log","timestamp":1766840397814,"level":"info","message":"Rendering (child) request finished in 1347 ms","meta":{"rootId":"jpvswc6a3x2n4kh","id":"gv3t8h686ffwroa"},"id":"rvvbe04czoxti5l","previousOperationId":"wsjn1lz9mgkib08"}
{"type":"operationEnd","subtype":"render","operationId":"igp1vp5o29kuox5","timestamp":1766840397814,"id":"vnnrqjc04pq0a77","previousEventId":"cagqbfrjlowekmx","previousOperationId":"wsjn1lz9mgkib08"}
{"type":"log","timestamp":1766840400234,"level":"debug","message":"pptx successfully zipped","meta":{"rootId":"jpvswc6a3x2n4kh","id":"jpvswc6a3x2n4kh"},"id":"sn2go3us6kt6oyw","previousOperationId":"3kllloikywve6v4"}
{"type":"log","timestamp":1766840400234,"level":"info","message":"pptx generation was finished","meta":{"rootId":"jpvswc6a3x2n4kh","id":"jpvswc6a3x2n4kh"},"id":"3a2ty3mrtnc3tyt","previousOperationId":"3kllloikywve6v4"}
{"type":"operationEnd","operationId":"3kllloikywve6v4","timestamp":1766840400241,"id":"2pwlw56kkh7l6t4","previousEventId":"e19f1ofs11d9l11","previousOperationId":"3kllloikywve6v4"}
{"type":"log","timestamp":1766840400241,"level":"debug","message":"Skipping storing report.","meta":{"rootId":"jpvswc6a3x2n4kh","id":"jpvswc6a3x2n4kh"},"id":"dud8nag1mibmhzc","previousOperationId":"3kllloikywve6v4"}
{"type":"log","timestamp":1766840400241,"level":"info","message":"Rendering request 3 finished in 3774 ms","meta":{"rootId":"jpvswc6a3x2n4kh","id":"jpvswc6a3x2n4kh"},"id":"orog2xigy88zjvf","previousOperationId":"3kllloikywve6v4"}
{"type":"operationEnd","subtype":"render","operationId":"6cs0s327imss3vo","timestamp":1766840400242,"id":"drts2izfqy00wni","previousEventId":"2pwlw56kkh7l6t4","previousOperationId":"3kllloikywve6v4"}
{"type":"operationEnd","doDiffs":false,"previousEventId":"kix3d3lxun6vrw3","previousOperationId":"4fknphlwwugtd72","operationId":"4fknphlwwugtd72","timestamp":1766840400245,"id":"wt0fvqvtzcku448"}
