{"type":"operationStart","subtype":"profile","data":{"_id":"ehXoXOjmbcgO6lZO","timestamp":"2025-12-07T19:31:27.742Z","state":"running","mode":"standard","creationDate":"2025-12-07T19:31:27.748Z","modificationDate":"2025-12-07T19:31:27.748Z","shortid":"9Mo2XWj","$entitySet":"profiles","timeout":60000},"doDiffs":false,"timestamp":1765135887745,"id":"0jfhxcnsjj52a9r","previousOperationId":null,"operationId":"zkg84hewcz9qt8g"}
{"type":"log","level":"info","message":"Render request 19 queued for execution and waiting for available worker","previousOperationId":"zkg84hewcz9qt8g","timestamp":1765135887745,"id":"wws3c7804w60sx7"}
{"type":"operationStart","subtype":"render","name":"anonymous","previousOperationId":"zkg84hewcz9qt8g","timestamp":1765135887784,"id":"h5u7ci3euvvm6q6","previousEventId":"0jfhxcnsjj52a9r","operationId":"koxotcn5ib6o0dm"}
{"type":"log","timestamp":1765135887784,"level":"info","message":"Starting rendering request 19","meta":{"rootId":"jroo7o8byt6mp4t","id":"jroo7o8byt6mp4t"},"id":"xbt8j789qjcrw43","previousOperationId":"koxotcn5ib6o0dm"}
{"type":"log","timestamp":1765135887784,"level":"info","message":"Rendering anonymous template { recipe: pptx, engine: handlebars }","meta":{"rootId":"jroo7o8byt6mp4t","id":"jroo7o8byt6mp4t"},"id":"9jvqmsfidqgjwbx","previousOperationId":"koxotcn5ib6o0dm"}
{"type":"log","timestamp":1765135887784,"level":"debug","message":"Inline data specified.","meta":{"rootId":"jroo7o8byt6mp4t","id":"jroo7o8byt6mp4t"},"id":"33othmgsmlf42zc","previousOperationId":"koxotcn5ib6o0dm"}
{"type":"log","timestamp":1765135887786,"level":"debug","message":"Base url not specified, skipping its injection.","meta":{"rootId":"jroo7o8byt6mp4t","id":"jroo7o8byt6mp4t"},"id":"0e9qtwxw2thykz6","previousOperationId":"koxotcn5ib6o0dm"}
{"type":"operationStart","subtype":"engine","name":"handlebars","timestamp":1765135887786,"id":"58iqhdl5170m1zn","previousEventId":"h5u7ci3euvvm6q6","operationId":"qfzkejkzytt3sci","previousOperationId":"koxotcn5ib6o0dm"}
{"type":"log","timestamp":1765135887786,"level":"debug","message":"Rendering engine handlebars","meta":{"rootId":"jroo7o8byt6mp4t","id":"jroo7o8byt6mp4t"},"id":"6bstjy9k082ze0o","previousOperationId":"qfzkejkzytt3sci"}
{"type":"operationEnd","operationId":"qfzkejkzytt3sci","timestamp":1765135887797,"id":"mg7o1actec4twv1","previousEventId":"58iqhdl5170m1zn","previousOperationId":"qfzkejkzytt3sci"}
{"type":"operationStart","subtype":"recipe","name":"pptx","timestamp":1765135887797,"id":"wque9n92mbmcbkq","previousEventId":"mg7o1actec4twv1","operationId":"d4aaflor5rncnru","previousOperationId":"qfzkejkzytt3sci"}
{"type":"log","timestamp":1765135887797,"level":"debug","message":"Executing recipe pptx","meta":{"rootId":"jroo7o8byt6mp4t","id":"jroo7o8byt6mp4t"},"id":"ut9nlznyff3k647","previousOperationId":"d4aaflor5rncnru"}
{"type":"log","timestamp":1765135887814,"level":"info","message":"pptx generation is starting","meta":{"rootId":"jroo7o8byt6mp4t","id":"jroo7o8byt6mp4t"},"id":"nw3z7nrrw7hhosd","previousOperationId":"d4aaflor5rncnru"}
{"type":"log","timestamp":1765135888852,"level":"debug","message":"Starting child request to render pptx dynamic parts","meta":{"rootId":"jroo7o8byt6mp4t","id":"jroo7o8byt6mp4t"},"id":"s7c6pvuqepavizk","previousOperationId":"d4aaflor5rncnru"}
{"type":"operationStart","subtype":"render","name":"anonymous","previousOperationId":"d4aaflor5rncnru","timestamp":1765135888852,"id":"rqjz1hgqowy7p8a","previousEventId":"wque9n92mbmcbkq","operationId":"x8faoobzk2z68wq"}
{"type":"log","timestamp":1765135888852,"level":"info","message":"Starting rendering (child) request","meta":{"rootId":"jroo7o8byt6mp4t","id":"9dzx8vwb3wtfleb"},"id":"t5xc9vrvzr5gduk","previousOperationId":"x8faoobzk2z68wq"}
{"type":"log","timestamp":1765135888852,"level":"info","message":"Rendering anonymous template { recipe: html, engine: handlebars }","meta":{"rootId":"jroo7o8byt6mp4t","id":"9dzx8vwb3wtfleb"},"id":"i37w4k81lx9vajm","previousOperationId":"x8faoobzk2z68wq"}
{"type":"log","timestamp":1765135888853,"level":"debug","message":"Inline data specified.","meta":{"rootId":"jroo7o8byt6mp4t","id":"9dzx8vwb3wtfleb"},"id":"q2qzwmi2d0qqbeb","previousOperationId":"x8faoobzk2z68wq"}
{"type":"log","timestamp":1765135888860,"level":"debug","message":"Base url not specified, skipping its injection.","meta":{"rootId":"jroo7o8byt6mp4t","id":"9dzx8vwb3wtfleb"},"id":"79j9vuy9l1igp3n","previousOperationId":"x8faoobzk2z68wq"}
{"type":"operationStart","subtype":"engine","name":"handlebars","timestamp":1765135888861,"id":"10aiw1zmubgriwu","previousEventId":"rqjz1hgqowy7p8a","operationId":"r0d0vv9ruf5k99s","previousOperationId":"x8faoobzk2z68wq"}
{"type":"log","timestamp":1765135888861,"level":"debug","message":"Rendering engine handlebars","meta":{"rootId":"jroo7o8byt6mp4t","id":"9dzx8vwb3wtfleb"},"id":"2am3uwq1v9k81yl","previousOperationId":"r0d0vv9ruf5k99s"}
{"type":"operationEnd","operationId":"r0d0vv9ruf5k99s","timestamp":1765135888954,"id":"e8s99kkg7ffecgr","previousEventId":"10aiw1zmubgriwu","previousOperationId":"r0d0vv9ruf5k99s"}
{"type":"operationStart","subtype":"recipe","name":"html","timestamp":1765135888963,"id":"g02nrljb99glsej","previousEventId":"e8s99kkg7ffecgr","operationId":"v59piqyje4c8fxh","previousOperationId":"r0d0vv9ruf5k99s"}
{"type":"log","timestamp":1765135888963,"level":"debug","message":"Executing recipe html","meta":{"rootId":"jroo7o8byt6mp4t","id":"9dzx8vwb3wtfleb"},"id":"0rol41z3an9cywl","previousOperationId":"v59piqyje4c8fxh"}
{"type":"operationEnd","operationId":"v59piqyje4c8fxh","timestamp":1765135888963,"id":"aaewpij4p4zfkhc","previousEventId":"g02nrljb99glsej","previousOperationId":"v59piqyje4c8fxh"}
{"type":"log","timestamp":1765135888963,"level":"debug","message":"Skipping storing report.","meta":{"rootId":"jroo7o8byt6mp4t","id":"9dzx8vwb3wtfleb"},"id":"472f4fy87i1orx9","previousOperationId":"v59piqyje4c8fxh"}
{"type":"log","timestamp":1765135888963,"level":"info","message":"Rendering (child) request finished in 1222 ms","meta":{"rootId":"jroo7o8byt6mp4t","id":"9dzx8vwb3wtfleb"},"id":"15615scirld2fgf","previousOperationId":"v59piqyje4c8fxh"}
{"type":"operationEnd","subtype":"render","operationId":"x8faoobzk2z68wq","timestamp":1765135888963,"id":"diwn44gmepb9a9v","previousEventId":"aaewpij4p4zfkhc","previousOperationId":"v59piqyje4c8fxh"}
{"type":"log","timestamp":1765135891880,"level":"debug","message":"pptx successfully zipped","meta":{"rootId":"jroo7o8byt6mp4t","id":"jroo7o8byt6mp4t"},"id":"rh4b4damrqztnj0","previousOperationId":"d4aaflor5rncnru"}
{"type":"log","timestamp":1765135891881,"level":"info","message":"pptx generation was finished","meta":{"rootId":"jroo7o8byt6mp4t","id":"jroo7o8byt6mp4t"},"id":"ctdt4pki0i6sb6r","previousOperationId":"d4aaflor5rncnru"}
{"type":"operationEnd","operationId":"d4aaflor5rncnru","timestamp":1765135891890,"id":"wd6bf9ryhdft6jr","previousEventId":"wque9n92mbmcbkq","previousOperationId":"d4aaflor5rncnru"}
{"type":"log","timestamp":1765135891890,"level":"debug","message":"Skipping storing report.","meta":{"rootId":"jroo7o8byt6mp4t","id":"jroo7o8byt6mp4t"},"id":"88m338fmciu8av1","previousOperationId":"d4aaflor5rncnru"}
{"type":"log","timestamp":1765135891890,"level":"info","message":"Rendering request 19 finished in 4149 ms","meta":{"rootId":"jroo7o8byt6mp4t","id":"jroo7o8byt6mp4t"},"id":"l4yge5owdi3kwns","previousOperationId":"d4aaflor5rncnru"}
{"type":"operationEnd","subtype":"render","operationId":"koxotcn5ib6o0dm","timestamp":1765135891890,"id":"nzg39tnzkr42zjs","previousEventId":"wd6bf9ryhdft6jr","previousOperationId":"d4aaflor5rncnru"}
{"type":"operationEnd","doDiffs":false,"previousEventId":"0jfhxcnsjj52a9r","previousOperationId":"zkg84hewcz9qt8g","operationId":"zkg84hewcz9qt8g","timestamp":1765135891895,"id":"ch6wplg23zqerqv"}
