{"type":"operationStart","subtype":"profile","data":{"_id":"HJbTJjXmcfwDKbI0","timestamp":"2025-12-07T20:09:36.955Z","state":"running","mode":"standard","creationDate":"2025-12-07T20:09:36.959Z","modificationDate":"2025-12-07T20:09:36.959Z","shortid":"iCK_SW1","$entitySet":"profiles","timeout":60000},"doDiffs":false,"timestamp":1765138176958,"id":"8tt6yo3sffcuhvw","previousOperationId":null,"operationId":"382nvdt5wfigqhm"}
{"type":"log","level":"info","message":"Render request 35 queued for execution and waiting for available worker","previousOperationId":"382nvdt5wfigqhm","timestamp":1765138176958,"id":"4g8a6fjdms45xm2"}
{"type":"operationStart","subtype":"render","name":"anonymous","previousOperationId":"382nvdt5wfigqhm","timestamp":1765138177004,"id":"xgtvamc26rp1rp6","previousEventId":"8tt6yo3sffcuhvw","operationId":"kecpa2ndu4rrnm5"}
{"type":"log","timestamp":1765138177005,"level":"info","message":"Starting rendering request 35","meta":{"rootId":"jvw1q0tbjpbpnl3","id":"jvw1q0tbjpbpnl3"},"id":"6u00dt4187qydmo","previousOperationId":"kecpa2ndu4rrnm5"}
{"type":"log","timestamp":1765138177005,"level":"info","message":"Rendering anonymous template { recipe: pptx, engine: handlebars }","meta":{"rootId":"jvw1q0tbjpbpnl3","id":"jvw1q0tbjpbpnl3"},"id":"4l5z4ziirjogf10","previousOperationId":"kecpa2ndu4rrnm5"}
{"type":"log","timestamp":1765138177005,"level":"debug","message":"Inline data specified.","meta":{"rootId":"jvw1q0tbjpbpnl3","id":"jvw1q0tbjpbpnl3"},"id":"o6npikmzjl0ubh2","previousOperationId":"kecpa2ndu4rrnm5"}
{"type":"log","timestamp":1765138177008,"level":"debug","message":"Base url not specified, skipping its injection.","meta":{"rootId":"jvw1q0tbjpbpnl3","id":"jvw1q0tbjpbpnl3"},"id":"9o35imn869zu6a4","previousOperationId":"kecpa2ndu4rrnm5"}
{"type":"operationStart","subtype":"engine","name":"handlebars","timestamp":1765138177008,"id":"jq1qr4jd2d7yskx","previousEventId":"xgtvamc26rp1rp6","operationId":"g6x84kyb849duvh","previousOperationId":"kecpa2ndu4rrnm5"}
{"type":"log","timestamp":1765138177008,"level":"debug","message":"Rendering engine handlebars","meta":{"rootId":"jvw1q0tbjpbpnl3","id":"jvw1q0tbjpbpnl3"},"id":"b8qw3rkngj0mcmw","previousOperationId":"g6x84kyb849duvh"}
{"type":"operationEnd","operationId":"g6x84kyb849duvh","timestamp":1765138177014,"id":"vnytcvftjcmtjcm","previousEventId":"jq1qr4jd2d7yskx","previousOperationId":"g6x84kyb849duvh"}
{"type":"operationStart","subtype":"recipe","name":"pptx","timestamp":1765138177014,"id":"g7z9i30qyckbayp","previousEventId":"vnytcvftjcmtjcm","operationId":"yo7ai551qvbwsw1","previousOperationId":"g6x84kyb849duvh"}
{"type":"log","timestamp":1765138177014,"level":"debug","message":"Executing recipe pptx","meta":{"rootId":"jvw1q0tbjpbpnl3","id":"jvw1q0tbjpbpnl3"},"id":"n5u1fpt3t1zafrp","previousOperationId":"yo7ai551qvbwsw1"}
{"type":"log","timestamp":1765138177032,"level":"info","message":"pptx generation is starting","meta":{"rootId":"jvw1q0tbjpbpnl3","id":"jvw1q0tbjpbpnl3"},"id":"62lduzlgsupu9xc","previousOperationId":"yo7ai551qvbwsw1"}
{"type":"log","timestamp":1765138178156,"level":"debug","message":"Starting child request to render pptx dynamic parts","meta":{"rootId":"jvw1q0tbjpbpnl3","id":"jvw1q0tbjpbpnl3"},"id":"3yjbjlul17ng9iz","previousOperationId":"yo7ai551qvbwsw1"}
{"type":"operationStart","subtype":"render","name":"anonymous","previousOperationId":"yo7ai551qvbwsw1","timestamp":1765138178156,"id":"rzqe6brom5kdswt","previousEventId":"g7z9i30qyckbayp","operationId":"indlon538pb3rsj"}
{"type":"log","timestamp":1765138178156,"level":"info","message":"Starting rendering (child) request","meta":{"rootId":"jvw1q0tbjpbpnl3","id":"uv9lwddlj0alr1g"},"id":"s7njbaq7d2hkx2t","previousOperationId":"indlon538pb3rsj"}
{"type":"log","timestamp":1765138178156,"level":"info","message":"Rendering anonymous template { recipe: html, engine: handlebars }","meta":{"rootId":"jvw1q0tbjpbpnl3","id":"uv9lwddlj0alr1g"},"id":"lz2mj2hrojm0eso","previousOperationId":"indlon538pb3rsj"}
{"type":"log","timestamp":1765138178156,"level":"debug","message":"Inline data specified.","meta":{"rootId":"jvw1q0tbjpbpnl3","id":"uv9lwddlj0alr1g"},"id":"hxny0ce2yry1kjy","previousOperationId":"indlon538pb3rsj"}
{"type":"log","timestamp":1765138178161,"level":"debug","message":"Base url not specified, skipping its injection.","meta":{"rootId":"jvw1q0tbjpbpnl3","id":"uv9lwddlj0alr1g"},"id":"zsu19s5f1wgsq6b","previousOperationId":"indlon538pb3rsj"}
{"type":"operationStart","subtype":"engine","name":"handlebars","timestamp":1765138178162,"id":"6if6ygywvvq07ag","previousEventId":"rzqe6brom5kdswt","operationId":"wd7nv5lfgxkrz17","previousOperationId":"indlon538pb3rsj"}
{"type":"log","timestamp":1765138178162,"level":"debug","message":"Rendering engine handlebars","meta":{"rootId":"jvw1q0tbjpbpnl3","id":"uv9lwddlj0alr1g"},"id":"mox98t646exzztg","previousOperationId":"wd7nv5lfgxkrz17"}
{"type":"operationEnd","operationId":"wd7nv5lfgxkrz17","timestamp":1765138178261,"id":"9ru5qwt1y1xuayd","previousEventId":"6if6ygywvvq07ag","previousOperationId":"wd7nv5lfgxkrz17"}
{"type":"operationStart","subtype":"recipe","name":"html","timestamp":1765138178270,"id":"2vvrl0771yf8wn6","previousEventId":"9ru5qwt1y1xuayd","operationId":"hlgpd2bgbxts8bm","previousOperationId":"wd7nv5lfgxkrz17"}
{"type":"log","timestamp":1765138178270,"level":"debug","message":"Executing recipe html","meta":{"rootId":"jvw1q0tbjpbpnl3","id":"uv9lwddlj0alr1g"},"id":"gl0qps64b52x8lz","previousOperationId":"hlgpd2bgbxts8bm"}
{"type":"operationEnd","operationId":"hlgpd2bgbxts8bm","timestamp":1765138178271,"id":"wwclaqtjuvvhh6g","previousEventId":"2vvrl0771yf8wn6","previousOperationId":"hlgpd2bgbxts8bm"}
{"type":"log","timestamp":1765138178271,"level":"debug","message":"Skipping storing report.","meta":{"rootId":"jvw1q0tbjpbpnl3","id":"uv9lwddlj0alr1g"},"id":"pxl71u7yfx544kz","previousOperationId":"hlgpd2bgbxts8bm"}
{"type":"log","timestamp":1765138178271,"level":"info","message":"Rendering (child) request finished in 1319 ms","meta":{"rootId":"jvw1q0tbjpbpnl3","id":"uv9lwddlj0alr1g"},"id":"96t65jxeirymket","previousOperationId":"hlgpd2bgbxts8bm"}
{"type":"operationEnd","subtype":"render","operationId":"indlon538pb3rsj","timestamp":1765138178271,"id":"fkma4qz9y96de6q","previousEventId":"wwclaqtjuvvhh6g","previousOperationId":"hlgpd2bgbxts8bm"}
{"type":"log","timestamp":1765138181248,"level":"debug","message":"pptx successfully zipped","meta":{"rootId":"jvw1q0tbjpbpnl3","id":"jvw1q0tbjpbpnl3"},"id":"i5u4j81y657zmi4","previousOperationId":"yo7ai551qvbwsw1"}
{"type":"log","timestamp":1765138181248,"level":"info","message":"pptx generation was finished","meta":{"rootId":"jvw1q0tbjpbpnl3","id":"jvw1q0tbjpbpnl3"},"id":"nz264kmx41ufh4k","previousOperationId":"yo7ai551qvbwsw1"}
{"type":"operationEnd","operationId":"yo7ai551qvbwsw1","timestamp":1765138181255,"id":"zdox03vh2uztyih","previousEventId":"g7z9i30qyckbayp","previousOperationId":"yo7ai551qvbwsw1"}
{"type":"log","timestamp":1765138181255,"level":"debug","message":"Skipping storing report.","meta":{"rootId":"jvw1q0tbjpbpnl3","id":"jvw1q0tbjpbpnl3"},"id":"n1puzp4hbi44xtw","previousOperationId":"yo7ai551qvbwsw1"}
{"type":"log","timestamp":1765138181255,"level":"info","message":"Rendering request 35 finished in 4303 ms","meta":{"rootId":"jvw1q0tbjpbpnl3","id":"jvw1q0tbjpbpnl3"},"id":"onr2g2uri248ys5","previousOperationId":"yo7ai551qvbwsw1"}
{"type":"operationEnd","subtype":"render","operationId":"kecpa2ndu4rrnm5","timestamp":1765138181255,"id":"3ujb2v0n8q2bl8m","previousEventId":"zdox03vh2uztyih","previousOperationId":"yo7ai551qvbwsw1"}
{"type":"operationEnd","doDiffs":false,"previousEventId":"8tt6yo3sffcuhvw","previousOperationId":"382nvdt5wfigqhm","operationId":"382nvdt5wfigqhm","timestamp":1765138181262,"id":"shig518b2te81z3"}
