{"type":"operationStart","subtype":"profile","data":{"_id":"r7vh8JpzheySw8kN","timestamp":"2025-12-07T18:44:51.395Z","state":"running","mode":"standard","creationDate":"2025-12-07T18:44:51.401Z","modificationDate":"2025-12-07T18:44:51.401Z","shortid":"5LH5-cJ","$entitySet":"profiles","timeout":60000},"doDiffs":false,"timestamp":1765133091399,"id":"fnv90yols93wp7b","previousOperationId":null,"operationId":"rqppp2nkvpdyjv6"}
{"type":"log","level":"info","message":"Render request 7 queued for execution and waiting for available worker","previousOperationId":"rqppp2nkvpdyjv6","timestamp":1765133091399,"id":"28y527bx5hlfmnn"}
{"type":"operationStart","subtype":"render","name":"anonymous","previousOperationId":"rqppp2nkvpdyjv6","timestamp":1765133091449,"id":"dkozacdodqnkm96","previousEventId":"fnv90yols93wp7b","operationId":"7ny071yuxxv016o"}
{"type":"log","timestamp":1765133091449,"level":"info","message":"Starting rendering request 7","meta":{"rootId":"jw43itic4k3qlsr","id":"jw43itic4k3qlsr"},"id":"yh0eeatjij3rgy5","previousOperationId":"7ny071yuxxv016o"}
{"type":"log","timestamp":1765133091449,"level":"info","message":"Rendering anonymous template { recipe: pptx, engine: handlebars }","meta":{"rootId":"jw43itic4k3qlsr","id":"jw43itic4k3qlsr"},"id":"nmsldtbxdpaf518","previousOperationId":"7ny071yuxxv016o"}
{"type":"log","timestamp":1765133091449,"level":"debug","message":"Inline data specified.","meta":{"rootId":"jw43itic4k3qlsr","id":"jw43itic4k3qlsr"},"id":"ni7feyljehv20es","previousOperationId":"7ny071yuxxv016o"}
{"type":"log","timestamp":1765133091456,"level":"debug","message":"Base url not specified, skipping its injection.","meta":{"rootId":"jw43itic4k3qlsr","id":"jw43itic4k3qlsr"},"id":"tl85nnlrdhn9a19","previousOperationId":"7ny071yuxxv016o"}
{"type":"operationStart","subtype":"engine","name":"handlebars","timestamp":1765133091457,"id":"t0g5duimzj3z6jq","previousEventId":"dkozacdodqnkm96","operationId":"40hwz0aahskah6k","previousOperationId":"7ny071yuxxv016o"}
{"type":"log","timestamp":1765133091457,"level":"debug","message":"Rendering engine handlebars","meta":{"rootId":"jw43itic4k3qlsr","id":"jw43itic4k3qlsr"},"id":"72cki6cq69sxaxr","previousOperationId":"40hwz0aahskah6k"}
{"type":"operationEnd","operationId":"40hwz0aahskah6k","timestamp":1765133091472,"id":"jruhbxsgb1hmrqm","previousEventId":"t0g5duimzj3z6jq","previousOperationId":"40hwz0aahskah6k"}
{"type":"operationStart","subtype":"recipe","name":"pptx","timestamp":1765133091472,"id":"ul435ussgys6vz5","previousEventId":"jruhbxsgb1hmrqm","operationId":"dw9o7e6rffb0wa4","previousOperationId":"40hwz0aahskah6k"}
{"type":"log","timestamp":1765133091472,"level":"debug","message":"Executing recipe pptx","meta":{"rootId":"jw43itic4k3qlsr","id":"jw43itic4k3qlsr"},"id":"8ur3fu15rv813a0","previousOperationId":"dw9o7e6rffb0wa4"}
{"type":"log","timestamp":1765133091495,"level":"info","message":"pptx generation is starting","meta":{"rootId":"jw43itic4k3qlsr","id":"jw43itic4k3qlsr"},"id":"yc1g5z4u3j1puge","previousOperationId":"dw9o7e6rffb0wa4"}
{"type":"log","timestamp":1765133093153,"level":"debug","message":"Starting child request to render pptx dynamic parts","meta":{"rootId":"jw43itic4k3qlsr","id":"jw43itic4k3qlsr"},"id":"y4sucitz4wndgux","previousOperationId":"dw9o7e6rffb0wa4"}
{"type":"operationStart","subtype":"render","name":"anonymous","previousOperationId":"dw9o7e6rffb0wa4","timestamp":1765133093154,"id":"7uat64bdtdqs2lp","previousEventId":"ul435ussgys6vz5","operationId":"25lnguyeaj6mff5"}
{"type":"log","timestamp":1765133093154,"level":"info","message":"Starting rendering (child) request","meta":{"rootId":"jw43itic4k3qlsr","id":"2zuibcpn6doo6h1"},"id":"p7922z134ta9bcq","previousOperationId":"25lnguyeaj6mff5"}
{"type":"log","timestamp":1765133093154,"level":"info","message":"Rendering anonymous template { recipe: html, engine: handlebars }","meta":{"rootId":"jw43itic4k3qlsr","id":"2zuibcpn6doo6h1"},"id":"7f3w3u9qed1ylzt","previousOperationId":"25lnguyeaj6mff5"}
{"type":"log","timestamp":1765133093154,"level":"debug","message":"Inline data specified.","meta":{"rootId":"jw43itic4k3qlsr","id":"2zuibcpn6doo6h1"},"id":"rvbdfkr3qr2buq5","previousOperationId":"25lnguyeaj6mff5"}
{"type":"log","timestamp":1765133093160,"level":"debug","message":"Base url not specified, skipping its injection.","meta":{"rootId":"jw43itic4k3qlsr","id":"2zuibcpn6doo6h1"},"id":"g186x5j4prxtvig","previousOperationId":"25lnguyeaj6mff5"}
{"type":"operationStart","subtype":"engine","name":"handlebars","timestamp":1765133093161,"id":"sf963vq6lsqgnzn","previousEventId":"7uat64bdtdqs2lp","operationId":"t0kozpdzmgdtgp0","previousOperationId":"25lnguyeaj6mff5"}
{"type":"log","timestamp":1765133093162,"level":"debug","message":"Rendering engine handlebars","meta":{"rootId":"jw43itic4k3qlsr","id":"2zuibcpn6doo6h1"},"id":"mkjoe4nghvbencf","previousOperationId":"t0kozpdzmgdtgp0"}
{"type":"operationEnd","operationId":"t0kozpdzmgdtgp0","timestamp":1765133093305,"id":"g5p9s3h4f2tvi6v","previousEventId":"sf963vq6lsqgnzn","previousOperationId":"t0kozpdzmgdtgp0"}
{"type":"operationStart","subtype":"recipe","name":"html","timestamp":1765133093318,"id":"o8oo0tu65fw21ep","previousEventId":"g5p9s3h4f2tvi6v","operationId":"axoar2h3b2b2o0o","previousOperationId":"t0kozpdzmgdtgp0"}
{"type":"log","timestamp":1765133093318,"level":"debug","message":"Executing recipe html","meta":{"rootId":"jw43itic4k3qlsr","id":"2zuibcpn6doo6h1"},"id":"wtvt5n9njcxl3cb","previousOperationId":"axoar2h3b2b2o0o"}
{"type":"operationEnd","operationId":"axoar2h3b2b2o0o","timestamp":1765133093318,"id":"oh8621u1t5hiu4c","previousEventId":"o8oo0tu65fw21ep","previousOperationId":"axoar2h3b2b2o0o"}
{"type":"log","timestamp":1765133093318,"level":"debug","message":"Skipping storing report.","meta":{"rootId":"jw43itic4k3qlsr","id":"2zuibcpn6doo6h1"},"id":"zkue14bpo0cp5n0","previousOperationId":"axoar2h3b2b2o0o"}
{"type":"log","timestamp":1765133093318,"level":"info","message":"Rendering (child) request finished in 1929 ms","meta":{"rootId":"jw43itic4k3qlsr","id":"2zuibcpn6doo6h1"},"id":"dqzbwf0qeca6lgh","previousOperationId":"axoar2h3b2b2o0o"}
{"type":"operationEnd","subtype":"render","operationId":"25lnguyeaj6mff5","timestamp":1765133093318,"id":"fckk51ehe2w6mus","previousEventId":"oh8621u1t5hiu4c","previousOperationId":"axoar2h3b2b2o0o"}
{"type":"log","timestamp":1765133104793,"level":"debug","message":"pptx successfully zipped","meta":{"rootId":"jw43itic4k3qlsr","id":"jw43itic4k3qlsr"},"id":"nfq3tjav4tmh63f","previousOperationId":"dw9o7e6rffb0wa4"}
{"type":"log","timestamp":1765133104793,"level":"info","message":"pptx generation was finished","meta":{"rootId":"jw43itic4k3qlsr","id":"jw43itic4k3qlsr"},"id":"y39vwhnr586kf0a","previousOperationId":"dw9o7e6rffb0wa4"}
{"type":"operationEnd","operationId":"dw9o7e6rffb0wa4","timestamp":1765133104804,"id":"c1mf8isx5ecxbkz","previousEventId":"ul435ussgys6vz5","previousOperationId":"dw9o7e6rffb0wa4"}
{"type":"log","timestamp":1765133104804,"level":"debug","message":"Skipping storing report.","meta":{"rootId":"jw43itic4k3qlsr","id":"jw43itic4k3qlsr"},"id":"j69zlm4hwqa88yg","previousOperationId":"dw9o7e6rffb0wa4"}
{"type":"log","timestamp":1765133104804,"level":"info","message":"Rendering request 7 finished in 13415 ms","meta":{"rootId":"jw43itic4k3qlsr","id":"jw43itic4k3qlsr"},"id":"91aqnain5lns5i9","previousOperationId":"dw9o7e6rffb0wa4"}
{"type":"operationEnd","subtype":"render","operationId":"7ny071yuxxv016o","timestamp":1765133104804,"id":"zj3ntqsvuwr8txf","previousEventId":"c1mf8isx5ecxbkz","previousOperationId":"dw9o7e6rffb0wa4"}
{"type":"operationEnd","doDiffs":false,"previousEventId":"fnv90yols93wp7b","previousOperationId":"rqppp2nkvpdyjv6","operationId":"rqppp2nkvpdyjv6","timestamp":1765133104810,"id":"1phcpnd7ul9btlx"}
