{"type":"operationStart","subtype":"profile","data":{"_id":"Gc2sBm9uyTO3JQko","timestamp":"2025-12-31T12:55:57.080Z","state":"running","mode":"standard","creationDate":"2025-12-31T12:55:57.084Z","modificationDate":"2025-12-31T12:55:57.084Z","shortid":"OT2sU66","$entitySet":"profiles","timeout":60000},"doDiffs":false,"timestamp":1767185757083,"id":"dcrq3skizniuy6l","previousOperationId":null,"operationId":"ejwhiyjz1r4v04t"}
{"type":"log","level":"info","message":"Render request 57 queued for execution and waiting for available worker","previousOperationId":"ejwhiyjz1r4v04t","timestamp":1767185757083,"id":"jpzrpp1f8vbma8z"}
{"type":"operationStart","subtype":"render","name":"anonymous","previousOperationId":"ejwhiyjz1r4v04t","timestamp":1767185757135,"id":"w7q384plhro9qcu","previousEventId":"dcrq3skizniuy6l","operationId":"3zs27rw546duix8"}
{"type":"log","timestamp":1767185757136,"level":"info","message":"Starting rendering request 57","meta":{"rootId":"k3hv011mts0js9e","id":"k3hv011mts0js9e"},"id":"0vmeq0zdu6hc4oo","previousOperationId":"3zs27rw546duix8"}
{"type":"log","timestamp":1767185757136,"level":"info","message":"Rendering anonymous template { recipe: pptx, engine: handlebars }","meta":{"rootId":"k3hv011mts0js9e","id":"k3hv011mts0js9e"},"id":"ujrbikdz6u221be","previousOperationId":"3zs27rw546duix8"}
{"type":"log","timestamp":1767185757136,"level":"debug","message":"Inline data specified.","meta":{"rootId":"k3hv011mts0js9e","id":"k3hv011mts0js9e"},"id":"ifu9ljnjjlv7yzi","previousOperationId":"3zs27rw546duix8"}
{"type":"log","timestamp":1767185757137,"level":"debug","message":"Base url not specified, skipping its injection.","meta":{"rootId":"k3hv011mts0js9e","id":"k3hv011mts0js9e"},"id":"xgpnb77366uf8vd","previousOperationId":"3zs27rw546duix8"}
{"type":"operationStart","subtype":"engine","name":"handlebars","timestamp":1767185757137,"id":"xg7nij7o4vismlk","previousEventId":"w7q384plhro9qcu","operationId":"5ilu98xe9f0ypzs","previousOperationId":"3zs27rw546duix8"}
{"type":"log","timestamp":1767185757138,"level":"debug","message":"Rendering engine handlebars","meta":{"rootId":"k3hv011mts0js9e","id":"k3hv011mts0js9e"},"id":"r49rmyd6t83cyt2","previousOperationId":"5ilu98xe9f0ypzs"}
{"type":"operationEnd","operationId":"5ilu98xe9f0ypzs","timestamp":1767185757155,"id":"y2xi3dd1nebqb6f","previousEventId":"xg7nij7o4vismlk","previousOperationId":"5ilu98xe9f0ypzs"}
{"type":"operationStart","subtype":"recipe","name":"pptx","timestamp":1767185757155,"id":"1t3igzr8m7y0ujc","previousEventId":"y2xi3dd1nebqb6f","operationId":"8480jo1m65ujctr","previousOperationId":"5ilu98xe9f0ypzs"}
{"type":"log","timestamp":1767185757155,"level":"debug","message":"Executing recipe pptx","meta":{"rootId":"k3hv011mts0js9e","id":"k3hv011mts0js9e"},"id":"vygdft1civitjbc","previousOperationId":"8480jo1m65ujctr"}
{"type":"log","timestamp":1767185757181,"level":"info","message":"pptx generation is starting","meta":{"rootId":"k3hv011mts0js9e","id":"k3hv011mts0js9e"},"id":"sfodo8xthd1yzy3","previousOperationId":"8480jo1m65ujctr"}
{"type":"log","timestamp":1767185758500,"level":"debug","message":"Starting child request to render pptx dynamic parts","meta":{"rootId":"k3hv011mts0js9e","id":"k3hv011mts0js9e"},"id":"ca13x1f75tf9fk0","previousOperationId":"8480jo1m65ujctr"}
{"type":"operationStart","subtype":"render","name":"anonymous","previousOperationId":"8480jo1m65ujctr","timestamp":1767185758500,"id":"t6s1frk9bvmsn83","previousEventId":"1t3igzr8m7y0ujc","operationId":"b13elyn6iz1ob2p"}
{"type":"log","timestamp":1767185758500,"level":"info","message":"Starting rendering (child) request","meta":{"rootId":"k3hv011mts0js9e","id":"6uncsc7toetfeox"},"id":"dxjf4wch5xydg6w","previousOperationId":"b13elyn6iz1ob2p"}
{"type":"log","timestamp":1767185758501,"level":"info","message":"Rendering anonymous template { recipe: html, engine: handlebars }","meta":{"rootId":"k3hv011mts0js9e","id":"6uncsc7toetfeox"},"id":"955ufvfffxfq1dm","previousOperationId":"b13elyn6iz1ob2p"}
{"type":"log","timestamp":1767185758501,"level":"debug","message":"Inline data specified.","meta":{"rootId":"k3hv011mts0js9e","id":"6uncsc7toetfeox"},"id":"w4k32he8q2zerv6","previousOperationId":"b13elyn6iz1ob2p"}
{"type":"log","timestamp":1767185758505,"level":"debug","message":"Base url not specified, skipping its injection.","meta":{"rootId":"k3hv011mts0js9e","id":"6uncsc7toetfeox"},"id":"tdckiaj0e4j3xis","previousOperationId":"b13elyn6iz1ob2p"}
{"type":"operationStart","subtype":"engine","name":"handlebars","timestamp":1767185758506,"id":"5e692unfr5tq8t9","previousEventId":"t6s1frk9bvmsn83","operationId":"9xcqqcprs6w23d1","previousOperationId":"b13elyn6iz1ob2p"}
{"type":"log","timestamp":1767185758507,"level":"debug","message":"Rendering engine handlebars","meta":{"rootId":"k3hv011mts0js9e","id":"6uncsc7toetfeox"},"id":"r8tybna92bbz0ey","previousOperationId":"9xcqqcprs6w23d1"}
{"type":"log","timestamp":1767185758657,"level":"debug","message":"(console:log) {\n  type: 'echarts@v5a',\n  width: 848,\n  height: 409,\n  option: { radar: [ [Object] ], series: [ [Object] ] }\n}","meta":{"userLevel":true,"rootId":"k3hv011mts0js9e","id":"6uncsc7toetfeox"},"id":"088a1nt1dxcsgna","previousOperationId":"9xcqqcprs6w23d1"}
{"type":"operationEnd","operationId":"9xcqqcprs6w23d1","timestamp":1767185758666,"id":"dks13jif01c91b9","previousEventId":"5e692unfr5tq8t9","previousOperationId":"9xcqqcprs6w23d1"}
{"type":"operationStart","subtype":"recipe","name":"html","timestamp":1767185758681,"id":"y14k7ks4fmz0wal","previousEventId":"dks13jif01c91b9","operationId":"q0hbo8icrqxo862","previousOperationId":"9xcqqcprs6w23d1"}
{"type":"log","timestamp":1767185758681,"level":"debug","message":"Executing recipe html","meta":{"rootId":"k3hv011mts0js9e","id":"6uncsc7toetfeox"},"id":"p3a7ef7mg6u2dkt","previousOperationId":"q0hbo8icrqxo862"}
{"type":"operationEnd","operationId":"q0hbo8icrqxo862","timestamp":1767185758681,"id":"7s86o0ej3zqfm04","previousEventId":"y14k7ks4fmz0wal","previousOperationId":"q0hbo8icrqxo862"}
{"type":"log","timestamp":1767185758681,"level":"debug","message":"Skipping storing report.","meta":{"rootId":"k3hv011mts0js9e","id":"6uncsc7toetfeox"},"id":"4s0tr9l7cmf48xc","previousOperationId":"q0hbo8icrqxo862"}
{"type":"log","timestamp":1767185758681,"level":"info","message":"Rendering (child) request finished in 1602 ms","meta":{"rootId":"k3hv011mts0js9e","id":"6uncsc7toetfeox"},"id":"o2cwoor6v2niljy","previousOperationId":"q0hbo8icrqxo862"}
{"type":"operationEnd","subtype":"render","operationId":"b13elyn6iz1ob2p","timestamp":1767185758681,"id":"u08j3i254gc2nrk","previousEventId":"7s86o0ej3zqfm04","previousOperationId":"q0hbo8icrqxo862"}
{"type":"log","timestamp":1767185763149,"level":"debug","message":"pptx successfully zipped","meta":{"rootId":"k3hv011mts0js9e","id":"k3hv011mts0js9e"},"id":"w40denbrd2kpj8f","previousOperationId":"8480jo1m65ujctr"}
{"type":"log","timestamp":1767185763150,"level":"info","message":"pptx generation was finished","meta":{"rootId":"k3hv011mts0js9e","id":"k3hv011mts0js9e"},"id":"8biv4rkzjaz6fxs","previousOperationId":"8480jo1m65ujctr"}
{"type":"operationEnd","operationId":"8480jo1m65ujctr","timestamp":1767185763160,"id":"epnlx1a3yg2n7sz","previousEventId":"1t3igzr8m7y0ujc","previousOperationId":"8480jo1m65ujctr"}
{"type":"log","timestamp":1767185763160,"level":"debug","message":"Skipping storing report.","meta":{"rootId":"k3hv011mts0js9e","id":"k3hv011mts0js9e"},"id":"lb6y9nrxw7ef0on","previousOperationId":"8480jo1m65ujctr"}
{"type":"log","timestamp":1767185763160,"level":"info","message":"Rendering request 57 finished in 6081 ms","meta":{"rootId":"k3hv011mts0js9e","id":"k3hv011mts0js9e"},"id":"np6jd2c3k2eys5x","previousOperationId":"8480jo1m65ujctr"}
{"type":"operationEnd","subtype":"render","operationId":"3zs27rw546duix8","timestamp":1767185763160,"id":"fjqd26ddwgfckqn","previousEventId":"epnlx1a3yg2n7sz","previousOperationId":"8480jo1m65ujctr"}
{"type":"operationEnd","doDiffs":false,"previousEventId":"dcrq3skizniuy6l","previousOperationId":"ejwhiyjz1r4v04t","operationId":"ejwhiyjz1r4v04t","timestamp":1767185763166,"id":"k6cy0qhjlxufq6d"}
