{"type":"operationStart","subtype":"profile","data":{"_id":"2mIgvwcibKN7H1re","timestamp":"2025-12-07T18:54:13.792Z","state":"running","mode":"standard","creationDate":"2025-12-07T18:54:13.798Z","modificationDate":"2025-12-07T18:54:13.798Z","shortid":"xdERZli","$entitySet":"profiles","timeout":60000},"doDiffs":false,"timestamp":1765133653796,"id":"z6hnixjofl7hzv8","previousOperationId":null,"operationId":"in598fgrtg298j1"}
{"type":"log","level":"info","message":"Render request 4 queued for execution and waiting for available worker","previousOperationId":"in598fgrtg298j1","timestamp":1765133653796,"id":"wvrt3b92n3n0tsg"}
{"type":"operationStart","subtype":"render","name":"anonymous","previousOperationId":"in598fgrtg298j1","timestamp":1765133653848,"id":"j5esilh00wzb243","previousEventId":"z6hnixjofl7hzv8","operationId":"2zzshdsq94cjfyu"}
{"type":"log","timestamp":1765133653848,"level":"info","message":"Starting rendering request 4","meta":{"rootId":"k3j27u9nlvnuiyj","id":"k3j27u9nlvnuiyj"},"id":"4k5qxrqzeh0wiid","previousOperationId":"2zzshdsq94cjfyu"}
{"type":"log","timestamp":1765133653849,"level":"info","message":"Rendering anonymous template { recipe: pptx, engine: handlebars }","meta":{"rootId":"k3j27u9nlvnuiyj","id":"k3j27u9nlvnuiyj"},"id":"po05euc6s35w7ju","previousOperationId":"2zzshdsq94cjfyu"}
{"type":"log","timestamp":1765133653849,"level":"debug","message":"Inline data specified.","meta":{"rootId":"k3j27u9nlvnuiyj","id":"k3j27u9nlvnuiyj"},"id":"0a87nbohfx0683a","previousOperationId":"2zzshdsq94cjfyu"}
{"type":"log","timestamp":1765133653853,"level":"debug","message":"Base url not specified, skipping its injection.","meta":{"rootId":"k3j27u9nlvnuiyj","id":"k3j27u9nlvnuiyj"},"id":"gx9h78m6l60txw5","previousOperationId":"2zzshdsq94cjfyu"}
{"type":"operationStart","subtype":"engine","name":"handlebars","timestamp":1765133653854,"id":"p9cj3drcas7ss03","previousEventId":"j5esilh00wzb243","operationId":"8n2swfr6d5tmi1n","previousOperationId":"2zzshdsq94cjfyu"}
{"type":"log","timestamp":1765133653854,"level":"debug","message":"Rendering engine handlebars","meta":{"rootId":"k3j27u9nlvnuiyj","id":"k3j27u9nlvnuiyj"},"id":"pvn0gwtzvs8w2yc","previousOperationId":"8n2swfr6d5tmi1n"}
{"type":"operationEnd","operationId":"8n2swfr6d5tmi1n","timestamp":1765133653884,"id":"1a3w319o7pu2iz9","previousEventId":"p9cj3drcas7ss03","previousOperationId":"8n2swfr6d5tmi1n"}
{"type":"operationStart","subtype":"recipe","name":"pptx","timestamp":1765133653884,"id":"4w8govslnj0uu6j","previousEventId":"1a3w319o7pu2iz9","operationId":"85r14cotufpzh7g","previousOperationId":"8n2swfr6d5tmi1n"}
{"type":"log","timestamp":1765133653884,"level":"debug","message":"Executing recipe pptx","meta":{"rootId":"k3j27u9nlvnuiyj","id":"k3j27u9nlvnuiyj"},"id":"gbp18ax798shnkf","previousOperationId":"85r14cotufpzh7g"}
{"type":"log","timestamp":1765133653903,"level":"info","message":"pptx generation is starting","meta":{"rootId":"k3j27u9nlvnuiyj","id":"k3j27u9nlvnuiyj"},"id":"lhcizo33l5e5o6q","previousOperationId":"85r14cotufpzh7g"}
{"type":"log","timestamp":1765133655598,"level":"debug","message":"Starting child request to render pptx dynamic parts","meta":{"rootId":"k3j27u9nlvnuiyj","id":"k3j27u9nlvnuiyj"},"id":"lnmqlhdv85rnckp","previousOperationId":"85r14cotufpzh7g"}
{"type":"operationStart","subtype":"render","name":"anonymous","previousOperationId":"85r14cotufpzh7g","timestamp":1765133655599,"id":"2jduz3s3uyrtxsy","previousEventId":"4w8govslnj0uu6j","operationId":"dmvlkemihlhxpm8"}
{"type":"log","timestamp":1765133655599,"level":"info","message":"Starting rendering (child) request","meta":{"rootId":"k3j27u9nlvnuiyj","id":"khzowsdh678dm9m"},"id":"xaeie20he0b6tn8","previousOperationId":"dmvlkemihlhxpm8"}
{"type":"log","timestamp":1765133655600,"level":"info","message":"Rendering anonymous template { recipe: html, engine: handlebars }","meta":{"rootId":"k3j27u9nlvnuiyj","id":"khzowsdh678dm9m"},"id":"tw4w0r6y9tiitt2","previousOperationId":"dmvlkemihlhxpm8"}
{"type":"log","timestamp":1765133655600,"level":"debug","message":"Inline data specified.","meta":{"rootId":"k3j27u9nlvnuiyj","id":"khzowsdh678dm9m"},"id":"hw2m6icvztfz3x1","previousOperationId":"dmvlkemihlhxpm8"}
{"type":"log","timestamp":1765133655610,"level":"debug","message":"Base url not specified, skipping its injection.","meta":{"rootId":"k3j27u9nlvnuiyj","id":"khzowsdh678dm9m"},"id":"dol9mau9u36wjbf","previousOperationId":"dmvlkemihlhxpm8"}
{"type":"operationStart","subtype":"engine","name":"handlebars","timestamp":1765133655612,"id":"jdzw3jmksgxzly6","previousEventId":"2jduz3s3uyrtxsy","operationId":"dzds4545v1cqs53","previousOperationId":"dmvlkemihlhxpm8"}
{"type":"log","timestamp":1765133655612,"level":"debug","message":"Rendering engine handlebars","meta":{"rootId":"k3j27u9nlvnuiyj","id":"khzowsdh678dm9m"},"id":"y07qknmjnzyczoe","previousOperationId":"dzds4545v1cqs53"}
{"type":"operationEnd","operationId":"dzds4545v1cqs53","timestamp":1765133655769,"id":"qiuy5hk6jt66qd2","previousEventId":"jdzw3jmksgxzly6","previousOperationId":"dzds4545v1cqs53"}
{"type":"operationStart","subtype":"recipe","name":"html","timestamp":1765133655782,"id":"saip4rea70fbqjm","previousEventId":"qiuy5hk6jt66qd2","operationId":"jn08qoiq38fd9l1","previousOperationId":"dzds4545v1cqs53"}
{"type":"log","timestamp":1765133655782,"level":"debug","message":"Executing recipe html","meta":{"rootId":"k3j27u9nlvnuiyj","id":"khzowsdh678dm9m"},"id":"1vxhddd7ypz861b","previousOperationId":"jn08qoiq38fd9l1"}
{"type":"operationEnd","operationId":"jn08qoiq38fd9l1","timestamp":1765133655782,"id":"f3cljam356r0yeg","previousEventId":"saip4rea70fbqjm","previousOperationId":"jn08qoiq38fd9l1"}
{"type":"log","timestamp":1765133655782,"level":"debug","message":"Skipping storing report.","meta":{"rootId":"k3j27u9nlvnuiyj","id":"khzowsdh678dm9m"},"id":"nfoym52yntem6be","previousOperationId":"jn08qoiq38fd9l1"}
{"type":"log","timestamp":1765133655782,"level":"info","message":"Rendering (child) request finished in 1994 ms","meta":{"rootId":"k3j27u9nlvnuiyj","id":"khzowsdh678dm9m"},"id":"d2i577xadtirm6h","previousOperationId":"jn08qoiq38fd9l1"}
{"type":"operationEnd","subtype":"render","operationId":"dmvlkemihlhxpm8","timestamp":1765133655782,"id":"6kbxlzceggvq4nm","previousEventId":"f3cljam356r0yeg","previousOperationId":"jn08qoiq38fd9l1"}
{"type":"log","timestamp":1765133663406,"level":"debug","message":"pptx successfully zipped","meta":{"rootId":"k3j27u9nlvnuiyj","id":"k3j27u9nlvnuiyj"},"id":"pphkladxwnbo550","previousOperationId":"85r14cotufpzh7g"}
{"type":"log","timestamp":1765133663406,"level":"info","message":"pptx generation was finished","meta":{"rootId":"k3j27u9nlvnuiyj","id":"k3j27u9nlvnuiyj"},"id":"7s0gw3wcts0b68l","previousOperationId":"85r14cotufpzh7g"}
{"type":"operationEnd","operationId":"85r14cotufpzh7g","timestamp":1765133663418,"id":"xk6bxxsex0pmb0q","previousEventId":"4w8govslnj0uu6j","previousOperationId":"85r14cotufpzh7g"}
{"type":"log","timestamp":1765133663418,"level":"debug","message":"Skipping storing report.","meta":{"rootId":"k3j27u9nlvnuiyj","id":"k3j27u9nlvnuiyj"},"id":"aqm2ps36gj5h2xt","previousOperationId":"85r14cotufpzh7g"}
{"type":"log","timestamp":1765133663418,"level":"info","message":"Rendering request 4 finished in 9630 ms","meta":{"rootId":"k3j27u9nlvnuiyj","id":"k3j27u9nlvnuiyj"},"id":"oip1t07nbx3iv91","previousOperationId":"85r14cotufpzh7g"}
{"type":"operationEnd","subtype":"render","operationId":"2zzshdsq94cjfyu","timestamp":1765133663418,"id":"1v5ye8c47kga4iq","previousEventId":"xk6bxxsex0pmb0q","previousOperationId":"85r14cotufpzh7g"}
{"type":"operationEnd","doDiffs":false,"previousEventId":"z6hnixjofl7hzv8","previousOperationId":"in598fgrtg298j1","operationId":"in598fgrtg298j1","timestamp":1765133663423,"id":"j8jtvjqci2sq8iw"}
