{"type":"operationStart","subtype":"profile","data":{"_id":"zTS5FwHsNG6W3pcN","timestamp":"2026-01-01T13:14:26.261Z","state":"running","mode":"standard","creationDate":"2026-01-01T13:14:26.270Z","modificationDate":"2026-01-01T13:14:26.270Z","shortid":"FqGFwcU","$entitySet":"profiles","timeout":60000},"doDiffs":false,"timestamp":1767273266265,"id":"cx58vycqq9iqtf5","previousOperationId":null,"operationId":"iya4fpqrss69ts3"}
{"type":"log","level":"info","message":"Render request 2 queued for execution and waiting for available worker","previousOperationId":"iya4fpqrss69ts3","timestamp":1767273266265,"id":"bccmwf44bbqii0f"}
{"type":"operationStart","subtype":"render","name":"anonymous","previousOperationId":"iya4fpqrss69ts3","timestamp":1767273266337,"id":"ovz4rwuw42spo8q","previousEventId":"cx58vycqq9iqtf5","operationId":"3kf2miricy5db64"}
{"type":"log","timestamp":1767273266339,"level":"info","message":"Starting rendering request 2","meta":{"rootId":"k400j1lw6sovbqb","id":"k400j1lw6sovbqb"},"id":"a7mhtx5lr6rbi9e","previousOperationId":"3kf2miricy5db64"}
{"type":"log","timestamp":1767273266342,"level":"info","message":"Rendering anonymous template { recipe: pptx, engine: handlebars }","meta":{"rootId":"k400j1lw6sovbqb","id":"k400j1lw6sovbqb"},"id":"61j6ic43jd0od9q","previousOperationId":"3kf2miricy5db64"}
{"type":"log","timestamp":1767273266343,"level":"debug","message":"Inline data specified.","meta":{"rootId":"k400j1lw6sovbqb","id":"k400j1lw6sovbqb"},"id":"w0xqx3iydwtwxsb","previousOperationId":"3kf2miricy5db64"}
{"type":"log","timestamp":1767273266353,"level":"debug","message":"Base url not specified, skipping its injection.","meta":{"rootId":"k400j1lw6sovbqb","id":"k400j1lw6sovbqb"},"id":"8gkbw85rfdgbni3","previousOperationId":"3kf2miricy5db64"}
{"type":"operationStart","subtype":"engine","name":"handlebars","timestamp":1767273266357,"id":"wwzgnyoiqt5ewa8","previousEventId":"ovz4rwuw42spo8q","operationId":"xryqre2ukvkrjlb","previousOperationId":"3kf2miricy5db64"}
{"type":"log","timestamp":1767273266357,"level":"debug","message":"Rendering engine handlebars","meta":{"rootId":"k400j1lw6sovbqb","id":"k400j1lw6sovbqb"},"id":"xxahr5r0kn2adv4","previousOperationId":"xryqre2ukvkrjlb"}
{"type":"operationEnd","operationId":"xryqre2ukvkrjlb","timestamp":1767273267583,"id":"3j2nb0k7bcm18hr","previousEventId":"wwzgnyoiqt5ewa8","previousOperationId":"xryqre2ukvkrjlb"}
{"type":"operationStart","subtype":"recipe","name":"pptx","timestamp":1767273267585,"id":"fv093lcq6scrkxl","previousEventId":"3j2nb0k7bcm18hr","operationId":"esanqqr50o6i8bt","previousOperationId":"xryqre2ukvkrjlb"}
{"type":"log","timestamp":1767273267585,"level":"debug","message":"Executing recipe pptx","meta":{"rootId":"k400j1lw6sovbqb","id":"k400j1lw6sovbqb"},"id":"1jbth0kkwfe0ahz","previousOperationId":"esanqqr50o6i8bt"}
{"type":"log","timestamp":1767273267848,"level":"info","message":"pptx generation is starting","meta":{"rootId":"k400j1lw6sovbqb","id":"k400j1lw6sovbqb"},"id":"rt2alrg7uco8sqj","previousOperationId":"esanqqr50o6i8bt"}
{"type":"log","timestamp":1767273269916,"level":"debug","message":"Starting child request to render pptx dynamic parts","meta":{"rootId":"k400j1lw6sovbqb","id":"k400j1lw6sovbqb"},"id":"o1i53akyv2zrg0u","previousOperationId":"esanqqr50o6i8bt"}
{"type":"operationStart","subtype":"render","name":"anonymous","previousOperationId":"esanqqr50o6i8bt","timestamp":1767273269917,"id":"r5pyi9s8onpsb9d","previousEventId":"fv093lcq6scrkxl","operationId":"sbx5j1ljghgty5b"}
{"type":"log","timestamp":1767273269917,"level":"info","message":"Starting rendering (child) request","meta":{"rootId":"k400j1lw6sovbqb","id":"7vkvsrbjnb5ghwj"},"id":"4ed3xqduvxtm9pu","previousOperationId":"sbx5j1ljghgty5b"}
{"type":"log","timestamp":1767273269918,"level":"info","message":"Rendering anonymous template { recipe: html, engine: handlebars }","meta":{"rootId":"k400j1lw6sovbqb","id":"7vkvsrbjnb5ghwj"},"id":"ju000ne674ce1kr","previousOperationId":"sbx5j1ljghgty5b"}
{"type":"log","timestamp":1767273269918,"level":"debug","message":"Inline data specified.","meta":{"rootId":"k400j1lw6sovbqb","id":"7vkvsrbjnb5ghwj"},"id":"0a855q475bdvdvu","previousOperationId":"sbx5j1ljghgty5b"}
{"type":"log","timestamp":1767273269927,"level":"debug","message":"Base url not specified, skipping its injection.","meta":{"rootId":"k400j1lw6sovbqb","id":"7vkvsrbjnb5ghwj"},"id":"b4ht014i6dritnx","previousOperationId":"sbx5j1ljghgty5b"}
{"type":"operationStart","subtype":"engine","name":"handlebars","timestamp":1767273269929,"id":"1gfzkgugfxgyb0z","previousEventId":"r5pyi9s8onpsb9d","operationId":"eg9ghij636pfgbz","previousOperationId":"sbx5j1ljghgty5b"}
{"type":"log","timestamp":1767273269929,"level":"debug","message":"Rendering engine handlebars","meta":{"rootId":"k400j1lw6sovbqb","id":"7vkvsrbjnb5ghwj"},"id":"bt3bf5ek2z83eow","previousOperationId":"eg9ghij636pfgbz"}
{"type":"log","timestamp":1767273270225,"level":"debug","message":"(console:log) {\n  type: 'echarts@v5a',\n  width: 848,\n  height: 409,\n  option: { radar: [ [Object] ], series: [ [Object] ] }\n}","meta":{"userLevel":true,"rootId":"k400j1lw6sovbqb","id":"7vkvsrbjnb5ghwj"},"id":"21bhgkwvrzmmhoe","previousOperationId":"eg9ghij636pfgbz"}
{"type":"operationEnd","operationId":"eg9ghij636pfgbz","timestamp":1767273270241,"id":"cewydy8k35e1tui","previousEventId":"1gfzkgugfxgyb0z","previousOperationId":"eg9ghij636pfgbz"}
{"type":"operationStart","subtype":"recipe","name":"html","timestamp":1767273270264,"id":"myc9vabjj2fldo3","previousEventId":"cewydy8k35e1tui","operationId":"h26qoharkuy3ngo","previousOperationId":"eg9ghij636pfgbz"}
{"type":"log","timestamp":1767273270264,"level":"debug","message":"Executing recipe html","meta":{"rootId":"k400j1lw6sovbqb","id":"7vkvsrbjnb5ghwj"},"id":"6dm5hipda6556lj","previousOperationId":"h26qoharkuy3ngo"}
{"type":"operationEnd","operationId":"h26qoharkuy3ngo","timestamp":1767273270264,"id":"uprs9xzq02kae16","previousEventId":"myc9vabjj2fldo3","previousOperationId":"h26qoharkuy3ngo"}
{"type":"log","timestamp":1767273270266,"level":"debug","message":"Skipping storing report.","meta":{"rootId":"k400j1lw6sovbqb","id":"7vkvsrbjnb5ghwj"},"id":"pyibdt6fp2rdza9","previousOperationId":"h26qoharkuy3ngo"}
{"type":"log","timestamp":1767273270266,"level":"info","message":"Rendering (child) request finished in 4007 ms","meta":{"rootId":"k400j1lw6sovbqb","id":"7vkvsrbjnb5ghwj"},"id":"jssb1523ybqszo5","previousOperationId":"h26qoharkuy3ngo"}
{"type":"operationEnd","subtype":"render","operationId":"sbx5j1ljghgty5b","timestamp":1767273270266,"id":"lpef4iglqysuqou","previousEventId":"uprs9xzq02kae16","previousOperationId":"h26qoharkuy3ngo"}
{"type":"log","timestamp":1767273277408,"level":"debug","message":"pptx successfully zipped","meta":{"rootId":"k400j1lw6sovbqb","id":"k400j1lw6sovbqb"},"id":"8wyr7gbwfszan7a","previousOperationId":"esanqqr50o6i8bt"}
{"type":"log","timestamp":1767273277408,"level":"info","message":"pptx generation was finished","meta":{"rootId":"k400j1lw6sovbqb","id":"k400j1lw6sovbqb"},"id":"f7xjb1ftreqy2rv","previousOperationId":"esanqqr50o6i8bt"}
{"type":"operationEnd","operationId":"esanqqr50o6i8bt","timestamp":1767273277426,"id":"dx2p23y3nc8gxyf","previousEventId":"fv093lcq6scrkxl","previousOperationId":"esanqqr50o6i8bt"}
{"type":"log","timestamp":1767273277426,"level":"debug","message":"Skipping storing report.","meta":{"rootId":"k400j1lw6sovbqb","id":"k400j1lw6sovbqb"},"id":"6wrl5vjvll7w7w3","previousOperationId":"esanqqr50o6i8bt"}
{"type":"log","timestamp":1767273277426,"level":"info","message":"Rendering request 2 finished in 11167 ms","meta":{"rootId":"k400j1lw6sovbqb","id":"k400j1lw6sovbqb"},"id":"w6c2qmis47gqpjp","previousOperationId":"esanqqr50o6i8bt"}
{"type":"operationEnd","subtype":"render","operationId":"3kf2miricy5db64","timestamp":1767273277426,"id":"tne5tuem8rhp8bi","previousEventId":"dx2p23y3nc8gxyf","previousOperationId":"esanqqr50o6i8bt"}
{"type":"operationEnd","doDiffs":false,"previousEventId":"cx58vycqq9iqtf5","previousOperationId":"iya4fpqrss69ts3","operationId":"iya4fpqrss69ts3","timestamp":1767273277430,"id":"879gec47nzb5dzs"}
