{"type":"operationStart","subtype":"profile","data":{"_id":"uacJSX46QzS5bQA3","timestamp":"2025-12-30T17:36:07.411Z","state":"running","mode":"standard","creationDate":"2025-12-30T17:36:07.417Z","modificationDate":"2025-12-30T17:36:07.417Z","shortid":"i58N9es","$entitySet":"profiles","timeout":60000},"doDiffs":false,"timestamp":1767116167414,"id":"978jaua4om4f2ef","previousOperationId":null,"operationId":"44d658zxnp5ehzu"}
{"type":"log","level":"info","message":"Render request 13 queued for execution and waiting for available worker","previousOperationId":"44d658zxnp5ehzu","timestamp":1767116167414,"id":"y9hf3o4h09ifdji"}
{"type":"operationStart","subtype":"render","name":"anonymous","previousOperationId":"44d658zxnp5ehzu","timestamp":1767116167475,"id":"gsyenlhp3c84hc6","previousEventId":"978jaua4om4f2ef","operationId":"538tozej79v5z5x"}
{"type":"log","timestamp":1767116167475,"level":"info","message":"Starting rendering request 13","meta":{"rootId":"k7i2yisjkalhl14","id":"k7i2yisjkalhl14"},"id":"ofnb0msz9nyz6od","previousOperationId":"538tozej79v5z5x"}
{"type":"log","timestamp":1767116167475,"level":"info","message":"Rendering anonymous template { recipe: pptx, engine: handlebars }","meta":{"rootId":"k7i2yisjkalhl14","id":"k7i2yisjkalhl14"},"id":"jcd18gidf4dvgwv","previousOperationId":"538tozej79v5z5x"}
{"type":"log","timestamp":1767116167476,"level":"debug","message":"Inline data specified.","meta":{"rootId":"k7i2yisjkalhl14","id":"k7i2yisjkalhl14"},"id":"l91zsj14r3gpuvl","previousOperationId":"538tozej79v5z5x"}
{"type":"log","timestamp":1767116167485,"level":"debug","message":"Base url not specified, skipping its injection.","meta":{"rootId":"k7i2yisjkalhl14","id":"k7i2yisjkalhl14"},"id":"7xbbbuhylaovfp8","previousOperationId":"538tozej79v5z5x"}
{"type":"operationStart","subtype":"engine","name":"handlebars","timestamp":1767116167485,"id":"vp9q6gmue9z5pad","previousEventId":"gsyenlhp3c84hc6","operationId":"eu35d2yhub79nvj","previousOperationId":"538tozej79v5z5x"}
{"type":"log","timestamp":1767116167485,"level":"debug","message":"Rendering engine handlebars","meta":{"rootId":"k7i2yisjkalhl14","id":"k7i2yisjkalhl14"},"id":"xhfos5cxv0wu3gh","previousOperationId":"eu35d2yhub79nvj"}
{"type":"operationEnd","operationId":"eu35d2yhub79nvj","timestamp":1767116167502,"id":"svg2l4q63jqqwhv","previousEventId":"vp9q6gmue9z5pad","previousOperationId":"eu35d2yhub79nvj"}
{"type":"operationStart","subtype":"recipe","name":"pptx","timestamp":1767116167502,"id":"x5m4dxiwbn6sx6a","previousEventId":"svg2l4q63jqqwhv","operationId":"lo7c8hdi3ezw5i1","previousOperationId":"eu35d2yhub79nvj"}
{"type":"log","timestamp":1767116167502,"level":"debug","message":"Executing recipe pptx","meta":{"rootId":"k7i2yisjkalhl14","id":"k7i2yisjkalhl14"},"id":"3ojoz5orcwlr84e","previousOperationId":"lo7c8hdi3ezw5i1"}
{"type":"log","timestamp":1767116167529,"level":"info","message":"pptx generation is starting","meta":{"rootId":"k7i2yisjkalhl14","id":"k7i2yisjkalhl14"},"id":"l13l453a0f78s9k","previousOperationId":"lo7c8hdi3ezw5i1"}
{"type":"log","timestamp":1767116169310,"level":"debug","message":"Starting child request to render pptx dynamic parts","meta":{"rootId":"k7i2yisjkalhl14","id":"k7i2yisjkalhl14"},"id":"eoi7jmy8bxa6fya","previousOperationId":"lo7c8hdi3ezw5i1"}
{"type":"operationStart","subtype":"render","name":"anonymous","previousOperationId":"lo7c8hdi3ezw5i1","timestamp":1767116169311,"id":"9b3golhwybolref","previousEventId":"x5m4dxiwbn6sx6a","operationId":"u93a0x8skdbs9kl"}
{"type":"log","timestamp":1767116169311,"level":"info","message":"Starting rendering (child) request","meta":{"rootId":"k7i2yisjkalhl14","id":"djwrnq7431gob3p"},"id":"hyesulgjrl9nwvb","previousOperationId":"u93a0x8skdbs9kl"}
{"type":"log","timestamp":1767116169312,"level":"info","message":"Rendering anonymous template { recipe: html, engine: handlebars }","meta":{"rootId":"k7i2yisjkalhl14","id":"djwrnq7431gob3p"},"id":"0vu63zf0xt0vcjd","previousOperationId":"u93a0x8skdbs9kl"}
{"type":"log","timestamp":1767116169312,"level":"debug","message":"Inline data specified.","meta":{"rootId":"k7i2yisjkalhl14","id":"djwrnq7431gob3p"},"id":"labgsfbq180nuqp","previousOperationId":"u93a0x8skdbs9kl"}
{"type":"log","timestamp":1767116169330,"level":"debug","message":"Base url not specified, skipping its injection.","meta":{"rootId":"k7i2yisjkalhl14","id":"djwrnq7431gob3p"},"id":"dff3hao42t5da1m","previousOperationId":"u93a0x8skdbs9kl"}
{"type":"operationStart","subtype":"engine","name":"handlebars","timestamp":1767116169332,"id":"1yv09md0e8rt509","previousEventId":"9b3golhwybolref","operationId":"klxlhapwet95mpj","previousOperationId":"u93a0x8skdbs9kl"}
{"type":"log","timestamp":1767116169332,"level":"debug","message":"Rendering engine handlebars","meta":{"rootId":"k7i2yisjkalhl14","id":"djwrnq7431gob3p"},"id":"dqgzot7wfsy029r","previousOperationId":"klxlhapwet95mpj"}
{"type":"log","timestamp":1767116169534,"level":"debug","message":"(console:log) {\n  type: 'echarts@v5a',\n  width: 848,\n  height: 409,\n  option: { radar: [ [Object] ], series: [ [Object] ] }\n}","meta":{"userLevel":true,"rootId":"k7i2yisjkalhl14","id":"djwrnq7431gob3p"},"id":"br1d9ol7t7wt1ha","previousOperationId":"klxlhapwet95mpj"}
{"type":"operationEnd","operationId":"klxlhapwet95mpj","timestamp":1767116169545,"id":"4d8w944ipt22abr","previousEventId":"1yv09md0e8rt509","previousOperationId":"klxlhapwet95mpj"}
{"type":"operationStart","subtype":"recipe","name":"html","timestamp":1767116169560,"id":"7s097em5fntxnn3","previousEventId":"4d8w944ipt22abr","operationId":"8wbk0uwstfz9n08","previousOperationId":"klxlhapwet95mpj"}
{"type":"log","timestamp":1767116169560,"level":"debug","message":"Executing recipe html","meta":{"rootId":"k7i2yisjkalhl14","id":"djwrnq7431gob3p"},"id":"bldi702v8ho3rfe","previousOperationId":"8wbk0uwstfz9n08"}
{"type":"operationEnd","operationId":"8wbk0uwstfz9n08","timestamp":1767116169560,"id":"pll0k4lk58b9a8x","previousEventId":"7s097em5fntxnn3","previousOperationId":"8wbk0uwstfz9n08"}
{"type":"log","timestamp":1767116169560,"level":"debug","message":"Skipping storing report.","meta":{"rootId":"k7i2yisjkalhl14","id":"djwrnq7431gob3p"},"id":"jrf3tuxyddperpx","previousOperationId":"8wbk0uwstfz9n08"}
{"type":"log","timestamp":1767116169560,"level":"info","message":"Rendering (child) request finished in 2150 ms","meta":{"rootId":"k7i2yisjkalhl14","id":"djwrnq7431gob3p"},"id":"ueztpjttjn5ado8","previousOperationId":"8wbk0uwstfz9n08"}
{"type":"operationEnd","subtype":"render","operationId":"u93a0x8skdbs9kl","timestamp":1767116169560,"id":"jj062hq6o2p94sr","previousEventId":"pll0k4lk58b9a8x","previousOperationId":"8wbk0uwstfz9n08"}
{"type":"log","timestamp":1767116176384,"level":"debug","message":"pptx successfully zipped","meta":{"rootId":"k7i2yisjkalhl14","id":"k7i2yisjkalhl14"},"id":"3d0e93uqdaq1rh3","previousOperationId":"lo7c8hdi3ezw5i1"}
{"type":"log","timestamp":1767116176384,"level":"info","message":"pptx generation was finished","meta":{"rootId":"k7i2yisjkalhl14","id":"k7i2yisjkalhl14"},"id":"njq7htizfcnjnc8","previousOperationId":"lo7c8hdi3ezw5i1"}
{"type":"operationEnd","operationId":"lo7c8hdi3ezw5i1","timestamp":1767116176395,"id":"o341t4fv6gqfkrh","previousEventId":"x5m4dxiwbn6sx6a","previousOperationId":"lo7c8hdi3ezw5i1"}
{"type":"log","timestamp":1767116176395,"level":"debug","message":"Skipping storing report.","meta":{"rootId":"k7i2yisjkalhl14","id":"k7i2yisjkalhl14"},"id":"ekonuvoqi4hm4fa","previousOperationId":"lo7c8hdi3ezw5i1"}
{"type":"log","timestamp":1767116176395,"level":"info","message":"Rendering request 13 finished in 8985 ms","meta":{"rootId":"k7i2yisjkalhl14","id":"k7i2yisjkalhl14"},"id":"kr1c4exvkwhf61a","previousOperationId":"lo7c8hdi3ezw5i1"}
{"type":"operationEnd","subtype":"render","operationId":"538tozej79v5z5x","timestamp":1767116176395,"id":"s2za3va98wqtgq1","previousEventId":"o341t4fv6gqfkrh","previousOperationId":"lo7c8hdi3ezw5i1"}
{"type":"operationEnd","doDiffs":false,"previousEventId":"978jaua4om4f2ef","previousOperationId":"44d658zxnp5ehzu","operationId":"44d658zxnp5ehzu","timestamp":1767116176401,"id":"2nz3kk38mks4i16"}
