{"type":"operationStart","subtype":"profile","data":{"_id":"q5KzIlJfV0g2Nibr","timestamp":"2025-12-25T20:27:33.855Z","state":"running","mode":"standard","creationDate":"2025-12-25T20:27:33.865Z","modificationDate":"2025-12-25T20:27:33.865Z","shortid":"_nCx5hM","$entitySet":"profiles","timeout":60000},"doDiffs":false,"timestamp":1766694453861,"id":"0kx93nyjq9y40zy","previousOperationId":null,"operationId":"7c21uwt4pej6zny"}
{"type":"log","level":"info","message":"Render request 1 queued for execution and waiting for available worker","previousOperationId":"7c21uwt4pej6zny","timestamp":1766694453861,"id":"6towumboeq4oo5u"}
{"type":"operationStart","subtype":"render","name":"anonymous","previousOperationId":"7c21uwt4pej6zny","timestamp":1766694453949,"id":"0790awzilvnkx5e","previousEventId":"0kx93nyjq9y40zy","operationId":"tlkzp6j6lr1yjbr"}
{"type":"log","timestamp":1766694453951,"level":"info","message":"Starting rendering request 1","meta":{"rootId":"keo3t2w9ywfjnp6","id":"keo3t2w9ywfjnp6"},"id":"m3g5apilfe3uf4d","previousOperationId":"tlkzp6j6lr1yjbr"}
{"type":"log","timestamp":1766694453954,"level":"info","message":"Rendering anonymous template { recipe: pptx, engine: handlebars }","meta":{"rootId":"keo3t2w9ywfjnp6","id":"keo3t2w9ywfjnp6"},"id":"x57y2mhffv5wvjq","previousOperationId":"tlkzp6j6lr1yjbr"}
{"type":"log","timestamp":1766694453955,"level":"debug","message":"Inline data specified.","meta":{"rootId":"keo3t2w9ywfjnp6","id":"keo3t2w9ywfjnp6"},"id":"sz6tmje3wfxxyf1","previousOperationId":"tlkzp6j6lr1yjbr"}
{"type":"log","timestamp":1766694453963,"level":"debug","message":"Base url not specified, skipping its injection.","meta":{"rootId":"keo3t2w9ywfjnp6","id":"keo3t2w9ywfjnp6"},"id":"ketqmtdru1kgueu","previousOperationId":"tlkzp6j6lr1yjbr"}
{"type":"operationStart","subtype":"engine","name":"handlebars","timestamp":1766694453966,"id":"619qv8457hv8ae9","previousEventId":"0790awzilvnkx5e","operationId":"l0cpl4cvs7w631o","previousOperationId":"tlkzp6j6lr1yjbr"}
{"type":"log","timestamp":1766694453966,"level":"debug","message":"Rendering engine handlebars","meta":{"rootId":"keo3t2w9ywfjnp6","id":"keo3t2w9ywfjnp6"},"id":"lif7qip3dz2jbb8","previousOperationId":"l0cpl4cvs7w631o"}
{"type":"operationEnd","operationId":"l0cpl4cvs7w631o","timestamp":1766694455283,"id":"jz4b4jb5iru97sv","previousEventId":"619qv8457hv8ae9","previousOperationId":"l0cpl4cvs7w631o"}
{"type":"operationStart","subtype":"recipe","name":"pptx","timestamp":1766694455284,"id":"bpyxz1smwpqdnpz","previousEventId":"jz4b4jb5iru97sv","operationId":"dv1xecfaofzj9nf","previousOperationId":"l0cpl4cvs7w631o"}
{"type":"log","timestamp":1766694455285,"level":"debug","message":"Executing recipe pptx","meta":{"rootId":"keo3t2w9ywfjnp6","id":"keo3t2w9ywfjnp6"},"id":"9g8mj77lu407ht9","previousOperationId":"dv1xecfaofzj9nf"}
{"type":"log","timestamp":1766694455595,"level":"info","message":"pptx generation is starting","meta":{"rootId":"keo3t2w9ywfjnp6","id":"keo3t2w9ywfjnp6"},"id":"34kvbflavnl21b7","previousOperationId":"dv1xecfaofzj9nf"}
{"type":"log","timestamp":1766694457482,"level":"debug","message":"Starting child request to render pptx dynamic parts","meta":{"rootId":"keo3t2w9ywfjnp6","id":"keo3t2w9ywfjnp6"},"id":"xkz9xzrh2nqg554","previousOperationId":"dv1xecfaofzj9nf"}
{"type":"operationStart","subtype":"render","name":"anonymous","previousOperationId":"dv1xecfaofzj9nf","timestamp":1766694457484,"id":"yy6ykmugibuekc0","previousEventId":"bpyxz1smwpqdnpz","operationId":"rlnbhu23mu5sesm"}
{"type":"log","timestamp":1766694457484,"level":"info","message":"Starting rendering (child) request","meta":{"rootId":"keo3t2w9ywfjnp6","id":"72cxuhigp2mg8z9"},"id":"cs8zd8hhuoct82h","previousOperationId":"rlnbhu23mu5sesm"}
{"type":"log","timestamp":1766694457485,"level":"info","message":"Rendering anonymous template { recipe: html, engine: handlebars }","meta":{"rootId":"keo3t2w9ywfjnp6","id":"72cxuhigp2mg8z9"},"id":"yu2ju42sj0906iv","previousOperationId":"rlnbhu23mu5sesm"}
{"type":"log","timestamp":1766694457485,"level":"debug","message":"Inline data specified.","meta":{"rootId":"keo3t2w9ywfjnp6","id":"72cxuhigp2mg8z9"},"id":"ie7hwhbxxosloag","previousOperationId":"rlnbhu23mu5sesm"}
{"type":"log","timestamp":1766694457492,"level":"debug","message":"Base url not specified, skipping its injection.","meta":{"rootId":"keo3t2w9ywfjnp6","id":"72cxuhigp2mg8z9"},"id":"get8m2y6yxlgrnk","previousOperationId":"rlnbhu23mu5sesm"}
{"type":"operationStart","subtype":"engine","name":"handlebars","timestamp":1766694457494,"id":"kaibz5qk1iy8bn1","previousEventId":"yy6ykmugibuekc0","operationId":"s1vkea66fy7md1q","previousOperationId":"rlnbhu23mu5sesm"}
{"type":"log","timestamp":1766694457494,"level":"debug","message":"Rendering engine handlebars","meta":{"rootId":"keo3t2w9ywfjnp6","id":"72cxuhigp2mg8z9"},"id":"nvztloudgmgol51","previousOperationId":"s1vkea66fy7md1q"}
{"type":"operationEnd","operationId":"s1vkea66fy7md1q","timestamp":1766694457683,"id":"upqtvi90k4p6erz","previousEventId":"kaibz5qk1iy8bn1","previousOperationId":"s1vkea66fy7md1q"}
{"type":"operationStart","subtype":"recipe","name":"html","timestamp":1766694457696,"id":"45aa5duos15zvl4","previousEventId":"upqtvi90k4p6erz","operationId":"lqpvlwron5kzizc","previousOperationId":"s1vkea66fy7md1q"}
{"type":"log","timestamp":1766694457696,"level":"debug","message":"Executing recipe html","meta":{"rootId":"keo3t2w9ywfjnp6","id":"72cxuhigp2mg8z9"},"id":"zt907uuvpuc4d0f","previousOperationId":"lqpvlwron5kzizc"}
{"type":"operationEnd","operationId":"lqpvlwron5kzizc","timestamp":1766694457696,"id":"vhnbtl72qrol1gp","previousEventId":"45aa5duos15zvl4","previousOperationId":"lqpvlwron5kzizc"}
{"type":"log","timestamp":1766694457698,"level":"debug","message":"Skipping storing report.","meta":{"rootId":"keo3t2w9ywfjnp6","id":"72cxuhigp2mg8z9"},"id":"flt7ete24juuw91","previousOperationId":"lqpvlwron5kzizc"}
{"type":"log","timestamp":1766694457698,"level":"info","message":"Rendering (child) request finished in 3847 ms","meta":{"rootId":"keo3t2w9ywfjnp6","id":"72cxuhigp2mg8z9"},"id":"9ylwov38jk5whw4","previousOperationId":"lqpvlwron5kzizc"}
{"type":"operationEnd","subtype":"render","operationId":"rlnbhu23mu5sesm","timestamp":1766694457698,"id":"9kfeyn6w08ik59m","previousEventId":"vhnbtl72qrol1gp","previousOperationId":"lqpvlwron5kzizc"}
{"type":"log","timestamp":1766694462551,"level":"debug","message":"pptx successfully zipped","meta":{"rootId":"keo3t2w9ywfjnp6","id":"keo3t2w9ywfjnp6"},"id":"h4bw2ln4a87p04p","previousOperationId":"dv1xecfaofzj9nf"}
{"type":"log","timestamp":1766694462551,"level":"info","message":"pptx generation was finished","meta":{"rootId":"keo3t2w9ywfjnp6","id":"keo3t2w9ywfjnp6"},"id":"w2n58s6cm6804b7","previousOperationId":"dv1xecfaofzj9nf"}
{"type":"operationEnd","operationId":"dv1xecfaofzj9nf","timestamp":1766694462568,"id":"0r6asr4tjmm7nsb","previousEventId":"bpyxz1smwpqdnpz","previousOperationId":"dv1xecfaofzj9nf"}
{"type":"log","timestamp":1766694462569,"level":"debug","message":"Skipping storing report.","meta":{"rootId":"keo3t2w9ywfjnp6","id":"keo3t2w9ywfjnp6"},"id":"wvkrwmpppoumy3g","previousOperationId":"dv1xecfaofzj9nf"}
{"type":"log","timestamp":1766694462569,"level":"info","message":"Rendering request 1 finished in 8718 ms","meta":{"rootId":"keo3t2w9ywfjnp6","id":"keo3t2w9ywfjnp6"},"id":"vl59pmuiklkeu34","previousOperationId":"dv1xecfaofzj9nf"}
{"type":"operationEnd","subtype":"render","operationId":"tlkzp6j6lr1yjbr","timestamp":1766694462569,"id":"c5jh0eew80ptgya","previousEventId":"0r6asr4tjmm7nsb","previousOperationId":"dv1xecfaofzj9nf"}
{"type":"operationEnd","doDiffs":false,"previousEventId":"0kx93nyjq9y40zy","previousOperationId":"7c21uwt4pej6zny","operationId":"7c21uwt4pej6zny","timestamp":1766694462575,"id":"2s85xjo4ssislrq"}
