{"type":"operationStart","subtype":"profile","data":{"_id":"DFUlFKHkJ6pgcDeE","timestamp":"2025-12-31T09:05:50.808Z","state":"running","mode":"standard","creationDate":"2025-12-31T09:05:50.827Z","modificationDate":"2025-12-31T09:05:50.827Z","shortid":"4DXYg87","$entitySet":"profiles","timeout":60000},"doDiffs":false,"timestamp":1767171950824,"id":"fjq9meiw5rs1aci","previousOperationId":null,"operationId":"ot8ma3mxoce7l7u"}
{"type":"log","level":"info","message":"Render request 6 queued for execution and waiting for available worker","previousOperationId":"ot8ma3mxoce7l7u","timestamp":1767171950824,"id":"pt3exb2jdyc3isz"}
{"type":"operationStart","subtype":"render","name":"anonymous","previousOperationId":"ot8ma3mxoce7l7u","timestamp":1767171950887,"id":"ua1zs2i2mc3st12","previousEventId":"fjq9meiw5rs1aci","operationId":"3aexd7xtgf529fx"}
{"type":"log","timestamp":1767171950887,"level":"info","message":"Starting rendering request 6","meta":{"rootId":"khwwp10z7l7nnp0","id":"khwwp10z7l7nnp0"},"id":"zhxsd0fzg8pd1f1","previousOperationId":"3aexd7xtgf529fx"}
{"type":"log","timestamp":1767171950888,"level":"info","message":"Rendering anonymous template { recipe: pptx, engine: handlebars }","meta":{"rootId":"khwwp10z7l7nnp0","id":"khwwp10z7l7nnp0"},"id":"1ntpcs7emh11u2j","previousOperationId":"3aexd7xtgf529fx"}
{"type":"log","timestamp":1767171950888,"level":"debug","message":"Inline data specified.","meta":{"rootId":"khwwp10z7l7nnp0","id":"khwwp10z7l7nnp0"},"id":"6jnwvh45ff1wsl3","previousOperationId":"3aexd7xtgf529fx"}
{"type":"log","timestamp":1767171950897,"level":"debug","message":"Base url not specified, skipping its injection.","meta":{"rootId":"khwwp10z7l7nnp0","id":"khwwp10z7l7nnp0"},"id":"tcxrmx5scd343e8","previousOperationId":"3aexd7xtgf529fx"}
{"type":"operationStart","subtype":"engine","name":"handlebars","timestamp":1767171950898,"id":"uu4ci2hg4bunzrd","previousEventId":"ua1zs2i2mc3st12","operationId":"n3u87tcenxrjinr","previousOperationId":"3aexd7xtgf529fx"}
{"type":"log","timestamp":1767171950898,"level":"debug","message":"Rendering engine handlebars","meta":{"rootId":"khwwp10z7l7nnp0","id":"khwwp10z7l7nnp0"},"id":"mqv1e4i4c1ws672","previousOperationId":"n3u87tcenxrjinr"}
{"type":"operationEnd","operationId":"n3u87tcenxrjinr","timestamp":1767171950922,"id":"u8emfj8egn4wvg5","previousEventId":"uu4ci2hg4bunzrd","previousOperationId":"n3u87tcenxrjinr"}
{"type":"operationStart","subtype":"recipe","name":"pptx","timestamp":1767171950923,"id":"yw31dd3p093gwt5","previousEventId":"u8emfj8egn4wvg5","operationId":"40ut6itsb282nkl","previousOperationId":"n3u87tcenxrjinr"}
{"type":"log","timestamp":1767171950923,"level":"debug","message":"Executing recipe pptx","meta":{"rootId":"khwwp10z7l7nnp0","id":"khwwp10z7l7nnp0"},"id":"8bq84n1n2a5byvd","previousOperationId":"40ut6itsb282nkl"}
{"type":"log","timestamp":1767171950945,"level":"info","message":"pptx generation is starting","meta":{"rootId":"khwwp10z7l7nnp0","id":"khwwp10z7l7nnp0"},"id":"wbqtf4k7z3lvpr1","previousOperationId":"40ut6itsb282nkl"}
{"type":"log","timestamp":1767171952881,"level":"debug","message":"Starting child request to render pptx dynamic parts","meta":{"rootId":"khwwp10z7l7nnp0","id":"khwwp10z7l7nnp0"},"id":"c8f3jnpzeta6od6","previousOperationId":"40ut6itsb282nkl"}
{"type":"operationStart","subtype":"render","name":"anonymous","previousOperationId":"40ut6itsb282nkl","timestamp":1767171952882,"id":"syebl4wqe64rqzt","previousEventId":"yw31dd3p093gwt5","operationId":"qx01ptpbobvs8ok"}
{"type":"log","timestamp":1767171952883,"level":"info","message":"Starting rendering (child) request","meta":{"rootId":"khwwp10z7l7nnp0","id":"kfzlhg9dw19x5us"},"id":"yvp3bb6k0ow13g9","previousOperationId":"qx01ptpbobvs8ok"}
{"type":"log","timestamp":1767171952883,"level":"info","message":"Rendering anonymous template { recipe: html, engine: handlebars }","meta":{"rootId":"khwwp10z7l7nnp0","id":"kfzlhg9dw19x5us"},"id":"co66e960313u1a4","previousOperationId":"qx01ptpbobvs8ok"}
{"type":"log","timestamp":1767171952883,"level":"debug","message":"Inline data specified.","meta":{"rootId":"khwwp10z7l7nnp0","id":"kfzlhg9dw19x5us"},"id":"dtdjhf3zsr6g69c","previousOperationId":"qx01ptpbobvs8ok"}
{"type":"log","timestamp":1767171952889,"level":"debug","message":"Base url not specified, skipping its injection.","meta":{"rootId":"khwwp10z7l7nnp0","id":"kfzlhg9dw19x5us"},"id":"30mv9it6gznf4i2","previousOperationId":"qx01ptpbobvs8ok"}
{"type":"operationStart","subtype":"engine","name":"handlebars","timestamp":1767171952891,"id":"3jt5ll9edcjr2dh","previousEventId":"syebl4wqe64rqzt","operationId":"8qvskyeex81zv8c","previousOperationId":"qx01ptpbobvs8ok"}
{"type":"log","timestamp":1767171952891,"level":"debug","message":"Rendering engine handlebars","meta":{"rootId":"khwwp10z7l7nnp0","id":"kfzlhg9dw19x5us"},"id":"1nvlehmd1oyqb5q","previousOperationId":"8qvskyeex81zv8c"}
{"type":"log","timestamp":1767171953094,"level":"debug","message":"(console:log) {\n  type: 'echarts@v5a',\n  width: 848,\n  height: 409,\n  option: { radar: [ [Object] ], series: [ [Object] ] }\n}","meta":{"userLevel":true,"rootId":"khwwp10z7l7nnp0","id":"kfzlhg9dw19x5us"},"id":"oc8jzjai5qgqitq","previousOperationId":"8qvskyeex81zv8c"}
{"type":"operationEnd","operationId":"8qvskyeex81zv8c","timestamp":1767171953105,"id":"bclg8rwaw79v64k","previousEventId":"3jt5ll9edcjr2dh","previousOperationId":"8qvskyeex81zv8c"}
{"type":"operationStart","subtype":"recipe","name":"html","timestamp":1767171953125,"id":"g44mdjlrw6xoq5a","previousEventId":"bclg8rwaw79v64k","operationId":"m5h8gl61f3lm6zk","previousOperationId":"8qvskyeex81zv8c"}
{"type":"log","timestamp":1767171953125,"level":"debug","message":"Executing recipe html","meta":{"rootId":"khwwp10z7l7nnp0","id":"kfzlhg9dw19x5us"},"id":"opp32ka7j7vwmtv","previousOperationId":"m5h8gl61f3lm6zk"}
{"type":"operationEnd","operationId":"m5h8gl61f3lm6zk","timestamp":1767171953125,"id":"9p9szeyu85ljt9l","previousEventId":"g44mdjlrw6xoq5a","previousOperationId":"m5h8gl61f3lm6zk"}
{"type":"log","timestamp":1767171953125,"level":"debug","message":"Skipping storing report.","meta":{"rootId":"khwwp10z7l7nnp0","id":"kfzlhg9dw19x5us"},"id":"76zujmtc8ijq6mh","previousOperationId":"m5h8gl61f3lm6zk"}
{"type":"log","timestamp":1767171953125,"level":"info","message":"Rendering (child) request finished in 2319 ms","meta":{"rootId":"khwwp10z7l7nnp0","id":"kfzlhg9dw19x5us"},"id":"a7fjk4b34mz3zhr","previousOperationId":"m5h8gl61f3lm6zk"}
{"type":"operationEnd","subtype":"render","operationId":"qx01ptpbobvs8ok","timestamp":1767171953125,"id":"cer6zsug12kvztd","previousEventId":"9p9szeyu85ljt9l","previousOperationId":"m5h8gl61f3lm6zk"}
{"type":"log","timestamp":1767171959052,"level":"debug","message":"pptx successfully zipped","meta":{"rootId":"khwwp10z7l7nnp0","id":"khwwp10z7l7nnp0"},"id":"wa3r6oj4zrt7xsa","previousOperationId":"40ut6itsb282nkl"}
{"type":"log","timestamp":1767171959052,"level":"info","message":"pptx generation was finished","meta":{"rootId":"khwwp10z7l7nnp0","id":"khwwp10z7l7nnp0"},"id":"qiezxhgjpnpeofp","previousOperationId":"40ut6itsb282nkl"}
{"type":"operationEnd","operationId":"40ut6itsb282nkl","timestamp":1767171959063,"id":"ld1oc7l130dm65n","previousEventId":"yw31dd3p093gwt5","previousOperationId":"40ut6itsb282nkl"}
{"type":"log","timestamp":1767171959064,"level":"debug","message":"Skipping storing report.","meta":{"rootId":"khwwp10z7l7nnp0","id":"khwwp10z7l7nnp0"},"id":"2timauy61bb9ywk","previousOperationId":"40ut6itsb282nkl"}
{"type":"log","timestamp":1767171959064,"level":"info","message":"Rendering request 6 finished in 8258 ms","meta":{"rootId":"khwwp10z7l7nnp0","id":"khwwp10z7l7nnp0"},"id":"xku05yldeo76jjy","previousOperationId":"40ut6itsb282nkl"}
{"type":"operationEnd","subtype":"render","operationId":"3aexd7xtgf529fx","timestamp":1767171959064,"id":"xn1mmwnz2fgwen9","previousEventId":"ld1oc7l130dm65n","previousOperationId":"40ut6itsb282nkl"}
{"type":"operationEnd","doDiffs":false,"previousEventId":"fjq9meiw5rs1aci","previousOperationId":"ot8ma3mxoce7l7u","operationId":"ot8ma3mxoce7l7u","timestamp":1767171959070,"id":"dzlr6c2xb3j1z3x"}
