{"type":"operationStart","subtype":"profile","data":{"_id":"4u3Yyw3OQL7oKM9U","timestamp":"2025-12-30T16:57:59.126Z","state":"running","mode":"standard","creationDate":"2025-12-30T16:57:59.147Z","modificationDate":"2025-12-30T16:57:59.147Z","shortid":"6My51Ry","$entitySet":"profiles","timeout":60000},"doDiffs":false,"timestamp":1767113879144,"id":"9arnooq130xylma","previousOperationId":null,"operationId":"86ak7ecl6wlj804"}
{"type":"log","level":"info","message":"Render request 2 queued for execution and waiting for available worker","previousOperationId":"86ak7ecl6wlj804","timestamp":1767113879144,"id":"jwvxkhczeq1z3n0"}
{"type":"operationStart","subtype":"render","name":"anonymous","previousOperationId":"86ak7ecl6wlj804","timestamp":1767113879212,"id":"qkdb4ggih4m3c3x","previousEventId":"9arnooq130xylma","operationId":"2z5kodob38bcrz0"}
{"type":"log","timestamp":1767113879214,"level":"info","message":"Starting rendering request 2","meta":{"rootId":"kjl6khna5wbxjkv","id":"kjl6khna5wbxjkv"},"id":"7085428i4vii71a","previousOperationId":"2z5kodob38bcrz0"}
{"type":"log","timestamp":1767113879217,"level":"info","message":"Rendering anonymous template { recipe: pptx, engine: handlebars }","meta":{"rootId":"kjl6khna5wbxjkv","id":"kjl6khna5wbxjkv"},"id":"6q56luposp42nug","previousOperationId":"2z5kodob38bcrz0"}
{"type":"log","timestamp":1767113879217,"level":"debug","message":"Inline data specified.","meta":{"rootId":"kjl6khna5wbxjkv","id":"kjl6khna5wbxjkv"},"id":"rw67wiir3ugqs2i","previousOperationId":"2z5kodob38bcrz0"}
{"type":"log","timestamp":1767113879225,"level":"debug","message":"Base url not specified, skipping its injection.","meta":{"rootId":"kjl6khna5wbxjkv","id":"kjl6khna5wbxjkv"},"id":"dwf5jke73zsq39o","previousOperationId":"2z5kodob38bcrz0"}
{"type":"operationStart","subtype":"engine","name":"handlebars","timestamp":1767113879228,"id":"f7skbdgdwtd1sfz","previousEventId":"qkdb4ggih4m3c3x","operationId":"zpgequw7hfnajta","previousOperationId":"2z5kodob38bcrz0"}
{"type":"log","timestamp":1767113879228,"level":"debug","message":"Rendering engine handlebars","meta":{"rootId":"kjl6khna5wbxjkv","id":"kjl6khna5wbxjkv"},"id":"u0lqoq7rhs4wu6r","previousOperationId":"zpgequw7hfnajta"}
{"type":"operationEnd","operationId":"zpgequw7hfnajta","timestamp":1767113880488,"id":"0d6vtul4m8yokra","previousEventId":"f7skbdgdwtd1sfz","previousOperationId":"zpgequw7hfnajta"}
{"type":"operationStart","subtype":"recipe","name":"pptx","timestamp":1767113880490,"id":"fucs8142hsiyrkb","previousEventId":"0d6vtul4m8yokra","operationId":"7b1b8as0czikxs2","previousOperationId":"zpgequw7hfnajta"}
{"type":"log","timestamp":1767113880490,"level":"debug","message":"Executing recipe pptx","meta":{"rootId":"kjl6khna5wbxjkv","id":"kjl6khna5wbxjkv"},"id":"8xjaoktyp2cctvk","previousOperationId":"7b1b8as0czikxs2"}
{"type":"log","timestamp":1767113880771,"level":"info","message":"pptx generation is starting","meta":{"rootId":"kjl6khna5wbxjkv","id":"kjl6khna5wbxjkv"},"id":"cz2fntjjmy5kxqp","previousOperationId":"7b1b8as0czikxs2"}
{"type":"log","timestamp":1767113882642,"level":"debug","message":"Starting child request to render pptx dynamic parts","meta":{"rootId":"kjl6khna5wbxjkv","id":"kjl6khna5wbxjkv"},"id":"e8xfvba35rdqoyz","previousOperationId":"7b1b8as0czikxs2"}
{"type":"operationStart","subtype":"render","name":"anonymous","previousOperationId":"7b1b8as0czikxs2","timestamp":1767113882643,"id":"7tk3d5tk9fdzrbi","previousEventId":"fucs8142hsiyrkb","operationId":"b5h8fp1omwpolj1"}
{"type":"log","timestamp":1767113882644,"level":"info","message":"Starting rendering (child) request","meta":{"rootId":"kjl6khna5wbxjkv","id":"wpd5nutp1lpk62y"},"id":"h5p3ik1fb4ipswe","previousOperationId":"b5h8fp1omwpolj1"}
{"type":"log","timestamp":1767113882644,"level":"info","message":"Rendering anonymous template { recipe: html, engine: handlebars }","meta":{"rootId":"kjl6khna5wbxjkv","id":"wpd5nutp1lpk62y"},"id":"tx3a3ptwnxjsfde","previousOperationId":"b5h8fp1omwpolj1"}
{"type":"log","timestamp":1767113882644,"level":"debug","message":"Inline data specified.","meta":{"rootId":"kjl6khna5wbxjkv","id":"wpd5nutp1lpk62y"},"id":"1ren7qlfv3wai74","previousOperationId":"b5h8fp1omwpolj1"}
{"type":"log","timestamp":1767113882653,"level":"debug","message":"Base url not specified, skipping its injection.","meta":{"rootId":"kjl6khna5wbxjkv","id":"wpd5nutp1lpk62y"},"id":"ostag89227i74p6","previousOperationId":"b5h8fp1omwpolj1"}
{"type":"operationStart","subtype":"engine","name":"handlebars","timestamp":1767113882655,"id":"aj52wur01wha35w","previousEventId":"7tk3d5tk9fdzrbi","operationId":"oav676qitsa7ics","previousOperationId":"b5h8fp1omwpolj1"}
{"type":"log","timestamp":1767113882655,"level":"debug","message":"Rendering engine handlebars","meta":{"rootId":"kjl6khna5wbxjkv","id":"wpd5nutp1lpk62y"},"id":"il5jcs63s2g074o","previousOperationId":"oav676qitsa7ics"}
{"type":"log","timestamp":1767113882868,"level":"debug","message":"(console:log) {\n  type: 'echarts@v5a',\n  width: 848,\n  height: 409,\n  option: { radar: [ [Object] ], series: [ [Object] ] }\n}","meta":{"userLevel":true,"rootId":"kjl6khna5wbxjkv","id":"wpd5nutp1lpk62y"},"id":"k3g6z2oa07f4jda","previousOperationId":"oav676qitsa7ics"}
{"type":"operationEnd","operationId":"oav676qitsa7ics","timestamp":1767113882881,"id":"7od5jn9waq8xokg","previousEventId":"aj52wur01wha35w","previousOperationId":"oav676qitsa7ics"}
{"type":"operationStart","subtype":"recipe","name":"html","timestamp":1767113882900,"id":"4ipf22asif69kzc","previousEventId":"7od5jn9waq8xokg","operationId":"8dojwoivbjh1utf","previousOperationId":"oav676qitsa7ics"}
{"type":"log","timestamp":1767113882900,"level":"debug","message":"Executing recipe html","meta":{"rootId":"kjl6khna5wbxjkv","id":"wpd5nutp1lpk62y"},"id":"9p0ss5z599lo6ow","previousOperationId":"8dojwoivbjh1utf"}
{"type":"operationEnd","operationId":"8dojwoivbjh1utf","timestamp":1767113882900,"id":"7nl95ofzlr9emm5","previousEventId":"4ipf22asif69kzc","previousOperationId":"8dojwoivbjh1utf"}
{"type":"log","timestamp":1767113882902,"level":"debug","message":"Skipping storing report.","meta":{"rootId":"kjl6khna5wbxjkv","id":"wpd5nutp1lpk62y"},"id":"cdritz013cydc0j","previousOperationId":"8dojwoivbjh1utf"}
{"type":"log","timestamp":1767113882902,"level":"info","message":"Rendering (child) request finished in 3777 ms","meta":{"rootId":"kjl6khna5wbxjkv","id":"wpd5nutp1lpk62y"},"id":"08j2cn4rnc8ufz2","previousOperationId":"8dojwoivbjh1utf"}
{"type":"operationEnd","subtype":"render","operationId":"b5h8fp1omwpolj1","timestamp":1767113882903,"id":"s7xvkhxkj6gj5oz","previousEventId":"7nl95ofzlr9emm5","previousOperationId":"8dojwoivbjh1utf"}
{"type":"log","timestamp":1767113891082,"level":"debug","message":"pptx successfully zipped","meta":{"rootId":"kjl6khna5wbxjkv","id":"kjl6khna5wbxjkv"},"id":"le54fgd3ywnlyau","previousOperationId":"7b1b8as0czikxs2"}
{"type":"log","timestamp":1767113891082,"level":"info","message":"pptx generation was finished","meta":{"rootId":"kjl6khna5wbxjkv","id":"kjl6khna5wbxjkv"},"id":"mpi92epkws0dmq0","previousOperationId":"7b1b8as0czikxs2"}
{"type":"operationEnd","operationId":"7b1b8as0czikxs2","timestamp":1767113891098,"id":"cl3fbjxbs53alkn","previousEventId":"fucs8142hsiyrkb","previousOperationId":"7b1b8as0czikxs2"}
{"type":"log","timestamp":1767113891099,"level":"debug","message":"Skipping storing report.","meta":{"rootId":"kjl6khna5wbxjkv","id":"kjl6khna5wbxjkv"},"id":"8qnkftgbhpul3ur","previousOperationId":"7b1b8as0czikxs2"}
{"type":"log","timestamp":1767113891099,"level":"info","message":"Rendering request 2 finished in 11974 ms","meta":{"rootId":"kjl6khna5wbxjkv","id":"kjl6khna5wbxjkv"},"id":"advsfx4wxf1ntop","previousOperationId":"7b1b8as0czikxs2"}
{"type":"operationEnd","subtype":"render","operationId":"2z5kodob38bcrz0","timestamp":1767113891099,"id":"gpgmc30fukpoo41","previousEventId":"cl3fbjxbs53alkn","previousOperationId":"7b1b8as0czikxs2"}
{"type":"operationEnd","doDiffs":false,"previousEventId":"9arnooq130xylma","previousOperationId":"86ak7ecl6wlj804","operationId":"86ak7ecl6wlj804","timestamp":1767113891106,"id":"237retstfgssxad"}
