{"type":"operationStart","subtype":"profile","data":{"_id":"mX6K3eYH3FtdCh74","timestamp":"2025-12-28T13:53:07.204Z","state":"running","mode":"standard","creationDate":"2025-12-28T13:53:07.209Z","modificationDate":"2025-12-28T13:53:07.209Z","shortid":"QwhCW7z","$entitySet":"profiles","timeout":60000},"doDiffs":false,"timestamp":1766929987206,"id":"mgb0oek9tg1h1na","previousOperationId":null,"operationId":"ol52s2z216pxx00"}
{"type":"log","level":"info","message":"Render request 1 queued for execution and waiting for available worker","previousOperationId":"ol52s2z216pxx00","timestamp":1766929987206,"id":"gx5y1cyjqtg63m8"}
{"type":"operationStart","subtype":"render","name":"anonymous","previousOperationId":"ol52s2z216pxx00","timestamp":1766929987262,"id":"ejprvacfzjqpatr","previousEventId":"mgb0oek9tg1h1na","operationId":"ny18woyfxb1k1up"}
{"type":"log","timestamp":1766929987264,"level":"info","message":"Starting rendering request 1","meta":{"rootId":"kmn9y1ec1782uag","id":"kmn9y1ec1782uag"},"id":"zkj49jicpa58mr7","previousOperationId":"ny18woyfxb1k1up"}
{"type":"log","timestamp":1766929987265,"level":"info","message":"Rendering anonymous template { recipe: pptx, engine: handlebars }","meta":{"rootId":"kmn9y1ec1782uag","id":"kmn9y1ec1782uag"},"id":"xxdkrajtl1ocr4f","previousOperationId":"ny18woyfxb1k1up"}
{"type":"log","timestamp":1766929987266,"level":"debug","message":"Inline data specified.","meta":{"rootId":"kmn9y1ec1782uag","id":"kmn9y1ec1782uag"},"id":"f0gd9kuapmj1f5d","previousOperationId":"ny18woyfxb1k1up"}
{"type":"log","timestamp":1766929987275,"level":"debug","message":"Base url not specified, skipping its injection.","meta":{"rootId":"kmn9y1ec1782uag","id":"kmn9y1ec1782uag"},"id":"m4ub1tg323eyrcm","previousOperationId":"ny18woyfxb1k1up"}
{"type":"operationStart","subtype":"engine","name":"handlebars","timestamp":1766929987277,"id":"8nhglvuse7z6ihq","previousEventId":"ejprvacfzjqpatr","operationId":"9lxz4ivkqvtncc1","previousOperationId":"ny18woyfxb1k1up"}
{"type":"log","timestamp":1766929987277,"level":"debug","message":"Rendering engine handlebars","meta":{"rootId":"kmn9y1ec1782uag","id":"kmn9y1ec1782uag"},"id":"bd5trwkeoags9qg","previousOperationId":"9lxz4ivkqvtncc1"}
{"type":"operationEnd","operationId":"9lxz4ivkqvtncc1","timestamp":1766929988134,"id":"t0u8a8e52tx7gnj","previousEventId":"8nhglvuse7z6ihq","previousOperationId":"9lxz4ivkqvtncc1"}
{"type":"operationStart","subtype":"recipe","name":"pptx","timestamp":1766929988135,"id":"j7vnuu5cddixab7","previousEventId":"t0u8a8e52tx7gnj","operationId":"2urlw7d0xrbgw7y","previousOperationId":"9lxz4ivkqvtncc1"}
{"type":"log","timestamp":1766929988135,"level":"debug","message":"Executing recipe pptx","meta":{"rootId":"kmn9y1ec1782uag","id":"kmn9y1ec1782uag"},"id":"827ds1sruqnyu37","previousOperationId":"2urlw7d0xrbgw7y"}
{"type":"log","timestamp":1766929988302,"level":"info","message":"pptx generation is starting","meta":{"rootId":"kmn9y1ec1782uag","id":"kmn9y1ec1782uag"},"id":"a3jqb77sascdg9q","previousOperationId":"2urlw7d0xrbgw7y"}
{"type":"log","timestamp":1766929989381,"level":"debug","message":"Starting child request to render pptx dynamic parts","meta":{"rootId":"kmn9y1ec1782uag","id":"kmn9y1ec1782uag"},"id":"t1iozvnd28hibvb","previousOperationId":"2urlw7d0xrbgw7y"}
{"type":"operationStart","subtype":"render","name":"anonymous","previousOperationId":"2urlw7d0xrbgw7y","timestamp":1766929989382,"id":"jwtd2pgkfy4itzz","previousEventId":"j7vnuu5cddixab7","operationId":"3su2vj2gthxloxj"}
{"type":"log","timestamp":1766929989382,"level":"info","message":"Starting rendering (child) request","meta":{"rootId":"kmn9y1ec1782uag","id":"zrb26x58gegfnuu"},"id":"r61h4cvoxskkw00","previousOperationId":"3su2vj2gthxloxj"}
{"type":"log","timestamp":1766929989382,"level":"info","message":"Rendering anonymous template { recipe: html, engine: handlebars }","meta":{"rootId":"kmn9y1ec1782uag","id":"zrb26x58gegfnuu"},"id":"qc3iyn95bexsatf","previousOperationId":"3su2vj2gthxloxj"}
{"type":"log","timestamp":1766929989382,"level":"debug","message":"Inline data specified.","meta":{"rootId":"kmn9y1ec1782uag","id":"zrb26x58gegfnuu"},"id":"2bvlyedvpxvsar1","previousOperationId":"3su2vj2gthxloxj"}
{"type":"log","timestamp":1766929989387,"level":"debug","message":"Base url not specified, skipping its injection.","meta":{"rootId":"kmn9y1ec1782uag","id":"zrb26x58gegfnuu"},"id":"i5najgsuud3es29","previousOperationId":"3su2vj2gthxloxj"}
{"type":"operationStart","subtype":"engine","name":"handlebars","timestamp":1766929989389,"id":"krj5xiibn07q9e5","previousEventId":"jwtd2pgkfy4itzz","operationId":"0pmtrekiwvw54mh","previousOperationId":"3su2vj2gthxloxj"}
{"type":"log","timestamp":1766929989389,"level":"debug","message":"Rendering engine handlebars","meta":{"rootId":"kmn9y1ec1782uag","id":"zrb26x58gegfnuu"},"id":"ck3ibbrrmy382k8","previousOperationId":"0pmtrekiwvw54mh"}
{"type":"log","timestamp":1766929989515,"level":"debug","message":"(console:log) {\n  type: 'echarts@v5a',\n  width: 848,\n  height: 409,\n  option: { radar: [ [Object] ], series: [ [Object] ] }\n}","meta":{"userLevel":true,"rootId":"kmn9y1ec1782uag","id":"zrb26x58gegfnuu"},"id":"u1qxtuaaxhpftgh","previousOperationId":"0pmtrekiwvw54mh"}
{"type":"operationEnd","operationId":"0pmtrekiwvw54mh","timestamp":1766929989522,"id":"3ppcoyixesviftr","previousEventId":"krj5xiibn07q9e5","previousOperationId":"0pmtrekiwvw54mh"}
{"type":"operationStart","subtype":"recipe","name":"html","timestamp":1766929989534,"id":"guh25mh3f4auohr","previousEventId":"3ppcoyixesviftr","operationId":"fek2pldbwfkk0df","previousOperationId":"0pmtrekiwvw54mh"}
{"type":"log","timestamp":1766929989534,"level":"debug","message":"Executing recipe html","meta":{"rootId":"kmn9y1ec1782uag","id":"zrb26x58gegfnuu"},"id":"drcuzi1766ugidm","previousOperationId":"fek2pldbwfkk0df"}
{"type":"operationEnd","operationId":"fek2pldbwfkk0df","timestamp":1766929989534,"id":"31u9z27zycms8r2","previousEventId":"guh25mh3f4auohr","previousOperationId":"fek2pldbwfkk0df"}
{"type":"log","timestamp":1766929989535,"level":"debug","message":"Skipping storing report.","meta":{"rootId":"kmn9y1ec1782uag","id":"zrb26x58gegfnuu"},"id":"vi1atlfj2f8ixih","previousOperationId":"fek2pldbwfkk0df"}
{"type":"log","timestamp":1766929989535,"level":"info","message":"Rendering (child) request finished in 2334 ms","meta":{"rootId":"kmn9y1ec1782uag","id":"zrb26x58gegfnuu"},"id":"n7bdn8z2x0cu911","previousOperationId":"fek2pldbwfkk0df"}
{"type":"operationEnd","subtype":"render","operationId":"3su2vj2gthxloxj","timestamp":1766929989535,"id":"7ogochiqr2nn7li","previousEventId":"31u9z27zycms8r2","previousOperationId":"fek2pldbwfkk0df"}
{"type":"log","timestamp":1766929994723,"level":"debug","message":"pptx successfully zipped","meta":{"rootId":"kmn9y1ec1782uag","id":"kmn9y1ec1782uag"},"id":"lljfa0lcncer09y","previousOperationId":"2urlw7d0xrbgw7y"}
{"type":"log","timestamp":1766929994723,"level":"info","message":"pptx generation was finished","meta":{"rootId":"kmn9y1ec1782uag","id":"kmn9y1ec1782uag"},"id":"dilgm89pb9karym","previousOperationId":"2urlw7d0xrbgw7y"}
{"type":"operationEnd","operationId":"2urlw7d0xrbgw7y","timestamp":1766929994737,"id":"9akryouxu4con32","previousEventId":"j7vnuu5cddixab7","previousOperationId":"2urlw7d0xrbgw7y"}
{"type":"log","timestamp":1766929994737,"level":"debug","message":"Skipping storing report.","meta":{"rootId":"kmn9y1ec1782uag","id":"kmn9y1ec1782uag"},"id":"7ytt7defzlbs6wy","previousOperationId":"2urlw7d0xrbgw7y"}
{"type":"log","timestamp":1766929994737,"level":"info","message":"Rendering request 1 finished in 7536 ms","meta":{"rootId":"kmn9y1ec1782uag","id":"kmn9y1ec1782uag"},"id":"u4r1b5t9wygvtme","previousOperationId":"2urlw7d0xrbgw7y"}
{"type":"operationEnd","subtype":"render","operationId":"ny18woyfxb1k1up","timestamp":1766929994737,"id":"p24z5xz2q8fouh8","previousEventId":"9akryouxu4con32","previousOperationId":"2urlw7d0xrbgw7y"}
{"type":"operationEnd","doDiffs":false,"previousEventId":"mgb0oek9tg1h1na","previousOperationId":"ol52s2z216pxx00","operationId":"ol52s2z216pxx00","timestamp":1766929994744,"id":"gzx3oobvk3p8zju"}
