{"type":"operationStart","subtype":"profile","data":{"_id":"xKSfXgEaF5LhX7Vh","timestamp":"2025-12-07T20:11:15.210Z","state":"running","mode":"standard","creationDate":"2025-12-07T20:11:15.216Z","modificationDate":"2025-12-07T20:11:15.216Z","shortid":"w1a4ytI","$entitySet":"profiles","timeout":60000},"doDiffs":false,"timestamp":1765138275215,"id":"cmeyblkpflnxihs","previousOperationId":null,"operationId":"3bikf9m8mucx4c8"}
{"type":"log","level":"info","message":"Render request 36 queued for execution and waiting for available worker","previousOperationId":"3bikf9m8mucx4c8","timestamp":1765138275215,"id":"sedaipzvecpw18z"}
{"type":"operationStart","subtype":"render","name":"anonymous","previousOperationId":"3bikf9m8mucx4c8","timestamp":1765138275280,"id":"ld6kimnrnzhrg8v","previousEventId":"cmeyblkpflnxihs","operationId":"aw42z5mpr7zgbj0"}
{"type":"log","timestamp":1765138275281,"level":"info","message":"Starting rendering request 36","meta":{"rootId":"kmxv19juikxd5pw","id":"kmxv19juikxd5pw"},"id":"zseoj91z48hecy7","previousOperationId":"aw42z5mpr7zgbj0"}
{"type":"log","timestamp":1765138275281,"level":"info","message":"Rendering anonymous template { recipe: pptx, engine: handlebars }","meta":{"rootId":"kmxv19juikxd5pw","id":"kmxv19juikxd5pw"},"id":"ftewkvi1dziyzpi","previousOperationId":"aw42z5mpr7zgbj0"}
{"type":"log","timestamp":1765138275281,"level":"debug","message":"Inline data specified.","meta":{"rootId":"kmxv19juikxd5pw","id":"kmxv19juikxd5pw"},"id":"6rr41edpysn5vmg","previousOperationId":"aw42z5mpr7zgbj0"}
{"type":"log","timestamp":1765138275291,"level":"debug","message":"Base url not specified, skipping its injection.","meta":{"rootId":"kmxv19juikxd5pw","id":"kmxv19juikxd5pw"},"id":"78l2c9dogzz8k07","previousOperationId":"aw42z5mpr7zgbj0"}
{"type":"operationStart","subtype":"engine","name":"handlebars","timestamp":1765138275292,"id":"ezux2uowwj2gy6a","previousEventId":"ld6kimnrnzhrg8v","operationId":"dty7ea6gfdahlmi","previousOperationId":"aw42z5mpr7zgbj0"}
{"type":"log","timestamp":1765138275292,"level":"debug","message":"Rendering engine handlebars","meta":{"rootId":"kmxv19juikxd5pw","id":"kmxv19juikxd5pw"},"id":"g2y1k7lorq9oi5b","previousOperationId":"dty7ea6gfdahlmi"}
{"type":"operationEnd","operationId":"dty7ea6gfdahlmi","timestamp":1765138275317,"id":"box2golozm7mxe1","previousEventId":"ezux2uowwj2gy6a","previousOperationId":"dty7ea6gfdahlmi"}
{"type":"operationStart","subtype":"recipe","name":"pptx","timestamp":1765138275318,"id":"m8pufbp9e9l5hk3","previousEventId":"box2golozm7mxe1","operationId":"zfsccib36ttsktf","previousOperationId":"dty7ea6gfdahlmi"}
{"type":"log","timestamp":1765138275318,"level":"debug","message":"Executing recipe pptx","meta":{"rootId":"kmxv19juikxd5pw","id":"kmxv19juikxd5pw"},"id":"42leup2tyxqkqj8","previousOperationId":"zfsccib36ttsktf"}
{"type":"log","timestamp":1765138275354,"level":"info","message":"pptx generation is starting","meta":{"rootId":"kmxv19juikxd5pw","id":"kmxv19juikxd5pw"},"id":"mkx7kvk4d6d0qud","previousOperationId":"zfsccib36ttsktf"}
{"type":"log","timestamp":1765138277052,"level":"debug","message":"Starting child request to render pptx dynamic parts","meta":{"rootId":"kmxv19juikxd5pw","id":"kmxv19juikxd5pw"},"id":"hxbso8movka6ey8","previousOperationId":"zfsccib36ttsktf"}
{"type":"operationStart","subtype":"render","name":"anonymous","previousOperationId":"zfsccib36ttsktf","timestamp":1765138277052,"id":"shrcung9lsvda2r","previousEventId":"m8pufbp9e9l5hk3","operationId":"xg15pacb95rjfoo"}
{"type":"log","timestamp":1765138277052,"level":"info","message":"Starting rendering (child) request","meta":{"rootId":"kmxv19juikxd5pw","id":"imgysanz6qc1whd"},"id":"uea78t5n3y2u4wt","previousOperationId":"xg15pacb95rjfoo"}
{"type":"log","timestamp":1765138277053,"level":"info","message":"Rendering anonymous template { recipe: html, engine: handlebars }","meta":{"rootId":"kmxv19juikxd5pw","id":"imgysanz6qc1whd"},"id":"g51sx5xuj44q25u","previousOperationId":"xg15pacb95rjfoo"}
{"type":"log","timestamp":1765138277053,"level":"debug","message":"Inline data specified.","meta":{"rootId":"kmxv19juikxd5pw","id":"imgysanz6qc1whd"},"id":"siuxq3foadxq1do","previousOperationId":"xg15pacb95rjfoo"}
{"type":"log","timestamp":1765138277058,"level":"debug","message":"Base url not specified, skipping its injection.","meta":{"rootId":"kmxv19juikxd5pw","id":"imgysanz6qc1whd"},"id":"j7rdky927xh13oe","previousOperationId":"xg15pacb95rjfoo"}
{"type":"operationStart","subtype":"engine","name":"handlebars","timestamp":1765138277059,"id":"m9p3ybgm5qioisq","previousEventId":"shrcung9lsvda2r","operationId":"8up31r7mc1qoedb","previousOperationId":"xg15pacb95rjfoo"}
{"type":"log","timestamp":1765138277059,"level":"debug","message":"Rendering engine handlebars","meta":{"rootId":"kmxv19juikxd5pw","id":"imgysanz6qc1whd"},"id":"t171ivpa4lxfrej","previousOperationId":"8up31r7mc1qoedb"}
{"type":"operationEnd","operationId":"8up31r7mc1qoedb","timestamp":1765138277215,"id":"wnb66e0fowok9r5","previousEventId":"m9p3ybgm5qioisq","previousOperationId":"8up31r7mc1qoedb"}
{"type":"operationStart","subtype":"recipe","name":"html","timestamp":1765138277231,"id":"7rp5fr3pnm8qudx","previousEventId":"wnb66e0fowok9r5","operationId":"ahme5a6dqos0gj3","previousOperationId":"8up31r7mc1qoedb"}
{"type":"log","timestamp":1765138277231,"level":"debug","message":"Executing recipe html","meta":{"rootId":"kmxv19juikxd5pw","id":"imgysanz6qc1whd"},"id":"w2ejhronyjxs3eu","previousOperationId":"ahme5a6dqos0gj3"}
{"type":"operationEnd","operationId":"ahme5a6dqos0gj3","timestamp":1765138277231,"id":"vptq4e28gy4ogih","previousEventId":"7rp5fr3pnm8qudx","previousOperationId":"ahme5a6dqos0gj3"}
{"type":"log","timestamp":1765138277231,"level":"debug","message":"Skipping storing report.","meta":{"rootId":"kmxv19juikxd5pw","id":"imgysanz6qc1whd"},"id":"zeigzvy89a8bd6v","previousOperationId":"ahme5a6dqos0gj3"}
{"type":"log","timestamp":1765138277231,"level":"info","message":"Rendering (child) request finished in 2021 ms","meta":{"rootId":"kmxv19juikxd5pw","id":"imgysanz6qc1whd"},"id":"9tqt4z9w64x0p1p","previousOperationId":"ahme5a6dqos0gj3"}
{"type":"operationEnd","subtype":"render","operationId":"xg15pacb95rjfoo","timestamp":1765138277231,"id":"2kupgt0t5kzqnte","previousEventId":"vptq4e28gy4ogih","previousOperationId":"ahme5a6dqos0gj3"}
{"type":"log","timestamp":1765138286389,"level":"debug","message":"pptx successfully zipped","meta":{"rootId":"kmxv19juikxd5pw","id":"kmxv19juikxd5pw"},"id":"sofcl0v1lam9jge","previousOperationId":"zfsccib36ttsktf"}
{"type":"log","timestamp":1765138286389,"level":"info","message":"pptx generation was finished","meta":{"rootId":"kmxv19juikxd5pw","id":"kmxv19juikxd5pw"},"id":"299drbqv0zhn222","previousOperationId":"zfsccib36ttsktf"}
{"type":"operationEnd","operationId":"zfsccib36ttsktf","timestamp":1765138286399,"id":"9dbbclj6jrqs3w3","previousEventId":"m8pufbp9e9l5hk3","previousOperationId":"zfsccib36ttsktf"}
{"type":"log","timestamp":1765138286399,"level":"debug","message":"Skipping storing report.","meta":{"rootId":"kmxv19juikxd5pw","id":"kmxv19juikxd5pw"},"id":"uwhyoix254zn225","previousOperationId":"zfsccib36ttsktf"}
{"type":"log","timestamp":1765138286399,"level":"info","message":"Rendering request 36 finished in 11189 ms","meta":{"rootId":"kmxv19juikxd5pw","id":"kmxv19juikxd5pw"},"id":"u9al3403ttdxq24","previousOperationId":"zfsccib36ttsktf"}
{"type":"operationEnd","subtype":"render","operationId":"aw42z5mpr7zgbj0","timestamp":1765138286399,"id":"w02gf4fpw4eovri","previousEventId":"9dbbclj6jrqs3w3","previousOperationId":"zfsccib36ttsktf"}
{"type":"operationEnd","doDiffs":false,"previousEventId":"cmeyblkpflnxihs","previousOperationId":"3bikf9m8mucx4c8","operationId":"3bikf9m8mucx4c8","timestamp":1765138286404,"id":"rrm31ruq55r79o1"}
