{"type":"operationStart","subtype":"profile","data":{"_id":"XjmdYCitDyRrkr7L","timestamp":"2025-12-31T10:46:36.741Z","state":"running","mode":"standard","creationDate":"2025-12-31T10:46:36.752Z","modificationDate":"2025-12-31T10:46:36.752Z","shortid":"RJbWxV9","$entitySet":"profiles","timeout":60000},"doDiffs":false,"timestamp":1767177996749,"id":"py7dtw3erstn454","previousOperationId":null,"operationId":"bmqqx6wmkzm20db"}
{"type":"log","level":"info","message":"Render request 23 queued for execution and waiting for available worker","previousOperationId":"bmqqx6wmkzm20db","timestamp":1767177996749,"id":"90ze2pep8vg5z2l"}
{"type":"operationStart","subtype":"render","name":"anonymous","previousOperationId":"bmqqx6wmkzm20db","timestamp":1767177996813,"id":"071odgnwd4jd1yt","previousEventId":"py7dtw3erstn454","operationId":"t6e3ldvtiv2jhe3"}
{"type":"log","timestamp":1767177996813,"level":"info","message":"Starting rendering request 23","meta":{"rootId":"kn0d729n5b4eg9a","id":"kn0d729n5b4eg9a"},"id":"j2ojzvh8o49n8dr","previousOperationId":"t6e3ldvtiv2jhe3"}
{"type":"log","timestamp":1767177996814,"level":"info","message":"Rendering anonymous template { recipe: pptx, engine: handlebars }","meta":{"rootId":"kn0d729n5b4eg9a","id":"kn0d729n5b4eg9a"},"id":"7tbgmvozsxfsugj","previousOperationId":"t6e3ldvtiv2jhe3"}
{"type":"log","timestamp":1767177996814,"level":"debug","message":"Inline data specified.","meta":{"rootId":"kn0d729n5b4eg9a","id":"kn0d729n5b4eg9a"},"id":"j8g8evqxtx0slqh","previousOperationId":"t6e3ldvtiv2jhe3"}
{"type":"log","timestamp":1767177996820,"level":"debug","message":"Base url not specified, skipping its injection.","meta":{"rootId":"kn0d729n5b4eg9a","id":"kn0d729n5b4eg9a"},"id":"c4qiqw9yjy81jkl","previousOperationId":"t6e3ldvtiv2jhe3"}
{"type":"operationStart","subtype":"engine","name":"handlebars","timestamp":1767177996820,"id":"hvauv68wjmk4x6r","previousEventId":"071odgnwd4jd1yt","operationId":"1ksujgmcwafrbli","previousOperationId":"t6e3ldvtiv2jhe3"}
{"type":"log","timestamp":1767177996820,"level":"debug","message":"Rendering engine handlebars","meta":{"rootId":"kn0d729n5b4eg9a","id":"kn0d729n5b4eg9a"},"id":"ih7zghke66twcfj","previousOperationId":"1ksujgmcwafrbli"}
{"type":"operationEnd","operationId":"1ksujgmcwafrbli","timestamp":1767177996835,"id":"z43aw6e1q931k5g","previousEventId":"hvauv68wjmk4x6r","previousOperationId":"1ksujgmcwafrbli"}
{"type":"operationStart","subtype":"recipe","name":"pptx","timestamp":1767177996837,"id":"n1cuh6o6n57p4fr","previousEventId":"z43aw6e1q931k5g","operationId":"7daldkefoadvrmg","previousOperationId":"1ksujgmcwafrbli"}
{"type":"log","timestamp":1767177996837,"level":"debug","message":"Executing recipe pptx","meta":{"rootId":"kn0d729n5b4eg9a","id":"kn0d729n5b4eg9a"},"id":"8hp7nnvp4i7zu9k","previousOperationId":"7daldkefoadvrmg"}
{"type":"log","timestamp":1767177996877,"level":"info","message":"pptx generation is starting","meta":{"rootId":"kn0d729n5b4eg9a","id":"kn0d729n5b4eg9a"},"id":"1u4efmg983i40nn","previousOperationId":"7daldkefoadvrmg"}
{"type":"log","timestamp":1767177998874,"level":"debug","message":"Starting child request to render pptx dynamic parts","meta":{"rootId":"kn0d729n5b4eg9a","id":"kn0d729n5b4eg9a"},"id":"imjo3y25uqivcb3","previousOperationId":"7daldkefoadvrmg"}
{"type":"operationStart","subtype":"render","name":"anonymous","previousOperationId":"7daldkefoadvrmg","timestamp":1767177998874,"id":"oggxlypfu7mvn5x","previousEventId":"n1cuh6o6n57p4fr","operationId":"aiw61f1uhatg1o1"}
{"type":"log","timestamp":1767177998874,"level":"info","message":"Starting rendering (child) request","meta":{"rootId":"kn0d729n5b4eg9a","id":"6blmnl4b5acacbk"},"id":"2ayxbh3p31f0o37","previousOperationId":"aiw61f1uhatg1o1"}
{"type":"log","timestamp":1767177998875,"level":"info","message":"Rendering anonymous template { recipe: html, engine: handlebars }","meta":{"rootId":"kn0d729n5b4eg9a","id":"6blmnl4b5acacbk"},"id":"o9mt0mu0soug1mf","previousOperationId":"aiw61f1uhatg1o1"}
{"type":"log","timestamp":1767177998875,"level":"debug","message":"Inline data specified.","meta":{"rootId":"kn0d729n5b4eg9a","id":"6blmnl4b5acacbk"},"id":"5mgakf5kcwp13g9","previousOperationId":"aiw61f1uhatg1o1"}
{"type":"log","timestamp":1767177998887,"level":"debug","message":"Base url not specified, skipping its injection.","meta":{"rootId":"kn0d729n5b4eg9a","id":"6blmnl4b5acacbk"},"id":"dfd3iofvjruewdd","previousOperationId":"aiw61f1uhatg1o1"}
{"type":"operationStart","subtype":"engine","name":"handlebars","timestamp":1767177998889,"id":"5wnwp40txkmdkbr","previousEventId":"oggxlypfu7mvn5x","operationId":"2jnm3h1ttvaw39b","previousOperationId":"aiw61f1uhatg1o1"}
{"type":"log","timestamp":1767177998889,"level":"debug","message":"Rendering engine handlebars","meta":{"rootId":"kn0d729n5b4eg9a","id":"6blmnl4b5acacbk"},"id":"jww7honous1ekwp","previousOperationId":"2jnm3h1ttvaw39b"}
{"type":"log","timestamp":1767177999138,"level":"debug","message":"(console:log) {\n  type: 'echarts@v5a',\n  width: 848,\n  height: 409,\n  option: { radar: [ [Object] ], series: [ [Object] ] }\n}","meta":{"userLevel":true,"rootId":"kn0d729n5b4eg9a","id":"6blmnl4b5acacbk"},"id":"eo23j2aaeqw1de8","previousOperationId":"2jnm3h1ttvaw39b"}
{"type":"operationEnd","operationId":"2jnm3h1ttvaw39b","timestamp":1767177999152,"id":"wg0ofex6jjlrmgu","previousEventId":"5wnwp40txkmdkbr","previousOperationId":"2jnm3h1ttvaw39b"}
{"type":"operationStart","subtype":"recipe","name":"html","timestamp":1767177999175,"id":"7t8e5e5ueo5lo6r","previousEventId":"wg0ofex6jjlrmgu","operationId":"qj47s02rc2yvh5a","previousOperationId":"2jnm3h1ttvaw39b"}
{"type":"log","timestamp":1767177999175,"level":"debug","message":"Executing recipe html","meta":{"rootId":"kn0d729n5b4eg9a","id":"6blmnl4b5acacbk"},"id":"y8s8hk3kk5o3nht","previousOperationId":"qj47s02rc2yvh5a"}
{"type":"operationEnd","operationId":"qj47s02rc2yvh5a","timestamp":1767177999175,"id":"z38q4sxxuxx575n","previousEventId":"7t8e5e5ueo5lo6r","previousOperationId":"qj47s02rc2yvh5a"}
{"type":"log","timestamp":1767177999175,"level":"debug","message":"Skipping storing report.","meta":{"rootId":"kn0d729n5b4eg9a","id":"6blmnl4b5acacbk"},"id":"vyd79nd0jbu3i9m","previousOperationId":"qj47s02rc2yvh5a"}
{"type":"log","timestamp":1767177999175,"level":"info","message":"Rendering (child) request finished in 2435 ms","meta":{"rootId":"kn0d729n5b4eg9a","id":"6blmnl4b5acacbk"},"id":"l7q25a4j3vxdyvs","previousOperationId":"qj47s02rc2yvh5a"}
{"type":"operationEnd","subtype":"render","operationId":"aiw61f1uhatg1o1","timestamp":1767177999175,"id":"dnrhyxmylnrpgv4","previousEventId":"z38q4sxxuxx575n","previousOperationId":"qj47s02rc2yvh5a"}
{"type":"log","timestamp":1767178005435,"level":"debug","message":"pptx successfully zipped","meta":{"rootId":"kn0d729n5b4eg9a","id":"kn0d729n5b4eg9a"},"id":"lengzcim2k60ij5","previousOperationId":"7daldkefoadvrmg"}
{"type":"log","timestamp":1767178005435,"level":"info","message":"pptx generation was finished","meta":{"rootId":"kn0d729n5b4eg9a","id":"kn0d729n5b4eg9a"},"id":"vach7hzidh3fa17","previousOperationId":"7daldkefoadvrmg"}
{"type":"operationEnd","operationId":"7daldkefoadvrmg","timestamp":1767178005446,"id":"fvxo63ping5ev6m","previousEventId":"n1cuh6o6n57p4fr","previousOperationId":"7daldkefoadvrmg"}
{"type":"log","timestamp":1767178005447,"level":"debug","message":"Skipping storing report.","meta":{"rootId":"kn0d729n5b4eg9a","id":"kn0d729n5b4eg9a"},"id":"8b9avkcnr2c2v46","previousOperationId":"7daldkefoadvrmg"}
{"type":"log","timestamp":1767178005447,"level":"info","message":"Rendering request 23 finished in 8707 ms","meta":{"rootId":"kn0d729n5b4eg9a","id":"kn0d729n5b4eg9a"},"id":"8mbt5likjtsy95x","previousOperationId":"7daldkefoadvrmg"}
{"type":"operationEnd","subtype":"render","operationId":"t6e3ldvtiv2jhe3","timestamp":1767178005447,"id":"jkqjypylrk1e85b","previousEventId":"fvxo63ping5ev6m","previousOperationId":"7daldkefoadvrmg"}
{"type":"operationEnd","doDiffs":false,"previousEventId":"py7dtw3erstn454","previousOperationId":"bmqqx6wmkzm20db","operationId":"bmqqx6wmkzm20db","timestamp":1767178005452,"id":"tvzr40cm53dun14"}
