{"type":"operationStart","subtype":"profile","data":{"_id":"DJ6FUfseKkzXbs2B","timestamp":"2025-12-30T17:56:49.828Z","state":"running","mode":"standard","creationDate":"2025-12-30T17:56:49.835Z","modificationDate":"2025-12-30T17:56:49.835Z","shortid":"DwyXbPj","$entitySet":"profiles","timeout":60000},"doDiffs":false,"timestamp":1767117409832,"id":"8bb0vasjnvqaus5","previousOperationId":null,"operationId":"7ely8pdrun4v8me"}
{"type":"log","level":"info","message":"Render request 18 queued for execution and waiting for available worker","previousOperationId":"7ely8pdrun4v8me","timestamp":1767117409832,"id":"i852hwtcs5td6vk"}
{"type":"operationStart","subtype":"render","name":"anonymous","previousOperationId":"7ely8pdrun4v8me","timestamp":1767117409902,"id":"w31cjwryx2q5v01","previousEventId":"8bb0vasjnvqaus5","operationId":"nb5gdkmzxuwspcw"}
{"type":"log","timestamp":1767117409903,"level":"info","message":"Starting rendering request 18","meta":{"rootId":"knvv4b6ov17desy","id":"knvv4b6ov17desy"},"id":"duy90obn1e3y975","previousOperationId":"nb5gdkmzxuwspcw"}
{"type":"log","timestamp":1767117409903,"level":"info","message":"Rendering anonymous template { recipe: pptx, engine: handlebars }","meta":{"rootId":"knvv4b6ov17desy","id":"knvv4b6ov17desy"},"id":"52qmkulcw5fedps","previousOperationId":"nb5gdkmzxuwspcw"}
{"type":"log","timestamp":1767117409907,"level":"debug","message":"Inline data specified.","meta":{"rootId":"knvv4b6ov17desy","id":"knvv4b6ov17desy"},"id":"mtx0kxi911a2ibu","previousOperationId":"nb5gdkmzxuwspcw"}
{"type":"log","timestamp":1767117409912,"level":"debug","message":"Base url not specified, skipping its injection.","meta":{"rootId":"knvv4b6ov17desy","id":"knvv4b6ov17desy"},"id":"qqvzeg4e6jti2qh","previousOperationId":"nb5gdkmzxuwspcw"}
{"type":"operationStart","subtype":"engine","name":"handlebars","timestamp":1767117409913,"id":"5et7scxycap6x9o","previousEventId":"w31cjwryx2q5v01","operationId":"wfir5aryld9xy2j","previousOperationId":"nb5gdkmzxuwspcw"}
{"type":"log","timestamp":1767117409913,"level":"debug","message":"Rendering engine handlebars","meta":{"rootId":"knvv4b6ov17desy","id":"knvv4b6ov17desy"},"id":"mdmqt3ajizi2u1a","previousOperationId":"wfir5aryld9xy2j"}
{"type":"operationEnd","operationId":"wfir5aryld9xy2j","timestamp":1767117409943,"id":"7t4wguqzbqbksw9","previousEventId":"5et7scxycap6x9o","previousOperationId":"wfir5aryld9xy2j"}
{"type":"operationStart","subtype":"recipe","name":"pptx","timestamp":1767117409943,"id":"8a48733n2sjmg86","previousEventId":"7t4wguqzbqbksw9","operationId":"hlgc2cxnwvh4aof","previousOperationId":"wfir5aryld9xy2j"}
{"type":"log","timestamp":1767117409943,"level":"debug","message":"Executing recipe pptx","meta":{"rootId":"knvv4b6ov17desy","id":"knvv4b6ov17desy"},"id":"d2z0pwg9zep11uj","previousOperationId":"hlgc2cxnwvh4aof"}
{"type":"log","timestamp":1767117409966,"level":"info","message":"pptx generation is starting","meta":{"rootId":"knvv4b6ov17desy","id":"knvv4b6ov17desy"},"id":"to6t8l2x8zwx46y","previousOperationId":"hlgc2cxnwvh4aof"}
{"type":"log","timestamp":1767117411754,"level":"debug","message":"Starting child request to render pptx dynamic parts","meta":{"rootId":"knvv4b6ov17desy","id":"knvv4b6ov17desy"},"id":"9vgk39fbhwg2wdb","previousOperationId":"hlgc2cxnwvh4aof"}
{"type":"operationStart","subtype":"render","name":"anonymous","previousOperationId":"hlgc2cxnwvh4aof","timestamp":1767117411755,"id":"4whonko4brrjmd7","previousEventId":"8a48733n2sjmg86","operationId":"fanf0davfvoat6z"}
{"type":"log","timestamp":1767117411755,"level":"info","message":"Starting rendering (child) request","meta":{"rootId":"knvv4b6ov17desy","id":"zmtvacnxmyss7li"},"id":"cm2o3bitj7sn02s","previousOperationId":"fanf0davfvoat6z"}
{"type":"log","timestamp":1767117411755,"level":"info","message":"Rendering anonymous template { recipe: html, engine: handlebars }","meta":{"rootId":"knvv4b6ov17desy","id":"zmtvacnxmyss7li"},"id":"5n4bvpsbudzf5nu","previousOperationId":"fanf0davfvoat6z"}
{"type":"log","timestamp":1767117411755,"level":"debug","message":"Inline data specified.","meta":{"rootId":"knvv4b6ov17desy","id":"zmtvacnxmyss7li"},"id":"xj2ihhadrdmvqy1","previousOperationId":"fanf0davfvoat6z"}
{"type":"log","timestamp":1767117411761,"level":"debug","message":"Base url not specified, skipping its injection.","meta":{"rootId":"knvv4b6ov17desy","id":"zmtvacnxmyss7li"},"id":"j6z2m8gk6x1z9gg","previousOperationId":"fanf0davfvoat6z"}
{"type":"operationStart","subtype":"engine","name":"handlebars","timestamp":1767117411763,"id":"53agytdwknahtho","previousEventId":"4whonko4brrjmd7","operationId":"6664uxyrqjhi2e1","previousOperationId":"fanf0davfvoat6z"}
{"type":"log","timestamp":1767117411763,"level":"debug","message":"Rendering engine handlebars","meta":{"rootId":"knvv4b6ov17desy","id":"zmtvacnxmyss7li"},"id":"q09kgeqlee1mmkf","previousOperationId":"6664uxyrqjhi2e1"}
{"type":"log","timestamp":1767117411954,"level":"debug","message":"(console:log) {\n  type: 'echarts@v5a',\n  width: 848,\n  height: 409,\n  option: { radar: [ [Object] ], series: [ [Object] ] }\n}","meta":{"userLevel":true,"rootId":"knvv4b6ov17desy","id":"zmtvacnxmyss7li"},"id":"kzy3xz0d7vjw383","previousOperationId":"6664uxyrqjhi2e1"}
{"type":"operationEnd","operationId":"6664uxyrqjhi2e1","timestamp":1767117411966,"id":"9yg29iuv9love3q","previousEventId":"53agytdwknahtho","previousOperationId":"6664uxyrqjhi2e1"}
{"type":"operationStart","subtype":"recipe","name":"html","timestamp":1767117411984,"id":"eoli1te8a6xs9a6","previousEventId":"9yg29iuv9love3q","operationId":"j9zovfel1qc4vo6","previousOperationId":"6664uxyrqjhi2e1"}
{"type":"log","timestamp":1767117411984,"level":"debug","message":"Executing recipe html","meta":{"rootId":"knvv4b6ov17desy","id":"zmtvacnxmyss7li"},"id":"2yq7j39xydns8jh","previousOperationId":"j9zovfel1qc4vo6"}
{"type":"operationEnd","operationId":"j9zovfel1qc4vo6","timestamp":1767117411984,"id":"5vao4pgze5awfia","previousEventId":"eoli1te8a6xs9a6","previousOperationId":"j9zovfel1qc4vo6"}
{"type":"log","timestamp":1767117411985,"level":"debug","message":"Skipping storing report.","meta":{"rootId":"knvv4b6ov17desy","id":"zmtvacnxmyss7li"},"id":"f1wmpp7x6b2ljac","previousOperationId":"j9zovfel1qc4vo6"}
{"type":"log","timestamp":1767117411985,"level":"info","message":"Rendering (child) request finished in 2159 ms","meta":{"rootId":"knvv4b6ov17desy","id":"zmtvacnxmyss7li"},"id":"6zqou2hp2xateue","previousOperationId":"j9zovfel1qc4vo6"}
{"type":"operationEnd","subtype":"render","operationId":"fanf0davfvoat6z","timestamp":1767117411985,"id":"k9i1h1vqbz5tfmi","previousEventId":"5vao4pgze5awfia","previousOperationId":"j9zovfel1qc4vo6"}
{"type":"log","timestamp":1767117418245,"level":"debug","message":"pptx successfully zipped","meta":{"rootId":"knvv4b6ov17desy","id":"knvv4b6ov17desy"},"id":"dmzo63358x6sess","previousOperationId":"hlgc2cxnwvh4aof"}
{"type":"log","timestamp":1767117418245,"level":"info","message":"pptx generation was finished","meta":{"rootId":"knvv4b6ov17desy","id":"knvv4b6ov17desy"},"id":"7jno6b1wp5lbszt","previousOperationId":"hlgc2cxnwvh4aof"}
{"type":"operationEnd","operationId":"hlgc2cxnwvh4aof","timestamp":1767117418258,"id":"2ll8z4q15yhox5r","previousEventId":"8a48733n2sjmg86","previousOperationId":"hlgc2cxnwvh4aof"}
{"type":"log","timestamp":1767117418258,"level":"debug","message":"Skipping storing report.","meta":{"rootId":"knvv4b6ov17desy","id":"knvv4b6ov17desy"},"id":"zsdi6begj0dpfhz","previousOperationId":"hlgc2cxnwvh4aof"}
{"type":"log","timestamp":1767117418258,"level":"info","message":"Rendering request 18 finished in 8432 ms","meta":{"rootId":"knvv4b6ov17desy","id":"knvv4b6ov17desy"},"id":"me120ikgyu79pix","previousOperationId":"hlgc2cxnwvh4aof"}
{"type":"operationEnd","subtype":"render","operationId":"nb5gdkmzxuwspcw","timestamp":1767117418259,"id":"l51rwplt2whz6e9","previousEventId":"2ll8z4q15yhox5r","previousOperationId":"hlgc2cxnwvh4aof"}
{"type":"operationEnd","doDiffs":false,"previousEventId":"8bb0vasjnvqaus5","previousOperationId":"7ely8pdrun4v8me","operationId":"7ely8pdrun4v8me","timestamp":1767117418265,"id":"rhwq2m8x3428k4l"}
