{"type":"operationStart","subtype":"profile","data":{"_id":"WaIll5T9vYFW4Zra","timestamp":"2025-12-07T19:22:18.255Z","state":"running","mode":"standard","creationDate":"2025-12-07T19:22:18.268Z","modificationDate":"2025-12-07T19:22:18.268Z","shortid":"f0wBZ15","$entitySet":"profiles","timeout":60000},"doDiffs":false,"timestamp":1765135338265,"id":"gpgsvt66sro9vjf","previousOperationId":null,"operationId":"g84akb39bv7zsp8"}
{"type":"log","level":"info","message":"Render request 16 queued for execution and waiting for available worker","previousOperationId":"g84akb39bv7zsp8","timestamp":1765135338265,"id":"ughtbmh8u7rn9po"}
{"type":"operationStart","subtype":"render","name":"anonymous","previousOperationId":"g84akb39bv7zsp8","timestamp":1765135338323,"id":"uzwop446tbi2twz","previousEventId":"gpgsvt66sro9vjf","operationId":"69t8btdnchnq2re"}
{"type":"log","timestamp":1765135338323,"level":"info","message":"Starting rendering request 16","meta":{"rootId":"knymtj1p7nqrjdc","id":"knymtj1p7nqrjdc"},"id":"fzt3j6wltfvsnwd","previousOperationId":"69t8btdnchnq2re"}
{"type":"log","timestamp":1765135338323,"level":"info","message":"Rendering anonymous template { recipe: pptx, engine: handlebars }","meta":{"rootId":"knymtj1p7nqrjdc","id":"knymtj1p7nqrjdc"},"id":"9mzgx2xzb9l62ms","previousOperationId":"69t8btdnchnq2re"}
{"type":"log","timestamp":1765135338323,"level":"debug","message":"Inline data specified.","meta":{"rootId":"knymtj1p7nqrjdc","id":"knymtj1p7nqrjdc"},"id":"2w0h72toq1x6bqd","previousOperationId":"69t8btdnchnq2re"}
{"type":"log","timestamp":1765135338326,"level":"debug","message":"Base url not specified, skipping its injection.","meta":{"rootId":"knymtj1p7nqrjdc","id":"knymtj1p7nqrjdc"},"id":"bj51k8m41jg002p","previousOperationId":"69t8btdnchnq2re"}
{"type":"operationStart","subtype":"engine","name":"handlebars","timestamp":1765135338327,"id":"msndv4hv0ooxfnr","previousEventId":"uzwop446tbi2twz","operationId":"rvmc51s3z68lbam","previousOperationId":"69t8btdnchnq2re"}
{"type":"log","timestamp":1765135338327,"level":"debug","message":"Rendering engine handlebars","meta":{"rootId":"knymtj1p7nqrjdc","id":"knymtj1p7nqrjdc"},"id":"vnftq2u9rvltijg","previousOperationId":"rvmc51s3z68lbam"}
{"type":"operationEnd","operationId":"rvmc51s3z68lbam","timestamp":1765135338347,"id":"znffnhnbhtrnox0","previousEventId":"msndv4hv0ooxfnr","previousOperationId":"rvmc51s3z68lbam"}
{"type":"operationStart","subtype":"recipe","name":"pptx","timestamp":1765135338348,"id":"5ljlikgtswqdkkw","previousEventId":"znffnhnbhtrnox0","operationId":"qrxniri2j0w01h6","previousOperationId":"rvmc51s3z68lbam"}
{"type":"log","timestamp":1765135338348,"level":"debug","message":"Executing recipe pptx","meta":{"rootId":"knymtj1p7nqrjdc","id":"knymtj1p7nqrjdc"},"id":"peavhsud7n4pem5","previousOperationId":"qrxniri2j0w01h6"}
{"type":"log","timestamp":1765135338381,"level":"info","message":"pptx generation is starting","meta":{"rootId":"knymtj1p7nqrjdc","id":"knymtj1p7nqrjdc"},"id":"nzonl8kars9mb9x","previousOperationId":"qrxniri2j0w01h6"}
{"type":"log","timestamp":1765135339504,"level":"debug","message":"Starting child request to render pptx dynamic parts","meta":{"rootId":"knymtj1p7nqrjdc","id":"knymtj1p7nqrjdc"},"id":"thcl5g7xrmzf7me","previousOperationId":"qrxniri2j0w01h6"}
{"type":"operationStart","subtype":"render","name":"anonymous","previousOperationId":"qrxniri2j0w01h6","timestamp":1765135339507,"id":"e3pynjbc92p4z9r","previousEventId":"5ljlikgtswqdkkw","operationId":"7nk0oxhh8d6lvck"}
{"type":"log","timestamp":1765135339507,"level":"info","message":"Starting rendering (child) request","meta":{"rootId":"knymtj1p7nqrjdc","id":"anarbauro4r10mt"},"id":"xlyoeptfiwj35f8","previousOperationId":"7nk0oxhh8d6lvck"}
{"type":"log","timestamp":1765135339507,"level":"info","message":"Rendering anonymous template { recipe: html, engine: handlebars }","meta":{"rootId":"knymtj1p7nqrjdc","id":"anarbauro4r10mt"},"id":"x4b8xsfelk9xv8p","previousOperationId":"7nk0oxhh8d6lvck"}
{"type":"log","timestamp":1765135339507,"level":"debug","message":"Inline data specified.","meta":{"rootId":"knymtj1p7nqrjdc","id":"anarbauro4r10mt"},"id":"c9ynpcy7n1jl201","previousOperationId":"7nk0oxhh8d6lvck"}
{"type":"log","timestamp":1765135339538,"level":"debug","message":"Base url not specified, skipping its injection.","meta":{"rootId":"knymtj1p7nqrjdc","id":"anarbauro4r10mt"},"id":"cm9ohw11jdkfe7r","previousOperationId":"7nk0oxhh8d6lvck"}
{"type":"operationStart","subtype":"engine","name":"handlebars","timestamp":1765135339540,"id":"ejnv74ujbkcv1w6","previousEventId":"e3pynjbc92p4z9r","operationId":"s89its9m7p9lvk3","previousOperationId":"7nk0oxhh8d6lvck"}
{"type":"log","timestamp":1765135339540,"level":"debug","message":"Rendering engine handlebars","meta":{"rootId":"knymtj1p7nqrjdc","id":"anarbauro4r10mt"},"id":"sewd81l0auktr27","previousOperationId":"s89its9m7p9lvk3"}
{"type":"operationEnd","operationId":"s89its9m7p9lvk3","timestamp":1765135339761,"id":"picxegn4petxaku","previousEventId":"ejnv74ujbkcv1w6","previousOperationId":"s89its9m7p9lvk3"}
{"type":"operationStart","subtype":"recipe","name":"html","timestamp":1765135339773,"id":"burase3ouxedobf","previousEventId":"picxegn4petxaku","operationId":"a9ma0p9pu79or2e","previousOperationId":"s89its9m7p9lvk3"}
{"type":"log","timestamp":1765135339773,"level":"debug","message":"Executing recipe html","meta":{"rootId":"knymtj1p7nqrjdc","id":"anarbauro4r10mt"},"id":"sgf344vcs8710fc","previousOperationId":"a9ma0p9pu79or2e"}
{"type":"operationEnd","operationId":"a9ma0p9pu79or2e","timestamp":1765135339774,"id":"cuskt08of2wepds","previousEventId":"burase3ouxedobf","previousOperationId":"a9ma0p9pu79or2e"}
{"type":"log","timestamp":1765135339774,"level":"debug","message":"Skipping storing report.","meta":{"rootId":"knymtj1p7nqrjdc","id":"anarbauro4r10mt"},"id":"er6wlvqntlnqlw2","previousOperationId":"a9ma0p9pu79or2e"}
{"type":"log","timestamp":1765135339774,"level":"info","message":"Rendering (child) request finished in 1520 ms","meta":{"rootId":"knymtj1p7nqrjdc","id":"anarbauro4r10mt"},"id":"genvlv23hiufuz2","previousOperationId":"a9ma0p9pu79or2e"}
{"type":"operationEnd","subtype":"render","operationId":"7nk0oxhh8d6lvck","timestamp":1765135339774,"id":"skqejvyflq8bwl7","previousEventId":"cuskt08of2wepds","previousOperationId":"a9ma0p9pu79or2e"}
{"type":"log","timestamp":1765135345004,"level":"debug","message":"pptx successfully zipped","meta":{"rootId":"knymtj1p7nqrjdc","id":"knymtj1p7nqrjdc"},"id":"fumikyhc9s1fq5l","previousOperationId":"qrxniri2j0w01h6"}
{"type":"log","timestamp":1765135345004,"level":"info","message":"pptx generation was finished","meta":{"rootId":"knymtj1p7nqrjdc","id":"knymtj1p7nqrjdc"},"id":"qrdvcdo4nxd9enc","previousOperationId":"qrxniri2j0w01h6"}
{"type":"operationEnd","operationId":"qrxniri2j0w01h6","timestamp":1765135345012,"id":"ggn3j3cgoxzzlye","previousEventId":"5ljlikgtswqdkkw","previousOperationId":"qrxniri2j0w01h6"}
{"type":"log","timestamp":1765135345012,"level":"debug","message":"Skipping storing report.","meta":{"rootId":"knymtj1p7nqrjdc","id":"knymtj1p7nqrjdc"},"id":"0y9pqf391cvjs8m","previousOperationId":"qrxniri2j0w01h6"}
{"type":"log","timestamp":1765135345012,"level":"info","message":"Rendering request 16 finished in 6758 ms","meta":{"rootId":"knymtj1p7nqrjdc","id":"knymtj1p7nqrjdc"},"id":"csab65j0zkhngfk","previousOperationId":"qrxniri2j0w01h6"}
{"type":"operationEnd","subtype":"render","operationId":"69t8btdnchnq2re","timestamp":1765135345012,"id":"8bc8zmncxrlgaqe","previousEventId":"ggn3j3cgoxzzlye","previousOperationId":"qrxniri2j0w01h6"}
{"type":"operationEnd","doDiffs":false,"previousEventId":"gpgsvt66sro9vjf","previousOperationId":"g84akb39bv7zsp8","operationId":"g84akb39bv7zsp8","timestamp":1765135345018,"id":"k23pu89uh5xl3wg"}
