{"type":"operationStart","subtype":"profile","data":{"_id":"VAiWQYMJnDaN920k","timestamp":"2025-12-26T10:59:32.096Z","state":"running","mode":"standard","creationDate":"2025-12-26T10:59:32.103Z","modificationDate":"2025-12-26T10:59:32.103Z","shortid":"5s15Gws","$entitySet":"profiles","timeout":60000},"doDiffs":false,"timestamp":1766746772100,"id":"ws7hb2ofy9p0htm","previousOperationId":null,"operationId":"qq6jrqsvq9tfqmu"}
{"type":"log","level":"info","message":"Render request 5 queued for execution and waiting for available worker","previousOperationId":"qq6jrqsvq9tfqmu","timestamp":1766746772100,"id":"m9g4j67iibe3med"}
{"type":"operationStart","subtype":"render","name":"anonymous","previousOperationId":"qq6jrqsvq9tfqmu","timestamp":1766746772163,"id":"9lzv6i2npfdhxnk","previousEventId":"ws7hb2ofy9p0htm","operationId":"ojsbwoaj9is51nu"}
{"type":"log","timestamp":1766746772164,"level":"info","message":"Starting rendering request 5","meta":{"rootId":"kobp14e1a0vrt6r","id":"kobp14e1a0vrt6r"},"id":"3vxe6n9bwmeip8u","previousOperationId":"ojsbwoaj9is51nu"}
{"type":"log","timestamp":1766746772164,"level":"info","message":"Rendering anonymous template { recipe: pptx, engine: handlebars }","meta":{"rootId":"kobp14e1a0vrt6r","id":"kobp14e1a0vrt6r"},"id":"te7dnkrncxjnv3m","previousOperationId":"ojsbwoaj9is51nu"}
{"type":"log","timestamp":1766746772164,"level":"debug","message":"Inline data specified.","meta":{"rootId":"kobp14e1a0vrt6r","id":"kobp14e1a0vrt6r"},"id":"ckicr18vp2s77to","previousOperationId":"ojsbwoaj9is51nu"}
{"type":"log","timestamp":1766746772167,"level":"debug","message":"Base url not specified, skipping its injection.","meta":{"rootId":"kobp14e1a0vrt6r","id":"kobp14e1a0vrt6r"},"id":"r0t7vy32jnk7qvb","previousOperationId":"ojsbwoaj9is51nu"}
{"type":"operationStart","subtype":"engine","name":"handlebars","timestamp":1766746772168,"id":"4ozloma7t7g3p7v","previousEventId":"9lzv6i2npfdhxnk","operationId":"0dmhjyjsoqgtq6h","previousOperationId":"ojsbwoaj9is51nu"}
{"type":"log","timestamp":1766746772168,"level":"debug","message":"Rendering engine handlebars","meta":{"rootId":"kobp14e1a0vrt6r","id":"kobp14e1a0vrt6r"},"id":"mfcg83ijuoiq0ps","previousOperationId":"0dmhjyjsoqgtq6h"}
{"type":"operationEnd","operationId":"0dmhjyjsoqgtq6h","timestamp":1766746772222,"id":"q8n2gpg0ef4221l","previousEventId":"4ozloma7t7g3p7v","previousOperationId":"0dmhjyjsoqgtq6h"}
{"type":"operationStart","subtype":"recipe","name":"pptx","timestamp":1766746772223,"id":"uht7fkei5qm3ua5","previousEventId":"q8n2gpg0ef4221l","operationId":"3lyfol5m8crkoa4","previousOperationId":"0dmhjyjsoqgtq6h"}
{"type":"log","timestamp":1766746772223,"level":"debug","message":"Executing recipe pptx","meta":{"rootId":"kobp14e1a0vrt6r","id":"kobp14e1a0vrt6r"},"id":"tspscsxemkk40gv","previousOperationId":"3lyfol5m8crkoa4"}
{"type":"log","timestamp":1766746772240,"level":"info","message":"pptx generation is starting","meta":{"rootId":"kobp14e1a0vrt6r","id":"kobp14e1a0vrt6r"},"id":"qkvgvn94qymy43i","previousOperationId":"3lyfol5m8crkoa4"}
{"type":"log","timestamp":1766746773881,"level":"debug","message":"Starting child request to render pptx dynamic parts","meta":{"rootId":"kobp14e1a0vrt6r","id":"kobp14e1a0vrt6r"},"id":"oq220vinjtkq13p","previousOperationId":"3lyfol5m8crkoa4"}
{"type":"operationStart","subtype":"render","name":"anonymous","previousOperationId":"3lyfol5m8crkoa4","timestamp":1766746773882,"id":"63pyfoujqyy9s9i","previousEventId":"uht7fkei5qm3ua5","operationId":"2y1bwx2ftx5sm4d"}
{"type":"log","timestamp":1766746773882,"level":"info","message":"Starting rendering (child) request","meta":{"rootId":"kobp14e1a0vrt6r","id":"6u3orghmqb9li74"},"id":"98hg99mj04sgqfe","previousOperationId":"2y1bwx2ftx5sm4d"}
{"type":"log","timestamp":1766746773882,"level":"info","message":"Rendering anonymous template { recipe: html, engine: handlebars }","meta":{"rootId":"kobp14e1a0vrt6r","id":"6u3orghmqb9li74"},"id":"l5y2ltuyishvkco","previousOperationId":"2y1bwx2ftx5sm4d"}
{"type":"log","timestamp":1766746773882,"level":"debug","message":"Inline data specified.","meta":{"rootId":"kobp14e1a0vrt6r","id":"6u3orghmqb9li74"},"id":"eh47rjbif1tgu93","previousOperationId":"2y1bwx2ftx5sm4d"}
{"type":"log","timestamp":1766746773889,"level":"debug","message":"Base url not specified, skipping its injection.","meta":{"rootId":"kobp14e1a0vrt6r","id":"6u3orghmqb9li74"},"id":"1obruqba19s87x8","previousOperationId":"2y1bwx2ftx5sm4d"}
{"type":"operationStart","subtype":"engine","name":"handlebars","timestamp":1766746773892,"id":"wixgmk79kg5dwaq","previousEventId":"63pyfoujqyy9s9i","operationId":"12e7tcex7qbimm0","previousOperationId":"2y1bwx2ftx5sm4d"}
{"type":"log","timestamp":1766746773892,"level":"debug","message":"Rendering engine handlebars","meta":{"rootId":"kobp14e1a0vrt6r","id":"6u3orghmqb9li74"},"id":"fatbce3191i4102","previousOperationId":"12e7tcex7qbimm0"}
{"type":"operationEnd","operationId":"12e7tcex7qbimm0","timestamp":1766746774050,"id":"h9m1iuo4v2tlzyh","previousEventId":"wixgmk79kg5dwaq","previousOperationId":"12e7tcex7qbimm0"}
{"type":"operationStart","subtype":"recipe","name":"html","timestamp":1766746774063,"id":"iwle8ju24l5e580","previousEventId":"h9m1iuo4v2tlzyh","operationId":"qkmld8v4vqoqj3i","previousOperationId":"12e7tcex7qbimm0"}
{"type":"log","timestamp":1766746774063,"level":"debug","message":"Executing recipe html","meta":{"rootId":"kobp14e1a0vrt6r","id":"6u3orghmqb9li74"},"id":"cx4zm31hwtpztx3","previousOperationId":"qkmld8v4vqoqj3i"}
{"type":"operationEnd","operationId":"qkmld8v4vqoqj3i","timestamp":1766746774063,"id":"z6x0m5qjok0dgam","previousEventId":"iwle8ju24l5e580","previousOperationId":"qkmld8v4vqoqj3i"}
{"type":"log","timestamp":1766746774064,"level":"debug","message":"Skipping storing report.","meta":{"rootId":"kobp14e1a0vrt6r","id":"6u3orghmqb9li74"},"id":"o7jggq9xxc0tth6","previousOperationId":"qkmld8v4vqoqj3i"}
{"type":"log","timestamp":1766746774064,"level":"info","message":"Rendering (child) request finished in 1970 ms","meta":{"rootId":"kobp14e1a0vrt6r","id":"6u3orghmqb9li74"},"id":"6pxoe1mivzmxnd9","previousOperationId":"qkmld8v4vqoqj3i"}
{"type":"operationEnd","subtype":"render","operationId":"2y1bwx2ftx5sm4d","timestamp":1766746774064,"id":"p3poeybfyxzz7p6","previousEventId":"z6x0m5qjok0dgam","previousOperationId":"qkmld8v4vqoqj3i"}
{"type":"log","timestamp":1766746780300,"level":"debug","message":"pptx successfully zipped","meta":{"rootId":"kobp14e1a0vrt6r","id":"kobp14e1a0vrt6r"},"id":"w94jygz08ztg7cc","previousOperationId":"3lyfol5m8crkoa4"}
{"type":"log","timestamp":1766746780300,"level":"info","message":"pptx generation was finished","meta":{"rootId":"kobp14e1a0vrt6r","id":"kobp14e1a0vrt6r"},"id":"dyy8uzly15empbo","previousOperationId":"3lyfol5m8crkoa4"}
{"type":"operationEnd","operationId":"3lyfol5m8crkoa4","timestamp":1766746780311,"id":"7ywp0ybi26mcm7o","previousEventId":"uht7fkei5qm3ua5","previousOperationId":"3lyfol5m8crkoa4"}
{"type":"log","timestamp":1766746780311,"level":"debug","message":"Skipping storing report.","meta":{"rootId":"kobp14e1a0vrt6r","id":"kobp14e1a0vrt6r"},"id":"5cxezj25rzevkik","previousOperationId":"3lyfol5m8crkoa4"}
{"type":"log","timestamp":1766746780311,"level":"info","message":"Rendering request 5 finished in 8217 ms","meta":{"rootId":"kobp14e1a0vrt6r","id":"kobp14e1a0vrt6r"},"id":"qzq1yckmkz18a79","previousOperationId":"3lyfol5m8crkoa4"}
{"type":"operationEnd","subtype":"render","operationId":"ojsbwoaj9is51nu","timestamp":1766746780311,"id":"zshc3rigo91t134","previousEventId":"7ywp0ybi26mcm7o","previousOperationId":"3lyfol5m8crkoa4"}
{"type":"operationEnd","doDiffs":false,"previousEventId":"ws7hb2ofy9p0htm","previousOperationId":"qq6jrqsvq9tfqmu","operationId":"qq6jrqsvq9tfqmu","timestamp":1766746780316,"id":"3916os8050g61w9"}
