{"type":"operationStart","subtype":"profile","data":{"_id":"3TABOovJhO5HmPJW","timestamp":"2025-12-27T14:27:01.435Z","state":"running","mode":"standard","creationDate":"2025-12-27T14:27:01.439Z","modificationDate":"2025-12-27T14:27:01.439Z","shortid":"NG86lkw","$entitySet":"profiles","timeout":60000},"doDiffs":false,"timestamp":1766845621437,"id":"3upn71qhl7zx43y","previousOperationId":null,"operationId":"4e5r3bkv9oghq4r"}
{"type":"log","level":"info","message":"Render request 1 queued for execution and waiting for available worker","previousOperationId":"4e5r3bkv9oghq4r","timestamp":1766845621438,"id":"8s8hyi49lhs5ioc"}
{"type":"operationStart","subtype":"render","name":"anonymous","previousOperationId":"4e5r3bkv9oghq4r","timestamp":1766845621512,"id":"yktf02cu8v92zbo","previousEventId":"3upn71qhl7zx43y","operationId":"cxjt8k8b4cp91pc"}
{"type":"log","timestamp":1766845621514,"level":"info","message":"Starting rendering request 1","meta":{"rootId":"ks6hyznydepa3c1","id":"ks6hyznydepa3c1"},"id":"fgg6217w68r0gka","previousOperationId":"cxjt8k8b4cp91pc"}
{"type":"log","timestamp":1766845621515,"level":"info","message":"Rendering anonymous template { recipe: pptx, engine: handlebars }","meta":{"rootId":"ks6hyznydepa3c1","id":"ks6hyznydepa3c1"},"id":"d44k28zr35155af","previousOperationId":"cxjt8k8b4cp91pc"}
{"type":"log","timestamp":1766845621516,"level":"debug","message":"Inline data specified.","meta":{"rootId":"ks6hyznydepa3c1","id":"ks6hyznydepa3c1"},"id":"3yb0cr1yqkh8jet","previousOperationId":"cxjt8k8b4cp91pc"}
{"type":"log","timestamp":1766845621522,"level":"debug","message":"Base url not specified, skipping its injection.","meta":{"rootId":"ks6hyznydepa3c1","id":"ks6hyznydepa3c1"},"id":"qvb0o6cx7bs54lx","previousOperationId":"cxjt8k8b4cp91pc"}
{"type":"operationStart","subtype":"engine","name":"handlebars","timestamp":1766845621527,"id":"lyzueea7to0k5it","previousEventId":"yktf02cu8v92zbo","operationId":"enhqi9y4wztdblp","previousOperationId":"cxjt8k8b4cp91pc"}
{"type":"log","timestamp":1766845621527,"level":"debug","message":"Rendering engine handlebars","meta":{"rootId":"ks6hyznydepa3c1","id":"ks6hyznydepa3c1"},"id":"sr2evqwlvphhzse","previousOperationId":"enhqi9y4wztdblp"}
{"type":"operationEnd","operationId":"enhqi9y4wztdblp","timestamp":1766845622376,"id":"8j24pp1sgzhdyfh","previousEventId":"lyzueea7to0k5it","previousOperationId":"enhqi9y4wztdblp"}
{"type":"operationStart","subtype":"recipe","name":"pptx","timestamp":1766845622377,"id":"etu6l0spcak8sg4","previousEventId":"8j24pp1sgzhdyfh","operationId":"t2j86lehnpm078r","previousOperationId":"enhqi9y4wztdblp"}
{"type":"log","timestamp":1766845622377,"level":"debug","message":"Executing recipe pptx","meta":{"rootId":"ks6hyznydepa3c1","id":"ks6hyznydepa3c1"},"id":"y127io3v9t5nhgi","previousOperationId":"t2j86lehnpm078r"}
{"type":"log","timestamp":1766845622547,"level":"info","message":"pptx generation is starting","meta":{"rootId":"ks6hyznydepa3c1","id":"ks6hyznydepa3c1"},"id":"iwy3bn9yt4bvtex","previousOperationId":"t2j86lehnpm078r"}
{"type":"log","timestamp":1766845623679,"level":"debug","message":"Starting child request to render pptx dynamic parts","meta":{"rootId":"ks6hyznydepa3c1","id":"ks6hyznydepa3c1"},"id":"1oryfaxfp3czlq7","previousOperationId":"t2j86lehnpm078r"}
{"type":"operationStart","subtype":"render","name":"anonymous","previousOperationId":"t2j86lehnpm078r","timestamp":1766845623680,"id":"i5upk2avpwcpfo6","previousEventId":"etu6l0spcak8sg4","operationId":"6rx3g1xvn8478vq"}
{"type":"log","timestamp":1766845623680,"level":"info","message":"Starting rendering (child) request","meta":{"rootId":"ks6hyznydepa3c1","id":"s22jb7h22k8wb0z"},"id":"omvos9emqyaaw4e","previousOperationId":"6rx3g1xvn8478vq"}
{"type":"log","timestamp":1766845623680,"level":"info","message":"Rendering anonymous template { recipe: html, engine: handlebars }","meta":{"rootId":"ks6hyznydepa3c1","id":"s22jb7h22k8wb0z"},"id":"yzs4l21p4lmj1ix","previousOperationId":"6rx3g1xvn8478vq"}
{"type":"log","timestamp":1766845623680,"level":"debug","message":"Inline data specified.","meta":{"rootId":"ks6hyznydepa3c1","id":"s22jb7h22k8wb0z"},"id":"t7j7zw622p6t7q8","previousOperationId":"6rx3g1xvn8478vq"}
{"type":"log","timestamp":1766845623686,"level":"debug","message":"Base url not specified, skipping its injection.","meta":{"rootId":"ks6hyznydepa3c1","id":"s22jb7h22k8wb0z"},"id":"4elcijftv8p1crd","previousOperationId":"6rx3g1xvn8478vq"}
{"type":"operationStart","subtype":"engine","name":"handlebars","timestamp":1766845623688,"id":"a13nbxmumj47k08","previousEventId":"i5upk2avpwcpfo6","operationId":"d3dbtucdz2ntrz3","previousOperationId":"6rx3g1xvn8478vq"}
{"type":"log","timestamp":1766845623688,"level":"debug","message":"Rendering engine handlebars","meta":{"rootId":"ks6hyznydepa3c1","id":"s22jb7h22k8wb0z"},"id":"2gwnuzuseo0j5k5","previousOperationId":"d3dbtucdz2ntrz3"}
{"type":"operationEnd","operationId":"d3dbtucdz2ntrz3","timestamp":1766845623840,"id":"wpvhjgou66zz6u7","previousEventId":"a13nbxmumj47k08","previousOperationId":"d3dbtucdz2ntrz3"}
{"type":"operationStart","subtype":"recipe","name":"html","timestamp":1766845623849,"id":"kddswzc3l0ka0r8","previousEventId":"wpvhjgou66zz6u7","operationId":"xqpxuvaqi5yj3ud","previousOperationId":"d3dbtucdz2ntrz3"}
{"type":"log","timestamp":1766845623849,"level":"debug","message":"Executing recipe html","meta":{"rootId":"ks6hyznydepa3c1","id":"s22jb7h22k8wb0z"},"id":"tvuj18jxmga6tua","previousOperationId":"xqpxuvaqi5yj3ud"}
{"type":"operationEnd","operationId":"xqpxuvaqi5yj3ud","timestamp":1766845623850,"id":"yhh09yglqx5jdnx","previousEventId":"kddswzc3l0ka0r8","previousOperationId":"xqpxuvaqi5yj3ud"}
{"type":"log","timestamp":1766845623851,"level":"debug","message":"Skipping storing report.","meta":{"rootId":"ks6hyznydepa3c1","id":"s22jb7h22k8wb0z"},"id":"0ntffvzyho1exje","previousOperationId":"xqpxuvaqi5yj3ud"}
{"type":"log","timestamp":1766845623851,"level":"info","message":"Rendering (child) request finished in 2417 ms","meta":{"rootId":"ks6hyznydepa3c1","id":"s22jb7h22k8wb0z"},"id":"89oqiih6eecmc2q","previousOperationId":"xqpxuvaqi5yj3ud"}
{"type":"operationEnd","subtype":"render","operationId":"6rx3g1xvn8478vq","timestamp":1766845623851,"id":"fk0zt9rizzwjabl","previousEventId":"yhh09yglqx5jdnx","previousOperationId":"xqpxuvaqi5yj3ud"}
{"type":"log","timestamp":1766845627939,"level":"debug","message":"pptx successfully zipped","meta":{"rootId":"ks6hyznydepa3c1","id":"ks6hyznydepa3c1"},"id":"d8ukl7489na5l9j","previousOperationId":"t2j86lehnpm078r"}
{"type":"log","timestamp":1766845627939,"level":"info","message":"pptx generation was finished","meta":{"rootId":"ks6hyznydepa3c1","id":"ks6hyznydepa3c1"},"id":"gpg6nrgu9mhx23t","previousOperationId":"t2j86lehnpm078r"}
{"type":"operationEnd","operationId":"t2j86lehnpm078r","timestamp":1766845627952,"id":"qpa0rq4yjffgcco","previousEventId":"etu6l0spcak8sg4","previousOperationId":"t2j86lehnpm078r"}
{"type":"log","timestamp":1766845627952,"level":"debug","message":"Skipping storing report.","meta":{"rootId":"ks6hyznydepa3c1","id":"ks6hyznydepa3c1"},"id":"rk1yt29arej6y50","previousOperationId":"t2j86lehnpm078r"}
{"type":"log","timestamp":1766845627952,"level":"info","message":"Rendering request 1 finished in 6518 ms","meta":{"rootId":"ks6hyznydepa3c1","id":"ks6hyznydepa3c1"},"id":"l3b78vgq2wwn1z5","previousOperationId":"t2j86lehnpm078r"}
{"type":"operationEnd","subtype":"render","operationId":"cxjt8k8b4cp91pc","timestamp":1766845627952,"id":"g2a8ftel39oehuk","previousEventId":"qpa0rq4yjffgcco","previousOperationId":"t2j86lehnpm078r"}
{"type":"operationEnd","doDiffs":false,"previousEventId":"3upn71qhl7zx43y","previousOperationId":"4e5r3bkv9oghq4r","operationId":"4e5r3bkv9oghq4r","timestamp":1766845627963,"id":"trqtag00v5bv9ax"}
