{"type":"operationStart","subtype":"profile","data":{"_id":"nKXbMaEYMzRGwB9k","timestamp":"2025-12-26T21:10:33.904Z","state":"running","mode":"standard","creationDate":"2025-12-26T21:10:33.919Z","modificationDate":"2025-12-26T21:10:33.919Z","shortid":"t1oBHMp","$entitySet":"profiles","timeout":60000},"doDiffs":false,"timestamp":1766783433916,"id":"bsdx7mpkvc930qm","previousOperationId":null,"operationId":"qpuum78ouxrv3n0"}
{"type":"log","level":"info","message":"Render request 3 queued for execution and waiting for available worker","previousOperationId":"qpuum78ouxrv3n0","timestamp":1766783433917,"id":"cyan13kd4ky6x36"}
{"type":"operationStart","subtype":"render","name":"anonymous","previousOperationId":"qpuum78ouxrv3n0","timestamp":1766783433992,"id":"3ga93yugv6e619f","previousEventId":"bsdx7mpkvc930qm","operationId":"tx6tvz9vxneohge"}
{"type":"log","timestamp":1766783433992,"level":"info","message":"Starting rendering request 3","meta":{"rootId":"ktkp1vn51vwlb43","id":"ktkp1vn51vwlb43"},"id":"wk3kdam0otsfc5v","previousOperationId":"tx6tvz9vxneohge"}
{"type":"log","timestamp":1766783433992,"level":"info","message":"Rendering anonymous template { recipe: pptx, engine: handlebars }","meta":{"rootId":"ktkp1vn51vwlb43","id":"ktkp1vn51vwlb43"},"id":"bq7u1xdombjd5jl","previousOperationId":"tx6tvz9vxneohge"}
{"type":"log","timestamp":1766783433992,"level":"debug","message":"Inline data specified.","meta":{"rootId":"ktkp1vn51vwlb43","id":"ktkp1vn51vwlb43"},"id":"63esk6jid478l6z","previousOperationId":"tx6tvz9vxneohge"}
{"type":"log","timestamp":1766783433995,"level":"debug","message":"Base url not specified, skipping its injection.","meta":{"rootId":"ktkp1vn51vwlb43","id":"ktkp1vn51vwlb43"},"id":"dxw59ufd5ljp20o","previousOperationId":"tx6tvz9vxneohge"}
{"type":"operationStart","subtype":"engine","name":"handlebars","timestamp":1766783433996,"id":"n55m8p0kzhesj1s","previousEventId":"3ga93yugv6e619f","operationId":"9bjb98u47xyat71","previousOperationId":"tx6tvz9vxneohge"}
{"type":"log","timestamp":1766783433996,"level":"debug","message":"Rendering engine handlebars","meta":{"rootId":"ktkp1vn51vwlb43","id":"ktkp1vn51vwlb43"},"id":"gmvyw2w2zjdw0ux","previousOperationId":"9bjb98u47xyat71"}
{"type":"operationEnd","operationId":"9bjb98u47xyat71","timestamp":1766783434012,"id":"9a2laxnw5idpvir","previousEventId":"n55m8p0kzhesj1s","previousOperationId":"9bjb98u47xyat71"}
{"type":"operationStart","subtype":"recipe","name":"pptx","timestamp":1766783434012,"id":"e4p24qyu8huzjhu","previousEventId":"9a2laxnw5idpvir","operationId":"7k6q5zz7h7haye7","previousOperationId":"9bjb98u47xyat71"}
{"type":"log","timestamp":1766783434012,"level":"debug","message":"Executing recipe pptx","meta":{"rootId":"ktkp1vn51vwlb43","id":"ktkp1vn51vwlb43"},"id":"ed8fcsnup6a7izu","previousOperationId":"7k6q5zz7h7haye7"}
{"type":"log","timestamp":1766783434043,"level":"info","message":"pptx generation is starting","meta":{"rootId":"ktkp1vn51vwlb43","id":"ktkp1vn51vwlb43"},"id":"s000s2x545v73ev","previousOperationId":"7k6q5zz7h7haye7"}
{"type":"log","timestamp":1766783435741,"level":"debug","message":"Starting child request to render pptx dynamic parts","meta":{"rootId":"ktkp1vn51vwlb43","id":"ktkp1vn51vwlb43"},"id":"xrrwb14y6v00swg","previousOperationId":"7k6q5zz7h7haye7"}
{"type":"operationStart","subtype":"render","name":"anonymous","previousOperationId":"7k6q5zz7h7haye7","timestamp":1766783435742,"id":"52o4cv9m8k0co2m","previousEventId":"e4p24qyu8huzjhu","operationId":"d2l1jdw8buzwuyr"}
{"type":"log","timestamp":1766783435742,"level":"info","message":"Starting rendering (child) request","meta":{"rootId":"ktkp1vn51vwlb43","id":"1k4vlhdk8t8zxnd"},"id":"1z85y2w3fqenkx2","previousOperationId":"d2l1jdw8buzwuyr"}
{"type":"log","timestamp":1766783435742,"level":"info","message":"Rendering anonymous template { recipe: html, engine: handlebars }","meta":{"rootId":"ktkp1vn51vwlb43","id":"1k4vlhdk8t8zxnd"},"id":"zpt4hxnybxxu31q","previousOperationId":"d2l1jdw8buzwuyr"}
{"type":"log","timestamp":1766783435742,"level":"debug","message":"Inline data specified.","meta":{"rootId":"ktkp1vn51vwlb43","id":"1k4vlhdk8t8zxnd"},"id":"si76opq2p3la9r6","previousOperationId":"d2l1jdw8buzwuyr"}
{"type":"log","timestamp":1766783435751,"level":"debug","message":"Base url not specified, skipping its injection.","meta":{"rootId":"ktkp1vn51vwlb43","id":"1k4vlhdk8t8zxnd"},"id":"qmjv3w0q52kcqaa","previousOperationId":"d2l1jdw8buzwuyr"}
{"type":"operationStart","subtype":"engine","name":"handlebars","timestamp":1766783435753,"id":"rcpd4cfow80ccll","previousEventId":"52o4cv9m8k0co2m","operationId":"vqaipsrzf7u1rkt","previousOperationId":"d2l1jdw8buzwuyr"}
{"type":"log","timestamp":1766783435753,"level":"debug","message":"Rendering engine handlebars","meta":{"rootId":"ktkp1vn51vwlb43","id":"1k4vlhdk8t8zxnd"},"id":"z6unartsv2v7rvu","previousOperationId":"vqaipsrzf7u1rkt"}
{"type":"operationEnd","operationId":"vqaipsrzf7u1rkt","timestamp":1766783435941,"id":"udaxsk7aavsfmz5","previousEventId":"rcpd4cfow80ccll","previousOperationId":"vqaipsrzf7u1rkt"}
{"type":"operationStart","subtype":"recipe","name":"html","timestamp":1766783435957,"id":"mubhbp1ljxrg9z4","previousEventId":"udaxsk7aavsfmz5","operationId":"ngl51kx4nqbszwe","previousOperationId":"vqaipsrzf7u1rkt"}
{"type":"log","timestamp":1766783435957,"level":"debug","message":"Executing recipe html","meta":{"rootId":"ktkp1vn51vwlb43","id":"1k4vlhdk8t8zxnd"},"id":"eibaa95skptg52r","previousOperationId":"ngl51kx4nqbszwe"}
{"type":"operationEnd","operationId":"ngl51kx4nqbszwe","timestamp":1766783435957,"id":"3nf11k49tpl3nlg","previousEventId":"mubhbp1ljxrg9z4","previousOperationId":"ngl51kx4nqbszwe"}
{"type":"log","timestamp":1766783435959,"level":"debug","message":"Skipping storing report.","meta":{"rootId":"ktkp1vn51vwlb43","id":"1k4vlhdk8t8zxnd"},"id":"lqevr3czaz52chj","previousOperationId":"ngl51kx4nqbszwe"}
{"type":"log","timestamp":1766783435959,"level":"info","message":"Rendering (child) request finished in 2056 ms","meta":{"rootId":"ktkp1vn51vwlb43","id":"1k4vlhdk8t8zxnd"},"id":"kq5splwfbbrzv0h","previousOperationId":"ngl51kx4nqbszwe"}
{"type":"operationEnd","subtype":"render","operationId":"d2l1jdw8buzwuyr","timestamp":1766783435959,"id":"rvaezmuni29f4nh","previousEventId":"3nf11k49tpl3nlg","previousOperationId":"ngl51kx4nqbszwe"}
{"type":"log","timestamp":1766783442892,"level":"debug","message":"pptx successfully zipped","meta":{"rootId":"ktkp1vn51vwlb43","id":"ktkp1vn51vwlb43"},"id":"dsaomnibuflsfsf","previousOperationId":"7k6q5zz7h7haye7"}
{"type":"log","timestamp":1766783442892,"level":"info","message":"pptx generation was finished","meta":{"rootId":"ktkp1vn51vwlb43","id":"ktkp1vn51vwlb43"},"id":"e685l50kscfuxex","previousOperationId":"7k6q5zz7h7haye7"}
{"type":"operationEnd","operationId":"7k6q5zz7h7haye7","timestamp":1766783442909,"id":"ty9lyqzsmqf17x0","previousEventId":"e4p24qyu8huzjhu","previousOperationId":"7k6q5zz7h7haye7"}
{"type":"log","timestamp":1766783442909,"level":"debug","message":"Skipping storing report.","meta":{"rootId":"ktkp1vn51vwlb43","id":"ktkp1vn51vwlb43"},"id":"k76tafoserk04b9","previousOperationId":"7k6q5zz7h7haye7"}
{"type":"log","timestamp":1766783442909,"level":"info","message":"Rendering request 3 finished in 9006 ms","meta":{"rootId":"ktkp1vn51vwlb43","id":"ktkp1vn51vwlb43"},"id":"04pcagq8qt2lgt5","previousOperationId":"7k6q5zz7h7haye7"}
{"type":"operationEnd","subtype":"render","operationId":"tx6tvz9vxneohge","timestamp":1766783442909,"id":"v7625hicwvscwxy","previousEventId":"ty9lyqzsmqf17x0","previousOperationId":"7k6q5zz7h7haye7"}
{"type":"operationEnd","doDiffs":false,"previousEventId":"bsdx7mpkvc930qm","previousOperationId":"qpuum78ouxrv3n0","operationId":"qpuum78ouxrv3n0","timestamp":1766783442913,"id":"hbr4nkeifglmnwh"}
