{"type":"operationStart","subtype":"profile","data":{"_id":"ertjZLIMcMudQM5Y","timestamp":"2025-12-28T16:01:49.845Z","state":"running","mode":"standard","creationDate":"2025-12-28T16:01:49.849Z","modificationDate":"2025-12-28T16:01:49.849Z","shortid":"NLROn5C","$entitySet":"profiles","timeout":60000},"doDiffs":false,"timestamp":1766937709847,"id":"22p912k1mdbdsfn","previousOperationId":null,"operationId":"yhh36diwfwqbbu8"}
{"type":"log","level":"info","message":"Render request 2 queued for execution and waiting for available worker","previousOperationId":"yhh36diwfwqbbu8","timestamp":1766937709847,"id":"sjjq76kb4gkhard"}
{"type":"operationStart","subtype":"render","name":"anonymous","previousOperationId":"yhh36diwfwqbbu8","timestamp":1766937709900,"id":"8ame5oh4bblabgv","previousEventId":"22p912k1mdbdsfn","operationId":"ecntud7krji1yvu"}
{"type":"log","timestamp":1766937709902,"level":"info","message":"Starting rendering request 2","meta":{"rootId":"kxzfsem5sm72j7r","id":"kxzfsem5sm72j7r"},"id":"lc4sfhd11621swv","previousOperationId":"ecntud7krji1yvu"}
{"type":"log","timestamp":1766937709904,"level":"info","message":"Rendering anonymous template { recipe: pptx, engine: handlebars }","meta":{"rootId":"kxzfsem5sm72j7r","id":"kxzfsem5sm72j7r"},"id":"mwrplookqc3k7ph","previousOperationId":"ecntud7krji1yvu"}
{"type":"log","timestamp":1766937709905,"level":"debug","message":"Inline data specified.","meta":{"rootId":"kxzfsem5sm72j7r","id":"kxzfsem5sm72j7r"},"id":"xiw19fg872ile18","previousOperationId":"ecntud7krji1yvu"}
{"type":"log","timestamp":1766937709924,"level":"debug","message":"Base url not specified, skipping its injection.","meta":{"rootId":"kxzfsem5sm72j7r","id":"kxzfsem5sm72j7r"},"id":"jbj1qu8lqc0kugx","previousOperationId":"ecntud7krji1yvu"}
{"type":"operationStart","subtype":"engine","name":"handlebars","timestamp":1766937709927,"id":"iids8x5ria8c7nk","previousEventId":"8ame5oh4bblabgv","operationId":"4kxb2wfzk00beh3","previousOperationId":"ecntud7krji1yvu"}
{"type":"log","timestamp":1766937709927,"level":"debug","message":"Rendering engine handlebars","meta":{"rootId":"kxzfsem5sm72j7r","id":"kxzfsem5sm72j7r"},"id":"4p9ltsxm99002op","previousOperationId":"4kxb2wfzk00beh3"}
{"type":"operationEnd","operationId":"4kxb2wfzk00beh3","timestamp":1766937711137,"id":"zbn0610g15jh0ui","previousEventId":"iids8x5ria8c7nk","previousOperationId":"4kxb2wfzk00beh3"}
{"type":"operationStart","subtype":"recipe","name":"pptx","timestamp":1766937711138,"id":"wnjq5raupnkwjqe","previousEventId":"zbn0610g15jh0ui","operationId":"68s6alvznj9wz29","previousOperationId":"4kxb2wfzk00beh3"}
{"type":"log","timestamp":1766937711139,"level":"debug","message":"Executing recipe pptx","meta":{"rootId":"kxzfsem5sm72j7r","id":"kxzfsem5sm72j7r"},"id":"tpgwpo6nmeryz40","previousOperationId":"68s6alvznj9wz29"}
{"type":"log","timestamp":1766937711407,"level":"info","message":"pptx generation is starting","meta":{"rootId":"kxzfsem5sm72j7r","id":"kxzfsem5sm72j7r"},"id":"cj2mdmq97cfm7yh","previousOperationId":"68s6alvznj9wz29"}
{"type":"log","timestamp":1766937713277,"level":"debug","message":"Starting child request to render pptx dynamic parts","meta":{"rootId":"kxzfsem5sm72j7r","id":"kxzfsem5sm72j7r"},"id":"z0hqz9ue4s88rii","previousOperationId":"68s6alvznj9wz29"}
{"type":"operationStart","subtype":"render","name":"anonymous","previousOperationId":"68s6alvznj9wz29","timestamp":1766937713278,"id":"7884f9xdflvhm72","previousEventId":"wnjq5raupnkwjqe","operationId":"oewu5xtxez4l7ar"}
{"type":"log","timestamp":1766937713278,"level":"info","message":"Starting rendering (child) request","meta":{"rootId":"kxzfsem5sm72j7r","id":"t89vdthgjjwx6nv"},"id":"kjqwp7q41fqmntc","previousOperationId":"oewu5xtxez4l7ar"}
{"type":"log","timestamp":1766937713278,"level":"info","message":"Rendering anonymous template { recipe: html, engine: handlebars }","meta":{"rootId":"kxzfsem5sm72j7r","id":"t89vdthgjjwx6nv"},"id":"rpi9jda0i1uug3l","previousOperationId":"oewu5xtxez4l7ar"}
{"type":"log","timestamp":1766937713278,"level":"debug","message":"Inline data specified.","meta":{"rootId":"kxzfsem5sm72j7r","id":"t89vdthgjjwx6nv"},"id":"736qyig75g6mkem","previousOperationId":"oewu5xtxez4l7ar"}
{"type":"log","timestamp":1766937713286,"level":"debug","message":"Base url not specified, skipping its injection.","meta":{"rootId":"kxzfsem5sm72j7r","id":"t89vdthgjjwx6nv"},"id":"8l76rbpnpgey1sf","previousOperationId":"oewu5xtxez4l7ar"}
{"type":"operationStart","subtype":"engine","name":"handlebars","timestamp":1766937713288,"id":"sd6rjrraan5byo0","previousEventId":"7884f9xdflvhm72","operationId":"qcwrf0ov8vgug1n","previousOperationId":"oewu5xtxez4l7ar"}
{"type":"log","timestamp":1766937713288,"level":"debug","message":"Rendering engine handlebars","meta":{"rootId":"kxzfsem5sm72j7r","id":"t89vdthgjjwx6nv"},"id":"m4y2hjr01fj3jkk","previousOperationId":"qcwrf0ov8vgug1n"}
{"type":"log","timestamp":1766937713501,"level":"debug","message":"(console:log) {\n  type: 'echarts@v5a',\n  width: 848,\n  height: 409,\n  option: { radar: [ [Object] ], series: [ [Object] ] }\n}","meta":{"userLevel":true,"rootId":"kxzfsem5sm72j7r","id":"t89vdthgjjwx6nv"},"id":"mblbzrwciazv57b","previousOperationId":"qcwrf0ov8vgug1n"}
{"type":"operationEnd","operationId":"qcwrf0ov8vgug1n","timestamp":1766937713513,"id":"fiqc4gw53z6uyhi","previousEventId":"sd6rjrraan5byo0","previousOperationId":"qcwrf0ov8vgug1n"}
{"type":"operationStart","subtype":"recipe","name":"html","timestamp":1766937713531,"id":"qjlyjm4q4q549qr","previousEventId":"fiqc4gw53z6uyhi","operationId":"qv6g0z7yzx8533j","previousOperationId":"qcwrf0ov8vgug1n"}
{"type":"log","timestamp":1766937713531,"level":"debug","message":"Executing recipe html","meta":{"rootId":"kxzfsem5sm72j7r","id":"t89vdthgjjwx6nv"},"id":"2zo2p9d4qjiwmyi","previousOperationId":"qv6g0z7yzx8533j"}
{"type":"operationEnd","operationId":"qv6g0z7yzx8533j","timestamp":1766937713531,"id":"x2y1e2wmqlmk4xk","previousEventId":"qjlyjm4q4q549qr","previousOperationId":"qv6g0z7yzx8533j"}
{"type":"log","timestamp":1766937713533,"level":"debug","message":"Skipping storing report.","meta":{"rootId":"kxzfsem5sm72j7r","id":"t89vdthgjjwx6nv"},"id":"kjw5ffk4b7mtbi7","previousOperationId":"qv6g0z7yzx8533j"}
{"type":"log","timestamp":1766937713533,"level":"info","message":"Rendering (child) request finished in 3689 ms","meta":{"rootId":"kxzfsem5sm72j7r","id":"t89vdthgjjwx6nv"},"id":"tryu7y0qtargdnm","previousOperationId":"qv6g0z7yzx8533j"}
{"type":"operationEnd","subtype":"render","operationId":"oewu5xtxez4l7ar","timestamp":1766937713533,"id":"26ycb2uywwamyls","previousEventId":"x2y1e2wmqlmk4xk","previousOperationId":"qv6g0z7yzx8533j"}
{"type":"log","timestamp":1766937720132,"level":"debug","message":"pptx successfully zipped","meta":{"rootId":"kxzfsem5sm72j7r","id":"kxzfsem5sm72j7r"},"id":"mm1nqeo1a5vtd2w","previousOperationId":"68s6alvznj9wz29"}
{"type":"log","timestamp":1766937720133,"level":"info","message":"pptx generation was finished","meta":{"rootId":"kxzfsem5sm72j7r","id":"kxzfsem5sm72j7r"},"id":"9iypjmz7pqta9d9","previousOperationId":"68s6alvznj9wz29"}
{"type":"operationEnd","operationId":"68s6alvznj9wz29","timestamp":1766937720148,"id":"6c5m2jos8a5snxo","previousEventId":"wnjq5raupnkwjqe","previousOperationId":"68s6alvznj9wz29"}
{"type":"log","timestamp":1766937720148,"level":"debug","message":"Skipping storing report.","meta":{"rootId":"kxzfsem5sm72j7r","id":"kxzfsem5sm72j7r"},"id":"a9mb4hbdtgdigw1","previousOperationId":"68s6alvznj9wz29"}
{"type":"log","timestamp":1766937720148,"level":"info","message":"Rendering request 2 finished in 10304 ms","meta":{"rootId":"kxzfsem5sm72j7r","id":"kxzfsem5sm72j7r"},"id":"hpgjt7sxpkh8jz4","previousOperationId":"68s6alvznj9wz29"}
{"type":"operationEnd","subtype":"render","operationId":"ecntud7krji1yvu","timestamp":1766937720148,"id":"llqxec63y0nr75p","previousEventId":"6c5m2jos8a5snxo","previousOperationId":"68s6alvznj9wz29"}
{"type":"operationEnd","doDiffs":false,"previousEventId":"22p912k1mdbdsfn","previousOperationId":"yhh36diwfwqbbu8","operationId":"yhh36diwfwqbbu8","timestamp":1766937720154,"id":"4qpfd75hygu7e1q"}
