{"type":"operationStart","subtype":"profile","data":{"_id":"eyzSoChw3SoOvnzO","timestamp":"2025-12-22T22:18:46.314Z","state":"running","mode":"standard","creationDate":"2025-12-22T22:18:46.319Z","modificationDate":"2025-12-22T22:18:46.319Z","shortid":"u6Gjqff","$entitySet":"profiles","timeout":60000},"doDiffs":false,"timestamp":1766441926317,"id":"gq5a8ua2ersus6a","previousOperationId":null,"operationId":"zp49wmpg4sxgdkg"}
{"type":"log","level":"info","message":"Render request 1 queued for execution and waiting for available worker","previousOperationId":"zp49wmpg4sxgdkg","timestamp":1766441926317,"id":"emh6q80yh9zakrv"}
{"type":"operationStart","subtype":"render","name":"anonymous","previousOperationId":"zp49wmpg4sxgdkg","timestamp":1766441926386,"id":"xaimhzcdipg7keu","previousEventId":"gq5a8ua2ersus6a","operationId":"ol4q59zs2hya0x3"}
{"type":"log","timestamp":1766441926388,"level":"info","message":"Starting rendering request 1","meta":{"rootId":"ky5l518cvyo0euz","id":"ky5l518cvyo0euz"},"id":"loapgrgir1oxers","previousOperationId":"ol4q59zs2hya0x3"}
{"type":"log","timestamp":1766441926391,"level":"info","message":"Rendering anonymous template { recipe: pptx, engine: handlebars }","meta":{"rootId":"ky5l518cvyo0euz","id":"ky5l518cvyo0euz"},"id":"8g46ve6w95rdmzz","previousOperationId":"ol4q59zs2hya0x3"}
{"type":"log","timestamp":1766441926391,"level":"debug","message":"Inline data specified.","meta":{"rootId":"ky5l518cvyo0euz","id":"ky5l518cvyo0euz"},"id":"c5uaog4m2uso45m","previousOperationId":"ol4q59zs2hya0x3"}
{"type":"log","timestamp":1766441926401,"level":"debug","message":"Base url not specified, skipping its injection.","meta":{"rootId":"ky5l518cvyo0euz","id":"ky5l518cvyo0euz"},"id":"joix6h38pxkdr3j","previousOperationId":"ol4q59zs2hya0x3"}
{"type":"operationStart","subtype":"engine","name":"handlebars","timestamp":1766441926404,"id":"87dhpbml0sbpz9p","previousEventId":"xaimhzcdipg7keu","operationId":"w076r5uoscegk95","previousOperationId":"ol4q59zs2hya0x3"}
{"type":"log","timestamp":1766441926405,"level":"debug","message":"Rendering engine handlebars","meta":{"rootId":"ky5l518cvyo0euz","id":"ky5l518cvyo0euz"},"id":"bu2f6g46phnb99p","previousOperationId":"w076r5uoscegk95"}
{"type":"operationEnd","operationId":"w076r5uoscegk95","timestamp":1766441927243,"id":"wyrd9zu53sulhpw","previousEventId":"87dhpbml0sbpz9p","previousOperationId":"w076r5uoscegk95"}
{"type":"operationStart","subtype":"recipe","name":"pptx","timestamp":1766441927243,"id":"7spq7r614g2s11e","previousEventId":"wyrd9zu53sulhpw","operationId":"j5s4gajtq4mu48l","previousOperationId":"w076r5uoscegk95"}
{"type":"log","timestamp":1766441927244,"level":"debug","message":"Executing recipe pptx","meta":{"rootId":"ky5l518cvyo0euz","id":"ky5l518cvyo0euz"},"id":"wx7c7fe4lzv2b7f","previousOperationId":"j5s4gajtq4mu48l"}
{"type":"log","timestamp":1766441927414,"level":"info","message":"pptx generation is starting","meta":{"rootId":"ky5l518cvyo0euz","id":"ky5l518cvyo0euz"},"id":"l8m7w7cs8doj2j6","previousOperationId":"j5s4gajtq4mu48l"}
{"type":"log","timestamp":1766441928654,"level":"debug","message":"Starting child request to render pptx dynamic parts","meta":{"rootId":"ky5l518cvyo0euz","id":"ky5l518cvyo0euz"},"id":"7q1msytv2k29p53","previousOperationId":"j5s4gajtq4mu48l"}
{"type":"operationStart","subtype":"render","name":"anonymous","previousOperationId":"j5s4gajtq4mu48l","timestamp":1766441928655,"id":"ga4k2kimx0n27xe","previousEventId":"7spq7r614g2s11e","operationId":"b8sfydmlpppevoe"}
{"type":"log","timestamp":1766441928655,"level":"info","message":"Starting rendering (child) request","meta":{"rootId":"ky5l518cvyo0euz","id":"0bf17txylzsh67j"},"id":"qpvvpnwvh18seek","previousOperationId":"b8sfydmlpppevoe"}
{"type":"log","timestamp":1766441928656,"level":"info","message":"Rendering anonymous template { recipe: html, engine: handlebars }","meta":{"rootId":"ky5l518cvyo0euz","id":"0bf17txylzsh67j"},"id":"z8cgufzzp6qzvf9","previousOperationId":"b8sfydmlpppevoe"}
{"type":"log","timestamp":1766441928656,"level":"debug","message":"Inline data specified.","meta":{"rootId":"ky5l518cvyo0euz","id":"0bf17txylzsh67j"},"id":"x8wxivo70wta0qs","previousOperationId":"b8sfydmlpppevoe"}
{"type":"log","timestamp":1766441928660,"level":"debug","message":"Base url not specified, skipping its injection.","meta":{"rootId":"ky5l518cvyo0euz","id":"0bf17txylzsh67j"},"id":"ash9yg65tmodgx7","previousOperationId":"b8sfydmlpppevoe"}
{"type":"operationStart","subtype":"engine","name":"handlebars","timestamp":1766441928662,"id":"lmcg73i93196me2","previousEventId":"ga4k2kimx0n27xe","operationId":"k9tgdwkmkeevo0h","previousOperationId":"b8sfydmlpppevoe"}
{"type":"log","timestamp":1766441928663,"level":"debug","message":"Rendering engine handlebars","meta":{"rootId":"ky5l518cvyo0euz","id":"0bf17txylzsh67j"},"id":"9r63u2sfexj5xhl","previousOperationId":"k9tgdwkmkeevo0h"}
{"type":"operationEnd","operationId":"k9tgdwkmkeevo0h","timestamp":1766441928821,"id":"pzx3vw04z0xvlgm","previousEventId":"lmcg73i93196me2","previousOperationId":"k9tgdwkmkeevo0h"}
{"type":"operationStart","subtype":"recipe","name":"html","timestamp":1766441928830,"id":"e9wstn4h99bw0c4","previousEventId":"pzx3vw04z0xvlgm","operationId":"6pobly0n0fw6gzp","previousOperationId":"k9tgdwkmkeevo0h"}
{"type":"log","timestamp":1766441928830,"level":"debug","message":"Executing recipe html","meta":{"rootId":"ky5l518cvyo0euz","id":"0bf17txylzsh67j"},"id":"hn7qlkb2mscr5vt","previousOperationId":"6pobly0n0fw6gzp"}
{"type":"operationEnd","operationId":"6pobly0n0fw6gzp","timestamp":1766441928830,"id":"1n36ngycjq0ek98","previousEventId":"e9wstn4h99bw0c4","previousOperationId":"6pobly0n0fw6gzp"}
{"type":"log","timestamp":1766441928831,"level":"debug","message":"Skipping storing report.","meta":{"rootId":"ky5l518cvyo0euz","id":"0bf17txylzsh67j"},"id":"gkjyq7dsxj3emqq","previousOperationId":"6pobly0n0fw6gzp"}
{"type":"log","timestamp":1766441928831,"level":"info","message":"Rendering (child) request finished in 2518 ms","meta":{"rootId":"ky5l518cvyo0euz","id":"0bf17txylzsh67j"},"id":"tod27qeeud7kvcm","previousOperationId":"6pobly0n0fw6gzp"}
{"type":"operationEnd","subtype":"render","operationId":"b8sfydmlpppevoe","timestamp":1766441928831,"id":"561zgs37n1em5pt","previousEventId":"1n36ngycjq0ek98","previousOperationId":"6pobly0n0fw6gzp"}
{"type":"log","timestamp":1766441931711,"level":"debug","message":"pptx successfully zipped","meta":{"rootId":"ky5l518cvyo0euz","id":"ky5l518cvyo0euz"},"id":"m85yabu5qts7ps4","previousOperationId":"j5s4gajtq4mu48l"}
{"type":"log","timestamp":1766441931711,"level":"info","message":"pptx generation was finished","meta":{"rootId":"ky5l518cvyo0euz","id":"ky5l518cvyo0euz"},"id":"hhzgjaz0k0semqj","previousOperationId":"j5s4gajtq4mu48l"}
{"type":"operationEnd","operationId":"j5s4gajtq4mu48l","timestamp":1766441931723,"id":"wsrrboj6ww063tm","previousEventId":"7spq7r614g2s11e","previousOperationId":"j5s4gajtq4mu48l"}
{"type":"log","timestamp":1766441931723,"level":"debug","message":"Skipping storing report.","meta":{"rootId":"ky5l518cvyo0euz","id":"ky5l518cvyo0euz"},"id":"21pfazzqujkaca4","previousOperationId":"j5s4gajtq4mu48l"}
{"type":"log","timestamp":1766441931724,"level":"info","message":"Rendering request 1 finished in 5411 ms","meta":{"rootId":"ky5l518cvyo0euz","id":"ky5l518cvyo0euz"},"id":"mdra9mcqpl6z1al","previousOperationId":"j5s4gajtq4mu48l"}
{"type":"operationEnd","subtype":"render","operationId":"ol4q59zs2hya0x3","timestamp":1766441931724,"id":"x56l33e3y9fatw5","previousEventId":"wsrrboj6ww063tm","previousOperationId":"j5s4gajtq4mu48l"}
{"type":"operationEnd","doDiffs":false,"previousEventId":"gq5a8ua2ersus6a","previousOperationId":"zp49wmpg4sxgdkg","operationId":"zp49wmpg4sxgdkg","timestamp":1766441931728,"id":"yjoxbtwkgi8bazn"}
