{"type":"operationStart","subtype":"profile","data":{"_id":"OuvNbL1SMHbyZpSD","timestamp":"2025-12-26T21:08:33.230Z","state":"running","mode":"standard","creationDate":"2025-12-26T21:08:33.235Z","modificationDate":"2025-12-26T21:08:33.235Z","shortid":"60mHo7q","$entitySet":"profiles","timeout":60000},"doDiffs":false,"timestamp":1766783313233,"id":"zkh36n8xkooswbc","previousOperationId":null,"operationId":"ve9c0eqngl9yn93"}
{"type":"log","level":"info","message":"Render request 2 queued for execution and waiting for available worker","previousOperationId":"ve9c0eqngl9yn93","timestamp":1766783313233,"id":"j9bd9eauqwv49t9"}
{"type":"operationStart","subtype":"render","name":"anonymous","previousOperationId":"ve9c0eqngl9yn93","timestamp":1766783313298,"id":"z5jzuu0j0qe20kd","previousEventId":"zkh36n8xkooswbc","operationId":"4cbaozcr5mviowc"}
{"type":"log","timestamp":1766783313300,"level":"info","message":"Starting rendering request 2","meta":{"rootId":"l50gd0emcelf3oz","id":"l50gd0emcelf3oz"},"id":"pkbaj8m18ta1udf","previousOperationId":"4cbaozcr5mviowc"}
{"type":"log","timestamp":1766783313303,"level":"info","message":"Rendering anonymous template { recipe: pptx, engine: handlebars }","meta":{"rootId":"l50gd0emcelf3oz","id":"l50gd0emcelf3oz"},"id":"auwinankisij9hi","previousOperationId":"4cbaozcr5mviowc"}
{"type":"log","timestamp":1766783313303,"level":"debug","message":"Inline data specified.","meta":{"rootId":"l50gd0emcelf3oz","id":"l50gd0emcelf3oz"},"id":"vm0d2xwu7xqmf5h","previousOperationId":"4cbaozcr5mviowc"}
{"type":"log","timestamp":1766783313313,"level":"debug","message":"Base url not specified, skipping its injection.","meta":{"rootId":"l50gd0emcelf3oz","id":"l50gd0emcelf3oz"},"id":"kncck6orz95q5kf","previousOperationId":"4cbaozcr5mviowc"}
{"type":"operationStart","subtype":"engine","name":"handlebars","timestamp":1766783313317,"id":"jh3n59a8xxqamtb","previousEventId":"z5jzuu0j0qe20kd","operationId":"rwx17mn4qu4matn","previousOperationId":"4cbaozcr5mviowc"}
{"type":"log","timestamp":1766783313317,"level":"debug","message":"Rendering engine handlebars","meta":{"rootId":"l50gd0emcelf3oz","id":"l50gd0emcelf3oz"},"id":"iybehn1jukwmkd1","previousOperationId":"rwx17mn4qu4matn"}
{"type":"operationEnd","operationId":"rwx17mn4qu4matn","timestamp":1766783314560,"id":"q2i0qw96i1guah8","previousEventId":"jh3n59a8xxqamtb","previousOperationId":"rwx17mn4qu4matn"}
{"type":"operationStart","subtype":"recipe","name":"pptx","timestamp":1766783314561,"id":"ksibnenxxxrfaet","previousEventId":"q2i0qw96i1guah8","operationId":"vzp9eich7gs9sk2","previousOperationId":"rwx17mn4qu4matn"}
{"type":"log","timestamp":1766783314562,"level":"debug","message":"Executing recipe pptx","meta":{"rootId":"l50gd0emcelf3oz","id":"l50gd0emcelf3oz"},"id":"m4veenkzdyeg01c","previousOperationId":"vzp9eich7gs9sk2"}
{"type":"log","timestamp":1766783314824,"level":"info","message":"pptx generation is starting","meta":{"rootId":"l50gd0emcelf3oz","id":"l50gd0emcelf3oz"},"id":"rrfu4ofzdrhs0a1","previousOperationId":"vzp9eich7gs9sk2"}
{"type":"log","timestamp":1766783316566,"level":"debug","message":"Starting child request to render pptx dynamic parts","meta":{"rootId":"l50gd0emcelf3oz","id":"l50gd0emcelf3oz"},"id":"bnmv1vmsens4q3c","previousOperationId":"vzp9eich7gs9sk2"}
{"type":"operationStart","subtype":"render","name":"anonymous","previousOperationId":"vzp9eich7gs9sk2","timestamp":1766783316568,"id":"yf2dbtgg9rnredx","previousEventId":"ksibnenxxxrfaet","operationId":"x7jzc0bjif0aa6x"}
{"type":"log","timestamp":1766783316569,"level":"info","message":"Starting rendering (child) request","meta":{"rootId":"l50gd0emcelf3oz","id":"i7peagiypdnhsyp"},"id":"4e2ikp9dv6yore9","previousOperationId":"x7jzc0bjif0aa6x"}
{"type":"log","timestamp":1766783316569,"level":"info","message":"Rendering anonymous template { recipe: html, engine: handlebars }","meta":{"rootId":"l50gd0emcelf3oz","id":"i7peagiypdnhsyp"},"id":"i111h93vzr2c5wm","previousOperationId":"x7jzc0bjif0aa6x"}
{"type":"log","timestamp":1766783316569,"level":"debug","message":"Inline data specified.","meta":{"rootId":"l50gd0emcelf3oz","id":"i7peagiypdnhsyp"},"id":"h7orlqq8d3qozhi","previousOperationId":"x7jzc0bjif0aa6x"}
{"type":"log","timestamp":1766783316579,"level":"debug","message":"Base url not specified, skipping its injection.","meta":{"rootId":"l50gd0emcelf3oz","id":"i7peagiypdnhsyp"},"id":"m7akpfu6r2n516k","previousOperationId":"x7jzc0bjif0aa6x"}
{"type":"operationStart","subtype":"engine","name":"handlebars","timestamp":1766783316581,"id":"1f6am9evc7kj8zc","previousEventId":"yf2dbtgg9rnredx","operationId":"f4kzet9ohbi7oj8","previousOperationId":"x7jzc0bjif0aa6x"}
{"type":"log","timestamp":1766783316581,"level":"debug","message":"Rendering engine handlebars","meta":{"rootId":"l50gd0emcelf3oz","id":"i7peagiypdnhsyp"},"id":"zn5uvmzvjjno5u4","previousOperationId":"f4kzet9ohbi7oj8"}
{"type":"operationEnd","operationId":"f4kzet9ohbi7oj8","timestamp":1766783316753,"id":"qno7pkl7csnktnx","previousEventId":"1f6am9evc7kj8zc","previousOperationId":"f4kzet9ohbi7oj8"}
{"type":"operationStart","subtype":"recipe","name":"html","timestamp":1766783316767,"id":"3ysd6c14rhyk0qb","previousEventId":"qno7pkl7csnktnx","operationId":"93023nn6yemq52i","previousOperationId":"f4kzet9ohbi7oj8"}
{"type":"log","timestamp":1766783316767,"level":"debug","message":"Executing recipe html","meta":{"rootId":"l50gd0emcelf3oz","id":"i7peagiypdnhsyp"},"id":"6pzuibyvr0by6al","previousOperationId":"93023nn6yemq52i"}
{"type":"operationEnd","operationId":"93023nn6yemq52i","timestamp":1766783316767,"id":"b0eax0g2cwg9ro0","previousEventId":"3ysd6c14rhyk0qb","previousOperationId":"93023nn6yemq52i"}
{"type":"log","timestamp":1766783316768,"level":"debug","message":"Skipping storing report.","meta":{"rootId":"l50gd0emcelf3oz","id":"i7peagiypdnhsyp"},"id":"8s873t02bzz941c","previousOperationId":"93023nn6yemq52i"}
{"type":"log","timestamp":1766783316769,"level":"info","message":"Rendering (child) request finished in 3540 ms","meta":{"rootId":"l50gd0emcelf3oz","id":"i7peagiypdnhsyp"},"id":"jocfajiyqia83z4","previousOperationId":"93023nn6yemq52i"}
{"type":"operationEnd","subtype":"render","operationId":"x7jzc0bjif0aa6x","timestamp":1766783316769,"id":"4ez4ww6p6xm8fl1","previousEventId":"b0eax0g2cwg9ro0","previousOperationId":"93023nn6yemq52i"}
{"type":"log","timestamp":1766783323679,"level":"debug","message":"pptx successfully zipped","meta":{"rootId":"l50gd0emcelf3oz","id":"l50gd0emcelf3oz"},"id":"n0mgelq783um977","previousOperationId":"vzp9eich7gs9sk2"}
{"type":"log","timestamp":1766783323679,"level":"info","message":"pptx generation was finished","meta":{"rootId":"l50gd0emcelf3oz","id":"l50gd0emcelf3oz"},"id":"e45vch7m4rs2489","previousOperationId":"vzp9eich7gs9sk2"}
{"type":"operationEnd","operationId":"vzp9eich7gs9sk2","timestamp":1766783323698,"id":"euucbo7qwxlwioz","previousEventId":"ksibnenxxxrfaet","previousOperationId":"vzp9eich7gs9sk2"}
{"type":"log","timestamp":1766783323698,"level":"debug","message":"Skipping storing report.","meta":{"rootId":"l50gd0emcelf3oz","id":"l50gd0emcelf3oz"},"id":"d29b7l06s358d01","previousOperationId":"vzp9eich7gs9sk2"}
{"type":"log","timestamp":1766783323699,"level":"info","message":"Rendering request 2 finished in 10470 ms","meta":{"rootId":"l50gd0emcelf3oz","id":"l50gd0emcelf3oz"},"id":"rg1qh4urxkdg689","previousOperationId":"vzp9eich7gs9sk2"}
{"type":"operationEnd","subtype":"render","operationId":"4cbaozcr5mviowc","timestamp":1766783323699,"id":"nl4lhxtqk65ijiy","previousEventId":"euucbo7qwxlwioz","previousOperationId":"vzp9eich7gs9sk2"}
{"type":"operationEnd","doDiffs":false,"previousEventId":"zkh36n8xkooswbc","previousOperationId":"ve9c0eqngl9yn93","operationId":"ve9c0eqngl9yn93","timestamp":1766783323706,"id":"61g63qfhiqw24ic"}
