{"type":"operationStart","subtype":"profile","data":{"_id":"sm7vl4rG4RRTQIUt","timestamp":"2026-01-01T13:34:18.250Z","state":"running","mode":"standard","creationDate":"2026-01-01T13:34:18.255Z","modificationDate":"2026-01-01T13:34:18.255Z","shortid":"w1dUEhm","$entitySet":"profiles","timeout":60000},"doDiffs":false,"timestamp":1767274458253,"id":"sgtsmqfljqtu0kl","previousOperationId":null,"operationId":"legeemul2663j1j"}
{"type":"log","level":"info","message":"Render request 8 queued for execution and waiting for available worker","previousOperationId":"legeemul2663j1j","timestamp":1767274458253,"id":"e5mlrx0glxur14i"}
{"type":"operationStart","subtype":"render","name":"anonymous","previousOperationId":"legeemul2663j1j","timestamp":1767274458322,"id":"u8ruktqy91wbzyy","previousEventId":"sgtsmqfljqtu0kl","operationId":"fa71wd1mxksumto"}
{"type":"log","timestamp":1767274458323,"level":"info","message":"Starting rendering request 8","meta":{"rootId":"l684svshmhrt5ll","id":"l684svshmhrt5ll"},"id":"ngjdxfgjd7hcie3","previousOperationId":"fa71wd1mxksumto"}
{"type":"log","timestamp":1767274458323,"level":"info","message":"Rendering anonymous template { recipe: pptx, engine: handlebars }","meta":{"rootId":"l684svshmhrt5ll","id":"l684svshmhrt5ll"},"id":"oprym7bwowccpnq","previousOperationId":"fa71wd1mxksumto"}
{"type":"log","timestamp":1767274458323,"level":"debug","message":"Inline data specified.","meta":{"rootId":"l684svshmhrt5ll","id":"l684svshmhrt5ll"},"id":"we44pvvc1lwgzcy","previousOperationId":"fa71wd1mxksumto"}
{"type":"log","timestamp":1767274458327,"level":"debug","message":"Base url not specified, skipping its injection.","meta":{"rootId":"l684svshmhrt5ll","id":"l684svshmhrt5ll"},"id":"lqlhky71af4pzz1","previousOperationId":"fa71wd1mxksumto"}
{"type":"operationStart","subtype":"engine","name":"handlebars","timestamp":1767274458328,"id":"bopkcq6zv2gtqvr","previousEventId":"u8ruktqy91wbzyy","operationId":"a48cstgxuhtxtgu","previousOperationId":"fa71wd1mxksumto"}
{"type":"log","timestamp":1767274458328,"level":"debug","message":"Rendering engine handlebars","meta":{"rootId":"l684svshmhrt5ll","id":"l684svshmhrt5ll"},"id":"ysbq2h7r3h6sr5l","previousOperationId":"a48cstgxuhtxtgu"}
{"type":"operationEnd","operationId":"a48cstgxuhtxtgu","timestamp":1767274458348,"id":"c3zv7lr8n2nz1fx","previousEventId":"bopkcq6zv2gtqvr","previousOperationId":"a48cstgxuhtxtgu"}
{"type":"operationStart","subtype":"recipe","name":"pptx","timestamp":1767274458348,"id":"j5ftpy3r65e03vu","previousEventId":"c3zv7lr8n2nz1fx","operationId":"u6sbk5jc8875zd3","previousOperationId":"a48cstgxuhtxtgu"}
{"type":"log","timestamp":1767274458348,"level":"debug","message":"Executing recipe pptx","meta":{"rootId":"l684svshmhrt5ll","id":"l684svshmhrt5ll"},"id":"jxh650qh66fk9gy","previousOperationId":"u6sbk5jc8875zd3"}
{"type":"log","timestamp":1767274458373,"level":"info","message":"pptx generation is starting","meta":{"rootId":"l684svshmhrt5ll","id":"l684svshmhrt5ll"},"id":"xpn7ud01p82tpoq","previousOperationId":"u6sbk5jc8875zd3"}
{"type":"log","timestamp":1767274460374,"level":"debug","message":"Starting child request to render pptx dynamic parts","meta":{"rootId":"l684svshmhrt5ll","id":"l684svshmhrt5ll"},"id":"vlplf449edzdif1","previousOperationId":"u6sbk5jc8875zd3"}
{"type":"operationStart","subtype":"render","name":"anonymous","previousOperationId":"u6sbk5jc8875zd3","timestamp":1767274460375,"id":"2xzvvpsuft4gait","previousEventId":"j5ftpy3r65e03vu","operationId":"0gfdc4r1rpk2hz3"}
{"type":"log","timestamp":1767274460375,"level":"info","message":"Starting rendering (child) request","meta":{"rootId":"l684svshmhrt5ll","id":"exkauaeysaphh2c"},"id":"vqyh6jjb4xu5dwo","previousOperationId":"0gfdc4r1rpk2hz3"}
{"type":"log","timestamp":1767274460375,"level":"info","message":"Rendering anonymous template { recipe: html, engine: handlebars }","meta":{"rootId":"l684svshmhrt5ll","id":"exkauaeysaphh2c"},"id":"as9kqd1xrlmzbb0","previousOperationId":"0gfdc4r1rpk2hz3"}
{"type":"log","timestamp":1767274460375,"level":"debug","message":"Inline data specified.","meta":{"rootId":"l684svshmhrt5ll","id":"exkauaeysaphh2c"},"id":"gwwqms1yrgnuib7","previousOperationId":"0gfdc4r1rpk2hz3"}
{"type":"log","timestamp":1767274460380,"level":"debug","message":"Base url not specified, skipping its injection.","meta":{"rootId":"l684svshmhrt5ll","id":"exkauaeysaphh2c"},"id":"hpnhkua9c8f5o4p","previousOperationId":"0gfdc4r1rpk2hz3"}
{"type":"operationStart","subtype":"engine","name":"handlebars","timestamp":1767274460382,"id":"0v8m4021dk8rwvj","previousEventId":"2xzvvpsuft4gait","operationId":"mw2mosxhh1v4lj7","previousOperationId":"0gfdc4r1rpk2hz3"}
{"type":"log","timestamp":1767274460382,"level":"debug","message":"Rendering engine handlebars","meta":{"rootId":"l684svshmhrt5ll","id":"exkauaeysaphh2c"},"id":"xec4qxrqb65mi6x","previousOperationId":"mw2mosxhh1v4lj7"}
{"type":"log","timestamp":1767274460656,"level":"debug","message":"(console:log) {\n  type: 'echarts@v5a',\n  width: 848,\n  height: 409,\n  option: { radar: [ [Object] ], series: [ [Object] ] }\n}","meta":{"userLevel":true,"rootId":"l684svshmhrt5ll","id":"exkauaeysaphh2c"},"id":"qe3cc622hta8q4u","previousOperationId":"mw2mosxhh1v4lj7"}
{"type":"operationEnd","operationId":"mw2mosxhh1v4lj7","timestamp":1767274460670,"id":"8u2mig7eifpzagv","previousEventId":"0v8m4021dk8rwvj","previousOperationId":"mw2mosxhh1v4lj7"}
{"type":"operationStart","subtype":"recipe","name":"html","timestamp":1767274460690,"id":"er9wqq05ieez75w","previousEventId":"8u2mig7eifpzagv","operationId":"zeknqzktqjx41h8","previousOperationId":"mw2mosxhh1v4lj7"}
{"type":"log","timestamp":1767274460690,"level":"debug","message":"Executing recipe html","meta":{"rootId":"l684svshmhrt5ll","id":"exkauaeysaphh2c"},"id":"jlg3w4xfqgm3co8","previousOperationId":"zeknqzktqjx41h8"}
{"type":"operationEnd","operationId":"zeknqzktqjx41h8","timestamp":1767274460690,"id":"pv3efm965umi0kc","previousEventId":"er9wqq05ieez75w","previousOperationId":"zeknqzktqjx41h8"}
{"type":"log","timestamp":1767274460691,"level":"debug","message":"Skipping storing report.","meta":{"rootId":"l684svshmhrt5ll","id":"exkauaeysaphh2c"},"id":"bomwyxuwrnq1y99","previousOperationId":"zeknqzktqjx41h8"}
{"type":"log","timestamp":1767274460691,"level":"info","message":"Rendering (child) request finished in 2443 ms","meta":{"rootId":"l684svshmhrt5ll","id":"exkauaeysaphh2c"},"id":"955x1q0n6ahc16h","previousOperationId":"zeknqzktqjx41h8"}
{"type":"operationEnd","subtype":"render","operationId":"0gfdc4r1rpk2hz3","timestamp":1767274460691,"id":"7oa0gvvvxnztihm","previousEventId":"pv3efm965umi0kc","previousOperationId":"zeknqzktqjx41h8"}
{"type":"log","timestamp":1767274467156,"level":"debug","message":"pptx successfully zipped","meta":{"rootId":"l684svshmhrt5ll","id":"l684svshmhrt5ll"},"id":"su7jsm7z1kejdz9","previousOperationId":"u6sbk5jc8875zd3"}
{"type":"log","timestamp":1767274467156,"level":"info","message":"pptx generation was finished","meta":{"rootId":"l684svshmhrt5ll","id":"l684svshmhrt5ll"},"id":"89yxdmdao9ryemp","previousOperationId":"u6sbk5jc8875zd3"}
{"type":"operationEnd","operationId":"u6sbk5jc8875zd3","timestamp":1767274467167,"id":"znh8yi6kk8cfe86","previousEventId":"j5ftpy3r65e03vu","previousOperationId":"u6sbk5jc8875zd3"}
{"type":"log","timestamp":1767274467167,"level":"debug","message":"Skipping storing report.","meta":{"rootId":"l684svshmhrt5ll","id":"l684svshmhrt5ll"},"id":"odw1zll9xutcvd1","previousOperationId":"u6sbk5jc8875zd3"}
{"type":"log","timestamp":1767274467167,"level":"info","message":"Rendering request 8 finished in 8919 ms","meta":{"rootId":"l684svshmhrt5ll","id":"l684svshmhrt5ll"},"id":"hs2sujxsu0hycnj","previousOperationId":"u6sbk5jc8875zd3"}
{"type":"operationEnd","subtype":"render","operationId":"fa71wd1mxksumto","timestamp":1767274467167,"id":"7qetsvinowaz24u","previousEventId":"znh8yi6kk8cfe86","previousOperationId":"u6sbk5jc8875zd3"}
{"type":"operationEnd","doDiffs":false,"previousEventId":"sgtsmqfljqtu0kl","previousOperationId":"legeemul2663j1j","operationId":"legeemul2663j1j","timestamp":1767274467174,"id":"k2b1gpy8dah1gyr"}
