{"type":"operationStart","subtype":"profile","data":{"_id":"or4n0ymzZSkd51pV","timestamp":"2025-12-26T12:40:15.375Z","state":"running","mode":"standard","creationDate":"2025-12-26T12:40:15.381Z","modificationDate":"2025-12-26T12:40:15.381Z","shortid":"cPHBAsD","$entitySet":"profiles","timeout":60000},"doDiffs":false,"timestamp":1766752815378,"id":"ixbw3ks01p71z35","previousOperationId":null,"operationId":"2ormqq8waei1coh"}
{"type":"log","level":"info","message":"Render request 1 queued for execution and waiting for available worker","previousOperationId":"2ormqq8waei1coh","timestamp":1766752815379,"id":"5aoo2hkpr1x3elj"}
{"type":"operationStart","subtype":"render","name":"anonymous","previousOperationId":"2ormqq8waei1coh","timestamp":1766752815452,"id":"y3ztbwgrzajfx4d","previousEventId":"ixbw3ks01p71z35","operationId":"scym5mfjclkqe4c"}
{"type":"log","timestamp":1766752815454,"level":"info","message":"Starting rendering request 1","meta":{"rootId":"l91cy0zyxv6z1ov","id":"l91cy0zyxv6z1ov"},"id":"d3chsayv6tcgy8m","previousOperationId":"scym5mfjclkqe4c"}
{"type":"log","timestamp":1766752815456,"level":"info","message":"Rendering anonymous template { recipe: pptx, engine: handlebars }","meta":{"rootId":"l91cy0zyxv6z1ov","id":"l91cy0zyxv6z1ov"},"id":"mjtx9z1fgmqu19p","previousOperationId":"scym5mfjclkqe4c"}
{"type":"log","timestamp":1766752815457,"level":"debug","message":"Inline data specified.","meta":{"rootId":"l91cy0zyxv6z1ov","id":"l91cy0zyxv6z1ov"},"id":"0ysl0blfcfhp06b","previousOperationId":"scym5mfjclkqe4c"}
{"type":"log","timestamp":1766752815470,"level":"debug","message":"Base url not specified, skipping its injection.","meta":{"rootId":"l91cy0zyxv6z1ov","id":"l91cy0zyxv6z1ov"},"id":"i4y6oouh6zmkyzf","previousOperationId":"scym5mfjclkqe4c"}
{"type":"operationStart","subtype":"engine","name":"handlebars","timestamp":1766752815472,"id":"1jcjxwnaen5iv3x","previousEventId":"y3ztbwgrzajfx4d","operationId":"3dbrfeb1zbr2qq8","previousOperationId":"scym5mfjclkqe4c"}
{"type":"log","timestamp":1766752815473,"level":"debug","message":"Rendering engine handlebars","meta":{"rootId":"l91cy0zyxv6z1ov","id":"l91cy0zyxv6z1ov"},"id":"tlvcyx5ux37g89i","previousOperationId":"3dbrfeb1zbr2qq8"}
{"type":"operationEnd","operationId":"3dbrfeb1zbr2qq8","timestamp":1766752816739,"id":"fr4wtjwbu195udm","previousEventId":"1jcjxwnaen5iv3x","previousOperationId":"3dbrfeb1zbr2qq8"}
{"type":"operationStart","subtype":"recipe","name":"pptx","timestamp":1766752816740,"id":"hp14c6f0osuudm8","previousEventId":"fr4wtjwbu195udm","operationId":"3phkvzdy0gmfnzi","previousOperationId":"3dbrfeb1zbr2qq8"}
{"type":"log","timestamp":1766752816740,"level":"debug","message":"Executing recipe pptx","meta":{"rootId":"l91cy0zyxv6z1ov","id":"l91cy0zyxv6z1ov"},"id":"vcn2y1irynjfnww","previousOperationId":"3phkvzdy0gmfnzi"}
{"type":"log","timestamp":1766752816981,"level":"info","message":"pptx generation is starting","meta":{"rootId":"l91cy0zyxv6z1ov","id":"l91cy0zyxv6z1ov"},"id":"r969z9489psdcik","previousOperationId":"3phkvzdy0gmfnzi"}
{"type":"log","timestamp":1766752818781,"level":"debug","message":"Starting child request to render pptx dynamic parts","meta":{"rootId":"l91cy0zyxv6z1ov","id":"l91cy0zyxv6z1ov"},"id":"swmhhv9p8u5jbq0","previousOperationId":"3phkvzdy0gmfnzi"}
{"type":"operationStart","subtype":"render","name":"anonymous","previousOperationId":"3phkvzdy0gmfnzi","timestamp":1766752818783,"id":"30lay1he2bmfrt0","previousEventId":"hp14c6f0osuudm8","operationId":"19xd6zvokvmwanp"}
{"type":"log","timestamp":1766752818783,"level":"info","message":"Starting rendering (child) request","meta":{"rootId":"l91cy0zyxv6z1ov","id":"j5ips9qrlwbjppb"},"id":"jgnwhxsvo4ew8wr","previousOperationId":"19xd6zvokvmwanp"}
{"type":"log","timestamp":1766752818783,"level":"info","message":"Rendering anonymous template { recipe: html, engine: handlebars }","meta":{"rootId":"l91cy0zyxv6z1ov","id":"j5ips9qrlwbjppb"},"id":"bb9lz2tgd1dn9od","previousOperationId":"19xd6zvokvmwanp"}
{"type":"log","timestamp":1766752818783,"level":"debug","message":"Inline data specified.","meta":{"rootId":"l91cy0zyxv6z1ov","id":"j5ips9qrlwbjppb"},"id":"13v1jwqv6g3rqeo","previousOperationId":"19xd6zvokvmwanp"}
{"type":"log","timestamp":1766752818792,"level":"debug","message":"Base url not specified, skipping its injection.","meta":{"rootId":"l91cy0zyxv6z1ov","id":"j5ips9qrlwbjppb"},"id":"eve3gh9b3t4390y","previousOperationId":"19xd6zvokvmwanp"}
{"type":"operationStart","subtype":"engine","name":"handlebars","timestamp":1766752818794,"id":"5r29o19pljo2lu1","previousEventId":"30lay1he2bmfrt0","operationId":"t15x9y3ngoaidwl","previousOperationId":"19xd6zvokvmwanp"}
{"type":"log","timestamp":1766752818794,"level":"debug","message":"Rendering engine handlebars","meta":{"rootId":"l91cy0zyxv6z1ov","id":"j5ips9qrlwbjppb"},"id":"z1ew4lumpixx8mu","previousOperationId":"t15x9y3ngoaidwl"}
{"type":"operationEnd","operationId":"t15x9y3ngoaidwl","timestamp":1766752818988,"id":"ts0n4at6612u79p","previousEventId":"5r29o19pljo2lu1","previousOperationId":"t15x9y3ngoaidwl"}
{"type":"operationStart","subtype":"recipe","name":"html","timestamp":1766752819002,"id":"jttkwg2plbzeb2y","previousEventId":"ts0n4at6612u79p","operationId":"1lik81bg8qof0x6","previousOperationId":"t15x9y3ngoaidwl"}
{"type":"log","timestamp":1766752819002,"level":"debug","message":"Executing recipe html","meta":{"rootId":"l91cy0zyxv6z1ov","id":"j5ips9qrlwbjppb"},"id":"e8zhbn3m68621g7","previousOperationId":"1lik81bg8qof0x6"}
{"type":"operationEnd","operationId":"1lik81bg8qof0x6","timestamp":1766752819003,"id":"dfxplh3w8zvllz7","previousEventId":"jttkwg2plbzeb2y","previousOperationId":"1lik81bg8qof0x6"}
{"type":"log","timestamp":1766752819004,"level":"debug","message":"Skipping storing report.","meta":{"rootId":"l91cy0zyxv6z1ov","id":"j5ips9qrlwbjppb"},"id":"1m56bbx1n1v6puq","previousOperationId":"1lik81bg8qof0x6"}
{"type":"log","timestamp":1766752819004,"level":"info","message":"Rendering (child) request finished in 3632 ms","meta":{"rootId":"l91cy0zyxv6z1ov","id":"j5ips9qrlwbjppb"},"id":"wla7wic8as6itvd","previousOperationId":"1lik81bg8qof0x6"}
{"type":"operationEnd","subtype":"render","operationId":"19xd6zvokvmwanp","timestamp":1766752819004,"id":"nkn17ykdf4r1xop","previousEventId":"dfxplh3w8zvllz7","previousOperationId":"1lik81bg8qof0x6"}
{"type":"log","timestamp":1766752824351,"level":"debug","message":"pptx successfully zipped","meta":{"rootId":"l91cy0zyxv6z1ov","id":"l91cy0zyxv6z1ov"},"id":"x7yw9fv5cf4t7rt","previousOperationId":"3phkvzdy0gmfnzi"}
{"type":"log","timestamp":1766752824351,"level":"info","message":"pptx generation was finished","meta":{"rootId":"l91cy0zyxv6z1ov","id":"l91cy0zyxv6z1ov"},"id":"lu2kncfymg1qebl","previousOperationId":"3phkvzdy0gmfnzi"}
{"type":"operationEnd","operationId":"3phkvzdy0gmfnzi","timestamp":1766752824366,"id":"vjwaccj8p8c83hd","previousEventId":"hp14c6f0osuudm8","previousOperationId":"3phkvzdy0gmfnzi"}
{"type":"log","timestamp":1766752824367,"level":"debug","message":"Skipping storing report.","meta":{"rootId":"l91cy0zyxv6z1ov","id":"l91cy0zyxv6z1ov"},"id":"47gt8wpds5jdjpx","previousOperationId":"3phkvzdy0gmfnzi"}
{"type":"log","timestamp":1766752824367,"level":"info","message":"Rendering request 1 finished in 8995 ms","meta":{"rootId":"l91cy0zyxv6z1ov","id":"l91cy0zyxv6z1ov"},"id":"v70qbtuh5434jvo","previousOperationId":"3phkvzdy0gmfnzi"}
{"type":"operationEnd","subtype":"render","operationId":"scym5mfjclkqe4c","timestamp":1766752824367,"id":"8amaa9u0sd06v9p","previousEventId":"vjwaccj8p8c83hd","previousOperationId":"3phkvzdy0gmfnzi"}
{"type":"operationEnd","doDiffs":false,"previousEventId":"ixbw3ks01p71z35","previousOperationId":"2ormqq8waei1coh","operationId":"2ormqq8waei1coh","timestamp":1766752824373,"id":"riuqif6bpg1clzj"}
