{"type":"operationStart","subtype":"profile","data":{"_id":"rF4qAo1IDta8bOug","timestamp":"2025-12-30T18:55:34.553Z","state":"running","mode":"standard","creationDate":"2025-12-30T18:55:34.556Z","modificationDate":"2025-12-30T18:55:34.556Z","shortid":"mx9yKo5","$entitySet":"profiles","timeout":60000},"doDiffs":false,"timestamp":1767120934555,"id":"gyu9qgk5dx2vhnf","previousOperationId":null,"operationId":"hpx9ml2f644gett"}
{"type":"log","level":"info","message":"Render request 13 queued for execution and waiting for available worker","previousOperationId":"hpx9ml2f644gett","timestamp":1767120934555,"id":"2xfxqa26xb05p5f"}
{"type":"operationStart","subtype":"render","name":"anonymous","previousOperationId":"hpx9ml2f644gett","timestamp":1767120934610,"id":"no2ergvcs06k7id","previousEventId":"gyu9qgk5dx2vhnf","operationId":"2emz4ebslwnyeer"}
{"type":"log","timestamp":1767120934610,"level":"info","message":"Starting rendering request 13","meta":{"rootId":"l92ok4wyhbac7jr","id":"l92ok4wyhbac7jr"},"id":"83ad7mt7vdxonnu","previousOperationId":"2emz4ebslwnyeer"}
{"type":"log","timestamp":1767120934611,"level":"info","message":"Rendering anonymous template { recipe: pptx, engine: handlebars }","meta":{"rootId":"l92ok4wyhbac7jr","id":"l92ok4wyhbac7jr"},"id":"4hgo0pcydm0q4d3","previousOperationId":"2emz4ebslwnyeer"}
{"type":"log","timestamp":1767120934611,"level":"debug","message":"Inline data specified.","meta":{"rootId":"l92ok4wyhbac7jr","id":"l92ok4wyhbac7jr"},"id":"p96aqqlxwrcf2eu","previousOperationId":"2emz4ebslwnyeer"}
{"type":"log","timestamp":1767120934616,"level":"debug","message":"Base url not specified, skipping its injection.","meta":{"rootId":"l92ok4wyhbac7jr","id":"l92ok4wyhbac7jr"},"id":"j41x80r60f0vvz1","previousOperationId":"2emz4ebslwnyeer"}
{"type":"operationStart","subtype":"engine","name":"handlebars","timestamp":1767120934617,"id":"q3iw13lhiip8d95","previousEventId":"no2ergvcs06k7id","operationId":"fk4djrc1rkf8x2u","previousOperationId":"2emz4ebslwnyeer"}
{"type":"log","timestamp":1767120934617,"level":"debug","message":"Rendering engine handlebars","meta":{"rootId":"l92ok4wyhbac7jr","id":"l92ok4wyhbac7jr"},"id":"1vkog52mbb3h06b","previousOperationId":"fk4djrc1rkf8x2u"}
{"type":"operationEnd","operationId":"fk4djrc1rkf8x2u","timestamp":1767120934630,"id":"8ku9hfyek6tt9ct","previousEventId":"q3iw13lhiip8d95","previousOperationId":"fk4djrc1rkf8x2u"}
{"type":"operationStart","subtype":"recipe","name":"pptx","timestamp":1767120934630,"id":"6qyc8vtstjufbi8","previousEventId":"8ku9hfyek6tt9ct","operationId":"0p4w0oosblkr6ed","previousOperationId":"fk4djrc1rkf8x2u"}
{"type":"log","timestamp":1767120934630,"level":"debug","message":"Executing recipe pptx","meta":{"rootId":"l92ok4wyhbac7jr","id":"l92ok4wyhbac7jr"},"id":"s16r3sd5xdlo0xn","previousOperationId":"0p4w0oosblkr6ed"}
{"type":"log","timestamp":1767120934655,"level":"info","message":"pptx generation is starting","meta":{"rootId":"l92ok4wyhbac7jr","id":"l92ok4wyhbac7jr"},"id":"mp0y8j4demrpeji","previousOperationId":"0p4w0oosblkr6ed"}
{"type":"log","timestamp":1767120935834,"level":"debug","message":"Starting child request to render pptx dynamic parts","meta":{"rootId":"l92ok4wyhbac7jr","id":"l92ok4wyhbac7jr"},"id":"os3a5kgwyrdk7hb","previousOperationId":"0p4w0oosblkr6ed"}
{"type":"operationStart","subtype":"render","name":"anonymous","previousOperationId":"0p4w0oosblkr6ed","timestamp":1767120935834,"id":"4t405pcl85bttij","previousEventId":"6qyc8vtstjufbi8","operationId":"f5oqybuzc6h5flu"}
{"type":"log","timestamp":1767120935834,"level":"info","message":"Starting rendering (child) request","meta":{"rootId":"l92ok4wyhbac7jr","id":"jgdlkx6oo9qjdj2"},"id":"1h16goobm7vv11w","previousOperationId":"f5oqybuzc6h5flu"}
{"type":"log","timestamp":1767120935834,"level":"info","message":"Rendering anonymous template { recipe: html, engine: handlebars }","meta":{"rootId":"l92ok4wyhbac7jr","id":"jgdlkx6oo9qjdj2"},"id":"9ijcw208efsdsmy","previousOperationId":"f5oqybuzc6h5flu"}
{"type":"log","timestamp":1767120935834,"level":"debug","message":"Inline data specified.","meta":{"rootId":"l92ok4wyhbac7jr","id":"jgdlkx6oo9qjdj2"},"id":"cz2hw6qs8ojeczy","previousOperationId":"f5oqybuzc6h5flu"}
{"type":"log","timestamp":1767120935840,"level":"debug","message":"Base url not specified, skipping its injection.","meta":{"rootId":"l92ok4wyhbac7jr","id":"jgdlkx6oo9qjdj2"},"id":"cidjyb46am9zm61","previousOperationId":"f5oqybuzc6h5flu"}
{"type":"operationStart","subtype":"engine","name":"handlebars","timestamp":1767120935841,"id":"ouskv18r6qmh01k","previousEventId":"4t405pcl85bttij","operationId":"k7u55dlptx6crlz","previousOperationId":"f5oqybuzc6h5flu"}
{"type":"log","timestamp":1767120935841,"level":"debug","message":"Rendering engine handlebars","meta":{"rootId":"l92ok4wyhbac7jr","id":"jgdlkx6oo9qjdj2"},"id":"i5oxtoevl44483l","previousOperationId":"k7u55dlptx6crlz"}
{"type":"log","timestamp":1767120935969,"level":"debug","message":"(console:log) {\n  type: 'echarts@v5a',\n  width: 848,\n  height: 409,\n  option: { radar: [ [Object] ], series: [ [Object] ] }\n}","meta":{"userLevel":true,"rootId":"l92ok4wyhbac7jr","id":"jgdlkx6oo9qjdj2"},"id":"da0kk0c7jiqcrcd","previousOperationId":"k7u55dlptx6crlz"}
{"type":"operationEnd","operationId":"k7u55dlptx6crlz","timestamp":1767120935978,"id":"oob5kpw9ihp8z86","previousEventId":"ouskv18r6qmh01k","previousOperationId":"k7u55dlptx6crlz"}
{"type":"operationStart","subtype":"recipe","name":"html","timestamp":1767120935992,"id":"4u2wyjf17rek1cr","previousEventId":"oob5kpw9ihp8z86","operationId":"5hhryoira3evuf4","previousOperationId":"k7u55dlptx6crlz"}
{"type":"log","timestamp":1767120935992,"level":"debug","message":"Executing recipe html","meta":{"rootId":"l92ok4wyhbac7jr","id":"jgdlkx6oo9qjdj2"},"id":"b7smnnect4c73ne","previousOperationId":"5hhryoira3evuf4"}
{"type":"operationEnd","operationId":"5hhryoira3evuf4","timestamp":1767120935992,"id":"l00365f9hl19uvy","previousEventId":"4u2wyjf17rek1cr","previousOperationId":"5hhryoira3evuf4"}
{"type":"log","timestamp":1767120935993,"level":"debug","message":"Skipping storing report.","meta":{"rootId":"l92ok4wyhbac7jr","id":"jgdlkx6oo9qjdj2"},"id":"dfhawrxsqr71mia","previousOperationId":"5hhryoira3evuf4"}
{"type":"log","timestamp":1767120935993,"level":"info","message":"Rendering (child) request finished in 1441 ms","meta":{"rootId":"l92ok4wyhbac7jr","id":"jgdlkx6oo9qjdj2"},"id":"lqpvzzddlzj3utl","previousOperationId":"5hhryoira3evuf4"}
{"type":"operationEnd","subtype":"render","operationId":"f5oqybuzc6h5flu","timestamp":1767120935993,"id":"o4nkg9fgvacmosr","previousEventId":"l00365f9hl19uvy","previousOperationId":"5hhryoira3evuf4"}
{"type":"log","timestamp":1767120939499,"level":"debug","message":"pptx successfully zipped","meta":{"rootId":"l92ok4wyhbac7jr","id":"l92ok4wyhbac7jr"},"id":"noxq2ei88jpjmvy","previousOperationId":"0p4w0oosblkr6ed"}
{"type":"log","timestamp":1767120939500,"level":"info","message":"pptx generation was finished","meta":{"rootId":"l92ok4wyhbac7jr","id":"l92ok4wyhbac7jr"},"id":"izm2i7c63lvqabx","previousOperationId":"0p4w0oosblkr6ed"}
{"type":"operationEnd","operationId":"0p4w0oosblkr6ed","timestamp":1767120939507,"id":"gum80ih12dsp11q","previousEventId":"6qyc8vtstjufbi8","previousOperationId":"0p4w0oosblkr6ed"}
{"type":"log","timestamp":1767120939507,"level":"debug","message":"Skipping storing report.","meta":{"rootId":"l92ok4wyhbac7jr","id":"l92ok4wyhbac7jr"},"id":"hvgncdu5gng572s","previousOperationId":"0p4w0oosblkr6ed"}
{"type":"log","timestamp":1767120939507,"level":"info","message":"Rendering request 13 finished in 4955 ms","meta":{"rootId":"l92ok4wyhbac7jr","id":"l92ok4wyhbac7jr"},"id":"uaerk8f0wn8vy5z","previousOperationId":"0p4w0oosblkr6ed"}
{"type":"operationEnd","subtype":"render","operationId":"2emz4ebslwnyeer","timestamp":1767120939507,"id":"hwzhk0ftsuujkbr","previousEventId":"gum80ih12dsp11q","previousOperationId":"0p4w0oosblkr6ed"}
{"type":"operationEnd","doDiffs":false,"previousEventId":"gyu9qgk5dx2vhnf","previousOperationId":"hpx9ml2f644gett","operationId":"hpx9ml2f644gett","timestamp":1767120939511,"id":"gv2ud838wfhfblg"}
