{"type":"operationStart","subtype":"profile","data":{"_id":"CeaQyS4rG6LBwsfw","timestamp":"2025-12-31T22:08:50.156Z","state":"running","mode":"standard","creationDate":"2025-12-31T22:08:50.163Z","modificationDate":"2025-12-31T22:08:50.163Z","shortid":"S0RUcx7","$entitySet":"profiles","timeout":60000},"doDiffs":false,"timestamp":1767218930160,"id":"3gzn8xjqrk6kspo","previousOperationId":null,"operationId":"7rja67r6upijbvj"}
{"type":"log","level":"info","message":"Render request 1 queued for execution and waiting for available worker","previousOperationId":"7rja67r6upijbvj","timestamp":1767218930160,"id":"sm8n8qsrt1l2ki3"}
{"type":"operationStart","subtype":"render","name":"anonymous","previousOperationId":"7rja67r6upijbvj","timestamp":1767218930223,"id":"ylnnn0yq0x5xplm","previousEventId":"3gzn8xjqrk6kspo","operationId":"lu0n0zy57s4oxf4"}
{"type":"log","timestamp":1767218930225,"level":"info","message":"Starting rendering request 1","meta":{"rootId":"lb8w57zwonsvbrx","id":"lb8w57zwonsvbrx"},"id":"68qjl3v261lrjnq","previousOperationId":"lu0n0zy57s4oxf4"}
{"type":"log","timestamp":1767218930228,"level":"info","message":"Rendering anonymous template { recipe: pptx, engine: handlebars }","meta":{"rootId":"lb8w57zwonsvbrx","id":"lb8w57zwonsvbrx"},"id":"83jiazjwmcwxgaa","previousOperationId":"lu0n0zy57s4oxf4"}
{"type":"log","timestamp":1767218930229,"level":"debug","message":"Inline data specified.","meta":{"rootId":"lb8w57zwonsvbrx","id":"lb8w57zwonsvbrx"},"id":"ttrt1v7i1v3lqi8","previousOperationId":"lu0n0zy57s4oxf4"}
{"type":"log","timestamp":1767218930237,"level":"debug","message":"Base url not specified, skipping its injection.","meta":{"rootId":"lb8w57zwonsvbrx","id":"lb8w57zwonsvbrx"},"id":"tai8700sl8ansk0","previousOperationId":"lu0n0zy57s4oxf4"}
{"type":"operationStart","subtype":"engine","name":"handlebars","timestamp":1767218930240,"id":"rwl1pp1ynl68jkn","previousEventId":"ylnnn0yq0x5xplm","operationId":"23omoj8llnwcroo","previousOperationId":"lu0n0zy57s4oxf4"}
{"type":"log","timestamp":1767218930240,"level":"debug","message":"Rendering engine handlebars","meta":{"rootId":"lb8w57zwonsvbrx","id":"lb8w57zwonsvbrx"},"id":"nmprgnf4qnef6dq","previousOperationId":"23omoj8llnwcroo"}
{"type":"operationEnd","operationId":"23omoj8llnwcroo","timestamp":1767218931105,"id":"60ys1bcp0mnl39q","previousEventId":"rwl1pp1ynl68jkn","previousOperationId":"23omoj8llnwcroo"}
{"type":"operationStart","subtype":"recipe","name":"pptx","timestamp":1767218931105,"id":"f49mxor7mbcikmo","previousEventId":"60ys1bcp0mnl39q","operationId":"tfnf28w1ewv8qax","previousOperationId":"23omoj8llnwcroo"}
{"type":"log","timestamp":1767218931105,"level":"debug","message":"Executing recipe pptx","meta":{"rootId":"lb8w57zwonsvbrx","id":"lb8w57zwonsvbrx"},"id":"b3t385nh0fwmrjd","previousOperationId":"tfnf28w1ewv8qax"}
{"type":"log","timestamp":1767218931243,"level":"info","message":"pptx generation is starting","meta":{"rootId":"lb8w57zwonsvbrx","id":"lb8w57zwonsvbrx"},"id":"sqwi7w85wbtbi5a","previousOperationId":"tfnf28w1ewv8qax"}
{"type":"log","timestamp":1767218932597,"level":"debug","message":"Starting child request to render pptx dynamic parts","meta":{"rootId":"lb8w57zwonsvbrx","id":"lb8w57zwonsvbrx"},"id":"96nmwrfpmngakq7","previousOperationId":"tfnf28w1ewv8qax"}
{"type":"operationStart","subtype":"render","name":"anonymous","previousOperationId":"tfnf28w1ewv8qax","timestamp":1767218932598,"id":"web33ipoz9xxu5h","previousEventId":"f49mxor7mbcikmo","operationId":"bzkqh9gxb5wt2ry"}
{"type":"log","timestamp":1767218932598,"level":"info","message":"Starting rendering (child) request","meta":{"rootId":"lb8w57zwonsvbrx","id":"lwzw4atr0nzp3a5"},"id":"evzes3qnl5i8zzo","previousOperationId":"bzkqh9gxb5wt2ry"}
{"type":"log","timestamp":1767218932598,"level":"info","message":"Rendering anonymous template { recipe: html, engine: handlebars }","meta":{"rootId":"lb8w57zwonsvbrx","id":"lwzw4atr0nzp3a5"},"id":"5n61n5r3ct0rdfz","previousOperationId":"bzkqh9gxb5wt2ry"}
{"type":"log","timestamp":1767218932598,"level":"debug","message":"Inline data specified.","meta":{"rootId":"lb8w57zwonsvbrx","id":"lwzw4atr0nzp3a5"},"id":"d8ylycxqtu76d6f","previousOperationId":"bzkqh9gxb5wt2ry"}
{"type":"log","timestamp":1767218932604,"level":"debug","message":"Base url not specified, skipping its injection.","meta":{"rootId":"lb8w57zwonsvbrx","id":"lwzw4atr0nzp3a5"},"id":"11rtrvfugebnv80","previousOperationId":"bzkqh9gxb5wt2ry"}
{"type":"operationStart","subtype":"engine","name":"handlebars","timestamp":1767218932606,"id":"cg6s4wrkxhrnejz","previousEventId":"web33ipoz9xxu5h","operationId":"rjqkmnvnf4ibiap","previousOperationId":"bzkqh9gxb5wt2ry"}
{"type":"log","timestamp":1767218932606,"level":"debug","message":"Rendering engine handlebars","meta":{"rootId":"lb8w57zwonsvbrx","id":"lwzw4atr0nzp3a5"},"id":"s3vpz3zyx6yaz2x","previousOperationId":"rjqkmnvnf4ibiap"}
{"type":"log","timestamp":1767218932813,"level":"debug","message":"(console:log) {\n  type: 'echarts@v5a',\n  width: 848,\n  height: 409,\n  option: { radar: [ [Object] ], series: [ [Object] ] }\n}","meta":{"userLevel":true,"rootId":"lb8w57zwonsvbrx","id":"lwzw4atr0nzp3a5"},"id":"siqgiib3wzwq2qj","previousOperationId":"rjqkmnvnf4ibiap"}
{"type":"operationEnd","operationId":"rjqkmnvnf4ibiap","timestamp":1767218932823,"id":"8umbc1vmmcgd7f6","previousEventId":"cg6s4wrkxhrnejz","previousOperationId":"rjqkmnvnf4ibiap"}
{"type":"operationStart","subtype":"recipe","name":"html","timestamp":1767218932838,"id":"p8rueke24x74n32","previousEventId":"8umbc1vmmcgd7f6","operationId":"ykb0yxooylc9qkz","previousOperationId":"rjqkmnvnf4ibiap"}
{"type":"log","timestamp":1767218932838,"level":"debug","message":"Executing recipe html","meta":{"rootId":"lb8w57zwonsvbrx","id":"lwzw4atr0nzp3a5"},"id":"1ssyzv13jgdkpes","previousOperationId":"ykb0yxooylc9qkz"}
{"type":"operationEnd","operationId":"ykb0yxooylc9qkz","timestamp":1767218932839,"id":"urhk6e6nqcjr9c5","previousEventId":"p8rueke24x74n32","previousOperationId":"ykb0yxooylc9qkz"}
{"type":"log","timestamp":1767218932840,"level":"debug","message":"Skipping storing report.","meta":{"rootId":"lb8w57zwonsvbrx","id":"lwzw4atr0nzp3a5"},"id":"kifo1yoead5gesj","previousOperationId":"ykb0yxooylc9qkz"}
{"type":"log","timestamp":1767218932840,"level":"info","message":"Rendering (child) request finished in 2685 ms","meta":{"rootId":"lb8w57zwonsvbrx","id":"lwzw4atr0nzp3a5"},"id":"zj28vzm32xyg1ju","previousOperationId":"ykb0yxooylc9qkz"}
{"type":"operationEnd","subtype":"render","operationId":"bzkqh9gxb5wt2ry","timestamp":1767218932840,"id":"p3sinniwbrjmy99","previousEventId":"urhk6e6nqcjr9c5","previousOperationId":"ykb0yxooylc9qkz"}
{"type":"log","timestamp":1767218939491,"level":"debug","message":"pptx successfully zipped","meta":{"rootId":"lb8w57zwonsvbrx","id":"lb8w57zwonsvbrx"},"id":"mkctk4d3jgvotrx","previousOperationId":"tfnf28w1ewv8qax"}
{"type":"log","timestamp":1767218939491,"level":"info","message":"pptx generation was finished","meta":{"rootId":"lb8w57zwonsvbrx","id":"lb8w57zwonsvbrx"},"id":"tytv6kyb5688oh8","previousOperationId":"tfnf28w1ewv8qax"}
{"type":"operationEnd","operationId":"tfnf28w1ewv8qax","timestamp":1767218939504,"id":"aje4gxefa8gx5gp","previousEventId":"f49mxor7mbcikmo","previousOperationId":"tfnf28w1ewv8qax"}
{"type":"log","timestamp":1767218939504,"level":"debug","message":"Skipping storing report.","meta":{"rootId":"lb8w57zwonsvbrx","id":"lb8w57zwonsvbrx"},"id":"5ezogvnl1kb33jl","previousOperationId":"tfnf28w1ewv8qax"}
{"type":"log","timestamp":1767218939504,"level":"info","message":"Rendering request 1 finished in 9349 ms","meta":{"rootId":"lb8w57zwonsvbrx","id":"lb8w57zwonsvbrx"},"id":"b9l2d0tzp7emnrg","previousOperationId":"tfnf28w1ewv8qax"}
{"type":"operationEnd","subtype":"render","operationId":"lu0n0zy57s4oxf4","timestamp":1767218939504,"id":"fsvsnoktiolvek0","previousEventId":"aje4gxefa8gx5gp","previousOperationId":"tfnf28w1ewv8qax"}
{"type":"operationEnd","doDiffs":false,"previousEventId":"3gzn8xjqrk6kspo","previousOperationId":"7rja67r6upijbvj","operationId":"7rja67r6upijbvj","timestamp":1767218939509,"id":"s92ft2m3n0dlzg1"}
