{"type":"operationStart","subtype":"profile","data":{"_id":"jaR4akIlBtF07wnF","timestamp":"2025-12-26T12:29:36.034Z","state":"running","mode":"standard","creationDate":"2025-12-26T12:29:36.040Z","modificationDate":"2025-12-26T12:29:36.040Z","shortid":"m8Wb5dI","$entitySet":"profiles","timeout":60000},"doDiffs":false,"timestamp":1766752176038,"id":"kjsmlvzy4poz7uz","previousOperationId":null,"operationId":"qce8725k23ewccf"}
{"type":"log","level":"info","message":"Render request 1 queued for execution and waiting for available worker","previousOperationId":"qce8725k23ewccf","timestamp":1766752176038,"id":"docd5klfyez094o"}
{"type":"operationStart","subtype":"render","name":"anonymous","previousOperationId":"qce8725k23ewccf","timestamp":1766752176109,"id":"in5aivgp36nxs8n","previousEventId":"kjsmlvzy4poz7uz","operationId":"r48x6rscnmcqu77"}
{"type":"log","timestamp":1766752176111,"level":"info","message":"Starting rendering request 1","meta":{"rootId":"lbg0wgcy0a766d6","id":"lbg0wgcy0a766d6"},"id":"v37cw48cjrz1mh7","previousOperationId":"r48x6rscnmcqu77"}
{"type":"log","timestamp":1766752176113,"level":"info","message":"Rendering anonymous template { recipe: pptx, engine: handlebars }","meta":{"rootId":"lbg0wgcy0a766d6","id":"lbg0wgcy0a766d6"},"id":"0qd5689wm79b0f6","previousOperationId":"r48x6rscnmcqu77"}
{"type":"log","timestamp":1766752176114,"level":"debug","message":"Inline data specified.","meta":{"rootId":"lbg0wgcy0a766d6","id":"lbg0wgcy0a766d6"},"id":"z80769krwewj8qk","previousOperationId":"r48x6rscnmcqu77"}
{"type":"log","timestamp":1766752176124,"level":"debug","message":"Base url not specified, skipping its injection.","meta":{"rootId":"lbg0wgcy0a766d6","id":"lbg0wgcy0a766d6"},"id":"fwu374x3qzvttbl","previousOperationId":"r48x6rscnmcqu77"}
{"type":"operationStart","subtype":"engine","name":"handlebars","timestamp":1766752176128,"id":"gml1tj8epswlev8","previousEventId":"in5aivgp36nxs8n","operationId":"2c1eohxe1wzyt8m","previousOperationId":"r48x6rscnmcqu77"}
{"type":"log","timestamp":1766752176128,"level":"debug","message":"Rendering engine handlebars","meta":{"rootId":"lbg0wgcy0a766d6","id":"lbg0wgcy0a766d6"},"id":"kl33mrdmly7arzp","previousOperationId":"2c1eohxe1wzyt8m"}
{"type":"operationEnd","operationId":"2c1eohxe1wzyt8m","timestamp":1766752177371,"id":"8bwip063ssj2fsa","previousEventId":"gml1tj8epswlev8","previousOperationId":"2c1eohxe1wzyt8m"}
{"type":"operationStart","subtype":"recipe","name":"pptx","timestamp":1766752177372,"id":"apln1s5bw8q9bi6","previousEventId":"8bwip063ssj2fsa","operationId":"zsv5qp3zujgsqpu","previousOperationId":"2c1eohxe1wzyt8m"}
{"type":"log","timestamp":1766752177373,"level":"debug","message":"Executing recipe pptx","meta":{"rootId":"lbg0wgcy0a766d6","id":"lbg0wgcy0a766d6"},"id":"nmd24ndzqu6dk15","previousOperationId":"zsv5qp3zujgsqpu"}
{"type":"log","timestamp":1766752177633,"level":"info","message":"pptx generation is starting","meta":{"rootId":"lbg0wgcy0a766d6","id":"lbg0wgcy0a766d6"},"id":"5mgmv7z2tnimiwk","previousOperationId":"zsv5qp3zujgsqpu"}
{"type":"log","timestamp":1766752179397,"level":"debug","message":"Starting child request to render pptx dynamic parts","meta":{"rootId":"lbg0wgcy0a766d6","id":"lbg0wgcy0a766d6"},"id":"aa58hq7j4on5yhb","previousOperationId":"zsv5qp3zujgsqpu"}
{"type":"operationStart","subtype":"render","name":"anonymous","previousOperationId":"zsv5qp3zujgsqpu","timestamp":1766752179399,"id":"fpm01e7dw4174xe","previousEventId":"apln1s5bw8q9bi6","operationId":"gga6ft9cmq2jn6b"}
{"type":"log","timestamp":1766752179399,"level":"info","message":"Starting rendering (child) request","meta":{"rootId":"lbg0wgcy0a766d6","id":"8wttilf485qdkt9"},"id":"r8o4a28rt3gvivj","previousOperationId":"gga6ft9cmq2jn6b"}
{"type":"log","timestamp":1766752179399,"level":"info","message":"Rendering anonymous template { recipe: html, engine: handlebars }","meta":{"rootId":"lbg0wgcy0a766d6","id":"8wttilf485qdkt9"},"id":"s64ds3my1etavmj","previousOperationId":"gga6ft9cmq2jn6b"}
{"type":"log","timestamp":1766752179399,"level":"debug","message":"Inline data specified.","meta":{"rootId":"lbg0wgcy0a766d6","id":"8wttilf485qdkt9"},"id":"7c1sifq6xazapdy","previousOperationId":"gga6ft9cmq2jn6b"}
{"type":"log","timestamp":1766752179408,"level":"debug","message":"Base url not specified, skipping its injection.","meta":{"rootId":"lbg0wgcy0a766d6","id":"8wttilf485qdkt9"},"id":"6e11e02q7su6trq","previousOperationId":"gga6ft9cmq2jn6b"}
{"type":"operationStart","subtype":"engine","name":"handlebars","timestamp":1766752179411,"id":"w7dh4wig4ae025k","previousEventId":"fpm01e7dw4174xe","operationId":"s4w70hrdrlpxt2t","previousOperationId":"gga6ft9cmq2jn6b"}
{"type":"log","timestamp":1766752179411,"level":"debug","message":"Rendering engine handlebars","meta":{"rootId":"lbg0wgcy0a766d6","id":"8wttilf485qdkt9"},"id":"rzyu8e8w4uqrjfe","previousOperationId":"s4w70hrdrlpxt2t"}
{"type":"operationEnd","operationId":"s4w70hrdrlpxt2t","timestamp":1766752179588,"id":"g5j838d5xqtt4ov","previousEventId":"w7dh4wig4ae025k","previousOperationId":"s4w70hrdrlpxt2t"}
{"type":"operationStart","subtype":"recipe","name":"html","timestamp":1766752179602,"id":"j6f6ofm29lnd8yn","previousEventId":"g5j838d5xqtt4ov","operationId":"uzsy8wzib0w5z7d","previousOperationId":"s4w70hrdrlpxt2t"}
{"type":"log","timestamp":1766752179602,"level":"debug","message":"Executing recipe html","meta":{"rootId":"lbg0wgcy0a766d6","id":"8wttilf485qdkt9"},"id":"rgjgrr9so66pkhz","previousOperationId":"uzsy8wzib0w5z7d"}
{"type":"operationEnd","operationId":"uzsy8wzib0w5z7d","timestamp":1766752179602,"id":"7dpdv75hgp35vtr","previousEventId":"j6f6ofm29lnd8yn","previousOperationId":"uzsy8wzib0w5z7d"}
{"type":"log","timestamp":1766752179604,"level":"debug","message":"Skipping storing report.","meta":{"rootId":"lbg0wgcy0a766d6","id":"8wttilf485qdkt9"},"id":"mmvxbmx15recpt5","previousOperationId":"uzsy8wzib0w5z7d"}
{"type":"log","timestamp":1766752179604,"level":"info","message":"Rendering (child) request finished in 3573 ms","meta":{"rootId":"lbg0wgcy0a766d6","id":"8wttilf485qdkt9"},"id":"zo9xhnpayjsh018","previousOperationId":"uzsy8wzib0w5z7d"}
{"type":"operationEnd","subtype":"render","operationId":"gga6ft9cmq2jn6b","timestamp":1766752179604,"id":"0n8q9nqcmljxna5","previousEventId":"7dpdv75hgp35vtr","previousOperationId":"uzsy8wzib0w5z7d"}
{"type":"log","timestamp":1766752185459,"level":"debug","message":"pptx successfully zipped","meta":{"rootId":"lbg0wgcy0a766d6","id":"lbg0wgcy0a766d6"},"id":"r8pmta33fe9v9mx","previousOperationId":"zsv5qp3zujgsqpu"}
{"type":"log","timestamp":1766752185459,"level":"info","message":"pptx generation was finished","meta":{"rootId":"lbg0wgcy0a766d6","id":"lbg0wgcy0a766d6"},"id":"q5rgahoz773xxeq","previousOperationId":"zsv5qp3zujgsqpu"}
{"type":"operationEnd","operationId":"zsv5qp3zujgsqpu","timestamp":1766752185475,"id":"pctd1915bqbuxt8","previousEventId":"apln1s5bw8q9bi6","previousOperationId":"zsv5qp3zujgsqpu"}
{"type":"log","timestamp":1766752185476,"level":"debug","message":"Skipping storing report.","meta":{"rootId":"lbg0wgcy0a766d6","id":"lbg0wgcy0a766d6"},"id":"gjenw8h3rg0wk7p","previousOperationId":"zsv5qp3zujgsqpu"}
{"type":"log","timestamp":1766752185476,"level":"info","message":"Rendering request 1 finished in 9445 ms","meta":{"rootId":"lbg0wgcy0a766d6","id":"lbg0wgcy0a766d6"},"id":"b4xazvbglxpx1wg","previousOperationId":"zsv5qp3zujgsqpu"}
{"type":"operationEnd","subtype":"render","operationId":"r48x6rscnmcqu77","timestamp":1766752185476,"id":"2t2z9jityu7tija","previousEventId":"pctd1915bqbuxt8","previousOperationId":"zsv5qp3zujgsqpu"}
{"type":"operationEnd","doDiffs":false,"previousEventId":"kjsmlvzy4poz7uz","previousOperationId":"qce8725k23ewccf","operationId":"qce8725k23ewccf","timestamp":1766752185482,"id":"rsu3pxr56vju51h"}
