{"type":"operationStart","subtype":"profile","data":{"_id":"HVvoAruJn9dN8Z1b","timestamp":"2025-12-31T12:49:25.358Z","state":"running","mode":"standard","creationDate":"2025-12-31T12:49:25.361Z","modificationDate":"2025-12-31T12:49:25.361Z","shortid":"D7PXND1","$entitySet":"profiles","timeout":60000},"doDiffs":false,"timestamp":1767185365360,"id":"q3bz7n7oxhylesm","previousOperationId":null,"operationId":"bheamjzhye9makm"}
{"type":"log","level":"info","message":"Render request 55 queued for execution and waiting for available worker","previousOperationId":"bheamjzhye9makm","timestamp":1767185365360,"id":"rn6oy6i53i4ci57"}
{"type":"operationStart","subtype":"render","name":"anonymous","previousOperationId":"bheamjzhye9makm","timestamp":1767185365412,"id":"zg699bhl4m0fjz7","previousEventId":"q3bz7n7oxhylesm","operationId":"3gd67ukjrit5utv"}
{"type":"log","timestamp":1767185365413,"level":"info","message":"Starting rendering request 55","meta":{"rootId":"lcvmws0ej21j07w","id":"lcvmws0ej21j07w"},"id":"q4l3w54mz00rp9d","previousOperationId":"3gd67ukjrit5utv"}
{"type":"log","timestamp":1767185365414,"level":"info","message":"Rendering anonymous template { recipe: pptx, engine: handlebars }","meta":{"rootId":"lcvmws0ej21j07w","id":"lcvmws0ej21j07w"},"id":"d5fg4kujmxtr6xk","previousOperationId":"3gd67ukjrit5utv"}
{"type":"log","timestamp":1767185365414,"level":"debug","message":"Inline data specified.","meta":{"rootId":"lcvmws0ej21j07w","id":"lcvmws0ej21j07w"},"id":"6mucc7hvahnltsp","previousOperationId":"3gd67ukjrit5utv"}
{"type":"log","timestamp":1767185365417,"level":"debug","message":"Base url not specified, skipping its injection.","meta":{"rootId":"lcvmws0ej21j07w","id":"lcvmws0ej21j07w"},"id":"gogoz2qjab716k3","previousOperationId":"3gd67ukjrit5utv"}
{"type":"operationStart","subtype":"engine","name":"handlebars","timestamp":1767185365418,"id":"w54q4fs8y6dsj7d","previousEventId":"zg699bhl4m0fjz7","operationId":"mz0kotx82v4bioo","previousOperationId":"3gd67ukjrit5utv"}
{"type":"log","timestamp":1767185365418,"level":"debug","message":"Rendering engine handlebars","meta":{"rootId":"lcvmws0ej21j07w","id":"lcvmws0ej21j07w"},"id":"9e8ur4cbhqxmwxi","previousOperationId":"mz0kotx82v4bioo"}
{"type":"operationEnd","operationId":"mz0kotx82v4bioo","timestamp":1767185365430,"id":"39bzkv58cgc62px","previousEventId":"w54q4fs8y6dsj7d","previousOperationId":"mz0kotx82v4bioo"}
{"type":"operationStart","subtype":"recipe","name":"pptx","timestamp":1767185365430,"id":"9iac7eniinfgybd","previousEventId":"39bzkv58cgc62px","operationId":"rqjivzxd7vtcgbz","previousOperationId":"mz0kotx82v4bioo"}
{"type":"log","timestamp":1767185365430,"level":"debug","message":"Executing recipe pptx","meta":{"rootId":"lcvmws0ej21j07w","id":"lcvmws0ej21j07w"},"id":"r2x7szet8wh2uek","previousOperationId":"rqjivzxd7vtcgbz"}
{"type":"log","timestamp":1767185365447,"level":"info","message":"pptx generation is starting","meta":{"rootId":"lcvmws0ej21j07w","id":"lcvmws0ej21j07w"},"id":"q835obajy5pzcr2","previousOperationId":"rqjivzxd7vtcgbz"}
{"type":"log","timestamp":1767185366815,"level":"debug","message":"Starting child request to render pptx dynamic parts","meta":{"rootId":"lcvmws0ej21j07w","id":"lcvmws0ej21j07w"},"id":"wopzpojb2s361c4","previousOperationId":"rqjivzxd7vtcgbz"}
{"type":"operationStart","subtype":"render","name":"anonymous","previousOperationId":"rqjivzxd7vtcgbz","timestamp":1767185366816,"id":"omooanjgmfsfvty","previousEventId":"9iac7eniinfgybd","operationId":"hdg1dciylswhcah"}
{"type":"log","timestamp":1767185366816,"level":"info","message":"Starting rendering (child) request","meta":{"rootId":"lcvmws0ej21j07w","id":"pxuxiuwn280w7hz"},"id":"gfppqdamg44a5ps","previousOperationId":"hdg1dciylswhcah"}
{"type":"log","timestamp":1767185366816,"level":"info","message":"Rendering anonymous template { recipe: html, engine: handlebars }","meta":{"rootId":"lcvmws0ej21j07w","id":"pxuxiuwn280w7hz"},"id":"oa5tsek48tfr35r","previousOperationId":"hdg1dciylswhcah"}
{"type":"log","timestamp":1767185366816,"level":"debug","message":"Inline data specified.","meta":{"rootId":"lcvmws0ej21j07w","id":"pxuxiuwn280w7hz"},"id":"e4ks5xhhz44u63o","previousOperationId":"hdg1dciylswhcah"}
{"type":"log","timestamp":1767185366820,"level":"debug","message":"Base url not specified, skipping its injection.","meta":{"rootId":"lcvmws0ej21j07w","id":"pxuxiuwn280w7hz"},"id":"zxz9u40sdr4qspn","previousOperationId":"hdg1dciylswhcah"}
{"type":"operationStart","subtype":"engine","name":"handlebars","timestamp":1767185366821,"id":"t67cwekhgyhmzr8","previousEventId":"omooanjgmfsfvty","operationId":"g96lc2fielfdzlx","previousOperationId":"hdg1dciylswhcah"}
{"type":"log","timestamp":1767185366821,"level":"debug","message":"Rendering engine handlebars","meta":{"rootId":"lcvmws0ej21j07w","id":"pxuxiuwn280w7hz"},"id":"zbleb07qeodgt7y","previousOperationId":"g96lc2fielfdzlx"}
{"type":"log","timestamp":1767185366977,"level":"debug","message":"(console:log) {\n  type: 'echarts@v5a',\n  width: 848,\n  height: 409,\n  option: { radar: [ [Object] ], series: [ [Object] ] }\n}","meta":{"userLevel":true,"rootId":"lcvmws0ej21j07w","id":"pxuxiuwn280w7hz"},"id":"855zzy082km1x7a","previousOperationId":"g96lc2fielfdzlx"}
{"type":"operationEnd","operationId":"g96lc2fielfdzlx","timestamp":1767185366988,"id":"2e2s7dozrytpqaj","previousEventId":"t67cwekhgyhmzr8","previousOperationId":"g96lc2fielfdzlx"}
{"type":"operationStart","subtype":"recipe","name":"html","timestamp":1767185367004,"id":"u0avdmvg73q7smz","previousEventId":"2e2s7dozrytpqaj","operationId":"hgermdpfzcepgae","previousOperationId":"g96lc2fielfdzlx"}
{"type":"log","timestamp":1767185367004,"level":"debug","message":"Executing recipe html","meta":{"rootId":"lcvmws0ej21j07w","id":"pxuxiuwn280w7hz"},"id":"ajrdnp6tb7jbf7a","previousOperationId":"hgermdpfzcepgae"}
{"type":"operationEnd","operationId":"hgermdpfzcepgae","timestamp":1767185367004,"id":"4edz9qahuzxjlor","previousEventId":"u0avdmvg73q7smz","previousOperationId":"hgermdpfzcepgae"}
{"type":"log","timestamp":1767185367004,"level":"debug","message":"Skipping storing report.","meta":{"rootId":"lcvmws0ej21j07w","id":"pxuxiuwn280w7hz"},"id":"m2pzsuaib6tz27n","previousOperationId":"hgermdpfzcepgae"}
{"type":"log","timestamp":1767185367004,"level":"info","message":"Rendering (child) request finished in 1647 ms","meta":{"rootId":"lcvmws0ej21j07w","id":"pxuxiuwn280w7hz"},"id":"mu5gfn69ahk8rkx","previousOperationId":"hgermdpfzcepgae"}
{"type":"operationEnd","subtype":"render","operationId":"hdg1dciylswhcah","timestamp":1767185367004,"id":"wkrh4ce5d9nj4e6","previousEventId":"4edz9qahuzxjlor","previousOperationId":"hgermdpfzcepgae"}
{"type":"log","timestamp":1767185371483,"level":"debug","message":"pptx successfully zipped","meta":{"rootId":"lcvmws0ej21j07w","id":"lcvmws0ej21j07w"},"id":"wnj2ezpdbubshkl","previousOperationId":"rqjivzxd7vtcgbz"}
{"type":"log","timestamp":1767185371483,"level":"info","message":"pptx generation was finished","meta":{"rootId":"lcvmws0ej21j07w","id":"lcvmws0ej21j07w"},"id":"qdne192pe7wqu3l","previousOperationId":"rqjivzxd7vtcgbz"}
{"type":"operationEnd","operationId":"rqjivzxd7vtcgbz","timestamp":1767185371492,"id":"u4gyxat3hnqekz4","previousEventId":"9iac7eniinfgybd","previousOperationId":"rqjivzxd7vtcgbz"}
{"type":"log","timestamp":1767185371492,"level":"debug","message":"Skipping storing report.","meta":{"rootId":"lcvmws0ej21j07w","id":"lcvmws0ej21j07w"},"id":"x7fbyzsnvopy7ib","previousOperationId":"rqjivzxd7vtcgbz"}
{"type":"log","timestamp":1767185371492,"level":"info","message":"Rendering request 55 finished in 6135 ms","meta":{"rootId":"lcvmws0ej21j07w","id":"lcvmws0ej21j07w"},"id":"jjzcaozhhdul5ow","previousOperationId":"rqjivzxd7vtcgbz"}
{"type":"operationEnd","subtype":"render","operationId":"3gd67ukjrit5utv","timestamp":1767185371492,"id":"ii05jiwk50jpd1d","previousEventId":"u4gyxat3hnqekz4","previousOperationId":"rqjivzxd7vtcgbz"}
{"type":"operationEnd","doDiffs":false,"previousEventId":"q3bz7n7oxhylesm","previousOperationId":"bheamjzhye9makm","operationId":"bheamjzhye9makm","timestamp":1767185371497,"id":"2s0f6jqa230cxuo"}
