{"type":"operationStart","subtype":"profile","data":{"_id":"j1ANYmNCGSvppt2j","timestamp":"2025-12-07T15:29:46.683Z","state":"running","mode":"standard","creationDate":"2025-12-07T15:29:46.688Z","modificationDate":"2025-12-07T15:29:46.688Z","shortid":"EUTfork","$entitySet":"profiles","timeout":60000},"doDiffs":false,"timestamp":1765121386686,"id":"bzb59dwg4h0t8fz","previousOperationId":null,"operationId":"nx7244frqpf6yfi"}
{"type":"log","level":"info","message":"Render request 3 queued for execution and waiting for available worker","previousOperationId":"nx7244frqpf6yfi","timestamp":1765121386686,"id":"p53bocveewlpnz1"}
{"type":"operationStart","subtype":"render","name":"anonymous","previousOperationId":"nx7244frqpf6yfi","timestamp":1765121386756,"id":"nzt6te9vtbhqpms","previousEventId":"bzb59dwg4h0t8fz","operationId":"12rq1x34d70wair"}
{"type":"log","timestamp":1765121386757,"level":"info","message":"Starting rendering request 3","meta":{"rootId":"ldqgroamdcthoi7","id":"ldqgroamdcthoi7"},"id":"dov926jc0dzpc49","previousOperationId":"12rq1x34d70wair"}
{"type":"log","timestamp":1765121386758,"level":"info","message":"Rendering anonymous template { recipe: pptx, engine: handlebars }","meta":{"rootId":"ldqgroamdcthoi7","id":"ldqgroamdcthoi7"},"id":"w0zv9lpseuc3gig","previousOperationId":"12rq1x34d70wair"}
{"type":"log","timestamp":1765121386758,"level":"debug","message":"Inline data specified.","meta":{"rootId":"ldqgroamdcthoi7","id":"ldqgroamdcthoi7"},"id":"ltstgfvbbzxg413","previousOperationId":"12rq1x34d70wair"}
{"type":"log","timestamp":1765121386764,"level":"debug","message":"Base url not specified, skipping its injection.","meta":{"rootId":"ldqgroamdcthoi7","id":"ldqgroamdcthoi7"},"id":"b94d2gvsqc7yc9h","previousOperationId":"12rq1x34d70wair"}
{"type":"operationStart","subtype":"engine","name":"handlebars","timestamp":1765121386767,"id":"3pi91okpw2bi3vp","previousEventId":"nzt6te9vtbhqpms","operationId":"g5fur6sqz1hsl0t","previousOperationId":"12rq1x34d70wair"}
{"type":"log","timestamp":1765121386767,"level":"debug","message":"Rendering engine handlebars","meta":{"rootId":"ldqgroamdcthoi7","id":"ldqgroamdcthoi7"},"id":"fsp3vvswmr3n2uo","previousOperationId":"g5fur6sqz1hsl0t"}
{"type":"operationEnd","operationId":"g5fur6sqz1hsl0t","timestamp":1765121386801,"id":"igc0ap7id2lo31p","previousEventId":"3pi91okpw2bi3vp","previousOperationId":"g5fur6sqz1hsl0t"}
{"type":"operationStart","subtype":"recipe","name":"pptx","timestamp":1765121386802,"id":"f2ja4en834ajkyq","previousEventId":"igc0ap7id2lo31p","operationId":"ftvodqq6ru8lnog","previousOperationId":"g5fur6sqz1hsl0t"}
{"type":"log","timestamp":1765121386802,"level":"debug","message":"Executing recipe pptx","meta":{"rootId":"ldqgroamdcthoi7","id":"ldqgroamdcthoi7"},"id":"faf3v7h2q35b6bh","previousOperationId":"ftvodqq6ru8lnog"}
{"type":"log","timestamp":1765121386828,"level":"info","message":"pptx generation is starting","meta":{"rootId":"ldqgroamdcthoi7","id":"ldqgroamdcthoi7"},"id":"yyxsqj8o21zngef","previousOperationId":"ftvodqq6ru8lnog"}
{"type":"log","timestamp":1765121388474,"level":"debug","message":"Starting child request to render pptx dynamic parts","meta":{"rootId":"ldqgroamdcthoi7","id":"ldqgroamdcthoi7"},"id":"v90879fyidsa7wt","previousOperationId":"ftvodqq6ru8lnog"}
{"type":"operationStart","subtype":"render","name":"anonymous","previousOperationId":"ftvodqq6ru8lnog","timestamp":1765121388474,"id":"4b8fksj05j4e1qo","previousEventId":"f2ja4en834ajkyq","operationId":"ye6i9u91qglvjjl"}
{"type":"log","timestamp":1765121388474,"level":"info","message":"Starting rendering (child) request","meta":{"rootId":"ldqgroamdcthoi7","id":"50sx65h6a18cveu"},"id":"yomhulbm7m23zn6","previousOperationId":"ye6i9u91qglvjjl"}
{"type":"log","timestamp":1765121388474,"level":"info","message":"Rendering anonymous template { recipe: html, engine: handlebars }","meta":{"rootId":"ldqgroamdcthoi7","id":"50sx65h6a18cveu"},"id":"1st0fubzd0ssaty","previousOperationId":"ye6i9u91qglvjjl"}
{"type":"log","timestamp":1765121388475,"level":"debug","message":"Inline data specified.","meta":{"rootId":"ldqgroamdcthoi7","id":"50sx65h6a18cveu"},"id":"vjx8meuce9goulp","previousOperationId":"ye6i9u91qglvjjl"}
{"type":"log","timestamp":1765121388483,"level":"debug","message":"Base url not specified, skipping its injection.","meta":{"rootId":"ldqgroamdcthoi7","id":"50sx65h6a18cveu"},"id":"9858yoq5np7ytx7","previousOperationId":"ye6i9u91qglvjjl"}
{"type":"operationStart","subtype":"engine","name":"handlebars","timestamp":1765121388487,"id":"y605hlo6y87vzil","previousEventId":"4b8fksj05j4e1qo","operationId":"f3tri9z0vugxagc","previousOperationId":"ye6i9u91qglvjjl"}
{"type":"log","timestamp":1765121388487,"level":"debug","message":"Rendering engine handlebars","meta":{"rootId":"ldqgroamdcthoi7","id":"50sx65h6a18cveu"},"id":"7bfwbdxaxsdslij","previousOperationId":"f3tri9z0vugxagc"}
{"type":"operationEnd","operationId":"f3tri9z0vugxagc","timestamp":1765121388625,"id":"3j2hq1csjryov5h","previousEventId":"y605hlo6y87vzil","previousOperationId":"f3tri9z0vugxagc"}
{"type":"operationStart","subtype":"recipe","name":"html","timestamp":1765121388640,"id":"x7djdtnfjso19qn","previousEventId":"3j2hq1csjryov5h","operationId":"mgqx8q3lfb61in7","previousOperationId":"f3tri9z0vugxagc"}
{"type":"log","timestamp":1765121388640,"level":"debug","message":"Executing recipe html","meta":{"rootId":"ldqgroamdcthoi7","id":"50sx65h6a18cveu"},"id":"l3iebqpkbyx6jp1","previousOperationId":"mgqx8q3lfb61in7"}
{"type":"operationEnd","operationId":"mgqx8q3lfb61in7","timestamp":1765121388640,"id":"ydgub40z4lafsyz","previousEventId":"x7djdtnfjso19qn","previousOperationId":"mgqx8q3lfb61in7"}
{"type":"log","timestamp":1765121388640,"level":"debug","message":"Skipping storing report.","meta":{"rootId":"ldqgroamdcthoi7","id":"50sx65h6a18cveu"},"id":"nmbyi9n9ytt979r","previousOperationId":"mgqx8q3lfb61in7"}
{"type":"log","timestamp":1765121388640,"level":"info","message":"Rendering (child) request finished in 1959 ms","meta":{"rootId":"ldqgroamdcthoi7","id":"50sx65h6a18cveu"},"id":"e18cpgne07t0u98","previousOperationId":"mgqx8q3lfb61in7"}
{"type":"operationEnd","subtype":"render","operationId":"ye6i9u91qglvjjl","timestamp":1765121388640,"id":"u55owf34ufugq6y","previousEventId":"ydgub40z4lafsyz","previousOperationId":"mgqx8q3lfb61in7"}
{"type":"log","timestamp":1765121396657,"level":"debug","message":"pptx successfully zipped","meta":{"rootId":"ldqgroamdcthoi7","id":"ldqgroamdcthoi7"},"id":"exh1lqymowwomxz","previousOperationId":"ftvodqq6ru8lnog"}
{"type":"log","timestamp":1765121396657,"level":"info","message":"pptx generation was finished","meta":{"rootId":"ldqgroamdcthoi7","id":"ldqgroamdcthoi7"},"id":"tiwb07dgq1hxxq3","previousOperationId":"ftvodqq6ru8lnog"}
{"type":"operationEnd","operationId":"ftvodqq6ru8lnog","timestamp":1765121396668,"id":"e7marlz8j12yiq5","previousEventId":"f2ja4en834ajkyq","previousOperationId":"ftvodqq6ru8lnog"}
{"type":"log","timestamp":1765121396668,"level":"debug","message":"Skipping storing report.","meta":{"rootId":"ldqgroamdcthoi7","id":"ldqgroamdcthoi7"},"id":"p48yjhqkdhe2qny","previousOperationId":"ftvodqq6ru8lnog"}
{"type":"log","timestamp":1765121396668,"level":"info","message":"Rendering request 3 finished in 9987 ms","meta":{"rootId":"ldqgroamdcthoi7","id":"ldqgroamdcthoi7"},"id":"knwcqdnnz8flum3","previousOperationId":"ftvodqq6ru8lnog"}
{"type":"operationEnd","subtype":"render","operationId":"12rq1x34d70wair","timestamp":1765121396668,"id":"b4x2emo5v9vdge9","previousEventId":"e7marlz8j12yiq5","previousOperationId":"ftvodqq6ru8lnog"}
{"type":"operationEnd","doDiffs":false,"previousEventId":"bzb59dwg4h0t8fz","previousOperationId":"nx7244frqpf6yfi","operationId":"nx7244frqpf6yfi","timestamp":1765121396675,"id":"b7r6w0ue62i74vb"}
