{"type":"operationStart","subtype":"profile","data":{"_id":"U0BvgMalXwQEam6s","timestamp":"2025-12-30T19:06:00.019Z","state":"running","mode":"standard","creationDate":"2025-12-30T19:06:00.024Z","modificationDate":"2025-12-30T19:06:00.024Z","shortid":"9lCx_Gy","$entitySet":"profiles","timeout":60000},"doDiffs":false,"timestamp":1767121560022,"id":"32qpyzrcp4mm7fy","previousOperationId":null,"operationId":"eaj3g73exmok0h8"}
{"type":"log","level":"info","message":"Render request 20 queued for execution and waiting for available worker","previousOperationId":"eaj3g73exmok0h8","timestamp":1767121560022,"id":"hsn352iiybkwsvm"}
{"type":"operationStart","subtype":"render","name":"anonymous","previousOperationId":"eaj3g73exmok0h8","timestamp":1767121560070,"id":"0xdvn2ci3mdm7vt","previousEventId":"32qpyzrcp4mm7fy","operationId":"gjw9idmfxdo6a5s"}
{"type":"log","timestamp":1767121560070,"level":"info","message":"Starting rendering request 20","meta":{"rootId":"leowrk5aq0phk5r","id":"leowrk5aq0phk5r"},"id":"enk12nv15r8gh6f","previousOperationId":"gjw9idmfxdo6a5s"}
{"type":"log","timestamp":1767121560070,"level":"info","message":"Rendering anonymous template { recipe: pptx, engine: handlebars }","meta":{"rootId":"leowrk5aq0phk5r","id":"leowrk5aq0phk5r"},"id":"p1hd1kddto5c31m","previousOperationId":"gjw9idmfxdo6a5s"}
{"type":"log","timestamp":1767121560070,"level":"debug","message":"Inline data specified.","meta":{"rootId":"leowrk5aq0phk5r","id":"leowrk5aq0phk5r"},"id":"5pkxzzkyypjitfu","previousOperationId":"gjw9idmfxdo6a5s"}
{"type":"log","timestamp":1767121560072,"level":"debug","message":"Base url not specified, skipping its injection.","meta":{"rootId":"leowrk5aq0phk5r","id":"leowrk5aq0phk5r"},"id":"oe3x248wccmd1vg","previousOperationId":"gjw9idmfxdo6a5s"}
{"type":"operationStart","subtype":"engine","name":"handlebars","timestamp":1767121560072,"id":"1sk0ur4hlxvcchz","previousEventId":"0xdvn2ci3mdm7vt","operationId":"ed3l8c1oktyb5lq","previousOperationId":"gjw9idmfxdo6a5s"}
{"type":"log","timestamp":1767121560072,"level":"debug","message":"Rendering engine handlebars","meta":{"rootId":"leowrk5aq0phk5r","id":"leowrk5aq0phk5r"},"id":"t27rlxv7evsiinm","previousOperationId":"ed3l8c1oktyb5lq"}
{"type":"operationEnd","operationId":"ed3l8c1oktyb5lq","timestamp":1767121560082,"id":"yukchhtn1zoe3kr","previousEventId":"1sk0ur4hlxvcchz","previousOperationId":"ed3l8c1oktyb5lq"}
{"type":"operationStart","subtype":"recipe","name":"pptx","timestamp":1767121560082,"id":"e4zdy4j7e2xkvbo","previousEventId":"yukchhtn1zoe3kr","operationId":"6fdr2ixl0e1sri1","previousOperationId":"ed3l8c1oktyb5lq"}
{"type":"log","timestamp":1767121560082,"level":"debug","message":"Executing recipe pptx","meta":{"rootId":"leowrk5aq0phk5r","id":"leowrk5aq0phk5r"},"id":"onugcdy1v97yts8","previousOperationId":"6fdr2ixl0e1sri1"}
{"type":"log","timestamp":1767121560093,"level":"info","message":"pptx generation is starting","meta":{"rootId":"leowrk5aq0phk5r","id":"leowrk5aq0phk5r"},"id":"2brhhuyaayw9lgy","previousOperationId":"6fdr2ixl0e1sri1"}
{"type":"log","timestamp":1767121561195,"level":"debug","message":"Starting child request to render pptx dynamic parts","meta":{"rootId":"leowrk5aq0phk5r","id":"leowrk5aq0phk5r"},"id":"pnhnpdg10n8tl35","previousOperationId":"6fdr2ixl0e1sri1"}
{"type":"operationStart","subtype":"render","name":"anonymous","previousOperationId":"6fdr2ixl0e1sri1","timestamp":1767121561196,"id":"6avlle3bfv4xj27","previousEventId":"e4zdy4j7e2xkvbo","operationId":"9sh2k017w8ohmlu"}
{"type":"log","timestamp":1767121561196,"level":"info","message":"Starting rendering (child) request","meta":{"rootId":"leowrk5aq0phk5r","id":"zj72v0r6na71bfl"},"id":"spuze2vbb984kfa","previousOperationId":"9sh2k017w8ohmlu"}
{"type":"log","timestamp":1767121561196,"level":"info","message":"Rendering anonymous template { recipe: html, engine: handlebars }","meta":{"rootId":"leowrk5aq0phk5r","id":"zj72v0r6na71bfl"},"id":"lyqligfid4qgddg","previousOperationId":"9sh2k017w8ohmlu"}
{"type":"log","timestamp":1767121561196,"level":"debug","message":"Inline data specified.","meta":{"rootId":"leowrk5aq0phk5r","id":"zj72v0r6na71bfl"},"id":"f4cy3ckaqkvyb43","previousOperationId":"9sh2k017w8ohmlu"}
{"type":"log","timestamp":1767121561200,"level":"debug","message":"Base url not specified, skipping its injection.","meta":{"rootId":"leowrk5aq0phk5r","id":"zj72v0r6na71bfl"},"id":"p7lz42750qjxdbp","previousOperationId":"9sh2k017w8ohmlu"}
{"type":"operationStart","subtype":"engine","name":"handlebars","timestamp":1767121561202,"id":"iua6sgdo0aob93m","previousEventId":"6avlle3bfv4xj27","operationId":"3qa5m8rketidlt2","previousOperationId":"9sh2k017w8ohmlu"}
{"type":"log","timestamp":1767121561202,"level":"debug","message":"Rendering engine handlebars","meta":{"rootId":"leowrk5aq0phk5r","id":"zj72v0r6na71bfl"},"id":"n02sfktoir5h4kl","previousOperationId":"3qa5m8rketidlt2"}
{"type":"log","timestamp":1767121561313,"level":"debug","message":"(console:log) {\n  type: 'echarts@v5a',\n  width: 848,\n  height: 409,\n  option: { radar: [ [Object] ], series: [ [Object] ] }\n}","meta":{"userLevel":true,"rootId":"leowrk5aq0phk5r","id":"zj72v0r6na71bfl"},"id":"4k17lp7s645qldf","previousOperationId":"3qa5m8rketidlt2"}
{"type":"operationEnd","operationId":"3qa5m8rketidlt2","timestamp":1767121561320,"id":"9r8rqh19cfpj4aq","previousEventId":"iua6sgdo0aob93m","previousOperationId":"3qa5m8rketidlt2"}
{"type":"operationStart","subtype":"recipe","name":"html","timestamp":1767121561331,"id":"xmpyqnyrvsk5l1w","previousEventId":"9r8rqh19cfpj4aq","operationId":"ku17dxmglom44le","previousOperationId":"3qa5m8rketidlt2"}
{"type":"log","timestamp":1767121561331,"level":"debug","message":"Executing recipe html","meta":{"rootId":"leowrk5aq0phk5r","id":"zj72v0r6na71bfl"},"id":"5o4s6w1l50q4hh9","previousOperationId":"ku17dxmglom44le"}
{"type":"operationEnd","operationId":"ku17dxmglom44le","timestamp":1767121561331,"id":"5hlphcdqaytw3t3","previousEventId":"xmpyqnyrvsk5l1w","previousOperationId":"ku17dxmglom44le"}
{"type":"log","timestamp":1767121561331,"level":"debug","message":"Skipping storing report.","meta":{"rootId":"leowrk5aq0phk5r","id":"zj72v0r6na71bfl"},"id":"bepd8kix2wj5hnk","previousOperationId":"ku17dxmglom44le"}
{"type":"log","timestamp":1767121561331,"level":"info","message":"Rendering (child) request finished in 1313 ms","meta":{"rootId":"leowrk5aq0phk5r","id":"zj72v0r6na71bfl"},"id":"6pz9q8aaqlojbkr","previousOperationId":"ku17dxmglom44le"}
{"type":"operationEnd","subtype":"render","operationId":"9sh2k017w8ohmlu","timestamp":1767121561331,"id":"9q2jsi71gn4qzzp","previousEventId":"5hlphcdqaytw3t3","previousOperationId":"ku17dxmglom44le"}
{"type":"log","timestamp":1767121564831,"level":"debug","message":"pptx successfully zipped","meta":{"rootId":"leowrk5aq0phk5r","id":"leowrk5aq0phk5r"},"id":"tf6estdd9ui5l2i","previousOperationId":"6fdr2ixl0e1sri1"}
{"type":"log","timestamp":1767121564831,"level":"info","message":"pptx generation was finished","meta":{"rootId":"leowrk5aq0phk5r","id":"leowrk5aq0phk5r"},"id":"ysgpxhw086p3ls9","previousOperationId":"6fdr2ixl0e1sri1"}
{"type":"operationEnd","operationId":"6fdr2ixl0e1sri1","timestamp":1767121564839,"id":"xhz415inmqpe0co","previousEventId":"e4zdy4j7e2xkvbo","previousOperationId":"6fdr2ixl0e1sri1"}
{"type":"log","timestamp":1767121564839,"level":"debug","message":"Skipping storing report.","meta":{"rootId":"leowrk5aq0phk5r","id":"leowrk5aq0phk5r"},"id":"qe62e0ey7pbh549","previousOperationId":"6fdr2ixl0e1sri1"}
{"type":"log","timestamp":1767121564839,"level":"info","message":"Rendering request 20 finished in 4821 ms","meta":{"rootId":"leowrk5aq0phk5r","id":"leowrk5aq0phk5r"},"id":"j0grfyfkcriumjd","previousOperationId":"6fdr2ixl0e1sri1"}
{"type":"operationEnd","subtype":"render","operationId":"gjw9idmfxdo6a5s","timestamp":1767121564839,"id":"5671074pkuuy7h2","previousEventId":"xhz415inmqpe0co","previousOperationId":"6fdr2ixl0e1sri1"}
{"type":"operationEnd","doDiffs":false,"previousEventId":"32qpyzrcp4mm7fy","previousOperationId":"eaj3g73exmok0h8","operationId":"eaj3g73exmok0h8","timestamp":1767121564843,"id":"u4ceuyg22j8fjet"}
