{"type":"operationStart","subtype":"profile","data":{"_id":"dDvTQj3kpQ8az2fN","timestamp":"2025-12-27T16:59:41.251Z","state":"running","mode":"standard","creationDate":"2025-12-27T16:59:41.257Z","modificationDate":"2025-12-27T16:59:41.257Z","shortid":"gxYvlAb","$entitySet":"profiles","timeout":60000},"doDiffs":false,"timestamp":1766854781254,"id":"v2q80iaaleh1d6v","previousOperationId":null,"operationId":"lsyllmogq2ewqyl"}
{"type":"log","level":"info","message":"Render request 1 queued for execution and waiting for available worker","previousOperationId":"lsyllmogq2ewqyl","timestamp":1766854781254,"id":"fgbftumphjvnibc"}
{"type":"operationStart","subtype":"render","name":"anonymous","previousOperationId":"lsyllmogq2ewqyl","timestamp":1766854781329,"id":"5mpvepmyzp6pfjw","previousEventId":"v2q80iaaleh1d6v","operationId":"lrpv0p8lbb66s9z"}
{"type":"log","timestamp":1766854781331,"level":"info","message":"Starting rendering request 1","meta":{"rootId":"lf0q0xqz5njt7on","id":"lf0q0xqz5njt7on"},"id":"ws898o8rv68dmfn","previousOperationId":"lrpv0p8lbb66s9z"}
{"type":"log","timestamp":1766854781333,"level":"info","message":"Rendering anonymous template { recipe: pptx, engine: handlebars }","meta":{"rootId":"lf0q0xqz5njt7on","id":"lf0q0xqz5njt7on"},"id":"2oyyoyucfudrx99","previousOperationId":"lrpv0p8lbb66s9z"}
{"type":"log","timestamp":1766854781334,"level":"debug","message":"Inline data specified.","meta":{"rootId":"lf0q0xqz5njt7on","id":"lf0q0xqz5njt7on"},"id":"m02wovb13hbsmqa","previousOperationId":"lrpv0p8lbb66s9z"}
{"type":"log","timestamp":1766854781344,"level":"debug","message":"Base url not specified, skipping its injection.","meta":{"rootId":"lf0q0xqz5njt7on","id":"lf0q0xqz5njt7on"},"id":"cgtlsodj1jqs3r0","previousOperationId":"lrpv0p8lbb66s9z"}
{"type":"operationStart","subtype":"engine","name":"handlebars","timestamp":1766854781347,"id":"kcv3nydqu5t8xyn","previousEventId":"5mpvepmyzp6pfjw","operationId":"1buoxelbiz7i5xj","previousOperationId":"lrpv0p8lbb66s9z"}
{"type":"log","timestamp":1766854781347,"level":"debug","message":"Rendering engine handlebars","meta":{"rootId":"lf0q0xqz5njt7on","id":"lf0q0xqz5njt7on"},"id":"wmfm4paobvv6sfu","previousOperationId":"1buoxelbiz7i5xj"}
{"type":"operationEnd","operationId":"1buoxelbiz7i5xj","timestamp":1766854782581,"id":"1v17x0awauixx8g","previousEventId":"kcv3nydqu5t8xyn","previousOperationId":"1buoxelbiz7i5xj"}
{"type":"operationStart","subtype":"recipe","name":"pptx","timestamp":1766854782583,"id":"bmz2lhyt3gvqnp2","previousEventId":"1v17x0awauixx8g","operationId":"fexrfnucd952v6n","previousOperationId":"1buoxelbiz7i5xj"}
{"type":"log","timestamp":1766854782583,"level":"debug","message":"Executing recipe pptx","meta":{"rootId":"lf0q0xqz5njt7on","id":"lf0q0xqz5njt7on"},"id":"dl5ji9hkm77kf4b","previousOperationId":"fexrfnucd952v6n"}
{"type":"log","timestamp":1766854782846,"level":"info","message":"pptx generation is starting","meta":{"rootId":"lf0q0xqz5njt7on","id":"lf0q0xqz5njt7on"},"id":"q7dc8qmgo8cotgw","previousOperationId":"fexrfnucd952v6n"}
{"type":"log","timestamp":1766854784748,"level":"debug","message":"Starting child request to render pptx dynamic parts","meta":{"rootId":"lf0q0xqz5njt7on","id":"lf0q0xqz5njt7on"},"id":"fwbq0lpxnq95f0n","previousOperationId":"fexrfnucd952v6n"}
{"type":"operationStart","subtype":"render","name":"anonymous","previousOperationId":"fexrfnucd952v6n","timestamp":1766854784749,"id":"p3v0cld0wsd2s7l","previousEventId":"bmz2lhyt3gvqnp2","operationId":"hlpda2e2w56xt0w"}
{"type":"log","timestamp":1766854784749,"level":"info","message":"Starting rendering (child) request","meta":{"rootId":"lf0q0xqz5njt7on","id":"5iuwbpbx7obbo67"},"id":"jp58guwy2pafqo7","previousOperationId":"hlpda2e2w56xt0w"}
{"type":"log","timestamp":1766854784750,"level":"info","message":"Rendering anonymous template { recipe: html, engine: handlebars }","meta":{"rootId":"lf0q0xqz5njt7on","id":"5iuwbpbx7obbo67"},"id":"06ygmox6db0y6qb","previousOperationId":"hlpda2e2w56xt0w"}
{"type":"log","timestamp":1766854784750,"level":"debug","message":"Inline data specified.","meta":{"rootId":"lf0q0xqz5njt7on","id":"5iuwbpbx7obbo67"},"id":"82p3csdssb34e3j","previousOperationId":"hlpda2e2w56xt0w"}
{"type":"log","timestamp":1766854784758,"level":"debug","message":"Base url not specified, skipping its injection.","meta":{"rootId":"lf0q0xqz5njt7on","id":"5iuwbpbx7obbo67"},"id":"pe8so79gxtns3n2","previousOperationId":"hlpda2e2w56xt0w"}
{"type":"operationStart","subtype":"engine","name":"handlebars","timestamp":1766854784760,"id":"970m95ga4zwndcl","previousEventId":"p3v0cld0wsd2s7l","operationId":"ozpv556e5yzfaca","previousOperationId":"hlpda2e2w56xt0w"}
{"type":"log","timestamp":1766854784761,"level":"debug","message":"Rendering engine handlebars","meta":{"rootId":"lf0q0xqz5njt7on","id":"5iuwbpbx7obbo67"},"id":"70k571p99tpt2qn","previousOperationId":"ozpv556e5yzfaca"}
{"type":"log","timestamp":1766854784957,"level":"debug","message":"(console:log) {\n  type: 'echarts@v5a',\n  width: 848,\n  height: 409,\n  option: { radar: [ [Object] ], series: [ [Object] ] }\n}","meta":{"userLevel":true,"rootId":"lf0q0xqz5njt7on","id":"5iuwbpbx7obbo67"},"id":"cx0wfxrdrj3xo3s","previousOperationId":"ozpv556e5yzfaca"}
{"type":"operationEnd","operationId":"ozpv556e5yzfaca","timestamp":1766854784967,"id":"yfwz2tu9w4inau6","previousEventId":"970m95ga4zwndcl","previousOperationId":"ozpv556e5yzfaca"}
{"type":"operationStart","subtype":"recipe","name":"html","timestamp":1766854784982,"id":"zm1kjqqy5xwwl35","previousEventId":"yfwz2tu9w4inau6","operationId":"6ryk51rz33gjrd2","previousOperationId":"ozpv556e5yzfaca"}
{"type":"log","timestamp":1766854784982,"level":"debug","message":"Executing recipe html","meta":{"rootId":"lf0q0xqz5njt7on","id":"5iuwbpbx7obbo67"},"id":"9w7lfm7xbw8oky0","previousOperationId":"6ryk51rz33gjrd2"}
{"type":"operationEnd","operationId":"6ryk51rz33gjrd2","timestamp":1766854784983,"id":"lon1nwex8xlfruy","previousEventId":"zm1kjqqy5xwwl35","previousOperationId":"6ryk51rz33gjrd2"}
{"type":"log","timestamp":1766854784984,"level":"debug","message":"Skipping storing report.","meta":{"rootId":"lf0q0xqz5njt7on","id":"5iuwbpbx7obbo67"},"id":"ieuz39up82hw5n1","previousOperationId":"6ryk51rz33gjrd2"}
{"type":"log","timestamp":1766854784984,"level":"info","message":"Rendering (child) request finished in 3737 ms","meta":{"rootId":"lf0q0xqz5njt7on","id":"5iuwbpbx7obbo67"},"id":"n3hp9b32siy655t","previousOperationId":"6ryk51rz33gjrd2"}
{"type":"operationEnd","subtype":"render","operationId":"hlpda2e2w56xt0w","timestamp":1766854784984,"id":"p3ngzk6hut3l3dp","previousEventId":"lon1nwex8xlfruy","previousOperationId":"6ryk51rz33gjrd2"}
{"type":"log","timestamp":1766854791403,"level":"debug","message":"pptx successfully zipped","meta":{"rootId":"lf0q0xqz5njt7on","id":"lf0q0xqz5njt7on"},"id":"dp76kifo4zsww3a","previousOperationId":"fexrfnucd952v6n"}
{"type":"log","timestamp":1766854791403,"level":"info","message":"pptx generation was finished","meta":{"rootId":"lf0q0xqz5njt7on","id":"lf0q0xqz5njt7on"},"id":"s08d7ticdd3b6sa","previousOperationId":"fexrfnucd952v6n"}
{"type":"operationEnd","operationId":"fexrfnucd952v6n","timestamp":1766854791425,"id":"nvo49qvmhf0hxfk","previousEventId":"bmz2lhyt3gvqnp2","previousOperationId":"fexrfnucd952v6n"}
{"type":"log","timestamp":1766854791425,"level":"debug","message":"Skipping storing report.","meta":{"rootId":"lf0q0xqz5njt7on","id":"lf0q0xqz5njt7on"},"id":"dcyuzp3pssbge0t","previousOperationId":"fexrfnucd952v6n"}
{"type":"log","timestamp":1766854791425,"level":"info","message":"Rendering request 1 finished in 10178 ms","meta":{"rootId":"lf0q0xqz5njt7on","id":"lf0q0xqz5njt7on"},"id":"vok2xfh98h6ulkq","previousOperationId":"fexrfnucd952v6n"}
{"type":"operationEnd","subtype":"render","operationId":"lrpv0p8lbb66s9z","timestamp":1766854791425,"id":"8vpznx60bhb6jzf","previousEventId":"nvo49qvmhf0hxfk","previousOperationId":"fexrfnucd952v6n"}
{"type":"operationEnd","doDiffs":false,"previousEventId":"v2q80iaaleh1d6v","previousOperationId":"lsyllmogq2ewqyl","operationId":"lsyllmogq2ewqyl","timestamp":1766854791432,"id":"90gny0964rz2kur"}
