{"type":"operationStart","subtype":"profile","data":{"_id":"DIXQ1VRz1VFLNHXG","timestamp":"2025-12-27T13:06:14.523Z","state":"running","mode":"standard","creationDate":"2025-12-27T13:06:14.532Z","modificationDate":"2025-12-27T13:06:14.532Z","shortid":"aHdGgdN","$entitySet":"profiles","timeout":60000},"doDiffs":false,"timestamp":1766840774528,"id":"m800ftugr0v3qvl","previousOperationId":null,"operationId":"zau011vvg3kdxmj"}
{"type":"log","level":"info","message":"Render request 4 queued for execution and waiting for available worker","previousOperationId":"zau011vvg3kdxmj","timestamp":1766840774529,"id":"7jdormlaufdoxb8"}
{"type":"operationStart","subtype":"render","name":"anonymous","previousOperationId":"zau011vvg3kdxmj","timestamp":1766840774579,"id":"2pa5nstqgst9k0x","previousEventId":"m800ftugr0v3qvl","operationId":"yv6sf0zhz2w0puy"}
{"type":"log","timestamp":1766840774579,"level":"info","message":"Starting rendering request 4","meta":{"rootId":"lhtpw7l8r88vjfm","id":"lhtpw7l8r88vjfm"},"id":"a2tuzt0p4yykx1l","previousOperationId":"yv6sf0zhz2w0puy"}
{"type":"log","timestamp":1766840774580,"level":"info","message":"Rendering anonymous template { recipe: pptx, engine: handlebars }","meta":{"rootId":"lhtpw7l8r88vjfm","id":"lhtpw7l8r88vjfm"},"id":"f9iw30em6vpw3i1","previousOperationId":"yv6sf0zhz2w0puy"}
{"type":"log","timestamp":1766840774580,"level":"debug","message":"Inline data specified.","meta":{"rootId":"lhtpw7l8r88vjfm","id":"lhtpw7l8r88vjfm"},"id":"0tl5hgfn8ns50i7","previousOperationId":"yv6sf0zhz2w0puy"}
{"type":"log","timestamp":1766840774583,"level":"debug","message":"Base url not specified, skipping its injection.","meta":{"rootId":"lhtpw7l8r88vjfm","id":"lhtpw7l8r88vjfm"},"id":"yaucii1sq7666m2","previousOperationId":"yv6sf0zhz2w0puy"}
{"type":"operationStart","subtype":"engine","name":"handlebars","timestamp":1766840774584,"id":"3pkyxxjr1dnz656","previousEventId":"2pa5nstqgst9k0x","operationId":"2cmmz60jyuv11om","previousOperationId":"yv6sf0zhz2w0puy"}
{"type":"log","timestamp":1766840774584,"level":"debug","message":"Rendering engine handlebars","meta":{"rootId":"lhtpw7l8r88vjfm","id":"lhtpw7l8r88vjfm"},"id":"9xfsjavpzr45ge2","previousOperationId":"2cmmz60jyuv11om"}
{"type":"operationEnd","operationId":"2cmmz60jyuv11om","timestamp":1766840774597,"id":"7ykl5kjltxm8zx3","previousEventId":"3pkyxxjr1dnz656","previousOperationId":"2cmmz60jyuv11om"}
{"type":"operationStart","subtype":"recipe","name":"pptx","timestamp":1766840774598,"id":"5g6xwr2yatpdoti","previousEventId":"7ykl5kjltxm8zx3","operationId":"hwwm5fjsyb3o8b5","previousOperationId":"2cmmz60jyuv11om"}
{"type":"log","timestamp":1766840774598,"level":"debug","message":"Executing recipe pptx","meta":{"rootId":"lhtpw7l8r88vjfm","id":"lhtpw7l8r88vjfm"},"id":"5yeqcdf2r3w5k7f","previousOperationId":"hwwm5fjsyb3o8b5"}
{"type":"log","timestamp":1766840774609,"level":"info","message":"pptx generation is starting","meta":{"rootId":"lhtpw7l8r88vjfm","id":"lhtpw7l8r88vjfm"},"id":"z3cewtjsap9cuqd","previousOperationId":"hwwm5fjsyb3o8b5"}
{"type":"log","timestamp":1766840775613,"level":"debug","message":"Starting child request to render pptx dynamic parts","meta":{"rootId":"lhtpw7l8r88vjfm","id":"lhtpw7l8r88vjfm"},"id":"qru508tv0rskxqm","previousOperationId":"hwwm5fjsyb3o8b5"}
{"type":"operationStart","subtype":"render","name":"anonymous","previousOperationId":"hwwm5fjsyb3o8b5","timestamp":1766840775614,"id":"k0rysxwhld8s92a","previousEventId":"5g6xwr2yatpdoti","operationId":"6wpevl2yb5auecx"}
{"type":"log","timestamp":1766840775614,"level":"info","message":"Starting rendering (child) request","meta":{"rootId":"lhtpw7l8r88vjfm","id":"vd1ecisecbs1fyv"},"id":"zcix39nfhougmjh","previousOperationId":"6wpevl2yb5auecx"}
{"type":"log","timestamp":1766840775614,"level":"info","message":"Rendering anonymous template { recipe: html, engine: handlebars }","meta":{"rootId":"lhtpw7l8r88vjfm","id":"vd1ecisecbs1fyv"},"id":"nagkc6z7m8e2hqi","previousOperationId":"6wpevl2yb5auecx"}
{"type":"log","timestamp":1766840775614,"level":"debug","message":"Inline data specified.","meta":{"rootId":"lhtpw7l8r88vjfm","id":"vd1ecisecbs1fyv"},"id":"wg88c8dvow7nc13","previousOperationId":"6wpevl2yb5auecx"}
{"type":"log","timestamp":1766840775622,"level":"debug","message":"Base url not specified, skipping its injection.","meta":{"rootId":"lhtpw7l8r88vjfm","id":"vd1ecisecbs1fyv"},"id":"dgdpq3t8kk1kq4c","previousOperationId":"6wpevl2yb5auecx"}
{"type":"operationStart","subtype":"engine","name":"handlebars","timestamp":1766840775624,"id":"cqxcwal6ak2j53d","previousEventId":"k0rysxwhld8s92a","operationId":"ix30198qi8rddnp","previousOperationId":"6wpevl2yb5auecx"}
{"type":"log","timestamp":1766840775624,"level":"debug","message":"Rendering engine handlebars","meta":{"rootId":"lhtpw7l8r88vjfm","id":"vd1ecisecbs1fyv"},"id":"1cbu7tdyg48l64c","previousOperationId":"ix30198qi8rddnp"}
{"type":"operationEnd","operationId":"ix30198qi8rddnp","timestamp":1766840775722,"id":"htzvd2vgo9j4yoz","previousEventId":"cqxcwal6ak2j53d","previousOperationId":"ix30198qi8rddnp"}
{"type":"operationStart","subtype":"recipe","name":"html","timestamp":1766840775730,"id":"nydg7ju5m2hvzbb","previousEventId":"htzvd2vgo9j4yoz","operationId":"qlfzt7datcepp8r","previousOperationId":"ix30198qi8rddnp"}
{"type":"log","timestamp":1766840775731,"level":"debug","message":"Executing recipe html","meta":{"rootId":"lhtpw7l8r88vjfm","id":"vd1ecisecbs1fyv"},"id":"4ouromk3jz1mels","previousOperationId":"qlfzt7datcepp8r"}
{"type":"operationEnd","operationId":"qlfzt7datcepp8r","timestamp":1766840775731,"id":"u86ei3in24a0mri","previousEventId":"nydg7ju5m2hvzbb","previousOperationId":"qlfzt7datcepp8r"}
{"type":"log","timestamp":1766840775731,"level":"debug","message":"Skipping storing report.","meta":{"rootId":"lhtpw7l8r88vjfm","id":"vd1ecisecbs1fyv"},"id":"hry76ebl627vq6h","previousOperationId":"qlfzt7datcepp8r"}
{"type":"log","timestamp":1766840775731,"level":"info","message":"Rendering (child) request finished in 1210 ms","meta":{"rootId":"lhtpw7l8r88vjfm","id":"vd1ecisecbs1fyv"},"id":"sytt4m6tfcpqwb7","previousOperationId":"qlfzt7datcepp8r"}
{"type":"operationEnd","subtype":"render","operationId":"6wpevl2yb5auecx","timestamp":1766840775731,"id":"pcrjokrmu7rtr1i","previousEventId":"u86ei3in24a0mri","previousOperationId":"qlfzt7datcepp8r"}
{"type":"log","timestamp":1766840778828,"level":"debug","message":"pptx successfully zipped","meta":{"rootId":"lhtpw7l8r88vjfm","id":"lhtpw7l8r88vjfm"},"id":"r8uvrlimz1t18js","previousOperationId":"hwwm5fjsyb3o8b5"}
{"type":"log","timestamp":1766840778828,"level":"info","message":"pptx generation was finished","meta":{"rootId":"lhtpw7l8r88vjfm","id":"lhtpw7l8r88vjfm"},"id":"74xzp8w1lub40u9","previousOperationId":"hwwm5fjsyb3o8b5"}
{"type":"operationEnd","operationId":"hwwm5fjsyb3o8b5","timestamp":1766840778837,"id":"dmr244zveevfgrs","previousEventId":"5g6xwr2yatpdoti","previousOperationId":"hwwm5fjsyb3o8b5"}
{"type":"log","timestamp":1766840778837,"level":"debug","message":"Skipping storing report.","meta":{"rootId":"lhtpw7l8r88vjfm","id":"lhtpw7l8r88vjfm"},"id":"potvah22qxbwx5r","previousOperationId":"hwwm5fjsyb3o8b5"}
{"type":"log","timestamp":1766840778837,"level":"info","message":"Rendering request 4 finished in 4316 ms","meta":{"rootId":"lhtpw7l8r88vjfm","id":"lhtpw7l8r88vjfm"},"id":"fifg9cejbxo5as3","previousOperationId":"hwwm5fjsyb3o8b5"}
{"type":"operationEnd","subtype":"render","operationId":"yv6sf0zhz2w0puy","timestamp":1766840778837,"id":"v3sfrdtb0hw9pck","previousEventId":"dmr244zveevfgrs","previousOperationId":"hwwm5fjsyb3o8b5"}
{"type":"operationEnd","doDiffs":false,"previousEventId":"m800ftugr0v3qvl","previousOperationId":"zau011vvg3kdxmj","operationId":"zau011vvg3kdxmj","timestamp":1766840778842,"id":"g21y1w9uvg9y6tu"}
