{"type":"operationStart","subtype":"profile","data":{"_id":"mDOdgdXsdjR3eluf","timestamp":"2025-12-31T10:41:52.264Z","state":"running","mode":"standard","creationDate":"2025-12-31T10:41:52.268Z","modificationDate":"2025-12-31T10:41:52.268Z","shortid":"WQu3sXa","$entitySet":"profiles","timeout":60000},"doDiffs":false,"timestamp":1767177712266,"id":"3gvkk54jpxijzdq","previousOperationId":null,"operationId":"vlseqshm92o2fcw"}
{"type":"log","level":"info","message":"Render request 21 queued for execution and waiting for available worker","previousOperationId":"vlseqshm92o2fcw","timestamp":1767177712266,"id":"6zsanz44l4g9n3o"}
{"type":"operationStart","subtype":"render","name":"anonymous","previousOperationId":"vlseqshm92o2fcw","timestamp":1767177712324,"id":"l54e1itzxtrx3jt","previousEventId":"3gvkk54jpxijzdq","operationId":"9zffenjzzs5imng"}
{"type":"log","timestamp":1767177712324,"level":"info","message":"Starting rendering request 21","meta":{"rootId":"ll6rbfy55u4rkr4","id":"ll6rbfy55u4rkr4"},"id":"avi8tz5ehqch24s","previousOperationId":"9zffenjzzs5imng"}
{"type":"log","timestamp":1767177712325,"level":"info","message":"Rendering anonymous template { recipe: pptx, engine: handlebars }","meta":{"rootId":"ll6rbfy55u4rkr4","id":"ll6rbfy55u4rkr4"},"id":"gxs7pnukjgpnvgw","previousOperationId":"9zffenjzzs5imng"}
{"type":"log","timestamp":1767177712325,"level":"debug","message":"Inline data specified.","meta":{"rootId":"ll6rbfy55u4rkr4","id":"ll6rbfy55u4rkr4"},"id":"rujt2o04rk1vrxz","previousOperationId":"9zffenjzzs5imng"}
{"type":"log","timestamp":1767177712327,"level":"debug","message":"Base url not specified, skipping its injection.","meta":{"rootId":"ll6rbfy55u4rkr4","id":"ll6rbfy55u4rkr4"},"id":"p2cb35qn04aming","previousOperationId":"9zffenjzzs5imng"}
{"type":"operationStart","subtype":"engine","name":"handlebars","timestamp":1767177712328,"id":"fgbpwcpttyavh2m","previousEventId":"l54e1itzxtrx3jt","operationId":"haifixajtgmn6pu","previousOperationId":"9zffenjzzs5imng"}
{"type":"log","timestamp":1767177712328,"level":"debug","message":"Rendering engine handlebars","meta":{"rootId":"ll6rbfy55u4rkr4","id":"ll6rbfy55u4rkr4"},"id":"y27ibqolqei5wxy","previousOperationId":"haifixajtgmn6pu"}
{"type":"operationEnd","operationId":"haifixajtgmn6pu","timestamp":1767177712346,"id":"gop3erpc2nrxdey","previousEventId":"fgbpwcpttyavh2m","previousOperationId":"haifixajtgmn6pu"}
{"type":"operationStart","subtype":"recipe","name":"pptx","timestamp":1767177712346,"id":"acbxk2h2b614212","previousEventId":"gop3erpc2nrxdey","operationId":"hvhhtod5xd3krt7","previousOperationId":"haifixajtgmn6pu"}
{"type":"log","timestamp":1767177712346,"level":"debug","message":"Executing recipe pptx","meta":{"rootId":"ll6rbfy55u4rkr4","id":"ll6rbfy55u4rkr4"},"id":"rmofurlx7k0dw4g","previousOperationId":"hvhhtod5xd3krt7"}
{"type":"log","timestamp":1767177712362,"level":"info","message":"pptx generation is starting","meta":{"rootId":"ll6rbfy55u4rkr4","id":"ll6rbfy55u4rkr4"},"id":"zo0gzl888lxkvtq","previousOperationId":"hvhhtod5xd3krt7"}
{"type":"log","timestamp":1767177714277,"level":"debug","message":"Starting child request to render pptx dynamic parts","meta":{"rootId":"ll6rbfy55u4rkr4","id":"ll6rbfy55u4rkr4"},"id":"r0mtmoc12sy6hui","previousOperationId":"hvhhtod5xd3krt7"}
{"type":"operationStart","subtype":"render","name":"anonymous","previousOperationId":"hvhhtod5xd3krt7","timestamp":1767177714277,"id":"s2ci15y7l54g08b","previousEventId":"acbxk2h2b614212","operationId":"in114jmdif9s480"}
{"type":"log","timestamp":1767177714277,"level":"info","message":"Starting rendering (child) request","meta":{"rootId":"ll6rbfy55u4rkr4","id":"3ixyg1xuxc9wd0l"},"id":"72ue259kj35krcj","previousOperationId":"in114jmdif9s480"}
{"type":"log","timestamp":1767177714277,"level":"info","message":"Rendering anonymous template { recipe: html, engine: handlebars }","meta":{"rootId":"ll6rbfy55u4rkr4","id":"3ixyg1xuxc9wd0l"},"id":"qoii3d01e5wwrgu","previousOperationId":"in114jmdif9s480"}
{"type":"log","timestamp":1767177714277,"level":"debug","message":"Inline data specified.","meta":{"rootId":"ll6rbfy55u4rkr4","id":"3ixyg1xuxc9wd0l"},"id":"jhja9pd6zm0qimu","previousOperationId":"in114jmdif9s480"}
{"type":"log","timestamp":1767177714284,"level":"debug","message":"Base url not specified, skipping its injection.","meta":{"rootId":"ll6rbfy55u4rkr4","id":"3ixyg1xuxc9wd0l"},"id":"or0r81rpwg82n4v","previousOperationId":"in114jmdif9s480"}
{"type":"operationStart","subtype":"engine","name":"handlebars","timestamp":1767177714287,"id":"yauqxblc6mmcah4","previousEventId":"s2ci15y7l54g08b","operationId":"c71m85itum8qoel","previousOperationId":"in114jmdif9s480"}
{"type":"log","timestamp":1767177714287,"level":"debug","message":"Rendering engine handlebars","meta":{"rootId":"ll6rbfy55u4rkr4","id":"3ixyg1xuxc9wd0l"},"id":"j21w2fhr2klgq1h","previousOperationId":"c71m85itum8qoel"}
{"type":"log","timestamp":1767177714532,"level":"debug","message":"(console:log) {\n  type: 'echarts@v5a',\n  width: 848,\n  height: 409,\n  option: { radar: [ [Object] ], series: [ [Object] ] }\n}","meta":{"userLevel":true,"rootId":"ll6rbfy55u4rkr4","id":"3ixyg1xuxc9wd0l"},"id":"xu76c3uz6ddk7wg","previousOperationId":"c71m85itum8qoel"}
{"type":"operationEnd","operationId":"c71m85itum8qoel","timestamp":1767177714550,"id":"butavjby5onhk7o","previousEventId":"yauqxblc6mmcah4","previousOperationId":"c71m85itum8qoel"}
{"type":"operationStart","subtype":"recipe","name":"html","timestamp":1767177714575,"id":"e11222it5s82uyn","previousEventId":"butavjby5onhk7o","operationId":"dgy7haumxhcuifz","previousOperationId":"c71m85itum8qoel"}
{"type":"log","timestamp":1767177714575,"level":"debug","message":"Executing recipe html","meta":{"rootId":"ll6rbfy55u4rkr4","id":"3ixyg1xuxc9wd0l"},"id":"xdkr0u397a3m1ra","previousOperationId":"dgy7haumxhcuifz"}
{"type":"operationEnd","operationId":"dgy7haumxhcuifz","timestamp":1767177714575,"id":"1xf8vo4u87ulr82","previousEventId":"e11222it5s82uyn","previousOperationId":"dgy7haumxhcuifz"}
{"type":"log","timestamp":1767177714575,"level":"debug","message":"Skipping storing report.","meta":{"rootId":"ll6rbfy55u4rkr4","id":"3ixyg1xuxc9wd0l"},"id":"a7oua79j7nyctxq","previousOperationId":"dgy7haumxhcuifz"}
{"type":"log","timestamp":1767177714575,"level":"info","message":"Rendering (child) request finished in 2312 ms","meta":{"rootId":"ll6rbfy55u4rkr4","id":"3ixyg1xuxc9wd0l"},"id":"sweqqzglr8hml3t","previousOperationId":"dgy7haumxhcuifz"}
{"type":"operationEnd","subtype":"render","operationId":"in114jmdif9s480","timestamp":1767177714575,"id":"wyqq7bc9jhsh1wr","previousEventId":"1xf8vo4u87ulr82","previousOperationId":"dgy7haumxhcuifz"}
{"type":"log","timestamp":1767177720871,"level":"debug","message":"pptx successfully zipped","meta":{"rootId":"ll6rbfy55u4rkr4","id":"ll6rbfy55u4rkr4"},"id":"6ymmfw62bkdpz7c","previousOperationId":"hvhhtod5xd3krt7"}
{"type":"log","timestamp":1767177720871,"level":"info","message":"pptx generation was finished","meta":{"rootId":"ll6rbfy55u4rkr4","id":"ll6rbfy55u4rkr4"},"id":"wviac5witpy513f","previousOperationId":"hvhhtod5xd3krt7"}
{"type":"operationEnd","operationId":"hvhhtod5xd3krt7","timestamp":1767177720883,"id":"lbourfn76rml9lf","previousEventId":"acbxk2h2b614212","previousOperationId":"hvhhtod5xd3krt7"}
{"type":"log","timestamp":1767177720883,"level":"debug","message":"Skipping storing report.","meta":{"rootId":"ll6rbfy55u4rkr4","id":"ll6rbfy55u4rkr4"},"id":"ypy4792afi15nn2","previousOperationId":"hvhhtod5xd3krt7"}
{"type":"log","timestamp":1767177720883,"level":"info","message":"Rendering request 21 finished in 8620 ms","meta":{"rootId":"ll6rbfy55u4rkr4","id":"ll6rbfy55u4rkr4"},"id":"gog1zayaajxl897","previousOperationId":"hvhhtod5xd3krt7"}
{"type":"operationEnd","subtype":"render","operationId":"9zffenjzzs5imng","timestamp":1767177720883,"id":"admdyharw9y7iy0","previousEventId":"lbourfn76rml9lf","previousOperationId":"hvhhtod5xd3krt7"}
{"type":"operationEnd","doDiffs":false,"previousEventId":"3gvkk54jpxijzdq","previousOperationId":"vlseqshm92o2fcw","operationId":"vlseqshm92o2fcw","timestamp":1767177720889,"id":"715cn2kt7e4arr3"}
