{"type":"operationStart","subtype":"profile","data":{"_id":"fUMgN9p55kOEyIFO","timestamp":"2025-12-26T12:41:34.242Z","state":"running","mode":"standard","creationDate":"2025-12-26T12:41:34.246Z","modificationDate":"2025-12-26T12:41:34.246Z","shortid":"057okne","$entitySet":"profiles","timeout":60000},"doDiffs":false,"timestamp":1766752894244,"id":"jhy2didfoh6odsn","previousOperationId":null,"operationId":"rheo0jxt3wczk8g"}
{"type":"log","level":"info","message":"Render request 2 queued for execution and waiting for available worker","previousOperationId":"rheo0jxt3wczk8g","timestamp":1766752894244,"id":"ehq7uxk9dksahk6"}
{"type":"operationStart","subtype":"render","name":"anonymous","previousOperationId":"rheo0jxt3wczk8g","timestamp":1766752894339,"id":"lra2xrlmp7ymvq1","previousEventId":"jhy2didfoh6odsn","operationId":"rhoaafihkh82qva"}
{"type":"log","timestamp":1766752894341,"level":"info","message":"Starting rendering request 2","meta":{"rootId":"llp9701mroby1v0","id":"llp9701mroby1v0"},"id":"tw6hklt1dqkdzmy","previousOperationId":"rhoaafihkh82qva"}
{"type":"log","timestamp":1766752894345,"level":"info","message":"Rendering anonymous template { recipe: pptx, engine: handlebars }","meta":{"rootId":"llp9701mroby1v0","id":"llp9701mroby1v0"},"id":"x8f1z68th4ozhu6","previousOperationId":"rhoaafihkh82qva"}
{"type":"log","timestamp":1766752894345,"level":"debug","message":"Inline data specified.","meta":{"rootId":"llp9701mroby1v0","id":"llp9701mroby1v0"},"id":"xhgbovpc75owcf0","previousOperationId":"rhoaafihkh82qva"}
{"type":"log","timestamp":1766752894358,"level":"debug","message":"Base url not specified, skipping its injection.","meta":{"rootId":"llp9701mroby1v0","id":"llp9701mroby1v0"},"id":"92qfxylbg2ba8e0","previousOperationId":"rhoaafihkh82qva"}
{"type":"operationStart","subtype":"engine","name":"handlebars","timestamp":1766752894361,"id":"mmfhf60pbql67m2","previousEventId":"lra2xrlmp7ymvq1","operationId":"74b529akqgofnkt","previousOperationId":"rhoaafihkh82qva"}
{"type":"log","timestamp":1766752894361,"level":"debug","message":"Rendering engine handlebars","meta":{"rootId":"llp9701mroby1v0","id":"llp9701mroby1v0"},"id":"6fpglhkcaf8d8w5","previousOperationId":"74b529akqgofnkt"}
{"type":"operationEnd","operationId":"74b529akqgofnkt","timestamp":1766752895615,"id":"bmdu60xlc8hkjlb","previousEventId":"mmfhf60pbql67m2","previousOperationId":"74b529akqgofnkt"}
{"type":"operationStart","subtype":"recipe","name":"pptx","timestamp":1766752895616,"id":"3mxkoqz2766ikf8","previousEventId":"bmdu60xlc8hkjlb","operationId":"7ecwaqu5h3d2eq1","previousOperationId":"74b529akqgofnkt"}
{"type":"log","timestamp":1766752895617,"level":"debug","message":"Executing recipe pptx","meta":{"rootId":"llp9701mroby1v0","id":"llp9701mroby1v0"},"id":"3an9h5ddim3u4zn","previousOperationId":"7ecwaqu5h3d2eq1"}
{"type":"log","timestamp":1766752895911,"level":"info","message":"pptx generation is starting","meta":{"rootId":"llp9701mroby1v0","id":"llp9701mroby1v0"},"id":"kqx8r4g6sqjwhlf","previousOperationId":"7ecwaqu5h3d2eq1"}
{"type":"log","timestamp":1766752897750,"level":"debug","message":"Starting child request to render pptx dynamic parts","meta":{"rootId":"llp9701mroby1v0","id":"llp9701mroby1v0"},"id":"gq1uwa5dwxguipx","previousOperationId":"7ecwaqu5h3d2eq1"}
{"type":"operationStart","subtype":"render","name":"anonymous","previousOperationId":"7ecwaqu5h3d2eq1","timestamp":1766752897752,"id":"nfsbdlru21uybhs","previousEventId":"3mxkoqz2766ikf8","operationId":"w1emdh5za8larxc"}
{"type":"log","timestamp":1766752897752,"level":"info","message":"Starting rendering (child) request","meta":{"rootId":"llp9701mroby1v0","id":"7x9rtknmoglez3i"},"id":"1wsl9zz6ym39b25","previousOperationId":"w1emdh5za8larxc"}
{"type":"log","timestamp":1766752897752,"level":"info","message":"Rendering anonymous template { recipe: html, engine: handlebars }","meta":{"rootId":"llp9701mroby1v0","id":"7x9rtknmoglez3i"},"id":"pzlata7oh0dzegu","previousOperationId":"w1emdh5za8larxc"}
{"type":"log","timestamp":1766752897752,"level":"debug","message":"Inline data specified.","meta":{"rootId":"llp9701mroby1v0","id":"7x9rtknmoglez3i"},"id":"43dzz8gxy8u7ujs","previousOperationId":"w1emdh5za8larxc"}
{"type":"log","timestamp":1766752897764,"level":"debug","message":"Base url not specified, skipping its injection.","meta":{"rootId":"llp9701mroby1v0","id":"7x9rtknmoglez3i"},"id":"s6w6en9uov3f86v","previousOperationId":"w1emdh5za8larxc"}
{"type":"operationStart","subtype":"engine","name":"handlebars","timestamp":1766752897766,"id":"9e2r85xxm7j2g6u","previousEventId":"nfsbdlru21uybhs","operationId":"cw47xu7ww5lcf88","previousOperationId":"w1emdh5za8larxc"}
{"type":"log","timestamp":1766752897766,"level":"debug","message":"Rendering engine handlebars","meta":{"rootId":"llp9701mroby1v0","id":"7x9rtknmoglez3i"},"id":"hyqsfy2ya7meggc","previousOperationId":"cw47xu7ww5lcf88"}
{"type":"operationEnd","operationId":"cw47xu7ww5lcf88","timestamp":1766752897953,"id":"ahhlj3irik5ku3b","previousEventId":"9e2r85xxm7j2g6u","previousOperationId":"cw47xu7ww5lcf88"}
{"type":"operationStart","subtype":"recipe","name":"html","timestamp":1766752897969,"id":"ubvyh9qi052xr4h","previousEventId":"ahhlj3irik5ku3b","operationId":"r7yt4w99cflke6g","previousOperationId":"cw47xu7ww5lcf88"}
{"type":"log","timestamp":1766752897969,"level":"debug","message":"Executing recipe html","meta":{"rootId":"llp9701mroby1v0","id":"7x9rtknmoglez3i"},"id":"qxin5la4l2qt7dz","previousOperationId":"r7yt4w99cflke6g"}
{"type":"operationEnd","operationId":"r7yt4w99cflke6g","timestamp":1766752897969,"id":"c6zeudjeuvnhep3","previousEventId":"ubvyh9qi052xr4h","previousOperationId":"r7yt4w99cflke6g"}
{"type":"log","timestamp":1766752897971,"level":"debug","message":"Skipping storing report.","meta":{"rootId":"llp9701mroby1v0","id":"7x9rtknmoglez3i"},"id":"k3lb7fdvcdqung4","previousOperationId":"r7yt4w99cflke6g"}
{"type":"log","timestamp":1766752897971,"level":"info","message":"Rendering (child) request finished in 3730 ms","meta":{"rootId":"llp9701mroby1v0","id":"7x9rtknmoglez3i"},"id":"ed99wszaa8ekvj7","previousOperationId":"r7yt4w99cflke6g"}
{"type":"operationEnd","subtype":"render","operationId":"w1emdh5za8larxc","timestamp":1766752897971,"id":"ui6976kz9guyey4","previousEventId":"c6zeudjeuvnhep3","previousOperationId":"r7yt4w99cflke6g"}
{"type":"log","timestamp":1766752902863,"level":"debug","message":"pptx successfully zipped","meta":{"rootId":"llp9701mroby1v0","id":"llp9701mroby1v0"},"id":"5doydo3k8o5bnq0","previousOperationId":"7ecwaqu5h3d2eq1"}
{"type":"log","timestamp":1766752902863,"level":"info","message":"pptx generation was finished","meta":{"rootId":"llp9701mroby1v0","id":"llp9701mroby1v0"},"id":"y1oi3rw4pw701za","previousOperationId":"7ecwaqu5h3d2eq1"}
{"type":"operationEnd","operationId":"7ecwaqu5h3d2eq1","timestamp":1766752902878,"id":"ao67kfw4yf23unj","previousEventId":"3mxkoqz2766ikf8","previousOperationId":"7ecwaqu5h3d2eq1"}
{"type":"log","timestamp":1766752902878,"level":"debug","message":"Skipping storing report.","meta":{"rootId":"llp9701mroby1v0","id":"llp9701mroby1v0"},"id":"qx2zjaqr80ybtbf","previousOperationId":"7ecwaqu5h3d2eq1"}
{"type":"log","timestamp":1766752902878,"level":"info","message":"Rendering request 2 finished in 8637 ms","meta":{"rootId":"llp9701mroby1v0","id":"llp9701mroby1v0"},"id":"pqrz7t131xe7kr7","previousOperationId":"7ecwaqu5h3d2eq1"}
{"type":"operationEnd","subtype":"render","operationId":"rhoaafihkh82qva","timestamp":1766752902878,"id":"gbzof11echzvcke","previousEventId":"ao67kfw4yf23unj","previousOperationId":"7ecwaqu5h3d2eq1"}
{"type":"operationEnd","doDiffs":false,"previousEventId":"jhy2didfoh6odsn","previousOperationId":"rheo0jxt3wczk8g","operationId":"rheo0jxt3wczk8g","timestamp":1766752902884,"id":"b4ecv8rglm70ixm"}
