{"type":"operationStart","subtype":"profile","data":{"_id":"4WVQtgn7d2siBNcF","timestamp":"2025-12-31T11:29:00.619Z","state":"running","mode":"standard","creationDate":"2025-12-31T11:29:00.624Z","modificationDate":"2025-12-31T11:29:00.624Z","shortid":"ys6GnfE","$entitySet":"profiles","timeout":60000},"doDiffs":false,"timestamp":1767180540622,"id":"kojmiuplme55h4m","previousOperationId":null,"operationId":"kttyp5m73q18scf"}
{"type":"log","level":"info","message":"Render request 34 queued for execution and waiting for available worker","previousOperationId":"kttyp5m73q18scf","timestamp":1767180540622,"id":"fv44gmckslr1s5f"}
{"type":"operationStart","subtype":"render","name":"anonymous","previousOperationId":"kttyp5m73q18scf","timestamp":1767180540681,"id":"leinlqvs8x4t4zz","previousEventId":"kojmiuplme55h4m","operationId":"cuao5j0aq8efz4f"}
{"type":"log","timestamp":1767180540681,"level":"info","message":"Starting rendering request 34","meta":{"rootId":"m0jxqsy175xt28c","id":"m0jxqsy175xt28c"},"id":"az1hmkp9650y5b0","previousOperationId":"cuao5j0aq8efz4f"}
{"type":"log","timestamp":1767180540681,"level":"info","message":"Rendering anonymous template { recipe: pptx, engine: handlebars }","meta":{"rootId":"m0jxqsy175xt28c","id":"m0jxqsy175xt28c"},"id":"im9f40mthtlq15b","previousOperationId":"cuao5j0aq8efz4f"}
{"type":"log","timestamp":1767180540682,"level":"debug","message":"Inline data specified.","meta":{"rootId":"m0jxqsy175xt28c","id":"m0jxqsy175xt28c"},"id":"vscqaqqkot35w7m","previousOperationId":"cuao5j0aq8efz4f"}
{"type":"log","timestamp":1767180540685,"level":"debug","message":"Base url not specified, skipping its injection.","meta":{"rootId":"m0jxqsy175xt28c","id":"m0jxqsy175xt28c"},"id":"lhalzrt76dmrft2","previousOperationId":"cuao5j0aq8efz4f"}
{"type":"operationStart","subtype":"engine","name":"handlebars","timestamp":1767180540686,"id":"vnyx7uhbivmwugy","previousEventId":"leinlqvs8x4t4zz","operationId":"wknfhux1e74zdia","previousOperationId":"cuao5j0aq8efz4f"}
{"type":"log","timestamp":1767180540686,"level":"debug","message":"Rendering engine handlebars","meta":{"rootId":"m0jxqsy175xt28c","id":"m0jxqsy175xt28c"},"id":"ibbn9z05yhxvzsc","previousOperationId":"wknfhux1e74zdia"}
{"type":"operationEnd","operationId":"wknfhux1e74zdia","timestamp":1767180540709,"id":"qmvozmhqsud7bkp","previousEventId":"vnyx7uhbivmwugy","previousOperationId":"wknfhux1e74zdia"}
{"type":"operationStart","subtype":"recipe","name":"pptx","timestamp":1767180540709,"id":"z8g87t47o2hbgpd","previousEventId":"qmvozmhqsud7bkp","operationId":"98uji93dbt1olgg","previousOperationId":"wknfhux1e74zdia"}
{"type":"log","timestamp":1767180540709,"level":"debug","message":"Executing recipe pptx","meta":{"rootId":"m0jxqsy175xt28c","id":"m0jxqsy175xt28c"},"id":"ii481q118qfltfw","previousOperationId":"98uji93dbt1olgg"}
{"type":"log","timestamp":1767180540736,"level":"info","message":"pptx generation is starting","meta":{"rootId":"m0jxqsy175xt28c","id":"m0jxqsy175xt28c"},"id":"vlt1vxe93a0azsp","previousOperationId":"98uji93dbt1olgg"}
{"type":"log","timestamp":1767180542727,"level":"debug","message":"Starting child request to render pptx dynamic parts","meta":{"rootId":"m0jxqsy175xt28c","id":"m0jxqsy175xt28c"},"id":"9n4cmttu5uann8z","previousOperationId":"98uji93dbt1olgg"}
{"type":"operationStart","subtype":"render","name":"anonymous","previousOperationId":"98uji93dbt1olgg","timestamp":1767180542727,"id":"j2pi8usudt1yk8w","previousEventId":"z8g87t47o2hbgpd","operationId":"clhh4nf3imjk8qo"}
{"type":"log","timestamp":1767180542727,"level":"info","message":"Starting rendering (child) request","meta":{"rootId":"m0jxqsy175xt28c","id":"wk9qhchvxc4xfus"},"id":"pzjk047kyh7c495","previousOperationId":"clhh4nf3imjk8qo"}
{"type":"log","timestamp":1767180542728,"level":"info","message":"Rendering anonymous template { recipe: html, engine: handlebars }","meta":{"rootId":"m0jxqsy175xt28c","id":"wk9qhchvxc4xfus"},"id":"lsas1qppg5fa0bk","previousOperationId":"clhh4nf3imjk8qo"}
{"type":"log","timestamp":1767180542728,"level":"debug","message":"Inline data specified.","meta":{"rootId":"m0jxqsy175xt28c","id":"wk9qhchvxc4xfus"},"id":"kq70tga8u00oz9k","previousOperationId":"clhh4nf3imjk8qo"}
{"type":"log","timestamp":1767180542738,"level":"debug","message":"Base url not specified, skipping its injection.","meta":{"rootId":"m0jxqsy175xt28c","id":"wk9qhchvxc4xfus"},"id":"a7ziedumspjhbob","previousOperationId":"clhh4nf3imjk8qo"}
{"type":"operationStart","subtype":"engine","name":"handlebars","timestamp":1767180542740,"id":"yi6dy3dpl78ugmi","previousEventId":"j2pi8usudt1yk8w","operationId":"zj4hm8epd8s83ug","previousOperationId":"clhh4nf3imjk8qo"}
{"type":"log","timestamp":1767180542740,"level":"debug","message":"Rendering engine handlebars","meta":{"rootId":"m0jxqsy175xt28c","id":"wk9qhchvxc4xfus"},"id":"5majl9xbhcbj8as","previousOperationId":"zj4hm8epd8s83ug"}
{"type":"log","timestamp":1767180542976,"level":"debug","message":"(console:log) {\n  type: 'echarts@v5a',\n  width: 848,\n  height: 409,\n  option: { radar: [ [Object] ], series: [ [Object] ] }\n}","meta":{"userLevel":true,"rootId":"m0jxqsy175xt28c","id":"wk9qhchvxc4xfus"},"id":"0mfo811x23b8tqi","previousOperationId":"zj4hm8epd8s83ug"}
{"type":"operationEnd","operationId":"zj4hm8epd8s83ug","timestamp":1767180542990,"id":"saiw3ukejpj4z74","previousEventId":"yi6dy3dpl78ugmi","previousOperationId":"zj4hm8epd8s83ug"}
{"type":"operationStart","subtype":"recipe","name":"html","timestamp":1767180543012,"id":"ugelxumuhmw2c33","previousEventId":"saiw3ukejpj4z74","operationId":"j2cm5df5cwdtm45","previousOperationId":"zj4hm8epd8s83ug"}
{"type":"log","timestamp":1767180543012,"level":"debug","message":"Executing recipe html","meta":{"rootId":"m0jxqsy175xt28c","id":"wk9qhchvxc4xfus"},"id":"zvz02behzyp2w4m","previousOperationId":"j2cm5df5cwdtm45"}
{"type":"operationEnd","operationId":"j2cm5df5cwdtm45","timestamp":1767180543012,"id":"oomqndk0k0j7amg","previousEventId":"ugelxumuhmw2c33","previousOperationId":"j2cm5df5cwdtm45"}
{"type":"log","timestamp":1767180543012,"level":"debug","message":"Skipping storing report.","meta":{"rootId":"m0jxqsy175xt28c","id":"wk9qhchvxc4xfus"},"id":"bwyrs0pu8cv7kt8","previousOperationId":"j2cm5df5cwdtm45"}
{"type":"log","timestamp":1767180543012,"level":"info","message":"Rendering (child) request finished in 2394 ms","meta":{"rootId":"m0jxqsy175xt28c","id":"wk9qhchvxc4xfus"},"id":"u6opp4535imprbk","previousOperationId":"j2cm5df5cwdtm45"}
{"type":"operationEnd","subtype":"render","operationId":"clhh4nf3imjk8qo","timestamp":1767180543012,"id":"uoci07nlqzqyl99","previousEventId":"oomqndk0k0j7amg","previousOperationId":"j2cm5df5cwdtm45"}
{"type":"log","timestamp":1767180549155,"level":"debug","message":"pptx successfully zipped","meta":{"rootId":"m0jxqsy175xt28c","id":"m0jxqsy175xt28c"},"id":"cltmnnxwlb41t0l","previousOperationId":"98uji93dbt1olgg"}
{"type":"log","timestamp":1767180549156,"level":"info","message":"pptx generation was finished","meta":{"rootId":"m0jxqsy175xt28c","id":"m0jxqsy175xt28c"},"id":"gn1r187zk7ovyif","previousOperationId":"98uji93dbt1olgg"}
{"type":"operationEnd","operationId":"98uji93dbt1olgg","timestamp":1767180549165,"id":"z5tbp4bes0vauoy","previousEventId":"z8g87t47o2hbgpd","previousOperationId":"98uji93dbt1olgg"}
{"type":"log","timestamp":1767180549165,"level":"debug","message":"Skipping storing report.","meta":{"rootId":"m0jxqsy175xt28c","id":"m0jxqsy175xt28c"},"id":"em7es1no5rvqlx1","previousOperationId":"98uji93dbt1olgg"}
{"type":"log","timestamp":1767180549166,"level":"info","message":"Rendering request 34 finished in 8548 ms","meta":{"rootId":"m0jxqsy175xt28c","id":"m0jxqsy175xt28c"},"id":"edzp0g4igj5ymz2","previousOperationId":"98uji93dbt1olgg"}
{"type":"operationEnd","subtype":"render","operationId":"cuao5j0aq8efz4f","timestamp":1767180549166,"id":"mvdyh6p3wizibre","previousEventId":"z5tbp4bes0vauoy","previousOperationId":"98uji93dbt1olgg"}
{"type":"operationEnd","doDiffs":false,"previousEventId":"kojmiuplme55h4m","previousOperationId":"kttyp5m73q18scf","operationId":"kttyp5m73q18scf","timestamp":1767180549173,"id":"fxy8btsy4azkrgi"}
