{"type":"operationStart","subtype":"profile","data":{"_id":"sFmcXtMgPMrJfFWu","timestamp":"2025-12-28T15:13:29.399Z","state":"running","mode":"standard","creationDate":"2025-12-28T15:13:29.410Z","modificationDate":"2025-12-28T15:13:29.410Z","shortid":"B6DUF7M","$entitySet":"profiles","timeout":60000},"doDiffs":false,"timestamp":1766934809406,"id":"4rxkpqvkt4ye94x","previousOperationId":null,"operationId":"gy02skdky2eot7c"}
{"type":"log","level":"info","message":"Render request 3 queued for execution and waiting for available worker","previousOperationId":"gy02skdky2eot7c","timestamp":1766934809406,"id":"zao8v0tk78glku7"}
{"type":"operationStart","subtype":"render","name":"anonymous","previousOperationId":"gy02skdky2eot7c","timestamp":1766934809478,"id":"rh5snoibo1whqt4","previousEventId":"4rxkpqvkt4ye94x","operationId":"kbudfmgryhqgfck"}
{"type":"log","timestamp":1766934809479,"level":"info","message":"Starting rendering request 3","meta":{"rootId":"m143rha3hdxdvva","id":"m143rha3hdxdvva"},"id":"6jui9u04cbxa34x","previousOperationId":"kbudfmgryhqgfck"}
{"type":"log","timestamp":1766934809479,"level":"info","message":"Rendering anonymous template { recipe: pptx, engine: handlebars }","meta":{"rootId":"m143rha3hdxdvva","id":"m143rha3hdxdvva"},"id":"2cfcxb7gn077tue","previousOperationId":"kbudfmgryhqgfck"}
{"type":"log","timestamp":1766934809479,"level":"debug","message":"Inline data specified.","meta":{"rootId":"m143rha3hdxdvva","id":"m143rha3hdxdvva"},"id":"6afu2yk9tv1zhro","previousOperationId":"kbudfmgryhqgfck"}
{"type":"log","timestamp":1766934809481,"level":"debug","message":"Base url not specified, skipping its injection.","meta":{"rootId":"m143rha3hdxdvva","id":"m143rha3hdxdvva"},"id":"zul72ob4x85tqdm","previousOperationId":"kbudfmgryhqgfck"}
{"type":"operationStart","subtype":"engine","name":"handlebars","timestamp":1766934809482,"id":"4437kb44w0lqta5","previousEventId":"rh5snoibo1whqt4","operationId":"1r40h6vhcokletc","previousOperationId":"kbudfmgryhqgfck"}
{"type":"log","timestamp":1766934809482,"level":"debug","message":"Rendering engine handlebars","meta":{"rootId":"m143rha3hdxdvva","id":"m143rha3hdxdvva"},"id":"8vzj0p1ztucxnt9","previousOperationId":"1r40h6vhcokletc"}
{"type":"operationEnd","operationId":"1r40h6vhcokletc","timestamp":1766934809502,"id":"vk3fip4u5uh952f","previousEventId":"4437kb44w0lqta5","previousOperationId":"1r40h6vhcokletc"}
{"type":"operationStart","subtype":"recipe","name":"pptx","timestamp":1766934809503,"id":"1y089a340st10oz","previousEventId":"vk3fip4u5uh952f","operationId":"a8sryae3vxca8u7","previousOperationId":"1r40h6vhcokletc"}
{"type":"log","timestamp":1766934809503,"level":"debug","message":"Executing recipe pptx","meta":{"rootId":"m143rha3hdxdvva","id":"m143rha3hdxdvva"},"id":"m3emkyoasxs25da","previousOperationId":"a8sryae3vxca8u7"}
{"type":"log","timestamp":1766934809533,"level":"info","message":"pptx generation is starting","meta":{"rootId":"m143rha3hdxdvva","id":"m143rha3hdxdvva"},"id":"fpo1ttaekfixulz","previousOperationId":"a8sryae3vxca8u7"}
{"type":"log","timestamp":1766934811219,"level":"debug","message":"Starting child request to render pptx dynamic parts","meta":{"rootId":"m143rha3hdxdvva","id":"m143rha3hdxdvva"},"id":"5pd6hiap5kq0lip","previousOperationId":"a8sryae3vxca8u7"}
{"type":"operationStart","subtype":"render","name":"anonymous","previousOperationId":"a8sryae3vxca8u7","timestamp":1766934811219,"id":"5d0m82elluk7cfb","previousEventId":"1y089a340st10oz","operationId":"p7et4fzzjym53nl"}
{"type":"log","timestamp":1766934811219,"level":"info","message":"Starting rendering (child) request","meta":{"rootId":"m143rha3hdxdvva","id":"gp2cd1a4lsehc23"},"id":"kb4t1sboewbbahq","previousOperationId":"p7et4fzzjym53nl"}
{"type":"log","timestamp":1766934811220,"level":"info","message":"Rendering anonymous template { recipe: html, engine: handlebars }","meta":{"rootId":"m143rha3hdxdvva","id":"gp2cd1a4lsehc23"},"id":"x9xph611ay22ycd","previousOperationId":"p7et4fzzjym53nl"}
{"type":"log","timestamp":1766934811220,"level":"debug","message":"Inline data specified.","meta":{"rootId":"m143rha3hdxdvva","id":"gp2cd1a4lsehc23"},"id":"5f3vr0x2jgzhxkx","previousOperationId":"p7et4fzzjym53nl"}
{"type":"log","timestamp":1766934811225,"level":"debug","message":"Base url not specified, skipping its injection.","meta":{"rootId":"m143rha3hdxdvva","id":"gp2cd1a4lsehc23"},"id":"19br3fu9pig6nkk","previousOperationId":"p7et4fzzjym53nl"}
{"type":"operationStart","subtype":"engine","name":"handlebars","timestamp":1766934811227,"id":"ssw6s0dh9ivj9sl","previousEventId":"5d0m82elluk7cfb","operationId":"3ob9huchl7ei598","previousOperationId":"p7et4fzzjym53nl"}
{"type":"log","timestamp":1766934811227,"level":"debug","message":"Rendering engine handlebars","meta":{"rootId":"m143rha3hdxdvva","id":"gp2cd1a4lsehc23"},"id":"ae4nzjsea30cmfp","previousOperationId":"3ob9huchl7ei598"}
{"type":"log","timestamp":1766934811402,"level":"debug","message":"(console:log) {\n  type: 'echarts@v5a',\n  width: 848,\n  height: 409,\n  option: { radar: [ [Object] ], series: [ [Object] ] }\n}","meta":{"userLevel":true,"rootId":"m143rha3hdxdvva","id":"gp2cd1a4lsehc23"},"id":"wgvn5onovaiiw31","previousOperationId":"3ob9huchl7ei598"}
{"type":"operationEnd","operationId":"3ob9huchl7ei598","timestamp":1766934811413,"id":"ekovtfppizvj4qq","previousEventId":"ssw6s0dh9ivj9sl","previousOperationId":"3ob9huchl7ei598"}
{"type":"operationStart","subtype":"recipe","name":"html","timestamp":1766934811429,"id":"4673efelazuvp4i","previousEventId":"ekovtfppizvj4qq","operationId":"rupulnfbsgbx0ms","previousOperationId":"3ob9huchl7ei598"}
{"type":"log","timestamp":1766934811429,"level":"debug","message":"Executing recipe html","meta":{"rootId":"m143rha3hdxdvva","id":"gp2cd1a4lsehc23"},"id":"lhmds4ixcd1ab2x","previousOperationId":"rupulnfbsgbx0ms"}
{"type":"operationEnd","operationId":"rupulnfbsgbx0ms","timestamp":1766934811429,"id":"42i5vu84t7mn1bf","previousEventId":"4673efelazuvp4i","previousOperationId":"rupulnfbsgbx0ms"}
{"type":"log","timestamp":1766934811429,"level":"debug","message":"Skipping storing report.","meta":{"rootId":"m143rha3hdxdvva","id":"gp2cd1a4lsehc23"},"id":"aghus7ds79s8ppo","previousOperationId":"rupulnfbsgbx0ms"}
{"type":"log","timestamp":1766934811429,"level":"info","message":"Rendering (child) request finished in 2034 ms","meta":{"rootId":"m143rha3hdxdvva","id":"gp2cd1a4lsehc23"},"id":"yhylkveatw26013","previousOperationId":"rupulnfbsgbx0ms"}
{"type":"operationEnd","subtype":"render","operationId":"p7et4fzzjym53nl","timestamp":1766934811430,"id":"0x100oygj8inqlj","previousEventId":"42i5vu84t7mn1bf","previousOperationId":"rupulnfbsgbx0ms"}
{"type":"log","timestamp":1766934819448,"level":"debug","message":"pptx successfully zipped","meta":{"rootId":"m143rha3hdxdvva","id":"m143rha3hdxdvva"},"id":"7gxz31avnmbhhb4","previousOperationId":"a8sryae3vxca8u7"}
{"type":"log","timestamp":1766934819448,"level":"info","message":"pptx generation was finished","meta":{"rootId":"m143rha3hdxdvva","id":"m143rha3hdxdvva"},"id":"gifm9f2bk9yhsxi","previousOperationId":"a8sryae3vxca8u7"}
{"type":"operationEnd","operationId":"a8sryae3vxca8u7","timestamp":1766934819458,"id":"xpwk7xn3g4txcta","previousEventId":"1y089a340st10oz","previousOperationId":"a8sryae3vxca8u7"}
{"type":"log","timestamp":1766934819458,"level":"debug","message":"Skipping storing report.","meta":{"rootId":"m143rha3hdxdvva","id":"m143rha3hdxdvva"},"id":"k1hvvry1kxg795a","previousOperationId":"a8sryae3vxca8u7"}
{"type":"log","timestamp":1766934819458,"level":"info","message":"Rendering request 3 finished in 10063 ms","meta":{"rootId":"m143rha3hdxdvva","id":"m143rha3hdxdvva"},"id":"6h04yidfvp0dcmm","previousOperationId":"a8sryae3vxca8u7"}
{"type":"operationEnd","subtype":"render","operationId":"kbudfmgryhqgfck","timestamp":1766934819458,"id":"av554ockffohcpn","previousEventId":"xpwk7xn3g4txcta","previousOperationId":"a8sryae3vxca8u7"}
{"type":"operationEnd","doDiffs":false,"previousEventId":"4rxkpqvkt4ye94x","previousOperationId":"gy02skdky2eot7c","operationId":"gy02skdky2eot7c","timestamp":1766934819468,"id":"mgbsdz73rmml9us"}
