{"type":"operationStart","subtype":"profile","data":{"_id":"87g4upVlfmORYJ9r","timestamp":"2026-01-01T12:45:16.897Z","state":"running","mode":"standard","creationDate":"2026-01-01T12:45:16.906Z","modificationDate":"2026-01-01T12:45:16.906Z","shortid":"I3TqFwE","$entitySet":"profiles","timeout":60000},"doDiffs":false,"timestamp":1767271516902,"id":"f9idvyoo9fjig89","previousOperationId":null,"operationId":"sx64o3t0rw87krz"}
{"type":"log","level":"info","message":"Render request 1 queued for execution and waiting for available worker","previousOperationId":"sx64o3t0rw87krz","timestamp":1767271516902,"id":"rtzzk6tokgedsh0"}
{"type":"operationStart","subtype":"render","name":"anonymous","previousOperationId":"sx64o3t0rw87krz","timestamp":1767271516981,"id":"djq786grluejz1i","previousEventId":"f9idvyoo9fjig89","operationId":"6x56f7kppq9zpqt"}
{"type":"log","timestamp":1767271516983,"level":"info","message":"Starting rendering request 1","meta":{"rootId":"m1g95ioe2jpdqaq","id":"m1g95ioe2jpdqaq"},"id":"o63x62sx826nqvm","previousOperationId":"6x56f7kppq9zpqt"}
{"type":"log","timestamp":1767271516985,"level":"info","message":"Rendering anonymous template { recipe: pptx, engine: handlebars }","meta":{"rootId":"m1g95ioe2jpdqaq","id":"m1g95ioe2jpdqaq"},"id":"5ga7jlxn65ipjaa","previousOperationId":"6x56f7kppq9zpqt"}
{"type":"log","timestamp":1767271516986,"level":"debug","message":"Inline data specified.","meta":{"rootId":"m1g95ioe2jpdqaq","id":"m1g95ioe2jpdqaq"},"id":"2gfiimsjij2xb47","previousOperationId":"6x56f7kppq9zpqt"}
{"type":"log","timestamp":1767271516999,"level":"debug","message":"Base url not specified, skipping its injection.","meta":{"rootId":"m1g95ioe2jpdqaq","id":"m1g95ioe2jpdqaq"},"id":"nmq1oz52xt7fogf","previousOperationId":"6x56f7kppq9zpqt"}
{"type":"operationStart","subtype":"engine","name":"handlebars","timestamp":1767271517002,"id":"z252zr0rt90v3i8","previousEventId":"djq786grluejz1i","operationId":"gisqtegwhhxx44e","previousOperationId":"6x56f7kppq9zpqt"}
{"type":"log","timestamp":1767271517002,"level":"debug","message":"Rendering engine handlebars","meta":{"rootId":"m1g95ioe2jpdqaq","id":"m1g95ioe2jpdqaq"},"id":"mf6tpumb62u88db","previousOperationId":"gisqtegwhhxx44e"}
{"type":"operationEnd","operationId":"gisqtegwhhxx44e","timestamp":1767271518288,"id":"0obvm9acupw7ybu","previousEventId":"z252zr0rt90v3i8","previousOperationId":"gisqtegwhhxx44e"}
{"type":"operationStart","subtype":"recipe","name":"pptx","timestamp":1767271518290,"id":"ajeopuoxqzhmbgv","previousEventId":"0obvm9acupw7ybu","operationId":"qj3cerljujww2wo","previousOperationId":"gisqtegwhhxx44e"}
{"type":"log","timestamp":1767271518290,"level":"debug","message":"Executing recipe pptx","meta":{"rootId":"m1g95ioe2jpdqaq","id":"m1g95ioe2jpdqaq"},"id":"rcv5xx5qh3b00b0","previousOperationId":"qj3cerljujww2wo"}
{"type":"log","timestamp":1767271518547,"level":"info","message":"pptx generation is starting","meta":{"rootId":"m1g95ioe2jpdqaq","id":"m1g95ioe2jpdqaq"},"id":"l7xvx75e9yxutni","previousOperationId":"qj3cerljujww2wo"}
{"type":"log","timestamp":1767271520709,"level":"debug","message":"Starting child request to render pptx dynamic parts","meta":{"rootId":"m1g95ioe2jpdqaq","id":"m1g95ioe2jpdqaq"},"id":"z9ysagqpunmf2ak","previousOperationId":"qj3cerljujww2wo"}
{"type":"operationStart","subtype":"render","name":"anonymous","previousOperationId":"qj3cerljujww2wo","timestamp":1767271520710,"id":"xnxgz9rnc7ysdvb","previousEventId":"ajeopuoxqzhmbgv","operationId":"jfgwm5liqnyk12f"}
{"type":"log","timestamp":1767271520710,"level":"info","message":"Starting rendering (child) request","meta":{"rootId":"m1g95ioe2jpdqaq","id":"37w6hhvs24ez3a1"},"id":"ki5bv7q6a9kbzds","previousOperationId":"jfgwm5liqnyk12f"}
{"type":"log","timestamp":1767271520711,"level":"info","message":"Rendering anonymous template { recipe: html, engine: handlebars }","meta":{"rootId":"m1g95ioe2jpdqaq","id":"37w6hhvs24ez3a1"},"id":"14dufg9r9ko8y0e","previousOperationId":"jfgwm5liqnyk12f"}
{"type":"log","timestamp":1767271520711,"level":"debug","message":"Inline data specified.","meta":{"rootId":"m1g95ioe2jpdqaq","id":"37w6hhvs24ez3a1"},"id":"zewwvpcq755nktv","previousOperationId":"jfgwm5liqnyk12f"}
{"type":"log","timestamp":1767271520718,"level":"debug","message":"Base url not specified, skipping its injection.","meta":{"rootId":"m1g95ioe2jpdqaq","id":"37w6hhvs24ez3a1"},"id":"rymbvreog0q7l8e","previousOperationId":"jfgwm5liqnyk12f"}
{"type":"operationStart","subtype":"engine","name":"handlebars","timestamp":1767271520721,"id":"i3pn4upsyzhj5hg","previousEventId":"xnxgz9rnc7ysdvb","operationId":"44xo4tu9ny4heqb","previousOperationId":"jfgwm5liqnyk12f"}
{"type":"log","timestamp":1767271520721,"level":"debug","message":"Rendering engine handlebars","meta":{"rootId":"m1g95ioe2jpdqaq","id":"37w6hhvs24ez3a1"},"id":"qmnfrpxpzrc67hi","previousOperationId":"44xo4tu9ny4heqb"}
{"type":"log","timestamp":1767271521019,"level":"debug","message":"(console:log) {\n  type: 'echarts@v5a',\n  width: 848,\n  height: 409,\n  option: { radar: [ [Object] ], series: [ [Object] ] }\n}","meta":{"userLevel":true,"rootId":"m1g95ioe2jpdqaq","id":"37w6hhvs24ez3a1"},"id":"49mfphx45idu1oz","previousOperationId":"44xo4tu9ny4heqb"}
{"type":"operationEnd","operationId":"44xo4tu9ny4heqb","timestamp":1767271521036,"id":"o0tapqwoj5e56cs","previousEventId":"i3pn4upsyzhj5hg","previousOperationId":"44xo4tu9ny4heqb"}
{"type":"operationStart","subtype":"recipe","name":"html","timestamp":1767271521059,"id":"0nzptmtkjneuv9f","previousEventId":"o0tapqwoj5e56cs","operationId":"7avbbk4ewf423oz","previousOperationId":"44xo4tu9ny4heqb"}
{"type":"log","timestamp":1767271521059,"level":"debug","message":"Executing recipe html","meta":{"rootId":"m1g95ioe2jpdqaq","id":"37w6hhvs24ez3a1"},"id":"9yppdcmut00bqve","previousOperationId":"7avbbk4ewf423oz"}
{"type":"operationEnd","operationId":"7avbbk4ewf423oz","timestamp":1767271521060,"id":"pe87jh0pn3plg4u","previousEventId":"0nzptmtkjneuv9f","previousOperationId":"7avbbk4ewf423oz"}
{"type":"log","timestamp":1767271521061,"level":"debug","message":"Skipping storing report.","meta":{"rootId":"m1g95ioe2jpdqaq","id":"37w6hhvs24ez3a1"},"id":"zya06qa4jyxcj02","previousOperationId":"7avbbk4ewf423oz"}
{"type":"log","timestamp":1767271521061,"level":"info","message":"Rendering (child) request finished in 4166 ms","meta":{"rootId":"m1g95ioe2jpdqaq","id":"37w6hhvs24ez3a1"},"id":"2s0xcwt4vlbmo8p","previousOperationId":"7avbbk4ewf423oz"}
{"type":"operationEnd","subtype":"render","operationId":"jfgwm5liqnyk12f","timestamp":1767271521061,"id":"2gyhcmrp2ey8ng3","previousEventId":"pe87jh0pn3plg4u","previousOperationId":"7avbbk4ewf423oz"}
{"type":"log","timestamp":1767271529445,"level":"debug","message":"pptx successfully zipped","meta":{"rootId":"m1g95ioe2jpdqaq","id":"m1g95ioe2jpdqaq"},"id":"whx5y8n3j4xk45j","previousOperationId":"qj3cerljujww2wo"}
{"type":"log","timestamp":1767271529445,"level":"info","message":"pptx generation was finished","meta":{"rootId":"m1g95ioe2jpdqaq","id":"m1g95ioe2jpdqaq"},"id":"kn3yc7sywkzaibp","previousOperationId":"qj3cerljujww2wo"}
{"type":"operationEnd","operationId":"qj3cerljujww2wo","timestamp":1767271529461,"id":"wv0ev9jpd1m2g4x","previousEventId":"ajeopuoxqzhmbgv","previousOperationId":"qj3cerljujww2wo"}
{"type":"log","timestamp":1767271529461,"level":"debug","message":"Skipping storing report.","meta":{"rootId":"m1g95ioe2jpdqaq","id":"m1g95ioe2jpdqaq"},"id":"omxnup4yg97d45r","previousOperationId":"qj3cerljujww2wo"}
{"type":"log","timestamp":1767271529461,"level":"info","message":"Rendering request 1 finished in 12566 ms","meta":{"rootId":"m1g95ioe2jpdqaq","id":"m1g95ioe2jpdqaq"},"id":"gl1zvgosb7cx3y1","previousOperationId":"qj3cerljujww2wo"}
{"type":"operationEnd","subtype":"render","operationId":"6x56f7kppq9zpqt","timestamp":1767271529461,"id":"cpyv26xp3f80sy2","previousEventId":"wv0ev9jpd1m2g4x","previousOperationId":"qj3cerljujww2wo"}
{"type":"operationEnd","doDiffs":false,"previousEventId":"f9idvyoo9fjig89","previousOperationId":"sx64o3t0rw87krz","operationId":"sx64o3t0rw87krz","timestamp":1767271529468,"id":"fdstrwq7c1qdoji"}
