{"type":"operationStart","subtype":"profile","data":{"_id":"CO49O9BQjGbW7V1f","timestamp":"2025-12-28T14:17:53.835Z","state":"running","mode":"standard","creationDate":"2025-12-28T14:17:53.838Z","modificationDate":"2025-12-28T14:17:53.838Z","shortid":"itKoB55","$entitySet":"profiles","timeout":60000},"doDiffs":false,"timestamp":1766931473837,"id":"igxyl2ksk95kvqt","previousOperationId":null,"operationId":"iq8k7tw0p8pf5rq"}
{"type":"log","level":"info","message":"Render request 9 queued for execution and waiting for available worker","previousOperationId":"iq8k7tw0p8pf5rq","timestamp":1766931473837,"id":"zxri6u6ad6k5nqh"}
{"type":"operationStart","subtype":"render","name":"anonymous","previousOperationId":"iq8k7tw0p8pf5rq","timestamp":1766931473892,"id":"s1h4nejds9dczkq","previousEventId":"igxyl2ksk95kvqt","operationId":"fl9kkcc9st4jf4b"}
{"type":"log","timestamp":1766931473893,"level":"info","message":"Starting rendering request 9","meta":{"rootId":"m42ivzfs21mz7ls","id":"m42ivzfs21mz7ls"},"id":"7842hkot2f99guj","previousOperationId":"fl9kkcc9st4jf4b"}
{"type":"log","timestamp":1766931473893,"level":"info","message":"Rendering anonymous template { recipe: pptx, engine: handlebars }","meta":{"rootId":"m42ivzfs21mz7ls","id":"m42ivzfs21mz7ls"},"id":"3knegmcszst9qsu","previousOperationId":"fl9kkcc9st4jf4b"}
{"type":"log","timestamp":1766931473893,"level":"debug","message":"Inline data specified.","meta":{"rootId":"m42ivzfs21mz7ls","id":"m42ivzfs21mz7ls"},"id":"eyur04dxo6fdzx3","previousOperationId":"fl9kkcc9st4jf4b"}
{"type":"log","timestamp":1766931473895,"level":"debug","message":"Base url not specified, skipping its injection.","meta":{"rootId":"m42ivzfs21mz7ls","id":"m42ivzfs21mz7ls"},"id":"rtq2o3mqdvr6or0","previousOperationId":"fl9kkcc9st4jf4b"}
{"type":"operationStart","subtype":"engine","name":"handlebars","timestamp":1766931473895,"id":"n3k7piq9al1ce8i","previousEventId":"s1h4nejds9dczkq","operationId":"9s6r6nbv2gp8b7m","previousOperationId":"fl9kkcc9st4jf4b"}
{"type":"log","timestamp":1766931473895,"level":"debug","message":"Rendering engine handlebars","meta":{"rootId":"m42ivzfs21mz7ls","id":"m42ivzfs21mz7ls"},"id":"zn23qy2x15umm8n","previousOperationId":"9s6r6nbv2gp8b7m"}
{"type":"operationEnd","operationId":"9s6r6nbv2gp8b7m","timestamp":1766931473919,"id":"w4cz59zqvncrf84","previousEventId":"n3k7piq9al1ce8i","previousOperationId":"9s6r6nbv2gp8b7m"}
{"type":"operationStart","subtype":"recipe","name":"pptx","timestamp":1766931473920,"id":"yfsgill03efu82w","previousEventId":"w4cz59zqvncrf84","operationId":"zunbxpdm8y5fz4h","previousOperationId":"9s6r6nbv2gp8b7m"}
{"type":"log","timestamp":1766931473920,"level":"debug","message":"Executing recipe pptx","meta":{"rootId":"m42ivzfs21mz7ls","id":"m42ivzfs21mz7ls"},"id":"0ds9e3ei3a4tydq","previousOperationId":"zunbxpdm8y5fz4h"}
{"type":"log","timestamp":1766931473947,"level":"info","message":"pptx generation is starting","meta":{"rootId":"m42ivzfs21mz7ls","id":"m42ivzfs21mz7ls"},"id":"fuq2bi7v7sbtmhg","previousOperationId":"zunbxpdm8y5fz4h"}
{"type":"log","timestamp":1766931475023,"level":"debug","message":"Starting child request to render pptx dynamic parts","meta":{"rootId":"m42ivzfs21mz7ls","id":"m42ivzfs21mz7ls"},"id":"zfzl5452skytvwo","previousOperationId":"zunbxpdm8y5fz4h"}
{"type":"operationStart","subtype":"render","name":"anonymous","previousOperationId":"zunbxpdm8y5fz4h","timestamp":1766931475024,"id":"juc3fc84jafikop","previousEventId":"yfsgill03efu82w","operationId":"yplufrzg264dva7"}
{"type":"log","timestamp":1766931475024,"level":"info","message":"Starting rendering (child) request","meta":{"rootId":"m42ivzfs21mz7ls","id":"4uehh7dd5en6w0o"},"id":"29vgdr708w8alfh","previousOperationId":"yplufrzg264dva7"}
{"type":"log","timestamp":1766931475024,"level":"info","message":"Rendering anonymous template { recipe: html, engine: handlebars }","meta":{"rootId":"m42ivzfs21mz7ls","id":"4uehh7dd5en6w0o"},"id":"vw7h3zubl3wyjq8","previousOperationId":"yplufrzg264dva7"}
{"type":"log","timestamp":1766931475024,"level":"debug","message":"Inline data specified.","meta":{"rootId":"m42ivzfs21mz7ls","id":"4uehh7dd5en6w0o"},"id":"0bptcalrkqeex3u","previousOperationId":"yplufrzg264dva7"}
{"type":"log","timestamp":1766931475029,"level":"debug","message":"Base url not specified, skipping its injection.","meta":{"rootId":"m42ivzfs21mz7ls","id":"4uehh7dd5en6w0o"},"id":"qrqvc4r7eucbd9t","previousOperationId":"yplufrzg264dva7"}
{"type":"operationStart","subtype":"engine","name":"handlebars","timestamp":1766931475030,"id":"psawaemtnn5lw7v","previousEventId":"juc3fc84jafikop","operationId":"le6qq5aa2n44ecs","previousOperationId":"yplufrzg264dva7"}
{"type":"log","timestamp":1766931475030,"level":"debug","message":"Rendering engine handlebars","meta":{"rootId":"m42ivzfs21mz7ls","id":"4uehh7dd5en6w0o"},"id":"ukjvdh1vdrikd19","previousOperationId":"le6qq5aa2n44ecs"}
{"type":"log","timestamp":1766931475143,"level":"debug","message":"(console:log) {\n  type: 'echarts@v5a',\n  width: 848,\n  height: 409,\n  option: { radar: [ [Object] ], series: [ [Object] ] }\n}","meta":{"userLevel":true,"rootId":"m42ivzfs21mz7ls","id":"4uehh7dd5en6w0o"},"id":"ijza908vvy6qvam","previousOperationId":"le6qq5aa2n44ecs"}
{"type":"operationEnd","operationId":"le6qq5aa2n44ecs","timestamp":1766931475149,"id":"tt0csxsh16qzvgh","previousEventId":"psawaemtnn5lw7v","previousOperationId":"le6qq5aa2n44ecs"}
{"type":"operationStart","subtype":"recipe","name":"html","timestamp":1766931475158,"id":"pv3tb0ydpghtdyn","previousEventId":"tt0csxsh16qzvgh","operationId":"qaxd6r6gyquidvc","previousOperationId":"le6qq5aa2n44ecs"}
{"type":"log","timestamp":1766931475158,"level":"debug","message":"Executing recipe html","meta":{"rootId":"m42ivzfs21mz7ls","id":"4uehh7dd5en6w0o"},"id":"4f676m9bjju95o6","previousOperationId":"qaxd6r6gyquidvc"}
{"type":"operationEnd","operationId":"qaxd6r6gyquidvc","timestamp":1766931475158,"id":"qh075t3k6i9urvg","previousEventId":"pv3tb0ydpghtdyn","previousOperationId":"qaxd6r6gyquidvc"}
{"type":"log","timestamp":1766931475158,"level":"debug","message":"Skipping storing report.","meta":{"rootId":"m42ivzfs21mz7ls","id":"4uehh7dd5en6w0o"},"id":"qdxalaz2gf05qzw","previousOperationId":"qaxd6r6gyquidvc"}
{"type":"log","timestamp":1766931475158,"level":"info","message":"Rendering (child) request finished in 1324 ms","meta":{"rootId":"m42ivzfs21mz7ls","id":"4uehh7dd5en6w0o"},"id":"npdgfa0aduizjua","previousOperationId":"qaxd6r6gyquidvc"}
{"type":"operationEnd","subtype":"render","operationId":"yplufrzg264dva7","timestamp":1766931475158,"id":"71k23894hlq40vb","previousEventId":"qh075t3k6i9urvg","previousOperationId":"qaxd6r6gyquidvc"}
{"type":"log","timestamp":1766931478936,"level":"debug","message":"pptx successfully zipped","meta":{"rootId":"m42ivzfs21mz7ls","id":"m42ivzfs21mz7ls"},"id":"vu7puzrbfgx7ipx","previousOperationId":"zunbxpdm8y5fz4h"}
{"type":"log","timestamp":1766931478936,"level":"info","message":"pptx generation was finished","meta":{"rootId":"m42ivzfs21mz7ls","id":"m42ivzfs21mz7ls"},"id":"q1ucux9mp06qslj","previousOperationId":"zunbxpdm8y5fz4h"}
{"type":"operationEnd","operationId":"zunbxpdm8y5fz4h","timestamp":1766931478943,"id":"0snxhoomt6woj3k","previousEventId":"yfsgill03efu82w","previousOperationId":"zunbxpdm8y5fz4h"}
{"type":"log","timestamp":1766931478944,"level":"debug","message":"Skipping storing report.","meta":{"rootId":"m42ivzfs21mz7ls","id":"m42ivzfs21mz7ls"},"id":"0ynml8c2ty13krx","previousOperationId":"zunbxpdm8y5fz4h"}
{"type":"log","timestamp":1766931478944,"level":"info","message":"Rendering request 9 finished in 5110 ms","meta":{"rootId":"m42ivzfs21mz7ls","id":"m42ivzfs21mz7ls"},"id":"xw065mby33v75pg","previousOperationId":"zunbxpdm8y5fz4h"}
{"type":"operationEnd","subtype":"render","operationId":"fl9kkcc9st4jf4b","timestamp":1766931478944,"id":"2nwp08zo3ucjkh0","previousEventId":"0snxhoomt6woj3k","previousOperationId":"zunbxpdm8y5fz4h"}
{"type":"operationEnd","doDiffs":false,"previousEventId":"igxyl2ksk95kvqt","previousOperationId":"iq8k7tw0p8pf5rq","operationId":"iq8k7tw0p8pf5rq","timestamp":1766931478948,"id":"h08fyiredhd403f"}
