{"type":"operationStart","subtype":"profile","data":{"_id":"N6HjzsjdCQYQaO0k","timestamp":"2025-12-31T19:57:49.823Z","state":"running","mode":"standard","creationDate":"2025-12-31T19:57:49.829Z","modificationDate":"2025-12-31T19:57:49.829Z","shortid":"DXYH1uR","$entitySet":"profiles","timeout":60000},"doDiffs":false,"timestamp":1767211069827,"id":"8a4huww8pb3kp02","previousOperationId":null,"operationId":"hukz8azqrjv590i"}
{"type":"log","level":"info","message":"Render request 2 queued for execution and waiting for available worker","previousOperationId":"hukz8azqrjv590i","timestamp":1767211069827,"id":"uomks8vcd27y6be"}
{"type":"operationStart","subtype":"render","name":"anonymous","previousOperationId":"hukz8azqrjv590i","timestamp":1767211069893,"id":"k3xt7iueexpjze7","previousEventId":"8a4huww8pb3kp02","operationId":"ykre47h6glfxzjk"}
{"type":"log","timestamp":1767211069895,"level":"info","message":"Starting rendering request 2","meta":{"rootId":"m5o2xenja151mez","id":"m5o2xenja151mez"},"id":"vayma5jggg6lgmx","previousOperationId":"ykre47h6glfxzjk"}
{"type":"log","timestamp":1767211069898,"level":"info","message":"Rendering anonymous template { recipe: pptx, engine: handlebars }","meta":{"rootId":"m5o2xenja151mez","id":"m5o2xenja151mez"},"id":"8zdet71ovs9g58b","previousOperationId":"ykre47h6glfxzjk"}
{"type":"log","timestamp":1767211069898,"level":"debug","message":"Inline data specified.","meta":{"rootId":"m5o2xenja151mez","id":"m5o2xenja151mez"},"id":"ys9zo2zbfnqvub8","previousOperationId":"ykre47h6glfxzjk"}
{"type":"log","timestamp":1767211069903,"level":"debug","message":"Base url not specified, skipping its injection.","meta":{"rootId":"m5o2xenja151mez","id":"m5o2xenja151mez"},"id":"irk03m5l2pkj16a","previousOperationId":"ykre47h6glfxzjk"}
{"type":"operationStart","subtype":"engine","name":"handlebars","timestamp":1767211069906,"id":"4ogdubwmawsv5v0","previousEventId":"k3xt7iueexpjze7","operationId":"rah8phtptewpxqa","previousOperationId":"ykre47h6glfxzjk"}
{"type":"log","timestamp":1767211069906,"level":"debug","message":"Rendering engine handlebars","meta":{"rootId":"m5o2xenja151mez","id":"m5o2xenja151mez"},"id":"zgosmh5f90iaumo","previousOperationId":"rah8phtptewpxqa"}
{"type":"operationEnd","operationId":"rah8phtptewpxqa","timestamp":1767211071103,"id":"vj6ayj5lh7r6ry8","previousEventId":"4ogdubwmawsv5v0","previousOperationId":"rah8phtptewpxqa"}
{"type":"operationStart","subtype":"recipe","name":"pptx","timestamp":1767211071104,"id":"3rtcqis5at7vz9r","previousEventId":"vj6ayj5lh7r6ry8","operationId":"374krj4zyoo1ypt","previousOperationId":"rah8phtptewpxqa"}
{"type":"log","timestamp":1767211071104,"level":"debug","message":"Executing recipe pptx","meta":{"rootId":"m5o2xenja151mez","id":"m5o2xenja151mez"},"id":"6600lfz4j0x4lue","previousOperationId":"374krj4zyoo1ypt"}
{"type":"log","timestamp":1767211071356,"level":"info","message":"pptx generation is starting","meta":{"rootId":"m5o2xenja151mez","id":"m5o2xenja151mez"},"id":"5edun6ttyykvpih","previousOperationId":"374krj4zyoo1ypt"}
{"type":"log","timestamp":1767211073481,"level":"debug","message":"Starting child request to render pptx dynamic parts","meta":{"rootId":"m5o2xenja151mez","id":"m5o2xenja151mez"},"id":"xbrx6btpm2kcxo2","previousOperationId":"374krj4zyoo1ypt"}
{"type":"operationStart","subtype":"render","name":"anonymous","previousOperationId":"374krj4zyoo1ypt","timestamp":1767211073482,"id":"fywwqrr9dx1l5dk","previousEventId":"3rtcqis5at7vz9r","operationId":"354z9ia91qrehmq"}
{"type":"log","timestamp":1767211073482,"level":"info","message":"Starting rendering (child) request","meta":{"rootId":"m5o2xenja151mez","id":"isjxtsmh0klzrdj"},"id":"tqxosnul3ufsk3z","previousOperationId":"354z9ia91qrehmq"}
{"type":"log","timestamp":1767211073483,"level":"info","message":"Rendering anonymous template { recipe: html, engine: handlebars }","meta":{"rootId":"m5o2xenja151mez","id":"isjxtsmh0klzrdj"},"id":"6cnq5viz3a263qt","previousOperationId":"354z9ia91qrehmq"}
{"type":"log","timestamp":1767211073483,"level":"debug","message":"Inline data specified.","meta":{"rootId":"m5o2xenja151mez","id":"isjxtsmh0klzrdj"},"id":"uzyti5h6jhdhi6q","previousOperationId":"354z9ia91qrehmq"}
{"type":"log","timestamp":1767211073489,"level":"debug","message":"Base url not specified, skipping its injection.","meta":{"rootId":"m5o2xenja151mez","id":"isjxtsmh0klzrdj"},"id":"sgf9tcch51vdw4o","previousOperationId":"354z9ia91qrehmq"}
{"type":"operationStart","subtype":"engine","name":"handlebars","timestamp":1767211073491,"id":"xyk3plgco3jhudn","previousEventId":"fywwqrr9dx1l5dk","operationId":"u84ujmzysaxm70v","previousOperationId":"354z9ia91qrehmq"}
{"type":"log","timestamp":1767211073492,"level":"debug","message":"Rendering engine handlebars","meta":{"rootId":"m5o2xenja151mez","id":"isjxtsmh0klzrdj"},"id":"wnc0t7wtxz8ks8q","previousOperationId":"u84ujmzysaxm70v"}
{"type":"log","timestamp":1767211073783,"level":"debug","message":"(console:log) {\n  type: 'echarts@v5a',\n  width: 848,\n  height: 409,\n  option: { radar: [ [Object] ], series: [ [Object] ] }\n}","meta":{"userLevel":true,"rootId":"m5o2xenja151mez","id":"isjxtsmh0klzrdj"},"id":"r2icd53k4omod7o","previousOperationId":"u84ujmzysaxm70v"}
{"type":"operationEnd","operationId":"u84ujmzysaxm70v","timestamp":1767211073799,"id":"2f64ytnokc91vja","previousEventId":"xyk3plgco3jhudn","previousOperationId":"u84ujmzysaxm70v"}
{"type":"operationStart","subtype":"recipe","name":"html","timestamp":1767211073822,"id":"wd8o17b9lbn8vqy","previousEventId":"2f64ytnokc91vja","operationId":"9t1u6njlmjdress","previousOperationId":"u84ujmzysaxm70v"}
{"type":"log","timestamp":1767211073822,"level":"debug","message":"Executing recipe html","meta":{"rootId":"m5o2xenja151mez","id":"isjxtsmh0klzrdj"},"id":"fuwhegh4wfyo9ak","previousOperationId":"9t1u6njlmjdress"}
{"type":"operationEnd","operationId":"9t1u6njlmjdress","timestamp":1767211073822,"id":"s56upqkwujrldo5","previousEventId":"wd8o17b9lbn8vqy","previousOperationId":"9t1u6njlmjdress"}
{"type":"log","timestamp":1767211073824,"level":"debug","message":"Skipping storing report.","meta":{"rootId":"m5o2xenja151mez","id":"isjxtsmh0klzrdj"},"id":"kc3epehuewt5890","previousOperationId":"9t1u6njlmjdress"}
{"type":"log","timestamp":1767211073824,"level":"info","message":"Rendering (child) request finished in 4005 ms","meta":{"rootId":"m5o2xenja151mez","id":"isjxtsmh0klzrdj"},"id":"yxn3z4e4scqxiee","previousOperationId":"9t1u6njlmjdress"}
{"type":"operationEnd","subtype":"render","operationId":"354z9ia91qrehmq","timestamp":1767211073824,"id":"fonb6ynt43wov6d","previousEventId":"s56upqkwujrldo5","previousOperationId":"9t1u6njlmjdress"}
{"type":"log","timestamp":1767211080792,"level":"debug","message":"pptx successfully zipped","meta":{"rootId":"m5o2xenja151mez","id":"m5o2xenja151mez"},"id":"x8byjedb5rdsmen","previousOperationId":"374krj4zyoo1ypt"}
{"type":"log","timestamp":1767211080792,"level":"info","message":"pptx generation was finished","meta":{"rootId":"m5o2xenja151mez","id":"m5o2xenja151mez"},"id":"3bsfs886je9kdci","previousOperationId":"374krj4zyoo1ypt"}
{"type":"operationEnd","operationId":"374krj4zyoo1ypt","timestamp":1767211080808,"id":"5apdt26z4l6t6uf","previousEventId":"3rtcqis5at7vz9r","previousOperationId":"374krj4zyoo1ypt"}
{"type":"log","timestamp":1767211080808,"level":"debug","message":"Skipping storing report.","meta":{"rootId":"m5o2xenja151mez","id":"m5o2xenja151mez"},"id":"i1vtrira8y29ob0","previousOperationId":"374krj4zyoo1ypt"}
{"type":"log","timestamp":1767211080808,"level":"info","message":"Rendering request 2 finished in 10989 ms","meta":{"rootId":"m5o2xenja151mez","id":"m5o2xenja151mez"},"id":"6zxftthn1bz4nif","previousOperationId":"374krj4zyoo1ypt"}
{"type":"operationEnd","subtype":"render","operationId":"ykre47h6glfxzjk","timestamp":1767211080808,"id":"y2usqaqlbrfrp76","previousEventId":"5apdt26z4l6t6uf","previousOperationId":"374krj4zyoo1ypt"}
{"type":"operationEnd","doDiffs":false,"previousEventId":"8a4huww8pb3kp02","previousOperationId":"hukz8azqrjv590i","operationId":"hukz8azqrjv590i","timestamp":1767211080818,"id":"892fbn5m11wxrln"}
