{"type":"operationStart","subtype":"profile","data":{"_id":"4tcWAKl6GSyvEcRb","timestamp":"2025-12-30T20:08:59.108Z","state":"running","mode":"standard","creationDate":"2025-12-30T20:08:59.124Z","modificationDate":"2025-12-30T20:08:59.124Z","shortid":"h9nP4D-","$entitySet":"profiles","timeout":60000},"doDiffs":false,"timestamp":1767125339121,"id":"zfc73g218v4limx","previousOperationId":null,"operationId":"ilj3zelsjowtuv5"}
{"type":"log","level":"info","message":"Render request 26 queued for execution and waiting for available worker","previousOperationId":"ilj3zelsjowtuv5","timestamp":1767125339121,"id":"1bjqbjjbqeo1zlt"}
{"type":"operationStart","subtype":"render","name":"anonymous","previousOperationId":"ilj3zelsjowtuv5","timestamp":1767125339167,"id":"ew7ulffw35bcd8w","previousEventId":"zfc73g218v4limx","operationId":"iu10dvdakco749c"}
{"type":"log","timestamp":1767125339168,"level":"info","message":"Starting rendering request 26","meta":{"rootId":"m6cliv49x8v2m3d","id":"m6cliv49x8v2m3d"},"id":"647ocnm392i58uw","previousOperationId":"iu10dvdakco749c"}
{"type":"log","timestamp":1767125339168,"level":"info","message":"Rendering anonymous template { recipe: pptx, engine: handlebars }","meta":{"rootId":"m6cliv49x8v2m3d","id":"m6cliv49x8v2m3d"},"id":"ichbujr01bni7us","previousOperationId":"iu10dvdakco749c"}
{"type":"log","timestamp":1767125339168,"level":"debug","message":"Inline data specified.","meta":{"rootId":"m6cliv49x8v2m3d","id":"m6cliv49x8v2m3d"},"id":"9q80z6tr40g32f0","previousOperationId":"iu10dvdakco749c"}
{"type":"log","timestamp":1767125339172,"level":"debug","message":"Base url not specified, skipping its injection.","meta":{"rootId":"m6cliv49x8v2m3d","id":"m6cliv49x8v2m3d"},"id":"t6b5rh3rrphajkc","previousOperationId":"iu10dvdakco749c"}
{"type":"operationStart","subtype":"engine","name":"handlebars","timestamp":1767125339173,"id":"5z83y4knboy58as","previousEventId":"ew7ulffw35bcd8w","operationId":"5hmnqegk75g3clv","previousOperationId":"iu10dvdakco749c"}
{"type":"log","timestamp":1767125339173,"level":"debug","message":"Rendering engine handlebars","meta":{"rootId":"m6cliv49x8v2m3d","id":"m6cliv49x8v2m3d"},"id":"xuypwfkuilgo3q1","previousOperationId":"5hmnqegk75g3clv"}
{"type":"operationEnd","operationId":"5hmnqegk75g3clv","timestamp":1767125339182,"id":"p4zjcy5qpv3ka39","previousEventId":"5z83y4knboy58as","previousOperationId":"5hmnqegk75g3clv"}
{"type":"operationStart","subtype":"recipe","name":"pptx","timestamp":1767125339182,"id":"o32nroltzzep1yv","previousEventId":"p4zjcy5qpv3ka39","operationId":"d95vc3bzt4k7fck","previousOperationId":"5hmnqegk75g3clv"}
{"type":"log","timestamp":1767125339182,"level":"debug","message":"Executing recipe pptx","meta":{"rootId":"m6cliv49x8v2m3d","id":"m6cliv49x8v2m3d"},"id":"0p3fn42oi9c52yf","previousOperationId":"d95vc3bzt4k7fck"}
{"type":"log","timestamp":1767125339197,"level":"info","message":"pptx generation is starting","meta":{"rootId":"m6cliv49x8v2m3d","id":"m6cliv49x8v2m3d"},"id":"mw59tz7o943b5er","previousOperationId":"d95vc3bzt4k7fck"}
{"type":"log","timestamp":1767125340327,"level":"debug","message":"Starting child request to render pptx dynamic parts","meta":{"rootId":"m6cliv49x8v2m3d","id":"m6cliv49x8v2m3d"},"id":"xehdrairlrodwui","previousOperationId":"d95vc3bzt4k7fck"}
{"type":"operationStart","subtype":"render","name":"anonymous","previousOperationId":"d95vc3bzt4k7fck","timestamp":1767125340327,"id":"fohkou55miklynl","previousEventId":"o32nroltzzep1yv","operationId":"wfc9t3jscjpasvq"}
{"type":"log","timestamp":1767125340327,"level":"info","message":"Starting rendering (child) request","meta":{"rootId":"m6cliv49x8v2m3d","id":"fvdz74jjp7ynzsg"},"id":"jpoed9bthk7c9u4","previousOperationId":"wfc9t3jscjpasvq"}
{"type":"log","timestamp":1767125340327,"level":"info","message":"Rendering anonymous template { recipe: html, engine: handlebars }","meta":{"rootId":"m6cliv49x8v2m3d","id":"fvdz74jjp7ynzsg"},"id":"0g4w6m9rfq60in7","previousOperationId":"wfc9t3jscjpasvq"}
{"type":"log","timestamp":1767125340327,"level":"debug","message":"Inline data specified.","meta":{"rootId":"m6cliv49x8v2m3d","id":"fvdz74jjp7ynzsg"},"id":"1aubvow575xlbly","previousOperationId":"wfc9t3jscjpasvq"}
{"type":"log","timestamp":1767125340332,"level":"debug","message":"Base url not specified, skipping its injection.","meta":{"rootId":"m6cliv49x8v2m3d","id":"fvdz74jjp7ynzsg"},"id":"tm0f8h5jriluuw8","previousOperationId":"wfc9t3jscjpasvq"}
{"type":"operationStart","subtype":"engine","name":"handlebars","timestamp":1767125340333,"id":"6rf31nnig7v4pmq","previousEventId":"fohkou55miklynl","operationId":"p8icmc5vbb10c5v","previousOperationId":"wfc9t3jscjpasvq"}
{"type":"log","timestamp":1767125340333,"level":"debug","message":"Rendering engine handlebars","meta":{"rootId":"m6cliv49x8v2m3d","id":"fvdz74jjp7ynzsg"},"id":"200g0o1lw40or74","previousOperationId":"p8icmc5vbb10c5v"}
{"type":"log","timestamp":1767125340472,"level":"debug","message":"(console:log) {\n  type: 'echarts@v5a',\n  width: 848,\n  height: 409,\n  option: { radar: [ [Object] ], series: [ [Object] ] }\n}","meta":{"userLevel":true,"rootId":"m6cliv49x8v2m3d","id":"fvdz74jjp7ynzsg"},"id":"zewrf1k5l7wq02s","previousOperationId":"p8icmc5vbb10c5v"}
{"type":"operationEnd","operationId":"p8icmc5vbb10c5v","timestamp":1767125340479,"id":"tg6fr3g71k74j5v","previousEventId":"6rf31nnig7v4pmq","previousOperationId":"p8icmc5vbb10c5v"}
{"type":"operationStart","subtype":"recipe","name":"html","timestamp":1767125340491,"id":"8mrhs9zpgtnzu6u","previousEventId":"tg6fr3g71k74j5v","operationId":"5195tmkf5m7wo48","previousOperationId":"p8icmc5vbb10c5v"}
{"type":"log","timestamp":1767125340491,"level":"debug","message":"Executing recipe html","meta":{"rootId":"m6cliv49x8v2m3d","id":"fvdz74jjp7ynzsg"},"id":"jf2q85asbcakyf4","previousOperationId":"5195tmkf5m7wo48"}
{"type":"operationEnd","operationId":"5195tmkf5m7wo48","timestamp":1767125340491,"id":"140sw1n6zcx28hm","previousEventId":"8mrhs9zpgtnzu6u","previousOperationId":"5195tmkf5m7wo48"}
{"type":"log","timestamp":1767125340491,"level":"debug","message":"Skipping storing report.","meta":{"rootId":"m6cliv49x8v2m3d","id":"fvdz74jjp7ynzsg"},"id":"03vausqzbgd0jls","previousOperationId":"5195tmkf5m7wo48"}
{"type":"log","timestamp":1767125340491,"level":"info","message":"Rendering (child) request finished in 1384 ms","meta":{"rootId":"m6cliv49x8v2m3d","id":"fvdz74jjp7ynzsg"},"id":"iljm3c79njphbgm","previousOperationId":"5195tmkf5m7wo48"}
{"type":"operationEnd","subtype":"render","operationId":"wfc9t3jscjpasvq","timestamp":1767125340491,"id":"l5eids6qtsi07a0","previousEventId":"140sw1n6zcx28hm","previousOperationId":"5195tmkf5m7wo48"}
{"type":"log","timestamp":1767125343916,"level":"debug","message":"pptx successfully zipped","meta":{"rootId":"m6cliv49x8v2m3d","id":"m6cliv49x8v2m3d"},"id":"ukt9m2yvfmng7x4","previousOperationId":"d95vc3bzt4k7fck"}
{"type":"log","timestamp":1767125343917,"level":"info","message":"pptx generation was finished","meta":{"rootId":"m6cliv49x8v2m3d","id":"m6cliv49x8v2m3d"},"id":"gd3712dmqfdi3dn","previousOperationId":"d95vc3bzt4k7fck"}
{"type":"operationEnd","operationId":"d95vc3bzt4k7fck","timestamp":1767125343923,"id":"b5rsunu57g06e1u","previousEventId":"o32nroltzzep1yv","previousOperationId":"d95vc3bzt4k7fck"}
{"type":"log","timestamp":1767125343923,"level":"debug","message":"Skipping storing report.","meta":{"rootId":"m6cliv49x8v2m3d","id":"m6cliv49x8v2m3d"},"id":"64tcilxm6fq0n46","previousOperationId":"d95vc3bzt4k7fck"}
{"type":"log","timestamp":1767125343924,"level":"info","message":"Rendering request 26 finished in 4817 ms","meta":{"rootId":"m6cliv49x8v2m3d","id":"m6cliv49x8v2m3d"},"id":"xei0sl5tqz4vq70","previousOperationId":"d95vc3bzt4k7fck"}
{"type":"operationEnd","subtype":"render","operationId":"iu10dvdakco749c","timestamp":1767125343924,"id":"ctvzdgodc40xsrl","previousEventId":"b5rsunu57g06e1u","previousOperationId":"d95vc3bzt4k7fck"}
{"type":"operationEnd","doDiffs":false,"previousEventId":"zfc73g218v4limx","previousOperationId":"ilj3zelsjowtuv5","operationId":"ilj3zelsjowtuv5","timestamp":1767125343928,"id":"e6ydebgscsol0go"}
