{"type":"operationStart","subtype":"profile","data":{"_id":"GCcEaoyOM3Pvqzkj","timestamp":"2025-12-07T18:59:39.344Z","state":"running","mode":"standard","creationDate":"2025-12-07T18:59:39.349Z","modificationDate":"2025-12-07T18:59:39.349Z","shortid":"4eEWd8J","$entitySet":"profiles","timeout":60000},"doDiffs":false,"timestamp":1765133979347,"id":"cs9nqjg1mxuoogk","previousOperationId":null,"operationId":"h9msaop795rluo1"}
{"type":"log","level":"info","message":"Render request 8 queued for execution and waiting for available worker","previousOperationId":"h9msaop795rluo1","timestamp":1765133979347,"id":"r8dsu6ezjj11v2f"}
{"type":"operationStart","subtype":"render","name":"anonymous","previousOperationId":"h9msaop795rluo1","timestamp":1765133979406,"id":"90pj76jssdo72nw","previousEventId":"cs9nqjg1mxuoogk","operationId":"kxho6eyzcd09aip"}
{"type":"log","timestamp":1765133979406,"level":"info","message":"Starting rendering request 8","meta":{"rootId":"m7xzd1v8clwgss7","id":"m7xzd1v8clwgss7"},"id":"td0mwhjb48b9yvi","previousOperationId":"kxho6eyzcd09aip"}
{"type":"log","timestamp":1765133979406,"level":"info","message":"Rendering anonymous template { recipe: pptx, engine: handlebars }","meta":{"rootId":"m7xzd1v8clwgss7","id":"m7xzd1v8clwgss7"},"id":"krc8kfj5rcedc5f","previousOperationId":"kxho6eyzcd09aip"}
{"type":"log","timestamp":1765133979406,"level":"debug","message":"Inline data specified.","meta":{"rootId":"m7xzd1v8clwgss7","id":"m7xzd1v8clwgss7"},"id":"xp3kz6gbxk7ra4q","previousOperationId":"kxho6eyzcd09aip"}
{"type":"log","timestamp":1765133979413,"level":"debug","message":"Base url not specified, skipping its injection.","meta":{"rootId":"m7xzd1v8clwgss7","id":"m7xzd1v8clwgss7"},"id":"ctyjeviayl0pwn1","previousOperationId":"kxho6eyzcd09aip"}
{"type":"operationStart","subtype":"engine","name":"handlebars","timestamp":1765133979414,"id":"kgeq0u1nsn68089","previousEventId":"90pj76jssdo72nw","operationId":"2xdw9n4y6c6cxd6","previousOperationId":"kxho6eyzcd09aip"}
{"type":"log","timestamp":1765133979414,"level":"debug","message":"Rendering engine handlebars","meta":{"rootId":"m7xzd1v8clwgss7","id":"m7xzd1v8clwgss7"},"id":"v1udo12x8vssckc","previousOperationId":"2xdw9n4y6c6cxd6"}
{"type":"operationEnd","operationId":"2xdw9n4y6c6cxd6","timestamp":1765133979426,"id":"dqq4em5lhmj4msd","previousEventId":"kgeq0u1nsn68089","previousOperationId":"2xdw9n4y6c6cxd6"}
{"type":"operationStart","subtype":"recipe","name":"pptx","timestamp":1765133979427,"id":"r6dt8c151ax2xxa","previousEventId":"dqq4em5lhmj4msd","operationId":"5d1cfqkfcvfyry7","previousOperationId":"2xdw9n4y6c6cxd6"}
{"type":"log","timestamp":1765133979427,"level":"debug","message":"Executing recipe pptx","meta":{"rootId":"m7xzd1v8clwgss7","id":"m7xzd1v8clwgss7"},"id":"0sf1bezv0ypyxjh","previousOperationId":"5d1cfqkfcvfyry7"}
{"type":"log","timestamp":1765133979449,"level":"info","message":"pptx generation is starting","meta":{"rootId":"m7xzd1v8clwgss7","id":"m7xzd1v8clwgss7"},"id":"q0p6spakevrkg4k","previousOperationId":"5d1cfqkfcvfyry7"}
{"type":"log","timestamp":1765133981083,"level":"debug","message":"Starting child request to render pptx dynamic parts","meta":{"rootId":"m7xzd1v8clwgss7","id":"m7xzd1v8clwgss7"},"id":"q5ipd27s4y7zjxb","previousOperationId":"5d1cfqkfcvfyry7"}
{"type":"operationStart","subtype":"render","name":"anonymous","previousOperationId":"5d1cfqkfcvfyry7","timestamp":1765133981084,"id":"y3f9cbklsq6f1sh","previousEventId":"r6dt8c151ax2xxa","operationId":"x4l40tw0axs4okq"}
{"type":"log","timestamp":1765133981084,"level":"info","message":"Starting rendering (child) request","meta":{"rootId":"m7xzd1v8clwgss7","id":"308l0n83koups2d"},"id":"510gpu8rb8lgfho","previousOperationId":"x4l40tw0axs4okq"}
{"type":"log","timestamp":1765133981084,"level":"info","message":"Rendering anonymous template { recipe: html, engine: handlebars }","meta":{"rootId":"m7xzd1v8clwgss7","id":"308l0n83koups2d"},"id":"755lhchl048fksp","previousOperationId":"x4l40tw0axs4okq"}
{"type":"log","timestamp":1765133981084,"level":"debug","message":"Inline data specified.","meta":{"rootId":"m7xzd1v8clwgss7","id":"308l0n83koups2d"},"id":"8hsl7w79nu0iaff","previousOperationId":"x4l40tw0axs4okq"}
{"type":"log","timestamp":1765133981090,"level":"debug","message":"Base url not specified, skipping its injection.","meta":{"rootId":"m7xzd1v8clwgss7","id":"308l0n83koups2d"},"id":"2occ62wixhhv7ct","previousOperationId":"x4l40tw0axs4okq"}
{"type":"operationStart","subtype":"engine","name":"handlebars","timestamp":1765133981091,"id":"9pd67pldc8qzfr3","previousEventId":"y3f9cbklsq6f1sh","operationId":"k6licfw9tng4ksx","previousOperationId":"x4l40tw0axs4okq"}
{"type":"log","timestamp":1765133981091,"level":"debug","message":"Rendering engine handlebars","meta":{"rootId":"m7xzd1v8clwgss7","id":"308l0n83koups2d"},"id":"xhtqywh5y0ajioq","previousOperationId":"k6licfw9tng4ksx"}
{"type":"operationEnd","operationId":"k6licfw9tng4ksx","timestamp":1765133981236,"id":"dildi4gci8e51nf","previousEventId":"9pd67pldc8qzfr3","previousOperationId":"k6licfw9tng4ksx"}
{"type":"operationStart","subtype":"recipe","name":"html","timestamp":1765133981249,"id":"h80hraz2ggbowk1","previousEventId":"dildi4gci8e51nf","operationId":"om8e6uf7pxeb59h","previousOperationId":"k6licfw9tng4ksx"}
{"type":"log","timestamp":1765133981249,"level":"debug","message":"Executing recipe html","meta":{"rootId":"m7xzd1v8clwgss7","id":"308l0n83koups2d"},"id":"aoe9ovwakb3yu9d","previousOperationId":"om8e6uf7pxeb59h"}
{"type":"operationEnd","operationId":"om8e6uf7pxeb59h","timestamp":1765133981249,"id":"196aqb6czv8n44v","previousEventId":"h80hraz2ggbowk1","previousOperationId":"om8e6uf7pxeb59h"}
{"type":"log","timestamp":1765133981249,"level":"debug","message":"Skipping storing report.","meta":{"rootId":"m7xzd1v8clwgss7","id":"308l0n83koups2d"},"id":"m2slgcj1xlbajx6","previousOperationId":"om8e6uf7pxeb59h"}
{"type":"log","timestamp":1765133981249,"level":"info","message":"Rendering (child) request finished in 1906 ms","meta":{"rootId":"m7xzd1v8clwgss7","id":"308l0n83koups2d"},"id":"2kx4xkuv2vaqkpp","previousOperationId":"om8e6uf7pxeb59h"}
{"type":"operationEnd","subtype":"render","operationId":"x4l40tw0axs4okq","timestamp":1765133981249,"id":"mxumvvsntkh8w5l","previousEventId":"196aqb6czv8n44v","previousOperationId":"om8e6uf7pxeb59h"}
{"type":"log","timestamp":1765133989716,"level":"debug","message":"pptx successfully zipped","meta":{"rootId":"m7xzd1v8clwgss7","id":"m7xzd1v8clwgss7"},"id":"6hrxn9m7gmrwvwp","previousOperationId":"5d1cfqkfcvfyry7"}
{"type":"log","timestamp":1765133989716,"level":"info","message":"pptx generation was finished","meta":{"rootId":"m7xzd1v8clwgss7","id":"m7xzd1v8clwgss7"},"id":"4n4o9h7kxbzkn2v","previousOperationId":"5d1cfqkfcvfyry7"}
{"type":"operationEnd","operationId":"5d1cfqkfcvfyry7","timestamp":1765133989727,"id":"dexz176mb9ocb7t","previousEventId":"r6dt8c151ax2xxa","previousOperationId":"5d1cfqkfcvfyry7"}
{"type":"log","timestamp":1765133989727,"level":"debug","message":"Skipping storing report.","meta":{"rootId":"m7xzd1v8clwgss7","id":"m7xzd1v8clwgss7"},"id":"gcxaafbarde3fdj","previousOperationId":"5d1cfqkfcvfyry7"}
{"type":"log","timestamp":1765133989727,"level":"info","message":"Rendering request 8 finished in 10384 ms","meta":{"rootId":"m7xzd1v8clwgss7","id":"m7xzd1v8clwgss7"},"id":"lf0g20or66mefik","previousOperationId":"5d1cfqkfcvfyry7"}
{"type":"operationEnd","subtype":"render","operationId":"kxho6eyzcd09aip","timestamp":1765133989727,"id":"od351x8g27zur8i","previousEventId":"dexz176mb9ocb7t","previousOperationId":"5d1cfqkfcvfyry7"}
{"type":"operationEnd","doDiffs":false,"previousEventId":"cs9nqjg1mxuoogk","previousOperationId":"h9msaop795rluo1","operationId":"h9msaop795rluo1","timestamp":1765133989733,"id":"gbd2shg9dc79o0z"}
