{"type":"operationStart","subtype":"profile","data":{"_id":"hACSIt4sI1zZ3AS1","timestamp":"2025-12-31T10:17:43.278Z","state":"running","mode":"standard","creationDate":"2025-12-31T10:17:43.286Z","modificationDate":"2025-12-31T10:17:43.286Z","shortid":"GwdH5Zp","$entitySet":"profiles","timeout":60000},"doDiffs":false,"timestamp":1767176263283,"id":"hibls4lsjnwglf2","previousOperationId":null,"operationId":"1nklmjv1lmnghic"}
{"type":"log","level":"info","message":"Render request 15 queued for execution and waiting for available worker","previousOperationId":"1nklmjv1lmnghic","timestamp":1767176263283,"id":"g4we0tl00tpwvuy"}
{"type":"operationStart","subtype":"render","name":"anonymous","previousOperationId":"1nklmjv1lmnghic","timestamp":1767176263349,"id":"iypr1epl0cvko4k","previousEventId":"hibls4lsjnwglf2","operationId":"n8yme3nhezfesbs"}
{"type":"log","timestamp":1767176263350,"level":"info","message":"Starting rendering request 15","meta":{"rootId":"miuzo0cracr6o57","id":"miuzo0cracr6o57"},"id":"rnssx93wft03hrg","previousOperationId":"n8yme3nhezfesbs"}
{"type":"log","timestamp":1767176263350,"level":"info","message":"Rendering anonymous template { recipe: pptx, engine: handlebars }","meta":{"rootId":"miuzo0cracr6o57","id":"miuzo0cracr6o57"},"id":"vopysvlz3n4qrak","previousOperationId":"n8yme3nhezfesbs"}
{"type":"log","timestamp":1767176263350,"level":"debug","message":"Inline data specified.","meta":{"rootId":"miuzo0cracr6o57","id":"miuzo0cracr6o57"},"id":"avan0f6u6cjlh5h","previousOperationId":"n8yme3nhezfesbs"}
{"type":"log","timestamp":1767176263353,"level":"debug","message":"Base url not specified, skipping its injection.","meta":{"rootId":"miuzo0cracr6o57","id":"miuzo0cracr6o57"},"id":"4vbxjkiku7f1axd","previousOperationId":"n8yme3nhezfesbs"}
{"type":"operationStart","subtype":"engine","name":"handlebars","timestamp":1767176263354,"id":"wrs9oecbx4vkfw0","previousEventId":"iypr1epl0cvko4k","operationId":"1kli0gsxg35okuj","previousOperationId":"n8yme3nhezfesbs"}
{"type":"log","timestamp":1767176263354,"level":"debug","message":"Rendering engine handlebars","meta":{"rootId":"miuzo0cracr6o57","id":"miuzo0cracr6o57"},"id":"ktj7u1qx8q5t439","previousOperationId":"1kli0gsxg35okuj"}
{"type":"operationEnd","operationId":"1kli0gsxg35okuj","timestamp":1767176263379,"id":"6trq4p53cwx09p1","previousEventId":"wrs9oecbx4vkfw0","previousOperationId":"1kli0gsxg35okuj"}
{"type":"operationStart","subtype":"recipe","name":"pptx","timestamp":1767176263379,"id":"v730ecdihwh0pes","previousEventId":"6trq4p53cwx09p1","operationId":"o6h6l5l2okahcxi","previousOperationId":"1kli0gsxg35okuj"}
{"type":"log","timestamp":1767176263379,"level":"debug","message":"Executing recipe pptx","meta":{"rootId":"miuzo0cracr6o57","id":"miuzo0cracr6o57"},"id":"0almlb219eb8uz5","previousOperationId":"o6h6l5l2okahcxi"}
{"type":"log","timestamp":1767176263401,"level":"info","message":"pptx generation is starting","meta":{"rootId":"miuzo0cracr6o57","id":"miuzo0cracr6o57"},"id":"7jd0d6j4y3k9bil","previousOperationId":"o6h6l5l2okahcxi"}
{"type":"log","timestamp":1767176265348,"level":"debug","message":"Starting child request to render pptx dynamic parts","meta":{"rootId":"miuzo0cracr6o57","id":"miuzo0cracr6o57"},"id":"pp3jy7gdt606k7f","previousOperationId":"o6h6l5l2okahcxi"}
{"type":"operationStart","subtype":"render","name":"anonymous","previousOperationId":"o6h6l5l2okahcxi","timestamp":1767176265349,"id":"5apqsnj0zwmbbyt","previousEventId":"v730ecdihwh0pes","operationId":"wi9w5kexe3tkklc"}
{"type":"log","timestamp":1767176265349,"level":"info","message":"Starting rendering (child) request","meta":{"rootId":"miuzo0cracr6o57","id":"gxuw87pspzurxer"},"id":"0jve9x72d1hstoo","previousOperationId":"wi9w5kexe3tkklc"}
{"type":"log","timestamp":1767176265349,"level":"info","message":"Rendering anonymous template { recipe: html, engine: handlebars }","meta":{"rootId":"miuzo0cracr6o57","id":"gxuw87pspzurxer"},"id":"zlxj9h5map5q1wn","previousOperationId":"wi9w5kexe3tkklc"}
{"type":"log","timestamp":1767176265349,"level":"debug","message":"Inline data specified.","meta":{"rootId":"miuzo0cracr6o57","id":"gxuw87pspzurxer"},"id":"7adhr96vky335mz","previousOperationId":"wi9w5kexe3tkklc"}
{"type":"log","timestamp":1767176265358,"level":"debug","message":"Base url not specified, skipping its injection.","meta":{"rootId":"miuzo0cracr6o57","id":"gxuw87pspzurxer"},"id":"wzpawhpkgs9y0cs","previousOperationId":"wi9w5kexe3tkklc"}
{"type":"operationStart","subtype":"engine","name":"handlebars","timestamp":1767176265360,"id":"ehtk3d3ufrif77g","previousEventId":"5apqsnj0zwmbbyt","operationId":"x5xaeneb673zjt4","previousOperationId":"wi9w5kexe3tkklc"}
{"type":"log","timestamp":1767176265360,"level":"debug","message":"Rendering engine handlebars","meta":{"rootId":"miuzo0cracr6o57","id":"gxuw87pspzurxer"},"id":"j36mzmgko6lal9o","previousOperationId":"x5xaeneb673zjt4"}
{"type":"log","timestamp":1767176265586,"level":"debug","message":"(console:log) {\n  type: 'echarts@v5a',\n  width: 848,\n  height: 409,\n  option: { radar: [ [Object] ], series: [ [Object] ] }\n}","meta":{"userLevel":true,"rootId":"miuzo0cracr6o57","id":"gxuw87pspzurxer"},"id":"f51wnmkdkbhinzs","previousOperationId":"x5xaeneb673zjt4"}
{"type":"operationEnd","operationId":"x5xaeneb673zjt4","timestamp":1767176265601,"id":"jqsajel219qdrqd","previousEventId":"ehtk3d3ufrif77g","previousOperationId":"x5xaeneb673zjt4"}
{"type":"operationStart","subtype":"recipe","name":"html","timestamp":1767176265623,"id":"dh47f7qt2oria0p","previousEventId":"jqsajel219qdrqd","operationId":"305ijpejoc0t9el","previousOperationId":"x5xaeneb673zjt4"}
{"type":"log","timestamp":1767176265623,"level":"debug","message":"Executing recipe html","meta":{"rootId":"miuzo0cracr6o57","id":"gxuw87pspzurxer"},"id":"cg8fb4iybfqlp38","previousOperationId":"305ijpejoc0t9el"}
{"type":"operationEnd","operationId":"305ijpejoc0t9el","timestamp":1767176265623,"id":"hhqgpcu1ldj3fw0","previousEventId":"dh47f7qt2oria0p","previousOperationId":"305ijpejoc0t9el"}
{"type":"log","timestamp":1767176265624,"level":"debug","message":"Skipping storing report.","meta":{"rootId":"miuzo0cracr6o57","id":"gxuw87pspzurxer"},"id":"y07n4hdmpj8a5zy","previousOperationId":"305ijpejoc0t9el"}
{"type":"log","timestamp":1767176265624,"level":"info","message":"Rendering (child) request finished in 2347 ms","meta":{"rootId":"miuzo0cracr6o57","id":"gxuw87pspzurxer"},"id":"cx88l9pnjp8dub0","previousOperationId":"305ijpejoc0t9el"}
{"type":"operationEnd","subtype":"render","operationId":"wi9w5kexe3tkklc","timestamp":1767176265624,"id":"m606d0hqvuproan","previousEventId":"hhqgpcu1ldj3fw0","previousOperationId":"305ijpejoc0t9el"}
{"type":"log","timestamp":1767176272006,"level":"debug","message":"pptx successfully zipped","meta":{"rootId":"miuzo0cracr6o57","id":"miuzo0cracr6o57"},"id":"ioqkcuw8138wlcm","previousOperationId":"o6h6l5l2okahcxi"}
{"type":"log","timestamp":1767176272006,"level":"info","message":"pptx generation was finished","meta":{"rootId":"miuzo0cracr6o57","id":"miuzo0cracr6o57"},"id":"1zk6wtg8uu7ri56","previousOperationId":"o6h6l5l2okahcxi"}
{"type":"operationEnd","operationId":"o6h6l5l2okahcxi","timestamp":1767176272017,"id":"7xgziof0jcpk0ls","previousEventId":"v730ecdihwh0pes","previousOperationId":"o6h6l5l2okahcxi"}
{"type":"log","timestamp":1767176272017,"level":"debug","message":"Skipping storing report.","meta":{"rootId":"miuzo0cracr6o57","id":"miuzo0cracr6o57"},"id":"9x94fv8tkf4vpeu","previousOperationId":"o6h6l5l2okahcxi"}
{"type":"log","timestamp":1767176272017,"level":"info","message":"Rendering request 15 finished in 8740 ms","meta":{"rootId":"miuzo0cracr6o57","id":"miuzo0cracr6o57"},"id":"om404zhqlfopa15","previousOperationId":"o6h6l5l2okahcxi"}
{"type":"operationEnd","subtype":"render","operationId":"n8yme3nhezfesbs","timestamp":1767176272017,"id":"h1pk838pgqzozwq","previousEventId":"7xgziof0jcpk0ls","previousOperationId":"o6h6l5l2okahcxi"}
{"type":"operationEnd","doDiffs":false,"previousEventId":"hibls4lsjnwglf2","previousOperationId":"1nklmjv1lmnghic","operationId":"1nklmjv1lmnghic","timestamp":1767176272022,"id":"xhx87dji7ixv1aa"}
