{"type":"operationStart","subtype":"profile","data":{"_id":"U319XfyZO65H42yr","timestamp":"2026-01-01T13:28:27.648Z","state":"running","mode":"standard","creationDate":"2026-01-01T13:28:27.654Z","modificationDate":"2026-01-01T13:28:27.654Z","shortid":"KUXPtDR","$entitySet":"profiles","timeout":60000},"doDiffs":false,"timestamp":1767274107651,"id":"jxf0lb2r5qm3kzl","previousOperationId":null,"operationId":"hx56mijsh8ec68l"}
{"type":"log","level":"info","message":"Render request 7 queued for execution and waiting for available worker","previousOperationId":"hx56mijsh8ec68l","timestamp":1767274107651,"id":"qwegt5trc3xcge0"}
{"type":"operationStart","subtype":"render","name":"anonymous","previousOperationId":"hx56mijsh8ec68l","timestamp":1767274107716,"id":"dmdo8se2hsfv6ly","previousEventId":"jxf0lb2r5qm3kzl","operationId":"vw7pdctsb7tc0h4"}
{"type":"log","timestamp":1767274107717,"level":"info","message":"Starting rendering request 7","meta":{"rootId":"mjwdg5v8sirprjn","id":"mjwdg5v8sirprjn"},"id":"q3zat9m8co8eunj","previousOperationId":"vw7pdctsb7tc0h4"}
{"type":"log","timestamp":1767274107718,"level":"info","message":"Rendering anonymous template { recipe: pptx, engine: handlebars }","meta":{"rootId":"mjwdg5v8sirprjn","id":"mjwdg5v8sirprjn"},"id":"xet469gue8cizys","previousOperationId":"vw7pdctsb7tc0h4"}
{"type":"log","timestamp":1767274107718,"level":"debug","message":"Inline data specified.","meta":{"rootId":"mjwdg5v8sirprjn","id":"mjwdg5v8sirprjn"},"id":"gzlri5lzaxz0nxd","previousOperationId":"vw7pdctsb7tc0h4"}
{"type":"log","timestamp":1767274107728,"level":"debug","message":"Base url not specified, skipping its injection.","meta":{"rootId":"mjwdg5v8sirprjn","id":"mjwdg5v8sirprjn"},"id":"zjl4rtephypbq65","previousOperationId":"vw7pdctsb7tc0h4"}
{"type":"operationStart","subtype":"engine","name":"handlebars","timestamp":1767274107729,"id":"n5yr63xux9zi3at","previousEventId":"dmdo8se2hsfv6ly","operationId":"76jzyunt7jv771x","previousOperationId":"vw7pdctsb7tc0h4"}
{"type":"log","timestamp":1767274107729,"level":"debug","message":"Rendering engine handlebars","meta":{"rootId":"mjwdg5v8sirprjn","id":"mjwdg5v8sirprjn"},"id":"01vlg8qd5jh6e1z","previousOperationId":"76jzyunt7jv771x"}
{"type":"operationEnd","operationId":"76jzyunt7jv771x","timestamp":1767274107755,"id":"ea9kwmlazx85dk5","previousEventId":"n5yr63xux9zi3at","previousOperationId":"76jzyunt7jv771x"}
{"type":"operationStart","subtype":"recipe","name":"pptx","timestamp":1767274107756,"id":"nyvbb0eu8fn64xg","previousEventId":"ea9kwmlazx85dk5","operationId":"b0cg3d5yd8hvps6","previousOperationId":"76jzyunt7jv771x"}
{"type":"log","timestamp":1767274107756,"level":"debug","message":"Executing recipe pptx","meta":{"rootId":"mjwdg5v8sirprjn","id":"mjwdg5v8sirprjn"},"id":"zlhsdmxdirkitzm","previousOperationId":"b0cg3d5yd8hvps6"}
{"type":"log","timestamp":1767274107776,"level":"info","message":"pptx generation is starting","meta":{"rootId":"mjwdg5v8sirprjn","id":"mjwdg5v8sirprjn"},"id":"k3d5w5js89eue2k","previousOperationId":"b0cg3d5yd8hvps6"}
{"type":"log","timestamp":1767274109797,"level":"debug","message":"Starting child request to render pptx dynamic parts","meta":{"rootId":"mjwdg5v8sirprjn","id":"mjwdg5v8sirprjn"},"id":"5cghv1kj5gazf43","previousOperationId":"b0cg3d5yd8hvps6"}
{"type":"operationStart","subtype":"render","name":"anonymous","previousOperationId":"b0cg3d5yd8hvps6","timestamp":1767274109797,"id":"4zox87k6atl73ky","previousEventId":"nyvbb0eu8fn64xg","operationId":"d3aiiza2dkc4bj9"}
{"type":"log","timestamp":1767274109798,"level":"info","message":"Starting rendering (child) request","meta":{"rootId":"mjwdg5v8sirprjn","id":"2ancmkxojdmn6nw"},"id":"lpwy2nhedx2p355","previousOperationId":"d3aiiza2dkc4bj9"}
{"type":"log","timestamp":1767274109798,"level":"info","message":"Rendering anonymous template { recipe: html, engine: handlebars }","meta":{"rootId":"mjwdg5v8sirprjn","id":"2ancmkxojdmn6nw"},"id":"t2bd79i15hhmhrf","previousOperationId":"d3aiiza2dkc4bj9"}
{"type":"log","timestamp":1767274109798,"level":"debug","message":"Inline data specified.","meta":{"rootId":"mjwdg5v8sirprjn","id":"2ancmkxojdmn6nw"},"id":"c1nqb4vych9hz9y","previousOperationId":"d3aiiza2dkc4bj9"}
{"type":"log","timestamp":1767274109806,"level":"debug","message":"Base url not specified, skipping its injection.","meta":{"rootId":"mjwdg5v8sirprjn","id":"2ancmkxojdmn6nw"},"id":"upyivtabx2kxfm6","previousOperationId":"d3aiiza2dkc4bj9"}
{"type":"operationStart","subtype":"engine","name":"handlebars","timestamp":1767274109808,"id":"l84mexbx88zapbt","previousEventId":"4zox87k6atl73ky","operationId":"4th11lgyn486vyf","previousOperationId":"d3aiiza2dkc4bj9"}
{"type":"log","timestamp":1767274109808,"level":"debug","message":"Rendering engine handlebars","meta":{"rootId":"mjwdg5v8sirprjn","id":"2ancmkxojdmn6nw"},"id":"av7wk2y5cnotee7","previousOperationId":"4th11lgyn486vyf"}
{"type":"log","timestamp":1767274110058,"level":"debug","message":"(console:log) {\n  type: 'echarts@v5a',\n  width: 848,\n  height: 409,\n  option: { radar: [ [Object] ], series: [ [Object] ] }\n}","meta":{"userLevel":true,"rootId":"mjwdg5v8sirprjn","id":"2ancmkxojdmn6nw"},"id":"z77561k378hxuhy","previousOperationId":"4th11lgyn486vyf"}
{"type":"operationEnd","operationId":"4th11lgyn486vyf","timestamp":1767274110075,"id":"pe2kn38cyzi8eih","previousEventId":"l84mexbx88zapbt","previousOperationId":"4th11lgyn486vyf"}
{"type":"operationStart","subtype":"recipe","name":"html","timestamp":1767274110098,"id":"xhbto04mc5hf1w5","previousEventId":"pe2kn38cyzi8eih","operationId":"9brhn70ar8p9nyt","previousOperationId":"4th11lgyn486vyf"}
{"type":"log","timestamp":1767274110098,"level":"debug","message":"Executing recipe html","meta":{"rootId":"mjwdg5v8sirprjn","id":"2ancmkxojdmn6nw"},"id":"a2oays45v6zlwov","previousOperationId":"9brhn70ar8p9nyt"}
{"type":"operationEnd","operationId":"9brhn70ar8p9nyt","timestamp":1767274110098,"id":"2ppwq6fyy59kdnk","previousEventId":"xhbto04mc5hf1w5","previousOperationId":"9brhn70ar8p9nyt"}
{"type":"log","timestamp":1767274110098,"level":"debug","message":"Skipping storing report.","meta":{"rootId":"mjwdg5v8sirprjn","id":"2ancmkxojdmn6nw"},"id":"qrzryd1yu9umxdb","previousOperationId":"9brhn70ar8p9nyt"}
{"type":"log","timestamp":1767274110098,"level":"info","message":"Rendering (child) request finished in 2451 ms","meta":{"rootId":"mjwdg5v8sirprjn","id":"2ancmkxojdmn6nw"},"id":"e362ine03t6hjgr","previousOperationId":"9brhn70ar8p9nyt"}
{"type":"operationEnd","subtype":"render","operationId":"d3aiiza2dkc4bj9","timestamp":1767274110098,"id":"qptrjggnoahmks8","previousEventId":"2ppwq6fyy59kdnk","previousOperationId":"9brhn70ar8p9nyt"}
{"type":"log","timestamp":1767274116487,"level":"debug","message":"pptx successfully zipped","meta":{"rootId":"mjwdg5v8sirprjn","id":"mjwdg5v8sirprjn"},"id":"y5ewsalzx2gjvd3","previousOperationId":"b0cg3d5yd8hvps6"}
{"type":"log","timestamp":1767274116487,"level":"info","message":"pptx generation was finished","meta":{"rootId":"mjwdg5v8sirprjn","id":"mjwdg5v8sirprjn"},"id":"eohdwy03ywq23kn","previousOperationId":"b0cg3d5yd8hvps6"}
{"type":"operationEnd","operationId":"b0cg3d5yd8hvps6","timestamp":1767274116499,"id":"pwm1rrn7z8q1emt","previousEventId":"nyvbb0eu8fn64xg","previousOperationId":"b0cg3d5yd8hvps6"}
{"type":"log","timestamp":1767274116499,"level":"debug","message":"Skipping storing report.","meta":{"rootId":"mjwdg5v8sirprjn","id":"mjwdg5v8sirprjn"},"id":"rhxw7vdj86punpt","previousOperationId":"b0cg3d5yd8hvps6"}
{"type":"log","timestamp":1767274116500,"level":"info","message":"Rendering request 7 finished in 8853 ms","meta":{"rootId":"mjwdg5v8sirprjn","id":"mjwdg5v8sirprjn"},"id":"ic3qx1vdit5ui59","previousOperationId":"b0cg3d5yd8hvps6"}
{"type":"operationEnd","subtype":"render","operationId":"vw7pdctsb7tc0h4","timestamp":1767274116500,"id":"mxfo6af806d49mx","previousEventId":"pwm1rrn7z8q1emt","previousOperationId":"b0cg3d5yd8hvps6"}
{"type":"operationEnd","doDiffs":false,"previousEventId":"jxf0lb2r5qm3kzl","previousOperationId":"hx56mijsh8ec68l","operationId":"hx56mijsh8ec68l","timestamp":1767274116507,"id":"8putef23hboubta"}
