{"type":"operationStart","subtype":"profile","data":{"_id":"ucHg50Rco41IXddW","timestamp":"2025-12-25T20:32:00.729Z","state":"running","mode":"standard","creationDate":"2025-12-25T20:32:00.737Z","modificationDate":"2025-12-25T20:32:00.737Z","shortid":"gXPKniJ","$entitySet":"profiles","timeout":60000},"doDiffs":false,"timestamp":1766694720733,"id":"wqbcmxabsxymfzt","previousOperationId":null,"operationId":"741yuw7v018nl9u"}
{"type":"log","level":"info","message":"Render request 1 queued for execution and waiting for available worker","previousOperationId":"741yuw7v018nl9u","timestamp":1766694720733,"id":"7ewyjygz8uyazah"}
{"type":"operationStart","subtype":"render","name":"anonymous","previousOperationId":"741yuw7v018nl9u","timestamp":1766694720816,"id":"2ay9lu6vk82lzwn","previousEventId":"wqbcmxabsxymfzt","operationId":"y6yy4yfzk1zx9ba"}
{"type":"log","timestamp":1766694720818,"level":"info","message":"Starting rendering request 1","meta":{"rootId":"mmkzq71b9tdwu4z","id":"mmkzq71b9tdwu4z"},"id":"uv88fo72velbclk","previousOperationId":"y6yy4yfzk1zx9ba"}
{"type":"log","timestamp":1766694720820,"level":"info","message":"Rendering anonymous template { recipe: pptx, engine: handlebars }","meta":{"rootId":"mmkzq71b9tdwu4z","id":"mmkzq71b9tdwu4z"},"id":"c2qmham42nf1kcs","previousOperationId":"y6yy4yfzk1zx9ba"}
{"type":"log","timestamp":1766694720821,"level":"debug","message":"Inline data specified.","meta":{"rootId":"mmkzq71b9tdwu4z","id":"mmkzq71b9tdwu4z"},"id":"wexhmviip3ib8he","previousOperationId":"y6yy4yfzk1zx9ba"}
{"type":"log","timestamp":1766694720836,"level":"debug","message":"Base url not specified, skipping its injection.","meta":{"rootId":"mmkzq71b9tdwu4z","id":"mmkzq71b9tdwu4z"},"id":"tt114cxp4ll0fvw","previousOperationId":"y6yy4yfzk1zx9ba"}
{"type":"operationStart","subtype":"engine","name":"handlebars","timestamp":1766694720839,"id":"288myicfw8wspbf","previousEventId":"2ay9lu6vk82lzwn","operationId":"ruf4nkujiq4w6u2","previousOperationId":"y6yy4yfzk1zx9ba"}
{"type":"log","timestamp":1766694720839,"level":"debug","message":"Rendering engine handlebars","meta":{"rootId":"mmkzq71b9tdwu4z","id":"mmkzq71b9tdwu4z"},"id":"m2n3evtvr9pfayl","previousOperationId":"ruf4nkujiq4w6u2"}
{"type":"operationEnd","operationId":"ruf4nkujiq4w6u2","timestamp":1766694722117,"id":"j8okv7kw79oz8gj","previousEventId":"288myicfw8wspbf","previousOperationId":"ruf4nkujiq4w6u2"}
{"type":"operationStart","subtype":"recipe","name":"pptx","timestamp":1766694722118,"id":"1d3brzrx8tbd9nd","previousEventId":"j8okv7kw79oz8gj","operationId":"itotdu71yf2xtyp","previousOperationId":"ruf4nkujiq4w6u2"}
{"type":"log","timestamp":1766694722118,"level":"debug","message":"Executing recipe pptx","meta":{"rootId":"mmkzq71b9tdwu4z","id":"mmkzq71b9tdwu4z"},"id":"sogfswwxwd4v22e","previousOperationId":"itotdu71yf2xtyp"}
{"type":"log","timestamp":1766694722370,"level":"info","message":"pptx generation is starting","meta":{"rootId":"mmkzq71b9tdwu4z","id":"mmkzq71b9tdwu4z"},"id":"lanvo05i8zkitof","previousOperationId":"itotdu71yf2xtyp"}
{"type":"log","timestamp":1766694724200,"level":"debug","message":"Starting child request to render pptx dynamic parts","meta":{"rootId":"mmkzq71b9tdwu4z","id":"mmkzq71b9tdwu4z"},"id":"n9m1uglxnv5nenq","previousOperationId":"itotdu71yf2xtyp"}
{"type":"operationStart","subtype":"render","name":"anonymous","previousOperationId":"itotdu71yf2xtyp","timestamp":1766694724202,"id":"vy7i4242a1ni2m3","previousEventId":"1d3brzrx8tbd9nd","operationId":"prs84t3ixagl4e1"}
{"type":"log","timestamp":1766694724202,"level":"info","message":"Starting rendering (child) request","meta":{"rootId":"mmkzq71b9tdwu4z","id":"jomdmwfvqzznwkc"},"id":"wexoczpv7c134vc","previousOperationId":"prs84t3ixagl4e1"}
{"type":"log","timestamp":1766694724202,"level":"info","message":"Rendering anonymous template { recipe: html, engine: handlebars }","meta":{"rootId":"mmkzq71b9tdwu4z","id":"jomdmwfvqzznwkc"},"id":"h6qt3xp4vxllbrq","previousOperationId":"prs84t3ixagl4e1"}
{"type":"log","timestamp":1766694724203,"level":"debug","message":"Inline data specified.","meta":{"rootId":"mmkzq71b9tdwu4z","id":"jomdmwfvqzznwkc"},"id":"9wx9ra43h7thgi8","previousOperationId":"prs84t3ixagl4e1"}
{"type":"log","timestamp":1766694724213,"level":"debug","message":"Base url not specified, skipping its injection.","meta":{"rootId":"mmkzq71b9tdwu4z","id":"jomdmwfvqzznwkc"},"id":"348m53y94rk2nhw","previousOperationId":"prs84t3ixagl4e1"}
{"type":"operationStart","subtype":"engine","name":"handlebars","timestamp":1766694724215,"id":"9h91b2d4sky3e5r","previousEventId":"vy7i4242a1ni2m3","operationId":"hjtd5bvbyqn7y1p","previousOperationId":"prs84t3ixagl4e1"}
{"type":"log","timestamp":1766694724215,"level":"debug","message":"Rendering engine handlebars","meta":{"rootId":"mmkzq71b9tdwu4z","id":"jomdmwfvqzznwkc"},"id":"10k3p12lunls90s","previousOperationId":"hjtd5bvbyqn7y1p"}
{"type":"operationEnd","operationId":"hjtd5bvbyqn7y1p","timestamp":1766694724384,"id":"4561od0z4yfq67g","previousEventId":"9h91b2d4sky3e5r","previousOperationId":"hjtd5bvbyqn7y1p"}
{"type":"operationStart","subtype":"recipe","name":"html","timestamp":1766694724393,"id":"yik3vdvsm906zjx","previousEventId":"4561od0z4yfq67g","operationId":"8j0ysfgvp3xlmd2","previousOperationId":"hjtd5bvbyqn7y1p"}
{"type":"log","timestamp":1766694724393,"level":"debug","message":"Executing recipe html","meta":{"rootId":"mmkzq71b9tdwu4z","id":"jomdmwfvqzznwkc"},"id":"89jhamwr69ls2va","previousOperationId":"8j0ysfgvp3xlmd2"}
{"type":"operationEnd","operationId":"8j0ysfgvp3xlmd2","timestamp":1766694724393,"id":"ujjapdw8xkbgh5r","previousEventId":"yik3vdvsm906zjx","previousOperationId":"8j0ysfgvp3xlmd2"}
{"type":"log","timestamp":1766694724394,"level":"debug","message":"Skipping storing report.","meta":{"rootId":"mmkzq71b9tdwu4z","id":"jomdmwfvqzznwkc"},"id":"dak8kokc28dla74","previousOperationId":"8j0ysfgvp3xlmd2"}
{"type":"log","timestamp":1766694724394,"level":"info","message":"Rendering (child) request finished in 3668 ms","meta":{"rootId":"mmkzq71b9tdwu4z","id":"jomdmwfvqzznwkc"},"id":"panufh48jvurwet","previousOperationId":"8j0ysfgvp3xlmd2"}
{"type":"operationEnd","subtype":"render","operationId":"prs84t3ixagl4e1","timestamp":1766694724394,"id":"zrpkz23zxy0tu3p","previousEventId":"ujjapdw8xkbgh5r","previousOperationId":"8j0ysfgvp3xlmd2"}
{"type":"log","timestamp":1766694728416,"level":"debug","message":"pptx successfully zipped","meta":{"rootId":"mmkzq71b9tdwu4z","id":"mmkzq71b9tdwu4z"},"id":"alv03dqz5onbiax","previousOperationId":"itotdu71yf2xtyp"}
{"type":"log","timestamp":1766694728416,"level":"info","message":"pptx generation was finished","meta":{"rootId":"mmkzq71b9tdwu4z","id":"mmkzq71b9tdwu4z"},"id":"ze5xdgrd3nb5sge","previousOperationId":"itotdu71yf2xtyp"}
{"type":"operationEnd","operationId":"itotdu71yf2xtyp","timestamp":1766694728432,"id":"60dg5u0n4ke164c","previousEventId":"1d3brzrx8tbd9nd","previousOperationId":"itotdu71yf2xtyp"}
{"type":"log","timestamp":1766694728433,"level":"debug","message":"Skipping storing report.","meta":{"rootId":"mmkzq71b9tdwu4z","id":"mmkzq71b9tdwu4z"},"id":"5o5zffnd1j3ss26","previousOperationId":"itotdu71yf2xtyp"}
{"type":"log","timestamp":1766694728433,"level":"info","message":"Rendering request 1 finished in 7707 ms","meta":{"rootId":"mmkzq71b9tdwu4z","id":"mmkzq71b9tdwu4z"},"id":"ns8xy83m08pvtls","previousOperationId":"itotdu71yf2xtyp"}
{"type":"operationEnd","subtype":"render","operationId":"y6yy4yfzk1zx9ba","timestamp":1766694728433,"id":"eikq1wpevwyijw1","previousEventId":"60dg5u0n4ke164c","previousOperationId":"itotdu71yf2xtyp"}
{"type":"operationEnd","doDiffs":false,"previousEventId":"wqbcmxabsxymfzt","previousOperationId":"741yuw7v018nl9u","operationId":"741yuw7v018nl9u","timestamp":1766694728439,"id":"mtlbklhk1jl51f9"}
