{"type":"operationStart","subtype":"profile","data":{"_id":"K2SoIsBJzHEtkAMa","timestamp":"2025-12-26T21:13:50.816Z","state":"running","mode":"standard","creationDate":"2025-12-26T21:13:50.825Z","modificationDate":"2025-12-26T21:13:50.825Z","shortid":"UgnsPHG","$entitySet":"profiles","timeout":60000},"doDiffs":false,"timestamp":1766783630822,"id":"llr02swhaudgnyo","previousOperationId":null,"operationId":"b0h5gmn2z5t4p0i"}
{"type":"log","level":"info","message":"Render request 6 queued for execution and waiting for available worker","previousOperationId":"b0h5gmn2z5t4p0i","timestamp":1766783630822,"id":"5wdooelws548ian"}
{"type":"operationStart","subtype":"render","name":"anonymous","previousOperationId":"b0h5gmn2z5t4p0i","timestamp":1766783630885,"id":"eslb8hvomna8e5x","previousEventId":"llr02swhaudgnyo","operationId":"yzo6lp05lu3soq7"}
{"type":"log","timestamp":1766783630885,"level":"info","message":"Starting rendering request 6","meta":{"rootId":"mtfgiw0zte1b4wm","id":"mtfgiw0zte1b4wm"},"id":"yczzed3garxym4d","previousOperationId":"yzo6lp05lu3soq7"}
{"type":"log","timestamp":1766783630887,"level":"info","message":"Rendering anonymous template { recipe: pptx, engine: handlebars }","meta":{"rootId":"mtfgiw0zte1b4wm","id":"mtfgiw0zte1b4wm"},"id":"9vbw4gwm3mqbad2","previousOperationId":"yzo6lp05lu3soq7"}
{"type":"log","timestamp":1766783630887,"level":"debug","message":"Inline data specified.","meta":{"rootId":"mtfgiw0zte1b4wm","id":"mtfgiw0zte1b4wm"},"id":"4yhh9msuk4qpbnr","previousOperationId":"yzo6lp05lu3soq7"}
{"type":"log","timestamp":1766783630892,"level":"debug","message":"Base url not specified, skipping its injection.","meta":{"rootId":"mtfgiw0zte1b4wm","id":"mtfgiw0zte1b4wm"},"id":"950crze06d0m8on","previousOperationId":"yzo6lp05lu3soq7"}
{"type":"operationStart","subtype":"engine","name":"handlebars","timestamp":1766783630894,"id":"ppzhzuwpxd6pb77","previousEventId":"eslb8hvomna8e5x","operationId":"obbib4vqq48722f","previousOperationId":"yzo6lp05lu3soq7"}
{"type":"log","timestamp":1766783630894,"level":"debug","message":"Rendering engine handlebars","meta":{"rootId":"mtfgiw0zte1b4wm","id":"mtfgiw0zte1b4wm"},"id":"sh3kjs6qwy3xxzq","previousOperationId":"obbib4vqq48722f"}
{"type":"operationEnd","operationId":"obbib4vqq48722f","timestamp":1766783630925,"id":"bp8tgzx2y1abx3a","previousEventId":"ppzhzuwpxd6pb77","previousOperationId":"obbib4vqq48722f"}
{"type":"operationStart","subtype":"recipe","name":"pptx","timestamp":1766783630925,"id":"0t7bktbbmjc795w","previousEventId":"bp8tgzx2y1abx3a","operationId":"c4qbr21erjxqsal","previousOperationId":"obbib4vqq48722f"}
{"type":"log","timestamp":1766783630925,"level":"debug","message":"Executing recipe pptx","meta":{"rootId":"mtfgiw0zte1b4wm","id":"mtfgiw0zte1b4wm"},"id":"nyvr8qbtl98e83q","previousOperationId":"c4qbr21erjxqsal"}
{"type":"log","timestamp":1766783630947,"level":"info","message":"pptx generation is starting","meta":{"rootId":"mtfgiw0zte1b4wm","id":"mtfgiw0zte1b4wm"},"id":"8jdk1g7o9jv0vky","previousOperationId":"c4qbr21erjxqsal"}
{"type":"log","timestamp":1766783632601,"level":"debug","message":"Starting child request to render pptx dynamic parts","meta":{"rootId":"mtfgiw0zte1b4wm","id":"mtfgiw0zte1b4wm"},"id":"kefn3fregh3kwjt","previousOperationId":"c4qbr21erjxqsal"}
{"type":"operationStart","subtype":"render","name":"anonymous","previousOperationId":"c4qbr21erjxqsal","timestamp":1766783632602,"id":"r6mig045frelinb","previousEventId":"0t7bktbbmjc795w","operationId":"f9oxfdwm0yky5ce"}
{"type":"log","timestamp":1766783632602,"level":"info","message":"Starting rendering (child) request","meta":{"rootId":"mtfgiw0zte1b4wm","id":"1mzu52mzmhxf84m"},"id":"ce8jv2e4v6fn0vc","previousOperationId":"f9oxfdwm0yky5ce"}
{"type":"log","timestamp":1766783632602,"level":"info","message":"Rendering anonymous template { recipe: html, engine: handlebars }","meta":{"rootId":"mtfgiw0zte1b4wm","id":"1mzu52mzmhxf84m"},"id":"vg6sslztw5s00kx","previousOperationId":"f9oxfdwm0yky5ce"}
{"type":"log","timestamp":1766783632602,"level":"debug","message":"Inline data specified.","meta":{"rootId":"mtfgiw0zte1b4wm","id":"1mzu52mzmhxf84m"},"id":"bqm8mi8zd1swxe8","previousOperationId":"f9oxfdwm0yky5ce"}
{"type":"log","timestamp":1766783632609,"level":"debug","message":"Base url not specified, skipping its injection.","meta":{"rootId":"mtfgiw0zte1b4wm","id":"1mzu52mzmhxf84m"},"id":"9p9529jl42t89av","previousOperationId":"f9oxfdwm0yky5ce"}
{"type":"operationStart","subtype":"engine","name":"handlebars","timestamp":1766783632611,"id":"aoufb1gd4kwju6g","previousEventId":"r6mig045frelinb","operationId":"bvgc0mid3c33vss","previousOperationId":"f9oxfdwm0yky5ce"}
{"type":"log","timestamp":1766783632611,"level":"debug","message":"Rendering engine handlebars","meta":{"rootId":"mtfgiw0zte1b4wm","id":"1mzu52mzmhxf84m"},"id":"23gi5igso05zwaq","previousOperationId":"bvgc0mid3c33vss"}
{"type":"operationEnd","operationId":"bvgc0mid3c33vss","timestamp":1766783632769,"id":"b9df847ix0q3orj","previousEventId":"aoufb1gd4kwju6g","previousOperationId":"bvgc0mid3c33vss"}
{"type":"operationStart","subtype":"recipe","name":"html","timestamp":1766783632782,"id":"aspq3noxpmcb3mz","previousEventId":"b9df847ix0q3orj","operationId":"bvzdgle2p722jfy","previousOperationId":"bvgc0mid3c33vss"}
{"type":"log","timestamp":1766783632782,"level":"debug","message":"Executing recipe html","meta":{"rootId":"mtfgiw0zte1b4wm","id":"1mzu52mzmhxf84m"},"id":"pf77pvvr13o5go1","previousOperationId":"bvzdgle2p722jfy"}
{"type":"operationEnd","operationId":"bvzdgle2p722jfy","timestamp":1766783632783,"id":"sq1x3sthlaj4dcq","previousEventId":"aspq3noxpmcb3mz","previousOperationId":"bvzdgle2p722jfy"}
{"type":"log","timestamp":1766783632783,"level":"debug","message":"Skipping storing report.","meta":{"rootId":"mtfgiw0zte1b4wm","id":"1mzu52mzmhxf84m"},"id":"i1o4vz83bddbet7","previousOperationId":"bvzdgle2p722jfy"}
{"type":"log","timestamp":1766783632783,"level":"info","message":"Rendering (child) request finished in 1968 ms","meta":{"rootId":"mtfgiw0zte1b4wm","id":"1mzu52mzmhxf84m"},"id":"n1lf7qyo726o34e","previousOperationId":"bvzdgle2p722jfy"}
{"type":"operationEnd","subtype":"render","operationId":"f9oxfdwm0yky5ce","timestamp":1766783632783,"id":"1cagqn6eg6mo80d","previousEventId":"sq1x3sthlaj4dcq","previousOperationId":"bvzdgle2p722jfy"}
{"type":"log","timestamp":1766783638618,"level":"debug","message":"pptx successfully zipped","meta":{"rootId":"mtfgiw0zte1b4wm","id":"mtfgiw0zte1b4wm"},"id":"tl1pn5rihm68zcg","previousOperationId":"c4qbr21erjxqsal"}
{"type":"log","timestamp":1766783638618,"level":"info","message":"pptx generation was finished","meta":{"rootId":"mtfgiw0zte1b4wm","id":"mtfgiw0zte1b4wm"},"id":"jhxe2qwdh8s8r7c","previousOperationId":"c4qbr21erjxqsal"}
{"type":"operationEnd","operationId":"c4qbr21erjxqsal","timestamp":1766783638630,"id":"b0u9n6pudwt5bcj","previousEventId":"0t7bktbbmjc795w","previousOperationId":"c4qbr21erjxqsal"}
{"type":"log","timestamp":1766783638630,"level":"debug","message":"Skipping storing report.","meta":{"rootId":"mtfgiw0zte1b4wm","id":"mtfgiw0zte1b4wm"},"id":"iidqu5wobeu0k4l","previousOperationId":"c4qbr21erjxqsal"}
{"type":"log","timestamp":1766783638630,"level":"info","message":"Rendering request 6 finished in 7815 ms","meta":{"rootId":"mtfgiw0zte1b4wm","id":"mtfgiw0zte1b4wm"},"id":"1ydivftolgasd7g","previousOperationId":"c4qbr21erjxqsal"}
{"type":"operationEnd","subtype":"render","operationId":"yzo6lp05lu3soq7","timestamp":1766783638630,"id":"d4cjnd33uh7ppsy","previousEventId":"b0u9n6pudwt5bcj","previousOperationId":"c4qbr21erjxqsal"}
{"type":"operationEnd","doDiffs":false,"previousEventId":"llr02swhaudgnyo","previousOperationId":"b0h5gmn2z5t4p0i","operationId":"b0h5gmn2z5t4p0i","timestamp":1766783638636,"id":"pu64z71t1smlv2y"}
