{"type":"operationStart","subtype":"profile","data":{"_id":"5Wbl2lErgva18m2K","timestamp":"2025-12-26T19:56:26.041Z","state":"running","mode":"standard","creationDate":"2025-12-26T19:56:26.047Z","modificationDate":"2025-12-26T19:56:26.047Z","shortid":"DYqwMpm","$entitySet":"profiles","timeout":60000},"doDiffs":false,"timestamp":1766778986045,"id":"zczj5aijutjnog1","previousOperationId":null,"operationId":"2s3go01srg1mg2o"}
{"type":"log","level":"info","message":"Render request 5 queued for execution and waiting for available worker","previousOperationId":"2s3go01srg1mg2o","timestamp":1766778986045,"id":"t7cva6v4paejqat"}
{"type":"operationStart","subtype":"render","name":"anonymous","previousOperationId":"2s3go01srg1mg2o","timestamp":1766778986113,"id":"4krkzdrjzg61xxj","previousEventId":"zczj5aijutjnog1","operationId":"2oow4n5s4dprrqk"}
{"type":"log","timestamp":1766778986114,"level":"info","message":"Starting rendering request 5","meta":{"rootId":"mvbugx36t3t0ttp","id":"mvbugx36t3t0ttp"},"id":"gw25el2xc9qelyy","previousOperationId":"2oow4n5s4dprrqk"}
{"type":"log","timestamp":1766778986114,"level":"info","message":"Rendering anonymous template { recipe: pptx, engine: handlebars }","meta":{"rootId":"mvbugx36t3t0ttp","id":"mvbugx36t3t0ttp"},"id":"yghgt6tu3172mjr","previousOperationId":"2oow4n5s4dprrqk"}
{"type":"log","timestamp":1766778986114,"level":"debug","message":"Inline data specified.","meta":{"rootId":"mvbugx36t3t0ttp","id":"mvbugx36t3t0ttp"},"id":"5vzkgbk6skhige3","previousOperationId":"2oow4n5s4dprrqk"}
{"type":"log","timestamp":1766778986117,"level":"debug","message":"Base url not specified, skipping its injection.","meta":{"rootId":"mvbugx36t3t0ttp","id":"mvbugx36t3t0ttp"},"id":"gi16sk92u9xyxto","previousOperationId":"2oow4n5s4dprrqk"}
{"type":"operationStart","subtype":"engine","name":"handlebars","timestamp":1766778986118,"id":"ex0uk9mtjdyztyh","previousEventId":"4krkzdrjzg61xxj","operationId":"f6ydxhj996iaue3","previousOperationId":"2oow4n5s4dprrqk"}
{"type":"log","timestamp":1766778986118,"level":"debug","message":"Rendering engine handlebars","meta":{"rootId":"mvbugx36t3t0ttp","id":"mvbugx36t3t0ttp"},"id":"oj95fyzghw8hldz","previousOperationId":"f6ydxhj996iaue3"}
{"type":"operationEnd","operationId":"f6ydxhj996iaue3","timestamp":1766778986148,"id":"4oe9nzue56kqgrf","previousEventId":"ex0uk9mtjdyztyh","previousOperationId":"f6ydxhj996iaue3"}
{"type":"operationStart","subtype":"recipe","name":"pptx","timestamp":1766778986148,"id":"gn5uuzjr4rpxtgm","previousEventId":"4oe9nzue56kqgrf","operationId":"j4bo3j5s0tccqge","previousOperationId":"f6ydxhj996iaue3"}
{"type":"log","timestamp":1766778986148,"level":"debug","message":"Executing recipe pptx","meta":{"rootId":"mvbugx36t3t0ttp","id":"mvbugx36t3t0ttp"},"id":"dh5ic86j4f3db6l","previousOperationId":"j4bo3j5s0tccqge"}
{"type":"log","timestamp":1766778986187,"level":"info","message":"pptx generation is starting","meta":{"rootId":"mvbugx36t3t0ttp","id":"mvbugx36t3t0ttp"},"id":"sd98v2f3ef43f6m","previousOperationId":"j4bo3j5s0tccqge"}
{"type":"log","timestamp":1766778987901,"level":"debug","message":"Starting child request to render pptx dynamic parts","meta":{"rootId":"mvbugx36t3t0ttp","id":"mvbugx36t3t0ttp"},"id":"yxfhggzpglf4qv3","previousOperationId":"j4bo3j5s0tccqge"}
{"type":"operationStart","subtype":"render","name":"anonymous","previousOperationId":"j4bo3j5s0tccqge","timestamp":1766778987901,"id":"4hyugjav8uyshg7","previousEventId":"gn5uuzjr4rpxtgm","operationId":"nkq4fyl98728i7n"}
{"type":"log","timestamp":1766778987902,"level":"info","message":"Starting rendering (child) request","meta":{"rootId":"mvbugx36t3t0ttp","id":"pykchazaqhw5wxt"},"id":"jt04duyttziu1wa","previousOperationId":"nkq4fyl98728i7n"}
{"type":"log","timestamp":1766778987902,"level":"info","message":"Rendering anonymous template { recipe: html, engine: handlebars }","meta":{"rootId":"mvbugx36t3t0ttp","id":"pykchazaqhw5wxt"},"id":"r1qqpvbv40qqfqo","previousOperationId":"nkq4fyl98728i7n"}
{"type":"log","timestamp":1766778987902,"level":"debug","message":"Inline data specified.","meta":{"rootId":"mvbugx36t3t0ttp","id":"pykchazaqhw5wxt"},"id":"x4jdae75e8y540i","previousOperationId":"nkq4fyl98728i7n"}
{"type":"log","timestamp":1766778987913,"level":"debug","message":"Base url not specified, skipping its injection.","meta":{"rootId":"mvbugx36t3t0ttp","id":"pykchazaqhw5wxt"},"id":"bhm13uayjeolh3e","previousOperationId":"nkq4fyl98728i7n"}
{"type":"operationStart","subtype":"engine","name":"handlebars","timestamp":1766778987915,"id":"cpijfdbdf3isi68","previousEventId":"4hyugjav8uyshg7","operationId":"2hyr3wwqfp17ixe","previousOperationId":"nkq4fyl98728i7n"}
{"type":"log","timestamp":1766778987915,"level":"debug","message":"Rendering engine handlebars","meta":{"rootId":"mvbugx36t3t0ttp","id":"pykchazaqhw5wxt"},"id":"dwr7x6orjjxuwug","previousOperationId":"2hyr3wwqfp17ixe"}
{"type":"operationEnd","operationId":"2hyr3wwqfp17ixe","timestamp":1766778988083,"id":"dghdb3vhp8stx76","previousEventId":"cpijfdbdf3isi68","previousOperationId":"2hyr3wwqfp17ixe"}
{"type":"operationStart","subtype":"recipe","name":"html","timestamp":1766778988099,"id":"qriupjos465pin9","previousEventId":"dghdb3vhp8stx76","operationId":"yp788plk5zg0lpk","previousOperationId":"2hyr3wwqfp17ixe"}
{"type":"log","timestamp":1766778988099,"level":"debug","message":"Executing recipe html","meta":{"rootId":"mvbugx36t3t0ttp","id":"pykchazaqhw5wxt"},"id":"4q1tjwlwhpieiz8","previousOperationId":"yp788plk5zg0lpk"}
{"type":"operationEnd","operationId":"yp788plk5zg0lpk","timestamp":1766778988099,"id":"oer0de89ejflkl0","previousEventId":"qriupjos465pin9","previousOperationId":"yp788plk5zg0lpk"}
{"type":"log","timestamp":1766778988100,"level":"debug","message":"Skipping storing report.","meta":{"rootId":"mvbugx36t3t0ttp","id":"pykchazaqhw5wxt"},"id":"c03e60l1twgo1jt","previousOperationId":"yp788plk5zg0lpk"}
{"type":"log","timestamp":1766778988100,"level":"info","message":"Rendering (child) request finished in 2060 ms","meta":{"rootId":"mvbugx36t3t0ttp","id":"pykchazaqhw5wxt"},"id":"frjg8xb9ai1e2ex","previousOperationId":"yp788plk5zg0lpk"}
{"type":"operationEnd","subtype":"render","operationId":"nkq4fyl98728i7n","timestamp":1766778988100,"id":"a7bt14ivmb9rsmv","previousEventId":"oer0de89ejflkl0","previousOperationId":"yp788plk5zg0lpk"}
{"type":"log","timestamp":1766778993342,"level":"debug","message":"pptx successfully zipped","meta":{"rootId":"mvbugx36t3t0ttp","id":"mvbugx36t3t0ttp"},"id":"fvo7qr3qhdjtwxl","previousOperationId":"j4bo3j5s0tccqge"}
{"type":"log","timestamp":1766778993343,"level":"info","message":"pptx generation was finished","meta":{"rootId":"mvbugx36t3t0ttp","id":"mvbugx36t3t0ttp"},"id":"xyrfa3t0vqabzbw","previousOperationId":"j4bo3j5s0tccqge"}
{"type":"operationEnd","operationId":"j4bo3j5s0tccqge","timestamp":1766778993354,"id":"eudu0bx095buanh","previousEventId":"gn5uuzjr4rpxtgm","previousOperationId":"j4bo3j5s0tccqge"}
{"type":"log","timestamp":1766778993354,"level":"debug","message":"Skipping storing report.","meta":{"rootId":"mvbugx36t3t0ttp","id":"mvbugx36t3t0ttp"},"id":"zcloimyypj5nbo0","previousOperationId":"j4bo3j5s0tccqge"}
{"type":"log","timestamp":1766778993355,"level":"info","message":"Rendering request 5 finished in 7315 ms","meta":{"rootId":"mvbugx36t3t0ttp","id":"mvbugx36t3t0ttp"},"id":"7zd589oq6alj532","previousOperationId":"j4bo3j5s0tccqge"}
{"type":"operationEnd","subtype":"render","operationId":"2oow4n5s4dprrqk","timestamp":1766778993355,"id":"z8fir4m34ga6wrt","previousEventId":"eudu0bx095buanh","previousOperationId":"j4bo3j5s0tccqge"}
{"type":"operationEnd","doDiffs":false,"previousEventId":"zczj5aijutjnog1","previousOperationId":"2s3go01srg1mg2o","operationId":"2s3go01srg1mg2o","timestamp":1766778993361,"id":"4lscduziyh1hjvv"}
