{"type":"operationStart","subtype":"profile","data":{"_id":"OCXE61puQiOKNYg0","timestamp":"2025-12-26T21:02:36.519Z","state":"running","mode":"standard","creationDate":"2025-12-26T21:02:36.532Z","modificationDate":"2025-12-26T21:02:36.532Z","shortid":"6qOseWL","$entitySet":"profiles","timeout":60000},"doDiffs":false,"timestamp":1766782956529,"id":"fg8f8goxxcr7xr5","previousOperationId":null,"operationId":"if9hnovq02tsrso"}
{"type":"log","level":"info","message":"Render request 2 queued for execution and waiting for available worker","previousOperationId":"if9hnovq02tsrso","timestamp":1766782956529,"id":"8w8feekibpulhuc"}
{"type":"operationStart","subtype":"render","name":"anonymous","previousOperationId":"if9hnovq02tsrso","timestamp":1766782956615,"id":"9kw1pxyr2l0xrkn","previousEventId":"fg8f8goxxcr7xr5","operationId":"rh4ti3ztl1h9dgg"}
{"type":"log","timestamp":1766782956618,"level":"info","message":"Starting rendering request 2","meta":{"rootId":"n3v1tktoywjh50p","id":"n3v1tktoywjh50p"},"id":"9qjnbwxgfo06fuj","previousOperationId":"rh4ti3ztl1h9dgg"}
{"type":"log","timestamp":1766782956621,"level":"info","message":"Rendering anonymous template { recipe: pptx, engine: handlebars }","meta":{"rootId":"n3v1tktoywjh50p","id":"n3v1tktoywjh50p"},"id":"g3n2agzr9e7seha","previousOperationId":"rh4ti3ztl1h9dgg"}
{"type":"log","timestamp":1766782956622,"level":"debug","message":"Inline data specified.","meta":{"rootId":"n3v1tktoywjh50p","id":"n3v1tktoywjh50p"},"id":"yee0wcxcngx47mm","previousOperationId":"rh4ti3ztl1h9dgg"}
{"type":"log","timestamp":1766782956632,"level":"debug","message":"Base url not specified, skipping its injection.","meta":{"rootId":"n3v1tktoywjh50p","id":"n3v1tktoywjh50p"},"id":"8ge2jzjlw2yc5d0","previousOperationId":"rh4ti3ztl1h9dgg"}
{"type":"operationStart","subtype":"engine","name":"handlebars","timestamp":1766782956635,"id":"guir00y9ss06odq","previousEventId":"9kw1pxyr2l0xrkn","operationId":"53gx6w2ss7avb69","previousOperationId":"rh4ti3ztl1h9dgg"}
{"type":"log","timestamp":1766782956635,"level":"debug","message":"Rendering engine handlebars","meta":{"rootId":"n3v1tktoywjh50p","id":"n3v1tktoywjh50p"},"id":"ejcxny04cmr4oru","previousOperationId":"53gx6w2ss7avb69"}
{"type":"operationEnd","operationId":"53gx6w2ss7avb69","timestamp":1766782957814,"id":"14a6t146leuxydn","previousEventId":"guir00y9ss06odq","previousOperationId":"53gx6w2ss7avb69"}
{"type":"operationStart","subtype":"recipe","name":"pptx","timestamp":1766782957815,"id":"uu2prsk2c04o3wc","previousEventId":"14a6t146leuxydn","operationId":"j8072rfje85dyj2","previousOperationId":"53gx6w2ss7avb69"}
{"type":"log","timestamp":1766782957816,"level":"debug","message":"Executing recipe pptx","meta":{"rootId":"n3v1tktoywjh50p","id":"n3v1tktoywjh50p"},"id":"rmh7tyj6otn31wq","previousOperationId":"j8072rfje85dyj2"}
{"type":"log","timestamp":1766782958079,"level":"info","message":"pptx generation is starting","meta":{"rootId":"n3v1tktoywjh50p","id":"n3v1tktoywjh50p"},"id":"1izcpw3dgfjex9o","previousOperationId":"j8072rfje85dyj2"}
{"type":"log","timestamp":1766782959756,"level":"debug","message":"Starting child request to render pptx dynamic parts","meta":{"rootId":"n3v1tktoywjh50p","id":"n3v1tktoywjh50p"},"id":"c1ovj7d3mvdvkbi","previousOperationId":"j8072rfje85dyj2"}
{"type":"operationStart","subtype":"render","name":"anonymous","previousOperationId":"j8072rfje85dyj2","timestamp":1766782959758,"id":"hy6y1madinirrno","previousEventId":"uu2prsk2c04o3wc","operationId":"5w3exa5zr2m1kvv"}
{"type":"log","timestamp":1766782959758,"level":"info","message":"Starting rendering (child) request","meta":{"rootId":"n3v1tktoywjh50p","id":"wotf9kxtctcxelh"},"id":"pilt38rhwjg4lnp","previousOperationId":"5w3exa5zr2m1kvv"}
{"type":"log","timestamp":1766782959758,"level":"info","message":"Rendering anonymous template { recipe: html, engine: handlebars }","meta":{"rootId":"n3v1tktoywjh50p","id":"wotf9kxtctcxelh"},"id":"baqjm3by70p8a83","previousOperationId":"5w3exa5zr2m1kvv"}
{"type":"log","timestamp":1766782959758,"level":"debug","message":"Inline data specified.","meta":{"rootId":"n3v1tktoywjh50p","id":"wotf9kxtctcxelh"},"id":"4s9qjv6zf6eoy6h","previousOperationId":"5w3exa5zr2m1kvv"}
{"type":"log","timestamp":1766782959766,"level":"debug","message":"Base url not specified, skipping its injection.","meta":{"rootId":"n3v1tktoywjh50p","id":"wotf9kxtctcxelh"},"id":"twz0e04ectrgxf5","previousOperationId":"5w3exa5zr2m1kvv"}
{"type":"operationStart","subtype":"engine","name":"handlebars","timestamp":1766782959769,"id":"p017zmhjy4dj9r7","previousEventId":"hy6y1madinirrno","operationId":"b9cgnzs3opv8ges","previousOperationId":"5w3exa5zr2m1kvv"}
{"type":"log","timestamp":1766782959769,"level":"debug","message":"Rendering engine handlebars","meta":{"rootId":"n3v1tktoywjh50p","id":"wotf9kxtctcxelh"},"id":"hoj6liqix2o0slg","previousOperationId":"b9cgnzs3opv8ges"}
{"type":"operationEnd","operationId":"b9cgnzs3opv8ges","timestamp":1766782959934,"id":"svvmavvv0hy0k1a","previousEventId":"p017zmhjy4dj9r7","previousOperationId":"b9cgnzs3opv8ges"}
{"type":"operationStart","subtype":"recipe","name":"html","timestamp":1766782959943,"id":"db7fi6jxme9qt1h","previousEventId":"svvmavvv0hy0k1a","operationId":"5g9jr4oa86lgrkz","previousOperationId":"b9cgnzs3opv8ges"}
{"type":"log","timestamp":1766782959944,"level":"debug","message":"Executing recipe html","meta":{"rootId":"n3v1tktoywjh50p","id":"wotf9kxtctcxelh"},"id":"7h46wwga9o8zqob","previousOperationId":"5g9jr4oa86lgrkz"}
{"type":"operationEnd","operationId":"5g9jr4oa86lgrkz","timestamp":1766782959944,"id":"sq8qivc2wi88lfx","previousEventId":"db7fi6jxme9qt1h","previousOperationId":"5g9jr4oa86lgrkz"}
{"type":"log","timestamp":1766782959945,"level":"debug","message":"Skipping storing report.","meta":{"rootId":"n3v1tktoywjh50p","id":"wotf9kxtctcxelh"},"id":"560mkygpaulris8","previousOperationId":"5g9jr4oa86lgrkz"}
{"type":"log","timestamp":1766782959945,"level":"info","message":"Rendering (child) request finished in 3429 ms","meta":{"rootId":"n3v1tktoywjh50p","id":"wotf9kxtctcxelh"},"id":"wxvho3bhyz54gz4","previousOperationId":"5g9jr4oa86lgrkz"}
{"type":"operationEnd","subtype":"render","operationId":"5w3exa5zr2m1kvv","timestamp":1766782959945,"id":"1r74b5bdyd5lp8x","previousEventId":"sq8qivc2wi88lfx","previousOperationId":"5g9jr4oa86lgrkz"}
{"type":"log","timestamp":1766782964991,"level":"debug","message":"pptx successfully zipped","meta":{"rootId":"n3v1tktoywjh50p","id":"n3v1tktoywjh50p"},"id":"0424qid5lm9djty","previousOperationId":"j8072rfje85dyj2"}
{"type":"log","timestamp":1766782964991,"level":"info","message":"pptx generation was finished","meta":{"rootId":"n3v1tktoywjh50p","id":"n3v1tktoywjh50p"},"id":"wghttzu0xl9oszx","previousOperationId":"j8072rfje85dyj2"}
{"type":"operationEnd","operationId":"j8072rfje85dyj2","timestamp":1766782965006,"id":"di0vcrkv5fb8zix","previousEventId":"uu2prsk2c04o3wc","previousOperationId":"j8072rfje85dyj2"}
{"type":"log","timestamp":1766782965006,"level":"debug","message":"Skipping storing report.","meta":{"rootId":"n3v1tktoywjh50p","id":"n3v1tktoywjh50p"},"id":"cpj1akwvyj44z3p","previousOperationId":"j8072rfje85dyj2"}
{"type":"log","timestamp":1766782965007,"level":"info","message":"Rendering request 2 finished in 8491 ms","meta":{"rootId":"n3v1tktoywjh50p","id":"n3v1tktoywjh50p"},"id":"6qw3xd0hagqa0eb","previousOperationId":"j8072rfje85dyj2"}
{"type":"operationEnd","subtype":"render","operationId":"rh4ti3ztl1h9dgg","timestamp":1766782965007,"id":"4wkjf7wij721t40","previousEventId":"di0vcrkv5fb8zix","previousOperationId":"j8072rfje85dyj2"}
{"type":"operationEnd","doDiffs":false,"previousEventId":"fg8f8goxxcr7xr5","previousOperationId":"if9hnovq02tsrso","operationId":"if9hnovq02tsrso","timestamp":1766782965013,"id":"0bvlmt1wlca5jdq"}
