{"type":"operationStart","subtype":"profile","data":{"_id":"WgiARRx3BYiJvKxF","timestamp":"2025-12-07T15:31:35.619Z","state":"running","mode":"standard","creationDate":"2025-12-07T15:31:35.624Z","modificationDate":"2025-12-07T15:31:35.624Z","shortid":"S63R5vZ","$entitySet":"profiles","timeout":60000},"doDiffs":false,"timestamp":1765121495622,"id":"xznt1gc2v7y7e6d","previousOperationId":null,"operationId":"6kbygvxd55u1hrl"}
{"type":"log","level":"info","message":"Render request 4 queued for execution and waiting for available worker","previousOperationId":"6kbygvxd55u1hrl","timestamp":1765121495622,"id":"wh5wg4cclfbzdfm"}
{"type":"operationStart","subtype":"render","name":"anonymous","previousOperationId":"6kbygvxd55u1hrl","timestamp":1765121495674,"id":"4rg3es4hth8iwwo","previousEventId":"xznt1gc2v7y7e6d","operationId":"yh400sepjtoqrr3"}
{"type":"log","timestamp":1765121495675,"level":"info","message":"Starting rendering request 4","meta":{"rootId":"n9aaqqc797wkqbh","id":"n9aaqqc797wkqbh"},"id":"r25324tin113rbk","previousOperationId":"yh400sepjtoqrr3"}
{"type":"log","timestamp":1765121495675,"level":"info","message":"Rendering anonymous template { recipe: pptx, engine: handlebars }","meta":{"rootId":"n9aaqqc797wkqbh","id":"n9aaqqc797wkqbh"},"id":"7717grlmz6s1jqh","previousOperationId":"yh400sepjtoqrr3"}
{"type":"log","timestamp":1765121495675,"level":"debug","message":"Inline data specified.","meta":{"rootId":"n9aaqqc797wkqbh","id":"n9aaqqc797wkqbh"},"id":"wyn29m1xui0z86q","previousOperationId":"yh400sepjtoqrr3"}
{"type":"log","timestamp":1765121495679,"level":"debug","message":"Base url not specified, skipping its injection.","meta":{"rootId":"n9aaqqc797wkqbh","id":"n9aaqqc797wkqbh"},"id":"hkqjuya5kwxwcfw","previousOperationId":"yh400sepjtoqrr3"}
{"type":"operationStart","subtype":"engine","name":"handlebars","timestamp":1765121495680,"id":"0g68wwc0zvubiq2","previousEventId":"4rg3es4hth8iwwo","operationId":"etbh88mpegwgazf","previousOperationId":"yh400sepjtoqrr3"}
{"type":"log","timestamp":1765121495680,"level":"debug","message":"Rendering engine handlebars","meta":{"rootId":"n9aaqqc797wkqbh","id":"n9aaqqc797wkqbh"},"id":"1wn8i9simnfah80","previousOperationId":"etbh88mpegwgazf"}
{"type":"operationEnd","operationId":"etbh88mpegwgazf","timestamp":1765121495698,"id":"6l8oev6dw63tpfo","previousEventId":"0g68wwc0zvubiq2","previousOperationId":"etbh88mpegwgazf"}
{"type":"operationStart","subtype":"recipe","name":"pptx","timestamp":1765121495700,"id":"2lp926o76lsxtdc","previousEventId":"6l8oev6dw63tpfo","operationId":"vxaq6resysq1ar2","previousOperationId":"etbh88mpegwgazf"}
{"type":"log","timestamp":1765121495700,"level":"debug","message":"Executing recipe pptx","meta":{"rootId":"n9aaqqc797wkqbh","id":"n9aaqqc797wkqbh"},"id":"0al14bq8fhie3cx","previousOperationId":"vxaq6resysq1ar2"}
{"type":"log","timestamp":1765121495722,"level":"info","message":"pptx generation is starting","meta":{"rootId":"n9aaqqc797wkqbh","id":"n9aaqqc797wkqbh"},"id":"f68eneqcesuyzut","previousOperationId":"vxaq6resysq1ar2"}
{"type":"log","timestamp":1765121497353,"level":"debug","message":"Starting child request to render pptx dynamic parts","meta":{"rootId":"n9aaqqc797wkqbh","id":"n9aaqqc797wkqbh"},"id":"xooay3zoz42dfp4","previousOperationId":"vxaq6resysq1ar2"}
{"type":"operationStart","subtype":"render","name":"anonymous","previousOperationId":"vxaq6resysq1ar2","timestamp":1765121497354,"id":"496csr99cg0wdiv","previousEventId":"2lp926o76lsxtdc","operationId":"bt61vxmvw8znn5k"}
{"type":"log","timestamp":1765121497354,"level":"info","message":"Starting rendering (child) request","meta":{"rootId":"n9aaqqc797wkqbh","id":"93wszznvqnfejym"},"id":"l2h36tkffo9b213","previousOperationId":"bt61vxmvw8znn5k"}
{"type":"log","timestamp":1765121497354,"level":"info","message":"Rendering anonymous template { recipe: html, engine: handlebars }","meta":{"rootId":"n9aaqqc797wkqbh","id":"93wszznvqnfejym"},"id":"p5hv4p81xaoxwlm","previousOperationId":"bt61vxmvw8znn5k"}
{"type":"log","timestamp":1765121497354,"level":"debug","message":"Inline data specified.","meta":{"rootId":"n9aaqqc797wkqbh","id":"93wszznvqnfejym"},"id":"9tugix87e75lqke","previousOperationId":"bt61vxmvw8znn5k"}
{"type":"log","timestamp":1765121497363,"level":"debug","message":"Base url not specified, skipping its injection.","meta":{"rootId":"n9aaqqc797wkqbh","id":"93wszznvqnfejym"},"id":"vj4sitrvpdz9j2t","previousOperationId":"bt61vxmvw8znn5k"}
{"type":"operationStart","subtype":"engine","name":"handlebars","timestamp":1765121497366,"id":"pxqqrt9wk9b7o9l","previousEventId":"496csr99cg0wdiv","operationId":"ok23a1mqswf7j4b","previousOperationId":"bt61vxmvw8znn5k"}
{"type":"log","timestamp":1765121497367,"level":"debug","message":"Rendering engine handlebars","meta":{"rootId":"n9aaqqc797wkqbh","id":"93wszznvqnfejym"},"id":"vlnmvsdjy6sv0xr","previousOperationId":"ok23a1mqswf7j4b"}
{"type":"operationEnd","operationId":"ok23a1mqswf7j4b","timestamp":1765121497502,"id":"l1e5mkd53gkwb7v","previousEventId":"pxqqrt9wk9b7o9l","previousOperationId":"ok23a1mqswf7j4b"}
{"type":"operationStart","subtype":"recipe","name":"html","timestamp":1765121497517,"id":"8r6lhym7ko8sc2w","previousEventId":"l1e5mkd53gkwb7v","operationId":"mmdg1fiqf4e1qqa","previousOperationId":"ok23a1mqswf7j4b"}
{"type":"log","timestamp":1765121497517,"level":"debug","message":"Executing recipe html","meta":{"rootId":"n9aaqqc797wkqbh","id":"93wszznvqnfejym"},"id":"nke3aup84fnlwyd","previousOperationId":"mmdg1fiqf4e1qqa"}
{"type":"operationEnd","operationId":"mmdg1fiqf4e1qqa","timestamp":1765121497517,"id":"j1juf8vxg7uhzz4","previousEventId":"8r6lhym7ko8sc2w","previousOperationId":"mmdg1fiqf4e1qqa"}
{"type":"log","timestamp":1765121497517,"level":"debug","message":"Skipping storing report.","meta":{"rootId":"n9aaqqc797wkqbh","id":"93wszznvqnfejym"},"id":"psdwarly4wboa7t","previousOperationId":"mmdg1fiqf4e1qqa"}
{"type":"log","timestamp":1765121497517,"level":"info","message":"Rendering (child) request finished in 1902 ms","meta":{"rootId":"n9aaqqc797wkqbh","id":"93wszznvqnfejym"},"id":"rxm78zr3y1a5wlx","previousOperationId":"mmdg1fiqf4e1qqa"}
{"type":"operationEnd","subtype":"render","operationId":"bt61vxmvw8znn5k","timestamp":1765121497517,"id":"qut9t9or58vzs88","previousEventId":"j1juf8vxg7uhzz4","previousOperationId":"mmdg1fiqf4e1qqa"}
{"type":"log","timestamp":1765121504960,"level":"debug","message":"pptx successfully zipped","meta":{"rootId":"n9aaqqc797wkqbh","id":"n9aaqqc797wkqbh"},"id":"4adzr9unzq7fr72","previousOperationId":"vxaq6resysq1ar2"}
{"type":"log","timestamp":1765121504960,"level":"info","message":"pptx generation was finished","meta":{"rootId":"n9aaqqc797wkqbh","id":"n9aaqqc797wkqbh"},"id":"tkflhg24zboiewr","previousOperationId":"vxaq6resysq1ar2"}
{"type":"operationEnd","operationId":"vxaq6resysq1ar2","timestamp":1765121504972,"id":"mhcrmi6tmyejgz0","previousEventId":"2lp926o76lsxtdc","previousOperationId":"vxaq6resysq1ar2"}
{"type":"log","timestamp":1765121504972,"level":"debug","message":"Skipping storing report.","meta":{"rootId":"n9aaqqc797wkqbh","id":"n9aaqqc797wkqbh"},"id":"vnb2mqo6uqv5uy7","previousOperationId":"vxaq6resysq1ar2"}
{"type":"log","timestamp":1765121504972,"level":"info","message":"Rendering request 4 finished in 9357 ms","meta":{"rootId":"n9aaqqc797wkqbh","id":"n9aaqqc797wkqbh"},"id":"i12m11zkcmklp27","previousOperationId":"vxaq6resysq1ar2"}
{"type":"operationEnd","subtype":"render","operationId":"yh400sepjtoqrr3","timestamp":1765121504972,"id":"2zkgspu7xwiwbjw","previousEventId":"mhcrmi6tmyejgz0","previousOperationId":"vxaq6resysq1ar2"}
{"type":"operationEnd","doDiffs":false,"previousEventId":"xznt1gc2v7y7e6d","previousOperationId":"6kbygvxd55u1hrl","operationId":"6kbygvxd55u1hrl","timestamp":1765121504978,"id":"smrqv3mwcpb33gt"}
