{"type":"operationStart","subtype":"profile","data":{"_id":"PUZajw90WIjiAbnw","timestamp":"2025-12-26T13:00:45.805Z","state":"running","mode":"standard","creationDate":"2025-12-26T13:00:45.811Z","modificationDate":"2025-12-26T13:00:45.811Z","shortid":"CtcHGtx","$entitySet":"profiles","timeout":60000},"doDiffs":false,"timestamp":1766754045808,"id":"2hx4dj453mxqj04","previousOperationId":null,"operationId":"eolknlnvpxk87tm"}
{"type":"log","level":"info","message":"Render request 1 queued for execution and waiting for available worker","previousOperationId":"eolknlnvpxk87tm","timestamp":1766754045808,"id":"eqkuaobw6290rsx"}
{"type":"operationStart","subtype":"render","name":"anonymous","previousOperationId":"eolknlnvpxk87tm","timestamp":1766754045885,"id":"c0bacg05tb9ve33","previousEventId":"2hx4dj453mxqj04","operationId":"9exs12nak1m9q3e"}
{"type":"log","timestamp":1766754045887,"level":"info","message":"Starting rendering request 1","meta":{"rootId":"naxusgpwnm110cy","id":"naxusgpwnm110cy"},"id":"6wo1nd8ipnxwlv7","previousOperationId":"9exs12nak1m9q3e"}
{"type":"log","timestamp":1766754045890,"level":"info","message":"Rendering anonymous template { recipe: pptx, engine: handlebars }","meta":{"rootId":"naxusgpwnm110cy","id":"naxusgpwnm110cy"},"id":"xahngn07jh06cl9","previousOperationId":"9exs12nak1m9q3e"}
{"type":"log","timestamp":1766754045890,"level":"debug","message":"Inline data specified.","meta":{"rootId":"naxusgpwnm110cy","id":"naxusgpwnm110cy"},"id":"76b41lksl1u0bx8","previousOperationId":"9exs12nak1m9q3e"}
{"type":"log","timestamp":1766754045910,"level":"debug","message":"Base url not specified, skipping its injection.","meta":{"rootId":"naxusgpwnm110cy","id":"naxusgpwnm110cy"},"id":"dqnlkif9plxmx0k","previousOperationId":"9exs12nak1m9q3e"}
{"type":"operationStart","subtype":"engine","name":"handlebars","timestamp":1766754045913,"id":"t8mblbpn7ywgzct","previousEventId":"c0bacg05tb9ve33","operationId":"tzamckxqlu3o4qo","previousOperationId":"9exs12nak1m9q3e"}
{"type":"log","timestamp":1766754045913,"level":"debug","message":"Rendering engine handlebars","meta":{"rootId":"naxusgpwnm110cy","id":"naxusgpwnm110cy"},"id":"71xjauz8xxeingb","previousOperationId":"tzamckxqlu3o4qo"}
{"type":"operationEnd","operationId":"tzamckxqlu3o4qo","timestamp":1766754047188,"id":"ug00muin4ahszoa","previousEventId":"t8mblbpn7ywgzct","previousOperationId":"tzamckxqlu3o4qo"}
{"type":"operationStart","subtype":"recipe","name":"pptx","timestamp":1766754047189,"id":"oaha2kv4ew6tcsz","previousEventId":"ug00muin4ahszoa","operationId":"xogxq878afcjfu1","previousOperationId":"tzamckxqlu3o4qo"}
{"type":"log","timestamp":1766754047189,"level":"debug","message":"Executing recipe pptx","meta":{"rootId":"naxusgpwnm110cy","id":"naxusgpwnm110cy"},"id":"urvj8i3akuz8el3","previousOperationId":"xogxq878afcjfu1"}
{"type":"log","timestamp":1766754047466,"level":"info","message":"pptx generation is starting","meta":{"rootId":"naxusgpwnm110cy","id":"naxusgpwnm110cy"},"id":"dtviyjf8brb60fl","previousOperationId":"xogxq878afcjfu1"}
{"type":"log","timestamp":1766754049268,"level":"debug","message":"Starting child request to render pptx dynamic parts","meta":{"rootId":"naxusgpwnm110cy","id":"naxusgpwnm110cy"},"id":"bx2b77sv4jlpouz","previousOperationId":"xogxq878afcjfu1"}
{"type":"operationStart","subtype":"render","name":"anonymous","previousOperationId":"xogxq878afcjfu1","timestamp":1766754049270,"id":"0mafd5ylf3bysmd","previousEventId":"oaha2kv4ew6tcsz","operationId":"369mwp31ilitt2g"}
{"type":"log","timestamp":1766754049270,"level":"info","message":"Starting rendering (child) request","meta":{"rootId":"naxusgpwnm110cy","id":"ut7ejo9rw2abscl"},"id":"zgw8qg26i21oxmy","previousOperationId":"369mwp31ilitt2g"}
{"type":"log","timestamp":1766754049271,"level":"info","message":"Rendering anonymous template { recipe: html, engine: handlebars }","meta":{"rootId":"naxusgpwnm110cy","id":"ut7ejo9rw2abscl"},"id":"k85e3al97xzbcv6","previousOperationId":"369mwp31ilitt2g"}
{"type":"log","timestamp":1766754049271,"level":"debug","message":"Inline data specified.","meta":{"rootId":"naxusgpwnm110cy","id":"ut7ejo9rw2abscl"},"id":"ovf5jj5a6nbny2e","previousOperationId":"369mwp31ilitt2g"}
{"type":"log","timestamp":1766754049278,"level":"debug","message":"Base url not specified, skipping its injection.","meta":{"rootId":"naxusgpwnm110cy","id":"ut7ejo9rw2abscl"},"id":"gnhf0en4d05j9o3","previousOperationId":"369mwp31ilitt2g"}
{"type":"operationStart","subtype":"engine","name":"handlebars","timestamp":1766754049281,"id":"sqnu2zhpzhjtn16","previousEventId":"0mafd5ylf3bysmd","operationId":"88lrewpmuyxqlzd","previousOperationId":"369mwp31ilitt2g"}
{"type":"log","timestamp":1766754049281,"level":"debug","message":"Rendering engine handlebars","meta":{"rootId":"naxusgpwnm110cy","id":"ut7ejo9rw2abscl"},"id":"ss5zzm8e6x2bion","previousOperationId":"88lrewpmuyxqlzd"}
{"type":"operationEnd","operationId":"88lrewpmuyxqlzd","timestamp":1766754049454,"id":"75q91wt61y8qthx","previousEventId":"sqnu2zhpzhjtn16","previousOperationId":"88lrewpmuyxqlzd"}
{"type":"operationStart","subtype":"recipe","name":"html","timestamp":1766754049468,"id":"zp7aqqrv5mpwpnk","previousEventId":"75q91wt61y8qthx","operationId":"us9ul6lnycylx4d","previousOperationId":"88lrewpmuyxqlzd"}
{"type":"log","timestamp":1766754049468,"level":"debug","message":"Executing recipe html","meta":{"rootId":"naxusgpwnm110cy","id":"ut7ejo9rw2abscl"},"id":"b1lvs8l2ft7y2jp","previousOperationId":"us9ul6lnycylx4d"}
{"type":"operationEnd","operationId":"us9ul6lnycylx4d","timestamp":1766754049468,"id":"1jtyfv12pvr9dpv","previousEventId":"zp7aqqrv5mpwpnk","previousOperationId":"us9ul6lnycylx4d"}
{"type":"log","timestamp":1766754049470,"level":"debug","message":"Skipping storing report.","meta":{"rootId":"naxusgpwnm110cy","id":"ut7ejo9rw2abscl"},"id":"ug1i2x0h33crkm9","previousOperationId":"us9ul6lnycylx4d"}
{"type":"log","timestamp":1766754049470,"level":"info","message":"Rendering (child) request finished in 3668 ms","meta":{"rootId":"naxusgpwnm110cy","id":"ut7ejo9rw2abscl"},"id":"5082sbmsoi3bm67","previousOperationId":"us9ul6lnycylx4d"}
{"type":"operationEnd","subtype":"render","operationId":"369mwp31ilitt2g","timestamp":1766754049470,"id":"typcjgywsi0ylem","previousEventId":"1jtyfv12pvr9dpv","previousOperationId":"us9ul6lnycylx4d"}
{"type":"log","timestamp":1766754055265,"level":"debug","message":"pptx successfully zipped","meta":{"rootId":"naxusgpwnm110cy","id":"naxusgpwnm110cy"},"id":"pmeekvjpamya8g6","previousOperationId":"xogxq878afcjfu1"}
{"type":"log","timestamp":1766754055265,"level":"info","message":"pptx generation was finished","meta":{"rootId":"naxusgpwnm110cy","id":"naxusgpwnm110cy"},"id":"lcv9ra858ffb8cn","previousOperationId":"xogxq878afcjfu1"}
{"type":"operationEnd","operationId":"xogxq878afcjfu1","timestamp":1766754055281,"id":"d9wjivr2b023779","previousEventId":"oaha2kv4ew6tcsz","previousOperationId":"xogxq878afcjfu1"}
{"type":"log","timestamp":1766754055282,"level":"debug","message":"Skipping storing report.","meta":{"rootId":"naxusgpwnm110cy","id":"naxusgpwnm110cy"},"id":"clcgus8uxmicp8u","previousOperationId":"xogxq878afcjfu1"}
{"type":"log","timestamp":1766754055282,"level":"info","message":"Rendering request 1 finished in 9480 ms","meta":{"rootId":"naxusgpwnm110cy","id":"naxusgpwnm110cy"},"id":"3reoi9mbn1i5v3c","previousOperationId":"xogxq878afcjfu1"}
{"type":"operationEnd","subtype":"render","operationId":"9exs12nak1m9q3e","timestamp":1766754055282,"id":"mfh9cvw3lwx6fjk","previousEventId":"d9wjivr2b023779","previousOperationId":"xogxq878afcjfu1"}
{"type":"operationEnd","doDiffs":false,"previousEventId":"2hx4dj453mxqj04","previousOperationId":"eolknlnvpxk87tm","operationId":"eolknlnvpxk87tm","timestamp":1766754055288,"id":"muk3tbg1xdzoorv"}
