{"type":"operationStart","subtype":"profile","data":{"_id":"hPS6X8WnSqU6ipN4","timestamp":"2025-12-30T19:22:10.384Z","state":"running","mode":"standard","creationDate":"2025-12-30T19:22:10.391Z","modificationDate":"2025-12-30T19:22:10.391Z","shortid":"dsJ3LPv","$entitySet":"profiles","timeout":60000},"doDiffs":false,"timestamp":1767122530389,"id":"opmlsp29grdmona","previousOperationId":null,"operationId":"9iqx9kk0ldqyds4"}
{"type":"log","level":"info","message":"Render request 4 queued for execution and waiting for available worker","previousOperationId":"9iqx9kk0ldqyds4","timestamp":1767122530389,"id":"yijno7vnecpkris"}
{"type":"operationStart","subtype":"render","name":"anonymous","previousOperationId":"9iqx9kk0ldqyds4","timestamp":1767122530443,"id":"ej8plt5uxew2q8a","previousEventId":"opmlsp29grdmona","operationId":"vn86hhwxruqrp9d"}
{"type":"log","timestamp":1767122530443,"level":"info","message":"Starting rendering request 4","meta":{"rootId":"ngub4vtgdlpxma3","id":"ngub4vtgdlpxma3"},"id":"lduizm7tpmljgt7","previousOperationId":"vn86hhwxruqrp9d"}
{"type":"log","timestamp":1767122530443,"level":"info","message":"Rendering anonymous template { recipe: pptx, engine: handlebars }","meta":{"rootId":"ngub4vtgdlpxma3","id":"ngub4vtgdlpxma3"},"id":"8p0jihwf9jxb8hk","previousOperationId":"vn86hhwxruqrp9d"}
{"type":"log","timestamp":1767122530443,"level":"debug","message":"Inline data specified.","meta":{"rootId":"ngub4vtgdlpxma3","id":"ngub4vtgdlpxma3"},"id":"51d178fz5qglsmn","previousOperationId":"vn86hhwxruqrp9d"}
{"type":"log","timestamp":1767122530445,"level":"debug","message":"Base url not specified, skipping its injection.","meta":{"rootId":"ngub4vtgdlpxma3","id":"ngub4vtgdlpxma3"},"id":"lv712tvv5alcka7","previousOperationId":"vn86hhwxruqrp9d"}
{"type":"operationStart","subtype":"engine","name":"handlebars","timestamp":1767122530446,"id":"m2hsj11prrk5pku","previousEventId":"ej8plt5uxew2q8a","operationId":"sdzx3u1n0kpiq3u","previousOperationId":"vn86hhwxruqrp9d"}
{"type":"log","timestamp":1767122530446,"level":"debug","message":"Rendering engine handlebars","meta":{"rootId":"ngub4vtgdlpxma3","id":"ngub4vtgdlpxma3"},"id":"8xzoyghc5njvcpe","previousOperationId":"sdzx3u1n0kpiq3u"}
{"type":"operationEnd","operationId":"sdzx3u1n0kpiq3u","timestamp":1767122530466,"id":"r4tepkguit1e1ms","previousEventId":"m2hsj11prrk5pku","previousOperationId":"sdzx3u1n0kpiq3u"}
{"type":"operationStart","subtype":"recipe","name":"pptx","timestamp":1767122530467,"id":"wk0pf4a1q6tqg7y","previousEventId":"r4tepkguit1e1ms","operationId":"gu95aphyxw7mhv8","previousOperationId":"sdzx3u1n0kpiq3u"}
{"type":"log","timestamp":1767122530467,"level":"debug","message":"Executing recipe pptx","meta":{"rootId":"ngub4vtgdlpxma3","id":"ngub4vtgdlpxma3"},"id":"k7wgf78vei0lhcb","previousOperationId":"gu95aphyxw7mhv8"}
{"type":"log","timestamp":1767122530496,"level":"info","message":"pptx generation is starting","meta":{"rootId":"ngub4vtgdlpxma3","id":"ngub4vtgdlpxma3"},"id":"v22luz9k9h5ow0s","previousOperationId":"gu95aphyxw7mhv8"}
{"type":"log","timestamp":1767122531726,"level":"debug","message":"Starting child request to render pptx dynamic parts","meta":{"rootId":"ngub4vtgdlpxma3","id":"ngub4vtgdlpxma3"},"id":"triphelw0vvi9on","previousOperationId":"gu95aphyxw7mhv8"}
{"type":"operationStart","subtype":"render","name":"anonymous","previousOperationId":"gu95aphyxw7mhv8","timestamp":1767122531727,"id":"9pztaw69uaftgmf","previousEventId":"wk0pf4a1q6tqg7y","operationId":"v53ogrzz62szwm1"}
{"type":"log","timestamp":1767122531727,"level":"info","message":"Starting rendering (child) request","meta":{"rootId":"ngub4vtgdlpxma3","id":"wrmlqd69m70wiha"},"id":"hs4gcnkg45y6bgr","previousOperationId":"v53ogrzz62szwm1"}
{"type":"log","timestamp":1767122531727,"level":"info","message":"Rendering anonymous template { recipe: html, engine: handlebars }","meta":{"rootId":"ngub4vtgdlpxma3","id":"wrmlqd69m70wiha"},"id":"l4uhbvbczzakowx","previousOperationId":"v53ogrzz62szwm1"}
{"type":"log","timestamp":1767122531727,"level":"debug","message":"Inline data specified.","meta":{"rootId":"ngub4vtgdlpxma3","id":"wrmlqd69m70wiha"},"id":"6f99r29mui6aru1","previousOperationId":"v53ogrzz62szwm1"}
{"type":"log","timestamp":1767122531730,"level":"debug","message":"Base url not specified, skipping its injection.","meta":{"rootId":"ngub4vtgdlpxma3","id":"wrmlqd69m70wiha"},"id":"rnzngojz6m7mtkz","previousOperationId":"v53ogrzz62szwm1"}
{"type":"operationStart","subtype":"engine","name":"handlebars","timestamp":1767122531732,"id":"s0sca856jajrl77","previousEventId":"9pztaw69uaftgmf","operationId":"xvnbsri0onzvhar","previousOperationId":"v53ogrzz62szwm1"}
{"type":"log","timestamp":1767122531732,"level":"debug","message":"Rendering engine handlebars","meta":{"rootId":"ngub4vtgdlpxma3","id":"wrmlqd69m70wiha"},"id":"slsox1ek6c7ycq3","previousOperationId":"xvnbsri0onzvhar"}
{"type":"log","timestamp":1767122531844,"level":"debug","message":"(console:log) {\n  type: 'echarts@v5a',\n  width: 848,\n  height: 409,\n  option: { radar: [ [Object] ], series: [ [Object] ] }\n}","meta":{"userLevel":true,"rootId":"ngub4vtgdlpxma3","id":"wrmlqd69m70wiha"},"id":"fnix2hiz2s57k5x","previousOperationId":"xvnbsri0onzvhar"}
{"type":"operationEnd","operationId":"xvnbsri0onzvhar","timestamp":1767122531852,"id":"bw8gbidxgw9g7sq","previousEventId":"s0sca856jajrl77","previousOperationId":"xvnbsri0onzvhar"}
{"type":"operationStart","subtype":"recipe","name":"html","timestamp":1767122531864,"id":"ii0zwzk7m2s3hdz","previousEventId":"bw8gbidxgw9g7sq","operationId":"y05t5bssrqns1pf","previousOperationId":"xvnbsri0onzvhar"}
{"type":"log","timestamp":1767122531864,"level":"debug","message":"Executing recipe html","meta":{"rootId":"ngub4vtgdlpxma3","id":"wrmlqd69m70wiha"},"id":"ymrizxxv6z9vb4m","previousOperationId":"y05t5bssrqns1pf"}
{"type":"operationEnd","operationId":"y05t5bssrqns1pf","timestamp":1767122531864,"id":"f3hr12wgjxtbnzj","previousEventId":"ii0zwzk7m2s3hdz","previousOperationId":"y05t5bssrqns1pf"}
{"type":"log","timestamp":1767122531864,"level":"debug","message":"Skipping storing report.","meta":{"rootId":"ngub4vtgdlpxma3","id":"wrmlqd69m70wiha"},"id":"tv2jpgrfpq3fryi","previousOperationId":"y05t5bssrqns1pf"}
{"type":"log","timestamp":1767122531864,"level":"info","message":"Rendering (child) request finished in 1481 ms","meta":{"rootId":"ngub4vtgdlpxma3","id":"wrmlqd69m70wiha"},"id":"ri5c6vml17o9q6a","previousOperationId":"y05t5bssrqns1pf"}
{"type":"operationEnd","subtype":"render","operationId":"v53ogrzz62szwm1","timestamp":1767122531864,"id":"3cl7iy4tq41xm2h","previousEventId":"f3hr12wgjxtbnzj","previousOperationId":"y05t5bssrqns1pf"}
{"type":"log","timestamp":1767122535399,"level":"debug","message":"pptx successfully zipped","meta":{"rootId":"ngub4vtgdlpxma3","id":"ngub4vtgdlpxma3"},"id":"bbrpi9ape13faeb","previousOperationId":"gu95aphyxw7mhv8"}
{"type":"log","timestamp":1767122535399,"level":"info","message":"pptx generation was finished","meta":{"rootId":"ngub4vtgdlpxma3","id":"ngub4vtgdlpxma3"},"id":"c601y48s6dmq2bh","previousOperationId":"gu95aphyxw7mhv8"}
{"type":"operationEnd","operationId":"gu95aphyxw7mhv8","timestamp":1767122535407,"id":"gy6d0cfujw4d6bx","previousEventId":"wk0pf4a1q6tqg7y","previousOperationId":"gu95aphyxw7mhv8"}
{"type":"log","timestamp":1767122535407,"level":"debug","message":"Skipping storing report.","meta":{"rootId":"ngub4vtgdlpxma3","id":"ngub4vtgdlpxma3"},"id":"jpeqygwmj3uqv0s","previousOperationId":"gu95aphyxw7mhv8"}
{"type":"log","timestamp":1767122535407,"level":"info","message":"Rendering request 4 finished in 5024 ms","meta":{"rootId":"ngub4vtgdlpxma3","id":"ngub4vtgdlpxma3"},"id":"g6veirtakl0stlf","previousOperationId":"gu95aphyxw7mhv8"}
{"type":"operationEnd","subtype":"render","operationId":"vn86hhwxruqrp9d","timestamp":1767122535407,"id":"c5f2zmgxzhg0hlp","previousEventId":"gy6d0cfujw4d6bx","previousOperationId":"gu95aphyxw7mhv8"}
{"type":"operationEnd","doDiffs":false,"previousEventId":"opmlsp29grdmona","previousOperationId":"9iqx9kk0ldqyds4","operationId":"9iqx9kk0ldqyds4","timestamp":1767122535413,"id":"l4bqudaoodnbpmu"}
