{"type":"operationStart","subtype":"profile","data":{"_id":"Du1F3ycOa1x6QXFo","timestamp":"2025-12-31T09:28:44.644Z","state":"running","mode":"standard","creationDate":"2025-12-31T09:28:44.651Z","modificationDate":"2025-12-31T09:28:44.651Z","shortid":"6KntXDM","$entitySet":"profiles","timeout":60000},"doDiffs":false,"timestamp":1767173324648,"id":"0quxo66sdc00ze1","previousOperationId":null,"operationId":"fiiwg5uvog67exp"}
{"type":"log","level":"info","message":"Render request 1 queued for execution and waiting for available worker","previousOperationId":"fiiwg5uvog67exp","timestamp":1767173324649,"id":"c31jpth5o1aktue"}
{"type":"operationStart","subtype":"render","name":"anonymous","previousOperationId":"fiiwg5uvog67exp","timestamp":1767173324721,"id":"yjm2wvkxwj4b0zl","previousEventId":"0quxo66sdc00ze1","operationId":"xb87hjrwn1d8ltu"}
{"type":"log","timestamp":1767173324723,"level":"info","message":"Starting rendering request 1","meta":{"rootId":"nh143n46zu2k455","id":"nh143n46zu2k455"},"id":"q0cys4kt06toa7y","previousOperationId":"xb87hjrwn1d8ltu"}
{"type":"log","timestamp":1767173324726,"level":"info","message":"Rendering anonymous template { recipe: pptx, engine: handlebars }","meta":{"rootId":"nh143n46zu2k455","id":"nh143n46zu2k455"},"id":"bmrprkmembek7oo","previousOperationId":"xb87hjrwn1d8ltu"}
{"type":"log","timestamp":1767173324726,"level":"debug","message":"Inline data specified.","meta":{"rootId":"nh143n46zu2k455","id":"nh143n46zu2k455"},"id":"mppuy8wsckchri5","previousOperationId":"xb87hjrwn1d8ltu"}
{"type":"log","timestamp":1767173324731,"level":"debug","message":"Base url not specified, skipping its injection.","meta":{"rootId":"nh143n46zu2k455","id":"nh143n46zu2k455"},"id":"mx2lvmyir69kob6","previousOperationId":"xb87hjrwn1d8ltu"}
{"type":"operationStart","subtype":"engine","name":"handlebars","timestamp":1767173324734,"id":"g01me6cgi5w5v31","previousEventId":"yjm2wvkxwj4b0zl","operationId":"5ziz3c0rfnuzpe6","previousOperationId":"xb87hjrwn1d8ltu"}
{"type":"log","timestamp":1767173324734,"level":"debug","message":"Rendering engine handlebars","meta":{"rootId":"nh143n46zu2k455","id":"nh143n46zu2k455"},"id":"j8pjwd8dxraj93g","previousOperationId":"5ziz3c0rfnuzpe6"}
{"type":"operationEnd","operationId":"5ziz3c0rfnuzpe6","timestamp":1767173325972,"id":"0upgvjhfturzzr5","previousEventId":"g01me6cgi5w5v31","previousOperationId":"5ziz3c0rfnuzpe6"}
{"type":"operationStart","subtype":"recipe","name":"pptx","timestamp":1767173325974,"id":"zj8xj86wfnyesv9","previousEventId":"0upgvjhfturzzr5","operationId":"ikzindsnl0hfzrc","previousOperationId":"5ziz3c0rfnuzpe6"}
{"type":"log","timestamp":1767173325974,"level":"debug","message":"Executing recipe pptx","meta":{"rootId":"nh143n46zu2k455","id":"nh143n46zu2k455"},"id":"7q8l5q6r2nwb9ey","previousOperationId":"ikzindsnl0hfzrc"}
{"type":"log","timestamp":1767173326244,"level":"info","message":"pptx generation is starting","meta":{"rootId":"nh143n46zu2k455","id":"nh143n46zu2k455"},"id":"ug8pe13eg72x3vv","previousOperationId":"ikzindsnl0hfzrc"}
{"type":"log","timestamp":1767173328283,"level":"debug","message":"Starting child request to render pptx dynamic parts","meta":{"rootId":"nh143n46zu2k455","id":"nh143n46zu2k455"},"id":"w3qh5kl122q1s41","previousOperationId":"ikzindsnl0hfzrc"}
{"type":"operationStart","subtype":"render","name":"anonymous","previousOperationId":"ikzindsnl0hfzrc","timestamp":1767173328285,"id":"dtpakkzmgzb5nfo","previousEventId":"zj8xj86wfnyesv9","operationId":"6w4cw9mkaa329od"}
{"type":"log","timestamp":1767173328285,"level":"info","message":"Starting rendering (child) request","meta":{"rootId":"nh143n46zu2k455","id":"mkr580ca3bqs1yn"},"id":"60ww7nvoiaa60b0","previousOperationId":"6w4cw9mkaa329od"}
{"type":"log","timestamp":1767173328286,"level":"info","message":"Rendering anonymous template { recipe: html, engine: handlebars }","meta":{"rootId":"nh143n46zu2k455","id":"mkr580ca3bqs1yn"},"id":"v7j0v3pul97p1sm","previousOperationId":"6w4cw9mkaa329od"}
{"type":"log","timestamp":1767173328286,"level":"debug","message":"Inline data specified.","meta":{"rootId":"nh143n46zu2k455","id":"mkr580ca3bqs1yn"},"id":"o6efan6htuh8v7c","previousOperationId":"6w4cw9mkaa329od"}
{"type":"log","timestamp":1767173328302,"level":"debug","message":"Base url not specified, skipping its injection.","meta":{"rootId":"nh143n46zu2k455","id":"mkr580ca3bqs1yn"},"id":"a1wghpbwelcpa2y","previousOperationId":"6w4cw9mkaa329od"}
{"type":"operationStart","subtype":"engine","name":"handlebars","timestamp":1767173328305,"id":"rzig64wd38at6w1","previousEventId":"dtpakkzmgzb5nfo","operationId":"bkhradizz3d71gn","previousOperationId":"6w4cw9mkaa329od"}
{"type":"log","timestamp":1767173328305,"level":"debug","message":"Rendering engine handlebars","meta":{"rootId":"nh143n46zu2k455","id":"mkr580ca3bqs1yn"},"id":"jg1ybishb9fq4jo","previousOperationId":"bkhradizz3d71gn"}
{"type":"log","timestamp":1767173328566,"level":"debug","message":"(console:log) {\n  type: 'echarts@v5a',\n  width: 848,\n  height: 409,\n  option: { radar: [ [Object] ], series: [ [Object] ] }\n}","meta":{"userLevel":true,"rootId":"nh143n46zu2k455","id":"mkr580ca3bqs1yn"},"id":"y1gjpnshjj9wnu9","previousOperationId":"bkhradizz3d71gn"}
{"type":"operationEnd","operationId":"bkhradizz3d71gn","timestamp":1767173328581,"id":"ks09x3dz7dkqzc9","previousEventId":"rzig64wd38at6w1","previousOperationId":"bkhradizz3d71gn"}
{"type":"operationStart","subtype":"recipe","name":"html","timestamp":1767173328602,"id":"ztjwu910px5i406","previousEventId":"ks09x3dz7dkqzc9","operationId":"0cgnx87ohnbq7tv","previousOperationId":"bkhradizz3d71gn"}
{"type":"log","timestamp":1767173328602,"level":"debug","message":"Executing recipe html","meta":{"rootId":"nh143n46zu2k455","id":"mkr580ca3bqs1yn"},"id":"zyx5vab508acgkn","previousOperationId":"0cgnx87ohnbq7tv"}
{"type":"operationEnd","operationId":"0cgnx87ohnbq7tv","timestamp":1767173328602,"id":"fs3f5w61vpcworf","previousEventId":"ztjwu910px5i406","previousOperationId":"0cgnx87ohnbq7tv"}
{"type":"log","timestamp":1767173328604,"level":"debug","message":"Skipping storing report.","meta":{"rootId":"nh143n46zu2k455","id":"mkr580ca3bqs1yn"},"id":"i33e25jzxw4eotf","previousOperationId":"0cgnx87ohnbq7tv"}
{"type":"log","timestamp":1767173328604,"level":"info","message":"Rendering (child) request finished in 3962 ms","meta":{"rootId":"nh143n46zu2k455","id":"mkr580ca3bqs1yn"},"id":"tww1yowvpru6d68","previousOperationId":"0cgnx87ohnbq7tv"}
{"type":"operationEnd","subtype":"render","operationId":"6w4cw9mkaa329od","timestamp":1767173328604,"id":"crtuggnz8q4v47z","previousEventId":"fs3f5w61vpcworf","previousOperationId":"0cgnx87ohnbq7tv"}
{"type":"log","timestamp":1767173336582,"level":"debug","message":"pptx successfully zipped","meta":{"rootId":"nh143n46zu2k455","id":"nh143n46zu2k455"},"id":"y2q5g5bpzgx6py5","previousOperationId":"ikzindsnl0hfzrc"}
{"type":"log","timestamp":1767173336583,"level":"info","message":"pptx generation was finished","meta":{"rootId":"nh143n46zu2k455","id":"nh143n46zu2k455"},"id":"26u08w7jpb56peb","previousOperationId":"ikzindsnl0hfzrc"}
{"type":"operationEnd","operationId":"ikzindsnl0hfzrc","timestamp":1767173336600,"id":"u2bf1hs5xzuyi01","previousEventId":"zj8xj86wfnyesv9","previousOperationId":"ikzindsnl0hfzrc"}
{"type":"log","timestamp":1767173336600,"level":"debug","message":"Skipping storing report.","meta":{"rootId":"nh143n46zu2k455","id":"nh143n46zu2k455"},"id":"bi0eny4jmnifw4l","previousOperationId":"ikzindsnl0hfzrc"}
{"type":"log","timestamp":1767173336600,"level":"info","message":"Rendering request 1 finished in 11958 ms","meta":{"rootId":"nh143n46zu2k455","id":"nh143n46zu2k455"},"id":"v7mnyx9ypk7r3mh","previousOperationId":"ikzindsnl0hfzrc"}
{"type":"operationEnd","subtype":"render","operationId":"xb87hjrwn1d8ltu","timestamp":1767173336600,"id":"hrgwwhltw7h6dpr","previousEventId":"u2bf1hs5xzuyi01","previousOperationId":"ikzindsnl0hfzrc"}
{"type":"operationEnd","doDiffs":false,"previousEventId":"0quxo66sdc00ze1","previousOperationId":"fiiwg5uvog67exp","operationId":"fiiwg5uvog67exp","timestamp":1767173336610,"id":"bvnrqvkoi9c94cy"}
