{"type":"operationStart","subtype":"profile","data":{"_id":"6050Tub9vEedzvN0","timestamp":"2025-12-26T12:56:22.110Z","state":"running","mode":"standard","creationDate":"2025-12-26T12:56:22.126Z","modificationDate":"2025-12-26T12:56:22.126Z","shortid":"Jqe5GS7","$entitySet":"profiles","timeout":60000},"doDiffs":false,"timestamp":1766753782122,"id":"98uy2e8ybhas88q","previousOperationId":null,"operationId":"9rdxvc6xnrw66ay"}
{"type":"log","level":"info","message":"Render request 9 queued for execution and waiting for available worker","previousOperationId":"9rdxvc6xnrw66ay","timestamp":1766753782123,"id":"wut8fhrfnhowhom"}
{"type":"operationStart","subtype":"render","name":"anonymous","previousOperationId":"9rdxvc6xnrw66ay","timestamp":1766753782186,"id":"prkhdk3abvxn8g4","previousEventId":"98uy2e8ybhas88q","operationId":"ug5fh31a8v3u52r"}
{"type":"log","timestamp":1766753782186,"level":"info","message":"Starting rendering request 9","meta":{"rootId":"nhzhn7gr4630mtd","id":"nhzhn7gr4630mtd"},"id":"qvk6o2r24p18vn6","previousOperationId":"ug5fh31a8v3u52r"}
{"type":"log","timestamp":1766753782186,"level":"info","message":"Rendering anonymous template { recipe: pptx, engine: handlebars }","meta":{"rootId":"nhzhn7gr4630mtd","id":"nhzhn7gr4630mtd"},"id":"0wy4cttg1ajc3kp","previousOperationId":"ug5fh31a8v3u52r"}
{"type":"log","timestamp":1766753782186,"level":"debug","message":"Inline data specified.","meta":{"rootId":"nhzhn7gr4630mtd","id":"nhzhn7gr4630mtd"},"id":"wnqaps5in4gp1zp","previousOperationId":"ug5fh31a8v3u52r"}
{"type":"log","timestamp":1766753782196,"level":"debug","message":"Base url not specified, skipping its injection.","meta":{"rootId":"nhzhn7gr4630mtd","id":"nhzhn7gr4630mtd"},"id":"xwnhdpu1jjjl8xm","previousOperationId":"ug5fh31a8v3u52r"}
{"type":"operationStart","subtype":"engine","name":"handlebars","timestamp":1766753782197,"id":"5fjgo2f6i7uc8n6","previousEventId":"prkhdk3abvxn8g4","operationId":"e1s8g1shxowvhs9","previousOperationId":"ug5fh31a8v3u52r"}
{"type":"log","timestamp":1766753782198,"level":"debug","message":"Rendering engine handlebars","meta":{"rootId":"nhzhn7gr4630mtd","id":"nhzhn7gr4630mtd"},"id":"zycs7ar1k7ysu3h","previousOperationId":"e1s8g1shxowvhs9"}
{"type":"operationEnd","operationId":"e1s8g1shxowvhs9","timestamp":1766753782220,"id":"he7y1ewg2uh9ocf","previousEventId":"5fjgo2f6i7uc8n6","previousOperationId":"e1s8g1shxowvhs9"}
{"type":"operationStart","subtype":"recipe","name":"pptx","timestamp":1766753782221,"id":"gf64neza7k7bg55","previousEventId":"he7y1ewg2uh9ocf","operationId":"5l8pzbnhcex2d8t","previousOperationId":"e1s8g1shxowvhs9"}
{"type":"log","timestamp":1766753782221,"level":"debug","message":"Executing recipe pptx","meta":{"rootId":"nhzhn7gr4630mtd","id":"nhzhn7gr4630mtd"},"id":"vimzqorlikkdlsq","previousOperationId":"5l8pzbnhcex2d8t"}
{"type":"log","timestamp":1766753782263,"level":"info","message":"pptx generation is starting","meta":{"rootId":"nhzhn7gr4630mtd","id":"nhzhn7gr4630mtd"},"id":"fedduc9p4in324z","previousOperationId":"5l8pzbnhcex2d8t"}
{"type":"log","timestamp":1766753784041,"level":"debug","message":"Starting child request to render pptx dynamic parts","meta":{"rootId":"nhzhn7gr4630mtd","id":"nhzhn7gr4630mtd"},"id":"wfxfaunwoc2cmj0","previousOperationId":"5l8pzbnhcex2d8t"}
{"type":"operationStart","subtype":"render","name":"anonymous","previousOperationId":"5l8pzbnhcex2d8t","timestamp":1766753784042,"id":"n7eawxy9wcp4z74","previousEventId":"gf64neza7k7bg55","operationId":"ldd3uih7ynpqc20"}
{"type":"log","timestamp":1766753784042,"level":"info","message":"Starting rendering (child) request","meta":{"rootId":"nhzhn7gr4630mtd","id":"2tmq0hqrozrzkz4"},"id":"ipk9k28ol4xaslg","previousOperationId":"ldd3uih7ynpqc20"}
{"type":"log","timestamp":1766753784042,"level":"info","message":"Rendering anonymous template { recipe: html, engine: handlebars }","meta":{"rootId":"nhzhn7gr4630mtd","id":"2tmq0hqrozrzkz4"},"id":"b8nko6mr34h1c8b","previousOperationId":"ldd3uih7ynpqc20"}
{"type":"log","timestamp":1766753784042,"level":"debug","message":"Inline data specified.","meta":{"rootId":"nhzhn7gr4630mtd","id":"2tmq0hqrozrzkz4"},"id":"4d23syfadsdnyqj","previousOperationId":"ldd3uih7ynpqc20"}
{"type":"log","timestamp":1766753784051,"level":"debug","message":"Base url not specified, skipping its injection.","meta":{"rootId":"nhzhn7gr4630mtd","id":"2tmq0hqrozrzkz4"},"id":"xhwi0ze9qryj74n","previousOperationId":"ldd3uih7ynpqc20"}
{"type":"operationStart","subtype":"engine","name":"handlebars","timestamp":1766753784053,"id":"yosz8qxshqie0l9","previousEventId":"n7eawxy9wcp4z74","operationId":"sf7wuos6vmy87cj","previousOperationId":"ldd3uih7ynpqc20"}
{"type":"log","timestamp":1766753784053,"level":"debug","message":"Rendering engine handlebars","meta":{"rootId":"nhzhn7gr4630mtd","id":"2tmq0hqrozrzkz4"},"id":"zw377in661crwkq","previousOperationId":"sf7wuos6vmy87cj"}
{"type":"operationEnd","operationId":"sf7wuos6vmy87cj","timestamp":1766753784234,"id":"1bh1mgx8jp0qqva","previousEventId":"yosz8qxshqie0l9","previousOperationId":"sf7wuos6vmy87cj"}
{"type":"operationStart","subtype":"recipe","name":"html","timestamp":1766753784249,"id":"q2549a6jr3rlccl","previousEventId":"1bh1mgx8jp0qqva","operationId":"mrvrghvkmmmmh6s","previousOperationId":"sf7wuos6vmy87cj"}
{"type":"log","timestamp":1766753784249,"level":"debug","message":"Executing recipe html","meta":{"rootId":"nhzhn7gr4630mtd","id":"2tmq0hqrozrzkz4"},"id":"k6ag6pyaw92k0ng","previousOperationId":"mrvrghvkmmmmh6s"}
{"type":"operationEnd","operationId":"mrvrghvkmmmmh6s","timestamp":1766753784249,"id":"c1pdb3ucgyxtugf","previousEventId":"q2549a6jr3rlccl","previousOperationId":"mrvrghvkmmmmh6s"}
{"type":"log","timestamp":1766753784249,"level":"debug","message":"Skipping storing report.","meta":{"rootId":"nhzhn7gr4630mtd","id":"2tmq0hqrozrzkz4"},"id":"d81wqx195tryk30","previousOperationId":"mrvrghvkmmmmh6s"}
{"type":"log","timestamp":1766753784249,"level":"info","message":"Rendering (child) request finished in 2140 ms","meta":{"rootId":"nhzhn7gr4630mtd","id":"2tmq0hqrozrzkz4"},"id":"2ewjb65kpew8pqk","previousOperationId":"mrvrghvkmmmmh6s"}
{"type":"operationEnd","subtype":"render","operationId":"ldd3uih7ynpqc20","timestamp":1766753784249,"id":"cn9b5xtavsi30t1","previousEventId":"c1pdb3ucgyxtugf","previousOperationId":"mrvrghvkmmmmh6s"}
{"type":"log","timestamp":1766753788980,"level":"debug","message":"pptx successfully zipped","meta":{"rootId":"nhzhn7gr4630mtd","id":"nhzhn7gr4630mtd"},"id":"hpxfx2ktwbq2c4j","previousOperationId":"5l8pzbnhcex2d8t"}
{"type":"log","timestamp":1766753788980,"level":"info","message":"pptx generation was finished","meta":{"rootId":"nhzhn7gr4630mtd","id":"nhzhn7gr4630mtd"},"id":"508j8e6vjtlkz65","previousOperationId":"5l8pzbnhcex2d8t"}
{"type":"operationEnd","operationId":"5l8pzbnhcex2d8t","timestamp":1766753788991,"id":"3zag4532sr56gp5","previousEventId":"gf64neza7k7bg55","previousOperationId":"5l8pzbnhcex2d8t"}
{"type":"log","timestamp":1766753788991,"level":"debug","message":"Skipping storing report.","meta":{"rootId":"nhzhn7gr4630mtd","id":"nhzhn7gr4630mtd"},"id":"b5hhdlg0hsbphou","previousOperationId":"5l8pzbnhcex2d8t"}
{"type":"log","timestamp":1766753788991,"level":"info","message":"Rendering request 9 finished in 6882 ms","meta":{"rootId":"nhzhn7gr4630mtd","id":"nhzhn7gr4630mtd"},"id":"8czc65cvhtju7o5","previousOperationId":"5l8pzbnhcex2d8t"}
{"type":"operationEnd","subtype":"render","operationId":"ug5fh31a8v3u52r","timestamp":1766753788991,"id":"ps786z2dwuy8kjz","previousEventId":"3zag4532sr56gp5","previousOperationId":"5l8pzbnhcex2d8t"}
{"type":"operationEnd","doDiffs":false,"previousEventId":"98uy2e8ybhas88q","previousOperationId":"9rdxvc6xnrw66ay","operationId":"9rdxvc6xnrw66ay","timestamp":1766753788996,"id":"llc90yvj4t7pdnl"}
