{"type":"operationStart","subtype":"profile","data":{"_id":"IbSr0rvmyIcBzquV","timestamp":"2025-12-28T13:59:11.128Z","state":"running","mode":"standard","creationDate":"2025-12-28T13:59:11.131Z","modificationDate":"2025-12-28T13:59:11.131Z","shortid":"opq4hRn","$entitySet":"profiles","timeout":60000},"doDiffs":false,"timestamp":1766930351129,"id":"7csisbiew6fijpz","previousOperationId":null,"operationId":"xd057x5gey7jb5w"}
{"type":"log","level":"info","message":"Render request 3 queued for execution and waiting for available worker","previousOperationId":"xd057x5gey7jb5w","timestamp":1766930351129,"id":"5ttdyskuzv463ix"}
{"type":"operationStart","subtype":"render","name":"anonymous","previousOperationId":"xd057x5gey7jb5w","timestamp":1766930351182,"id":"m9cd4xh8g93bt14","previousEventId":"7csisbiew6fijpz","operationId":"57i7ag545pcgzyg"}
{"type":"log","timestamp":1766930351183,"level":"info","message":"Starting rendering request 3","meta":{"rootId":"nj6t31zrlt6rle1","id":"nj6t31zrlt6rle1"},"id":"rjlf55qb2s7a9l5","previousOperationId":"57i7ag545pcgzyg"}
{"type":"log","timestamp":1766930351183,"level":"info","message":"Rendering anonymous template { recipe: pptx, engine: handlebars }","meta":{"rootId":"nj6t31zrlt6rle1","id":"nj6t31zrlt6rle1"},"id":"q5oi720yebus6wj","previousOperationId":"57i7ag545pcgzyg"}
{"type":"log","timestamp":1766930351183,"level":"debug","message":"Inline data specified.","meta":{"rootId":"nj6t31zrlt6rle1","id":"nj6t31zrlt6rle1"},"id":"9etv50zbj88a9hh","previousOperationId":"57i7ag545pcgzyg"}
{"type":"log","timestamp":1766930351185,"level":"debug","message":"Base url not specified, skipping its injection.","meta":{"rootId":"nj6t31zrlt6rle1","id":"nj6t31zrlt6rle1"},"id":"0g0zl7cbvgogoj8","previousOperationId":"57i7ag545pcgzyg"}
{"type":"operationStart","subtype":"engine","name":"handlebars","timestamp":1766930351186,"id":"bcddf1czsie11zo","previousEventId":"m9cd4xh8g93bt14","operationId":"2nvbtd2idj8tznf","previousOperationId":"57i7ag545pcgzyg"}
{"type":"log","timestamp":1766930351186,"level":"debug","message":"Rendering engine handlebars","meta":{"rootId":"nj6t31zrlt6rle1","id":"nj6t31zrlt6rle1"},"id":"2wowwok9ehybyn3","previousOperationId":"2nvbtd2idj8tznf"}
{"type":"operationEnd","operationId":"2nvbtd2idj8tznf","timestamp":1766930351209,"id":"y515s5rogbp0tsd","previousEventId":"bcddf1czsie11zo","previousOperationId":"2nvbtd2idj8tznf"}
{"type":"operationStart","subtype":"recipe","name":"pptx","timestamp":1766930351210,"id":"5ezuhprgnsx9u1f","previousEventId":"y515s5rogbp0tsd","operationId":"0k1x9a900d1h0uv","previousOperationId":"2nvbtd2idj8tznf"}
{"type":"log","timestamp":1766930351211,"level":"debug","message":"Executing recipe pptx","meta":{"rootId":"nj6t31zrlt6rle1","id":"nj6t31zrlt6rle1"},"id":"f7xh7l6dtrqi9qn","previousOperationId":"0k1x9a900d1h0uv"}
{"type":"log","timestamp":1766930351237,"level":"info","message":"pptx generation is starting","meta":{"rootId":"nj6t31zrlt6rle1","id":"nj6t31zrlt6rle1"},"id":"vcni80qe2a4woqm","previousOperationId":"0k1x9a900d1h0uv"}
{"type":"log","timestamp":1766930352311,"level":"debug","message":"Starting child request to render pptx dynamic parts","meta":{"rootId":"nj6t31zrlt6rle1","id":"nj6t31zrlt6rle1"},"id":"rlr82fdep03dn2v","previousOperationId":"0k1x9a900d1h0uv"}
{"type":"operationStart","subtype":"render","name":"anonymous","previousOperationId":"0k1x9a900d1h0uv","timestamp":1766930352311,"id":"7bahc1vtimj3yqk","previousEventId":"5ezuhprgnsx9u1f","operationId":"o0o2eabwkaf2czs"}
{"type":"log","timestamp":1766930352311,"level":"info","message":"Starting rendering (child) request","meta":{"rootId":"nj6t31zrlt6rle1","id":"obn43vd3502889m"},"id":"r1ncos49w0ur2n4","previousOperationId":"o0o2eabwkaf2czs"}
{"type":"log","timestamp":1766930352312,"level":"info","message":"Rendering anonymous template { recipe: html, engine: handlebars }","meta":{"rootId":"nj6t31zrlt6rle1","id":"obn43vd3502889m"},"id":"t678szqzelbgxxl","previousOperationId":"o0o2eabwkaf2czs"}
{"type":"log","timestamp":1766930352312,"level":"debug","message":"Inline data specified.","meta":{"rootId":"nj6t31zrlt6rle1","id":"obn43vd3502889m"},"id":"f3idbjfmuyyi81z","previousOperationId":"o0o2eabwkaf2czs"}
{"type":"log","timestamp":1766930352317,"level":"debug","message":"Base url not specified, skipping its injection.","meta":{"rootId":"nj6t31zrlt6rle1","id":"obn43vd3502889m"},"id":"8c0ljwp6m2c0ks2","previousOperationId":"o0o2eabwkaf2czs"}
{"type":"operationStart","subtype":"engine","name":"handlebars","timestamp":1766930352318,"id":"793yuejcus9p6g7","previousEventId":"7bahc1vtimj3yqk","operationId":"ev6v6zruvclzkkg","previousOperationId":"o0o2eabwkaf2czs"}
{"type":"log","timestamp":1766930352318,"level":"debug","message":"Rendering engine handlebars","meta":{"rootId":"nj6t31zrlt6rle1","id":"obn43vd3502889m"},"id":"3hnmbednqdph264","previousOperationId":"ev6v6zruvclzkkg"}
{"type":"log","timestamp":1766930352440,"level":"debug","message":"(console:log) {\n  type: 'echarts@v5a',\n  width: 848,\n  height: 409,\n  option: { radar: [ [Object] ], series: [ [Object] ] }\n}","meta":{"userLevel":true,"rootId":"nj6t31zrlt6rle1","id":"obn43vd3502889m"},"id":"ac49hoqsq9seszw","previousOperationId":"ev6v6zruvclzkkg"}
{"type":"operationEnd","operationId":"ev6v6zruvclzkkg","timestamp":1766930352447,"id":"vbsbqpoldsh7a37","previousEventId":"793yuejcus9p6g7","previousOperationId":"ev6v6zruvclzkkg"}
{"type":"operationStart","subtype":"recipe","name":"html","timestamp":1766930352456,"id":"7w5pfkotgzee8jl","previousEventId":"vbsbqpoldsh7a37","operationId":"bhl6bzeec2050ef","previousOperationId":"ev6v6zruvclzkkg"}
{"type":"log","timestamp":1766930352456,"level":"debug","message":"Executing recipe html","meta":{"rootId":"nj6t31zrlt6rle1","id":"obn43vd3502889m"},"id":"aqb1h8zifsusciz","previousOperationId":"bhl6bzeec2050ef"}
{"type":"operationEnd","operationId":"bhl6bzeec2050ef","timestamp":1766930352456,"id":"euzxirtcd2qwnw4","previousEventId":"7w5pfkotgzee8jl","previousOperationId":"bhl6bzeec2050ef"}
{"type":"log","timestamp":1766930352456,"level":"debug","message":"Skipping storing report.","meta":{"rootId":"nj6t31zrlt6rle1","id":"obn43vd3502889m"},"id":"goor5ny4ra6rtep","previousOperationId":"bhl6bzeec2050ef"}
{"type":"log","timestamp":1766930352456,"level":"info","message":"Rendering (child) request finished in 1329 ms","meta":{"rootId":"nj6t31zrlt6rle1","id":"obn43vd3502889m"},"id":"4ut78zh8fkmxoz6","previousOperationId":"bhl6bzeec2050ef"}
{"type":"operationEnd","subtype":"render","operationId":"o0o2eabwkaf2czs","timestamp":1766930352456,"id":"g0sa8rhg7owae7f","previousEventId":"euzxirtcd2qwnw4","previousOperationId":"bhl6bzeec2050ef"}
{"type":"log","timestamp":1766930356128,"level":"debug","message":"pptx successfully zipped","meta":{"rootId":"nj6t31zrlt6rle1","id":"nj6t31zrlt6rle1"},"id":"5z2amf4pnvy93ga","previousOperationId":"0k1x9a900d1h0uv"}
{"type":"log","timestamp":1766930356128,"level":"info","message":"pptx generation was finished","meta":{"rootId":"nj6t31zrlt6rle1","id":"nj6t31zrlt6rle1"},"id":"vosurvky9xypc7e","previousOperationId":"0k1x9a900d1h0uv"}
{"type":"operationEnd","operationId":"0k1x9a900d1h0uv","timestamp":1766930356135,"id":"yntrxxohkaa2e86","previousEventId":"5ezuhprgnsx9u1f","previousOperationId":"0k1x9a900d1h0uv"}
{"type":"log","timestamp":1766930356135,"level":"debug","message":"Skipping storing report.","meta":{"rootId":"nj6t31zrlt6rle1","id":"nj6t31zrlt6rle1"},"id":"hexie408fdxvtth","previousOperationId":"0k1x9a900d1h0uv"}
{"type":"log","timestamp":1766930356135,"level":"info","message":"Rendering request 3 finished in 5008 ms","meta":{"rootId":"nj6t31zrlt6rle1","id":"nj6t31zrlt6rle1"},"id":"7r369lr8k11oqmn","previousOperationId":"0k1x9a900d1h0uv"}
{"type":"operationEnd","subtype":"render","operationId":"57i7ag545pcgzyg","timestamp":1766930356135,"id":"di5ctp8imqtrlt5","previousEventId":"yntrxxohkaa2e86","previousOperationId":"0k1x9a900d1h0uv"}
{"type":"operationEnd","doDiffs":false,"previousEventId":"7csisbiew6fijpz","previousOperationId":"xd057x5gey7jb5w","operationId":"xd057x5gey7jb5w","timestamp":1766930356140,"id":"2vtj4ac9lmzxbeh"}
