{"type":"operationStart","subtype":"profile","data":{"_id":"933dRPPxyTkG2J9V","timestamp":"2025-12-26T12:49:43.512Z","state":"running","mode":"standard","creationDate":"2025-12-26T12:49:43.519Z","modificationDate":"2025-12-26T12:49:43.519Z","shortid":"diQpJRB","$entitySet":"profiles","timeout":60000},"doDiffs":false,"timestamp":1766753383516,"id":"tdtkmhrjz5cpg1a","previousOperationId":null,"operationId":"adh3ttj65gjvvh0"}
{"type":"log","level":"info","message":"Render request 3 queued for execution and waiting for available worker","previousOperationId":"adh3ttj65gjvvh0","timestamp":1766753383516,"id":"eds2hrbxciz3cwz"}
{"type":"operationStart","subtype":"render","name":"anonymous","previousOperationId":"adh3ttj65gjvvh0","timestamp":1766753383586,"id":"tnmmb35mubo2fl8","previousEventId":"tdtkmhrjz5cpg1a","operationId":"auf6jtyn2uzm9i3"}
{"type":"log","timestamp":1766753383586,"level":"info","message":"Starting rendering request 3","meta":{"rootId":"nlgbucc8n1ka5yo","id":"nlgbucc8n1ka5yo"},"id":"pwj34i7k5czdtme","previousOperationId":"auf6jtyn2uzm9i3"}
{"type":"log","timestamp":1766753383587,"level":"info","message":"Rendering anonymous template { recipe: pptx, engine: handlebars }","meta":{"rootId":"nlgbucc8n1ka5yo","id":"nlgbucc8n1ka5yo"},"id":"aq9iohj46mjch3t","previousOperationId":"auf6jtyn2uzm9i3"}
{"type":"log","timestamp":1766753383587,"level":"debug","message":"Inline data specified.","meta":{"rootId":"nlgbucc8n1ka5yo","id":"nlgbucc8n1ka5yo"},"id":"zfeyp5b6k6d4hda","previousOperationId":"auf6jtyn2uzm9i3"}
{"type":"log","timestamp":1766753383590,"level":"debug","message":"Base url not specified, skipping its injection.","meta":{"rootId":"nlgbucc8n1ka5yo","id":"nlgbucc8n1ka5yo"},"id":"6e0vdmnpqckaj5p","previousOperationId":"auf6jtyn2uzm9i3"}
{"type":"operationStart","subtype":"engine","name":"handlebars","timestamp":1766753383591,"id":"peq4anv7rbhe7wr","previousEventId":"tnmmb35mubo2fl8","operationId":"zb68lk43k9gi80f","previousOperationId":"auf6jtyn2uzm9i3"}
{"type":"log","timestamp":1766753383591,"level":"debug","message":"Rendering engine handlebars","meta":{"rootId":"nlgbucc8n1ka5yo","id":"nlgbucc8n1ka5yo"},"id":"0mc3dr51cup1jqi","previousOperationId":"zb68lk43k9gi80f"}
{"type":"operationEnd","operationId":"zb68lk43k9gi80f","timestamp":1766753383617,"id":"xho1sq7awabvkie","previousEventId":"peq4anv7rbhe7wr","previousOperationId":"zb68lk43k9gi80f"}
{"type":"operationStart","subtype":"recipe","name":"pptx","timestamp":1766753383618,"id":"26bm61vwdb4spzu","previousEventId":"xho1sq7awabvkie","operationId":"lljmjq3mt5bsq3x","previousOperationId":"zb68lk43k9gi80f"}
{"type":"log","timestamp":1766753383618,"level":"debug","message":"Executing recipe pptx","meta":{"rootId":"nlgbucc8n1ka5yo","id":"nlgbucc8n1ka5yo"},"id":"621no32uj89y8ma","previousOperationId":"lljmjq3mt5bsq3x"}
{"type":"log","timestamp":1766753383646,"level":"info","message":"pptx generation is starting","meta":{"rootId":"nlgbucc8n1ka5yo","id":"nlgbucc8n1ka5yo"},"id":"jn3ppnvuv2lt5w2","previousOperationId":"lljmjq3mt5bsq3x"}
{"type":"log","timestamp":1766753385421,"level":"debug","message":"Starting child request to render pptx dynamic parts","meta":{"rootId":"nlgbucc8n1ka5yo","id":"nlgbucc8n1ka5yo"},"id":"a3cyifpot6myeyx","previousOperationId":"lljmjq3mt5bsq3x"}
{"type":"operationStart","subtype":"render","name":"anonymous","previousOperationId":"lljmjq3mt5bsq3x","timestamp":1766753385422,"id":"grl4gdn0ppipm3h","previousEventId":"26bm61vwdb4spzu","operationId":"0o87btgj86ovu2w"}
{"type":"log","timestamp":1766753385423,"level":"info","message":"Starting rendering (child) request","meta":{"rootId":"nlgbucc8n1ka5yo","id":"7e5jpa4lyzq3s00"},"id":"puzry1yo65b5nxv","previousOperationId":"0o87btgj86ovu2w"}
{"type":"log","timestamp":1766753385423,"level":"info","message":"Rendering anonymous template { recipe: html, engine: handlebars }","meta":{"rootId":"nlgbucc8n1ka5yo","id":"7e5jpa4lyzq3s00"},"id":"qhc7v9czif8af1u","previousOperationId":"0o87btgj86ovu2w"}
{"type":"log","timestamp":1766753385423,"level":"debug","message":"Inline data specified.","meta":{"rootId":"nlgbucc8n1ka5yo","id":"7e5jpa4lyzq3s00"},"id":"6431f7ph0mtpgyy","previousOperationId":"0o87btgj86ovu2w"}
{"type":"log","timestamp":1766753385429,"level":"debug","message":"Base url not specified, skipping its injection.","meta":{"rootId":"nlgbucc8n1ka5yo","id":"7e5jpa4lyzq3s00"},"id":"syjohnfkye4vv4k","previousOperationId":"0o87btgj86ovu2w"}
{"type":"operationStart","subtype":"engine","name":"handlebars","timestamp":1766753385431,"id":"9i26tg6l006dzl4","previousEventId":"grl4gdn0ppipm3h","operationId":"phr0srz5csgt2l9","previousOperationId":"0o87btgj86ovu2w"}
{"type":"log","timestamp":1766753385431,"level":"debug","message":"Rendering engine handlebars","meta":{"rootId":"nlgbucc8n1ka5yo","id":"7e5jpa4lyzq3s00"},"id":"rusdqdfgb32a4or","previousOperationId":"phr0srz5csgt2l9"}
{"type":"operationEnd","operationId":"phr0srz5csgt2l9","timestamp":1766753385603,"id":"olcji7p1rf8le53","previousEventId":"9i26tg6l006dzl4","previousOperationId":"phr0srz5csgt2l9"}
{"type":"operationStart","subtype":"recipe","name":"html","timestamp":1766753385621,"id":"vmeh4seu7xmtr1s","previousEventId":"olcji7p1rf8le53","operationId":"8fwurdo2qlsnzx1","previousOperationId":"phr0srz5csgt2l9"}
{"type":"log","timestamp":1766753385621,"level":"debug","message":"Executing recipe html","meta":{"rootId":"nlgbucc8n1ka5yo","id":"7e5jpa4lyzq3s00"},"id":"h0wb0zg506jr7ml","previousOperationId":"8fwurdo2qlsnzx1"}
{"type":"operationEnd","operationId":"8fwurdo2qlsnzx1","timestamp":1766753385621,"id":"4no21ug4swkitrl","previousEventId":"vmeh4seu7xmtr1s","previousOperationId":"8fwurdo2qlsnzx1"}
{"type":"log","timestamp":1766753385621,"level":"debug","message":"Skipping storing report.","meta":{"rootId":"nlgbucc8n1ka5yo","id":"7e5jpa4lyzq3s00"},"id":"4ngilfje67p135w","previousOperationId":"8fwurdo2qlsnzx1"}
{"type":"log","timestamp":1766753385621,"level":"info","message":"Rendering (child) request finished in 2110 ms","meta":{"rootId":"nlgbucc8n1ka5yo","id":"7e5jpa4lyzq3s00"},"id":"6h1x6u3y7y3yzkk","previousOperationId":"8fwurdo2qlsnzx1"}
{"type":"operationEnd","subtype":"render","operationId":"0o87btgj86ovu2w","timestamp":1766753385621,"id":"dfm4vnk5xq8rjtp","previousEventId":"4no21ug4swkitrl","previousOperationId":"8fwurdo2qlsnzx1"}
{"type":"log","timestamp":1766753389857,"level":"debug","message":"pptx successfully zipped","meta":{"rootId":"nlgbucc8n1ka5yo","id":"nlgbucc8n1ka5yo"},"id":"dz7uru932vgkk7k","previousOperationId":"lljmjq3mt5bsq3x"}
{"type":"log","timestamp":1766753389857,"level":"info","message":"pptx generation was finished","meta":{"rootId":"nlgbucc8n1ka5yo","id":"nlgbucc8n1ka5yo"},"id":"s3g5s7c1jekc336","previousOperationId":"lljmjq3mt5bsq3x"}
{"type":"operationEnd","operationId":"lljmjq3mt5bsq3x","timestamp":1766753389868,"id":"iufh4u915n7vfie","previousEventId":"26bm61vwdb4spzu","previousOperationId":"lljmjq3mt5bsq3x"}
{"type":"log","timestamp":1766753389869,"level":"debug","message":"Skipping storing report.","meta":{"rootId":"nlgbucc8n1ka5yo","id":"nlgbucc8n1ka5yo"},"id":"ko7gaitqvgqpqc8","previousOperationId":"lljmjq3mt5bsq3x"}
{"type":"log","timestamp":1766753389869,"level":"info","message":"Rendering request 3 finished in 6358 ms","meta":{"rootId":"nlgbucc8n1ka5yo","id":"nlgbucc8n1ka5yo"},"id":"0flv5o6atc076aj","previousOperationId":"lljmjq3mt5bsq3x"}
{"type":"operationEnd","subtype":"render","operationId":"auf6jtyn2uzm9i3","timestamp":1766753389869,"id":"hrr9eo57wu7u2kb","previousEventId":"iufh4u915n7vfie","previousOperationId":"lljmjq3mt5bsq3x"}
{"type":"operationEnd","doDiffs":false,"previousEventId":"tdtkmhrjz5cpg1a","previousOperationId":"adh3ttj65gjvvh0","operationId":"adh3ttj65gjvvh0","timestamp":1766753389872,"id":"m79jwwyr4nx91z1"}
