{"type":"operationStart","subtype":"profile","data":{"_id":"3N4wVJkIxul02XSO","timestamp":"2025-12-07T19:28:33.975Z","state":"running","mode":"standard","creationDate":"2025-12-07T19:28:33.979Z","modificationDate":"2025-12-07T19:28:33.979Z","shortid":"LJALKwE","$entitySet":"profiles","timeout":60000},"doDiffs":false,"timestamp":1765135713977,"id":"kcz269b9mfvwzz2","previousOperationId":null,"operationId":"7wh0acqp4tvgtc5"}
{"type":"log","level":"info","message":"Render request 17 queued for execution and waiting for available worker","previousOperationId":"7wh0acqp4tvgtc5","timestamp":1765135713977,"id":"j86o1r8ohnl0q7q"}
{"type":"operationStart","subtype":"render","name":"anonymous","previousOperationId":"7wh0acqp4tvgtc5","timestamp":1765135714028,"id":"fwirr8frgb3dsob","previousEventId":"kcz269b9mfvwzz2","operationId":"7ubsrbkuhg7cfsp"}
{"type":"log","timestamp":1765135714028,"level":"info","message":"Starting rendering request 17","meta":{"rootId":"nnkh54hixwqq4es","id":"nnkh54hixwqq4es"},"id":"24chsnx3komchyk","previousOperationId":"7ubsrbkuhg7cfsp"}
{"type":"log","timestamp":1765135714028,"level":"info","message":"Rendering anonymous template { recipe: pptx, engine: handlebars }","meta":{"rootId":"nnkh54hixwqq4es","id":"nnkh54hixwqq4es"},"id":"o0og7dz0ywlchoi","previousOperationId":"7ubsrbkuhg7cfsp"}
{"type":"log","timestamp":1765135714028,"level":"debug","message":"Inline data specified.","meta":{"rootId":"nnkh54hixwqq4es","id":"nnkh54hixwqq4es"},"id":"3myghdbsnbppr21","previousOperationId":"7ubsrbkuhg7cfsp"}
{"type":"log","timestamp":1765135714032,"level":"debug","message":"Base url not specified, skipping its injection.","meta":{"rootId":"nnkh54hixwqq4es","id":"nnkh54hixwqq4es"},"id":"k888l79w0xvylfo","previousOperationId":"7ubsrbkuhg7cfsp"}
{"type":"operationStart","subtype":"engine","name":"handlebars","timestamp":1765135714032,"id":"ylpucfzymh4aw1s","previousEventId":"fwirr8frgb3dsob","operationId":"t1sgijlscsq0fvy","previousOperationId":"7ubsrbkuhg7cfsp"}
{"type":"log","timestamp":1765135714033,"level":"debug","message":"Rendering engine handlebars","meta":{"rootId":"nnkh54hixwqq4es","id":"nnkh54hixwqq4es"},"id":"1t103tc1ymvie2v","previousOperationId":"t1sgijlscsq0fvy"}
{"type":"operationEnd","operationId":"t1sgijlscsq0fvy","timestamp":1765135714053,"id":"obv6jss5qm0vbj5","previousEventId":"ylpucfzymh4aw1s","previousOperationId":"t1sgijlscsq0fvy"}
{"type":"operationStart","subtype":"recipe","name":"pptx","timestamp":1765135714053,"id":"jc3qqy6n4lekhqo","previousEventId":"obv6jss5qm0vbj5","operationId":"2lpuxjszxgppsqd","previousOperationId":"t1sgijlscsq0fvy"}
{"type":"log","timestamp":1765135714053,"level":"debug","message":"Executing recipe pptx","meta":{"rootId":"nnkh54hixwqq4es","id":"nnkh54hixwqq4es"},"id":"bbe0k8n3bjtzoea","previousOperationId":"2lpuxjszxgppsqd"}
{"type":"log","timestamp":1765135714069,"level":"info","message":"pptx generation is starting","meta":{"rootId":"nnkh54hixwqq4es","id":"nnkh54hixwqq4es"},"id":"txq0zd3eufmd4a1","previousOperationId":"2lpuxjszxgppsqd"}
{"type":"log","timestamp":1765135715230,"level":"debug","message":"Starting child request to render pptx dynamic parts","meta":{"rootId":"nnkh54hixwqq4es","id":"nnkh54hixwqq4es"},"id":"5d7xr9yncdmip8i","previousOperationId":"2lpuxjszxgppsqd"}
{"type":"operationStart","subtype":"render","name":"anonymous","previousOperationId":"2lpuxjszxgppsqd","timestamp":1765135715230,"id":"poz9z500etgpwdg","previousEventId":"jc3qqy6n4lekhqo","operationId":"rz4rgbg4e9xr31q"}
{"type":"log","timestamp":1765135715230,"level":"info","message":"Starting rendering (child) request","meta":{"rootId":"nnkh54hixwqq4es","id":"6l7nabcp014mzlb"},"id":"hp87isn7efoxtju","previousOperationId":"rz4rgbg4e9xr31q"}
{"type":"log","timestamp":1765135715231,"level":"info","message":"Rendering anonymous template { recipe: html, engine: handlebars }","meta":{"rootId":"nnkh54hixwqq4es","id":"6l7nabcp014mzlb"},"id":"tnf01d0854nnomy","previousOperationId":"rz4rgbg4e9xr31q"}
{"type":"log","timestamp":1765135715231,"level":"debug","message":"Inline data specified.","meta":{"rootId":"nnkh54hixwqq4es","id":"6l7nabcp014mzlb"},"id":"t58arrw8h7rqodp","previousOperationId":"rz4rgbg4e9xr31q"}
{"type":"log","timestamp":1765135715237,"level":"debug","message":"Base url not specified, skipping its injection.","meta":{"rootId":"nnkh54hixwqq4es","id":"6l7nabcp014mzlb"},"id":"x8aehukp9pvbcot","previousOperationId":"rz4rgbg4e9xr31q"}
{"type":"operationStart","subtype":"engine","name":"handlebars","timestamp":1765135715238,"id":"2hfqnxe3v6her2x","previousEventId":"poz9z500etgpwdg","operationId":"w854he5ljl8688h","previousOperationId":"rz4rgbg4e9xr31q"}
{"type":"log","timestamp":1765135715238,"level":"debug","message":"Rendering engine handlebars","meta":{"rootId":"nnkh54hixwqq4es","id":"6l7nabcp014mzlb"},"id":"ncaewyh94y8id25","previousOperationId":"w854he5ljl8688h"}
{"type":"operationEnd","operationId":"w854he5ljl8688h","timestamp":1765135715333,"id":"2fklv3rz0uuzkoz","previousEventId":"2hfqnxe3v6her2x","previousOperationId":"w854he5ljl8688h"}
{"type":"operationStart","subtype":"recipe","name":"html","timestamp":1765135715342,"id":"0lmqoatdpxgoe2q","previousEventId":"2fklv3rz0uuzkoz","operationId":"dj8v4zmngu8gezc","previousOperationId":"w854he5ljl8688h"}
{"type":"log","timestamp":1765135715342,"level":"debug","message":"Executing recipe html","meta":{"rootId":"nnkh54hixwqq4es","id":"6l7nabcp014mzlb"},"id":"lygp9te4xwe8e4y","previousOperationId":"dj8v4zmngu8gezc"}
{"type":"operationEnd","operationId":"dj8v4zmngu8gezc","timestamp":1765135715342,"id":"vbvw1k4jei54l5s","previousEventId":"0lmqoatdpxgoe2q","previousOperationId":"dj8v4zmngu8gezc"}
{"type":"log","timestamp":1765135715342,"level":"debug","message":"Skipping storing report.","meta":{"rootId":"nnkh54hixwqq4es","id":"6l7nabcp014mzlb"},"id":"zr12p3lotx6305s","previousOperationId":"dj8v4zmngu8gezc"}
{"type":"log","timestamp":1765135715342,"level":"info","message":"Rendering (child) request finished in 1367 ms","meta":{"rootId":"nnkh54hixwqq4es","id":"6l7nabcp014mzlb"},"id":"9w78mraxwa34yye","previousOperationId":"dj8v4zmngu8gezc"}
{"type":"operationEnd","subtype":"render","operationId":"rz4rgbg4e9xr31q","timestamp":1765135715342,"id":"hws75rg1cpkqxdr","previousEventId":"vbvw1k4jei54l5s","previousOperationId":"dj8v4zmngu8gezc"}
{"type":"log","timestamp":1765135720118,"level":"debug","message":"pptx successfully zipped","meta":{"rootId":"nnkh54hixwqq4es","id":"nnkh54hixwqq4es"},"id":"vbcwb6jne29jx70","previousOperationId":"2lpuxjszxgppsqd"}
{"type":"log","timestamp":1765135720118,"level":"info","message":"pptx generation was finished","meta":{"rootId":"nnkh54hixwqq4es","id":"nnkh54hixwqq4es"},"id":"7xrtbp843jyvsis","previousOperationId":"2lpuxjszxgppsqd"}
{"type":"operationEnd","operationId":"2lpuxjszxgppsqd","timestamp":1765135720125,"id":"4znzgnsfltmvrog","previousEventId":"jc3qqy6n4lekhqo","previousOperationId":"2lpuxjszxgppsqd"}
{"type":"log","timestamp":1765135720125,"level":"debug","message":"Skipping storing report.","meta":{"rootId":"nnkh54hixwqq4es","id":"nnkh54hixwqq4es"},"id":"fyxkzbhwwmrgd9v","previousOperationId":"2lpuxjszxgppsqd"}
{"type":"log","timestamp":1765135720125,"level":"info","message":"Rendering request 17 finished in 6150 ms","meta":{"rootId":"nnkh54hixwqq4es","id":"nnkh54hixwqq4es"},"id":"69qbxhykndrjkhj","previousOperationId":"2lpuxjszxgppsqd"}
{"type":"operationEnd","subtype":"render","operationId":"7ubsrbkuhg7cfsp","timestamp":1765135720125,"id":"77k8yiygfzp7e8n","previousEventId":"4znzgnsfltmvrog","previousOperationId":"2lpuxjszxgppsqd"}
{"type":"operationEnd","doDiffs":false,"previousEventId":"kcz269b9mfvwzz2","previousOperationId":"7wh0acqp4tvgtc5","operationId":"7wh0acqp4tvgtc5","timestamp":1765135720130,"id":"syb1quvqbrhn39x"}
