{"type":"operationStart","subtype":"profile","data":{"_id":"fXCPmyLRcebDacBM","timestamp":"2025-12-28T16:19:25.380Z","state":"running","mode":"standard","creationDate":"2025-12-28T16:19:25.386Z","modificationDate":"2025-12-28T16:19:25.386Z","shortid":"IwFkqzO","$entitySet":"profiles","timeout":60000},"doDiffs":false,"timestamp":1766938765383,"id":"89dpsjgb4sw6873","previousOperationId":null,"operationId":"1pxcrc3mir627cv"}
{"type":"log","level":"info","message":"Render request 1 queued for execution and waiting for available worker","previousOperationId":"1pxcrc3mir627cv","timestamp":1766938765384,"id":"54x9s1l9gjybcc2"}
{"type":"operationStart","subtype":"render","name":"anonymous","previousOperationId":"1pxcrc3mir627cv","timestamp":1766938765483,"id":"k87g724epq4mdmf","previousEventId":"89dpsjgb4sw6873","operationId":"kjka07jdwxdxnfy"}
{"type":"log","timestamp":1766938765485,"level":"info","message":"Starting rendering request 1","meta":{"rootId":"no50kupnzeprixl","id":"no50kupnzeprixl"},"id":"eb2nl2k32bulj4w","previousOperationId":"kjka07jdwxdxnfy"}
{"type":"log","timestamp":1766938765487,"level":"info","message":"Rendering anonymous template { recipe: pptx, engine: handlebars }","meta":{"rootId":"no50kupnzeprixl","id":"no50kupnzeprixl"},"id":"reuwccx6smpcgh4","previousOperationId":"kjka07jdwxdxnfy"}
{"type":"log","timestamp":1766938765488,"level":"debug","message":"Inline data specified.","meta":{"rootId":"no50kupnzeprixl","id":"no50kupnzeprixl"},"id":"tikcfh06plftqbo","previousOperationId":"kjka07jdwxdxnfy"}
{"type":"log","timestamp":1766938765495,"level":"debug","message":"Base url not specified, skipping its injection.","meta":{"rootId":"no50kupnzeprixl","id":"no50kupnzeprixl"},"id":"aeaes32oyan39gl","previousOperationId":"kjka07jdwxdxnfy"}
{"type":"operationStart","subtype":"engine","name":"handlebars","timestamp":1766938765498,"id":"wybjor3iz73ynij","previousEventId":"k87g724epq4mdmf","operationId":"mc0jaw2ads34rf0","previousOperationId":"kjka07jdwxdxnfy"}
{"type":"log","timestamp":1766938765498,"level":"debug","message":"Rendering engine handlebars","meta":{"rootId":"no50kupnzeprixl","id":"no50kupnzeprixl"},"id":"9egstoug0ffz8qj","previousOperationId":"mc0jaw2ads34rf0"}
{"type":"operationEnd","operationId":"mc0jaw2ads34rf0","timestamp":1766938766743,"id":"x3b6pj287e16ev9","previousEventId":"wybjor3iz73ynij","previousOperationId":"mc0jaw2ads34rf0"}
{"type":"operationStart","subtype":"recipe","name":"pptx","timestamp":1766938766744,"id":"yy9e8b03iapnx83","previousEventId":"x3b6pj287e16ev9","operationId":"elopwgpjx6qftkb","previousOperationId":"mc0jaw2ads34rf0"}
{"type":"log","timestamp":1766938766744,"level":"debug","message":"Executing recipe pptx","meta":{"rootId":"no50kupnzeprixl","id":"no50kupnzeprixl"},"id":"bq8hye7h5k478ce","previousOperationId":"elopwgpjx6qftkb"}
{"type":"log","timestamp":1766938766995,"level":"info","message":"pptx generation is starting","meta":{"rootId":"no50kupnzeprixl","id":"no50kupnzeprixl"},"id":"65o69i2mbm9l2i2","previousOperationId":"elopwgpjx6qftkb"}
{"type":"log","timestamp":1766938768836,"level":"debug","message":"Starting child request to render pptx dynamic parts","meta":{"rootId":"no50kupnzeprixl","id":"no50kupnzeprixl"},"id":"r25x9tkpcj0yv2s","previousOperationId":"elopwgpjx6qftkb"}
{"type":"operationStart","subtype":"render","name":"anonymous","previousOperationId":"elopwgpjx6qftkb","timestamp":1766938768838,"id":"19igh1ttkj02wn5","previousEventId":"yy9e8b03iapnx83","operationId":"25erzyz409m4cye"}
{"type":"log","timestamp":1766938768838,"level":"info","message":"Starting rendering (child) request","meta":{"rootId":"no50kupnzeprixl","id":"qp1qydafany9rdj"},"id":"jrhuinqhxi14rji","previousOperationId":"25erzyz409m4cye"}
{"type":"log","timestamp":1766938768838,"level":"info","message":"Rendering anonymous template { recipe: html, engine: handlebars }","meta":{"rootId":"no50kupnzeprixl","id":"qp1qydafany9rdj"},"id":"kqis8qwb8s8pdnv","previousOperationId":"25erzyz409m4cye"}
{"type":"log","timestamp":1766938768839,"level":"debug","message":"Inline data specified.","meta":{"rootId":"no50kupnzeprixl","id":"qp1qydafany9rdj"},"id":"oewa8tx93nfmcw7","previousOperationId":"25erzyz409m4cye"}
{"type":"log","timestamp":1766938768845,"level":"debug","message":"Base url not specified, skipping its injection.","meta":{"rootId":"no50kupnzeprixl","id":"qp1qydafany9rdj"},"id":"0gc1v731u53rseg","previousOperationId":"25erzyz409m4cye"}
{"type":"operationStart","subtype":"engine","name":"handlebars","timestamp":1766938768848,"id":"bl5suuxfw3r1erl","previousEventId":"19igh1ttkj02wn5","operationId":"5c1vsts7iqmn1af","previousOperationId":"25erzyz409m4cye"}
{"type":"log","timestamp":1766938768848,"level":"debug","message":"Rendering engine handlebars","meta":{"rootId":"no50kupnzeprixl","id":"qp1qydafany9rdj"},"id":"gsh3rxgr849r2n0","previousOperationId":"5c1vsts7iqmn1af"}
{"type":"log","timestamp":1766938769063,"level":"debug","message":"(console:log) {\n  type: 'echarts@v5a',\n  width: 848,\n  height: 409,\n  option: { radar: [ [Object] ], series: [ [Object] ] }\n}","meta":{"userLevel":true,"rootId":"no50kupnzeprixl","id":"qp1qydafany9rdj"},"id":"a21yz0rlv8k1x5m","previousOperationId":"5c1vsts7iqmn1af"}
{"type":"log","timestamp":1766938769065,"level":"debug","message":"(console:log) empty data ","meta":{"userLevel":true,"rootId":"no50kupnzeprixl","id":"qp1qydafany9rdj"},"id":"b1cmqfo868k6rn0","previousOperationId":"5c1vsts7iqmn1af"}
{"type":"log","timestamp":1766938769065,"level":"debug","message":"(console:log) empty data","meta":{"userLevel":true,"rootId":"no50kupnzeprixl","id":"qp1qydafany9rdj"},"id":"oimkkymnzaxrlok","previousOperationId":"5c1vsts7iqmn1af"}
{"type":"operationEnd","operationId":"5c1vsts7iqmn1af","timestamp":1766938769075,"id":"xh3ghfls85uzgf1","previousEventId":"bl5suuxfw3r1erl","previousOperationId":"5c1vsts7iqmn1af"}
{"type":"operationStart","subtype":"recipe","name":"html","timestamp":1766938769093,"id":"3879jjuzr8xgj7h","previousEventId":"xh3ghfls85uzgf1","operationId":"es5xb9zh0zkab0x","previousOperationId":"5c1vsts7iqmn1af"}
{"type":"log","timestamp":1766938769093,"level":"debug","message":"Executing recipe html","meta":{"rootId":"no50kupnzeprixl","id":"qp1qydafany9rdj"},"id":"r2r8hwtl1y52saq","previousOperationId":"es5xb9zh0zkab0x"}
{"type":"operationEnd","operationId":"es5xb9zh0zkab0x","timestamp":1766938769094,"id":"bhkacx8wktktzyb","previousEventId":"3879jjuzr8xgj7h","previousOperationId":"es5xb9zh0zkab0x"}
{"type":"log","timestamp":1766938769095,"level":"debug","message":"Skipping storing report.","meta":{"rootId":"no50kupnzeprixl","id":"qp1qydafany9rdj"},"id":"cpfah1ux2z3cdxn","previousOperationId":"es5xb9zh0zkab0x"}
{"type":"log","timestamp":1766938769095,"level":"info","message":"Rendering (child) request finished in 3718 ms","meta":{"rootId":"no50kupnzeprixl","id":"qp1qydafany9rdj"},"id":"4w3fy9wwuze2dxh","previousOperationId":"es5xb9zh0zkab0x"}
{"type":"operationEnd","subtype":"render","operationId":"25erzyz409m4cye","timestamp":1766938769095,"id":"e8dr0b1enzcfdov","previousEventId":"bhkacx8wktktzyb","previousOperationId":"es5xb9zh0zkab0x"}
{"type":"log","timestamp":1766938777634,"level":"debug","message":"pptx successfully zipped","meta":{"rootId":"no50kupnzeprixl","id":"no50kupnzeprixl"},"id":"3xw4xshe9ikmyxk","previousOperationId":"elopwgpjx6qftkb"}
{"type":"log","timestamp":1766938777634,"level":"info","message":"pptx generation was finished","meta":{"rootId":"no50kupnzeprixl","id":"no50kupnzeprixl"},"id":"sfd4nvng0tf07rs","previousOperationId":"elopwgpjx6qftkb"}
{"type":"operationEnd","operationId":"elopwgpjx6qftkb","timestamp":1766938777651,"id":"vnrfmg46e21z5hx","previousEventId":"yy9e8b03iapnx83","previousOperationId":"elopwgpjx6qftkb"}
{"type":"log","timestamp":1766938777651,"level":"debug","message":"Skipping storing report.","meta":{"rootId":"no50kupnzeprixl","id":"no50kupnzeprixl"},"id":"horubevnd7w12c9","previousOperationId":"elopwgpjx6qftkb"}
{"type":"log","timestamp":1766938777651,"level":"info","message":"Rendering request 1 finished in 12274 ms","meta":{"rootId":"no50kupnzeprixl","id":"no50kupnzeprixl"},"id":"usvrqvsl9ypjjfc","previousOperationId":"elopwgpjx6qftkb"}
{"type":"operationEnd","subtype":"render","operationId":"kjka07jdwxdxnfy","timestamp":1766938777651,"id":"ouvodxd0sfd5t9u","previousEventId":"vnrfmg46e21z5hx","previousOperationId":"elopwgpjx6qftkb"}
{"type":"operationEnd","doDiffs":false,"previousEventId":"89dpsjgb4sw6873","previousOperationId":"1pxcrc3mir627cv","operationId":"1pxcrc3mir627cv","timestamp":1766938777659,"id":"c4z0llehxkby2gi"}
