{"type":"operationStart","subtype":"profile","data":{"_id":"iz0RQtFAb6WdvVbl","timestamp":"2025-12-25T21:03:10.311Z","state":"running","mode":"standard","creationDate":"2025-12-25T21:03:10.316Z","modificationDate":"2025-12-25T21:03:10.316Z","shortid":"IyZLEUF","$entitySet":"profiles","timeout":60000},"doDiffs":false,"timestamp":1766696590314,"id":"1rik8yej9zw1ggc","previousOperationId":null,"operationId":"gvuzivgnw4mxyhc"}
{"type":"log","level":"info","message":"Render request 2 queued for execution and waiting for available worker","previousOperationId":"gvuzivgnw4mxyhc","timestamp":1766696590314,"id":"1y35qgsukor0nkg"}
{"type":"operationStart","subtype":"render","name":"anonymous","previousOperationId":"gvuzivgnw4mxyhc","timestamp":1766696590376,"id":"75it4w5jguqft0u","previousEventId":"1rik8yej9zw1ggc","operationId":"dfaoye4e6ihbiaa"}
{"type":"log","timestamp":1766696590378,"level":"info","message":"Starting rendering request 2","meta":{"rootId":"nqoy08tnyauiylc","id":"nqoy08tnyauiylc"},"id":"3eu63qu5aq26wau","previousOperationId":"dfaoye4e6ihbiaa"}
{"type":"log","timestamp":1766696590380,"level":"info","message":"Rendering anonymous template { recipe: pptx, engine: handlebars }","meta":{"rootId":"nqoy08tnyauiylc","id":"nqoy08tnyauiylc"},"id":"1ae0qd0yxqagpje","previousOperationId":"dfaoye4e6ihbiaa"}
{"type":"log","timestamp":1766696590380,"level":"debug","message":"Inline data specified.","meta":{"rootId":"nqoy08tnyauiylc","id":"nqoy08tnyauiylc"},"id":"kr21r81b6ip4xjd","previousOperationId":"dfaoye4e6ihbiaa"}
{"type":"log","timestamp":1766696590391,"level":"debug","message":"Base url not specified, skipping its injection.","meta":{"rootId":"nqoy08tnyauiylc","id":"nqoy08tnyauiylc"},"id":"vh3h0jb1uvh56in","previousOperationId":"dfaoye4e6ihbiaa"}
{"type":"operationStart","subtype":"engine","name":"handlebars","timestamp":1766696590394,"id":"ne3vva155774m9z","previousEventId":"75it4w5jguqft0u","operationId":"18byvmtscby3htc","previousOperationId":"dfaoye4e6ihbiaa"}
{"type":"log","timestamp":1766696590394,"level":"debug","message":"Rendering engine handlebars","meta":{"rootId":"nqoy08tnyauiylc","id":"nqoy08tnyauiylc"},"id":"lnz7pxeec92iws4","previousOperationId":"18byvmtscby3htc"}
{"type":"operationEnd","operationId":"18byvmtscby3htc","timestamp":1766696591605,"id":"ff64pu66a71984j","previousEventId":"ne3vva155774m9z","previousOperationId":"18byvmtscby3htc"}
{"type":"operationStart","subtype":"recipe","name":"pptx","timestamp":1766696591606,"id":"eu2vp958jgt5uit","previousEventId":"ff64pu66a71984j","operationId":"ufh5qehheibvzhd","previousOperationId":"18byvmtscby3htc"}
{"type":"log","timestamp":1766696591606,"level":"debug","message":"Executing recipe pptx","meta":{"rootId":"nqoy08tnyauiylc","id":"nqoy08tnyauiylc"},"id":"9hhsjtrn11utv1v","previousOperationId":"ufh5qehheibvzhd"}
{"type":"log","timestamp":1766696591889,"level":"info","message":"pptx generation is starting","meta":{"rootId":"nqoy08tnyauiylc","id":"nqoy08tnyauiylc"},"id":"jwcxl5dykrjcviw","previousOperationId":"ufh5qehheibvzhd"}
{"type":"log","timestamp":1766696593702,"level":"debug","message":"Starting child request to render pptx dynamic parts","meta":{"rootId":"nqoy08tnyauiylc","id":"nqoy08tnyauiylc"},"id":"6lhwjqwsaclfixo","previousOperationId":"ufh5qehheibvzhd"}
{"type":"operationStart","subtype":"render","name":"anonymous","previousOperationId":"ufh5qehheibvzhd","timestamp":1766696593704,"id":"yonemi5kp9s22mv","previousEventId":"eu2vp958jgt5uit","operationId":"dm8all3hc30499l"}
{"type":"log","timestamp":1766696593704,"level":"info","message":"Starting rendering (child) request","meta":{"rootId":"nqoy08tnyauiylc","id":"ijubyebta26tzg1"},"id":"ha2ntjoynvjm6rx","previousOperationId":"dm8all3hc30499l"}
{"type":"log","timestamp":1766696593705,"level":"info","message":"Rendering anonymous template { recipe: html, engine: handlebars }","meta":{"rootId":"nqoy08tnyauiylc","id":"ijubyebta26tzg1"},"id":"07a8h43f1728ghx","previousOperationId":"dm8all3hc30499l"}
{"type":"log","timestamp":1766696593705,"level":"debug","message":"Inline data specified.","meta":{"rootId":"nqoy08tnyauiylc","id":"ijubyebta26tzg1"},"id":"ttj3ow16le3spjg","previousOperationId":"dm8all3hc30499l"}
{"type":"log","timestamp":1766696593712,"level":"debug","message":"Base url not specified, skipping its injection.","meta":{"rootId":"nqoy08tnyauiylc","id":"ijubyebta26tzg1"},"id":"5ngboj8y95soh3a","previousOperationId":"dm8all3hc30499l"}
{"type":"operationStart","subtype":"engine","name":"handlebars","timestamp":1766696593714,"id":"ewdr610k5189fnj","previousEventId":"yonemi5kp9s22mv","operationId":"ihww35qlo2atnpb","previousOperationId":"dm8all3hc30499l"}
{"type":"log","timestamp":1766696593714,"level":"debug","message":"Rendering engine handlebars","meta":{"rootId":"nqoy08tnyauiylc","id":"ijubyebta26tzg1"},"id":"vj653y7fpm9j7ww","previousOperationId":"ihww35qlo2atnpb"}
{"type":"operationEnd","operationId":"ihww35qlo2atnpb","timestamp":1766696593885,"id":"hkslpp656ouqgiy","previousEventId":"ewdr610k5189fnj","previousOperationId":"ihww35qlo2atnpb"}
{"type":"operationStart","subtype":"recipe","name":"html","timestamp":1766696593899,"id":"0darwq4uy02epe8","previousEventId":"hkslpp656ouqgiy","operationId":"aqewn38wz7uvrw6","previousOperationId":"ihww35qlo2atnpb"}
{"type":"log","timestamp":1766696593899,"level":"debug","message":"Executing recipe html","meta":{"rootId":"nqoy08tnyauiylc","id":"ijubyebta26tzg1"},"id":"gnkrfelaaz8y6y6","previousOperationId":"aqewn38wz7uvrw6"}
{"type":"operationEnd","operationId":"aqewn38wz7uvrw6","timestamp":1766696593899,"id":"tublhh514i78yjb","previousEventId":"0darwq4uy02epe8","previousOperationId":"aqewn38wz7uvrw6"}
{"type":"log","timestamp":1766696593901,"level":"debug","message":"Skipping storing report.","meta":{"rootId":"nqoy08tnyauiylc","id":"ijubyebta26tzg1"},"id":"2u9pr1rip7cevjd","previousOperationId":"aqewn38wz7uvrw6"}
{"type":"log","timestamp":1766696593901,"level":"info","message":"Rendering (child) request finished in 3591 ms","meta":{"rootId":"nqoy08tnyauiylc","id":"ijubyebta26tzg1"},"id":"gm1xu4cnff9nfxv","previousOperationId":"aqewn38wz7uvrw6"}
{"type":"operationEnd","subtype":"render","operationId":"dm8all3hc30499l","timestamp":1766696593901,"id":"l9c8w9zp2e5e9ly","previousEventId":"tublhh514i78yjb","previousOperationId":"aqewn38wz7uvrw6"}
{"type":"log","timestamp":1766696598646,"level":"debug","message":"pptx successfully zipped","meta":{"rootId":"nqoy08tnyauiylc","id":"nqoy08tnyauiylc"},"id":"pijd5p74jndpuo2","previousOperationId":"ufh5qehheibvzhd"}
{"type":"log","timestamp":1766696598646,"level":"info","message":"pptx generation was finished","meta":{"rootId":"nqoy08tnyauiylc","id":"nqoy08tnyauiylc"},"id":"mn4gpk0li5irnub","previousOperationId":"ufh5qehheibvzhd"}
{"type":"operationEnd","operationId":"ufh5qehheibvzhd","timestamp":1766696598662,"id":"e63dgqhu1n1w20q","previousEventId":"eu2vp958jgt5uit","previousOperationId":"ufh5qehheibvzhd"}
{"type":"log","timestamp":1766696598662,"level":"debug","message":"Skipping storing report.","meta":{"rootId":"nqoy08tnyauiylc","id":"nqoy08tnyauiylc"},"id":"pib2owoyfuog1p9","previousOperationId":"ufh5qehheibvzhd"}
{"type":"log","timestamp":1766696598662,"level":"info","message":"Rendering request 2 finished in 8352 ms","meta":{"rootId":"nqoy08tnyauiylc","id":"nqoy08tnyauiylc"},"id":"56jtbpqdnzqm3dz","previousOperationId":"ufh5qehheibvzhd"}
{"type":"operationEnd","subtype":"render","operationId":"dfaoye4e6ihbiaa","timestamp":1766696598662,"id":"8aplnpqky4t4ijq","previousEventId":"e63dgqhu1n1w20q","previousOperationId":"ufh5qehheibvzhd"}
{"type":"operationEnd","doDiffs":false,"previousEventId":"1rik8yej9zw1ggc","previousOperationId":"gvuzivgnw4mxyhc","operationId":"gvuzivgnw4mxyhc","timestamp":1766696598667,"id":"hig0pxqfbhy3u3k"}
