{"type":"operationStart","subtype":"profile","data":{"_id":"vjJZzydXz1gRy54c","timestamp":"2025-12-07T20:17:09.508Z","state":"running","mode":"standard","creationDate":"2025-12-07T20:17:09.514Z","modificationDate":"2025-12-07T20:17:09.514Z","shortid":"w0Kr6EZ","$entitySet":"profiles","timeout":60000},"doDiffs":false,"timestamp":1765138629511,"id":"khvkcry8xd1m9sx","previousOperationId":null,"operationId":"tb4oeoomgjgd0nk"}
{"type":"log","level":"info","message":"Render request 39 queued for execution and waiting for available worker","previousOperationId":"tb4oeoomgjgd0nk","timestamp":1765138629511,"id":"xh54iarc1t76aw7"}
{"type":"operationStart","subtype":"render","name":"anonymous","previousOperationId":"tb4oeoomgjgd0nk","timestamp":1765138629567,"id":"miueg8d12v88xoz","previousEventId":"khvkcry8xd1m9sx","operationId":"ak63xzz7v1ukei2"}
{"type":"log","timestamp":1765138629567,"level":"info","message":"Starting rendering request 39","meta":{"rootId":"nsaysg3kt2gjq42","id":"nsaysg3kt2gjq42"},"id":"66dh16c6axey4u0","previousOperationId":"ak63xzz7v1ukei2"}
{"type":"log","timestamp":1765138629568,"level":"info","message":"Rendering anonymous template { recipe: pptx, engine: handlebars }","meta":{"rootId":"nsaysg3kt2gjq42","id":"nsaysg3kt2gjq42"},"id":"apu9hojyzmj9n6l","previousOperationId":"ak63xzz7v1ukei2"}
{"type":"log","timestamp":1765138629568,"level":"debug","message":"Inline data specified.","meta":{"rootId":"nsaysg3kt2gjq42","id":"nsaysg3kt2gjq42"},"id":"7m96tokm9kh4720","previousOperationId":"ak63xzz7v1ukei2"}
{"type":"log","timestamp":1765138629571,"level":"debug","message":"Base url not specified, skipping its injection.","meta":{"rootId":"nsaysg3kt2gjq42","id":"nsaysg3kt2gjq42"},"id":"bohb6xyuvgrw2nf","previousOperationId":"ak63xzz7v1ukei2"}
{"type":"operationStart","subtype":"engine","name":"handlebars","timestamp":1765138629571,"id":"5ckg2upvsvx2m0e","previousEventId":"miueg8d12v88xoz","operationId":"a2toc8how4u7r6l","previousOperationId":"ak63xzz7v1ukei2"}
{"type":"log","timestamp":1765138629571,"level":"debug","message":"Rendering engine handlebars","meta":{"rootId":"nsaysg3kt2gjq42","id":"nsaysg3kt2gjq42"},"id":"by1x2g068ztozcx","previousOperationId":"a2toc8how4u7r6l"}
{"type":"operationEnd","operationId":"a2toc8how4u7r6l","timestamp":1765138629589,"id":"mr0782072mmti5h","previousEventId":"5ckg2upvsvx2m0e","previousOperationId":"a2toc8how4u7r6l"}
{"type":"operationStart","subtype":"recipe","name":"pptx","timestamp":1765138629589,"id":"mb7xuscojswrrzo","previousEventId":"mr0782072mmti5h","operationId":"5upbieesw4j38qc","previousOperationId":"a2toc8how4u7r6l"}
{"type":"log","timestamp":1765138629590,"level":"debug","message":"Executing recipe pptx","meta":{"rootId":"nsaysg3kt2gjq42","id":"nsaysg3kt2gjq42"},"id":"je7dpwgvww6hcob","previousOperationId":"5upbieesw4j38qc"}
{"type":"log","timestamp":1765138629611,"level":"info","message":"pptx generation is starting","meta":{"rootId":"nsaysg3kt2gjq42","id":"nsaysg3kt2gjq42"},"id":"ezu3i8xkkbz7jzp","previousOperationId":"5upbieesw4j38qc"}
{"type":"log","timestamp":1765138631208,"level":"debug","message":"Starting child request to render pptx dynamic parts","meta":{"rootId":"nsaysg3kt2gjq42","id":"nsaysg3kt2gjq42"},"id":"l8ltki5i6zqc081","previousOperationId":"5upbieesw4j38qc"}
{"type":"operationStart","subtype":"render","name":"anonymous","previousOperationId":"5upbieesw4j38qc","timestamp":1765138631209,"id":"u07n5q1w1zv7yha","previousEventId":"mb7xuscojswrrzo","operationId":"pj0mrwbhiokbof5"}
{"type":"log","timestamp":1765138631209,"level":"info","message":"Starting rendering (child) request","meta":{"rootId":"nsaysg3kt2gjq42","id":"d5nhu9vscby78mi"},"id":"u71phy3newdosq5","previousOperationId":"pj0mrwbhiokbof5"}
{"type":"log","timestamp":1765138631209,"level":"info","message":"Rendering anonymous template { recipe: html, engine: handlebars }","meta":{"rootId":"nsaysg3kt2gjq42","id":"d5nhu9vscby78mi"},"id":"h9df55z4cfp961r","previousOperationId":"pj0mrwbhiokbof5"}
{"type":"log","timestamp":1765138631209,"level":"debug","message":"Inline data specified.","meta":{"rootId":"nsaysg3kt2gjq42","id":"d5nhu9vscby78mi"},"id":"e91zvrizc0k2yov","previousOperationId":"pj0mrwbhiokbof5"}
{"type":"log","timestamp":1765138631214,"level":"debug","message":"Base url not specified, skipping its injection.","meta":{"rootId":"nsaysg3kt2gjq42","id":"d5nhu9vscby78mi"},"id":"yax26ljz7wpkiju","previousOperationId":"pj0mrwbhiokbof5"}
{"type":"operationStart","subtype":"engine","name":"handlebars","timestamp":1765138631215,"id":"0w9vjzhlxc6jox7","previousEventId":"u07n5q1w1zv7yha","operationId":"6ih0573gdnxxbfg","previousOperationId":"pj0mrwbhiokbof5"}
{"type":"log","timestamp":1765138631215,"level":"debug","message":"Rendering engine handlebars","meta":{"rootId":"nsaysg3kt2gjq42","id":"d5nhu9vscby78mi"},"id":"nu82gs2own6r827","previousOperationId":"6ih0573gdnxxbfg"}
{"type":"operationEnd","operationId":"6ih0573gdnxxbfg","timestamp":1765138631352,"id":"1gfwwv6v8j0bl95","previousEventId":"0w9vjzhlxc6jox7","previousOperationId":"6ih0573gdnxxbfg"}
{"type":"operationStart","subtype":"recipe","name":"html","timestamp":1765138631366,"id":"jy9b7kd2nf0cq75","previousEventId":"1gfwwv6v8j0bl95","operationId":"a9phglhfppsa3wg","previousOperationId":"6ih0573gdnxxbfg"}
{"type":"log","timestamp":1765138631366,"level":"debug","message":"Executing recipe html","meta":{"rootId":"nsaysg3kt2gjq42","id":"d5nhu9vscby78mi"},"id":"o5fi2hqocnfxfs1","previousOperationId":"a9phglhfppsa3wg"}
{"type":"operationEnd","operationId":"a9phglhfppsa3wg","timestamp":1765138631366,"id":"2aoi42ibkl4kb4m","previousEventId":"jy9b7kd2nf0cq75","previousOperationId":"a9phglhfppsa3wg"}
{"type":"log","timestamp":1765138631366,"level":"debug","message":"Skipping storing report.","meta":{"rootId":"nsaysg3kt2gjq42","id":"d5nhu9vscby78mi"},"id":"tgkesiboi5cx2pp","previousOperationId":"a9phglhfppsa3wg"}
{"type":"log","timestamp":1765138631366,"level":"info","message":"Rendering (child) request finished in 1860 ms","meta":{"rootId":"nsaysg3kt2gjq42","id":"d5nhu9vscby78mi"},"id":"0p31ohjau7009qh","previousOperationId":"a9phglhfppsa3wg"}
{"type":"operationEnd","subtype":"render","operationId":"pj0mrwbhiokbof5","timestamp":1765138631366,"id":"7vbxrzmaowu84uk","previousEventId":"2aoi42ibkl4kb4m","previousOperationId":"a9phglhfppsa3wg"}
{"type":"log","timestamp":1765138638263,"level":"debug","message":"pptx successfully zipped","meta":{"rootId":"nsaysg3kt2gjq42","id":"nsaysg3kt2gjq42"},"id":"63nuoiv42mcyvn7","previousOperationId":"5upbieesw4j38qc"}
{"type":"log","timestamp":1765138638263,"level":"info","message":"pptx generation was finished","meta":{"rootId":"nsaysg3kt2gjq42","id":"nsaysg3kt2gjq42"},"id":"bon7pfk6xzxecs7","previousOperationId":"5upbieesw4j38qc"}
{"type":"operationEnd","operationId":"5upbieesw4j38qc","timestamp":1765138638275,"id":"j5mwjzde78zmcaq","previousEventId":"mb7xuscojswrrzo","previousOperationId":"5upbieesw4j38qc"}
{"type":"log","timestamp":1765138638276,"level":"debug","message":"Skipping storing report.","meta":{"rootId":"nsaysg3kt2gjq42","id":"nsaysg3kt2gjq42"},"id":"alf580e4iq2y2j9","previousOperationId":"5upbieesw4j38qc"}
{"type":"log","timestamp":1765138638276,"level":"info","message":"Rendering request 39 finished in 8770 ms","meta":{"rootId":"nsaysg3kt2gjq42","id":"nsaysg3kt2gjq42"},"id":"xpytnda5ry2sq8c","previousOperationId":"5upbieesw4j38qc"}
{"type":"operationEnd","subtype":"render","operationId":"ak63xzz7v1ukei2","timestamp":1765138638276,"id":"8ioovekwwpxp85f","previousEventId":"j5mwjzde78zmcaq","previousOperationId":"5upbieesw4j38qc"}
{"type":"operationEnd","doDiffs":false,"previousEventId":"khvkcry8xd1m9sx","previousOperationId":"tb4oeoomgjgd0nk","operationId":"tb4oeoomgjgd0nk","timestamp":1765138638281,"id":"6axam4m498fv0hy"}
