{"type":"operationStart","subtype":"profile","data":{"_id":"VJA1lRh1SoL9cO2J","timestamp":"2025-12-18T13:44:09.317Z","state":"running","mode":"standard","creationDate":"2025-12-18T13:44:09.322Z","modificationDate":"2025-12-18T13:44:09.322Z","shortid":"bnpBDiz","$entitySet":"profiles","timeout":60000},"doDiffs":false,"timestamp":1766065449320,"id":"rg0e1yo1uopnvue","previousOperationId":null,"operationId":"id8spxhw8hjbn75"}
{"type":"log","level":"info","message":"Render request 1 queued for execution and waiting for available worker","previousOperationId":"id8spxhw8hjbn75","timestamp":1766065449320,"id":"54qg5sg25aq9hry"}
{"type":"operationStart","subtype":"render","name":"anonymous","previousOperationId":"id8spxhw8hjbn75","timestamp":1766065449415,"id":"3negig5el81psxs","previousEventId":"rg0e1yo1uopnvue","operationId":"hs6kn8i0f07na0s"}
{"type":"log","timestamp":1766065449417,"level":"info","message":"Starting rendering request 1","meta":{"rootId":"ntd4ey554qr5rse","id":"ntd4ey554qr5rse"},"id":"5hits0y9rfibsl0","previousOperationId":"hs6kn8i0f07na0s"}
{"type":"log","timestamp":1766065449419,"level":"info","message":"Rendering anonymous template { recipe: pptx, engine: handlebars }","meta":{"rootId":"ntd4ey554qr5rse","id":"ntd4ey554qr5rse"},"id":"0gh7ez9d2qzxiuw","previousOperationId":"hs6kn8i0f07na0s"}
{"type":"log","timestamp":1766065449419,"level":"debug","message":"Inline data specified.","meta":{"rootId":"ntd4ey554qr5rse","id":"ntd4ey554qr5rse"},"id":"zbxltz5pxs4wfzr","previousOperationId":"hs6kn8i0f07na0s"}
{"type":"log","timestamp":1766065449425,"level":"debug","message":"Base url not specified, skipping its injection.","meta":{"rootId":"ntd4ey554qr5rse","id":"ntd4ey554qr5rse"},"id":"cuovozgbgu0i7ju","previousOperationId":"hs6kn8i0f07na0s"}
{"type":"operationStart","subtype":"engine","name":"handlebars","timestamp":1766065449428,"id":"l7stsk3k5pe08go","previousEventId":"3negig5el81psxs","operationId":"c2g6cbdatkbj0vu","previousOperationId":"hs6kn8i0f07na0s"}
{"type":"log","timestamp":1766065449428,"level":"debug","message":"Rendering engine handlebars","meta":{"rootId":"ntd4ey554qr5rse","id":"ntd4ey554qr5rse"},"id":"s4o1eviwwy9z2gl","previousOperationId":"c2g6cbdatkbj0vu"}
{"type":"operationEnd","operationId":"c2g6cbdatkbj0vu","timestamp":1766065450294,"id":"q067rkjekex5ocg","previousEventId":"l7stsk3k5pe08go","previousOperationId":"c2g6cbdatkbj0vu"}
{"type":"operationStart","subtype":"recipe","name":"pptx","timestamp":1766065450294,"id":"ft6d3m06yyg0wbm","previousEventId":"q067rkjekex5ocg","operationId":"3m2b4pyrl7t3j2t","previousOperationId":"c2g6cbdatkbj0vu"}
{"type":"log","timestamp":1766065450295,"level":"debug","message":"Executing recipe pptx","meta":{"rootId":"ntd4ey554qr5rse","id":"ntd4ey554qr5rse"},"id":"8higffhoj199kru","previousOperationId":"3m2b4pyrl7t3j2t"}
{"type":"log","timestamp":1766065450478,"level":"info","message":"pptx generation is starting","meta":{"rootId":"ntd4ey554qr5rse","id":"ntd4ey554qr5rse"},"id":"2fcudlodxpmcg37","previousOperationId":"3m2b4pyrl7t3j2t"}
{"type":"log","timestamp":1766065451538,"level":"debug","message":"Starting child request to render pptx dynamic parts","meta":{"rootId":"ntd4ey554qr5rse","id":"ntd4ey554qr5rse"},"id":"zwtq4o247nmeqma","previousOperationId":"3m2b4pyrl7t3j2t"}
{"type":"operationStart","subtype":"render","name":"anonymous","previousOperationId":"3m2b4pyrl7t3j2t","timestamp":1766065451539,"id":"50nclq865a19wih","previousEventId":"ft6d3m06yyg0wbm","operationId":"1q3cff24djie3wo"}
{"type":"log","timestamp":1766065451539,"level":"info","message":"Starting rendering (child) request","meta":{"rootId":"ntd4ey554qr5rse","id":"ayxp65yg5kfmaqa"},"id":"gmyqladjh3est8o","previousOperationId":"1q3cff24djie3wo"}
{"type":"log","timestamp":1766065451539,"level":"info","message":"Rendering anonymous template { recipe: html, engine: handlebars }","meta":{"rootId":"ntd4ey554qr5rse","id":"ayxp65yg5kfmaqa"},"id":"1680ov353d8cem6","previousOperationId":"1q3cff24djie3wo"}
{"type":"log","timestamp":1766065451539,"level":"debug","message":"Inline data specified.","meta":{"rootId":"ntd4ey554qr5rse","id":"ayxp65yg5kfmaqa"},"id":"3nbj00t11lo2ykm","previousOperationId":"1q3cff24djie3wo"}
{"type":"log","timestamp":1766065451545,"level":"debug","message":"Base url not specified, skipping its injection.","meta":{"rootId":"ntd4ey554qr5rse","id":"ayxp65yg5kfmaqa"},"id":"mpwz2mjxqm81qx0","previousOperationId":"1q3cff24djie3wo"}
{"type":"operationStart","subtype":"engine","name":"handlebars","timestamp":1766065451546,"id":"jqcw0nj10rqgc32","previousEventId":"50nclq865a19wih","operationId":"c3s0rwpatdddutt","previousOperationId":"1q3cff24djie3wo"}
{"type":"log","timestamp":1766065451546,"level":"debug","message":"Rendering engine handlebars","meta":{"rootId":"ntd4ey554qr5rse","id":"ayxp65yg5kfmaqa"},"id":"umqt3y5g2pau7ix","previousOperationId":"c3s0rwpatdddutt"}
{"type":"operationEnd","operationId":"c3s0rwpatdddutt","timestamp":1766065451682,"id":"5ezfch5fpok25en","previousEventId":"jqcw0nj10rqgc32","previousOperationId":"c3s0rwpatdddutt"}
{"type":"operationStart","subtype":"recipe","name":"html","timestamp":1766065451693,"id":"58nph00tdbp24kc","previousEventId":"5ezfch5fpok25en","operationId":"erhaaebgx9zsqmb","previousOperationId":"c3s0rwpatdddutt"}
{"type":"log","timestamp":1766065451693,"level":"debug","message":"Executing recipe html","meta":{"rootId":"ntd4ey554qr5rse","id":"ayxp65yg5kfmaqa"},"id":"wmm1psxbu5lpnw6","previousOperationId":"erhaaebgx9zsqmb"}
{"type":"operationEnd","operationId":"erhaaebgx9zsqmb","timestamp":1766065451693,"id":"rxyqganb36yliaq","previousEventId":"58nph00tdbp24kc","previousOperationId":"erhaaebgx9zsqmb"}
{"type":"log","timestamp":1766065451694,"level":"debug","message":"Skipping storing report.","meta":{"rootId":"ntd4ey554qr5rse","id":"ayxp65yg5kfmaqa"},"id":"exu7ezkoyuvvph6","previousOperationId":"erhaaebgx9zsqmb"}
{"type":"log","timestamp":1766065451694,"level":"info","message":"Rendering (child) request finished in 2379 ms","meta":{"rootId":"ntd4ey554qr5rse","id":"ayxp65yg5kfmaqa"},"id":"bceadt0uyi622ex","previousOperationId":"erhaaebgx9zsqmb"}
{"type":"operationEnd","subtype":"render","operationId":"1q3cff24djie3wo","timestamp":1766065451694,"id":"g82jtvmx4dod8fj","previousEventId":"rxyqganb36yliaq","previousOperationId":"erhaaebgx9zsqmb"}
{"type":"log","timestamp":1766065455338,"level":"debug","message":"pptx successfully zipped","meta":{"rootId":"ntd4ey554qr5rse","id":"ntd4ey554qr5rse"},"id":"0tqv6c8nusdjet3","previousOperationId":"3m2b4pyrl7t3j2t"}
{"type":"log","timestamp":1766065455339,"level":"info","message":"pptx generation was finished","meta":{"rootId":"ntd4ey554qr5rse","id":"ntd4ey554qr5rse"},"id":"0lvu16b4i3zxlmu","previousOperationId":"3m2b4pyrl7t3j2t"}
{"type":"operationEnd","operationId":"3m2b4pyrl7t3j2t","timestamp":1766065455352,"id":"t5x6q50oyjqulez","previousEventId":"ft6d3m06yyg0wbm","previousOperationId":"3m2b4pyrl7t3j2t"}
{"type":"log","timestamp":1766065455352,"level":"debug","message":"Skipping storing report.","meta":{"rootId":"ntd4ey554qr5rse","id":"ntd4ey554qr5rse"},"id":"nxtnnthubgs94y4","previousOperationId":"3m2b4pyrl7t3j2t"}
{"type":"log","timestamp":1766065455352,"level":"info","message":"Rendering request 1 finished in 6037 ms","meta":{"rootId":"ntd4ey554qr5rse","id":"ntd4ey554qr5rse"},"id":"v81anaqmfnqqzal","previousOperationId":"3m2b4pyrl7t3j2t"}
{"type":"operationEnd","subtype":"render","operationId":"hs6kn8i0f07na0s","timestamp":1766065455352,"id":"xaabp3lyipqivin","previousEventId":"t5x6q50oyjqulez","previousOperationId":"3m2b4pyrl7t3j2t"}
{"type":"operationEnd","doDiffs":false,"previousEventId":"rg0e1yo1uopnvue","previousOperationId":"id8spxhw8hjbn75","operationId":"id8spxhw8hjbn75","timestamp":1766065455358,"id":"uim801cjrd63d4s"}
