{"type":"operationStart","subtype":"profile","data":{"_id":"teLrLIRryTmQhxqR","timestamp":"2025-12-25T21:08:09.175Z","state":"running","mode":"standard","creationDate":"2025-12-25T21:08:09.185Z","modificationDate":"2025-12-25T21:08:09.185Z","shortid":"LBaxu-k","$entitySet":"profiles","timeout":60000},"doDiffs":false,"timestamp":1766696889180,"id":"bwx6s0bpcxchkqx","previousOperationId":null,"operationId":"s9ebezd9wmxibg9"}
{"type":"log","level":"info","message":"Render request 1 queued for execution and waiting for available worker","previousOperationId":"s9ebezd9wmxibg9","timestamp":1766696889181,"id":"fq87kl71c7ekkg5"}
{"type":"operationStart","subtype":"render","name":"anonymous","previousOperationId":"s9ebezd9wmxibg9","timestamp":1766696889267,"id":"5ov43dn88lyr6jp","previousEventId":"bwx6s0bpcxchkqx","operationId":"p3985n5qy26fi7h"}
{"type":"log","timestamp":1766696889269,"level":"info","message":"Starting rendering request 1","meta":{"rootId":"nyq2whhxodcgodj","id":"nyq2whhxodcgodj"},"id":"bq277lo6x0zo4kf","previousOperationId":"p3985n5qy26fi7h"}
{"type":"log","timestamp":1766696889272,"level":"info","message":"Rendering anonymous template { recipe: pptx, engine: handlebars }","meta":{"rootId":"nyq2whhxodcgodj","id":"nyq2whhxodcgodj"},"id":"guh5swfciejzxql","previousOperationId":"p3985n5qy26fi7h"}
{"type":"log","timestamp":1766696889272,"level":"debug","message":"Inline data specified.","meta":{"rootId":"nyq2whhxodcgodj","id":"nyq2whhxodcgodj"},"id":"8b1hkknzim0mel7","previousOperationId":"p3985n5qy26fi7h"}
{"type":"log","timestamp":1766696889279,"level":"debug","message":"Base url not specified, skipping its injection.","meta":{"rootId":"nyq2whhxodcgodj","id":"nyq2whhxodcgodj"},"id":"0rpa71o51eqb0u7","previousOperationId":"p3985n5qy26fi7h"}
{"type":"operationStart","subtype":"engine","name":"handlebars","timestamp":1766696889281,"id":"sg6jw3yiwj9f0fb","previousEventId":"5ov43dn88lyr6jp","operationId":"vcrait63y701ak6","previousOperationId":"p3985n5qy26fi7h"}
{"type":"log","timestamp":1766696889281,"level":"debug","message":"Rendering engine handlebars","meta":{"rootId":"nyq2whhxodcgodj","id":"nyq2whhxodcgodj"},"id":"51vmu0nlp4icqu1","previousOperationId":"vcrait63y701ak6"}
{"type":"operationEnd","operationId":"vcrait63y701ak6","timestamp":1766696890614,"id":"nklqwxfioho1rc4","previousEventId":"sg6jw3yiwj9f0fb","previousOperationId":"vcrait63y701ak6"}
{"type":"operationStart","subtype":"recipe","name":"pptx","timestamp":1766696890616,"id":"aq9kcb48uac8nr3","previousEventId":"nklqwxfioho1rc4","operationId":"zjdylatwcz0x33h","previousOperationId":"vcrait63y701ak6"}
{"type":"log","timestamp":1766696890616,"level":"debug","message":"Executing recipe pptx","meta":{"rootId":"nyq2whhxodcgodj","id":"nyq2whhxodcgodj"},"id":"9rvboxjsrot2sog","previousOperationId":"zjdylatwcz0x33h"}
{"type":"log","timestamp":1766696890897,"level":"info","message":"pptx generation is starting","meta":{"rootId":"nyq2whhxodcgodj","id":"nyq2whhxodcgodj"},"id":"9ugeksqzbg7wifq","previousOperationId":"zjdylatwcz0x33h"}
{"type":"log","timestamp":1766696892761,"level":"debug","message":"Starting child request to render pptx dynamic parts","meta":{"rootId":"nyq2whhxodcgodj","id":"nyq2whhxodcgodj"},"id":"hnmionur38k5n66","previousOperationId":"zjdylatwcz0x33h"}
{"type":"operationStart","subtype":"render","name":"anonymous","previousOperationId":"zjdylatwcz0x33h","timestamp":1766696892762,"id":"k4szwviapgv22tv","previousEventId":"aq9kcb48uac8nr3","operationId":"5jfawbtrwh7hopg"}
{"type":"log","timestamp":1766696892763,"level":"info","message":"Starting rendering (child) request","meta":{"rootId":"nyq2whhxodcgodj","id":"ijejyo93379hf12"},"id":"xoupn8bng0qtn2m","previousOperationId":"5jfawbtrwh7hopg"}
{"type":"log","timestamp":1766696892763,"level":"info","message":"Rendering anonymous template { recipe: html, engine: handlebars }","meta":{"rootId":"nyq2whhxodcgodj","id":"ijejyo93379hf12"},"id":"s3wpg3ils8y4tce","previousOperationId":"5jfawbtrwh7hopg"}
{"type":"log","timestamp":1766696892763,"level":"debug","message":"Inline data specified.","meta":{"rootId":"nyq2whhxodcgodj","id":"ijejyo93379hf12"},"id":"g10f6zcxtub8x5t","previousOperationId":"5jfawbtrwh7hopg"}
{"type":"log","timestamp":1766696892771,"level":"debug","message":"Base url not specified, skipping its injection.","meta":{"rootId":"nyq2whhxodcgodj","id":"ijejyo93379hf12"},"id":"kn4jo6v3s3kcw1w","previousOperationId":"5jfawbtrwh7hopg"}
{"type":"operationStart","subtype":"engine","name":"handlebars","timestamp":1766696892773,"id":"dsk08nlnaue07bp","previousEventId":"k4szwviapgv22tv","operationId":"9l3k8sm0f7lyj1r","previousOperationId":"5jfawbtrwh7hopg"}
{"type":"log","timestamp":1766696892773,"level":"debug","message":"Rendering engine handlebars","meta":{"rootId":"nyq2whhxodcgodj","id":"ijejyo93379hf12"},"id":"c2nfsw7th85abzn","previousOperationId":"9l3k8sm0f7lyj1r"}
{"type":"operationEnd","operationId":"9l3k8sm0f7lyj1r","timestamp":1766696892949,"id":"4doh1ut75zo4p2y","previousEventId":"dsk08nlnaue07bp","previousOperationId":"9l3k8sm0f7lyj1r"}
{"type":"operationStart","subtype":"recipe","name":"html","timestamp":1766696892958,"id":"r8wx1dkmskcleeo","previousEventId":"4doh1ut75zo4p2y","operationId":"69z9n3lfhly41kp","previousOperationId":"9l3k8sm0f7lyj1r"}
{"type":"log","timestamp":1766696892958,"level":"debug","message":"Executing recipe html","meta":{"rootId":"nyq2whhxodcgodj","id":"ijejyo93379hf12"},"id":"l6bto8mu1jfdm4p","previousOperationId":"69z9n3lfhly41kp"}
{"type":"operationEnd","operationId":"69z9n3lfhly41kp","timestamp":1766696892958,"id":"av6th9o7depdcmx","previousEventId":"r8wx1dkmskcleeo","previousOperationId":"69z9n3lfhly41kp"}
{"type":"log","timestamp":1766696892960,"level":"debug","message":"Skipping storing report.","meta":{"rootId":"nyq2whhxodcgodj","id":"ijejyo93379hf12"},"id":"7je1u1indiklrfg","previousOperationId":"69z9n3lfhly41kp"}
{"type":"log","timestamp":1766696892960,"level":"info","message":"Rendering (child) request finished in 3788 ms","meta":{"rootId":"nyq2whhxodcgodj","id":"ijejyo93379hf12"},"id":"vki20ewvwsurdv7","previousOperationId":"69z9n3lfhly41kp"}
{"type":"operationEnd","subtype":"render","operationId":"5jfawbtrwh7hopg","timestamp":1766696892960,"id":"hxxu7867iu3hn1u","previousEventId":"av6th9o7depdcmx","previousOperationId":"69z9n3lfhly41kp"}
{"type":"log","timestamp":1766696896990,"level":"debug","message":"pptx successfully zipped","meta":{"rootId":"nyq2whhxodcgodj","id":"nyq2whhxodcgodj"},"id":"nusn1cbxplevbuu","previousOperationId":"zjdylatwcz0x33h"}
{"type":"log","timestamp":1766696896990,"level":"info","message":"pptx generation was finished","meta":{"rootId":"nyq2whhxodcgodj","id":"nyq2whhxodcgodj"},"id":"e1kxfdkl4szqjhj","previousOperationId":"zjdylatwcz0x33h"}
{"type":"operationEnd","operationId":"zjdylatwcz0x33h","timestamp":1766696897006,"id":"okcuu4l272qsa5c","previousEventId":"aq9kcb48uac8nr3","previousOperationId":"zjdylatwcz0x33h"}
{"type":"log","timestamp":1766696897006,"level":"debug","message":"Skipping storing report.","meta":{"rootId":"nyq2whhxodcgodj","id":"nyq2whhxodcgodj"},"id":"rtkuk7k6oa0k0xt","previousOperationId":"zjdylatwcz0x33h"}
{"type":"log","timestamp":1766696897006,"level":"info","message":"Rendering request 1 finished in 7834 ms","meta":{"rootId":"nyq2whhxodcgodj","id":"nyq2whhxodcgodj"},"id":"mtd7rm2e2usjlgg","previousOperationId":"zjdylatwcz0x33h"}
{"type":"operationEnd","subtype":"render","operationId":"p3985n5qy26fi7h","timestamp":1766696897007,"id":"2s3zdkmqoiub7ve","previousEventId":"okcuu4l272qsa5c","previousOperationId":"zjdylatwcz0x33h"}
{"type":"operationEnd","doDiffs":false,"previousEventId":"bwx6s0bpcxchkqx","previousOperationId":"s9ebezd9wmxibg9","operationId":"s9ebezd9wmxibg9","timestamp":1766696897015,"id":"n08iukdfevdnqbn"}
