{"type":"operationStart","subtype":"profile","data":{"_id":"VXDw7LgoTSYdjZ53","timestamp":"2025-12-31T14:55:01.925Z","state":"running","mode":"standard","creationDate":"2025-12-31T14:55:01.930Z","modificationDate":"2025-12-31T14:55:01.930Z","shortid":"2EHolke","$entitySet":"profiles","timeout":60000},"doDiffs":false,"timestamp":1767192901928,"id":"7dll3dxkuzaz4k9","previousOperationId":null,"operationId":"zu7urjn1r7xe1to"}
{"type":"log","level":"info","message":"Render request 59 queued for execution and waiting for available worker","previousOperationId":"zu7urjn1r7xe1to","timestamp":1767192901928,"id":"29hv9gnpexpzqe3"}
{"type":"operationStart","subtype":"render","name":"anonymous","previousOperationId":"zu7urjn1r7xe1to","timestamp":1767192901990,"id":"j0xn0ebzyl8odlc","previousEventId":"7dll3dxkuzaz4k9","operationId":"hzdaoxaasntgwto"}
{"type":"log","timestamp":1767192901993,"level":"info","message":"Starting rendering request 59","meta":{"rootId":"nzb4ytt71dr239u","id":"nzb4ytt71dr239u"},"id":"z49n9c5617zjdy1","previousOperationId":"hzdaoxaasntgwto"}
{"type":"log","timestamp":1767192901995,"level":"info","message":"Rendering anonymous template { recipe: pptx, engine: handlebars }","meta":{"rootId":"nzb4ytt71dr239u","id":"nzb4ytt71dr239u"},"id":"kc6y4wrjnptf4mj","previousOperationId":"hzdaoxaasntgwto"}
{"type":"log","timestamp":1767192901995,"level":"debug","message":"Inline data specified.","meta":{"rootId":"nzb4ytt71dr239u","id":"nzb4ytt71dr239u"},"id":"vvynwwnz8hfuu43","previousOperationId":"hzdaoxaasntgwto"}
{"type":"log","timestamp":1767192902001,"level":"debug","message":"Base url not specified, skipping its injection.","meta":{"rootId":"nzb4ytt71dr239u","id":"nzb4ytt71dr239u"},"id":"87n1esie2my5mrh","previousOperationId":"hzdaoxaasntgwto"}
{"type":"operationStart","subtype":"engine","name":"handlebars","timestamp":1767192902004,"id":"lkwzio9476j59kn","previousEventId":"j0xn0ebzyl8odlc","operationId":"nal0tpmhb6ndo5e","previousOperationId":"hzdaoxaasntgwto"}
{"type":"log","timestamp":1767192902004,"level":"debug","message":"Rendering engine handlebars","meta":{"rootId":"nzb4ytt71dr239u","id":"nzb4ytt71dr239u"},"id":"hjj4zv0j76l4f53","previousOperationId":"nal0tpmhb6ndo5e"}
{"type":"operationEnd","operationId":"nal0tpmhb6ndo5e","timestamp":1767192902031,"id":"bykshc6ot5eqsbg","previousEventId":"lkwzio9476j59kn","previousOperationId":"nal0tpmhb6ndo5e"}
{"type":"operationStart","subtype":"recipe","name":"pptx","timestamp":1767192902032,"id":"kcpgqqdxmyjr7l6","previousEventId":"bykshc6ot5eqsbg","operationId":"yi03pvcjhin3dna","previousOperationId":"nal0tpmhb6ndo5e"}
{"type":"log","timestamp":1767192902032,"level":"debug","message":"Executing recipe pptx","meta":{"rootId":"nzb4ytt71dr239u","id":"nzb4ytt71dr239u"},"id":"oaurp68xhe48qg4","previousOperationId":"yi03pvcjhin3dna"}
{"type":"log","timestamp":1767192902051,"level":"info","message":"pptx generation is starting","meta":{"rootId":"nzb4ytt71dr239u","id":"nzb4ytt71dr239u"},"id":"hb3nj6g06parvtu","previousOperationId":"yi03pvcjhin3dna"}
{"type":"log","timestamp":1767192903343,"level":"debug","message":"Starting child request to render pptx dynamic parts","meta":{"rootId":"nzb4ytt71dr239u","id":"nzb4ytt71dr239u"},"id":"cbk8h9jgxwsi86o","previousOperationId":"yi03pvcjhin3dna"}
{"type":"operationStart","subtype":"render","name":"anonymous","previousOperationId":"yi03pvcjhin3dna","timestamp":1767192903344,"id":"fu2g3jcvt4wybk5","previousEventId":"kcpgqqdxmyjr7l6","operationId":"wenpq4q08umhdnf"}
{"type":"log","timestamp":1767192903344,"level":"info","message":"Starting rendering (child) request","meta":{"rootId":"nzb4ytt71dr239u","id":"w0pq83jp4ba0dzd"},"id":"wfeghfgojl48fiv","previousOperationId":"wenpq4q08umhdnf"}
{"type":"log","timestamp":1767192903344,"level":"info","message":"Rendering anonymous template { recipe: html, engine: handlebars }","meta":{"rootId":"nzb4ytt71dr239u","id":"w0pq83jp4ba0dzd"},"id":"nrr3q7qybvt7dog","previousOperationId":"wenpq4q08umhdnf"}
{"type":"log","timestamp":1767192903344,"level":"debug","message":"Inline data specified.","meta":{"rootId":"nzb4ytt71dr239u","id":"w0pq83jp4ba0dzd"},"id":"r5xaydufxt19c4j","previousOperationId":"wenpq4q08umhdnf"}
{"type":"log","timestamp":1767192903348,"level":"debug","message":"Base url not specified, skipping its injection.","meta":{"rootId":"nzb4ytt71dr239u","id":"w0pq83jp4ba0dzd"},"id":"357fzpjd5lhlqpy","previousOperationId":"wenpq4q08umhdnf"}
{"type":"operationStart","subtype":"engine","name":"handlebars","timestamp":1767192903350,"id":"w58mf6y9t93o419","previousEventId":"fu2g3jcvt4wybk5","operationId":"sx9acmj2p895ugr","previousOperationId":"wenpq4q08umhdnf"}
{"type":"log","timestamp":1767192903350,"level":"debug","message":"Rendering engine handlebars","meta":{"rootId":"nzb4ytt71dr239u","id":"w0pq83jp4ba0dzd"},"id":"22ipxloylmsit02","previousOperationId":"sx9acmj2p895ugr"}
{"type":"log","timestamp":1767192903361,"level":"debug","message":"(console:log) {\n  type: 'echarts@v5a',\n  width: 848,\n  height: 409,\n  option: { radar: [ [Object] ], series: [ [Object] ] }\n}","meta":{"userLevel":true,"rootId":"nzb4ytt71dr239u","id":"w0pq83jp4ba0dzd"},"id":"ltwiuuyb6dfgz12","previousOperationId":"sx9acmj2p895ugr"}
{"type":"operationEnd","operationId":"sx9acmj2p895ugr","timestamp":1767192903373,"id":"g75f1rbm548yarr","previousEventId":"w58mf6y9t93o419","previousOperationId":"sx9acmj2p895ugr"}
{"type":"operationStart","subtype":"recipe","name":"html","timestamp":1767192903390,"id":"mhbh6fhi5l2a0mh","previousEventId":"g75f1rbm548yarr","operationId":"lh6x4oeofi2ou0c","previousOperationId":"sx9acmj2p895ugr"}
{"type":"log","timestamp":1767192903390,"level":"debug","message":"Executing recipe html","meta":{"rootId":"nzb4ytt71dr239u","id":"w0pq83jp4ba0dzd"},"id":"jqjl2usnuwb13k2","previousOperationId":"lh6x4oeofi2ou0c"}
{"type":"operationEnd","operationId":"lh6x4oeofi2ou0c","timestamp":1767192903390,"id":"t72p2mquuwlne86","previousEventId":"mhbh6fhi5l2a0mh","previousOperationId":"lh6x4oeofi2ou0c"}
{"type":"log","timestamp":1767192903390,"level":"debug","message":"Skipping storing report.","meta":{"rootId":"nzb4ytt71dr239u","id":"w0pq83jp4ba0dzd"},"id":"0p8tzrqibuks4fx","previousOperationId":"lh6x4oeofi2ou0c"}
{"type":"log","timestamp":1767192903390,"level":"info","message":"Rendering (child) request finished in 1466 ms","meta":{"rootId":"nzb4ytt71dr239u","id":"w0pq83jp4ba0dzd"},"id":"up7jp5geb9xodz4","previousOperationId":"lh6x4oeofi2ou0c"}
{"type":"operationEnd","subtype":"render","operationId":"wenpq4q08umhdnf","timestamp":1767192903390,"id":"nlrz9w09xpz4tgr","previousEventId":"t72p2mquuwlne86","previousOperationId":"lh6x4oeofi2ou0c"}
{"type":"log","timestamp":1767192907928,"level":"debug","message":"pptx successfully zipped","meta":{"rootId":"nzb4ytt71dr239u","id":"nzb4ytt71dr239u"},"id":"yjbx6bhss4a8ygc","previousOperationId":"yi03pvcjhin3dna"}
{"type":"log","timestamp":1767192907928,"level":"info","message":"pptx generation was finished","meta":{"rootId":"nzb4ytt71dr239u","id":"nzb4ytt71dr239u"},"id":"5o85u1jpc0r963z","previousOperationId":"yi03pvcjhin3dna"}
{"type":"operationEnd","operationId":"yi03pvcjhin3dna","timestamp":1767192907937,"id":"7tj47klks9q78a4","previousEventId":"kcpgqqdxmyjr7l6","previousOperationId":"yi03pvcjhin3dna"}
{"type":"log","timestamp":1767192907937,"level":"debug","message":"Skipping storing report.","meta":{"rootId":"nzb4ytt71dr239u","id":"nzb4ytt71dr239u"},"id":"15mi28g3zr4lzp4","previousOperationId":"yi03pvcjhin3dna"}
{"type":"log","timestamp":1767192907937,"level":"info","message":"Rendering request 59 finished in 6013 ms","meta":{"rootId":"nzb4ytt71dr239u","id":"nzb4ytt71dr239u"},"id":"i06qo35fuxg7o4b","previousOperationId":"yi03pvcjhin3dna"}
{"type":"operationEnd","subtype":"render","operationId":"hzdaoxaasntgwto","timestamp":1767192907938,"id":"r31m4k9hn93y116","previousEventId":"7tj47klks9q78a4","previousOperationId":"yi03pvcjhin3dna"}
{"type":"operationEnd","doDiffs":false,"previousEventId":"7dll3dxkuzaz4k9","previousOperationId":"zu7urjn1r7xe1to","operationId":"zu7urjn1r7xe1to","timestamp":1767192907941,"id":"4zhzd6jo5poaa1x"}
