{"type":"operationStart","subtype":"profile","data":{"_id":"tWOB1kQNtBahY7cw","timestamp":"2025-12-27T12:56:47.999Z","state":"running","mode":"standard","creationDate":"2025-12-27T12:56:48.005Z","modificationDate":"2025-12-27T12:56:48.005Z","shortid":"i4muAkL","$entitySet":"profiles","timeout":60000},"doDiffs":false,"timestamp":1766840208002,"id":"nz452ujdac3ebl3","previousOperationId":null,"operationId":"ehe593o1nzz2cty"}
{"type":"log","level":"info","message":"Render request 2 queued for execution and waiting for available worker","previousOperationId":"ehe593o1nzz2cty","timestamp":1766840208002,"id":"t8v0v4rm4gzrdxz"}
{"type":"operationStart","subtype":"render","name":"anonymous","previousOperationId":"ehe593o1nzz2cty","timestamp":1766840208052,"id":"vobkjs66333hdwo","previousEventId":"nz452ujdac3ebl3","operationId":"wuiskqsa59a6wc5"}
{"type":"log","timestamp":1766840208054,"level":"info","message":"Starting rendering request 2","meta":{"rootId":"obpja82kzujakej","id":"obpja82kzujakej"},"id":"11401fz5wbg3t5x","previousOperationId":"wuiskqsa59a6wc5"}
{"type":"log","timestamp":1766840208055,"level":"info","message":"Rendering anonymous template { recipe: pptx, engine: handlebars }","meta":{"rootId":"obpja82kzujakej","id":"obpja82kzujakej"},"id":"b59sqtpzxmdlnz5","previousOperationId":"wuiskqsa59a6wc5"}
{"type":"log","timestamp":1766840208056,"level":"debug","message":"Inline data specified.","meta":{"rootId":"obpja82kzujakej","id":"obpja82kzujakej"},"id":"kigorvlrf5h86cx","previousOperationId":"wuiskqsa59a6wc5"}
{"type":"log","timestamp":1766840208064,"level":"debug","message":"Base url not specified, skipping its injection.","meta":{"rootId":"obpja82kzujakej","id":"obpja82kzujakej"},"id":"nweval43o2abtlz","previousOperationId":"wuiskqsa59a6wc5"}
{"type":"operationStart","subtype":"engine","name":"handlebars","timestamp":1766840208066,"id":"1ugggg7cmvtsr98","previousEventId":"vobkjs66333hdwo","operationId":"y4yj9wcxyiy5b9v","previousOperationId":"wuiskqsa59a6wc5"}
{"type":"log","timestamp":1766840208066,"level":"debug","message":"Rendering engine handlebars","meta":{"rootId":"obpja82kzujakej","id":"obpja82kzujakej"},"id":"m3j0sjdspdlo32t","previousOperationId":"y4yj9wcxyiy5b9v"}
{"type":"operationEnd","operationId":"y4yj9wcxyiy5b9v","timestamp":1766840208948,"id":"bc3hwyg336ytena","previousEventId":"1ugggg7cmvtsr98","previousOperationId":"y4yj9wcxyiy5b9v"}
{"type":"operationStart","subtype":"recipe","name":"pptx","timestamp":1766840208949,"id":"xftc60rwl18aczp","previousEventId":"bc3hwyg336ytena","operationId":"z6nk7jjzxv7axor","previousOperationId":"y4yj9wcxyiy5b9v"}
{"type":"log","timestamp":1766840208949,"level":"debug","message":"Executing recipe pptx","meta":{"rootId":"obpja82kzujakej","id":"obpja82kzujakej"},"id":"z8hrka7yksk93c4","previousOperationId":"z6nk7jjzxv7axor"}
{"type":"log","timestamp":1766840209081,"level":"info","message":"pptx generation is starting","meta":{"rootId":"obpja82kzujakej","id":"obpja82kzujakej"},"id":"kxbdn78750jq5es","previousOperationId":"z6nk7jjzxv7axor"}
{"type":"log","timestamp":1766840210081,"level":"debug","message":"Starting child request to render pptx dynamic parts","meta":{"rootId":"obpja82kzujakej","id":"obpja82kzujakej"},"id":"xs0c4zhcy1nm29s","previousOperationId":"z6nk7jjzxv7axor"}
{"type":"operationStart","subtype":"render","name":"anonymous","previousOperationId":"z6nk7jjzxv7axor","timestamp":1766840210082,"id":"bxc8xuefu0c680i","previousEventId":"xftc60rwl18aczp","operationId":"6w2mx5kzotjlysc"}
{"type":"log","timestamp":1766840210082,"level":"info","message":"Starting rendering (child) request","meta":{"rootId":"obpja82kzujakej","id":"ocyce81nli1k8bt"},"id":"5l6vnujq0eoeeu3","previousOperationId":"6w2mx5kzotjlysc"}
{"type":"log","timestamp":1766840210082,"level":"info","message":"Rendering anonymous template { recipe: html, engine: handlebars }","meta":{"rootId":"obpja82kzujakej","id":"ocyce81nli1k8bt"},"id":"wgwrfc1wixe6yaq","previousOperationId":"6w2mx5kzotjlysc"}
{"type":"log","timestamp":1766840210083,"level":"debug","message":"Inline data specified.","meta":{"rootId":"obpja82kzujakej","id":"ocyce81nli1k8bt"},"id":"xtk0efiw65wc6kv","previousOperationId":"6w2mx5kzotjlysc"}
{"type":"log","timestamp":1766840210087,"level":"debug","message":"Base url not specified, skipping its injection.","meta":{"rootId":"obpja82kzujakej","id":"ocyce81nli1k8bt"},"id":"k7cr86zenfm6exv","previousOperationId":"6w2mx5kzotjlysc"}
{"type":"operationStart","subtype":"engine","name":"handlebars","timestamp":1766840210088,"id":"cihzmev9vadf6fd","previousEventId":"bxc8xuefu0c680i","operationId":"mq3g2dp1foby5m1","previousOperationId":"6w2mx5kzotjlysc"}
{"type":"log","timestamp":1766840210088,"level":"debug","message":"Rendering engine handlebars","meta":{"rootId":"obpja82kzujakej","id":"ocyce81nli1k8bt"},"id":"7aqhvsvynl00rz0","previousOperationId":"mq3g2dp1foby5m1"}
{"type":"operationEnd","operationId":"mq3g2dp1foby5m1","timestamp":1766840210190,"id":"vjklwcd4q1ix2u4","previousEventId":"cihzmev9vadf6fd","previousOperationId":"mq3g2dp1foby5m1"}
{"type":"operationStart","subtype":"recipe","name":"html","timestamp":1766840210200,"id":"psmfvq0loqzltn8","previousEventId":"vjklwcd4q1ix2u4","operationId":"na05udnew0sn7we","previousOperationId":"mq3g2dp1foby5m1"}
{"type":"log","timestamp":1766840210200,"level":"debug","message":"Executing recipe html","meta":{"rootId":"obpja82kzujakej","id":"ocyce81nli1k8bt"},"id":"re6xidb7vo9wqis","previousOperationId":"na05udnew0sn7we"}
{"type":"operationEnd","operationId":"na05udnew0sn7we","timestamp":1766840210200,"id":"mnpkrzufhf69jkx","previousEventId":"psmfvq0loqzltn8","previousOperationId":"na05udnew0sn7we"}
{"type":"log","timestamp":1766840210201,"level":"debug","message":"Skipping storing report.","meta":{"rootId":"obpja82kzujakej","id":"ocyce81nli1k8bt"},"id":"tu5mkamr7395l7a","previousOperationId":"na05udnew0sn7we"}
{"type":"log","timestamp":1766840210201,"level":"info","message":"Rendering (child) request finished in 2204 ms","meta":{"rootId":"obpja82kzujakej","id":"ocyce81nli1k8bt"},"id":"c978qr4grjywjkk","previousOperationId":"na05udnew0sn7we"}
{"type":"operationEnd","subtype":"render","operationId":"6w2mx5kzotjlysc","timestamp":1766840210201,"id":"a6d13mb7yhwfzuq","previousEventId":"mnpkrzufhf69jkx","previousOperationId":"na05udnew0sn7we"}
{"type":"log","timestamp":1766840213057,"level":"debug","message":"pptx successfully zipped","meta":{"rootId":"obpja82kzujakej","id":"obpja82kzujakej"},"id":"62tepmsv9vk7c4l","previousOperationId":"z6nk7jjzxv7axor"}
{"type":"log","timestamp":1766840213057,"level":"info","message":"pptx generation was finished","meta":{"rootId":"obpja82kzujakej","id":"obpja82kzujakej"},"id":"jbp344b9ixqd8tg","previousOperationId":"z6nk7jjzxv7axor"}
{"type":"operationEnd","operationId":"z6nk7jjzxv7axor","timestamp":1766840213075,"id":"om44o8ls7i78km1","previousEventId":"xftc60rwl18aczp","previousOperationId":"z6nk7jjzxv7axor"}
{"type":"log","timestamp":1766840213075,"level":"debug","message":"Skipping storing report.","meta":{"rootId":"obpja82kzujakej","id":"obpja82kzujakej"},"id":"8cdyr6fqjn9jicj","previousOperationId":"z6nk7jjzxv7axor"}
{"type":"log","timestamp":1766840213075,"level":"info","message":"Rendering request 2 finished in 5078 ms","meta":{"rootId":"obpja82kzujakej","id":"obpja82kzujakej"},"id":"e0k43vznej648c0","previousOperationId":"z6nk7jjzxv7axor"}
{"type":"operationEnd","subtype":"render","operationId":"wuiskqsa59a6wc5","timestamp":1766840213075,"id":"u9vtltji8rqwszo","previousEventId":"om44o8ls7i78km1","previousOperationId":"z6nk7jjzxv7axor"}
{"type":"operationEnd","doDiffs":false,"previousEventId":"nz452ujdac3ebl3","previousOperationId":"ehe593o1nzz2cty","operationId":"ehe593o1nzz2cty","timestamp":1766840213082,"id":"ajgp29wtn1905a0"}
