{"type":"operationStart","subtype":"profile","data":{"_id":"K51vQUCTACvWu9LG","timestamp":"2025-12-25T20:56:21.656Z","state":"running","mode":"standard","creationDate":"2025-12-25T20:56:21.666Z","modificationDate":"2025-12-25T20:56:21.666Z","shortid":"jFzZbQ0","$entitySet":"profiles","timeout":60000},"doDiffs":false,"timestamp":1766696181660,"id":"judy9f5m2riuoqt","previousOperationId":null,"operationId":"n3283e8bha2960a"}
{"type":"log","level":"info","message":"Render request 1 queued for execution and waiting for available worker","previousOperationId":"n3283e8bha2960a","timestamp":1766696181661,"id":"fws0egw6yxeldrf"}
{"type":"operationStart","subtype":"render","name":"anonymous","previousOperationId":"n3283e8bha2960a","timestamp":1766696181741,"id":"qdmkwks17wojbdl","previousEventId":"judy9f5m2riuoqt","operationId":"skg32a9lu02ymcg"}
{"type":"log","timestamp":1766696181744,"level":"info","message":"Starting rendering request 1","meta":{"rootId":"ofuw4j3d6xwgpue","id":"ofuw4j3d6xwgpue"},"id":"wov9wi2voyaqkpw","previousOperationId":"skg32a9lu02ymcg"}
{"type":"log","timestamp":1766696181746,"level":"info","message":"Rendering anonymous template { recipe: pptx, engine: handlebars }","meta":{"rootId":"ofuw4j3d6xwgpue","id":"ofuw4j3d6xwgpue"},"id":"2hbgpiyggz3e97i","previousOperationId":"skg32a9lu02ymcg"}
{"type":"log","timestamp":1766696181746,"level":"debug","message":"Inline data specified.","meta":{"rootId":"ofuw4j3d6xwgpue","id":"ofuw4j3d6xwgpue"},"id":"xjumrki55d391ue","previousOperationId":"skg32a9lu02ymcg"}
{"type":"log","timestamp":1766696181754,"level":"debug","message":"Base url not specified, skipping its injection.","meta":{"rootId":"ofuw4j3d6xwgpue","id":"ofuw4j3d6xwgpue"},"id":"gts6tq592f02kaf","previousOperationId":"skg32a9lu02ymcg"}
{"type":"operationStart","subtype":"engine","name":"handlebars","timestamp":1766696181757,"id":"mi9vub8mvekagql","previousEventId":"qdmkwks17wojbdl","operationId":"n4lpj60t657wm6o","previousOperationId":"skg32a9lu02ymcg"}
{"type":"log","timestamp":1766696181757,"level":"debug","message":"Rendering engine handlebars","meta":{"rootId":"ofuw4j3d6xwgpue","id":"ofuw4j3d6xwgpue"},"id":"4s7e42ti5rprva9","previousOperationId":"n4lpj60t657wm6o"}
{"type":"operationEnd","operationId":"n4lpj60t657wm6o","timestamp":1766696183047,"id":"0b73ibm46bgyn5d","previousEventId":"mi9vub8mvekagql","previousOperationId":"n4lpj60t657wm6o"}
{"type":"operationStart","subtype":"recipe","name":"pptx","timestamp":1766696183048,"id":"5o0qm0bt82gh3xk","previousEventId":"0b73ibm46bgyn5d","operationId":"zd8df0rcbbp3b33","previousOperationId":"n4lpj60t657wm6o"}
{"type":"log","timestamp":1766696183048,"level":"debug","message":"Executing recipe pptx","meta":{"rootId":"ofuw4j3d6xwgpue","id":"ofuw4j3d6xwgpue"},"id":"fcnirdjy6lpnn36","previousOperationId":"zd8df0rcbbp3b33"}
{"type":"log","timestamp":1766696183319,"level":"info","message":"pptx generation is starting","meta":{"rootId":"ofuw4j3d6xwgpue","id":"ofuw4j3d6xwgpue"},"id":"fz39bdl8h5b5nte","previousOperationId":"zd8df0rcbbp3b33"}
{"type":"log","timestamp":1766696185154,"level":"debug","message":"Starting child request to render pptx dynamic parts","meta":{"rootId":"ofuw4j3d6xwgpue","id":"ofuw4j3d6xwgpue"},"id":"3m5mzt9u1024mt7","previousOperationId":"zd8df0rcbbp3b33"}
{"type":"operationStart","subtype":"render","name":"anonymous","previousOperationId":"zd8df0rcbbp3b33","timestamp":1766696185155,"id":"g0m4rbpfdufdv8b","previousEventId":"5o0qm0bt82gh3xk","operationId":"o3swjwfm8ksaspe"}
{"type":"log","timestamp":1766696185156,"level":"info","message":"Starting rendering (child) request","meta":{"rootId":"ofuw4j3d6xwgpue","id":"z0bzebbue278vjz"},"id":"tg793mmd7s8bmj3","previousOperationId":"o3swjwfm8ksaspe"}
{"type":"log","timestamp":1766696185156,"level":"info","message":"Rendering anonymous template { recipe: html, engine: handlebars }","meta":{"rootId":"ofuw4j3d6xwgpue","id":"z0bzebbue278vjz"},"id":"bq7r16zwca1qpj7","previousOperationId":"o3swjwfm8ksaspe"}
{"type":"log","timestamp":1766696185156,"level":"debug","message":"Inline data specified.","meta":{"rootId":"ofuw4j3d6xwgpue","id":"z0bzebbue278vjz"},"id":"snicb8acpv1j6av","previousOperationId":"o3swjwfm8ksaspe"}
{"type":"log","timestamp":1766696185165,"level":"debug","message":"Base url not specified, skipping its injection.","meta":{"rootId":"ofuw4j3d6xwgpue","id":"z0bzebbue278vjz"},"id":"hwnxhueg7zye435","previousOperationId":"o3swjwfm8ksaspe"}
{"type":"operationStart","subtype":"engine","name":"handlebars","timestamp":1766696185168,"id":"43mqp90kdd5fr7g","previousEventId":"g0m4rbpfdufdv8b","operationId":"1fizx5hnvk5aatz","previousOperationId":"o3swjwfm8ksaspe"}
{"type":"log","timestamp":1766696185168,"level":"debug","message":"Rendering engine handlebars","meta":{"rootId":"ofuw4j3d6xwgpue","id":"z0bzebbue278vjz"},"id":"3izdxadqsfs2rqs","previousOperationId":"1fizx5hnvk5aatz"}
{"type":"operationEnd","operationId":"1fizx5hnvk5aatz","timestamp":1766696185349,"id":"gfgki2otkfxck71","previousEventId":"43mqp90kdd5fr7g","previousOperationId":"1fizx5hnvk5aatz"}
{"type":"operationStart","subtype":"recipe","name":"html","timestamp":1766696185363,"id":"kduvwp86h8w3ue8","previousEventId":"gfgki2otkfxck71","operationId":"uuswz75bhich8gw","previousOperationId":"1fizx5hnvk5aatz"}
{"type":"log","timestamp":1766696185363,"level":"debug","message":"Executing recipe html","meta":{"rootId":"ofuw4j3d6xwgpue","id":"z0bzebbue278vjz"},"id":"442zwtt0z0ku3j6","previousOperationId":"uuswz75bhich8gw"}
{"type":"operationEnd","operationId":"uuswz75bhich8gw","timestamp":1766696185363,"id":"kdz3tszht6wufxs","previousEventId":"kduvwp86h8w3ue8","previousOperationId":"uuswz75bhich8gw"}
{"type":"log","timestamp":1766696185365,"level":"debug","message":"Skipping storing report.","meta":{"rootId":"ofuw4j3d6xwgpue","id":"z0bzebbue278vjz"},"id":"gmtye28ibw4zbzk","previousOperationId":"uuswz75bhich8gw"}
{"type":"log","timestamp":1766696185365,"level":"info","message":"Rendering (child) request finished in 3710 ms","meta":{"rootId":"ofuw4j3d6xwgpue","id":"z0bzebbue278vjz"},"id":"9wkl8c6nz449hs5","previousOperationId":"uuswz75bhich8gw"}
{"type":"operationEnd","subtype":"render","operationId":"o3swjwfm8ksaspe","timestamp":1766696185365,"id":"jgwbaplcvrpbqcl","previousEventId":"kdz3tszht6wufxs","previousOperationId":"uuswz75bhich8gw"}
{"type":"log","timestamp":1766696189433,"level":"debug","message":"pptx successfully zipped","meta":{"rootId":"ofuw4j3d6xwgpue","id":"ofuw4j3d6xwgpue"},"id":"foabgp7zxe7bj9r","previousOperationId":"zd8df0rcbbp3b33"}
{"type":"log","timestamp":1766696189434,"level":"info","message":"pptx generation was finished","meta":{"rootId":"ofuw4j3d6xwgpue","id":"ofuw4j3d6xwgpue"},"id":"6zxr8n48ivn05fb","previousOperationId":"zd8df0rcbbp3b33"}
{"type":"operationEnd","operationId":"zd8df0rcbbp3b33","timestamp":1766696189454,"id":"3bjqp0bbfuvscfr","previousEventId":"5o0qm0bt82gh3xk","previousOperationId":"zd8df0rcbbp3b33"}
{"type":"log","timestamp":1766696189454,"level":"debug","message":"Skipping storing report.","meta":{"rootId":"ofuw4j3d6xwgpue","id":"ofuw4j3d6xwgpue"},"id":"t6j3y5kdk5ie43u","previousOperationId":"zd8df0rcbbp3b33"}
{"type":"log","timestamp":1766696189454,"level":"info","message":"Rendering request 1 finished in 7799 ms","meta":{"rootId":"ofuw4j3d6xwgpue","id":"ofuw4j3d6xwgpue"},"id":"31of2ap83j4rz0k","previousOperationId":"zd8df0rcbbp3b33"}
{"type":"operationEnd","subtype":"render","operationId":"skg32a9lu02ymcg","timestamp":1766696189454,"id":"u4lph4vgh70c4ho","previousEventId":"3bjqp0bbfuvscfr","previousOperationId":"zd8df0rcbbp3b33"}
{"type":"operationEnd","doDiffs":false,"previousEventId":"judy9f5m2riuoqt","previousOperationId":"n3283e8bha2960a","operationId":"n3283e8bha2960a","timestamp":1766696189462,"id":"rp4a5lht2irl85a"}
