{"type":"operationStart","subtype":"profile","data":{"_id":"K4RE8zFDdmo4yChm","timestamp":"2025-12-31T11:11:36.306Z","state":"running","mode":"standard","creationDate":"2025-12-31T11:11:36.318Z","modificationDate":"2025-12-31T11:11:36.318Z","shortid":"7DMJATm","$entitySet":"profiles","timeout":60000},"doDiffs":false,"timestamp":1767179496315,"id":"7nxg76wubaxfyn4","previousOperationId":null,"operationId":"1vftc9m20oxo6vm"}
{"type":"log","level":"info","message":"Render request 27 queued for execution and waiting for available worker","previousOperationId":"1vftc9m20oxo6vm","timestamp":1767179496315,"id":"tn9708cunx8wu1k"}
{"type":"operationStart","subtype":"render","name":"anonymous","previousOperationId":"1vftc9m20oxo6vm","timestamp":1767179496375,"id":"mzzr2b9wruiytfm","previousEventId":"7nxg76wubaxfyn4","operationId":"2fwjzx3g7s0o7cg"}
{"type":"log","timestamp":1767179496375,"level":"info","message":"Starting rendering request 27","meta":{"rootId":"ofvbobx5y2d8jow","id":"ofvbobx5y2d8jow"},"id":"r9moe8194dao93l","previousOperationId":"2fwjzx3g7s0o7cg"}
{"type":"log","timestamp":1767179496376,"level":"info","message":"Rendering anonymous template { recipe: pptx, engine: handlebars }","meta":{"rootId":"ofvbobx5y2d8jow","id":"ofvbobx5y2d8jow"},"id":"t53b2jqb1qlkvks","previousOperationId":"2fwjzx3g7s0o7cg"}
{"type":"log","timestamp":1767179496376,"level":"debug","message":"Inline data specified.","meta":{"rootId":"ofvbobx5y2d8jow","id":"ofvbobx5y2d8jow"},"id":"dk1m7r4m0zv6wts","previousOperationId":"2fwjzx3g7s0o7cg"}
{"type":"log","timestamp":1767179496379,"level":"debug","message":"Base url not specified, skipping its injection.","meta":{"rootId":"ofvbobx5y2d8jow","id":"ofvbobx5y2d8jow"},"id":"wgaoo71whufnbbk","previousOperationId":"2fwjzx3g7s0o7cg"}
{"type":"operationStart","subtype":"engine","name":"handlebars","timestamp":1767179496380,"id":"tk1ic6sybfqnp78","previousEventId":"mzzr2b9wruiytfm","operationId":"zbpzk19gn3vtuc5","previousOperationId":"2fwjzx3g7s0o7cg"}
{"type":"log","timestamp":1767179496380,"level":"debug","message":"Rendering engine handlebars","meta":{"rootId":"ofvbobx5y2d8jow","id":"ofvbobx5y2d8jow"},"id":"tavtgtpot3gbawl","previousOperationId":"zbpzk19gn3vtuc5"}
{"type":"operationEnd","operationId":"zbpzk19gn3vtuc5","timestamp":1767179496398,"id":"v1k9mjm4mzpovm4","previousEventId":"tk1ic6sybfqnp78","previousOperationId":"zbpzk19gn3vtuc5"}
{"type":"operationStart","subtype":"recipe","name":"pptx","timestamp":1767179496398,"id":"tnz8iisbdu44yl8","previousEventId":"v1k9mjm4mzpovm4","operationId":"icbyoer52l8u1of","previousOperationId":"zbpzk19gn3vtuc5"}
{"type":"log","timestamp":1767179496398,"level":"debug","message":"Executing recipe pptx","meta":{"rootId":"ofvbobx5y2d8jow","id":"ofvbobx5y2d8jow"},"id":"bdnxa4u86g7pedq","previousOperationId":"icbyoer52l8u1of"}
{"type":"log","timestamp":1767179496423,"level":"info","message":"pptx generation is starting","meta":{"rootId":"ofvbobx5y2d8jow","id":"ofvbobx5y2d8jow"},"id":"d3wekj13e5x3tn5","previousOperationId":"icbyoer52l8u1of"}
{"type":"log","timestamp":1767179498385,"level":"debug","message":"Starting child request to render pptx dynamic parts","meta":{"rootId":"ofvbobx5y2d8jow","id":"ofvbobx5y2d8jow"},"id":"guxvto6x9dq40uu","previousOperationId":"icbyoer52l8u1of"}
{"type":"operationStart","subtype":"render","name":"anonymous","previousOperationId":"icbyoer52l8u1of","timestamp":1767179498385,"id":"ft0xg6l8b7h8xrz","previousEventId":"tnz8iisbdu44yl8","operationId":"sj2x2ue9mgphia3"}
{"type":"log","timestamp":1767179498386,"level":"info","message":"Starting rendering (child) request","meta":{"rootId":"ofvbobx5y2d8jow","id":"74epmvjzkvvgjj7"},"id":"c03d4ave88uzqli","previousOperationId":"sj2x2ue9mgphia3"}
{"type":"log","timestamp":1767179498386,"level":"info","message":"Rendering anonymous template { recipe: html, engine: handlebars }","meta":{"rootId":"ofvbobx5y2d8jow","id":"74epmvjzkvvgjj7"},"id":"18oone0x0oe9eqn","previousOperationId":"sj2x2ue9mgphia3"}
{"type":"log","timestamp":1767179498386,"level":"debug","message":"Inline data specified.","meta":{"rootId":"ofvbobx5y2d8jow","id":"74epmvjzkvvgjj7"},"id":"53d52qk5usebp67","previousOperationId":"sj2x2ue9mgphia3"}
{"type":"log","timestamp":1767179498391,"level":"debug","message":"Base url not specified, skipping its injection.","meta":{"rootId":"ofvbobx5y2d8jow","id":"74epmvjzkvvgjj7"},"id":"zhclmqytwdnqhdl","previousOperationId":"sj2x2ue9mgphia3"}
{"type":"operationStart","subtype":"engine","name":"handlebars","timestamp":1767179498394,"id":"bycj7u5l7jl06dh","previousEventId":"ft0xg6l8b7h8xrz","operationId":"aniqy5hz1tvt88f","previousOperationId":"sj2x2ue9mgphia3"}
{"type":"log","timestamp":1767179498394,"level":"debug","message":"Rendering engine handlebars","meta":{"rootId":"ofvbobx5y2d8jow","id":"74epmvjzkvvgjj7"},"id":"1zxbtflkv99joxz","previousOperationId":"aniqy5hz1tvt88f"}
{"type":"log","timestamp":1767179498634,"level":"debug","message":"(console:log) {\n  type: 'echarts@v5a',\n  width: 848,\n  height: 409,\n  option: { radar: [ [Object] ], series: [ [Object] ] }\n}","meta":{"userLevel":true,"rootId":"ofvbobx5y2d8jow","id":"74epmvjzkvvgjj7"},"id":"8qh3odkcosmtcbs","previousOperationId":"aniqy5hz1tvt88f"}
{"type":"operationEnd","operationId":"aniqy5hz1tvt88f","timestamp":1767179498649,"id":"dm7e2l0zy6l6kh2","previousEventId":"bycj7u5l7jl06dh","previousOperationId":"aniqy5hz1tvt88f"}
{"type":"operationStart","subtype":"recipe","name":"html","timestamp":1767179498670,"id":"hhpw9zyyf9m2z40","previousEventId":"dm7e2l0zy6l6kh2","operationId":"sol1mi71cdkdlhu","previousOperationId":"aniqy5hz1tvt88f"}
{"type":"log","timestamp":1767179498670,"level":"debug","message":"Executing recipe html","meta":{"rootId":"ofvbobx5y2d8jow","id":"74epmvjzkvvgjj7"},"id":"zdyag9yiu200p0x","previousOperationId":"sol1mi71cdkdlhu"}
{"type":"operationEnd","operationId":"sol1mi71cdkdlhu","timestamp":1767179498670,"id":"uliqtdnm8a5iqao","previousEventId":"hhpw9zyyf9m2z40","previousOperationId":"sol1mi71cdkdlhu"}
{"type":"log","timestamp":1767179498671,"level":"debug","message":"Skipping storing report.","meta":{"rootId":"ofvbobx5y2d8jow","id":"74epmvjzkvvgjj7"},"id":"93dn0mjkbw1ubgk","previousOperationId":"sol1mi71cdkdlhu"}
{"type":"log","timestamp":1767179498671,"level":"info","message":"Rendering (child) request finished in 2367 ms","meta":{"rootId":"ofvbobx5y2d8jow","id":"74epmvjzkvvgjj7"},"id":"b6b9h45dr005hlu","previousOperationId":"sol1mi71cdkdlhu"}
{"type":"operationEnd","subtype":"render","operationId":"sj2x2ue9mgphia3","timestamp":1767179498671,"id":"dxh58jg8pu4951n","previousEventId":"uliqtdnm8a5iqao","previousOperationId":"sol1mi71cdkdlhu"}
{"type":"log","timestamp":1767179504732,"level":"debug","message":"pptx successfully zipped","meta":{"rootId":"ofvbobx5y2d8jow","id":"ofvbobx5y2d8jow"},"id":"q9vryjd425ftwsq","previousOperationId":"icbyoer52l8u1of"}
{"type":"log","timestamp":1767179504732,"level":"info","message":"pptx generation was finished","meta":{"rootId":"ofvbobx5y2d8jow","id":"ofvbobx5y2d8jow"},"id":"tjvld5d08mabufx","previousOperationId":"icbyoer52l8u1of"}
{"type":"operationEnd","operationId":"icbyoer52l8u1of","timestamp":1767179504742,"id":"6c41hnkjzqpkasl","previousEventId":"tnz8iisbdu44yl8","previousOperationId":"icbyoer52l8u1of"}
{"type":"log","timestamp":1767179504742,"level":"debug","message":"Skipping storing report.","meta":{"rootId":"ofvbobx5y2d8jow","id":"ofvbobx5y2d8jow"},"id":"y3h25yf46l8sges","previousOperationId":"icbyoer52l8u1of"}
{"type":"log","timestamp":1767179504742,"level":"info","message":"Rendering request 27 finished in 8438 ms","meta":{"rootId":"ofvbobx5y2d8jow","id":"ofvbobx5y2d8jow"},"id":"310b641rs6lt4nt","previousOperationId":"icbyoer52l8u1of"}
{"type":"operationEnd","subtype":"render","operationId":"2fwjzx3g7s0o7cg","timestamp":1767179504742,"id":"830uy1f4vvphzwm","previousEventId":"6c41hnkjzqpkasl","previousOperationId":"icbyoer52l8u1of"}
{"type":"operationEnd","doDiffs":false,"previousEventId":"7nxg76wubaxfyn4","previousOperationId":"1vftc9m20oxo6vm","operationId":"1vftc9m20oxo6vm","timestamp":1767179504748,"id":"j57t550iumb7abb"}
