{"type":"operationStart","subtype":"profile","data":{"_id":"q0PYaqbbpgWYhmtQ","timestamp":"2025-12-28T15:27:55.249Z","state":"running","mode":"standard","creationDate":"2025-12-28T15:27:55.255Z","modificationDate":"2025-12-28T15:27:55.255Z","shortid":"WhTK2cE","$entitySet":"profiles","timeout":60000},"doDiffs":false,"timestamp":1766935675253,"id":"p346l53m6dt21d5","previousOperationId":null,"operationId":"1bakdm5d689vvnu"}
{"type":"log","level":"info","message":"Render request 1 queued for execution and waiting for available worker","previousOperationId":"1bakdm5d689vvnu","timestamp":1766935675253,"id":"4iioriyl0u1yqrh"}
{"type":"operationStart","subtype":"render","name":"anonymous","previousOperationId":"1bakdm5d689vvnu","timestamp":1766935675324,"id":"mob3v4d8ba8om71","previousEventId":"p346l53m6dt21d5","operationId":"arxxh1f171fgrqg"}
{"type":"log","timestamp":1766935675327,"level":"info","message":"Starting rendering request 1","meta":{"rootId":"ojkasvtqxdyulri","id":"ojkasvtqxdyulri"},"id":"z4gc5pk1ecypnmb","previousOperationId":"arxxh1f171fgrqg"}
{"type":"log","timestamp":1766935675329,"level":"info","message":"Rendering anonymous template { recipe: pptx, engine: handlebars }","meta":{"rootId":"ojkasvtqxdyulri","id":"ojkasvtqxdyulri"},"id":"optlaplzwhuziy7","previousOperationId":"arxxh1f171fgrqg"}
{"type":"log","timestamp":1766935675330,"level":"debug","message":"Inline data specified.","meta":{"rootId":"ojkasvtqxdyulri","id":"ojkasvtqxdyulri"},"id":"9m5hjjlhfris6d7","previousOperationId":"arxxh1f171fgrqg"}
{"type":"log","timestamp":1766935675336,"level":"debug","message":"Base url not specified, skipping its injection.","meta":{"rootId":"ojkasvtqxdyulri","id":"ojkasvtqxdyulri"},"id":"tyj58guhhfjz4yr","previousOperationId":"arxxh1f171fgrqg"}
{"type":"operationStart","subtype":"engine","name":"handlebars","timestamp":1766935675339,"id":"pbf2we061sq2o3b","previousEventId":"mob3v4d8ba8om71","operationId":"gl2mbokjhoky8c5","previousOperationId":"arxxh1f171fgrqg"}
{"type":"log","timestamp":1766935675339,"level":"debug","message":"Rendering engine handlebars","meta":{"rootId":"ojkasvtqxdyulri","id":"ojkasvtqxdyulri"},"id":"cocahynoka5s03y","previousOperationId":"gl2mbokjhoky8c5"}
{"type":"operationEnd","operationId":"gl2mbokjhoky8c5","timestamp":1766935676489,"id":"kri15vksyfv3brh","previousEventId":"pbf2we061sq2o3b","previousOperationId":"gl2mbokjhoky8c5"}
{"type":"operationStart","subtype":"recipe","name":"pptx","timestamp":1766935676490,"id":"k121gogahjllj9z","previousEventId":"kri15vksyfv3brh","operationId":"iwcd50yygk7ws1r","previousOperationId":"gl2mbokjhoky8c5"}
{"type":"log","timestamp":1766935676491,"level":"debug","message":"Executing recipe pptx","meta":{"rootId":"ojkasvtqxdyulri","id":"ojkasvtqxdyulri"},"id":"whcwa3hhthj622n","previousOperationId":"iwcd50yygk7ws1r"}
{"type":"log","timestamp":1766935676766,"level":"info","message":"pptx generation is starting","meta":{"rootId":"ojkasvtqxdyulri","id":"ojkasvtqxdyulri"},"id":"fe8ceu8a915yu2u","previousOperationId":"iwcd50yygk7ws1r"}
{"type":"log","timestamp":1766935678537,"level":"debug","message":"Starting child request to render pptx dynamic parts","meta":{"rootId":"ojkasvtqxdyulri","id":"ojkasvtqxdyulri"},"id":"qox8avqb61ovmsl","previousOperationId":"iwcd50yygk7ws1r"}
{"type":"operationStart","subtype":"render","name":"anonymous","previousOperationId":"iwcd50yygk7ws1r","timestamp":1766935678538,"id":"iuzyz9yp2hu5rvq","previousEventId":"k121gogahjllj9z","operationId":"kzl1k8bi3gcutnn"}
{"type":"log","timestamp":1766935678538,"level":"info","message":"Starting rendering (child) request","meta":{"rootId":"ojkasvtqxdyulri","id":"bu8u0iulky8ixoz"},"id":"746jt9irnts99j8","previousOperationId":"kzl1k8bi3gcutnn"}
{"type":"log","timestamp":1766935678539,"level":"info","message":"Rendering anonymous template { recipe: html, engine: handlebars }","meta":{"rootId":"ojkasvtqxdyulri","id":"bu8u0iulky8ixoz"},"id":"a6drt4m838fgq71","previousOperationId":"kzl1k8bi3gcutnn"}
{"type":"log","timestamp":1766935678539,"level":"debug","message":"Inline data specified.","meta":{"rootId":"ojkasvtqxdyulri","id":"bu8u0iulky8ixoz"},"id":"daevhe2fcoyeyoz","previousOperationId":"kzl1k8bi3gcutnn"}
{"type":"log","timestamp":1766935678547,"level":"debug","message":"Base url not specified, skipping its injection.","meta":{"rootId":"ojkasvtqxdyulri","id":"bu8u0iulky8ixoz"},"id":"winhw3tpndf3vzd","previousOperationId":"kzl1k8bi3gcutnn"}
{"type":"operationStart","subtype":"engine","name":"handlebars","timestamp":1766935678550,"id":"9vy4fylvc5rrxz1","previousEventId":"iuzyz9yp2hu5rvq","operationId":"j1a8jq4af365rwb","previousOperationId":"kzl1k8bi3gcutnn"}
{"type":"log","timestamp":1766935678550,"level":"debug","message":"Rendering engine handlebars","meta":{"rootId":"ojkasvtqxdyulri","id":"bu8u0iulky8ixoz"},"id":"u4rva8gzyq7vbvw","previousOperationId":"j1a8jq4af365rwb"}
{"type":"log","timestamp":1766935678752,"level":"debug","message":"(console:log) {\n  type: 'echarts@v5a',\n  width: 848,\n  height: 409,\n  option: { radar: [ [Object] ], series: [ [Object] ] }\n}","meta":{"userLevel":true,"rootId":"ojkasvtqxdyulri","id":"bu8u0iulky8ixoz"},"id":"2zbu8p8prkr8nqy","previousOperationId":"j1a8jq4af365rwb"}
{"type":"operationEnd","operationId":"j1a8jq4af365rwb","timestamp":1766935678763,"id":"essr7zjrchzxi9v","previousEventId":"9vy4fylvc5rrxz1","previousOperationId":"j1a8jq4af365rwb"}
{"type":"operationStart","subtype":"recipe","name":"html","timestamp":1766935678781,"id":"1ontszb2285xooq","previousEventId":"essr7zjrchzxi9v","operationId":"mj0qw8l6bjuoue6","previousOperationId":"j1a8jq4af365rwb"}
{"type":"log","timestamp":1766935678781,"level":"debug","message":"Executing recipe html","meta":{"rootId":"ojkasvtqxdyulri","id":"bu8u0iulky8ixoz"},"id":"iudxqnij1hqch6k","previousOperationId":"mj0qw8l6bjuoue6"}
{"type":"operationEnd","operationId":"mj0qw8l6bjuoue6","timestamp":1766935678781,"id":"xmzty3gmhl4plb2","previousEventId":"1ontszb2285xooq","previousOperationId":"mj0qw8l6bjuoue6"}
{"type":"log","timestamp":1766935678783,"level":"debug","message":"Skipping storing report.","meta":{"rootId":"ojkasvtqxdyulri","id":"bu8u0iulky8ixoz"},"id":"yi2m947y2yjnpvf","previousOperationId":"mj0qw8l6bjuoue6"}
{"type":"log","timestamp":1766935678783,"level":"info","message":"Rendering (child) request finished in 3537 ms","meta":{"rootId":"ojkasvtqxdyulri","id":"bu8u0iulky8ixoz"},"id":"r7pxbcq2vp9obw6","previousOperationId":"mj0qw8l6bjuoue6"}
{"type":"operationEnd","subtype":"render","operationId":"kzl1k8bi3gcutnn","timestamp":1766935678783,"id":"pkog9y7rjp3l53f","previousEventId":"xmzty3gmhl4plb2","previousOperationId":"mj0qw8l6bjuoue6"}
{"type":"log","timestamp":1766935687149,"level":"debug","message":"pptx successfully zipped","meta":{"rootId":"ojkasvtqxdyulri","id":"ojkasvtqxdyulri"},"id":"bmo5nqap8724dn9","previousOperationId":"iwcd50yygk7ws1r"}
{"type":"log","timestamp":1766935687150,"level":"info","message":"pptx generation was finished","meta":{"rootId":"ojkasvtqxdyulri","id":"ojkasvtqxdyulri"},"id":"vfjpkqugoc4ujov","previousOperationId":"iwcd50yygk7ws1r"}
{"type":"operationEnd","operationId":"iwcd50yygk7ws1r","timestamp":1766935687166,"id":"oku8408hu287dnp","previousEventId":"k121gogahjllj9z","previousOperationId":"iwcd50yygk7ws1r"}
{"type":"log","timestamp":1766935687166,"level":"debug","message":"Skipping storing report.","meta":{"rootId":"ojkasvtqxdyulri","id":"ojkasvtqxdyulri"},"id":"sr6fehorlm5mbfm","previousOperationId":"iwcd50yygk7ws1r"}
{"type":"log","timestamp":1766935687166,"level":"info","message":"Rendering request 1 finished in 11920 ms","meta":{"rootId":"ojkasvtqxdyulri","id":"ojkasvtqxdyulri"},"id":"80vqh78lv2mu057","previousOperationId":"iwcd50yygk7ws1r"}
{"type":"operationEnd","subtype":"render","operationId":"arxxh1f171fgrqg","timestamp":1766935687166,"id":"nq4wnu1c1csydmi","previousEventId":"oku8408hu287dnp","previousOperationId":"iwcd50yygk7ws1r"}
{"type":"operationEnd","doDiffs":false,"previousEventId":"p346l53m6dt21d5","previousOperationId":"1bakdm5d689vvnu","operationId":"1bakdm5d689vvnu","timestamp":1766935687177,"id":"8ud8r5ov8z1q3i3"}
