{"type":"operationStart","subtype":"profile","data":{"_id":"M4HcywIiORdeR4Kc","timestamp":"2025-12-07T21:46:15.987Z","state":"running","mode":"standard","creationDate":"2025-12-07T21:46:16.004Z","modificationDate":"2025-12-07T21:46:16.004Z","shortid":"UFZqMJL","$entitySet":"profiles","timeout":60000},"doDiffs":false,"timestamp":1765143976002,"id":"n5ddkwzbbhtednq","previousOperationId":null,"operationId":"ximekd4a86ryskc"}
{"type":"log","level":"info","message":"Render request 3 queued for execution and waiting for available worker","previousOperationId":"ximekd4a86ryskc","timestamp":1765143976002,"id":"pbeju2qfh7b069g"}
{"type":"operationStart","subtype":"render","name":"anonymous","previousOperationId":"ximekd4a86ryskc","timestamp":1765143976047,"id":"fy2ee328q3gdm74","previousEventId":"n5ddkwzbbhtednq","operationId":"c2mebtgv3i6uf4u"}
{"type":"log","timestamp":1765143976049,"level":"info","message":"Starting rendering request 3","meta":{"rootId":"oko4kbhjuiejwbh","id":"oko4kbhjuiejwbh"},"id":"zlkvwlzpidqps84","previousOperationId":"c2mebtgv3i6uf4u"}
{"type":"log","timestamp":1765143976050,"level":"info","message":"Rendering anonymous template { recipe: pptx, engine: handlebars }","meta":{"rootId":"oko4kbhjuiejwbh","id":"oko4kbhjuiejwbh"},"id":"mhmu64vjjv0zznz","previousOperationId":"c2mebtgv3i6uf4u"}
{"type":"log","timestamp":1765143976050,"level":"debug","message":"Inline data specified.","meta":{"rootId":"oko4kbhjuiejwbh","id":"oko4kbhjuiejwbh"},"id":"5r05wxff0mwaqk4","previousOperationId":"c2mebtgv3i6uf4u"}
{"type":"log","timestamp":1765143976057,"level":"debug","message":"Base url not specified, skipping its injection.","meta":{"rootId":"oko4kbhjuiejwbh","id":"oko4kbhjuiejwbh"},"id":"6rnhwxyg1bcygkl","previousOperationId":"c2mebtgv3i6uf4u"}
{"type":"operationStart","subtype":"engine","name":"handlebars","timestamp":1765143976059,"id":"l6y53h7r4040iaq","previousEventId":"fy2ee328q3gdm74","operationId":"eu3rfsptwm6ordw","previousOperationId":"c2mebtgv3i6uf4u"}
{"type":"log","timestamp":1765143976059,"level":"debug","message":"Rendering engine handlebars","meta":{"rootId":"oko4kbhjuiejwbh","id":"oko4kbhjuiejwbh"},"id":"84rujdc0mmdxwr8","previousOperationId":"eu3rfsptwm6ordw"}
{"type":"operationEnd","operationId":"eu3rfsptwm6ordw","timestamp":1765143976082,"id":"f8rbcumwr8vugxg","previousEventId":"l6y53h7r4040iaq","previousOperationId":"eu3rfsptwm6ordw"}
{"type":"operationStart","subtype":"recipe","name":"pptx","timestamp":1765143976082,"id":"ytj2f82ip0vbpva","previousEventId":"f8rbcumwr8vugxg","operationId":"w6s0b0fn8keszl1","previousOperationId":"eu3rfsptwm6ordw"}
{"type":"log","timestamp":1765143976082,"level":"debug","message":"Executing recipe pptx","meta":{"rootId":"oko4kbhjuiejwbh","id":"oko4kbhjuiejwbh"},"id":"k6aripi44tuowjc","previousOperationId":"w6s0b0fn8keszl1"}
{"type":"log","timestamp":1765143976094,"level":"info","message":"pptx generation is starting","meta":{"rootId":"oko4kbhjuiejwbh","id":"oko4kbhjuiejwbh"},"id":"mk6who0ywvoatqh","previousOperationId":"w6s0b0fn8keszl1"}
{"type":"log","timestamp":1765143977097,"level":"debug","message":"Starting child request to render pptx dynamic parts","meta":{"rootId":"oko4kbhjuiejwbh","id":"oko4kbhjuiejwbh"},"id":"kqxr6xrvxs9l0s3","previousOperationId":"w6s0b0fn8keszl1"}
{"type":"operationStart","subtype":"render","name":"anonymous","previousOperationId":"w6s0b0fn8keszl1","timestamp":1765143977098,"id":"6zpdedltwh3bquo","previousEventId":"ytj2f82ip0vbpva","operationId":"wwg2hpioy9r0i4b"}
{"type":"log","timestamp":1765143977098,"level":"info","message":"Starting rendering (child) request","meta":{"rootId":"oko4kbhjuiejwbh","id":"n3h7aymgngkmvvl"},"id":"awbrw95ip6da78e","previousOperationId":"wwg2hpioy9r0i4b"}
{"type":"log","timestamp":1765143977098,"level":"info","message":"Rendering anonymous template { recipe: html, engine: handlebars }","meta":{"rootId":"oko4kbhjuiejwbh","id":"n3h7aymgngkmvvl"},"id":"resxqnve0bxfebr","previousOperationId":"wwg2hpioy9r0i4b"}
{"type":"log","timestamp":1765143977098,"level":"debug","message":"Inline data specified.","meta":{"rootId":"oko4kbhjuiejwbh","id":"n3h7aymgngkmvvl"},"id":"x2c9q558jfc3pso","previousOperationId":"wwg2hpioy9r0i4b"}
{"type":"log","timestamp":1765143977104,"level":"debug","message":"Base url not specified, skipping its injection.","meta":{"rootId":"oko4kbhjuiejwbh","id":"n3h7aymgngkmvvl"},"id":"75yzti96qo0zupb","previousOperationId":"wwg2hpioy9r0i4b"}
{"type":"operationStart","subtype":"engine","name":"handlebars","timestamp":1765143977106,"id":"zh5ufmdm55n2dct","previousEventId":"6zpdedltwh3bquo","operationId":"j35j1nv6ekj2tjy","previousOperationId":"wwg2hpioy9r0i4b"}
{"type":"log","timestamp":1765143977106,"level":"debug","message":"Rendering engine handlebars","meta":{"rootId":"oko4kbhjuiejwbh","id":"n3h7aymgngkmvvl"},"id":"wc0r2vun6gqdh9v","previousOperationId":"j35j1nv6ekj2tjy"}
{"type":"operationEnd","operationId":"j35j1nv6ekj2tjy","timestamp":1765143977191,"id":"wrxhnxly5273tj3","previousEventId":"zh5ufmdm55n2dct","previousOperationId":"j35j1nv6ekj2tjy"}
{"type":"operationStart","subtype":"recipe","name":"html","timestamp":1765143977198,"id":"dsdeie83sw6qb1k","previousEventId":"wrxhnxly5273tj3","operationId":"f16i03xz8vo4d05","previousOperationId":"j35j1nv6ekj2tjy"}
{"type":"log","timestamp":1765143977199,"level":"debug","message":"Executing recipe html","meta":{"rootId":"oko4kbhjuiejwbh","id":"n3h7aymgngkmvvl"},"id":"kqxwttp119zjqvu","previousOperationId":"f16i03xz8vo4d05"}
{"type":"operationEnd","operationId":"f16i03xz8vo4d05","timestamp":1765143977199,"id":"p3iczvvqfmdd3n1","previousEventId":"dsdeie83sw6qb1k","previousOperationId":"f16i03xz8vo4d05"}
{"type":"log","timestamp":1765143977199,"level":"debug","message":"Skipping storing report.","meta":{"rootId":"oko4kbhjuiejwbh","id":"n3h7aymgngkmvvl"},"id":"zufll0s3dwbscdr","previousOperationId":"f16i03xz8vo4d05"}
{"type":"log","timestamp":1765143977199,"level":"info","message":"Rendering (child) request finished in 1213 ms","meta":{"rootId":"oko4kbhjuiejwbh","id":"n3h7aymgngkmvvl"},"id":"8mavudwnj7w773e","previousOperationId":"f16i03xz8vo4d05"}
{"type":"operationEnd","subtype":"render","operationId":"wwg2hpioy9r0i4b","timestamp":1765143977199,"id":"cp5b18yc7tu0kdh","previousEventId":"p3iczvvqfmdd3n1","previousOperationId":"f16i03xz8vo4d05"}
{"type":"log","timestamp":1765143980410,"level":"debug","message":"pptx successfully zipped","meta":{"rootId":"oko4kbhjuiejwbh","id":"oko4kbhjuiejwbh"},"id":"yimhdk1w9ysxjy7","previousOperationId":"w6s0b0fn8keszl1"}
{"type":"log","timestamp":1765143980410,"level":"info","message":"pptx generation was finished","meta":{"rootId":"oko4kbhjuiejwbh","id":"oko4kbhjuiejwbh"},"id":"ngwa7thjegjgrts","previousOperationId":"w6s0b0fn8keszl1"}
{"type":"operationEnd","operationId":"w6s0b0fn8keszl1","timestamp":1765143980418,"id":"fhrm3z3a4u16ie3","previousEventId":"ytj2f82ip0vbpva","previousOperationId":"w6s0b0fn8keszl1"}
{"type":"log","timestamp":1765143980418,"level":"debug","message":"Skipping storing report.","meta":{"rootId":"oko4kbhjuiejwbh","id":"oko4kbhjuiejwbh"},"id":"voog914ilb5yqav","previousOperationId":"w6s0b0fn8keszl1"}
{"type":"log","timestamp":1765143980419,"level":"info","message":"Rendering request 3 finished in 4433 ms","meta":{"rootId":"oko4kbhjuiejwbh","id":"oko4kbhjuiejwbh"},"id":"pl4oxc94d9djjy5","previousOperationId":"w6s0b0fn8keszl1"}
{"type":"operationEnd","subtype":"render","operationId":"c2mebtgv3i6uf4u","timestamp":1765143980419,"id":"jnmmlfzou8pi9tz","previousEventId":"fhrm3z3a4u16ie3","previousOperationId":"w6s0b0fn8keszl1"}
{"type":"operationEnd","doDiffs":false,"previousEventId":"n5ddkwzbbhtednq","previousOperationId":"ximekd4a86ryskc","operationId":"ximekd4a86ryskc","timestamp":1765143980422,"id":"qnr09ays0w6iqm7"}
