{"type":"operationStart","subtype":"profile","data":{"_id":"HZQxMj35urXI7Rkz","timestamp":"2025-12-31T21:18:02.410Z","state":"running","mode":"standard","creationDate":"2025-12-31T21:18:02.416Z","modificationDate":"2025-12-31T21:18:02.416Z","shortid":"_80jX8i","$entitySet":"profiles","timeout":60000},"doDiffs":false,"timestamp":1767215882413,"id":"p6y80gsnyk986d8","previousOperationId":null,"operationId":"2aa4m5kduob5z3b"}
{"type":"log","level":"info","message":"Render request 1 queued for execution and waiting for available worker","previousOperationId":"2aa4m5kduob5z3b","timestamp":1767215882414,"id":"w0l9wqschsjcm1e"}
{"type":"operationStart","subtype":"render","name":"anonymous","previousOperationId":"2aa4m5kduob5z3b","timestamp":1767215882488,"id":"58xkd19g7ywngra","previousEventId":"p6y80gsnyk986d8","operationId":"a9rsccdterqu13w"}
{"type":"log","timestamp":1767215882490,"level":"info","message":"Starting rendering request 1","meta":{"rootId":"oleddyxz8ntqg7p","id":"oleddyxz8ntqg7p"},"id":"j28ssnhib5xhjy5","previousOperationId":"a9rsccdterqu13w"}
{"type":"log","timestamp":1767215882492,"level":"info","message":"Rendering anonymous template { recipe: pptx, engine: handlebars }","meta":{"rootId":"oleddyxz8ntqg7p","id":"oleddyxz8ntqg7p"},"id":"b39tpg5c61vqhqg","previousOperationId":"a9rsccdterqu13w"}
{"type":"log","timestamp":1767215882493,"level":"debug","message":"Inline data specified.","meta":{"rootId":"oleddyxz8ntqg7p","id":"oleddyxz8ntqg7p"},"id":"xioscomw8cosi48","previousOperationId":"a9rsccdterqu13w"}
{"type":"log","timestamp":1767215882499,"level":"debug","message":"Base url not specified, skipping its injection.","meta":{"rootId":"oleddyxz8ntqg7p","id":"oleddyxz8ntqg7p"},"id":"1342u6li8r8nftz","previousOperationId":"a9rsccdterqu13w"}
{"type":"operationStart","subtype":"engine","name":"handlebars","timestamp":1767215882502,"id":"fstebqblcjitwkk","previousEventId":"58xkd19g7ywngra","operationId":"j11qtmjclln0a50","previousOperationId":"a9rsccdterqu13w"}
{"type":"log","timestamp":1767215882502,"level":"debug","message":"Rendering engine handlebars","meta":{"rootId":"oleddyxz8ntqg7p","id":"oleddyxz8ntqg7p"},"id":"yy5dl6dkj32nvq5","previousOperationId":"j11qtmjclln0a50"}
{"type":"operationEnd","operationId":"j11qtmjclln0a50","timestamp":1767215883885,"id":"8tzk00cgxvaphq3","previousEventId":"fstebqblcjitwkk","previousOperationId":"j11qtmjclln0a50"}
{"type":"operationStart","subtype":"recipe","name":"pptx","timestamp":1767215883886,"id":"vut1tqsw6zzb3fg","previousEventId":"8tzk00cgxvaphq3","operationId":"qhvkdiix9jc58tw","previousOperationId":"j11qtmjclln0a50"}
{"type":"log","timestamp":1767215883886,"level":"debug","message":"Executing recipe pptx","meta":{"rootId":"oleddyxz8ntqg7p","id":"oleddyxz8ntqg7p"},"id":"kvru9dvkgcg1u7u","previousOperationId":"qhvkdiix9jc58tw"}
{"type":"log","timestamp":1767215884152,"level":"info","message":"pptx generation is starting","meta":{"rootId":"oleddyxz8ntqg7p","id":"oleddyxz8ntqg7p"},"id":"fgmlcu1ca55noyb","previousOperationId":"qhvkdiix9jc58tw"}
{"type":"log","timestamp":1767215886325,"level":"debug","message":"Starting child request to render pptx dynamic parts","meta":{"rootId":"oleddyxz8ntqg7p","id":"oleddyxz8ntqg7p"},"id":"g9k49ciosqm17d1","previousOperationId":"qhvkdiix9jc58tw"}
{"type":"operationStart","subtype":"render","name":"anonymous","previousOperationId":"qhvkdiix9jc58tw","timestamp":1767215886327,"id":"jeiunxtqmxnqo10","previousEventId":"vut1tqsw6zzb3fg","operationId":"pefolbgubgy3h5l"}
{"type":"log","timestamp":1767215886327,"level":"info","message":"Starting rendering (child) request","meta":{"rootId":"oleddyxz8ntqg7p","id":"rov7c25f65hdbv4"},"id":"ewbdqlvofqlqfwb","previousOperationId":"pefolbgubgy3h5l"}
{"type":"log","timestamp":1767215886327,"level":"info","message":"Rendering anonymous template { recipe: html, engine: handlebars }","meta":{"rootId":"oleddyxz8ntqg7p","id":"rov7c25f65hdbv4"},"id":"nudf40572kk9iz2","previousOperationId":"pefolbgubgy3h5l"}
{"type":"log","timestamp":1767215886328,"level":"debug","message":"Inline data specified.","meta":{"rootId":"oleddyxz8ntqg7p","id":"rov7c25f65hdbv4"},"id":"lnmcdu910kfc095","previousOperationId":"pefolbgubgy3h5l"}
{"type":"log","timestamp":1767215886335,"level":"debug","message":"Base url not specified, skipping its injection.","meta":{"rootId":"oleddyxz8ntqg7p","id":"rov7c25f65hdbv4"},"id":"dpf11sgdrh79t0r","previousOperationId":"pefolbgubgy3h5l"}
{"type":"operationStart","subtype":"engine","name":"handlebars","timestamp":1767215886338,"id":"fcvxhpt063xe5cb","previousEventId":"jeiunxtqmxnqo10","operationId":"81z5ps2ankivfn0","previousOperationId":"pefolbgubgy3h5l"}
{"type":"log","timestamp":1767215886338,"level":"debug","message":"Rendering engine handlebars","meta":{"rootId":"oleddyxz8ntqg7p","id":"rov7c25f65hdbv4"},"id":"bjxlo4u2sdz0k8u","previousOperationId":"81z5ps2ankivfn0"}
{"type":"log","timestamp":1767215886633,"level":"debug","message":"(console:log) {\n  type: 'echarts@v5a',\n  width: 848,\n  height: 409,\n  option: { radar: [ [Object] ], series: [ [Object] ] }\n}","meta":{"userLevel":true,"rootId":"oleddyxz8ntqg7p","id":"rov7c25f65hdbv4"},"id":"zukfrp2voiqgdo1","previousOperationId":"81z5ps2ankivfn0"}
{"type":"operationEnd","operationId":"81z5ps2ankivfn0","timestamp":1767215886650,"id":"pg66iw0ct922xkc","previousEventId":"fcvxhpt063xe5cb","previousOperationId":"81z5ps2ankivfn0"}
{"type":"operationStart","subtype":"recipe","name":"html","timestamp":1767215886673,"id":"z9l968fw32v8lru","previousEventId":"pg66iw0ct922xkc","operationId":"mxme57r40pcudcr","previousOperationId":"81z5ps2ankivfn0"}
{"type":"log","timestamp":1767215886673,"level":"debug","message":"Executing recipe html","meta":{"rootId":"oleddyxz8ntqg7p","id":"rov7c25f65hdbv4"},"id":"qztecs2kofxthl5","previousOperationId":"mxme57r40pcudcr"}
{"type":"operationEnd","operationId":"mxme57r40pcudcr","timestamp":1767215886673,"id":"277r8bu9wftjorz","previousEventId":"z9l968fw32v8lru","previousOperationId":"mxme57r40pcudcr"}
{"type":"log","timestamp":1767215886675,"level":"debug","message":"Skipping storing report.","meta":{"rootId":"oleddyxz8ntqg7p","id":"rov7c25f65hdbv4"},"id":"48f036f8v3k3i01","previousOperationId":"mxme57r40pcudcr"}
{"type":"log","timestamp":1767215886675,"level":"info","message":"Rendering (child) request finished in 4267 ms","meta":{"rootId":"oleddyxz8ntqg7p","id":"rov7c25f65hdbv4"},"id":"sobwn3a9ukmao6p","previousOperationId":"mxme57r40pcudcr"}
{"type":"operationEnd","subtype":"render","operationId":"pefolbgubgy3h5l","timestamp":1767215886675,"id":"yva4j30uqf6ymlh","previousEventId":"277r8bu9wftjorz","previousOperationId":"mxme57r40pcudcr"}
{"type":"log","timestamp":1767215895214,"level":"debug","message":"pptx successfully zipped","meta":{"rootId":"oleddyxz8ntqg7p","id":"oleddyxz8ntqg7p"},"id":"9hxc8n348q7o9jw","previousOperationId":"qhvkdiix9jc58tw"}
{"type":"log","timestamp":1767215895214,"level":"info","message":"pptx generation was finished","meta":{"rootId":"oleddyxz8ntqg7p","id":"oleddyxz8ntqg7p"},"id":"ty6dm6lv1zu7czg","previousOperationId":"qhvkdiix9jc58tw"}
{"type":"operationEnd","operationId":"qhvkdiix9jc58tw","timestamp":1767215895231,"id":"yn6yc7s57m2njya","previousEventId":"vut1tqsw6zzb3fg","previousOperationId":"qhvkdiix9jc58tw"}
{"type":"log","timestamp":1767215895231,"level":"debug","message":"Skipping storing report.","meta":{"rootId":"oleddyxz8ntqg7p","id":"oleddyxz8ntqg7p"},"id":"aaf7gr94pdkfj2q","previousOperationId":"qhvkdiix9jc58tw"}
{"type":"log","timestamp":1767215895231,"level":"info","message":"Rendering request 1 finished in 12823 ms","meta":{"rootId":"oleddyxz8ntqg7p","id":"oleddyxz8ntqg7p"},"id":"7oncfomlptvd3e6","previousOperationId":"qhvkdiix9jc58tw"}
{"type":"operationEnd","subtype":"render","operationId":"a9rsccdterqu13w","timestamp":1767215895231,"id":"cj4ng63oitydp6h","previousEventId":"yn6yc7s57m2njya","previousOperationId":"qhvkdiix9jc58tw"}
{"type":"operationEnd","doDiffs":false,"previousEventId":"p6y80gsnyk986d8","previousOperationId":"2aa4m5kduob5z3b","operationId":"2aa4m5kduob5z3b","timestamp":1767215895243,"id":"ornr0uzog89lqhb"}
