{"type":"operationStart","subtype":"profile","data":{"_id":"AJCNA6kS4PGR45Ag","timestamp":"2025-12-22T21:57:22.474Z","state":"running","mode":"standard","creationDate":"2025-12-22T21:57:22.476Z","modificationDate":"2025-12-22T21:57:22.476Z","shortid":"n3foEfn","$entitySet":"profiles","timeout":60000},"doDiffs":false,"timestamp":1766440642475,"id":"netx9k45l41ffs9","previousOperationId":null,"operationId":"29cd6xq7054zy9h"}
{"type":"log","level":"info","message":"Render request 3 queued for execution and waiting for available worker","previousOperationId":"29cd6xq7054zy9h","timestamp":1766440642475,"id":"4kwxobhfs6nmt4v"}
{"type":"operationStart","subtype":"render","name":"anonymous","previousOperationId":"29cd6xq7054zy9h","timestamp":1766440642510,"id":"yvtw7v8hpeou6x8","previousEventId":"netx9k45l41ffs9","operationId":"dhw2d4tp46pvkaq"}
{"type":"log","timestamp":1766440642510,"level":"info","message":"Starting rendering request 3","meta":{"rootId":"omz302vlimxg8xa","id":"omz302vlimxg8xa"},"id":"m8neilntfg0wtv8","previousOperationId":"dhw2d4tp46pvkaq"}
{"type":"log","timestamp":1766440642510,"level":"info","message":"Rendering anonymous template { recipe: pptx, engine: handlebars }","meta":{"rootId":"omz302vlimxg8xa","id":"omz302vlimxg8xa"},"id":"mbywux8dn27t4fq","previousOperationId":"dhw2d4tp46pvkaq"}
{"type":"log","timestamp":1766440642510,"level":"debug","message":"Inline data specified.","meta":{"rootId":"omz302vlimxg8xa","id":"omz302vlimxg8xa"},"id":"0q3npmnh20022c3","previousOperationId":"dhw2d4tp46pvkaq"}
{"type":"log","timestamp":1766440642514,"level":"debug","message":"Base url not specified, skipping its injection.","meta":{"rootId":"omz302vlimxg8xa","id":"omz302vlimxg8xa"},"id":"a60knc3zbxm0kq8","previousOperationId":"dhw2d4tp46pvkaq"}
{"type":"operationStart","subtype":"engine","name":"handlebars","timestamp":1766440642515,"id":"pwhtq16xp2yrcy1","previousEventId":"yvtw7v8hpeou6x8","operationId":"eg1qki6l53pecaz","previousOperationId":"dhw2d4tp46pvkaq"}
{"type":"log","timestamp":1766440642515,"level":"debug","message":"Rendering engine handlebars","meta":{"rootId":"omz302vlimxg8xa","id":"omz302vlimxg8xa"},"id":"jxuvk9853gzrk18","previousOperationId":"eg1qki6l53pecaz"}
{"type":"operationEnd","operationId":"eg1qki6l53pecaz","timestamp":1766440642533,"id":"0nhvjzv7u81rffw","previousEventId":"pwhtq16xp2yrcy1","previousOperationId":"eg1qki6l53pecaz"}
{"type":"operationStart","subtype":"recipe","name":"pptx","timestamp":1766440642534,"id":"axxkac05csmbkcp","previousEventId":"0nhvjzv7u81rffw","operationId":"x575jmd101ngwi4","previousOperationId":"eg1qki6l53pecaz"}
{"type":"log","timestamp":1766440642534,"level":"debug","message":"Executing recipe pptx","meta":{"rootId":"omz302vlimxg8xa","id":"omz302vlimxg8xa"},"id":"95hkrbe1yybvnga","previousOperationId":"x575jmd101ngwi4"}
{"type":"log","timestamp":1766440642547,"level":"info","message":"pptx generation is starting","meta":{"rootId":"omz302vlimxg8xa","id":"omz302vlimxg8xa"},"id":"fsk533y9j5e7nz7","previousOperationId":"x575jmd101ngwi4"}
{"type":"log","timestamp":1766440643710,"level":"debug","message":"Starting child request to render pptx dynamic parts","meta":{"rootId":"omz302vlimxg8xa","id":"omz302vlimxg8xa"},"id":"fl06a207jycpzmx","previousOperationId":"x575jmd101ngwi4"}
{"type":"operationStart","subtype":"render","name":"anonymous","previousOperationId":"x575jmd101ngwi4","timestamp":1766440643711,"id":"zbv0sbn0bhhg9y8","previousEventId":"axxkac05csmbkcp","operationId":"2tr7tekcgcn5xfu"}
{"type":"log","timestamp":1766440643711,"level":"info","message":"Starting rendering (child) request","meta":{"rootId":"omz302vlimxg8xa","id":"qwjbqvvapg612u1"},"id":"rri3q9uimwcn47o","previousOperationId":"2tr7tekcgcn5xfu"}
{"type":"log","timestamp":1766440643711,"level":"info","message":"Rendering anonymous template { recipe: html, engine: handlebars }","meta":{"rootId":"omz302vlimxg8xa","id":"qwjbqvvapg612u1"},"id":"9gu6r1ufltm6ly4","previousOperationId":"2tr7tekcgcn5xfu"}
{"type":"log","timestamp":1766440643711,"level":"debug","message":"Inline data specified.","meta":{"rootId":"omz302vlimxg8xa","id":"qwjbqvvapg612u1"},"id":"u6hhuzrt5vf00f9","previousOperationId":"2tr7tekcgcn5xfu"}
{"type":"log","timestamp":1766440643716,"level":"debug","message":"Base url not specified, skipping its injection.","meta":{"rootId":"omz302vlimxg8xa","id":"qwjbqvvapg612u1"},"id":"o4tspwvq9fe6siv","previousOperationId":"2tr7tekcgcn5xfu"}
{"type":"operationStart","subtype":"engine","name":"handlebars","timestamp":1766440643717,"id":"ooga7bnparef5yr","previousEventId":"zbv0sbn0bhhg9y8","operationId":"t35tpi26vkirdye","previousOperationId":"2tr7tekcgcn5xfu"}
{"type":"log","timestamp":1766440643717,"level":"debug","message":"Rendering engine handlebars","meta":{"rootId":"omz302vlimxg8xa","id":"qwjbqvvapg612u1"},"id":"m9sg473wy7wdac6","previousOperationId":"t35tpi26vkirdye"}
{"type":"operationEnd","operationId":"t35tpi26vkirdye","timestamp":1766440643810,"id":"2byg9efgq2xyl5n","previousEventId":"ooga7bnparef5yr","previousOperationId":"t35tpi26vkirdye"}
{"type":"operationStart","subtype":"recipe","name":"html","timestamp":1766440643818,"id":"wc9ww0dvgai7bi1","previousEventId":"2byg9efgq2xyl5n","operationId":"tma24zu1cf1kbqp","previousOperationId":"t35tpi26vkirdye"}
{"type":"log","timestamp":1766440643819,"level":"debug","message":"Executing recipe html","meta":{"rootId":"omz302vlimxg8xa","id":"qwjbqvvapg612u1"},"id":"on40fanmvegwx6a","previousOperationId":"tma24zu1cf1kbqp"}
{"type":"operationEnd","operationId":"tma24zu1cf1kbqp","timestamp":1766440643819,"id":"9vs4ue39imidwrs","previousEventId":"wc9ww0dvgai7bi1","previousOperationId":"tma24zu1cf1kbqp"}
{"type":"log","timestamp":1766440643819,"level":"debug","message":"Skipping storing report.","meta":{"rootId":"omz302vlimxg8xa","id":"qwjbqvvapg612u1"},"id":"7h2b15jcgebjchl","previousOperationId":"tma24zu1cf1kbqp"}
{"type":"log","timestamp":1766440643820,"level":"info","message":"Rendering (child) request finished in 1347 ms","meta":{"rootId":"omz302vlimxg8xa","id":"qwjbqvvapg612u1"},"id":"ple2h5qm6gogpkh","previousOperationId":"tma24zu1cf1kbqp"}
{"type":"operationEnd","subtype":"render","operationId":"2tr7tekcgcn5xfu","timestamp":1766440643820,"id":"slbboearezn1i4l","previousEventId":"9vs4ue39imidwrs","previousOperationId":"tma24zu1cf1kbqp"}
{"type":"log","timestamp":1766440647844,"level":"debug","message":"pptx successfully zipped","meta":{"rootId":"omz302vlimxg8xa","id":"omz302vlimxg8xa"},"id":"3pmdclu077y9635","previousOperationId":"x575jmd101ngwi4"}
{"type":"log","timestamp":1766440647844,"level":"info","message":"pptx generation was finished","meta":{"rootId":"omz302vlimxg8xa","id":"omz302vlimxg8xa"},"id":"ju9000xmvfm54ld","previousOperationId":"x575jmd101ngwi4"}
{"type":"operationEnd","operationId":"x575jmd101ngwi4","timestamp":1766440647857,"id":"qxh4v12mcc6jhvp","previousEventId":"axxkac05csmbkcp","previousOperationId":"x575jmd101ngwi4"}
{"type":"log","timestamp":1766440647857,"level":"debug","message":"Skipping storing report.","meta":{"rootId":"omz302vlimxg8xa","id":"omz302vlimxg8xa"},"id":"yy0tqpczp2j0psq","previousOperationId":"x575jmd101ngwi4"}
{"type":"log","timestamp":1766440647857,"level":"info","message":"Rendering request 3 finished in 5384 ms","meta":{"rootId":"omz302vlimxg8xa","id":"omz302vlimxg8xa"},"id":"8hcn7ij6njwxcut","previousOperationId":"x575jmd101ngwi4"}
{"type":"operationEnd","subtype":"render","operationId":"dhw2d4tp46pvkaq","timestamp":1766440647857,"id":"lxr0m1n5ygalc3o","previousEventId":"qxh4v12mcc6jhvp","previousOperationId":"x575jmd101ngwi4"}
{"type":"operationEnd","doDiffs":false,"previousEventId":"netx9k45l41ffs9","previousOperationId":"29cd6xq7054zy9h","operationId":"29cd6xq7054zy9h","timestamp":1766440647861,"id":"puwvx8a174kt9kq"}
