{"type":"operationStart","subtype":"profile","data":{"_id":"RS60ThIGgkMtHMBw","timestamp":"2025-12-26T12:57:32.673Z","state":"running","mode":"standard","creationDate":"2025-12-26T12:57:32.678Z","modificationDate":"2025-12-26T12:57:32.678Z","shortid":"iNliqF1","$entitySet":"profiles","timeout":60000},"doDiffs":false,"timestamp":1766753852676,"id":"qr6aqq67a2ngbxh","previousOperationId":null,"operationId":"3lbvrbfmlauy7ow"}
{"type":"log","level":"info","message":"Render request 10 queued for execution and waiting for available worker","previousOperationId":"3lbvrbfmlauy7ow","timestamp":1766753852676,"id":"qwnwtigckrxih3e"}
{"type":"operationStart","subtype":"render","name":"anonymous","previousOperationId":"3lbvrbfmlauy7ow","timestamp":1766753852743,"id":"m1oa9z9glldc6jy","previousEventId":"qr6aqq67a2ngbxh","operationId":"jenogdgr1lrarza"}
{"type":"log","timestamp":1766753852743,"level":"info","message":"Starting rendering request 10","meta":{"rootId":"osyi7vlr16fq60d","id":"osyi7vlr16fq60d"},"id":"f2ttpyijgti4kvd","previousOperationId":"jenogdgr1lrarza"}
{"type":"log","timestamp":1766753852744,"level":"info","message":"Rendering anonymous template { recipe: pptx, engine: handlebars }","meta":{"rootId":"osyi7vlr16fq60d","id":"osyi7vlr16fq60d"},"id":"p6e1fztwrftza2w","previousOperationId":"jenogdgr1lrarza"}
{"type":"log","timestamp":1766753852744,"level":"debug","message":"Inline data specified.","meta":{"rootId":"osyi7vlr16fq60d","id":"osyi7vlr16fq60d"},"id":"ho41tlsdbgsxiwu","previousOperationId":"jenogdgr1lrarza"}
{"type":"log","timestamp":1766753852748,"level":"debug","message":"Base url not specified, skipping its injection.","meta":{"rootId":"osyi7vlr16fq60d","id":"osyi7vlr16fq60d"},"id":"8ibv879i99iv6o7","previousOperationId":"jenogdgr1lrarza"}
{"type":"operationStart","subtype":"engine","name":"handlebars","timestamp":1766753852749,"id":"rbiw0gefwky9gx9","previousEventId":"m1oa9z9glldc6jy","operationId":"8hqgoatoa9ymwi1","previousOperationId":"jenogdgr1lrarza"}
{"type":"log","timestamp":1766753852749,"level":"debug","message":"Rendering engine handlebars","meta":{"rootId":"osyi7vlr16fq60d","id":"osyi7vlr16fq60d"},"id":"86m8okuhrz1w1d5","previousOperationId":"8hqgoatoa9ymwi1"}
{"type":"operationEnd","operationId":"8hqgoatoa9ymwi1","timestamp":1766753852782,"id":"1kuodkpsdth6n9t","previousEventId":"rbiw0gefwky9gx9","previousOperationId":"8hqgoatoa9ymwi1"}
{"type":"operationStart","subtype":"recipe","name":"pptx","timestamp":1766753852782,"id":"f976r55knujwizh","previousEventId":"1kuodkpsdth6n9t","operationId":"3tqaacp1xcc7gt0","previousOperationId":"8hqgoatoa9ymwi1"}
{"type":"log","timestamp":1766753852782,"level":"debug","message":"Executing recipe pptx","meta":{"rootId":"osyi7vlr16fq60d","id":"osyi7vlr16fq60d"},"id":"9rm6z6ano8mbqgu","previousOperationId":"3tqaacp1xcc7gt0"}
{"type":"log","timestamp":1766753852806,"level":"info","message":"pptx generation is starting","meta":{"rootId":"osyi7vlr16fq60d","id":"osyi7vlr16fq60d"},"id":"adk8oaqu5jwmyeh","previousOperationId":"3tqaacp1xcc7gt0"}
{"type":"log","timestamp":1766753854558,"level":"debug","message":"Starting child request to render pptx dynamic parts","meta":{"rootId":"osyi7vlr16fq60d","id":"osyi7vlr16fq60d"},"id":"s7810m22vm1swsz","previousOperationId":"3tqaacp1xcc7gt0"}
{"type":"operationStart","subtype":"render","name":"anonymous","previousOperationId":"3tqaacp1xcc7gt0","timestamp":1766753854559,"id":"mueg0dgk9gqv2ea","previousEventId":"f976r55knujwizh","operationId":"l8m41w467l24qk1"}
{"type":"log","timestamp":1766753854559,"level":"info","message":"Starting rendering (child) request","meta":{"rootId":"osyi7vlr16fq60d","id":"wuycadhp67p10kh"},"id":"bg08csk9b5mvoym","previousOperationId":"l8m41w467l24qk1"}
{"type":"log","timestamp":1766753854559,"level":"info","message":"Rendering anonymous template { recipe: html, engine: handlebars }","meta":{"rootId":"osyi7vlr16fq60d","id":"wuycadhp67p10kh"},"id":"lhsrpsux3n5bp4u","previousOperationId":"l8m41w467l24qk1"}
{"type":"log","timestamp":1766753854562,"level":"debug","message":"Inline data specified.","meta":{"rootId":"osyi7vlr16fq60d","id":"wuycadhp67p10kh"},"id":"89xt8ay0yhlhepe","previousOperationId":"l8m41w467l24qk1"}
{"type":"log","timestamp":1766753854574,"level":"debug","message":"Base url not specified, skipping its injection.","meta":{"rootId":"osyi7vlr16fq60d","id":"wuycadhp67p10kh"},"id":"pig3ec9voaj1hl5","previousOperationId":"l8m41w467l24qk1"}
{"type":"operationStart","subtype":"engine","name":"handlebars","timestamp":1766753854576,"id":"5x6rwkouwamhhr7","previousEventId":"mueg0dgk9gqv2ea","operationId":"1u8iq1sgdrvhk1a","previousOperationId":"l8m41w467l24qk1"}
{"type":"log","timestamp":1766753854576,"level":"debug","message":"Rendering engine handlebars","meta":{"rootId":"osyi7vlr16fq60d","id":"wuycadhp67p10kh"},"id":"pcu1vglvasv7lpn","previousOperationId":"1u8iq1sgdrvhk1a"}
{"type":"operationEnd","operationId":"1u8iq1sgdrvhk1a","timestamp":1766753854744,"id":"98jdayxxdbv2xdv","previousEventId":"5x6rwkouwamhhr7","previousOperationId":"1u8iq1sgdrvhk1a"}
{"type":"operationStart","subtype":"recipe","name":"html","timestamp":1766753854754,"id":"0plymzm4usbz8jx","previousEventId":"98jdayxxdbv2xdv","operationId":"vodeeqzw7fy8216","previousOperationId":"1u8iq1sgdrvhk1a"}
{"type":"log","timestamp":1766753854754,"level":"debug","message":"Executing recipe html","meta":{"rootId":"osyi7vlr16fq60d","id":"wuycadhp67p10kh"},"id":"7txgax0b0r87tun","previousOperationId":"vodeeqzw7fy8216"}
{"type":"operationEnd","operationId":"vodeeqzw7fy8216","timestamp":1766753854754,"id":"fpy39f2ytyrr2se","previousEventId":"0plymzm4usbz8jx","previousOperationId":"vodeeqzw7fy8216"}
{"type":"log","timestamp":1766753854755,"level":"debug","message":"Skipping storing report.","meta":{"rootId":"osyi7vlr16fq60d","id":"wuycadhp67p10kh"},"id":"byci80mmqn68e0h","previousOperationId":"vodeeqzw7fy8216"}
{"type":"log","timestamp":1766753854755,"level":"info","message":"Rendering (child) request finished in 2083 ms","meta":{"rootId":"osyi7vlr16fq60d","id":"wuycadhp67p10kh"},"id":"hw31evzfftls1jv","previousOperationId":"vodeeqzw7fy8216"}
{"type":"operationEnd","subtype":"render","operationId":"l8m41w467l24qk1","timestamp":1766753854755,"id":"d3ozmxcaniysjit","previousEventId":"fpy39f2ytyrr2se","previousOperationId":"vodeeqzw7fy8216"}
{"type":"log","timestamp":1766753859067,"level":"debug","message":"pptx successfully zipped","meta":{"rootId":"osyi7vlr16fq60d","id":"osyi7vlr16fq60d"},"id":"pmjczs3h6acz86t","previousOperationId":"3tqaacp1xcc7gt0"}
{"type":"log","timestamp":1766753859067,"level":"info","message":"pptx generation was finished","meta":{"rootId":"osyi7vlr16fq60d","id":"osyi7vlr16fq60d"},"id":"9sxjhjrwxyv31cl","previousOperationId":"3tqaacp1xcc7gt0"}
{"type":"operationEnd","operationId":"3tqaacp1xcc7gt0","timestamp":1766753859085,"id":"13qli08o6ybhvaq","previousEventId":"f976r55knujwizh","previousOperationId":"3tqaacp1xcc7gt0"}
{"type":"log","timestamp":1766753859085,"level":"debug","message":"Skipping storing report.","meta":{"rootId":"osyi7vlr16fq60d","id":"osyi7vlr16fq60d"},"id":"jbne19qb8kn21ql","previousOperationId":"3tqaacp1xcc7gt0"}
{"type":"log","timestamp":1766753859086,"level":"info","message":"Rendering request 10 finished in 6414 ms","meta":{"rootId":"osyi7vlr16fq60d","id":"osyi7vlr16fq60d"},"id":"2njk7xd98db9pa8","previousOperationId":"3tqaacp1xcc7gt0"}
{"type":"operationEnd","subtype":"render","operationId":"jenogdgr1lrarza","timestamp":1766753859086,"id":"iho29h5uljw88sm","previousEventId":"13qli08o6ybhvaq","previousOperationId":"3tqaacp1xcc7gt0"}
{"type":"operationEnd","doDiffs":false,"previousEventId":"qr6aqq67a2ngbxh","previousOperationId":"3lbvrbfmlauy7ow","operationId":"3lbvrbfmlauy7ow","timestamp":1766753859092,"id":"gcm7r00vrbk786a"}
