{"type":"operationStart","subtype":"profile","data":{"_id":"O6lUCKrgTICQBnin","timestamp":"2025-12-18T12:30:08.980Z","state":"running","mode":"standard","creationDate":"2025-12-18T12:30:08.983Z","modificationDate":"2025-12-18T12:30:08.983Z","shortid":"JfgNGtD","$entitySet":"profiles","timeout":60000},"doDiffs":false,"timestamp":1766061008982,"id":"abizmp95v9i5pzr","previousOperationId":null,"operationId":"dilgupxb4rj4xla"}
{"type":"log","level":"info","message":"Render request 2 queued for execution and waiting for available worker","previousOperationId":"dilgupxb4rj4xla","timestamp":1766061008982,"id":"jswodyvzgx6orl7"}
{"type":"operationStart","subtype":"render","name":"anonymous","previousOperationId":"dilgupxb4rj4xla","timestamp":1766061009022,"id":"kib1kl43cediw2w","previousEventId":"abizmp95v9i5pzr","operationId":"vqz3sdnplbmx2je"}
{"type":"log","timestamp":1766061009023,"level":"info","message":"Starting rendering request 2","meta":{"rootId":"oubhdqxtbq88vh7","id":"oubhdqxtbq88vh7"},"id":"5bfx4szhi3t7lr9","previousOperationId":"vqz3sdnplbmx2je"}
{"type":"log","timestamp":1766061009024,"level":"info","message":"Rendering anonymous template { recipe: pptx, engine: handlebars }","meta":{"rootId":"oubhdqxtbq88vh7","id":"oubhdqxtbq88vh7"},"id":"sxeyfbh44dnqm97","previousOperationId":"vqz3sdnplbmx2je"}
{"type":"log","timestamp":1766061009024,"level":"debug","message":"Inline data specified.","meta":{"rootId":"oubhdqxtbq88vh7","id":"oubhdqxtbq88vh7"},"id":"v2qewf15wcroojg","previousOperationId":"vqz3sdnplbmx2je"}
{"type":"log","timestamp":1766061009030,"level":"debug","message":"Base url not specified, skipping its injection.","meta":{"rootId":"oubhdqxtbq88vh7","id":"oubhdqxtbq88vh7"},"id":"58ye5kolnpfp39p","previousOperationId":"vqz3sdnplbmx2je"}
{"type":"operationStart","subtype":"engine","name":"handlebars","timestamp":1766061009032,"id":"k8ubc8pbm12v17d","previousEventId":"kib1kl43cediw2w","operationId":"mu98moupgt0fbvx","previousOperationId":"vqz3sdnplbmx2je"}
{"type":"log","timestamp":1766061009032,"level":"debug","message":"Rendering engine handlebars","meta":{"rootId":"oubhdqxtbq88vh7","id":"oubhdqxtbq88vh7"},"id":"hxjhyw7ssrx3561","previousOperationId":"mu98moupgt0fbvx"}
{"type":"operationEnd","operationId":"mu98moupgt0fbvx","timestamp":1766061009741,"id":"5k75seqndb8zwiq","previousEventId":"k8ubc8pbm12v17d","previousOperationId":"mu98moupgt0fbvx"}
{"type":"operationStart","subtype":"recipe","name":"pptx","timestamp":1766061009742,"id":"351u1l97t43x628","previousEventId":"5k75seqndb8zwiq","operationId":"9rcpqymmybgj8qt","previousOperationId":"mu98moupgt0fbvx"}
{"type":"log","timestamp":1766061009742,"level":"debug","message":"Executing recipe pptx","meta":{"rootId":"oubhdqxtbq88vh7","id":"oubhdqxtbq88vh7"},"id":"fjvvl3yokympgv8","previousOperationId":"9rcpqymmybgj8qt"}
{"type":"log","timestamp":1766061009917,"level":"info","message":"pptx generation is starting","meta":{"rootId":"oubhdqxtbq88vh7","id":"oubhdqxtbq88vh7"},"id":"h00ialp01xau3ps","previousOperationId":"9rcpqymmybgj8qt"}
{"type":"log","timestamp":1766061011017,"level":"debug","message":"Starting child request to render pptx dynamic parts","meta":{"rootId":"oubhdqxtbq88vh7","id":"oubhdqxtbq88vh7"},"id":"yw81cmu09xazqt0","previousOperationId":"9rcpqymmybgj8qt"}
{"type":"operationStart","subtype":"render","name":"anonymous","previousOperationId":"9rcpqymmybgj8qt","timestamp":1766061011018,"id":"e4o5h4yuez2ol8k","previousEventId":"351u1l97t43x628","operationId":"0koo1w44bbg99v8"}
{"type":"log","timestamp":1766061011018,"level":"info","message":"Starting rendering (child) request","meta":{"rootId":"oubhdqxtbq88vh7","id":"d656yleznok9juo"},"id":"l8vchhtg7qms76e","previousOperationId":"0koo1w44bbg99v8"}
{"type":"log","timestamp":1766061011018,"level":"info","message":"Rendering anonymous template { recipe: html, engine: handlebars }","meta":{"rootId":"oubhdqxtbq88vh7","id":"d656yleznok9juo"},"id":"otdwy545fo0zw8w","previousOperationId":"0koo1w44bbg99v8"}
{"type":"log","timestamp":1766061011018,"level":"debug","message":"Inline data specified.","meta":{"rootId":"oubhdqxtbq88vh7","id":"d656yleznok9juo"},"id":"mrqdtapogkstnmy","previousOperationId":"0koo1w44bbg99v8"}
{"type":"log","timestamp":1766061011024,"level":"debug","message":"Base url not specified, skipping its injection.","meta":{"rootId":"oubhdqxtbq88vh7","id":"d656yleznok9juo"},"id":"b0owf8qsa5hnurr","previousOperationId":"0koo1w44bbg99v8"}
{"type":"operationStart","subtype":"engine","name":"handlebars","timestamp":1766061011026,"id":"g8tibufaxyx94ir","previousEventId":"e4o5h4yuez2ol8k","operationId":"3dn8chjq3foo3nz","previousOperationId":"0koo1w44bbg99v8"}
{"type":"log","timestamp":1766061011027,"level":"debug","message":"Rendering engine handlebars","meta":{"rootId":"oubhdqxtbq88vh7","id":"d656yleznok9juo"},"id":"7894h6s4oxvhr8r","previousOperationId":"3dn8chjq3foo3nz"}
{"type":"operationEnd","operationId":"3dn8chjq3foo3nz","timestamp":1766061011144,"id":"eoq21r6tgtwqi4r","previousEventId":"g8tibufaxyx94ir","previousOperationId":"3dn8chjq3foo3nz"}
{"type":"operationStart","subtype":"recipe","name":"html","timestamp":1766061011151,"id":"22qenjgz99n5dqb","previousEventId":"eoq21r6tgtwqi4r","operationId":"q1rtzrlph1l9cxv","previousOperationId":"3dn8chjq3foo3nz"}
{"type":"log","timestamp":1766061011151,"level":"debug","message":"Executing recipe html","meta":{"rootId":"oubhdqxtbq88vh7","id":"d656yleznok9juo"},"id":"lhn4r5rdcsrr141","previousOperationId":"q1rtzrlph1l9cxv"}
{"type":"operationEnd","operationId":"q1rtzrlph1l9cxv","timestamp":1766061011151,"id":"owt1zzps36tmipn","previousEventId":"22qenjgz99n5dqb","previousOperationId":"q1rtzrlph1l9cxv"}
{"type":"log","timestamp":1766061011152,"level":"debug","message":"Skipping storing report.","meta":{"rootId":"oubhdqxtbq88vh7","id":"d656yleznok9juo"},"id":"3l69pduhk29pte3","previousOperationId":"q1rtzrlph1l9cxv"}
{"type":"log","timestamp":1766061011152,"level":"info","message":"Rendering (child) request finished in 2172 ms","meta":{"rootId":"oubhdqxtbq88vh7","id":"d656yleznok9juo"},"id":"29x3d2asj5unazm","previousOperationId":"q1rtzrlph1l9cxv"}
{"type":"operationEnd","subtype":"render","operationId":"0koo1w44bbg99v8","timestamp":1766061011152,"id":"aw09fmiw95jacjf","previousEventId":"owt1zzps36tmipn","previousOperationId":"q1rtzrlph1l9cxv"}
{"type":"log","timestamp":1766061014463,"level":"debug","message":"pptx successfully zipped","meta":{"rootId":"oubhdqxtbq88vh7","id":"oubhdqxtbq88vh7"},"id":"sf2pcbet8yf4yee","previousOperationId":"9rcpqymmybgj8qt"}
{"type":"log","timestamp":1766061014463,"level":"info","message":"pptx generation was finished","meta":{"rootId":"oubhdqxtbq88vh7","id":"oubhdqxtbq88vh7"},"id":"do0jab64oqan701","previousOperationId":"9rcpqymmybgj8qt"}
{"type":"operationEnd","operationId":"9rcpqymmybgj8qt","timestamp":1766061014475,"id":"jj7jwtr1ntic2ri","previousEventId":"351u1l97t43x628","previousOperationId":"9rcpqymmybgj8qt"}
{"type":"log","timestamp":1766061014475,"level":"debug","message":"Skipping storing report.","meta":{"rootId":"oubhdqxtbq88vh7","id":"oubhdqxtbq88vh7"},"id":"d0m3no61w659ic4","previousOperationId":"9rcpqymmybgj8qt"}
{"type":"log","timestamp":1766061014475,"level":"info","message":"Rendering request 2 finished in 5495 ms","meta":{"rootId":"oubhdqxtbq88vh7","id":"oubhdqxtbq88vh7"},"id":"k85252g6m0b2c48","previousOperationId":"9rcpqymmybgj8qt"}
{"type":"operationEnd","subtype":"render","operationId":"vqz3sdnplbmx2je","timestamp":1766061014476,"id":"jwa4kqvczkhpdw4","previousEventId":"jj7jwtr1ntic2ri","previousOperationId":"9rcpqymmybgj8qt"}
{"type":"operationEnd","doDiffs":false,"previousEventId":"abizmp95v9i5pzr","previousOperationId":"dilgupxb4rj4xla","operationId":"dilgupxb4rj4xla","timestamp":1766061014481,"id":"hqv23vgq0i3d3vk"}
