{"type":"operationStart","subtype":"profile","data":{"_id":"ITk1gWgebgp5apl4","timestamp":"2025-12-31T21:41:18.860Z","state":"running","mode":"standard","creationDate":"2025-12-31T21:41:18.873Z","modificationDate":"2025-12-31T21:41:18.873Z","shortid":"6xqCLx-","$entitySet":"profiles","timeout":60000},"doDiffs":false,"timestamp":1767217278869,"id":"u5woyomkmavey01","previousOperationId":null,"operationId":"mvebac47va81608"}
{"type":"log","level":"info","message":"Render request 1 queued for execution and waiting for available worker","previousOperationId":"mvebac47va81608","timestamp":1767217278870,"id":"vmaw9wtxti7mveh"}
{"type":"operationStart","subtype":"render","name":"anonymous","previousOperationId":"mvebac47va81608","timestamp":1767217278995,"id":"4po9dw34p2cs58m","previousEventId":"u5woyomkmavey01","operationId":"2b8fvjecxf3vmpp"}
{"type":"log","timestamp":1767217278997,"level":"info","message":"Starting rendering request 1","meta":{"rootId":"p249dseed6gy3rs","id":"p249dseed6gy3rs"},"id":"bbj18ld2je7eh5w","previousOperationId":"2b8fvjecxf3vmpp"}
{"type":"log","timestamp":1767217279000,"level":"info","message":"Rendering anonymous template { recipe: pptx, engine: handlebars }","meta":{"rootId":"p249dseed6gy3rs","id":"p249dseed6gy3rs"},"id":"sm4xgntel580z9d","previousOperationId":"2b8fvjecxf3vmpp"}
{"type":"log","timestamp":1767217279001,"level":"debug","message":"Inline data specified.","meta":{"rootId":"p249dseed6gy3rs","id":"p249dseed6gy3rs"},"id":"dltn07wm8n3k6zs","previousOperationId":"2b8fvjecxf3vmpp"}
{"type":"log","timestamp":1767217279021,"level":"debug","message":"Base url not specified, skipping its injection.","meta":{"rootId":"p249dseed6gy3rs","id":"p249dseed6gy3rs"},"id":"e39e0cipu8aw2sc","previousOperationId":"2b8fvjecxf3vmpp"}
{"type":"operationStart","subtype":"engine","name":"handlebars","timestamp":1767217279026,"id":"fidyqj7a7i4781o","previousEventId":"4po9dw34p2cs58m","operationId":"2ul9yamklgrgsi0","previousOperationId":"2b8fvjecxf3vmpp"}
{"type":"log","timestamp":1767217279026,"level":"debug","message":"Rendering engine handlebars","meta":{"rootId":"p249dseed6gy3rs","id":"p249dseed6gy3rs"},"id":"h5iuxqcga1t74xi","previousOperationId":"2ul9yamklgrgsi0"}
{"type":"operationEnd","operationId":"2ul9yamklgrgsi0","timestamp":1767217280348,"id":"5m09iq54fm9ixhq","previousEventId":"fidyqj7a7i4781o","previousOperationId":"2ul9yamklgrgsi0"}
{"type":"operationStart","subtype":"recipe","name":"pptx","timestamp":1767217280350,"id":"vp1dbe41xq6uoym","previousEventId":"5m09iq54fm9ixhq","operationId":"s4ssvvs8ece2xbk","previousOperationId":"2ul9yamklgrgsi0"}
{"type":"log","timestamp":1767217280350,"level":"debug","message":"Executing recipe pptx","meta":{"rootId":"p249dseed6gy3rs","id":"p249dseed6gy3rs"},"id":"08mt5w4i89kosjo","previousOperationId":"s4ssvvs8ece2xbk"}
{"type":"log","timestamp":1767217280638,"level":"info","message":"pptx generation is starting","meta":{"rootId":"p249dseed6gy3rs","id":"p249dseed6gy3rs"},"id":"ldv0w0tp0fhck9o","previousOperationId":"s4ssvvs8ece2xbk"}
{"type":"log","timestamp":1767217282812,"level":"debug","message":"Starting child request to render pptx dynamic parts","meta":{"rootId":"p249dseed6gy3rs","id":"p249dseed6gy3rs"},"id":"xg8xpmcjgw72gqn","previousOperationId":"s4ssvvs8ece2xbk"}
{"type":"operationStart","subtype":"render","name":"anonymous","previousOperationId":"s4ssvvs8ece2xbk","timestamp":1767217282814,"id":"ivj7pcpmx7k6i2v","previousEventId":"vp1dbe41xq6uoym","operationId":"d0fys1gqh29hzwa"}
{"type":"log","timestamp":1767217282814,"level":"info","message":"Starting rendering (child) request","meta":{"rootId":"p249dseed6gy3rs","id":"l9elzl9lke1f7gq"},"id":"gg4f65odqjgz220","previousOperationId":"d0fys1gqh29hzwa"}
{"type":"log","timestamp":1767217282814,"level":"info","message":"Rendering anonymous template { recipe: html, engine: handlebars }","meta":{"rootId":"p249dseed6gy3rs","id":"l9elzl9lke1f7gq"},"id":"fg05q9tnytba7d9","previousOperationId":"d0fys1gqh29hzwa"}
{"type":"log","timestamp":1767217282814,"level":"debug","message":"Inline data specified.","meta":{"rootId":"p249dseed6gy3rs","id":"l9elzl9lke1f7gq"},"id":"pwrwa0n1w90yxnt","previousOperationId":"d0fys1gqh29hzwa"}
{"type":"log","timestamp":1767217282821,"level":"debug","message":"Base url not specified, skipping its injection.","meta":{"rootId":"p249dseed6gy3rs","id":"l9elzl9lke1f7gq"},"id":"r7l5y6q8mn8g21p","previousOperationId":"d0fys1gqh29hzwa"}
{"type":"operationStart","subtype":"engine","name":"handlebars","timestamp":1767217282823,"id":"fjfyit26pizhghv","previousEventId":"ivj7pcpmx7k6i2v","operationId":"uxlcjsphcbtb0dl","previousOperationId":"d0fys1gqh29hzwa"}
{"type":"log","timestamp":1767217282823,"level":"debug","message":"Rendering engine handlebars","meta":{"rootId":"p249dseed6gy3rs","id":"l9elzl9lke1f7gq"},"id":"atjx654g46ay9kz","previousOperationId":"uxlcjsphcbtb0dl"}
{"type":"log","timestamp":1767217283119,"level":"debug","message":"(console:log) {\n  type: 'echarts@v5a',\n  width: 848,\n  height: 409,\n  option: { radar: [ [Object] ], series: [ [Object] ] }\n}","meta":{"userLevel":true,"rootId":"p249dseed6gy3rs","id":"l9elzl9lke1f7gq"},"id":"naf32tk3mzo4wd2","previousOperationId":"uxlcjsphcbtb0dl"}
{"type":"operationEnd","operationId":"uxlcjsphcbtb0dl","timestamp":1767217283137,"id":"x33bv3abmvh1o6w","previousEventId":"fjfyit26pizhghv","previousOperationId":"uxlcjsphcbtb0dl"}
{"type":"operationStart","subtype":"recipe","name":"html","timestamp":1767217283165,"id":"1n7qi5j6wr9yf8v","previousEventId":"x33bv3abmvh1o6w","operationId":"xj0hdj6pfvtmg61","previousOperationId":"uxlcjsphcbtb0dl"}
{"type":"log","timestamp":1767217283165,"level":"debug","message":"Executing recipe html","meta":{"rootId":"p249dseed6gy3rs","id":"l9elzl9lke1f7gq"},"id":"b8g77929vkvqx5u","previousOperationId":"xj0hdj6pfvtmg61"}
{"type":"operationEnd","operationId":"xj0hdj6pfvtmg61","timestamp":1767217283166,"id":"uoi63d2gyl3les0","previousEventId":"1n7qi5j6wr9yf8v","previousOperationId":"xj0hdj6pfvtmg61"}
{"type":"log","timestamp":1767217283167,"level":"debug","message":"Skipping storing report.","meta":{"rootId":"p249dseed6gy3rs","id":"l9elzl9lke1f7gq"},"id":"lngbcxdt9icp2k3","previousOperationId":"xj0hdj6pfvtmg61"}
{"type":"log","timestamp":1767217283167,"level":"info","message":"Rendering (child) request finished in 4312 ms","meta":{"rootId":"p249dseed6gy3rs","id":"l9elzl9lke1f7gq"},"id":"dj8senz2paa6xq4","previousOperationId":"xj0hdj6pfvtmg61"}
{"type":"operationEnd","subtype":"render","operationId":"d0fys1gqh29hzwa","timestamp":1767217283167,"id":"4cwos16i3ozpxyu","previousEventId":"uoi63d2gyl3les0","previousOperationId":"xj0hdj6pfvtmg61"}
{"type":"log","timestamp":1767217291791,"level":"debug","message":"pptx successfully zipped","meta":{"rootId":"p249dseed6gy3rs","id":"p249dseed6gy3rs"},"id":"1l76j4gmmlvk00t","previousOperationId":"s4ssvvs8ece2xbk"}
{"type":"log","timestamp":1767217291791,"level":"info","message":"pptx generation was finished","meta":{"rootId":"p249dseed6gy3rs","id":"p249dseed6gy3rs"},"id":"yvednb3e9tfh2j0","previousOperationId":"s4ssvvs8ece2xbk"}
{"type":"operationEnd","operationId":"s4ssvvs8ece2xbk","timestamp":1767217291807,"id":"nt8z2ue3ane63b2","previousEventId":"vp1dbe41xq6uoym","previousOperationId":"s4ssvvs8ece2xbk"}
{"type":"log","timestamp":1767217291808,"level":"debug","message":"Skipping storing report.","meta":{"rootId":"p249dseed6gy3rs","id":"p249dseed6gy3rs"},"id":"upvcmp99ztjdz69","previousOperationId":"s4ssvvs8ece2xbk"}
{"type":"log","timestamp":1767217291808,"level":"info","message":"Rendering request 1 finished in 12953 ms","meta":{"rootId":"p249dseed6gy3rs","id":"p249dseed6gy3rs"},"id":"4e4ndpav0215rsw","previousOperationId":"s4ssvvs8ece2xbk"}
{"type":"operationEnd","subtype":"render","operationId":"2b8fvjecxf3vmpp","timestamp":1767217291808,"id":"f2gtrpeuvv5s0xt","previousEventId":"nt8z2ue3ane63b2","previousOperationId":"s4ssvvs8ece2xbk"}
{"type":"operationEnd","doDiffs":false,"previousEventId":"u5woyomkmavey01","previousOperationId":"mvebac47va81608","operationId":"mvebac47va81608","timestamp":1767217291819,"id":"0s95fa4gcptcj71"}
