{"type":"operationStart","subtype":"profile","data":{"_id":"SPMyBQmrjvPe6i3F","timestamp":"2025-12-26T12:34:36.358Z","state":"running","mode":"standard","creationDate":"2025-12-26T12:34:36.365Z","modificationDate":"2025-12-26T12:34:36.365Z","shortid":"6hkkA3S","$entitySet":"profiles","timeout":60000},"doDiffs":false,"timestamp":1766752476362,"id":"y46e8sq51q7n4fw","previousOperationId":null,"operationId":"fv5q65oa2d19223"}
{"type":"log","level":"info","message":"Render request 1 queued for execution and waiting for available worker","previousOperationId":"fv5q65oa2d19223","timestamp":1766752476362,"id":"88jeipma7cx1l92"}
{"type":"operationStart","subtype":"render","name":"anonymous","previousOperationId":"fv5q65oa2d19223","timestamp":1766752476456,"id":"klg9cccg835hwmq","previousEventId":"y46e8sq51q7n4fw","operationId":"icb5via4q1knh72"}
{"type":"log","timestamp":1766752476458,"level":"info","message":"Starting rendering request 1","meta":{"rootId":"p2wbooe41na66fd","id":"p2wbooe41na66fd"},"id":"vkmqdjbd8bl5s3b","previousOperationId":"icb5via4q1knh72"}
{"type":"log","timestamp":1766752476461,"level":"info","message":"Rendering anonymous template { recipe: pptx, engine: handlebars }","meta":{"rootId":"p2wbooe41na66fd","id":"p2wbooe41na66fd"},"id":"mwffz1b48tr6uwg","previousOperationId":"icb5via4q1knh72"}
{"type":"log","timestamp":1766752476461,"level":"debug","message":"Inline data specified.","meta":{"rootId":"p2wbooe41na66fd","id":"p2wbooe41na66fd"},"id":"mi1h0lsx6wgh6tx","previousOperationId":"icb5via4q1knh72"}
{"type":"log","timestamp":1766752476468,"level":"debug","message":"Base url not specified, skipping its injection.","meta":{"rootId":"p2wbooe41na66fd","id":"p2wbooe41na66fd"},"id":"ntgvf3ydhjushzk","previousOperationId":"icb5via4q1knh72"}
{"type":"operationStart","subtype":"engine","name":"handlebars","timestamp":1766752476471,"id":"uos3qmkftp613dh","previousEventId":"klg9cccg835hwmq","operationId":"ty69wonll0c1xgx","previousOperationId":"icb5via4q1knh72"}
{"type":"log","timestamp":1766752476471,"level":"debug","message":"Rendering engine handlebars","meta":{"rootId":"p2wbooe41na66fd","id":"p2wbooe41na66fd"},"id":"q0gquh4o47hqcng","previousOperationId":"ty69wonll0c1xgx"}
{"type":"operationEnd","operationId":"ty69wonll0c1xgx","timestamp":1766752477737,"id":"winleuxsr2wu72v","previousEventId":"uos3qmkftp613dh","previousOperationId":"ty69wonll0c1xgx"}
{"type":"operationStart","subtype":"recipe","name":"pptx","timestamp":1766752477738,"id":"oy35rlpo7vk2w0g","previousEventId":"winleuxsr2wu72v","operationId":"hhkenb8av68qin7","previousOperationId":"ty69wonll0c1xgx"}
{"type":"log","timestamp":1766752477738,"level":"debug","message":"Executing recipe pptx","meta":{"rootId":"p2wbooe41na66fd","id":"p2wbooe41na66fd"},"id":"r1rx2oq21hmn9sw","previousOperationId":"hhkenb8av68qin7"}
{"type":"log","timestamp":1766752477989,"level":"info","message":"pptx generation is starting","meta":{"rootId":"p2wbooe41na66fd","id":"p2wbooe41na66fd"},"id":"2w0l8ryra8dsxus","previousOperationId":"hhkenb8av68qin7"}
{"type":"log","timestamp":1766752479830,"level":"debug","message":"Starting child request to render pptx dynamic parts","meta":{"rootId":"p2wbooe41na66fd","id":"p2wbooe41na66fd"},"id":"x3r0k35u33gmz60","previousOperationId":"hhkenb8av68qin7"}
{"type":"operationStart","subtype":"render","name":"anonymous","previousOperationId":"hhkenb8av68qin7","timestamp":1766752479831,"id":"s3p2saq64e2xtqs","previousEventId":"oy35rlpo7vk2w0g","operationId":"ocwk0f1p2zfhv2d"}
{"type":"log","timestamp":1766752479831,"level":"info","message":"Starting rendering (child) request","meta":{"rootId":"p2wbooe41na66fd","id":"klybq5en60b0ijf"},"id":"bqyyqt4h742bnqf","previousOperationId":"ocwk0f1p2zfhv2d"}
{"type":"log","timestamp":1766752479832,"level":"info","message":"Rendering anonymous template { recipe: html, engine: handlebars }","meta":{"rootId":"p2wbooe41na66fd","id":"klybq5en60b0ijf"},"id":"8hdi681nv4t9q8r","previousOperationId":"ocwk0f1p2zfhv2d"}
{"type":"log","timestamp":1766752479832,"level":"debug","message":"Inline data specified.","meta":{"rootId":"p2wbooe41na66fd","id":"klybq5en60b0ijf"},"id":"k3vekbnapy3ra0p","previousOperationId":"ocwk0f1p2zfhv2d"}
{"type":"log","timestamp":1766752479840,"level":"debug","message":"Base url not specified, skipping its injection.","meta":{"rootId":"p2wbooe41na66fd","id":"klybq5en60b0ijf"},"id":"nzucoar44yo90ao","previousOperationId":"ocwk0f1p2zfhv2d"}
{"type":"operationStart","subtype":"engine","name":"handlebars","timestamp":1766752479842,"id":"kf3pn667yzlbner","previousEventId":"s3p2saq64e2xtqs","operationId":"g2wjtuh1pcn2hvy","previousOperationId":"ocwk0f1p2zfhv2d"}
{"type":"log","timestamp":1766752479842,"level":"debug","message":"Rendering engine handlebars","meta":{"rootId":"p2wbooe41na66fd","id":"klybq5en60b0ijf"},"id":"orjbuplophmdw0y","previousOperationId":"g2wjtuh1pcn2hvy"}
{"type":"operationEnd","operationId":"g2wjtuh1pcn2hvy","timestamp":1766752480028,"id":"n00erdbfz1y191q","previousEventId":"kf3pn667yzlbner","previousOperationId":"g2wjtuh1pcn2hvy"}
{"type":"operationStart","subtype":"recipe","name":"html","timestamp":1766752480043,"id":"e0pwqud1cy68mbc","previousEventId":"n00erdbfz1y191q","operationId":"pb3qwjm4i7f84z8","previousOperationId":"g2wjtuh1pcn2hvy"}
{"type":"log","timestamp":1766752480043,"level":"debug","message":"Executing recipe html","meta":{"rootId":"p2wbooe41na66fd","id":"klybq5en60b0ijf"},"id":"w9jnyfmw7ec2xt3","previousOperationId":"pb3qwjm4i7f84z8"}
{"type":"operationEnd","operationId":"pb3qwjm4i7f84z8","timestamp":1766752480044,"id":"it7cv49x7qdn9tg","previousEventId":"e0pwqud1cy68mbc","previousOperationId":"pb3qwjm4i7f84z8"}
{"type":"log","timestamp":1766752480045,"level":"debug","message":"Skipping storing report.","meta":{"rootId":"p2wbooe41na66fd","id":"klybq5en60b0ijf"},"id":"ak5k53gzugw6xha","previousOperationId":"pb3qwjm4i7f84z8"}
{"type":"log","timestamp":1766752480045,"level":"info","message":"Rendering (child) request finished in 3689 ms","meta":{"rootId":"p2wbooe41na66fd","id":"klybq5en60b0ijf"},"id":"t5555svg3l7gv9q","previousOperationId":"pb3qwjm4i7f84z8"}
{"type":"operationEnd","subtype":"render","operationId":"ocwk0f1p2zfhv2d","timestamp":1766752480045,"id":"inbp6t8yuyjfxnz","previousEventId":"it7cv49x7qdn9tg","previousOperationId":"pb3qwjm4i7f84z8"}
{"type":"log","timestamp":1766752485655,"level":"debug","message":"pptx successfully zipped","meta":{"rootId":"p2wbooe41na66fd","id":"p2wbooe41na66fd"},"id":"gz0h722j7kqkxzo","previousOperationId":"hhkenb8av68qin7"}
{"type":"log","timestamp":1766752485655,"level":"info","message":"pptx generation was finished","meta":{"rootId":"p2wbooe41na66fd","id":"p2wbooe41na66fd"},"id":"x22xqkyrg6fafyf","previousOperationId":"hhkenb8av68qin7"}
{"type":"operationEnd","operationId":"hhkenb8av68qin7","timestamp":1766752485670,"id":"7nurldvvbthwq0g","previousEventId":"oy35rlpo7vk2w0g","previousOperationId":"hhkenb8av68qin7"}
{"type":"log","timestamp":1766752485670,"level":"debug","message":"Skipping storing report.","meta":{"rootId":"p2wbooe41na66fd","id":"p2wbooe41na66fd"},"id":"bvsggdjm9127xoo","previousOperationId":"hhkenb8av68qin7"}
{"type":"log","timestamp":1766752485670,"level":"info","message":"Rendering request 1 finished in 9314 ms","meta":{"rootId":"p2wbooe41na66fd","id":"p2wbooe41na66fd"},"id":"0rfutabmxfen394","previousOperationId":"hhkenb8av68qin7"}
{"type":"operationEnd","subtype":"render","operationId":"icb5via4q1knh72","timestamp":1766752485670,"id":"95gjcne93miwa0l","previousEventId":"7nurldvvbthwq0g","previousOperationId":"hhkenb8av68qin7"}
{"type":"operationEnd","doDiffs":false,"previousEventId":"y46e8sq51q7n4fw","previousOperationId":"fv5q65oa2d19223","operationId":"fv5q65oa2d19223","timestamp":1766752485678,"id":"wjfmj56wif7mjm2"}
