{"type":"operationStart","subtype":"profile","data":{"_id":"3lZHgMllgqXWvDUR","timestamp":"2025-12-07T15:57:53.246Z","state":"running","mode":"standard","creationDate":"2025-12-07T15:57:53.248Z","modificationDate":"2025-12-07T15:57:53.248Z","shortid":"h4TvFsC","$entitySet":"profiles","timeout":60000},"doDiffs":false,"timestamp":1765123073247,"id":"0kp434ldrax548n","previousOperationId":null,"operationId":"g5p2xz581gfbj8n"}
{"type":"log","level":"info","message":"Render request 12 queued for execution and waiting for available worker","previousOperationId":"g5p2xz581gfbj8n","timestamp":1765123073247,"id":"rtn9o19o4s0iibj"}
{"type":"operationStart","subtype":"render","name":"anonymous","previousOperationId":"g5p2xz581gfbj8n","timestamp":1765123073293,"id":"ltbn52l0wvrmxtx","previousEventId":"0kp434ldrax548n","operationId":"rvi778g7uzrr30d"}
{"type":"log","timestamp":1765123073293,"level":"info","message":"Starting rendering request 12","meta":{"rootId":"p33x1le2ayf5m7d","id":"p33x1le2ayf5m7d"},"id":"bujwzri4vbbe5v4","previousOperationId":"rvi778g7uzrr30d"}
{"type":"log","timestamp":1765123073293,"level":"info","message":"Rendering anonymous template { recipe: pptx, engine: handlebars }","meta":{"rootId":"p33x1le2ayf5m7d","id":"p33x1le2ayf5m7d"},"id":"segc3r75mr3kawd","previousOperationId":"rvi778g7uzrr30d"}
{"type":"log","timestamp":1765123073293,"level":"debug","message":"Inline data specified.","meta":{"rootId":"p33x1le2ayf5m7d","id":"p33x1le2ayf5m7d"},"id":"4o5ya0ptu3y6uzk","previousOperationId":"rvi778g7uzrr30d"}
{"type":"log","timestamp":1765123073295,"level":"debug","message":"Base url not specified, skipping its injection.","meta":{"rootId":"p33x1le2ayf5m7d","id":"p33x1le2ayf5m7d"},"id":"ukrdghgearxejoa","previousOperationId":"rvi778g7uzrr30d"}
{"type":"operationStart","subtype":"engine","name":"handlebars","timestamp":1765123073295,"id":"uexc73dmlh27gfe","previousEventId":"ltbn52l0wvrmxtx","operationId":"b28am2zesu96fxc","previousOperationId":"rvi778g7uzrr30d"}
{"type":"log","timestamp":1765123073295,"level":"debug","message":"Rendering engine handlebars","meta":{"rootId":"p33x1le2ayf5m7d","id":"p33x1le2ayf5m7d"},"id":"af1ecqxz01kl12o","previousOperationId":"b28am2zesu96fxc"}
{"type":"operationEnd","operationId":"b28am2zesu96fxc","timestamp":1765123073311,"id":"5dduyhi2ndblpfv","previousEventId":"uexc73dmlh27gfe","previousOperationId":"b28am2zesu96fxc"}
{"type":"operationStart","subtype":"recipe","name":"pptx","timestamp":1765123073311,"id":"n60crw79fy1fz2e","previousEventId":"5dduyhi2ndblpfv","operationId":"5pi2kxy54vg9kjx","previousOperationId":"b28am2zesu96fxc"}
{"type":"log","timestamp":1765123073311,"level":"debug","message":"Executing recipe pptx","meta":{"rootId":"p33x1le2ayf5m7d","id":"p33x1le2ayf5m7d"},"id":"go5f3twu0rq1y70","previousOperationId":"5pi2kxy54vg9kjx"}
{"type":"log","timestamp":1765123073335,"level":"info","message":"pptx generation is starting","meta":{"rootId":"p33x1le2ayf5m7d","id":"p33x1le2ayf5m7d"},"id":"s67jd7nqom3smrs","previousOperationId":"5pi2kxy54vg9kjx"}
{"type":"log","timestamp":1765123074402,"level":"debug","message":"Starting child request to render pptx dynamic parts","meta":{"rootId":"p33x1le2ayf5m7d","id":"p33x1le2ayf5m7d"},"id":"ns55f3d4s7p95uh","previousOperationId":"5pi2kxy54vg9kjx"}
{"type":"operationStart","subtype":"render","name":"anonymous","previousOperationId":"5pi2kxy54vg9kjx","timestamp":1765123074403,"id":"xl6rgwyzb2jod7p","previousEventId":"n60crw79fy1fz2e","operationId":"vlp5dd5608icihn"}
{"type":"log","timestamp":1765123074403,"level":"info","message":"Starting rendering (child) request","meta":{"rootId":"p33x1le2ayf5m7d","id":"iynvr6ucv2a153k"},"id":"0pd0wac0kgfstt2","previousOperationId":"vlp5dd5608icihn"}
{"type":"log","timestamp":1765123074403,"level":"info","message":"Rendering anonymous template { recipe: html, engine: handlebars }","meta":{"rootId":"p33x1le2ayf5m7d","id":"iynvr6ucv2a153k"},"id":"jy6dt07w392o7eb","previousOperationId":"vlp5dd5608icihn"}
{"type":"log","timestamp":1765123074403,"level":"debug","message":"Inline data specified.","meta":{"rootId":"p33x1le2ayf5m7d","id":"iynvr6ucv2a153k"},"id":"5xq2p8au6rqzjtk","previousOperationId":"vlp5dd5608icihn"}
{"type":"log","timestamp":1765123074408,"level":"debug","message":"Base url not specified, skipping its injection.","meta":{"rootId":"p33x1le2ayf5m7d","id":"iynvr6ucv2a153k"},"id":"ncc3wq1auhv25vx","previousOperationId":"vlp5dd5608icihn"}
{"type":"operationStart","subtype":"engine","name":"handlebars","timestamp":1765123074411,"id":"s1pq6d5xfbg7udp","previousEventId":"xl6rgwyzb2jod7p","operationId":"53bt58ea8j9udck","previousOperationId":"vlp5dd5608icihn"}
{"type":"log","timestamp":1765123074411,"level":"debug","message":"Rendering engine handlebars","meta":{"rootId":"p33x1le2ayf5m7d","id":"iynvr6ucv2a153k"},"id":"rv8vqadn2pfiti4","previousOperationId":"53bt58ea8j9udck"}
{"type":"operationEnd","operationId":"53bt58ea8j9udck","timestamp":1765123074503,"id":"y04fk88rvtl27cj","previousEventId":"s1pq6d5xfbg7udp","previousOperationId":"53bt58ea8j9udck"}
{"type":"operationStart","subtype":"recipe","name":"html","timestamp":1765123074513,"id":"bnly1uu6px7eqjt","previousEventId":"y04fk88rvtl27cj","operationId":"8i16jgedvmfihwk","previousOperationId":"53bt58ea8j9udck"}
{"type":"log","timestamp":1765123074513,"level":"debug","message":"Executing recipe html","meta":{"rootId":"p33x1le2ayf5m7d","id":"iynvr6ucv2a153k"},"id":"39m3263uj0diw64","previousOperationId":"8i16jgedvmfihwk"}
{"type":"operationEnd","operationId":"8i16jgedvmfihwk","timestamp":1765123074513,"id":"aterns5iv0jvxye","previousEventId":"bnly1uu6px7eqjt","previousOperationId":"8i16jgedvmfihwk"}
{"type":"log","timestamp":1765123074513,"level":"debug","message":"Skipping storing report.","meta":{"rootId":"p33x1le2ayf5m7d","id":"iynvr6ucv2a153k"},"id":"qzrx6dvg2wjhgy8","previousOperationId":"8i16jgedvmfihwk"}
{"type":"log","timestamp":1765123074513,"level":"info","message":"Rendering (child) request finished in 1268 ms","meta":{"rootId":"p33x1le2ayf5m7d","id":"iynvr6ucv2a153k"},"id":"2kncq3b5dgrj1z1","previousOperationId":"8i16jgedvmfihwk"}
{"type":"operationEnd","subtype":"render","operationId":"vlp5dd5608icihn","timestamp":1765123074513,"id":"7xur6brdysbn342","previousEventId":"aterns5iv0jvxye","previousOperationId":"8i16jgedvmfihwk"}
{"type":"log","timestamp":1765123077383,"level":"debug","message":"pptx successfully zipped","meta":{"rootId":"p33x1le2ayf5m7d","id":"p33x1le2ayf5m7d"},"id":"bmo7v2xgn2z345o","previousOperationId":"5pi2kxy54vg9kjx"}
{"type":"log","timestamp":1765123077383,"level":"info","message":"pptx generation was finished","meta":{"rootId":"p33x1le2ayf5m7d","id":"p33x1le2ayf5m7d"},"id":"jop2ngdfmiqirey","previousOperationId":"5pi2kxy54vg9kjx"}
{"type":"operationEnd","operationId":"5pi2kxy54vg9kjx","timestamp":1765123077392,"id":"sme0c60496du5z2","previousEventId":"n60crw79fy1fz2e","previousOperationId":"5pi2kxy54vg9kjx"}
{"type":"log","timestamp":1765123077392,"level":"debug","message":"Skipping storing report.","meta":{"rootId":"p33x1le2ayf5m7d","id":"p33x1le2ayf5m7d"},"id":"t0wsywzdbbi7jhl","previousOperationId":"5pi2kxy54vg9kjx"}
{"type":"log","timestamp":1765123077392,"level":"info","message":"Rendering request 12 finished in 4147 ms","meta":{"rootId":"p33x1le2ayf5m7d","id":"p33x1le2ayf5m7d"},"id":"ab6q0htb3749f6r","previousOperationId":"5pi2kxy54vg9kjx"}
{"type":"operationEnd","subtype":"render","operationId":"rvi778g7uzrr30d","timestamp":1765123077392,"id":"4dq6qrkezydot2d","previousEventId":"sme0c60496du5z2","previousOperationId":"5pi2kxy54vg9kjx"}
{"type":"operationEnd","doDiffs":false,"previousEventId":"0kp434ldrax548n","previousOperationId":"g5p2xz581gfbj8n","operationId":"g5p2xz581gfbj8n","timestamp":1765123077396,"id":"kwfw8nj926br1lq"}
