{"type":"operationStart","subtype":"profile","data":{"_id":"2Y4Cqk1vbkutmYCx","timestamp":"2025-12-26T21:12:28.075Z","state":"running","mode":"standard","creationDate":"2025-12-26T21:12:28.080Z","modificationDate":"2025-12-26T21:12:28.080Z","shortid":"C10N1ax","$entitySet":"profiles","timeout":60000},"doDiffs":false,"timestamp":1766783548078,"id":"z00ucf4ipgfnd5p","previousOperationId":null,"operationId":"mwaklaqbgid5dd6"}
{"type":"log","level":"info","message":"Render request 5 queued for execution and waiting for available worker","previousOperationId":"mwaklaqbgid5dd6","timestamp":1766783548079,"id":"jl68dmc0fc2ittn"}
{"type":"operationStart","subtype":"render","name":"anonymous","previousOperationId":"mwaklaqbgid5dd6","timestamp":1766783548143,"id":"0gjafd818kcpivd","previousEventId":"z00ucf4ipgfnd5p","operationId":"k75kb4ry85ndmqe"}
{"type":"log","timestamp":1766783548144,"level":"info","message":"Starting rendering request 5","meta":{"rootId":"p3sc7fdfkeeb4x8","id":"p3sc7fdfkeeb4x8"},"id":"r5bhlpp1jerq9xi","previousOperationId":"k75kb4ry85ndmqe"}
{"type":"log","timestamp":1766783548144,"level":"info","message":"Rendering anonymous template { recipe: pptx, engine: handlebars }","meta":{"rootId":"p3sc7fdfkeeb4x8","id":"p3sc7fdfkeeb4x8"},"id":"0be48tgfjog9y98","previousOperationId":"k75kb4ry85ndmqe"}
{"type":"log","timestamp":1766783548144,"level":"debug","message":"Inline data specified.","meta":{"rootId":"p3sc7fdfkeeb4x8","id":"p3sc7fdfkeeb4x8"},"id":"q6kx4db43uiy97c","previousOperationId":"k75kb4ry85ndmqe"}
{"type":"log","timestamp":1766783548153,"level":"debug","message":"Base url not specified, skipping its injection.","meta":{"rootId":"p3sc7fdfkeeb4x8","id":"p3sc7fdfkeeb4x8"},"id":"83h6dzc5ce75flx","previousOperationId":"k75kb4ry85ndmqe"}
{"type":"operationStart","subtype":"engine","name":"handlebars","timestamp":1766783548156,"id":"ama97fdxt3483op","previousEventId":"0gjafd818kcpivd","operationId":"a5e9nccmjm7bzu3","previousOperationId":"k75kb4ry85ndmqe"}
{"type":"log","timestamp":1766783548156,"level":"debug","message":"Rendering engine handlebars","meta":{"rootId":"p3sc7fdfkeeb4x8","id":"p3sc7fdfkeeb4x8"},"id":"9vw4h3iq9g2qf1l","previousOperationId":"a5e9nccmjm7bzu3"}
{"type":"operationEnd","operationId":"a5e9nccmjm7bzu3","timestamp":1766783548187,"id":"ujqcgnp217v1sl0","previousEventId":"ama97fdxt3483op","previousOperationId":"a5e9nccmjm7bzu3"}
{"type":"operationStart","subtype":"recipe","name":"pptx","timestamp":1766783548188,"id":"loq0iwk6bvtoe5i","previousEventId":"ujqcgnp217v1sl0","operationId":"c11xhpk9sin7lxa","previousOperationId":"a5e9nccmjm7bzu3"}
{"type":"log","timestamp":1766783548188,"level":"debug","message":"Executing recipe pptx","meta":{"rootId":"p3sc7fdfkeeb4x8","id":"p3sc7fdfkeeb4x8"},"id":"6cfqs2yfh3p1hrn","previousOperationId":"c11xhpk9sin7lxa"}
{"type":"log","timestamp":1766783548211,"level":"info","message":"pptx generation is starting","meta":{"rootId":"p3sc7fdfkeeb4x8","id":"p3sc7fdfkeeb4x8"},"id":"ip6excn4km6w6sg","previousOperationId":"c11xhpk9sin7lxa"}
{"type":"log","timestamp":1766783549856,"level":"debug","message":"Starting child request to render pptx dynamic parts","meta":{"rootId":"p3sc7fdfkeeb4x8","id":"p3sc7fdfkeeb4x8"},"id":"0ba2sjir9prot7h","previousOperationId":"c11xhpk9sin7lxa"}
{"type":"operationStart","subtype":"render","name":"anonymous","previousOperationId":"c11xhpk9sin7lxa","timestamp":1766783549857,"id":"vx7fn44df38ql7q","previousEventId":"loq0iwk6bvtoe5i","operationId":"60nb2quvimi1der"}
{"type":"log","timestamp":1766783549857,"level":"info","message":"Starting rendering (child) request","meta":{"rootId":"p3sc7fdfkeeb4x8","id":"h1q7p67okp84wso"},"id":"c3z8y4ujgx1ckaj","previousOperationId":"60nb2quvimi1der"}
{"type":"log","timestamp":1766783549857,"level":"info","message":"Rendering anonymous template { recipe: html, engine: handlebars }","meta":{"rootId":"p3sc7fdfkeeb4x8","id":"h1q7p67okp84wso"},"id":"bd12evcc25o6er4","previousOperationId":"60nb2quvimi1der"}
{"type":"log","timestamp":1766783549857,"level":"debug","message":"Inline data specified.","meta":{"rootId":"p3sc7fdfkeeb4x8","id":"h1q7p67okp84wso"},"id":"35owa98fwsmauxd","previousOperationId":"60nb2quvimi1der"}
{"type":"log","timestamp":1766783549863,"level":"debug","message":"Base url not specified, skipping its injection.","meta":{"rootId":"p3sc7fdfkeeb4x8","id":"h1q7p67okp84wso"},"id":"osra4snjvrkff6p","previousOperationId":"60nb2quvimi1der"}
{"type":"operationStart","subtype":"engine","name":"handlebars","timestamp":1766783549865,"id":"9nd6i266hat0iqd","previousEventId":"vx7fn44df38ql7q","operationId":"2yid7l15muw6olp","previousOperationId":"60nb2quvimi1der"}
{"type":"log","timestamp":1766783549865,"level":"debug","message":"Rendering engine handlebars","meta":{"rootId":"p3sc7fdfkeeb4x8","id":"h1q7p67okp84wso"},"id":"82m57ij3p0zsy6h","previousOperationId":"2yid7l15muw6olp"}
{"type":"operationEnd","operationId":"2yid7l15muw6olp","timestamp":1766783550026,"id":"p1xj11dgl5x4od8","previousEventId":"9nd6i266hat0iqd","previousOperationId":"2yid7l15muw6olp"}
{"type":"operationStart","subtype":"recipe","name":"html","timestamp":1766783550040,"id":"m972rnohtwn8agq","previousEventId":"p1xj11dgl5x4od8","operationId":"8k2ww9w1wy7clnk","previousOperationId":"2yid7l15muw6olp"}
{"type":"log","timestamp":1766783550040,"level":"debug","message":"Executing recipe html","meta":{"rootId":"p3sc7fdfkeeb4x8","id":"h1q7p67okp84wso"},"id":"yv0dse3rzbiclpl","previousOperationId":"8k2ww9w1wy7clnk"}
{"type":"operationEnd","operationId":"8k2ww9w1wy7clnk","timestamp":1766783550040,"id":"jk9k9rqeoaivl44","previousEventId":"m972rnohtwn8agq","previousOperationId":"8k2ww9w1wy7clnk"}
{"type":"log","timestamp":1766783550040,"level":"debug","message":"Skipping storing report.","meta":{"rootId":"p3sc7fdfkeeb4x8","id":"h1q7p67okp84wso"},"id":"9f2hz006ky5j5uq","previousOperationId":"8k2ww9w1wy7clnk"}
{"type":"log","timestamp":1766783550041,"level":"info","message":"Rendering (child) request finished in 1967 ms","meta":{"rootId":"p3sc7fdfkeeb4x8","id":"h1q7p67okp84wso"},"id":"ou6khgc8iyi73hm","previousOperationId":"8k2ww9w1wy7clnk"}
{"type":"operationEnd","subtype":"render","operationId":"60nb2quvimi1der","timestamp":1766783550041,"id":"yeenp13bdff1f5p","previousEventId":"jk9k9rqeoaivl44","previousOperationId":"8k2ww9w1wy7clnk"}
{"type":"log","timestamp":1766783554726,"level":"debug","message":"pptx successfully zipped","meta":{"rootId":"p3sc7fdfkeeb4x8","id":"p3sc7fdfkeeb4x8"},"id":"mugwmsy8utg3s5n","previousOperationId":"c11xhpk9sin7lxa"}
{"type":"log","timestamp":1766783554726,"level":"info","message":"pptx generation was finished","meta":{"rootId":"p3sc7fdfkeeb4x8","id":"p3sc7fdfkeeb4x8"},"id":"uwses6n42zgl3w9","previousOperationId":"c11xhpk9sin7lxa"}
{"type":"operationEnd","operationId":"c11xhpk9sin7lxa","timestamp":1766783554736,"id":"hhgnhktnvqh2q15","previousEventId":"loq0iwk6bvtoe5i","previousOperationId":"c11xhpk9sin7lxa"}
{"type":"log","timestamp":1766783554736,"level":"debug","message":"Skipping storing report.","meta":{"rootId":"p3sc7fdfkeeb4x8","id":"p3sc7fdfkeeb4x8"},"id":"w8ymf67xl8x8gh1","previousOperationId":"c11xhpk9sin7lxa"}
{"type":"log","timestamp":1766783554736,"level":"info","message":"Rendering request 5 finished in 6662 ms","meta":{"rootId":"p3sc7fdfkeeb4x8","id":"p3sc7fdfkeeb4x8"},"id":"m7wr36zw4zpcg9w","previousOperationId":"c11xhpk9sin7lxa"}
{"type":"operationEnd","subtype":"render","operationId":"k75kb4ry85ndmqe","timestamp":1766783554737,"id":"w1u9yiu96vy3r2t","previousEventId":"hhgnhktnvqh2q15","previousOperationId":"c11xhpk9sin7lxa"}
{"type":"operationEnd","doDiffs":false,"previousEventId":"z00ucf4ipgfnd5p","previousOperationId":"mwaklaqbgid5dd6","operationId":"mwaklaqbgid5dd6","timestamp":1766783554743,"id":"45tyy0k9qddg4au"}
