{"type":"operationStart","subtype":"profile","data":{"_id":"jSGUA1aKfMZX8bjp","timestamp":"2025-12-30T19:27:26.294Z","state":"running","mode":"standard","creationDate":"2025-12-30T19:27:26.298Z","modificationDate":"2025-12-30T19:27:26.298Z","shortid":"VefMMOh","$entitySet":"profiles","timeout":60000},"doDiffs":false,"timestamp":1767122846296,"id":"z79shdlfq5hfjfp","previousOperationId":null,"operationId":"c0id83ujlhqphm0"}
{"type":"log","level":"info","message":"Render request 10 queued for execution and waiting for available worker","previousOperationId":"c0id83ujlhqphm0","timestamp":1767122846296,"id":"vt09ixg0z1537q7"}
{"type":"operationStart","subtype":"render","name":"anonymous","previousOperationId":"c0id83ujlhqphm0","timestamp":1767122846339,"id":"xmyk2ld7kqo4yty","previousEventId":"z79shdlfq5hfjfp","operationId":"5bspt0zyvj5t7es"}
{"type":"log","timestamp":1767122846339,"level":"info","message":"Starting rendering request 10","meta":{"rootId":"pc8dkbglb9yb8za","id":"pc8dkbglb9yb8za"},"id":"lfggav8stp2ivf6","previousOperationId":"5bspt0zyvj5t7es"}
{"type":"log","timestamp":1767122846340,"level":"info","message":"Rendering anonymous template { recipe: pptx, engine: handlebars }","meta":{"rootId":"pc8dkbglb9yb8za","id":"pc8dkbglb9yb8za"},"id":"kwn3dbrb9hpx64x","previousOperationId":"5bspt0zyvj5t7es"}
{"type":"log","timestamp":1767122846340,"level":"debug","message":"Inline data specified.","meta":{"rootId":"pc8dkbglb9yb8za","id":"pc8dkbglb9yb8za"},"id":"jo6guq707c7pew6","previousOperationId":"5bspt0zyvj5t7es"}
{"type":"log","timestamp":1767122846342,"level":"debug","message":"Base url not specified, skipping its injection.","meta":{"rootId":"pc8dkbglb9yb8za","id":"pc8dkbglb9yb8za"},"id":"kljew6dc91lx2oa","previousOperationId":"5bspt0zyvj5t7es"}
{"type":"operationStart","subtype":"engine","name":"handlebars","timestamp":1767122846342,"id":"0krl1ciyi0ob9n2","previousEventId":"xmyk2ld7kqo4yty","operationId":"w21bqrux2885bl6","previousOperationId":"5bspt0zyvj5t7es"}
{"type":"log","timestamp":1767122846343,"level":"debug","message":"Rendering engine handlebars","meta":{"rootId":"pc8dkbglb9yb8za","id":"pc8dkbglb9yb8za"},"id":"baec6dyjgt0kkwc","previousOperationId":"w21bqrux2885bl6"}
{"type":"operationEnd","operationId":"w21bqrux2885bl6","timestamp":1767122846356,"id":"hf7i9trvtlt1is2","previousEventId":"0krl1ciyi0ob9n2","previousOperationId":"w21bqrux2885bl6"}
{"type":"operationStart","subtype":"recipe","name":"pptx","timestamp":1767122846359,"id":"dt9squl45sywnzl","previousEventId":"hf7i9trvtlt1is2","operationId":"tsxkjhrw43aw78z","previousOperationId":"w21bqrux2885bl6"}
{"type":"log","timestamp":1767122846359,"level":"debug","message":"Executing recipe pptx","meta":{"rootId":"pc8dkbglb9yb8za","id":"pc8dkbglb9yb8za"},"id":"xq07f4bwji1mbnk","previousOperationId":"tsxkjhrw43aw78z"}
{"type":"log","timestamp":1767122846378,"level":"info","message":"pptx generation is starting","meta":{"rootId":"pc8dkbglb9yb8za","id":"pc8dkbglb9yb8za"},"id":"mg51qingliqq36k","previousOperationId":"tsxkjhrw43aw78z"}
{"type":"log","timestamp":1767122847572,"level":"debug","message":"Starting child request to render pptx dynamic parts","meta":{"rootId":"pc8dkbglb9yb8za","id":"pc8dkbglb9yb8za"},"id":"fxoz5qncux2mbzr","previousOperationId":"tsxkjhrw43aw78z"}
{"type":"operationStart","subtype":"render","name":"anonymous","previousOperationId":"tsxkjhrw43aw78z","timestamp":1767122847572,"id":"fs6xqiles8yw27k","previousEventId":"dt9squl45sywnzl","operationId":"mmp0xk1khov9d14"}
{"type":"log","timestamp":1767122847572,"level":"info","message":"Starting rendering (child) request","meta":{"rootId":"pc8dkbglb9yb8za","id":"eairtaxsr52xn9s"},"id":"28u7u3813u1huw2","previousOperationId":"mmp0xk1khov9d14"}
{"type":"log","timestamp":1767122847572,"level":"info","message":"Rendering anonymous template { recipe: html, engine: handlebars }","meta":{"rootId":"pc8dkbglb9yb8za","id":"eairtaxsr52xn9s"},"id":"t57t427zxqcgtsx","previousOperationId":"mmp0xk1khov9d14"}
{"type":"log","timestamp":1767122847572,"level":"debug","message":"Inline data specified.","meta":{"rootId":"pc8dkbglb9yb8za","id":"eairtaxsr52xn9s"},"id":"dj34kctt50xqi4s","previousOperationId":"mmp0xk1khov9d14"}
{"type":"log","timestamp":1767122847576,"level":"debug","message":"Base url not specified, skipping its injection.","meta":{"rootId":"pc8dkbglb9yb8za","id":"eairtaxsr52xn9s"},"id":"pk3c1b00wz71be6","previousOperationId":"mmp0xk1khov9d14"}
{"type":"operationStart","subtype":"engine","name":"handlebars","timestamp":1767122847578,"id":"qu83xb33smaepl8","previousEventId":"fs6xqiles8yw27k","operationId":"09ezx1i8xtgixy2","previousOperationId":"mmp0xk1khov9d14"}
{"type":"log","timestamp":1767122847579,"level":"debug","message":"Rendering engine handlebars","meta":{"rootId":"pc8dkbglb9yb8za","id":"eairtaxsr52xn9s"},"id":"usxlkjs0cvcbdsk","previousOperationId":"09ezx1i8xtgixy2"}
{"type":"log","timestamp":1767122847705,"level":"debug","message":"(console:log) {\n  type: 'echarts@v5a',\n  width: 848,\n  height: 409,\n  option: { radar: [ [Object] ], series: [ [Object] ] }\n}","meta":{"userLevel":true,"rootId":"pc8dkbglb9yb8za","id":"eairtaxsr52xn9s"},"id":"7iyc8tpzy1tyit5","previousOperationId":"09ezx1i8xtgixy2"}
{"type":"operationEnd","operationId":"09ezx1i8xtgixy2","timestamp":1767122847713,"id":"3f33mfgmmqoigfw","previousEventId":"qu83xb33smaepl8","previousOperationId":"09ezx1i8xtgixy2"}
{"type":"operationStart","subtype":"recipe","name":"html","timestamp":1767122847725,"id":"ym9rfv2zgsq6kql","previousEventId":"3f33mfgmmqoigfw","operationId":"e98j5xum7mfghuh","previousOperationId":"09ezx1i8xtgixy2"}
{"type":"log","timestamp":1767122847725,"level":"debug","message":"Executing recipe html","meta":{"rootId":"pc8dkbglb9yb8za","id":"eairtaxsr52xn9s"},"id":"z5oadkr62hmv16i","previousOperationId":"e98j5xum7mfghuh"}
{"type":"operationEnd","operationId":"e98j5xum7mfghuh","timestamp":1767122847725,"id":"9wqc7whcmuzd0fd","previousEventId":"ym9rfv2zgsq6kql","previousOperationId":"e98j5xum7mfghuh"}
{"type":"log","timestamp":1767122847726,"level":"debug","message":"Skipping storing report.","meta":{"rootId":"pc8dkbglb9yb8za","id":"eairtaxsr52xn9s"},"id":"h46esbk88n5mjnc","previousOperationId":"e98j5xum7mfghuh"}
{"type":"log","timestamp":1767122847726,"level":"info","message":"Rendering (child) request finished in 1433 ms","meta":{"rootId":"pc8dkbglb9yb8za","id":"eairtaxsr52xn9s"},"id":"qpp3e4yu3mdw12a","previousOperationId":"e98j5xum7mfghuh"}
{"type":"operationEnd","subtype":"render","operationId":"mmp0xk1khov9d14","timestamp":1767122847726,"id":"inmtz38y4g3dny8","previousEventId":"9wqc7whcmuzd0fd","previousOperationId":"e98j5xum7mfghuh"}
{"type":"log","timestamp":1767122851291,"level":"debug","message":"pptx successfully zipped","meta":{"rootId":"pc8dkbglb9yb8za","id":"pc8dkbglb9yb8za"},"id":"oixkwinmptzufr3","previousOperationId":"tsxkjhrw43aw78z"}
{"type":"log","timestamp":1767122851291,"level":"info","message":"pptx generation was finished","meta":{"rootId":"pc8dkbglb9yb8za","id":"pc8dkbglb9yb8za"},"id":"5cdy01giisu5cxu","previousOperationId":"tsxkjhrw43aw78z"}
{"type":"operationEnd","operationId":"tsxkjhrw43aw78z","timestamp":1767122851300,"id":"8ylvj6ob5qza4eu","previousEventId":"dt9squl45sywnzl","previousOperationId":"tsxkjhrw43aw78z"}
{"type":"log","timestamp":1767122851300,"level":"debug","message":"Skipping storing report.","meta":{"rootId":"pc8dkbglb9yb8za","id":"pc8dkbglb9yb8za"},"id":"usy0eyw9qgbmvkk","previousOperationId":"tsxkjhrw43aw78z"}
{"type":"log","timestamp":1767122851300,"level":"info","message":"Rendering request 10 finished in 5007 ms","meta":{"rootId":"pc8dkbglb9yb8za","id":"pc8dkbglb9yb8za"},"id":"5t940buq9hn9ad7","previousOperationId":"tsxkjhrw43aw78z"}
{"type":"operationEnd","subtype":"render","operationId":"5bspt0zyvj5t7es","timestamp":1767122851300,"id":"jukvrmeqt2h47d0","previousEventId":"8ylvj6ob5qza4eu","previousOperationId":"tsxkjhrw43aw78z"}
{"type":"operationEnd","doDiffs":false,"previousEventId":"z79shdlfq5hfjfp","previousOperationId":"c0id83ujlhqphm0","operationId":"c0id83ujlhqphm0","timestamp":1767122851305,"id":"pjjci881lcc50sl"}
