{"type":"operationStart","subtype":"profile","data":{"_id":"DCQBqNh13Adug33Q","timestamp":"2025-12-27T17:08:41.921Z","state":"running","mode":"standard","creationDate":"2025-12-27T17:08:41.929Z","modificationDate":"2025-12-27T17:08:41.929Z","shortid":"4dwgfw2","$entitySet":"profiles","timeout":60000},"doDiffs":false,"timestamp":1766855321926,"id":"f5bcb8ctg0oryxm","previousOperationId":null,"operationId":"1x5javy0gnc123u"}
{"type":"log","level":"info","message":"Render request 1 queued for execution and waiting for available worker","previousOperationId":"1x5javy0gnc123u","timestamp":1766855321926,"id":"ck1cfv3e9p8txat"}
{"type":"operationStart","subtype":"render","name":"anonymous","previousOperationId":"1x5javy0gnc123u","timestamp":1766855322046,"id":"4oivrrbemu5s6fv","previousEventId":"f5bcb8ctg0oryxm","operationId":"g6oxv2j4u6hd6u9"}
{"type":"log","timestamp":1766855322047,"level":"info","message":"Starting rendering request 1","meta":{"rootId":"pfdnnoq8750qs9a","id":"pfdnnoq8750qs9a"},"id":"1u7nf321villhrh","previousOperationId":"g6oxv2j4u6hd6u9"}
{"type":"log","timestamp":1766855322049,"level":"info","message":"Rendering anonymous template { recipe: pptx, engine: handlebars }","meta":{"rootId":"pfdnnoq8750qs9a","id":"pfdnnoq8750qs9a"},"id":"ktpa1rwpfvyvjgs","previousOperationId":"g6oxv2j4u6hd6u9"}
{"type":"log","timestamp":1766855322050,"level":"debug","message":"Inline data specified.","meta":{"rootId":"pfdnnoq8750qs9a","id":"pfdnnoq8750qs9a"},"id":"b7ybhpzvvvh5jhn","previousOperationId":"g6oxv2j4u6hd6u9"}
{"type":"log","timestamp":1766855322059,"level":"debug","message":"Base url not specified, skipping its injection.","meta":{"rootId":"pfdnnoq8750qs9a","id":"pfdnnoq8750qs9a"},"id":"6eiqk1yq8e1l13f","previousOperationId":"g6oxv2j4u6hd6u9"}
{"type":"operationStart","subtype":"engine","name":"handlebars","timestamp":1766855322062,"id":"pc7ce9udbcrcffu","previousEventId":"4oivrrbemu5s6fv","operationId":"e0z1jf200oooksb","previousOperationId":"g6oxv2j4u6hd6u9"}
{"type":"log","timestamp":1766855322062,"level":"debug","message":"Rendering engine handlebars","meta":{"rootId":"pfdnnoq8750qs9a","id":"pfdnnoq8750qs9a"},"id":"0rou00j375rirfn","previousOperationId":"e0z1jf200oooksb"}
{"type":"operationEnd","operationId":"e0z1jf200oooksb","timestamp":1766855323448,"id":"q7p4jag84fqwkwm","previousEventId":"pc7ce9udbcrcffu","previousOperationId":"e0z1jf200oooksb"}
{"type":"operationStart","subtype":"recipe","name":"pptx","timestamp":1766855323450,"id":"yvi8n2n9efghue4","previousEventId":"q7p4jag84fqwkwm","operationId":"4o5rruaykh2gczx","previousOperationId":"e0z1jf200oooksb"}
{"type":"log","timestamp":1766855323450,"level":"debug","message":"Executing recipe pptx","meta":{"rootId":"pfdnnoq8750qs9a","id":"pfdnnoq8750qs9a"},"id":"drp6sjg0yk6ev09","previousOperationId":"4o5rruaykh2gczx"}
{"type":"log","timestamp":1766855323761,"level":"info","message":"pptx generation is starting","meta":{"rootId":"pfdnnoq8750qs9a","id":"pfdnnoq8750qs9a"},"id":"rgd7z05uq6tygg6","previousOperationId":"4o5rruaykh2gczx"}
{"type":"log","timestamp":1766855325708,"level":"debug","message":"Starting child request to render pptx dynamic parts","meta":{"rootId":"pfdnnoq8750qs9a","id":"pfdnnoq8750qs9a"},"id":"v8u0f43re6ihr0i","previousOperationId":"4o5rruaykh2gczx"}
{"type":"operationStart","subtype":"render","name":"anonymous","previousOperationId":"4o5rruaykh2gczx","timestamp":1766855325712,"id":"711q813zhv7hs2t","previousEventId":"yvi8n2n9efghue4","operationId":"f6jimias0vmb46p"}
{"type":"log","timestamp":1766855325712,"level":"info","message":"Starting rendering (child) request","meta":{"rootId":"pfdnnoq8750qs9a","id":"hjpxahuz28585vg"},"id":"xcxpihd9lvwfl53","previousOperationId":"f6jimias0vmb46p"}
{"type":"log","timestamp":1766855325714,"level":"info","message":"Rendering anonymous template { recipe: html, engine: handlebars }","meta":{"rootId":"pfdnnoq8750qs9a","id":"hjpxahuz28585vg"},"id":"euxt9xr7xiuxtgg","previousOperationId":"f6jimias0vmb46p"}
{"type":"log","timestamp":1766855325714,"level":"debug","message":"Inline data specified.","meta":{"rootId":"pfdnnoq8750qs9a","id":"hjpxahuz28585vg"},"id":"xe6lzoc9l9t08b4","previousOperationId":"f6jimias0vmb46p"}
{"type":"log","timestamp":1766855325728,"level":"debug","message":"Base url not specified, skipping its injection.","meta":{"rootId":"pfdnnoq8750qs9a","id":"hjpxahuz28585vg"},"id":"9aphygqunoeleh5","previousOperationId":"f6jimias0vmb46p"}
{"type":"operationStart","subtype":"engine","name":"handlebars","timestamp":1766855325730,"id":"sbi5woxy1frm479","previousEventId":"711q813zhv7hs2t","operationId":"hwi5gr3fjlqqp2t","previousOperationId":"f6jimias0vmb46p"}
{"type":"log","timestamp":1766855325730,"level":"debug","message":"Rendering engine handlebars","meta":{"rootId":"pfdnnoq8750qs9a","id":"hjpxahuz28585vg"},"id":"odotx4noklki1e9","previousOperationId":"hwi5gr3fjlqqp2t"}
{"type":"log","timestamp":1766855325956,"level":"debug","message":"(console:log) {\n  type: 'echarts@v5a',\n  width: 848,\n  height: 409,\n  option: { radar: [ [Object] ], series: [ [Object] ] }\n}","meta":{"userLevel":true,"rootId":"pfdnnoq8750qs9a","id":"hjpxahuz28585vg"},"id":"745jy2ipen6iors","previousOperationId":"hwi5gr3fjlqqp2t"}
{"type":"operationEnd","operationId":"hwi5gr3fjlqqp2t","timestamp":1766855325971,"id":"umvesucywj32o2l","previousEventId":"sbi5woxy1frm479","previousOperationId":"hwi5gr3fjlqqp2t"}
{"type":"operationStart","subtype":"recipe","name":"html","timestamp":1766855325992,"id":"j9zq6919m1ha8c4","previousEventId":"umvesucywj32o2l","operationId":"7ralltjfb28q87j","previousOperationId":"hwi5gr3fjlqqp2t"}
{"type":"log","timestamp":1766855325992,"level":"debug","message":"Executing recipe html","meta":{"rootId":"pfdnnoq8750qs9a","id":"hjpxahuz28585vg"},"id":"kukjorowi2h12ft","previousOperationId":"7ralltjfb28q87j"}
{"type":"operationEnd","operationId":"7ralltjfb28q87j","timestamp":1766855325992,"id":"p4bh8zh375uydmr","previousEventId":"j9zq6919m1ha8c4","previousOperationId":"7ralltjfb28q87j"}
{"type":"log","timestamp":1766855325994,"level":"debug","message":"Skipping storing report.","meta":{"rootId":"pfdnnoq8750qs9a","id":"hjpxahuz28585vg"},"id":"srbgs1c21zfttfx","previousOperationId":"7ralltjfb28q87j"}
{"type":"log","timestamp":1766855325994,"level":"info","message":"Rendering (child) request finished in 4076 ms","meta":{"rootId":"pfdnnoq8750qs9a","id":"hjpxahuz28585vg"},"id":"ke181d5emwdm3mn","previousOperationId":"7ralltjfb28q87j"}
{"type":"operationEnd","subtype":"render","operationId":"f6jimias0vmb46p","timestamp":1766855325994,"id":"fcu851p9l7zn4rk","previousEventId":"p4bh8zh375uydmr","previousOperationId":"7ralltjfb28q87j"}
{"type":"log","timestamp":1766855333358,"level":"debug","message":"pptx successfully zipped","meta":{"rootId":"pfdnnoq8750qs9a","id":"pfdnnoq8750qs9a"},"id":"7m2ldlt2w4ernba","previousOperationId":"4o5rruaykh2gczx"}
{"type":"log","timestamp":1766855333358,"level":"info","message":"pptx generation was finished","meta":{"rootId":"pfdnnoq8750qs9a","id":"pfdnnoq8750qs9a"},"id":"nsevvt716t8v78c","previousOperationId":"4o5rruaykh2gczx"}
{"type":"operationEnd","operationId":"4o5rruaykh2gczx","timestamp":1766855333377,"id":"uifbjamxskmdvau","previousEventId":"yvi8n2n9efghue4","previousOperationId":"4o5rruaykh2gczx"}
{"type":"log","timestamp":1766855333377,"level":"debug","message":"Skipping storing report.","meta":{"rootId":"pfdnnoq8750qs9a","id":"pfdnnoq8750qs9a"},"id":"13vorwxxhfw28z6","previousOperationId":"4o5rruaykh2gczx"}
{"type":"log","timestamp":1766855333377,"level":"info","message":"Rendering request 1 finished in 11459 ms","meta":{"rootId":"pfdnnoq8750qs9a","id":"pfdnnoq8750qs9a"},"id":"ml2rz8q0g2b5dg4","previousOperationId":"4o5rruaykh2gczx"}
{"type":"operationEnd","subtype":"render","operationId":"g6oxv2j4u6hd6u9","timestamp":1766855333377,"id":"schipldcaynv1ef","previousEventId":"uifbjamxskmdvau","previousOperationId":"4o5rruaykh2gczx"}
{"type":"operationEnd","doDiffs":false,"previousEventId":"f5bcb8ctg0oryxm","previousOperationId":"1x5javy0gnc123u","operationId":"1x5javy0gnc123u","timestamp":1766855333385,"id":"2cjqp13r3ccgum4"}
