{"type":"operationStart","subtype":"profile","data":{"_id":"REtKcJ7maBJtQOqP","timestamp":"2025-12-28T16:40:44.541Z","state":"running","mode":"standard","creationDate":"2025-12-28T16:40:44.556Z","modificationDate":"2025-12-28T16:40:44.556Z","shortid":"jQvnArl","$entitySet":"profiles","timeout":60000},"doDiffs":false,"timestamp":1766940044553,"id":"p2oq7yel1jesvlj","previousOperationId":null,"operationId":"ryz8zw57txvmfeu"}
{"type":"log","level":"info","message":"Render request 2 queued for execution and waiting for available worker","previousOperationId":"ryz8zw57txvmfeu","timestamp":1766940044553,"id":"azh27f2grvtsnyh"}
{"type":"operationStart","subtype":"render","name":"anonymous","previousOperationId":"ryz8zw57txvmfeu","timestamp":1766940044647,"id":"67n883hwzkzsrnl","previousEventId":"p2oq7yel1jesvlj","operationId":"qd8w2h0v497700o"}
{"type":"log","timestamp":1766940044649,"level":"info","message":"Starting rendering request 2","meta":{"rootId":"pg4n9fx0h2o2xrh","id":"pg4n9fx0h2o2xrh"},"id":"odyphx8qwazzom4","previousOperationId":"qd8w2h0v497700o"}
{"type":"log","timestamp":1766940044652,"level":"info","message":"Rendering anonymous template { recipe: pptx, engine: handlebars }","meta":{"rootId":"pg4n9fx0h2o2xrh","id":"pg4n9fx0h2o2xrh"},"id":"zff9v3zzp6mbv4y","previousOperationId":"qd8w2h0v497700o"}
{"type":"log","timestamp":1766940044652,"level":"debug","message":"Inline data specified.","meta":{"rootId":"pg4n9fx0h2o2xrh","id":"pg4n9fx0h2o2xrh"},"id":"98rxolvx298q4ti","previousOperationId":"qd8w2h0v497700o"}
{"type":"log","timestamp":1766940044662,"level":"debug","message":"Base url not specified, skipping its injection.","meta":{"rootId":"pg4n9fx0h2o2xrh","id":"pg4n9fx0h2o2xrh"},"id":"d8h8d0zu1txbler","previousOperationId":"qd8w2h0v497700o"}
{"type":"operationStart","subtype":"engine","name":"handlebars","timestamp":1766940044665,"id":"ipymk2tc04xpss5","previousEventId":"67n883hwzkzsrnl","operationId":"j9ayfjty4de5kkj","previousOperationId":"qd8w2h0v497700o"}
{"type":"log","timestamp":1766940044665,"level":"debug","message":"Rendering engine handlebars","meta":{"rootId":"pg4n9fx0h2o2xrh","id":"pg4n9fx0h2o2xrh"},"id":"50j39kg8l0su99w","previousOperationId":"j9ayfjty4de5kkj"}
{"type":"operationEnd","operationId":"j9ayfjty4de5kkj","timestamp":1766940045809,"id":"vnh3bpz5ulh459k","previousEventId":"ipymk2tc04xpss5","previousOperationId":"j9ayfjty4de5kkj"}
{"type":"operationStart","subtype":"recipe","name":"pptx","timestamp":1766940045810,"id":"5d9hdksxybajg4a","previousEventId":"vnh3bpz5ulh459k","operationId":"22d088jilwwx4s6","previousOperationId":"j9ayfjty4de5kkj"}
{"type":"log","timestamp":1766940045811,"level":"debug","message":"Executing recipe pptx","meta":{"rootId":"pg4n9fx0h2o2xrh","id":"pg4n9fx0h2o2xrh"},"id":"g1mxforcbwcwlyd","previousOperationId":"22d088jilwwx4s6"}
{"type":"log","timestamp":1766940046107,"level":"info","message":"pptx generation is starting","meta":{"rootId":"pg4n9fx0h2o2xrh","id":"pg4n9fx0h2o2xrh"},"id":"aneqmco6v055la2","previousOperationId":"22d088jilwwx4s6"}
{"type":"log","timestamp":1766940048008,"level":"debug","message":"Starting child request to render pptx dynamic parts","meta":{"rootId":"pg4n9fx0h2o2xrh","id":"pg4n9fx0h2o2xrh"},"id":"kb2qzjhhrlqp97b","previousOperationId":"22d088jilwwx4s6"}
{"type":"operationStart","subtype":"render","name":"anonymous","previousOperationId":"22d088jilwwx4s6","timestamp":1766940048009,"id":"h87q6wukztbmd52","previousEventId":"5d9hdksxybajg4a","operationId":"vrx1wtmlaayydwd"}
{"type":"log","timestamp":1766940048009,"level":"info","message":"Starting rendering (child) request","meta":{"rootId":"pg4n9fx0h2o2xrh","id":"d8sbxepahz1pqo4"},"id":"vngik697423gg6y","previousOperationId":"vrx1wtmlaayydwd"}
{"type":"log","timestamp":1766940048010,"level":"info","message":"Rendering anonymous template { recipe: html, engine: handlebars }","meta":{"rootId":"pg4n9fx0h2o2xrh","id":"d8sbxepahz1pqo4"},"id":"avt2j3s0h12bq8q","previousOperationId":"vrx1wtmlaayydwd"}
{"type":"log","timestamp":1766940048010,"level":"debug","message":"Inline data specified.","meta":{"rootId":"pg4n9fx0h2o2xrh","id":"d8sbxepahz1pqo4"},"id":"q931wj7pnjs0oe5","previousOperationId":"vrx1wtmlaayydwd"}
{"type":"log","timestamp":1766940048016,"level":"debug","message":"Base url not specified, skipping its injection.","meta":{"rootId":"pg4n9fx0h2o2xrh","id":"d8sbxepahz1pqo4"},"id":"d9l4mavkem213a6","previousOperationId":"vrx1wtmlaayydwd"}
{"type":"operationStart","subtype":"engine","name":"handlebars","timestamp":1766940048018,"id":"8ilyobx2mkhd9eb","previousEventId":"h87q6wukztbmd52","operationId":"l3zfj6fzha99b3i","previousOperationId":"vrx1wtmlaayydwd"}
{"type":"log","timestamp":1766940048018,"level":"debug","message":"Rendering engine handlebars","meta":{"rootId":"pg4n9fx0h2o2xrh","id":"d8sbxepahz1pqo4"},"id":"63dbz77cqvz861r","previousOperationId":"l3zfj6fzha99b3i"}
{"type":"log","timestamp":1766940048227,"level":"debug","message":"(console:log) {\n  type: 'echarts@v5a',\n  width: 848,\n  height: 409,\n  option: { radar: [ [Object] ], series: [ [Object] ] }\n}","meta":{"userLevel":true,"rootId":"pg4n9fx0h2o2xrh","id":"d8sbxepahz1pqo4"},"id":"yjll1l5czhvs5pj","previousOperationId":"l3zfj6fzha99b3i"}
{"type":"operationEnd","operationId":"l3zfj6fzha99b3i","timestamp":1766940048239,"id":"4cu3qiaygr9f2lw","previousEventId":"8ilyobx2mkhd9eb","previousOperationId":"l3zfj6fzha99b3i"}
{"type":"operationStart","subtype":"recipe","name":"html","timestamp":1766940048260,"id":"w44e4k7z6ge83tw","previousEventId":"4cu3qiaygr9f2lw","operationId":"hprzilatnxky6fl","previousOperationId":"l3zfj6fzha99b3i"}
{"type":"log","timestamp":1766940048260,"level":"debug","message":"Executing recipe html","meta":{"rootId":"pg4n9fx0h2o2xrh","id":"d8sbxepahz1pqo4"},"id":"41qrvv4w8ftuc87","previousOperationId":"hprzilatnxky6fl"}
{"type":"operationEnd","operationId":"hprzilatnxky6fl","timestamp":1766940048260,"id":"dxmonzt0e8tf8vf","previousEventId":"w44e4k7z6ge83tw","previousOperationId":"hprzilatnxky6fl"}
{"type":"log","timestamp":1766940048262,"level":"debug","message":"Skipping storing report.","meta":{"rootId":"pg4n9fx0h2o2xrh","id":"d8sbxepahz1pqo4"},"id":"obxo537ux375wc2","previousOperationId":"hprzilatnxky6fl"}
{"type":"log","timestamp":1766940048262,"level":"info","message":"Rendering (child) request finished in 3722 ms","meta":{"rootId":"pg4n9fx0h2o2xrh","id":"d8sbxepahz1pqo4"},"id":"lg1zdeu0h2y63z7","previousOperationId":"hprzilatnxky6fl"}
{"type":"operationEnd","subtype":"render","operationId":"vrx1wtmlaayydwd","timestamp":1766940048262,"id":"6uzd74i23jpykmm","previousEventId":"dxmonzt0e8tf8vf","previousOperationId":"hprzilatnxky6fl"}
{"type":"log","timestamp":1766940054977,"level":"debug","message":"pptx successfully zipped","meta":{"rootId":"pg4n9fx0h2o2xrh","id":"pg4n9fx0h2o2xrh"},"id":"ved759g6o3ul5ad","previousOperationId":"22d088jilwwx4s6"}
{"type":"log","timestamp":1766940054978,"level":"info","message":"pptx generation was finished","meta":{"rootId":"pg4n9fx0h2o2xrh","id":"pg4n9fx0h2o2xrh"},"id":"f5e5kjlwk0foepr","previousOperationId":"22d088jilwwx4s6"}
{"type":"operationEnd","operationId":"22d088jilwwx4s6","timestamp":1766940054992,"id":"d2jbtj0hy0uw9yo","previousEventId":"5d9hdksxybajg4a","previousOperationId":"22d088jilwwx4s6"}
{"type":"log","timestamp":1766940054993,"level":"debug","message":"Skipping storing report.","meta":{"rootId":"pg4n9fx0h2o2xrh","id":"pg4n9fx0h2o2xrh"},"id":"pwn8k6a30fmnj78","previousOperationId":"22d088jilwwx4s6"}
{"type":"log","timestamp":1766940054993,"level":"info","message":"Rendering request 2 finished in 10453 ms","meta":{"rootId":"pg4n9fx0h2o2xrh","id":"pg4n9fx0h2o2xrh"},"id":"391omgcnvunyf8p","previousOperationId":"22d088jilwwx4s6"}
{"type":"operationEnd","subtype":"render","operationId":"qd8w2h0v497700o","timestamp":1766940054993,"id":"l6sfyd4834g4wl3","previousEventId":"d2jbtj0hy0uw9yo","previousOperationId":"22d088jilwwx4s6"}
{"type":"operationEnd","doDiffs":false,"previousEventId":"p2oq7yel1jesvlj","previousOperationId":"ryz8zw57txvmfeu","operationId":"ryz8zw57txvmfeu","timestamp":1766940054999,"id":"9f7j2wt09t1fa15"}
