{"type":"operationStart","subtype":"profile","data":{"_id":"siVN14sIvXQglSCj","timestamp":"2025-12-30T16:44:03.164Z","state":"running","mode":"standard","creationDate":"2025-12-30T16:44:03.180Z","modificationDate":"2025-12-30T16:44:03.180Z","shortid":"K5HNzmu","$entitySet":"profiles","timeout":60000},"doDiffs":false,"timestamp":1767113043177,"id":"qisqyrvriygrsbq","previousOperationId":null,"operationId":"5jd2nb6fqfkrne6"}
{"type":"log","level":"info","message":"Render request 2 queued for execution and waiting for available worker","previousOperationId":"5jd2nb6fqfkrne6","timestamp":1767113043177,"id":"oovrdgn0c9a8h1x"}
{"type":"operationStart","subtype":"render","name":"anonymous","previousOperationId":"5jd2nb6fqfkrne6","timestamp":1767113043234,"id":"9cxrxkruwvb62gr","previousEventId":"qisqyrvriygrsbq","operationId":"3l97o8obxet9tg1"}
{"type":"log","timestamp":1767113043235,"level":"info","message":"Starting rendering request 2","meta":{"rootId":"pm100sw5n3xilzc","id":"pm100sw5n3xilzc"},"id":"wthfq2kxgbxrb5a","previousOperationId":"3l97o8obxet9tg1"}
{"type":"log","timestamp":1767113043238,"level":"info","message":"Rendering anonymous template { recipe: pptx, engine: handlebars }","meta":{"rootId":"pm100sw5n3xilzc","id":"pm100sw5n3xilzc"},"id":"31v1hn2tnzvrmqv","previousOperationId":"3l97o8obxet9tg1"}
{"type":"log","timestamp":1767113043239,"level":"debug","message":"Inline data specified.","meta":{"rootId":"pm100sw5n3xilzc","id":"pm100sw5n3xilzc"},"id":"9z6p8b8hvjimwam","previousOperationId":"3l97o8obxet9tg1"}
{"type":"log","timestamp":1767113043250,"level":"debug","message":"Base url not specified, skipping its injection.","meta":{"rootId":"pm100sw5n3xilzc","id":"pm100sw5n3xilzc"},"id":"53e9bn42gdds823","previousOperationId":"3l97o8obxet9tg1"}
{"type":"operationStart","subtype":"engine","name":"handlebars","timestamp":1767113043254,"id":"1xwmr81qusnqkyr","previousEventId":"9cxrxkruwvb62gr","operationId":"7d7jkgtjgnp7y3p","previousOperationId":"3l97o8obxet9tg1"}
{"type":"log","timestamp":1767113043254,"level":"debug","message":"Rendering engine handlebars","meta":{"rootId":"pm100sw5n3xilzc","id":"pm100sw5n3xilzc"},"id":"pw2s56lqfxogis3","previousOperationId":"7d7jkgtjgnp7y3p"}
{"type":"operationEnd","operationId":"7d7jkgtjgnp7y3p","timestamp":1767113044463,"id":"h8366d38b5xjkng","previousEventId":"1xwmr81qusnqkyr","previousOperationId":"7d7jkgtjgnp7y3p"}
{"type":"operationStart","subtype":"recipe","name":"pptx","timestamp":1767113044464,"id":"a7rw1h14hgqowaa","previousEventId":"h8366d38b5xjkng","operationId":"169v96tpxikepr0","previousOperationId":"7d7jkgtjgnp7y3p"}
{"type":"log","timestamp":1767113044464,"level":"debug","message":"Executing recipe pptx","meta":{"rootId":"pm100sw5n3xilzc","id":"pm100sw5n3xilzc"},"id":"fbgyarh6mjd53qq","previousOperationId":"169v96tpxikepr0"}
{"type":"log","timestamp":1767113044723,"level":"info","message":"pptx generation is starting","meta":{"rootId":"pm100sw5n3xilzc","id":"pm100sw5n3xilzc"},"id":"rbzrrcig8k58c67","previousOperationId":"169v96tpxikepr0"}
{"type":"log","timestamp":1767113046610,"level":"debug","message":"Starting child request to render pptx dynamic parts","meta":{"rootId":"pm100sw5n3xilzc","id":"pm100sw5n3xilzc"},"id":"dxjhf6x8ckgthwn","previousOperationId":"169v96tpxikepr0"}
{"type":"operationStart","subtype":"render","name":"anonymous","previousOperationId":"169v96tpxikepr0","timestamp":1767113046611,"id":"jcepstu8215csyh","previousEventId":"a7rw1h14hgqowaa","operationId":"5veuas6spmk9848"}
{"type":"log","timestamp":1767113046611,"level":"info","message":"Starting rendering (child) request","meta":{"rootId":"pm100sw5n3xilzc","id":"fkvlejex33ovwwl"},"id":"152ibarukgqd9dp","previousOperationId":"5veuas6spmk9848"}
{"type":"log","timestamp":1767113046611,"level":"info","message":"Rendering anonymous template { recipe: html, engine: handlebars }","meta":{"rootId":"pm100sw5n3xilzc","id":"fkvlejex33ovwwl"},"id":"iqau9coc1q9o5yg","previousOperationId":"5veuas6spmk9848"}
{"type":"log","timestamp":1767113046611,"level":"debug","message":"Inline data specified.","meta":{"rootId":"pm100sw5n3xilzc","id":"fkvlejex33ovwwl"},"id":"z9vf6l1kkg8jggl","previousOperationId":"5veuas6spmk9848"}
{"type":"log","timestamp":1767113046624,"level":"debug","message":"Base url not specified, skipping its injection.","meta":{"rootId":"pm100sw5n3xilzc","id":"fkvlejex33ovwwl"},"id":"6yl88o1pi5mivzm","previousOperationId":"5veuas6spmk9848"}
{"type":"operationStart","subtype":"engine","name":"handlebars","timestamp":1767113046626,"id":"fnods1nid7t0cz6","previousEventId":"jcepstu8215csyh","operationId":"vfps4wfc3x3q6l3","previousOperationId":"5veuas6spmk9848"}
{"type":"log","timestamp":1767113046626,"level":"debug","message":"Rendering engine handlebars","meta":{"rootId":"pm100sw5n3xilzc","id":"fkvlejex33ovwwl"},"id":"ys0svmblffwl5xz","previousOperationId":"vfps4wfc3x3q6l3"}
{"type":"log","timestamp":1767113046827,"level":"debug","message":"(console:log) {\n  type: 'echarts@v5a',\n  width: 848,\n  height: 409,\n  option: { radar: [ [Object] ], series: [ [Object] ] }\n}","meta":{"userLevel":true,"rootId":"pm100sw5n3xilzc","id":"fkvlejex33ovwwl"},"id":"blnem8q6yit0bc7","previousOperationId":"vfps4wfc3x3q6l3"}
{"type":"operationEnd","operationId":"vfps4wfc3x3q6l3","timestamp":1767113046839,"id":"5fkwfnm60skjryp","previousEventId":"fnods1nid7t0cz6","previousOperationId":"vfps4wfc3x3q6l3"}
{"type":"operationStart","subtype":"recipe","name":"html","timestamp":1767113046858,"id":"005gjbtz69t5bhw","previousEventId":"5fkwfnm60skjryp","operationId":"uo05oguimaa6wky","previousOperationId":"vfps4wfc3x3q6l3"}
{"type":"log","timestamp":1767113046858,"level":"debug","message":"Executing recipe html","meta":{"rootId":"pm100sw5n3xilzc","id":"fkvlejex33ovwwl"},"id":"0me4fof6vlkauw1","previousOperationId":"uo05oguimaa6wky"}
{"type":"operationEnd","operationId":"uo05oguimaa6wky","timestamp":1767113046858,"id":"bukb15hsej7ck12","previousEventId":"005gjbtz69t5bhw","previousOperationId":"uo05oguimaa6wky"}
{"type":"log","timestamp":1767113046860,"level":"debug","message":"Skipping storing report.","meta":{"rootId":"pm100sw5n3xilzc","id":"fkvlejex33ovwwl"},"id":"e5aui64c696zxde","previousOperationId":"uo05oguimaa6wky"}
{"type":"log","timestamp":1767113046860,"level":"info","message":"Rendering (child) request finished in 3697 ms","meta":{"rootId":"pm100sw5n3xilzc","id":"fkvlejex33ovwwl"},"id":"6etlunyj3jh5j48","previousOperationId":"uo05oguimaa6wky"}
{"type":"operationEnd","subtype":"render","operationId":"5veuas6spmk9848","timestamp":1767113046860,"id":"v0gfcrtpelvfnan","previousEventId":"bukb15hsej7ck12","previousOperationId":"uo05oguimaa6wky"}
{"type":"log","timestamp":1767113054369,"level":"debug","message":"pptx successfully zipped","meta":{"rootId":"pm100sw5n3xilzc","id":"pm100sw5n3xilzc"},"id":"fca0q150lutqnfq","previousOperationId":"169v96tpxikepr0"}
{"type":"log","timestamp":1767113054369,"level":"info","message":"pptx generation was finished","meta":{"rootId":"pm100sw5n3xilzc","id":"pm100sw5n3xilzc"},"id":"wmr4ovpu0zdc9lh","previousOperationId":"169v96tpxikepr0"}
{"type":"operationEnd","operationId":"169v96tpxikepr0","timestamp":1767113054386,"id":"3naphy9i1p3pki8","previousEventId":"a7rw1h14hgqowaa","previousOperationId":"169v96tpxikepr0"}
{"type":"log","timestamp":1767113054386,"level":"debug","message":"Skipping storing report.","meta":{"rootId":"pm100sw5n3xilzc","id":"pm100sw5n3xilzc"},"id":"vk76ouq0oh8273n","previousOperationId":"169v96tpxikepr0"}
{"type":"log","timestamp":1767113054386,"level":"info","message":"Rendering request 2 finished in 11223 ms","meta":{"rootId":"pm100sw5n3xilzc","id":"pm100sw5n3xilzc"},"id":"xe6rnar1eumt5d1","previousOperationId":"169v96tpxikepr0"}
{"type":"operationEnd","subtype":"render","operationId":"3l97o8obxet9tg1","timestamp":1767113054386,"id":"2b323gt0tcbdlym","previousEventId":"3naphy9i1p3pki8","previousOperationId":"169v96tpxikepr0"}
{"type":"operationEnd","doDiffs":false,"previousEventId":"qisqyrvriygrsbq","previousOperationId":"5jd2nb6fqfkrne6","operationId":"5jd2nb6fqfkrne6","timestamp":1767113054392,"id":"wb2w6ryedhbuqz7"}
