{"type":"operationStart","subtype":"profile","data":{"_id":"zoKwXnCVErwVKyVD","timestamp":"2025-12-07T15:01:54.503Z","state":"running","mode":"standard","creationDate":"2025-12-07T15:01:54.507Z","modificationDate":"2025-12-07T15:01:54.507Z","shortid":"JwAh2zI","$entitySet":"profiles","timeout":60000},"doDiffs":false,"timestamp":1765119714506,"id":"j4m8xsvs9c7nlqy","previousOperationId":null,"operationId":"20h8jykbmcoc662"}
{"type":"log","level":"info","message":"Render request 2 queued for execution and waiting for available worker","previousOperationId":"20h8jykbmcoc662","timestamp":1765119714506,"id":"ucguz0751ljcyao"}
{"type":"operationStart","subtype":"render","name":"anonymous","previousOperationId":"20h8jykbmcoc662","timestamp":1765119714561,"id":"b5h76x4lu5s6eob","previousEventId":"j4m8xsvs9c7nlqy","operationId":"r649zdfzga7rp85"}
{"type":"log","timestamp":1765119714563,"level":"info","message":"Starting rendering request 2","meta":{"rootId":"pnox1daisbf0xnf","id":"pnox1daisbf0xnf"},"id":"bsmbmp68pao7a2o","previousOperationId":"r649zdfzga7rp85"}
{"type":"log","timestamp":1765119714566,"level":"info","message":"Rendering anonymous template { recipe: pptx, engine: handlebars }","meta":{"rootId":"pnox1daisbf0xnf","id":"pnox1daisbf0xnf"},"id":"i287g2qtq455ohf","previousOperationId":"r649zdfzga7rp85"}
{"type":"log","timestamp":1765119714567,"level":"debug","message":"Inline data specified.","meta":{"rootId":"pnox1daisbf0xnf","id":"pnox1daisbf0xnf"},"id":"8dnsq7ye4saowzo","previousOperationId":"r649zdfzga7rp85"}
{"type":"log","timestamp":1765119714577,"level":"debug","message":"Base url not specified, skipping its injection.","meta":{"rootId":"pnox1daisbf0xnf","id":"pnox1daisbf0xnf"},"id":"pv0kjc0otgmjj5k","previousOperationId":"r649zdfzga7rp85"}
{"type":"operationStart","subtype":"engine","name":"handlebars","timestamp":1765119714581,"id":"2fk9la3pfq48krd","previousEventId":"b5h76x4lu5s6eob","operationId":"ukhlpe9jxbwrgx1","previousOperationId":"r649zdfzga7rp85"}
{"type":"log","timestamp":1765119714581,"level":"debug","message":"Rendering engine handlebars","meta":{"rootId":"pnox1daisbf0xnf","id":"pnox1daisbf0xnf"},"id":"wickjnallht835n","previousOperationId":"ukhlpe9jxbwrgx1"}
{"type":"operationEnd","operationId":"ukhlpe9jxbwrgx1","timestamp":1765119715824,"id":"9se988siufli94m","previousEventId":"2fk9la3pfq48krd","previousOperationId":"ukhlpe9jxbwrgx1"}
{"type":"operationStart","subtype":"recipe","name":"pptx","timestamp":1765119715825,"id":"fz6emukgozxhy31","previousEventId":"9se988siufli94m","operationId":"fc4rp388jdh6hol","previousOperationId":"ukhlpe9jxbwrgx1"}
{"type":"log","timestamp":1765119715825,"level":"debug","message":"Executing recipe pptx","meta":{"rootId":"pnox1daisbf0xnf","id":"pnox1daisbf0xnf"},"id":"tru43komcni77pr","previousOperationId":"fc4rp388jdh6hol"}
{"type":"log","timestamp":1765119716088,"level":"info","message":"pptx generation is starting","meta":{"rootId":"pnox1daisbf0xnf","id":"pnox1daisbf0xnf"},"id":"c20el382e8e9tfm","previousOperationId":"fc4rp388jdh6hol"}
{"type":"log","timestamp":1765119717789,"level":"debug","message":"Starting child request to render pptx dynamic parts","meta":{"rootId":"pnox1daisbf0xnf","id":"pnox1daisbf0xnf"},"id":"s49upj92z9nxqnv","previousOperationId":"fc4rp388jdh6hol"}
{"type":"operationStart","subtype":"render","name":"anonymous","previousOperationId":"fc4rp388jdh6hol","timestamp":1765119717791,"id":"wc7gvo6c5kzzs9o","previousEventId":"fz6emukgozxhy31","operationId":"vtkqwarkumt725i"}
{"type":"log","timestamp":1765119717791,"level":"info","message":"Starting rendering (child) request","meta":{"rootId":"pnox1daisbf0xnf","id":"o5o6bfrev0j4rv4"},"id":"apcakvl6x045tyu","previousOperationId":"vtkqwarkumt725i"}
{"type":"log","timestamp":1765119717791,"level":"info","message":"Rendering anonymous template { recipe: html, engine: handlebars }","meta":{"rootId":"pnox1daisbf0xnf","id":"o5o6bfrev0j4rv4"},"id":"ku8gu064obq6c8x","previousOperationId":"vtkqwarkumt725i"}
{"type":"log","timestamp":1765119717791,"level":"debug","message":"Inline data specified.","meta":{"rootId":"pnox1daisbf0xnf","id":"o5o6bfrev0j4rv4"},"id":"zdjnwl2kma6csc1","previousOperationId":"vtkqwarkumt725i"}
{"type":"log","timestamp":1765119717798,"level":"debug","message":"Base url not specified, skipping its injection.","meta":{"rootId":"pnox1daisbf0xnf","id":"o5o6bfrev0j4rv4"},"id":"jdrc2so4uathzhl","previousOperationId":"vtkqwarkumt725i"}
{"type":"operationStart","subtype":"engine","name":"handlebars","timestamp":1765119717800,"id":"1qrc8th9a6v0i19","previousEventId":"wc7gvo6c5kzzs9o","operationId":"i2f93nph2vrdzuh","previousOperationId":"vtkqwarkumt725i"}
{"type":"log","timestamp":1765119717801,"level":"debug","message":"Rendering engine handlebars","meta":{"rootId":"pnox1daisbf0xnf","id":"o5o6bfrev0j4rv4"},"id":"efgorms3gety6d7","previousOperationId":"i2f93nph2vrdzuh"}
{"type":"operationEnd","operationId":"i2f93nph2vrdzuh","timestamp":1765119717959,"id":"jg45s0z9az7mtcy","previousEventId":"1qrc8th9a6v0i19","previousOperationId":"i2f93nph2vrdzuh"}
{"type":"operationStart","subtype":"recipe","name":"html","timestamp":1765119717969,"id":"m9wzps04dui4m0z","previousEventId":"jg45s0z9az7mtcy","operationId":"9xfmsepckw3oww9","previousOperationId":"i2f93nph2vrdzuh"}
{"type":"log","timestamp":1765119717969,"level":"debug","message":"Executing recipe html","meta":{"rootId":"pnox1daisbf0xnf","id":"o5o6bfrev0j4rv4"},"id":"lgd1xvtexu7fydc","previousOperationId":"9xfmsepckw3oww9"}
{"type":"operationEnd","operationId":"9xfmsepckw3oww9","timestamp":1765119717969,"id":"fpe6jxloyx62eja","previousEventId":"m9wzps04dui4m0z","previousOperationId":"9xfmsepckw3oww9"}
{"type":"log","timestamp":1765119717971,"level":"debug","message":"Skipping storing report.","meta":{"rootId":"pnox1daisbf0xnf","id":"o5o6bfrev0j4rv4"},"id":"c6s1gm575d9x5fx","previousOperationId":"9xfmsepckw3oww9"}
{"type":"log","timestamp":1765119717971,"level":"info","message":"Rendering (child) request finished in 3469 ms","meta":{"rootId":"pnox1daisbf0xnf","id":"o5o6bfrev0j4rv4"},"id":"xbpejaxs6ypgd4d","previousOperationId":"9xfmsepckw3oww9"}
{"type":"operationEnd","subtype":"render","operationId":"vtkqwarkumt725i","timestamp":1765119717971,"id":"9x9z1vzd08esr6s","previousEventId":"fpe6jxloyx62eja","previousOperationId":"9xfmsepckw3oww9"}
{"type":"log","timestamp":1765119727680,"level":"debug","message":"pptx successfully zipped","meta":{"rootId":"pnox1daisbf0xnf","id":"pnox1daisbf0xnf"},"id":"8ptyzwsu3qpx9nj","previousOperationId":"fc4rp388jdh6hol"}
{"type":"log","timestamp":1765119727680,"level":"info","message":"pptx generation was finished","meta":{"rootId":"pnox1daisbf0xnf","id":"pnox1daisbf0xnf"},"id":"hsrtpeeabxifaln","previousOperationId":"fc4rp388jdh6hol"}
{"type":"operationEnd","operationId":"fc4rp388jdh6hol","timestamp":1765119727695,"id":"89dncz34tk3g9eb","previousEventId":"fz6emukgozxhy31","previousOperationId":"fc4rp388jdh6hol"}
{"type":"log","timestamp":1765119727695,"level":"debug","message":"Skipping storing report.","meta":{"rootId":"pnox1daisbf0xnf","id":"pnox1daisbf0xnf"},"id":"eifpj0phbl85ajf","previousOperationId":"fc4rp388jdh6hol"}
{"type":"log","timestamp":1765119727695,"level":"info","message":"Rendering request 2 finished in 13193 ms","meta":{"rootId":"pnox1daisbf0xnf","id":"pnox1daisbf0xnf"},"id":"cw96i573u6rb3ci","previousOperationId":"fc4rp388jdh6hol"}
{"type":"operationEnd","subtype":"render","operationId":"r649zdfzga7rp85","timestamp":1765119727695,"id":"pnjo1ivyxi31fs7","previousEventId":"89dncz34tk3g9eb","previousOperationId":"fc4rp388jdh6hol"}
{"type":"operationEnd","doDiffs":false,"previousEventId":"j4m8xsvs9c7nlqy","previousOperationId":"20h8jykbmcoc662","operationId":"20h8jykbmcoc662","timestamp":1765119727700,"id":"wyvnfq1edhwhmd4"}
