{"type":"operationStart","subtype":"profile","data":{"_id":"6TRvNwBNKcoYdTJw","timestamp":"2025-12-07T21:02:35.994Z","state":"running","mode":"standard","creationDate":"2025-12-07T21:02:35.999Z","modificationDate":"2025-12-07T21:02:35.999Z","shortid":"D7HEB19","$entitySet":"profiles","timeout":60000},"doDiffs":false,"timestamp":1765141355996,"id":"pu1wjm4b9u5ydo6","previousOperationId":null,"operationId":"ceb0ly2khegar5t"}
{"type":"log","level":"info","message":"Render request 47 queued for execution and waiting for available worker","previousOperationId":"ceb0ly2khegar5t","timestamp":1765141355996,"id":"3ar27jerq89mbbn"}
{"type":"operationStart","subtype":"render","name":"anonymous","previousOperationId":"ceb0ly2khegar5t","timestamp":1765141356035,"id":"za181lz4izldmgi","previousEventId":"pu1wjm4b9u5ydo6","operationId":"hbcvxzp6yjafjxz"}
{"type":"log","timestamp":1765141356035,"level":"info","message":"Starting rendering request 47","meta":{"rootId":"pnxtm9d1j8v4c9y","id":"pnxtm9d1j8v4c9y"},"id":"86u8ee9ibbyyl8r","previousOperationId":"hbcvxzp6yjafjxz"}
{"type":"log","timestamp":1765141356035,"level":"info","message":"Rendering anonymous template { recipe: pptx, engine: handlebars }","meta":{"rootId":"pnxtm9d1j8v4c9y","id":"pnxtm9d1j8v4c9y"},"id":"4wu4fy2delg3n68","previousOperationId":"hbcvxzp6yjafjxz"}
{"type":"log","timestamp":1765141356035,"level":"debug","message":"Inline data specified.","meta":{"rootId":"pnxtm9d1j8v4c9y","id":"pnxtm9d1j8v4c9y"},"id":"iybeh92ocm5dd5z","previousOperationId":"hbcvxzp6yjafjxz"}
{"type":"log","timestamp":1765141356045,"level":"debug","message":"Base url not specified, skipping its injection.","meta":{"rootId":"pnxtm9d1j8v4c9y","id":"pnxtm9d1j8v4c9y"},"id":"dp7ugxd5ytiidlw","previousOperationId":"hbcvxzp6yjafjxz"}
{"type":"operationStart","subtype":"engine","name":"handlebars","timestamp":1765141356045,"id":"tplibxw6v6os2w8","previousEventId":"za181lz4izldmgi","operationId":"qtzthcd0xcka64s","previousOperationId":"hbcvxzp6yjafjxz"}
{"type":"log","timestamp":1765141356046,"level":"debug","message":"Rendering engine handlebars","meta":{"rootId":"pnxtm9d1j8v4c9y","id":"pnxtm9d1j8v4c9y"},"id":"yzabtc79cjdkvms","previousOperationId":"qtzthcd0xcka64s"}
{"type":"operationEnd","operationId":"qtzthcd0xcka64s","timestamp":1765141356104,"id":"jamyma6e6pfui4g","previousEventId":"tplibxw6v6os2w8","previousOperationId":"qtzthcd0xcka64s"}
{"type":"operationStart","subtype":"recipe","name":"pptx","timestamp":1765141356104,"id":"8nqcafzlrlp217q","previousEventId":"jamyma6e6pfui4g","operationId":"kpnru0235pm9xni","previousOperationId":"qtzthcd0xcka64s"}
{"type":"log","timestamp":1765141356104,"level":"debug","message":"Executing recipe pptx","meta":{"rootId":"pnxtm9d1j8v4c9y","id":"pnxtm9d1j8v4c9y"},"id":"zayqba0bqv4763z","previousOperationId":"kpnru0235pm9xni"}
{"type":"log","timestamp":1765141356119,"level":"info","message":"pptx generation is starting","meta":{"rootId":"pnxtm9d1j8v4c9y","id":"pnxtm9d1j8v4c9y"},"id":"74r1tylu7uszse1","previousOperationId":"kpnru0235pm9xni"}
{"type":"log","timestamp":1765141357152,"level":"debug","message":"Starting child request to render pptx dynamic parts","meta":{"rootId":"pnxtm9d1j8v4c9y","id":"pnxtm9d1j8v4c9y"},"id":"5i2v2l08iok4s4d","previousOperationId":"kpnru0235pm9xni"}
{"type":"operationStart","subtype":"render","name":"anonymous","previousOperationId":"kpnru0235pm9xni","timestamp":1765141357152,"id":"yw35svn4izq9ic7","previousEventId":"8nqcafzlrlp217q","operationId":"m2hi9mw7mfz8bh1"}
{"type":"log","timestamp":1765141357152,"level":"info","message":"Starting rendering (child) request","meta":{"rootId":"pnxtm9d1j8v4c9y","id":"7nw5k9395xrqgjc"},"id":"67ipnt96l36o29a","previousOperationId":"m2hi9mw7mfz8bh1"}
{"type":"log","timestamp":1765141357153,"level":"info","message":"Rendering anonymous template { recipe: html, engine: handlebars }","meta":{"rootId":"pnxtm9d1j8v4c9y","id":"7nw5k9395xrqgjc"},"id":"4kpfcl2kmc7cvt1","previousOperationId":"m2hi9mw7mfz8bh1"}
{"type":"log","timestamp":1765141357153,"level":"debug","message":"Inline data specified.","meta":{"rootId":"pnxtm9d1j8v4c9y","id":"7nw5k9395xrqgjc"},"id":"nbybpu79j8j92mp","previousOperationId":"m2hi9mw7mfz8bh1"}
{"type":"log","timestamp":1765141357157,"level":"debug","message":"Base url not specified, skipping its injection.","meta":{"rootId":"pnxtm9d1j8v4c9y","id":"7nw5k9395xrqgjc"},"id":"peudovllefabcfx","previousOperationId":"m2hi9mw7mfz8bh1"}
{"type":"operationStart","subtype":"engine","name":"handlebars","timestamp":1765141357158,"id":"ygq2hjffejoicdk","previousEventId":"yw35svn4izq9ic7","operationId":"pqdzt2pg9pwa7re","previousOperationId":"m2hi9mw7mfz8bh1"}
{"type":"log","timestamp":1765141357158,"level":"debug","message":"Rendering engine handlebars","meta":{"rootId":"pnxtm9d1j8v4c9y","id":"7nw5k9395xrqgjc"},"id":"li0u63ky28ivna5","previousOperationId":"pqdzt2pg9pwa7re"}
{"type":"operationEnd","operationId":"pqdzt2pg9pwa7re","timestamp":1765141357245,"id":"c2kynn2h2fzo3ee","previousEventId":"ygq2hjffejoicdk","previousOperationId":"pqdzt2pg9pwa7re"}
{"type":"operationStart","subtype":"recipe","name":"html","timestamp":1765141357254,"id":"d5w4gptupkmo0wm","previousEventId":"c2kynn2h2fzo3ee","operationId":"9545il8z3ck6dyu","previousOperationId":"pqdzt2pg9pwa7re"}
{"type":"log","timestamp":1765141357254,"level":"debug","message":"Executing recipe html","meta":{"rootId":"pnxtm9d1j8v4c9y","id":"7nw5k9395xrqgjc"},"id":"auro4h7pfw1dnjj","previousOperationId":"9545il8z3ck6dyu"}
{"type":"operationEnd","operationId":"9545il8z3ck6dyu","timestamp":1765141357254,"id":"86oi09szzv4jhvi","previousEventId":"d5w4gptupkmo0wm","previousOperationId":"9545il8z3ck6dyu"}
{"type":"log","timestamp":1765141357254,"level":"debug","message":"Skipping storing report.","meta":{"rootId":"pnxtm9d1j8v4c9y","id":"7nw5k9395xrqgjc"},"id":"5bl0wknqdc9kn97","previousOperationId":"9545il8z3ck6dyu"}
{"type":"log","timestamp":1765141357254,"level":"info","message":"Rendering (child) request finished in 1260 ms","meta":{"rootId":"pnxtm9d1j8v4c9y","id":"7nw5k9395xrqgjc"},"id":"miskpwj64vc4ku1","previousOperationId":"9545il8z3ck6dyu"}
{"type":"operationEnd","subtype":"render","operationId":"m2hi9mw7mfz8bh1","timestamp":1765141357254,"id":"h9pk8hquaz120xk","previousEventId":"86oi09szzv4jhvi","previousOperationId":"9545il8z3ck6dyu"}
{"type":"log","timestamp":1765141361897,"level":"debug","message":"pptx successfully zipped","meta":{"rootId":"pnxtm9d1j8v4c9y","id":"pnxtm9d1j8v4c9y"},"id":"uvn5739s5ak56lb","previousOperationId":"kpnru0235pm9xni"}
{"type":"log","timestamp":1765141361897,"level":"info","message":"pptx generation was finished","meta":{"rootId":"pnxtm9d1j8v4c9y","id":"pnxtm9d1j8v4c9y"},"id":"8q1ydukp3chq54t","previousOperationId":"kpnru0235pm9xni"}
{"type":"operationEnd","operationId":"kpnru0235pm9xni","timestamp":1765141361904,"id":"h51ftm0tn4apjjm","previousEventId":"8nqcafzlrlp217q","previousOperationId":"kpnru0235pm9xni"}
{"type":"log","timestamp":1765141361904,"level":"debug","message":"Skipping storing report.","meta":{"rootId":"pnxtm9d1j8v4c9y","id":"pnxtm9d1j8v4c9y"},"id":"w9slrkqmv5hu4sy","previousOperationId":"kpnru0235pm9xni"}
{"type":"log","timestamp":1765141361904,"level":"info","message":"Rendering request 47 finished in 5910 ms","meta":{"rootId":"pnxtm9d1j8v4c9y","id":"pnxtm9d1j8v4c9y"},"id":"xjhd25lto7zxjyb","previousOperationId":"kpnru0235pm9xni"}
{"type":"operationEnd","subtype":"render","operationId":"hbcvxzp6yjafjxz","timestamp":1765141361904,"id":"5p7w7237oukee7q","previousEventId":"h51ftm0tn4apjjm","previousOperationId":"kpnru0235pm9xni"}
{"type":"operationEnd","doDiffs":false,"previousEventId":"pu1wjm4b9u5ydo6","previousOperationId":"ceb0ly2khegar5t","operationId":"ceb0ly2khegar5t","timestamp":1765141361908,"id":"h132posx3wakf49"}
