{"type":"operationStart","subtype":"profile","data":{"_id":"z3QhDjPpnB5TpzTV","timestamp":"2025-12-28T16:08:12.947Z","state":"running","mode":"standard","creationDate":"2025-12-28T16:08:12.952Z","modificationDate":"2025-12-28T16:08:12.952Z","shortid":"L5juXT8","$entitySet":"profiles","timeout":60000},"doDiffs":false,"timestamp":1766938092950,"id":"zyuvght5yauv24t","previousOperationId":null,"operationId":"v6zzbwn2qkl8slh"}
{"type":"log","level":"info","message":"Render request 7 queued for execution and waiting for available worker","previousOperationId":"v6zzbwn2qkl8slh","timestamp":1766938092950,"id":"klgyex0y4k2yoxq"}
{"type":"operationStart","subtype":"render","name":"anonymous","previousOperationId":"v6zzbwn2qkl8slh","timestamp":1766938093012,"id":"qaefado7y999oqk","previousEventId":"zyuvght5yauv24t","operationId":"gczdkpe3o4deqcs"}
{"type":"log","timestamp":1766938093012,"level":"info","message":"Starting rendering request 7","meta":{"rootId":"ppruuu3wlvwk9t6","id":"ppruuu3wlvwk9t6"},"id":"qu2dm3u0jbi6nn5","previousOperationId":"gczdkpe3o4deqcs"}
{"type":"log","timestamp":1766938093013,"level":"info","message":"Rendering anonymous template { recipe: pptx, engine: handlebars }","meta":{"rootId":"ppruuu3wlvwk9t6","id":"ppruuu3wlvwk9t6"},"id":"3r0989wctydukng","previousOperationId":"gczdkpe3o4deqcs"}
{"type":"log","timestamp":1766938093013,"level":"debug","message":"Inline data specified.","meta":{"rootId":"ppruuu3wlvwk9t6","id":"ppruuu3wlvwk9t6"},"id":"gv9qdsatmhh1omi","previousOperationId":"gczdkpe3o4deqcs"}
{"type":"log","timestamp":1766938093017,"level":"debug","message":"Base url not specified, skipping its injection.","meta":{"rootId":"ppruuu3wlvwk9t6","id":"ppruuu3wlvwk9t6"},"id":"qcc4nzw6h2qr7v1","previousOperationId":"gczdkpe3o4deqcs"}
{"type":"operationStart","subtype":"engine","name":"handlebars","timestamp":1766938093018,"id":"n68vx64gafhosdc","previousEventId":"qaefado7y999oqk","operationId":"rh37mcddhc53xdv","previousOperationId":"gczdkpe3o4deqcs"}
{"type":"log","timestamp":1766938093018,"level":"debug","message":"Rendering engine handlebars","meta":{"rootId":"ppruuu3wlvwk9t6","id":"ppruuu3wlvwk9t6"},"id":"8lsc1q0bfsasdnh","previousOperationId":"rh37mcddhc53xdv"}
{"type":"operationEnd","operationId":"rh37mcddhc53xdv","timestamp":1766938093048,"id":"gmbzgxfau2pfubk","previousEventId":"n68vx64gafhosdc","previousOperationId":"rh37mcddhc53xdv"}
{"type":"operationStart","subtype":"recipe","name":"pptx","timestamp":1766938093048,"id":"ul0y516hcptcuk8","previousEventId":"gmbzgxfau2pfubk","operationId":"mmb0ico157wquab","previousOperationId":"rh37mcddhc53xdv"}
{"type":"log","timestamp":1766938093048,"level":"debug","message":"Executing recipe pptx","meta":{"rootId":"ppruuu3wlvwk9t6","id":"ppruuu3wlvwk9t6"},"id":"1psg8sx0rpexb67","previousOperationId":"mmb0ico157wquab"}
{"type":"log","timestamp":1766938093066,"level":"info","message":"pptx generation is starting","meta":{"rootId":"ppruuu3wlvwk9t6","id":"ppruuu3wlvwk9t6"},"id":"jhlvg2d1ft32zsl","previousOperationId":"mmb0ico157wquab"}
{"type":"log","timestamp":1766938094953,"level":"debug","message":"Starting child request to render pptx dynamic parts","meta":{"rootId":"ppruuu3wlvwk9t6","id":"ppruuu3wlvwk9t6"},"id":"vo9v4xvkunche6o","previousOperationId":"mmb0ico157wquab"}
{"type":"operationStart","subtype":"render","name":"anonymous","previousOperationId":"mmb0ico157wquab","timestamp":1766938094954,"id":"kp58qf01ns2p32c","previousEventId":"ul0y516hcptcuk8","operationId":"gi8i7w1634tii8e"}
{"type":"log","timestamp":1766938094954,"level":"info","message":"Starting rendering (child) request","meta":{"rootId":"ppruuu3wlvwk9t6","id":"nfzrat074ucl0td"},"id":"pk9l8255mqaq51t","previousOperationId":"gi8i7w1634tii8e"}
{"type":"log","timestamp":1766938094954,"level":"info","message":"Rendering anonymous template { recipe: html, engine: handlebars }","meta":{"rootId":"ppruuu3wlvwk9t6","id":"nfzrat074ucl0td"},"id":"wturx0sf4mju1ru","previousOperationId":"gi8i7w1634tii8e"}
{"type":"log","timestamp":1766938094955,"level":"debug","message":"Inline data specified.","meta":{"rootId":"ppruuu3wlvwk9t6","id":"nfzrat074ucl0td"},"id":"tjrhmzvjp00ngmh","previousOperationId":"gi8i7w1634tii8e"}
{"type":"log","timestamp":1766938094961,"level":"debug","message":"Base url not specified, skipping its injection.","meta":{"rootId":"ppruuu3wlvwk9t6","id":"nfzrat074ucl0td"},"id":"rq5w88croyldrh0","previousOperationId":"gi8i7w1634tii8e"}
{"type":"operationStart","subtype":"engine","name":"handlebars","timestamp":1766938094962,"id":"5xu6bapuwo90z3l","previousEventId":"kp58qf01ns2p32c","operationId":"72ccd89fxscjc2q","previousOperationId":"gi8i7w1634tii8e"}
{"type":"log","timestamp":1766938094963,"level":"debug","message":"Rendering engine handlebars","meta":{"rootId":"ppruuu3wlvwk9t6","id":"nfzrat074ucl0td"},"id":"vidiedb941kl1ci","previousOperationId":"72ccd89fxscjc2q"}
{"type":"log","timestamp":1766938095139,"level":"debug","message":"(console:log) {\n  type: 'echarts@v5a',\n  width: 848,\n  height: 409,\n  option: { radar: [ [Object] ], series: [ [Object] ] }\n}","meta":{"userLevel":true,"rootId":"ppruuu3wlvwk9t6","id":"nfzrat074ucl0td"},"id":"m7w4lpeqiltj6cv","previousOperationId":"72ccd89fxscjc2q"}
{"type":"operationEnd","operationId":"72ccd89fxscjc2q","timestamp":1766938095150,"id":"ub6tzrn9ufh6o6c","previousEventId":"5xu6bapuwo90z3l","previousOperationId":"72ccd89fxscjc2q"}
{"type":"operationStart","subtype":"recipe","name":"html","timestamp":1766938095168,"id":"820nedokbepn3vk","previousEventId":"ub6tzrn9ufh6o6c","operationId":"resgn6m59urjgr9","previousOperationId":"72ccd89fxscjc2q"}
{"type":"log","timestamp":1766938095168,"level":"debug","message":"Executing recipe html","meta":{"rootId":"ppruuu3wlvwk9t6","id":"nfzrat074ucl0td"},"id":"si882o6wfwdns20","previousOperationId":"resgn6m59urjgr9"}
{"type":"operationEnd","operationId":"resgn6m59urjgr9","timestamp":1766938095168,"id":"hr1rti6qlcoleqa","previousEventId":"820nedokbepn3vk","previousOperationId":"resgn6m59urjgr9"}
{"type":"log","timestamp":1766938095168,"level":"debug","message":"Skipping storing report.","meta":{"rootId":"ppruuu3wlvwk9t6","id":"nfzrat074ucl0td"},"id":"p172wu8nocio3qe","previousOperationId":"resgn6m59urjgr9"}
{"type":"log","timestamp":1766938095169,"level":"info","message":"Rendering (child) request finished in 2224 ms","meta":{"rootId":"ppruuu3wlvwk9t6","id":"nfzrat074ucl0td"},"id":"ezcbkew5j94uhp8","previousOperationId":"resgn6m59urjgr9"}
{"type":"operationEnd","subtype":"render","operationId":"gi8i7w1634tii8e","timestamp":1766938095169,"id":"06v9cbxdk8fi1b2","previousEventId":"hr1rti6qlcoleqa","previousOperationId":"resgn6m59urjgr9"}
{"type":"log","timestamp":1766938099372,"level":"debug","message":"pptx successfully zipped","meta":{"rootId":"ppruuu3wlvwk9t6","id":"ppruuu3wlvwk9t6"},"id":"lb7uv43d13j4lzk","previousOperationId":"mmb0ico157wquab"}
{"type":"log","timestamp":1766938099372,"level":"info","message":"pptx generation was finished","meta":{"rootId":"ppruuu3wlvwk9t6","id":"ppruuu3wlvwk9t6"},"id":"9kph41j681flpje","previousOperationId":"mmb0ico157wquab"}
{"type":"operationEnd","operationId":"mmb0ico157wquab","timestamp":1766938099383,"id":"4bmrpnsnd0dd316","previousEventId":"ul0y516hcptcuk8","previousOperationId":"mmb0ico157wquab"}
{"type":"log","timestamp":1766938099384,"level":"debug","message":"Skipping storing report.","meta":{"rootId":"ppruuu3wlvwk9t6","id":"ppruuu3wlvwk9t6"},"id":"cjbp877wmz49zcd","previousOperationId":"mmb0ico157wquab"}
{"type":"log","timestamp":1766938099384,"level":"info","message":"Rendering request 7 finished in 6439 ms","meta":{"rootId":"ppruuu3wlvwk9t6","id":"ppruuu3wlvwk9t6"},"id":"un4b57s165waxix","previousOperationId":"mmb0ico157wquab"}
{"type":"operationEnd","subtype":"render","operationId":"gczdkpe3o4deqcs","timestamp":1766938099384,"id":"swhgdn5k3zryrqt","previousEventId":"4bmrpnsnd0dd316","previousOperationId":"mmb0ico157wquab"}
{"type":"operationEnd","doDiffs":false,"previousEventId":"zyuvght5yauv24t","previousOperationId":"v6zzbwn2qkl8slh","operationId":"v6zzbwn2qkl8slh","timestamp":1766938099390,"id":"dt3277cxh21ewgm"}
