{"type":"operationStart","subtype":"profile","data":{"_id":"QfqD4QG6thDyPOPb","timestamp":"2025-12-31T11:23:27.739Z","state":"running","mode":"standard","creationDate":"2025-12-31T11:23:27.746Z","modificationDate":"2025-12-31T11:23:27.746Z","shortid":"6o4HYqC","$entitySet":"profiles","timeout":60000},"doDiffs":false,"timestamp":1767180207742,"id":"8694yvrzdneoy52","previousOperationId":null,"operationId":"ssyovrsgxej7stj"}
{"type":"log","level":"info","message":"Render request 30 queued for execution and waiting for available worker","previousOperationId":"ssyovrsgxej7stj","timestamp":1767180207743,"id":"nu48rdcivu4p49g"}
{"type":"operationStart","subtype":"render","name":"anonymous","previousOperationId":"ssyovrsgxej7stj","timestamp":1767180207796,"id":"vlmhl17y71b0vnd","previousEventId":"8694yvrzdneoy52","operationId":"qn5v5uwv8ueevbe"}
{"type":"log","timestamp":1767180207796,"level":"info","message":"Starting rendering request 30","meta":{"rootId":"przwus8wr1h5b12","id":"przwus8wr1h5b12"},"id":"2xdgq8n9pgrlhtr","previousOperationId":"qn5v5uwv8ueevbe"}
{"type":"log","timestamp":1767180207797,"level":"info","message":"Rendering anonymous template { recipe: pptx, engine: handlebars }","meta":{"rootId":"przwus8wr1h5b12","id":"przwus8wr1h5b12"},"id":"kvfhpu61ge5z8ki","previousOperationId":"qn5v5uwv8ueevbe"}
{"type":"log","timestamp":1767180207797,"level":"debug","message":"Inline data specified.","meta":{"rootId":"przwus8wr1h5b12","id":"przwus8wr1h5b12"},"id":"2l51pa5p3xcpvre","previousOperationId":"qn5v5uwv8ueevbe"}
{"type":"log","timestamp":1767180207802,"level":"debug","message":"Base url not specified, skipping its injection.","meta":{"rootId":"przwus8wr1h5b12","id":"przwus8wr1h5b12"},"id":"rgp2lh3tgv00s4c","previousOperationId":"qn5v5uwv8ueevbe"}
{"type":"operationStart","subtype":"engine","name":"handlebars","timestamp":1767180207803,"id":"op5tl67196ku8ap","previousEventId":"vlmhl17y71b0vnd","operationId":"2zgg3z7wpwfsxnz","previousOperationId":"qn5v5uwv8ueevbe"}
{"type":"log","timestamp":1767180207803,"level":"debug","message":"Rendering engine handlebars","meta":{"rootId":"przwus8wr1h5b12","id":"przwus8wr1h5b12"},"id":"e5vocvkykk9kcmv","previousOperationId":"2zgg3z7wpwfsxnz"}
{"type":"operationEnd","operationId":"2zgg3z7wpwfsxnz","timestamp":1767180207828,"id":"grlz8q9birt9yhp","previousEventId":"op5tl67196ku8ap","previousOperationId":"2zgg3z7wpwfsxnz"}
{"type":"operationStart","subtype":"recipe","name":"pptx","timestamp":1767180207828,"id":"9vz1fldlusjjs1u","previousEventId":"grlz8q9birt9yhp","operationId":"1nwwrs7ke5vj3nw","previousOperationId":"2zgg3z7wpwfsxnz"}
{"type":"log","timestamp":1767180207828,"level":"debug","message":"Executing recipe pptx","meta":{"rootId":"przwus8wr1h5b12","id":"przwus8wr1h5b12"},"id":"lgj9ojfvmth6xa6","previousOperationId":"1nwwrs7ke5vj3nw"}
{"type":"log","timestamp":1767180207856,"level":"info","message":"pptx generation is starting","meta":{"rootId":"przwus8wr1h5b12","id":"przwus8wr1h5b12"},"id":"zq0kxtr2e8wen9k","previousOperationId":"1nwwrs7ke5vj3nw"}
{"type":"log","timestamp":1767180209985,"level":"debug","message":"Starting child request to render pptx dynamic parts","meta":{"rootId":"przwus8wr1h5b12","id":"przwus8wr1h5b12"},"id":"l08mofonjaxgd1q","previousOperationId":"1nwwrs7ke5vj3nw"}
{"type":"operationStart","subtype":"render","name":"anonymous","previousOperationId":"1nwwrs7ke5vj3nw","timestamp":1767180209985,"id":"ng0g6zuav34ua2d","previousEventId":"9vz1fldlusjjs1u","operationId":"4ftpzndf1lmxf6o"}
{"type":"log","timestamp":1767180209986,"level":"info","message":"Starting rendering (child) request","meta":{"rootId":"przwus8wr1h5b12","id":"9q5dkoqcrjy9s0x"},"id":"mtc5o5cvtgcbswa","previousOperationId":"4ftpzndf1lmxf6o"}
{"type":"log","timestamp":1767180209986,"level":"info","message":"Rendering anonymous template { recipe: html, engine: handlebars }","meta":{"rootId":"przwus8wr1h5b12","id":"9q5dkoqcrjy9s0x"},"id":"pcgkjb0wofkkjif","previousOperationId":"4ftpzndf1lmxf6o"}
{"type":"log","timestamp":1767180209986,"level":"debug","message":"Inline data specified.","meta":{"rootId":"przwus8wr1h5b12","id":"9q5dkoqcrjy9s0x"},"id":"jgk4eu7qxwap4cs","previousOperationId":"4ftpzndf1lmxf6o"}
{"type":"log","timestamp":1767180209992,"level":"debug","message":"Base url not specified, skipping its injection.","meta":{"rootId":"przwus8wr1h5b12","id":"9q5dkoqcrjy9s0x"},"id":"jcy6m9es8iv3vxa","previousOperationId":"4ftpzndf1lmxf6o"}
{"type":"operationStart","subtype":"engine","name":"handlebars","timestamp":1767180209994,"id":"m2gn9fpxsw53uu4","previousEventId":"ng0g6zuav34ua2d","operationId":"lj81iy3kuoyqq7w","previousOperationId":"4ftpzndf1lmxf6o"}
{"type":"log","timestamp":1767180209994,"level":"debug","message":"Rendering engine handlebars","meta":{"rootId":"przwus8wr1h5b12","id":"9q5dkoqcrjy9s0x"},"id":"9jd11v9mxulxe56","previousOperationId":"lj81iy3kuoyqq7w"}
{"type":"log","timestamp":1767180210014,"level":"debug","message":"(console:log) {\n  type: 'echarts@v5a',\n  width: 848,\n  height: 409,\n  option: { radar: [ [Object] ], series: [ [Object] ] }\n}","meta":{"userLevel":true,"rootId":"przwus8wr1h5b12","id":"9q5dkoqcrjy9s0x"},"id":"77yy5mmjm65hpd8","previousOperationId":"lj81iy3kuoyqq7w"}
{"type":"operationEnd","operationId":"lj81iy3kuoyqq7w","timestamp":1767180210029,"id":"evfl81lrsbt63tf","previousEventId":"m2gn9fpxsw53uu4","previousOperationId":"lj81iy3kuoyqq7w"}
{"type":"operationStart","subtype":"recipe","name":"html","timestamp":1767180210052,"id":"h4ulww6fhm46r9e","previousEventId":"evfl81lrsbt63tf","operationId":"kmoi9zmmr1mo20r","previousOperationId":"lj81iy3kuoyqq7w"}
{"type":"log","timestamp":1767180210052,"level":"debug","message":"Executing recipe html","meta":{"rootId":"przwus8wr1h5b12","id":"9q5dkoqcrjy9s0x"},"id":"i6v80086nvgv0lb","previousOperationId":"kmoi9zmmr1mo20r"}
{"type":"operationEnd","operationId":"kmoi9zmmr1mo20r","timestamp":1767180210052,"id":"bsv7gchdw904btd","previousEventId":"h4ulww6fhm46r9e","previousOperationId":"kmoi9zmmr1mo20r"}
{"type":"log","timestamp":1767180210052,"level":"debug","message":"Skipping storing report.","meta":{"rootId":"przwus8wr1h5b12","id":"9q5dkoqcrjy9s0x"},"id":"styif2mqe24c0x1","previousOperationId":"kmoi9zmmr1mo20r"}
{"type":"log","timestamp":1767180210052,"level":"info","message":"Rendering (child) request finished in 2314 ms","meta":{"rootId":"przwus8wr1h5b12","id":"9q5dkoqcrjy9s0x"},"id":"0tuyhgio3xsj6ij","previousOperationId":"kmoi9zmmr1mo20r"}
{"type":"operationEnd","subtype":"render","operationId":"4ftpzndf1lmxf6o","timestamp":1767180210052,"id":"as6pi0wsxejujfa","previousEventId":"bsv7gchdw904btd","previousOperationId":"kmoi9zmmr1mo20r"}
{"type":"log","timestamp":1767180216222,"level":"debug","message":"pptx successfully zipped","meta":{"rootId":"przwus8wr1h5b12","id":"przwus8wr1h5b12"},"id":"43sczpv7a1slv0d","previousOperationId":"1nwwrs7ke5vj3nw"}
{"type":"log","timestamp":1767180216222,"level":"info","message":"pptx generation was finished","meta":{"rootId":"przwus8wr1h5b12","id":"przwus8wr1h5b12"},"id":"hszm8n6vbtyg4uy","previousOperationId":"1nwwrs7ke5vj3nw"}
{"type":"operationEnd","operationId":"1nwwrs7ke5vj3nw","timestamp":1767180216232,"id":"ep7axin3dj599bi","previousEventId":"9vz1fldlusjjs1u","previousOperationId":"1nwwrs7ke5vj3nw"}
{"type":"log","timestamp":1767180216233,"level":"debug","message":"Skipping storing report.","meta":{"rootId":"przwus8wr1h5b12","id":"przwus8wr1h5b12"},"id":"0p6tplhxvl45um8","previousOperationId":"1nwwrs7ke5vj3nw"}
{"type":"log","timestamp":1767180216233,"level":"info","message":"Rendering request 30 finished in 8495 ms","meta":{"rootId":"przwus8wr1h5b12","id":"przwus8wr1h5b12"},"id":"i3sbgsynpu0y72a","previousOperationId":"1nwwrs7ke5vj3nw"}
{"type":"operationEnd","subtype":"render","operationId":"qn5v5uwv8ueevbe","timestamp":1767180216233,"id":"ugsq4sh2bqf9g7j","previousEventId":"ep7axin3dj599bi","previousOperationId":"1nwwrs7ke5vj3nw"}
{"type":"operationEnd","doDiffs":false,"previousEventId":"8694yvrzdneoy52","previousOperationId":"ssyovrsgxej7stj","operationId":"ssyovrsgxej7stj","timestamp":1767180216240,"id":"45p0grr7he0xiir"}
