{"type":"operationStart","subtype":"profile","data":{"_id":"JSa5NhVrAGjXRXTu","timestamp":"2025-12-28T16:37:24.805Z","state":"running","mode":"standard","creationDate":"2025-12-28T16:37:24.810Z","modificationDate":"2025-12-28T16:37:24.810Z","shortid":"gY7k1a-","$entitySet":"profiles","timeout":60000},"doDiffs":false,"timestamp":1766939844808,"id":"45tpa7d76grwcc9","previousOperationId":null,"operationId":"a2z3vdo7dq5afap"}
{"type":"log","level":"info","message":"Render request 1 queued for execution and waiting for available worker","previousOperationId":"a2z3vdo7dq5afap","timestamp":1766939844808,"id":"urs6v5nq7p6c9lm"}
{"type":"operationStart","subtype":"render","name":"anonymous","previousOperationId":"a2z3vdo7dq5afap","timestamp":1766939844884,"id":"qkx3l6psfwxs3lf","previousEventId":"45tpa7d76grwcc9","operationId":"if2w23dfhzh44om"}
{"type":"log","timestamp":1766939844886,"level":"info","message":"Starting rendering request 1","meta":{"rootId":"pwrih55vy6hh4kf","id":"pwrih55vy6hh4kf"},"id":"euraevm4tsx2t6c","previousOperationId":"if2w23dfhzh44om"}
{"type":"log","timestamp":1766939844888,"level":"info","message":"Rendering anonymous template { recipe: pptx, engine: handlebars }","meta":{"rootId":"pwrih55vy6hh4kf","id":"pwrih55vy6hh4kf"},"id":"z9o6qvp4rkviep8","previousOperationId":"if2w23dfhzh44om"}
{"type":"log","timestamp":1766939844888,"level":"debug","message":"Inline data specified.","meta":{"rootId":"pwrih55vy6hh4kf","id":"pwrih55vy6hh4kf"},"id":"slfbt0k177rjpme","previousOperationId":"if2w23dfhzh44om"}
{"type":"log","timestamp":1766939844901,"level":"debug","message":"Base url not specified, skipping its injection.","meta":{"rootId":"pwrih55vy6hh4kf","id":"pwrih55vy6hh4kf"},"id":"fu8p68nz6952ced","previousOperationId":"if2w23dfhzh44om"}
{"type":"operationStart","subtype":"engine","name":"handlebars","timestamp":1766939844904,"id":"2epqmwjn24ht8zw","previousEventId":"qkx3l6psfwxs3lf","operationId":"ny3sd58ulno4zjr","previousOperationId":"if2w23dfhzh44om"}
{"type":"log","timestamp":1766939844904,"level":"debug","message":"Rendering engine handlebars","meta":{"rootId":"pwrih55vy6hh4kf","id":"pwrih55vy6hh4kf"},"id":"51u7zy5qrcekj57","previousOperationId":"ny3sd58ulno4zjr"}
{"type":"operationEnd","operationId":"ny3sd58ulno4zjr","timestamp":1766939846056,"id":"rcnd1ivp8m8xha8","previousEventId":"2epqmwjn24ht8zw","previousOperationId":"ny3sd58ulno4zjr"}
{"type":"operationStart","subtype":"recipe","name":"pptx","timestamp":1766939846057,"id":"hwjykdunkqw7klz","previousEventId":"rcnd1ivp8m8xha8","operationId":"xny9y0glgjdgcs8","previousOperationId":"ny3sd58ulno4zjr"}
{"type":"log","timestamp":1766939846057,"level":"debug","message":"Executing recipe pptx","meta":{"rootId":"pwrih55vy6hh4kf","id":"pwrih55vy6hh4kf"},"id":"latzfqg67lc3z5v","previousOperationId":"xny9y0glgjdgcs8"}
{"type":"log","timestamp":1766939846332,"level":"info","message":"pptx generation is starting","meta":{"rootId":"pwrih55vy6hh4kf","id":"pwrih55vy6hh4kf"},"id":"060ng0ik2t5gijz","previousOperationId":"xny9y0glgjdgcs8"}
{"type":"log","timestamp":1766939848180,"level":"debug","message":"Starting child request to render pptx dynamic parts","meta":{"rootId":"pwrih55vy6hh4kf","id":"pwrih55vy6hh4kf"},"id":"4pghzj2by6tkq8p","previousOperationId":"xny9y0glgjdgcs8"}
{"type":"operationStart","subtype":"render","name":"anonymous","previousOperationId":"xny9y0glgjdgcs8","timestamp":1766939848182,"id":"yr27sqd5p4ux0dc","previousEventId":"hwjykdunkqw7klz","operationId":"4tphbefb1534c0r"}
{"type":"log","timestamp":1766939848182,"level":"info","message":"Starting rendering (child) request","meta":{"rootId":"pwrih55vy6hh4kf","id":"pe8r43nyp1xetf3"},"id":"7iqiad4usggzedv","previousOperationId":"4tphbefb1534c0r"}
{"type":"log","timestamp":1766939848182,"level":"info","message":"Rendering anonymous template { recipe: html, engine: handlebars }","meta":{"rootId":"pwrih55vy6hh4kf","id":"pe8r43nyp1xetf3"},"id":"4p5up5qbz2g9k07","previousOperationId":"4tphbefb1534c0r"}
{"type":"log","timestamp":1766939848182,"level":"debug","message":"Inline data specified.","meta":{"rootId":"pwrih55vy6hh4kf","id":"pe8r43nyp1xetf3"},"id":"8xbqyvee3xiff13","previousOperationId":"4tphbefb1534c0r"}
{"type":"log","timestamp":1766939848189,"level":"debug","message":"Base url not specified, skipping its injection.","meta":{"rootId":"pwrih55vy6hh4kf","id":"pe8r43nyp1xetf3"},"id":"wyj9h1sd2vepomd","previousOperationId":"4tphbefb1534c0r"}
{"type":"operationStart","subtype":"engine","name":"handlebars","timestamp":1766939848192,"id":"ulufpl0ybtnk96n","previousEventId":"yr27sqd5p4ux0dc","operationId":"cye8ajl4kaezcvg","previousOperationId":"4tphbefb1534c0r"}
{"type":"log","timestamp":1766939848192,"level":"debug","message":"Rendering engine handlebars","meta":{"rootId":"pwrih55vy6hh4kf","id":"pe8r43nyp1xetf3"},"id":"04iz7y723vtf2zc","previousOperationId":"cye8ajl4kaezcvg"}
{"type":"log","timestamp":1766939848406,"level":"debug","message":"(console:log) {\n  type: 'echarts@v5a',\n  width: 848,\n  height: 409,\n  option: { radar: [ [Object] ], series: [ [Object] ] }\n}","meta":{"userLevel":true,"rootId":"pwrih55vy6hh4kf","id":"pe8r43nyp1xetf3"},"id":"zyumueir8zbnnwl","previousOperationId":"cye8ajl4kaezcvg"}
{"type":"operationEnd","operationId":"cye8ajl4kaezcvg","timestamp":1766939848417,"id":"7xw3fvq9sy82cth","previousEventId":"ulufpl0ybtnk96n","previousOperationId":"cye8ajl4kaezcvg"}
{"type":"operationStart","subtype":"recipe","name":"html","timestamp":1766939848435,"id":"cwjr3x9q8djc5gc","previousEventId":"7xw3fvq9sy82cth","operationId":"roi6xtxliycrp0e","previousOperationId":"cye8ajl4kaezcvg"}
{"type":"log","timestamp":1766939848435,"level":"debug","message":"Executing recipe html","meta":{"rootId":"pwrih55vy6hh4kf","id":"pe8r43nyp1xetf3"},"id":"lx7ttnxdtz1vk9i","previousOperationId":"roi6xtxliycrp0e"}
{"type":"operationEnd","operationId":"roi6xtxliycrp0e","timestamp":1766939848435,"id":"srbv4wiyvsiqvug","previousEventId":"cwjr3x9q8djc5gc","previousOperationId":"roi6xtxliycrp0e"}
{"type":"log","timestamp":1766939848436,"level":"debug","message":"Skipping storing report.","meta":{"rootId":"pwrih55vy6hh4kf","id":"pe8r43nyp1xetf3"},"id":"fymqfw3y81kygk5","previousOperationId":"roi6xtxliycrp0e"}
{"type":"log","timestamp":1766939848436,"level":"info","message":"Rendering (child) request finished in 3634 ms","meta":{"rootId":"pwrih55vy6hh4kf","id":"pe8r43nyp1xetf3"},"id":"1izp6b9qwdt1cqm","previousOperationId":"roi6xtxliycrp0e"}
{"type":"operationEnd","subtype":"render","operationId":"4tphbefb1534c0r","timestamp":1766939848437,"id":"sdpn7tvyi8ibu90","previousEventId":"srbv4wiyvsiqvug","previousOperationId":"roi6xtxliycrp0e"}
{"type":"log","timestamp":1766939858895,"level":"debug","message":"pptx successfully zipped","meta":{"rootId":"pwrih55vy6hh4kf","id":"pwrih55vy6hh4kf"},"id":"uk1enbpcoooafrx","previousOperationId":"xny9y0glgjdgcs8"}
{"type":"log","timestamp":1766939858895,"level":"info","message":"pptx generation was finished","meta":{"rootId":"pwrih55vy6hh4kf","id":"pwrih55vy6hh4kf"},"id":"2g507w5g8xobon9","previousOperationId":"xny9y0glgjdgcs8"}
{"type":"operationEnd","operationId":"xny9y0glgjdgcs8","timestamp":1766939858912,"id":"iy3p059fmuwwl06","previousEventId":"hwjykdunkqw7klz","previousOperationId":"xny9y0glgjdgcs8"}
{"type":"log","timestamp":1766939858913,"level":"debug","message":"Skipping storing report.","meta":{"rootId":"pwrih55vy6hh4kf","id":"pwrih55vy6hh4kf"},"id":"028sqmuywvz416v","previousOperationId":"xny9y0glgjdgcs8"}
{"type":"log","timestamp":1766939858913,"level":"info","message":"Rendering request 1 finished in 14111 ms","meta":{"rootId":"pwrih55vy6hh4kf","id":"pwrih55vy6hh4kf"},"id":"1v2gbsc99jsud4x","previousOperationId":"xny9y0glgjdgcs8"}
{"type":"operationEnd","subtype":"render","operationId":"if2w23dfhzh44om","timestamp":1766939858913,"id":"g2xq2sthiua2re0","previousEventId":"iy3p059fmuwwl06","previousOperationId":"xny9y0glgjdgcs8"}
{"type":"operationEnd","doDiffs":false,"previousEventId":"45tpa7d76grwcc9","previousOperationId":"a2z3vdo7dq5afap","operationId":"a2z3vdo7dq5afap","timestamp":1766939858921,"id":"wrsf6ybvbh8dwer"}
