{"type":"operationStart","subtype":"profile","data":{"_id":"9Xuu8D0EXXeRBjjp","timestamp":"2025-12-30T17:49:53.642Z","state":"running","mode":"standard","creationDate":"2025-12-30T17:49:53.649Z","modificationDate":"2025-12-30T17:49:53.649Z","shortid":"GpEss0b","$entitySet":"profiles","timeout":60000},"doDiffs":false,"timestamp":1767116993646,"id":"0tq64kvidvytef7","previousOperationId":null,"operationId":"iwwuwuj16rge8tb"}
{"type":"log","level":"info","message":"Render request 14 queued for execution and waiting for available worker","previousOperationId":"iwwuwuj16rge8tb","timestamp":1767116993646,"id":"b6bmxca3wq7s7yn"}
{"type":"operationStart","subtype":"render","name":"anonymous","previousOperationId":"iwwuwuj16rge8tb","timestamp":1767116993737,"id":"vbf7274jvmqcdqq","previousEventId":"0tq64kvidvytef7","operationId":"jlfhbnynab175h4"}
{"type":"log","timestamp":1767116993737,"level":"info","message":"Starting rendering request 14","meta":{"rootId":"q093q3lkitfiksh","id":"q093q3lkitfiksh"},"id":"t9y2vm9pv74lpdm","previousOperationId":"jlfhbnynab175h4"}
{"type":"log","timestamp":1767116993738,"level":"info","message":"Rendering anonymous template { recipe: pptx, engine: handlebars }","meta":{"rootId":"q093q3lkitfiksh","id":"q093q3lkitfiksh"},"id":"tvmlzjkcqdxz27n","previousOperationId":"jlfhbnynab175h4"}
{"type":"log","timestamp":1767116993738,"level":"debug","message":"Inline data specified.","meta":{"rootId":"q093q3lkitfiksh","id":"q093q3lkitfiksh"},"id":"z1qtygwyk75juma","previousOperationId":"jlfhbnynab175h4"}
{"type":"log","timestamp":1767116993747,"level":"debug","message":"Base url not specified, skipping its injection.","meta":{"rootId":"q093q3lkitfiksh","id":"q093q3lkitfiksh"},"id":"jzbigxn5maf71bg","previousOperationId":"jlfhbnynab175h4"}
{"type":"operationStart","subtype":"engine","name":"handlebars","timestamp":1767116993748,"id":"ekjyrtemg456cu3","previousEventId":"vbf7274jvmqcdqq","operationId":"xvjnjzmfgg6m79f","previousOperationId":"jlfhbnynab175h4"}
{"type":"log","timestamp":1767116993748,"level":"debug","message":"Rendering engine handlebars","meta":{"rootId":"q093q3lkitfiksh","id":"q093q3lkitfiksh"},"id":"u9dlppggkv4tgx1","previousOperationId":"xvjnjzmfgg6m79f"}
{"type":"operationEnd","operationId":"xvjnjzmfgg6m79f","timestamp":1767116993774,"id":"j6ey9g5cbd8pc36","previousEventId":"ekjyrtemg456cu3","previousOperationId":"xvjnjzmfgg6m79f"}
{"type":"operationStart","subtype":"recipe","name":"pptx","timestamp":1767116993774,"id":"hrws6s95miijvac","previousEventId":"j6ey9g5cbd8pc36","operationId":"ljlz36fpypj1162","previousOperationId":"xvjnjzmfgg6m79f"}
{"type":"log","timestamp":1767116993775,"level":"debug","message":"Executing recipe pptx","meta":{"rootId":"q093q3lkitfiksh","id":"q093q3lkitfiksh"},"id":"l6c08mzxsw1w9ib","previousOperationId":"ljlz36fpypj1162"}
{"type":"log","timestamp":1767116993812,"level":"info","message":"pptx generation is starting","meta":{"rootId":"q093q3lkitfiksh","id":"q093q3lkitfiksh"},"id":"h4t5zv81skh57v5","previousOperationId":"ljlz36fpypj1162"}
{"type":"log","timestamp":1767116995723,"level":"debug","message":"Starting child request to render pptx dynamic parts","meta":{"rootId":"q093q3lkitfiksh","id":"q093q3lkitfiksh"},"id":"6i7hzky9n4apdel","previousOperationId":"ljlz36fpypj1162"}
{"type":"operationStart","subtype":"render","name":"anonymous","previousOperationId":"ljlz36fpypj1162","timestamp":1767116995724,"id":"c8f4st053m8uniw","previousEventId":"hrws6s95miijvac","operationId":"0l6674sabzooqp0"}
{"type":"log","timestamp":1767116995724,"level":"info","message":"Starting rendering (child) request","meta":{"rootId":"q093q3lkitfiksh","id":"1ybj0znaa8loksv"},"id":"tyd8z78g2mq1j4g","previousOperationId":"0l6674sabzooqp0"}
{"type":"log","timestamp":1767116995724,"level":"info","message":"Rendering anonymous template { recipe: html, engine: handlebars }","meta":{"rootId":"q093q3lkitfiksh","id":"1ybj0znaa8loksv"},"id":"qn0elbw1pzcoh6d","previousOperationId":"0l6674sabzooqp0"}
{"type":"log","timestamp":1767116995724,"level":"debug","message":"Inline data specified.","meta":{"rootId":"q093q3lkitfiksh","id":"1ybj0znaa8loksv"},"id":"tzdx05oc2ptlwma","previousOperationId":"0l6674sabzooqp0"}
{"type":"log","timestamp":1767116995731,"level":"debug","message":"Base url not specified, skipping its injection.","meta":{"rootId":"q093q3lkitfiksh","id":"1ybj0znaa8loksv"},"id":"c6o4kv7816iy9ac","previousOperationId":"0l6674sabzooqp0"}
{"type":"operationStart","subtype":"engine","name":"handlebars","timestamp":1767116995733,"id":"8073lie2hsexo7a","previousEventId":"c8f4st053m8uniw","operationId":"73arzwyiocsgy9m","previousOperationId":"0l6674sabzooqp0"}
{"type":"log","timestamp":1767116995733,"level":"debug","message":"Rendering engine handlebars","meta":{"rootId":"q093q3lkitfiksh","id":"1ybj0znaa8loksv"},"id":"ipp1pexzo2kso7o","previousOperationId":"73arzwyiocsgy9m"}
{"type":"log","timestamp":1767116995929,"level":"debug","message":"(console:log) {\n  type: 'echarts@v5a',\n  width: 848,\n  height: 409,\n  option: { radar: [ [Object] ], series: [ [Object] ] }\n}","meta":{"userLevel":true,"rootId":"q093q3lkitfiksh","id":"1ybj0znaa8loksv"},"id":"qrk0xfvb5zzoiw3","previousOperationId":"73arzwyiocsgy9m"}
{"type":"operationEnd","operationId":"73arzwyiocsgy9m","timestamp":1767116995943,"id":"nz7axwxe14z89zh","previousEventId":"8073lie2hsexo7a","previousOperationId":"73arzwyiocsgy9m"}
{"type":"operationStart","subtype":"recipe","name":"html","timestamp":1767116995964,"id":"a9hxkhqe2j1f0db","previousEventId":"nz7axwxe14z89zh","operationId":"h9sl8lojg2r104w","previousOperationId":"73arzwyiocsgy9m"}
{"type":"log","timestamp":1767116995964,"level":"debug","message":"Executing recipe html","meta":{"rootId":"q093q3lkitfiksh","id":"1ybj0znaa8loksv"},"id":"ka8cv6f3949378z","previousOperationId":"h9sl8lojg2r104w"}
{"type":"operationEnd","operationId":"h9sl8lojg2r104w","timestamp":1767116995964,"id":"s91tsdw0pkbkrt8","previousEventId":"a9hxkhqe2j1f0db","previousOperationId":"h9sl8lojg2r104w"}
{"type":"log","timestamp":1767116995964,"level":"debug","message":"Skipping storing report.","meta":{"rootId":"q093q3lkitfiksh","id":"1ybj0znaa8loksv"},"id":"9alfqpxha7wehg0","previousOperationId":"h9sl8lojg2r104w"}
{"type":"log","timestamp":1767116995964,"level":"info","message":"Rendering (child) request finished in 2326 ms","meta":{"rootId":"q093q3lkitfiksh","id":"1ybj0znaa8loksv"},"id":"asdlqxe3krf9q8o","previousOperationId":"h9sl8lojg2r104w"}
{"type":"operationEnd","subtype":"render","operationId":"0l6674sabzooqp0","timestamp":1767116995964,"id":"5b9l6604oqnwaxg","previousEventId":"s91tsdw0pkbkrt8","previousOperationId":"h9sl8lojg2r104w"}
{"type":"log","timestamp":1767117001201,"level":"debug","message":"pptx successfully zipped","meta":{"rootId":"q093q3lkitfiksh","id":"q093q3lkitfiksh"},"id":"lms9e8snd8ive94","previousOperationId":"ljlz36fpypj1162"}
{"type":"log","timestamp":1767117001201,"level":"info","message":"pptx generation was finished","meta":{"rootId":"q093q3lkitfiksh","id":"q093q3lkitfiksh"},"id":"ugks2sju3fnyghz","previousOperationId":"ljlz36fpypj1162"}
{"type":"operationEnd","operationId":"ljlz36fpypj1162","timestamp":1767117001217,"id":"gnu39nfrixskn00","previousEventId":"hrws6s95miijvac","previousOperationId":"ljlz36fpypj1162"}
{"type":"log","timestamp":1767117001217,"level":"debug","message":"Skipping storing report.","meta":{"rootId":"q093q3lkitfiksh","id":"q093q3lkitfiksh"},"id":"v55xynamghz4rbg","previousOperationId":"ljlz36fpypj1162"}
{"type":"log","timestamp":1767117001217,"level":"info","message":"Rendering request 14 finished in 7579 ms","meta":{"rootId":"q093q3lkitfiksh","id":"q093q3lkitfiksh"},"id":"4rh0tjj7j4lx1b9","previousOperationId":"ljlz36fpypj1162"}
{"type":"operationEnd","subtype":"render","operationId":"jlfhbnynab175h4","timestamp":1767117001217,"id":"mme22bt2flj24qt","previousEventId":"gnu39nfrixskn00","previousOperationId":"ljlz36fpypj1162"}
{"type":"operationEnd","doDiffs":false,"previousEventId":"0tq64kvidvytef7","previousOperationId":"iwwuwuj16rge8tb","operationId":"iwwuwuj16rge8tb","timestamp":1767117001226,"id":"uk01nzy7672ha42"}
