{"type":"operationStart","subtype":"profile","data":{"_id":"JkP40R4u10gKfk0r","timestamp":"2025-12-07T14:55:09.878Z","state":"running","mode":"standard","creationDate":"2025-12-07T14:55:09.885Z","modificationDate":"2025-12-07T14:55:09.885Z","shortid":"RZfG4D0","$entitySet":"profiles","timeout":60000},"doDiffs":false,"timestamp":1765119309882,"id":"x9umhv3h6yxglpu","previousOperationId":null,"operationId":"wyjvlsgof8mbu7v"}
{"type":"log","level":"info","message":"Render request 1 queued for execution and waiting for available worker","previousOperationId":"wyjvlsgof8mbu7v","timestamp":1765119309883,"id":"bm6o64bz21hje8r"}
{"type":"operationStart","subtype":"render","name":"anonymous","previousOperationId":"wyjvlsgof8mbu7v","timestamp":1765119309979,"id":"oqjvslfk8dmajyi","previousEventId":"x9umhv3h6yxglpu","operationId":"h073pu3oqi9t2we"}
{"type":"log","timestamp":1765119309981,"level":"info","message":"Starting rendering request 1","meta":{"rootId":"q2mk7lrwahs0bdo","id":"q2mk7lrwahs0bdo"},"id":"9ceae9pkamkcdj3","previousOperationId":"h073pu3oqi9t2we"}
{"type":"log","timestamp":1765119309984,"level":"info","message":"Rendering anonymous template { recipe: pptx, engine: handlebars }","meta":{"rootId":"q2mk7lrwahs0bdo","id":"q2mk7lrwahs0bdo"},"id":"khaj4k9m0ikmuz8","previousOperationId":"h073pu3oqi9t2we"}
{"type":"log","timestamp":1765119309984,"level":"debug","message":"Inline data specified.","meta":{"rootId":"q2mk7lrwahs0bdo","id":"q2mk7lrwahs0bdo"},"id":"0zuxcxjni4vs85p","previousOperationId":"h073pu3oqi9t2we"}
{"type":"log","timestamp":1765119309992,"level":"debug","message":"Base url not specified, skipping its injection.","meta":{"rootId":"q2mk7lrwahs0bdo","id":"q2mk7lrwahs0bdo"},"id":"i70dxm7mo2tjq13","previousOperationId":"h073pu3oqi9t2we"}
{"type":"operationStart","subtype":"engine","name":"handlebars","timestamp":1765119309995,"id":"fvacy4fw1e9z5az","previousEventId":"oqjvslfk8dmajyi","operationId":"eg9tt7pjzennuju","previousOperationId":"h073pu3oqi9t2we"}
{"type":"log","timestamp":1765119309995,"level":"debug","message":"Rendering engine handlebars","meta":{"rootId":"q2mk7lrwahs0bdo","id":"q2mk7lrwahs0bdo"},"id":"u4jy0bejygxno4w","previousOperationId":"eg9tt7pjzennuju"}
{"type":"operationEnd","operationId":"eg9tt7pjzennuju","timestamp":1765119311399,"id":"ssdra4v22i4hyn3","previousEventId":"fvacy4fw1e9z5az","previousOperationId":"eg9tt7pjzennuju"}
{"type":"operationStart","subtype":"recipe","name":"pptx","timestamp":1765119311400,"id":"mql4gqa5iissfhx","previousEventId":"ssdra4v22i4hyn3","operationId":"g2gkn9xfr1fwyds","previousOperationId":"eg9tt7pjzennuju"}
{"type":"log","timestamp":1765119311400,"level":"debug","message":"Executing recipe pptx","meta":{"rootId":"q2mk7lrwahs0bdo","id":"q2mk7lrwahs0bdo"},"id":"6j7ittq3wldrdeu","previousOperationId":"g2gkn9xfr1fwyds"}
{"type":"log","timestamp":1765119311670,"level":"info","message":"pptx generation is starting","meta":{"rootId":"q2mk7lrwahs0bdo","id":"q2mk7lrwahs0bdo"},"id":"g64ufb0jhq1kjei","previousOperationId":"g2gkn9xfr1fwyds"}
{"type":"log","timestamp":1765119313396,"level":"debug","message":"Starting child request to render pptx dynamic parts","meta":{"rootId":"q2mk7lrwahs0bdo","id":"q2mk7lrwahs0bdo"},"id":"ol3l7grsvbz2gdf","previousOperationId":"g2gkn9xfr1fwyds"}
{"type":"operationStart","subtype":"render","name":"anonymous","previousOperationId":"g2gkn9xfr1fwyds","timestamp":1765119313397,"id":"j4f34ew11k3v26p","previousEventId":"mql4gqa5iissfhx","operationId":"4e9z4rekzzljw45"}
{"type":"log","timestamp":1765119313397,"level":"info","message":"Starting rendering (child) request","meta":{"rootId":"q2mk7lrwahs0bdo","id":"gm1alvdrxi04ep9"},"id":"j4lxmis7lmqwya3","previousOperationId":"4e9z4rekzzljw45"}
{"type":"log","timestamp":1765119313398,"level":"info","message":"Rendering anonymous template { recipe: html, engine: handlebars }","meta":{"rootId":"q2mk7lrwahs0bdo","id":"gm1alvdrxi04ep9"},"id":"a7f0c8owr6v9qzz","previousOperationId":"4e9z4rekzzljw45"}
{"type":"log","timestamp":1765119313398,"level":"debug","message":"Inline data specified.","meta":{"rootId":"q2mk7lrwahs0bdo","id":"gm1alvdrxi04ep9"},"id":"5ne0oaq0vjt6fh0","previousOperationId":"4e9z4rekzzljw45"}
{"type":"log","timestamp":1765119313406,"level":"debug","message":"Base url not specified, skipping its injection.","meta":{"rootId":"q2mk7lrwahs0bdo","id":"gm1alvdrxi04ep9"},"id":"862918byk6uwaa0","previousOperationId":"4e9z4rekzzljw45"}
{"type":"operationStart","subtype":"engine","name":"handlebars","timestamp":1765119313410,"id":"xs1zirggsxg1hag","previousEventId":"j4f34ew11k3v26p","operationId":"viowr9nushnnhws","previousOperationId":"4e9z4rekzzljw45"}
{"type":"log","timestamp":1765119313411,"level":"debug","message":"Rendering engine handlebars","meta":{"rootId":"q2mk7lrwahs0bdo","id":"gm1alvdrxi04ep9"},"id":"nhmf6nbyz6lb7ei","previousOperationId":"viowr9nushnnhws"}
{"type":"operationEnd","operationId":"viowr9nushnnhws","timestamp":1765119313572,"id":"ium47igvzhmtbia","previousEventId":"xs1zirggsxg1hag","previousOperationId":"viowr9nushnnhws"}
{"type":"operationStart","subtype":"recipe","name":"html","timestamp":1765119313587,"id":"2dpyta3i4y35iug","previousEventId":"ium47igvzhmtbia","operationId":"u24qysq8dt9kxv3","previousOperationId":"viowr9nushnnhws"}
{"type":"log","timestamp":1765119313587,"level":"debug","message":"Executing recipe html","meta":{"rootId":"q2mk7lrwahs0bdo","id":"gm1alvdrxi04ep9"},"id":"4mw0op81ig2ygov","previousOperationId":"u24qysq8dt9kxv3"}
{"type":"operationEnd","operationId":"u24qysq8dt9kxv3","timestamp":1765119313587,"id":"q4f9ynln4mgnkap","previousEventId":"2dpyta3i4y35iug","previousOperationId":"u24qysq8dt9kxv3"}
{"type":"log","timestamp":1765119313589,"level":"debug","message":"Skipping storing report.","meta":{"rootId":"q2mk7lrwahs0bdo","id":"gm1alvdrxi04ep9"},"id":"umw3sr4xm2jrx61","previousOperationId":"u24qysq8dt9kxv3"}
{"type":"log","timestamp":1765119313589,"level":"info","message":"Rendering (child) request finished in 3714 ms","meta":{"rootId":"q2mk7lrwahs0bdo","id":"gm1alvdrxi04ep9"},"id":"a3mvssuc4f7uvo6","previousOperationId":"u24qysq8dt9kxv3"}
{"type":"operationEnd","subtype":"render","operationId":"4e9z4rekzzljw45","timestamp":1765119313589,"id":"828qr5b3pjbm7pe","previousEventId":"q4f9ynln4mgnkap","previousOperationId":"u24qysq8dt9kxv3"}
{"type":"log","timestamp":1765119320852,"level":"debug","message":"pptx successfully zipped","meta":{"rootId":"q2mk7lrwahs0bdo","id":"q2mk7lrwahs0bdo"},"id":"vr3hzllji4f88s3","previousOperationId":"g2gkn9xfr1fwyds"}
{"type":"log","timestamp":1765119320852,"level":"info","message":"pptx generation was finished","meta":{"rootId":"q2mk7lrwahs0bdo","id":"q2mk7lrwahs0bdo"},"id":"3r2u8y153bibfmh","previousOperationId":"g2gkn9xfr1fwyds"}
{"type":"operationEnd","operationId":"g2gkn9xfr1fwyds","timestamp":1765119320867,"id":"uotom8g7s0d2gkj","previousEventId":"mql4gqa5iissfhx","previousOperationId":"g2gkn9xfr1fwyds"}
{"type":"log","timestamp":1765119320868,"level":"debug","message":"Skipping storing report.","meta":{"rootId":"q2mk7lrwahs0bdo","id":"q2mk7lrwahs0bdo"},"id":"x4gwwp7a6lx2979","previousOperationId":"g2gkn9xfr1fwyds"}
{"type":"log","timestamp":1765119320868,"level":"info","message":"Rendering request 1 finished in 10993 ms","meta":{"rootId":"q2mk7lrwahs0bdo","id":"q2mk7lrwahs0bdo"},"id":"8gi6vglt2dr0dle","previousOperationId":"g2gkn9xfr1fwyds"}
{"type":"operationEnd","subtype":"render","operationId":"h073pu3oqi9t2we","timestamp":1765119320868,"id":"jsaxcp60chyz1gr","previousEventId":"uotom8g7s0d2gkj","previousOperationId":"g2gkn9xfr1fwyds"}
{"type":"operationEnd","doDiffs":false,"previousEventId":"x9umhv3h6yxglpu","previousOperationId":"wyjvlsgof8mbu7v","operationId":"wyjvlsgof8mbu7v","timestamp":1765119320877,"id":"au77gyby3vp5d8h"}
