{"type":"operationStart","subtype":"profile","data":{"_id":"Zo1kminYdPRUulE5","timestamp":"2025-12-08T08:28:31.724Z","state":"running","mode":"standard","creationDate":"2025-12-08T08:28:31.735Z","modificationDate":"2025-12-08T08:28:31.735Z","shortid":"NeV2cQO","$entitySet":"profiles","timeout":60000},"doDiffs":false,"timestamp":1765182511733,"id":"fmi8m9iwk16vg3z","previousOperationId":null,"operationId":"djqyze7mhev0qir"}
{"type":"log","level":"info","message":"Render request 3 queued for execution and waiting for available worker","previousOperationId":"djqyze7mhev0qir","timestamp":1765182511734,"id":"7l3df3cqa49bsh0"}
{"type":"operationStart","subtype":"render","name":"anonymous","previousOperationId":"djqyze7mhev0qir","timestamp":1765182511775,"id":"fpyv8a2opojdg4v","previousEventId":"fmi8m9iwk16vg3z","operationId":"ua032235r3a775l"}
{"type":"log","timestamp":1765182511775,"level":"info","message":"Starting rendering request 3","meta":{"rootId":"q51mhja9u5l623b","id":"q51mhja9u5l623b"},"id":"v5lk0rgo67l04eu","previousOperationId":"ua032235r3a775l"}
{"type":"log","timestamp":1765182511775,"level":"info","message":"Rendering anonymous template { recipe: pptx, engine: handlebars }","meta":{"rootId":"q51mhja9u5l623b","id":"q51mhja9u5l623b"},"id":"riddbxrvn1ijntz","previousOperationId":"ua032235r3a775l"}
{"type":"log","timestamp":1765182511775,"level":"debug","message":"Inline data specified.","meta":{"rootId":"q51mhja9u5l623b","id":"q51mhja9u5l623b"},"id":"n99xqbfwdhfs2fr","previousOperationId":"ua032235r3a775l"}
{"type":"log","timestamp":1765182511778,"level":"debug","message":"Base url not specified, skipping its injection.","meta":{"rootId":"q51mhja9u5l623b","id":"q51mhja9u5l623b"},"id":"8od71l1fuvpsm17","previousOperationId":"ua032235r3a775l"}
{"type":"operationStart","subtype":"engine","name":"handlebars","timestamp":1765182511779,"id":"ogut1j2e74xyx7h","previousEventId":"fpyv8a2opojdg4v","operationId":"kb2y7inmnlnmd2m","previousOperationId":"ua032235r3a775l"}
{"type":"log","timestamp":1765182511779,"level":"debug","message":"Rendering engine handlebars","meta":{"rootId":"q51mhja9u5l623b","id":"q51mhja9u5l623b"},"id":"acidlgv7luj0a2z","previousOperationId":"kb2y7inmnlnmd2m"}
{"type":"operationEnd","operationId":"kb2y7inmnlnmd2m","timestamp":1765182511799,"id":"uf7t4zkhgkygy67","previousEventId":"ogut1j2e74xyx7h","previousOperationId":"kb2y7inmnlnmd2m"}
{"type":"operationStart","subtype":"recipe","name":"pptx","timestamp":1765182511799,"id":"s2rbonrdgbuq2l0","previousEventId":"uf7t4zkhgkygy67","operationId":"8x8qofvns62cl7f","previousOperationId":"kb2y7inmnlnmd2m"}
{"type":"log","timestamp":1765182511799,"level":"debug","message":"Executing recipe pptx","meta":{"rootId":"q51mhja9u5l623b","id":"q51mhja9u5l623b"},"id":"sq2atu7q31iieeo","previousOperationId":"8x8qofvns62cl7f"}
{"type":"log","timestamp":1765182511818,"level":"info","message":"pptx generation is starting","meta":{"rootId":"q51mhja9u5l623b","id":"q51mhja9u5l623b"},"id":"ki47abrfb2cfnli","previousOperationId":"8x8qofvns62cl7f"}
{"type":"log","timestamp":1765182513527,"level":"debug","message":"Starting child request to render pptx dynamic parts","meta":{"rootId":"q51mhja9u5l623b","id":"q51mhja9u5l623b"},"id":"rx3pvoyayjba4ml","previousOperationId":"8x8qofvns62cl7f"}
{"type":"operationStart","subtype":"render","name":"anonymous","previousOperationId":"8x8qofvns62cl7f","timestamp":1765182513528,"id":"hbxcqsg8g6j7bjv","previousEventId":"s2rbonrdgbuq2l0","operationId":"dhsgdli8cwtnabx"}
{"type":"log","timestamp":1765182513528,"level":"info","message":"Starting rendering (child) request","meta":{"rootId":"q51mhja9u5l623b","id":"m0cv9crv1er88a4"},"id":"d320cqijlnl3qqd","previousOperationId":"dhsgdli8cwtnabx"}
{"type":"log","timestamp":1765182513528,"level":"info","message":"Rendering anonymous template { recipe: html, engine: handlebars }","meta":{"rootId":"q51mhja9u5l623b","id":"m0cv9crv1er88a4"},"id":"eflrpa7kf5xtrlr","previousOperationId":"dhsgdli8cwtnabx"}
{"type":"log","timestamp":1765182513528,"level":"debug","message":"Inline data specified.","meta":{"rootId":"q51mhja9u5l623b","id":"m0cv9crv1er88a4"},"id":"z667d6nolu0g2s1","previousOperationId":"dhsgdli8cwtnabx"}
{"type":"log","timestamp":1765182513533,"level":"debug","message":"Base url not specified, skipping its injection.","meta":{"rootId":"q51mhja9u5l623b","id":"m0cv9crv1er88a4"},"id":"axhllm9pqbkr9jb","previousOperationId":"dhsgdli8cwtnabx"}
{"type":"operationStart","subtype":"engine","name":"handlebars","timestamp":1765182513535,"id":"s4tripedyig2ud4","previousEventId":"hbxcqsg8g6j7bjv","operationId":"41316o3rab4yls4","previousOperationId":"dhsgdli8cwtnabx"}
{"type":"log","timestamp":1765182513536,"level":"debug","message":"Rendering engine handlebars","meta":{"rootId":"q51mhja9u5l623b","id":"m0cv9crv1er88a4"},"id":"ccs4xfxoftmn9l8","previousOperationId":"41316o3rab4yls4"}
{"type":"operationEnd","operationId":"41316o3rab4yls4","timestamp":1765182513689,"id":"z0fjye2qro7nccc","previousEventId":"s4tripedyig2ud4","previousOperationId":"41316o3rab4yls4"}
{"type":"operationStart","subtype":"recipe","name":"html","timestamp":1765182513705,"id":"ltcx0c10mt67vm2","previousEventId":"z0fjye2qro7nccc","operationId":"nej8rgj6nnb8byp","previousOperationId":"41316o3rab4yls4"}
{"type":"log","timestamp":1765182513705,"level":"debug","message":"Executing recipe html","meta":{"rootId":"q51mhja9u5l623b","id":"m0cv9crv1er88a4"},"id":"6jl7wg8o0hm15a2","previousOperationId":"nej8rgj6nnb8byp"}
{"type":"operationEnd","operationId":"nej8rgj6nnb8byp","timestamp":1765182513705,"id":"3jmo5s8oggiyjp4","previousEventId":"ltcx0c10mt67vm2","previousOperationId":"nej8rgj6nnb8byp"}
{"type":"log","timestamp":1765182513705,"level":"debug","message":"Skipping storing report.","meta":{"rootId":"q51mhja9u5l623b","id":"m0cv9crv1er88a4"},"id":"mhyq71kqje2b1g4","previousOperationId":"nej8rgj6nnb8byp"}
{"type":"log","timestamp":1765182513705,"level":"info","message":"Rendering (child) request finished in 1983 ms","meta":{"rootId":"q51mhja9u5l623b","id":"m0cv9crv1er88a4"},"id":"9kt3iacajuxyv3f","previousOperationId":"nej8rgj6nnb8byp"}
{"type":"operationEnd","subtype":"render","operationId":"dhsgdli8cwtnabx","timestamp":1765182513705,"id":"jw5yarg6ndjzmai","previousEventId":"3jmo5s8oggiyjp4","previousOperationId":"nej8rgj6nnb8byp"}
{"type":"log","timestamp":1765182519077,"level":"debug","message":"pptx successfully zipped","meta":{"rootId":"q51mhja9u5l623b","id":"q51mhja9u5l623b"},"id":"nvq9ah4h2xiy0i3","previousOperationId":"8x8qofvns62cl7f"}
{"type":"log","timestamp":1765182519077,"level":"info","message":"pptx generation was finished","meta":{"rootId":"q51mhja9u5l623b","id":"q51mhja9u5l623b"},"id":"dzujn4m52z0mpv1","previousOperationId":"8x8qofvns62cl7f"}
{"type":"operationEnd","operationId":"8x8qofvns62cl7f","timestamp":1765182519086,"id":"a0t5kjkoaqfwplp","previousEventId":"s2rbonrdgbuq2l0","previousOperationId":"8x8qofvns62cl7f"}
{"type":"log","timestamp":1765182519086,"level":"debug","message":"Skipping storing report.","meta":{"rootId":"q51mhja9u5l623b","id":"q51mhja9u5l623b"},"id":"7cuoc2bnqv2lvcu","previousOperationId":"8x8qofvns62cl7f"}
{"type":"log","timestamp":1765182519086,"level":"info","message":"Rendering request 3 finished in 7364 ms","meta":{"rootId":"q51mhja9u5l623b","id":"q51mhja9u5l623b"},"id":"mlfjsez0vl7hl3o","previousOperationId":"8x8qofvns62cl7f"}
{"type":"operationEnd","subtype":"render","operationId":"ua032235r3a775l","timestamp":1765182519086,"id":"nurxmngn12o3njm","previousEventId":"a0t5kjkoaqfwplp","previousOperationId":"8x8qofvns62cl7f"}
{"type":"operationEnd","doDiffs":false,"previousEventId":"fmi8m9iwk16vg3z","previousOperationId":"djqyze7mhev0qir","operationId":"djqyze7mhev0qir","timestamp":1765182519094,"id":"ho8rjbszcg5xsoj"}
