{"type":"operationStart","subtype":"profile","data":{"_id":"Pw6dlVDepQZ67vW8","timestamp":"2025-12-31T13:52:15.643Z","state":"running","mode":"standard","creationDate":"2025-12-31T13:52:15.647Z","modificationDate":"2025-12-31T13:52:15.647Z","shortid":"2yVwrK4","$entitySet":"profiles","timeout":60000},"doDiffs":false,"timestamp":1767189135645,"id":"gjl71lrn532qyrx","previousOperationId":null,"operationId":"1iknp41iju31x5q"}
{"type":"log","level":"info","message":"Render request 58 queued for execution and waiting for available worker","previousOperationId":"1iknp41iju31x5q","timestamp":1767189135645,"id":"0t14bih9v1ec9i3"}
{"type":"operationStart","subtype":"render","name":"anonymous","previousOperationId":"1iknp41iju31x5q","timestamp":1767189135719,"id":"ludqztwfuar5w60","previousEventId":"gjl71lrn532qyrx","operationId":"xfpbym3if108h82"}
{"type":"log","timestamp":1767189135721,"level":"info","message":"Starting rendering request 58","meta":{"rootId":"q57zsosali9xkdz","id":"q57zsosali9xkdz"},"id":"cc7c0t01ll2uc5h","previousOperationId":"xfpbym3if108h82"}
{"type":"log","timestamp":1767189135723,"level":"info","message":"Rendering anonymous template { recipe: pptx, engine: handlebars }","meta":{"rootId":"q57zsosali9xkdz","id":"q57zsosali9xkdz"},"id":"yyh58opkk7e3ii1","previousOperationId":"xfpbym3if108h82"}
{"type":"log","timestamp":1767189135723,"level":"debug","message":"Inline data specified.","meta":{"rootId":"q57zsosali9xkdz","id":"q57zsosali9xkdz"},"id":"y33bhop92i2efqv","previousOperationId":"xfpbym3if108h82"}
{"type":"log","timestamp":1767189135726,"level":"debug","message":"Base url not specified, skipping its injection.","meta":{"rootId":"q57zsosali9xkdz","id":"q57zsosali9xkdz"},"id":"8pickrt6f1xilio","previousOperationId":"xfpbym3if108h82"}
{"type":"operationStart","subtype":"engine","name":"handlebars","timestamp":1767189135727,"id":"95247zpk76aqrgi","previousEventId":"ludqztwfuar5w60","operationId":"ls2e99wetb7w68z","previousOperationId":"xfpbym3if108h82"}
{"type":"log","timestamp":1767189135727,"level":"debug","message":"Rendering engine handlebars","meta":{"rootId":"q57zsosali9xkdz","id":"q57zsosali9xkdz"},"id":"317kc4ffxvzksfz","previousOperationId":"ls2e99wetb7w68z"}
{"type":"operationEnd","operationId":"ls2e99wetb7w68z","timestamp":1767189135749,"id":"ihfq85lmmcgtqx7","previousEventId":"95247zpk76aqrgi","previousOperationId":"ls2e99wetb7w68z"}
{"type":"operationStart","subtype":"recipe","name":"pptx","timestamp":1767189135750,"id":"sdjk8bvheb84owt","previousEventId":"ihfq85lmmcgtqx7","operationId":"74eugaa9u6gf7a2","previousOperationId":"ls2e99wetb7w68z"}
{"type":"log","timestamp":1767189135750,"level":"debug","message":"Executing recipe pptx","meta":{"rootId":"q57zsosali9xkdz","id":"q57zsosali9xkdz"},"id":"r1ndxdc543p6yao","previousOperationId":"74eugaa9u6gf7a2"}
{"type":"log","timestamp":1767189135764,"level":"info","message":"pptx generation is starting","meta":{"rootId":"q57zsosali9xkdz","id":"q57zsosali9xkdz"},"id":"ubsozwk6qfeqlx7","previousOperationId":"74eugaa9u6gf7a2"}
{"type":"log","timestamp":1767189137089,"level":"debug","message":"Starting child request to render pptx dynamic parts","meta":{"rootId":"q57zsosali9xkdz","id":"q57zsosali9xkdz"},"id":"u99gqybcxq0hoo1","previousOperationId":"74eugaa9u6gf7a2"}
{"type":"operationStart","subtype":"render","name":"anonymous","previousOperationId":"74eugaa9u6gf7a2","timestamp":1767189137090,"id":"hqm7lp55v0y5b0i","previousEventId":"sdjk8bvheb84owt","operationId":"9x6p3ap05xx9sm2"}
{"type":"log","timestamp":1767189137090,"level":"info","message":"Starting rendering (child) request","meta":{"rootId":"q57zsosali9xkdz","id":"wziwrs6nbawu6jy"},"id":"2hjkuc60oxbuz3c","previousOperationId":"9x6p3ap05xx9sm2"}
{"type":"log","timestamp":1767189137090,"level":"info","message":"Rendering anonymous template { recipe: html, engine: handlebars }","meta":{"rootId":"q57zsosali9xkdz","id":"wziwrs6nbawu6jy"},"id":"48vg26l4jvo2fpp","previousOperationId":"9x6p3ap05xx9sm2"}
{"type":"log","timestamp":1767189137090,"level":"debug","message":"Inline data specified.","meta":{"rootId":"q57zsosali9xkdz","id":"wziwrs6nbawu6jy"},"id":"6ka715t5bmzgech","previousOperationId":"9x6p3ap05xx9sm2"}
{"type":"log","timestamp":1767189137093,"level":"debug","message":"Base url not specified, skipping its injection.","meta":{"rootId":"q57zsosali9xkdz","id":"wziwrs6nbawu6jy"},"id":"jgfxzkjjoe2xyld","previousOperationId":"9x6p3ap05xx9sm2"}
{"type":"operationStart","subtype":"engine","name":"handlebars","timestamp":1767189137095,"id":"7i9wgt1w4gy7at6","previousEventId":"hqm7lp55v0y5b0i","operationId":"0ad6a8y6cb01ofp","previousOperationId":"9x6p3ap05xx9sm2"}
{"type":"log","timestamp":1767189137095,"level":"debug","message":"Rendering engine handlebars","meta":{"rootId":"q57zsosali9xkdz","id":"wziwrs6nbawu6jy"},"id":"93rrmyqq74373k0","previousOperationId":"0ad6a8y6cb01ofp"}
{"type":"log","timestamp":1767189137260,"level":"debug","message":"(console:log) {\n  type: 'echarts@v5a',\n  width: 848,\n  height: 409,\n  option: { radar: [ [Object] ], series: [ [Object] ] }\n}","meta":{"userLevel":true,"rootId":"q57zsosali9xkdz","id":"wziwrs6nbawu6jy"},"id":"706ibjwsakxvpph","previousOperationId":"0ad6a8y6cb01ofp"}
{"type":"operationEnd","operationId":"0ad6a8y6cb01ofp","timestamp":1767189137269,"id":"46dm6v3drf28z4f","previousEventId":"7i9wgt1w4gy7at6","previousOperationId":"0ad6a8y6cb01ofp"}
{"type":"operationStart","subtype":"recipe","name":"html","timestamp":1767189137284,"id":"g8h0pl63h89pf10","previousEventId":"46dm6v3drf28z4f","operationId":"xgyjeaoxv1a8dhw","previousOperationId":"0ad6a8y6cb01ofp"}
{"type":"log","timestamp":1767189137284,"level":"debug","message":"Executing recipe html","meta":{"rootId":"q57zsosali9xkdz","id":"wziwrs6nbawu6jy"},"id":"et0wprbioeleojy","previousOperationId":"xgyjeaoxv1a8dhw"}
{"type":"operationEnd","operationId":"xgyjeaoxv1a8dhw","timestamp":1767189137284,"id":"wzkyi9l67j5rgo5","previousEventId":"g8h0pl63h89pf10","previousOperationId":"xgyjeaoxv1a8dhw"}
{"type":"log","timestamp":1767189137284,"level":"debug","message":"Skipping storing report.","meta":{"rootId":"q57zsosali9xkdz","id":"wziwrs6nbawu6jy"},"id":"qedvb78tc6iakea","previousOperationId":"xgyjeaoxv1a8dhw"}
{"type":"log","timestamp":1767189137284,"level":"info","message":"Rendering (child) request finished in 1645 ms","meta":{"rootId":"q57zsosali9xkdz","id":"wziwrs6nbawu6jy"},"id":"n5g6inizca8gfvs","previousOperationId":"xgyjeaoxv1a8dhw"}
{"type":"operationEnd","subtype":"render","operationId":"9x6p3ap05xx9sm2","timestamp":1767189137284,"id":"xo6v2govkepeuwb","previousEventId":"wzkyi9l67j5rgo5","previousOperationId":"xgyjeaoxv1a8dhw"}
{"type":"log","timestamp":1767189141852,"level":"debug","message":"pptx successfully zipped","meta":{"rootId":"q57zsosali9xkdz","id":"q57zsosali9xkdz"},"id":"zs37ajmi42ootfr","previousOperationId":"74eugaa9u6gf7a2"}
{"type":"log","timestamp":1767189141852,"level":"info","message":"pptx generation was finished","meta":{"rootId":"q57zsosali9xkdz","id":"q57zsosali9xkdz"},"id":"bd58mfaqvqrokkl","previousOperationId":"74eugaa9u6gf7a2"}
{"type":"operationEnd","operationId":"74eugaa9u6gf7a2","timestamp":1767189141863,"id":"zid1netvibpa69i","previousEventId":"sdjk8bvheb84owt","previousOperationId":"74eugaa9u6gf7a2"}
{"type":"log","timestamp":1767189141863,"level":"debug","message":"Skipping storing report.","meta":{"rootId":"q57zsosali9xkdz","id":"q57zsosali9xkdz"},"id":"5rhmb31eo7xlpvn","previousOperationId":"74eugaa9u6gf7a2"}
{"type":"log","timestamp":1767189141863,"level":"info","message":"Rendering request 58 finished in 6224 ms","meta":{"rootId":"q57zsosali9xkdz","id":"q57zsosali9xkdz"},"id":"btwfbpjcqdtaoq9","previousOperationId":"74eugaa9u6gf7a2"}
{"type":"operationEnd","subtype":"render","operationId":"xfpbym3if108h82","timestamp":1767189141863,"id":"fxrrn94hda1e902","previousEventId":"zid1netvibpa69i","previousOperationId":"74eugaa9u6gf7a2"}
{"type":"operationEnd","doDiffs":false,"previousEventId":"gjl71lrn532qyrx","previousOperationId":"1iknp41iju31x5q","operationId":"1iknp41iju31x5q","timestamp":1767189141868,"id":"oxbv381qitr6v58"}
