{"type":"operationStart","subtype":"profile","data":{"_id":"KghUV9rGHL6a0Bci","timestamp":"2025-12-30T20:04:22.119Z","state":"running","mode":"standard","creationDate":"2025-12-30T20:04:22.126Z","modificationDate":"2025-12-30T20:04:22.126Z","shortid":"CoVRUuN","$entitySet":"profiles","timeout":60000},"doDiffs":false,"timestamp":1767125062121,"id":"styfagwsyhckl0u","previousOperationId":null,"operationId":"aaapfg5vtbmadop"}
{"type":"log","level":"info","message":"Render request 22 queued for execution and waiting for available worker","previousOperationId":"aaapfg5vtbmadop","timestamp":1767125062124,"id":"jxpr5rmxxmt46vb"}
{"type":"operationStart","subtype":"render","name":"anonymous","previousOperationId":"aaapfg5vtbmadop","timestamp":1767125062170,"id":"50d2u1iwxxct83b","previousEventId":"styfagwsyhckl0u","operationId":"4kyfvgsjgcxwska"}
{"type":"log","timestamp":1767125062170,"level":"info","message":"Starting rendering request 22","meta":{"rootId":"q59ffv5dqczgqij","id":"q59ffv5dqczgqij"},"id":"g5ycizimnfxzqmf","previousOperationId":"4kyfvgsjgcxwska"}
{"type":"log","timestamp":1767125062171,"level":"info","message":"Rendering anonymous template { recipe: pptx, engine: handlebars }","meta":{"rootId":"q59ffv5dqczgqij","id":"q59ffv5dqczgqij"},"id":"liifz65aamfhqsf","previousOperationId":"4kyfvgsjgcxwska"}
{"type":"log","timestamp":1767125062171,"level":"debug","message":"Inline data specified.","meta":{"rootId":"q59ffv5dqczgqij","id":"q59ffv5dqczgqij"},"id":"95e512b5u9yxz02","previousOperationId":"4kyfvgsjgcxwska"}
{"type":"log","timestamp":1767125062175,"level":"debug","message":"Base url not specified, skipping its injection.","meta":{"rootId":"q59ffv5dqczgqij","id":"q59ffv5dqczgqij"},"id":"e8gprvgnove4itz","previousOperationId":"4kyfvgsjgcxwska"}
{"type":"operationStart","subtype":"engine","name":"handlebars","timestamp":1767125062176,"id":"kt3ta695aqmk83m","previousEventId":"50d2u1iwxxct83b","operationId":"jbuycnvk5z4td1j","previousOperationId":"4kyfvgsjgcxwska"}
{"type":"log","timestamp":1767125062176,"level":"debug","message":"Rendering engine handlebars","meta":{"rootId":"q59ffv5dqczgqij","id":"q59ffv5dqczgqij"},"id":"nymkxdmcnofwkl0","previousOperationId":"jbuycnvk5z4td1j"}
{"type":"operationEnd","operationId":"jbuycnvk5z4td1j","timestamp":1767125062195,"id":"8ge2ckrn038k5g6","previousEventId":"kt3ta695aqmk83m","previousOperationId":"jbuycnvk5z4td1j"}
{"type":"operationStart","subtype":"recipe","name":"pptx","timestamp":1767125062196,"id":"o7rnyp54mh7y7lr","previousEventId":"8ge2ckrn038k5g6","operationId":"y5g6ramxxjdqfng","previousOperationId":"jbuycnvk5z4td1j"}
{"type":"log","timestamp":1767125062196,"level":"debug","message":"Executing recipe pptx","meta":{"rootId":"q59ffv5dqczgqij","id":"q59ffv5dqczgqij"},"id":"gut7apnf93msx5z","previousOperationId":"y5g6ramxxjdqfng"}
{"type":"log","timestamp":1767125062211,"level":"info","message":"pptx generation is starting","meta":{"rootId":"q59ffv5dqczgqij","id":"q59ffv5dqczgqij"},"id":"rvk4j9hoxdtuafj","previousOperationId":"y5g6ramxxjdqfng"}
{"type":"log","timestamp":1767125063439,"level":"debug","message":"Starting child request to render pptx dynamic parts","meta":{"rootId":"q59ffv5dqczgqij","id":"q59ffv5dqczgqij"},"id":"lr49pleg0az1n8a","previousOperationId":"y5g6ramxxjdqfng"}
{"type":"operationStart","subtype":"render","name":"anonymous","previousOperationId":"y5g6ramxxjdqfng","timestamp":1767125063439,"id":"69in4gzf628qvwn","previousEventId":"o7rnyp54mh7y7lr","operationId":"r0q4zeq36xom61m"}
{"type":"log","timestamp":1767125063439,"level":"info","message":"Starting rendering (child) request","meta":{"rootId":"q59ffv5dqczgqij","id":"94ag85sfjwvai3h"},"id":"rgn4brsjy0kagnf","previousOperationId":"r0q4zeq36xom61m"}
{"type":"log","timestamp":1767125063439,"level":"info","message":"Rendering anonymous template { recipe: html, engine: handlebars }","meta":{"rootId":"q59ffv5dqczgqij","id":"94ag85sfjwvai3h"},"id":"i3f9ygvorf1uyyj","previousOperationId":"r0q4zeq36xom61m"}
{"type":"log","timestamp":1767125063439,"level":"debug","message":"Inline data specified.","meta":{"rootId":"q59ffv5dqczgqij","id":"94ag85sfjwvai3h"},"id":"d67873kzw6dbeh6","previousOperationId":"r0q4zeq36xom61m"}
{"type":"log","timestamp":1767125063443,"level":"debug","message":"Base url not specified, skipping its injection.","meta":{"rootId":"q59ffv5dqczgqij","id":"94ag85sfjwvai3h"},"id":"11dkzfq1hua2fic","previousOperationId":"r0q4zeq36xom61m"}
{"type":"operationStart","subtype":"engine","name":"handlebars","timestamp":1767125063445,"id":"wh9reke0gk1wdqy","previousEventId":"69in4gzf628qvwn","operationId":"j9z5bxsfy9qqwyp","previousOperationId":"r0q4zeq36xom61m"}
{"type":"log","timestamp":1767125063445,"level":"debug","message":"Rendering engine handlebars","meta":{"rootId":"q59ffv5dqczgqij","id":"94ag85sfjwvai3h"},"id":"te8uydzk5gw1crv","previousOperationId":"j9z5bxsfy9qqwyp"}
{"type":"log","timestamp":1767125063578,"level":"debug","message":"(console:log) {\n  type: 'echarts@v5a',\n  width: 848,\n  height: 409,\n  option: { radar: [ [Object] ], series: [ [Object] ] }\n}","meta":{"userLevel":true,"rootId":"q59ffv5dqczgqij","id":"94ag85sfjwvai3h"},"id":"e6c1orq8q8p6iqb","previousOperationId":"j9z5bxsfy9qqwyp"}
{"type":"operationEnd","operationId":"j9z5bxsfy9qqwyp","timestamp":1767125063586,"id":"h56brbwcfo6h3b8","previousEventId":"wh9reke0gk1wdqy","previousOperationId":"j9z5bxsfy9qqwyp"}
{"type":"operationStart","subtype":"recipe","name":"html","timestamp":1767125063597,"id":"b3mdthk3n1yxro8","previousEventId":"h56brbwcfo6h3b8","operationId":"0hi7w6ypnntkf4c","previousOperationId":"j9z5bxsfy9qqwyp"}
{"type":"log","timestamp":1767125063597,"level":"debug","message":"Executing recipe html","meta":{"rootId":"q59ffv5dqczgqij","id":"94ag85sfjwvai3h"},"id":"naigyg8zp148umk","previousOperationId":"0hi7w6ypnntkf4c"}
{"type":"operationEnd","operationId":"0hi7w6ypnntkf4c","timestamp":1767125063597,"id":"2a0ajvk23atdg5h","previousEventId":"b3mdthk3n1yxro8","previousOperationId":"0hi7w6ypnntkf4c"}
{"type":"log","timestamp":1767125063598,"level":"debug","message":"Skipping storing report.","meta":{"rootId":"q59ffv5dqczgqij","id":"94ag85sfjwvai3h"},"id":"xqfur3ijr67b945","previousOperationId":"0hi7w6ypnntkf4c"}
{"type":"log","timestamp":1767125063598,"level":"info","message":"Rendering (child) request finished in 1480 ms","meta":{"rootId":"q59ffv5dqczgqij","id":"94ag85sfjwvai3h"},"id":"mqqehrn2z3zsmiu","previousOperationId":"0hi7w6ypnntkf4c"}
{"type":"operationEnd","subtype":"render","operationId":"r0q4zeq36xom61m","timestamp":1767125063598,"id":"ur5hyljyiuye91d","previousEventId":"2a0ajvk23atdg5h","previousOperationId":"0hi7w6ypnntkf4c"}
{"type":"log","timestamp":1767125067123,"level":"debug","message":"pptx successfully zipped","meta":{"rootId":"q59ffv5dqczgqij","id":"q59ffv5dqczgqij"},"id":"s4qfhk88wjdjckj","previousOperationId":"y5g6ramxxjdqfng"}
{"type":"log","timestamp":1767125067123,"level":"info","message":"pptx generation was finished","meta":{"rootId":"q59ffv5dqczgqij","id":"q59ffv5dqczgqij"},"id":"kmc061zxt2z8ug7","previousOperationId":"y5g6ramxxjdqfng"}
{"type":"operationEnd","operationId":"y5g6ramxxjdqfng","timestamp":1767125067133,"id":"htxz94emr70qnnt","previousEventId":"o7rnyp54mh7y7lr","previousOperationId":"y5g6ramxxjdqfng"}
{"type":"log","timestamp":1767125067133,"level":"debug","message":"Skipping storing report.","meta":{"rootId":"q59ffv5dqczgqij","id":"q59ffv5dqczgqij"},"id":"226zd77ait7ox1b","previousOperationId":"y5g6ramxxjdqfng"}
{"type":"log","timestamp":1767125067133,"level":"info","message":"Rendering request 22 finished in 5015 ms","meta":{"rootId":"q59ffv5dqczgqij","id":"q59ffv5dqczgqij"},"id":"igqnj5ze23e6je0","previousOperationId":"y5g6ramxxjdqfng"}
{"type":"operationEnd","subtype":"render","operationId":"4kyfvgsjgcxwska","timestamp":1767125067133,"id":"cgpzwdochnr8k25","previousEventId":"htxz94emr70qnnt","previousOperationId":"y5g6ramxxjdqfng"}
{"type":"operationEnd","doDiffs":false,"previousEventId":"styfagwsyhckl0u","previousOperationId":"aaapfg5vtbmadop","operationId":"aaapfg5vtbmadop","timestamp":1767125067139,"id":"e1et920xuamdb3z"}
