{"type":"operationStart","subtype":"profile","data":{"_id":"2ehMz7tbQeH5UCOG","timestamp":"2025-12-31T19:57:36.558Z","state":"running","mode":"standard","creationDate":"2025-12-31T19:57:36.566Z","modificationDate":"2025-12-31T19:57:36.566Z","shortid":"nt9AhA5","$entitySet":"profiles","timeout":60000},"doDiffs":false,"timestamp":1767211056563,"id":"bd24sn324u5mco4","previousOperationId":null,"operationId":"xwhf3x4unfkhcfc"}
{"type":"log","level":"info","message":"Render request 1 queued for execution and waiting for available worker","previousOperationId":"xwhf3x4unfkhcfc","timestamp":1767211056563,"id":"1lplx1drpxivzmz"}
{"type":"operationStart","subtype":"render","name":"anonymous","previousOperationId":"xwhf3x4unfkhcfc","timestamp":1767211056635,"id":"6mqkcet275zfict","previousEventId":"bd24sn324u5mco4","operationId":"2c6rib2nso6wt96"}
{"type":"log","timestamp":1767211056636,"level":"info","message":"Starting rendering request 1","meta":{"rootId":"q60k9fjxr4hpjvk","id":"q60k9fjxr4hpjvk"},"id":"2fjtd2hk81jfheh","previousOperationId":"2c6rib2nso6wt96"}
{"type":"log","timestamp":1767211056638,"level":"info","message":"Rendering anonymous template { recipe: pptx, engine: handlebars }","meta":{"rootId":"q60k9fjxr4hpjvk","id":"q60k9fjxr4hpjvk"},"id":"ewjw4pfibexs5jk","previousOperationId":"2c6rib2nso6wt96"}
{"type":"log","timestamp":1767211056639,"level":"debug","message":"Inline data specified.","meta":{"rootId":"q60k9fjxr4hpjvk","id":"q60k9fjxr4hpjvk"},"id":"atg5ugg4koa24ot","previousOperationId":"2c6rib2nso6wt96"}
{"type":"log","timestamp":1767211056645,"level":"debug","message":"Base url not specified, skipping its injection.","meta":{"rootId":"q60k9fjxr4hpjvk","id":"q60k9fjxr4hpjvk"},"id":"65abljy04dl9lic","previousOperationId":"2c6rib2nso6wt96"}
{"type":"operationStart","subtype":"engine","name":"handlebars","timestamp":1767211056647,"id":"cicmyq09iqpffam","previousEventId":"6mqkcet275zfict","operationId":"e2us2oen7n4m70n","previousOperationId":"2c6rib2nso6wt96"}
{"type":"log","timestamp":1767211056647,"level":"debug","message":"Rendering engine handlebars","meta":{"rootId":"q60k9fjxr4hpjvk","id":"q60k9fjxr4hpjvk"},"id":"fixvibn9fouwtxn","previousOperationId":"e2us2oen7n4m70n"}
{"type":"operationEnd","operationId":"e2us2oen7n4m70n","timestamp":1767211058132,"id":"jh4v6h4pbtte7ni","previousEventId":"cicmyq09iqpffam","previousOperationId":"e2us2oen7n4m70n"}
{"type":"operationStart","subtype":"recipe","name":"pptx","timestamp":1767211058133,"id":"qnqgogw7mvsz8qt","previousEventId":"jh4v6h4pbtte7ni","operationId":"ssto1yibz1fpqpb","previousOperationId":"e2us2oen7n4m70n"}
{"type":"log","timestamp":1767211058134,"level":"debug","message":"Executing recipe pptx","meta":{"rootId":"q60k9fjxr4hpjvk","id":"q60k9fjxr4hpjvk"},"id":"66tcbzf8qc82lns","previousOperationId":"ssto1yibz1fpqpb"}
{"type":"log","timestamp":1767211058427,"level":"info","message":"pptx generation is starting","meta":{"rootId":"q60k9fjxr4hpjvk","id":"q60k9fjxr4hpjvk"},"id":"iux4e05rr9gwo6n","previousOperationId":"ssto1yibz1fpqpb"}
{"type":"log","timestamp":1767211060568,"level":"debug","message":"Starting child request to render pptx dynamic parts","meta":{"rootId":"q60k9fjxr4hpjvk","id":"q60k9fjxr4hpjvk"},"id":"h04wty9ra0zsoms","previousOperationId":"ssto1yibz1fpqpb"}
{"type":"operationStart","subtype":"render","name":"anonymous","previousOperationId":"ssto1yibz1fpqpb","timestamp":1767211060569,"id":"v54m69cv9822g46","previousEventId":"qnqgogw7mvsz8qt","operationId":"ls5cttmvkq27zvc"}
{"type":"log","timestamp":1767211060569,"level":"info","message":"Starting rendering (child) request","meta":{"rootId":"q60k9fjxr4hpjvk","id":"b4vpgzhv7js606d"},"id":"r5x4e2llb4azde7","previousOperationId":"ls5cttmvkq27zvc"}
{"type":"log","timestamp":1767211060569,"level":"info","message":"Rendering anonymous template { recipe: html, engine: handlebars }","meta":{"rootId":"q60k9fjxr4hpjvk","id":"b4vpgzhv7js606d"},"id":"d5546csqazk65tk","previousOperationId":"ls5cttmvkq27zvc"}
{"type":"log","timestamp":1767211060569,"level":"debug","message":"Inline data specified.","meta":{"rootId":"q60k9fjxr4hpjvk","id":"b4vpgzhv7js606d"},"id":"cd5cg86011k79nt","previousOperationId":"ls5cttmvkq27zvc"}
{"type":"log","timestamp":1767211060578,"level":"debug","message":"Base url not specified, skipping its injection.","meta":{"rootId":"q60k9fjxr4hpjvk","id":"b4vpgzhv7js606d"},"id":"nfmr5df3xud9v4r","previousOperationId":"ls5cttmvkq27zvc"}
{"type":"operationStart","subtype":"engine","name":"handlebars","timestamp":1767211060581,"id":"4xuwxob36eu0xsw","previousEventId":"v54m69cv9822g46","operationId":"glf09gw0aijjsck","previousOperationId":"ls5cttmvkq27zvc"}
{"type":"log","timestamp":1767211060581,"level":"debug","message":"Rendering engine handlebars","meta":{"rootId":"q60k9fjxr4hpjvk","id":"b4vpgzhv7js606d"},"id":"3b15ch1irqwtqn3","previousOperationId":"glf09gw0aijjsck"}
{"type":"log","timestamp":1767211060878,"level":"debug","message":"(console:log) {\n  type: 'echarts@v5a',\n  width: 848,\n  height: 409,\n  option: { radar: [ [Object] ], series: [ [Object] ] }\n}","meta":{"userLevel":true,"rootId":"q60k9fjxr4hpjvk","id":"b4vpgzhv7js606d"},"id":"aqunezl8oxaktyj","previousOperationId":"glf09gw0aijjsck"}
{"type":"operationEnd","operationId":"glf09gw0aijjsck","timestamp":1767211060894,"id":"6z4hn0abd5m45y2","previousEventId":"4xuwxob36eu0xsw","previousOperationId":"glf09gw0aijjsck"}
{"type":"operationStart","subtype":"recipe","name":"html","timestamp":1767211060918,"id":"6d3fuubwozgp57v","previousEventId":"6z4hn0abd5m45y2","operationId":"zkic6izsh094s2x","previousOperationId":"glf09gw0aijjsck"}
{"type":"log","timestamp":1767211060918,"level":"debug","message":"Executing recipe html","meta":{"rootId":"q60k9fjxr4hpjvk","id":"b4vpgzhv7js606d"},"id":"04892dpy61r3a23","previousOperationId":"zkic6izsh094s2x"}
{"type":"operationEnd","operationId":"zkic6izsh094s2x","timestamp":1767211060918,"id":"722a6djx6rauja0","previousEventId":"6d3fuubwozgp57v","previousOperationId":"zkic6izsh094s2x"}
{"type":"log","timestamp":1767211060919,"level":"debug","message":"Skipping storing report.","meta":{"rootId":"q60k9fjxr4hpjvk","id":"b4vpgzhv7js606d"},"id":"gl8bzaxv6e1mxgz","previousOperationId":"zkic6izsh094s2x"}
{"type":"log","timestamp":1767211060919,"level":"info","message":"Rendering (child) request finished in 4363 ms","meta":{"rootId":"q60k9fjxr4hpjvk","id":"b4vpgzhv7js606d"},"id":"j2zepme36t62jtj","previousOperationId":"zkic6izsh094s2x"}
{"type":"operationEnd","subtype":"render","operationId":"ls5cttmvkq27zvc","timestamp":1767211060920,"id":"as3ewqlvainvcd0","previousEventId":"722a6djx6rauja0","previousOperationId":"zkic6izsh094s2x"}
{"type":"log","timestamp":1767211069670,"level":"debug","message":"pptx successfully zipped","meta":{"rootId":"q60k9fjxr4hpjvk","id":"q60k9fjxr4hpjvk"},"id":"uax7ecd01woctfm","previousOperationId":"ssto1yibz1fpqpb"}
{"type":"log","timestamp":1767211069670,"level":"info","message":"pptx generation was finished","meta":{"rootId":"q60k9fjxr4hpjvk","id":"q60k9fjxr4hpjvk"},"id":"ux6ecrbf264aki6","previousOperationId":"ssto1yibz1fpqpb"}
{"type":"operationEnd","operationId":"ssto1yibz1fpqpb","timestamp":1767211069690,"id":"f421sah1rg513oj","previousEventId":"qnqgogw7mvsz8qt","previousOperationId":"ssto1yibz1fpqpb"}
{"type":"log","timestamp":1767211069690,"level":"debug","message":"Skipping storing report.","meta":{"rootId":"q60k9fjxr4hpjvk","id":"q60k9fjxr4hpjvk"},"id":"i6yudkf5smmd82b","previousOperationId":"ssto1yibz1fpqpb"}
{"type":"log","timestamp":1767211069690,"level":"info","message":"Rendering request 1 finished in 13134 ms","meta":{"rootId":"q60k9fjxr4hpjvk","id":"q60k9fjxr4hpjvk"},"id":"z8fopx4kvb7oaze","previousOperationId":"ssto1yibz1fpqpb"}
{"type":"operationEnd","subtype":"render","operationId":"2c6rib2nso6wt96","timestamp":1767211069690,"id":"802qmmuddni4a60","previousEventId":"f421sah1rg513oj","previousOperationId":"ssto1yibz1fpqpb"}
{"type":"operationEnd","doDiffs":false,"previousEventId":"bd24sn324u5mco4","previousOperationId":"xwhf3x4unfkhcfc","operationId":"xwhf3x4unfkhcfc","timestamp":1767211069699,"id":"a5gli1h7zmi2lwy"}
