{"type":"operationStart","subtype":"profile","data":{"_id":"usRQo9vjztdEzLYw","timestamp":"2025-12-18T12:58:09.863Z","state":"running","mode":"standard","creationDate":"2025-12-18T12:58:09.865Z","modificationDate":"2025-12-18T12:58:09.865Z","shortid":"-fkTJxe","$entitySet":"profiles","timeout":60000},"doDiffs":false,"timestamp":1766062689864,"id":"tfljcbkazkxi0no","previousOperationId":null,"operationId":"48g3z289t87qu76"}
{"type":"log","level":"info","message":"Render request 2 queued for execution and waiting for available worker","previousOperationId":"48g3z289t87qu76","timestamp":1766062689865,"id":"rbimhomm9nh5jpn"}
{"type":"operationStart","subtype":"render","name":"anonymous","previousOperationId":"48g3z289t87qu76","timestamp":1766062689914,"id":"0tp64ofv9c8tikq","previousEventId":"tfljcbkazkxi0no","operationId":"qnf4vchonffm6ib"}
{"type":"log","timestamp":1766062689915,"level":"info","message":"Starting rendering request 2","meta":{"rootId":"qj1s72mi1tgbjx6","id":"qj1s72mi1tgbjx6"},"id":"b39ehfkt37roy1o","previousOperationId":"qnf4vchonffm6ib"}
{"type":"log","timestamp":1766062689917,"level":"info","message":"Rendering anonymous template { recipe: pptx, engine: handlebars }","meta":{"rootId":"qj1s72mi1tgbjx6","id":"qj1s72mi1tgbjx6"},"id":"3bdpddizofc2ajy","previousOperationId":"qnf4vchonffm6ib"}
{"type":"log","timestamp":1766062689917,"level":"debug","message":"Inline data specified.","meta":{"rootId":"qj1s72mi1tgbjx6","id":"qj1s72mi1tgbjx6"},"id":"lk29vqu5m7i0i8r","previousOperationId":"qnf4vchonffm6ib"}
{"type":"log","timestamp":1766062689921,"level":"debug","message":"Base url not specified, skipping its injection.","meta":{"rootId":"qj1s72mi1tgbjx6","id":"qj1s72mi1tgbjx6"},"id":"1dvlssy0u5ag94u","previousOperationId":"qnf4vchonffm6ib"}
{"type":"operationStart","subtype":"engine","name":"handlebars","timestamp":1766062689924,"id":"h4fac4ltie0zq7d","previousEventId":"0tp64ofv9c8tikq","operationId":"sdor6ji08i1kmbe","previousOperationId":"qnf4vchonffm6ib"}
{"type":"log","timestamp":1766062689924,"level":"debug","message":"Rendering engine handlebars","meta":{"rootId":"qj1s72mi1tgbjx6","id":"qj1s72mi1tgbjx6"},"id":"3smjulc4qvnti12","previousOperationId":"sdor6ji08i1kmbe"}
{"type":"operationEnd","operationId":"sdor6ji08i1kmbe","timestamp":1766062690784,"id":"5cccfen5xofrpp4","previousEventId":"h4fac4ltie0zq7d","previousOperationId":"sdor6ji08i1kmbe"}
{"type":"operationStart","subtype":"recipe","name":"pptx","timestamp":1766062690785,"id":"j23m9dtmo7ks28h","previousEventId":"5cccfen5xofrpp4","operationId":"wbpssw4w0xwbp5a","previousOperationId":"sdor6ji08i1kmbe"}
{"type":"log","timestamp":1766062690785,"level":"debug","message":"Executing recipe pptx","meta":{"rootId":"qj1s72mi1tgbjx6","id":"qj1s72mi1tgbjx6"},"id":"4pjxkf02kjx4e4s","previousOperationId":"wbpssw4w0xwbp5a"}
{"type":"log","timestamp":1766062690931,"level":"info","message":"pptx generation is starting","meta":{"rootId":"qj1s72mi1tgbjx6","id":"qj1s72mi1tgbjx6"},"id":"rp0ytoiq61dsj4r","previousOperationId":"wbpssw4w0xwbp5a"}
{"type":"log","timestamp":1766062691976,"level":"debug","message":"Starting child request to render pptx dynamic parts","meta":{"rootId":"qj1s72mi1tgbjx6","id":"qj1s72mi1tgbjx6"},"id":"tu137mvw7f5rbd3","previousOperationId":"wbpssw4w0xwbp5a"}
{"type":"operationStart","subtype":"render","name":"anonymous","previousOperationId":"wbpssw4w0xwbp5a","timestamp":1766062691977,"id":"he97kpcl04qtntp","previousEventId":"j23m9dtmo7ks28h","operationId":"o8d458o75lqvocm"}
{"type":"log","timestamp":1766062691977,"level":"info","message":"Starting rendering (child) request","meta":{"rootId":"qj1s72mi1tgbjx6","id":"j57vw8jahz3i3ze"},"id":"ep7lhjwhll64k97","previousOperationId":"o8d458o75lqvocm"}
{"type":"log","timestamp":1766062691977,"level":"info","message":"Rendering anonymous template { recipe: html, engine: handlebars }","meta":{"rootId":"qj1s72mi1tgbjx6","id":"j57vw8jahz3i3ze"},"id":"dbzy6nimfgs3wsz","previousOperationId":"o8d458o75lqvocm"}
{"type":"log","timestamp":1766062691977,"level":"debug","message":"Inline data specified.","meta":{"rootId":"qj1s72mi1tgbjx6","id":"j57vw8jahz3i3ze"},"id":"ecg8vdrxsspvcxt","previousOperationId":"o8d458o75lqvocm"}
{"type":"log","timestamp":1766062691981,"level":"debug","message":"Base url not specified, skipping its injection.","meta":{"rootId":"qj1s72mi1tgbjx6","id":"j57vw8jahz3i3ze"},"id":"cfd77dcwxacqmsy","previousOperationId":"o8d458o75lqvocm"}
{"type":"operationStart","subtype":"engine","name":"handlebars","timestamp":1766062691982,"id":"o9hhg0l3tlh680v","previousEventId":"he97kpcl04qtntp","operationId":"rcpq8iylp017ca0","previousOperationId":"o8d458o75lqvocm"}
{"type":"log","timestamp":1766062691982,"level":"debug","message":"Rendering engine handlebars","meta":{"rootId":"qj1s72mi1tgbjx6","id":"j57vw8jahz3i3ze"},"id":"9c077hp3yp5udwm","previousOperationId":"rcpq8iylp017ca0"}
{"type":"operationEnd","operationId":"rcpq8iylp017ca0","timestamp":1766062692111,"id":"dx3s6fopv19a8u6","previousEventId":"o9hhg0l3tlh680v","previousOperationId":"rcpq8iylp017ca0"}
{"type":"operationStart","subtype":"recipe","name":"html","timestamp":1766062692119,"id":"zeq5esu0d9firsg","previousEventId":"dx3s6fopv19a8u6","operationId":"woogs1yri0mc6g7","previousOperationId":"rcpq8iylp017ca0"}
{"type":"log","timestamp":1766062692119,"level":"debug","message":"Executing recipe html","meta":{"rootId":"qj1s72mi1tgbjx6","id":"j57vw8jahz3i3ze"},"id":"wh0rvbfpiyunivm","previousOperationId":"woogs1yri0mc6g7"}
{"type":"operationEnd","operationId":"woogs1yri0mc6g7","timestamp":1766062692119,"id":"oqvredq2e5ifjt6","previousEventId":"zeq5esu0d9firsg","previousOperationId":"woogs1yri0mc6g7"}
{"type":"log","timestamp":1766062692120,"level":"debug","message":"Skipping storing report.","meta":{"rootId":"qj1s72mi1tgbjx6","id":"j57vw8jahz3i3ze"},"id":"3f8o2ebvictqc6g","previousOperationId":"woogs1yri0mc6g7"}
{"type":"log","timestamp":1766062692120,"level":"info","message":"Rendering (child) request finished in 2258 ms","meta":{"rootId":"qj1s72mi1tgbjx6","id":"j57vw8jahz3i3ze"},"id":"1i31jstv440oiyp","previousOperationId":"woogs1yri0mc6g7"}
{"type":"operationEnd","subtype":"render","operationId":"o8d458o75lqvocm","timestamp":1766062692120,"id":"xui5jcyywymavjd","previousEventId":"oqvredq2e5ifjt6","previousOperationId":"woogs1yri0mc6g7"}
{"type":"log","timestamp":1766062695483,"level":"debug","message":"pptx successfully zipped","meta":{"rootId":"qj1s72mi1tgbjx6","id":"qj1s72mi1tgbjx6"},"id":"z4zehhx6yucytvm","previousOperationId":"wbpssw4w0xwbp5a"}
{"type":"log","timestamp":1766062695483,"level":"info","message":"pptx generation was finished","meta":{"rootId":"qj1s72mi1tgbjx6","id":"qj1s72mi1tgbjx6"},"id":"ylgnxdq3h2hwhqt","previousOperationId":"wbpssw4w0xwbp5a"}
{"type":"operationEnd","operationId":"wbpssw4w0xwbp5a","timestamp":1766062695494,"id":"av2km7e2jw48dl5","previousEventId":"j23m9dtmo7ks28h","previousOperationId":"wbpssw4w0xwbp5a"}
{"type":"log","timestamp":1766062695495,"level":"debug","message":"Skipping storing report.","meta":{"rootId":"qj1s72mi1tgbjx6","id":"qj1s72mi1tgbjx6"},"id":"wxtqt7tgydvltv2","previousOperationId":"wbpssw4w0xwbp5a"}
{"type":"log","timestamp":1766062695495,"level":"info","message":"Rendering request 2 finished in 5633 ms","meta":{"rootId":"qj1s72mi1tgbjx6","id":"qj1s72mi1tgbjx6"},"id":"nlex7les8s6i281","previousOperationId":"wbpssw4w0xwbp5a"}
{"type":"operationEnd","subtype":"render","operationId":"qnf4vchonffm6ib","timestamp":1766062695495,"id":"a81a5vra716sp5u","previousEventId":"av2km7e2jw48dl5","previousOperationId":"wbpssw4w0xwbp5a"}
{"type":"operationEnd","doDiffs":false,"previousEventId":"tfljcbkazkxi0no","previousOperationId":"48g3z289t87qu76","operationId":"48g3z289t87qu76","timestamp":1766062695499,"id":"iejx5bm9pu8o05r"}
