{"type":"operationStart","subtype":"profile","data":{"_id":"IccOOtkSTCBpnj3Z","timestamp":"2025-12-31T09:07:13.779Z","state":"running","mode":"standard","creationDate":"2025-12-31T09:07:13.787Z","modificationDate":"2025-12-31T09:07:13.787Z","shortid":"BBveon5","$entitySet":"profiles","timeout":60000},"doDiffs":false,"timestamp":1767172033783,"id":"q2a297qc29shcbm","previousOperationId":null,"operationId":"313hx0rryj3290z"}
{"type":"log","level":"info","message":"Render request 7 queued for execution and waiting for available worker","previousOperationId":"313hx0rryj3290z","timestamp":1767172033784,"id":"68ipf72hc02evia"}
{"type":"operationStart","subtype":"render","name":"anonymous","previousOperationId":"313hx0rryj3290z","timestamp":1767172033847,"id":"zu1owdwi5o03c12","previousEventId":"q2a297qc29shcbm","operationId":"ux7tve68275r3mr"}
{"type":"log","timestamp":1767172033847,"level":"info","message":"Starting rendering request 7","meta":{"rootId":"qk5m35012tyiwdz","id":"qk5m35012tyiwdz"},"id":"yaznioho6jt7ic3","previousOperationId":"ux7tve68275r3mr"}
{"type":"log","timestamp":1767172033848,"level":"info","message":"Rendering anonymous template { recipe: pptx, engine: handlebars }","meta":{"rootId":"qk5m35012tyiwdz","id":"qk5m35012tyiwdz"},"id":"rkd4z0rvlzkqyxw","previousOperationId":"ux7tve68275r3mr"}
{"type":"log","timestamp":1767172033848,"level":"debug","message":"Inline data specified.","meta":{"rootId":"qk5m35012tyiwdz","id":"qk5m35012tyiwdz"},"id":"azek4nmbs0nqwiq","previousOperationId":"ux7tve68275r3mr"}
{"type":"log","timestamp":1767172033854,"level":"debug","message":"Base url not specified, skipping its injection.","meta":{"rootId":"qk5m35012tyiwdz","id":"qk5m35012tyiwdz"},"id":"s521og72cesef23","previousOperationId":"ux7tve68275r3mr"}
{"type":"operationStart","subtype":"engine","name":"handlebars","timestamp":1767172033855,"id":"zdbr12m9nkfhr49","previousEventId":"zu1owdwi5o03c12","operationId":"bgoowsbzbe81y1q","previousOperationId":"ux7tve68275r3mr"}
{"type":"log","timestamp":1767172033856,"level":"debug","message":"Rendering engine handlebars","meta":{"rootId":"qk5m35012tyiwdz","id":"qk5m35012tyiwdz"},"id":"ib4cpjdsx9m10k7","previousOperationId":"bgoowsbzbe81y1q"}
{"type":"operationEnd","operationId":"bgoowsbzbe81y1q","timestamp":1767172033885,"id":"h6z4xeqhrwtmil0","previousEventId":"zdbr12m9nkfhr49","previousOperationId":"bgoowsbzbe81y1q"}
{"type":"operationStart","subtype":"recipe","name":"pptx","timestamp":1767172033886,"id":"iu9uk5rm7x491q3","previousEventId":"h6z4xeqhrwtmil0","operationId":"u5h26qnjvfsb9pg","previousOperationId":"bgoowsbzbe81y1q"}
{"type":"log","timestamp":1767172033886,"level":"debug","message":"Executing recipe pptx","meta":{"rootId":"qk5m35012tyiwdz","id":"qk5m35012tyiwdz"},"id":"zrna1h65ng8valm","previousOperationId":"u5h26qnjvfsb9pg"}
{"type":"log","timestamp":1767172033908,"level":"info","message":"pptx generation is starting","meta":{"rootId":"qk5m35012tyiwdz","id":"qk5m35012tyiwdz"},"id":"4szfgs4yw2yocqp","previousOperationId":"u5h26qnjvfsb9pg"}
{"type":"log","timestamp":1767172035785,"level":"debug","message":"Starting child request to render pptx dynamic parts","meta":{"rootId":"qk5m35012tyiwdz","id":"qk5m35012tyiwdz"},"id":"zvfx5wlbml15j3t","previousOperationId":"u5h26qnjvfsb9pg"}
{"type":"operationStart","subtype":"render","name":"anonymous","previousOperationId":"u5h26qnjvfsb9pg","timestamp":1767172035785,"id":"hslkvyu8bww942d","previousEventId":"iu9uk5rm7x491q3","operationId":"rcaanb6f2wfi7yc"}
{"type":"log","timestamp":1767172035786,"level":"info","message":"Starting rendering (child) request","meta":{"rootId":"qk5m35012tyiwdz","id":"zr3k060u152x2jc"},"id":"otpmnlv7podc4vw","previousOperationId":"rcaanb6f2wfi7yc"}
{"type":"log","timestamp":1767172035786,"level":"info","message":"Rendering anonymous template { recipe: html, engine: handlebars }","meta":{"rootId":"qk5m35012tyiwdz","id":"zr3k060u152x2jc"},"id":"fpcdhcwbyy0bsq9","previousOperationId":"rcaanb6f2wfi7yc"}
{"type":"log","timestamp":1767172035786,"level":"debug","message":"Inline data specified.","meta":{"rootId":"qk5m35012tyiwdz","id":"zr3k060u152x2jc"},"id":"d57oyh8ad8g1shs","previousOperationId":"rcaanb6f2wfi7yc"}
{"type":"log","timestamp":1767172035810,"level":"debug","message":"Base url not specified, skipping its injection.","meta":{"rootId":"qk5m35012tyiwdz","id":"zr3k060u152x2jc"},"id":"oxfihxx5et7v5d3","previousOperationId":"rcaanb6f2wfi7yc"}
{"type":"operationStart","subtype":"engine","name":"handlebars","timestamp":1767172035812,"id":"pmkb3zkyv7y13lx","previousEventId":"hslkvyu8bww942d","operationId":"aeazq6aavcrqpey","previousOperationId":"rcaanb6f2wfi7yc"}
{"type":"log","timestamp":1767172035812,"level":"debug","message":"Rendering engine handlebars","meta":{"rootId":"qk5m35012tyiwdz","id":"zr3k060u152x2jc"},"id":"6amxnrivtoshwjk","previousOperationId":"aeazq6aavcrqpey"}
{"type":"log","timestamp":1767172036050,"level":"debug","message":"(console:log) {\n  type: 'echarts@v5a',\n  width: 848,\n  height: 409,\n  option: { radar: [ [Object] ], series: [ [Object] ] }\n}","meta":{"userLevel":true,"rootId":"qk5m35012tyiwdz","id":"zr3k060u152x2jc"},"id":"elklrhg7s547sc8","previousOperationId":"aeazq6aavcrqpey"}
{"type":"operationEnd","operationId":"aeazq6aavcrqpey","timestamp":1767172036064,"id":"zmk80couscri7lv","previousEventId":"pmkb3zkyv7y13lx","previousOperationId":"aeazq6aavcrqpey"}
{"type":"operationStart","subtype":"recipe","name":"html","timestamp":1767172036085,"id":"w5q2iaso2e7f361","previousEventId":"zmk80couscri7lv","operationId":"2gk2apl1v8apr50","previousOperationId":"aeazq6aavcrqpey"}
{"type":"log","timestamp":1767172036085,"level":"debug","message":"Executing recipe html","meta":{"rootId":"qk5m35012tyiwdz","id":"zr3k060u152x2jc"},"id":"b8eo086zkqgzfqy","previousOperationId":"2gk2apl1v8apr50"}
{"type":"operationEnd","operationId":"2gk2apl1v8apr50","timestamp":1767172036085,"id":"6tcwfzeds1x3qyu","previousEventId":"w5q2iaso2e7f361","previousOperationId":"2gk2apl1v8apr50"}
{"type":"log","timestamp":1767172036085,"level":"debug","message":"Skipping storing report.","meta":{"rootId":"qk5m35012tyiwdz","id":"zr3k060u152x2jc"},"id":"3xj7nj4q6o1yv8f","previousOperationId":"2gk2apl1v8apr50"}
{"type":"log","timestamp":1767172036085,"level":"info","message":"Rendering (child) request finished in 2308 ms","meta":{"rootId":"qk5m35012tyiwdz","id":"zr3k060u152x2jc"},"id":"x5e51qd8dfvldld","previousOperationId":"2gk2apl1v8apr50"}
{"type":"operationEnd","subtype":"render","operationId":"rcaanb6f2wfi7yc","timestamp":1767172036085,"id":"kilbtw5kdc7fka8","previousEventId":"6tcwfzeds1x3qyu","previousOperationId":"2gk2apl1v8apr50"}
{"type":"log","timestamp":1767172041236,"level":"debug","message":"pptx successfully zipped","meta":{"rootId":"qk5m35012tyiwdz","id":"qk5m35012tyiwdz"},"id":"oglqo19jm45rjcb","previousOperationId":"u5h26qnjvfsb9pg"}
{"type":"log","timestamp":1767172041236,"level":"info","message":"pptx generation was finished","meta":{"rootId":"qk5m35012tyiwdz","id":"qk5m35012tyiwdz"},"id":"1p3f056dagbp25k","previousOperationId":"u5h26qnjvfsb9pg"}
{"type":"operationEnd","operationId":"u5h26qnjvfsb9pg","timestamp":1767172041246,"id":"zxw0nk2twr5v39a","previousEventId":"iu9uk5rm7x491q3","previousOperationId":"u5h26qnjvfsb9pg"}
{"type":"log","timestamp":1767172041246,"level":"debug","message":"Skipping storing report.","meta":{"rootId":"qk5m35012tyiwdz","id":"qk5m35012tyiwdz"},"id":"5lifdc73l8xk158","previousOperationId":"u5h26qnjvfsb9pg"}
{"type":"log","timestamp":1767172041247,"level":"info","message":"Rendering request 7 finished in 7470 ms","meta":{"rootId":"qk5m35012tyiwdz","id":"qk5m35012tyiwdz"},"id":"zdehm6ji2gbqfwp","previousOperationId":"u5h26qnjvfsb9pg"}
{"type":"operationEnd","subtype":"render","operationId":"ux7tve68275r3mr","timestamp":1767172041247,"id":"4neae3tq16xc69x","previousEventId":"zxw0nk2twr5v39a","previousOperationId":"u5h26qnjvfsb9pg"}
{"type":"operationEnd","doDiffs":false,"previousEventId":"q2a297qc29shcbm","previousOperationId":"313hx0rryj3290z","operationId":"313hx0rryj3290z","timestamp":1767172041252,"id":"ru628lre8k9hj9v"}
