{"type":"operationStart","subtype":"profile","data":{"_id":"mDvIRlISEfbjhYGt","timestamp":"2025-12-30T18:51:33.667Z","state":"running","mode":"standard","creationDate":"2025-12-30T18:51:33.673Z","modificationDate":"2025-12-30T18:51:33.673Z","shortid":"zE3TXI7","$entitySet":"profiles","timeout":60000},"doDiffs":false,"timestamp":1767120693671,"id":"zpnpxpgu2yxwfc2","previousOperationId":null,"operationId":"ub97ewu2h6orzjq"}
{"type":"log","level":"info","message":"Render request 10 queued for execution and waiting for available worker","previousOperationId":"ub97ewu2h6orzjq","timestamp":1767120693671,"id":"msgswt5ydy7z2o8"}
{"type":"operationStart","subtype":"render","name":"anonymous","previousOperationId":"ub97ewu2h6orzjq","timestamp":1767120693716,"id":"yrp1fce3o5ebe9n","previousEventId":"zpnpxpgu2yxwfc2","operationId":"judbsqcsmx9c51d"}
{"type":"log","timestamp":1767120693717,"level":"info","message":"Starting rendering request 10","meta":{"rootId":"qkn6yweb2kyw39x","id":"qkn6yweb2kyw39x"},"id":"72128are91995ye","previousOperationId":"judbsqcsmx9c51d"}
{"type":"log","timestamp":1767120693717,"level":"info","message":"Rendering anonymous template { recipe: pptx, engine: handlebars }","meta":{"rootId":"qkn6yweb2kyw39x","id":"qkn6yweb2kyw39x"},"id":"i73t2j5sx36h7sk","previousOperationId":"judbsqcsmx9c51d"}
{"type":"log","timestamp":1767120693717,"level":"debug","message":"Inline data specified.","meta":{"rootId":"qkn6yweb2kyw39x","id":"qkn6yweb2kyw39x"},"id":"pdgw87xr3t1i9cr","previousOperationId":"judbsqcsmx9c51d"}
{"type":"log","timestamp":1767120693721,"level":"debug","message":"Base url not specified, skipping its injection.","meta":{"rootId":"qkn6yweb2kyw39x","id":"qkn6yweb2kyw39x"},"id":"bwcpwqad2a7tsuy","previousOperationId":"judbsqcsmx9c51d"}
{"type":"operationStart","subtype":"engine","name":"handlebars","timestamp":1767120693723,"id":"ymowqftl3p496m9","previousEventId":"yrp1fce3o5ebe9n","operationId":"pupy3f76v31fytl","previousOperationId":"judbsqcsmx9c51d"}
{"type":"log","timestamp":1767120693723,"level":"debug","message":"Rendering engine handlebars","meta":{"rootId":"qkn6yweb2kyw39x","id":"qkn6yweb2kyw39x"},"id":"xcuovqomprx5vzk","previousOperationId":"pupy3f76v31fytl"}
{"type":"operationEnd","operationId":"pupy3f76v31fytl","timestamp":1767120693750,"id":"vpgs6uytyiwc9be","previousEventId":"ymowqftl3p496m9","previousOperationId":"pupy3f76v31fytl"}
{"type":"operationStart","subtype":"recipe","name":"pptx","timestamp":1767120693750,"id":"p52kk2hp1qdpcs4","previousEventId":"vpgs6uytyiwc9be","operationId":"ijv1n2if7pqdxq9","previousOperationId":"pupy3f76v31fytl"}
{"type":"log","timestamp":1767120693750,"level":"debug","message":"Executing recipe pptx","meta":{"rootId":"qkn6yweb2kyw39x","id":"qkn6yweb2kyw39x"},"id":"1pumfg2w42xrbf4","previousOperationId":"ijv1n2if7pqdxq9"}
{"type":"log","timestamp":1767120693767,"level":"info","message":"pptx generation is starting","meta":{"rootId":"qkn6yweb2kyw39x","id":"qkn6yweb2kyw39x"},"id":"qzendbiqsthie0m","previousOperationId":"ijv1n2if7pqdxq9"}
{"type":"log","timestamp":1767120694960,"level":"debug","message":"Starting child request to render pptx dynamic parts","meta":{"rootId":"qkn6yweb2kyw39x","id":"qkn6yweb2kyw39x"},"id":"t9bxju1udpgp5h6","previousOperationId":"ijv1n2if7pqdxq9"}
{"type":"operationStart","subtype":"render","name":"anonymous","previousOperationId":"ijv1n2if7pqdxq9","timestamp":1767120694961,"id":"rjoc38c6y364233","previousEventId":"p52kk2hp1qdpcs4","operationId":"xd8ytny5vikb7bn"}
{"type":"log","timestamp":1767120694961,"level":"info","message":"Starting rendering (child) request","meta":{"rootId":"qkn6yweb2kyw39x","id":"oiodo41r5vy2nif"},"id":"v66blmfxl406lnn","previousOperationId":"xd8ytny5vikb7bn"}
{"type":"log","timestamp":1767120694961,"level":"info","message":"Rendering anonymous template { recipe: html, engine: handlebars }","meta":{"rootId":"qkn6yweb2kyw39x","id":"oiodo41r5vy2nif"},"id":"av24x5w0g4my72a","previousOperationId":"xd8ytny5vikb7bn"}
{"type":"log","timestamp":1767120694961,"level":"debug","message":"Inline data specified.","meta":{"rootId":"qkn6yweb2kyw39x","id":"oiodo41r5vy2nif"},"id":"gf991hzzsz7qpc2","previousOperationId":"xd8ytny5vikb7bn"}
{"type":"log","timestamp":1767120694965,"level":"debug","message":"Base url not specified, skipping its injection.","meta":{"rootId":"qkn6yweb2kyw39x","id":"oiodo41r5vy2nif"},"id":"lnru151vh97lra7","previousOperationId":"xd8ytny5vikb7bn"}
{"type":"operationStart","subtype":"engine","name":"handlebars","timestamp":1767120694966,"id":"1zrjc3wml7no4zy","previousEventId":"rjoc38c6y364233","operationId":"ecn9la1c9d2v6o3","previousOperationId":"xd8ytny5vikb7bn"}
{"type":"log","timestamp":1767120694966,"level":"debug","message":"Rendering engine handlebars","meta":{"rootId":"qkn6yweb2kyw39x","id":"oiodo41r5vy2nif"},"id":"1zisl7m3p4u3fdp","previousOperationId":"ecn9la1c9d2v6o3"}
{"type":"log","timestamp":1767120695078,"level":"debug","message":"(console:log) {\n  type: 'echarts@v5a',\n  width: 848,\n  height: 409,\n  option: { radar: [ [Object] ], series: [ [Object] ] }\n}","meta":{"userLevel":true,"rootId":"qkn6yweb2kyw39x","id":"oiodo41r5vy2nif"},"id":"zstqez9vpuqyeif","previousOperationId":"ecn9la1c9d2v6o3"}
{"type":"operationEnd","operationId":"ecn9la1c9d2v6o3","timestamp":1767120695088,"id":"0rhwvqzli253l8h","previousEventId":"1zrjc3wml7no4zy","previousOperationId":"ecn9la1c9d2v6o3"}
{"type":"operationStart","subtype":"recipe","name":"html","timestamp":1767120695104,"id":"p5izod9dbaomhwg","previousEventId":"0rhwvqzli253l8h","operationId":"wz3fxe2hza32lsm","previousOperationId":"ecn9la1c9d2v6o3"}
{"type":"log","timestamp":1767120695104,"level":"debug","message":"Executing recipe html","meta":{"rootId":"qkn6yweb2kyw39x","id":"oiodo41r5vy2nif"},"id":"2mu3yebb0bh590a","previousOperationId":"wz3fxe2hza32lsm"}
{"type":"operationEnd","operationId":"wz3fxe2hza32lsm","timestamp":1767120695105,"id":"9hsbpckjytegzsv","previousEventId":"p5izod9dbaomhwg","previousOperationId":"wz3fxe2hza32lsm"}
{"type":"log","timestamp":1767120695105,"level":"debug","message":"Skipping storing report.","meta":{"rootId":"qkn6yweb2kyw39x","id":"oiodo41r5vy2nif"},"id":"2semvbxdmgz4tca","previousOperationId":"wz3fxe2hza32lsm"}
{"type":"log","timestamp":1767120695105,"level":"info","message":"Rendering (child) request finished in 1438 ms","meta":{"rootId":"qkn6yweb2kyw39x","id":"oiodo41r5vy2nif"},"id":"3k1b266vues3jat","previousOperationId":"wz3fxe2hza32lsm"}
{"type":"operationEnd","subtype":"render","operationId":"xd8ytny5vikb7bn","timestamp":1767120695105,"id":"sa3ekgtc0q27qwd","previousEventId":"9hsbpckjytegzsv","previousOperationId":"wz3fxe2hza32lsm"}
{"type":"log","timestamp":1767120698761,"level":"debug","message":"pptx successfully zipped","meta":{"rootId":"qkn6yweb2kyw39x","id":"qkn6yweb2kyw39x"},"id":"xv9evf7lgnr35wx","previousOperationId":"ijv1n2if7pqdxq9"}
{"type":"log","timestamp":1767120698761,"level":"info","message":"pptx generation was finished","meta":{"rootId":"qkn6yweb2kyw39x","id":"qkn6yweb2kyw39x"},"id":"coqm0gje0nfzjfy","previousOperationId":"ijv1n2if7pqdxq9"}
{"type":"operationEnd","operationId":"ijv1n2if7pqdxq9","timestamp":1767120698770,"id":"p4ap5utftbdhpux","previousEventId":"p52kk2hp1qdpcs4","previousOperationId":"ijv1n2if7pqdxq9"}
{"type":"log","timestamp":1767120698770,"level":"debug","message":"Skipping storing report.","meta":{"rootId":"qkn6yweb2kyw39x","id":"qkn6yweb2kyw39x"},"id":"oouako1btz4u67z","previousOperationId":"ijv1n2if7pqdxq9"}
{"type":"log","timestamp":1767120698770,"level":"info","message":"Rendering request 10 finished in 5103 ms","meta":{"rootId":"qkn6yweb2kyw39x","id":"qkn6yweb2kyw39x"},"id":"yjt7e3b4lw6c39u","previousOperationId":"ijv1n2if7pqdxq9"}
{"type":"operationEnd","subtype":"render","operationId":"judbsqcsmx9c51d","timestamp":1767120698770,"id":"ditvbmi64n4b7t1","previousEventId":"p4ap5utftbdhpux","previousOperationId":"ijv1n2if7pqdxq9"}
{"type":"operationEnd","doDiffs":false,"previousEventId":"zpnpxpgu2yxwfc2","previousOperationId":"ub97ewu2h6orzjq","operationId":"ub97ewu2h6orzjq","timestamp":1767120698774,"id":"d8ab5gkipmwe83s"}
