{"type":"operationStart","subtype":"profile","data":{"_id":"cbCrUWejZ9AL9DM3","timestamp":"2025-12-31T12:08:24.609Z","state":"running","mode":"standard","creationDate":"2025-12-31T12:08:24.614Z","modificationDate":"2025-12-31T12:08:24.614Z","shortid":"Q-0BWHn","$entitySet":"profiles","timeout":60000},"doDiffs":false,"timestamp":1767182904612,"id":"h9r4z4qe8tb1l57","previousOperationId":null,"operationId":"ejcrzavj1sq5ylg"}
{"type":"log","level":"info","message":"Render request 52 queued for execution and waiting for available worker","previousOperationId":"ejcrzavj1sq5ylg","timestamp":1767182904612,"id":"6y7gklqf6s2ay1c"}
{"type":"operationStart","subtype":"render","name":"anonymous","previousOperationId":"ejcrzavj1sq5ylg","timestamp":1767182904679,"id":"utar9abyd7qdfr3","previousEventId":"h9r4z4qe8tb1l57","operationId":"n6l6iq3gvejgdh6"}
{"type":"log","timestamp":1767182904680,"level":"info","message":"Starting rendering request 52","meta":{"rootId":"qnsgkoiulrxdg5p","id":"qnsgkoiulrxdg5p"},"id":"m90xqen4kbxllx3","previousOperationId":"n6l6iq3gvejgdh6"}
{"type":"log","timestamp":1767182904681,"level":"info","message":"Rendering anonymous template { recipe: pptx, engine: handlebars }","meta":{"rootId":"qnsgkoiulrxdg5p","id":"qnsgkoiulrxdg5p"},"id":"47qo6uh22jc5c9u","previousOperationId":"n6l6iq3gvejgdh6"}
{"type":"log","timestamp":1767182904681,"level":"debug","message":"Inline data specified.","meta":{"rootId":"qnsgkoiulrxdg5p","id":"qnsgkoiulrxdg5p"},"id":"ddj90p5b5r5g357","previousOperationId":"n6l6iq3gvejgdh6"}
{"type":"log","timestamp":1767182904686,"level":"debug","message":"Base url not specified, skipping its injection.","meta":{"rootId":"qnsgkoiulrxdg5p","id":"qnsgkoiulrxdg5p"},"id":"6ss4qrrh5gd3p76","previousOperationId":"n6l6iq3gvejgdh6"}
{"type":"operationStart","subtype":"engine","name":"handlebars","timestamp":1767182904687,"id":"eufzcjrmawtyul4","previousEventId":"utar9abyd7qdfr3","operationId":"kjnzcbx80jw7800","previousOperationId":"n6l6iq3gvejgdh6"}
{"type":"log","timestamp":1767182904687,"level":"debug","message":"Rendering engine handlebars","meta":{"rootId":"qnsgkoiulrxdg5p","id":"qnsgkoiulrxdg5p"},"id":"k1i2n05xoqdziuf","previousOperationId":"kjnzcbx80jw7800"}
{"type":"operationEnd","operationId":"kjnzcbx80jw7800","timestamp":1767182904711,"id":"3h5pzyvhmwrgvtt","previousEventId":"eufzcjrmawtyul4","previousOperationId":"kjnzcbx80jw7800"}
{"type":"operationStart","subtype":"recipe","name":"pptx","timestamp":1767182904712,"id":"gztrgi308de51d3","previousEventId":"3h5pzyvhmwrgvtt","operationId":"a36pbkwp8ft0ew7","previousOperationId":"kjnzcbx80jw7800"}
{"type":"log","timestamp":1767182904712,"level":"debug","message":"Executing recipe pptx","meta":{"rootId":"qnsgkoiulrxdg5p","id":"qnsgkoiulrxdg5p"},"id":"9uj30k4abcgxvnh","previousOperationId":"a36pbkwp8ft0ew7"}
{"type":"log","timestamp":1767182904738,"level":"info","message":"pptx generation is starting","meta":{"rootId":"qnsgkoiulrxdg5p","id":"qnsgkoiulrxdg5p"},"id":"0oycxkbuv5nz6mc","previousOperationId":"a36pbkwp8ft0ew7"}
{"type":"log","timestamp":1767182906813,"level":"debug","message":"Starting child request to render pptx dynamic parts","meta":{"rootId":"qnsgkoiulrxdg5p","id":"qnsgkoiulrxdg5p"},"id":"uhj2xwrdjx1wbba","previousOperationId":"a36pbkwp8ft0ew7"}
{"type":"operationStart","subtype":"render","name":"anonymous","previousOperationId":"a36pbkwp8ft0ew7","timestamp":1767182906814,"id":"hkmahhvnw57mm8i","previousEventId":"gztrgi308de51d3","operationId":"4nx8wt51qukuaq8"}
{"type":"log","timestamp":1767182906814,"level":"info","message":"Starting rendering (child) request","meta":{"rootId":"qnsgkoiulrxdg5p","id":"4w0qr28gl8ayggy"},"id":"418birkcclx71li","previousOperationId":"4nx8wt51qukuaq8"}
{"type":"log","timestamp":1767182906814,"level":"info","message":"Rendering anonymous template { recipe: html, engine: handlebars }","meta":{"rootId":"qnsgkoiulrxdg5p","id":"4w0qr28gl8ayggy"},"id":"lz89hnjzgja9u7w","previousOperationId":"4nx8wt51qukuaq8"}
{"type":"log","timestamp":1767182906814,"level":"debug","message":"Inline data specified.","meta":{"rootId":"qnsgkoiulrxdg5p","id":"4w0qr28gl8ayggy"},"id":"7ty37053xacjmtg","previousOperationId":"4nx8wt51qukuaq8"}
{"type":"log","timestamp":1767182906825,"level":"debug","message":"Base url not specified, skipping its injection.","meta":{"rootId":"qnsgkoiulrxdg5p","id":"4w0qr28gl8ayggy"},"id":"xr1hfyoq9q3s02x","previousOperationId":"4nx8wt51qukuaq8"}
{"type":"operationStart","subtype":"engine","name":"handlebars","timestamp":1767182906828,"id":"oa93bsx1g6m1cxu","previousEventId":"hkmahhvnw57mm8i","operationId":"ai4ppgwhz38kdp0","previousOperationId":"4nx8wt51qukuaq8"}
{"type":"log","timestamp":1767182906828,"level":"debug","message":"Rendering engine handlebars","meta":{"rootId":"qnsgkoiulrxdg5p","id":"4w0qr28gl8ayggy"},"id":"a49zttbms8552vj","previousOperationId":"ai4ppgwhz38kdp0"}
{"type":"log","timestamp":1767182907065,"level":"debug","message":"(console:log) {\n  type: 'echarts@v5a',\n  width: 848,\n  height: 409,\n  option: { radar: [ [Object] ], series: [ [Object] ] }\n}","meta":{"userLevel":true,"rootId":"qnsgkoiulrxdg5p","id":"4w0qr28gl8ayggy"},"id":"8dogug1ge1z3dix","previousOperationId":"ai4ppgwhz38kdp0"}
{"type":"operationEnd","operationId":"ai4ppgwhz38kdp0","timestamp":1767182907083,"id":"ptgf5s6cd83tgpl","previousEventId":"oa93bsx1g6m1cxu","previousOperationId":"ai4ppgwhz38kdp0"}
{"type":"operationStart","subtype":"recipe","name":"html","timestamp":1767182907106,"id":"3aaadogzqkfvc4s","previousEventId":"ptgf5s6cd83tgpl","operationId":"qo5c3tm5hp234ei","previousOperationId":"ai4ppgwhz38kdp0"}
{"type":"log","timestamp":1767182907107,"level":"debug","message":"Executing recipe html","meta":{"rootId":"qnsgkoiulrxdg5p","id":"4w0qr28gl8ayggy"},"id":"zotd2m1ty0zbbym","previousOperationId":"qo5c3tm5hp234ei"}
{"type":"operationEnd","operationId":"qo5c3tm5hp234ei","timestamp":1767182907107,"id":"4wmzoxkxxfmq5np","previousEventId":"3aaadogzqkfvc4s","previousOperationId":"qo5c3tm5hp234ei"}
{"type":"log","timestamp":1767182907107,"level":"debug","message":"Skipping storing report.","meta":{"rootId":"qnsgkoiulrxdg5p","id":"4w0qr28gl8ayggy"},"id":"rs8dqgbq2h0t8ny","previousOperationId":"qo5c3tm5hp234ei"}
{"type":"log","timestamp":1767182907107,"level":"info","message":"Rendering (child) request finished in 2501 ms","meta":{"rootId":"qnsgkoiulrxdg5p","id":"4w0qr28gl8ayggy"},"id":"431ed088imj87fe","previousOperationId":"qo5c3tm5hp234ei"}
{"type":"operationEnd","subtype":"render","operationId":"4nx8wt51qukuaq8","timestamp":1767182907107,"id":"5kksulk3y13h0hg","previousEventId":"4wmzoxkxxfmq5np","previousOperationId":"qo5c3tm5hp234ei"}
{"type":"log","timestamp":1767182914297,"level":"debug","message":"pptx successfully zipped","meta":{"rootId":"qnsgkoiulrxdg5p","id":"qnsgkoiulrxdg5p"},"id":"letw8halepoeblj","previousOperationId":"a36pbkwp8ft0ew7"}
{"type":"log","timestamp":1767182914297,"level":"info","message":"pptx generation was finished","meta":{"rootId":"qnsgkoiulrxdg5p","id":"qnsgkoiulrxdg5p"},"id":"j7oc7vpf0e1ybd8","previousOperationId":"a36pbkwp8ft0ew7"}
{"type":"operationEnd","operationId":"a36pbkwp8ft0ew7","timestamp":1767182914309,"id":"zbqnko9hbgvsjct","previousEventId":"gztrgi308de51d3","previousOperationId":"a36pbkwp8ft0ew7"}
{"type":"log","timestamp":1767182914309,"level":"debug","message":"Skipping storing report.","meta":{"rootId":"qnsgkoiulrxdg5p","id":"qnsgkoiulrxdg5p"},"id":"ywgimym1x10q0f7","previousOperationId":"a36pbkwp8ft0ew7"}
{"type":"log","timestamp":1767182914309,"level":"info","message":"Rendering request 52 finished in 9703 ms","meta":{"rootId":"qnsgkoiulrxdg5p","id":"qnsgkoiulrxdg5p"},"id":"2pnxra52a41qf9e","previousOperationId":"a36pbkwp8ft0ew7"}
{"type":"operationEnd","subtype":"render","operationId":"n6l6iq3gvejgdh6","timestamp":1767182914309,"id":"yibtfmfynwx5myl","previousEventId":"zbqnko9hbgvsjct","previousOperationId":"a36pbkwp8ft0ew7"}
{"type":"operationEnd","doDiffs":false,"previousEventId":"h9r4z4qe8tb1l57","previousOperationId":"ejcrzavj1sq5ylg","operationId":"ejcrzavj1sq5ylg","timestamp":1767182914314,"id":"3axe5tf0bhxjwzw"}
