{"type":"operationStart","subtype":"profile","data":{"_id":"BhCX2KmqJ0Rf2LJL","timestamp":"2025-12-28T13:24:57.677Z","state":"running","mode":"standard","creationDate":"2025-12-28T13:24:57.685Z","modificationDate":"2025-12-28T13:24:57.685Z","shortid":"FnxQBpO","$entitySet":"profiles","timeout":60000},"doDiffs":false,"timestamp":1766928297681,"id":"vcfpfkdtgo62w66","previousOperationId":null,"operationId":"cuyygsu77vukpkx"}
{"type":"log","level":"info","message":"Render request 7 queued for execution and waiting for available worker","previousOperationId":"cuyygsu77vukpkx","timestamp":1766928297682,"id":"47scbud42yi52ht"}
{"type":"operationStart","subtype":"render","name":"anonymous","previousOperationId":"cuyygsu77vukpkx","timestamp":1766928297741,"id":"cxrvfv6qr3pyt3y","previousEventId":"vcfpfkdtgo62w66","operationId":"6aq4ngzn2vr7596"}
{"type":"log","timestamp":1766928297742,"level":"info","message":"Starting rendering request 7","meta":{"rootId":"qrmb3f8vwyu41ww","id":"qrmb3f8vwyu41ww"},"id":"au8skynll3j087e","previousOperationId":"6aq4ngzn2vr7596"}
{"type":"log","timestamp":1766928297742,"level":"info","message":"Rendering anonymous template { recipe: pptx, engine: handlebars }","meta":{"rootId":"qrmb3f8vwyu41ww","id":"qrmb3f8vwyu41ww"},"id":"8kgxvqxr9072fcm","previousOperationId":"6aq4ngzn2vr7596"}
{"type":"log","timestamp":1766928297742,"level":"debug","message":"Inline data specified.","meta":{"rootId":"qrmb3f8vwyu41ww","id":"qrmb3f8vwyu41ww"},"id":"i2ppl5ybx1vy6b8","previousOperationId":"6aq4ngzn2vr7596"}
{"type":"log","timestamp":1766928297745,"level":"debug","message":"Base url not specified, skipping its injection.","meta":{"rootId":"qrmb3f8vwyu41ww","id":"qrmb3f8vwyu41ww"},"id":"d2go4xr64mzv26d","previousOperationId":"6aq4ngzn2vr7596"}
{"type":"operationStart","subtype":"engine","name":"handlebars","timestamp":1766928297746,"id":"a0fzzfblu4rph0a","previousEventId":"cxrvfv6qr3pyt3y","operationId":"roonfswwyq7p0ww","previousOperationId":"6aq4ngzn2vr7596"}
{"type":"log","timestamp":1766928297746,"level":"debug","message":"Rendering engine handlebars","meta":{"rootId":"qrmb3f8vwyu41ww","id":"qrmb3f8vwyu41ww"},"id":"xzzfzfjs0ipry5k","previousOperationId":"roonfswwyq7p0ww"}
{"type":"operationEnd","operationId":"roonfswwyq7p0ww","timestamp":1766928297760,"id":"yh843a50lpofteh","previousEventId":"a0fzzfblu4rph0a","previousOperationId":"roonfswwyq7p0ww"}
{"type":"operationStart","subtype":"recipe","name":"pptx","timestamp":1766928297762,"id":"99djj74myc459v6","previousEventId":"yh843a50lpofteh","operationId":"jjc5j4xzdgdd3le","previousOperationId":"roonfswwyq7p0ww"}
{"type":"log","timestamp":1766928297762,"level":"debug","message":"Executing recipe pptx","meta":{"rootId":"qrmb3f8vwyu41ww","id":"qrmb3f8vwyu41ww"},"id":"1j04cs7ilbk1jni","previousOperationId":"jjc5j4xzdgdd3le"}
{"type":"log","timestamp":1766928297785,"level":"info","message":"pptx generation is starting","meta":{"rootId":"qrmb3f8vwyu41ww","id":"qrmb3f8vwyu41ww"},"id":"k52gptkb1peryw2","previousOperationId":"jjc5j4xzdgdd3le"}
{"type":"log","timestamp":1766928298865,"level":"debug","message":"Starting child request to render pptx dynamic parts","meta":{"rootId":"qrmb3f8vwyu41ww","id":"qrmb3f8vwyu41ww"},"id":"slbuxiv5bpqlztk","previousOperationId":"jjc5j4xzdgdd3le"}
{"type":"operationStart","subtype":"render","name":"anonymous","previousOperationId":"jjc5j4xzdgdd3le","timestamp":1766928298866,"id":"yf8cvq7c83q5g3l","previousEventId":"99djj74myc459v6","operationId":"13m247dulqjwrm6"}
{"type":"log","timestamp":1766928298866,"level":"info","message":"Starting rendering (child) request","meta":{"rootId":"qrmb3f8vwyu41ww","id":"07owukfrcjrt4ie"},"id":"uyzjx23ycnjmkuv","previousOperationId":"13m247dulqjwrm6"}
{"type":"log","timestamp":1766928298866,"level":"info","message":"Rendering anonymous template { recipe: html, engine: handlebars }","meta":{"rootId":"qrmb3f8vwyu41ww","id":"07owukfrcjrt4ie"},"id":"spyor5bnv8evsvf","previousOperationId":"13m247dulqjwrm6"}
{"type":"log","timestamp":1766928298866,"level":"debug","message":"Inline data specified.","meta":{"rootId":"qrmb3f8vwyu41ww","id":"07owukfrcjrt4ie"},"id":"rufki75ca14uvq5","previousOperationId":"13m247dulqjwrm6"}
{"type":"log","timestamp":1766928298871,"level":"debug","message":"Base url not specified, skipping its injection.","meta":{"rootId":"qrmb3f8vwyu41ww","id":"07owukfrcjrt4ie"},"id":"c8ahr7zlydwohpu","previousOperationId":"13m247dulqjwrm6"}
{"type":"operationStart","subtype":"engine","name":"handlebars","timestamp":1766928298872,"id":"019y7kbz8aim8eq","previousEventId":"yf8cvq7c83q5g3l","operationId":"ftx0yo9brmkbdv9","previousOperationId":"13m247dulqjwrm6"}
{"type":"log","timestamp":1766928298872,"level":"debug","message":"Rendering engine handlebars","meta":{"rootId":"qrmb3f8vwyu41ww","id":"07owukfrcjrt4ie"},"id":"gonqyii2xqg9xm2","previousOperationId":"ftx0yo9brmkbdv9"}
{"type":"log","timestamp":1766928298999,"level":"debug","message":"(console:log) {\n  type: 'echarts@v5a',\n  width: 848,\n  height: 409,\n  option: { radar: [ [Object] ], series: [ [Object] ] }\n}","meta":{"userLevel":true,"rootId":"qrmb3f8vwyu41ww","id":"07owukfrcjrt4ie"},"id":"r8z27pu6g1mzvib","previousOperationId":"ftx0yo9brmkbdv9"}
{"type":"operationEnd","operationId":"ftx0yo9brmkbdv9","timestamp":1766928299005,"id":"gv3fm3y4m639src","previousEventId":"019y7kbz8aim8eq","previousOperationId":"ftx0yo9brmkbdv9"}
{"type":"operationStart","subtype":"recipe","name":"html","timestamp":1766928299014,"id":"vueq2r7gap5tkes","previousEventId":"gv3fm3y4m639src","operationId":"q1mg6q6nslrpq1d","previousOperationId":"ftx0yo9brmkbdv9"}
{"type":"log","timestamp":1766928299014,"level":"debug","message":"Executing recipe html","meta":{"rootId":"qrmb3f8vwyu41ww","id":"07owukfrcjrt4ie"},"id":"7ehbfngdnt2z251","previousOperationId":"q1mg6q6nslrpq1d"}
{"type":"operationEnd","operationId":"q1mg6q6nslrpq1d","timestamp":1766928299014,"id":"7jge5axzdx7ojc4","previousEventId":"vueq2r7gap5tkes","previousOperationId":"q1mg6q6nslrpq1d"}
{"type":"log","timestamp":1766928299014,"level":"debug","message":"Skipping storing report.","meta":{"rootId":"qrmb3f8vwyu41ww","id":"07owukfrcjrt4ie"},"id":"j2ynd73xhnjdvh5","previousOperationId":"q1mg6q6nslrpq1d"}
{"type":"log","timestamp":1766928299014,"level":"info","message":"Rendering (child) request finished in 1339 ms","meta":{"rootId":"qrmb3f8vwyu41ww","id":"07owukfrcjrt4ie"},"id":"3c4wc6bssgu8wba","previousOperationId":"q1mg6q6nslrpq1d"}
{"type":"operationEnd","subtype":"render","operationId":"13m247dulqjwrm6","timestamp":1766928299014,"id":"yc4eo65hvzawuxh","previousEventId":"7jge5axzdx7ojc4","previousOperationId":"q1mg6q6nslrpq1d"}
{"type":"log","timestamp":1766928302172,"level":"debug","message":"pptx successfully zipped","meta":{"rootId":"qrmb3f8vwyu41ww","id":"qrmb3f8vwyu41ww"},"id":"zk2qx7p7tlce7pg","previousOperationId":"jjc5j4xzdgdd3le"}
{"type":"log","timestamp":1766928302172,"level":"info","message":"pptx generation was finished","meta":{"rootId":"qrmb3f8vwyu41ww","id":"qrmb3f8vwyu41ww"},"id":"00q7xd2amy9iptv","previousOperationId":"jjc5j4xzdgdd3le"}
{"type":"operationEnd","operationId":"jjc5j4xzdgdd3le","timestamp":1766928302182,"id":"02hpsmnk1j1w4cm","previousEventId":"99djj74myc459v6","previousOperationId":"jjc5j4xzdgdd3le"}
{"type":"log","timestamp":1766928302182,"level":"debug","message":"Skipping storing report.","meta":{"rootId":"qrmb3f8vwyu41ww","id":"qrmb3f8vwyu41ww"},"id":"xfbfre4ey8ueunm","previousOperationId":"jjc5j4xzdgdd3le"}
{"type":"log","timestamp":1766928302182,"level":"info","message":"Rendering request 7 finished in 4507 ms","meta":{"rootId":"qrmb3f8vwyu41ww","id":"qrmb3f8vwyu41ww"},"id":"8tz6jr68uunluhw","previousOperationId":"jjc5j4xzdgdd3le"}
{"type":"operationEnd","subtype":"render","operationId":"6aq4ngzn2vr7596","timestamp":1766928302182,"id":"9sqevtpvynw4qeu","previousEventId":"02hpsmnk1j1w4cm","previousOperationId":"jjc5j4xzdgdd3le"}
{"type":"operationEnd","doDiffs":false,"previousEventId":"vcfpfkdtgo62w66","previousOperationId":"cuyygsu77vukpkx","operationId":"cuyygsu77vukpkx","timestamp":1766928302186,"id":"gmce4r236bv7wvh"}
