{"type":"operationStart","subtype":"profile","data":{"_id":"Av631bJewRC24ROj","timestamp":"2026-01-01T12:13:26.364Z","state":"running","mode":"standard","creationDate":"2026-01-01T12:13:26.370Z","modificationDate":"2026-01-01T12:13:26.370Z","shortid":"HiV-DX-","$entitySet":"profiles","timeout":60000},"doDiffs":false,"timestamp":1767269606367,"id":"0g0itv1od4pumjh","previousOperationId":null,"operationId":"4ja7n9s3xa17zf7"}
{"type":"log","level":"info","message":"Render request 1 queued for execution and waiting for available worker","previousOperationId":"4ja7n9s3xa17zf7","timestamp":1767269606367,"id":"gjhcu01rz02a2z0"}
{"type":"operationStart","subtype":"render","name":"anonymous","previousOperationId":"4ja7n9s3xa17zf7","timestamp":1767269606461,"id":"6840vtskur9j5vy","previousEventId":"0g0itv1od4pumjh","operationId":"0p3ifltm4ow6r4b"}
{"type":"log","timestamp":1767269606462,"level":"info","message":"Starting rendering request 1","meta":{"rootId":"qudd3z3tnonj2b9","id":"qudd3z3tnonj2b9"},"id":"j9h5f02qflqzj5x","previousOperationId":"0p3ifltm4ow6r4b"}
{"type":"log","timestamp":1767269606467,"level":"info","message":"Rendering anonymous template { recipe: pptx, engine: handlebars }","meta":{"rootId":"qudd3z3tnonj2b9","id":"qudd3z3tnonj2b9"},"id":"z8ecit5qqum1ffd","previousOperationId":"0p3ifltm4ow6r4b"}
{"type":"log","timestamp":1767269606468,"level":"debug","message":"Inline data specified.","meta":{"rootId":"qudd3z3tnonj2b9","id":"qudd3z3tnonj2b9"},"id":"ezl4cvzspuhxkgw","previousOperationId":"0p3ifltm4ow6r4b"}
{"type":"log","timestamp":1767269606475,"level":"debug","message":"Base url not specified, skipping its injection.","meta":{"rootId":"qudd3z3tnonj2b9","id":"qudd3z3tnonj2b9"},"id":"ep4ox3tk286pio1","previousOperationId":"0p3ifltm4ow6r4b"}
{"type":"operationStart","subtype":"engine","name":"handlebars","timestamp":1767269606478,"id":"c6bw3gahruzyyik","previousEventId":"6840vtskur9j5vy","operationId":"9c28yp8oygl24qo","previousOperationId":"0p3ifltm4ow6r4b"}
{"type":"log","timestamp":1767269606478,"level":"debug","message":"Rendering engine handlebars","meta":{"rootId":"qudd3z3tnonj2b9","id":"qudd3z3tnonj2b9"},"id":"teskd8bpfvcsc8h","previousOperationId":"9c28yp8oygl24qo"}
{"type":"operationEnd","operationId":"9c28yp8oygl24qo","timestamp":1767269607737,"id":"82xaygzea4lj316","previousEventId":"c6bw3gahruzyyik","previousOperationId":"9c28yp8oygl24qo"}
{"type":"operationStart","subtype":"recipe","name":"pptx","timestamp":1767269607739,"id":"r95yq7z6066xr72","previousEventId":"82xaygzea4lj316","operationId":"00bv8pxy8sdjjuu","previousOperationId":"9c28yp8oygl24qo"}
{"type":"log","timestamp":1767269607739,"level":"debug","message":"Executing recipe pptx","meta":{"rootId":"qudd3z3tnonj2b9","id":"qudd3z3tnonj2b9"},"id":"vhdv2wkf23x4y46","previousOperationId":"00bv8pxy8sdjjuu"}
{"type":"log","timestamp":1767269608040,"level":"info","message":"pptx generation is starting","meta":{"rootId":"qudd3z3tnonj2b9","id":"qudd3z3tnonj2b9"},"id":"h4j5eyfed6epfz8","previousOperationId":"00bv8pxy8sdjjuu"}
{"type":"log","timestamp":1767269610222,"level":"debug","message":"Starting child request to render pptx dynamic parts","meta":{"rootId":"qudd3z3tnonj2b9","id":"qudd3z3tnonj2b9"},"id":"l79j56ugijw1cdy","previousOperationId":"00bv8pxy8sdjjuu"}
{"type":"operationStart","subtype":"render","name":"anonymous","previousOperationId":"00bv8pxy8sdjjuu","timestamp":1767269610224,"id":"o2lk7dupz106cm4","previousEventId":"r95yq7z6066xr72","operationId":"3mbb5v34coxh0nj"}
{"type":"log","timestamp":1767269610224,"level":"info","message":"Starting rendering (child) request","meta":{"rootId":"qudd3z3tnonj2b9","id":"iym52k7s85bzikb"},"id":"wgamcviapqaovpa","previousOperationId":"3mbb5v34coxh0nj"}
{"type":"log","timestamp":1767269610224,"level":"info","message":"Rendering anonymous template { recipe: html, engine: handlebars }","meta":{"rootId":"qudd3z3tnonj2b9","id":"iym52k7s85bzikb"},"id":"gwhaj9qhzxje1vg","previousOperationId":"3mbb5v34coxh0nj"}
{"type":"log","timestamp":1767269610224,"level":"debug","message":"Inline data specified.","meta":{"rootId":"qudd3z3tnonj2b9","id":"iym52k7s85bzikb"},"id":"7lenywokw1zv80k","previousOperationId":"3mbb5v34coxh0nj"}
{"type":"log","timestamp":1767269610234,"level":"debug","message":"Base url not specified, skipping its injection.","meta":{"rootId":"qudd3z3tnonj2b9","id":"iym52k7s85bzikb"},"id":"o8v4efzq8aosr56","previousOperationId":"3mbb5v34coxh0nj"}
{"type":"operationStart","subtype":"engine","name":"handlebars","timestamp":1767269610236,"id":"qmeam630vlcc2do","previousEventId":"o2lk7dupz106cm4","operationId":"tq2g3i3zrxmyp43","previousOperationId":"3mbb5v34coxh0nj"}
{"type":"log","timestamp":1767269610236,"level":"debug","message":"Rendering engine handlebars","meta":{"rootId":"qudd3z3tnonj2b9","id":"iym52k7s85bzikb"},"id":"lilei2x102vf8ul","previousOperationId":"tq2g3i3zrxmyp43"}
{"type":"log","timestamp":1767269610551,"level":"debug","message":"(console:log) {\n  type: 'echarts@v5a',\n  width: 848,\n  height: 409,\n  option: { radar: [ [Object] ], series: [ [Object] ] }\n}","meta":{"userLevel":true,"rootId":"qudd3z3tnonj2b9","id":"iym52k7s85bzikb"},"id":"m46hrwdpraro5st","previousOperationId":"tq2g3i3zrxmyp43"}
{"type":"operationEnd","operationId":"tq2g3i3zrxmyp43","timestamp":1767269610567,"id":"l5tynuiwx61fhn5","previousEventId":"qmeam630vlcc2do","previousOperationId":"tq2g3i3zrxmyp43"}
{"type":"operationStart","subtype":"recipe","name":"html","timestamp":1767269610591,"id":"bda0ne4rotlaacj","previousEventId":"l5tynuiwx61fhn5","operationId":"3owrvw94l8tuu73","previousOperationId":"tq2g3i3zrxmyp43"}
{"type":"log","timestamp":1767269610591,"level":"debug","message":"Executing recipe html","meta":{"rootId":"qudd3z3tnonj2b9","id":"iym52k7s85bzikb"},"id":"r4vgpbhr1anbxg0","previousOperationId":"3owrvw94l8tuu73"}
{"type":"operationEnd","operationId":"3owrvw94l8tuu73","timestamp":1767269610591,"id":"d2jtgpzomx3f8c7","previousEventId":"bda0ne4rotlaacj","previousOperationId":"3owrvw94l8tuu73"}
{"type":"log","timestamp":1767269610592,"level":"debug","message":"Skipping storing report.","meta":{"rootId":"qudd3z3tnonj2b9","id":"iym52k7s85bzikb"},"id":"02jyvk38y57aesl","previousOperationId":"3owrvw94l8tuu73"}
{"type":"log","timestamp":1767269610593,"level":"info","message":"Rendering (child) request finished in 4230 ms","meta":{"rootId":"qudd3z3tnonj2b9","id":"iym52k7s85bzikb"},"id":"agc0lurlpsbo4pz","previousOperationId":"3owrvw94l8tuu73"}
{"type":"operationEnd","subtype":"render","operationId":"3mbb5v34coxh0nj","timestamp":1767269610593,"id":"nk1uuyvfli3lda2","previousEventId":"d2jtgpzomx3f8c7","previousOperationId":"3owrvw94l8tuu73"}
{"type":"log","timestamp":1767269619159,"level":"debug","message":"pptx successfully zipped","meta":{"rootId":"qudd3z3tnonj2b9","id":"qudd3z3tnonj2b9"},"id":"sf50cwyjylhamh2","previousOperationId":"00bv8pxy8sdjjuu"}
{"type":"log","timestamp":1767269619159,"level":"info","message":"pptx generation was finished","meta":{"rootId":"qudd3z3tnonj2b9","id":"qudd3z3tnonj2b9"},"id":"2t7w6wu34jgvpba","previousOperationId":"00bv8pxy8sdjjuu"}
{"type":"operationEnd","operationId":"00bv8pxy8sdjjuu","timestamp":1767269619176,"id":"u3f3oqn9b5byxei","previousEventId":"r95yq7z6066xr72","previousOperationId":"00bv8pxy8sdjjuu"}
{"type":"log","timestamp":1767269619177,"level":"debug","message":"Skipping storing report.","meta":{"rootId":"qudd3z3tnonj2b9","id":"qudd3z3tnonj2b9"},"id":"c5e2yqwxoqwnbm2","previousOperationId":"00bv8pxy8sdjjuu"}
{"type":"log","timestamp":1767269619177,"level":"info","message":"Rendering request 1 finished in 12815 ms","meta":{"rootId":"qudd3z3tnonj2b9","id":"qudd3z3tnonj2b9"},"id":"hdd764y7ky2ip2v","previousOperationId":"00bv8pxy8sdjjuu"}
{"type":"operationEnd","subtype":"render","operationId":"0p3ifltm4ow6r4b","timestamp":1767269619177,"id":"lvxb5rcfguitiuc","previousEventId":"u3f3oqn9b5byxei","previousOperationId":"00bv8pxy8sdjjuu"}
{"type":"operationEnd","doDiffs":false,"previousEventId":"0g0itv1od4pumjh","previousOperationId":"4ja7n9s3xa17zf7","operationId":"4ja7n9s3xa17zf7","timestamp":1767269619187,"id":"om7ypnl7rzzxe74"}
