{"type":"operationStart","subtype":"profile","data":{"_id":"e1OvZaTfccu98QOW","timestamp":"2025-12-26T19:37:54.960Z","state":"running","mode":"standard","creationDate":"2025-12-26T19:37:54.970Z","modificationDate":"2025-12-26T19:37:54.970Z","shortid":"mKRqKOZ","$entitySet":"profiles","timeout":60000},"doDiffs":false,"timestamp":1766777874967,"id":"451doqkvi01aphx","previousOperationId":null,"operationId":"zta4yw3cbo6b0bv"}
{"type":"log","level":"info","message":"Render request 1 queued for execution and waiting for available worker","previousOperationId":"zta4yw3cbo6b0bv","timestamp":1766777874968,"id":"o2ijk7y71n6oxup"}
{"type":"operationStart","subtype":"render","name":"anonymous","previousOperationId":"zta4yw3cbo6b0bv","timestamp":1766777875060,"id":"vns3hain7kow8zn","previousEventId":"451doqkvi01aphx","operationId":"7exm9szka5h3ihi"}
{"type":"log","timestamp":1766777875062,"level":"info","message":"Starting rendering request 1","meta":{"rootId":"qwlmyngg1ibmwlg","id":"qwlmyngg1ibmwlg"},"id":"bp8p6exke8vluvo","previousOperationId":"7exm9szka5h3ihi"}
{"type":"log","timestamp":1766777875064,"level":"info","message":"Rendering anonymous template { recipe: pptx, engine: handlebars }","meta":{"rootId":"qwlmyngg1ibmwlg","id":"qwlmyngg1ibmwlg"},"id":"p1r9674o5a9ed1l","previousOperationId":"7exm9szka5h3ihi"}
{"type":"log","timestamp":1766777875065,"level":"debug","message":"Inline data specified.","meta":{"rootId":"qwlmyngg1ibmwlg","id":"qwlmyngg1ibmwlg"},"id":"u1cfmbgowd0k6tr","previousOperationId":"7exm9szka5h3ihi"}
{"type":"log","timestamp":1766777875074,"level":"debug","message":"Base url not specified, skipping its injection.","meta":{"rootId":"qwlmyngg1ibmwlg","id":"qwlmyngg1ibmwlg"},"id":"cb1kpyw4fpa0apy","previousOperationId":"7exm9szka5h3ihi"}
{"type":"operationStart","subtype":"engine","name":"handlebars","timestamp":1766777875077,"id":"vmw84vuk1ud7a32","previousEventId":"vns3hain7kow8zn","operationId":"1onws6z1imo7evx","previousOperationId":"7exm9szka5h3ihi"}
{"type":"log","timestamp":1766777875077,"level":"debug","message":"Rendering engine handlebars","meta":{"rootId":"qwlmyngg1ibmwlg","id":"qwlmyngg1ibmwlg"},"id":"xtt0wtimzbxilir","previousOperationId":"1onws6z1imo7evx"}
{"type":"operationEnd","operationId":"1onws6z1imo7evx","timestamp":1766777876616,"id":"4qod3auok060786","previousEventId":"vmw84vuk1ud7a32","previousOperationId":"1onws6z1imo7evx"}
{"type":"operationStart","subtype":"recipe","name":"pptx","timestamp":1766777876618,"id":"1uqturpwcsp8l4x","previousEventId":"4qod3auok060786","operationId":"7c297t55j5ipkqw","previousOperationId":"1onws6z1imo7evx"}
{"type":"log","timestamp":1766777876618,"level":"debug","message":"Executing recipe pptx","meta":{"rootId":"qwlmyngg1ibmwlg","id":"qwlmyngg1ibmwlg"},"id":"20z3bqmt1rw9fne","previousOperationId":"7c297t55j5ipkqw"}
{"type":"log","timestamp":1766777876905,"level":"info","message":"pptx generation is starting","meta":{"rootId":"qwlmyngg1ibmwlg","id":"qwlmyngg1ibmwlg"},"id":"8qimf1zus1ugmir","previousOperationId":"7c297t55j5ipkqw"}
{"type":"log","timestamp":1766777878692,"level":"debug","message":"Starting child request to render pptx dynamic parts","meta":{"rootId":"qwlmyngg1ibmwlg","id":"qwlmyngg1ibmwlg"},"id":"pp6rdf9qttmsawh","previousOperationId":"7c297t55j5ipkqw"}
{"type":"operationStart","subtype":"render","name":"anonymous","previousOperationId":"7c297t55j5ipkqw","timestamp":1766777878694,"id":"0resjnpqyxov0gr","previousEventId":"1uqturpwcsp8l4x","operationId":"bmxm9gp879q5a6v"}
{"type":"log","timestamp":1766777878694,"level":"info","message":"Starting rendering (child) request","meta":{"rootId":"qwlmyngg1ibmwlg","id":"d8qm8ui2hyjuqi0"},"id":"1c3uf4pd8zi5e2v","previousOperationId":"bmxm9gp879q5a6v"}
{"type":"log","timestamp":1766777878695,"level":"info","message":"Rendering anonymous template { recipe: html, engine: handlebars }","meta":{"rootId":"qwlmyngg1ibmwlg","id":"d8qm8ui2hyjuqi0"},"id":"7ld7670gpouc4t7","previousOperationId":"bmxm9gp879q5a6v"}
{"type":"log","timestamp":1766777878695,"level":"debug","message":"Inline data specified.","meta":{"rootId":"qwlmyngg1ibmwlg","id":"d8qm8ui2hyjuqi0"},"id":"pp6tm1utpoy1hrr","previousOperationId":"bmxm9gp879q5a6v"}
{"type":"log","timestamp":1766777878707,"level":"debug","message":"Base url not specified, skipping its injection.","meta":{"rootId":"qwlmyngg1ibmwlg","id":"d8qm8ui2hyjuqi0"},"id":"8gtpbr8tkqjp1lh","previousOperationId":"bmxm9gp879q5a6v"}
{"type":"operationStart","subtype":"engine","name":"handlebars","timestamp":1766777878708,"id":"3rw406zkek5zkd9","previousEventId":"0resjnpqyxov0gr","operationId":"x29l0xrmdlzumk6","previousOperationId":"bmxm9gp879q5a6v"}
{"type":"log","timestamp":1766777878709,"level":"debug","message":"Rendering engine handlebars","meta":{"rootId":"qwlmyngg1ibmwlg","id":"d8qm8ui2hyjuqi0"},"id":"bwijuq0ns4uq3px","previousOperationId":"x29l0xrmdlzumk6"}
{"type":"operationEnd","operationId":"x29l0xrmdlzumk6","timestamp":1766777878885,"id":"gth5t3jj5nd1hfu","previousEventId":"3rw406zkek5zkd9","previousOperationId":"x29l0xrmdlzumk6"}
{"type":"operationStart","subtype":"recipe","name":"html","timestamp":1766777878899,"id":"ww9oh8ued0rv8jn","previousEventId":"gth5t3jj5nd1hfu","operationId":"vb7o2y1s6pvi2f1","previousOperationId":"x29l0xrmdlzumk6"}
{"type":"log","timestamp":1766777878899,"level":"debug","message":"Executing recipe html","meta":{"rootId":"qwlmyngg1ibmwlg","id":"d8qm8ui2hyjuqi0"},"id":"rw6q5vuwwxamkmm","previousOperationId":"vb7o2y1s6pvi2f1"}
{"type":"operationEnd","operationId":"vb7o2y1s6pvi2f1","timestamp":1766777878900,"id":"ukev845w9ueozs5","previousEventId":"ww9oh8ued0rv8jn","previousOperationId":"vb7o2y1s6pvi2f1"}
{"type":"log","timestamp":1766777878901,"level":"debug","message":"Skipping storing report.","meta":{"rootId":"qwlmyngg1ibmwlg","id":"d8qm8ui2hyjuqi0"},"id":"lv3qxufei36x1hc","previousOperationId":"vb7o2y1s6pvi2f1"}
{"type":"log","timestamp":1766777878901,"level":"info","message":"Rendering (child) request finished in 3944 ms","meta":{"rootId":"qwlmyngg1ibmwlg","id":"d8qm8ui2hyjuqi0"},"id":"x3j8h2oizlytihx","previousOperationId":"vb7o2y1s6pvi2f1"}
{"type":"operationEnd","subtype":"render","operationId":"bmxm9gp879q5a6v","timestamp":1766777878902,"id":"y70arhh0qwjcd11","previousEventId":"ukev845w9ueozs5","previousOperationId":"vb7o2y1s6pvi2f1"}
{"type":"log","timestamp":1766777885064,"level":"debug","message":"pptx successfully zipped","meta":{"rootId":"qwlmyngg1ibmwlg","id":"qwlmyngg1ibmwlg"},"id":"lozfgf5tihpe3sg","previousOperationId":"7c297t55j5ipkqw"}
{"type":"log","timestamp":1766777885064,"level":"info","message":"pptx generation was finished","meta":{"rootId":"qwlmyngg1ibmwlg","id":"qwlmyngg1ibmwlg"},"id":"am0o96yxcvy82e9","previousOperationId":"7c297t55j5ipkqw"}
{"type":"operationEnd","operationId":"7c297t55j5ipkqw","timestamp":1766777885084,"id":"fo750ubuaiwlx9k","previousEventId":"1uqturpwcsp8l4x","previousOperationId":"7c297t55j5ipkqw"}
{"type":"log","timestamp":1766777885085,"level":"debug","message":"Skipping storing report.","meta":{"rootId":"qwlmyngg1ibmwlg","id":"qwlmyngg1ibmwlg"},"id":"w8n0mvw6mqbcne8","previousOperationId":"7c297t55j5ipkqw"}
{"type":"log","timestamp":1766777885085,"level":"info","message":"Rendering request 1 finished in 10128 ms","meta":{"rootId":"qwlmyngg1ibmwlg","id":"qwlmyngg1ibmwlg"},"id":"3g9loqto31ww9cu","previousOperationId":"7c297t55j5ipkqw"}
{"type":"operationEnd","subtype":"render","operationId":"7exm9szka5h3ihi","timestamp":1766777885085,"id":"prrl5wmowlau2ia","previousEventId":"fo750ubuaiwlx9k","previousOperationId":"7c297t55j5ipkqw"}
{"type":"operationEnd","doDiffs":false,"previousEventId":"451doqkvi01aphx","previousOperationId":"zta4yw3cbo6b0bv","operationId":"zta4yw3cbo6b0bv","timestamp":1766777885092,"id":"utxd7bijj4ixmsx"}
