{"type":"operationStart","subtype":"profile","data":{"_id":"MIKcH2mHdehw525F","timestamp":"2025-12-30T18:54:37.670Z","state":"running","mode":"standard","creationDate":"2025-12-30T18:54:37.677Z","modificationDate":"2025-12-30T18:54:37.677Z","shortid":"oW1dCPv","$entitySet":"profiles","timeout":60000},"doDiffs":false,"timestamp":1767120877674,"id":"ecgoru9y67bi5p1","previousOperationId":null,"operationId":"8cyeler9wrly30d"}
{"type":"log","level":"info","message":"Render request 12 queued for execution and waiting for available worker","previousOperationId":"8cyeler9wrly30d","timestamp":1767120877674,"id":"ptlh2te6ypsqyyg"}
{"type":"operationStart","subtype":"render","name":"anonymous","previousOperationId":"8cyeler9wrly30d","timestamp":1767120877753,"id":"4z3t4kiwnmdh68m","previousEventId":"ecgoru9y67bi5p1","operationId":"s66tfyhjxzuip8g"}
{"type":"log","timestamp":1767120877754,"level":"info","message":"Starting rendering request 12","meta":{"rootId":"qxmy2xrmfi8zz1n","id":"qxmy2xrmfi8zz1n"},"id":"em2m2ookxtkjv53","previousOperationId":"s66tfyhjxzuip8g"}
{"type":"log","timestamp":1767120877754,"level":"info","message":"Rendering anonymous template { recipe: pptx, engine: handlebars }","meta":{"rootId":"qxmy2xrmfi8zz1n","id":"qxmy2xrmfi8zz1n"},"id":"kouut2vl2qkwxhz","previousOperationId":"s66tfyhjxzuip8g"}
{"type":"log","timestamp":1767120877754,"level":"debug","message":"Inline data specified.","meta":{"rootId":"qxmy2xrmfi8zz1n","id":"qxmy2xrmfi8zz1n"},"id":"5z6k4fbs44sdt1b","previousOperationId":"s66tfyhjxzuip8g"}
{"type":"log","timestamp":1767120877757,"level":"debug","message":"Base url not specified, skipping its injection.","meta":{"rootId":"qxmy2xrmfi8zz1n","id":"qxmy2xrmfi8zz1n"},"id":"97opoldtbabuyxa","previousOperationId":"s66tfyhjxzuip8g"}
{"type":"operationStart","subtype":"engine","name":"handlebars","timestamp":1767120877758,"id":"q7d7avxiqve8zor","previousEventId":"4z3t4kiwnmdh68m","operationId":"o5gu0gvodnuvdoa","previousOperationId":"s66tfyhjxzuip8g"}
{"type":"log","timestamp":1767120877758,"level":"debug","message":"Rendering engine handlebars","meta":{"rootId":"qxmy2xrmfi8zz1n","id":"qxmy2xrmfi8zz1n"},"id":"exnn6bzlujfhfov","previousOperationId":"o5gu0gvodnuvdoa"}
{"type":"operationEnd","operationId":"o5gu0gvodnuvdoa","timestamp":1767120877777,"id":"khz2maaisg1g0by","previousEventId":"q7d7avxiqve8zor","previousOperationId":"o5gu0gvodnuvdoa"}
{"type":"operationStart","subtype":"recipe","name":"pptx","timestamp":1767120877778,"id":"xirm9qzxe0lqziu","previousEventId":"khz2maaisg1g0by","operationId":"ya2wz4e96akiseg","previousOperationId":"o5gu0gvodnuvdoa"}
{"type":"log","timestamp":1767120877778,"level":"debug","message":"Executing recipe pptx","meta":{"rootId":"qxmy2xrmfi8zz1n","id":"qxmy2xrmfi8zz1n"},"id":"n9l9ljsq95od1t5","previousOperationId":"ya2wz4e96akiseg"}
{"type":"log","timestamp":1767120877823,"level":"info","message":"pptx generation is starting","meta":{"rootId":"qxmy2xrmfi8zz1n","id":"qxmy2xrmfi8zz1n"},"id":"vnj03ytn4g6fhz5","previousOperationId":"ya2wz4e96akiseg"}
{"type":"log","timestamp":1767120878964,"level":"debug","message":"Starting child request to render pptx dynamic parts","meta":{"rootId":"qxmy2xrmfi8zz1n","id":"qxmy2xrmfi8zz1n"},"id":"ok9fi0ff9oyhun2","previousOperationId":"ya2wz4e96akiseg"}
{"type":"operationStart","subtype":"render","name":"anonymous","previousOperationId":"ya2wz4e96akiseg","timestamp":1767120878965,"id":"kzxyfzsuvadpzz2","previousEventId":"xirm9qzxe0lqziu","operationId":"515fjzxa7970dkt"}
{"type":"log","timestamp":1767120878965,"level":"info","message":"Starting rendering (child) request","meta":{"rootId":"qxmy2xrmfi8zz1n","id":"o6i85v69pw9kr11"},"id":"fq0kj02xgfdkwde","previousOperationId":"515fjzxa7970dkt"}
{"type":"log","timestamp":1767120878965,"level":"info","message":"Rendering anonymous template { recipe: html, engine: handlebars }","meta":{"rootId":"qxmy2xrmfi8zz1n","id":"o6i85v69pw9kr11"},"id":"j5ht06vt70g9fwm","previousOperationId":"515fjzxa7970dkt"}
{"type":"log","timestamp":1767120878965,"level":"debug","message":"Inline data specified.","meta":{"rootId":"qxmy2xrmfi8zz1n","id":"o6i85v69pw9kr11"},"id":"ihpn89kmmx4vd51","previousOperationId":"515fjzxa7970dkt"}
{"type":"log","timestamp":1767120878969,"level":"debug","message":"Base url not specified, skipping its injection.","meta":{"rootId":"qxmy2xrmfi8zz1n","id":"o6i85v69pw9kr11"},"id":"a7no41x95ri71pt","previousOperationId":"515fjzxa7970dkt"}
{"type":"operationStart","subtype":"engine","name":"handlebars","timestamp":1767120878970,"id":"5oag9wx77wldc5s","previousEventId":"kzxyfzsuvadpzz2","operationId":"tux3cd8lgfu9l37","previousOperationId":"515fjzxa7970dkt"}
{"type":"log","timestamp":1767120878970,"level":"debug","message":"Rendering engine handlebars","meta":{"rootId":"qxmy2xrmfi8zz1n","id":"o6i85v69pw9kr11"},"id":"4a4mco0cnk68okx","previousOperationId":"tux3cd8lgfu9l37"}
{"type":"log","timestamp":1767120879071,"level":"debug","message":"(console:log) {\n  type: 'echarts@v5a',\n  width: 848,\n  height: 409,\n  option: { radar: [ [Object] ], series: [ [Object] ] }\n}","meta":{"userLevel":true,"rootId":"qxmy2xrmfi8zz1n","id":"o6i85v69pw9kr11"},"id":"7680sqkagdmd4z9","previousOperationId":"tux3cd8lgfu9l37"}
{"type":"operationEnd","operationId":"tux3cd8lgfu9l37","timestamp":1767120879082,"id":"v0uir6hipfgqa9z","previousEventId":"5oag9wx77wldc5s","previousOperationId":"tux3cd8lgfu9l37"}
{"type":"operationStart","subtype":"recipe","name":"html","timestamp":1767120879093,"id":"a15y1p6l1ib6ui0","previousEventId":"v0uir6hipfgqa9z","operationId":"pc0h8jhe35u4op9","previousOperationId":"tux3cd8lgfu9l37"}
{"type":"log","timestamp":1767120879093,"level":"debug","message":"Executing recipe html","meta":{"rootId":"qxmy2xrmfi8zz1n","id":"o6i85v69pw9kr11"},"id":"6qgjw4lspyqgk5l","previousOperationId":"pc0h8jhe35u4op9"}
{"type":"operationEnd","operationId":"pc0h8jhe35u4op9","timestamp":1767120879093,"id":"u4tn07lodzy795n","previousEventId":"a15y1p6l1ib6ui0","previousOperationId":"pc0h8jhe35u4op9"}
{"type":"log","timestamp":1767120879093,"level":"debug","message":"Skipping storing report.","meta":{"rootId":"qxmy2xrmfi8zz1n","id":"o6i85v69pw9kr11"},"id":"qtlpnl55opegh4w","previousOperationId":"pc0h8jhe35u4op9"}
{"type":"log","timestamp":1767120879093,"level":"info","message":"Rendering (child) request finished in 1424 ms","meta":{"rootId":"qxmy2xrmfi8zz1n","id":"o6i85v69pw9kr11"},"id":"kk9eyoq9gvb8f6w","previousOperationId":"pc0h8jhe35u4op9"}
{"type":"operationEnd","subtype":"render","operationId":"515fjzxa7970dkt","timestamp":1767120879094,"id":"v4n3k8j1zvu9pa9","previousEventId":"u4tn07lodzy795n","previousOperationId":"pc0h8jhe35u4op9"}
{"type":"log","timestamp":1767120882679,"level":"debug","message":"pptx successfully zipped","meta":{"rootId":"qxmy2xrmfi8zz1n","id":"qxmy2xrmfi8zz1n"},"id":"piwf2ypsneht5ik","previousOperationId":"ya2wz4e96akiseg"}
{"type":"log","timestamp":1767120882679,"level":"info","message":"pptx generation was finished","meta":{"rootId":"qxmy2xrmfi8zz1n","id":"qxmy2xrmfi8zz1n"},"id":"qjmmnkek0axzk4f","previousOperationId":"ya2wz4e96akiseg"}
{"type":"operationEnd","operationId":"ya2wz4e96akiseg","timestamp":1767120882689,"id":"6cw52mhhkcbdlo8","previousEventId":"xirm9qzxe0lqziu","previousOperationId":"ya2wz4e96akiseg"}
{"type":"log","timestamp":1767120882689,"level":"debug","message":"Skipping storing report.","meta":{"rootId":"qxmy2xrmfi8zz1n","id":"qxmy2xrmfi8zz1n"},"id":"g31a7zqdh0q24j5","previousOperationId":"ya2wz4e96akiseg"}
{"type":"log","timestamp":1767120882689,"level":"info","message":"Rendering request 12 finished in 5020 ms","meta":{"rootId":"qxmy2xrmfi8zz1n","id":"qxmy2xrmfi8zz1n"},"id":"u2a2w3n4cx87qa1","previousOperationId":"ya2wz4e96akiseg"}
{"type":"operationEnd","subtype":"render","operationId":"s66tfyhjxzuip8g","timestamp":1767120882689,"id":"7t3c4pqvf5jvky0","previousEventId":"6cw52mhhkcbdlo8","previousOperationId":"ya2wz4e96akiseg"}
{"type":"operationEnd","doDiffs":false,"previousEventId":"ecgoru9y67bi5p1","previousOperationId":"8cyeler9wrly30d","operationId":"8cyeler9wrly30d","timestamp":1767120882694,"id":"gtx9cawyjyuybas"}
