{"type":"operationStart","subtype":"profile","data":{"_id":"p4cWcHBHB6vjPOaV","timestamp":"2025-12-30T19:27:52.359Z","state":"running","mode":"standard","creationDate":"2025-12-30T19:27:52.363Z","modificationDate":"2025-12-30T19:27:52.363Z","shortid":"-j4D7bz","$entitySet":"profiles","timeout":60000},"doDiffs":false,"timestamp":1767122872361,"id":"z9s467vrfzvgqvv","previousOperationId":null,"operationId":"sohbugioolic49l"}
{"type":"log","level":"info","message":"Render request 11 queued for execution and waiting for available worker","previousOperationId":"sohbugioolic49l","timestamp":1767122872361,"id":"ycuymy8hj9ru5xy"}
{"type":"operationStart","subtype":"render","name":"anonymous","previousOperationId":"sohbugioolic49l","timestamp":1767122872407,"id":"qghmi2z9kdb0qjs","previousEventId":"z9s467vrfzvgqvv","operationId":"hmtz50q1y4vb2lw"}
{"type":"log","timestamp":1767122872407,"level":"info","message":"Starting rendering request 11","meta":{"rootId":"qzmlhxp0bffoboe","id":"qzmlhxp0bffoboe"},"id":"u3q56q976rj5eu1","previousOperationId":"hmtz50q1y4vb2lw"}
{"type":"log","timestamp":1767122872408,"level":"info","message":"Rendering anonymous template { recipe: pptx, engine: handlebars }","meta":{"rootId":"qzmlhxp0bffoboe","id":"qzmlhxp0bffoboe"},"id":"wt9tjrkz4tk7raw","previousOperationId":"hmtz50q1y4vb2lw"}
{"type":"log","timestamp":1767122872408,"level":"debug","message":"Inline data specified.","meta":{"rootId":"qzmlhxp0bffoboe","id":"qzmlhxp0bffoboe"},"id":"nugb8y00l0k42oi","previousOperationId":"hmtz50q1y4vb2lw"}
{"type":"log","timestamp":1767122872411,"level":"debug","message":"Base url not specified, skipping its injection.","meta":{"rootId":"qzmlhxp0bffoboe","id":"qzmlhxp0bffoboe"},"id":"7aju8wdwqjzynlb","previousOperationId":"hmtz50q1y4vb2lw"}
{"type":"operationStart","subtype":"engine","name":"handlebars","timestamp":1767122872412,"id":"v00le4h3tw7017h","previousEventId":"qghmi2z9kdb0qjs","operationId":"dkhk016trp22fkp","previousOperationId":"hmtz50q1y4vb2lw"}
{"type":"log","timestamp":1767122872412,"level":"debug","message":"Rendering engine handlebars","meta":{"rootId":"qzmlhxp0bffoboe","id":"qzmlhxp0bffoboe"},"id":"2sy57j8zlxhhyc1","previousOperationId":"dkhk016trp22fkp"}
{"type":"operationEnd","operationId":"dkhk016trp22fkp","timestamp":1767122872420,"id":"f1gg7yo2f3lz9by","previousEventId":"v00le4h3tw7017h","previousOperationId":"dkhk016trp22fkp"}
{"type":"operationStart","subtype":"recipe","name":"pptx","timestamp":1767122872420,"id":"9ij3hejrw7zz17b","previousEventId":"f1gg7yo2f3lz9by","operationId":"c7onapmp63m5p9d","previousOperationId":"dkhk016trp22fkp"}
{"type":"log","timestamp":1767122872420,"level":"debug","message":"Executing recipe pptx","meta":{"rootId":"qzmlhxp0bffoboe","id":"qzmlhxp0bffoboe"},"id":"1a85041nr33t1zg","previousOperationId":"c7onapmp63m5p9d"}
{"type":"log","timestamp":1767122872447,"level":"info","message":"pptx generation is starting","meta":{"rootId":"qzmlhxp0bffoboe","id":"qzmlhxp0bffoboe"},"id":"9xx605r9r3sz5w4","previousOperationId":"c7onapmp63m5p9d"}
{"type":"log","timestamp":1767122873706,"level":"debug","message":"Starting child request to render pptx dynamic parts","meta":{"rootId":"qzmlhxp0bffoboe","id":"qzmlhxp0bffoboe"},"id":"y2nln7z20pui4hw","previousOperationId":"c7onapmp63m5p9d"}
{"type":"operationStart","subtype":"render","name":"anonymous","previousOperationId":"c7onapmp63m5p9d","timestamp":1767122873706,"id":"a0ebua4ui38tzuo","previousEventId":"9ij3hejrw7zz17b","operationId":"9a53qlkp2awtlnx"}
{"type":"log","timestamp":1767122873706,"level":"info","message":"Starting rendering (child) request","meta":{"rootId":"qzmlhxp0bffoboe","id":"hze741cck9i3rpl"},"id":"cd2b4rhf7lpzr0y","previousOperationId":"9a53qlkp2awtlnx"}
{"type":"log","timestamp":1767122873707,"level":"info","message":"Rendering anonymous template { recipe: html, engine: handlebars }","meta":{"rootId":"qzmlhxp0bffoboe","id":"hze741cck9i3rpl"},"id":"83e7rq3z3twgeo8","previousOperationId":"9a53qlkp2awtlnx"}
{"type":"log","timestamp":1767122873707,"level":"debug","message":"Inline data specified.","meta":{"rootId":"qzmlhxp0bffoboe","id":"hze741cck9i3rpl"},"id":"curabaa0qrbbg67","previousOperationId":"9a53qlkp2awtlnx"}
{"type":"log","timestamp":1767122873711,"level":"debug","message":"Base url not specified, skipping its injection.","meta":{"rootId":"qzmlhxp0bffoboe","id":"hze741cck9i3rpl"},"id":"s5zmgfd5595b248","previousOperationId":"9a53qlkp2awtlnx"}
{"type":"operationStart","subtype":"engine","name":"handlebars","timestamp":1767122873713,"id":"vj9oaoujgrzhspd","previousEventId":"a0ebua4ui38tzuo","operationId":"ilq5grqh1poalry","previousOperationId":"9a53qlkp2awtlnx"}
{"type":"log","timestamp":1767122873713,"level":"debug","message":"Rendering engine handlebars","meta":{"rootId":"qzmlhxp0bffoboe","id":"hze741cck9i3rpl"},"id":"60bzd57b6mmdemg","previousOperationId":"ilq5grqh1poalry"}
{"type":"log","timestamp":1767122873854,"level":"debug","message":"(console:log) {\n  type: 'echarts@v5a',\n  width: 848,\n  height: 409,\n  option: { radar: [ [Object] ], series: [ [Object] ] }\n}","meta":{"userLevel":true,"rootId":"qzmlhxp0bffoboe","id":"hze741cck9i3rpl"},"id":"0g6r5786j2x5lel","previousOperationId":"ilq5grqh1poalry"}
{"type":"operationEnd","operationId":"ilq5grqh1poalry","timestamp":1767122873860,"id":"uhbnka0kghagomg","previousEventId":"vj9oaoujgrzhspd","previousOperationId":"ilq5grqh1poalry"}
{"type":"operationStart","subtype":"recipe","name":"html","timestamp":1767122873870,"id":"dk3pzzwyochfzcy","previousEventId":"uhbnka0kghagomg","operationId":"tev2gfahi6lwbj3","previousOperationId":"ilq5grqh1poalry"}
{"type":"log","timestamp":1767122873870,"level":"debug","message":"Executing recipe html","meta":{"rootId":"qzmlhxp0bffoboe","id":"hze741cck9i3rpl"},"id":"cckk59i9zsxv5ck","previousOperationId":"tev2gfahi6lwbj3"}
{"type":"operationEnd","operationId":"tev2gfahi6lwbj3","timestamp":1767122873870,"id":"t8wccbeezkrdpuw","previousEventId":"dk3pzzwyochfzcy","previousOperationId":"tev2gfahi6lwbj3"}
{"type":"log","timestamp":1767122873870,"level":"debug","message":"Skipping storing report.","meta":{"rootId":"qzmlhxp0bffoboe","id":"hze741cck9i3rpl"},"id":"d9cadb6pngjpehv","previousOperationId":"tev2gfahi6lwbj3"}
{"type":"log","timestamp":1767122873870,"level":"info","message":"Rendering (child) request finished in 1511 ms","meta":{"rootId":"qzmlhxp0bffoboe","id":"hze741cck9i3rpl"},"id":"5rq9j69fsk27gv5","previousOperationId":"tev2gfahi6lwbj3"}
{"type":"operationEnd","subtype":"render","operationId":"9a53qlkp2awtlnx","timestamp":1767122873870,"id":"g0qqhpbp5wk2jqv","previousEventId":"t8wccbeezkrdpuw","previousOperationId":"tev2gfahi6lwbj3"}
{"type":"log","timestamp":1767122877363,"level":"debug","message":"pptx successfully zipped","meta":{"rootId":"qzmlhxp0bffoboe","id":"qzmlhxp0bffoboe"},"id":"7t05qttmho8etc1","previousOperationId":"c7onapmp63m5p9d"}
{"type":"log","timestamp":1767122877363,"level":"info","message":"pptx generation was finished","meta":{"rootId":"qzmlhxp0bffoboe","id":"qzmlhxp0bffoboe"},"id":"g7zfj7a59yszswo","previousOperationId":"c7onapmp63m5p9d"}
{"type":"operationEnd","operationId":"c7onapmp63m5p9d","timestamp":1767122877370,"id":"gd076hktfckbsll","previousEventId":"9ij3hejrw7zz17b","previousOperationId":"c7onapmp63m5p9d"}
{"type":"log","timestamp":1767122877370,"level":"debug","message":"Skipping storing report.","meta":{"rootId":"qzmlhxp0bffoboe","id":"qzmlhxp0bffoboe"},"id":"7zwebuhiqhrpepk","previousOperationId":"c7onapmp63m5p9d"}
{"type":"log","timestamp":1767122877370,"level":"info","message":"Rendering request 11 finished in 5011 ms","meta":{"rootId":"qzmlhxp0bffoboe","id":"qzmlhxp0bffoboe"},"id":"50rup3vpj0m33me","previousOperationId":"c7onapmp63m5p9d"}
{"type":"operationEnd","subtype":"render","operationId":"hmtz50q1y4vb2lw","timestamp":1767122877370,"id":"obv4h6jd6c24mhy","previousEventId":"gd076hktfckbsll","previousOperationId":"c7onapmp63m5p9d"}
{"type":"operationEnd","doDiffs":false,"previousEventId":"z9s467vrfzvgqvv","previousOperationId":"sohbugioolic49l","operationId":"sohbugioolic49l","timestamp":1767122877376,"id":"ng2o7h7f22rvncb"}
