{"type":"operationStart","subtype":"profile","data":{"_id":"BXDpl1MmoC6VYpZ2","timestamp":"2025-12-07T21:06:58.551Z","state":"running","mode":"standard","creationDate":"2025-12-07T21:06:58.555Z","modificationDate":"2025-12-07T21:06:58.555Z","shortid":"bJunnOs","$entitySet":"profiles","timeout":60000},"doDiffs":false,"timestamp":1765141618554,"id":"47nrqrjmiqgppp6","previousOperationId":null,"operationId":"a9ws8hncb6ei18b"}
{"type":"log","level":"info","message":"Render request 48 queued for execution and waiting for available worker","previousOperationId":"a9ws8hncb6ei18b","timestamp":1765141618554,"id":"jl7iagqcekiuzl2"}
{"type":"operationStart","subtype":"render","name":"anonymous","previousOperationId":"a9ws8hncb6ei18b","timestamp":1765141618605,"id":"k2ab9qxigvulqx7","previousEventId":"47nrqrjmiqgppp6","operationId":"olj5y4ehqqh0pmu"}
{"type":"log","timestamp":1765141618605,"level":"info","message":"Starting rendering request 48","meta":{"rootId":"r0f9xzvphw2kr2e","id":"r0f9xzvphw2kr2e"},"id":"1un5ll94e8zgutd","previousOperationId":"olj5y4ehqqh0pmu"}
{"type":"log","timestamp":1765141618605,"level":"info","message":"Rendering anonymous template { recipe: pptx, engine: handlebars }","meta":{"rootId":"r0f9xzvphw2kr2e","id":"r0f9xzvphw2kr2e"},"id":"icjl9e73noe7ydd","previousOperationId":"olj5y4ehqqh0pmu"}
{"type":"log","timestamp":1765141618605,"level":"debug","message":"Inline data specified.","meta":{"rootId":"r0f9xzvphw2kr2e","id":"r0f9xzvphw2kr2e"},"id":"9m6ktua5ddli1i5","previousOperationId":"olj5y4ehqqh0pmu"}
{"type":"log","timestamp":1765141618607,"level":"debug","message":"Base url not specified, skipping its injection.","meta":{"rootId":"r0f9xzvphw2kr2e","id":"r0f9xzvphw2kr2e"},"id":"axrzvnx9nbrtnud","previousOperationId":"olj5y4ehqqh0pmu"}
{"type":"operationStart","subtype":"engine","name":"handlebars","timestamp":1765141618607,"id":"kj83eric0rgskfc","previousEventId":"k2ab9qxigvulqx7","operationId":"a6wktbs7k6xnoou","previousOperationId":"olj5y4ehqqh0pmu"}
{"type":"log","timestamp":1765141618607,"level":"debug","message":"Rendering engine handlebars","meta":{"rootId":"r0f9xzvphw2kr2e","id":"r0f9xzvphw2kr2e"},"id":"72uv159odifktd4","previousOperationId":"a6wktbs7k6xnoou"}
{"type":"operationEnd","operationId":"a6wktbs7k6xnoou","timestamp":1765141618705,"id":"qa3advats1uwiwv","previousEventId":"kj83eric0rgskfc","previousOperationId":"a6wktbs7k6xnoou"}
{"type":"operationStart","subtype":"recipe","name":"pptx","timestamp":1765141618705,"id":"xroxirnn95y5do0","previousEventId":"qa3advats1uwiwv","operationId":"migv554g77zi57h","previousOperationId":"a6wktbs7k6xnoou"}
{"type":"log","timestamp":1765141618705,"level":"debug","message":"Executing recipe pptx","meta":{"rootId":"r0f9xzvphw2kr2e","id":"r0f9xzvphw2kr2e"},"id":"jj1fvb4wasc9v4u","previousOperationId":"migv554g77zi57h"}
{"type":"log","timestamp":1765141618723,"level":"info","message":"pptx generation is starting","meta":{"rootId":"r0f9xzvphw2kr2e","id":"r0f9xzvphw2kr2e"},"id":"fv8qx2hz6pckf9r","previousOperationId":"migv554g77zi57h"}
{"type":"log","timestamp":1765141619771,"level":"debug","message":"Starting child request to render pptx dynamic parts","meta":{"rootId":"r0f9xzvphw2kr2e","id":"r0f9xzvphw2kr2e"},"id":"o8mooi2a1o1aa01","previousOperationId":"migv554g77zi57h"}
{"type":"operationStart","subtype":"render","name":"anonymous","previousOperationId":"migv554g77zi57h","timestamp":1765141619772,"id":"y52vtgk6fssuf13","previousEventId":"xroxirnn95y5do0","operationId":"4uop0p9o3o5rvau"}
{"type":"log","timestamp":1765141619772,"level":"info","message":"Starting rendering (child) request","meta":{"rootId":"r0f9xzvphw2kr2e","id":"7sbf9pvidk1qj52"},"id":"6hpsh108qrlmubr","previousOperationId":"4uop0p9o3o5rvau"}
{"type":"log","timestamp":1765141619772,"level":"info","message":"Rendering anonymous template { recipe: html, engine: handlebars }","meta":{"rootId":"r0f9xzvphw2kr2e","id":"7sbf9pvidk1qj52"},"id":"eqxvtwmzzxo3q8h","previousOperationId":"4uop0p9o3o5rvau"}
{"type":"log","timestamp":1765141619772,"level":"debug","message":"Inline data specified.","meta":{"rootId":"r0f9xzvphw2kr2e","id":"7sbf9pvidk1qj52"},"id":"y4wu0w98civwlfi","previousOperationId":"4uop0p9o3o5rvau"}
{"type":"log","timestamp":1765141619775,"level":"debug","message":"Base url not specified, skipping its injection.","meta":{"rootId":"r0f9xzvphw2kr2e","id":"7sbf9pvidk1qj52"},"id":"o1z2vxnu9yz1xq1","previousOperationId":"4uop0p9o3o5rvau"}
{"type":"operationStart","subtype":"engine","name":"handlebars","timestamp":1765141619776,"id":"w64siy3zrxqczd6","previousEventId":"y52vtgk6fssuf13","operationId":"fxlmp09tqx4n1b9","previousOperationId":"4uop0p9o3o5rvau"}
{"type":"log","timestamp":1765141619776,"level":"debug","message":"Rendering engine handlebars","meta":{"rootId":"r0f9xzvphw2kr2e","id":"7sbf9pvidk1qj52"},"id":"onp6zy93htipm33","previousOperationId":"fxlmp09tqx4n1b9"}
{"type":"operationEnd","operationId":"fxlmp09tqx4n1b9","timestamp":1765141619865,"id":"yz20lgl90wlprgt","previousEventId":"w64siy3zrxqczd6","previousOperationId":"fxlmp09tqx4n1b9"}
{"type":"operationStart","subtype":"recipe","name":"html","timestamp":1765141619872,"id":"fkc83hek6dasvcp","previousEventId":"yz20lgl90wlprgt","operationId":"prdg79210wlfz6n","previousOperationId":"fxlmp09tqx4n1b9"}
{"type":"log","timestamp":1765141619872,"level":"debug","message":"Executing recipe html","meta":{"rootId":"r0f9xzvphw2kr2e","id":"7sbf9pvidk1qj52"},"id":"jrbxqvgilr62wz3","previousOperationId":"prdg79210wlfz6n"}
{"type":"operationEnd","operationId":"prdg79210wlfz6n","timestamp":1765141619872,"id":"dcmu6h0a1xgatgg","previousEventId":"fkc83hek6dasvcp","previousOperationId":"prdg79210wlfz6n"}
{"type":"log","timestamp":1765141619872,"level":"debug","message":"Skipping storing report.","meta":{"rootId":"r0f9xzvphw2kr2e","id":"7sbf9pvidk1qj52"},"id":"4fyjb8fibzw6dfz","previousOperationId":"prdg79210wlfz6n"}
{"type":"log","timestamp":1765141619872,"level":"info","message":"Rendering (child) request finished in 1322 ms","meta":{"rootId":"r0f9xzvphw2kr2e","id":"7sbf9pvidk1qj52"},"id":"o6k9923wpyywxlc","previousOperationId":"prdg79210wlfz6n"}
{"type":"operationEnd","subtype":"render","operationId":"4uop0p9o3o5rvau","timestamp":1765141619872,"id":"0xjyw12v015dbmx","previousEventId":"dcmu6h0a1xgatgg","previousOperationId":"prdg79210wlfz6n"}
{"type":"log","timestamp":1765141622887,"level":"debug","message":"pptx successfully zipped","meta":{"rootId":"r0f9xzvphw2kr2e","id":"r0f9xzvphw2kr2e"},"id":"8vs03ibo9wi50b0","previousOperationId":"migv554g77zi57h"}
{"type":"log","timestamp":1765141622887,"level":"info","message":"pptx generation was finished","meta":{"rootId":"r0f9xzvphw2kr2e","id":"r0f9xzvphw2kr2e"},"id":"e4s2q3b8u4elqm0","previousOperationId":"migv554g77zi57h"}
{"type":"operationEnd","operationId":"migv554g77zi57h","timestamp":1765141622894,"id":"dowy0gwkqfx4t3k","previousEventId":"xroxirnn95y5do0","previousOperationId":"migv554g77zi57h"}
{"type":"log","timestamp":1765141622894,"level":"debug","message":"Skipping storing report.","meta":{"rootId":"r0f9xzvphw2kr2e","id":"r0f9xzvphw2kr2e"},"id":"kq25eieb3yntc57","previousOperationId":"migv554g77zi57h"}
{"type":"log","timestamp":1765141622894,"level":"info","message":"Rendering request 48 finished in 4344 ms","meta":{"rootId":"r0f9xzvphw2kr2e","id":"r0f9xzvphw2kr2e"},"id":"yzxuf2c84vumy3w","previousOperationId":"migv554g77zi57h"}
{"type":"operationEnd","subtype":"render","operationId":"olj5y4ehqqh0pmu","timestamp":1765141622894,"id":"bjl89gb4nm76dbn","previousEventId":"dowy0gwkqfx4t3k","previousOperationId":"migv554g77zi57h"}
{"type":"operationEnd","doDiffs":false,"previousEventId":"47nrqrjmiqgppp6","previousOperationId":"a9ws8hncb6ei18b","operationId":"a9ws8hncb6ei18b","timestamp":1765141622897,"id":"sujlruenyh1bur6"}
