{"type":"operationStart","subtype":"profile","data":{"_id":"wWhnLlNgQQ0VYehu","timestamp":"2025-12-28T16:04:46.478Z","state":"running","mode":"standard","creationDate":"2025-12-28T16:04:46.484Z","modificationDate":"2025-12-28T16:04:46.484Z","shortid":"lfZux36","$entitySet":"profiles","timeout":60000},"doDiffs":false,"timestamp":1766937886481,"id":"1et3bo5jpeibppq","previousOperationId":null,"operationId":"p7k8o0xnspdqy1n"}
{"type":"log","level":"info","message":"Render request 4 queued for execution and waiting for available worker","previousOperationId":"p7k8o0xnspdqy1n","timestamp":1766937886481,"id":"a229dusml3ua69b"}
{"type":"operationStart","subtype":"render","name":"anonymous","previousOperationId":"p7k8o0xnspdqy1n","timestamp":1766937886542,"id":"a5qgpncuw3doo8f","previousEventId":"1et3bo5jpeibppq","operationId":"brhadcw3uloww1x"}
{"type":"log","timestamp":1766937886543,"level":"info","message":"Starting rendering request 4","meta":{"rootId":"r1otptjubik49fh","id":"r1otptjubik49fh"},"id":"vly0971zqwks6lt","previousOperationId":"brhadcw3uloww1x"}
{"type":"log","timestamp":1766937886543,"level":"info","message":"Rendering anonymous template { recipe: pptx, engine: handlebars }","meta":{"rootId":"r1otptjubik49fh","id":"r1otptjubik49fh"},"id":"sx6swkvfjksnd42","previousOperationId":"brhadcw3uloww1x"}
{"type":"log","timestamp":1766937886543,"level":"debug","message":"Inline data specified.","meta":{"rootId":"r1otptjubik49fh","id":"r1otptjubik49fh"},"id":"afukjfwfvju8xfk","previousOperationId":"brhadcw3uloww1x"}
{"type":"log","timestamp":1766937886547,"level":"debug","message":"Base url not specified, skipping its injection.","meta":{"rootId":"r1otptjubik49fh","id":"r1otptjubik49fh"},"id":"hwjokrk8mrk07no","previousOperationId":"brhadcw3uloww1x"}
{"type":"operationStart","subtype":"engine","name":"handlebars","timestamp":1766937886548,"id":"tb5iwkc1k584k5i","previousEventId":"a5qgpncuw3doo8f","operationId":"towi3wtcxbpzn9z","previousOperationId":"brhadcw3uloww1x"}
{"type":"log","timestamp":1766937886548,"level":"debug","message":"Rendering engine handlebars","meta":{"rootId":"r1otptjubik49fh","id":"r1otptjubik49fh"},"id":"pnchu7i5mi3ta2p","previousOperationId":"towi3wtcxbpzn9z"}
{"type":"operationEnd","operationId":"towi3wtcxbpzn9z","timestamp":1766937886569,"id":"k8xdawxbwgdgggq","previousEventId":"tb5iwkc1k584k5i","previousOperationId":"towi3wtcxbpzn9z"}
{"type":"operationStart","subtype":"recipe","name":"pptx","timestamp":1766937886571,"id":"b456qrircbdhtiy","previousEventId":"k8xdawxbwgdgggq","operationId":"yulyvc6q9i1okms","previousOperationId":"towi3wtcxbpzn9z"}
{"type":"log","timestamp":1766937886571,"level":"debug","message":"Executing recipe pptx","meta":{"rootId":"r1otptjubik49fh","id":"r1otptjubik49fh"},"id":"9m16vlbovuadxax","previousOperationId":"yulyvc6q9i1okms"}
{"type":"log","timestamp":1766937886595,"level":"info","message":"pptx generation is starting","meta":{"rootId":"r1otptjubik49fh","id":"r1otptjubik49fh"},"id":"tvar3mdl5v9q8ki","previousOperationId":"yulyvc6q9i1okms"}
{"type":"log","timestamp":1766937888403,"level":"debug","message":"Starting child request to render pptx dynamic parts","meta":{"rootId":"r1otptjubik49fh","id":"r1otptjubik49fh"},"id":"5i3s193ldl6flui","previousOperationId":"yulyvc6q9i1okms"}
{"type":"operationStart","subtype":"render","name":"anonymous","previousOperationId":"yulyvc6q9i1okms","timestamp":1766937888404,"id":"kwsvczi8j8gcmxt","previousEventId":"b456qrircbdhtiy","operationId":"s3b0b0trgpex5we"}
{"type":"log","timestamp":1766937888404,"level":"info","message":"Starting rendering (child) request","meta":{"rootId":"r1otptjubik49fh","id":"a1zbs9z9qmar6rq"},"id":"t4rw6mdkrgsl4sr","previousOperationId":"s3b0b0trgpex5we"}
{"type":"log","timestamp":1766937888404,"level":"info","message":"Rendering anonymous template { recipe: html, engine: handlebars }","meta":{"rootId":"r1otptjubik49fh","id":"a1zbs9z9qmar6rq"},"id":"a8po7tn9y0zwaqq","previousOperationId":"s3b0b0trgpex5we"}
{"type":"log","timestamp":1766937888404,"level":"debug","message":"Inline data specified.","meta":{"rootId":"r1otptjubik49fh","id":"a1zbs9z9qmar6rq"},"id":"dguj5q2k1q2fgri","previousOperationId":"s3b0b0trgpex5we"}
{"type":"log","timestamp":1766937888410,"level":"debug","message":"Base url not specified, skipping its injection.","meta":{"rootId":"r1otptjubik49fh","id":"a1zbs9z9qmar6rq"},"id":"rmz2ygfb9al0p1z","previousOperationId":"s3b0b0trgpex5we"}
{"type":"operationStart","subtype":"engine","name":"handlebars","timestamp":1766937888411,"id":"nitztvqnkbz7few","previousEventId":"kwsvczi8j8gcmxt","operationId":"tl8wanv5mhn8tug","previousOperationId":"s3b0b0trgpex5we"}
{"type":"log","timestamp":1766937888412,"level":"debug","message":"Rendering engine handlebars","meta":{"rootId":"r1otptjubik49fh","id":"a1zbs9z9qmar6rq"},"id":"40ehbe7fv34jfnn","previousOperationId":"tl8wanv5mhn8tug"}
{"type":"log","timestamp":1766937888603,"level":"debug","message":"(console:log) {\n  type: 'echarts@v5a',\n  width: 848,\n  height: 409,\n  option: { radar: [ [Object] ], series: [ [Object] ] }\n}","meta":{"userLevel":true,"rootId":"r1otptjubik49fh","id":"a1zbs9z9qmar6rq"},"id":"ywt8nfn0d9jryjd","previousOperationId":"tl8wanv5mhn8tug"}
{"type":"operationEnd","operationId":"tl8wanv5mhn8tug","timestamp":1766937888614,"id":"x3lbv8rw4b3sfmz","previousEventId":"nitztvqnkbz7few","previousOperationId":"tl8wanv5mhn8tug"}
{"type":"operationStart","subtype":"recipe","name":"html","timestamp":1766937888630,"id":"bzk9uydm7konkua","previousEventId":"x3lbv8rw4b3sfmz","operationId":"djkh1sca5g4vztl","previousOperationId":"tl8wanv5mhn8tug"}
{"type":"log","timestamp":1766937888630,"level":"debug","message":"Executing recipe html","meta":{"rootId":"r1otptjubik49fh","id":"a1zbs9z9qmar6rq"},"id":"j8vmnagipo4pfw6","previousOperationId":"djkh1sca5g4vztl"}
{"type":"operationEnd","operationId":"djkh1sca5g4vztl","timestamp":1766937888630,"id":"3r9cftul78udeq5","previousEventId":"bzk9uydm7konkua","previousOperationId":"djkh1sca5g4vztl"}
{"type":"log","timestamp":1766937888630,"level":"debug","message":"Skipping storing report.","meta":{"rootId":"r1otptjubik49fh","id":"a1zbs9z9qmar6rq"},"id":"pwqrcue3hrl49er","previousOperationId":"djkh1sca5g4vztl"}
{"type":"log","timestamp":1766937888630,"level":"info","message":"Rendering (child) request finished in 2154 ms","meta":{"rootId":"r1otptjubik49fh","id":"a1zbs9z9qmar6rq"},"id":"ywex37gccqxkjt2","previousOperationId":"djkh1sca5g4vztl"}
{"type":"operationEnd","subtype":"render","operationId":"s3b0b0trgpex5we","timestamp":1766937888630,"id":"vihikdvym2vchf2","previousEventId":"3r9cftul78udeq5","previousOperationId":"djkh1sca5g4vztl"}
{"type":"log","timestamp":1766937895044,"level":"debug","message":"pptx successfully zipped","meta":{"rootId":"r1otptjubik49fh","id":"r1otptjubik49fh"},"id":"rm33spguq5w3kle","previousOperationId":"yulyvc6q9i1okms"}
{"type":"log","timestamp":1766937895044,"level":"info","message":"pptx generation was finished","meta":{"rootId":"r1otptjubik49fh","id":"r1otptjubik49fh"},"id":"kju3fark1owzaak","previousOperationId":"yulyvc6q9i1okms"}
{"type":"operationEnd","operationId":"yulyvc6q9i1okms","timestamp":1766937895056,"id":"p40oglqviyvitm5","previousEventId":"b456qrircbdhtiy","previousOperationId":"yulyvc6q9i1okms"}
{"type":"log","timestamp":1766937895056,"level":"debug","message":"Skipping storing report.","meta":{"rootId":"r1otptjubik49fh","id":"r1otptjubik49fh"},"id":"ac40vs3v07ueon9","previousOperationId":"yulyvc6q9i1okms"}
{"type":"log","timestamp":1766937895056,"level":"info","message":"Rendering request 4 finished in 8580 ms","meta":{"rootId":"r1otptjubik49fh","id":"r1otptjubik49fh"},"id":"qvyv97kexkg7v8x","previousOperationId":"yulyvc6q9i1okms"}
{"type":"operationEnd","subtype":"render","operationId":"brhadcw3uloww1x","timestamp":1766937895056,"id":"0h7wmemthv8y28l","previousEventId":"p40oglqviyvitm5","previousOperationId":"yulyvc6q9i1okms"}
{"type":"operationEnd","doDiffs":false,"previousEventId":"1et3bo5jpeibppq","previousOperationId":"p7k8o0xnspdqy1n","operationId":"p7k8o0xnspdqy1n","timestamp":1766937895062,"id":"lybcws98gii13xn"}
