{"type":"operationStart","subtype":"profile","data":{"_id":"iXhBXPmTJTCo9xRm","timestamp":"2025-12-30T20:24:40.936Z","state":"running","mode":"standard","creationDate":"2025-12-30T20:24:40.938Z","modificationDate":"2025-12-30T20:24:40.938Z","shortid":"NcJnEoo","$entitySet":"profiles","timeout":60000},"doDiffs":false,"timestamp":1767126280937,"id":"3dnurr6kyx8lrtq","previousOperationId":null,"operationId":"qsl498a7tnkqrwr"}
{"type":"log","level":"info","message":"Render request 11 queued for execution and waiting for available worker","previousOperationId":"qsl498a7tnkqrwr","timestamp":1767126280937,"id":"3isjjsqumqx4fv2"}
{"type":"operationStart","subtype":"render","name":"anonymous","previousOperationId":"qsl498a7tnkqrwr","timestamp":1767126280986,"id":"jhy5dv6q8d09wtq","previousEventId":"3dnurr6kyx8lrtq","operationId":"z185cflxzokk7ir"}
{"type":"log","timestamp":1767126280987,"level":"info","message":"Starting rendering request 11","meta":{"rootId":"r339wrvmuqas0nv","id":"r339wrvmuqas0nv"},"id":"jj8kjbdn1uaa2cs","previousOperationId":"z185cflxzokk7ir"}
{"type":"log","timestamp":1767126280987,"level":"info","message":"Rendering anonymous template { recipe: pptx, engine: handlebars }","meta":{"rootId":"r339wrvmuqas0nv","id":"r339wrvmuqas0nv"},"id":"afur003o0h3p9bo","previousOperationId":"z185cflxzokk7ir"}
{"type":"log","timestamp":1767126280987,"level":"debug","message":"Inline data specified.","meta":{"rootId":"r339wrvmuqas0nv","id":"r339wrvmuqas0nv"},"id":"qmu17w24nzevul6","previousOperationId":"z185cflxzokk7ir"}
{"type":"log","timestamp":1767126280988,"level":"debug","message":"Base url not specified, skipping its injection.","meta":{"rootId":"r339wrvmuqas0nv","id":"r339wrvmuqas0nv"},"id":"1scrlgsfz08th84","previousOperationId":"z185cflxzokk7ir"}
{"type":"operationStart","subtype":"engine","name":"handlebars","timestamp":1767126280989,"id":"03swfdhc87ejgsk","previousEventId":"jhy5dv6q8d09wtq","operationId":"v2nzfivker6scns","previousOperationId":"z185cflxzokk7ir"}
{"type":"log","timestamp":1767126280989,"level":"debug","message":"Rendering engine handlebars","meta":{"rootId":"r339wrvmuqas0nv","id":"r339wrvmuqas0nv"},"id":"7lc1mtqede27yjc","previousOperationId":"v2nzfivker6scns"}
{"type":"operationEnd","operationId":"v2nzfivker6scns","timestamp":1767126281005,"id":"c86e88otw2ns7q6","previousEventId":"03swfdhc87ejgsk","previousOperationId":"v2nzfivker6scns"}
{"type":"operationStart","subtype":"recipe","name":"pptx","timestamp":1767126281006,"id":"cztt8rfkwz86h4h","previousEventId":"c86e88otw2ns7q6","operationId":"8kf2vvcrv8tg471","previousOperationId":"v2nzfivker6scns"}
{"type":"log","timestamp":1767126281006,"level":"debug","message":"Executing recipe pptx","meta":{"rootId":"r339wrvmuqas0nv","id":"r339wrvmuqas0nv"},"id":"kkwlg9szr3kjo5d","previousOperationId":"8kf2vvcrv8tg471"}
{"type":"log","timestamp":1767126281035,"level":"info","message":"pptx generation is starting","meta":{"rootId":"r339wrvmuqas0nv","id":"r339wrvmuqas0nv"},"id":"16q6c6q19yd082t","previousOperationId":"8kf2vvcrv8tg471"}
{"type":"log","timestamp":1767126282196,"level":"debug","message":"Starting child request to render pptx dynamic parts","meta":{"rootId":"r339wrvmuqas0nv","id":"r339wrvmuqas0nv"},"id":"z6kh6v0a74247au","previousOperationId":"8kf2vvcrv8tg471"}
{"type":"operationStart","subtype":"render","name":"anonymous","previousOperationId":"8kf2vvcrv8tg471","timestamp":1767126282196,"id":"dlnmed9l2dpqocd","previousEventId":"cztt8rfkwz86h4h","operationId":"6cjfl7t0c487hm3"}
{"type":"log","timestamp":1767126282196,"level":"info","message":"Starting rendering (child) request","meta":{"rootId":"r339wrvmuqas0nv","id":"sd1xa3ulgghnten"},"id":"6hnrp76lua5kbpr","previousOperationId":"6cjfl7t0c487hm3"}
{"type":"log","timestamp":1767126282196,"level":"info","message":"Rendering anonymous template { recipe: html, engine: handlebars }","meta":{"rootId":"r339wrvmuqas0nv","id":"sd1xa3ulgghnten"},"id":"6l6nveigvoewa1y","previousOperationId":"6cjfl7t0c487hm3"}
{"type":"log","timestamp":1767126282196,"level":"debug","message":"Inline data specified.","meta":{"rootId":"r339wrvmuqas0nv","id":"sd1xa3ulgghnten"},"id":"fjfx1or9ntydway","previousOperationId":"6cjfl7t0c487hm3"}
{"type":"log","timestamp":1767126282202,"level":"debug","message":"Base url not specified, skipping its injection.","meta":{"rootId":"r339wrvmuqas0nv","id":"sd1xa3ulgghnten"},"id":"lr2msi55cw28vfb","previousOperationId":"6cjfl7t0c487hm3"}
{"type":"operationStart","subtype":"engine","name":"handlebars","timestamp":1767126282203,"id":"pwf68q6hlsqdig1","previousEventId":"dlnmed9l2dpqocd","operationId":"egl6kx3e7kbfuzu","previousOperationId":"6cjfl7t0c487hm3"}
{"type":"log","timestamp":1767126282203,"level":"debug","message":"Rendering engine handlebars","meta":{"rootId":"r339wrvmuqas0nv","id":"sd1xa3ulgghnten"},"id":"tkkowmjfepjob20","previousOperationId":"egl6kx3e7kbfuzu"}
{"type":"log","timestamp":1767126282350,"level":"debug","message":"(console:log) {\n  type: 'echarts@v5a',\n  width: 848,\n  height: 409,\n  option: { radar: [ [Object] ], series: [ [Object] ] }\n}","meta":{"userLevel":true,"rootId":"r339wrvmuqas0nv","id":"sd1xa3ulgghnten"},"id":"t6v8xqan8kt86po","previousOperationId":"egl6kx3e7kbfuzu"}
{"type":"operationEnd","operationId":"egl6kx3e7kbfuzu","timestamp":1767126282359,"id":"9i3axqp2rwc7ssv","previousEventId":"pwf68q6hlsqdig1","previousOperationId":"egl6kx3e7kbfuzu"}
{"type":"operationStart","subtype":"recipe","name":"html","timestamp":1767126282373,"id":"8iynty2nc46g6qa","previousEventId":"9i3axqp2rwc7ssv","operationId":"8ve9lsub8lxnbhx","previousOperationId":"egl6kx3e7kbfuzu"}
{"type":"log","timestamp":1767126282373,"level":"debug","message":"Executing recipe html","meta":{"rootId":"r339wrvmuqas0nv","id":"sd1xa3ulgghnten"},"id":"pav6vtf4irk6051","previousOperationId":"8ve9lsub8lxnbhx"}
{"type":"operationEnd","operationId":"8ve9lsub8lxnbhx","timestamp":1767126282373,"id":"w3nx2shg8kmta6b","previousEventId":"8iynty2nc46g6qa","previousOperationId":"8ve9lsub8lxnbhx"}
{"type":"log","timestamp":1767126282373,"level":"debug","message":"Skipping storing report.","meta":{"rootId":"r339wrvmuqas0nv","id":"sd1xa3ulgghnten"},"id":"g4ln94b10asx8fe","previousOperationId":"8ve9lsub8lxnbhx"}
{"type":"log","timestamp":1767126282373,"level":"info","message":"Rendering (child) request finished in 1438 ms","meta":{"rootId":"r339wrvmuqas0nv","id":"sd1xa3ulgghnten"},"id":"03hmnic1yttikl9","previousOperationId":"8ve9lsub8lxnbhx"}
{"type":"operationEnd","subtype":"render","operationId":"6cjfl7t0c487hm3","timestamp":1767126282373,"id":"4zb2ww4d2y2qiqf","previousEventId":"w3nx2shg8kmta6b","previousOperationId":"8ve9lsub8lxnbhx"}
{"type":"log","timestamp":1767126285959,"level":"debug","message":"pptx successfully zipped","meta":{"rootId":"r339wrvmuqas0nv","id":"r339wrvmuqas0nv"},"id":"p7vxknmem5dcewi","previousOperationId":"8kf2vvcrv8tg471"}
{"type":"log","timestamp":1767126285959,"level":"info","message":"pptx generation was finished","meta":{"rootId":"r339wrvmuqas0nv","id":"r339wrvmuqas0nv"},"id":"0bgciix3mjkbmxc","previousOperationId":"8kf2vvcrv8tg471"}
{"type":"operationEnd","operationId":"8kf2vvcrv8tg471","timestamp":1767126285967,"id":"xyya5lozkwii2ez","previousEventId":"cztt8rfkwz86h4h","previousOperationId":"8kf2vvcrv8tg471"}
{"type":"log","timestamp":1767126285967,"level":"debug","message":"Skipping storing report.","meta":{"rootId":"r339wrvmuqas0nv","id":"r339wrvmuqas0nv"},"id":"43s01ks3rxqm3ow","previousOperationId":"8kf2vvcrv8tg471"}
{"type":"log","timestamp":1767126285967,"level":"info","message":"Rendering request 11 finished in 5032 ms","meta":{"rootId":"r339wrvmuqas0nv","id":"r339wrvmuqas0nv"},"id":"zat10d2je4336gn","previousOperationId":"8kf2vvcrv8tg471"}
{"type":"operationEnd","subtype":"render","operationId":"z185cflxzokk7ir","timestamp":1767126285967,"id":"kl3s7r7opf69edi","previousEventId":"xyya5lozkwii2ez","previousOperationId":"8kf2vvcrv8tg471"}
{"type":"operationEnd","doDiffs":false,"previousEventId":"3dnurr6kyx8lrtq","previousOperationId":"qsl498a7tnkqrwr","operationId":"qsl498a7tnkqrwr","timestamp":1767126285971,"id":"nb7j132a5ckqae5"}
