{"type":"operationStart","subtype":"profile","data":{"_id":"C8S2XUDEHHINRsdu","timestamp":"2025-12-26T12:55:26.564Z","state":"running","mode":"standard","creationDate":"2025-12-26T12:55:26.572Z","modificationDate":"2025-12-26T12:55:26.572Z","shortid":"j00ucLU","$entitySet":"profiles","timeout":60000},"doDiffs":false,"timestamp":1766753726568,"id":"km81bitiz9zlrby","previousOperationId":null,"operationId":"7jg4c0b0ieqroyz"}
{"type":"log","level":"info","message":"Render request 8 queued for execution and waiting for available worker","previousOperationId":"7jg4c0b0ieqroyz","timestamp":1766753726568,"id":"3dpn720pewpnaud"}
{"type":"operationStart","subtype":"render","name":"anonymous","previousOperationId":"7jg4c0b0ieqroyz","timestamp":1766753726649,"id":"mz2qqnt04ie3u29","previousEventId":"km81bitiz9zlrby","operationId":"hbtgnpriuxf2wig"}
{"type":"log","timestamp":1766753726650,"level":"info","message":"Starting rendering request 8","meta":{"rootId":"r54df9eqapwdxfn","id":"r54df9eqapwdxfn"},"id":"nmz9wkw3ga2vojf","previousOperationId":"hbtgnpriuxf2wig"}
{"type":"log","timestamp":1766753726650,"level":"info","message":"Rendering anonymous template { recipe: pptx, engine: handlebars }","meta":{"rootId":"r54df9eqapwdxfn","id":"r54df9eqapwdxfn"},"id":"zgjwz7mqjlc0nta","previousOperationId":"hbtgnpriuxf2wig"}
{"type":"log","timestamp":1766753726650,"level":"debug","message":"Inline data specified.","meta":{"rootId":"r54df9eqapwdxfn","id":"r54df9eqapwdxfn"},"id":"91uhxwofsr9ymjr","previousOperationId":"hbtgnpriuxf2wig"}
{"type":"log","timestamp":1766753726655,"level":"debug","message":"Base url not specified, skipping its injection.","meta":{"rootId":"r54df9eqapwdxfn","id":"r54df9eqapwdxfn"},"id":"g5z740onzdtg206","previousOperationId":"hbtgnpriuxf2wig"}
{"type":"operationStart","subtype":"engine","name":"handlebars","timestamp":1766753726656,"id":"27kq2be91c67ckt","previousEventId":"mz2qqnt04ie3u29","operationId":"zexcswaktwtqdav","previousOperationId":"hbtgnpriuxf2wig"}
{"type":"log","timestamp":1766753726657,"level":"debug","message":"Rendering engine handlebars","meta":{"rootId":"r54df9eqapwdxfn","id":"r54df9eqapwdxfn"},"id":"k1gbmoz019w2pmm","previousOperationId":"zexcswaktwtqdav"}
{"type":"operationEnd","operationId":"zexcswaktwtqdav","timestamp":1766753726693,"id":"hedd43xdbifebl0","previousEventId":"27kq2be91c67ckt","previousOperationId":"zexcswaktwtqdav"}
{"type":"operationStart","subtype":"recipe","name":"pptx","timestamp":1766753726694,"id":"4e5sqhq46gk40da","previousEventId":"hedd43xdbifebl0","operationId":"vdfw7cznzecu0f7","previousOperationId":"zexcswaktwtqdav"}
{"type":"log","timestamp":1766753726694,"level":"debug","message":"Executing recipe pptx","meta":{"rootId":"r54df9eqapwdxfn","id":"r54df9eqapwdxfn"},"id":"b2q4hzmv0m5vtnm","previousOperationId":"vdfw7cznzecu0f7"}
{"type":"log","timestamp":1766753726720,"level":"info","message":"pptx generation is starting","meta":{"rootId":"r54df9eqapwdxfn","id":"r54df9eqapwdxfn"},"id":"7rdfybwlmydvcmw","previousOperationId":"vdfw7cznzecu0f7"}
{"type":"log","timestamp":1766753728539,"level":"debug","message":"Starting child request to render pptx dynamic parts","meta":{"rootId":"r54df9eqapwdxfn","id":"r54df9eqapwdxfn"},"id":"jsp1z50234gfsg9","previousOperationId":"vdfw7cznzecu0f7"}
{"type":"operationStart","subtype":"render","name":"anonymous","previousOperationId":"vdfw7cznzecu0f7","timestamp":1766753728539,"id":"pky20sjtnnsld27","previousEventId":"4e5sqhq46gk40da","operationId":"iqh3xf27m9wn8bw"}
{"type":"log","timestamp":1766753728539,"level":"info","message":"Starting rendering (child) request","meta":{"rootId":"r54df9eqapwdxfn","id":"as1apf26cajkcd4"},"id":"pc1q3alrmrmgoz8","previousOperationId":"iqh3xf27m9wn8bw"}
{"type":"log","timestamp":1766753728540,"level":"info","message":"Rendering anonymous template { recipe: html, engine: handlebars }","meta":{"rootId":"r54df9eqapwdxfn","id":"as1apf26cajkcd4"},"id":"mqf6vdxoecnhm2f","previousOperationId":"iqh3xf27m9wn8bw"}
{"type":"log","timestamp":1766753728540,"level":"debug","message":"Inline data specified.","meta":{"rootId":"r54df9eqapwdxfn","id":"as1apf26cajkcd4"},"id":"hzydsoffgi7cpon","previousOperationId":"iqh3xf27m9wn8bw"}
{"type":"log","timestamp":1766753728546,"level":"debug","message":"Base url not specified, skipping its injection.","meta":{"rootId":"r54df9eqapwdxfn","id":"as1apf26cajkcd4"},"id":"hn5y1rwitczpfdo","previousOperationId":"iqh3xf27m9wn8bw"}
{"type":"operationStart","subtype":"engine","name":"handlebars","timestamp":1766753728548,"id":"i8z2s7wju0j6y65","previousEventId":"pky20sjtnnsld27","operationId":"dxt6po1jl2zhdmg","previousOperationId":"iqh3xf27m9wn8bw"}
{"type":"log","timestamp":1766753728548,"level":"debug","message":"Rendering engine handlebars","meta":{"rootId":"r54df9eqapwdxfn","id":"as1apf26cajkcd4"},"id":"fo3eryqw2rz5nhf","previousOperationId":"dxt6po1jl2zhdmg"}
{"type":"operationEnd","operationId":"dxt6po1jl2zhdmg","timestamp":1766753728735,"id":"lhybs5cw6s6hayk","previousEventId":"i8z2s7wju0j6y65","previousOperationId":"dxt6po1jl2zhdmg"}
{"type":"operationStart","subtype":"recipe","name":"html","timestamp":1766753728748,"id":"y1ef1xqepbc5di4","previousEventId":"lhybs5cw6s6hayk","operationId":"ejuu05jxgls5f8l","previousOperationId":"dxt6po1jl2zhdmg"}
{"type":"log","timestamp":1766753728748,"level":"debug","message":"Executing recipe html","meta":{"rootId":"r54df9eqapwdxfn","id":"as1apf26cajkcd4"},"id":"b05yg1wzgau30ir","previousOperationId":"ejuu05jxgls5f8l"}
{"type":"operationEnd","operationId":"ejuu05jxgls5f8l","timestamp":1766753728748,"id":"mhbjic996tsmj1e","previousEventId":"y1ef1xqepbc5di4","previousOperationId":"ejuu05jxgls5f8l"}
{"type":"log","timestamp":1766753728749,"level":"debug","message":"Skipping storing report.","meta":{"rootId":"r54df9eqapwdxfn","id":"as1apf26cajkcd4"},"id":"hvt41o0qvcddkhs","previousOperationId":"ejuu05jxgls5f8l"}
{"type":"log","timestamp":1766753728749,"level":"info","message":"Rendering (child) request finished in 2187 ms","meta":{"rootId":"r54df9eqapwdxfn","id":"as1apf26cajkcd4"},"id":"afrvi2il9fzpt21","previousOperationId":"ejuu05jxgls5f8l"}
{"type":"operationEnd","subtype":"render","operationId":"iqh3xf27m9wn8bw","timestamp":1766753728749,"id":"6fqw4aawdyjviw3","previousEventId":"mhbjic996tsmj1e","previousOperationId":"ejuu05jxgls5f8l"}
{"type":"log","timestamp":1766753733073,"level":"debug","message":"pptx successfully zipped","meta":{"rootId":"r54df9eqapwdxfn","id":"r54df9eqapwdxfn"},"id":"fie6t4rl4cnh23f","previousOperationId":"vdfw7cznzecu0f7"}
{"type":"log","timestamp":1766753733073,"level":"info","message":"pptx generation was finished","meta":{"rootId":"r54df9eqapwdxfn","id":"r54df9eqapwdxfn"},"id":"i72w5s892mm99l7","previousOperationId":"vdfw7cznzecu0f7"}
{"type":"operationEnd","operationId":"vdfw7cznzecu0f7","timestamp":1766753733084,"id":"vgkwhe7omz8oaxx","previousEventId":"4e5sqhq46gk40da","previousOperationId":"vdfw7cznzecu0f7"}
{"type":"log","timestamp":1766753733084,"level":"debug","message":"Skipping storing report.","meta":{"rootId":"r54df9eqapwdxfn","id":"r54df9eqapwdxfn"},"id":"eprwtvag4zahbka","previousOperationId":"vdfw7cznzecu0f7"}
{"type":"log","timestamp":1766753733084,"level":"info","message":"Rendering request 8 finished in 6522 ms","meta":{"rootId":"r54df9eqapwdxfn","id":"r54df9eqapwdxfn"},"id":"pqyj0d17s9x8py9","previousOperationId":"vdfw7cznzecu0f7"}
{"type":"operationEnd","subtype":"render","operationId":"hbtgnpriuxf2wig","timestamp":1766753733084,"id":"368qa3ba7okaufr","previousEventId":"vgkwhe7omz8oaxx","previousOperationId":"vdfw7cznzecu0f7"}
{"type":"operationEnd","doDiffs":false,"previousEventId":"km81bitiz9zlrby","previousOperationId":"7jg4c0b0ieqroyz","operationId":"7jg4c0b0ieqroyz","timestamp":1766753733091,"id":"ww6zcyascbl1xi7"}
