{"type":"operationStart","subtype":"profile","data":{"_id":"hBNje6I0F1yHlaoV","timestamp":"2025-12-18T14:17:21.655Z","state":"running","mode":"standard","creationDate":"2025-12-18T14:17:21.662Z","modificationDate":"2025-12-18T14:17:21.662Z","shortid":"by1WpVg","$entitySet":"profiles","timeout":60000},"doDiffs":false,"timestamp":1766067441660,"id":"ol6u932auo6uvsu","previousOperationId":null,"operationId":"yov7gvtkv0zzwpe"}
{"type":"log","level":"info","message":"Render request 5 queued for execution and waiting for available worker","previousOperationId":"yov7gvtkv0zzwpe","timestamp":1766067441660,"id":"8gdyqdfp6tqz79g"}
{"type":"operationStart","subtype":"render","name":"anonymous","previousOperationId":"yov7gvtkv0zzwpe","timestamp":1766067441717,"id":"auvndls2fg2xkya","previousEventId":"ol6u932auo6uvsu","operationId":"9g9d34d3ex8aps3"}
{"type":"log","timestamp":1766067441718,"level":"info","message":"Starting rendering request 5","meta":{"rootId":"r7lqrozc167usc3","id":"r7lqrozc167usc3"},"id":"jx1e63ocjq0boty","previousOperationId":"9g9d34d3ex8aps3"}
{"type":"log","timestamp":1766067441718,"level":"info","message":"Rendering anonymous template { recipe: pptx, engine: handlebars }","meta":{"rootId":"r7lqrozc167usc3","id":"r7lqrozc167usc3"},"id":"ghoa7brc727z44w","previousOperationId":"9g9d34d3ex8aps3"}
{"type":"log","timestamp":1766067441718,"level":"debug","message":"Inline data specified.","meta":{"rootId":"r7lqrozc167usc3","id":"r7lqrozc167usc3"},"id":"plkjebag7epqogv","previousOperationId":"9g9d34d3ex8aps3"}
{"type":"log","timestamp":1766067441725,"level":"debug","message":"Base url not specified, skipping its injection.","meta":{"rootId":"r7lqrozc167usc3","id":"r7lqrozc167usc3"},"id":"biw6ln5ju1djqvq","previousOperationId":"9g9d34d3ex8aps3"}
{"type":"operationStart","subtype":"engine","name":"handlebars","timestamp":1766067441727,"id":"5cmn1q16mmy76da","previousEventId":"auvndls2fg2xkya","operationId":"h1hdzgws9lngi8e","previousOperationId":"9g9d34d3ex8aps3"}
{"type":"log","timestamp":1766067441727,"level":"debug","message":"Rendering engine handlebars","meta":{"rootId":"r7lqrozc167usc3","id":"r7lqrozc167usc3"},"id":"ralta16uiqvqs08","previousOperationId":"h1hdzgws9lngi8e"}
{"type":"operationEnd","operationId":"h1hdzgws9lngi8e","timestamp":1766067441744,"id":"4fdhb1l4t5qhbcq","previousEventId":"5cmn1q16mmy76da","previousOperationId":"h1hdzgws9lngi8e"}
{"type":"operationStart","subtype":"recipe","name":"pptx","timestamp":1766067441745,"id":"yyvujq0m7jtce8i","previousEventId":"4fdhb1l4t5qhbcq","operationId":"1t6v1f9lyhb28ig","previousOperationId":"h1hdzgws9lngi8e"}
{"type":"log","timestamp":1766067441745,"level":"debug","message":"Executing recipe pptx","meta":{"rootId":"r7lqrozc167usc3","id":"r7lqrozc167usc3"},"id":"snetaz5mgvo06fs","previousOperationId":"1t6v1f9lyhb28ig"}
{"type":"log","timestamp":1766067441758,"level":"info","message":"pptx generation is starting","meta":{"rootId":"r7lqrozc167usc3","id":"r7lqrozc167usc3"},"id":"ehjlek4qmiuj16o","previousOperationId":"1t6v1f9lyhb28ig"}
{"type":"log","timestamp":1766067442767,"level":"debug","message":"Starting child request to render pptx dynamic parts","meta":{"rootId":"r7lqrozc167usc3","id":"r7lqrozc167usc3"},"id":"2bueuc7mrz1bbxp","previousOperationId":"1t6v1f9lyhb28ig"}
{"type":"operationStart","subtype":"render","name":"anonymous","previousOperationId":"1t6v1f9lyhb28ig","timestamp":1766067442767,"id":"vsaf1wxkwzprjuc","previousEventId":"yyvujq0m7jtce8i","operationId":"b3ctxt82v3mavyj"}
{"type":"log","timestamp":1766067442768,"level":"info","message":"Starting rendering (child) request","meta":{"rootId":"r7lqrozc167usc3","id":"rdr4d5kk7ed63bm"},"id":"okw3zagkpiwlc4s","previousOperationId":"b3ctxt82v3mavyj"}
{"type":"log","timestamp":1766067442768,"level":"info","message":"Rendering anonymous template { recipe: html, engine: handlebars }","meta":{"rootId":"r7lqrozc167usc3","id":"rdr4d5kk7ed63bm"},"id":"6vqjl1zo2hkat6o","previousOperationId":"b3ctxt82v3mavyj"}
{"type":"log","timestamp":1766067442768,"level":"debug","message":"Inline data specified.","meta":{"rootId":"r7lqrozc167usc3","id":"rdr4d5kk7ed63bm"},"id":"og1ruz7v4dkh5yr","previousOperationId":"b3ctxt82v3mavyj"}
{"type":"log","timestamp":1766067442771,"level":"debug","message":"Base url not specified, skipping its injection.","meta":{"rootId":"r7lqrozc167usc3","id":"rdr4d5kk7ed63bm"},"id":"tppsif1tb56wu1v","previousOperationId":"b3ctxt82v3mavyj"}
{"type":"operationStart","subtype":"engine","name":"handlebars","timestamp":1766067442774,"id":"x5qcst2vre594zl","previousEventId":"vsaf1wxkwzprjuc","operationId":"i8sx1xbljr8kfzu","previousOperationId":"b3ctxt82v3mavyj"}
{"type":"log","timestamp":1766067442774,"level":"debug","message":"Rendering engine handlebars","meta":{"rootId":"r7lqrozc167usc3","id":"rdr4d5kk7ed63bm"},"id":"qvl7z048qdgu7du","previousOperationId":"i8sx1xbljr8kfzu"}
{"type":"operationEnd","operationId":"i8sx1xbljr8kfzu","timestamp":1766067442858,"id":"jsdcxuuj6cbxugq","previousEventId":"x5qcst2vre594zl","previousOperationId":"i8sx1xbljr8kfzu"}
{"type":"operationStart","subtype":"recipe","name":"html","timestamp":1766067442865,"id":"fcjhn5g324h5kdj","previousEventId":"jsdcxuuj6cbxugq","operationId":"44hzy9ogflysp46","previousOperationId":"i8sx1xbljr8kfzu"}
{"type":"log","timestamp":1766067442865,"level":"debug","message":"Executing recipe html","meta":{"rootId":"r7lqrozc167usc3","id":"rdr4d5kk7ed63bm"},"id":"25c2sv38dqwiyxc","previousOperationId":"44hzy9ogflysp46"}
{"type":"operationEnd","operationId":"44hzy9ogflysp46","timestamp":1766067442865,"id":"8vvb39txjabwgvr","previousEventId":"fcjhn5g324h5kdj","previousOperationId":"44hzy9ogflysp46"}
{"type":"log","timestamp":1766067442865,"level":"debug","message":"Skipping storing report.","meta":{"rootId":"r7lqrozc167usc3","id":"rdr4d5kk7ed63bm"},"id":"tg4otn13ajz30lh","previousOperationId":"44hzy9ogflysp46"}
{"type":"log","timestamp":1766067442865,"level":"info","message":"Rendering (child) request finished in 1212 ms","meta":{"rootId":"r7lqrozc167usc3","id":"rdr4d5kk7ed63bm"},"id":"yus1dhq32x7s2ym","previousOperationId":"44hzy9ogflysp46"}
{"type":"operationEnd","subtype":"render","operationId":"b3ctxt82v3mavyj","timestamp":1766067442865,"id":"zyv9rqhob2hq4x6","previousEventId":"8vvb39txjabwgvr","previousOperationId":"44hzy9ogflysp46"}
{"type":"log","timestamp":1766067446940,"level":"debug","message":"pptx successfully zipped","meta":{"rootId":"r7lqrozc167usc3","id":"r7lqrozc167usc3"},"id":"lhk9jbc2gbm3ezo","previousOperationId":"1t6v1f9lyhb28ig"}
{"type":"log","timestamp":1766067446940,"level":"info","message":"pptx generation was finished","meta":{"rootId":"r7lqrozc167usc3","id":"r7lqrozc167usc3"},"id":"cyo6k5exxk0g5ld","previousOperationId":"1t6v1f9lyhb28ig"}
{"type":"operationEnd","operationId":"1t6v1f9lyhb28ig","timestamp":1766067446953,"id":"2fbhutorfllfice","previousEventId":"yyvujq0m7jtce8i","previousOperationId":"1t6v1f9lyhb28ig"}
{"type":"log","timestamp":1766067446953,"level":"debug","message":"Skipping storing report.","meta":{"rootId":"r7lqrozc167usc3","id":"r7lqrozc167usc3"},"id":"aqry0qq78borjuh","previousOperationId":"1t6v1f9lyhb28ig"}
{"type":"log","timestamp":1766067446953,"level":"info","message":"Rendering request 5 finished in 5300 ms","meta":{"rootId":"r7lqrozc167usc3","id":"r7lqrozc167usc3"},"id":"xxyns11k4l3nzhp","previousOperationId":"1t6v1f9lyhb28ig"}
{"type":"operationEnd","subtype":"render","operationId":"9g9d34d3ex8aps3","timestamp":1766067446953,"id":"daczr1790ign5ga","previousEventId":"2fbhutorfllfice","previousOperationId":"1t6v1f9lyhb28ig"}
{"type":"operationEnd","doDiffs":false,"previousEventId":"ol6u932auo6uvsu","previousOperationId":"yov7gvtkv0zzwpe","operationId":"yov7gvtkv0zzwpe","timestamp":1766067446957,"id":"ga300y6d7qsrp6q"}
