{"type":"operationStart","subtype":"profile","data":{"_id":"pEKu7upiUiKL17IB","timestamp":"2025-12-26T11:53:21.489Z","state":"running","mode":"standard","creationDate":"2025-12-26T11:53:21.495Z","modificationDate":"2025-12-26T11:53:21.495Z","shortid":"aQzMDd-","$entitySet":"profiles","timeout":60000},"doDiffs":false,"timestamp":1766750001493,"id":"kzgqhpl1p6k0rll","previousOperationId":null,"operationId":"vwmcrjo9vt42wq2"}
{"type":"log","level":"info","message":"Render request 4 queued for execution and waiting for available worker","previousOperationId":"vwmcrjo9vt42wq2","timestamp":1766750001493,"id":"0rzozq78kkmd9ek"}
{"type":"operationStart","subtype":"render","name":"anonymous","previousOperationId":"vwmcrjo9vt42wq2","timestamp":1766750001572,"id":"wu8trw04fbd8fjj","previousEventId":"kzgqhpl1p6k0rll","operationId":"nseggjl8dtdb65v"}
{"type":"log","timestamp":1766750001573,"level":"info","message":"Starting rendering request 4","meta":{"rootId":"ra3wf7hepgvgmv1","id":"ra3wf7hepgvgmv1"},"id":"1qa17buei49umsv","previousOperationId":"nseggjl8dtdb65v"}
{"type":"log","timestamp":1766750001573,"level":"info","message":"Rendering anonymous template { recipe: pptx, engine: handlebars }","meta":{"rootId":"ra3wf7hepgvgmv1","id":"ra3wf7hepgvgmv1"},"id":"2uctnzmoyjh44ro","previousOperationId":"nseggjl8dtdb65v"}
{"type":"log","timestamp":1766750001573,"level":"debug","message":"Inline data specified.","meta":{"rootId":"ra3wf7hepgvgmv1","id":"ra3wf7hepgvgmv1"},"id":"7bbum1b32wvh97p","previousOperationId":"nseggjl8dtdb65v"}
{"type":"log","timestamp":1766750001583,"level":"debug","message":"Base url not specified, skipping its injection.","meta":{"rootId":"ra3wf7hepgvgmv1","id":"ra3wf7hepgvgmv1"},"id":"512cm850y1myfzx","previousOperationId":"nseggjl8dtdb65v"}
{"type":"operationStart","subtype":"engine","name":"handlebars","timestamp":1766750001584,"id":"6oncvplahht0quy","previousEventId":"wu8trw04fbd8fjj","operationId":"gwh1hyms5m3bcbj","previousOperationId":"nseggjl8dtdb65v"}
{"type":"log","timestamp":1766750001584,"level":"debug","message":"Rendering engine handlebars","meta":{"rootId":"ra3wf7hepgvgmv1","id":"ra3wf7hepgvgmv1"},"id":"ssahzmvlhpvu1ev","previousOperationId":"gwh1hyms5m3bcbj"}
{"type":"operationEnd","operationId":"gwh1hyms5m3bcbj","timestamp":1766750001614,"id":"1xktvgzpfnx6jht","previousEventId":"6oncvplahht0quy","previousOperationId":"gwh1hyms5m3bcbj"}
{"type":"operationStart","subtype":"recipe","name":"pptx","timestamp":1766750001615,"id":"2ckxocgvdg9d3dk","previousEventId":"1xktvgzpfnx6jht","operationId":"94ppfb4567r1uyt","previousOperationId":"gwh1hyms5m3bcbj"}
{"type":"log","timestamp":1766750001615,"level":"debug","message":"Executing recipe pptx","meta":{"rootId":"ra3wf7hepgvgmv1","id":"ra3wf7hepgvgmv1"},"id":"mj6yrjuc2pwof5y","previousOperationId":"94ppfb4567r1uyt"}
{"type":"log","timestamp":1766750001639,"level":"info","message":"pptx generation is starting","meta":{"rootId":"ra3wf7hepgvgmv1","id":"ra3wf7hepgvgmv1"},"id":"r4sicg4pbpp1el6","previousOperationId":"94ppfb4567r1uyt"}
{"type":"log","timestamp":1766750003375,"level":"debug","message":"Starting child request to render pptx dynamic parts","meta":{"rootId":"ra3wf7hepgvgmv1","id":"ra3wf7hepgvgmv1"},"id":"0336gv0rlkprnsc","previousOperationId":"94ppfb4567r1uyt"}
{"type":"operationStart","subtype":"render","name":"anonymous","previousOperationId":"94ppfb4567r1uyt","timestamp":1766750003376,"id":"acfd2x8vvpp1wpf","previousEventId":"2ckxocgvdg9d3dk","operationId":"owgc3tuftgsi45a"}
{"type":"log","timestamp":1766750003376,"level":"info","message":"Starting rendering (child) request","meta":{"rootId":"ra3wf7hepgvgmv1","id":"zak14weq16j8os2"},"id":"xhaimd3be7kj42v","previousOperationId":"owgc3tuftgsi45a"}
{"type":"log","timestamp":1766750003376,"level":"info","message":"Rendering anonymous template { recipe: html, engine: handlebars }","meta":{"rootId":"ra3wf7hepgvgmv1","id":"zak14weq16j8os2"},"id":"iyp2xntkyh9v8pe","previousOperationId":"owgc3tuftgsi45a"}
{"type":"log","timestamp":1766750003376,"level":"debug","message":"Inline data specified.","meta":{"rootId":"ra3wf7hepgvgmv1","id":"zak14weq16j8os2"},"id":"l6tg9x1nv4b29sb","previousOperationId":"owgc3tuftgsi45a"}
{"type":"log","timestamp":1766750003381,"level":"debug","message":"Base url not specified, skipping its injection.","meta":{"rootId":"ra3wf7hepgvgmv1","id":"zak14weq16j8os2"},"id":"k9vkwsg2qk7ka8i","previousOperationId":"owgc3tuftgsi45a"}
{"type":"operationStart","subtype":"engine","name":"handlebars","timestamp":1766750003384,"id":"z8a721d2nph79ou","previousEventId":"acfd2x8vvpp1wpf","operationId":"jydjkxlir03xvmb","previousOperationId":"owgc3tuftgsi45a"}
{"type":"log","timestamp":1766750003384,"level":"debug","message":"Rendering engine handlebars","meta":{"rootId":"ra3wf7hepgvgmv1","id":"zak14weq16j8os2"},"id":"arq1o7ftu43g542","previousOperationId":"jydjkxlir03xvmb"}
{"type":"operationEnd","operationId":"jydjkxlir03xvmb","timestamp":1766750003541,"id":"nsyturcnuyryzk5","previousEventId":"z8a721d2nph79ou","previousOperationId":"jydjkxlir03xvmb"}
{"type":"operationStart","subtype":"recipe","name":"html","timestamp":1766750003556,"id":"w4p1bpnigsa3dbs","previousEventId":"nsyturcnuyryzk5","operationId":"n2js44z63u4o6p6","previousOperationId":"jydjkxlir03xvmb"}
{"type":"log","timestamp":1766750003556,"level":"debug","message":"Executing recipe html","meta":{"rootId":"ra3wf7hepgvgmv1","id":"zak14weq16j8os2"},"id":"o1cnh5ij0xc8dcm","previousOperationId":"n2js44z63u4o6p6"}
{"type":"operationEnd","operationId":"n2js44z63u4o6p6","timestamp":1766750003556,"id":"iwx7gyuozg133g9","previousEventId":"w4p1bpnigsa3dbs","previousOperationId":"n2js44z63u4o6p6"}
{"type":"log","timestamp":1766750003556,"level":"debug","message":"Skipping storing report.","meta":{"rootId":"ra3wf7hepgvgmv1","id":"zak14weq16j8os2"},"id":"71vx34nh5gevexy","previousOperationId":"n2js44z63u4o6p6"}
{"type":"log","timestamp":1766750003556,"level":"info","message":"Rendering (child) request finished in 2068 ms","meta":{"rootId":"ra3wf7hepgvgmv1","id":"zak14weq16j8os2"},"id":"j4kp9jyadiyhqmu","previousOperationId":"n2js44z63u4o6p6"}
{"type":"operationEnd","subtype":"render","operationId":"owgc3tuftgsi45a","timestamp":1766750003556,"id":"3qbd8uysj35mz4z","previousEventId":"iwx7gyuozg133g9","previousOperationId":"n2js44z63u4o6p6"}
{"type":"log","timestamp":1766750009296,"level":"debug","message":"pptx successfully zipped","meta":{"rootId":"ra3wf7hepgvgmv1","id":"ra3wf7hepgvgmv1"},"id":"d2gfew5sjwjzgu2","previousOperationId":"94ppfb4567r1uyt"}
{"type":"log","timestamp":1766750009296,"level":"info","message":"pptx generation was finished","meta":{"rootId":"ra3wf7hepgvgmv1","id":"ra3wf7hepgvgmv1"},"id":"z72jdp7mf94ygg5","previousOperationId":"94ppfb4567r1uyt"}
{"type":"operationEnd","operationId":"94ppfb4567r1uyt","timestamp":1766750009307,"id":"f7p6s3kf4wo37xx","previousEventId":"2ckxocgvdg9d3dk","previousOperationId":"94ppfb4567r1uyt"}
{"type":"log","timestamp":1766750009307,"level":"debug","message":"Skipping storing report.","meta":{"rootId":"ra3wf7hepgvgmv1","id":"ra3wf7hepgvgmv1"},"id":"9xn4tbfy7i4i72w","previousOperationId":"94ppfb4567r1uyt"}
{"type":"log","timestamp":1766750009308,"level":"info","message":"Rendering request 4 finished in 7820 ms","meta":{"rootId":"ra3wf7hepgvgmv1","id":"ra3wf7hepgvgmv1"},"id":"0ebaej7rfv3es9d","previousOperationId":"94ppfb4567r1uyt"}
{"type":"operationEnd","subtype":"render","operationId":"nseggjl8dtdb65v","timestamp":1766750009308,"id":"k3rt61df0177nvw","previousEventId":"f7p6s3kf4wo37xx","previousOperationId":"94ppfb4567r1uyt"}
{"type":"operationEnd","doDiffs":false,"previousEventId":"kzgqhpl1p6k0rll","previousOperationId":"vwmcrjo9vt42wq2","operationId":"vwmcrjo9vt42wq2","timestamp":1766750009311,"id":"fab23mkxsaumgk1"}
