{"type":"operationStart","subtype":"profile","data":{"_id":"siOu3d18KmcVxa8S","timestamp":"2025-12-30T17:29:56.066Z","state":"running","mode":"standard","creationDate":"2025-12-30T17:29:56.073Z","modificationDate":"2025-12-30T17:29:56.073Z","shortid":"8lRoCpz","$entitySet":"profiles","timeout":60000},"doDiffs":false,"timestamp":1767115796071,"id":"ui9k56z5barkdyk","previousOperationId":null,"operationId":"i7vjjcwz41l3kku"}
{"type":"log","level":"info","message":"Render request 11 queued for execution and waiting for available worker","previousOperationId":"i7vjjcwz41l3kku","timestamp":1767115796071,"id":"ixxy3w0irtbskhc"}
{"type":"operationStart","subtype":"render","name":"anonymous","previousOperationId":"i7vjjcwz41l3kku","timestamp":1767115796134,"id":"k4unkp1ptgmeopf","previousEventId":"ui9k56z5barkdyk","operationId":"53qbuzmexjl9t1h"}
{"type":"log","timestamp":1767115796134,"level":"info","message":"Starting rendering request 11","meta":{"rootId":"rc1q7pshlow6k9q","id":"rc1q7pshlow6k9q"},"id":"ii2jsmerd6h6dte","previousOperationId":"53qbuzmexjl9t1h"}
{"type":"log","timestamp":1767115796134,"level":"info","message":"Rendering anonymous template { recipe: pptx, engine: handlebars }","meta":{"rootId":"rc1q7pshlow6k9q","id":"rc1q7pshlow6k9q"},"id":"iiori2bghe5wd09","previousOperationId":"53qbuzmexjl9t1h"}
{"type":"log","timestamp":1767115796134,"level":"debug","message":"Inline data specified.","meta":{"rootId":"rc1q7pshlow6k9q","id":"rc1q7pshlow6k9q"},"id":"uoax7jciavhipmx","previousOperationId":"53qbuzmexjl9t1h"}
{"type":"log","timestamp":1767115796143,"level":"debug","message":"Base url not specified, skipping its injection.","meta":{"rootId":"rc1q7pshlow6k9q","id":"rc1q7pshlow6k9q"},"id":"oigp4qc1cqnso9w","previousOperationId":"53qbuzmexjl9t1h"}
{"type":"operationStart","subtype":"engine","name":"handlebars","timestamp":1767115796143,"id":"71awpfwkgqd4md9","previousEventId":"k4unkp1ptgmeopf","operationId":"589o8p8rhdb7112","previousOperationId":"53qbuzmexjl9t1h"}
{"type":"log","timestamp":1767115796144,"level":"debug","message":"Rendering engine handlebars","meta":{"rootId":"rc1q7pshlow6k9q","id":"rc1q7pshlow6k9q"},"id":"j7koks0678xb7n3","previousOperationId":"589o8p8rhdb7112"}
{"type":"operationEnd","operationId":"589o8p8rhdb7112","timestamp":1767115796163,"id":"5jgtt1flu0pnycm","previousEventId":"71awpfwkgqd4md9","previousOperationId":"589o8p8rhdb7112"}
{"type":"operationStart","subtype":"recipe","name":"pptx","timestamp":1767115796164,"id":"kv97ajseirq1lhg","previousEventId":"5jgtt1flu0pnycm","operationId":"qr8phx2za1cvhw6","previousOperationId":"589o8p8rhdb7112"}
{"type":"log","timestamp":1767115796164,"level":"debug","message":"Executing recipe pptx","meta":{"rootId":"rc1q7pshlow6k9q","id":"rc1q7pshlow6k9q"},"id":"x557juarquwj7rr","previousOperationId":"qr8phx2za1cvhw6"}
{"type":"log","timestamp":1767115796192,"level":"info","message":"pptx generation is starting","meta":{"rootId":"rc1q7pshlow6k9q","id":"rc1q7pshlow6k9q"},"id":"6njee6s0z5g7hp2","previousOperationId":"qr8phx2za1cvhw6"}
{"type":"log","timestamp":1767115797954,"level":"debug","message":"Starting child request to render pptx dynamic parts","meta":{"rootId":"rc1q7pshlow6k9q","id":"rc1q7pshlow6k9q"},"id":"cs0451lfaae456f","previousOperationId":"qr8phx2za1cvhw6"}
{"type":"operationStart","subtype":"render","name":"anonymous","previousOperationId":"qr8phx2za1cvhw6","timestamp":1767115797955,"id":"wwjgjqd4z6xbsej","previousEventId":"kv97ajseirq1lhg","operationId":"7vph51266l5idwd"}
{"type":"log","timestamp":1767115797955,"level":"info","message":"Starting rendering (child) request","meta":{"rootId":"rc1q7pshlow6k9q","id":"29pr8hccia9rgxd"},"id":"woc6s4h032vu5k5","previousOperationId":"7vph51266l5idwd"}
{"type":"log","timestamp":1767115797955,"level":"info","message":"Rendering anonymous template { recipe: html, engine: handlebars }","meta":{"rootId":"rc1q7pshlow6k9q","id":"29pr8hccia9rgxd"},"id":"7tyk88dbe1pu4fa","previousOperationId":"7vph51266l5idwd"}
{"type":"log","timestamp":1767115797955,"level":"debug","message":"Inline data specified.","meta":{"rootId":"rc1q7pshlow6k9q","id":"29pr8hccia9rgxd"},"id":"ggkzvvfszl7kmbw","previousOperationId":"7vph51266l5idwd"}
{"type":"log","timestamp":1767115797962,"level":"debug","message":"Base url not specified, skipping its injection.","meta":{"rootId":"rc1q7pshlow6k9q","id":"29pr8hccia9rgxd"},"id":"04a803pxbvwgf9u","previousOperationId":"7vph51266l5idwd"}
{"type":"operationStart","subtype":"engine","name":"handlebars","timestamp":1767115797964,"id":"0smli4drhf5ttwm","previousEventId":"wwjgjqd4z6xbsej","operationId":"m5op3bk4uc693rt","previousOperationId":"7vph51266l5idwd"}
{"type":"log","timestamp":1767115797964,"level":"debug","message":"Rendering engine handlebars","meta":{"rootId":"rc1q7pshlow6k9q","id":"29pr8hccia9rgxd"},"id":"nb590db9vh6o8ka","previousOperationId":"m5op3bk4uc693rt"}
{"type":"log","timestamp":1767115797984,"level":"debug","message":"(console:log) {\n  type: 'echarts@v5a',\n  width: 848,\n  height: 409,\n  option: { radar: [ [Object] ], series: [ [Object] ] }\n}","meta":{"userLevel":true,"rootId":"rc1q7pshlow6k9q","id":"29pr8hccia9rgxd"},"id":"3hf3sscksz2fvzu","previousOperationId":"m5op3bk4uc693rt"}
{"type":"operationEnd","operationId":"m5op3bk4uc693rt","timestamp":1767115797998,"id":"81laci2bdu0arte","previousEventId":"0smli4drhf5ttwm","previousOperationId":"m5op3bk4uc693rt"}
{"type":"operationStart","subtype":"recipe","name":"html","timestamp":1767115798016,"id":"9efuxuif9egpeuo","previousEventId":"81laci2bdu0arte","operationId":"kbzi7vp2sgpw85r","previousOperationId":"m5op3bk4uc693rt"}
{"type":"log","timestamp":1767115798016,"level":"debug","message":"Executing recipe html","meta":{"rootId":"rc1q7pshlow6k9q","id":"29pr8hccia9rgxd"},"id":"pj7a2zsfj9qge52","previousOperationId":"kbzi7vp2sgpw85r"}
{"type":"operationEnd","operationId":"kbzi7vp2sgpw85r","timestamp":1767115798016,"id":"0fdlhk7bovybvki","previousEventId":"9efuxuif9egpeuo","previousOperationId":"kbzi7vp2sgpw85r"}
{"type":"log","timestamp":1767115798017,"level":"debug","message":"Skipping storing report.","meta":{"rootId":"rc1q7pshlow6k9q","id":"29pr8hccia9rgxd"},"id":"j7qhams7buap7gs","previousOperationId":"kbzi7vp2sgpw85r"}
{"type":"log","timestamp":1767115798017,"level":"info","message":"Rendering (child) request finished in 1952 ms","meta":{"rootId":"rc1q7pshlow6k9q","id":"29pr8hccia9rgxd"},"id":"m1qeuw53asp59ml","previousOperationId":"kbzi7vp2sgpw85r"}
{"type":"operationEnd","subtype":"render","operationId":"7vph51266l5idwd","timestamp":1767115798017,"id":"dsr1l6fyfydprdd","previousEventId":"0fdlhk7bovybvki","previousOperationId":"kbzi7vp2sgpw85r"}
{"type":"log","timestamp":1767115808354,"level":"debug","message":"pptx successfully zipped","meta":{"rootId":"rc1q7pshlow6k9q","id":"rc1q7pshlow6k9q"},"id":"8wafgfhu7h21ku5","previousOperationId":"qr8phx2za1cvhw6"}
{"type":"log","timestamp":1767115808354,"level":"info","message":"pptx generation was finished","meta":{"rootId":"rc1q7pshlow6k9q","id":"rc1q7pshlow6k9q"},"id":"p6y1kvlz2elenbu","previousOperationId":"qr8phx2za1cvhw6"}
{"type":"operationEnd","operationId":"qr8phx2za1cvhw6","timestamp":1767115808365,"id":"kiiihw6hhz7av25","previousEventId":"kv97ajseirq1lhg","previousOperationId":"qr8phx2za1cvhw6"}
{"type":"log","timestamp":1767115808365,"level":"debug","message":"Skipping storing report.","meta":{"rootId":"rc1q7pshlow6k9q","id":"rc1q7pshlow6k9q"},"id":"78iim31tgxcafxh","previousOperationId":"qr8phx2za1cvhw6"}
{"type":"log","timestamp":1767115808365,"level":"info","message":"Rendering request 11 finished in 12300 ms","meta":{"rootId":"rc1q7pshlow6k9q","id":"rc1q7pshlow6k9q"},"id":"lmzgjqda7bbkqma","previousOperationId":"qr8phx2za1cvhw6"}
{"type":"operationEnd","subtype":"render","operationId":"53qbuzmexjl9t1h","timestamp":1767115808365,"id":"37vgf0vca052b89","previousEventId":"kiiihw6hhz7av25","previousOperationId":"qr8phx2za1cvhw6"}
{"type":"operationEnd","doDiffs":false,"previousEventId":"ui9k56z5barkdyk","previousOperationId":"i7vjjcwz41l3kku","operationId":"i7vjjcwz41l3kku","timestamp":1767115808370,"id":"800p2oqvpjt12fe"}
