{"type":"operationStart","subtype":"profile","data":{"_id":"bccZqcKXm40UiLNW","timestamp":"2025-12-07T19:45:14.382Z","state":"running","mode":"standard","creationDate":"2025-12-07T19:45:14.385Z","modificationDate":"2025-12-07T19:45:14.385Z","shortid":"kuzLf52","$entitySet":"profiles","timeout":60000},"doDiffs":false,"timestamp":1765136714384,"id":"tmsrpn7474qp3mv","previousOperationId":null,"operationId":"tu9tj50au8ft7ud"}
{"type":"log","level":"info","message":"Render request 28 queued for execution and waiting for available worker","previousOperationId":"tu9tj50au8ft7ud","timestamp":1765136714384,"id":"7fkz34ok6djv8za"}
{"type":"operationStart","subtype":"render","name":"anonymous","previousOperationId":"tu9tj50au8ft7ud","timestamp":1765136714427,"id":"shhcfesz2v2jhgg","previousEventId":"tmsrpn7474qp3mv","operationId":"mj4sre2xqmva0i1"}
{"type":"log","timestamp":1765136714427,"level":"info","message":"Starting rendering request 28","meta":{"rootId":"renjc5qvbpr4j2u","id":"renjc5qvbpr4j2u"},"id":"nglienu576hcc0r","previousOperationId":"mj4sre2xqmva0i1"}
{"type":"log","timestamp":1765136714428,"level":"info","message":"Rendering anonymous template { recipe: pptx, engine: handlebars }","meta":{"rootId":"renjc5qvbpr4j2u","id":"renjc5qvbpr4j2u"},"id":"af8gxtly9alqdqa","previousOperationId":"mj4sre2xqmva0i1"}
{"type":"log","timestamp":1765136714428,"level":"debug","message":"Inline data specified.","meta":{"rootId":"renjc5qvbpr4j2u","id":"renjc5qvbpr4j2u"},"id":"edf3ibii6hvvkbu","previousOperationId":"mj4sre2xqmva0i1"}
{"type":"log","timestamp":1765136714435,"level":"debug","message":"Base url not specified, skipping its injection.","meta":{"rootId":"renjc5qvbpr4j2u","id":"renjc5qvbpr4j2u"},"id":"3b3s40wqr6k7q9c","previousOperationId":"mj4sre2xqmva0i1"}
{"type":"operationStart","subtype":"engine","name":"handlebars","timestamp":1765136714436,"id":"wv6z1t3bawa1lps","previousEventId":"shhcfesz2v2jhgg","operationId":"js9leputdl38lhx","previousOperationId":"mj4sre2xqmva0i1"}
{"type":"log","timestamp":1765136714436,"level":"debug","message":"Rendering engine handlebars","meta":{"rootId":"renjc5qvbpr4j2u","id":"renjc5qvbpr4j2u"},"id":"9so85zbba1sbzy9","previousOperationId":"js9leputdl38lhx"}
{"type":"operationEnd","operationId":"js9leputdl38lhx","timestamp":1765136714459,"id":"o0pbjicpgienmuf","previousEventId":"wv6z1t3bawa1lps","previousOperationId":"js9leputdl38lhx"}
{"type":"operationStart","subtype":"recipe","name":"pptx","timestamp":1765136714459,"id":"vzunqx9ec0akbil","previousEventId":"o0pbjicpgienmuf","operationId":"60gm4jik1p7r17f","previousOperationId":"js9leputdl38lhx"}
{"type":"log","timestamp":1765136714459,"level":"debug","message":"Executing recipe pptx","meta":{"rootId":"renjc5qvbpr4j2u","id":"renjc5qvbpr4j2u"},"id":"98hs8g0jls1vhgv","previousOperationId":"60gm4jik1p7r17f"}
{"type":"log","timestamp":1765136714471,"level":"info","message":"pptx generation is starting","meta":{"rootId":"renjc5qvbpr4j2u","id":"renjc5qvbpr4j2u"},"id":"fa2xqnpu3v4tsnb","previousOperationId":"60gm4jik1p7r17f"}
{"type":"log","timestamp":1765136715485,"level":"debug","message":"Starting child request to render pptx dynamic parts","meta":{"rootId":"renjc5qvbpr4j2u","id":"renjc5qvbpr4j2u"},"id":"yl5zemis8hoby1n","previousOperationId":"60gm4jik1p7r17f"}
{"type":"operationStart","subtype":"render","name":"anonymous","previousOperationId":"60gm4jik1p7r17f","timestamp":1765136715485,"id":"2q4tzq5qt8xtkup","previousEventId":"vzunqx9ec0akbil","operationId":"fajerbuo0fstex8"}
{"type":"log","timestamp":1765136715485,"level":"info","message":"Starting rendering (child) request","meta":{"rootId":"renjc5qvbpr4j2u","id":"vmdupswhnyimmlu"},"id":"v5pq8btwej8gese","previousOperationId":"fajerbuo0fstex8"}
{"type":"log","timestamp":1765136715486,"level":"info","message":"Rendering anonymous template { recipe: html, engine: handlebars }","meta":{"rootId":"renjc5qvbpr4j2u","id":"vmdupswhnyimmlu"},"id":"2rl3grl0sr4945b","previousOperationId":"fajerbuo0fstex8"}
{"type":"log","timestamp":1765136715486,"level":"debug","message":"Inline data specified.","meta":{"rootId":"renjc5qvbpr4j2u","id":"vmdupswhnyimmlu"},"id":"214xuzfdwktwlxz","previousOperationId":"fajerbuo0fstex8"}
{"type":"log","timestamp":1765136715489,"level":"debug","message":"Base url not specified, skipping its injection.","meta":{"rootId":"renjc5qvbpr4j2u","id":"vmdupswhnyimmlu"},"id":"6c9142y07fj2et1","previousOperationId":"fajerbuo0fstex8"}
{"type":"operationStart","subtype":"engine","name":"handlebars","timestamp":1765136715491,"id":"ykfh6y22rj0fhhi","previousEventId":"2q4tzq5qt8xtkup","operationId":"kgu3icgmann48tf","previousOperationId":"fajerbuo0fstex8"}
{"type":"log","timestamp":1765136715491,"level":"debug","message":"Rendering engine handlebars","meta":{"rootId":"renjc5qvbpr4j2u","id":"vmdupswhnyimmlu"},"id":"2vox8ekrtngo1oe","previousOperationId":"kgu3icgmann48tf"}
{"type":"operationEnd","operationId":"kgu3icgmann48tf","timestamp":1765136715584,"id":"fcfvp7gk89bbla3","previousEventId":"ykfh6y22rj0fhhi","previousOperationId":"kgu3icgmann48tf"}
{"type":"operationStart","subtype":"recipe","name":"html","timestamp":1765136715592,"id":"2sdxl3nd00omzy9","previousEventId":"fcfvp7gk89bbla3","operationId":"r76wsv0adtkpa3w","previousOperationId":"kgu3icgmann48tf"}
{"type":"log","timestamp":1765136715592,"level":"debug","message":"Executing recipe html","meta":{"rootId":"renjc5qvbpr4j2u","id":"vmdupswhnyimmlu"},"id":"0hoz5nb7k9m8the","previousOperationId":"r76wsv0adtkpa3w"}
{"type":"operationEnd","operationId":"r76wsv0adtkpa3w","timestamp":1765136715593,"id":"903hzd5mxf3bqgq","previousEventId":"2sdxl3nd00omzy9","previousOperationId":"r76wsv0adtkpa3w"}
{"type":"log","timestamp":1765136715593,"level":"debug","message":"Skipping storing report.","meta":{"rootId":"renjc5qvbpr4j2u","id":"vmdupswhnyimmlu"},"id":"k77xuoylqm4xefb","previousOperationId":"r76wsv0adtkpa3w"}
{"type":"log","timestamp":1765136715593,"level":"info","message":"Rendering (child) request finished in 1211 ms","meta":{"rootId":"renjc5qvbpr4j2u","id":"vmdupswhnyimmlu"},"id":"qjjb80hvjxq070g","previousOperationId":"r76wsv0adtkpa3w"}
{"type":"operationEnd","subtype":"render","operationId":"fajerbuo0fstex8","timestamp":1765136715593,"id":"vzm22m0y6z1vprg","previousEventId":"903hzd5mxf3bqgq","previousOperationId":"r76wsv0adtkpa3w"}
{"type":"log","timestamp":1765136719536,"level":"debug","message":"pptx successfully zipped","meta":{"rootId":"renjc5qvbpr4j2u","id":"renjc5qvbpr4j2u"},"id":"fp22dodjfy4ay2l","previousOperationId":"60gm4jik1p7r17f"}
{"type":"log","timestamp":1765136719536,"level":"info","message":"pptx generation was finished","meta":{"rootId":"renjc5qvbpr4j2u","id":"renjc5qvbpr4j2u"},"id":"cejl5xlbhjp7o1p","previousOperationId":"60gm4jik1p7r17f"}
{"type":"operationEnd","operationId":"60gm4jik1p7r17f","timestamp":1765136719544,"id":"igt4n12w7hx8vru","previousEventId":"vzunqx9ec0akbil","previousOperationId":"60gm4jik1p7r17f"}
{"type":"log","timestamp":1765136719544,"level":"debug","message":"Skipping storing report.","meta":{"rootId":"renjc5qvbpr4j2u","id":"renjc5qvbpr4j2u"},"id":"w81akds4mjbt9kg","previousOperationId":"60gm4jik1p7r17f"}
{"type":"log","timestamp":1765136719544,"level":"info","message":"Rendering request 28 finished in 5162 ms","meta":{"rootId":"renjc5qvbpr4j2u","id":"renjc5qvbpr4j2u"},"id":"dozushshs89rb7z","previousOperationId":"60gm4jik1p7r17f"}
{"type":"operationEnd","subtype":"render","operationId":"mj4sre2xqmva0i1","timestamp":1765136719544,"id":"mm9i7a6b1c6mu3m","previousEventId":"igt4n12w7hx8vru","previousOperationId":"60gm4jik1p7r17f"}
{"type":"operationEnd","doDiffs":false,"previousEventId":"tmsrpn7474qp3mv","previousOperationId":"tu9tj50au8ft7ud","operationId":"tu9tj50au8ft7ud","timestamp":1765136719547,"id":"xcaqg64lvyy6y71"}
