{"type":"operationStart","subtype":"profile","data":{"_id":"TZQfp4w35gKFa07Q","timestamp":"2025-12-30T19:37:34.110Z","state":"running","mode":"standard","creationDate":"2025-12-30T19:37:34.113Z","modificationDate":"2025-12-30T19:37:34.113Z","shortid":"q3nfFlA","$entitySet":"profiles","timeout":60000},"doDiffs":false,"timestamp":1767123454112,"id":"gvxm2be5uzdjoz3","previousOperationId":null,"operationId":"szzkmb0ghjwqr5l"}
{"type":"log","level":"info","message":"Render request 15 queued for execution and waiting for available worker","previousOperationId":"szzkmb0ghjwqr5l","timestamp":1767123454112,"id":"9jakbao1vzuchdk"}
{"type":"operationStart","subtype":"render","name":"anonymous","previousOperationId":"szzkmb0ghjwqr5l","timestamp":1767123454161,"id":"v1p12jnoaesh2u7","previousEventId":"gvxm2be5uzdjoz3","operationId":"4r1tk27ptrct2cf"}
{"type":"log","timestamp":1767123454161,"level":"info","message":"Starting rendering request 15","meta":{"rootId":"rhmgoweddcvi028","id":"rhmgoweddcvi028"},"id":"o3bktjv1anrx1ju","previousOperationId":"4r1tk27ptrct2cf"}
{"type":"log","timestamp":1767123454162,"level":"info","message":"Rendering anonymous template { recipe: pptx, engine: handlebars }","meta":{"rootId":"rhmgoweddcvi028","id":"rhmgoweddcvi028"},"id":"o1md6npvrvz5436","previousOperationId":"4r1tk27ptrct2cf"}
{"type":"log","timestamp":1767123454162,"level":"debug","message":"Inline data specified.","meta":{"rootId":"rhmgoweddcvi028","id":"rhmgoweddcvi028"},"id":"ub6kshdgfw797v3","previousOperationId":"4r1tk27ptrct2cf"}
{"type":"log","timestamp":1767123454167,"level":"debug","message":"Base url not specified, skipping its injection.","meta":{"rootId":"rhmgoweddcvi028","id":"rhmgoweddcvi028"},"id":"a1vbzwm9lcum8m5","previousOperationId":"4r1tk27ptrct2cf"}
{"type":"operationStart","subtype":"engine","name":"handlebars","timestamp":1767123454167,"id":"4km93ncp9ekp1aw","previousEventId":"v1p12jnoaesh2u7","operationId":"mnezlfdy13myf3i","previousOperationId":"4r1tk27ptrct2cf"}
{"type":"log","timestamp":1767123454167,"level":"debug","message":"Rendering engine handlebars","meta":{"rootId":"rhmgoweddcvi028","id":"rhmgoweddcvi028"},"id":"cu65j30lfsthhqy","previousOperationId":"mnezlfdy13myf3i"}
{"type":"operationEnd","operationId":"mnezlfdy13myf3i","timestamp":1767123454181,"id":"qsm4h7skrmeq9wr","previousEventId":"4km93ncp9ekp1aw","previousOperationId":"mnezlfdy13myf3i"}
{"type":"operationStart","subtype":"recipe","name":"pptx","timestamp":1767123454182,"id":"vw9a2d03rxczr9q","previousEventId":"qsm4h7skrmeq9wr","operationId":"0xf9zb1svnmrdda","previousOperationId":"mnezlfdy13myf3i"}
{"type":"log","timestamp":1767123454182,"level":"debug","message":"Executing recipe pptx","meta":{"rootId":"rhmgoweddcvi028","id":"rhmgoweddcvi028"},"id":"pbe07uta13avcyb","previousOperationId":"0xf9zb1svnmrdda"}
{"type":"log","timestamp":1767123454215,"level":"info","message":"pptx generation is starting","meta":{"rootId":"rhmgoweddcvi028","id":"rhmgoweddcvi028"},"id":"td2i14gz2fuiry6","previousOperationId":"0xf9zb1svnmrdda"}
{"type":"log","timestamp":1767123455467,"level":"debug","message":"Starting child request to render pptx dynamic parts","meta":{"rootId":"rhmgoweddcvi028","id":"rhmgoweddcvi028"},"id":"ockqv9x8c0bjhuv","previousOperationId":"0xf9zb1svnmrdda"}
{"type":"operationStart","subtype":"render","name":"anonymous","previousOperationId":"0xf9zb1svnmrdda","timestamp":1767123455467,"id":"g751kbipxwszcgi","previousEventId":"vw9a2d03rxczr9q","operationId":"lg1c2tp1y1fihai"}
{"type":"log","timestamp":1767123455467,"level":"info","message":"Starting rendering (child) request","meta":{"rootId":"rhmgoweddcvi028","id":"8maphcbje1qqct4"},"id":"ge4qjrsvq6xz6u5","previousOperationId":"lg1c2tp1y1fihai"}
{"type":"log","timestamp":1767123455468,"level":"info","message":"Rendering anonymous template { recipe: html, engine: handlebars }","meta":{"rootId":"rhmgoweddcvi028","id":"8maphcbje1qqct4"},"id":"j5t8gcbzvuownav","previousOperationId":"lg1c2tp1y1fihai"}
{"type":"log","timestamp":1767123455468,"level":"debug","message":"Inline data specified.","meta":{"rootId":"rhmgoweddcvi028","id":"8maphcbje1qqct4"},"id":"amsrtz6lrosmdws","previousOperationId":"lg1c2tp1y1fihai"}
{"type":"log","timestamp":1767123455472,"level":"debug","message":"Base url not specified, skipping its injection.","meta":{"rootId":"rhmgoweddcvi028","id":"8maphcbje1qqct4"},"id":"1bft5lmjgl3xwtb","previousOperationId":"lg1c2tp1y1fihai"}
{"type":"operationStart","subtype":"engine","name":"handlebars","timestamp":1767123455473,"id":"n3r269u1libuwd2","previousEventId":"g751kbipxwszcgi","operationId":"bi8bbzg3vkqv1gp","previousOperationId":"lg1c2tp1y1fihai"}
{"type":"log","timestamp":1767123455473,"level":"debug","message":"Rendering engine handlebars","meta":{"rootId":"rhmgoweddcvi028","id":"8maphcbje1qqct4"},"id":"qhjf8bgz9e4sm80","previousOperationId":"bi8bbzg3vkqv1gp"}
{"type":"log","timestamp":1767123455595,"level":"debug","message":"(console:log) {\n  type: 'echarts@v5a',\n  width: 848,\n  height: 409,\n  option: { radar: [ [Object] ], series: [ [Object] ] }\n}","meta":{"userLevel":true,"rootId":"rhmgoweddcvi028","id":"8maphcbje1qqct4"},"id":"u05gmtlttsxgok4","previousOperationId":"bi8bbzg3vkqv1gp"}
{"type":"operationEnd","operationId":"bi8bbzg3vkqv1gp","timestamp":1767123455604,"id":"z2jvzxfvjtq036y","previousEventId":"n3r269u1libuwd2","previousOperationId":"bi8bbzg3vkqv1gp"}
{"type":"operationStart","subtype":"recipe","name":"html","timestamp":1767123455618,"id":"1o6hyueb2hnbf11","previousEventId":"z2jvzxfvjtq036y","operationId":"1y0wyc7az1ef2fo","previousOperationId":"bi8bbzg3vkqv1gp"}
{"type":"log","timestamp":1767123455618,"level":"debug","message":"Executing recipe html","meta":{"rootId":"rhmgoweddcvi028","id":"8maphcbje1qqct4"},"id":"5hkg3w71zp90enq","previousOperationId":"1y0wyc7az1ef2fo"}
{"type":"operationEnd","operationId":"1y0wyc7az1ef2fo","timestamp":1767123455618,"id":"onct79rgqj5nhc8","previousEventId":"1o6hyueb2hnbf11","previousOperationId":"1y0wyc7az1ef2fo"}
{"type":"log","timestamp":1767123455618,"level":"debug","message":"Skipping storing report.","meta":{"rootId":"rhmgoweddcvi028","id":"8maphcbje1qqct4"},"id":"kqh7xht61ic6s8o","previousOperationId":"1y0wyc7az1ef2fo"}
{"type":"log","timestamp":1767123455618,"level":"info","message":"Rendering (child) request finished in 1509 ms","meta":{"rootId":"rhmgoweddcvi028","id":"8maphcbje1qqct4"},"id":"x6tkurpow3slro8","previousOperationId":"1y0wyc7az1ef2fo"}
{"type":"operationEnd","subtype":"render","operationId":"lg1c2tp1y1fihai","timestamp":1767123455618,"id":"2g7kc266x12hu78","previousEventId":"onct79rgqj5nhc8","previousOperationId":"1y0wyc7az1ef2fo"}
{"type":"log","timestamp":1767123459192,"level":"debug","message":"pptx successfully zipped","meta":{"rootId":"rhmgoweddcvi028","id":"rhmgoweddcvi028"},"id":"gv5h9z5yeakc6k4","previousOperationId":"0xf9zb1svnmrdda"}
{"type":"log","timestamp":1767123459192,"level":"info","message":"pptx generation was finished","meta":{"rootId":"rhmgoweddcvi028","id":"rhmgoweddcvi028"},"id":"r7xypwqgd9m7iub","previousOperationId":"0xf9zb1svnmrdda"}
{"type":"operationEnd","operationId":"0xf9zb1svnmrdda","timestamp":1767123459199,"id":"wyk142r3icq17vl","previousEventId":"vw9a2d03rxczr9q","previousOperationId":"0xf9zb1svnmrdda"}
{"type":"log","timestamp":1767123459200,"level":"debug","message":"Skipping storing report.","meta":{"rootId":"rhmgoweddcvi028","id":"rhmgoweddcvi028"},"id":"tzksqiv67rch94k","previousOperationId":"0xf9zb1svnmrdda"}
{"type":"log","timestamp":1767123459200,"level":"info","message":"Rendering request 15 finished in 5091 ms","meta":{"rootId":"rhmgoweddcvi028","id":"rhmgoweddcvi028"},"id":"rvcmfrvl02bdzfc","previousOperationId":"0xf9zb1svnmrdda"}
{"type":"operationEnd","subtype":"render","operationId":"4r1tk27ptrct2cf","timestamp":1767123459200,"id":"wtrsa9u43djeax2","previousEventId":"wyk142r3icq17vl","previousOperationId":"0xf9zb1svnmrdda"}
{"type":"operationEnd","doDiffs":false,"previousEventId":"gvxm2be5uzdjoz3","previousOperationId":"szzkmb0ghjwqr5l","operationId":"szzkmb0ghjwqr5l","timestamp":1767123459204,"id":"y4ozlrfcr23skqb"}
