{"type":"operationStart","subtype":"profile","data":{"_id":"OVBVABz1LRery1Ng","timestamp":"2025-12-28T13:54:01.961Z","state":"running","mode":"standard","creationDate":"2025-12-28T13:54:01.964Z","modificationDate":"2025-12-28T13:54:01.964Z","shortid":"FFimcun","$entitySet":"profiles","timeout":60000},"doDiffs":false,"timestamp":1766930041963,"id":"1128hwyh4a7yo0y","previousOperationId":null,"operationId":"6a3vt8skbv8ndax"}
{"type":"log","level":"info","message":"Render request 2 queued for execution and waiting for available worker","previousOperationId":"6a3vt8skbv8ndax","timestamp":1766930041963,"id":"josm89chi3q3in6"}
{"type":"operationStart","subtype":"render","name":"anonymous","previousOperationId":"6a3vt8skbv8ndax","timestamp":1766930042007,"id":"mvd8q6iw4pbc5u7","previousEventId":"1128hwyh4a7yo0y","operationId":"pf6mwjunomob954"}
{"type":"log","timestamp":1766930042008,"level":"info","message":"Starting rendering request 2","meta":{"rootId":"rj8iapzqm9b9ige","id":"rj8iapzqm9b9ige"},"id":"ml7s7b5k9pjlp78","previousOperationId":"pf6mwjunomob954"}
{"type":"log","timestamp":1766930042011,"level":"info","message":"Rendering anonymous template { recipe: pptx, engine: handlebars }","meta":{"rootId":"rj8iapzqm9b9ige","id":"rj8iapzqm9b9ige"},"id":"vkgawbfxyq5z8av","previousOperationId":"pf6mwjunomob954"}
{"type":"log","timestamp":1766930042012,"level":"debug","message":"Inline data specified.","meta":{"rootId":"rj8iapzqm9b9ige","id":"rj8iapzqm9b9ige"},"id":"jay8ttg6lvspp8c","previousOperationId":"pf6mwjunomob954"}
{"type":"log","timestamp":1766930042020,"level":"debug","message":"Base url not specified, skipping its injection.","meta":{"rootId":"rj8iapzqm9b9ige","id":"rj8iapzqm9b9ige"},"id":"mve0z068k6pope0","previousOperationId":"pf6mwjunomob954"}
{"type":"operationStart","subtype":"engine","name":"handlebars","timestamp":1766930042022,"id":"7wkkg649tjpyo2f","previousEventId":"mvd8q6iw4pbc5u7","operationId":"m3cdibugz4orpgc","previousOperationId":"pf6mwjunomob954"}
{"type":"log","timestamp":1766930042023,"level":"debug","message":"Rendering engine handlebars","meta":{"rootId":"rj8iapzqm9b9ige","id":"rj8iapzqm9b9ige"},"id":"5x1ji09myxj0ydt","previousOperationId":"m3cdibugz4orpgc"}
{"type":"operationEnd","operationId":"m3cdibugz4orpgc","timestamp":1766930042838,"id":"uzhi04w46a4xazu","previousEventId":"7wkkg649tjpyo2f","previousOperationId":"m3cdibugz4orpgc"}
{"type":"operationStart","subtype":"recipe","name":"pptx","timestamp":1766930042839,"id":"rfcd1yu3ztde8nk","previousEventId":"uzhi04w46a4xazu","operationId":"s84gynu2ktvkv24","previousOperationId":"m3cdibugz4orpgc"}
{"type":"log","timestamp":1766930042839,"level":"debug","message":"Executing recipe pptx","meta":{"rootId":"rj8iapzqm9b9ige","id":"rj8iapzqm9b9ige"},"id":"r0xarwze59aap6f","previousOperationId":"s84gynu2ktvkv24"}
{"type":"log","timestamp":1766930043009,"level":"info","message":"pptx generation is starting","meta":{"rootId":"rj8iapzqm9b9ige","id":"rj8iapzqm9b9ige"},"id":"9z1q08pxm3ilhnr","previousOperationId":"s84gynu2ktvkv24"}
{"type":"log","timestamp":1766930044086,"level":"debug","message":"Starting child request to render pptx dynamic parts","meta":{"rootId":"rj8iapzqm9b9ige","id":"rj8iapzqm9b9ige"},"id":"i1p0qxobz3mhlsp","previousOperationId":"s84gynu2ktvkv24"}
{"type":"operationStart","subtype":"render","name":"anonymous","previousOperationId":"s84gynu2ktvkv24","timestamp":1766930044087,"id":"1odun148guu4f9i","previousEventId":"rfcd1yu3ztde8nk","operationId":"kspxfpxrfv03cz4"}
{"type":"log","timestamp":1766930044087,"level":"info","message":"Starting rendering (child) request","meta":{"rootId":"rj8iapzqm9b9ige","id":"a7d6y9vfy21co9v"},"id":"2suq2sudqztwbhl","previousOperationId":"kspxfpxrfv03cz4"}
{"type":"log","timestamp":1766930044087,"level":"info","message":"Rendering anonymous template { recipe: html, engine: handlebars }","meta":{"rootId":"rj8iapzqm9b9ige","id":"a7d6y9vfy21co9v"},"id":"iez315ui3ez8wxp","previousOperationId":"kspxfpxrfv03cz4"}
{"type":"log","timestamp":1766930044087,"level":"debug","message":"Inline data specified.","meta":{"rootId":"rj8iapzqm9b9ige","id":"a7d6y9vfy21co9v"},"id":"9ccdhd6clfowlcl","previousOperationId":"kspxfpxrfv03cz4"}
{"type":"log","timestamp":1766930044092,"level":"debug","message":"Base url not specified, skipping its injection.","meta":{"rootId":"rj8iapzqm9b9ige","id":"a7d6y9vfy21co9v"},"id":"x0diysh05cqqjb8","previousOperationId":"kspxfpxrfv03cz4"}
{"type":"operationStart","subtype":"engine","name":"handlebars","timestamp":1766930044093,"id":"l6ye41epe17hxwx","previousEventId":"1odun148guu4f9i","operationId":"zlomyp0zyvbqimh","previousOperationId":"kspxfpxrfv03cz4"}
{"type":"log","timestamp":1766930044093,"level":"debug","message":"Rendering engine handlebars","meta":{"rootId":"rj8iapzqm9b9ige","id":"a7d6y9vfy21co9v"},"id":"r8ylu20aaxnbhq3","previousOperationId":"zlomyp0zyvbqimh"}
{"type":"log","timestamp":1766930044242,"level":"debug","message":"(console:log) {\n  type: 'echarts@v5a',\n  width: 848,\n  height: 409,\n  option: { radar: [ [Object] ], series: [ [Object] ] }\n}","meta":{"userLevel":true,"rootId":"rj8iapzqm9b9ige","id":"a7d6y9vfy21co9v"},"id":"ghzmu9z8vlfng14","previousOperationId":"zlomyp0zyvbqimh"}
{"type":"operationEnd","operationId":"zlomyp0zyvbqimh","timestamp":1766930044249,"id":"sxo3qnpup95wn2u","previousEventId":"l6ye41epe17hxwx","previousOperationId":"zlomyp0zyvbqimh"}
{"type":"operationStart","subtype":"recipe","name":"html","timestamp":1766930044260,"id":"kaybvrch5h7dezo","previousEventId":"sxo3qnpup95wn2u","operationId":"zokb1alna284mxh","previousOperationId":"zlomyp0zyvbqimh"}
{"type":"log","timestamp":1766930044260,"level":"debug","message":"Executing recipe html","meta":{"rootId":"rj8iapzqm9b9ige","id":"a7d6y9vfy21co9v"},"id":"ncjp6yyhfgihhd1","previousOperationId":"zokb1alna284mxh"}
{"type":"operationEnd","operationId":"zokb1alna284mxh","timestamp":1766930044260,"id":"xne4017u34yddhj","previousEventId":"kaybvrch5h7dezo","previousOperationId":"zokb1alna284mxh"}
{"type":"log","timestamp":1766930044261,"level":"debug","message":"Skipping storing report.","meta":{"rootId":"rj8iapzqm9b9ige","id":"a7d6y9vfy21co9v"},"id":"u2snbpq5r64k5mw","previousOperationId":"zokb1alna284mxh"}
{"type":"log","timestamp":1766930044261,"level":"info","message":"Rendering (child) request finished in 2301 ms","meta":{"rootId":"rj8iapzqm9b9ige","id":"a7d6y9vfy21co9v"},"id":"uuno58u6k2dwgck","previousOperationId":"zokb1alna284mxh"}
{"type":"operationEnd","subtype":"render","operationId":"kspxfpxrfv03cz4","timestamp":1766930044261,"id":"j3gqpexbhxmvaoq","previousEventId":"xne4017u34yddhj","previousOperationId":"zokb1alna284mxh"}
{"type":"log","timestamp":1766930047505,"level":"debug","message":"pptx successfully zipped","meta":{"rootId":"rj8iapzqm9b9ige","id":"rj8iapzqm9b9ige"},"id":"e5tkpn4t6ytmizk","previousOperationId":"s84gynu2ktvkv24"}
{"type":"log","timestamp":1766930047505,"level":"info","message":"pptx generation was finished","meta":{"rootId":"rj8iapzqm9b9ige","id":"rj8iapzqm9b9ige"},"id":"x01o7q19tve4vbx","previousOperationId":"s84gynu2ktvkv24"}
{"type":"operationEnd","operationId":"s84gynu2ktvkv24","timestamp":1766930047517,"id":"volzxc9774vxr2y","previousEventId":"rfcd1yu3ztde8nk","previousOperationId":"s84gynu2ktvkv24"}
{"type":"log","timestamp":1766930047517,"level":"debug","message":"Skipping storing report.","meta":{"rootId":"rj8iapzqm9b9ige","id":"rj8iapzqm9b9ige"},"id":"7wgc0vz0yuy8fq7","previousOperationId":"s84gynu2ktvkv24"}
{"type":"log","timestamp":1766930047517,"level":"info","message":"Rendering request 2 finished in 5557 ms","meta":{"rootId":"rj8iapzqm9b9ige","id":"rj8iapzqm9b9ige"},"id":"5vytb4extvmwd43","previousOperationId":"s84gynu2ktvkv24"}
{"type":"operationEnd","subtype":"render","operationId":"pf6mwjunomob954","timestamp":1766930047517,"id":"wq93g2jo8aeqzde","previousEventId":"volzxc9774vxr2y","previousOperationId":"s84gynu2ktvkv24"}
{"type":"operationEnd","doDiffs":false,"previousEventId":"1128hwyh4a7yo0y","previousOperationId":"6a3vt8skbv8ndax","operationId":"6a3vt8skbv8ndax","timestamp":1766930047521,"id":"0r4yfp746bg3kp9"}
