{"type":"operationStart","subtype":"profile","data":{"_id":"gaBbCTvHXO7llTFw","timestamp":"2025-12-26T09:25:55.009Z","state":"running","mode":"standard","creationDate":"2025-12-26T09:25:55.012Z","modificationDate":"2025-12-26T09:25:55.012Z","shortid":"X0ZYqWu","$entitySet":"profiles","timeout":60000},"doDiffs":false,"timestamp":1766741155010,"id":"emllgtxqkxyvobe","previousOperationId":null,"operationId":"f8imgbdguw3mjfv"}
{"type":"log","level":"info","message":"Render request 2 queued for execution and waiting for available worker","previousOperationId":"f8imgbdguw3mjfv","timestamp":1766741155011,"id":"6i7a9a5osp7fx6m"}
{"type":"operationStart","subtype":"render","name":"anonymous","previousOperationId":"f8imgbdguw3mjfv","timestamp":1766741155053,"id":"zjorcvbr7imdok9","previousEventId":"emllgtxqkxyvobe","operationId":"um73xik8eukfc5p"}
{"type":"log","timestamp":1766741155054,"level":"info","message":"Starting rendering request 2","meta":{"rootId":"rjot4kmi89sryqi","id":"rjot4kmi89sryqi"},"id":"b707ecas5guezpw","previousOperationId":"um73xik8eukfc5p"}
{"type":"log","timestamp":1766741155056,"level":"info","message":"Rendering anonymous template { recipe: pptx, engine: handlebars }","meta":{"rootId":"rjot4kmi89sryqi","id":"rjot4kmi89sryqi"},"id":"p9ayedeoceukwmr","previousOperationId":"um73xik8eukfc5p"}
{"type":"log","timestamp":1766741155056,"level":"debug","message":"Inline data specified.","meta":{"rootId":"rjot4kmi89sryqi","id":"rjot4kmi89sryqi"},"id":"ts9mgm2qjms1hpl","previousOperationId":"um73xik8eukfc5p"}
{"type":"log","timestamp":1766741155063,"level":"debug","message":"Base url not specified, skipping its injection.","meta":{"rootId":"rjot4kmi89sryqi","id":"rjot4kmi89sryqi"},"id":"6pjsbnyd7zg9zsy","previousOperationId":"um73xik8eukfc5p"}
{"type":"operationStart","subtype":"engine","name":"handlebars","timestamp":1766741155065,"id":"axoxjy7akyi3fa1","previousEventId":"zjorcvbr7imdok9","operationId":"iwadxu8jr0xi4jl","previousOperationId":"um73xik8eukfc5p"}
{"type":"log","timestamp":1766741155065,"level":"debug","message":"Rendering engine handlebars","meta":{"rootId":"rjot4kmi89sryqi","id":"rjot4kmi89sryqi"},"id":"wctfzli4iu06pa0","previousOperationId":"iwadxu8jr0xi4jl"}
{"type":"operationEnd","operationId":"iwadxu8jr0xi4jl","timestamp":1766741155857,"id":"uy5wwyzruwxpy4p","previousEventId":"axoxjy7akyi3fa1","previousOperationId":"iwadxu8jr0xi4jl"}
{"type":"operationStart","subtype":"recipe","name":"pptx","timestamp":1766741155858,"id":"z3boniyd4xswxqq","previousEventId":"uy5wwyzruwxpy4p","operationId":"daztjxwxgkn5ir9","previousOperationId":"iwadxu8jr0xi4jl"}
{"type":"log","timestamp":1766741155858,"level":"debug","message":"Executing recipe pptx","meta":{"rootId":"rjot4kmi89sryqi","id":"rjot4kmi89sryqi"},"id":"2iilv8exh3vaahy","previousOperationId":"daztjxwxgkn5ir9"}
{"type":"log","timestamp":1766741156019,"level":"info","message":"pptx generation is starting","meta":{"rootId":"rjot4kmi89sryqi","id":"rjot4kmi89sryqi"},"id":"3ehgg6wb5f73vqv","previousOperationId":"daztjxwxgkn5ir9"}
{"type":"log","timestamp":1766741157062,"level":"debug","message":"Starting child request to render pptx dynamic parts","meta":{"rootId":"rjot4kmi89sryqi","id":"rjot4kmi89sryqi"},"id":"4uh04ygjtin4amr","previousOperationId":"daztjxwxgkn5ir9"}
{"type":"operationStart","subtype":"render","name":"anonymous","previousOperationId":"daztjxwxgkn5ir9","timestamp":1766741157063,"id":"lc22hcnfqqtpxh7","previousEventId":"z3boniyd4xswxqq","operationId":"4mh31i7fr96eyl8"}
{"type":"log","timestamp":1766741157063,"level":"info","message":"Starting rendering (child) request","meta":{"rootId":"rjot4kmi89sryqi","id":"1h3aur8gapkjuon"},"id":"pgghhmh04qij2n5","previousOperationId":"4mh31i7fr96eyl8"}
{"type":"log","timestamp":1766741157064,"level":"info","message":"Rendering anonymous template { recipe: html, engine: handlebars }","meta":{"rootId":"rjot4kmi89sryqi","id":"1h3aur8gapkjuon"},"id":"f9j9e11sctyvpe1","previousOperationId":"4mh31i7fr96eyl8"}
{"type":"log","timestamp":1766741157064,"level":"debug","message":"Inline data specified.","meta":{"rootId":"rjot4kmi89sryqi","id":"1h3aur8gapkjuon"},"id":"lnr5au5yt1ygn10","previousOperationId":"4mh31i7fr96eyl8"}
{"type":"log","timestamp":1766741157068,"level":"debug","message":"Base url not specified, skipping its injection.","meta":{"rootId":"rjot4kmi89sryqi","id":"1h3aur8gapkjuon"},"id":"boiggr76zhu1u02","previousOperationId":"4mh31i7fr96eyl8"}
{"type":"operationStart","subtype":"engine","name":"handlebars","timestamp":1766741157069,"id":"30vp97flcv2nnsz","previousEventId":"lc22hcnfqqtpxh7","operationId":"3d9lgbo8dv7078v","previousOperationId":"4mh31i7fr96eyl8"}
{"type":"log","timestamp":1766741157069,"level":"debug","message":"Rendering engine handlebars","meta":{"rootId":"rjot4kmi89sryqi","id":"1h3aur8gapkjuon"},"id":"uhgck8s2e15vmla","previousOperationId":"3d9lgbo8dv7078v"}
{"type":"operationEnd","operationId":"3d9lgbo8dv7078v","timestamp":1766741157199,"id":"zoup6ukiz3lapz7","previousEventId":"30vp97flcv2nnsz","previousOperationId":"3d9lgbo8dv7078v"}
{"type":"operationStart","subtype":"recipe","name":"html","timestamp":1766741157208,"id":"hj3nshs0inw4z1c","previousEventId":"zoup6ukiz3lapz7","operationId":"6b4frz5qqyfp8cw","previousOperationId":"3d9lgbo8dv7078v"}
{"type":"log","timestamp":1766741157208,"level":"debug","message":"Executing recipe html","meta":{"rootId":"rjot4kmi89sryqi","id":"1h3aur8gapkjuon"},"id":"q13wngnwwt96iv1","previousOperationId":"6b4frz5qqyfp8cw"}
{"type":"operationEnd","operationId":"6b4frz5qqyfp8cw","timestamp":1766741157208,"id":"vc3ej82fdp1pzw0","previousEventId":"hj3nshs0inw4z1c","previousOperationId":"6b4frz5qqyfp8cw"}
{"type":"log","timestamp":1766741157209,"level":"debug","message":"Skipping storing report.","meta":{"rootId":"rjot4kmi89sryqi","id":"1h3aur8gapkjuon"},"id":"mavsu28c9wa3zse","previousOperationId":"6b4frz5qqyfp8cw"}
{"type":"log","timestamp":1766741157209,"level":"info","message":"Rendering (child) request finished in 2201 ms","meta":{"rootId":"rjot4kmi89sryqi","id":"1h3aur8gapkjuon"},"id":"nl9enz1xord9iy3","previousOperationId":"6b4frz5qqyfp8cw"}
{"type":"operationEnd","subtype":"render","operationId":"4mh31i7fr96eyl8","timestamp":1766741157209,"id":"dmlq8w93ihz096h","previousEventId":"vc3ej82fdp1pzw0","previousOperationId":"6b4frz5qqyfp8cw"}
{"type":"log","timestamp":1766741159928,"level":"debug","message":"pptx successfully zipped","meta":{"rootId":"rjot4kmi89sryqi","id":"rjot4kmi89sryqi"},"id":"t9q9jskce4no8qc","previousOperationId":"daztjxwxgkn5ir9"}
{"type":"log","timestamp":1766741159928,"level":"info","message":"pptx generation was finished","meta":{"rootId":"rjot4kmi89sryqi","id":"rjot4kmi89sryqi"},"id":"ibxlohwxe6sf3rp","previousOperationId":"daztjxwxgkn5ir9"}
{"type":"operationEnd","operationId":"daztjxwxgkn5ir9","timestamp":1766741159938,"id":"ip1bhh1xicwsqqx","previousEventId":"z3boniyd4xswxqq","previousOperationId":"daztjxwxgkn5ir9"}
{"type":"log","timestamp":1766741159938,"level":"debug","message":"Skipping storing report.","meta":{"rootId":"rjot4kmi89sryqi","id":"rjot4kmi89sryqi"},"id":"zxo9mgvrtonifl7","previousOperationId":"daztjxwxgkn5ir9"}
{"type":"log","timestamp":1766741159938,"level":"info","message":"Rendering request 2 finished in 4930 ms","meta":{"rootId":"rjot4kmi89sryqi","id":"rjot4kmi89sryqi"},"id":"e3qizfpdkuk3km5","previousOperationId":"daztjxwxgkn5ir9"}
{"type":"operationEnd","subtype":"render","operationId":"um73xik8eukfc5p","timestamp":1766741159938,"id":"dfdurjco5v386ak","previousEventId":"ip1bhh1xicwsqqx","previousOperationId":"daztjxwxgkn5ir9"}
{"type":"operationEnd","doDiffs":false,"previousEventId":"emllgtxqkxyvobe","previousOperationId":"f8imgbdguw3mjfv","operationId":"f8imgbdguw3mjfv","timestamp":1766741159942,"id":"1xhmslapiwavk3x"}
