{"type":"operationStart","subtype":"profile","data":{"_id":"Rs6gk9Lg42j5TN97","timestamp":"2025-12-25T20:54:55.490Z","state":"running","mode":"standard","creationDate":"2025-12-25T20:54:55.497Z","modificationDate":"2025-12-25T20:54:55.497Z","shortid":"yR2yvRM","$entitySet":"profiles","timeout":60000},"doDiffs":false,"timestamp":1766696095494,"id":"57oe4ttmt8k1lxn","previousOperationId":null,"operationId":"91u4dpvrxsg2gdi"}
{"type":"log","level":"info","message":"Render request 2 queued for execution and waiting for available worker","previousOperationId":"91u4dpvrxsg2gdi","timestamp":1766696095494,"id":"fg86o0wb5p01fxp"}
{"type":"operationStart","subtype":"render","name":"anonymous","previousOperationId":"91u4dpvrxsg2gdi","timestamp":1766696095566,"id":"61axrbbdiqp67k8","previousEventId":"57oe4ttmt8k1lxn","operationId":"n2m0a88eks5a8pu"}
{"type":"log","timestamp":1766696095568,"level":"info","message":"Starting rendering request 2","meta":{"rootId":"rnjwczqqfsf20sh","id":"rnjwczqqfsf20sh"},"id":"uvqegwvnj51b8k3","previousOperationId":"n2m0a88eks5a8pu"}
{"type":"log","timestamp":1766696095571,"level":"info","message":"Rendering anonymous template { recipe: pptx, engine: handlebars }","meta":{"rootId":"rnjwczqqfsf20sh","id":"rnjwczqqfsf20sh"},"id":"r8mw79brd77knp3","previousOperationId":"n2m0a88eks5a8pu"}
{"type":"log","timestamp":1766696095572,"level":"debug","message":"Inline data specified.","meta":{"rootId":"rnjwczqqfsf20sh","id":"rnjwczqqfsf20sh"},"id":"4no4c1jhviuhvpe","previousOperationId":"n2m0a88eks5a8pu"}
{"type":"log","timestamp":1766696095578,"level":"debug","message":"Base url not specified, skipping its injection.","meta":{"rootId":"rnjwczqqfsf20sh","id":"rnjwczqqfsf20sh"},"id":"frujbv8rf3f3bw0","previousOperationId":"n2m0a88eks5a8pu"}
{"type":"operationStart","subtype":"engine","name":"handlebars","timestamp":1766696095581,"id":"dqscagqrl0v9mc0","previousEventId":"61axrbbdiqp67k8","operationId":"98iwt57fchbq055","previousOperationId":"n2m0a88eks5a8pu"}
{"type":"log","timestamp":1766696095581,"level":"debug","message":"Rendering engine handlebars","meta":{"rootId":"rnjwczqqfsf20sh","id":"rnjwczqqfsf20sh"},"id":"6zc84qax7zmmopq","previousOperationId":"98iwt57fchbq055"}
{"type":"operationEnd","operationId":"98iwt57fchbq055","timestamp":1766696096840,"id":"rgwpo8l7408259z","previousEventId":"dqscagqrl0v9mc0","previousOperationId":"98iwt57fchbq055"}
{"type":"operationStart","subtype":"recipe","name":"pptx","timestamp":1766696096841,"id":"s9uah5fy7tn4til","previousEventId":"rgwpo8l7408259z","operationId":"bkmlpo99pk257e5","previousOperationId":"98iwt57fchbq055"}
{"type":"log","timestamp":1766696096841,"level":"debug","message":"Executing recipe pptx","meta":{"rootId":"rnjwczqqfsf20sh","id":"rnjwczqqfsf20sh"},"id":"3tqogv11wlkokb1","previousOperationId":"bkmlpo99pk257e5"}
{"type":"log","timestamp":1766696097098,"level":"info","message":"pptx generation is starting","meta":{"rootId":"rnjwczqqfsf20sh","id":"rnjwczqqfsf20sh"},"id":"bxipxwdytcg84j7","previousOperationId":"bkmlpo99pk257e5"}
{"type":"log","timestamp":1766696098951,"level":"debug","message":"Starting child request to render pptx dynamic parts","meta":{"rootId":"rnjwczqqfsf20sh","id":"rnjwczqqfsf20sh"},"id":"jtyb0yuuti2su3x","previousOperationId":"bkmlpo99pk257e5"}
{"type":"operationStart","subtype":"render","name":"anonymous","previousOperationId":"bkmlpo99pk257e5","timestamp":1766696098955,"id":"dslew5a4rmue0mu","previousEventId":"s9uah5fy7tn4til","operationId":"c9uahdwyecizyzy"}
{"type":"log","timestamp":1766696098955,"level":"info","message":"Starting rendering (child) request","meta":{"rootId":"rnjwczqqfsf20sh","id":"ktaz1awkzt6w8xi"},"id":"wbkwcs7yr0u12bd","previousOperationId":"c9uahdwyecizyzy"}
{"type":"log","timestamp":1766696098955,"level":"info","message":"Rendering anonymous template { recipe: html, engine: handlebars }","meta":{"rootId":"rnjwczqqfsf20sh","id":"ktaz1awkzt6w8xi"},"id":"vdidzf8jw3g0m70","previousOperationId":"c9uahdwyecizyzy"}
{"type":"log","timestamp":1766696098955,"level":"debug","message":"Inline data specified.","meta":{"rootId":"rnjwczqqfsf20sh","id":"ktaz1awkzt6w8xi"},"id":"9l80hf05aekokfx","previousOperationId":"c9uahdwyecizyzy"}
{"type":"log","timestamp":1766696098966,"level":"debug","message":"Base url not specified, skipping its injection.","meta":{"rootId":"rnjwczqqfsf20sh","id":"ktaz1awkzt6w8xi"},"id":"8pk1wm1tcgly2nl","previousOperationId":"c9uahdwyecizyzy"}
{"type":"operationStart","subtype":"engine","name":"handlebars","timestamp":1766696098968,"id":"sl3c47vtw4uqeki","previousEventId":"dslew5a4rmue0mu","operationId":"u8mqsy0whkrr1cj","previousOperationId":"c9uahdwyecizyzy"}
{"type":"log","timestamp":1766696098968,"level":"debug","message":"Rendering engine handlebars","meta":{"rootId":"rnjwczqqfsf20sh","id":"ktaz1awkzt6w8xi"},"id":"7wskp9f74v0cn5v","previousOperationId":"u8mqsy0whkrr1cj"}
{"type":"operationEnd","operationId":"u8mqsy0whkrr1cj","timestamp":1766696099147,"id":"rog0f4uuzh6m2tv","previousEventId":"sl3c47vtw4uqeki","previousOperationId":"u8mqsy0whkrr1cj"}
{"type":"operationStart","subtype":"recipe","name":"html","timestamp":1766696099163,"id":"8410ftdif15kyib","previousEventId":"rog0f4uuzh6m2tv","operationId":"kv7lnt41tb8plo7","previousOperationId":"u8mqsy0whkrr1cj"}
{"type":"log","timestamp":1766696099163,"level":"debug","message":"Executing recipe html","meta":{"rootId":"rnjwczqqfsf20sh","id":"ktaz1awkzt6w8xi"},"id":"fz3ekutqvtfz9he","previousOperationId":"kv7lnt41tb8plo7"}
{"type":"operationEnd","operationId":"kv7lnt41tb8plo7","timestamp":1766696099163,"id":"60571he6lx978fs","previousEventId":"8410ftdif15kyib","previousOperationId":"kv7lnt41tb8plo7"}
{"type":"log","timestamp":1766696099165,"level":"debug","message":"Skipping storing report.","meta":{"rootId":"rnjwczqqfsf20sh","id":"ktaz1awkzt6w8xi"},"id":"tqckhugo569ibgf","previousOperationId":"kv7lnt41tb8plo7"}
{"type":"log","timestamp":1766696099165,"level":"info","message":"Rendering (child) request finished in 3676 ms","meta":{"rootId":"rnjwczqqfsf20sh","id":"ktaz1awkzt6w8xi"},"id":"qe0jmvukuqk5lb1","previousOperationId":"kv7lnt41tb8plo7"}
{"type":"operationEnd","subtype":"render","operationId":"c9uahdwyecizyzy","timestamp":1766696099165,"id":"2a2k1bpennssszr","previousEventId":"60571he6lx978fs","previousOperationId":"kv7lnt41tb8plo7"}
{"type":"log","timestamp":1766696104104,"level":"debug","message":"pptx successfully zipped","meta":{"rootId":"rnjwczqqfsf20sh","id":"rnjwczqqfsf20sh"},"id":"2dlndeujfl0y1do","previousOperationId":"bkmlpo99pk257e5"}
{"type":"log","timestamp":1766696104105,"level":"info","message":"pptx generation was finished","meta":{"rootId":"rnjwczqqfsf20sh","id":"rnjwczqqfsf20sh"},"id":"7r5f4ccmjr2lug1","previousOperationId":"bkmlpo99pk257e5"}
{"type":"operationEnd","operationId":"bkmlpo99pk257e5","timestamp":1766696104123,"id":"t3rt0o8e49za5oh","previousEventId":"s9uah5fy7tn4til","previousOperationId":"bkmlpo99pk257e5"}
{"type":"log","timestamp":1766696104123,"level":"debug","message":"Skipping storing report.","meta":{"rootId":"rnjwczqqfsf20sh","id":"rnjwczqqfsf20sh"},"id":"ndll5ynoqzw3npt","previousOperationId":"bkmlpo99pk257e5"}
{"type":"log","timestamp":1766696104123,"level":"info","message":"Rendering request 2 finished in 8634 ms","meta":{"rootId":"rnjwczqqfsf20sh","id":"rnjwczqqfsf20sh"},"id":"20j0ljmf1pci0k4","previousOperationId":"bkmlpo99pk257e5"}
{"type":"operationEnd","subtype":"render","operationId":"n2m0a88eks5a8pu","timestamp":1766696104123,"id":"3zg5lp115crsefo","previousEventId":"t3rt0o8e49za5oh","previousOperationId":"bkmlpo99pk257e5"}
{"type":"operationEnd","doDiffs":false,"previousEventId":"57oe4ttmt8k1lxn","previousOperationId":"91u4dpvrxsg2gdi","operationId":"91u4dpvrxsg2gdi","timestamp":1766696104130,"id":"drhn8s7dxvm855k"}
