{"type":"operationStart","subtype":"profile","data":{"_id":"jJl7rrE4B6eI4EgB","timestamp":"2025-12-26T12:58:20.764Z","state":"running","mode":"standard","creationDate":"2025-12-26T12:58:20.774Z","modificationDate":"2025-12-26T12:58:20.774Z","shortid":"aNoloqo","$entitySet":"profiles","timeout":60000},"doDiffs":false,"timestamp":1766753900770,"id":"let9p6k9wkevp2g","previousOperationId":null,"operationId":"q47dcl5y4lvk0u1"}
{"type":"log","level":"info","message":"Render request 1 queued for execution and waiting for available worker","previousOperationId":"q47dcl5y4lvk0u1","timestamp":1766753900770,"id":"kltpgv4ld1po6rk"}
{"type":"operationStart","subtype":"render","name":"anonymous","previousOperationId":"q47dcl5y4lvk0u1","timestamp":1766753900886,"id":"irmkw3367k8qrtd","previousEventId":"let9p6k9wkevp2g","operationId":"d57l8oo4xqpkgt6"}
{"type":"log","timestamp":1766753900889,"level":"info","message":"Starting rendering request 1","meta":{"rootId":"rp6utywd7ndse3i","id":"rp6utywd7ndse3i"},"id":"ll8tbts9ri7cluz","previousOperationId":"d57l8oo4xqpkgt6"}
{"type":"log","timestamp":1766753900892,"level":"info","message":"Rendering anonymous template { recipe: pptx, engine: handlebars }","meta":{"rootId":"rp6utywd7ndse3i","id":"rp6utywd7ndse3i"},"id":"9pca34kxti49hj6","previousOperationId":"d57l8oo4xqpkgt6"}
{"type":"log","timestamp":1766753900893,"level":"debug","message":"Inline data specified.","meta":{"rootId":"rp6utywd7ndse3i","id":"rp6utywd7ndse3i"},"id":"mhwihq5dfillwje","previousOperationId":"d57l8oo4xqpkgt6"}
{"type":"log","timestamp":1766753900904,"level":"debug","message":"Base url not specified, skipping its injection.","meta":{"rootId":"rp6utywd7ndse3i","id":"rp6utywd7ndse3i"},"id":"p5nn1er1xpqut8h","previousOperationId":"d57l8oo4xqpkgt6"}
{"type":"operationStart","subtype":"engine","name":"handlebars","timestamp":1766753900906,"id":"ozj06t6lnfnyb4s","previousEventId":"irmkw3367k8qrtd","operationId":"i90slj5w51h1y16","previousOperationId":"d57l8oo4xqpkgt6"}
{"type":"log","timestamp":1766753900906,"level":"debug","message":"Rendering engine handlebars","meta":{"rootId":"rp6utywd7ndse3i","id":"rp6utywd7ndse3i"},"id":"522ekgpqh9kp2y2","previousOperationId":"i90slj5w51h1y16"}
{"type":"operationEnd","operationId":"i90slj5w51h1y16","timestamp":1766753902332,"id":"rg9gdirc6e971zn","previousEventId":"ozj06t6lnfnyb4s","previousOperationId":"i90slj5w51h1y16"}
{"type":"operationStart","subtype":"recipe","name":"pptx","timestamp":1766753902334,"id":"de3r3wxhypkeb8a","previousEventId":"rg9gdirc6e971zn","operationId":"5pt1rb6c2t4hvm8","previousOperationId":"i90slj5w51h1y16"}
{"type":"log","timestamp":1766753902335,"level":"debug","message":"Executing recipe pptx","meta":{"rootId":"rp6utywd7ndse3i","id":"rp6utywd7ndse3i"},"id":"giliv10886ea6oq","previousOperationId":"5pt1rb6c2t4hvm8"}
{"type":"log","timestamp":1766753902676,"level":"info","message":"pptx generation is starting","meta":{"rootId":"rp6utywd7ndse3i","id":"rp6utywd7ndse3i"},"id":"4ip05q851iu082t","previousOperationId":"5pt1rb6c2t4hvm8"}
{"type":"log","timestamp":1766753904665,"level":"debug","message":"Starting child request to render pptx dynamic parts","meta":{"rootId":"rp6utywd7ndse3i","id":"rp6utywd7ndse3i"},"id":"jk2qu08u1y1u226","previousOperationId":"5pt1rb6c2t4hvm8"}
{"type":"operationStart","subtype":"render","name":"anonymous","previousOperationId":"5pt1rb6c2t4hvm8","timestamp":1766753904667,"id":"x07mksbiq408qyt","previousEventId":"de3r3wxhypkeb8a","operationId":"4g2g4vi0cz1xjs8"}
{"type":"log","timestamp":1766753904667,"level":"info","message":"Starting rendering (child) request","meta":{"rootId":"rp6utywd7ndse3i","id":"k16si2d7b4avqxc"},"id":"2codelugowythma","previousOperationId":"4g2g4vi0cz1xjs8"}
{"type":"log","timestamp":1766753904668,"level":"info","message":"Rendering anonymous template { recipe: html, engine: handlebars }","meta":{"rootId":"rp6utywd7ndse3i","id":"k16si2d7b4avqxc"},"id":"i96omuetxs1mz6h","previousOperationId":"4g2g4vi0cz1xjs8"}
{"type":"log","timestamp":1766753904668,"level":"debug","message":"Inline data specified.","meta":{"rootId":"rp6utywd7ndse3i","id":"k16si2d7b4avqxc"},"id":"yzpw15lo4ls7kch","previousOperationId":"4g2g4vi0cz1xjs8"}
{"type":"log","timestamp":1766753904675,"level":"debug","message":"Base url not specified, skipping its injection.","meta":{"rootId":"rp6utywd7ndse3i","id":"k16si2d7b4avqxc"},"id":"w58afybxdtlibpf","previousOperationId":"4g2g4vi0cz1xjs8"}
{"type":"operationStart","subtype":"engine","name":"handlebars","timestamp":1766753904678,"id":"omumfcp3h8x82kp","previousEventId":"x07mksbiq408qyt","operationId":"9pnendux2qjtojd","previousOperationId":"4g2g4vi0cz1xjs8"}
{"type":"log","timestamp":1766753904678,"level":"debug","message":"Rendering engine handlebars","meta":{"rootId":"rp6utywd7ndse3i","id":"k16si2d7b4avqxc"},"id":"jg74n7m2wktdplp","previousOperationId":"9pnendux2qjtojd"}
{"type":"operationEnd","operationId":"9pnendux2qjtojd","timestamp":1766753904891,"id":"reu6ks75tz7ou2u","previousEventId":"omumfcp3h8x82kp","previousOperationId":"9pnendux2qjtojd"}
{"type":"operationStart","subtype":"recipe","name":"html","timestamp":1766753904913,"id":"m9dr0gzqhuz3oy4","previousEventId":"reu6ks75tz7ou2u","operationId":"qzbpin0i23qp0e9","previousOperationId":"9pnendux2qjtojd"}
{"type":"log","timestamp":1766753904913,"level":"debug","message":"Executing recipe html","meta":{"rootId":"rp6utywd7ndse3i","id":"k16si2d7b4avqxc"},"id":"j2lm3eoiijgjyts","previousOperationId":"qzbpin0i23qp0e9"}
{"type":"operationEnd","operationId":"qzbpin0i23qp0e9","timestamp":1766753904913,"id":"lx3z3yxg6qzkts9","previousEventId":"m9dr0gzqhuz3oy4","previousOperationId":"qzbpin0i23qp0e9"}
{"type":"log","timestamp":1766753904915,"level":"debug","message":"Skipping storing report.","meta":{"rootId":"rp6utywd7ndse3i","id":"k16si2d7b4avqxc"},"id":"lsiw60wdzbi8oun","previousOperationId":"qzbpin0i23qp0e9"}
{"type":"log","timestamp":1766753904915,"level":"info","message":"Rendering (child) request finished in 4156 ms","meta":{"rootId":"rp6utywd7ndse3i","id":"k16si2d7b4avqxc"},"id":"eq99g5ihzbpauv2","previousOperationId":"qzbpin0i23qp0e9"}
{"type":"operationEnd","subtype":"render","operationId":"4g2g4vi0cz1xjs8","timestamp":1766753904916,"id":"28l4yrb7qt2yt5n","previousEventId":"lx3z3yxg6qzkts9","previousOperationId":"qzbpin0i23qp0e9"}
{"type":"log","timestamp":1766753909308,"level":"debug","message":"pptx successfully zipped","meta":{"rootId":"rp6utywd7ndse3i","id":"rp6utywd7ndse3i"},"id":"xmso1jnpt0runed","previousOperationId":"5pt1rb6c2t4hvm8"}
{"type":"log","timestamp":1766753909308,"level":"info","message":"pptx generation was finished","meta":{"rootId":"rp6utywd7ndse3i","id":"rp6utywd7ndse3i"},"id":"l6prwfs7lu6igtz","previousOperationId":"5pt1rb6c2t4hvm8"}
{"type":"operationEnd","operationId":"5pt1rb6c2t4hvm8","timestamp":1766753909325,"id":"zwnonxg8g5j9dzo","previousEventId":"de3r3wxhypkeb8a","previousOperationId":"5pt1rb6c2t4hvm8"}
{"type":"log","timestamp":1766753909325,"level":"debug","message":"Skipping storing report.","meta":{"rootId":"rp6utywd7ndse3i","id":"rp6utywd7ndse3i"},"id":"9o6vipfpl0u897n","previousOperationId":"5pt1rb6c2t4hvm8"}
{"type":"log","timestamp":1766753909325,"level":"info","message":"Rendering request 1 finished in 8566 ms","meta":{"rootId":"rp6utywd7ndse3i","id":"rp6utywd7ndse3i"},"id":"s8qq43tkvdbbxkz","previousOperationId":"5pt1rb6c2t4hvm8"}
{"type":"operationEnd","subtype":"render","operationId":"d57l8oo4xqpkgt6","timestamp":1766753909325,"id":"soyb5tgcw0cffy4","previousEventId":"zwnonxg8g5j9dzo","previousOperationId":"5pt1rb6c2t4hvm8"}
{"type":"operationEnd","doDiffs":false,"previousEventId":"let9p6k9wkevp2g","previousOperationId":"q47dcl5y4lvk0u1","operationId":"q47dcl5y4lvk0u1","timestamp":1766753909332,"id":"hk2t30gs4zkbkv0"}
