{"type":"operationStart","subtype":"profile","data":{"_id":"yog7Z9WiHMyGHKwc","timestamp":"2025-12-31T21:01:33.981Z","state":"running","mode":"standard","creationDate":"2025-12-31T21:01:33.988Z","modificationDate":"2025-12-31T21:01:33.988Z","shortid":"3iW8eUK","$entitySet":"profiles","timeout":60000},"doDiffs":false,"timestamp":1767214893985,"id":"walfleh19oe31zo","previousOperationId":null,"operationId":"aw6tggjunr2biic"}
{"type":"log","level":"info","message":"Render request 1 queued for execution and waiting for available worker","previousOperationId":"aw6tggjunr2biic","timestamp":1767214893985,"id":"d5ug3uinrym1m8m"}
{"type":"operationStart","subtype":"render","name":"anonymous","previousOperationId":"aw6tggjunr2biic","timestamp":1767214894062,"id":"aungcin928jv2e5","previousEventId":"walfleh19oe31zo","operationId":"2ld8cqb25m6lyvd"}
{"type":"log","timestamp":1767214894063,"level":"info","message":"Starting rendering request 1","meta":{"rootId":"rs7d54ra7bvms9u","id":"rs7d54ra7bvms9u"},"id":"whhqfc04z5mlvt5","previousOperationId":"2ld8cqb25m6lyvd"}
{"type":"log","timestamp":1767214894066,"level":"info","message":"Rendering anonymous template { recipe: pptx, engine: handlebars }","meta":{"rootId":"rs7d54ra7bvms9u","id":"rs7d54ra7bvms9u"},"id":"t7rjb2bqs61wxw3","previousOperationId":"2ld8cqb25m6lyvd"}
{"type":"log","timestamp":1767214894066,"level":"debug","message":"Inline data specified.","meta":{"rootId":"rs7d54ra7bvms9u","id":"rs7d54ra7bvms9u"},"id":"8ff7pksjuorwmua","previousOperationId":"2ld8cqb25m6lyvd"}
{"type":"log","timestamp":1767214894077,"level":"debug","message":"Base url not specified, skipping its injection.","meta":{"rootId":"rs7d54ra7bvms9u","id":"rs7d54ra7bvms9u"},"id":"0muu8l7s1aeap3c","previousOperationId":"2ld8cqb25m6lyvd"}
{"type":"operationStart","subtype":"engine","name":"handlebars","timestamp":1767214894079,"id":"skcu8wnwks0djs1","previousEventId":"aungcin928jv2e5","operationId":"pi6jjqi837ltr9k","previousOperationId":"2ld8cqb25m6lyvd"}
{"type":"log","timestamp":1767214894080,"level":"debug","message":"Rendering engine handlebars","meta":{"rootId":"rs7d54ra7bvms9u","id":"rs7d54ra7bvms9u"},"id":"hdywjjd5mmoy781","previousOperationId":"pi6jjqi837ltr9k"}
{"type":"operationEnd","operationId":"pi6jjqi837ltr9k","timestamp":1767214895347,"id":"vbegft4t117ycmu","previousEventId":"skcu8wnwks0djs1","previousOperationId":"pi6jjqi837ltr9k"}
{"type":"operationStart","subtype":"recipe","name":"pptx","timestamp":1767214895349,"id":"055tjo69s4bnxhr","previousEventId":"vbegft4t117ycmu","operationId":"1i9jj4j5die3fdm","previousOperationId":"pi6jjqi837ltr9k"}
{"type":"log","timestamp":1767214895349,"level":"debug","message":"Executing recipe pptx","meta":{"rootId":"rs7d54ra7bvms9u","id":"rs7d54ra7bvms9u"},"id":"hy5jyx4xoziwivw","previousOperationId":"1i9jj4j5die3fdm"}
{"type":"log","timestamp":1767214895609,"level":"info","message":"pptx generation is starting","meta":{"rootId":"rs7d54ra7bvms9u","id":"rs7d54ra7bvms9u"},"id":"dqh012hw0onmg36","previousOperationId":"1i9jj4j5die3fdm"}
{"type":"log","timestamp":1767214897715,"level":"debug","message":"Starting child request to render pptx dynamic parts","meta":{"rootId":"rs7d54ra7bvms9u","id":"rs7d54ra7bvms9u"},"id":"ngm3r5fh70stkng","previousOperationId":"1i9jj4j5die3fdm"}
{"type":"operationStart","subtype":"render","name":"anonymous","previousOperationId":"1i9jj4j5die3fdm","timestamp":1767214897716,"id":"i24c3iqs5o14uac","previousEventId":"055tjo69s4bnxhr","operationId":"2eju56gsrvfdc2l"}
{"type":"log","timestamp":1767214897716,"level":"info","message":"Starting rendering (child) request","meta":{"rootId":"rs7d54ra7bvms9u","id":"g0g5qretu9rdxds"},"id":"9uopfol8qgsxato","previousOperationId":"2eju56gsrvfdc2l"}
{"type":"log","timestamp":1767214897716,"level":"info","message":"Rendering anonymous template { recipe: html, engine: handlebars }","meta":{"rootId":"rs7d54ra7bvms9u","id":"g0g5qretu9rdxds"},"id":"p1kl4yopvnywsnb","previousOperationId":"2eju56gsrvfdc2l"}
{"type":"log","timestamp":1767214897716,"level":"debug","message":"Inline data specified.","meta":{"rootId":"rs7d54ra7bvms9u","id":"g0g5qretu9rdxds"},"id":"rqvypkd4pp7lvjr","previousOperationId":"2eju56gsrvfdc2l"}
{"type":"log","timestamp":1767214897727,"level":"debug","message":"Base url not specified, skipping its injection.","meta":{"rootId":"rs7d54ra7bvms9u","id":"g0g5qretu9rdxds"},"id":"e33w73k1aqz9s65","previousOperationId":"2eju56gsrvfdc2l"}
{"type":"operationStart","subtype":"engine","name":"handlebars","timestamp":1767214897729,"id":"ato990249syd09s","previousEventId":"i24c3iqs5o14uac","operationId":"t2626oba9khhwqi","previousOperationId":"2eju56gsrvfdc2l"}
{"type":"log","timestamp":1767214897729,"level":"debug","message":"Rendering engine handlebars","meta":{"rootId":"rs7d54ra7bvms9u","id":"g0g5qretu9rdxds"},"id":"vume6mw3p4qy1oa","previousOperationId":"t2626oba9khhwqi"}
{"type":"log","timestamp":1767214898021,"level":"debug","message":"(console:log) {\n  type: 'echarts@v5a',\n  width: 848,\n  height: 409,\n  option: { radar: [ [Object] ], series: [ [Object] ] }\n}","meta":{"userLevel":true,"rootId":"rs7d54ra7bvms9u","id":"g0g5qretu9rdxds"},"id":"k97jb645p81gk7x","previousOperationId":"t2626oba9khhwqi"}
{"type":"operationEnd","operationId":"t2626oba9khhwqi","timestamp":1767214898037,"id":"8pcjwehmftj186e","previousEventId":"ato990249syd09s","previousOperationId":"t2626oba9khhwqi"}
{"type":"operationStart","subtype":"recipe","name":"html","timestamp":1767214898058,"id":"uruchtwanpp70cv","previousEventId":"8pcjwehmftj186e","operationId":"zpj34nplcui1i9k","previousOperationId":"t2626oba9khhwqi"}
{"type":"log","timestamp":1767214898058,"level":"debug","message":"Executing recipe html","meta":{"rootId":"rs7d54ra7bvms9u","id":"g0g5qretu9rdxds"},"id":"6wj84er4eo6xhh1","previousOperationId":"zpj34nplcui1i9k"}
{"type":"operationEnd","operationId":"zpj34nplcui1i9k","timestamp":1767214898058,"id":"wf2lpmnphn5tcnr","previousEventId":"uruchtwanpp70cv","previousOperationId":"zpj34nplcui1i9k"}
{"type":"log","timestamp":1767214898060,"level":"debug","message":"Skipping storing report.","meta":{"rootId":"rs7d54ra7bvms9u","id":"g0g5qretu9rdxds"},"id":"m1yz61ato8uyqvq","previousOperationId":"zpj34nplcui1i9k"}
{"type":"log","timestamp":1767214898060,"level":"info","message":"Rendering (child) request finished in 4081 ms","meta":{"rootId":"rs7d54ra7bvms9u","id":"g0g5qretu9rdxds"},"id":"2cxuxkg47zbgg82","previousOperationId":"zpj34nplcui1i9k"}
{"type":"operationEnd","subtype":"render","operationId":"2eju56gsrvfdc2l","timestamp":1767214898060,"id":"7ddtx2p3ppgcv0q","previousEventId":"wf2lpmnphn5tcnr","previousOperationId":"zpj34nplcui1i9k"}
{"type":"log","timestamp":1767214906619,"level":"debug","message":"pptx successfully zipped","meta":{"rootId":"rs7d54ra7bvms9u","id":"rs7d54ra7bvms9u"},"id":"6t91pw40v56oueg","previousOperationId":"1i9jj4j5die3fdm"}
{"type":"log","timestamp":1767214906619,"level":"info","message":"pptx generation was finished","meta":{"rootId":"rs7d54ra7bvms9u","id":"rs7d54ra7bvms9u"},"id":"qb8bwek66w2c3mk","previousOperationId":"1i9jj4j5die3fdm"}
{"type":"operationEnd","operationId":"1i9jj4j5die3fdm","timestamp":1767214906638,"id":"ld1a3h7dhxs5d5j","previousEventId":"055tjo69s4bnxhr","previousOperationId":"1i9jj4j5die3fdm"}
{"type":"log","timestamp":1767214906638,"level":"debug","message":"Skipping storing report.","meta":{"rootId":"rs7d54ra7bvms9u","id":"rs7d54ra7bvms9u"},"id":"1eawpea4ysau8f3","previousOperationId":"1i9jj4j5die3fdm"}
{"type":"log","timestamp":1767214906638,"level":"info","message":"Rendering request 1 finished in 12659 ms","meta":{"rootId":"rs7d54ra7bvms9u","id":"rs7d54ra7bvms9u"},"id":"zxig398v9cawdbe","previousOperationId":"1i9jj4j5die3fdm"}
{"type":"operationEnd","subtype":"render","operationId":"2ld8cqb25m6lyvd","timestamp":1767214906638,"id":"27ohugwddw8dl0b","previousEventId":"ld1a3h7dhxs5d5j","previousOperationId":"1i9jj4j5die3fdm"}
{"type":"operationEnd","doDiffs":false,"previousEventId":"walfleh19oe31zo","previousOperationId":"aw6tggjunr2biic","operationId":"aw6tggjunr2biic","timestamp":1767214906647,"id":"j6da9tnbn80d995"}
