{"type":"operationStart","subtype":"profile","data":{"_id":"e1qs5N6rhkF3JZdp","timestamp":"2025-12-07T15:53:35.847Z","state":"running","mode":"standard","creationDate":"2025-12-07T15:53:35.849Z","modificationDate":"2025-12-07T15:53:35.849Z","shortid":"1rmeuCD","$entitySet":"profiles","timeout":60000},"doDiffs":false,"timestamp":1765122815848,"id":"tb2d5iewllpsk3g","previousOperationId":null,"operationId":"j2eo575zvvytbd7"}
{"type":"log","level":"info","message":"Render request 11 queued for execution and waiting for available worker","previousOperationId":"j2eo575zvvytbd7","timestamp":1765122815848,"id":"ij2u8ou3aqx74jz"}
{"type":"operationStart","subtype":"render","name":"anonymous","previousOperationId":"j2eo575zvvytbd7","timestamp":1765122815888,"id":"92qdiccjuprgoht","previousEventId":"tb2d5iewllpsk3g","operationId":"6y5bp7ll0rol9h3"}
{"type":"log","timestamp":1765122815888,"level":"info","message":"Starting rendering request 11","meta":{"rootId":"ru3peukkskb2yw2","id":"ru3peukkskb2yw2"},"id":"ky1j659xal4uz12","previousOperationId":"6y5bp7ll0rol9h3"}
{"type":"log","timestamp":1765122815889,"level":"info","message":"Rendering anonymous template { recipe: pptx, engine: handlebars }","meta":{"rootId":"ru3peukkskb2yw2","id":"ru3peukkskb2yw2"},"id":"bsf89rilg3oy5ed","previousOperationId":"6y5bp7ll0rol9h3"}
{"type":"log","timestamp":1765122815889,"level":"debug","message":"Inline data specified.","meta":{"rootId":"ru3peukkskb2yw2","id":"ru3peukkskb2yw2"},"id":"07qf3kdcuov57da","previousOperationId":"6y5bp7ll0rol9h3"}
{"type":"log","timestamp":1765122815892,"level":"debug","message":"Base url not specified, skipping its injection.","meta":{"rootId":"ru3peukkskb2yw2","id":"ru3peukkskb2yw2"},"id":"54zyczplqfhcb0r","previousOperationId":"6y5bp7ll0rol9h3"}
{"type":"operationStart","subtype":"engine","name":"handlebars","timestamp":1765122815893,"id":"1zfiglj9dxtllt6","previousEventId":"92qdiccjuprgoht","operationId":"nv8xavgohv4fmgb","previousOperationId":"6y5bp7ll0rol9h3"}
{"type":"log","timestamp":1765122815893,"level":"debug","message":"Rendering engine handlebars","meta":{"rootId":"ru3peukkskb2yw2","id":"ru3peukkskb2yw2"},"id":"fik5039fb2twvzh","previousOperationId":"nv8xavgohv4fmgb"}
{"type":"operationEnd","operationId":"nv8xavgohv4fmgb","timestamp":1765122815912,"id":"6wuonbl4knlsz8k","previousEventId":"1zfiglj9dxtllt6","previousOperationId":"nv8xavgohv4fmgb"}
{"type":"operationStart","subtype":"recipe","name":"pptx","timestamp":1765122815912,"id":"e1bm65d849gqo55","previousEventId":"6wuonbl4knlsz8k","operationId":"f304rzvxwxlorek","previousOperationId":"nv8xavgohv4fmgb"}
{"type":"log","timestamp":1765122815912,"level":"debug","message":"Executing recipe pptx","meta":{"rootId":"ru3peukkskb2yw2","id":"ru3peukkskb2yw2"},"id":"js7bq9zrzdivhsp","previousOperationId":"f304rzvxwxlorek"}
{"type":"log","timestamp":1765122815927,"level":"info","message":"pptx generation is starting","meta":{"rootId":"ru3peukkskb2yw2","id":"ru3peukkskb2yw2"},"id":"0p46yqb2llk2iac","previousOperationId":"f304rzvxwxlorek"}
{"type":"log","timestamp":1765122817029,"level":"debug","message":"Starting child request to render pptx dynamic parts","meta":{"rootId":"ru3peukkskb2yw2","id":"ru3peukkskb2yw2"},"id":"sg8dlsshay0s5tx","previousOperationId":"f304rzvxwxlorek"}
{"type":"operationStart","subtype":"render","name":"anonymous","previousOperationId":"f304rzvxwxlorek","timestamp":1765122817030,"id":"09625osgvrtdsm6","previousEventId":"e1bm65d849gqo55","operationId":"rjss3ied6h0mp1y"}
{"type":"log","timestamp":1765122817030,"level":"info","message":"Starting rendering (child) request","meta":{"rootId":"ru3peukkskb2yw2","id":"wdfojw5qhxbt2gv"},"id":"ztut872azr9vwv2","previousOperationId":"rjss3ied6h0mp1y"}
{"type":"log","timestamp":1765122817030,"level":"info","message":"Rendering anonymous template { recipe: html, engine: handlebars }","meta":{"rootId":"ru3peukkskb2yw2","id":"wdfojw5qhxbt2gv"},"id":"3kesqsonhb4wzm7","previousOperationId":"rjss3ied6h0mp1y"}
{"type":"log","timestamp":1765122817030,"level":"debug","message":"Inline data specified.","meta":{"rootId":"ru3peukkskb2yw2","id":"wdfojw5qhxbt2gv"},"id":"pg7p66pkz2a6awq","previousOperationId":"rjss3ied6h0mp1y"}
{"type":"log","timestamp":1765122817034,"level":"debug","message":"Base url not specified, skipping its injection.","meta":{"rootId":"ru3peukkskb2yw2","id":"wdfojw5qhxbt2gv"},"id":"0m4a57rtyrclyak","previousOperationId":"rjss3ied6h0mp1y"}
{"type":"operationStart","subtype":"engine","name":"handlebars","timestamp":1765122817036,"id":"dmffh804dp9pjdq","previousEventId":"09625osgvrtdsm6","operationId":"hgihi1tt6f10r94","previousOperationId":"rjss3ied6h0mp1y"}
{"type":"log","timestamp":1765122817036,"level":"debug","message":"Rendering engine handlebars","meta":{"rootId":"ru3peukkskb2yw2","id":"wdfojw5qhxbt2gv"},"id":"bsf24ana0r1pq6s","previousOperationId":"hgihi1tt6f10r94"}
{"type":"operationEnd","operationId":"hgihi1tt6f10r94","timestamp":1765122817138,"id":"5735nqamvg58vav","previousEventId":"dmffh804dp9pjdq","previousOperationId":"hgihi1tt6f10r94"}
{"type":"operationStart","subtype":"recipe","name":"html","timestamp":1765122817147,"id":"9vrldqqb8lvamss","previousEventId":"5735nqamvg58vav","operationId":"zyamesdewn6qyzu","previousOperationId":"hgihi1tt6f10r94"}
{"type":"log","timestamp":1765122817147,"level":"debug","message":"Executing recipe html","meta":{"rootId":"ru3peukkskb2yw2","id":"wdfojw5qhxbt2gv"},"id":"um6znpsgyhnzfmt","previousOperationId":"zyamesdewn6qyzu"}
{"type":"operationEnd","operationId":"zyamesdewn6qyzu","timestamp":1765122817147,"id":"o36knwsvkhfqg97","previousEventId":"9vrldqqb8lvamss","previousOperationId":"zyamesdewn6qyzu"}
{"type":"log","timestamp":1765122817147,"level":"debug","message":"Skipping storing report.","meta":{"rootId":"ru3peukkskb2yw2","id":"wdfojw5qhxbt2gv"},"id":"vte0hb35qp5vhwy","previousOperationId":"zyamesdewn6qyzu"}
{"type":"log","timestamp":1765122817147,"level":"info","message":"Rendering (child) request finished in 1301 ms","meta":{"rootId":"ru3peukkskb2yw2","id":"wdfojw5qhxbt2gv"},"id":"3kave78r57k8yex","previousOperationId":"zyamesdewn6qyzu"}
{"type":"operationEnd","subtype":"render","operationId":"rjss3ied6h0mp1y","timestamp":1765122817147,"id":"kgr4jn5ylq5gce6","previousEventId":"o36knwsvkhfqg97","previousOperationId":"zyamesdewn6qyzu"}
{"type":"log","timestamp":1765122821327,"level":"debug","message":"pptx successfully zipped","meta":{"rootId":"ru3peukkskb2yw2","id":"ru3peukkskb2yw2"},"id":"eagzy93xv2lm4no","previousOperationId":"f304rzvxwxlorek"}
{"type":"log","timestamp":1765122821327,"level":"info","message":"pptx generation was finished","meta":{"rootId":"ru3peukkskb2yw2","id":"ru3peukkskb2yw2"},"id":"m2j3rjs9nk0ncxd","previousOperationId":"f304rzvxwxlorek"}
{"type":"operationEnd","operationId":"f304rzvxwxlorek","timestamp":1765122821334,"id":"tiibq36u6k01ji0","previousEventId":"e1bm65d849gqo55","previousOperationId":"f304rzvxwxlorek"}
{"type":"log","timestamp":1765122821335,"level":"debug","message":"Skipping storing report.","meta":{"rootId":"ru3peukkskb2yw2","id":"ru3peukkskb2yw2"},"id":"sefzpiol38scv8t","previousOperationId":"f304rzvxwxlorek"}
{"type":"log","timestamp":1765122821335,"level":"info","message":"Rendering request 11 finished in 5489 ms","meta":{"rootId":"ru3peukkskb2yw2","id":"ru3peukkskb2yw2"},"id":"k08frp3br6r0idc","previousOperationId":"f304rzvxwxlorek"}
{"type":"operationEnd","subtype":"render","operationId":"6y5bp7ll0rol9h3","timestamp":1765122821335,"id":"3cg7tx44n8u9qzs","previousEventId":"tiibq36u6k01ji0","previousOperationId":"f304rzvxwxlorek"}
{"type":"operationEnd","doDiffs":false,"previousEventId":"tb2d5iewllpsk3g","previousOperationId":"j2eo575zvvytbd7","operationId":"j2eo575zvvytbd7","timestamp":1765122821340,"id":"icx52ny45km42tq"}
