{"type":"operationStart","subtype":"profile","data":{"_id":"VPqyd0yLjWrILOSG","timestamp":"2025-12-30T18:40:49.254Z","state":"running","mode":"standard","creationDate":"2025-12-30T18:40:49.263Z","modificationDate":"2025-12-30T18:40:49.263Z","shortid":"xE0XC8o","$entitySet":"profiles","timeout":60000},"doDiffs":false,"timestamp":1767120049259,"id":"j822563dy1x8e4p","previousOperationId":null,"operationId":"ke08ckvrivmqyhb"}
{"type":"log","level":"info","message":"Render request 6 queued for execution and waiting for available worker","previousOperationId":"ke08ckvrivmqyhb","timestamp":1767120049260,"id":"8ounz2zs4hjfuzn"}
{"type":"operationStart","subtype":"render","name":"anonymous","previousOperationId":"ke08ckvrivmqyhb","timestamp":1767120049325,"id":"rs4gdkc2pq3k1gf","previousEventId":"j822563dy1x8e4p","operationId":"dfhyp10ehnr2oqi"}
{"type":"log","timestamp":1767120049326,"level":"info","message":"Starting rendering request 6","meta":{"rootId":"ryelmay9yhivelv","id":"ryelmay9yhivelv"},"id":"qxipn7ow9whossj","previousOperationId":"dfhyp10ehnr2oqi"}
{"type":"log","timestamp":1767120049327,"level":"info","message":"Rendering anonymous template { recipe: pptx, engine: handlebars }","meta":{"rootId":"ryelmay9yhivelv","id":"ryelmay9yhivelv"},"id":"7ebpoasfboty6i6","previousOperationId":"dfhyp10ehnr2oqi"}
{"type":"log","timestamp":1767120049327,"level":"debug","message":"Inline data specified.","meta":{"rootId":"ryelmay9yhivelv","id":"ryelmay9yhivelv"},"id":"3pgj1ydwaeqmerr","previousOperationId":"dfhyp10ehnr2oqi"}
{"type":"log","timestamp":1767120049331,"level":"debug","message":"Base url not specified, skipping its injection.","meta":{"rootId":"ryelmay9yhivelv","id":"ryelmay9yhivelv"},"id":"ofrw0stxydlj1ma","previousOperationId":"dfhyp10ehnr2oqi"}
{"type":"operationStart","subtype":"engine","name":"handlebars","timestamp":1767120049332,"id":"r4zi50a3vaqolhu","previousEventId":"rs4gdkc2pq3k1gf","operationId":"iy14imtkedw0egk","previousOperationId":"dfhyp10ehnr2oqi"}
{"type":"log","timestamp":1767120049333,"level":"debug","message":"Rendering engine handlebars","meta":{"rootId":"ryelmay9yhivelv","id":"ryelmay9yhivelv"},"id":"zsq4ohu1lglxjok","previousOperationId":"iy14imtkedw0egk"}
{"type":"operationEnd","operationId":"iy14imtkedw0egk","timestamp":1767120049359,"id":"6nxoni1u4cdm24n","previousEventId":"r4zi50a3vaqolhu","previousOperationId":"iy14imtkedw0egk"}
{"type":"operationStart","subtype":"recipe","name":"pptx","timestamp":1767120049359,"id":"yk1181lccgd7n73","previousEventId":"6nxoni1u4cdm24n","operationId":"61p7yvn303vqco1","previousOperationId":"iy14imtkedw0egk"}
{"type":"log","timestamp":1767120049360,"level":"debug","message":"Executing recipe pptx","meta":{"rootId":"ryelmay9yhivelv","id":"ryelmay9yhivelv"},"id":"mwu8vkuj31q1rwu","previousOperationId":"61p7yvn303vqco1"}
{"type":"log","timestamp":1767120049375,"level":"info","message":"pptx generation is starting","meta":{"rootId":"ryelmay9yhivelv","id":"ryelmay9yhivelv"},"id":"9trfk7dzrea0wez","previousOperationId":"61p7yvn303vqco1"}
{"type":"log","timestamp":1767120050671,"level":"debug","message":"Starting child request to render pptx dynamic parts","meta":{"rootId":"ryelmay9yhivelv","id":"ryelmay9yhivelv"},"id":"v1vihzqrznixwj3","previousOperationId":"61p7yvn303vqco1"}
{"type":"operationStart","subtype":"render","name":"anonymous","previousOperationId":"61p7yvn303vqco1","timestamp":1767120050672,"id":"2iulvy5vcdbbbk0","previousEventId":"yk1181lccgd7n73","operationId":"e85dxl4edtgqk48"}
{"type":"log","timestamp":1767120050672,"level":"info","message":"Starting rendering (child) request","meta":{"rootId":"ryelmay9yhivelv","id":"7p5pqwxcrerrvey"},"id":"zy81wfae52lupqy","previousOperationId":"e85dxl4edtgqk48"}
{"type":"log","timestamp":1767120050673,"level":"info","message":"Rendering anonymous template { recipe: html, engine: handlebars }","meta":{"rootId":"ryelmay9yhivelv","id":"7p5pqwxcrerrvey"},"id":"9n0olqoalvzl5kn","previousOperationId":"e85dxl4edtgqk48"}
{"type":"log","timestamp":1767120050673,"level":"debug","message":"Inline data specified.","meta":{"rootId":"ryelmay9yhivelv","id":"7p5pqwxcrerrvey"},"id":"h4w8qpm3e8vszoi","previousOperationId":"e85dxl4edtgqk48"}
{"type":"log","timestamp":1767120050677,"level":"debug","message":"Base url not specified, skipping its injection.","meta":{"rootId":"ryelmay9yhivelv","id":"7p5pqwxcrerrvey"},"id":"bccx8x60ytbpnif","previousOperationId":"e85dxl4edtgqk48"}
{"type":"operationStart","subtype":"engine","name":"handlebars","timestamp":1767120050679,"id":"67y8zuhhq2n9mwm","previousEventId":"2iulvy5vcdbbbk0","operationId":"l9tx1m4lf0823l1","previousOperationId":"e85dxl4edtgqk48"}
{"type":"log","timestamp":1767120050679,"level":"debug","message":"Rendering engine handlebars","meta":{"rootId":"ryelmay9yhivelv","id":"7p5pqwxcrerrvey"},"id":"26pm1a0xc9qlue8","previousOperationId":"l9tx1m4lf0823l1"}
{"type":"log","timestamp":1767120050807,"level":"debug","message":"(console:log) {\n  type: 'echarts@v5a',\n  width: 848,\n  height: 409,\n  option: { radar: [ [Object] ], series: [ [Object] ] }\n}","meta":{"userLevel":true,"rootId":"ryelmay9yhivelv","id":"7p5pqwxcrerrvey"},"id":"2ufwkabanmx2him","previousOperationId":"l9tx1m4lf0823l1"}
{"type":"operationEnd","operationId":"l9tx1m4lf0823l1","timestamp":1767120050815,"id":"zhxuxjqgrp9uzpe","previousEventId":"67y8zuhhq2n9mwm","previousOperationId":"l9tx1m4lf0823l1"}
{"type":"operationStart","subtype":"recipe","name":"html","timestamp":1767120050828,"id":"vk4tbbnymkmz8js","previousEventId":"zhxuxjqgrp9uzpe","operationId":"sr6xybeezr0ompv","previousOperationId":"l9tx1m4lf0823l1"}
{"type":"log","timestamp":1767120050828,"level":"debug","message":"Executing recipe html","meta":{"rootId":"ryelmay9yhivelv","id":"7p5pqwxcrerrvey"},"id":"3goa8jctdlbei0m","previousOperationId":"sr6xybeezr0ompv"}
{"type":"operationEnd","operationId":"sr6xybeezr0ompv","timestamp":1767120050828,"id":"6mwcr1clz494nan","previousEventId":"vk4tbbnymkmz8js","previousOperationId":"sr6xybeezr0ompv"}
{"type":"log","timestamp":1767120050829,"level":"debug","message":"Skipping storing report.","meta":{"rootId":"ryelmay9yhivelv","id":"7p5pqwxcrerrvey"},"id":"l21rmh3cr9m6xy5","previousOperationId":"sr6xybeezr0ompv"}
{"type":"log","timestamp":1767120050829,"level":"info","message":"Rendering (child) request finished in 1577 ms","meta":{"rootId":"ryelmay9yhivelv","id":"7p5pqwxcrerrvey"},"id":"i6w1paswrjwhujl","previousOperationId":"sr6xybeezr0ompv"}
{"type":"operationEnd","subtype":"render","operationId":"e85dxl4edtgqk48","timestamp":1767120050829,"id":"lr5lksyelktpxht","previousEventId":"6mwcr1clz494nan","previousOperationId":"sr6xybeezr0ompv"}
{"type":"log","timestamp":1767120054835,"level":"debug","message":"pptx successfully zipped","meta":{"rootId":"ryelmay9yhivelv","id":"ryelmay9yhivelv"},"id":"vei2smznf1wjnq6","previousOperationId":"61p7yvn303vqco1"}
{"type":"log","timestamp":1767120054835,"level":"info","message":"pptx generation was finished","meta":{"rootId":"ryelmay9yhivelv","id":"ryelmay9yhivelv"},"id":"tr72b7d17u8o43w","previousOperationId":"61p7yvn303vqco1"}
{"type":"operationEnd","operationId":"61p7yvn303vqco1","timestamp":1767120054849,"id":"qmn32856m8va01h","previousEventId":"yk1181lccgd7n73","previousOperationId":"61p7yvn303vqco1"}
{"type":"log","timestamp":1767120054850,"level":"debug","message":"Skipping storing report.","meta":{"rootId":"ryelmay9yhivelv","id":"ryelmay9yhivelv"},"id":"y5rpqkk0bixhoh6","previousOperationId":"61p7yvn303vqco1"}
{"type":"log","timestamp":1767120054850,"level":"info","message":"Rendering request 6 finished in 5598 ms","meta":{"rootId":"ryelmay9yhivelv","id":"ryelmay9yhivelv"},"id":"y4m2nptfcvgmp74","previousOperationId":"61p7yvn303vqco1"}
{"type":"operationEnd","subtype":"render","operationId":"dfhyp10ehnr2oqi","timestamp":1767120054850,"id":"v1yaygba70918io","previousEventId":"qmn32856m8va01h","previousOperationId":"61p7yvn303vqco1"}
{"type":"operationEnd","doDiffs":false,"previousEventId":"j822563dy1x8e4p","previousOperationId":"ke08ckvrivmqyhb","operationId":"ke08ckvrivmqyhb","timestamp":1767120054858,"id":"iq9o1wd2oexyg3u"}
