{"type":"operationStart","subtype":"profile","data":{"_id":"s5dTOrVBkjeRmE6c","timestamp":"2025-12-31T08:53:49.416Z","state":"running","mode":"standard","creationDate":"2025-12-31T08:53:49.424Z","modificationDate":"2025-12-31T08:53:49.424Z","shortid":"UX6DTGg","$entitySet":"profiles","timeout":60000},"doDiffs":false,"timestamp":1767171229419,"id":"qcxmrktmh316n1e","previousOperationId":null,"operationId":"5i5vejdu195rhcq"}
{"type":"log","level":"info","message":"Render request 1 queued for execution and waiting for available worker","previousOperationId":"5i5vejdu195rhcq","timestamp":1767171229420,"id":"07hhhcxmc35omdf"}
{"type":"operationStart","subtype":"render","name":"anonymous","previousOperationId":"5i5vejdu195rhcq","timestamp":1767171229508,"id":"l37gxhlleevemv4","previousEventId":"qcxmrktmh316n1e","operationId":"xlb10eeavllnsqc"}
{"type":"log","timestamp":1767171229509,"level":"info","message":"Starting rendering request 1","meta":{"rootId":"s3a47sjrqkzooby","id":"s3a47sjrqkzooby"},"id":"d05yv2fmdo8qh46","previousOperationId":"xlb10eeavllnsqc"}
{"type":"log","timestamp":1767171229512,"level":"info","message":"Rendering anonymous template { recipe: pptx, engine: handlebars }","meta":{"rootId":"s3a47sjrqkzooby","id":"s3a47sjrqkzooby"},"id":"6kwmn4wmas794bb","previousOperationId":"xlb10eeavllnsqc"}
{"type":"log","timestamp":1767171229512,"level":"debug","message":"Inline data specified.","meta":{"rootId":"s3a47sjrqkzooby","id":"s3a47sjrqkzooby"},"id":"7x8td7jdaxw6of9","previousOperationId":"xlb10eeavllnsqc"}
{"type":"log","timestamp":1767171229518,"level":"debug","message":"Base url not specified, skipping its injection.","meta":{"rootId":"s3a47sjrqkzooby","id":"s3a47sjrqkzooby"},"id":"o8q6i0m49ik9okr","previousOperationId":"xlb10eeavllnsqc"}
{"type":"operationStart","subtype":"engine","name":"handlebars","timestamp":1767171229520,"id":"9o8m2tj11a5ekse","previousEventId":"l37gxhlleevemv4","operationId":"31ram4ob60h2k24","previousOperationId":"xlb10eeavllnsqc"}
{"type":"log","timestamp":1767171229520,"level":"debug","message":"Rendering engine handlebars","meta":{"rootId":"s3a47sjrqkzooby","id":"s3a47sjrqkzooby"},"id":"2kq6rq8ahbva451","previousOperationId":"31ram4ob60h2k24"}
{"type":"operationEnd","operationId":"31ram4ob60h2k24","timestamp":1767171231030,"id":"vzg2lw1259xowk2","previousEventId":"9o8m2tj11a5ekse","previousOperationId":"31ram4ob60h2k24"}
{"type":"operationStart","subtype":"recipe","name":"pptx","timestamp":1767171231031,"id":"sfbjrdrbl06hvxu","previousEventId":"vzg2lw1259xowk2","operationId":"55dc574cr0niagp","previousOperationId":"31ram4ob60h2k24"}
{"type":"log","timestamp":1767171231031,"level":"debug","message":"Executing recipe pptx","meta":{"rootId":"s3a47sjrqkzooby","id":"s3a47sjrqkzooby"},"id":"ehnxbhq7ks1p7pd","previousOperationId":"55dc574cr0niagp"}
{"type":"log","timestamp":1767171231327,"level":"info","message":"pptx generation is starting","meta":{"rootId":"s3a47sjrqkzooby","id":"s3a47sjrqkzooby"},"id":"stm1yk5twi4nxoz","previousOperationId":"55dc574cr0niagp"}
{"type":"log","timestamp":1767171233352,"level":"debug","message":"Starting child request to render pptx dynamic parts","meta":{"rootId":"s3a47sjrqkzooby","id":"s3a47sjrqkzooby"},"id":"amvuyts8o4ax16u","previousOperationId":"55dc574cr0niagp"}
{"type":"operationStart","subtype":"render","name":"anonymous","previousOperationId":"55dc574cr0niagp","timestamp":1767171233354,"id":"zo6q70l28k3dmu8","previousEventId":"sfbjrdrbl06hvxu","operationId":"88apkf4rgnk2nsw"}
{"type":"log","timestamp":1767171233354,"level":"info","message":"Starting rendering (child) request","meta":{"rootId":"s3a47sjrqkzooby","id":"0jb2rrftzb0st8c"},"id":"d1jofjnb123013u","previousOperationId":"88apkf4rgnk2nsw"}
{"type":"log","timestamp":1767171233354,"level":"info","message":"Rendering anonymous template { recipe: html, engine: handlebars }","meta":{"rootId":"s3a47sjrqkzooby","id":"0jb2rrftzb0st8c"},"id":"nwffqve3mldhw43","previousOperationId":"88apkf4rgnk2nsw"}
{"type":"log","timestamp":1767171233354,"level":"debug","message":"Inline data specified.","meta":{"rootId":"s3a47sjrqkzooby","id":"0jb2rrftzb0st8c"},"id":"wa7nfyf5lga39no","previousOperationId":"88apkf4rgnk2nsw"}
{"type":"log","timestamp":1767171233365,"level":"debug","message":"Base url not specified, skipping its injection.","meta":{"rootId":"s3a47sjrqkzooby","id":"0jb2rrftzb0st8c"},"id":"cyia7484z78p1m2","previousOperationId":"88apkf4rgnk2nsw"}
{"type":"operationStart","subtype":"engine","name":"handlebars","timestamp":1767171233367,"id":"595334fefjpjcs1","previousEventId":"zo6q70l28k3dmu8","operationId":"khagkzmlvhgs4yt","previousOperationId":"88apkf4rgnk2nsw"}
{"type":"log","timestamp":1767171233367,"level":"debug","message":"Rendering engine handlebars","meta":{"rootId":"s3a47sjrqkzooby","id":"0jb2rrftzb0st8c"},"id":"yl49xrbdhh8s91a","previousOperationId":"khagkzmlvhgs4yt"}
{"type":"log","timestamp":1767171233622,"level":"debug","message":"(console:log) {\n  type: 'echarts@v5a',\n  width: 848,\n  height: 409,\n  option: { radar: [ [Object] ], series: [ [Object] ] }\n}","meta":{"userLevel":true,"rootId":"s3a47sjrqkzooby","id":"0jb2rrftzb0st8c"},"id":"yhdayfyhj8cxm5y","previousOperationId":"khagkzmlvhgs4yt"}
{"type":"operationEnd","operationId":"khagkzmlvhgs4yt","timestamp":1767171233636,"id":"jyapyxld4hzhciz","previousEventId":"595334fefjpjcs1","previousOperationId":"khagkzmlvhgs4yt"}
{"type":"operationStart","subtype":"recipe","name":"html","timestamp":1767171233656,"id":"xk9kutjyzhbj6ki","previousEventId":"jyapyxld4hzhciz","operationId":"4x451y78rfuz8vu","previousOperationId":"khagkzmlvhgs4yt"}
{"type":"log","timestamp":1767171233656,"level":"debug","message":"Executing recipe html","meta":{"rootId":"s3a47sjrqkzooby","id":"0jb2rrftzb0st8c"},"id":"l6289sfloqng6it","previousOperationId":"4x451y78rfuz8vu"}
{"type":"operationEnd","operationId":"4x451y78rfuz8vu","timestamp":1767171233656,"id":"nsb07v7dgz5v7po","previousEventId":"xk9kutjyzhbj6ki","previousOperationId":"4x451y78rfuz8vu"}
{"type":"log","timestamp":1767171233658,"level":"debug","message":"Skipping storing report.","meta":{"rootId":"s3a47sjrqkzooby","id":"0jb2rrftzb0st8c"},"id":"2h9bhgyo1xy59g9","previousOperationId":"4x451y78rfuz8vu"}
{"type":"log","timestamp":1767171233658,"level":"info","message":"Rendering (child) request finished in 4245 ms","meta":{"rootId":"s3a47sjrqkzooby","id":"0jb2rrftzb0st8c"},"id":"ohufvpkng2wjgt2","previousOperationId":"4x451y78rfuz8vu"}
{"type":"operationEnd","subtype":"render","operationId":"88apkf4rgnk2nsw","timestamp":1767171233658,"id":"wxzpwhlgdkiqc7l","previousEventId":"nsb07v7dgz5v7po","previousOperationId":"4x451y78rfuz8vu"}
{"type":"log","timestamp":1767171240859,"level":"debug","message":"pptx successfully zipped","meta":{"rootId":"s3a47sjrqkzooby","id":"s3a47sjrqkzooby"},"id":"emdqzuv520fgoye","previousOperationId":"55dc574cr0niagp"}
{"type":"log","timestamp":1767171240859,"level":"info","message":"pptx generation was finished","meta":{"rootId":"s3a47sjrqkzooby","id":"s3a47sjrqkzooby"},"id":"ie4dqjf8cx20azj","previousOperationId":"55dc574cr0niagp"}
{"type":"operationEnd","operationId":"55dc574cr0niagp","timestamp":1767171240877,"id":"62txj3t5uxlxyls","previousEventId":"sfbjrdrbl06hvxu","previousOperationId":"55dc574cr0niagp"}
{"type":"log","timestamp":1767171240877,"level":"debug","message":"Skipping storing report.","meta":{"rootId":"s3a47sjrqkzooby","id":"s3a47sjrqkzooby"},"id":"px791rw5t9yow9g","previousOperationId":"55dc574cr0niagp"}
{"type":"log","timestamp":1767171240877,"level":"info","message":"Rendering request 1 finished in 11464 ms","meta":{"rootId":"s3a47sjrqkzooby","id":"s3a47sjrqkzooby"},"id":"xb9nxq7cotychid","previousOperationId":"55dc574cr0niagp"}
{"type":"operationEnd","subtype":"render","operationId":"xlb10eeavllnsqc","timestamp":1767171240877,"id":"bzmn733bzkco28n","previousEventId":"62txj3t5uxlxyls","previousOperationId":"55dc574cr0niagp"}
{"type":"operationEnd","doDiffs":false,"previousEventId":"qcxmrktmh316n1e","previousOperationId":"5i5vejdu195rhcq","operationId":"5i5vejdu195rhcq","timestamp":1767171240884,"id":"4rlpvnd867yjmnq"}
