{"type":"operationStart","subtype":"profile","data":{"_id":"EL2g8qwrG480SRbq","timestamp":"2025-12-18T13:08:53.844Z","state":"running","mode":"standard","creationDate":"2025-12-18T13:08:53.854Z","modificationDate":"2025-12-18T13:08:53.854Z","shortid":"FxXu7WB","$entitySet":"profiles","timeout":60000},"doDiffs":false,"timestamp":1766063333850,"id":"3fbl3wwkd3c24ew","previousOperationId":null,"operationId":"jp33chzzl2eci8v"}
{"type":"log","level":"info","message":"Render request 1 queued for execution and waiting for available worker","previousOperationId":"jp33chzzl2eci8v","timestamp":1766063333851,"id":"yxo5jzaf9ltcv9r"}
{"type":"operationStart","subtype":"render","name":"anonymous","previousOperationId":"jp33chzzl2eci8v","timestamp":1766063333925,"id":"750djblpdk35rhi","previousEventId":"3fbl3wwkd3c24ew","operationId":"r2xy3ehwx5ev6ad"}
{"type":"log","timestamp":1766063333927,"level":"info","message":"Starting rendering request 1","meta":{"rootId":"s622lweha1cnsze","id":"s622lweha1cnsze"},"id":"6f6bp8e0nzwnqgs","previousOperationId":"r2xy3ehwx5ev6ad"}
{"type":"log","timestamp":1766063333929,"level":"info","message":"Rendering anonymous template { recipe: pptx, engine: handlebars }","meta":{"rootId":"s622lweha1cnsze","id":"s622lweha1cnsze"},"id":"86glzf7gzhkf55d","previousOperationId":"r2xy3ehwx5ev6ad"}
{"type":"log","timestamp":1766063333930,"level":"debug","message":"Inline data specified.","meta":{"rootId":"s622lweha1cnsze","id":"s622lweha1cnsze"},"id":"1iscojfgdbthfzz","previousOperationId":"r2xy3ehwx5ev6ad"}
{"type":"log","timestamp":1766063333935,"level":"debug","message":"Base url not specified, skipping its injection.","meta":{"rootId":"s622lweha1cnsze","id":"s622lweha1cnsze"},"id":"0m2pi0gf54nbcpl","previousOperationId":"r2xy3ehwx5ev6ad"}
{"type":"operationStart","subtype":"engine","name":"handlebars","timestamp":1766063333938,"id":"b0cmezutpd2fuu5","previousEventId":"750djblpdk35rhi","operationId":"dprm59hoocsgkfy","previousOperationId":"r2xy3ehwx5ev6ad"}
{"type":"log","timestamp":1766063333938,"level":"debug","message":"Rendering engine handlebars","meta":{"rootId":"s622lweha1cnsze","id":"s622lweha1cnsze"},"id":"a0jx4bqhiy0oe0n","previousOperationId":"dprm59hoocsgkfy"}
{"type":"operationEnd","operationId":"dprm59hoocsgkfy","timestamp":1766063334748,"id":"u6lhgsv0w0o9fnj","previousEventId":"b0cmezutpd2fuu5","previousOperationId":"dprm59hoocsgkfy"}
{"type":"operationStart","subtype":"recipe","name":"pptx","timestamp":1766063334749,"id":"h3hte7gy44lftfb","previousEventId":"u6lhgsv0w0o9fnj","operationId":"c75ca7vh2z57d6c","previousOperationId":"dprm59hoocsgkfy"}
{"type":"log","timestamp":1766063334749,"level":"debug","message":"Executing recipe pptx","meta":{"rootId":"s622lweha1cnsze","id":"s622lweha1cnsze"},"id":"pia6cit8gfwdh0s","previousOperationId":"c75ca7vh2z57d6c"}
{"type":"log","timestamp":1766063334927,"level":"info","message":"pptx generation is starting","meta":{"rootId":"s622lweha1cnsze","id":"s622lweha1cnsze"},"id":"fsg016gv1k2hhp2","previousOperationId":"c75ca7vh2z57d6c"}
{"type":"log","timestamp":1766063335994,"level":"debug","message":"Starting child request to render pptx dynamic parts","meta":{"rootId":"s622lweha1cnsze","id":"s622lweha1cnsze"},"id":"8zaw25nnohen1m5","previousOperationId":"c75ca7vh2z57d6c"}
{"type":"operationStart","subtype":"render","name":"anonymous","previousOperationId":"c75ca7vh2z57d6c","timestamp":1766063335995,"id":"eevag4t632fsrzv","previousEventId":"h3hte7gy44lftfb","operationId":"m5hcjgbv46nffml"}
{"type":"log","timestamp":1766063335995,"level":"info","message":"Starting rendering (child) request","meta":{"rootId":"s622lweha1cnsze","id":"tlw0arn19kgpdhe"},"id":"yvz9ujh75hxsff7","previousOperationId":"m5hcjgbv46nffml"}
{"type":"log","timestamp":1766063335995,"level":"info","message":"Rendering anonymous template { recipe: html, engine: handlebars }","meta":{"rootId":"s622lweha1cnsze","id":"tlw0arn19kgpdhe"},"id":"h3xtjn0jlly6n21","previousOperationId":"m5hcjgbv46nffml"}
{"type":"log","timestamp":1766063335995,"level":"debug","message":"Inline data specified.","meta":{"rootId":"s622lweha1cnsze","id":"tlw0arn19kgpdhe"},"id":"pqsjjq0dur9gsty","previousOperationId":"m5hcjgbv46nffml"}
{"type":"log","timestamp":1766063336001,"level":"debug","message":"Base url not specified, skipping its injection.","meta":{"rootId":"s622lweha1cnsze","id":"tlw0arn19kgpdhe"},"id":"5x9tgflvwmqfzy4","previousOperationId":"m5hcjgbv46nffml"}
{"type":"operationStart","subtype":"engine","name":"handlebars","timestamp":1766063336007,"id":"9r13l75obcy2l69","previousEventId":"eevag4t632fsrzv","operationId":"qk477a2z5acdl1j","previousOperationId":"m5hcjgbv46nffml"}
{"type":"log","timestamp":1766063336007,"level":"debug","message":"Rendering engine handlebars","meta":{"rootId":"s622lweha1cnsze","id":"tlw0arn19kgpdhe"},"id":"t7u3sf8hgrtndzv","previousOperationId":"qk477a2z5acdl1j"}
{"type":"operationEnd","operationId":"qk477a2z5acdl1j","timestamp":1766063336127,"id":"alnofhv6lx2vpat","previousEventId":"9r13l75obcy2l69","previousOperationId":"qk477a2z5acdl1j"}
{"type":"operationStart","subtype":"recipe","name":"html","timestamp":1766063336137,"id":"0jgvrtsd87mf7vh","previousEventId":"alnofhv6lx2vpat","operationId":"j55faz3mmtb4i7i","previousOperationId":"qk477a2z5acdl1j"}
{"type":"log","timestamp":1766063336137,"level":"debug","message":"Executing recipe html","meta":{"rootId":"s622lweha1cnsze","id":"tlw0arn19kgpdhe"},"id":"ddcyjbeiy76ijco","previousOperationId":"j55faz3mmtb4i7i"}
{"type":"operationEnd","operationId":"j55faz3mmtb4i7i","timestamp":1766063336137,"id":"lwtz8fgyvxwyy7s","previousEventId":"0jgvrtsd87mf7vh","previousOperationId":"j55faz3mmtb4i7i"}
{"type":"log","timestamp":1766063336138,"level":"debug","message":"Skipping storing report.","meta":{"rootId":"s622lweha1cnsze","id":"tlw0arn19kgpdhe"},"id":"qwdljumzfwkcizy","previousOperationId":"j55faz3mmtb4i7i"}
{"type":"log","timestamp":1766063336138,"level":"info","message":"Rendering (child) request finished in 2296 ms","meta":{"rootId":"s622lweha1cnsze","id":"tlw0arn19kgpdhe"},"id":"vdt5a969uz75kq1","previousOperationId":"j55faz3mmtb4i7i"}
{"type":"operationEnd","subtype":"render","operationId":"m5hcjgbv46nffml","timestamp":1766063336138,"id":"1ut57mzav21v06k","previousEventId":"lwtz8fgyvxwyy7s","previousOperationId":"j55faz3mmtb4i7i"}
{"type":"log","timestamp":1766063340400,"level":"debug","message":"pptx successfully zipped","meta":{"rootId":"s622lweha1cnsze","id":"s622lweha1cnsze"},"id":"2r866efpkqua4fj","previousOperationId":"c75ca7vh2z57d6c"}
{"type":"log","timestamp":1766063340400,"level":"info","message":"pptx generation was finished","meta":{"rootId":"s622lweha1cnsze","id":"s622lweha1cnsze"},"id":"ud0rloaktndjy4q","previousOperationId":"c75ca7vh2z57d6c"}
{"type":"operationEnd","operationId":"c75ca7vh2z57d6c","timestamp":1766063340411,"id":"cgjxdvfkuu58ak8","previousEventId":"h3hte7gy44lftfb","previousOperationId":"c75ca7vh2z57d6c"}
{"type":"log","timestamp":1766063340412,"level":"debug","message":"Skipping storing report.","meta":{"rootId":"s622lweha1cnsze","id":"s622lweha1cnsze"},"id":"beute586k3eakvc","previousOperationId":"c75ca7vh2z57d6c"}
{"type":"log","timestamp":1766063340412,"level":"info","message":"Rendering request 1 finished in 6570 ms","meta":{"rootId":"s622lweha1cnsze","id":"s622lweha1cnsze"},"id":"1tgymyw7ovz0n1z","previousOperationId":"c75ca7vh2z57d6c"}
{"type":"operationEnd","subtype":"render","operationId":"r2xy3ehwx5ev6ad","timestamp":1766063340412,"id":"y8t5dvb7aqoiqa2","previousEventId":"cgjxdvfkuu58ak8","previousOperationId":"c75ca7vh2z57d6c"}
{"type":"operationEnd","doDiffs":false,"previousEventId":"3fbl3wwkd3c24ew","previousOperationId":"jp33chzzl2eci8v","operationId":"jp33chzzl2eci8v","timestamp":1766063340416,"id":"8tnd73ra5vj2in6"}
