{"type":"operationStart","subtype":"profile","data":{"_id":"ZPBrTiIKvfIMcfML","timestamp":"2025-12-30T19:41:33.352Z","state":"running","mode":"standard","creationDate":"2025-12-30T19:41:33.357Z","modificationDate":"2025-12-30T19:41:33.357Z","shortid":"7gT-N4s","$entitySet":"profiles","timeout":60000},"doDiffs":false,"timestamp":1767123693354,"id":"k7kwcasdjbd5kta","previousOperationId":null,"operationId":"j8qs9wci566m94b"}
{"type":"log","level":"info","message":"Render request 18 queued for execution and waiting for available worker","previousOperationId":"j8qs9wci566m94b","timestamp":1767123693355,"id":"jcomj97aowm7s8v"}
{"type":"operationStart","subtype":"render","name":"anonymous","previousOperationId":"j8qs9wci566m94b","timestamp":1767123693409,"id":"c8nv2llia2g1qza","previousEventId":"k7kwcasdjbd5kta","operationId":"50pmrp1pv56q0rt"}
{"type":"log","timestamp":1767123693409,"level":"info","message":"Starting rendering request 18","meta":{"rootId":"s7juxpfahp4rnkc","id":"s7juxpfahp4rnkc"},"id":"wko64jelurkzcrh","previousOperationId":"50pmrp1pv56q0rt"}
{"type":"log","timestamp":1767123693410,"level":"info","message":"Rendering anonymous template { recipe: pptx, engine: handlebars }","meta":{"rootId":"s7juxpfahp4rnkc","id":"s7juxpfahp4rnkc"},"id":"dqtv5m9upoq0fzi","previousOperationId":"50pmrp1pv56q0rt"}
{"type":"log","timestamp":1767123693410,"level":"debug","message":"Inline data specified.","meta":{"rootId":"s7juxpfahp4rnkc","id":"s7juxpfahp4rnkc"},"id":"57zbi7rwjz6iqy1","previousOperationId":"50pmrp1pv56q0rt"}
{"type":"log","timestamp":1767123693414,"level":"debug","message":"Base url not specified, skipping its injection.","meta":{"rootId":"s7juxpfahp4rnkc","id":"s7juxpfahp4rnkc"},"id":"c150erzml4ss4zz","previousOperationId":"50pmrp1pv56q0rt"}
{"type":"operationStart","subtype":"engine","name":"handlebars","timestamp":1767123693415,"id":"dtimkkevjgsjftq","previousEventId":"c8nv2llia2g1qza","operationId":"ftk55wey9674o4d","previousOperationId":"50pmrp1pv56q0rt"}
{"type":"log","timestamp":1767123693415,"level":"debug","message":"Rendering engine handlebars","meta":{"rootId":"s7juxpfahp4rnkc","id":"s7juxpfahp4rnkc"},"id":"30yio9i9ddj15ih","previousOperationId":"ftk55wey9674o4d"}
{"type":"operationEnd","operationId":"ftk55wey9674o4d","timestamp":1767123693429,"id":"vxhmprcxmhjgsk6","previousEventId":"dtimkkevjgsjftq","previousOperationId":"ftk55wey9674o4d"}
{"type":"operationStart","subtype":"recipe","name":"pptx","timestamp":1767123693430,"id":"jjvbxo0di78911v","previousEventId":"vxhmprcxmhjgsk6","operationId":"n6n4k1ir9or474r","previousOperationId":"ftk55wey9674o4d"}
{"type":"log","timestamp":1767123693430,"level":"debug","message":"Executing recipe pptx","meta":{"rootId":"s7juxpfahp4rnkc","id":"s7juxpfahp4rnkc"},"id":"p5jx3wayn3hoh3b","previousOperationId":"n6n4k1ir9or474r"}
{"type":"log","timestamp":1767123693458,"level":"info","message":"pptx generation is starting","meta":{"rootId":"s7juxpfahp4rnkc","id":"s7juxpfahp4rnkc"},"id":"n7ezxp2cp7eu8np","previousOperationId":"n6n4k1ir9or474r"}
{"type":"log","timestamp":1767123694700,"level":"debug","message":"Starting child request to render pptx dynamic parts","meta":{"rootId":"s7juxpfahp4rnkc","id":"s7juxpfahp4rnkc"},"id":"hfexp1v51dd8hej","previousOperationId":"n6n4k1ir9or474r"}
{"type":"operationStart","subtype":"render","name":"anonymous","previousOperationId":"n6n4k1ir9or474r","timestamp":1767123694701,"id":"ce767xxg5uwhf9i","previousEventId":"jjvbxo0di78911v","operationId":"emycp4rbkpogteb"}
{"type":"log","timestamp":1767123694701,"level":"info","message":"Starting rendering (child) request","meta":{"rootId":"s7juxpfahp4rnkc","id":"s6q5q9k644hs64j"},"id":"o5os2swcdgyoizg","previousOperationId":"emycp4rbkpogteb"}
{"type":"log","timestamp":1767123694701,"level":"info","message":"Rendering anonymous template { recipe: html, engine: handlebars }","meta":{"rootId":"s7juxpfahp4rnkc","id":"s6q5q9k644hs64j"},"id":"3tz7y32nztj67wg","previousOperationId":"emycp4rbkpogteb"}
{"type":"log","timestamp":1767123694701,"level":"debug","message":"Inline data specified.","meta":{"rootId":"s7juxpfahp4rnkc","id":"s6q5q9k644hs64j"},"id":"ikh82m9m7c71dsh","previousOperationId":"emycp4rbkpogteb"}
{"type":"log","timestamp":1767123694704,"level":"debug","message":"Base url not specified, skipping its injection.","meta":{"rootId":"s7juxpfahp4rnkc","id":"s6q5q9k644hs64j"},"id":"p0xvt11av5tx119","previousOperationId":"emycp4rbkpogteb"}
{"type":"operationStart","subtype":"engine","name":"handlebars","timestamp":1767123694706,"id":"svk9nevf1g9up6p","previousEventId":"ce767xxg5uwhf9i","operationId":"ry4tc3a1x2u9eqv","previousOperationId":"emycp4rbkpogteb"}
{"type":"log","timestamp":1767123694706,"level":"debug","message":"Rendering engine handlebars","meta":{"rootId":"s7juxpfahp4rnkc","id":"s6q5q9k644hs64j"},"id":"cn2nhrjv3ik8pmw","previousOperationId":"ry4tc3a1x2u9eqv"}
{"type":"log","timestamp":1767123694836,"level":"debug","message":"(console:log) {\n  type: 'echarts@v5a',\n  width: 848,\n  height: 409,\n  option: { radar: [ [Object] ], series: [ [Object] ] }\n}","meta":{"userLevel":true,"rootId":"s7juxpfahp4rnkc","id":"s6q5q9k644hs64j"},"id":"52q6ih8a65tyvfu","previousOperationId":"ry4tc3a1x2u9eqv"}
{"type":"operationEnd","operationId":"ry4tc3a1x2u9eqv","timestamp":1767123694846,"id":"ml0ifyex0mslsr7","previousEventId":"svk9nevf1g9up6p","previousOperationId":"ry4tc3a1x2u9eqv"}
{"type":"operationStart","subtype":"recipe","name":"html","timestamp":1767123694862,"id":"f8k12f8m72mjudb","previousEventId":"ml0ifyex0mslsr7","operationId":"yykdtfaf2fqpek3","previousOperationId":"ry4tc3a1x2u9eqv"}
{"type":"log","timestamp":1767123694862,"level":"debug","message":"Executing recipe html","meta":{"rootId":"s7juxpfahp4rnkc","id":"s6q5q9k644hs64j"},"id":"3jse0lzljdgus2f","previousOperationId":"yykdtfaf2fqpek3"}
{"type":"operationEnd","operationId":"yykdtfaf2fqpek3","timestamp":1767123694862,"id":"oh03rfocbp8x3zf","previousEventId":"f8k12f8m72mjudb","previousOperationId":"yykdtfaf2fqpek3"}
{"type":"log","timestamp":1767123694862,"level":"debug","message":"Skipping storing report.","meta":{"rootId":"s7juxpfahp4rnkc","id":"s6q5q9k644hs64j"},"id":"kknsojavn9pfzqt","previousOperationId":"yykdtfaf2fqpek3"}
{"type":"log","timestamp":1767123694862,"level":"info","message":"Rendering (child) request finished in 1515 ms","meta":{"rootId":"s7juxpfahp4rnkc","id":"s6q5q9k644hs64j"},"id":"fhjilcs44zauc4v","previousOperationId":"yykdtfaf2fqpek3"}
{"type":"operationEnd","subtype":"render","operationId":"emycp4rbkpogteb","timestamp":1767123694862,"id":"70tpn11jwz8nip6","previousEventId":"oh03rfocbp8x3zf","previousOperationId":"yykdtfaf2fqpek3"}
{"type":"log","timestamp":1767123698462,"level":"debug","message":"pptx successfully zipped","meta":{"rootId":"s7juxpfahp4rnkc","id":"s7juxpfahp4rnkc"},"id":"ahnnyzz38jterma","previousOperationId":"n6n4k1ir9or474r"}
{"type":"log","timestamp":1767123698463,"level":"info","message":"pptx generation was finished","meta":{"rootId":"s7juxpfahp4rnkc","id":"s7juxpfahp4rnkc"},"id":"6t9ibnlifirseim","previousOperationId":"n6n4k1ir9or474r"}
{"type":"operationEnd","operationId":"n6n4k1ir9or474r","timestamp":1767123698472,"id":"j7xzl68fsk6pnnj","previousEventId":"jjvbxo0di78911v","previousOperationId":"n6n4k1ir9or474r"}
{"type":"log","timestamp":1767123698473,"level":"debug","message":"Skipping storing report.","meta":{"rootId":"s7juxpfahp4rnkc","id":"s7juxpfahp4rnkc"},"id":"p7txz8jry9gb95m","previousOperationId":"n6n4k1ir9or474r"}
{"type":"log","timestamp":1767123698473,"level":"info","message":"Rendering request 18 finished in 5126 ms","meta":{"rootId":"s7juxpfahp4rnkc","id":"s7juxpfahp4rnkc"},"id":"ytdj6tb70cjrxvk","previousOperationId":"n6n4k1ir9or474r"}
{"type":"operationEnd","subtype":"render","operationId":"50pmrp1pv56q0rt","timestamp":1767123698473,"id":"deo16pl0mt76n62","previousEventId":"j7xzl68fsk6pnnj","previousOperationId":"n6n4k1ir9or474r"}
{"type":"operationEnd","doDiffs":false,"previousEventId":"k7kwcasdjbd5kta","previousOperationId":"j8qs9wci566m94b","operationId":"j8qs9wci566m94b","timestamp":1767123698478,"id":"ox5q4eec9uxl7zu"}
