{"type":"operationStart","subtype":"profile","data":{"_id":"K2tXhVovUtJhw64d","timestamp":"2025-12-07T21:26:42.804Z","state":"running","mode":"standard","creationDate":"2025-12-07T21:26:42.815Z","modificationDate":"2025-12-07T21:26:42.815Z","shortid":"38Ao7Qx","$entitySet":"profiles","timeout":60000},"doDiffs":false,"timestamp":1765142802813,"id":"zyxb512ch40mx9n","previousOperationId":null,"operationId":"jk83bnvfzt0jb3m"}
{"type":"log","level":"info","message":"Render request 5 queued for execution and waiting for available worker","previousOperationId":"jk83bnvfzt0jb3m","timestamp":1765142802813,"id":"nfhkd2dzkse8krt"}
{"type":"operationStart","subtype":"render","name":"anonymous","previousOperationId":"jk83bnvfzt0jb3m","timestamp":1765142802858,"id":"ubgukvarw6ewljj","previousEventId":"zyxb512ch40mx9n","operationId":"5xuld2dravnmm0d"}
{"type":"log","timestamp":1765142802858,"level":"info","message":"Starting rendering request 5","meta":{"rootId":"s9fq0djlfcjnvvh","id":"s9fq0djlfcjnvvh"},"id":"43oir5s45j6k885","previousOperationId":"5xuld2dravnmm0d"}
{"type":"log","timestamp":1765142802859,"level":"info","message":"Rendering anonymous template { recipe: pptx, engine: handlebars }","meta":{"rootId":"s9fq0djlfcjnvvh","id":"s9fq0djlfcjnvvh"},"id":"1b2wd0hder7qny7","previousOperationId":"5xuld2dravnmm0d"}
{"type":"log","timestamp":1765142802859,"level":"debug","message":"Inline data specified.","meta":{"rootId":"s9fq0djlfcjnvvh","id":"s9fq0djlfcjnvvh"},"id":"0sdn8vxw4ygxnzw","previousOperationId":"5xuld2dravnmm0d"}
{"type":"log","timestamp":1765142802865,"level":"debug","message":"Base url not specified, skipping its injection.","meta":{"rootId":"s9fq0djlfcjnvvh","id":"s9fq0djlfcjnvvh"},"id":"qard5djo36k76gf","previousOperationId":"5xuld2dravnmm0d"}
{"type":"operationStart","subtype":"engine","name":"handlebars","timestamp":1765142802866,"id":"081klaz4mgk86jg","previousEventId":"ubgukvarw6ewljj","operationId":"u2ig2k2vzqi8d0a","previousOperationId":"5xuld2dravnmm0d"}
{"type":"log","timestamp":1765142802866,"level":"debug","message":"Rendering engine handlebars","meta":{"rootId":"s9fq0djlfcjnvvh","id":"s9fq0djlfcjnvvh"},"id":"t5qy69u7a4knmvf","previousOperationId":"u2ig2k2vzqi8d0a"}
{"type":"operationEnd","operationId":"u2ig2k2vzqi8d0a","timestamp":1765142802942,"id":"xkr6sgoly5pxkul","previousEventId":"081klaz4mgk86jg","previousOperationId":"u2ig2k2vzqi8d0a"}
{"type":"operationStart","subtype":"recipe","name":"pptx","timestamp":1765142802942,"id":"9o03iv0cmwcsu23","previousEventId":"xkr6sgoly5pxkul","operationId":"88euzs9wfki3vzg","previousOperationId":"u2ig2k2vzqi8d0a"}
{"type":"log","timestamp":1765142802942,"level":"debug","message":"Executing recipe pptx","meta":{"rootId":"s9fq0djlfcjnvvh","id":"s9fq0djlfcjnvvh"},"id":"dr2o6q3imom70pd","previousOperationId":"88euzs9wfki3vzg"}
{"type":"log","timestamp":1765142802961,"level":"info","message":"pptx generation is starting","meta":{"rootId":"s9fq0djlfcjnvvh","id":"s9fq0djlfcjnvvh"},"id":"pc07yen2z7xj4wr","previousOperationId":"88euzs9wfki3vzg"}
{"type":"log","timestamp":1765142804042,"level":"debug","message":"Starting child request to render pptx dynamic parts","meta":{"rootId":"s9fq0djlfcjnvvh","id":"s9fq0djlfcjnvvh"},"id":"v96yqwc8rxlnswd","previousOperationId":"88euzs9wfki3vzg"}
{"type":"operationStart","subtype":"render","name":"anonymous","previousOperationId":"88euzs9wfki3vzg","timestamp":1765142804042,"id":"mnccolck5xig7dy","previousEventId":"9o03iv0cmwcsu23","operationId":"2utkv44isxpguhx"}
{"type":"log","timestamp":1765142804042,"level":"info","message":"Starting rendering (child) request","meta":{"rootId":"s9fq0djlfcjnvvh","id":"fbyxgciior8c81t"},"id":"jicu7a9gr2w6pvy","previousOperationId":"2utkv44isxpguhx"}
{"type":"log","timestamp":1765142804042,"level":"info","message":"Rendering anonymous template { recipe: html, engine: handlebars }","meta":{"rootId":"s9fq0djlfcjnvvh","id":"fbyxgciior8c81t"},"id":"wsf6773gg0m5hgw","previousOperationId":"2utkv44isxpguhx"}
{"type":"log","timestamp":1765142804042,"level":"debug","message":"Inline data specified.","meta":{"rootId":"s9fq0djlfcjnvvh","id":"fbyxgciior8c81t"},"id":"ckjo64l49bxx7ge","previousOperationId":"2utkv44isxpguhx"}
{"type":"log","timestamp":1765142804046,"level":"debug","message":"Base url not specified, skipping its injection.","meta":{"rootId":"s9fq0djlfcjnvvh","id":"fbyxgciior8c81t"},"id":"cfisaslygjdawco","previousOperationId":"2utkv44isxpguhx"}
{"type":"operationStart","subtype":"engine","name":"handlebars","timestamp":1765142804049,"id":"4beobchdpwcsdma","previousEventId":"mnccolck5xig7dy","operationId":"rt41jduob4ku1ol","previousOperationId":"2utkv44isxpguhx"}
{"type":"log","timestamp":1765142804049,"level":"debug","message":"Rendering engine handlebars","meta":{"rootId":"s9fq0djlfcjnvvh","id":"fbyxgciior8c81t"},"id":"nf3j1fa475gj09o","previousOperationId":"rt41jduob4ku1ol"}
{"type":"operationEnd","operationId":"rt41jduob4ku1ol","timestamp":1765142804125,"id":"ptmnag5jwws9ub2","previousEventId":"4beobchdpwcsdma","previousOperationId":"rt41jduob4ku1ol"}
{"type":"operationStart","subtype":"recipe","name":"html","timestamp":1765142804132,"id":"5vcvzzrkbvoaj4k","previousEventId":"ptmnag5jwws9ub2","operationId":"917i0971uemm48a","previousOperationId":"rt41jduob4ku1ol"}
{"type":"log","timestamp":1765142804132,"level":"debug","message":"Executing recipe html","meta":{"rootId":"s9fq0djlfcjnvvh","id":"fbyxgciior8c81t"},"id":"2v9as3ftn38tgom","previousOperationId":"917i0971uemm48a"}
{"type":"operationEnd","operationId":"917i0971uemm48a","timestamp":1765142804132,"id":"fwkm8jc70lm1cj3","previousEventId":"5vcvzzrkbvoaj4k","previousOperationId":"917i0971uemm48a"}
{"type":"log","timestamp":1765142804132,"level":"debug","message":"Skipping storing report.","meta":{"rootId":"s9fq0djlfcjnvvh","id":"fbyxgciior8c81t"},"id":"xj7ehtdvu3mn636","previousOperationId":"917i0971uemm48a"}
{"type":"log","timestamp":1765142804132,"level":"info","message":"Rendering (child) request finished in 1329 ms","meta":{"rootId":"s9fq0djlfcjnvvh","id":"fbyxgciior8c81t"},"id":"jx8r85ukshznxlv","previousOperationId":"917i0971uemm48a"}
{"type":"operationEnd","subtype":"render","operationId":"2utkv44isxpguhx","timestamp":1765142804132,"id":"h84uoz4ov88pavn","previousEventId":"fwkm8jc70lm1cj3","previousOperationId":"917i0971uemm48a"}
{"type":"log","timestamp":1765142807948,"level":"debug","message":"pptx successfully zipped","meta":{"rootId":"s9fq0djlfcjnvvh","id":"s9fq0djlfcjnvvh"},"id":"hckgw8b6p7sb00o","previousOperationId":"88euzs9wfki3vzg"}
{"type":"log","timestamp":1765142807948,"level":"info","message":"pptx generation was finished","meta":{"rootId":"s9fq0djlfcjnvvh","id":"s9fq0djlfcjnvvh"},"id":"si7f9z5ougp4pn0","previousOperationId":"88euzs9wfki3vzg"}
{"type":"operationEnd","operationId":"88euzs9wfki3vzg","timestamp":1765142807956,"id":"nrd5tao9jmz73s7","previousEventId":"9o03iv0cmwcsu23","previousOperationId":"88euzs9wfki3vzg"}
{"type":"log","timestamp":1765142807956,"level":"debug","message":"Skipping storing report.","meta":{"rootId":"s9fq0djlfcjnvvh","id":"s9fq0djlfcjnvvh"},"id":"bbflqdkfl3iktmt","previousOperationId":"88euzs9wfki3vzg"}
{"type":"log","timestamp":1765142807956,"level":"info","message":"Rendering request 5 finished in 5153 ms","meta":{"rootId":"s9fq0djlfcjnvvh","id":"s9fq0djlfcjnvvh"},"id":"mbpik3j8l9ae3bc","previousOperationId":"88euzs9wfki3vzg"}
{"type":"operationEnd","subtype":"render","operationId":"5xuld2dravnmm0d","timestamp":1765142807956,"id":"gnj5apbab3c74r7","previousEventId":"nrd5tao9jmz73s7","previousOperationId":"88euzs9wfki3vzg"}
{"type":"operationEnd","doDiffs":false,"previousEventId":"zyxb512ch40mx9n","previousOperationId":"jk83bnvfzt0jb3m","operationId":"jk83bnvfzt0jb3m","timestamp":1765142807965,"id":"kvnjwq8jds01lkn"}
