{"type":"operationStart","subtype":"profile","data":{"_id":"jNj6rvEDLB3Zu89j","timestamp":"2026-01-01T12:05:10.628Z","state":"running","mode":"standard","creationDate":"2026-01-01T12:05:10.635Z","modificationDate":"2026-01-01T12:05:10.635Z","shortid":"iY9B7co","$entitySet":"profiles","timeout":60000},"doDiffs":false,"timestamp":1767269110632,"id":"0rwx86jsljhv9ok","previousOperationId":null,"operationId":"melfkub96vz0pfm"}
{"type":"log","level":"info","message":"Render request 2 queued for execution and waiting for available worker","previousOperationId":"melfkub96vz0pfm","timestamp":1767269110633,"id":"1my7wc8l17llzib"}
{"type":"operationStart","subtype":"render","name":"anonymous","previousOperationId":"melfkub96vz0pfm","timestamp":1767269110699,"id":"uxhj3w13ssa9bh1","previousEventId":"0rwx86jsljhv9ok","operationId":"fku3i3i0025xuzk"}
{"type":"log","timestamp":1767269110701,"level":"info","message":"Starting rendering request 2","meta":{"rootId":"sftrwhdl6auwcuk","id":"sftrwhdl6auwcuk"},"id":"pbbhf49w36fj8zs","previousOperationId":"fku3i3i0025xuzk"}
{"type":"log","timestamp":1767269110703,"level":"info","message":"Rendering anonymous template { recipe: pptx, engine: handlebars }","meta":{"rootId":"sftrwhdl6auwcuk","id":"sftrwhdl6auwcuk"},"id":"xcoweipx96x2vgt","previousOperationId":"fku3i3i0025xuzk"}
{"type":"log","timestamp":1767269110703,"level":"debug","message":"Inline data specified.","meta":{"rootId":"sftrwhdl6auwcuk","id":"sftrwhdl6auwcuk"},"id":"sscb02f535z12ns","previousOperationId":"fku3i3i0025xuzk"}
{"type":"log","timestamp":1767269110713,"level":"debug","message":"Base url not specified, skipping its injection.","meta":{"rootId":"sftrwhdl6auwcuk","id":"sftrwhdl6auwcuk"},"id":"w44vpug4js5936l","previousOperationId":"fku3i3i0025xuzk"}
{"type":"operationStart","subtype":"engine","name":"handlebars","timestamp":1767269110717,"id":"3mzj39gcc0oiyoh","previousEventId":"uxhj3w13ssa9bh1","operationId":"2qayfrhm41kzymr","previousOperationId":"fku3i3i0025xuzk"}
{"type":"log","timestamp":1767269110717,"level":"debug","message":"Rendering engine handlebars","meta":{"rootId":"sftrwhdl6auwcuk","id":"sftrwhdl6auwcuk"},"id":"z2zy90p5f0mapy5","previousOperationId":"2qayfrhm41kzymr"}
{"type":"operationEnd","operationId":"2qayfrhm41kzymr","timestamp":1767269111961,"id":"tvsew3p5k1wilyz","previousEventId":"3mzj39gcc0oiyoh","previousOperationId":"2qayfrhm41kzymr"}
{"type":"operationStart","subtype":"recipe","name":"pptx","timestamp":1767269111963,"id":"eo4lz3l4yne3c3w","previousEventId":"tvsew3p5k1wilyz","operationId":"93mpfehwgsq2ycm","previousOperationId":"2qayfrhm41kzymr"}
{"type":"log","timestamp":1767269111963,"level":"debug","message":"Executing recipe pptx","meta":{"rootId":"sftrwhdl6auwcuk","id":"sftrwhdl6auwcuk"},"id":"8onzh5g5xapuwnv","previousOperationId":"93mpfehwgsq2ycm"}
{"type":"log","timestamp":1767269112231,"level":"info","message":"pptx generation is starting","meta":{"rootId":"sftrwhdl6auwcuk","id":"sftrwhdl6auwcuk"},"id":"ozzemy4xy5za55b","previousOperationId":"93mpfehwgsq2ycm"}
{"type":"log","timestamp":1767269114360,"level":"debug","message":"Starting child request to render pptx dynamic parts","meta":{"rootId":"sftrwhdl6auwcuk","id":"sftrwhdl6auwcuk"},"id":"pq8vf8tcgytromh","previousOperationId":"93mpfehwgsq2ycm"}
{"type":"operationStart","subtype":"render","name":"anonymous","previousOperationId":"93mpfehwgsq2ycm","timestamp":1767269114361,"id":"u326c7pglyej7q2","previousEventId":"eo4lz3l4yne3c3w","operationId":"vmja0ygynrtfo1v"}
{"type":"log","timestamp":1767269114361,"level":"info","message":"Starting rendering (child) request","meta":{"rootId":"sftrwhdl6auwcuk","id":"8ef05celwqz5cqt"},"id":"dyb7vrw5cjel6vd","previousOperationId":"vmja0ygynrtfo1v"}
{"type":"log","timestamp":1767269114361,"level":"info","message":"Rendering anonymous template { recipe: html, engine: handlebars }","meta":{"rootId":"sftrwhdl6auwcuk","id":"8ef05celwqz5cqt"},"id":"7k4466h9kqf037v","previousOperationId":"vmja0ygynrtfo1v"}
{"type":"log","timestamp":1767269114361,"level":"debug","message":"Inline data specified.","meta":{"rootId":"sftrwhdl6auwcuk","id":"8ef05celwqz5cqt"},"id":"9hdwlllh1dbz9tc","previousOperationId":"vmja0ygynrtfo1v"}
{"type":"log","timestamp":1767269114368,"level":"debug","message":"Base url not specified, skipping its injection.","meta":{"rootId":"sftrwhdl6auwcuk","id":"8ef05celwqz5cqt"},"id":"etju3cpwpjau75e","previousOperationId":"vmja0ygynrtfo1v"}
{"type":"operationStart","subtype":"engine","name":"handlebars","timestamp":1767269114371,"id":"x9uvgnhzt6tiy3a","previousEventId":"u326c7pglyej7q2","operationId":"gzp40cktwiqiqwh","previousOperationId":"vmja0ygynrtfo1v"}
{"type":"log","timestamp":1767269114371,"level":"debug","message":"Rendering engine handlebars","meta":{"rootId":"sftrwhdl6auwcuk","id":"8ef05celwqz5cqt"},"id":"dumda4b9dvkug7o","previousOperationId":"gzp40cktwiqiqwh"}
{"type":"log","timestamp":1767269114669,"level":"debug","message":"(console:log) {\n  type: 'echarts@v5a',\n  width: 848,\n  height: 409,\n  option: { radar: [ [Object] ], series: [ [Object] ] }\n}","meta":{"userLevel":true,"rootId":"sftrwhdl6auwcuk","id":"8ef05celwqz5cqt"},"id":"hbo1fdqic05wg7r","previousOperationId":"gzp40cktwiqiqwh"}
{"type":"operationEnd","operationId":"gzp40cktwiqiqwh","timestamp":1767269114685,"id":"jl9u7l3qckv2t1f","previousEventId":"x9uvgnhzt6tiy3a","previousOperationId":"gzp40cktwiqiqwh"}
{"type":"operationStart","subtype":"recipe","name":"html","timestamp":1767269114708,"id":"5293uuqa6hs7okf","previousEventId":"jl9u7l3qckv2t1f","operationId":"nahn3n174bk836r","previousOperationId":"gzp40cktwiqiqwh"}
{"type":"log","timestamp":1767269114708,"level":"debug","message":"Executing recipe html","meta":{"rootId":"sftrwhdl6auwcuk","id":"8ef05celwqz5cqt"},"id":"j5oepxxut3g9ul3","previousOperationId":"nahn3n174bk836r"}
{"type":"operationEnd","operationId":"nahn3n174bk836r","timestamp":1767269114708,"id":"0avsjky24go8djx","previousEventId":"5293uuqa6hs7okf","previousOperationId":"nahn3n174bk836r"}
{"type":"log","timestamp":1767269114709,"level":"debug","message":"Skipping storing report.","meta":{"rootId":"sftrwhdl6auwcuk","id":"8ef05celwqz5cqt"},"id":"3btylhb6858bz5o","previousOperationId":"nahn3n174bk836r"}
{"type":"log","timestamp":1767269114710,"level":"info","message":"Rendering (child) request finished in 4083 ms","meta":{"rootId":"sftrwhdl6auwcuk","id":"8ef05celwqz5cqt"},"id":"vzu2ne3o6m7x15c","previousOperationId":"nahn3n174bk836r"}
{"type":"operationEnd","subtype":"render","operationId":"vmja0ygynrtfo1v","timestamp":1767269114710,"id":"p4dpvclbg0dmq8a","previousEventId":"0avsjky24go8djx","previousOperationId":"nahn3n174bk836r"}
{"type":"log","timestamp":1767269121790,"level":"debug","message":"pptx successfully zipped","meta":{"rootId":"sftrwhdl6auwcuk","id":"sftrwhdl6auwcuk"},"id":"31dkbbr4cs4c8le","previousOperationId":"93mpfehwgsq2ycm"}
{"type":"log","timestamp":1767269121791,"level":"info","message":"pptx generation was finished","meta":{"rootId":"sftrwhdl6auwcuk","id":"sftrwhdl6auwcuk"},"id":"4p0fzqghry4b3od","previousOperationId":"93mpfehwgsq2ycm"}
{"type":"operationEnd","operationId":"93mpfehwgsq2ycm","timestamp":1767269121813,"id":"r40ribdh9ag1elw","previousEventId":"eo4lz3l4yne3c3w","previousOperationId":"93mpfehwgsq2ycm"}
{"type":"log","timestamp":1767269121813,"level":"debug","message":"Skipping storing report.","meta":{"rootId":"sftrwhdl6auwcuk","id":"sftrwhdl6auwcuk"},"id":"18k65eq3hsjl0o9","previousOperationId":"93mpfehwgsq2ycm"}
{"type":"log","timestamp":1767269121813,"level":"info","message":"Rendering request 2 finished in 11186 ms","meta":{"rootId":"sftrwhdl6auwcuk","id":"sftrwhdl6auwcuk"},"id":"vq0vnbpencikrk6","previousOperationId":"93mpfehwgsq2ycm"}
{"type":"operationEnd","subtype":"render","operationId":"fku3i3i0025xuzk","timestamp":1767269121813,"id":"dg3skwqu3a07xig","previousEventId":"r40ribdh9ag1elw","previousOperationId":"93mpfehwgsq2ycm"}
{"type":"operationEnd","doDiffs":false,"previousEventId":"0rwx86jsljhv9ok","previousOperationId":"melfkub96vz0pfm","operationId":"melfkub96vz0pfm","timestamp":1767269121821,"id":"5apnmrrphdlflfp"}
