{"type":"operationStart","subtype":"profile","data":{"_id":"UXns2OJoF5LLWvKe","timestamp":"2025-12-28T15:25:39.889Z","state":"running","mode":"standard","creationDate":"2025-12-28T15:25:39.895Z","modificationDate":"2025-12-28T15:25:39.895Z","shortid":"3qq5yX5","$entitySet":"profiles","timeout":60000},"doDiffs":false,"timestamp":1766935539892,"id":"i4u6jv1z9tme47c","previousOperationId":null,"operationId":"kimj2mgtmadskn0"}
{"type":"log","level":"info","message":"Render request 1 queued for execution and waiting for available worker","previousOperationId":"kimj2mgtmadskn0","timestamp":1766935539893,"id":"bceqnlusuekb7bu"}
{"type":"operationStart","subtype":"render","name":"anonymous","previousOperationId":"kimj2mgtmadskn0","timestamp":1766935539968,"id":"n8difj0xhdriaj5","previousEventId":"i4u6jv1z9tme47c","operationId":"yp9dati9l9niho6"}
{"type":"log","timestamp":1766935539970,"level":"info","message":"Starting rendering request 1","meta":{"rootId":"shnrzrgbmcxv3tk","id":"shnrzrgbmcxv3tk"},"id":"cp4bnoywpqrsfld","previousOperationId":"yp9dati9l9niho6"}
{"type":"log","timestamp":1766935539972,"level":"info","message":"Rendering anonymous template { recipe: pptx, engine: handlebars }","meta":{"rootId":"shnrzrgbmcxv3tk","id":"shnrzrgbmcxv3tk"},"id":"ng0l861azfhf51l","previousOperationId":"yp9dati9l9niho6"}
{"type":"log","timestamp":1766935539973,"level":"debug","message":"Inline data specified.","meta":{"rootId":"shnrzrgbmcxv3tk","id":"shnrzrgbmcxv3tk"},"id":"bwkcmj28s2wyhnm","previousOperationId":"yp9dati9l9niho6"}
{"type":"log","timestamp":1766935539984,"level":"debug","message":"Base url not specified, skipping its injection.","meta":{"rootId":"shnrzrgbmcxv3tk","id":"shnrzrgbmcxv3tk"},"id":"6f74aebc64jdbzm","previousOperationId":"yp9dati9l9niho6"}
{"type":"operationStart","subtype":"engine","name":"handlebars","timestamp":1766935539986,"id":"b8isrgfuytqij0u","previousEventId":"n8difj0xhdriaj5","operationId":"a7u75deq9rf2epa","previousOperationId":"yp9dati9l9niho6"}
{"type":"log","timestamp":1766935539986,"level":"debug","message":"Rendering engine handlebars","meta":{"rootId":"shnrzrgbmcxv3tk","id":"shnrzrgbmcxv3tk"},"id":"lit77xupgxjztyu","previousOperationId":"a7u75deq9rf2epa"}
{"type":"operationEnd","operationId":"a7u75deq9rf2epa","timestamp":1766935541197,"id":"x7heofz10icex8g","previousEventId":"b8isrgfuytqij0u","previousOperationId":"a7u75deq9rf2epa"}
{"type":"operationStart","subtype":"recipe","name":"pptx","timestamp":1766935541198,"id":"d1o6amyouv20djt","previousEventId":"x7heofz10icex8g","operationId":"rt50udrh0xzmche","previousOperationId":"a7u75deq9rf2epa"}
{"type":"log","timestamp":1766935541198,"level":"debug","message":"Executing recipe pptx","meta":{"rootId":"shnrzrgbmcxv3tk","id":"shnrzrgbmcxv3tk"},"id":"clwzqnm6bq9psbp","previousOperationId":"rt50udrh0xzmche"}
{"type":"log","timestamp":1766935541443,"level":"info","message":"pptx generation is starting","meta":{"rootId":"shnrzrgbmcxv3tk","id":"shnrzrgbmcxv3tk"},"id":"46fxj8tqxr7y2xg","previousOperationId":"rt50udrh0xzmche"}
{"type":"log","timestamp":1766935543253,"level":"debug","message":"Starting child request to render pptx dynamic parts","meta":{"rootId":"shnrzrgbmcxv3tk","id":"shnrzrgbmcxv3tk"},"id":"6ktvr22v3dvjfbl","previousOperationId":"rt50udrh0xzmche"}
{"type":"operationStart","subtype":"render","name":"anonymous","previousOperationId":"rt50udrh0xzmche","timestamp":1766935543254,"id":"9jkoqcwlz937scd","previousEventId":"d1o6amyouv20djt","operationId":"pf83gah76d7lxco"}
{"type":"log","timestamp":1766935543254,"level":"info","message":"Starting rendering (child) request","meta":{"rootId":"shnrzrgbmcxv3tk","id":"h4aokypakfoivq4"},"id":"808wsisbr7uns06","previousOperationId":"pf83gah76d7lxco"}
{"type":"log","timestamp":1766935543255,"level":"info","message":"Rendering anonymous template { recipe: html, engine: handlebars }","meta":{"rootId":"shnrzrgbmcxv3tk","id":"h4aokypakfoivq4"},"id":"svlmu9edkx5yq3t","previousOperationId":"pf83gah76d7lxco"}
{"type":"log","timestamp":1766935543255,"level":"debug","message":"Inline data specified.","meta":{"rootId":"shnrzrgbmcxv3tk","id":"h4aokypakfoivq4"},"id":"0dy3kxdhiymmm6f","previousOperationId":"pf83gah76d7lxco"}
{"type":"log","timestamp":1766935543263,"level":"debug","message":"Base url not specified, skipping its injection.","meta":{"rootId":"shnrzrgbmcxv3tk","id":"h4aokypakfoivq4"},"id":"56yxe1gf5r9hnxi","previousOperationId":"pf83gah76d7lxco"}
{"type":"operationStart","subtype":"engine","name":"handlebars","timestamp":1766935543265,"id":"sy41dqywfpwbuv1","previousEventId":"9jkoqcwlz937scd","operationId":"btobrigbbbq0e5h","previousOperationId":"pf83gah76d7lxco"}
{"type":"log","timestamp":1766935543265,"level":"debug","message":"Rendering engine handlebars","meta":{"rootId":"shnrzrgbmcxv3tk","id":"h4aokypakfoivq4"},"id":"setttqcnrkbrx4k","previousOperationId":"btobrigbbbq0e5h"}
{"type":"log","timestamp":1766935543464,"level":"debug","message":"(console:log) {\n  type: 'echarts@v5a',\n  width: 848,\n  height: 409,\n  option: { radar: [ [Object] ], series: [ [Object] ] }\n}","meta":{"userLevel":true,"rootId":"shnrzrgbmcxv3tk","id":"h4aokypakfoivq4"},"id":"29eb0bwfkzaw5qj","previousOperationId":"btobrigbbbq0e5h"}
{"type":"operationEnd","operationId":"btobrigbbbq0e5h","timestamp":1766935543475,"id":"qgyj7id1fxc4zwt","previousEventId":"sy41dqywfpwbuv1","previousOperationId":"btobrigbbbq0e5h"}
{"type":"operationStart","subtype":"recipe","name":"html","timestamp":1766935543493,"id":"0u18sn8kkq0vscp","previousEventId":"qgyj7id1fxc4zwt","operationId":"qe0xoxaxozcos2z","previousOperationId":"btobrigbbbq0e5h"}
{"type":"log","timestamp":1766935543493,"level":"debug","message":"Executing recipe html","meta":{"rootId":"shnrzrgbmcxv3tk","id":"h4aokypakfoivq4"},"id":"trrvwaeicvkvtxw","previousOperationId":"qe0xoxaxozcos2z"}
{"type":"operationEnd","operationId":"qe0xoxaxozcos2z","timestamp":1766935543493,"id":"ie1dkuycru9oo47","previousEventId":"0u18sn8kkq0vscp","previousOperationId":"qe0xoxaxozcos2z"}
{"type":"log","timestamp":1766935543494,"level":"debug","message":"Skipping storing report.","meta":{"rootId":"shnrzrgbmcxv3tk","id":"h4aokypakfoivq4"},"id":"yzm05fgajljqpgx","previousOperationId":"qe0xoxaxozcos2z"}
{"type":"log","timestamp":1766935543494,"level":"info","message":"Rendering (child) request finished in 3607 ms","meta":{"rootId":"shnrzrgbmcxv3tk","id":"h4aokypakfoivq4"},"id":"v3wyclrhwk70rbc","previousOperationId":"qe0xoxaxozcos2z"}
{"type":"operationEnd","subtype":"render","operationId":"pf83gah76d7lxco","timestamp":1766935543495,"id":"fjvum2y5kzdrx5p","previousEventId":"ie1dkuycru9oo47","previousOperationId":"qe0xoxaxozcos2z"}
{"type":"log","timestamp":1766935551758,"level":"debug","message":"pptx successfully zipped","meta":{"rootId":"shnrzrgbmcxv3tk","id":"shnrzrgbmcxv3tk"},"id":"6cwdj1ewa3hbk0v","previousOperationId":"rt50udrh0xzmche"}
{"type":"log","timestamp":1766935551758,"level":"info","message":"pptx generation was finished","meta":{"rootId":"shnrzrgbmcxv3tk","id":"shnrzrgbmcxv3tk"},"id":"lhj9jsgeqvgdign","previousOperationId":"rt50udrh0xzmche"}
{"type":"operationEnd","operationId":"rt50udrh0xzmche","timestamp":1766935551774,"id":"yz166sub3cuxhqk","previousEventId":"d1o6amyouv20djt","previousOperationId":"rt50udrh0xzmche"}
{"type":"log","timestamp":1766935551774,"level":"debug","message":"Skipping storing report.","meta":{"rootId":"shnrzrgbmcxv3tk","id":"shnrzrgbmcxv3tk"},"id":"t6dejr83e8cbde6","previousOperationId":"rt50udrh0xzmche"}
{"type":"log","timestamp":1766935551774,"level":"info","message":"Rendering request 1 finished in 11887 ms","meta":{"rootId":"shnrzrgbmcxv3tk","id":"shnrzrgbmcxv3tk"},"id":"rxb7gwszcqsynnv","previousOperationId":"rt50udrh0xzmche"}
{"type":"operationEnd","subtype":"render","operationId":"yp9dati9l9niho6","timestamp":1766935551774,"id":"mhf1opte24ocioc","previousEventId":"yz166sub3cuxhqk","previousOperationId":"rt50udrh0xzmche"}
{"type":"operationEnd","doDiffs":false,"previousEventId":"i4u6jv1z9tme47c","previousOperationId":"kimj2mgtmadskn0","operationId":"kimj2mgtmadskn0","timestamp":1766935551783,"id":"tce16ew14gzuo89"}
