{"type":"operationStart","subtype":"profile","data":{"_id":"Uu7BHazbHYyYj7kU","timestamp":"2025-12-26T09:42:39.956Z","state":"running","mode":"standard","creationDate":"2025-12-26T09:42:39.961Z","modificationDate":"2025-12-26T09:42:39.961Z","shortid":"oQd0Vbx","$entitySet":"profiles","timeout":60000},"doDiffs":false,"timestamp":1766742159958,"id":"93adnktjacjoms3","previousOperationId":null,"operationId":"nkifk6nv4qkrvir"}
{"type":"log","level":"info","message":"Render request 1 queued for execution and waiting for available worker","previousOperationId":"nkifk6nv4qkrvir","timestamp":1766742159959,"id":"gw4qtjxmsi2s6u2"}
{"type":"operationStart","subtype":"render","name":"anonymous","previousOperationId":"nkifk6nv4qkrvir","timestamp":1766742160026,"id":"ewv1rtj6ne8obh7","previousEventId":"93adnktjacjoms3","operationId":"o12zovgjytttkoa"}
{"type":"log","timestamp":1766742160027,"level":"info","message":"Starting rendering request 1","meta":{"rootId":"shsbuhzh4cm2i5v","id":"shsbuhzh4cm2i5v"},"id":"h0ovsrte0d7i94g","previousOperationId":"o12zovgjytttkoa"}
{"type":"log","timestamp":1766742160028,"level":"info","message":"Rendering anonymous template { recipe: pptx, engine: handlebars }","meta":{"rootId":"shsbuhzh4cm2i5v","id":"shsbuhzh4cm2i5v"},"id":"azl40xyg5lj0k22","previousOperationId":"o12zovgjytttkoa"}
{"type":"log","timestamp":1766742160029,"level":"debug","message":"Inline data specified.","meta":{"rootId":"shsbuhzh4cm2i5v","id":"shsbuhzh4cm2i5v"},"id":"p6rwhhavuc411q3","previousOperationId":"o12zovgjytttkoa"}
{"type":"log","timestamp":1766742160031,"level":"debug","message":"Base url not specified, skipping its injection.","meta":{"rootId":"shsbuhzh4cm2i5v","id":"shsbuhzh4cm2i5v"},"id":"1czh2pv8o5u7fg4","previousOperationId":"o12zovgjytttkoa"}
{"type":"operationStart","subtype":"engine","name":"handlebars","timestamp":1766742160033,"id":"2cywwlht5flfv20","previousEventId":"ewv1rtj6ne8obh7","operationId":"yfmp9v0v2fkjuyl","previousOperationId":"o12zovgjytttkoa"}
{"type":"log","timestamp":1766742160033,"level":"debug","message":"Rendering engine handlebars","meta":{"rootId":"shsbuhzh4cm2i5v","id":"shsbuhzh4cm2i5v"},"id":"oqsm15g45sh27ky","previousOperationId":"yfmp9v0v2fkjuyl"}
{"type":"operationEnd","operationId":"yfmp9v0v2fkjuyl","timestamp":1766742160906,"id":"tz18wcsw65y6tc4","previousEventId":"2cywwlht5flfv20","previousOperationId":"yfmp9v0v2fkjuyl"}
{"type":"operationStart","subtype":"recipe","name":"pptx","timestamp":1766742160907,"id":"4bcz0py6v2ll01q","previousEventId":"tz18wcsw65y6tc4","operationId":"kwepzarcwfb31sw","previousOperationId":"yfmp9v0v2fkjuyl"}
{"type":"log","timestamp":1766742160907,"level":"debug","message":"Executing recipe pptx","meta":{"rootId":"shsbuhzh4cm2i5v","id":"shsbuhzh4cm2i5v"},"id":"dml3dvdvvc2hsx8","previousOperationId":"kwepzarcwfb31sw"}
{"type":"log","timestamp":1766742161078,"level":"info","message":"pptx generation is starting","meta":{"rootId":"shsbuhzh4cm2i5v","id":"shsbuhzh4cm2i5v"},"id":"a3bev9tul2ao76h","previousOperationId":"kwepzarcwfb31sw"}
{"type":"log","timestamp":1766742162156,"level":"debug","message":"Starting child request to render pptx dynamic parts","meta":{"rootId":"shsbuhzh4cm2i5v","id":"shsbuhzh4cm2i5v"},"id":"e7cxsk91mhzip91","previousOperationId":"kwepzarcwfb31sw"}
{"type":"operationStart","subtype":"render","name":"anonymous","previousOperationId":"kwepzarcwfb31sw","timestamp":1766742162158,"id":"5e2mqbi68nj1y56","previousEventId":"4bcz0py6v2ll01q","operationId":"flhqal3aa4xy05c"}
{"type":"log","timestamp":1766742162158,"level":"info","message":"Starting rendering (child) request","meta":{"rootId":"shsbuhzh4cm2i5v","id":"2gscmy1jooaze6x"},"id":"m324nf47hdxuq44","previousOperationId":"flhqal3aa4xy05c"}
{"type":"log","timestamp":1766742162158,"level":"info","message":"Rendering anonymous template { recipe: html, engine: handlebars }","meta":{"rootId":"shsbuhzh4cm2i5v","id":"2gscmy1jooaze6x"},"id":"hj2nm170iyl89ls","previousOperationId":"flhqal3aa4xy05c"}
{"type":"log","timestamp":1766742162158,"level":"debug","message":"Inline data specified.","meta":{"rootId":"shsbuhzh4cm2i5v","id":"2gscmy1jooaze6x"},"id":"mnlj7yr414grovo","previousOperationId":"flhqal3aa4xy05c"}
{"type":"log","timestamp":1766742162164,"level":"debug","message":"Base url not specified, skipping its injection.","meta":{"rootId":"shsbuhzh4cm2i5v","id":"2gscmy1jooaze6x"},"id":"5gvmwc2szqcgjce","previousOperationId":"flhqal3aa4xy05c"}
{"type":"operationStart","subtype":"engine","name":"handlebars","timestamp":1766742162165,"id":"y2dasg9904fb4b0","previousEventId":"5e2mqbi68nj1y56","operationId":"8fn6mr3y6829e5z","previousOperationId":"flhqal3aa4xy05c"}
{"type":"log","timestamp":1766742162165,"level":"debug","message":"Rendering engine handlebars","meta":{"rootId":"shsbuhzh4cm2i5v","id":"2gscmy1jooaze6x"},"id":"aj0rpz3ebnn8m8i","previousOperationId":"8fn6mr3y6829e5z"}
{"type":"operationEnd","operationId":"8fn6mr3y6829e5z","timestamp":1766742162286,"id":"guovm3v2w62hxlg","previousEventId":"y2dasg9904fb4b0","previousOperationId":"8fn6mr3y6829e5z"}
{"type":"operationStart","subtype":"recipe","name":"html","timestamp":1766742162296,"id":"ded7k5kt9j1sk33","previousEventId":"guovm3v2w62hxlg","operationId":"4p4914xfdhss9hn","previousOperationId":"8fn6mr3y6829e5z"}
{"type":"log","timestamp":1766742162296,"level":"debug","message":"Executing recipe html","meta":{"rootId":"shsbuhzh4cm2i5v","id":"2gscmy1jooaze6x"},"id":"fi3lqp3ykia6xtp","previousOperationId":"4p4914xfdhss9hn"}
{"type":"operationEnd","operationId":"4p4914xfdhss9hn","timestamp":1766742162296,"id":"yhv8fhb3079rjpy","previousEventId":"ded7k5kt9j1sk33","previousOperationId":"4p4914xfdhss9hn"}
{"type":"log","timestamp":1766742162297,"level":"debug","message":"Skipping storing report.","meta":{"rootId":"shsbuhzh4cm2i5v","id":"2gscmy1jooaze6x"},"id":"rxzcbkp7og1ecvq","previousOperationId":"4p4914xfdhss9hn"}
{"type":"log","timestamp":1766742162297,"level":"info","message":"Rendering (child) request finished in 2343 ms","meta":{"rootId":"shsbuhzh4cm2i5v","id":"2gscmy1jooaze6x"},"id":"ynsfxkcbtke8y66","previousOperationId":"4p4914xfdhss9hn"}
{"type":"operationEnd","subtype":"render","operationId":"flhqal3aa4xy05c","timestamp":1766742162298,"id":"clqigeuyih1onzj","previousEventId":"yhv8fhb3079rjpy","previousOperationId":"4p4914xfdhss9hn"}
{"type":"log","timestamp":1766742165154,"level":"debug","message":"pptx successfully zipped","meta":{"rootId":"shsbuhzh4cm2i5v","id":"shsbuhzh4cm2i5v"},"id":"o10wikxw7rmah7g","previousOperationId":"kwepzarcwfb31sw"}
{"type":"log","timestamp":1766742165154,"level":"info","message":"pptx generation was finished","meta":{"rootId":"shsbuhzh4cm2i5v","id":"shsbuhzh4cm2i5v"},"id":"psxtp9i0l07hkau","previousOperationId":"kwepzarcwfb31sw"}
{"type":"operationEnd","operationId":"kwepzarcwfb31sw","timestamp":1766742165166,"id":"xgf5hiznh52vbui","previousEventId":"4bcz0py6v2ll01q","previousOperationId":"kwepzarcwfb31sw"}
{"type":"log","timestamp":1766742165166,"level":"debug","message":"Skipping storing report.","meta":{"rootId":"shsbuhzh4cm2i5v","id":"shsbuhzh4cm2i5v"},"id":"3jgp41fgm7cf7nq","previousOperationId":"kwepzarcwfb31sw"}
{"type":"log","timestamp":1766742165166,"level":"info","message":"Rendering request 1 finished in 5212 ms","meta":{"rootId":"shsbuhzh4cm2i5v","id":"shsbuhzh4cm2i5v"},"id":"u3v4st9fhjrmxtt","previousOperationId":"kwepzarcwfb31sw"}
{"type":"operationEnd","subtype":"render","operationId":"o12zovgjytttkoa","timestamp":1766742165166,"id":"kma9nqpf4rhs14p","previousEventId":"xgf5hiznh52vbui","previousOperationId":"kwepzarcwfb31sw"}
{"type":"operationEnd","doDiffs":false,"previousEventId":"93adnktjacjoms3","previousOperationId":"nkifk6nv4qkrvir","operationId":"nkifk6nv4qkrvir","timestamp":1766742165171,"id":"93tnjly8cdntnzn"}
