{"type":"operationStart","subtype":"profile","data":{"_id":"JibNAjjCoPWTkEfZ","timestamp":"2025-12-26T12:04:09.906Z","state":"running","mode":"standard","creationDate":"2025-12-26T12:04:09.925Z","modificationDate":"2025-12-26T12:04:09.925Z","shortid":"GVyDk3K","$entitySet":"profiles","timeout":60000},"doDiffs":false,"timestamp":1766750649921,"id":"qleuqxi37vxqmke","previousOperationId":null,"operationId":"g41jkodjxw6arn2"}
{"type":"log","level":"info","message":"Render request 1 queued for execution and waiting for available worker","previousOperationId":"g41jkodjxw6arn2","timestamp":1766750649921,"id":"n50h57e46prw998"}
{"type":"operationStart","subtype":"render","name":"anonymous","previousOperationId":"g41jkodjxw6arn2","timestamp":1766750650015,"id":"3gp35qr8yitkc4u","previousEventId":"qleuqxi37vxqmke","operationId":"5o4darji4s1vold"}
{"type":"log","timestamp":1766750650017,"level":"info","message":"Starting rendering request 1","meta":{"rootId":"ski5kexo5uj134j","id":"ski5kexo5uj134j"},"id":"vxy74dm8isehmje","previousOperationId":"5o4darji4s1vold"}
{"type":"log","timestamp":1766750650019,"level":"info","message":"Rendering anonymous template { recipe: pptx, engine: handlebars }","meta":{"rootId":"ski5kexo5uj134j","id":"ski5kexo5uj134j"},"id":"2h2k8xrgwq41ybi","previousOperationId":"5o4darji4s1vold"}
{"type":"log","timestamp":1766750650020,"level":"debug","message":"Inline data specified.","meta":{"rootId":"ski5kexo5uj134j","id":"ski5kexo5uj134j"},"id":"5yx1kkm26yh21vh","previousOperationId":"5o4darji4s1vold"}
{"type":"log","timestamp":1766750650033,"level":"debug","message":"Base url not specified, skipping its injection.","meta":{"rootId":"ski5kexo5uj134j","id":"ski5kexo5uj134j"},"id":"7u00dk4ubm9su7m","previousOperationId":"5o4darji4s1vold"}
{"type":"operationStart","subtype":"engine","name":"handlebars","timestamp":1766750650036,"id":"p7c4z301p1do8fl","previousEventId":"3gp35qr8yitkc4u","operationId":"3dle995gpoltu3l","previousOperationId":"5o4darji4s1vold"}
{"type":"log","timestamp":1766750650036,"level":"debug","message":"Rendering engine handlebars","meta":{"rootId":"ski5kexo5uj134j","id":"ski5kexo5uj134j"},"id":"h54dzpirdec341j","previousOperationId":"3dle995gpoltu3l"}
{"type":"operationEnd","operationId":"3dle995gpoltu3l","timestamp":1766750651282,"id":"8oxgdgq1tqhre5i","previousEventId":"p7c4z301p1do8fl","previousOperationId":"3dle995gpoltu3l"}
{"type":"operationStart","subtype":"recipe","name":"pptx","timestamp":1766750651283,"id":"h9i5bwnt6huvcpj","previousEventId":"8oxgdgq1tqhre5i","operationId":"saloae5jcv4wyem","previousOperationId":"3dle995gpoltu3l"}
{"type":"log","timestamp":1766750651283,"level":"debug","message":"Executing recipe pptx","meta":{"rootId":"ski5kexo5uj134j","id":"ski5kexo5uj134j"},"id":"2uzxjsbpkno086j","previousOperationId":"saloae5jcv4wyem"}
{"type":"log","timestamp":1766750651547,"level":"info","message":"pptx generation is starting","meta":{"rootId":"ski5kexo5uj134j","id":"ski5kexo5uj134j"},"id":"qot7dbj927vx0a5","previousOperationId":"saloae5jcv4wyem"}
{"type":"log","timestamp":1766750653403,"level":"debug","message":"Starting child request to render pptx dynamic parts","meta":{"rootId":"ski5kexo5uj134j","id":"ski5kexo5uj134j"},"id":"rjd819s05aen3ax","previousOperationId":"saloae5jcv4wyem"}
{"type":"operationStart","subtype":"render","name":"anonymous","previousOperationId":"saloae5jcv4wyem","timestamp":1766750653405,"id":"eq586us35ujs4rw","previousEventId":"h9i5bwnt6huvcpj","operationId":"m7vu6fez5i1p4zi"}
{"type":"log","timestamp":1766750653405,"level":"info","message":"Starting rendering (child) request","meta":{"rootId":"ski5kexo5uj134j","id":"oagxx6o5k7xwbse"},"id":"agci1ecud05upu2","previousOperationId":"m7vu6fez5i1p4zi"}
{"type":"log","timestamp":1766750653405,"level":"info","message":"Rendering anonymous template { recipe: html, engine: handlebars }","meta":{"rootId":"ski5kexo5uj134j","id":"oagxx6o5k7xwbse"},"id":"x4zol4zouvpupju","previousOperationId":"m7vu6fez5i1p4zi"}
{"type":"log","timestamp":1766750653405,"level":"debug","message":"Inline data specified.","meta":{"rootId":"ski5kexo5uj134j","id":"oagxx6o5k7xwbse"},"id":"dynswz6kqymv5gv","previousOperationId":"m7vu6fez5i1p4zi"}
{"type":"log","timestamp":1766750653413,"level":"debug","message":"Base url not specified, skipping its injection.","meta":{"rootId":"ski5kexo5uj134j","id":"oagxx6o5k7xwbse"},"id":"u6y433nydj3wa8e","previousOperationId":"m7vu6fez5i1p4zi"}
{"type":"operationStart","subtype":"engine","name":"handlebars","timestamp":1766750653415,"id":"2npr44iw92m0rar","previousEventId":"eq586us35ujs4rw","operationId":"kfoduebctmo0009","previousOperationId":"m7vu6fez5i1p4zi"}
{"type":"log","timestamp":1766750653415,"level":"debug","message":"Rendering engine handlebars","meta":{"rootId":"ski5kexo5uj134j","id":"oagxx6o5k7xwbse"},"id":"4gmei34y4tos41j","previousOperationId":"kfoduebctmo0009"}
{"type":"operationEnd","operationId":"kfoduebctmo0009","timestamp":1766750653605,"id":"c80m31t0iby0wyd","previousEventId":"2npr44iw92m0rar","previousOperationId":"kfoduebctmo0009"}
{"type":"operationStart","subtype":"recipe","name":"html","timestamp":1766750653619,"id":"69whbfzn391zns1","previousEventId":"c80m31t0iby0wyd","operationId":"4xwsan0w8gdf8ka","previousOperationId":"kfoduebctmo0009"}
{"type":"log","timestamp":1766750653619,"level":"debug","message":"Executing recipe html","meta":{"rootId":"ski5kexo5uj134j","id":"oagxx6o5k7xwbse"},"id":"diuml1pamomg6a9","previousOperationId":"4xwsan0w8gdf8ka"}
{"type":"operationEnd","operationId":"4xwsan0w8gdf8ka","timestamp":1766750653619,"id":"1a11zvpmhb87ht5","previousEventId":"69whbfzn391zns1","previousOperationId":"4xwsan0w8gdf8ka"}
{"type":"log","timestamp":1766750653620,"level":"debug","message":"Skipping storing report.","meta":{"rootId":"ski5kexo5uj134j","id":"oagxx6o5k7xwbse"},"id":"tlrweedh4ihb5us","previousOperationId":"4xwsan0w8gdf8ka"}
{"type":"log","timestamp":1766750653621,"level":"info","message":"Rendering (child) request finished in 3718 ms","meta":{"rootId":"ski5kexo5uj134j","id":"oagxx6o5k7xwbse"},"id":"903b107mr341wvp","previousOperationId":"4xwsan0w8gdf8ka"}
{"type":"operationEnd","subtype":"render","operationId":"m7vu6fez5i1p4zi","timestamp":1766750653621,"id":"w1ygsvwv5dnjezq","previousEventId":"1a11zvpmhb87ht5","previousOperationId":"4xwsan0w8gdf8ka"}
{"type":"log","timestamp":1766750658947,"level":"debug","message":"pptx successfully zipped","meta":{"rootId":"ski5kexo5uj134j","id":"ski5kexo5uj134j"},"id":"58c7ykzc0foipkc","previousOperationId":"saloae5jcv4wyem"}
{"type":"log","timestamp":1766750658947,"level":"info","message":"pptx generation was finished","meta":{"rootId":"ski5kexo5uj134j","id":"ski5kexo5uj134j"},"id":"eftvkjdxfg96yi3","previousOperationId":"saloae5jcv4wyem"}
{"type":"operationEnd","operationId":"saloae5jcv4wyem","timestamp":1766750658962,"id":"to9ntzp822smp04","previousEventId":"h9i5bwnt6huvcpj","previousOperationId":"saloae5jcv4wyem"}
{"type":"log","timestamp":1766750658962,"level":"debug","message":"Skipping storing report.","meta":{"rootId":"ski5kexo5uj134j","id":"ski5kexo5uj134j"},"id":"rgb1ka6oicj2u3f","previousOperationId":"saloae5jcv4wyem"}
{"type":"log","timestamp":1766750658962,"level":"info","message":"Rendering request 1 finished in 9059 ms","meta":{"rootId":"ski5kexo5uj134j","id":"ski5kexo5uj134j"},"id":"i1cukhy7pn7uxep","previousOperationId":"saloae5jcv4wyem"}
{"type":"operationEnd","subtype":"render","operationId":"5o4darji4s1vold","timestamp":1766750658962,"id":"57shjpo8czmrxvb","previousEventId":"to9ntzp822smp04","previousOperationId":"saloae5jcv4wyem"}
{"type":"operationEnd","doDiffs":false,"previousEventId":"qleuqxi37vxqmke","previousOperationId":"g41jkodjxw6arn2","operationId":"g41jkodjxw6arn2","timestamp":1766750658969,"id":"7lpki83iwoajfxh"}
