{"type":"operationStart","subtype":"profile","data":{"_id":"i00Y0K6z4SYoAQnc","timestamp":"2025-12-26T12:13:42.288Z","state":"running","mode":"standard","creationDate":"2025-12-26T12:13:42.294Z","modificationDate":"2025-12-26T12:13:42.294Z","shortid":"POk3vhl","$entitySet":"profiles","timeout":60000},"doDiffs":false,"timestamp":1766751222291,"id":"jxfddkhzhhdes2i","previousOperationId":null,"operationId":"4nixthdfefexypo"}
{"type":"log","level":"info","message":"Render request 1 queued for execution and waiting for available worker","previousOperationId":"4nixthdfefexypo","timestamp":1766751222292,"id":"5zte9c1tiddqltq"}
{"type":"operationStart","subtype":"render","name":"anonymous","previousOperationId":"4nixthdfefexypo","timestamp":1766751222405,"id":"2rpc0uuxa7cnfmq","previousEventId":"jxfddkhzhhdes2i","operationId":"i7tppd2wtn693hq"}
{"type":"log","timestamp":1766751222407,"level":"info","message":"Starting rendering request 1","meta":{"rootId":"smb0rd3c84il3nz","id":"smb0rd3c84il3nz"},"id":"f6zau8zh87tznc2","previousOperationId":"i7tppd2wtn693hq"}
{"type":"log","timestamp":1766751222409,"level":"info","message":"Rendering anonymous template { recipe: pptx, engine: handlebars }","meta":{"rootId":"smb0rd3c84il3nz","id":"smb0rd3c84il3nz"},"id":"amb5njvxn5xpo3q","previousOperationId":"i7tppd2wtn693hq"}
{"type":"log","timestamp":1766751222410,"level":"debug","message":"Inline data specified.","meta":{"rootId":"smb0rd3c84il3nz","id":"smb0rd3c84il3nz"},"id":"ox1f5i4uwuztdlk","previousOperationId":"i7tppd2wtn693hq"}
{"type":"log","timestamp":1766751222419,"level":"debug","message":"Base url not specified, skipping its injection.","meta":{"rootId":"smb0rd3c84il3nz","id":"smb0rd3c84il3nz"},"id":"8tvw6n4qmsc0gt7","previousOperationId":"i7tppd2wtn693hq"}
{"type":"operationStart","subtype":"engine","name":"handlebars","timestamp":1766751222422,"id":"90wqkoh93uy02ot","previousEventId":"2rpc0uuxa7cnfmq","operationId":"y2y1agsmsp40san","previousOperationId":"i7tppd2wtn693hq"}
{"type":"log","timestamp":1766751222422,"level":"debug","message":"Rendering engine handlebars","meta":{"rootId":"smb0rd3c84il3nz","id":"smb0rd3c84il3nz"},"id":"1l33eobiavzw2gp","previousOperationId":"y2y1agsmsp40san"}
{"type":"operationEnd","operationId":"y2y1agsmsp40san","timestamp":1766751223701,"id":"0hhbzngau4dyy3f","previousEventId":"90wqkoh93uy02ot","previousOperationId":"y2y1agsmsp40san"}
{"type":"operationStart","subtype":"recipe","name":"pptx","timestamp":1766751223702,"id":"ioal2m4fuzidh2z","previousEventId":"0hhbzngau4dyy3f","operationId":"vrtgnwzjgbnm69s","previousOperationId":"y2y1agsmsp40san"}
{"type":"log","timestamp":1766751223703,"level":"debug","message":"Executing recipe pptx","meta":{"rootId":"smb0rd3c84il3nz","id":"smb0rd3c84il3nz"},"id":"j4j8fg61cy1s2qp","previousOperationId":"vrtgnwzjgbnm69s"}
{"type":"log","timestamp":1766751223988,"level":"info","message":"pptx generation is starting","meta":{"rootId":"smb0rd3c84il3nz","id":"smb0rd3c84il3nz"},"id":"g4izg3beqmj3uk4","previousOperationId":"vrtgnwzjgbnm69s"}
{"type":"log","timestamp":1766751225984,"level":"debug","message":"Starting child request to render pptx dynamic parts","meta":{"rootId":"smb0rd3c84il3nz","id":"smb0rd3c84il3nz"},"id":"sbw2c9f8ii96t4f","previousOperationId":"vrtgnwzjgbnm69s"}
{"type":"operationStart","subtype":"render","name":"anonymous","previousOperationId":"vrtgnwzjgbnm69s","timestamp":1766751225985,"id":"jp849pqx4kyd2w6","previousEventId":"ioal2m4fuzidh2z","operationId":"mb7fqlxnrjkytp9"}
{"type":"log","timestamp":1766751225985,"level":"info","message":"Starting rendering (child) request","meta":{"rootId":"smb0rd3c84il3nz","id":"q7nw346a5gtpaz7"},"id":"4krs15z9kzer1yi","previousOperationId":"mb7fqlxnrjkytp9"}
{"type":"log","timestamp":1766751225986,"level":"info","message":"Rendering anonymous template { recipe: html, engine: handlebars }","meta":{"rootId":"smb0rd3c84il3nz","id":"q7nw346a5gtpaz7"},"id":"ytl0qcj036hq0vt","previousOperationId":"mb7fqlxnrjkytp9"}
{"type":"log","timestamp":1766751225986,"level":"debug","message":"Inline data specified.","meta":{"rootId":"smb0rd3c84il3nz","id":"q7nw346a5gtpaz7"},"id":"icyoez91jrmfvy7","previousOperationId":"mb7fqlxnrjkytp9"}
{"type":"log","timestamp":1766751225994,"level":"debug","message":"Base url not specified, skipping its injection.","meta":{"rootId":"smb0rd3c84il3nz","id":"q7nw346a5gtpaz7"},"id":"rbwhx2je1knix4h","previousOperationId":"mb7fqlxnrjkytp9"}
{"type":"operationStart","subtype":"engine","name":"handlebars","timestamp":1766751225996,"id":"zlrg21tvvw4r65w","previousEventId":"jp849pqx4kyd2w6","operationId":"rn4z5exx2r1378x","previousOperationId":"mb7fqlxnrjkytp9"}
{"type":"log","timestamp":1766751225996,"level":"debug","message":"Rendering engine handlebars","meta":{"rootId":"smb0rd3c84il3nz","id":"q7nw346a5gtpaz7"},"id":"yhhwc0uvmjcm30k","previousOperationId":"rn4z5exx2r1378x"}
{"type":"operationEnd","operationId":"rn4z5exx2r1378x","timestamp":1766751226183,"id":"ipcxyttw02mq8m6","previousEventId":"zlrg21tvvw4r65w","previousOperationId":"rn4z5exx2r1378x"}
{"type":"operationStart","subtype":"recipe","name":"html","timestamp":1766751226198,"id":"09baa8zvbxl4lmu","previousEventId":"ipcxyttw02mq8m6","operationId":"3ix723hvqaq8yzv","previousOperationId":"rn4z5exx2r1378x"}
{"type":"log","timestamp":1766751226198,"level":"debug","message":"Executing recipe html","meta":{"rootId":"smb0rd3c84il3nz","id":"q7nw346a5gtpaz7"},"id":"4v97ji7qqw97gqs","previousOperationId":"3ix723hvqaq8yzv"}
{"type":"operationEnd","operationId":"3ix723hvqaq8yzv","timestamp":1766751226198,"id":"ivlmm6979uak7ij","previousEventId":"09baa8zvbxl4lmu","previousOperationId":"3ix723hvqaq8yzv"}
{"type":"log","timestamp":1766751226200,"level":"debug","message":"Skipping storing report.","meta":{"rootId":"smb0rd3c84il3nz","id":"q7nw346a5gtpaz7"},"id":"xg5y5a1xlgdrv4s","previousOperationId":"3ix723hvqaq8yzv"}
{"type":"log","timestamp":1766751226200,"level":"info","message":"Rendering (child) request finished in 3914 ms","meta":{"rootId":"smb0rd3c84il3nz","id":"q7nw346a5gtpaz7"},"id":"74ns9sx3zalqfry","previousOperationId":"3ix723hvqaq8yzv"}
{"type":"operationEnd","subtype":"render","operationId":"mb7fqlxnrjkytp9","timestamp":1766751226200,"id":"igime2vdfth7oec","previousEventId":"ivlmm6979uak7ij","previousOperationId":"3ix723hvqaq8yzv"}
{"type":"log","timestamp":1766751232055,"level":"debug","message":"pptx successfully zipped","meta":{"rootId":"smb0rd3c84il3nz","id":"smb0rd3c84il3nz"},"id":"42x4cbsgwa52u1o","previousOperationId":"vrtgnwzjgbnm69s"}
{"type":"log","timestamp":1766751232055,"level":"info","message":"pptx generation was finished","meta":{"rootId":"smb0rd3c84il3nz","id":"smb0rd3c84il3nz"},"id":"3lpxc428jortxb3","previousOperationId":"vrtgnwzjgbnm69s"}
{"type":"operationEnd","operationId":"vrtgnwzjgbnm69s","timestamp":1766751232072,"id":"xzcj3a1ql37nemi","previousEventId":"ioal2m4fuzidh2z","previousOperationId":"vrtgnwzjgbnm69s"}
{"type":"log","timestamp":1766751232072,"level":"debug","message":"Skipping storing report.","meta":{"rootId":"smb0rd3c84il3nz","id":"smb0rd3c84il3nz"},"id":"rn9fbiktexsegr3","previousOperationId":"vrtgnwzjgbnm69s"}
{"type":"log","timestamp":1766751232072,"level":"info","message":"Rendering request 1 finished in 9786 ms","meta":{"rootId":"smb0rd3c84il3nz","id":"smb0rd3c84il3nz"},"id":"mbg4t7t7kj17mc4","previousOperationId":"vrtgnwzjgbnm69s"}
{"type":"operationEnd","subtype":"render","operationId":"i7tppd2wtn693hq","timestamp":1766751232072,"id":"ij7wbyyfe37sepk","previousEventId":"xzcj3a1ql37nemi","previousOperationId":"vrtgnwzjgbnm69s"}
{"type":"operationEnd","doDiffs":false,"previousEventId":"jxfddkhzhhdes2i","previousOperationId":"4nixthdfefexypo","operationId":"4nixthdfefexypo","timestamp":1766751232079,"id":"9i36hbv1nbv64pp"}
