{"type":"operationStart","subtype":"profile","data":{"_id":"O44cEUFAuoAy2FWv","timestamp":"2025-12-30T20:26:04.668Z","state":"running","mode":"standard","creationDate":"2025-12-30T20:26:04.671Z","modificationDate":"2025-12-30T20:26:04.671Z","shortid":"G6L-TZy","$entitySet":"profiles","timeout":60000},"doDiffs":false,"timestamp":1767126364669,"id":"hm6cjieh8pzpjks","previousOperationId":null,"operationId":"wu81g2czckg08gd"}
{"type":"log","level":"info","message":"Render request 12 queued for execution and waiting for available worker","previousOperationId":"wu81g2czckg08gd","timestamp":1767126364670,"id":"la4cxa6ocbc23bw"}
{"type":"operationStart","subtype":"render","name":"anonymous","previousOperationId":"wu81g2czckg08gd","timestamp":1767126364717,"id":"1qx09sq0h2mn2te","previousEventId":"hm6cjieh8pzpjks","operationId":"95l5w182p22dqq4"}
{"type":"log","timestamp":1767126364718,"level":"info","message":"Starting rendering request 12","meta":{"rootId":"snwvtl3bu20nh0v","id":"snwvtl3bu20nh0v"},"id":"0pk8gmx0mauy08e","previousOperationId":"95l5w182p22dqq4"}
{"type":"log","timestamp":1767126364718,"level":"info","message":"Rendering anonymous template { recipe: pptx, engine: handlebars }","meta":{"rootId":"snwvtl3bu20nh0v","id":"snwvtl3bu20nh0v"},"id":"42moiigew2abxbb","previousOperationId":"95l5w182p22dqq4"}
{"type":"log","timestamp":1767126364718,"level":"debug","message":"Inline data specified.","meta":{"rootId":"snwvtl3bu20nh0v","id":"snwvtl3bu20nh0v"},"id":"fuz2nel89kd797n","previousOperationId":"95l5w182p22dqq4"}
{"type":"log","timestamp":1767126364723,"level":"debug","message":"Base url not specified, skipping its injection.","meta":{"rootId":"snwvtl3bu20nh0v","id":"snwvtl3bu20nh0v"},"id":"5wxbze1ppbuipun","previousOperationId":"95l5w182p22dqq4"}
{"type":"operationStart","subtype":"engine","name":"handlebars","timestamp":1767126364725,"id":"3p64tikjdnig5bq","previousEventId":"1qx09sq0h2mn2te","operationId":"e4jzlqntmsf69w4","previousOperationId":"95l5w182p22dqq4"}
{"type":"log","timestamp":1767126364725,"level":"debug","message":"Rendering engine handlebars","meta":{"rootId":"snwvtl3bu20nh0v","id":"snwvtl3bu20nh0v"},"id":"068i9n2rq12jzh8","previousOperationId":"e4jzlqntmsf69w4"}
{"type":"operationEnd","operationId":"e4jzlqntmsf69w4","timestamp":1767126364736,"id":"tnl3hg6v54mqak3","previousEventId":"3p64tikjdnig5bq","previousOperationId":"e4jzlqntmsf69w4"}
{"type":"operationStart","subtype":"recipe","name":"pptx","timestamp":1767126364736,"id":"3u9g3n5j2g1s5qb","previousEventId":"tnl3hg6v54mqak3","operationId":"6gexsiu03pec6dg","previousOperationId":"e4jzlqntmsf69w4"}
{"type":"log","timestamp":1767126364736,"level":"debug","message":"Executing recipe pptx","meta":{"rootId":"snwvtl3bu20nh0v","id":"snwvtl3bu20nh0v"},"id":"866ud0i3dk2iumu","previousOperationId":"6gexsiu03pec6dg"}
{"type":"log","timestamp":1767126364753,"level":"info","message":"pptx generation is starting","meta":{"rootId":"snwvtl3bu20nh0v","id":"snwvtl3bu20nh0v"},"id":"7vkb89qb5paw0zd","previousOperationId":"6gexsiu03pec6dg"}
{"type":"log","timestamp":1767126365995,"level":"debug","message":"Starting child request to render pptx dynamic parts","meta":{"rootId":"snwvtl3bu20nh0v","id":"snwvtl3bu20nh0v"},"id":"lj7729mtuapkoz3","previousOperationId":"6gexsiu03pec6dg"}
{"type":"operationStart","subtype":"render","name":"anonymous","previousOperationId":"6gexsiu03pec6dg","timestamp":1767126365995,"id":"3mpe3pyccd8n4a3","previousEventId":"3u9g3n5j2g1s5qb","operationId":"gulg9feodus7nfv"}
{"type":"log","timestamp":1767126365995,"level":"info","message":"Starting rendering (child) request","meta":{"rootId":"snwvtl3bu20nh0v","id":"8nk7cjtjikh31hs"},"id":"393dm9ez3bvl7lm","previousOperationId":"gulg9feodus7nfv"}
{"type":"log","timestamp":1767126365995,"level":"info","message":"Rendering anonymous template { recipe: html, engine: handlebars }","meta":{"rootId":"snwvtl3bu20nh0v","id":"8nk7cjtjikh31hs"},"id":"61g6o7iiozqa9qu","previousOperationId":"gulg9feodus7nfv"}
{"type":"log","timestamp":1767126365995,"level":"debug","message":"Inline data specified.","meta":{"rootId":"snwvtl3bu20nh0v","id":"8nk7cjtjikh31hs"},"id":"u05ms2oparvtj6h","previousOperationId":"gulg9feodus7nfv"}
{"type":"log","timestamp":1767126365999,"level":"debug","message":"Base url not specified, skipping its injection.","meta":{"rootId":"snwvtl3bu20nh0v","id":"8nk7cjtjikh31hs"},"id":"nzakhmjnycz1wf2","previousOperationId":"gulg9feodus7nfv"}
{"type":"operationStart","subtype":"engine","name":"handlebars","timestamp":1767126366000,"id":"cwu98hh5e6wchte","previousEventId":"3mpe3pyccd8n4a3","operationId":"zdp7br8y4x22dmm","previousOperationId":"gulg9feodus7nfv"}
{"type":"log","timestamp":1767126366000,"level":"debug","message":"Rendering engine handlebars","meta":{"rootId":"snwvtl3bu20nh0v","id":"8nk7cjtjikh31hs"},"id":"h42dpntt56re498","previousOperationId":"zdp7br8y4x22dmm"}
{"type":"log","timestamp":1767126366117,"level":"debug","message":"(console:log) {\n  type: 'echarts@v5a',\n  width: 848,\n  height: 409,\n  option: { radar: [ [Object] ], series: [ [Object] ] }\n}","meta":{"userLevel":true,"rootId":"snwvtl3bu20nh0v","id":"8nk7cjtjikh31hs"},"id":"ljoe7efu498j9eq","previousOperationId":"zdp7br8y4x22dmm"}
{"type":"operationEnd","operationId":"zdp7br8y4x22dmm","timestamp":1767126366125,"id":"v1yia92dcm6sv2b","previousEventId":"cwu98hh5e6wchte","previousOperationId":"zdp7br8y4x22dmm"}
{"type":"operationStart","subtype":"recipe","name":"html","timestamp":1767126366138,"id":"t2w92aobcwodb1p","previousEventId":"v1yia92dcm6sv2b","operationId":"3i8hhx67gshwip9","previousOperationId":"zdp7br8y4x22dmm"}
{"type":"log","timestamp":1767126366138,"level":"debug","message":"Executing recipe html","meta":{"rootId":"snwvtl3bu20nh0v","id":"8nk7cjtjikh31hs"},"id":"0iyki0mqg2gg0mp","previousOperationId":"3i8hhx67gshwip9"}
{"type":"operationEnd","operationId":"3i8hhx67gshwip9","timestamp":1767126366138,"id":"ozfhxd5uzmr2ugv","previousEventId":"t2w92aobcwodb1p","previousOperationId":"3i8hhx67gshwip9"}
{"type":"log","timestamp":1767126366138,"level":"debug","message":"Skipping storing report.","meta":{"rootId":"snwvtl3bu20nh0v","id":"8nk7cjtjikh31hs"},"id":"oupimnvubr2o3zs","previousOperationId":"3i8hhx67gshwip9"}
{"type":"log","timestamp":1767126366138,"level":"info","message":"Rendering (child) request finished in 1471 ms","meta":{"rootId":"snwvtl3bu20nh0v","id":"8nk7cjtjikh31hs"},"id":"m4fqn36by7nvrob","previousOperationId":"3i8hhx67gshwip9"}
{"type":"operationEnd","subtype":"render","operationId":"gulg9feodus7nfv","timestamp":1767126366138,"id":"nyym03i3r8x5bn5","previousEventId":"ozfhxd5uzmr2ugv","previousOperationId":"3i8hhx67gshwip9"}
{"type":"log","timestamp":1767126369715,"level":"debug","message":"pptx successfully zipped","meta":{"rootId":"snwvtl3bu20nh0v","id":"snwvtl3bu20nh0v"},"id":"zr2xr89mjpe30rq","previousOperationId":"6gexsiu03pec6dg"}
{"type":"log","timestamp":1767126369715,"level":"info","message":"pptx generation was finished","meta":{"rootId":"snwvtl3bu20nh0v","id":"snwvtl3bu20nh0v"},"id":"pxfqz4m2qjb1rhf","previousOperationId":"6gexsiu03pec6dg"}
{"type":"operationEnd","operationId":"6gexsiu03pec6dg","timestamp":1767126369722,"id":"c0srbqw6yxfy7ar","previousEventId":"3u9g3n5j2g1s5qb","previousOperationId":"6gexsiu03pec6dg"}
{"type":"log","timestamp":1767126369723,"level":"debug","message":"Skipping storing report.","meta":{"rootId":"snwvtl3bu20nh0v","id":"snwvtl3bu20nh0v"},"id":"tsjs63xj3qd6ggf","previousOperationId":"6gexsiu03pec6dg"}
{"type":"log","timestamp":1767126369723,"level":"info","message":"Rendering request 12 finished in 5056 ms","meta":{"rootId":"snwvtl3bu20nh0v","id":"snwvtl3bu20nh0v"},"id":"m0tiqc4w8wook2s","previousOperationId":"6gexsiu03pec6dg"}
{"type":"operationEnd","subtype":"render","operationId":"95l5w182p22dqq4","timestamp":1767126369723,"id":"4hy7e5x19uk0skp","previousEventId":"c0srbqw6yxfy7ar","previousOperationId":"6gexsiu03pec6dg"}
{"type":"operationEnd","doDiffs":false,"previousEventId":"hm6cjieh8pzpjks","previousOperationId":"wu81g2czckg08gd","operationId":"wu81g2czckg08gd","timestamp":1767126369727,"id":"sidm3dbh8025116"}
