{"type":"operationStart","subtype":"profile","data":{"_id":"xrNS6yMnjybL8qQ5","timestamp":"2025-12-28T15:06:50.820Z","state":"running","mode":"standard","creationDate":"2025-12-28T15:06:50.825Z","modificationDate":"2025-12-28T15:06:50.825Z","shortid":"GohPpiS","$entitySet":"profiles","timeout":60000},"doDiffs":false,"timestamp":1766934410822,"id":"0dg0hc49mzb8t8r","previousOperationId":null,"operationId":"yf77ju9z8wdr525"}
{"type":"log","level":"info","message":"Render request 2 queued for execution and waiting for available worker","previousOperationId":"yf77ju9z8wdr525","timestamp":1766934410822,"id":"1fqwvzzbo3b1yq3"}
{"type":"operationStart","subtype":"render","name":"anonymous","previousOperationId":"yf77ju9z8wdr525","timestamp":1766934410898,"id":"j9rpmu54lpqeqsh","previousEventId":"0dg0hc49mzb8t8r","operationId":"sn53xbnan3lzn1r"}
{"type":"log","timestamp":1766934410899,"level":"info","message":"Starting rendering request 2","meta":{"rootId":"sommpsyuiafrgt1","id":"sommpsyuiafrgt1"},"id":"smowkgxcgmklvc2","previousOperationId":"sn53xbnan3lzn1r"}
{"type":"log","timestamp":1766934410902,"level":"info","message":"Rendering anonymous template { recipe: pptx, engine: handlebars }","meta":{"rootId":"sommpsyuiafrgt1","id":"sommpsyuiafrgt1"},"id":"0a8w0yezb3gwvk8","previousOperationId":"sn53xbnan3lzn1r"}
{"type":"log","timestamp":1766934410903,"level":"debug","message":"Inline data specified.","meta":{"rootId":"sommpsyuiafrgt1","id":"sommpsyuiafrgt1"},"id":"er2955ufy8ef01h","previousOperationId":"sn53xbnan3lzn1r"}
{"type":"log","timestamp":1766934410914,"level":"debug","message":"Base url not specified, skipping its injection.","meta":{"rootId":"sommpsyuiafrgt1","id":"sommpsyuiafrgt1"},"id":"9d4tibxlybtx81v","previousOperationId":"sn53xbnan3lzn1r"}
{"type":"operationStart","subtype":"engine","name":"handlebars","timestamp":1766934410918,"id":"k01n2ywpg2vijid","previousEventId":"j9rpmu54lpqeqsh","operationId":"pyqlxu9emygw19x","previousOperationId":"sn53xbnan3lzn1r"}
{"type":"log","timestamp":1766934410918,"level":"debug","message":"Rendering engine handlebars","meta":{"rootId":"sommpsyuiafrgt1","id":"sommpsyuiafrgt1"},"id":"locs4ftb1nwu5nu","previousOperationId":"pyqlxu9emygw19x"}
{"type":"operationEnd","operationId":"pyqlxu9emygw19x","timestamp":1766934412156,"id":"426g6f8r3esteif","previousEventId":"k01n2ywpg2vijid","previousOperationId":"pyqlxu9emygw19x"}
{"type":"operationStart","subtype":"recipe","name":"pptx","timestamp":1766934412158,"id":"6axeme7w4ogvkb3","previousEventId":"426g6f8r3esteif","operationId":"ht2emxhvpr0l7nc","previousOperationId":"pyqlxu9emygw19x"}
{"type":"log","timestamp":1766934412158,"level":"debug","message":"Executing recipe pptx","meta":{"rootId":"sommpsyuiafrgt1","id":"sommpsyuiafrgt1"},"id":"4qnstzl3m1gqbd6","previousOperationId":"ht2emxhvpr0l7nc"}
{"type":"log","timestamp":1766934412446,"level":"info","message":"pptx generation is starting","meta":{"rootId":"sommpsyuiafrgt1","id":"sommpsyuiafrgt1"},"id":"tsxfooy6rea32ww","previousOperationId":"ht2emxhvpr0l7nc"}
{"type":"log","timestamp":1766934414291,"level":"debug","message":"Starting child request to render pptx dynamic parts","meta":{"rootId":"sommpsyuiafrgt1","id":"sommpsyuiafrgt1"},"id":"lhipqzrlfcfl89a","previousOperationId":"ht2emxhvpr0l7nc"}
{"type":"operationStart","subtype":"render","name":"anonymous","previousOperationId":"ht2emxhvpr0l7nc","timestamp":1766934414292,"id":"h4x2bnie7ntwjib","previousEventId":"6axeme7w4ogvkb3","operationId":"vqvws72u9juvlsj"}
{"type":"log","timestamp":1766934414293,"level":"info","message":"Starting rendering (child) request","meta":{"rootId":"sommpsyuiafrgt1","id":"uuniihlk68jrf2p"},"id":"kpty4r667orh4lo","previousOperationId":"vqvws72u9juvlsj"}
{"type":"log","timestamp":1766934414293,"level":"info","message":"Rendering anonymous template { recipe: html, engine: handlebars }","meta":{"rootId":"sommpsyuiafrgt1","id":"uuniihlk68jrf2p"},"id":"mu52lytfmuxw3rf","previousOperationId":"vqvws72u9juvlsj"}
{"type":"log","timestamp":1766934414293,"level":"debug","message":"Inline data specified.","meta":{"rootId":"sommpsyuiafrgt1","id":"uuniihlk68jrf2p"},"id":"3ck8kwawybnz45z","previousOperationId":"vqvws72u9juvlsj"}
{"type":"log","timestamp":1766934414300,"level":"debug","message":"Base url not specified, skipping its injection.","meta":{"rootId":"sommpsyuiafrgt1","id":"uuniihlk68jrf2p"},"id":"5m9jfuiit9d5il8","previousOperationId":"vqvws72u9juvlsj"}
{"type":"operationStart","subtype":"engine","name":"handlebars","timestamp":1766934414303,"id":"wdgitv6n68z9pqv","previousEventId":"h4x2bnie7ntwjib","operationId":"drans6jqngcm8sq","previousOperationId":"vqvws72u9juvlsj"}
{"type":"log","timestamp":1766934414303,"level":"debug","message":"Rendering engine handlebars","meta":{"rootId":"sommpsyuiafrgt1","id":"uuniihlk68jrf2p"},"id":"i3fw3imqvfb673r","previousOperationId":"drans6jqngcm8sq"}
{"type":"log","timestamp":1766934414511,"level":"debug","message":"(console:log) {\n  type: 'echarts@v5a',\n  width: 848,\n  height: 409,\n  option: { radar: [ [Object] ], series: [ [Object] ] }\n}","meta":{"userLevel":true,"rootId":"sommpsyuiafrgt1","id":"uuniihlk68jrf2p"},"id":"4ndemte1o2abqbm","previousOperationId":"drans6jqngcm8sq"}
{"type":"operationEnd","operationId":"drans6jqngcm8sq","timestamp":1766934414519,"id":"mfv8awhbebtnm4w","previousEventId":"wdgitv6n68z9pqv","previousOperationId":"drans6jqngcm8sq"}
{"type":"operationStart","subtype":"recipe","name":"html","timestamp":1766934414538,"id":"zho4cfyhuzka7gb","previousEventId":"mfv8awhbebtnm4w","operationId":"3ky2mkhvo2jqvfc","previousOperationId":"drans6jqngcm8sq"}
{"type":"log","timestamp":1766934414538,"level":"debug","message":"Executing recipe html","meta":{"rootId":"sommpsyuiafrgt1","id":"uuniihlk68jrf2p"},"id":"nym9ehphibh24ku","previousOperationId":"3ky2mkhvo2jqvfc"}
{"type":"operationEnd","operationId":"3ky2mkhvo2jqvfc","timestamp":1766934414539,"id":"ab61ha124n4hvji","previousEventId":"zho4cfyhuzka7gb","previousOperationId":"3ky2mkhvo2jqvfc"}
{"type":"log","timestamp":1766934414541,"level":"debug","message":"Skipping storing report.","meta":{"rootId":"sommpsyuiafrgt1","id":"uuniihlk68jrf2p"},"id":"zguaixaxjz94vhe","previousOperationId":"3ky2mkhvo2jqvfc"}
{"type":"log","timestamp":1766934414541,"level":"info","message":"Rendering (child) request finished in 3723 ms","meta":{"rootId":"sommpsyuiafrgt1","id":"uuniihlk68jrf2p"},"id":"lqw2guzvfnoaw8a","previousOperationId":"3ky2mkhvo2jqvfc"}
{"type":"operationEnd","subtype":"render","operationId":"vqvws72u9juvlsj","timestamp":1766934414542,"id":"0j32coqjrrhxwvi","previousEventId":"ab61ha124n4hvji","previousOperationId":"3ky2mkhvo2jqvfc"}
{"type":"log","timestamp":1766934422228,"level":"debug","message":"pptx successfully zipped","meta":{"rootId":"sommpsyuiafrgt1","id":"sommpsyuiafrgt1"},"id":"shlutpke1oxgww4","previousOperationId":"ht2emxhvpr0l7nc"}
{"type":"log","timestamp":1766934422228,"level":"info","message":"pptx generation was finished","meta":{"rootId":"sommpsyuiafrgt1","id":"sommpsyuiafrgt1"},"id":"5587hot8fqxjvbn","previousOperationId":"ht2emxhvpr0l7nc"}
{"type":"operationEnd","operationId":"ht2emxhvpr0l7nc","timestamp":1766934422242,"id":"7ryacr7rw835mb6","previousEventId":"6axeme7w4ogvkb3","previousOperationId":"ht2emxhvpr0l7nc"}
{"type":"log","timestamp":1766934422242,"level":"debug","message":"Skipping storing report.","meta":{"rootId":"sommpsyuiafrgt1","id":"sommpsyuiafrgt1"},"id":"6wp4xlauka0c8z0","previousOperationId":"ht2emxhvpr0l7nc"}
{"type":"log","timestamp":1766934422243,"level":"info","message":"Rendering request 2 finished in 11424 ms","meta":{"rootId":"sommpsyuiafrgt1","id":"sommpsyuiafrgt1"},"id":"b98zof2xz9zo28x","previousOperationId":"ht2emxhvpr0l7nc"}
{"type":"operationEnd","subtype":"render","operationId":"sn53xbnan3lzn1r","timestamp":1766934422243,"id":"kp0cu9ybnhzjyqq","previousEventId":"7ryacr7rw835mb6","previousOperationId":"ht2emxhvpr0l7nc"}
{"type":"operationEnd","doDiffs":false,"previousEventId":"0dg0hc49mzb8t8r","previousOperationId":"yf77ju9z8wdr525","operationId":"yf77ju9z8wdr525","timestamp":1766934422249,"id":"pm8njh96b54ron2"}
