{"type":"operationStart","subtype":"profile","data":{"_id":"0r3BIlmHohOLRmI2","timestamp":"2026-01-01T12:10:14.658Z","state":"running","mode":"standard","creationDate":"2026-01-01T12:10:14.664Z","modificationDate":"2026-01-01T12:10:14.664Z","shortid":"a0spE62","$entitySet":"profiles","timeout":60000},"doDiffs":false,"timestamp":1767269414661,"id":"vets46wcrrslako","previousOperationId":null,"operationId":"0widjio8ui7gqic"}
{"type":"log","level":"info","message":"Render request 1 queued for execution and waiting for available worker","previousOperationId":"0widjio8ui7gqic","timestamp":1767269414662,"id":"paj39wifqjqpp6q"}
{"type":"operationStart","subtype":"render","name":"anonymous","previousOperationId":"0widjio8ui7gqic","timestamp":1767269414757,"id":"722azbjj5tn2yiz","previousEventId":"vets46wcrrslako","operationId":"dsnu7ckczxz5e0v"}
{"type":"log","timestamp":1767269414759,"level":"info","message":"Starting rendering request 1","meta":{"rootId":"sppzf4z2bneu7hi","id":"sppzf4z2bneu7hi"},"id":"6au2veg69d4pbd2","previousOperationId":"dsnu7ckczxz5e0v"}
{"type":"log","timestamp":1767269414761,"level":"info","message":"Rendering anonymous template { recipe: pptx, engine: handlebars }","meta":{"rootId":"sppzf4z2bneu7hi","id":"sppzf4z2bneu7hi"},"id":"jcormzb9h0k2okk","previousOperationId":"dsnu7ckczxz5e0v"}
{"type":"log","timestamp":1767269414761,"level":"debug","message":"Inline data specified.","meta":{"rootId":"sppzf4z2bneu7hi","id":"sppzf4z2bneu7hi"},"id":"3uzqpk9gs6cf2sp","previousOperationId":"dsnu7ckczxz5e0v"}
{"type":"log","timestamp":1767269414777,"level":"debug","message":"Base url not specified, skipping its injection.","meta":{"rootId":"sppzf4z2bneu7hi","id":"sppzf4z2bneu7hi"},"id":"t3cejkclbl4y5gk","previousOperationId":"dsnu7ckczxz5e0v"}
{"type":"operationStart","subtype":"engine","name":"handlebars","timestamp":1767269414779,"id":"s51juqb3mp4mzud","previousEventId":"722azbjj5tn2yiz","operationId":"egysfmqhl34xsvt","previousOperationId":"dsnu7ckczxz5e0v"}
{"type":"log","timestamp":1767269414780,"level":"debug","message":"Rendering engine handlebars","meta":{"rootId":"sppzf4z2bneu7hi","id":"sppzf4z2bneu7hi"},"id":"vlgotzkpq03jkep","previousOperationId":"egysfmqhl34xsvt"}
{"type":"operationEnd","operationId":"egysfmqhl34xsvt","timestamp":1767269416055,"id":"nru2lmkra3hmhgg","previousEventId":"s51juqb3mp4mzud","previousOperationId":"egysfmqhl34xsvt"}
{"type":"operationStart","subtype":"recipe","name":"pptx","timestamp":1767269416056,"id":"gruxr852lnrjdjn","previousEventId":"nru2lmkra3hmhgg","operationId":"qv1rdpveb03a7no","previousOperationId":"egysfmqhl34xsvt"}
{"type":"log","timestamp":1767269416056,"level":"debug","message":"Executing recipe pptx","meta":{"rootId":"sppzf4z2bneu7hi","id":"sppzf4z2bneu7hi"},"id":"las4zm6dbdiz57k","previousOperationId":"qv1rdpveb03a7no"}
{"type":"log","timestamp":1767269416342,"level":"info","message":"pptx generation is starting","meta":{"rootId":"sppzf4z2bneu7hi","id":"sppzf4z2bneu7hi"},"id":"9ydsd0zeiz1ute3","previousOperationId":"qv1rdpveb03a7no"}
{"type":"log","timestamp":1767269418509,"level":"debug","message":"Starting child request to render pptx dynamic parts","meta":{"rootId":"sppzf4z2bneu7hi","id":"sppzf4z2bneu7hi"},"id":"bjdiiamnk66gl8i","previousOperationId":"qv1rdpveb03a7no"}
{"type":"operationStart","subtype":"render","name":"anonymous","previousOperationId":"qv1rdpveb03a7no","timestamp":1767269418511,"id":"5iihf4th553u2in","previousEventId":"gruxr852lnrjdjn","operationId":"hxnnotha2jdzjyp"}
{"type":"log","timestamp":1767269418511,"level":"info","message":"Starting rendering (child) request","meta":{"rootId":"sppzf4z2bneu7hi","id":"d0152ousdv5rmv3"},"id":"fuswjrwzmj1ve67","previousOperationId":"hxnnotha2jdzjyp"}
{"type":"log","timestamp":1767269418511,"level":"info","message":"Rendering anonymous template { recipe: html, engine: handlebars }","meta":{"rootId":"sppzf4z2bneu7hi","id":"d0152ousdv5rmv3"},"id":"el4zh6w195kxt7p","previousOperationId":"hxnnotha2jdzjyp"}
{"type":"log","timestamp":1767269418511,"level":"debug","message":"Inline data specified.","meta":{"rootId":"sppzf4z2bneu7hi","id":"d0152ousdv5rmv3"},"id":"dsb78i07413zbv9","previousOperationId":"hxnnotha2jdzjyp"}
{"type":"log","timestamp":1767269418519,"level":"debug","message":"Base url not specified, skipping its injection.","meta":{"rootId":"sppzf4z2bneu7hi","id":"d0152ousdv5rmv3"},"id":"we571e8sbdr7lou","previousOperationId":"hxnnotha2jdzjyp"}
{"type":"operationStart","subtype":"engine","name":"handlebars","timestamp":1767269418521,"id":"h5byt8f6mvtku3v","previousEventId":"5iihf4th553u2in","operationId":"c9732yqnfz0uf8u","previousOperationId":"hxnnotha2jdzjyp"}
{"type":"log","timestamp":1767269418521,"level":"debug","message":"Rendering engine handlebars","meta":{"rootId":"sppzf4z2bneu7hi","id":"d0152ousdv5rmv3"},"id":"t8k85ata4avoww5","previousOperationId":"c9732yqnfz0uf8u"}
{"type":"log","timestamp":1767269418815,"level":"debug","message":"(console:log) {\n  type: 'echarts@v5a',\n  width: 848,\n  height: 409,\n  option: { radar: [ [Object] ], series: [ [Object] ] }\n}","meta":{"userLevel":true,"rootId":"sppzf4z2bneu7hi","id":"d0152ousdv5rmv3"},"id":"aq8kyif12c8nyqv","previousOperationId":"c9732yqnfz0uf8u"}
{"type":"operationEnd","operationId":"c9732yqnfz0uf8u","timestamp":1767269418827,"id":"h4cb918bai6sife","previousEventId":"h5byt8f6mvtku3v","previousOperationId":"c9732yqnfz0uf8u"}
{"type":"operationStart","subtype":"recipe","name":"html","timestamp":1767269418842,"id":"p6w4rxziapeijf8","previousEventId":"h4cb918bai6sife","operationId":"swblwhrdbnjwlhr","previousOperationId":"c9732yqnfz0uf8u"}
{"type":"log","timestamp":1767269418842,"level":"debug","message":"Executing recipe html","meta":{"rootId":"sppzf4z2bneu7hi","id":"d0152ousdv5rmv3"},"id":"ti9kbzm5t0emq62","previousOperationId":"swblwhrdbnjwlhr"}
{"type":"operationEnd","operationId":"swblwhrdbnjwlhr","timestamp":1767269418842,"id":"w3yfcpj1u9gakka","previousEventId":"p6w4rxziapeijf8","previousOperationId":"swblwhrdbnjwlhr"}
{"type":"log","timestamp":1767269418843,"level":"debug","message":"Skipping storing report.","meta":{"rootId":"sppzf4z2bneu7hi","id":"d0152ousdv5rmv3"},"id":"qfvnjw853408gct","previousOperationId":"swblwhrdbnjwlhr"}
{"type":"log","timestamp":1767269418843,"level":"info","message":"Rendering (child) request finished in 4187 ms","meta":{"rootId":"sppzf4z2bneu7hi","id":"d0152ousdv5rmv3"},"id":"e7rpcxnq6n6hs9h","previousOperationId":"swblwhrdbnjwlhr"}
{"type":"operationEnd","subtype":"render","operationId":"hxnnotha2jdzjyp","timestamp":1767269418843,"id":"6bop9iwu4fkgp17","previousEventId":"w3yfcpj1u9gakka","previousOperationId":"swblwhrdbnjwlhr"}
{"type":"log","timestamp":1767269427352,"level":"debug","message":"pptx successfully zipped","meta":{"rootId":"sppzf4z2bneu7hi","id":"sppzf4z2bneu7hi"},"id":"o08supsfnlzr4n8","previousOperationId":"qv1rdpveb03a7no"}
{"type":"log","timestamp":1767269427353,"level":"info","message":"pptx generation was finished","meta":{"rootId":"sppzf4z2bneu7hi","id":"sppzf4z2bneu7hi"},"id":"dmoi6m0jaxaiddw","previousOperationId":"qv1rdpveb03a7no"}
{"type":"operationEnd","operationId":"qv1rdpveb03a7no","timestamp":1767269427368,"id":"0nrr4hgh6m1qug7","previousEventId":"gruxr852lnrjdjn","previousOperationId":"qv1rdpveb03a7no"}
{"type":"log","timestamp":1767269427369,"level":"debug","message":"Skipping storing report.","meta":{"rootId":"sppzf4z2bneu7hi","id":"sppzf4z2bneu7hi"},"id":"ypeyu9t5cstrty3","previousOperationId":"qv1rdpveb03a7no"}
{"type":"log","timestamp":1767269427369,"level":"info","message":"Rendering request 1 finished in 12713 ms","meta":{"rootId":"sppzf4z2bneu7hi","id":"sppzf4z2bneu7hi"},"id":"nuz6z7k5gszu5f7","previousOperationId":"qv1rdpveb03a7no"}
{"type":"operationEnd","subtype":"render","operationId":"dsnu7ckczxz5e0v","timestamp":1767269427369,"id":"11ab9msjmvd9lwx","previousEventId":"0nrr4hgh6m1qug7","previousOperationId":"qv1rdpveb03a7no"}
{"type":"operationEnd","doDiffs":false,"previousEventId":"vets46wcrrslako","previousOperationId":"0widjio8ui7gqic","operationId":"0widjio8ui7gqic","timestamp":1767269427378,"id":"mx09xldsggqw1px"}
