{"type":"operationStart","subtype":"profile","data":{"_id":"3rT4Ei82TjdfGA4M","timestamp":"2025-12-31T10:06:08.475Z","state":"running","mode":"standard","creationDate":"2025-12-31T10:06:08.482Z","modificationDate":"2025-12-31T10:06:08.482Z","shortid":"Xz0wmn3","$entitySet":"profiles","timeout":60000},"doDiffs":false,"timestamp":1767175568480,"id":"2c4ofpu4z1q9rj5","previousOperationId":null,"operationId":"e4vwaanz5zun9sp"}
{"type":"log","level":"info","message":"Render request 11 queued for execution and waiting for available worker","previousOperationId":"e4vwaanz5zun9sp","timestamp":1767175568480,"id":"5x9bhx39oj8ienv"}
{"type":"operationStart","subtype":"render","name":"anonymous","previousOperationId":"e4vwaanz5zun9sp","timestamp":1767175568536,"id":"hc3ui4bvm4h8btl","previousEventId":"2c4ofpu4z1q9rj5","operationId":"8hy4j7c23tb5z5r"}
{"type":"log","timestamp":1767175568537,"level":"info","message":"Starting rendering request 11","meta":{"rootId":"srh9j04b2m36y61","id":"srh9j04b2m36y61"},"id":"nzbi74kcht9swma","previousOperationId":"8hy4j7c23tb5z5r"}
{"type":"log","timestamp":1767175568537,"level":"info","message":"Rendering anonymous template { recipe: pptx, engine: handlebars }","meta":{"rootId":"srh9j04b2m36y61","id":"srh9j04b2m36y61"},"id":"1qtfc74lqtb2m6h","previousOperationId":"8hy4j7c23tb5z5r"}
{"type":"log","timestamp":1767175568538,"level":"debug","message":"Inline data specified.","meta":{"rootId":"srh9j04b2m36y61","id":"srh9j04b2m36y61"},"id":"7xpqbqbydqqs7mq","previousOperationId":"8hy4j7c23tb5z5r"}
{"type":"log","timestamp":1767175568543,"level":"debug","message":"Base url not specified, skipping its injection.","meta":{"rootId":"srh9j04b2m36y61","id":"srh9j04b2m36y61"},"id":"bzktojkxn98g8mr","previousOperationId":"8hy4j7c23tb5z5r"}
{"type":"operationStart","subtype":"engine","name":"handlebars","timestamp":1767175568544,"id":"5yuhbyoc7iqirgv","previousEventId":"hc3ui4bvm4h8btl","operationId":"q69jrged3lbpfva","previousOperationId":"8hy4j7c23tb5z5r"}
{"type":"log","timestamp":1767175568544,"level":"debug","message":"Rendering engine handlebars","meta":{"rootId":"srh9j04b2m36y61","id":"srh9j04b2m36y61"},"id":"e0kt8909zgr74qy","previousOperationId":"q69jrged3lbpfva"}
{"type":"operationEnd","operationId":"q69jrged3lbpfva","timestamp":1767175568569,"id":"f49s85jj54gw4d9","previousEventId":"5yuhbyoc7iqirgv","previousOperationId":"q69jrged3lbpfva"}
{"type":"operationStart","subtype":"recipe","name":"pptx","timestamp":1767175568570,"id":"3yipruuzroexlvy","previousEventId":"f49s85jj54gw4d9","operationId":"gg75buf47utegk8","previousOperationId":"q69jrged3lbpfva"}
{"type":"log","timestamp":1767175568570,"level":"debug","message":"Executing recipe pptx","meta":{"rootId":"srh9j04b2m36y61","id":"srh9j04b2m36y61"},"id":"d83gldxmthg4nx0","previousOperationId":"gg75buf47utegk8"}
{"type":"log","timestamp":1767175568598,"level":"info","message":"pptx generation is starting","meta":{"rootId":"srh9j04b2m36y61","id":"srh9j04b2m36y61"},"id":"oqsespds97lua87","previousOperationId":"gg75buf47utegk8"}
{"type":"log","timestamp":1767175570651,"level":"debug","message":"Starting child request to render pptx dynamic parts","meta":{"rootId":"srh9j04b2m36y61","id":"srh9j04b2m36y61"},"id":"uu96zt6vwer5myc","previousOperationId":"gg75buf47utegk8"}
{"type":"operationStart","subtype":"render","name":"anonymous","previousOperationId":"gg75buf47utegk8","timestamp":1767175570652,"id":"4vgrz2rhpsu8idc","previousEventId":"3yipruuzroexlvy","operationId":"vzl3hznfzfx78fd"}
{"type":"log","timestamp":1767175570652,"level":"info","message":"Starting rendering (child) request","meta":{"rootId":"srh9j04b2m36y61","id":"w8t55pswwxgep18"},"id":"zbx4xrayg8dt4m7","previousOperationId":"vzl3hznfzfx78fd"}
{"type":"log","timestamp":1767175570652,"level":"info","message":"Rendering anonymous template { recipe: html, engine: handlebars }","meta":{"rootId":"srh9j04b2m36y61","id":"w8t55pswwxgep18"},"id":"g7jfxifjoy023pp","previousOperationId":"vzl3hznfzfx78fd"}
{"type":"log","timestamp":1767175570652,"level":"debug","message":"Inline data specified.","meta":{"rootId":"srh9j04b2m36y61","id":"w8t55pswwxgep18"},"id":"jng5gmgunpqhd3c","previousOperationId":"vzl3hznfzfx78fd"}
{"type":"log","timestamp":1767175570659,"level":"debug","message":"Base url not specified, skipping its injection.","meta":{"rootId":"srh9j04b2m36y61","id":"w8t55pswwxgep18"},"id":"9xyk0sht36zfkhk","previousOperationId":"vzl3hznfzfx78fd"}
{"type":"operationStart","subtype":"engine","name":"handlebars","timestamp":1767175570662,"id":"6poanb4e938ngyu","previousEventId":"4vgrz2rhpsu8idc","operationId":"b7l02gxumi2wv13","previousOperationId":"vzl3hznfzfx78fd"}
{"type":"log","timestamp":1767175570662,"level":"debug","message":"Rendering engine handlebars","meta":{"rootId":"srh9j04b2m36y61","id":"w8t55pswwxgep18"},"id":"6z97kojrcbj8ld2","previousOperationId":"b7l02gxumi2wv13"}
{"type":"log","timestamp":1767175570897,"level":"debug","message":"(console:log) {\n  type: 'echarts@v5a',\n  width: 848,\n  height: 409,\n  option: { radar: [ [Object] ], series: [ [Object] ] }\n}","meta":{"userLevel":true,"rootId":"srh9j04b2m36y61","id":"w8t55pswwxgep18"},"id":"1j8c4x8co3fxy03","previousOperationId":"b7l02gxumi2wv13"}
{"type":"operationEnd","operationId":"b7l02gxumi2wv13","timestamp":1767175570915,"id":"wiauu8gugvhfe0s","previousEventId":"6poanb4e938ngyu","previousOperationId":"b7l02gxumi2wv13"}
{"type":"operationStart","subtype":"recipe","name":"html","timestamp":1767175570941,"id":"cmn4idvvrfq7oq8","previousEventId":"wiauu8gugvhfe0s","operationId":"yl7xamgbsomko6r","previousOperationId":"b7l02gxumi2wv13"}
{"type":"log","timestamp":1767175570941,"level":"debug","message":"Executing recipe html","meta":{"rootId":"srh9j04b2m36y61","id":"w8t55pswwxgep18"},"id":"d1xzx2n13csb5dk","previousOperationId":"yl7xamgbsomko6r"}
{"type":"operationEnd","operationId":"yl7xamgbsomko6r","timestamp":1767175570941,"id":"yuabkv68ckuh4bj","previousEventId":"cmn4idvvrfq7oq8","previousOperationId":"yl7xamgbsomko6r"}
{"type":"log","timestamp":1767175570941,"level":"debug","message":"Skipping storing report.","meta":{"rootId":"srh9j04b2m36y61","id":"w8t55pswwxgep18"},"id":"03qa1iwygcebw7r","previousOperationId":"yl7xamgbsomko6r"}
{"type":"log","timestamp":1767175570941,"level":"info","message":"Rendering (child) request finished in 2469 ms","meta":{"rootId":"srh9j04b2m36y61","id":"w8t55pswwxgep18"},"id":"qjc4upn4cn1dx2m","previousOperationId":"yl7xamgbsomko6r"}
{"type":"operationEnd","subtype":"render","operationId":"vzl3hznfzfx78fd","timestamp":1767175570941,"id":"czgcl3voso7pfn7","previousEventId":"yuabkv68ckuh4bj","previousOperationId":"yl7xamgbsomko6r"}
{"type":"log","timestamp":1767175577429,"level":"debug","message":"pptx successfully zipped","meta":{"rootId":"srh9j04b2m36y61","id":"srh9j04b2m36y61"},"id":"2vb6x73l45d6796","previousOperationId":"gg75buf47utegk8"}
{"type":"log","timestamp":1767175577429,"level":"info","message":"pptx generation was finished","meta":{"rootId":"srh9j04b2m36y61","id":"srh9j04b2m36y61"},"id":"buu66lg36d0gu89","previousOperationId":"gg75buf47utegk8"}
{"type":"operationEnd","operationId":"gg75buf47utegk8","timestamp":1767175577440,"id":"m7oh59n8fmx3lca","previousEventId":"3yipruuzroexlvy","previousOperationId":"gg75buf47utegk8"}
{"type":"log","timestamp":1767175577440,"level":"debug","message":"Skipping storing report.","meta":{"rootId":"srh9j04b2m36y61","id":"srh9j04b2m36y61"},"id":"1f4clm92cinanpd","previousOperationId":"gg75buf47utegk8"}
{"type":"log","timestamp":1767175577441,"level":"info","message":"Rendering request 11 finished in 8969 ms","meta":{"rootId":"srh9j04b2m36y61","id":"srh9j04b2m36y61"},"id":"rvk3k0yauiagqsi","previousOperationId":"gg75buf47utegk8"}
{"type":"operationEnd","subtype":"render","operationId":"8hy4j7c23tb5z5r","timestamp":1767175577441,"id":"fay3rmrcc6dis72","previousEventId":"m7oh59n8fmx3lca","previousOperationId":"gg75buf47utegk8"}
{"type":"operationEnd","doDiffs":false,"previousEventId":"2c4ofpu4z1q9rj5","previousOperationId":"e4vwaanz5zun9sp","operationId":"e4vwaanz5zun9sp","timestamp":1767175577446,"id":"6rzraeit1q57wyz"}
