{"type":"operationStart","subtype":"profile","data":{"_id":"hRb8eCB0k6yTrKy2","timestamp":"2025-12-07T19:18:22.578Z","state":"running","mode":"standard","creationDate":"2025-12-07T19:18:22.584Z","modificationDate":"2025-12-07T19:18:22.584Z","shortid":"84pxt3p","$entitySet":"profiles","timeout":60000},"doDiffs":false,"timestamp":1765135102582,"id":"cthdume30aqznk3","previousOperationId":null,"operationId":"lieqsxpmq1r86yz"}
{"type":"log","level":"info","message":"Render request 14 queued for execution and waiting for available worker","previousOperationId":"lieqsxpmq1r86yz","timestamp":1765135102583,"id":"dsctjke5f7m2mv4"}
{"type":"operationStart","subtype":"render","name":"anonymous","previousOperationId":"lieqsxpmq1r86yz","timestamp":1765135102624,"id":"ps4wsv1a6lroi38","previousEventId":"cthdume30aqznk3","operationId":"4wfguu3md7s38z2"}
{"type":"log","timestamp":1765135102624,"level":"info","message":"Starting rendering request 14","meta":{"rootId":"srwqlv525dsoijh","id":"srwqlv525dsoijh"},"id":"b5nfir4jitqdqq8","previousOperationId":"4wfguu3md7s38z2"}
{"type":"log","timestamp":1765135102624,"level":"info","message":"Rendering anonymous template { recipe: pptx, engine: handlebars }","meta":{"rootId":"srwqlv525dsoijh","id":"srwqlv525dsoijh"},"id":"z5zac04dwmskq53","previousOperationId":"4wfguu3md7s38z2"}
{"type":"log","timestamp":1765135102624,"level":"debug","message":"Inline data specified.","meta":{"rootId":"srwqlv525dsoijh","id":"srwqlv525dsoijh"},"id":"ng6fi4qtlge21cu","previousOperationId":"4wfguu3md7s38z2"}
{"type":"log","timestamp":1765135102626,"level":"debug","message":"Base url not specified, skipping its injection.","meta":{"rootId":"srwqlv525dsoijh","id":"srwqlv525dsoijh"},"id":"kkx7u9ckgqip89a","previousOperationId":"4wfguu3md7s38z2"}
{"type":"operationStart","subtype":"engine","name":"handlebars","timestamp":1765135102626,"id":"9b50t2p80kr9xe2","previousEventId":"ps4wsv1a6lroi38","operationId":"2roo0fr4095skdx","previousOperationId":"4wfguu3md7s38z2"}
{"type":"log","timestamp":1765135102626,"level":"debug","message":"Rendering engine handlebars","meta":{"rootId":"srwqlv525dsoijh","id":"srwqlv525dsoijh"},"id":"e4d1le9uf2vga20","previousOperationId":"2roo0fr4095skdx"}
{"type":"operationEnd","operationId":"2roo0fr4095skdx","timestamp":1765135102638,"id":"4yboqr8w3wsc0we","previousEventId":"9b50t2p80kr9xe2","previousOperationId":"2roo0fr4095skdx"}
{"type":"operationStart","subtype":"recipe","name":"pptx","timestamp":1765135102639,"id":"j014psyxbo0f20d","previousEventId":"4yboqr8w3wsc0we","operationId":"usnaef4yubts2tg","previousOperationId":"2roo0fr4095skdx"}
{"type":"log","timestamp":1765135102639,"level":"debug","message":"Executing recipe pptx","meta":{"rootId":"srwqlv525dsoijh","id":"srwqlv525dsoijh"},"id":"6mpweh9itlucx8g","previousOperationId":"usnaef4yubts2tg"}
{"type":"log","timestamp":1765135102661,"level":"info","message":"pptx generation is starting","meta":{"rootId":"srwqlv525dsoijh","id":"srwqlv525dsoijh"},"id":"1jbqw5esr10l1yv","previousOperationId":"usnaef4yubts2tg"}
{"type":"log","timestamp":1765135103721,"level":"debug","message":"Starting child request to render pptx dynamic parts","meta":{"rootId":"srwqlv525dsoijh","id":"srwqlv525dsoijh"},"id":"8q3cz98tl6gg96p","previousOperationId":"usnaef4yubts2tg"}
{"type":"operationStart","subtype":"render","name":"anonymous","previousOperationId":"usnaef4yubts2tg","timestamp":1765135103721,"id":"6zusn4jedbpu89u","previousEventId":"j014psyxbo0f20d","operationId":"ds3br2gvkaiyr0z"}
{"type":"log","timestamp":1765135103721,"level":"info","message":"Starting rendering (child) request","meta":{"rootId":"srwqlv525dsoijh","id":"u0803n1id48ocf2"},"id":"fruem7n41cyioar","previousOperationId":"ds3br2gvkaiyr0z"}
{"type":"log","timestamp":1765135103721,"level":"info","message":"Rendering anonymous template { recipe: html, engine: handlebars }","meta":{"rootId":"srwqlv525dsoijh","id":"u0803n1id48ocf2"},"id":"3uhvse4qk34mjv1","previousOperationId":"ds3br2gvkaiyr0z"}
{"type":"log","timestamp":1765135103721,"level":"debug","message":"Inline data specified.","meta":{"rootId":"srwqlv525dsoijh","id":"u0803n1id48ocf2"},"id":"pqnbz7m9wq4j32t","previousOperationId":"ds3br2gvkaiyr0z"}
{"type":"log","timestamp":1765135103726,"level":"debug","message":"Base url not specified, skipping its injection.","meta":{"rootId":"srwqlv525dsoijh","id":"u0803n1id48ocf2"},"id":"0rt1nraajjqyv00","previousOperationId":"ds3br2gvkaiyr0z"}
{"type":"operationStart","subtype":"engine","name":"handlebars","timestamp":1765135103727,"id":"w4xa60u9nlud0d3","previousEventId":"6zusn4jedbpu89u","operationId":"tnyesqoa0i5lcvk","previousOperationId":"ds3br2gvkaiyr0z"}
{"type":"log","timestamp":1765135103727,"level":"debug","message":"Rendering engine handlebars","meta":{"rootId":"srwqlv525dsoijh","id":"u0803n1id48ocf2"},"id":"tognbg42ruo0q9r","previousOperationId":"tnyesqoa0i5lcvk"}
{"type":"operationEnd","operationId":"tnyesqoa0i5lcvk","timestamp":1765135103815,"id":"oq1x001t1v7azle","previousEventId":"w4xa60u9nlud0d3","previousOperationId":"tnyesqoa0i5lcvk"}
{"type":"operationStart","subtype":"recipe","name":"html","timestamp":1765135103826,"id":"2x8whjejl4350cp","previousEventId":"oq1x001t1v7azle","operationId":"crx5kjvr5bifle5","previousOperationId":"tnyesqoa0i5lcvk"}
{"type":"log","timestamp":1765135103826,"level":"debug","message":"Executing recipe html","meta":{"rootId":"srwqlv525dsoijh","id":"u0803n1id48ocf2"},"id":"71et8vq5lb5zoll","previousOperationId":"crx5kjvr5bifle5"}
{"type":"operationEnd","operationId":"crx5kjvr5bifle5","timestamp":1765135103826,"id":"jt7dh2zd6wqgzy0","previousEventId":"2x8whjejl4350cp","previousOperationId":"crx5kjvr5bifle5"}
{"type":"log","timestamp":1765135103826,"level":"debug","message":"Skipping storing report.","meta":{"rootId":"srwqlv525dsoijh","id":"u0803n1id48ocf2"},"id":"fewkp8j6w4ec1x3","previousOperationId":"crx5kjvr5bifle5"}
{"type":"log","timestamp":1765135103827,"level":"info","message":"Rendering (child) request finished in 1249 ms","meta":{"rootId":"srwqlv525dsoijh","id":"u0803n1id48ocf2"},"id":"k0vjvaoat5z6r8j","previousOperationId":"crx5kjvr5bifle5"}
{"type":"operationEnd","subtype":"render","operationId":"ds3br2gvkaiyr0z","timestamp":1765135103827,"id":"t3g6j7f6tofayhp","previousEventId":"jt7dh2zd6wqgzy0","previousOperationId":"crx5kjvr5bifle5"}
{"type":"log","timestamp":1765135108360,"level":"debug","message":"pptx successfully zipped","meta":{"rootId":"srwqlv525dsoijh","id":"srwqlv525dsoijh"},"id":"94jjt1dlp8gukv7","previousOperationId":"usnaef4yubts2tg"}
{"type":"log","timestamp":1765135108360,"level":"info","message":"pptx generation was finished","meta":{"rootId":"srwqlv525dsoijh","id":"srwqlv525dsoijh"},"id":"fu47f2fhkpkjf5q","previousOperationId":"usnaef4yubts2tg"}
{"type":"operationEnd","operationId":"usnaef4yubts2tg","timestamp":1765135108368,"id":"v8xawyrj7bljp8l","previousEventId":"j014psyxbo0f20d","previousOperationId":"usnaef4yubts2tg"}
{"type":"log","timestamp":1765135108368,"level":"debug","message":"Skipping storing report.","meta":{"rootId":"srwqlv525dsoijh","id":"srwqlv525dsoijh"},"id":"48133s5lweg7lef","previousOperationId":"usnaef4yubts2tg"}
{"type":"log","timestamp":1765135108368,"level":"info","message":"Rendering request 14 finished in 5790 ms","meta":{"rootId":"srwqlv525dsoijh","id":"srwqlv525dsoijh"},"id":"4hwkk47x671rzos","previousOperationId":"usnaef4yubts2tg"}
{"type":"operationEnd","subtype":"render","operationId":"4wfguu3md7s38z2","timestamp":1765135108368,"id":"2hds7ysp84c9gvo","previousEventId":"v8xawyrj7bljp8l","previousOperationId":"usnaef4yubts2tg"}
{"type":"operationEnd","doDiffs":false,"previousEventId":"cthdume30aqznk3","previousOperationId":"lieqsxpmq1r86yz","operationId":"lieqsxpmq1r86yz","timestamp":1765135108373,"id":"c6hacfukokbonx5"}
