{"type":"operationStart","subtype":"profile","data":{"_id":"t6zduseGNLQA85K3","timestamp":"2025-12-27T16:58:31.482Z","state":"running","mode":"standard","creationDate":"2025-12-27T16:58:31.488Z","modificationDate":"2025-12-27T16:58:31.488Z","shortid":"Fxi6lop","$entitySet":"profiles","timeout":60000},"doDiffs":false,"timestamp":1766854711485,"id":"jzy0div19soqo09","previousOperationId":null,"operationId":"gu1ue7ikz5yv7wd"}
{"type":"log","level":"info","message":"Render request 1 queued for execution and waiting for available worker","previousOperationId":"gu1ue7ikz5yv7wd","timestamp":1766854711486,"id":"htmhsg5l9347fn4"}
{"type":"operationStart","subtype":"render","name":"anonymous","previousOperationId":"gu1ue7ikz5yv7wd","timestamp":1766854711559,"id":"m6t98ko62oirato","previousEventId":"jzy0div19soqo09","operationId":"jf7cl8z1ux121lh"}
{"type":"log","timestamp":1766854711561,"level":"info","message":"Starting rendering request 1","meta":{"rootId":"ss8llbueqx60fty","id":"ss8llbueqx60fty"},"id":"fuag9kjpikzfm0h","previousOperationId":"jf7cl8z1ux121lh"}
{"type":"log","timestamp":1766854711564,"level":"info","message":"Rendering anonymous template { recipe: pptx, engine: handlebars }","meta":{"rootId":"ss8llbueqx60fty","id":"ss8llbueqx60fty"},"id":"asxrzx8hgvi7vvh","previousOperationId":"jf7cl8z1ux121lh"}
{"type":"log","timestamp":1766854711565,"level":"debug","message":"Inline data specified.","meta":{"rootId":"ss8llbueqx60fty","id":"ss8llbueqx60fty"},"id":"cc5alclgrv3kttg","previousOperationId":"jf7cl8z1ux121lh"}
{"type":"log","timestamp":1766854711576,"level":"debug","message":"Base url not specified, skipping its injection.","meta":{"rootId":"ss8llbueqx60fty","id":"ss8llbueqx60fty"},"id":"o1dfxy1ak2zc2p9","previousOperationId":"jf7cl8z1ux121lh"}
{"type":"operationStart","subtype":"engine","name":"handlebars","timestamp":1766854711580,"id":"df9p91uxv7blkjx","previousEventId":"m6t98ko62oirato","operationId":"p03mrnzcqvkk2nc","previousOperationId":"jf7cl8z1ux121lh"}
{"type":"log","timestamp":1766854711581,"level":"debug","message":"Rendering engine handlebars","meta":{"rootId":"ss8llbueqx60fty","id":"ss8llbueqx60fty"},"id":"f5npiy5ubxi22bj","previousOperationId":"p03mrnzcqvkk2nc"}
{"type":"operationEnd","operationId":"p03mrnzcqvkk2nc","timestamp":1766854712822,"id":"p56uraaea1y3l7d","previousEventId":"df9p91uxv7blkjx","previousOperationId":"p03mrnzcqvkk2nc"}
{"type":"operationStart","subtype":"recipe","name":"pptx","timestamp":1766854712823,"id":"fm0o0mqwmsdd32s","previousEventId":"p56uraaea1y3l7d","operationId":"c7io5sq8mukrld3","previousOperationId":"p03mrnzcqvkk2nc"}
{"type":"log","timestamp":1766854712823,"level":"debug","message":"Executing recipe pptx","meta":{"rootId":"ss8llbueqx60fty","id":"ss8llbueqx60fty"},"id":"jng78n3ne5tatmd","previousOperationId":"c7io5sq8mukrld3"}
{"type":"log","timestamp":1766854713099,"level":"info","message":"pptx generation is starting","meta":{"rootId":"ss8llbueqx60fty","id":"ss8llbueqx60fty"},"id":"zsn1zvxavgiunfm","previousOperationId":"c7io5sq8mukrld3"}
{"type":"log","timestamp":1766854714911,"level":"debug","message":"Starting child request to render pptx dynamic parts","meta":{"rootId":"ss8llbueqx60fty","id":"ss8llbueqx60fty"},"id":"2lzumzewtpnc5fq","previousOperationId":"c7io5sq8mukrld3"}
{"type":"operationStart","subtype":"render","name":"anonymous","previousOperationId":"c7io5sq8mukrld3","timestamp":1766854714913,"id":"m7sn8onshn54vit","previousEventId":"fm0o0mqwmsdd32s","operationId":"efr897qibso49o3"}
{"type":"log","timestamp":1766854714913,"level":"info","message":"Starting rendering (child) request","meta":{"rootId":"ss8llbueqx60fty","id":"13q1q3f3fmx57yc"},"id":"yfgufx7izml5y5c","previousOperationId":"efr897qibso49o3"}
{"type":"log","timestamp":1766854714913,"level":"info","message":"Rendering anonymous template { recipe: html, engine: handlebars }","meta":{"rootId":"ss8llbueqx60fty","id":"13q1q3f3fmx57yc"},"id":"jtgn489zmlsnijo","previousOperationId":"efr897qibso49o3"}
{"type":"log","timestamp":1766854714913,"level":"debug","message":"Inline data specified.","meta":{"rootId":"ss8llbueqx60fty","id":"13q1q3f3fmx57yc"},"id":"z118we1nzkh0tz7","previousOperationId":"efr897qibso49o3"}
{"type":"log","timestamp":1766854714921,"level":"debug","message":"Base url not specified, skipping its injection.","meta":{"rootId":"ss8llbueqx60fty","id":"13q1q3f3fmx57yc"},"id":"nkr7noyoujybebu","previousOperationId":"efr897qibso49o3"}
{"type":"operationStart","subtype":"engine","name":"handlebars","timestamp":1766854714923,"id":"m54ypf4saogbg6y","previousEventId":"m7sn8onshn54vit","operationId":"8vxyd19aedotbem","previousOperationId":"efr897qibso49o3"}
{"type":"log","timestamp":1766854714923,"level":"debug","message":"Rendering engine handlebars","meta":{"rootId":"ss8llbueqx60fty","id":"13q1q3f3fmx57yc"},"id":"duavfn5ya0p5wfh","previousOperationId":"8vxyd19aedotbem"}
{"type":"log","timestamp":1766854715118,"level":"debug","message":"(console:log) {\n  type: 'echarts@v5a',\n  width: 848,\n  height: 409,\n  option: { radar: [ [Object] ], series: [ [Object] ] }\n}","meta":{"userLevel":true,"rootId":"ss8llbueqx60fty","id":"13q1q3f3fmx57yc"},"id":"o12b4oz94t9yzqs","previousOperationId":"8vxyd19aedotbem"}
{"type":"operationEnd","operationId":"8vxyd19aedotbem","timestamp":1766854715129,"id":"14aahhhtkf08leb","previousEventId":"m54ypf4saogbg6y","previousOperationId":"8vxyd19aedotbem"}
{"type":"operationStart","subtype":"recipe","name":"html","timestamp":1766854715144,"id":"j7cxb6exqlefo7m","previousEventId":"14aahhhtkf08leb","operationId":"wlthpg7h32xn0uy","previousOperationId":"8vxyd19aedotbem"}
{"type":"log","timestamp":1766854715144,"level":"debug","message":"Executing recipe html","meta":{"rootId":"ss8llbueqx60fty","id":"13q1q3f3fmx57yc"},"id":"gmu9m92jua4ggcx","previousOperationId":"wlthpg7h32xn0uy"}
{"type":"operationEnd","operationId":"wlthpg7h32xn0uy","timestamp":1766854715144,"id":"6u8tz7mjg1t08xv","previousEventId":"j7cxb6exqlefo7m","previousOperationId":"wlthpg7h32xn0uy"}
{"type":"log","timestamp":1766854715145,"level":"debug","message":"Skipping storing report.","meta":{"rootId":"ss8llbueqx60fty","id":"13q1q3f3fmx57yc"},"id":"o8ytof29n2bocbq","previousOperationId":"wlthpg7h32xn0uy"}
{"type":"log","timestamp":1766854715146,"level":"info","message":"Rendering (child) request finished in 3666 ms","meta":{"rootId":"ss8llbueqx60fty","id":"13q1q3f3fmx57yc"},"id":"pf7842nqmpfg2cd","previousOperationId":"wlthpg7h32xn0uy"}
{"type":"operationEnd","subtype":"render","operationId":"efr897qibso49o3","timestamp":1766854715146,"id":"ism5pg8buh8yfwu","previousEventId":"6u8tz7mjg1t08xv","previousOperationId":"wlthpg7h32xn0uy"}
{"type":"log","timestamp":1766854721423,"level":"debug","message":"pptx successfully zipped","meta":{"rootId":"ss8llbueqx60fty","id":"ss8llbueqx60fty"},"id":"0xbi56r43dwzuhw","previousOperationId":"c7io5sq8mukrld3"}
{"type":"log","timestamp":1766854721423,"level":"info","message":"pptx generation was finished","meta":{"rootId":"ss8llbueqx60fty","id":"ss8llbueqx60fty"},"id":"kr9gr1q1q6e4lgp","previousOperationId":"c7io5sq8mukrld3"}
{"type":"operationEnd","operationId":"c7io5sq8mukrld3","timestamp":1766854721439,"id":"vbh3u8c7roz7b1w","previousEventId":"fm0o0mqwmsdd32s","previousOperationId":"c7io5sq8mukrld3"}
{"type":"log","timestamp":1766854721439,"level":"debug","message":"Skipping storing report.","meta":{"rootId":"ss8llbueqx60fty","id":"ss8llbueqx60fty"},"id":"hizr4imbkxonbmj","previousOperationId":"c7io5sq8mukrld3"}
{"type":"log","timestamp":1766854721439,"level":"info","message":"Rendering request 1 finished in 9959 ms","meta":{"rootId":"ss8llbueqx60fty","id":"ss8llbueqx60fty"},"id":"ru8zjmfatnr77m6","previousOperationId":"c7io5sq8mukrld3"}
{"type":"operationEnd","subtype":"render","operationId":"jf7cl8z1ux121lh","timestamp":1766854721439,"id":"id12499arzlr2e7","previousEventId":"vbh3u8c7roz7b1w","previousOperationId":"c7io5sq8mukrld3"}
{"type":"operationEnd","doDiffs":false,"previousEventId":"jzy0div19soqo09","previousOperationId":"gu1ue7ikz5yv7wd","operationId":"gu1ue7ikz5yv7wd","timestamp":1766854721446,"id":"z1u5mc2j2b9fyqd"}
