{"type":"operationStart","subtype":"profile","data":{"_id":"VbgedmUopz4rwKrB","timestamp":"2025-12-31T09:05:28.713Z","state":"running","mode":"standard","creationDate":"2025-12-31T09:05:28.719Z","modificationDate":"2025-12-31T09:05:28.719Z","shortid":"obEWW2L","$entitySet":"profiles","timeout":60000},"doDiffs":false,"timestamp":1767171928716,"id":"jmmivjv2ha7ghls","previousOperationId":null,"operationId":"ka2n9ajfb6520bu"}
{"type":"log","level":"info","message":"Render request 5 queued for execution and waiting for available worker","previousOperationId":"ka2n9ajfb6520bu","timestamp":1767171928716,"id":"g1mqwr7drqeyoqm"}
{"type":"operationStart","subtype":"render","name":"anonymous","previousOperationId":"ka2n9ajfb6520bu","timestamp":1767171928774,"id":"u9mvwie9snior9p","previousEventId":"jmmivjv2ha7ghls","operationId":"dqpqnoj2u9qhqcp"}
{"type":"log","timestamp":1767171928775,"level":"info","message":"Starting rendering request 5","meta":{"rootId":"stywbcy67do9grp","id":"stywbcy67do9grp"},"id":"1lcpz5f0swfgtnp","previousOperationId":"dqpqnoj2u9qhqcp"}
{"type":"log","timestamp":1767171928775,"level":"info","message":"Rendering anonymous template { recipe: pptx, engine: handlebars }","meta":{"rootId":"stywbcy67do9grp","id":"stywbcy67do9grp"},"id":"yginyjtu9cjy9rs","previousOperationId":"dqpqnoj2u9qhqcp"}
{"type":"log","timestamp":1767171928775,"level":"debug","message":"Inline data specified.","meta":{"rootId":"stywbcy67do9grp","id":"stywbcy67do9grp"},"id":"0uqw3ensacfhz40","previousOperationId":"dqpqnoj2u9qhqcp"}
{"type":"log","timestamp":1767171928778,"level":"debug","message":"Base url not specified, skipping its injection.","meta":{"rootId":"stywbcy67do9grp","id":"stywbcy67do9grp"},"id":"nu1e0zgd6h9ywvt","previousOperationId":"dqpqnoj2u9qhqcp"}
{"type":"operationStart","subtype":"engine","name":"handlebars","timestamp":1767171928779,"id":"jzpbk88rcfdk9ac","previousEventId":"u9mvwie9snior9p","operationId":"tgvntvtjiwpmgzr","previousOperationId":"dqpqnoj2u9qhqcp"}
{"type":"log","timestamp":1767171928779,"level":"debug","message":"Rendering engine handlebars","meta":{"rootId":"stywbcy67do9grp","id":"stywbcy67do9grp"},"id":"ulru2rysaf3b93g","previousOperationId":"tgvntvtjiwpmgzr"}
{"type":"operationEnd","operationId":"tgvntvtjiwpmgzr","timestamp":1767171928801,"id":"u6si99larb97ije","previousEventId":"jzpbk88rcfdk9ac","previousOperationId":"tgvntvtjiwpmgzr"}
{"type":"operationStart","subtype":"recipe","name":"pptx","timestamp":1767171928802,"id":"8ust5g0g6ix8y7i","previousEventId":"u6si99larb97ije","operationId":"ximrp0dg41gnocz","previousOperationId":"tgvntvtjiwpmgzr"}
{"type":"log","timestamp":1767171928802,"level":"debug","message":"Executing recipe pptx","meta":{"rootId":"stywbcy67do9grp","id":"stywbcy67do9grp"},"id":"7bjy6ry5gewxf5o","previousOperationId":"ximrp0dg41gnocz"}
{"type":"log","timestamp":1767171928832,"level":"info","message":"pptx generation is starting","meta":{"rootId":"stywbcy67do9grp","id":"stywbcy67do9grp"},"id":"kgznhmgvgpp9qv6","previousOperationId":"ximrp0dg41gnocz"}
{"type":"log","timestamp":1767171930750,"level":"debug","message":"Starting child request to render pptx dynamic parts","meta":{"rootId":"stywbcy67do9grp","id":"stywbcy67do9grp"},"id":"tmsh3ylm2wvzzki","previousOperationId":"ximrp0dg41gnocz"}
{"type":"operationStart","subtype":"render","name":"anonymous","previousOperationId":"ximrp0dg41gnocz","timestamp":1767171930751,"id":"hundue6nqgqwzug","previousEventId":"8ust5g0g6ix8y7i","operationId":"ycn8483torx3wqq"}
{"type":"log","timestamp":1767171930752,"level":"info","message":"Starting rendering (child) request","meta":{"rootId":"stywbcy67do9grp","id":"vy0px4k81m845rb"},"id":"tzzupkwlczb1pt1","previousOperationId":"ycn8483torx3wqq"}
{"type":"log","timestamp":1767171930752,"level":"info","message":"Rendering anonymous template { recipe: html, engine: handlebars }","meta":{"rootId":"stywbcy67do9grp","id":"vy0px4k81m845rb"},"id":"cl35qm62pvt53qv","previousOperationId":"ycn8483torx3wqq"}
{"type":"log","timestamp":1767171930752,"level":"debug","message":"Inline data specified.","meta":{"rootId":"stywbcy67do9grp","id":"vy0px4k81m845rb"},"id":"3cc99jhlcaeodk9","previousOperationId":"ycn8483torx3wqq"}
{"type":"log","timestamp":1767171930758,"level":"debug","message":"Base url not specified, skipping its injection.","meta":{"rootId":"stywbcy67do9grp","id":"vy0px4k81m845rb"},"id":"ixr5g8r67k4cvpj","previousOperationId":"ycn8483torx3wqq"}
{"type":"operationStart","subtype":"engine","name":"handlebars","timestamp":1767171930760,"id":"jstcfr0p3zcqy44","previousEventId":"hundue6nqgqwzug","operationId":"r4b8ew15ci7wifw","previousOperationId":"ycn8483torx3wqq"}
{"type":"log","timestamp":1767171930760,"level":"debug","message":"Rendering engine handlebars","meta":{"rootId":"stywbcy67do9grp","id":"vy0px4k81m845rb"},"id":"qgqfhalnvzrr53v","previousOperationId":"r4b8ew15ci7wifw"}
{"type":"log","timestamp":1767171930992,"level":"debug","message":"(console:log) {\n  type: 'echarts@v5a',\n  width: 848,\n  height: 409,\n  option: { radar: [ [Object] ], series: [ [Object] ] }\n}","meta":{"userLevel":true,"rootId":"stywbcy67do9grp","id":"vy0px4k81m845rb"},"id":"o8ldvdorlupj23t","previousOperationId":"r4b8ew15ci7wifw"}
{"type":"operationEnd","operationId":"r4b8ew15ci7wifw","timestamp":1767171931005,"id":"dp0ivb8akx2nhls","previousEventId":"jstcfr0p3zcqy44","previousOperationId":"r4b8ew15ci7wifw"}
{"type":"operationStart","subtype":"recipe","name":"html","timestamp":1767171931025,"id":"f83pxaova6on1y3","previousEventId":"dp0ivb8akx2nhls","operationId":"f4ecanvyfss2ec3","previousOperationId":"r4b8ew15ci7wifw"}
{"type":"log","timestamp":1767171931025,"level":"debug","message":"Executing recipe html","meta":{"rootId":"stywbcy67do9grp","id":"vy0px4k81m845rb"},"id":"mbfvaixew2gy2vh","previousOperationId":"f4ecanvyfss2ec3"}
{"type":"operationEnd","operationId":"f4ecanvyfss2ec3","timestamp":1767171931025,"id":"m749vpl1jwn1rcp","previousEventId":"f83pxaova6on1y3","previousOperationId":"f4ecanvyfss2ec3"}
{"type":"log","timestamp":1767171931025,"level":"debug","message":"Skipping storing report.","meta":{"rootId":"stywbcy67do9grp","id":"vy0px4k81m845rb"},"id":"gxzwavi498pg4t3","previousOperationId":"f4ecanvyfss2ec3"}
{"type":"log","timestamp":1767171931025,"level":"info","message":"Rendering (child) request finished in 2313 ms","meta":{"rootId":"stywbcy67do9grp","id":"vy0px4k81m845rb"},"id":"mupfx2vmm2rxp2z","previousOperationId":"f4ecanvyfss2ec3"}
{"type":"operationEnd","subtype":"render","operationId":"ycn8483torx3wqq","timestamp":1767171931025,"id":"8yd4j3r4i4dn2ok","previousEventId":"m749vpl1jwn1rcp","previousOperationId":"f4ecanvyfss2ec3"}
{"type":"log","timestamp":1767171936178,"level":"debug","message":"pptx successfully zipped","meta":{"rootId":"stywbcy67do9grp","id":"stywbcy67do9grp"},"id":"19lx4pv82266nhs","previousOperationId":"ximrp0dg41gnocz"}
{"type":"log","timestamp":1767171936178,"level":"info","message":"pptx generation was finished","meta":{"rootId":"stywbcy67do9grp","id":"stywbcy67do9grp"},"id":"xpnrmrf0or47zv9","previousOperationId":"ximrp0dg41gnocz"}
{"type":"operationEnd","operationId":"ximrp0dg41gnocz","timestamp":1767171936189,"id":"jb2smfum3senajj","previousEventId":"8ust5g0g6ix8y7i","previousOperationId":"ximrp0dg41gnocz"}
{"type":"log","timestamp":1767171936189,"level":"debug","message":"Skipping storing report.","meta":{"rootId":"stywbcy67do9grp","id":"stywbcy67do9grp"},"id":"ffnkb6cg3fcl7eh","previousOperationId":"ximrp0dg41gnocz"}
{"type":"log","timestamp":1767171936189,"level":"info","message":"Rendering request 5 finished in 7477 ms","meta":{"rootId":"stywbcy67do9grp","id":"stywbcy67do9grp"},"id":"70x35rmoht2wk17","previousOperationId":"ximrp0dg41gnocz"}
{"type":"operationEnd","subtype":"render","operationId":"dqpqnoj2u9qhqcp","timestamp":1767171936189,"id":"oc17garaybu1lsl","previousEventId":"jb2smfum3senajj","previousOperationId":"ximrp0dg41gnocz"}
{"type":"operationEnd","doDiffs":false,"previousEventId":"jmmivjv2ha7ghls","previousOperationId":"ka2n9ajfb6520bu","operationId":"ka2n9ajfb6520bu","timestamp":1767171936196,"id":"9n0we272xq4ds1n"}
