{"type":"operationStart","subtype":"profile","data":{"_id":"2o7ENJz875c8mmTl","timestamp":"2025-12-28T14:13:05.181Z","state":"running","mode":"standard","creationDate":"2025-12-28T14:13:05.184Z","modificationDate":"2025-12-28T14:13:05.184Z","shortid":"1ugK_Du","$entitySet":"profiles","timeout":60000},"doDiffs":false,"timestamp":1766931185182,"id":"u10ijizgcj5xx5x","previousOperationId":null,"operationId":"o879jagngshxhy2"}
{"type":"log","level":"info","message":"Render request 7 queued for execution and waiting for available worker","previousOperationId":"o879jagngshxhy2","timestamp":1766931185182,"id":"8s286mbrdjt1m3k"}
{"type":"operationStart","subtype":"render","name":"anonymous","previousOperationId":"o879jagngshxhy2","timestamp":1766931185234,"id":"pb7u7fkm7a2rm7q","previousEventId":"u10ijizgcj5xx5x","operationId":"ocze5ne7gidnqnb"}
{"type":"log","timestamp":1766931185234,"level":"info","message":"Starting rendering request 7","meta":{"rootId":"suckdl6vo7esmgd","id":"suckdl6vo7esmgd"},"id":"g5c3g317evbfkw7","previousOperationId":"ocze5ne7gidnqnb"}
{"type":"log","timestamp":1766931185235,"level":"info","message":"Rendering anonymous template { recipe: pptx, engine: handlebars }","meta":{"rootId":"suckdl6vo7esmgd","id":"suckdl6vo7esmgd"},"id":"smici9q0wucgza3","previousOperationId":"ocze5ne7gidnqnb"}
{"type":"log","timestamp":1766931185235,"level":"debug","message":"Inline data specified.","meta":{"rootId":"suckdl6vo7esmgd","id":"suckdl6vo7esmgd"},"id":"nfufua9jc3xbrcm","previousOperationId":"ocze5ne7gidnqnb"}
{"type":"log","timestamp":1766931185237,"level":"debug","message":"Base url not specified, skipping its injection.","meta":{"rootId":"suckdl6vo7esmgd","id":"suckdl6vo7esmgd"},"id":"p6bdq3zqw7usqoi","previousOperationId":"ocze5ne7gidnqnb"}
{"type":"operationStart","subtype":"engine","name":"handlebars","timestamp":1766931185237,"id":"fig3ztbyxmkckwz","previousEventId":"pb7u7fkm7a2rm7q","operationId":"ua8xffnte37gcx5","previousOperationId":"ocze5ne7gidnqnb"}
{"type":"log","timestamp":1766931185238,"level":"debug","message":"Rendering engine handlebars","meta":{"rootId":"suckdl6vo7esmgd","id":"suckdl6vo7esmgd"},"id":"4nxxmrsd6n7w2hw","previousOperationId":"ua8xffnte37gcx5"}
{"type":"operationEnd","operationId":"ua8xffnte37gcx5","timestamp":1766931185250,"id":"hwkymsp7ffj3ht3","previousEventId":"fig3ztbyxmkckwz","previousOperationId":"ua8xffnte37gcx5"}
{"type":"operationStart","subtype":"recipe","name":"pptx","timestamp":1766931185251,"id":"i2pkr3hj3tpkwgw","previousEventId":"hwkymsp7ffj3ht3","operationId":"lkphii1otr4at0a","previousOperationId":"ua8xffnte37gcx5"}
{"type":"log","timestamp":1766931185251,"level":"debug","message":"Executing recipe pptx","meta":{"rootId":"suckdl6vo7esmgd","id":"suckdl6vo7esmgd"},"id":"abh3q18u8vkl36v","previousOperationId":"lkphii1otr4at0a"}
{"type":"log","timestamp":1766931185269,"level":"info","message":"pptx generation is starting","meta":{"rootId":"suckdl6vo7esmgd","id":"suckdl6vo7esmgd"},"id":"qpfsn7955pkqtnv","previousOperationId":"lkphii1otr4at0a"}
{"type":"log","timestamp":1766931186328,"level":"debug","message":"Starting child request to render pptx dynamic parts","meta":{"rootId":"suckdl6vo7esmgd","id":"suckdl6vo7esmgd"},"id":"31x55e1ttm5vja4","previousOperationId":"lkphii1otr4at0a"}
{"type":"operationStart","subtype":"render","name":"anonymous","previousOperationId":"lkphii1otr4at0a","timestamp":1766931186328,"id":"oyr1835kpci21ya","previousEventId":"i2pkr3hj3tpkwgw","operationId":"okan8umbjquxk4v"}
{"type":"log","timestamp":1766931186328,"level":"info","message":"Starting rendering (child) request","meta":{"rootId":"suckdl6vo7esmgd","id":"n2couu3hjrmib3v"},"id":"xhb0k5plf2n7qec","previousOperationId":"okan8umbjquxk4v"}
{"type":"log","timestamp":1766931186328,"level":"info","message":"Rendering anonymous template { recipe: html, engine: handlebars }","meta":{"rootId":"suckdl6vo7esmgd","id":"n2couu3hjrmib3v"},"id":"b3uhbcwcai33wwn","previousOperationId":"okan8umbjquxk4v"}
{"type":"log","timestamp":1766931186329,"level":"debug","message":"Inline data specified.","meta":{"rootId":"suckdl6vo7esmgd","id":"n2couu3hjrmib3v"},"id":"ueql40n0sjc32pd","previousOperationId":"okan8umbjquxk4v"}
{"type":"log","timestamp":1766931186332,"level":"debug","message":"Base url not specified, skipping its injection.","meta":{"rootId":"suckdl6vo7esmgd","id":"n2couu3hjrmib3v"},"id":"ngm6kxuh0l2h6ly","previousOperationId":"okan8umbjquxk4v"}
{"type":"operationStart","subtype":"engine","name":"handlebars","timestamp":1766931186333,"id":"0ljwhyk5d0dczae","previousEventId":"oyr1835kpci21ya","operationId":"vzg1kqlb8gsvros","previousOperationId":"okan8umbjquxk4v"}
{"type":"log","timestamp":1766931186333,"level":"debug","message":"Rendering engine handlebars","meta":{"rootId":"suckdl6vo7esmgd","id":"n2couu3hjrmib3v"},"id":"sm26hb6txny8b0t","previousOperationId":"vzg1kqlb8gsvros"}
{"type":"log","timestamp":1766931186450,"level":"debug","message":"(console:log) {\n  type: 'echarts@v5a',\n  width: 848,\n  height: 409,\n  option: { radar: [ [Object] ], series: [ [Object] ] }\n}","meta":{"userLevel":true,"rootId":"suckdl6vo7esmgd","id":"n2couu3hjrmib3v"},"id":"kxfcbnpipplbj8r","previousOperationId":"vzg1kqlb8gsvros"}
{"type":"operationEnd","operationId":"vzg1kqlb8gsvros","timestamp":1766931186456,"id":"ejfmdhbi3t1icwy","previousEventId":"0ljwhyk5d0dczae","previousOperationId":"vzg1kqlb8gsvros"}
{"type":"operationStart","subtype":"recipe","name":"html","timestamp":1766931186467,"id":"ey0czm1u35bvicf","previousEventId":"ejfmdhbi3t1icwy","operationId":"ecfxa4svorcqw2z","previousOperationId":"vzg1kqlb8gsvros"}
{"type":"log","timestamp":1766931186467,"level":"debug","message":"Executing recipe html","meta":{"rootId":"suckdl6vo7esmgd","id":"n2couu3hjrmib3v"},"id":"z2rf61qitfgu0x5","previousOperationId":"ecfxa4svorcqw2z"}
{"type":"operationEnd","operationId":"ecfxa4svorcqw2z","timestamp":1766931186467,"id":"to4kurgb0x1ek02","previousEventId":"ey0czm1u35bvicf","previousOperationId":"ecfxa4svorcqw2z"}
{"type":"log","timestamp":1766931186467,"level":"debug","message":"Skipping storing report.","meta":{"rootId":"suckdl6vo7esmgd","id":"n2couu3hjrmib3v"},"id":"xxbk89z4d6jrk5b","previousOperationId":"ecfxa4svorcqw2z"}
{"type":"log","timestamp":1766931186467,"level":"info","message":"Rendering (child) request finished in 1287 ms","meta":{"rootId":"suckdl6vo7esmgd","id":"n2couu3hjrmib3v"},"id":"7dtie89gi5pknsz","previousOperationId":"ecfxa4svorcqw2z"}
{"type":"operationEnd","subtype":"render","operationId":"okan8umbjquxk4v","timestamp":1766931186467,"id":"3nlbuo4tczrm9xv","previousEventId":"to4kurgb0x1ek02","previousOperationId":"ecfxa4svorcqw2z"}
{"type":"log","timestamp":1766931189431,"level":"debug","message":"pptx successfully zipped","meta":{"rootId":"suckdl6vo7esmgd","id":"suckdl6vo7esmgd"},"id":"wrltp3sddi051cj","previousOperationId":"lkphii1otr4at0a"}
{"type":"log","timestamp":1766931189431,"level":"info","message":"pptx generation was finished","meta":{"rootId":"suckdl6vo7esmgd","id":"suckdl6vo7esmgd"},"id":"ufw2zovumas6cd3","previousOperationId":"lkphii1otr4at0a"}
{"type":"operationEnd","operationId":"lkphii1otr4at0a","timestamp":1766931189441,"id":"8yolba0n9o95s4c","previousEventId":"i2pkr3hj3tpkwgw","previousOperationId":"lkphii1otr4at0a"}
{"type":"log","timestamp":1766931189441,"level":"debug","message":"Skipping storing report.","meta":{"rootId":"suckdl6vo7esmgd","id":"suckdl6vo7esmgd"},"id":"jbbk3okezxw2fpj","previousOperationId":"lkphii1otr4at0a"}
{"type":"log","timestamp":1766931189442,"level":"info","message":"Rendering request 7 finished in 4262 ms","meta":{"rootId":"suckdl6vo7esmgd","id":"suckdl6vo7esmgd"},"id":"71h7laeuhvx17a7","previousOperationId":"lkphii1otr4at0a"}
{"type":"operationEnd","subtype":"render","operationId":"ocze5ne7gidnqnb","timestamp":1766931189442,"id":"1uncv6dbgnkdcq6","previousEventId":"8yolba0n9o95s4c","previousOperationId":"lkphii1otr4at0a"}
{"type":"operationEnd","doDiffs":false,"previousEventId":"u10ijizgcj5xx5x","previousOperationId":"o879jagngshxhy2","operationId":"o879jagngshxhy2","timestamp":1766931189447,"id":"pjq0xca0xiwmhiq"}
