{"type":"operationStart","subtype":"profile","data":{"_id":"SWnvYDN8R7X2vCx3","timestamp":"2025-12-26T12:54:37.297Z","state":"running","mode":"standard","creationDate":"2025-12-26T12:54:37.306Z","modificationDate":"2025-12-26T12:54:37.306Z","shortid":"Zuoq8kx","$entitySet":"profiles","timeout":60000},"doDiffs":false,"timestamp":1766753677304,"id":"lewq0w3jgru3vwd","previousOperationId":null,"operationId":"y5utzauhgtwtnvz"}
{"type":"log","level":"info","message":"Render request 7 queued for execution and waiting for available worker","previousOperationId":"y5utzauhgtwtnvz","timestamp":1766753677304,"id":"3a00ap4wwnqbr3b"}
{"type":"operationStart","subtype":"render","name":"anonymous","previousOperationId":"y5utzauhgtwtnvz","timestamp":1766753677365,"id":"v0vk5d0usracin1","previousEventId":"lewq0w3jgru3vwd","operationId":"ti9dp9f47cg9ygv"}
{"type":"log","timestamp":1766753677366,"level":"info","message":"Starting rendering request 7","meta":{"rootId":"svs8vztm93vl0gb","id":"svs8vztm93vl0gb"},"id":"d27gv1l4coczacf","previousOperationId":"ti9dp9f47cg9ygv"}
{"type":"log","timestamp":1766753677366,"level":"info","message":"Rendering anonymous template { recipe: pptx, engine: handlebars }","meta":{"rootId":"svs8vztm93vl0gb","id":"svs8vztm93vl0gb"},"id":"627yj1n7a0b5qs9","previousOperationId":"ti9dp9f47cg9ygv"}
{"type":"log","timestamp":1766753677366,"level":"debug","message":"Inline data specified.","meta":{"rootId":"svs8vztm93vl0gb","id":"svs8vztm93vl0gb"},"id":"xs9wi1i4hjviuoy","previousOperationId":"ti9dp9f47cg9ygv"}
{"type":"log","timestamp":1766753677371,"level":"debug","message":"Base url not specified, skipping its injection.","meta":{"rootId":"svs8vztm93vl0gb","id":"svs8vztm93vl0gb"},"id":"pj8d65dsiic5lhx","previousOperationId":"ti9dp9f47cg9ygv"}
{"type":"operationStart","subtype":"engine","name":"handlebars","timestamp":1766753677372,"id":"g5fetove4rj7t7p","previousEventId":"v0vk5d0usracin1","operationId":"81578qjs083sw3z","previousOperationId":"ti9dp9f47cg9ygv"}
{"type":"log","timestamp":1766753677372,"level":"debug","message":"Rendering engine handlebars","meta":{"rootId":"svs8vztm93vl0gb","id":"svs8vztm93vl0gb"},"id":"vm02rrizls8f1e3","previousOperationId":"81578qjs083sw3z"}
{"type":"operationEnd","operationId":"81578qjs083sw3z","timestamp":1766753677400,"id":"fy1muwbmc7e6854","previousEventId":"g5fetove4rj7t7p","previousOperationId":"81578qjs083sw3z"}
{"type":"operationStart","subtype":"recipe","name":"pptx","timestamp":1766753677400,"id":"pwnkw8azveb9rrf","previousEventId":"fy1muwbmc7e6854","operationId":"70f27g164b2dlpm","previousOperationId":"81578qjs083sw3z"}
{"type":"log","timestamp":1766753677400,"level":"debug","message":"Executing recipe pptx","meta":{"rootId":"svs8vztm93vl0gb","id":"svs8vztm93vl0gb"},"id":"elfysy6c4za7phj","previousOperationId":"70f27g164b2dlpm"}
{"type":"log","timestamp":1766753677428,"level":"info","message":"pptx generation is starting","meta":{"rootId":"svs8vztm93vl0gb","id":"svs8vztm93vl0gb"},"id":"8fd72ir5tar70gy","previousOperationId":"70f27g164b2dlpm"}
{"type":"log","timestamp":1766753679162,"level":"debug","message":"Starting child request to render pptx dynamic parts","meta":{"rootId":"svs8vztm93vl0gb","id":"svs8vztm93vl0gb"},"id":"pz9rp0djsn76dbm","previousOperationId":"70f27g164b2dlpm"}
{"type":"operationStart","subtype":"render","name":"anonymous","previousOperationId":"70f27g164b2dlpm","timestamp":1766753679163,"id":"0e0x4xzdta4g2zg","previousEventId":"pwnkw8azveb9rrf","operationId":"tdsuczipjo599rk"}
{"type":"log","timestamp":1766753679163,"level":"info","message":"Starting rendering (child) request","meta":{"rootId":"svs8vztm93vl0gb","id":"m9bej9bnvjwxoo9"},"id":"uox2xop3h7hzqrh","previousOperationId":"tdsuczipjo599rk"}
{"type":"log","timestamp":1766753679163,"level":"info","message":"Rendering anonymous template { recipe: html, engine: handlebars }","meta":{"rootId":"svs8vztm93vl0gb","id":"m9bej9bnvjwxoo9"},"id":"spf6gllczq4j5nj","previousOperationId":"tdsuczipjo599rk"}
{"type":"log","timestamp":1766753679163,"level":"debug","message":"Inline data specified.","meta":{"rootId":"svs8vztm93vl0gb","id":"m9bej9bnvjwxoo9"},"id":"8d4baqm9nukkieg","previousOperationId":"tdsuczipjo599rk"}
{"type":"log","timestamp":1766753679169,"level":"debug","message":"Base url not specified, skipping its injection.","meta":{"rootId":"svs8vztm93vl0gb","id":"m9bej9bnvjwxoo9"},"id":"2av3i4eynpau64t","previousOperationId":"tdsuczipjo599rk"}
{"type":"operationStart","subtype":"engine","name":"handlebars","timestamp":1766753679171,"id":"4k1ibngyhik2c58","previousEventId":"0e0x4xzdta4g2zg","operationId":"oaptavb7p6grxdu","previousOperationId":"tdsuczipjo599rk"}
{"type":"log","timestamp":1766753679171,"level":"debug","message":"Rendering engine handlebars","meta":{"rootId":"svs8vztm93vl0gb","id":"m9bej9bnvjwxoo9"},"id":"zqvc840r3ufaubd","previousOperationId":"oaptavb7p6grxdu"}
{"type":"operationEnd","operationId":"oaptavb7p6grxdu","timestamp":1766753679331,"id":"he55la1gle4gg5z","previousEventId":"4k1ibngyhik2c58","previousOperationId":"oaptavb7p6grxdu"}
{"type":"operationStart","subtype":"recipe","name":"html","timestamp":1766753679344,"id":"42064dl47gcn8p6","previousEventId":"he55la1gle4gg5z","operationId":"5ho2hh4nxyhj19y","previousOperationId":"oaptavb7p6grxdu"}
{"type":"log","timestamp":1766753679344,"level":"debug","message":"Executing recipe html","meta":{"rootId":"svs8vztm93vl0gb","id":"m9bej9bnvjwxoo9"},"id":"pfqpnu6xncgke0w","previousOperationId":"5ho2hh4nxyhj19y"}
{"type":"operationEnd","operationId":"5ho2hh4nxyhj19y","timestamp":1766753679345,"id":"h8uo7b6mm7g6a1o","previousEventId":"42064dl47gcn8p6","previousOperationId":"5ho2hh4nxyhj19y"}
{"type":"log","timestamp":1766753679345,"level":"debug","message":"Skipping storing report.","meta":{"rootId":"svs8vztm93vl0gb","id":"m9bej9bnvjwxoo9"},"id":"igohnwt77p69785","previousOperationId":"5ho2hh4nxyhj19y"}
{"type":"log","timestamp":1766753679345,"level":"info","message":"Rendering (child) request finished in 2049 ms","meta":{"rootId":"svs8vztm93vl0gb","id":"m9bej9bnvjwxoo9"},"id":"c2a82moasep48gr","previousOperationId":"5ho2hh4nxyhj19y"}
{"type":"operationEnd","subtype":"render","operationId":"tdsuczipjo599rk","timestamp":1766753679345,"id":"7slxf949gocbgde","previousEventId":"h8uo7b6mm7g6a1o","previousOperationId":"5ho2hh4nxyhj19y"}
{"type":"log","timestamp":1766753687061,"level":"debug","message":"pptx successfully zipped","meta":{"rootId":"svs8vztm93vl0gb","id":"svs8vztm93vl0gb"},"id":"bxkg9ob5bmt9bjm","previousOperationId":"70f27g164b2dlpm"}
{"type":"log","timestamp":1766753687061,"level":"info","message":"pptx generation was finished","meta":{"rootId":"svs8vztm93vl0gb","id":"svs8vztm93vl0gb"},"id":"opy91zsmqm4pw4c","previousOperationId":"70f27g164b2dlpm"}
{"type":"operationEnd","operationId":"70f27g164b2dlpm","timestamp":1766753687071,"id":"46oz77qr5hy2v1k","previousEventId":"pwnkw8azveb9rrf","previousOperationId":"70f27g164b2dlpm"}
{"type":"log","timestamp":1766753687071,"level":"debug","message":"Skipping storing report.","meta":{"rootId":"svs8vztm93vl0gb","id":"svs8vztm93vl0gb"},"id":"xywcl4v3u10i9j2","previousOperationId":"70f27g164b2dlpm"}
{"type":"log","timestamp":1766753687071,"level":"info","message":"Rendering request 7 finished in 9775 ms","meta":{"rootId":"svs8vztm93vl0gb","id":"svs8vztm93vl0gb"},"id":"k6adeuy38g84r1j","previousOperationId":"70f27g164b2dlpm"}
{"type":"operationEnd","subtype":"render","operationId":"ti9dp9f47cg9ygv","timestamp":1766753687071,"id":"szdmrrzptxys532","previousEventId":"46oz77qr5hy2v1k","previousOperationId":"70f27g164b2dlpm"}
{"type":"operationEnd","doDiffs":false,"previousEventId":"lewq0w3jgru3vwd","previousOperationId":"y5utzauhgtwtnvz","operationId":"y5utzauhgtwtnvz","timestamp":1766753687077,"id":"gwxx5xvm1i6hwsj"}
