{"type":"operationStart","subtype":"profile","data":{"_id":"pHkAFQI6NDXm2ecS","timestamp":"2025-12-26T09:25:48.186Z","state":"running","mode":"standard","creationDate":"2025-12-26T09:25:48.198Z","modificationDate":"2025-12-26T09:25:48.198Z","shortid":"Pm4Jbnp","$entitySet":"profiles","timeout":60000},"doDiffs":false,"timestamp":1766741148195,"id":"jy0t6nqb5eltydg","previousOperationId":null,"operationId":"0alv4l5um2dcvx1"}
{"type":"log","level":"info","message":"Render request 1 queued for execution and waiting for available worker","previousOperationId":"0alv4l5um2dcvx1","timestamp":1766741148195,"id":"loojjqtxq6bgy0s"}
{"type":"operationStart","subtype":"render","name":"anonymous","previousOperationId":"0alv4l5um2dcvx1","timestamp":1766741148276,"id":"s67zoygupilcqf5","previousEventId":"jy0t6nqb5eltydg","operationId":"5xs5mil9bb0zj97"}
{"type":"log","timestamp":1766741148277,"level":"info","message":"Starting rendering request 1","meta":{"rootId":"t11l275yk7tfz96","id":"t11l275yk7tfz96"},"id":"4btdfxawkndqysq","previousOperationId":"5xs5mil9bb0zj97"}
{"type":"log","timestamp":1766741148279,"level":"info","message":"Rendering anonymous template { recipe: pptx, engine: handlebars }","meta":{"rootId":"t11l275yk7tfz96","id":"t11l275yk7tfz96"},"id":"jrhtbannh2loznh","previousOperationId":"5xs5mil9bb0zj97"}
{"type":"log","timestamp":1766741148279,"level":"debug","message":"Inline data specified.","meta":{"rootId":"t11l275yk7tfz96","id":"t11l275yk7tfz96"},"id":"cf3pcr4abr247cq","previousOperationId":"5xs5mil9bb0zj97"}
{"type":"log","timestamp":1766741148288,"level":"debug","message":"Base url not specified, skipping its injection.","meta":{"rootId":"t11l275yk7tfz96","id":"t11l275yk7tfz96"},"id":"0wp0r2b336iqrdc","previousOperationId":"5xs5mil9bb0zj97"}
{"type":"operationStart","subtype":"engine","name":"handlebars","timestamp":1766741148290,"id":"l7v4cvlbb3r3t55","previousEventId":"s67zoygupilcqf5","operationId":"s19n9l76z9yhnmt","previousOperationId":"5xs5mil9bb0zj97"}
{"type":"log","timestamp":1766741148291,"level":"debug","message":"Rendering engine handlebars","meta":{"rootId":"t11l275yk7tfz96","id":"t11l275yk7tfz96"},"id":"ovx7v69ijlpre6y","previousOperationId":"s19n9l76z9yhnmt"}
{"type":"operationEnd","operationId":"s19n9l76z9yhnmt","timestamp":1766741149335,"id":"231h1vig0xk214k","previousEventId":"l7v4cvlbb3r3t55","previousOperationId":"s19n9l76z9yhnmt"}
{"type":"operationStart","subtype":"recipe","name":"pptx","timestamp":1766741149335,"id":"h4l3mmhqbu225hc","previousEventId":"231h1vig0xk214k","operationId":"bouj49v9oycs443","previousOperationId":"s19n9l76z9yhnmt"}
{"type":"log","timestamp":1766741149335,"level":"debug","message":"Executing recipe pptx","meta":{"rootId":"t11l275yk7tfz96","id":"t11l275yk7tfz96"},"id":"6t0m69y5dxfjl76","previousOperationId":"bouj49v9oycs443"}
{"type":"log","timestamp":1766741149561,"level":"info","message":"pptx generation is starting","meta":{"rootId":"t11l275yk7tfz96","id":"t11l275yk7tfz96"},"id":"y8b50g6px9xcdga","previousOperationId":"bouj49v9oycs443"}
{"type":"log","timestamp":1766741150803,"level":"debug","message":"Starting child request to render pptx dynamic parts","meta":{"rootId":"t11l275yk7tfz96","id":"t11l275yk7tfz96"},"id":"wv009b5vn5pr95e","previousOperationId":"bouj49v9oycs443"}
{"type":"operationStart","subtype":"render","name":"anonymous","previousOperationId":"bouj49v9oycs443","timestamp":1766741150804,"id":"zq76pquw42ywv1p","previousEventId":"h4l3mmhqbu225hc","operationId":"p2e2ns4cq23lozn"}
{"type":"log","timestamp":1766741150805,"level":"info","message":"Starting rendering (child) request","meta":{"rootId":"t11l275yk7tfz96","id":"00xjy8l1sfd9ivp"},"id":"cbmsdkdf5he6zu1","previousOperationId":"p2e2ns4cq23lozn"}
{"type":"log","timestamp":1766741150805,"level":"info","message":"Rendering anonymous template { recipe: html, engine: handlebars }","meta":{"rootId":"t11l275yk7tfz96","id":"00xjy8l1sfd9ivp"},"id":"tr1waqzn3pd290i","previousOperationId":"p2e2ns4cq23lozn"}
{"type":"log","timestamp":1766741150805,"level":"debug","message":"Inline data specified.","meta":{"rootId":"t11l275yk7tfz96","id":"00xjy8l1sfd9ivp"},"id":"gjg412jnta67yl1","previousOperationId":"p2e2ns4cq23lozn"}
{"type":"log","timestamp":1766741150810,"level":"debug","message":"Base url not specified, skipping its injection.","meta":{"rootId":"t11l275yk7tfz96","id":"00xjy8l1sfd9ivp"},"id":"wh8gci10w3ccfmq","previousOperationId":"p2e2ns4cq23lozn"}
{"type":"operationStart","subtype":"engine","name":"handlebars","timestamp":1766741150811,"id":"u9z8wo6c13dmcfw","previousEventId":"zq76pquw42ywv1p","operationId":"5tmtqfe7ocqbv4t","previousOperationId":"p2e2ns4cq23lozn"}
{"type":"log","timestamp":1766741150811,"level":"debug","message":"Rendering engine handlebars","meta":{"rootId":"t11l275yk7tfz96","id":"00xjy8l1sfd9ivp"},"id":"b1n6r47hjeuofcc","previousOperationId":"5tmtqfe7ocqbv4t"}
{"type":"operationEnd","operationId":"5tmtqfe7ocqbv4t","timestamp":1766741150921,"id":"gl15hf57y9y4jq6","previousEventId":"u9z8wo6c13dmcfw","previousOperationId":"5tmtqfe7ocqbv4t"}
{"type":"operationStart","subtype":"recipe","name":"html","timestamp":1766741150931,"id":"1uhxz94715rm8qe","previousEventId":"gl15hf57y9y4jq6","operationId":"c1nfc4o8jatcc7s","previousOperationId":"5tmtqfe7ocqbv4t"}
{"type":"log","timestamp":1766741150931,"level":"debug","message":"Executing recipe html","meta":{"rootId":"t11l275yk7tfz96","id":"00xjy8l1sfd9ivp"},"id":"s52utqftbijoo4r","previousOperationId":"c1nfc4o8jatcc7s"}
{"type":"operationEnd","operationId":"c1nfc4o8jatcc7s","timestamp":1766741150931,"id":"s6n285wtsvgi4e1","previousEventId":"1uhxz94715rm8qe","previousOperationId":"c1nfc4o8jatcc7s"}
{"type":"log","timestamp":1766741150932,"level":"debug","message":"Skipping storing report.","meta":{"rootId":"t11l275yk7tfz96","id":"00xjy8l1sfd9ivp"},"id":"127iua8jwsiqqm3","previousOperationId":"c1nfc4o8jatcc7s"}
{"type":"log","timestamp":1766741150932,"level":"info","message":"Rendering (child) request finished in 2747 ms","meta":{"rootId":"t11l275yk7tfz96","id":"00xjy8l1sfd9ivp"},"id":"4i0jz4ualqhfade","previousOperationId":"c1nfc4o8jatcc7s"}
{"type":"operationEnd","subtype":"render","operationId":"p2e2ns4cq23lozn","timestamp":1766741150932,"id":"sr68k4phv1y3qiv","previousEventId":"s6n285wtsvgi4e1","previousOperationId":"c1nfc4o8jatcc7s"}
{"type":"log","timestamp":1766741154892,"level":"debug","message":"pptx successfully zipped","meta":{"rootId":"t11l275yk7tfz96","id":"t11l275yk7tfz96"},"id":"foklecag6qbsefd","previousOperationId":"bouj49v9oycs443"}
{"type":"log","timestamp":1766741154892,"level":"info","message":"pptx generation was finished","meta":{"rootId":"t11l275yk7tfz96","id":"t11l275yk7tfz96"},"id":"gvvyc5gb8kt9oqx","previousOperationId":"bouj49v9oycs443"}
{"type":"operationEnd","operationId":"bouj49v9oycs443","timestamp":1766741154906,"id":"jaibxndght8rjxq","previousEventId":"h4l3mmhqbu225hc","previousOperationId":"bouj49v9oycs443"}
{"type":"log","timestamp":1766741154906,"level":"debug","message":"Skipping storing report.","meta":{"rootId":"t11l275yk7tfz96","id":"t11l275yk7tfz96"},"id":"2ahnqpe54v2bl7t","previousOperationId":"bouj49v9oycs443"}
{"type":"log","timestamp":1766741154906,"level":"info","message":"Rendering request 1 finished in 6721 ms","meta":{"rootId":"t11l275yk7tfz96","id":"t11l275yk7tfz96"},"id":"m50dm5nlc1t3ixm","previousOperationId":"bouj49v9oycs443"}
{"type":"operationEnd","subtype":"render","operationId":"5xs5mil9bb0zj97","timestamp":1766741154906,"id":"jbpad9ju0hpzzgf","previousEventId":"jaibxndght8rjxq","previousOperationId":"bouj49v9oycs443"}
{"type":"operationEnd","doDiffs":false,"previousEventId":"jy0t6nqb5eltydg","previousOperationId":"0alv4l5um2dcvx1","operationId":"0alv4l5um2dcvx1","timestamp":1766741154910,"id":"ihbjbz07pwxov3w"}
