{"type":"operationStart","subtype":"profile","data":{"_id":"tinTcEt22gSKueuF","timestamp":"2025-12-30T18:52:57.070Z","state":"running","mode":"standard","creationDate":"2025-12-30T18:52:57.084Z","modificationDate":"2025-12-30T18:52:57.084Z","shortid":"5f60Aq6","$entitySet":"profiles","timeout":60000},"doDiffs":false,"timestamp":1767120777081,"id":"444waahpoc8n0bh","previousOperationId":null,"operationId":"88lz506qxn3dobi"}
{"type":"log","level":"info","message":"Render request 11 queued for execution and waiting for available worker","previousOperationId":"88lz506qxn3dobi","timestamp":1767120777082,"id":"2z82aqh7s3ltfvu"}
{"type":"operationStart","subtype":"render","name":"anonymous","previousOperationId":"88lz506qxn3dobi","timestamp":1767120777142,"id":"s4u5tlfundp6xf9","previousEventId":"444waahpoc8n0bh","operationId":"5xpbrx3h9r1gh7u"}
{"type":"log","timestamp":1767120777142,"level":"info","message":"Starting rendering request 11","meta":{"rootId":"t2quldm9l7g7sdh","id":"t2quldm9l7g7sdh"},"id":"3y0fm58rghcmk9u","previousOperationId":"5xpbrx3h9r1gh7u"}
{"type":"log","timestamp":1767120777143,"level":"info","message":"Rendering anonymous template { recipe: pptx, engine: handlebars }","meta":{"rootId":"t2quldm9l7g7sdh","id":"t2quldm9l7g7sdh"},"id":"ou7hrhkcc2w18ca","previousOperationId":"5xpbrx3h9r1gh7u"}
{"type":"log","timestamp":1767120777143,"level":"debug","message":"Inline data specified.","meta":{"rootId":"t2quldm9l7g7sdh","id":"t2quldm9l7g7sdh"},"id":"isq3mnns38u6iga","previousOperationId":"5xpbrx3h9r1gh7u"}
{"type":"log","timestamp":1767120777144,"level":"debug","message":"Base url not specified, skipping its injection.","meta":{"rootId":"t2quldm9l7g7sdh","id":"t2quldm9l7g7sdh"},"id":"1f3pp1rhm2kvzmk","previousOperationId":"5xpbrx3h9r1gh7u"}
{"type":"operationStart","subtype":"engine","name":"handlebars","timestamp":1767120777145,"id":"0eiyr2qze84mtnk","previousEventId":"s4u5tlfundp6xf9","operationId":"chrzg1azwda9q5f","previousOperationId":"5xpbrx3h9r1gh7u"}
{"type":"log","timestamp":1767120777145,"level":"debug","message":"Rendering engine handlebars","meta":{"rootId":"t2quldm9l7g7sdh","id":"t2quldm9l7g7sdh"},"id":"hmpgo2zml5jl1os","previousOperationId":"chrzg1azwda9q5f"}
{"type":"operationEnd","operationId":"chrzg1azwda9q5f","timestamp":1767120777158,"id":"46uqf7ui37msmq3","previousEventId":"0eiyr2qze84mtnk","previousOperationId":"chrzg1azwda9q5f"}
{"type":"operationStart","subtype":"recipe","name":"pptx","timestamp":1767120777158,"id":"j0i7l993e6evmle","previousEventId":"46uqf7ui37msmq3","operationId":"ppt1q5c9gd7he5s","previousOperationId":"chrzg1azwda9q5f"}
{"type":"log","timestamp":1767120777158,"level":"debug","message":"Executing recipe pptx","meta":{"rootId":"t2quldm9l7g7sdh","id":"t2quldm9l7g7sdh"},"id":"06or0ds0ru9ify3","previousOperationId":"ppt1q5c9gd7he5s"}
{"type":"log","timestamp":1767120777185,"level":"info","message":"pptx generation is starting","meta":{"rootId":"t2quldm9l7g7sdh","id":"t2quldm9l7g7sdh"},"id":"4yj0rz8tiv8fiif","previousOperationId":"ppt1q5c9gd7he5s"}
{"type":"log","timestamp":1767120778393,"level":"debug","message":"Starting child request to render pptx dynamic parts","meta":{"rootId":"t2quldm9l7g7sdh","id":"t2quldm9l7g7sdh"},"id":"0u5r15arqbhpilo","previousOperationId":"ppt1q5c9gd7he5s"}
{"type":"operationStart","subtype":"render","name":"anonymous","previousOperationId":"ppt1q5c9gd7he5s","timestamp":1767120778394,"id":"zciqtr50260k2d5","previousEventId":"j0i7l993e6evmle","operationId":"9c082bha9oeena3"}
{"type":"log","timestamp":1767120778394,"level":"info","message":"Starting rendering (child) request","meta":{"rootId":"t2quldm9l7g7sdh","id":"dzgqj5rapb4gufl"},"id":"8943ac35go732po","previousOperationId":"9c082bha9oeena3"}
{"type":"log","timestamp":1767120778394,"level":"info","message":"Rendering anonymous template { recipe: html, engine: handlebars }","meta":{"rootId":"t2quldm9l7g7sdh","id":"dzgqj5rapb4gufl"},"id":"ux8bnarf0anq73p","previousOperationId":"9c082bha9oeena3"}
{"type":"log","timestamp":1767120778394,"level":"debug","message":"Inline data specified.","meta":{"rootId":"t2quldm9l7g7sdh","id":"dzgqj5rapb4gufl"},"id":"aoe7n9ydxyc0ogj","previousOperationId":"9c082bha9oeena3"}
{"type":"log","timestamp":1767120778398,"level":"debug","message":"Base url not specified, skipping its injection.","meta":{"rootId":"t2quldm9l7g7sdh","id":"dzgqj5rapb4gufl"},"id":"05lgi272gjnce07","previousOperationId":"9c082bha9oeena3"}
{"type":"operationStart","subtype":"engine","name":"handlebars","timestamp":1767120778399,"id":"8rx3t53q4o8uw84","previousEventId":"zciqtr50260k2d5","operationId":"nrq8s8eb1yrbs4y","previousOperationId":"9c082bha9oeena3"}
{"type":"log","timestamp":1767120778399,"level":"debug","message":"Rendering engine handlebars","meta":{"rootId":"t2quldm9l7g7sdh","id":"dzgqj5rapb4gufl"},"id":"1duhqfxj8jbce9f","previousOperationId":"nrq8s8eb1yrbs4y"}
{"type":"log","timestamp":1767120778515,"level":"debug","message":"(console:log) {\n  type: 'echarts@v5a',\n  width: 848,\n  height: 409,\n  option: { radar: [ [Object] ], series: [ [Object] ] }\n}","meta":{"userLevel":true,"rootId":"t2quldm9l7g7sdh","id":"dzgqj5rapb4gufl"},"id":"o5m2c8qrvo6a5fb","previousOperationId":"nrq8s8eb1yrbs4y"}
{"type":"operationEnd","operationId":"nrq8s8eb1yrbs4y","timestamp":1767120778525,"id":"u3z5ui21i8ehhfx","previousEventId":"8rx3t53q4o8uw84","previousOperationId":"nrq8s8eb1yrbs4y"}
{"type":"operationStart","subtype":"recipe","name":"html","timestamp":1767120778543,"id":"aqji97lr81vnds5","previousEventId":"u3z5ui21i8ehhfx","operationId":"jfeknuw8ix83v0n","previousOperationId":"nrq8s8eb1yrbs4y"}
{"type":"log","timestamp":1767120778543,"level":"debug","message":"Executing recipe html","meta":{"rootId":"t2quldm9l7g7sdh","id":"dzgqj5rapb4gufl"},"id":"iwd4wvjl46wt0ay","previousOperationId":"jfeknuw8ix83v0n"}
{"type":"operationEnd","operationId":"jfeknuw8ix83v0n","timestamp":1767120778543,"id":"o4jvti2gvm18h4o","previousEventId":"aqji97lr81vnds5","previousOperationId":"jfeknuw8ix83v0n"}
{"type":"log","timestamp":1767120778544,"level":"debug","message":"Skipping storing report.","meta":{"rootId":"t2quldm9l7g7sdh","id":"dzgqj5rapb4gufl"},"id":"8rwb1l84x301k5u","previousOperationId":"jfeknuw8ix83v0n"}
{"type":"log","timestamp":1767120778544,"level":"info","message":"Rendering (child) request finished in 1475 ms","meta":{"rootId":"t2quldm9l7g7sdh","id":"dzgqj5rapb4gufl"},"id":"9uz9d09za3tbykk","previousOperationId":"jfeknuw8ix83v0n"}
{"type":"operationEnd","subtype":"render","operationId":"9c082bha9oeena3","timestamp":1767120778544,"id":"685nfbkexcrl21n","previousEventId":"o4jvti2gvm18h4o","previousOperationId":"jfeknuw8ix83v0n"}
{"type":"log","timestamp":1767120782362,"level":"debug","message":"pptx successfully zipped","meta":{"rootId":"t2quldm9l7g7sdh","id":"t2quldm9l7g7sdh"},"id":"iodltg3ayg4krqm","previousOperationId":"ppt1q5c9gd7he5s"}
{"type":"log","timestamp":1767120782362,"level":"info","message":"pptx generation was finished","meta":{"rootId":"t2quldm9l7g7sdh","id":"t2quldm9l7g7sdh"},"id":"k3c0ioeq884wjtk","previousOperationId":"ppt1q5c9gd7he5s"}
{"type":"operationEnd","operationId":"ppt1q5c9gd7he5s","timestamp":1767120782373,"id":"2otu5j4fslon2y5","previousEventId":"j0i7l993e6evmle","previousOperationId":"ppt1q5c9gd7he5s"}
{"type":"log","timestamp":1767120782374,"level":"debug","message":"Skipping storing report.","meta":{"rootId":"t2quldm9l7g7sdh","id":"t2quldm9l7g7sdh"},"id":"6cqzjfag8wjhjo5","previousOperationId":"ppt1q5c9gd7he5s"}
{"type":"log","timestamp":1767120782374,"level":"info","message":"Rendering request 11 finished in 5305 ms","meta":{"rootId":"t2quldm9l7g7sdh","id":"t2quldm9l7g7sdh"},"id":"qfojo7aom9ybeo7","previousOperationId":"ppt1q5c9gd7he5s"}
{"type":"operationEnd","subtype":"render","operationId":"5xpbrx3h9r1gh7u","timestamp":1767120782374,"id":"if9u3tksdlp3ifs","previousEventId":"2otu5j4fslon2y5","previousOperationId":"ppt1q5c9gd7he5s"}
{"type":"operationEnd","doDiffs":false,"previousEventId":"444waahpoc8n0bh","previousOperationId":"88lz506qxn3dobi","operationId":"88lz506qxn3dobi","timestamp":1767120782378,"id":"cg4n697o9dzult4"}
