{"type":"operationStart","subtype":"profile","data":{"_id":"zld7tQScZbFSk1ZA","timestamp":"2025-12-07T18:37:03.929Z","state":"running","mode":"standard","creationDate":"2025-12-07T18:37:03.937Z","modificationDate":"2025-12-07T18:37:03.937Z","shortid":"pMN2vkB","$entitySet":"profiles","timeout":60000},"doDiffs":false,"timestamp":1765132623934,"id":"tt88e5che2a2yoi","previousOperationId":null,"operationId":"cofldv9okmm5nv4"}
{"type":"log","level":"info","message":"Render request 3 queued for execution and waiting for available worker","previousOperationId":"cofldv9okmm5nv4","timestamp":1765132623934,"id":"elgth4krzd6oz3t"}
{"type":"operationStart","subtype":"render","name":"anonymous","previousOperationId":"cofldv9okmm5nv4","timestamp":1765132624009,"id":"9pruoutk949udjc","previousEventId":"tt88e5che2a2yoi","operationId":"dq9gafqwd7bv47b"}
{"type":"log","timestamp":1765132624010,"level":"info","message":"Starting rendering request 3","meta":{"rootId":"t5c3lhu9dwi0nub","id":"t5c3lhu9dwi0nub"},"id":"rs06xzkn029qgck","previousOperationId":"dq9gafqwd7bv47b"}
{"type":"log","timestamp":1765132624011,"level":"info","message":"Rendering anonymous template { recipe: pptx, engine: handlebars }","meta":{"rootId":"t5c3lhu9dwi0nub","id":"t5c3lhu9dwi0nub"},"id":"zog5e1b5jnysm7q","previousOperationId":"dq9gafqwd7bv47b"}
{"type":"log","timestamp":1765132624011,"level":"debug","message":"Inline data specified.","meta":{"rootId":"t5c3lhu9dwi0nub","id":"t5c3lhu9dwi0nub"},"id":"pseipqjlhfa288d","previousOperationId":"dq9gafqwd7bv47b"}
{"type":"log","timestamp":1765132624020,"level":"debug","message":"Base url not specified, skipping its injection.","meta":{"rootId":"t5c3lhu9dwi0nub","id":"t5c3lhu9dwi0nub"},"id":"dg4r0znkd3yf9v1","previousOperationId":"dq9gafqwd7bv47b"}
{"type":"operationStart","subtype":"engine","name":"handlebars","timestamp":1765132624021,"id":"w6o4atttne3z89q","previousEventId":"9pruoutk949udjc","operationId":"orbrxlhqld5mvgj","previousOperationId":"dq9gafqwd7bv47b"}
{"type":"log","timestamp":1765132624021,"level":"debug","message":"Rendering engine handlebars","meta":{"rootId":"t5c3lhu9dwi0nub","id":"t5c3lhu9dwi0nub"},"id":"futoir5juubmsby","previousOperationId":"orbrxlhqld5mvgj"}
{"type":"operationEnd","operationId":"orbrxlhqld5mvgj","timestamp":1765132624047,"id":"xptt7s25sopdjfr","previousEventId":"w6o4atttne3z89q","previousOperationId":"orbrxlhqld5mvgj"}
{"type":"operationStart","subtype":"recipe","name":"pptx","timestamp":1765132624048,"id":"e8rnzjkcglrz36m","previousEventId":"xptt7s25sopdjfr","operationId":"0q4pjx3q00ht0yy","previousOperationId":"orbrxlhqld5mvgj"}
{"type":"log","timestamp":1765132624048,"level":"debug","message":"Executing recipe pptx","meta":{"rootId":"t5c3lhu9dwi0nub","id":"t5c3lhu9dwi0nub"},"id":"9hnxh5zc20ad9f2","previousOperationId":"0q4pjx3q00ht0yy"}
{"type":"log","timestamp":1765132624069,"level":"info","message":"pptx generation is starting","meta":{"rootId":"t5c3lhu9dwi0nub","id":"t5c3lhu9dwi0nub"},"id":"vjbbyzle7v4gkgg","previousOperationId":"0q4pjx3q00ht0yy"}
{"type":"log","timestamp":1765132625736,"level":"debug","message":"Starting child request to render pptx dynamic parts","meta":{"rootId":"t5c3lhu9dwi0nub","id":"t5c3lhu9dwi0nub"},"id":"i7j1rk5olks8u7p","previousOperationId":"0q4pjx3q00ht0yy"}
{"type":"operationStart","subtype":"render","name":"anonymous","previousOperationId":"0q4pjx3q00ht0yy","timestamp":1765132625736,"id":"cmkqaloo7ug452y","previousEventId":"e8rnzjkcglrz36m","operationId":"tfvhg5pm7ztcpln"}
{"type":"log","timestamp":1765132625737,"level":"info","message":"Starting rendering (child) request","meta":{"rootId":"t5c3lhu9dwi0nub","id":"pupxjexsl1qqkpa"},"id":"0d6xvigeyjsbg3v","previousOperationId":"tfvhg5pm7ztcpln"}
{"type":"log","timestamp":1765132625737,"level":"info","message":"Rendering anonymous template { recipe: html, engine: handlebars }","meta":{"rootId":"t5c3lhu9dwi0nub","id":"pupxjexsl1qqkpa"},"id":"tpuk55zw9jfdtob","previousOperationId":"tfvhg5pm7ztcpln"}
{"type":"log","timestamp":1765132625737,"level":"debug","message":"Inline data specified.","meta":{"rootId":"t5c3lhu9dwi0nub","id":"pupxjexsl1qqkpa"},"id":"eotrwu3x40qeu0l","previousOperationId":"tfvhg5pm7ztcpln"}
{"type":"log","timestamp":1765132625743,"level":"debug","message":"Base url not specified, skipping its injection.","meta":{"rootId":"t5c3lhu9dwi0nub","id":"pupxjexsl1qqkpa"},"id":"dztvfvtpe3z8i5m","previousOperationId":"tfvhg5pm7ztcpln"}
{"type":"operationStart","subtype":"engine","name":"handlebars","timestamp":1765132625745,"id":"ds8iwt9az6cg0sj","previousEventId":"cmkqaloo7ug452y","operationId":"ri9axl3pq0nuvjh","previousOperationId":"tfvhg5pm7ztcpln"}
{"type":"log","timestamp":1765132625745,"level":"debug","message":"Rendering engine handlebars","meta":{"rootId":"t5c3lhu9dwi0nub","id":"pupxjexsl1qqkpa"},"id":"kne61a3snuet9s5","previousOperationId":"ri9axl3pq0nuvjh"}
{"type":"operationEnd","operationId":"ri9axl3pq0nuvjh","timestamp":1765132625904,"id":"b3613kjtakbd6ek","previousEventId":"ds8iwt9az6cg0sj","previousOperationId":"ri9axl3pq0nuvjh"}
{"type":"operationStart","subtype":"recipe","name":"html","timestamp":1765132625919,"id":"d6vyvps9618wae6","previousEventId":"b3613kjtakbd6ek","operationId":"ynvdmy9ywlieqw5","previousOperationId":"ri9axl3pq0nuvjh"}
{"type":"log","timestamp":1765132625919,"level":"debug","message":"Executing recipe html","meta":{"rootId":"t5c3lhu9dwi0nub","id":"pupxjexsl1qqkpa"},"id":"dam150nxiddgq20","previousOperationId":"ynvdmy9ywlieqw5"}
{"type":"operationEnd","operationId":"ynvdmy9ywlieqw5","timestamp":1765132625919,"id":"3weifsi2m9czefb","previousEventId":"d6vyvps9618wae6","previousOperationId":"ynvdmy9ywlieqw5"}
{"type":"log","timestamp":1765132625919,"level":"debug","message":"Skipping storing report.","meta":{"rootId":"t5c3lhu9dwi0nub","id":"pupxjexsl1qqkpa"},"id":"g5wvox9lxp1n5tg","previousOperationId":"ynvdmy9ywlieqw5"}
{"type":"log","timestamp":1765132625919,"level":"info","message":"Rendering (child) request finished in 1994 ms","meta":{"rootId":"t5c3lhu9dwi0nub","id":"pupxjexsl1qqkpa"},"id":"3x149d4o6eapzzb","previousOperationId":"ynvdmy9ywlieqw5"}
{"type":"operationEnd","subtype":"render","operationId":"tfvhg5pm7ztcpln","timestamp":1765132625919,"id":"boolte41st1o9pk","previousEventId":"3weifsi2m9czefb","previousOperationId":"ynvdmy9ywlieqw5"}
{"type":"log","timestamp":1765132631798,"level":"debug","message":"pptx successfully zipped","meta":{"rootId":"t5c3lhu9dwi0nub","id":"t5c3lhu9dwi0nub"},"id":"x2ku9suwbav6i14","previousOperationId":"0q4pjx3q00ht0yy"}
{"type":"log","timestamp":1765132631798,"level":"info","message":"pptx generation was finished","meta":{"rootId":"t5c3lhu9dwi0nub","id":"t5c3lhu9dwi0nub"},"id":"ego2b648w2cxrp1","previousOperationId":"0q4pjx3q00ht0yy"}
{"type":"operationEnd","operationId":"0q4pjx3q00ht0yy","timestamp":1765132631808,"id":"os5oqkdhi9gzedp","previousEventId":"e8rnzjkcglrz36m","previousOperationId":"0q4pjx3q00ht0yy"}
{"type":"log","timestamp":1765132631808,"level":"debug","message":"Skipping storing report.","meta":{"rootId":"t5c3lhu9dwi0nub","id":"t5c3lhu9dwi0nub"},"id":"ha48spjs9467q0u","previousOperationId":"0q4pjx3q00ht0yy"}
{"type":"log","timestamp":1765132631808,"level":"info","message":"Rendering request 3 finished in 7883 ms","meta":{"rootId":"t5c3lhu9dwi0nub","id":"t5c3lhu9dwi0nub"},"id":"x3e4wv7p646uumy","previousOperationId":"0q4pjx3q00ht0yy"}
{"type":"operationEnd","subtype":"render","operationId":"dq9gafqwd7bv47b","timestamp":1765132631808,"id":"zunhby1wd6azemn","previousEventId":"os5oqkdhi9gzedp","previousOperationId":"0q4pjx3q00ht0yy"}
{"type":"operationEnd","doDiffs":false,"previousEventId":"tt88e5che2a2yoi","previousOperationId":"cofldv9okmm5nv4","operationId":"cofldv9okmm5nv4","timestamp":1765132631815,"id":"cwun0ywj6e36kbc"}
