{"type":"operationStart","subtype":"profile","data":{"_id":"xZHf8Y2DhDLJtK5G","timestamp":"2025-12-26T12:20:59.328Z","state":"running","mode":"standard","creationDate":"2025-12-26T12:20:59.335Z","modificationDate":"2025-12-26T12:20:59.335Z","shortid":"AZ-oW0z","$entitySet":"profiles","timeout":60000},"doDiffs":false,"timestamp":1766751659332,"id":"37gd7mrtpo5lkp3","previousOperationId":null,"operationId":"3o0phshwpyf569g"}
{"type":"log","level":"info","message":"Render request 1 queued for execution and waiting for available worker","previousOperationId":"3o0phshwpyf569g","timestamp":1766751659332,"id":"im6925sl2a5arbi"}
{"type":"operationStart","subtype":"render","name":"anonymous","previousOperationId":"3o0phshwpyf569g","timestamp":1766751659445,"id":"mwr1lsi3kq28nqe","previousEventId":"37gd7mrtpo5lkp3","operationId":"ju1obck6gc29em0"}
{"type":"log","timestamp":1766751659447,"level":"info","message":"Starting rendering request 1","meta":{"rootId":"t61bbnarsx2726q","id":"t61bbnarsx2726q"},"id":"z2k74opvrpg8f7o","previousOperationId":"ju1obck6gc29em0"}
{"type":"log","timestamp":1766751659449,"level":"info","message":"Rendering anonymous template { recipe: pptx, engine: handlebars }","meta":{"rootId":"t61bbnarsx2726q","id":"t61bbnarsx2726q"},"id":"a3fqpr70i5sig0w","previousOperationId":"ju1obck6gc29em0"}
{"type":"log","timestamp":1766751659449,"level":"debug","message":"Inline data specified.","meta":{"rootId":"t61bbnarsx2726q","id":"t61bbnarsx2726q"},"id":"2jidm61ieg6tf6f","previousOperationId":"ju1obck6gc29em0"}
{"type":"log","timestamp":1766751659457,"level":"debug","message":"Base url not specified, skipping its injection.","meta":{"rootId":"t61bbnarsx2726q","id":"t61bbnarsx2726q"},"id":"09de1b4ij6wdbca","previousOperationId":"ju1obck6gc29em0"}
{"type":"operationStart","subtype":"engine","name":"handlebars","timestamp":1766751659460,"id":"4a7t16wkyxqr4w2","previousEventId":"mwr1lsi3kq28nqe","operationId":"unr51pb60czdj48","previousOperationId":"ju1obck6gc29em0"}
{"type":"log","timestamp":1766751659460,"level":"debug","message":"Rendering engine handlebars","meta":{"rootId":"t61bbnarsx2726q","id":"t61bbnarsx2726q"},"id":"nt574is1ve5dksv","previousOperationId":"unr51pb60czdj48"}
{"type":"operationEnd","operationId":"unr51pb60czdj48","timestamp":1766751660728,"id":"qac1qe8jn8hamgi","previousEventId":"4a7t16wkyxqr4w2","previousOperationId":"unr51pb60czdj48"}
{"type":"operationStart","subtype":"recipe","name":"pptx","timestamp":1766751660729,"id":"gt2fxy8mdhxup19","previousEventId":"qac1qe8jn8hamgi","operationId":"kn7ho659tvxi4fi","previousOperationId":"unr51pb60czdj48"}
{"type":"log","timestamp":1766751660729,"level":"debug","message":"Executing recipe pptx","meta":{"rootId":"t61bbnarsx2726q","id":"t61bbnarsx2726q"},"id":"c6dl88j04uunqq0","previousOperationId":"kn7ho659tvxi4fi"}
{"type":"log","timestamp":1766751661005,"level":"info","message":"pptx generation is starting","meta":{"rootId":"t61bbnarsx2726q","id":"t61bbnarsx2726q"},"id":"86yl1rl9zrcna2p","previousOperationId":"kn7ho659tvxi4fi"}
{"type":"log","timestamp":1766751662782,"level":"debug","message":"Starting child request to render pptx dynamic parts","meta":{"rootId":"t61bbnarsx2726q","id":"t61bbnarsx2726q"},"id":"2so3vrumhquvu47","previousOperationId":"kn7ho659tvxi4fi"}
{"type":"operationStart","subtype":"render","name":"anonymous","previousOperationId":"kn7ho659tvxi4fi","timestamp":1766751662784,"id":"7fjnoj9u6smzh43","previousEventId":"gt2fxy8mdhxup19","operationId":"kjs0els2zvl64ha"}
{"type":"log","timestamp":1766751662784,"level":"info","message":"Starting rendering (child) request","meta":{"rootId":"t61bbnarsx2726q","id":"vhux0itdk86pg3n"},"id":"vexzf6eilgzqts9","previousOperationId":"kjs0els2zvl64ha"}
{"type":"log","timestamp":1766751662784,"level":"info","message":"Rendering anonymous template { recipe: html, engine: handlebars }","meta":{"rootId":"t61bbnarsx2726q","id":"vhux0itdk86pg3n"},"id":"k3lfahbr4hszr8i","previousOperationId":"kjs0els2zvl64ha"}
{"type":"log","timestamp":1766751662784,"level":"debug","message":"Inline data specified.","meta":{"rootId":"t61bbnarsx2726q","id":"vhux0itdk86pg3n"},"id":"dwehpcuxx5lvmj5","previousOperationId":"kjs0els2zvl64ha"}
{"type":"log","timestamp":1766751662793,"level":"debug","message":"Base url not specified, skipping its injection.","meta":{"rootId":"t61bbnarsx2726q","id":"vhux0itdk86pg3n"},"id":"wokonumd2bsbipa","previousOperationId":"kjs0els2zvl64ha"}
{"type":"operationStart","subtype":"engine","name":"handlebars","timestamp":1766751662795,"id":"aqixf33wv2vp62i","previousEventId":"7fjnoj9u6smzh43","operationId":"rgg1t44ncuovab2","previousOperationId":"kjs0els2zvl64ha"}
{"type":"log","timestamp":1766751662795,"level":"debug","message":"Rendering engine handlebars","meta":{"rootId":"t61bbnarsx2726q","id":"vhux0itdk86pg3n"},"id":"82mpsa46hs5yy0g","previousOperationId":"rgg1t44ncuovab2"}
{"type":"operationEnd","operationId":"rgg1t44ncuovab2","timestamp":1766751662973,"id":"bo1ns6wn74g62rz","previousEventId":"aqixf33wv2vp62i","previousOperationId":"rgg1t44ncuovab2"}
{"type":"operationStart","subtype":"recipe","name":"html","timestamp":1766751662989,"id":"pxsrhf9qb8zyg74","previousEventId":"bo1ns6wn74g62rz","operationId":"4bpouqrg7frs1oa","previousOperationId":"rgg1t44ncuovab2"}
{"type":"log","timestamp":1766751662989,"level":"debug","message":"Executing recipe html","meta":{"rootId":"t61bbnarsx2726q","id":"vhux0itdk86pg3n"},"id":"mjcu0x51gb9tzfd","previousOperationId":"4bpouqrg7frs1oa"}
{"type":"operationEnd","operationId":"4bpouqrg7frs1oa","timestamp":1766751662989,"id":"fsq82clm48x5yap","previousEventId":"pxsrhf9qb8zyg74","previousOperationId":"4bpouqrg7frs1oa"}
{"type":"log","timestamp":1766751662991,"level":"debug","message":"Skipping storing report.","meta":{"rootId":"t61bbnarsx2726q","id":"vhux0itdk86pg3n"},"id":"j98y0t090c6gkp4","previousOperationId":"4bpouqrg7frs1oa"}
{"type":"log","timestamp":1766751662991,"level":"info","message":"Rendering (child) request finished in 3667 ms","meta":{"rootId":"t61bbnarsx2726q","id":"vhux0itdk86pg3n"},"id":"as1sy8z22kg4sxy","previousOperationId":"4bpouqrg7frs1oa"}
{"type":"operationEnd","subtype":"render","operationId":"kjs0els2zvl64ha","timestamp":1766751662991,"id":"ond8ddkaoddfcq2","previousEventId":"fsq82clm48x5yap","previousOperationId":"4bpouqrg7frs1oa"}
{"type":"log","timestamp":1766751668675,"level":"debug","message":"pptx successfully zipped","meta":{"rootId":"t61bbnarsx2726q","id":"t61bbnarsx2726q"},"id":"ns9gjiqlq6eyrif","previousOperationId":"kn7ho659tvxi4fi"}
{"type":"log","timestamp":1766751668675,"level":"info","message":"pptx generation was finished","meta":{"rootId":"t61bbnarsx2726q","id":"t61bbnarsx2726q"},"id":"90pggh62hylhv91","previousOperationId":"kn7ho659tvxi4fi"}
{"type":"operationEnd","operationId":"kn7ho659tvxi4fi","timestamp":1766751668691,"id":"yrud29fh9gr8nqf","previousEventId":"gt2fxy8mdhxup19","previousOperationId":"kn7ho659tvxi4fi"}
{"type":"log","timestamp":1766751668692,"level":"debug","message":"Skipping storing report.","meta":{"rootId":"t61bbnarsx2726q","id":"t61bbnarsx2726q"},"id":"wth3qn733m7xrfm","previousOperationId":"kn7ho659tvxi4fi"}
{"type":"log","timestamp":1766751668692,"level":"info","message":"Rendering request 1 finished in 9368 ms","meta":{"rootId":"t61bbnarsx2726q","id":"t61bbnarsx2726q"},"id":"7kaidnjo89k8hx9","previousOperationId":"kn7ho659tvxi4fi"}
{"type":"operationEnd","subtype":"render","operationId":"ju1obck6gc29em0","timestamp":1766751668692,"id":"4ssb2ktsnq3e57z","previousEventId":"yrud29fh9gr8nqf","previousOperationId":"kn7ho659tvxi4fi"}
{"type":"operationEnd","doDiffs":false,"previousEventId":"37gd7mrtpo5lkp3","previousOperationId":"3o0phshwpyf569g","operationId":"3o0phshwpyf569g","timestamp":1766751668699,"id":"rnwczg3ebrf0mam"}
