{"type":"operationStart","subtype":"profile","data":{"_id":"5DuVnzPf85lkfWfH","timestamp":"2025-12-28T14:31:08.345Z","state":"running","mode":"standard","creationDate":"2025-12-28T14:31:08.349Z","modificationDate":"2025-12-28T14:31:08.349Z","shortid":"LUYKMk0","$entitySet":"profiles","timeout":60000},"doDiffs":false,"timestamp":1766932268347,"id":"yhmga0euuarcqen","previousOperationId":null,"operationId":"cm36sbjufvwb5iu"}
{"type":"log","level":"info","message":"Render request 22 queued for execution and waiting for available worker","previousOperationId":"cm36sbjufvwb5iu","timestamp":1766932268347,"id":"s9wexuoeuo18pft"}
{"type":"operationStart","subtype":"render","name":"anonymous","previousOperationId":"cm36sbjufvwb5iu","timestamp":1766932268394,"id":"csunydaig0kevqp","previousEventId":"yhmga0euuarcqen","operationId":"2gc6v7bqdnml061"}
{"type":"log","timestamp":1766932268395,"level":"info","message":"Starting rendering request 22","meta":{"rootId":"t6773g1ywujv756","id":"t6773g1ywujv756"},"id":"adp2qxduayj6va4","previousOperationId":"2gc6v7bqdnml061"}
{"type":"log","timestamp":1766932268395,"level":"info","message":"Rendering anonymous template { recipe: pptx, engine: handlebars }","meta":{"rootId":"t6773g1ywujv756","id":"t6773g1ywujv756"},"id":"bvrkfxkscyr9ec1","previousOperationId":"2gc6v7bqdnml061"}
{"type":"log","timestamp":1766932268395,"level":"debug","message":"Inline data specified.","meta":{"rootId":"t6773g1ywujv756","id":"t6773g1ywujv756"},"id":"gnfhiil1y5e1j0x","previousOperationId":"2gc6v7bqdnml061"}
{"type":"log","timestamp":1766932268397,"level":"debug","message":"Base url not specified, skipping its injection.","meta":{"rootId":"t6773g1ywujv756","id":"t6773g1ywujv756"},"id":"7uvo7f2828plb68","previousOperationId":"2gc6v7bqdnml061"}
{"type":"operationStart","subtype":"engine","name":"handlebars","timestamp":1766932268397,"id":"jcce5glggj1avk7","previousEventId":"csunydaig0kevqp","operationId":"0ao6c2tveo44hjd","previousOperationId":"2gc6v7bqdnml061"}
{"type":"log","timestamp":1766932268397,"level":"debug","message":"Rendering engine handlebars","meta":{"rootId":"t6773g1ywujv756","id":"t6773g1ywujv756"},"id":"baj8p28hou7aewh","previousOperationId":"0ao6c2tveo44hjd"}
{"type":"operationEnd","operationId":"0ao6c2tveo44hjd","timestamp":1766932268408,"id":"z4qfgwvla7t021l","previousEventId":"jcce5glggj1avk7","previousOperationId":"0ao6c2tveo44hjd"}
{"type":"operationStart","subtype":"recipe","name":"pptx","timestamp":1766932268409,"id":"q3vtwox34fiaebq","previousEventId":"z4qfgwvla7t021l","operationId":"yu80322q5yfsx9q","previousOperationId":"0ao6c2tveo44hjd"}
{"type":"log","timestamp":1766932268409,"level":"debug","message":"Executing recipe pptx","meta":{"rootId":"t6773g1ywujv756","id":"t6773g1ywujv756"},"id":"rf159mr8ute6l5i","previousOperationId":"yu80322q5yfsx9q"}
{"type":"log","timestamp":1766932268431,"level":"info","message":"pptx generation is starting","meta":{"rootId":"t6773g1ywujv756","id":"t6773g1ywujv756"},"id":"yavy1f127mjhhfl","previousOperationId":"yu80322q5yfsx9q"}
{"type":"log","timestamp":1766932269567,"level":"debug","message":"Starting child request to render pptx dynamic parts","meta":{"rootId":"t6773g1ywujv756","id":"t6773g1ywujv756"},"id":"bkbq09kzzr0xdlg","previousOperationId":"yu80322q5yfsx9q"}
{"type":"operationStart","subtype":"render","name":"anonymous","previousOperationId":"yu80322q5yfsx9q","timestamp":1766932269567,"id":"8345hsxt7m28e3e","previousEventId":"q3vtwox34fiaebq","operationId":"68wk8eeb6j07ufb"}
{"type":"log","timestamp":1766932269567,"level":"info","message":"Starting rendering (child) request","meta":{"rootId":"t6773g1ywujv756","id":"jgiae9bc9ltnpug"},"id":"pginq75jnhh9aux","previousOperationId":"68wk8eeb6j07ufb"}
{"type":"log","timestamp":1766932269568,"level":"info","message":"Rendering anonymous template { recipe: html, engine: handlebars }","meta":{"rootId":"t6773g1ywujv756","id":"jgiae9bc9ltnpug"},"id":"2muaun6kwyv994q","previousOperationId":"68wk8eeb6j07ufb"}
{"type":"log","timestamp":1766932269568,"level":"debug","message":"Inline data specified.","meta":{"rootId":"t6773g1ywujv756","id":"jgiae9bc9ltnpug"},"id":"7e7st2e5jsqo2d1","previousOperationId":"68wk8eeb6j07ufb"}
{"type":"log","timestamp":1766932269572,"level":"debug","message":"Base url not specified, skipping its injection.","meta":{"rootId":"t6773g1ywujv756","id":"jgiae9bc9ltnpug"},"id":"plnuo8mup4xcj14","previousOperationId":"68wk8eeb6j07ufb"}
{"type":"operationStart","subtype":"engine","name":"handlebars","timestamp":1766932269572,"id":"jfpk9qjpp3e7h8s","previousEventId":"8345hsxt7m28e3e","operationId":"0chgpu8xnwa7eby","previousOperationId":"68wk8eeb6j07ufb"}
{"type":"log","timestamp":1766932269572,"level":"debug","message":"Rendering engine handlebars","meta":{"rootId":"t6773g1ywujv756","id":"jgiae9bc9ltnpug"},"id":"81hxpiqclxv16ih","previousOperationId":"0chgpu8xnwa7eby"}
{"type":"log","timestamp":1766932269677,"level":"debug","message":"(console:log) {\n  type: 'echarts@v5a',\n  width: 848,\n  height: 409,\n  option: { radar: [ [Object] ], series: [ [Object] ] }\n}","meta":{"userLevel":true,"rootId":"t6773g1ywujv756","id":"jgiae9bc9ltnpug"},"id":"h9i25qkj3wzns18","previousOperationId":"0chgpu8xnwa7eby"}
{"type":"operationEnd","operationId":"0chgpu8xnwa7eby","timestamp":1766932269684,"id":"v8meo3nioa783t5","previousEventId":"jfpk9qjpp3e7h8s","previousOperationId":"0chgpu8xnwa7eby"}
{"type":"operationStart","subtype":"recipe","name":"html","timestamp":1766932269696,"id":"lw2rjby4yjyz7f9","previousEventId":"v8meo3nioa783t5","operationId":"tikevx01v29zln8","previousOperationId":"0chgpu8xnwa7eby"}
{"type":"log","timestamp":1766932269696,"level":"debug","message":"Executing recipe html","meta":{"rootId":"t6773g1ywujv756","id":"jgiae9bc9ltnpug"},"id":"z3yeizu205q505k","previousOperationId":"tikevx01v29zln8"}
{"type":"operationEnd","operationId":"tikevx01v29zln8","timestamp":1766932269696,"id":"jwxeewbkvzecox9","previousEventId":"lw2rjby4yjyz7f9","previousOperationId":"tikevx01v29zln8"}
{"type":"log","timestamp":1766932269696,"level":"debug","message":"Skipping storing report.","meta":{"rootId":"t6773g1ywujv756","id":"jgiae9bc9ltnpug"},"id":"k30rporfyido39e","previousOperationId":"tikevx01v29zln8"}
{"type":"log","timestamp":1766932269696,"level":"info","message":"Rendering (child) request finished in 1355 ms","meta":{"rootId":"t6773g1ywujv756","id":"jgiae9bc9ltnpug"},"id":"7hv2qc2jskte6xl","previousOperationId":"tikevx01v29zln8"}
{"type":"operationEnd","subtype":"render","operationId":"68wk8eeb6j07ufb","timestamp":1766932269696,"id":"u6mzlgk114n9hmk","previousEventId":"jwxeewbkvzecox9","previousOperationId":"tikevx01v29zln8"}
{"type":"log","timestamp":1766932272745,"level":"debug","message":"pptx successfully zipped","meta":{"rootId":"t6773g1ywujv756","id":"t6773g1ywujv756"},"id":"ubcjhxtvkgu9ogm","previousOperationId":"yu80322q5yfsx9q"}
{"type":"log","timestamp":1766932272745,"level":"info","message":"pptx generation was finished","meta":{"rootId":"t6773g1ywujv756","id":"t6773g1ywujv756"},"id":"d2vg6nxj3dyzt09","previousOperationId":"yu80322q5yfsx9q"}
{"type":"operationEnd","operationId":"yu80322q5yfsx9q","timestamp":1766932272753,"id":"yx37pbh1few5gfk","previousEventId":"q3vtwox34fiaebq","previousOperationId":"yu80322q5yfsx9q"}
{"type":"log","timestamp":1766932272753,"level":"debug","message":"Skipping storing report.","meta":{"rootId":"t6773g1ywujv756","id":"t6773g1ywujv756"},"id":"s149f1fvwyqmnvd","previousOperationId":"yu80322q5yfsx9q"}
{"type":"log","timestamp":1766932272753,"level":"info","message":"Rendering request 22 finished in 4412 ms","meta":{"rootId":"t6773g1ywujv756","id":"t6773g1ywujv756"},"id":"x2d9ytqq0t5u18t","previousOperationId":"yu80322q5yfsx9q"}
{"type":"operationEnd","subtype":"render","operationId":"2gc6v7bqdnml061","timestamp":1766932272753,"id":"t8w129l9bo0ed3c","previousEventId":"yx37pbh1few5gfk","previousOperationId":"yu80322q5yfsx9q"}
{"type":"operationEnd","doDiffs":false,"previousEventId":"yhmga0euuarcqen","previousOperationId":"cm36sbjufvwb5iu","operationId":"cm36sbjufvwb5iu","timestamp":1766932272757,"id":"mecvak28jcl35ht"}
