{"type":"operationStart","subtype":"profile","data":{"_id":"bY5lwxMTlnUSbyP3","timestamp":"2025-12-31T10:32:10.380Z","state":"running","mode":"standard","creationDate":"2025-12-31T10:32:10.387Z","modificationDate":"2025-12-31T10:32:10.387Z","shortid":"Renxumy","$entitySet":"profiles","timeout":60000},"doDiffs":false,"timestamp":1767177130384,"id":"6yq047lbyoxxzcj","previousOperationId":null,"operationId":"5zedgekr2ho77ia"}
{"type":"log","level":"info","message":"Render request 19 queued for execution and waiting for available worker","previousOperationId":"5zedgekr2ho77ia","timestamp":1767177130384,"id":"rfa17zfoqjxb6yf"}
{"type":"operationStart","subtype":"render","name":"anonymous","previousOperationId":"5zedgekr2ho77ia","timestamp":1767177130433,"id":"eo576ncektdp6da","previousEventId":"6yq047lbyoxxzcj","operationId":"zce7mpdoknxzun7"}
{"type":"log","timestamp":1767177130433,"level":"info","message":"Starting rendering request 19","meta":{"rootId":"t6egp3nttmnu86t","id":"t6egp3nttmnu86t"},"id":"eb2fk2fbrcp8yjw","previousOperationId":"zce7mpdoknxzun7"}
{"type":"log","timestamp":1767177130434,"level":"info","message":"Rendering anonymous template { recipe: pptx, engine: handlebars }","meta":{"rootId":"t6egp3nttmnu86t","id":"t6egp3nttmnu86t"},"id":"g1w0h451b306dxy","previousOperationId":"zce7mpdoknxzun7"}
{"type":"log","timestamp":1767177130434,"level":"debug","message":"Inline data specified.","meta":{"rootId":"t6egp3nttmnu86t","id":"t6egp3nttmnu86t"},"id":"9zmb3cgwbuvyu7d","previousOperationId":"zce7mpdoknxzun7"}
{"type":"log","timestamp":1767177130436,"level":"debug","message":"Base url not specified, skipping its injection.","meta":{"rootId":"t6egp3nttmnu86t","id":"t6egp3nttmnu86t"},"id":"ixduowh366mkoal","previousOperationId":"zce7mpdoknxzun7"}
{"type":"operationStart","subtype":"engine","name":"handlebars","timestamp":1767177130437,"id":"2xt2ak3v106j8wm","previousEventId":"eo576ncektdp6da","operationId":"brjjjvv1lebdybm","previousOperationId":"zce7mpdoknxzun7"}
{"type":"log","timestamp":1767177130437,"level":"debug","message":"Rendering engine handlebars","meta":{"rootId":"t6egp3nttmnu86t","id":"t6egp3nttmnu86t"},"id":"e71z0nqhn8y9kyu","previousOperationId":"brjjjvv1lebdybm"}
{"type":"operationEnd","operationId":"brjjjvv1lebdybm","timestamp":1767177130452,"id":"7cf48p1odkcgd7i","previousEventId":"2xt2ak3v106j8wm","previousOperationId":"brjjjvv1lebdybm"}
{"type":"operationStart","subtype":"recipe","name":"pptx","timestamp":1767177130452,"id":"lx8ozz3s34mr6z5","previousEventId":"7cf48p1odkcgd7i","operationId":"tdy5t0ev62yzkc0","previousOperationId":"brjjjvv1lebdybm"}
{"type":"log","timestamp":1767177130452,"level":"debug","message":"Executing recipe pptx","meta":{"rootId":"t6egp3nttmnu86t","id":"t6egp3nttmnu86t"},"id":"ky20wdubtfq4gtt","previousOperationId":"tdy5t0ev62yzkc0"}
{"type":"log","timestamp":1767177130474,"level":"info","message":"pptx generation is starting","meta":{"rootId":"t6egp3nttmnu86t","id":"t6egp3nttmnu86t"},"id":"om8ou6iqhvny4zq","previousOperationId":"tdy5t0ev62yzkc0"}
{"type":"log","timestamp":1767177132458,"level":"debug","message":"Starting child request to render pptx dynamic parts","meta":{"rootId":"t6egp3nttmnu86t","id":"t6egp3nttmnu86t"},"id":"poah2qqyxl64xj5","previousOperationId":"tdy5t0ev62yzkc0"}
{"type":"operationStart","subtype":"render","name":"anonymous","previousOperationId":"tdy5t0ev62yzkc0","timestamp":1767177132458,"id":"els00fbfcgbh9li","previousEventId":"lx8ozz3s34mr6z5","operationId":"1k23j33cqipr565"}
{"type":"log","timestamp":1767177132458,"level":"info","message":"Starting rendering (child) request","meta":{"rootId":"t6egp3nttmnu86t","id":"gopz90vu3kstkb2"},"id":"1upq120qyak67zr","previousOperationId":"1k23j33cqipr565"}
{"type":"log","timestamp":1767177132459,"level":"info","message":"Rendering anonymous template { recipe: html, engine: handlebars }","meta":{"rootId":"t6egp3nttmnu86t","id":"gopz90vu3kstkb2"},"id":"pmxamsrmfsa4e7e","previousOperationId":"1k23j33cqipr565"}
{"type":"log","timestamp":1767177132459,"level":"debug","message":"Inline data specified.","meta":{"rootId":"t6egp3nttmnu86t","id":"gopz90vu3kstkb2"},"id":"ka7n13ingog7dgy","previousOperationId":"1k23j33cqipr565"}
{"type":"log","timestamp":1767177132468,"level":"debug","message":"Base url not specified, skipping its injection.","meta":{"rootId":"t6egp3nttmnu86t","id":"gopz90vu3kstkb2"},"id":"afomwb4vjs0kjtd","previousOperationId":"1k23j33cqipr565"}
{"type":"operationStart","subtype":"engine","name":"handlebars","timestamp":1767177132470,"id":"3i2kfyjdnuym27l","previousEventId":"els00fbfcgbh9li","operationId":"d214o91ru22dyyv","previousOperationId":"1k23j33cqipr565"}
{"type":"log","timestamp":1767177132470,"level":"debug","message":"Rendering engine handlebars","meta":{"rootId":"t6egp3nttmnu86t","id":"gopz90vu3kstkb2"},"id":"ps1xlpflskfi7cf","previousOperationId":"d214o91ru22dyyv"}
{"type":"log","timestamp":1767177132704,"level":"debug","message":"(console:log) {\n  type: 'echarts@v5a',\n  width: 848,\n  height: 409,\n  option: { radar: [ [Object] ], series: [ [Object] ] }\n}","meta":{"userLevel":true,"rootId":"t6egp3nttmnu86t","id":"gopz90vu3kstkb2"},"id":"0lrx9r28jbh325i","previousOperationId":"d214o91ru22dyyv"}
{"type":"operationEnd","operationId":"d214o91ru22dyyv","timestamp":1767177132720,"id":"prbmhakahn5yw5r","previousEventId":"3i2kfyjdnuym27l","previousOperationId":"d214o91ru22dyyv"}
{"type":"operationStart","subtype":"recipe","name":"html","timestamp":1767177132742,"id":"1dy6swzs6vo7c32","previousEventId":"prbmhakahn5yw5r","operationId":"s1s0cm7qyas5w44","previousOperationId":"d214o91ru22dyyv"}
{"type":"log","timestamp":1767177132742,"level":"debug","message":"Executing recipe html","meta":{"rootId":"t6egp3nttmnu86t","id":"gopz90vu3kstkb2"},"id":"v89nbkfjlw2lq70","previousOperationId":"s1s0cm7qyas5w44"}
{"type":"operationEnd","operationId":"s1s0cm7qyas5w44","timestamp":1767177132742,"id":"cyty85074l1gmtp","previousEventId":"1dy6swzs6vo7c32","previousOperationId":"s1s0cm7qyas5w44"}
{"type":"log","timestamp":1767177132742,"level":"debug","message":"Skipping storing report.","meta":{"rootId":"t6egp3nttmnu86t","id":"gopz90vu3kstkb2"},"id":"quivf1ns2dq758l","previousOperationId":"s1s0cm7qyas5w44"}
{"type":"log","timestamp":1767177132742,"level":"info","message":"Rendering (child) request finished in 2365 ms","meta":{"rootId":"t6egp3nttmnu86t","id":"gopz90vu3kstkb2"},"id":"7b5dyo1a14ji637","previousOperationId":"s1s0cm7qyas5w44"}
{"type":"operationEnd","subtype":"render","operationId":"1k23j33cqipr565","timestamp":1767177132742,"id":"kxneypic8hfhc0t","previousEventId":"cyty85074l1gmtp","previousOperationId":"s1s0cm7qyas5w44"}
{"type":"log","timestamp":1767177138975,"level":"debug","message":"pptx successfully zipped","meta":{"rootId":"t6egp3nttmnu86t","id":"t6egp3nttmnu86t"},"id":"2lo01loizbrksqg","previousOperationId":"tdy5t0ev62yzkc0"}
{"type":"log","timestamp":1767177138975,"level":"info","message":"pptx generation was finished","meta":{"rootId":"t6egp3nttmnu86t","id":"t6egp3nttmnu86t"},"id":"7nh3w4h2gwpi6jy","previousOperationId":"tdy5t0ev62yzkc0"}
{"type":"operationEnd","operationId":"tdy5t0ev62yzkc0","timestamp":1767177138986,"id":"y6jnq7w4xwv6we1","previousEventId":"lx8ozz3s34mr6z5","previousOperationId":"tdy5t0ev62yzkc0"}
{"type":"log","timestamp":1767177138986,"level":"debug","message":"Skipping storing report.","meta":{"rootId":"t6egp3nttmnu86t","id":"t6egp3nttmnu86t"},"id":"vb5371sk8jqm6z6","previousOperationId":"tdy5t0ev62yzkc0"}
{"type":"log","timestamp":1767177138986,"level":"info","message":"Rendering request 19 finished in 8609 ms","meta":{"rootId":"t6egp3nttmnu86t","id":"t6egp3nttmnu86t"},"id":"mv4vj0a8p2tx4i1","previousOperationId":"tdy5t0ev62yzkc0"}
{"type":"operationEnd","subtype":"render","operationId":"zce7mpdoknxzun7","timestamp":1767177138986,"id":"3gfjulpw0jx6jc9","previousEventId":"y6jnq7w4xwv6we1","previousOperationId":"tdy5t0ev62yzkc0"}
{"type":"operationEnd","doDiffs":false,"previousEventId":"6yq047lbyoxxzcj","previousOperationId":"5zedgekr2ho77ia","operationId":"5zedgekr2ho77ia","timestamp":1767177138995,"id":"9bxp6bmbxczvhx3"}
