{"type":"operationStart","subtype":"profile","data":{"_id":"xrpx2uDe60cwm62a","timestamp":"2025-12-28T12:24:57.251Z","state":"running","mode":"standard","creationDate":"2025-12-28T12:24:57.263Z","modificationDate":"2025-12-28T12:24:57.263Z","shortid":"b3KNGxh","$entitySet":"profiles","timeout":60000},"doDiffs":false,"timestamp":1766924697259,"id":"fu877pv4oxyzq9i","previousOperationId":null,"operationId":"fwnfs59dke1afyb"}
{"type":"log","level":"info","message":"Render request 1 queued for execution and waiting for available worker","previousOperationId":"fwnfs59dke1afyb","timestamp":1766924697260,"id":"eg0a3q0qkhe155b"}
{"type":"operationStart","subtype":"render","name":"anonymous","previousOperationId":"fwnfs59dke1afyb","timestamp":1766924697355,"id":"08ei7gnmh8fxqq6","previousEventId":"fu877pv4oxyzq9i","operationId":"5pybj7vhriuafpo"}
{"type":"log","timestamp":1766924697356,"level":"info","message":"Starting rendering request 1","meta":{"rootId":"teapbyzrjhsd1rr","id":"teapbyzrjhsd1rr"},"id":"y4k6gg8ya6q0mw5","previousOperationId":"5pybj7vhriuafpo"}
{"type":"log","timestamp":1766924697358,"level":"info","message":"Rendering anonymous template { recipe: pptx, engine: handlebars }","meta":{"rootId":"teapbyzrjhsd1rr","id":"teapbyzrjhsd1rr"},"id":"1hkt4n9iwjzbuv6","previousOperationId":"5pybj7vhriuafpo"}
{"type":"log","timestamp":1766924697359,"level":"debug","message":"Inline data specified.","meta":{"rootId":"teapbyzrjhsd1rr","id":"teapbyzrjhsd1rr"},"id":"m7hjsfhc9e70bxv","previousOperationId":"5pybj7vhriuafpo"}
{"type":"log","timestamp":1766924697363,"level":"debug","message":"Base url not specified, skipping its injection.","meta":{"rootId":"teapbyzrjhsd1rr","id":"teapbyzrjhsd1rr"},"id":"f1etaw0j4q4dwkn","previousOperationId":"5pybj7vhriuafpo"}
{"type":"operationStart","subtype":"engine","name":"handlebars","timestamp":1766924697365,"id":"22pymf300q840n0","previousEventId":"08ei7gnmh8fxqq6","operationId":"scpr6cpuzbnoyyk","previousOperationId":"5pybj7vhriuafpo"}
{"type":"log","timestamp":1766924697365,"level":"debug","message":"Rendering engine handlebars","meta":{"rootId":"teapbyzrjhsd1rr","id":"teapbyzrjhsd1rr"},"id":"stmzbm0eqpteiq0","previousOperationId":"scpr6cpuzbnoyyk"}
{"type":"operationEnd","operationId":"scpr6cpuzbnoyyk","timestamp":1766924698684,"id":"pvj0ukijn598dy5","previousEventId":"22pymf300q840n0","previousOperationId":"scpr6cpuzbnoyyk"}
{"type":"operationStart","subtype":"recipe","name":"pptx","timestamp":1766924698685,"id":"ss6bzalsp0xq64s","previousEventId":"pvj0ukijn598dy5","operationId":"jvha58pdytzkxid","previousOperationId":"scpr6cpuzbnoyyk"}
{"type":"log","timestamp":1766924698685,"level":"debug","message":"Executing recipe pptx","meta":{"rootId":"teapbyzrjhsd1rr","id":"teapbyzrjhsd1rr"},"id":"97wssr3z8m3x3hz","previousOperationId":"jvha58pdytzkxid"}
{"type":"log","timestamp":1766924698981,"level":"info","message":"pptx generation is starting","meta":{"rootId":"teapbyzrjhsd1rr","id":"teapbyzrjhsd1rr"},"id":"3a0m9v32fdcz1qm","previousOperationId":"jvha58pdytzkxid"}
{"type":"log","timestamp":1766924700754,"level":"debug","message":"Starting child request to render pptx dynamic parts","meta":{"rootId":"teapbyzrjhsd1rr","id":"teapbyzrjhsd1rr"},"id":"cafo3d2loktoped","previousOperationId":"jvha58pdytzkxid"}
{"type":"operationStart","subtype":"render","name":"anonymous","previousOperationId":"jvha58pdytzkxid","timestamp":1766924700755,"id":"pvekgnc41fmcpzx","previousEventId":"ss6bzalsp0xq64s","operationId":"dcyjpux5ctpkmj9"}
{"type":"log","timestamp":1766924700755,"level":"info","message":"Starting rendering (child) request","meta":{"rootId":"teapbyzrjhsd1rr","id":"a6ertpwyv6xfvd5"},"id":"87xcv0iav0xk3lf","previousOperationId":"dcyjpux5ctpkmj9"}
{"type":"log","timestamp":1766924700756,"level":"info","message":"Rendering anonymous template { recipe: html, engine: handlebars }","meta":{"rootId":"teapbyzrjhsd1rr","id":"a6ertpwyv6xfvd5"},"id":"vna9hkfa40w4bhq","previousOperationId":"dcyjpux5ctpkmj9"}
{"type":"log","timestamp":1766924700756,"level":"debug","message":"Inline data specified.","meta":{"rootId":"teapbyzrjhsd1rr","id":"a6ertpwyv6xfvd5"},"id":"jjoxkvey76eap08","previousOperationId":"dcyjpux5ctpkmj9"}
{"type":"log","timestamp":1766924700763,"level":"debug","message":"Base url not specified, skipping its injection.","meta":{"rootId":"teapbyzrjhsd1rr","id":"a6ertpwyv6xfvd5"},"id":"peqkcwwi5nsmsa1","previousOperationId":"dcyjpux5ctpkmj9"}
{"type":"operationStart","subtype":"engine","name":"handlebars","timestamp":1766924700765,"id":"ei2szfcv7eorlzx","previousEventId":"pvekgnc41fmcpzx","operationId":"kh4aiqpuk6r4wcs","previousOperationId":"dcyjpux5ctpkmj9"}
{"type":"log","timestamp":1766924700765,"level":"debug","message":"Rendering engine handlebars","meta":{"rootId":"teapbyzrjhsd1rr","id":"a6ertpwyv6xfvd5"},"id":"ntrigckzpzby845","previousOperationId":"kh4aiqpuk6r4wcs"}
{"type":"log","timestamp":1766924700968,"level":"debug","message":"(console:log) {\n  type: 'echarts@v5a',\n  width: 848,\n  height: 409,\n  option: { radar: [ [Object] ], series: [ [Object] ] }\n}","meta":{"userLevel":true,"rootId":"teapbyzrjhsd1rr","id":"a6ertpwyv6xfvd5"},"id":"5arx4jrw9747ayu","previousOperationId":"kh4aiqpuk6r4wcs"}
{"type":"operationEnd","operationId":"kh4aiqpuk6r4wcs","timestamp":1766924700979,"id":"ol2g331y8oajzza","previousEventId":"ei2szfcv7eorlzx","previousOperationId":"kh4aiqpuk6r4wcs"}
{"type":"operationStart","subtype":"recipe","name":"html","timestamp":1766924700995,"id":"umu1a1nwy82idgg","previousEventId":"ol2g331y8oajzza","operationId":"usb9zqjihrnd85y","previousOperationId":"kh4aiqpuk6r4wcs"}
{"type":"log","timestamp":1766924700995,"level":"debug","message":"Executing recipe html","meta":{"rootId":"teapbyzrjhsd1rr","id":"a6ertpwyv6xfvd5"},"id":"stq05re1rj195qt","previousOperationId":"usb9zqjihrnd85y"}
{"type":"operationEnd","operationId":"usb9zqjihrnd85y","timestamp":1766924700996,"id":"3s7xfa4ivjikogw","previousEventId":"umu1a1nwy82idgg","previousOperationId":"usb9zqjihrnd85y"}
{"type":"log","timestamp":1766924700997,"level":"debug","message":"Skipping storing report.","meta":{"rootId":"teapbyzrjhsd1rr","id":"a6ertpwyv6xfvd5"},"id":"ywg3x14ek2trwi2","previousOperationId":"usb9zqjihrnd85y"}
{"type":"log","timestamp":1766924700998,"level":"info","message":"Rendering (child) request finished in 3750 ms","meta":{"rootId":"teapbyzrjhsd1rr","id":"a6ertpwyv6xfvd5"},"id":"98j5ryl5rdu1d31","previousOperationId":"usb9zqjihrnd85y"}
{"type":"operationEnd","subtype":"render","operationId":"dcyjpux5ctpkmj9","timestamp":1766924700998,"id":"hx79cgpo124a0mu","previousEventId":"3s7xfa4ivjikogw","previousOperationId":"usb9zqjihrnd85y"}
{"type":"log","timestamp":1766924709097,"level":"debug","message":"pptx successfully zipped","meta":{"rootId":"teapbyzrjhsd1rr","id":"teapbyzrjhsd1rr"},"id":"qbpfhf48nzxdu5o","previousOperationId":"jvha58pdytzkxid"}
{"type":"log","timestamp":1766924709097,"level":"info","message":"pptx generation was finished","meta":{"rootId":"teapbyzrjhsd1rr","id":"teapbyzrjhsd1rr"},"id":"h52hud8z7myxrid","previousOperationId":"jvha58pdytzkxid"}
{"type":"operationEnd","operationId":"jvha58pdytzkxid","timestamp":1766924709115,"id":"scrucxvpua6cqnz","previousEventId":"ss6bzalsp0xq64s","previousOperationId":"jvha58pdytzkxid"}
{"type":"log","timestamp":1766924709116,"level":"debug","message":"Skipping storing report.","meta":{"rootId":"teapbyzrjhsd1rr","id":"teapbyzrjhsd1rr"},"id":"xac63pbgiiuw5ri","previousOperationId":"jvha58pdytzkxid"}
{"type":"log","timestamp":1766924709116,"level":"info","message":"Rendering request 1 finished in 11868 ms","meta":{"rootId":"teapbyzrjhsd1rr","id":"teapbyzrjhsd1rr"},"id":"nad205e9ziuhd3e","previousOperationId":"jvha58pdytzkxid"}
{"type":"operationEnd","subtype":"render","operationId":"5pybj7vhriuafpo","timestamp":1766924709116,"id":"d106lpbwrvheanj","previousEventId":"scrucxvpua6cqnz","previousOperationId":"jvha58pdytzkxid"}
{"type":"operationEnd","doDiffs":false,"previousEventId":"fu877pv4oxyzq9i","previousOperationId":"fwnfs59dke1afyb","operationId":"fwnfs59dke1afyb","timestamp":1766924709125,"id":"bfzgkrq3wmqa40v"}
