{"type":"operationStart","subtype":"profile","data":{"_id":"R5zxvJt0tDV4VTeO","timestamp":"2025-12-31T10:02:20.441Z","state":"running","mode":"standard","creationDate":"2025-12-31T10:02:20.449Z","modificationDate":"2025-12-31T10:02:20.449Z","shortid":"aoWU9mg","$entitySet":"profiles","timeout":60000},"doDiffs":false,"timestamp":1767175340445,"id":"gcuv2xsgxugxqz9","previousOperationId":null,"operationId":"ki9uhrvyav3uplf"}
{"type":"log","level":"info","message":"Render request 9 queued for execution and waiting for available worker","previousOperationId":"ki9uhrvyav3uplf","timestamp":1767175340446,"id":"ojxelqi8185nr4g"}
{"type":"operationStart","subtype":"render","name":"anonymous","previousOperationId":"ki9uhrvyav3uplf","timestamp":1767175340521,"id":"ysmhyxb0dbmvkr2","previousEventId":"gcuv2xsgxugxqz9","operationId":"xt4lcu2yc6jk8js"}
{"type":"log","timestamp":1767175340522,"level":"info","message":"Starting rendering request 9","meta":{"rootId":"thv5qmie9ssvh7r","id":"thv5qmie9ssvh7r"},"id":"2i7i569icehyk4u","previousOperationId":"xt4lcu2yc6jk8js"}
{"type":"log","timestamp":1767175340522,"level":"info","message":"Rendering anonymous template { recipe: pptx, engine: handlebars }","meta":{"rootId":"thv5qmie9ssvh7r","id":"thv5qmie9ssvh7r"},"id":"edes7vzjjszo5w1","previousOperationId":"xt4lcu2yc6jk8js"}
{"type":"log","timestamp":1767175340523,"level":"debug","message":"Inline data specified.","meta":{"rootId":"thv5qmie9ssvh7r","id":"thv5qmie9ssvh7r"},"id":"ztofiz9i8cgvb03","previousOperationId":"xt4lcu2yc6jk8js"}
{"type":"log","timestamp":1767175340527,"level":"debug","message":"Base url not specified, skipping its injection.","meta":{"rootId":"thv5qmie9ssvh7r","id":"thv5qmie9ssvh7r"},"id":"ccken76mi07jy78","previousOperationId":"xt4lcu2yc6jk8js"}
{"type":"operationStart","subtype":"engine","name":"handlebars","timestamp":1767175340528,"id":"brblryx03k3ick8","previousEventId":"ysmhyxb0dbmvkr2","operationId":"fdva9oqd80e0fw0","previousOperationId":"xt4lcu2yc6jk8js"}
{"type":"log","timestamp":1767175340528,"level":"debug","message":"Rendering engine handlebars","meta":{"rootId":"thv5qmie9ssvh7r","id":"thv5qmie9ssvh7r"},"id":"ngwoavtjqnu8csy","previousOperationId":"fdva9oqd80e0fw0"}
{"type":"operationEnd","operationId":"fdva9oqd80e0fw0","timestamp":1767175340555,"id":"15pu7nkzczlpuwt","previousEventId":"brblryx03k3ick8","previousOperationId":"fdva9oqd80e0fw0"}
{"type":"operationStart","subtype":"recipe","name":"pptx","timestamp":1767175340556,"id":"cntq0eivfyyc9ky","previousEventId":"15pu7nkzczlpuwt","operationId":"wg5jf93n15elurn","previousOperationId":"fdva9oqd80e0fw0"}
{"type":"log","timestamp":1767175340556,"level":"debug","message":"Executing recipe pptx","meta":{"rootId":"thv5qmie9ssvh7r","id":"thv5qmie9ssvh7r"},"id":"8rfaeypbo0u1nei","previousOperationId":"wg5jf93n15elurn"}
{"type":"log","timestamp":1767175340590,"level":"info","message":"pptx generation is starting","meta":{"rootId":"thv5qmie9ssvh7r","id":"thv5qmie9ssvh7r"},"id":"0bxiw145lojjfki","previousOperationId":"wg5jf93n15elurn"}
{"type":"log","timestamp":1767175342566,"level":"debug","message":"Starting child request to render pptx dynamic parts","meta":{"rootId":"thv5qmie9ssvh7r","id":"thv5qmie9ssvh7r"},"id":"tqf9ofzl4kbl4mj","previousOperationId":"wg5jf93n15elurn"}
{"type":"operationStart","subtype":"render","name":"anonymous","previousOperationId":"wg5jf93n15elurn","timestamp":1767175342567,"id":"fu0zhb5p1p1bc29","previousEventId":"cntq0eivfyyc9ky","operationId":"j5b9rz959pzyyzx"}
{"type":"log","timestamp":1767175342567,"level":"info","message":"Starting rendering (child) request","meta":{"rootId":"thv5qmie9ssvh7r","id":"31toulbpt2dh73y"},"id":"bq4iftj5zdoeoae","previousOperationId":"j5b9rz959pzyyzx"}
{"type":"log","timestamp":1767175342567,"level":"info","message":"Rendering anonymous template { recipe: html, engine: handlebars }","meta":{"rootId":"thv5qmie9ssvh7r","id":"31toulbpt2dh73y"},"id":"cceyjnfafbe0nl7","previousOperationId":"j5b9rz959pzyyzx"}
{"type":"log","timestamp":1767175342567,"level":"debug","message":"Inline data specified.","meta":{"rootId":"thv5qmie9ssvh7r","id":"31toulbpt2dh73y"},"id":"jj63ifisgderxca","previousOperationId":"j5b9rz959pzyyzx"}
{"type":"log","timestamp":1767175342573,"level":"debug","message":"Base url not specified, skipping its injection.","meta":{"rootId":"thv5qmie9ssvh7r","id":"31toulbpt2dh73y"},"id":"20dpi14cu7u6n6p","previousOperationId":"j5b9rz959pzyyzx"}
{"type":"operationStart","subtype":"engine","name":"handlebars","timestamp":1767175342576,"id":"a1magdqn0qwszpy","previousEventId":"fu0zhb5p1p1bc29","operationId":"t1irlv7pddg9gi1","previousOperationId":"j5b9rz959pzyyzx"}
{"type":"log","timestamp":1767175342576,"level":"debug","message":"Rendering engine handlebars","meta":{"rootId":"thv5qmie9ssvh7r","id":"31toulbpt2dh73y"},"id":"bg1vlwjzbr8f24q","previousOperationId":"t1irlv7pddg9gi1"}
{"type":"log","timestamp":1767175342813,"level":"debug","message":"(console:log) {\n  type: 'echarts@v5a',\n  width: 848,\n  height: 409,\n  option: { radar: [ [Object] ], series: [ [Object] ] }\n}","meta":{"userLevel":true,"rootId":"thv5qmie9ssvh7r","id":"31toulbpt2dh73y"},"id":"v5yqzlkjqj92u0v","previousOperationId":"t1irlv7pddg9gi1"}
{"type":"operationEnd","operationId":"t1irlv7pddg9gi1","timestamp":1767175342840,"id":"2t5fbtaccypl3c8","previousEventId":"a1magdqn0qwszpy","previousOperationId":"t1irlv7pddg9gi1"}
{"type":"operationStart","subtype":"recipe","name":"html","timestamp":1767175342864,"id":"yna7cmwpuxgdqlx","previousEventId":"2t5fbtaccypl3c8","operationId":"lnr38vzwwug1sql","previousOperationId":"t1irlv7pddg9gi1"}
{"type":"log","timestamp":1767175342864,"level":"debug","message":"Executing recipe html","meta":{"rootId":"thv5qmie9ssvh7r","id":"31toulbpt2dh73y"},"id":"plo9uf902rovbos","previousOperationId":"lnr38vzwwug1sql"}
{"type":"operationEnd","operationId":"lnr38vzwwug1sql","timestamp":1767175342864,"id":"awgzwagafkibpys","previousEventId":"yna7cmwpuxgdqlx","previousOperationId":"lnr38vzwwug1sql"}
{"type":"log","timestamp":1767175342865,"level":"debug","message":"Skipping storing report.","meta":{"rootId":"thv5qmie9ssvh7r","id":"31toulbpt2dh73y"},"id":"y1kggsut02iasxy","previousOperationId":"lnr38vzwwug1sql"}
{"type":"log","timestamp":1767175342865,"level":"info","message":"Rendering (child) request finished in 2426 ms","meta":{"rootId":"thv5qmie9ssvh7r","id":"31toulbpt2dh73y"},"id":"wrgr1a655p3858b","previousOperationId":"lnr38vzwwug1sql"}
{"type":"operationEnd","subtype":"render","operationId":"j5b9rz959pzyyzx","timestamp":1767175342865,"id":"lvr4w2wzoo16gbq","previousEventId":"awgzwagafkibpys","previousOperationId":"lnr38vzwwug1sql"}
{"type":"log","timestamp":1767175349321,"level":"debug","message":"pptx successfully zipped","meta":{"rootId":"thv5qmie9ssvh7r","id":"thv5qmie9ssvh7r"},"id":"2hp753iczuldvgm","previousOperationId":"wg5jf93n15elurn"}
{"type":"log","timestamp":1767175349321,"level":"info","message":"pptx generation was finished","meta":{"rootId":"thv5qmie9ssvh7r","id":"thv5qmie9ssvh7r"},"id":"1oql4xw3f7fyw0w","previousOperationId":"wg5jf93n15elurn"}
{"type":"operationEnd","operationId":"wg5jf93n15elurn","timestamp":1767175349333,"id":"gcnmktaspe23pec","previousEventId":"cntq0eivfyyc9ky","previousOperationId":"wg5jf93n15elurn"}
{"type":"log","timestamp":1767175349333,"level":"debug","message":"Skipping storing report.","meta":{"rootId":"thv5qmie9ssvh7r","id":"thv5qmie9ssvh7r"},"id":"mfevf546zx4txl4","previousOperationId":"wg5jf93n15elurn"}
{"type":"log","timestamp":1767175349333,"level":"info","message":"Rendering request 9 finished in 8894 ms","meta":{"rootId":"thv5qmie9ssvh7r","id":"thv5qmie9ssvh7r"},"id":"ss30nxl9v2fipm0","previousOperationId":"wg5jf93n15elurn"}
{"type":"operationEnd","subtype":"render","operationId":"xt4lcu2yc6jk8js","timestamp":1767175349334,"id":"8ttj5p6h8co0dqw","previousEventId":"gcnmktaspe23pec","previousOperationId":"wg5jf93n15elurn"}
{"type":"operationEnd","doDiffs":false,"previousEventId":"gcuv2xsgxugxqz9","previousOperationId":"ki9uhrvyav3uplf","operationId":"ki9uhrvyav3uplf","timestamp":1767175349340,"id":"ann5pp918xqjor6"}
