{"type":"operationStart","subtype":"profile","data":{"_id":"h17AdtRPWptzkjhV","timestamp":"2025-12-28T12:42:24.151Z","state":"running","mode":"standard","creationDate":"2025-12-28T12:42:24.157Z","modificationDate":"2025-12-28T12:42:24.157Z","shortid":"Nfi_GIm","$entitySet":"profiles","timeout":60000},"doDiffs":false,"timestamp":1766925744155,"id":"opt7p466mhe35ud","previousOperationId":null,"operationId":"qtmrf4fretjq1ib"}
{"type":"log","level":"info","message":"Render request 5 queued for execution and waiting for available worker","previousOperationId":"qtmrf4fretjq1ib","timestamp":1766925744155,"id":"xakga125bx9nfv8"}
{"type":"operationStart","subtype":"render","name":"anonymous","previousOperationId":"qtmrf4fretjq1ib","timestamp":1766925744223,"id":"u60sujvkxk27hnq","previousEventId":"opt7p466mhe35ud","operationId":"0qgwnbf1ysuoa8h"}
{"type":"log","timestamp":1766925744224,"level":"info","message":"Starting rendering request 5","meta":{"rootId":"tiguut4xztv3vkn","id":"tiguut4xztv3vkn"},"id":"f70ck0ln9xn1sqd","previousOperationId":"0qgwnbf1ysuoa8h"}
{"type":"log","timestamp":1766925744224,"level":"info","message":"Rendering anonymous template { recipe: pptx, engine: handlebars }","meta":{"rootId":"tiguut4xztv3vkn","id":"tiguut4xztv3vkn"},"id":"zsfy5uf2pqnz9da","previousOperationId":"0qgwnbf1ysuoa8h"}
{"type":"log","timestamp":1766925744224,"level":"debug","message":"Inline data specified.","meta":{"rootId":"tiguut4xztv3vkn","id":"tiguut4xztv3vkn"},"id":"kdo620un49ykw4l","previousOperationId":"0qgwnbf1ysuoa8h"}
{"type":"log","timestamp":1766925744228,"level":"debug","message":"Base url not specified, skipping its injection.","meta":{"rootId":"tiguut4xztv3vkn","id":"tiguut4xztv3vkn"},"id":"y805h3063ykk7lw","previousOperationId":"0qgwnbf1ysuoa8h"}
{"type":"operationStart","subtype":"engine","name":"handlebars","timestamp":1766925744229,"id":"nh87dn4dvapwkbr","previousEventId":"u60sujvkxk27hnq","operationId":"jajq15vqp56rvnt","previousOperationId":"0qgwnbf1ysuoa8h"}
{"type":"log","timestamp":1766925744229,"level":"debug","message":"Rendering engine handlebars","meta":{"rootId":"tiguut4xztv3vkn","id":"tiguut4xztv3vkn"},"id":"ds12gti64flo849","previousOperationId":"jajq15vqp56rvnt"}
{"type":"operationEnd","operationId":"jajq15vqp56rvnt","timestamp":1766925744252,"id":"b3efkf68eeq41j0","previousEventId":"nh87dn4dvapwkbr","previousOperationId":"jajq15vqp56rvnt"}
{"type":"operationStart","subtype":"recipe","name":"pptx","timestamp":1766925744253,"id":"kad5w2pzf5zen69","previousEventId":"b3efkf68eeq41j0","operationId":"mxbzipuml7hjtp6","previousOperationId":"jajq15vqp56rvnt"}
{"type":"log","timestamp":1766925744253,"level":"debug","message":"Executing recipe pptx","meta":{"rootId":"tiguut4xztv3vkn","id":"tiguut4xztv3vkn"},"id":"ugblrzhw6a6vgrq","previousOperationId":"mxbzipuml7hjtp6"}
{"type":"log","timestamp":1766925744276,"level":"info","message":"pptx generation is starting","meta":{"rootId":"tiguut4xztv3vkn","id":"tiguut4xztv3vkn"},"id":"bq8bf73vug51uvo","previousOperationId":"mxbzipuml7hjtp6"}
{"type":"log","timestamp":1766925745985,"level":"debug","message":"Starting child request to render pptx dynamic parts","meta":{"rootId":"tiguut4xztv3vkn","id":"tiguut4xztv3vkn"},"id":"fgthdcz1y62u7dn","previousOperationId":"mxbzipuml7hjtp6"}
{"type":"operationStart","subtype":"render","name":"anonymous","previousOperationId":"mxbzipuml7hjtp6","timestamp":1766925745986,"id":"97l6k8ak6ydtgsm","previousEventId":"kad5w2pzf5zen69","operationId":"gxbwhra93oxq5d2"}
{"type":"log","timestamp":1766925745986,"level":"info","message":"Starting rendering (child) request","meta":{"rootId":"tiguut4xztv3vkn","id":"x2xokyqia629pgn"},"id":"5h1rp2fpxim9q8d","previousOperationId":"gxbwhra93oxq5d2"}
{"type":"log","timestamp":1766925745986,"level":"info","message":"Rendering anonymous template { recipe: html, engine: handlebars }","meta":{"rootId":"tiguut4xztv3vkn","id":"x2xokyqia629pgn"},"id":"fggqbbmgrzy4o9r","previousOperationId":"gxbwhra93oxq5d2"}
{"type":"log","timestamp":1766925745987,"level":"debug","message":"Inline data specified.","meta":{"rootId":"tiguut4xztv3vkn","id":"x2xokyqia629pgn"},"id":"8ozcc8xtlbtmkn1","previousOperationId":"gxbwhra93oxq5d2"}
{"type":"log","timestamp":1766925745993,"level":"debug","message":"Base url not specified, skipping its injection.","meta":{"rootId":"tiguut4xztv3vkn","id":"x2xokyqia629pgn"},"id":"utw3bejz2zasv7v","previousOperationId":"gxbwhra93oxq5d2"}
{"type":"operationStart","subtype":"engine","name":"handlebars","timestamp":1766925745994,"id":"fa98u94kpuzckbt","previousEventId":"97l6k8ak6ydtgsm","operationId":"qnx9xa3rk1bkam8","previousOperationId":"gxbwhra93oxq5d2"}
{"type":"log","timestamp":1766925745994,"level":"debug","message":"Rendering engine handlebars","meta":{"rootId":"tiguut4xztv3vkn","id":"x2xokyqia629pgn"},"id":"pkzw1kxmqle4xhf","previousOperationId":"qnx9xa3rk1bkam8"}
{"type":"log","timestamp":1766925746019,"level":"debug","message":"(console:log) {\n  type: 'echarts@v5a',\n  width: 848,\n  height: 409,\n  option: { radar: [ [Object] ], series: [ [Object] ] }\n}","meta":{"userLevel":true,"rootId":"tiguut4xztv3vkn","id":"x2xokyqia629pgn"},"id":"eodjzltjc7b7eug","previousOperationId":"qnx9xa3rk1bkam8"}
{"type":"operationEnd","operationId":"qnx9xa3rk1bkam8","timestamp":1766925746030,"id":"0zrtqhx8tvoz3vb","previousEventId":"fa98u94kpuzckbt","previousOperationId":"qnx9xa3rk1bkam8"}
{"type":"operationStart","subtype":"recipe","name":"html","timestamp":1766925746045,"id":"pb9ya6ejruxo3pz","previousEventId":"0zrtqhx8tvoz3vb","operationId":"aspjbgh0iqpebqm","previousOperationId":"qnx9xa3rk1bkam8"}
{"type":"log","timestamp":1766925746045,"level":"debug","message":"Executing recipe html","meta":{"rootId":"tiguut4xztv3vkn","id":"x2xokyqia629pgn"},"id":"6rdn404zcvuyzyq","previousOperationId":"aspjbgh0iqpebqm"}
{"type":"operationEnd","operationId":"aspjbgh0iqpebqm","timestamp":1766925746045,"id":"83htcq35u04hk46","previousEventId":"pb9ya6ejruxo3pz","previousOperationId":"aspjbgh0iqpebqm"}
{"type":"log","timestamp":1766925746046,"level":"debug","message":"Skipping storing report.","meta":{"rootId":"tiguut4xztv3vkn","id":"x2xokyqia629pgn"},"id":"993csuw7612pga3","previousOperationId":"aspjbgh0iqpebqm"}
{"type":"log","timestamp":1766925746046,"level":"info","message":"Rendering (child) request finished in 1896 ms","meta":{"rootId":"tiguut4xztv3vkn","id":"x2xokyqia629pgn"},"id":"8945iopja0965kn","previousOperationId":"aspjbgh0iqpebqm"}
{"type":"operationEnd","subtype":"render","operationId":"gxbwhra93oxq5d2","timestamp":1766925746046,"id":"6jit68knckp5s4w","previousEventId":"83htcq35u04hk46","previousOperationId":"aspjbgh0iqpebqm"}
{"type":"log","timestamp":1766925756914,"level":"debug","message":"pptx successfully zipped","meta":{"rootId":"tiguut4xztv3vkn","id":"tiguut4xztv3vkn"},"id":"n738vj3oxqub63y","previousOperationId":"mxbzipuml7hjtp6"}
{"type":"log","timestamp":1766925756914,"level":"info","message":"pptx generation was finished","meta":{"rootId":"tiguut4xztv3vkn","id":"tiguut4xztv3vkn"},"id":"gtz5petpxbnzl5z","previousOperationId":"mxbzipuml7hjtp6"}
{"type":"operationEnd","operationId":"mxbzipuml7hjtp6","timestamp":1766925756924,"id":"51ow03lnkufnall","previousEventId":"kad5w2pzf5zen69","previousOperationId":"mxbzipuml7hjtp6"}
{"type":"log","timestamp":1766925756925,"level":"debug","message":"Skipping storing report.","meta":{"rootId":"tiguut4xztv3vkn","id":"tiguut4xztv3vkn"},"id":"joh8zwbrk5yryni","previousOperationId":"mxbzipuml7hjtp6"}
{"type":"log","timestamp":1766925756925,"level":"info","message":"Rendering request 5 finished in 12775 ms","meta":{"rootId":"tiguut4xztv3vkn","id":"tiguut4xztv3vkn"},"id":"kfbar71ze5wckfo","previousOperationId":"mxbzipuml7hjtp6"}
{"type":"operationEnd","subtype":"render","operationId":"0qgwnbf1ysuoa8h","timestamp":1766925756925,"id":"vwlhu9ht4c4kt0x","previousEventId":"51ow03lnkufnall","previousOperationId":"mxbzipuml7hjtp6"}
{"type":"operationEnd","doDiffs":false,"previousEventId":"opt7p466mhe35ud","previousOperationId":"qtmrf4fretjq1ib","operationId":"qtmrf4fretjq1ib","timestamp":1766925756930,"id":"hkarlg9z1is14af"}
