{"type":"operationStart","subtype":"profile","data":{"_id":"EE6OJZZZvWXjeldf","timestamp":"2025-12-31T09:45:35.364Z","state":"running","mode":"standard","creationDate":"2025-12-31T09:45:35.375Z","modificationDate":"2025-12-31T09:45:35.375Z","shortid":"QEHdh3e","$entitySet":"profiles","timeout":60000},"doDiffs":false,"timestamp":1767174335369,"id":"rr9zmlezsalyc6q","previousOperationId":null,"operationId":"qmmikgkofc9da4b"}
{"type":"log","level":"info","message":"Render request 5 queued for execution and waiting for available worker","previousOperationId":"qmmikgkofc9da4b","timestamp":1767174335369,"id":"i00vprsfa1g3zu4"}
{"type":"operationStart","subtype":"render","name":"anonymous","previousOperationId":"qmmikgkofc9da4b","timestamp":1767174335449,"id":"4jx6x2p2zaeuiv5","previousEventId":"rr9zmlezsalyc6q","operationId":"tzl90kuvlinrzke"}
{"type":"log","timestamp":1767174335450,"level":"info","message":"Starting rendering request 5","meta":{"rootId":"tim98xpt48vko1n","id":"tim98xpt48vko1n"},"id":"cqkj59saht2qg2r","previousOperationId":"tzl90kuvlinrzke"}
{"type":"log","timestamp":1767174335450,"level":"info","message":"Rendering anonymous template { recipe: pptx, engine: handlebars }","meta":{"rootId":"tim98xpt48vko1n","id":"tim98xpt48vko1n"},"id":"bdqbfo0b5wx762r","previousOperationId":"tzl90kuvlinrzke"}
{"type":"log","timestamp":1767174335450,"level":"debug","message":"Inline data specified.","meta":{"rootId":"tim98xpt48vko1n","id":"tim98xpt48vko1n"},"id":"rsdw1hniw71v15y","previousOperationId":"tzl90kuvlinrzke"}
{"type":"log","timestamp":1767174335454,"level":"debug","message":"Base url not specified, skipping its injection.","meta":{"rootId":"tim98xpt48vko1n","id":"tim98xpt48vko1n"},"id":"yeoh44evzd0u7d2","previousOperationId":"tzl90kuvlinrzke"}
{"type":"operationStart","subtype":"engine","name":"handlebars","timestamp":1767174335455,"id":"7q19epsojz07k0m","previousEventId":"4jx6x2p2zaeuiv5","operationId":"wlupwqzn3jku76q","previousOperationId":"tzl90kuvlinrzke"}
{"type":"log","timestamp":1767174335455,"level":"debug","message":"Rendering engine handlebars","meta":{"rootId":"tim98xpt48vko1n","id":"tim98xpt48vko1n"},"id":"44l0yu5ez2zr1kd","previousOperationId":"wlupwqzn3jku76q"}
{"type":"operationEnd","operationId":"wlupwqzn3jku76q","timestamp":1767174335486,"id":"1en0ysehtf6hd5o","previousEventId":"7q19epsojz07k0m","previousOperationId":"wlupwqzn3jku76q"}
{"type":"operationStart","subtype":"recipe","name":"pptx","timestamp":1767174335486,"id":"26emv7ga4yns7k5","previousEventId":"1en0ysehtf6hd5o","operationId":"az6ql16mri9e751","previousOperationId":"wlupwqzn3jku76q"}
{"type":"log","timestamp":1767174335486,"level":"debug","message":"Executing recipe pptx","meta":{"rootId":"tim98xpt48vko1n","id":"tim98xpt48vko1n"},"id":"gq4lvq6kax24yrw","previousOperationId":"az6ql16mri9e751"}
{"type":"log","timestamp":1767174335508,"level":"info","message":"pptx generation is starting","meta":{"rootId":"tim98xpt48vko1n","id":"tim98xpt48vko1n"},"id":"84bxr8p8no4vmm1","previousOperationId":"az6ql16mri9e751"}
{"type":"log","timestamp":1767174337467,"level":"debug","message":"Starting child request to render pptx dynamic parts","meta":{"rootId":"tim98xpt48vko1n","id":"tim98xpt48vko1n"},"id":"3irbpiufs3zig97","previousOperationId":"az6ql16mri9e751"}
{"type":"operationStart","subtype":"render","name":"anonymous","previousOperationId":"az6ql16mri9e751","timestamp":1767174337468,"id":"ctck5kg0yh5ig6d","previousEventId":"26emv7ga4yns7k5","operationId":"wqznoqp7bslt6io"}
{"type":"log","timestamp":1767174337468,"level":"info","message":"Starting rendering (child) request","meta":{"rootId":"tim98xpt48vko1n","id":"wp8u7aevqvdwrh7"},"id":"9tridx0sd3fmo6b","previousOperationId":"wqznoqp7bslt6io"}
{"type":"log","timestamp":1767174337468,"level":"info","message":"Rendering anonymous template { recipe: html, engine: handlebars }","meta":{"rootId":"tim98xpt48vko1n","id":"wp8u7aevqvdwrh7"},"id":"4p1b4shw4qvl4f7","previousOperationId":"wqznoqp7bslt6io"}
{"type":"log","timestamp":1767174337468,"level":"debug","message":"Inline data specified.","meta":{"rootId":"tim98xpt48vko1n","id":"wp8u7aevqvdwrh7"},"id":"zaa326m0uirulct","previousOperationId":"wqznoqp7bslt6io"}
{"type":"log","timestamp":1767174337474,"level":"debug","message":"Base url not specified, skipping its injection.","meta":{"rootId":"tim98xpt48vko1n","id":"wp8u7aevqvdwrh7"},"id":"adr8jx7vgh80gt7","previousOperationId":"wqznoqp7bslt6io"}
{"type":"operationStart","subtype":"engine","name":"handlebars","timestamp":1767174337477,"id":"flnnww7yzigbihs","previousEventId":"ctck5kg0yh5ig6d","operationId":"uh7kkkszljzryvv","previousOperationId":"wqznoqp7bslt6io"}
{"type":"log","timestamp":1767174337477,"level":"debug","message":"Rendering engine handlebars","meta":{"rootId":"tim98xpt48vko1n","id":"wp8u7aevqvdwrh7"},"id":"al99aqph60ronvf","previousOperationId":"uh7kkkszljzryvv"}
{"type":"log","timestamp":1767174337722,"level":"debug","message":"(console:log) {\n  type: 'echarts@v5a',\n  width: 848,\n  height: 409,\n  option: { radar: [ [Object] ], series: [ [Object] ] }\n}","meta":{"userLevel":true,"rootId":"tim98xpt48vko1n","id":"wp8u7aevqvdwrh7"},"id":"pvtg9gkrmkavr37","previousOperationId":"uh7kkkszljzryvv"}
{"type":"operationEnd","operationId":"uh7kkkszljzryvv","timestamp":1767174337732,"id":"dccwqximt6l5scf","previousEventId":"flnnww7yzigbihs","previousOperationId":"uh7kkkszljzryvv"}
{"type":"operationStart","subtype":"recipe","name":"html","timestamp":1767174337746,"id":"ixfd0zlcxo2xief","previousEventId":"dccwqximt6l5scf","operationId":"q6n26h4j1piknjp","previousOperationId":"uh7kkkszljzryvv"}
{"type":"log","timestamp":1767174337746,"level":"debug","message":"Executing recipe html","meta":{"rootId":"tim98xpt48vko1n","id":"wp8u7aevqvdwrh7"},"id":"sqka4psnkzs09vp","previousOperationId":"q6n26h4j1piknjp"}
{"type":"operationEnd","operationId":"q6n26h4j1piknjp","timestamp":1767174337746,"id":"w5lk5bygglh33wg","previousEventId":"ixfd0zlcxo2xief","previousOperationId":"q6n26h4j1piknjp"}
{"type":"log","timestamp":1767174337747,"level":"debug","message":"Skipping storing report.","meta":{"rootId":"tim98xpt48vko1n","id":"wp8u7aevqvdwrh7"},"id":"aoce9hxj4k3rzbb","previousOperationId":"q6n26h4j1piknjp"}
{"type":"log","timestamp":1767174337747,"level":"info","message":"Rendering (child) request finished in 2386 ms","meta":{"rootId":"tim98xpt48vko1n","id":"wp8u7aevqvdwrh7"},"id":"j89jkrntqnv8vrc","previousOperationId":"q6n26h4j1piknjp"}
{"type":"operationEnd","subtype":"render","operationId":"wqznoqp7bslt6io","timestamp":1767174337747,"id":"85mcyouec3ao7o7","previousEventId":"w5lk5bygglh33wg","previousOperationId":"q6n26h4j1piknjp"}
{"type":"log","timestamp":1767174343960,"level":"debug","message":"pptx successfully zipped","meta":{"rootId":"tim98xpt48vko1n","id":"tim98xpt48vko1n"},"id":"vn9xstzfp5jqm6r","previousOperationId":"az6ql16mri9e751"}
{"type":"log","timestamp":1767174343960,"level":"info","message":"pptx generation was finished","meta":{"rootId":"tim98xpt48vko1n","id":"tim98xpt48vko1n"},"id":"vfeuqmcbuilo88r","previousOperationId":"az6ql16mri9e751"}
{"type":"operationEnd","operationId":"az6ql16mri9e751","timestamp":1767174343971,"id":"5i42j6baohg4b6z","previousEventId":"26emv7ga4yns7k5","previousOperationId":"az6ql16mri9e751"}
{"type":"log","timestamp":1767174343971,"level":"debug","message":"Skipping storing report.","meta":{"rootId":"tim98xpt48vko1n","id":"tim98xpt48vko1n"},"id":"qcz6txb8cz6vokz","previousOperationId":"az6ql16mri9e751"}
{"type":"log","timestamp":1767174343971,"level":"info","message":"Rendering request 5 finished in 8610 ms","meta":{"rootId":"tim98xpt48vko1n","id":"tim98xpt48vko1n"},"id":"ncdjt1szrupdfz5","previousOperationId":"az6ql16mri9e751"}
{"type":"operationEnd","subtype":"render","operationId":"tzl90kuvlinrzke","timestamp":1767174343971,"id":"na877n5vsc2z6o3","previousEventId":"5i42j6baohg4b6z","previousOperationId":"az6ql16mri9e751"}
{"type":"operationEnd","doDiffs":false,"previousEventId":"rr9zmlezsalyc6q","previousOperationId":"qmmikgkofc9da4b","operationId":"qmmikgkofc9da4b","timestamp":1767174343977,"id":"m7jvv43qrxn7zbl"}
