{"type":"operationStart","subtype":"profile","data":{"_id":"xFsviktXuNMYwyg4","timestamp":"2025-12-31T09:10:54.560Z","state":"running","mode":"standard","creationDate":"2025-12-31T09:10:54.570Z","modificationDate":"2025-12-31T09:10:54.570Z","shortid":"QhBAUf2","$entitySet":"profiles","timeout":60000},"doDiffs":false,"timestamp":1767172254565,"id":"j2ds5kh7ttd3gop","previousOperationId":null,"operationId":"qki3mncltg34798"}
{"type":"log","level":"info","message":"Render request 8 queued for execution and waiting for available worker","previousOperationId":"qki3mncltg34798","timestamp":1767172254565,"id":"1gkwkyzybt8yt3x"}
{"type":"operationStart","subtype":"render","name":"anonymous","previousOperationId":"qki3mncltg34798","timestamp":1767172254641,"id":"u6bgft5aerpoiss","previousEventId":"j2ds5kh7ttd3gop","operationId":"bmghorj0mhcvj7f"}
{"type":"log","timestamp":1767172254641,"level":"info","message":"Starting rendering request 8","meta":{"rootId":"tli1if7w83hspfm","id":"tli1if7w83hspfm"},"id":"p7tzzdzkn2zofm1","previousOperationId":"bmghorj0mhcvj7f"}
{"type":"log","timestamp":1767172254641,"level":"info","message":"Rendering anonymous template { recipe: pptx, engine: handlebars }","meta":{"rootId":"tli1if7w83hspfm","id":"tli1if7w83hspfm"},"id":"5r8v7ze3hty7eqk","previousOperationId":"bmghorj0mhcvj7f"}
{"type":"log","timestamp":1767172254642,"level":"debug","message":"Inline data specified.","meta":{"rootId":"tli1if7w83hspfm","id":"tli1if7w83hspfm"},"id":"2qz9n9xtedspiy8","previousOperationId":"bmghorj0mhcvj7f"}
{"type":"log","timestamp":1767172254645,"level":"debug","message":"Base url not specified, skipping its injection.","meta":{"rootId":"tli1if7w83hspfm","id":"tli1if7w83hspfm"},"id":"nx4njtq5zvnpeo0","previousOperationId":"bmghorj0mhcvj7f"}
{"type":"operationStart","subtype":"engine","name":"handlebars","timestamp":1767172254646,"id":"a8krkknpcnzxi5e","previousEventId":"u6bgft5aerpoiss","operationId":"yj784ognx3axcwx","previousOperationId":"bmghorj0mhcvj7f"}
{"type":"log","timestamp":1767172254646,"level":"debug","message":"Rendering engine handlebars","meta":{"rootId":"tli1if7w83hspfm","id":"tli1if7w83hspfm"},"id":"qtv86ppdn8eqxla","previousOperationId":"yj784ognx3axcwx"}
{"type":"operationEnd","operationId":"yj784ognx3axcwx","timestamp":1767172254670,"id":"r2ijlz9qaecylde","previousEventId":"a8krkknpcnzxi5e","previousOperationId":"yj784ognx3axcwx"}
{"type":"operationStart","subtype":"recipe","name":"pptx","timestamp":1767172254670,"id":"pfk8tmc7l6z3dfo","previousEventId":"r2ijlz9qaecylde","operationId":"hgk4w9c3q46ejb1","previousOperationId":"yj784ognx3axcwx"}
{"type":"log","timestamp":1767172254670,"level":"debug","message":"Executing recipe pptx","meta":{"rootId":"tli1if7w83hspfm","id":"tli1if7w83hspfm"},"id":"lkghp7zfgofe6qp","previousOperationId":"hgk4w9c3q46ejb1"}
{"type":"log","timestamp":1767172254696,"level":"info","message":"pptx generation is starting","meta":{"rootId":"tli1if7w83hspfm","id":"tli1if7w83hspfm"},"id":"00agxptlh4ya3h9","previousOperationId":"hgk4w9c3q46ejb1"}
{"type":"log","timestamp":1767172256605,"level":"debug","message":"Starting child request to render pptx dynamic parts","meta":{"rootId":"tli1if7w83hspfm","id":"tli1if7w83hspfm"},"id":"4gnk5i4qaano7lq","previousOperationId":"hgk4w9c3q46ejb1"}
{"type":"operationStart","subtype":"render","name":"anonymous","previousOperationId":"hgk4w9c3q46ejb1","timestamp":1767172256606,"id":"07rl9sv0vibmt7g","previousEventId":"pfk8tmc7l6z3dfo","operationId":"rk1rgdok3od4vpm"}
{"type":"log","timestamp":1767172256606,"level":"info","message":"Starting rendering (child) request","meta":{"rootId":"tli1if7w83hspfm","id":"ag9rvxy977tr7ht"},"id":"zlsg7lj2mfbtcwy","previousOperationId":"rk1rgdok3od4vpm"}
{"type":"log","timestamp":1767172256606,"level":"info","message":"Rendering anonymous template { recipe: html, engine: handlebars }","meta":{"rootId":"tli1if7w83hspfm","id":"ag9rvxy977tr7ht"},"id":"px103yqen0ea5o3","previousOperationId":"rk1rgdok3od4vpm"}
{"type":"log","timestamp":1767172256606,"level":"debug","message":"Inline data specified.","meta":{"rootId":"tli1if7w83hspfm","id":"ag9rvxy977tr7ht"},"id":"7z6lgrni414e3q0","previousOperationId":"rk1rgdok3od4vpm"}
{"type":"log","timestamp":1767172256611,"level":"debug","message":"Base url not specified, skipping its injection.","meta":{"rootId":"tli1if7w83hspfm","id":"ag9rvxy977tr7ht"},"id":"wpg4d1kjjwtonvr","previousOperationId":"rk1rgdok3od4vpm"}
{"type":"operationStart","subtype":"engine","name":"handlebars","timestamp":1767172256613,"id":"f953lxyb0bhoo03","previousEventId":"07rl9sv0vibmt7g","operationId":"wareck7an28xxua","previousOperationId":"rk1rgdok3od4vpm"}
{"type":"log","timestamp":1767172256614,"level":"debug","message":"Rendering engine handlebars","meta":{"rootId":"tli1if7w83hspfm","id":"ag9rvxy977tr7ht"},"id":"cntrw8unn5hrxnn","previousOperationId":"wareck7an28xxua"}
{"type":"log","timestamp":1767172256837,"level":"debug","message":"(console:log) {\n  type: 'echarts@v5a',\n  width: 848,\n  height: 409,\n  option: { radar: [ [Object] ], series: [ [Object] ] }\n}","meta":{"userLevel":true,"rootId":"tli1if7w83hspfm","id":"ag9rvxy977tr7ht"},"id":"nbur7pdltc7wqx6","previousOperationId":"wareck7an28xxua"}
{"type":"operationEnd","operationId":"wareck7an28xxua","timestamp":1767172256849,"id":"xotjq1wjsnld9m0","previousEventId":"f953lxyb0bhoo03","previousOperationId":"wareck7an28xxua"}
{"type":"operationStart","subtype":"recipe","name":"html","timestamp":1767172256869,"id":"hm5hypbbew8c8m7","previousEventId":"xotjq1wjsnld9m0","operationId":"uxkl7fecyeret1g","previousOperationId":"wareck7an28xxua"}
{"type":"log","timestamp":1767172256869,"level":"debug","message":"Executing recipe html","meta":{"rootId":"tli1if7w83hspfm","id":"ag9rvxy977tr7ht"},"id":"lm7uxjan0hjzjau","previousOperationId":"uxkl7fecyeret1g"}
{"type":"operationEnd","operationId":"uxkl7fecyeret1g","timestamp":1767172256869,"id":"enfn3pygsa66gu4","previousEventId":"hm5hypbbew8c8m7","previousOperationId":"uxkl7fecyeret1g"}
{"type":"log","timestamp":1767172256869,"level":"debug","message":"Skipping storing report.","meta":{"rootId":"tli1if7w83hspfm","id":"ag9rvxy977tr7ht"},"id":"e8j0wss05slbmu9","previousOperationId":"uxkl7fecyeret1g"}
{"type":"log","timestamp":1767172256869,"level":"info","message":"Rendering (child) request finished in 2311 ms","meta":{"rootId":"tli1if7w83hspfm","id":"ag9rvxy977tr7ht"},"id":"9rcj0utmq64ql8h","previousOperationId":"uxkl7fecyeret1g"}
{"type":"operationEnd","subtype":"render","operationId":"rk1rgdok3od4vpm","timestamp":1767172256869,"id":"wj03ngy9tw73ayo","previousEventId":"enfn3pygsa66gu4","previousOperationId":"uxkl7fecyeret1g"}
{"type":"log","timestamp":1767172263219,"level":"debug","message":"pptx successfully zipped","meta":{"rootId":"tli1if7w83hspfm","id":"tli1if7w83hspfm"},"id":"lmlmtefbw08j7bp","previousOperationId":"hgk4w9c3q46ejb1"}
{"type":"log","timestamp":1767172263219,"level":"info","message":"pptx generation was finished","meta":{"rootId":"tli1if7w83hspfm","id":"tli1if7w83hspfm"},"id":"cvjmts2kngcpxsd","previousOperationId":"hgk4w9c3q46ejb1"}
{"type":"operationEnd","operationId":"hgk4w9c3q46ejb1","timestamp":1767172263229,"id":"p6zfxhms07h20hj","previousEventId":"pfk8tmc7l6z3dfo","previousOperationId":"hgk4w9c3q46ejb1"}
{"type":"log","timestamp":1767172263230,"level":"debug","message":"Skipping storing report.","meta":{"rootId":"tli1if7w83hspfm","id":"tli1if7w83hspfm"},"id":"e50vwq14nxjm4pc","previousOperationId":"hgk4w9c3q46ejb1"}
{"type":"log","timestamp":1767172263230,"level":"info","message":"Rendering request 8 finished in 8672 ms","meta":{"rootId":"tli1if7w83hspfm","id":"tli1if7w83hspfm"},"id":"25174lqx67cnjap","previousOperationId":"hgk4w9c3q46ejb1"}
{"type":"operationEnd","subtype":"render","operationId":"bmghorj0mhcvj7f","timestamp":1767172263230,"id":"z7n04hulrztqv85","previousEventId":"p6zfxhms07h20hj","previousOperationId":"hgk4w9c3q46ejb1"}
{"type":"operationEnd","doDiffs":false,"previousEventId":"j2ds5kh7ttd3gop","previousOperationId":"qki3mncltg34798","operationId":"qki3mncltg34798","timestamp":1767172263237,"id":"075e6c2mx6u6jaz"}
