{"type":"operationStart","subtype":"profile","data":{"_id":"oh5P0OMdqG3ZV7dw","timestamp":"2025-12-07T16:18:41.885Z","state":"running","mode":"standard","creationDate":"2025-12-07T16:18:41.888Z","modificationDate":"2025-12-07T16:18:41.888Z","shortid":"O-9APzM","$entitySet":"profiles","timeout":60000},"doDiffs":false,"timestamp":1765124321887,"id":"28dmis1jw3aje8h","previousOperationId":null,"operationId":"h7upwch2ixuk2rr"}
{"type":"log","level":"info","message":"Render request 21 queued for execution and waiting for available worker","previousOperationId":"h7upwch2ixuk2rr","timestamp":1765124321887,"id":"tjaeu5lc8kssbax"}
{"type":"operationStart","subtype":"render","name":"anonymous","previousOperationId":"h7upwch2ixuk2rr","timestamp":1765124321898,"id":"gncy47nwrz94kqf","previousEventId":"28dmis1jw3aje8h","operationId":"qa73104pzkf02o5"}
{"type":"log","timestamp":1765124321898,"level":"info","message":"Starting rendering request 21","meta":{"rootId":"tmymnhn7zy1x028","id":"tmymnhn7zy1x028"},"id":"x1wtnsda3tpze2f","previousOperationId":"qa73104pzkf02o5"}
{"type":"log","timestamp":1765124321898,"level":"info","message":"Rendering anonymous template { recipe: pptx, engine: handlebars }","meta":{"rootId":"tmymnhn7zy1x028","id":"tmymnhn7zy1x028"},"id":"kprtj4lu7vn394l","previousOperationId":"qa73104pzkf02o5"}
{"type":"log","timestamp":1765124321898,"level":"debug","message":"Inline data specified.","meta":{"rootId":"tmymnhn7zy1x028","id":"tmymnhn7zy1x028"},"id":"g3fuxnhbbagqzar","previousOperationId":"qa73104pzkf02o5"}
{"type":"log","timestamp":1765124321899,"level":"debug","message":"Base url not specified, skipping its injection.","meta":{"rootId":"tmymnhn7zy1x028","id":"tmymnhn7zy1x028"},"id":"z7cn2uttqut70ym","previousOperationId":"qa73104pzkf02o5"}
{"type":"operationStart","subtype":"engine","name":"handlebars","timestamp":1765124321900,"id":"lfcoxpz267639a2","previousEventId":"gncy47nwrz94kqf","operationId":"60doj32uwjo6psd","previousOperationId":"qa73104pzkf02o5"}
{"type":"log","timestamp":1765124321900,"level":"debug","message":"Rendering engine handlebars","meta":{"rootId":"tmymnhn7zy1x028","id":"tmymnhn7zy1x028"},"id":"nwokrbgx48iwiqh","previousOperationId":"60doj32uwjo6psd"}
{"type":"operationEnd","operationId":"60doj32uwjo6psd","timestamp":1765124321912,"id":"31q888bn5yea850","previousEventId":"lfcoxpz267639a2","previousOperationId":"60doj32uwjo6psd"}
{"type":"operationStart","subtype":"recipe","name":"pptx","timestamp":1765124321912,"id":"u5kjfoqri203h0x","previousEventId":"31q888bn5yea850","operationId":"b799yt5f6774opy","previousOperationId":"60doj32uwjo6psd"}
{"type":"log","timestamp":1765124321912,"level":"debug","message":"Executing recipe pptx","meta":{"rootId":"tmymnhn7zy1x028","id":"tmymnhn7zy1x028"},"id":"libxqv97q3ymc1q","previousOperationId":"b799yt5f6774opy"}
{"type":"log","timestamp":1765124321912,"level":"info","message":"pptx generation is starting","meta":{"rootId":"tmymnhn7zy1x028","id":"tmymnhn7zy1x028"},"id":"yx5h5hqzklw7l78","previousOperationId":"b799yt5f6774opy"}
{"type":"log","timestamp":1765124322055,"level":"debug","message":"Starting child request to render pptx dynamic parts","meta":{"rootId":"tmymnhn7zy1x028","id":"tmymnhn7zy1x028"},"id":"kpu9yphaz3gl7fa","previousOperationId":"b799yt5f6774opy"}
{"type":"operationStart","subtype":"render","name":"anonymous","previousOperationId":"b799yt5f6774opy","timestamp":1765124322055,"id":"8eqj3ka8wm7hz2j","previousEventId":"u5kjfoqri203h0x","operationId":"043cwterhj5wuru"}
{"type":"log","timestamp":1765124322055,"level":"info","message":"Starting rendering (child) request","meta":{"rootId":"tmymnhn7zy1x028","id":"snvzft6a70hgv4w"},"id":"ub9pe3kxh6lyfq2","previousOperationId":"043cwterhj5wuru"}
{"type":"log","timestamp":1765124322055,"level":"info","message":"Rendering anonymous template { recipe: html, engine: handlebars }","meta":{"rootId":"tmymnhn7zy1x028","id":"snvzft6a70hgv4w"},"id":"cm19jx1j57cfze6","previousOperationId":"043cwterhj5wuru"}
{"type":"log","timestamp":1765124322055,"level":"debug","message":"Inline data specified.","meta":{"rootId":"tmymnhn7zy1x028","id":"snvzft6a70hgv4w"},"id":"30qspy3v3hwmi4b","previousOperationId":"043cwterhj5wuru"}
{"type":"log","timestamp":1765124322065,"level":"debug","message":"Base url not specified, skipping its injection.","meta":{"rootId":"tmymnhn7zy1x028","id":"snvzft6a70hgv4w"},"id":"5cpnu2lza3kn5uw","previousOperationId":"043cwterhj5wuru"}
{"type":"operationStart","subtype":"engine","name":"handlebars","timestamp":1765124322067,"id":"y5d869jbhkubr94","previousEventId":"8eqj3ka8wm7hz2j","operationId":"9kttue8qg4khp7x","previousOperationId":"043cwterhj5wuru"}
{"type":"log","timestamp":1765124322067,"level":"debug","message":"Rendering engine handlebars","meta":{"rootId":"tmymnhn7zy1x028","id":"snvzft6a70hgv4w"},"id":"4zvqvur2tj2q4mg","previousOperationId":"9kttue8qg4khp7x"}
{"type":"operationEnd","operationId":"9kttue8qg4khp7x","timestamp":1765124322097,"id":"m1fr937uofbi844","previousEventId":"y5d869jbhkubr94","previousOperationId":"9kttue8qg4khp7x"}
{"type":"operationStart","subtype":"recipe","name":"html","timestamp":1765124322101,"id":"i2lbfojnl2go5zp","previousEventId":"m1fr937uofbi844","operationId":"ufdfx69vefbsbxx","previousOperationId":"9kttue8qg4khp7x"}
{"type":"log","timestamp":1765124322101,"level":"debug","message":"Executing recipe html","meta":{"rootId":"tmymnhn7zy1x028","id":"snvzft6a70hgv4w"},"id":"0s1cc0mecripiby","previousOperationId":"ufdfx69vefbsbxx"}
{"type":"operationEnd","operationId":"ufdfx69vefbsbxx","timestamp":1765124322102,"id":"dhdk55l5jbczfda","previousEventId":"i2lbfojnl2go5zp","previousOperationId":"ufdfx69vefbsbxx"}
{"type":"log","timestamp":1765124322102,"level":"debug","message":"Skipping storing report.","meta":{"rootId":"tmymnhn7zy1x028","id":"snvzft6a70hgv4w"},"id":"ndrfnvep5sh9y9c","previousOperationId":"ufdfx69vefbsbxx"}
{"type":"log","timestamp":1765124322102,"level":"info","message":"Rendering (child) request finished in 217 ms","meta":{"rootId":"tmymnhn7zy1x028","id":"snvzft6a70hgv4w"},"id":"nsao7u0gmqraxp8","previousOperationId":"ufdfx69vefbsbxx"}
{"type":"operationEnd","subtype":"render","operationId":"043cwterhj5wuru","timestamp":1765124322102,"id":"2o6etjfprh417e6","previousEventId":"dhdk55l5jbczfda","previousOperationId":"ufdfx69vefbsbxx"}
{"type":"log","timestamp":1765124322255,"level":"debug","message":"pptx successfully zipped","meta":{"rootId":"tmymnhn7zy1x028","id":"tmymnhn7zy1x028"},"id":"qan3lw4ayx5rn75","previousOperationId":"b799yt5f6774opy"}
{"type":"log","timestamp":1765124322255,"level":"info","message":"pptx generation was finished","meta":{"rootId":"tmymnhn7zy1x028","id":"tmymnhn7zy1x028"},"id":"i3jkz24ok8kenhc","previousOperationId":"b799yt5f6774opy"}
{"type":"operationEnd","operationId":"b799yt5f6774opy","timestamp":1765124322258,"id":"nk7uoabmqnpdfk8","previousEventId":"u5kjfoqri203h0x","previousOperationId":"b799yt5f6774opy"}
{"type":"log","timestamp":1765124322258,"level":"debug","message":"Skipping storing report.","meta":{"rootId":"tmymnhn7zy1x028","id":"tmymnhn7zy1x028"},"id":"ghld7q5v6enbkwg","previousOperationId":"b799yt5f6774opy"}
{"type":"log","timestamp":1765124322258,"level":"info","message":"Rendering request 21 finished in 373 ms","meta":{"rootId":"tmymnhn7zy1x028","id":"tmymnhn7zy1x028"},"id":"mt15vbcw9lumhsg","previousOperationId":"b799yt5f6774opy"}
{"type":"operationEnd","subtype":"render","operationId":"qa73104pzkf02o5","timestamp":1765124322258,"id":"cgagbzkh98hfv7y","previousEventId":"nk7uoabmqnpdfk8","previousOperationId":"b799yt5f6774opy"}
{"type":"operationEnd","doDiffs":false,"previousEventId":"28dmis1jw3aje8h","previousOperationId":"h7upwch2ixuk2rr","operationId":"h7upwch2ixuk2rr","timestamp":1765124322260,"id":"5vjou7c81w2dq2h"}
