{"type":"operationStart","subtype":"profile","data":{"_id":"NVA4XsBhAxyI7Ey6","timestamp":"2025-12-22T22:31:19.180Z","state":"running","mode":"standard","creationDate":"2025-12-22T22:31:19.194Z","modificationDate":"2025-12-22T22:31:19.194Z","shortid":"xvJVlNR","$entitySet":"profiles","timeout":60000},"doDiffs":false,"timestamp":1766442679189,"id":"on622igd9qpqvtv","previousOperationId":null,"operationId":"vnhrfjs71gympu5"}
{"type":"log","level":"info","message":"Render request 1 queued for execution and waiting for available worker","previousOperationId":"vnhrfjs71gympu5","timestamp":1766442679191,"id":"34n1i829rbav0mh"}
{"type":"operationStart","subtype":"render","name":"anonymous","previousOperationId":"vnhrfjs71gympu5","timestamp":1766442679254,"id":"m00sx4z6qjlurhk","previousEventId":"on622igd9qpqvtv","operationId":"8hbfljtfk1eepa5"}
{"type":"log","timestamp":1766442679255,"level":"info","message":"Starting rendering request 1","meta":{"rootId":"tpbu7dts5482bd1","id":"tpbu7dts5482bd1"},"id":"gazt5ymfwpvupwh","previousOperationId":"8hbfljtfk1eepa5"}
{"type":"log","timestamp":1766442679256,"level":"info","message":"Rendering anonymous template { recipe: pptx, engine: handlebars }","meta":{"rootId":"tpbu7dts5482bd1","id":"tpbu7dts5482bd1"},"id":"a2vi8vze7nqh4u7","previousOperationId":"8hbfljtfk1eepa5"}
{"type":"log","timestamp":1766442679256,"level":"debug","message":"Inline data specified.","meta":{"rootId":"tpbu7dts5482bd1","id":"tpbu7dts5482bd1"},"id":"gr1tlv2cpsyauk6","previousOperationId":"8hbfljtfk1eepa5"}
{"type":"log","timestamp":1766442679261,"level":"debug","message":"Base url not specified, skipping its injection.","meta":{"rootId":"tpbu7dts5482bd1","id":"tpbu7dts5482bd1"},"id":"xnxkvou8q9ferek","previousOperationId":"8hbfljtfk1eepa5"}
{"type":"operationStart","subtype":"engine","name":"handlebars","timestamp":1766442679263,"id":"r2rnpp72q3e2kyk","previousEventId":"m00sx4z6qjlurhk","operationId":"do6p8mu1l4j58oy","previousOperationId":"8hbfljtfk1eepa5"}
{"type":"log","timestamp":1766442679263,"level":"debug","message":"Rendering engine handlebars","meta":{"rootId":"tpbu7dts5482bd1","id":"tpbu7dts5482bd1"},"id":"2tha02qebm94cci","previousOperationId":"do6p8mu1l4j58oy"}
{"type":"operationEnd","operationId":"do6p8mu1l4j58oy","timestamp":1766442680174,"id":"b0z8tl3ksyd73z7","previousEventId":"r2rnpp72q3e2kyk","previousOperationId":"do6p8mu1l4j58oy"}
{"type":"operationStart","subtype":"recipe","name":"pptx","timestamp":1766442680175,"id":"1b4kw9veyboyskk","previousEventId":"b0z8tl3ksyd73z7","operationId":"537f0wch698qcsh","previousOperationId":"do6p8mu1l4j58oy"}
{"type":"log","timestamp":1766442680175,"level":"debug","message":"Executing recipe pptx","meta":{"rootId":"tpbu7dts5482bd1","id":"tpbu7dts5482bd1"},"id":"tr4hqemt5jz9nu8","previousOperationId":"537f0wch698qcsh"}
{"type":"log","timestamp":1766442680342,"level":"info","message":"pptx generation is starting","meta":{"rootId":"tpbu7dts5482bd1","id":"tpbu7dts5482bd1"},"id":"doqskqu5skqcs6p","previousOperationId":"537f0wch698qcsh"}
{"type":"log","timestamp":1766442681447,"level":"debug","message":"Starting child request to render pptx dynamic parts","meta":{"rootId":"tpbu7dts5482bd1","id":"tpbu7dts5482bd1"},"id":"qmzshrmstylmzv9","previousOperationId":"537f0wch698qcsh"}
{"type":"operationStart","subtype":"render","name":"anonymous","previousOperationId":"537f0wch698qcsh","timestamp":1766442681448,"id":"i82grzh3srijuts","previousEventId":"1b4kw9veyboyskk","operationId":"pls5j67odjgr97f"}
{"type":"log","timestamp":1766442681448,"level":"info","message":"Starting rendering (child) request","meta":{"rootId":"tpbu7dts5482bd1","id":"i2fdufflrthuxwv"},"id":"qu3puipucjv1eiy","previousOperationId":"pls5j67odjgr97f"}
{"type":"log","timestamp":1766442681448,"level":"info","message":"Rendering anonymous template { recipe: html, engine: handlebars }","meta":{"rootId":"tpbu7dts5482bd1","id":"i2fdufflrthuxwv"},"id":"v03nevdx1epc2c9","previousOperationId":"pls5j67odjgr97f"}
{"type":"log","timestamp":1766442681448,"level":"debug","message":"Inline data specified.","meta":{"rootId":"tpbu7dts5482bd1","id":"i2fdufflrthuxwv"},"id":"9733n9z393u5bpf","previousOperationId":"pls5j67odjgr97f"}
{"type":"log","timestamp":1766442681452,"level":"debug","message":"Base url not specified, skipping its injection.","meta":{"rootId":"tpbu7dts5482bd1","id":"i2fdufflrthuxwv"},"id":"wm2w517t8bxf454","previousOperationId":"pls5j67odjgr97f"}
{"type":"operationStart","subtype":"engine","name":"handlebars","timestamp":1766442681454,"id":"fq0eoedzpqi756g","previousEventId":"i82grzh3srijuts","operationId":"9gm4856dq3b7psz","previousOperationId":"pls5j67odjgr97f"}
{"type":"log","timestamp":1766442681454,"level":"debug","message":"Rendering engine handlebars","meta":{"rootId":"tpbu7dts5482bd1","id":"i2fdufflrthuxwv"},"id":"gv5wxhnh0nnb0q0","previousOperationId":"9gm4856dq3b7psz"}
{"type":"operationEnd","operationId":"9gm4856dq3b7psz","timestamp":1766442681571,"id":"xf34qw55ikmhgvt","previousEventId":"fq0eoedzpqi756g","previousOperationId":"9gm4856dq3b7psz"}
{"type":"operationStart","subtype":"recipe","name":"html","timestamp":1766442681581,"id":"dr9s6qf1n987qel","previousEventId":"xf34qw55ikmhgvt","operationId":"asjmsn3hni7dk3z","previousOperationId":"9gm4856dq3b7psz"}
{"type":"log","timestamp":1766442681581,"level":"debug","message":"Executing recipe html","meta":{"rootId":"tpbu7dts5482bd1","id":"i2fdufflrthuxwv"},"id":"t1mzpyoy3z40is8","previousOperationId":"asjmsn3hni7dk3z"}
{"type":"operationEnd","operationId":"asjmsn3hni7dk3z","timestamp":1766442681581,"id":"fixbgudxjj9kmsx","previousEventId":"dr9s6qf1n987qel","previousOperationId":"asjmsn3hni7dk3z"}
{"type":"log","timestamp":1766442681582,"level":"debug","message":"Skipping storing report.","meta":{"rootId":"tpbu7dts5482bd1","id":"i2fdufflrthuxwv"},"id":"jnyvirqez8yy4cv","previousOperationId":"asjmsn3hni7dk3z"}
{"type":"log","timestamp":1766442681582,"level":"info","message":"Rendering (child) request finished in 2404 ms","meta":{"rootId":"tpbu7dts5482bd1","id":"i2fdufflrthuxwv"},"id":"tby7ojs9fxhm4qt","previousOperationId":"asjmsn3hni7dk3z"}
{"type":"operationEnd","subtype":"render","operationId":"pls5j67odjgr97f","timestamp":1766442681582,"id":"qqftvt8firema1o","previousEventId":"fixbgudxjj9kmsx","previousOperationId":"asjmsn3hni7dk3z"}
{"type":"log","timestamp":1766442684507,"level":"debug","message":"pptx successfully zipped","meta":{"rootId":"tpbu7dts5482bd1","id":"tpbu7dts5482bd1"},"id":"zwfhcx02k8yb00x","previousOperationId":"537f0wch698qcsh"}
{"type":"log","timestamp":1766442684507,"level":"info","message":"pptx generation was finished","meta":{"rootId":"tpbu7dts5482bd1","id":"tpbu7dts5482bd1"},"id":"b67fdyacpl5sfpv","previousOperationId":"537f0wch698qcsh"}
{"type":"operationEnd","operationId":"537f0wch698qcsh","timestamp":1766442684522,"id":"zyw8j6dlo9byz6z","previousEventId":"1b4kw9veyboyskk","previousOperationId":"537f0wch698qcsh"}
{"type":"log","timestamp":1766442684522,"level":"debug","message":"Skipping storing report.","meta":{"rootId":"tpbu7dts5482bd1","id":"tpbu7dts5482bd1"},"id":"d1rxlucn4qksu20","previousOperationId":"537f0wch698qcsh"}
{"type":"log","timestamp":1766442684522,"level":"info","message":"Rendering request 1 finished in 5344 ms","meta":{"rootId":"tpbu7dts5482bd1","id":"tpbu7dts5482bd1"},"id":"aj6svqo2f1dm8q4","previousOperationId":"537f0wch698qcsh"}
{"type":"operationEnd","subtype":"render","operationId":"8hbfljtfk1eepa5","timestamp":1766442684522,"id":"tnxaf458su200jg","previousEventId":"zyw8j6dlo9byz6z","previousOperationId":"537f0wch698qcsh"}
{"type":"operationEnd","doDiffs":false,"previousEventId":"on622igd9qpqvtv","previousOperationId":"vnhrfjs71gympu5","operationId":"vnhrfjs71gympu5","timestamp":1766442684526,"id":"ps00i9gxgb9e4se"}
