{"type":"operationStart","subtype":"profile","data":{"_id":"wEpM1BK8UVR2e0t8","timestamp":"2025-12-18T13:44:15.460Z","state":"running","mode":"standard","creationDate":"2025-12-18T13:44:15.465Z","modificationDate":"2025-12-18T13:44:15.465Z","shortid":"DCf4F-N","$entitySet":"profiles","timeout":60000},"doDiffs":false,"timestamp":1766065455462,"id":"4g4a91hcgfzbowe","previousOperationId":null,"operationId":"5f6ulc7ffxlkkh1"}
{"type":"log","level":"info","message":"Render request 2 queued for execution and waiting for available worker","previousOperationId":"5f6ulc7ffxlkkh1","timestamp":1766065455463,"id":"ycbpsaofz54q872"}
{"type":"operationStart","subtype":"render","name":"anonymous","previousOperationId":"5f6ulc7ffxlkkh1","timestamp":1766065455517,"id":"elz64nvmcr6x2k3","previousEventId":"4g4a91hcgfzbowe","operationId":"uhrqvukwtoyjzre"}
{"type":"log","timestamp":1766065455518,"level":"info","message":"Starting rendering request 2","meta":{"rootId":"u7no7yjvbjzmy4a","id":"u7no7yjvbjzmy4a"},"id":"tv75eyvi34tuyv4","previousOperationId":"uhrqvukwtoyjzre"}
{"type":"log","timestamp":1766065455521,"level":"info","message":"Rendering anonymous template { recipe: pptx, engine: handlebars }","meta":{"rootId":"u7no7yjvbjzmy4a","id":"u7no7yjvbjzmy4a"},"id":"07k7ty1vk0jsxk8","previousOperationId":"uhrqvukwtoyjzre"}
{"type":"log","timestamp":1766065455522,"level":"debug","message":"Inline data specified.","meta":{"rootId":"u7no7yjvbjzmy4a","id":"u7no7yjvbjzmy4a"},"id":"nbxsbi14lgr76ck","previousOperationId":"uhrqvukwtoyjzre"}
{"type":"log","timestamp":1766065455525,"level":"debug","message":"Base url not specified, skipping its injection.","meta":{"rootId":"u7no7yjvbjzmy4a","id":"u7no7yjvbjzmy4a"},"id":"iry2t4ye9wdwqok","previousOperationId":"uhrqvukwtoyjzre"}
{"type":"operationStart","subtype":"engine","name":"handlebars","timestamp":1766065455528,"id":"jy0a6ko45n2jerh","previousEventId":"elz64nvmcr6x2k3","operationId":"3illjzrdm5z37sv","previousOperationId":"uhrqvukwtoyjzre"}
{"type":"log","timestamp":1766065455528,"level":"debug","message":"Rendering engine handlebars","meta":{"rootId":"u7no7yjvbjzmy4a","id":"u7no7yjvbjzmy4a"},"id":"it2yg3173shlvtk","previousOperationId":"3illjzrdm5z37sv"}
{"type":"operationEnd","operationId":"3illjzrdm5z37sv","timestamp":1766065456415,"id":"mroynrr68uexvh9","previousEventId":"jy0a6ko45n2jerh","previousOperationId":"3illjzrdm5z37sv"}
{"type":"operationStart","subtype":"recipe","name":"pptx","timestamp":1766065456416,"id":"vf2nms339mzuxst","previousEventId":"mroynrr68uexvh9","operationId":"7ki2brkofhvfff1","previousOperationId":"3illjzrdm5z37sv"}
{"type":"log","timestamp":1766065456416,"level":"debug","message":"Executing recipe pptx","meta":{"rootId":"u7no7yjvbjzmy4a","id":"u7no7yjvbjzmy4a"},"id":"4avyxbol9zp9y0n","previousOperationId":"7ki2brkofhvfff1"}
{"type":"log","timestamp":1766065456584,"level":"info","message":"pptx generation is starting","meta":{"rootId":"u7no7yjvbjzmy4a","id":"u7no7yjvbjzmy4a"},"id":"5l1gvhmq8zbv550","previousOperationId":"7ki2brkofhvfff1"}
{"type":"log","timestamp":1766065457662,"level":"debug","message":"Starting child request to render pptx dynamic parts","meta":{"rootId":"u7no7yjvbjzmy4a","id":"u7no7yjvbjzmy4a"},"id":"dkas298o4dfehfg","previousOperationId":"7ki2brkofhvfff1"}
{"type":"operationStart","subtype":"render","name":"anonymous","previousOperationId":"7ki2brkofhvfff1","timestamp":1766065457663,"id":"xwm77yswvbdptyz","previousEventId":"vf2nms339mzuxst","operationId":"qiomtajdrhj6dxi"}
{"type":"log","timestamp":1766065457663,"level":"info","message":"Starting rendering (child) request","meta":{"rootId":"u7no7yjvbjzmy4a","id":"4erep3bf3kbduxm"},"id":"2x9aitpp09nygj8","previousOperationId":"qiomtajdrhj6dxi"}
{"type":"log","timestamp":1766065457664,"level":"info","message":"Rendering anonymous template { recipe: html, engine: handlebars }","meta":{"rootId":"u7no7yjvbjzmy4a","id":"4erep3bf3kbduxm"},"id":"buquwp0d41u2zc7","previousOperationId":"qiomtajdrhj6dxi"}
{"type":"log","timestamp":1766065457664,"level":"debug","message":"Inline data specified.","meta":{"rootId":"u7no7yjvbjzmy4a","id":"4erep3bf3kbduxm"},"id":"sga654011atgxn2","previousOperationId":"qiomtajdrhj6dxi"}
{"type":"log","timestamp":1766065457669,"level":"debug","message":"Base url not specified, skipping its injection.","meta":{"rootId":"u7no7yjvbjzmy4a","id":"4erep3bf3kbduxm"},"id":"m5tlxuooyca2kc3","previousOperationId":"qiomtajdrhj6dxi"}
{"type":"operationStart","subtype":"engine","name":"handlebars","timestamp":1766065457671,"id":"oqrqg483k8bpktu","previousEventId":"xwm77yswvbdptyz","operationId":"w0hhx6fj6qd1cxr","previousOperationId":"qiomtajdrhj6dxi"}
{"type":"log","timestamp":1766065457671,"level":"debug","message":"Rendering engine handlebars","meta":{"rootId":"u7no7yjvbjzmy4a","id":"4erep3bf3kbduxm"},"id":"a3ap80apfy07u3g","previousOperationId":"w0hhx6fj6qd1cxr"}
{"type":"operationEnd","operationId":"w0hhx6fj6qd1cxr","timestamp":1766065457797,"id":"cooczyzrotp99b6","previousEventId":"oqrqg483k8bpktu","previousOperationId":"w0hhx6fj6qd1cxr"}
{"type":"operationStart","subtype":"recipe","name":"html","timestamp":1766065457807,"id":"qfvsn6v9n734clg","previousEventId":"cooczyzrotp99b6","operationId":"hj9ejdq0n4w08ki","previousOperationId":"w0hhx6fj6qd1cxr"}
{"type":"log","timestamp":1766065457807,"level":"debug","message":"Executing recipe html","meta":{"rootId":"u7no7yjvbjzmy4a","id":"4erep3bf3kbduxm"},"id":"hn2aema8v6nq59z","previousOperationId":"hj9ejdq0n4w08ki"}
{"type":"operationEnd","operationId":"hj9ejdq0n4w08ki","timestamp":1766065457807,"id":"tww7ob8yh7obl2s","previousEventId":"qfvsn6v9n734clg","previousOperationId":"hj9ejdq0n4w08ki"}
{"type":"log","timestamp":1766065457808,"level":"debug","message":"Skipping storing report.","meta":{"rootId":"u7no7yjvbjzmy4a","id":"4erep3bf3kbduxm"},"id":"69pjm0iv60ye30c","previousOperationId":"hj9ejdq0n4w08ki"}
{"type":"log","timestamp":1766065457809,"level":"info","message":"Rendering (child) request finished in 2351 ms","meta":{"rootId":"u7no7yjvbjzmy4a","id":"4erep3bf3kbduxm"},"id":"2he7qxph08x4a90","previousOperationId":"hj9ejdq0n4w08ki"}
{"type":"operationEnd","subtype":"render","operationId":"qiomtajdrhj6dxi","timestamp":1766065457809,"id":"o6bqcow7sz6i7ee","previousEventId":"tww7ob8yh7obl2s","previousOperationId":"hj9ejdq0n4w08ki"}
{"type":"log","timestamp":1766065461155,"level":"debug","message":"pptx successfully zipped","meta":{"rootId":"u7no7yjvbjzmy4a","id":"u7no7yjvbjzmy4a"},"id":"u7q2637zavzr7db","previousOperationId":"7ki2brkofhvfff1"}
{"type":"log","timestamp":1766065461155,"level":"info","message":"pptx generation was finished","meta":{"rootId":"u7no7yjvbjzmy4a","id":"u7no7yjvbjzmy4a"},"id":"75s5u93d08nijkm","previousOperationId":"7ki2brkofhvfff1"}
{"type":"operationEnd","operationId":"7ki2brkofhvfff1","timestamp":1766065461168,"id":"j68z0kvdk5g10xy","previousEventId":"vf2nms339mzuxst","previousOperationId":"7ki2brkofhvfff1"}
{"type":"log","timestamp":1766065461168,"level":"debug","message":"Skipping storing report.","meta":{"rootId":"u7no7yjvbjzmy4a","id":"u7no7yjvbjzmy4a"},"id":"qq9fsxv1flza6pj","previousOperationId":"7ki2brkofhvfff1"}
{"type":"log","timestamp":1766065461168,"level":"info","message":"Rendering request 2 finished in 5710 ms","meta":{"rootId":"u7no7yjvbjzmy4a","id":"u7no7yjvbjzmy4a"},"id":"mjjuglj1tscncwg","previousOperationId":"7ki2brkofhvfff1"}
{"type":"operationEnd","subtype":"render","operationId":"uhrqvukwtoyjzre","timestamp":1766065461168,"id":"4o6oeb6uwoe1g4p","previousEventId":"j68z0kvdk5g10xy","previousOperationId":"7ki2brkofhvfff1"}
{"type":"operationEnd","doDiffs":false,"previousEventId":"4g4a91hcgfzbowe","previousOperationId":"5f6ulc7ffxlkkh1","operationId":"5f6ulc7ffxlkkh1","timestamp":1766065461173,"id":"7l2noq8t4ykmxfj"}
