{"type":"operationStart","subtype":"profile","data":{"_id":"BgjDmlSm2wXTdzFP","timestamp":"2025-12-28T16:03:21.252Z","state":"running","mode":"standard","creationDate":"2025-12-28T16:03:21.259Z","modificationDate":"2025-12-28T16:03:21.259Z","shortid":"VvCjlsq","$entitySet":"profiles","timeout":60000},"doDiffs":false,"timestamp":1766937801257,"id":"s9g2tmekdm5qvc0","previousOperationId":null,"operationId":"xfqt75o8itq3wp8"}
{"type":"log","level":"info","message":"Render request 3 queued for execution and waiting for available worker","previousOperationId":"xfqt75o8itq3wp8","timestamp":1766937801257,"id":"yki6fo1pjfdxw8p"}
{"type":"operationStart","subtype":"render","name":"anonymous","previousOperationId":"xfqt75o8itq3wp8","timestamp":1766937801334,"id":"tjoidqh7qy2wifc","previousEventId":"s9g2tmekdm5qvc0","operationId":"scmsfohn5s1yagc"}
{"type":"log","timestamp":1766937801335,"level":"info","message":"Starting rendering request 3","meta":{"rootId":"uakx1z4mv622dti","id":"uakx1z4mv622dti"},"id":"wbr1q1hjwgxr85f","previousOperationId":"scmsfohn5s1yagc"}
{"type":"log","timestamp":1766937801335,"level":"info","message":"Rendering anonymous template { recipe: pptx, engine: handlebars }","meta":{"rootId":"uakx1z4mv622dti","id":"uakx1z4mv622dti"},"id":"3rfoooywlqssr00","previousOperationId":"scmsfohn5s1yagc"}
{"type":"log","timestamp":1766937801335,"level":"debug","message":"Inline data specified.","meta":{"rootId":"uakx1z4mv622dti","id":"uakx1z4mv622dti"},"id":"jfoxaq618oi0u0b","previousOperationId":"scmsfohn5s1yagc"}
{"type":"log","timestamp":1766937801346,"level":"debug","message":"Base url not specified, skipping its injection.","meta":{"rootId":"uakx1z4mv622dti","id":"uakx1z4mv622dti"},"id":"a2eif86w7tneuv6","previousOperationId":"scmsfohn5s1yagc"}
{"type":"operationStart","subtype":"engine","name":"handlebars","timestamp":1766937801348,"id":"1rvgfs1p1fi13od","previousEventId":"tjoidqh7qy2wifc","operationId":"vjudnhuzosfg6v0","previousOperationId":"scmsfohn5s1yagc"}
{"type":"log","timestamp":1766937801348,"level":"debug","message":"Rendering engine handlebars","meta":{"rootId":"uakx1z4mv622dti","id":"uakx1z4mv622dti"},"id":"epz9amzzrckmm3n","previousOperationId":"vjudnhuzosfg6v0"}
{"type":"operationEnd","operationId":"vjudnhuzosfg6v0","timestamp":1766937801383,"id":"85d05jd787xszru","previousEventId":"1rvgfs1p1fi13od","previousOperationId":"vjudnhuzosfg6v0"}
{"type":"operationStart","subtype":"recipe","name":"pptx","timestamp":1766937801385,"id":"myafelft1iyalyk","previousEventId":"85d05jd787xszru","operationId":"kut66wnzr1owd9m","previousOperationId":"vjudnhuzosfg6v0"}
{"type":"log","timestamp":1766937801385,"level":"debug","message":"Executing recipe pptx","meta":{"rootId":"uakx1z4mv622dti","id":"uakx1z4mv622dti"},"id":"eqkh65kxhamply7","previousOperationId":"kut66wnzr1owd9m"}
{"type":"log","timestamp":1766937801413,"level":"info","message":"pptx generation is starting","meta":{"rootId":"uakx1z4mv622dti","id":"uakx1z4mv622dti"},"id":"2henw4vzw4470n7","previousOperationId":"kut66wnzr1owd9m"}
{"type":"log","timestamp":1766937803263,"level":"debug","message":"Starting child request to render pptx dynamic parts","meta":{"rootId":"uakx1z4mv622dti","id":"uakx1z4mv622dti"},"id":"gumq3aamlvb7aqc","previousOperationId":"kut66wnzr1owd9m"}
{"type":"operationStart","subtype":"render","name":"anonymous","previousOperationId":"kut66wnzr1owd9m","timestamp":1766937803264,"id":"exl09i1p4w6bkhh","previousEventId":"myafelft1iyalyk","operationId":"mkqe2n1q17sko37"}
{"type":"log","timestamp":1766937803264,"level":"info","message":"Starting rendering (child) request","meta":{"rootId":"uakx1z4mv622dti","id":"340d6ns60iiro66"},"id":"dyimbsflwadyeu0","previousOperationId":"mkqe2n1q17sko37"}
{"type":"log","timestamp":1766937803265,"level":"info","message":"Rendering anonymous template { recipe: html, engine: handlebars }","meta":{"rootId":"uakx1z4mv622dti","id":"340d6ns60iiro66"},"id":"oe7d6018jo1iglx","previousOperationId":"mkqe2n1q17sko37"}
{"type":"log","timestamp":1766937803265,"level":"debug","message":"Inline data specified.","meta":{"rootId":"uakx1z4mv622dti","id":"340d6ns60iiro66"},"id":"2om50gaa4hff439","previousOperationId":"mkqe2n1q17sko37"}
{"type":"log","timestamp":1766937803274,"level":"debug","message":"Base url not specified, skipping its injection.","meta":{"rootId":"uakx1z4mv622dti","id":"340d6ns60iiro66"},"id":"vkz2meevml9gkl4","previousOperationId":"mkqe2n1q17sko37"}
{"type":"operationStart","subtype":"engine","name":"handlebars","timestamp":1766937803276,"id":"sjv6nt9nymsw6gn","previousEventId":"exl09i1p4w6bkhh","operationId":"usxv26kxzmjkcoe","previousOperationId":"mkqe2n1q17sko37"}
{"type":"log","timestamp":1766937803276,"level":"debug","message":"Rendering engine handlebars","meta":{"rootId":"uakx1z4mv622dti","id":"340d6ns60iiro66"},"id":"inctc96zi8sbxh2","previousOperationId":"usxv26kxzmjkcoe"}
{"type":"log","timestamp":1766937803470,"level":"debug","message":"(console:log) {\n  type: 'echarts@v5a',\n  width: 848,\n  height: 409,\n  option: { radar: [ [Object] ], series: [ [Object] ] }\n}","meta":{"userLevel":true,"rootId":"uakx1z4mv622dti","id":"340d6ns60iiro66"},"id":"dc12l1q8prvz4rq","previousOperationId":"usxv26kxzmjkcoe"}
{"type":"operationEnd","operationId":"usxv26kxzmjkcoe","timestamp":1766937803479,"id":"fr9w5d801t776jk","previousEventId":"sjv6nt9nymsw6gn","previousOperationId":"usxv26kxzmjkcoe"}
{"type":"operationStart","subtype":"recipe","name":"html","timestamp":1766937803497,"id":"mwr65i7yg6xs0zh","previousEventId":"fr9w5d801t776jk","operationId":"wn6gtlhvsovubbr","previousOperationId":"usxv26kxzmjkcoe"}
{"type":"log","timestamp":1766937803497,"level":"debug","message":"Executing recipe html","meta":{"rootId":"uakx1z4mv622dti","id":"340d6ns60iiro66"},"id":"j72r5cofjz0bpmx","previousOperationId":"wn6gtlhvsovubbr"}
{"type":"operationEnd","operationId":"wn6gtlhvsovubbr","timestamp":1766937803498,"id":"98dcmzxdtv82h69","previousEventId":"mwr65i7yg6xs0zh","previousOperationId":"wn6gtlhvsovubbr"}
{"type":"log","timestamp":1766937803498,"level":"debug","message":"Skipping storing report.","meta":{"rootId":"uakx1z4mv622dti","id":"340d6ns60iiro66"},"id":"38dyz73skxfvdge","previousOperationId":"wn6gtlhvsovubbr"}
{"type":"log","timestamp":1766937803498,"level":"info","message":"Rendering (child) request finished in 2247 ms","meta":{"rootId":"uakx1z4mv622dti","id":"340d6ns60iiro66"},"id":"a5nczvsd3qfbt7y","previousOperationId":"wn6gtlhvsovubbr"}
{"type":"operationEnd","subtype":"render","operationId":"mkqe2n1q17sko37","timestamp":1766937803498,"id":"3nv4xzwxrmn3xm9","previousEventId":"98dcmzxdtv82h69","previousOperationId":"wn6gtlhvsovubbr"}
{"type":"log","timestamp":1766937809059,"level":"debug","message":"pptx successfully zipped","meta":{"rootId":"uakx1z4mv622dti","id":"uakx1z4mv622dti"},"id":"nd3ge9qkoyvh4hu","previousOperationId":"kut66wnzr1owd9m"}
{"type":"log","timestamp":1766937809059,"level":"info","message":"pptx generation was finished","meta":{"rootId":"uakx1z4mv622dti","id":"uakx1z4mv622dti"},"id":"2klbpy025tahsfg","previousOperationId":"kut66wnzr1owd9m"}
{"type":"operationEnd","operationId":"kut66wnzr1owd9m","timestamp":1766937809069,"id":"nug1kze5bhhecvg","previousEventId":"myafelft1iyalyk","previousOperationId":"kut66wnzr1owd9m"}
{"type":"log","timestamp":1766937809069,"level":"debug","message":"Skipping storing report.","meta":{"rootId":"uakx1z4mv622dti","id":"uakx1z4mv622dti"},"id":"5b9uyda9jn8t1qf","previousOperationId":"kut66wnzr1owd9m"}
{"type":"log","timestamp":1766937809070,"level":"info","message":"Rendering request 3 finished in 7819 ms","meta":{"rootId":"uakx1z4mv622dti","id":"uakx1z4mv622dti"},"id":"s5jg9tho73d6oox","previousOperationId":"kut66wnzr1owd9m"}
{"type":"operationEnd","subtype":"render","operationId":"scmsfohn5s1yagc","timestamp":1766937809070,"id":"vfq116slsbpahhd","previousEventId":"nug1kze5bhhecvg","previousOperationId":"kut66wnzr1owd9m"}
{"type":"operationEnd","doDiffs":false,"previousEventId":"s9g2tmekdm5qvc0","previousOperationId":"xfqt75o8itq3wp8","operationId":"xfqt75o8itq3wp8","timestamp":1766937809078,"id":"7i4vkszlmx8ef03"}
