{"type":"operationStart","subtype":"profile","data":{"_id":"RJE4qtJEdWkRsrkp","timestamp":"2025-12-26T19:57:32.003Z","state":"running","mode":"standard","creationDate":"2025-12-26T19:57:32.010Z","modificationDate":"2025-12-26T19:57:32.010Z","shortid":"gozUyYD","$entitySet":"profiles","timeout":60000},"doDiffs":false,"timestamp":1766779052007,"id":"jeg6dq815a9w51p","previousOperationId":null,"operationId":"8xxdjhs49yhu16x"}
{"type":"log","level":"info","message":"Render request 6 queued for execution and waiting for available worker","previousOperationId":"8xxdjhs49yhu16x","timestamp":1766779052007,"id":"h7udin23ymcs7es"}
{"type":"operationStart","subtype":"render","name":"anonymous","previousOperationId":"8xxdjhs49yhu16x","timestamp":1766779052065,"id":"ywqn9mlvz1q1mm1","previousEventId":"jeg6dq815a9w51p","operationId":"i983l72m8vc2m9s"}
{"type":"log","timestamp":1766779052065,"level":"info","message":"Starting rendering request 6","meta":{"rootId":"ub4d276620zyjn5","id":"ub4d276620zyjn5"},"id":"xzo2gxjnet3p8c1","previousOperationId":"i983l72m8vc2m9s"}
{"type":"log","timestamp":1766779052065,"level":"info","message":"Rendering anonymous template { recipe: pptx, engine: handlebars }","meta":{"rootId":"ub4d276620zyjn5","id":"ub4d276620zyjn5"},"id":"l63sg6du0sbi4jz","previousOperationId":"i983l72m8vc2m9s"}
{"type":"log","timestamp":1766779052065,"level":"debug","message":"Inline data specified.","meta":{"rootId":"ub4d276620zyjn5","id":"ub4d276620zyjn5"},"id":"d1rs605z5vubg3e","previousOperationId":"i983l72m8vc2m9s"}
{"type":"log","timestamp":1766779052069,"level":"debug","message":"Base url not specified, skipping its injection.","meta":{"rootId":"ub4d276620zyjn5","id":"ub4d276620zyjn5"},"id":"nx3kxg6zs2cadjz","previousOperationId":"i983l72m8vc2m9s"}
{"type":"operationStart","subtype":"engine","name":"handlebars","timestamp":1766779052069,"id":"nba5qvfeqv3f5cp","previousEventId":"ywqn9mlvz1q1mm1","operationId":"6nhatqocdja3dzw","previousOperationId":"i983l72m8vc2m9s"}
{"type":"log","timestamp":1766779052069,"level":"debug","message":"Rendering engine handlebars","meta":{"rootId":"ub4d276620zyjn5","id":"ub4d276620zyjn5"},"id":"erkfdgazlpwxmwb","previousOperationId":"6nhatqocdja3dzw"}
{"type":"operationEnd","operationId":"6nhatqocdja3dzw","timestamp":1766779052088,"id":"fv4e98daauhcudx","previousEventId":"nba5qvfeqv3f5cp","previousOperationId":"6nhatqocdja3dzw"}
{"type":"operationStart","subtype":"recipe","name":"pptx","timestamp":1766779052089,"id":"irr0ktv4n03aymd","previousEventId":"fv4e98daauhcudx","operationId":"83bfm1ie0vt1byk","previousOperationId":"6nhatqocdja3dzw"}
{"type":"log","timestamp":1766779052089,"level":"debug","message":"Executing recipe pptx","meta":{"rootId":"ub4d276620zyjn5","id":"ub4d276620zyjn5"},"id":"kodrsed1bwu86vy","previousOperationId":"83bfm1ie0vt1byk"}
{"type":"log","timestamp":1766779052112,"level":"info","message":"pptx generation is starting","meta":{"rootId":"ub4d276620zyjn5","id":"ub4d276620zyjn5"},"id":"mce9crs518supt2","previousOperationId":"83bfm1ie0vt1byk"}
{"type":"log","timestamp":1766779053814,"level":"debug","message":"Starting child request to render pptx dynamic parts","meta":{"rootId":"ub4d276620zyjn5","id":"ub4d276620zyjn5"},"id":"acm8l06aoz2xhcj","previousOperationId":"83bfm1ie0vt1byk"}
{"type":"operationStart","subtype":"render","name":"anonymous","previousOperationId":"83bfm1ie0vt1byk","timestamp":1766779053815,"id":"16l2fv8zdr758s1","previousEventId":"irr0ktv4n03aymd","operationId":"04r2ae7n7gez3xa"}
{"type":"log","timestamp":1766779053815,"level":"info","message":"Starting rendering (child) request","meta":{"rootId":"ub4d276620zyjn5","id":"jx1yn6nklb5mmi1"},"id":"tjlatqscxgb0wpq","previousOperationId":"04r2ae7n7gez3xa"}
{"type":"log","timestamp":1766779053815,"level":"info","message":"Rendering anonymous template { recipe: html, engine: handlebars }","meta":{"rootId":"ub4d276620zyjn5","id":"jx1yn6nklb5mmi1"},"id":"2606ri6lrw5zvn6","previousOperationId":"04r2ae7n7gez3xa"}
{"type":"log","timestamp":1766779053815,"level":"debug","message":"Inline data specified.","meta":{"rootId":"ub4d276620zyjn5","id":"jx1yn6nklb5mmi1"},"id":"wctfocrys9mcwv1","previousOperationId":"04r2ae7n7gez3xa"}
{"type":"log","timestamp":1766779053826,"level":"debug","message":"Base url not specified, skipping its injection.","meta":{"rootId":"ub4d276620zyjn5","id":"jx1yn6nklb5mmi1"},"id":"gwuepta765e4ppx","previousOperationId":"04r2ae7n7gez3xa"}
{"type":"operationStart","subtype":"engine","name":"handlebars","timestamp":1766779053828,"id":"j24nsa4b7yechf6","previousEventId":"16l2fv8zdr758s1","operationId":"07su19jooz4gl6b","previousOperationId":"04r2ae7n7gez3xa"}
{"type":"log","timestamp":1766779053828,"level":"debug","message":"Rendering engine handlebars","meta":{"rootId":"ub4d276620zyjn5","id":"jx1yn6nklb5mmi1"},"id":"yi4gnoyaeq06etf","previousOperationId":"07su19jooz4gl6b"}
{"type":"operationEnd","operationId":"07su19jooz4gl6b","timestamp":1766779053992,"id":"60t3xjx6yjmr7id","previousEventId":"j24nsa4b7yechf6","previousOperationId":"07su19jooz4gl6b"}
{"type":"operationStart","subtype":"recipe","name":"html","timestamp":1766779054007,"id":"mlk0hwaqhyazsov","previousEventId":"60t3xjx6yjmr7id","operationId":"x313l1gnomclul4","previousOperationId":"07su19jooz4gl6b"}
{"type":"log","timestamp":1766779054008,"level":"debug","message":"Executing recipe html","meta":{"rootId":"ub4d276620zyjn5","id":"jx1yn6nklb5mmi1"},"id":"dt659otlrr1ywaa","previousOperationId":"x313l1gnomclul4"}
{"type":"operationEnd","operationId":"x313l1gnomclul4","timestamp":1766779054008,"id":"0es1t1j3hff3yk8","previousEventId":"mlk0hwaqhyazsov","previousOperationId":"x313l1gnomclul4"}
{"type":"log","timestamp":1766779054008,"level":"debug","message":"Skipping storing report.","meta":{"rootId":"ub4d276620zyjn5","id":"jx1yn6nklb5mmi1"},"id":"j1id1mk04an0ndn","previousOperationId":"x313l1gnomclul4"}
{"type":"log","timestamp":1766779054008,"level":"info","message":"Rendering (child) request finished in 2008 ms","meta":{"rootId":"ub4d276620zyjn5","id":"jx1yn6nklb5mmi1"},"id":"rrqjpz4o9344pp8","previousOperationId":"x313l1gnomclul4"}
{"type":"operationEnd","subtype":"render","operationId":"04r2ae7n7gez3xa","timestamp":1766779054008,"id":"5abe8lc16rn6407","previousEventId":"0es1t1j3hff3yk8","previousOperationId":"x313l1gnomclul4"}
{"type":"log","timestamp":1766779060679,"level":"debug","message":"pptx successfully zipped","meta":{"rootId":"ub4d276620zyjn5","id":"ub4d276620zyjn5"},"id":"9srn23vp0m03wqt","previousOperationId":"83bfm1ie0vt1byk"}
{"type":"log","timestamp":1766779060679,"level":"info","message":"pptx generation was finished","meta":{"rootId":"ub4d276620zyjn5","id":"ub4d276620zyjn5"},"id":"xocfzicio0cf8h9","previousOperationId":"83bfm1ie0vt1byk"}
{"type":"operationEnd","operationId":"83bfm1ie0vt1byk","timestamp":1766779060692,"id":"bz1vkwv0bfwrkvb","previousEventId":"irr0ktv4n03aymd","previousOperationId":"83bfm1ie0vt1byk"}
{"type":"log","timestamp":1766779060692,"level":"debug","message":"Skipping storing report.","meta":{"rootId":"ub4d276620zyjn5","id":"ub4d276620zyjn5"},"id":"3zfkklg2embnez3","previousOperationId":"83bfm1ie0vt1byk"}
{"type":"log","timestamp":1766779060692,"level":"info","message":"Rendering request 6 finished in 8692 ms","meta":{"rootId":"ub4d276620zyjn5","id":"ub4d276620zyjn5"},"id":"g1yg7dv05zjqha9","previousOperationId":"83bfm1ie0vt1byk"}
{"type":"operationEnd","subtype":"render","operationId":"i983l72m8vc2m9s","timestamp":1766779060692,"id":"ovtmn92bvaw82ze","previousEventId":"bz1vkwv0bfwrkvb","previousOperationId":"83bfm1ie0vt1byk"}
{"type":"operationEnd","doDiffs":false,"previousEventId":"jeg6dq815a9w51p","previousOperationId":"8xxdjhs49yhu16x","operationId":"8xxdjhs49yhu16x","timestamp":1766779060698,"id":"glabaa1wpe0d553"}
