{"type":"operationStart","subtype":"profile","data":{"_id":"jTiA7qzJajvGZvjs","timestamp":"2025-12-30T18:10:43.311Z","state":"running","mode":"standard","creationDate":"2025-12-30T18:10:43.326Z","modificationDate":"2025-12-30T18:10:43.326Z","shortid":"5uMhqg3","$entitySet":"profiles","timeout":60000},"doDiffs":false,"timestamp":1767118243322,"id":"o767cblc9vopjw1","previousOperationId":null,"operationId":"0bp68flozcsvxbb"}
{"type":"log","level":"info","message":"Render request 3 queued for execution and waiting for available worker","previousOperationId":"0bp68flozcsvxbb","timestamp":1767118243322,"id":"ujcol7otpzhoo6e"}
{"type":"operationStart","subtype":"render","name":"anonymous","previousOperationId":"0bp68flozcsvxbb","timestamp":1767118243403,"id":"s7u1nr08nnyj9sg","previousEventId":"o767cblc9vopjw1","operationId":"wsk13xukkpx56xl"}
{"type":"log","timestamp":1767118243404,"level":"info","message":"Starting rendering request 3","meta":{"rootId":"ubo5o0oxngi3gir","id":"ubo5o0oxngi3gir"},"id":"e79yvz29nmm70f5","previousOperationId":"wsk13xukkpx56xl"}
{"type":"log","timestamp":1767118243404,"level":"info","message":"Rendering anonymous template { recipe: pptx, engine: handlebars }","meta":{"rootId":"ubo5o0oxngi3gir","id":"ubo5o0oxngi3gir"},"id":"8gfuxdjrqrhc2zr","previousOperationId":"wsk13xukkpx56xl"}
{"type":"log","timestamp":1767118243404,"level":"debug","message":"Inline data specified.","meta":{"rootId":"ubo5o0oxngi3gir","id":"ubo5o0oxngi3gir"},"id":"cvzez16303ohim3","previousOperationId":"wsk13xukkpx56xl"}
{"type":"log","timestamp":1767118243411,"level":"debug","message":"Base url not specified, skipping its injection.","meta":{"rootId":"ubo5o0oxngi3gir","id":"ubo5o0oxngi3gir"},"id":"h9jt1lzofd07izc","previousOperationId":"wsk13xukkpx56xl"}
{"type":"operationStart","subtype":"engine","name":"handlebars","timestamp":1767118243412,"id":"z57tpjsf1drp426","previousEventId":"s7u1nr08nnyj9sg","operationId":"ujr2726mt7ijxfb","previousOperationId":"wsk13xukkpx56xl"}
{"type":"log","timestamp":1767118243412,"level":"debug","message":"Rendering engine handlebars","meta":{"rootId":"ubo5o0oxngi3gir","id":"ubo5o0oxngi3gir"},"id":"3uid928tb2k1edg","previousOperationId":"ujr2726mt7ijxfb"}
{"type":"operationEnd","operationId":"ujr2726mt7ijxfb","timestamp":1767118243436,"id":"hze4ekyfyv6ck4n","previousEventId":"z57tpjsf1drp426","previousOperationId":"ujr2726mt7ijxfb"}
{"type":"operationStart","subtype":"recipe","name":"pptx","timestamp":1767118243436,"id":"kh6hpp6qkiuwm7b","previousEventId":"hze4ekyfyv6ck4n","operationId":"dcat6mt8ozrnjl8","previousOperationId":"ujr2726mt7ijxfb"}
{"type":"log","timestamp":1767118243437,"level":"debug","message":"Executing recipe pptx","meta":{"rootId":"ubo5o0oxngi3gir","id":"ubo5o0oxngi3gir"},"id":"wrqr353w9js46ki","previousOperationId":"dcat6mt8ozrnjl8"}
{"type":"log","timestamp":1767118243457,"level":"info","message":"pptx generation is starting","meta":{"rootId":"ubo5o0oxngi3gir","id":"ubo5o0oxngi3gir"},"id":"g9f8op1ft9z6tgb","previousOperationId":"dcat6mt8ozrnjl8"}
{"type":"log","timestamp":1767118245265,"level":"debug","message":"Starting child request to render pptx dynamic parts","meta":{"rootId":"ubo5o0oxngi3gir","id":"ubo5o0oxngi3gir"},"id":"mccbc8gh5yet5k8","previousOperationId":"dcat6mt8ozrnjl8"}
{"type":"operationStart","subtype":"render","name":"anonymous","previousOperationId":"dcat6mt8ozrnjl8","timestamp":1767118245266,"id":"06r7tl1ns4fzzu2","previousEventId":"kh6hpp6qkiuwm7b","operationId":"7c9150ej7pzbirk"}
{"type":"log","timestamp":1767118245266,"level":"info","message":"Starting rendering (child) request","meta":{"rootId":"ubo5o0oxngi3gir","id":"7ifugcf424ofox5"},"id":"z8xi9u549x7fs7z","previousOperationId":"7c9150ej7pzbirk"}
{"type":"log","timestamp":1767118245267,"level":"info","message":"Rendering anonymous template { recipe: html, engine: handlebars }","meta":{"rootId":"ubo5o0oxngi3gir","id":"7ifugcf424ofox5"},"id":"ayqom12z5spryiy","previousOperationId":"7c9150ej7pzbirk"}
{"type":"log","timestamp":1767118245267,"level":"debug","message":"Inline data specified.","meta":{"rootId":"ubo5o0oxngi3gir","id":"7ifugcf424ofox5"},"id":"6pxzlmk0gfq45in","previousOperationId":"7c9150ej7pzbirk"}
{"type":"log","timestamp":1767118245273,"level":"debug","message":"Base url not specified, skipping its injection.","meta":{"rootId":"ubo5o0oxngi3gir","id":"7ifugcf424ofox5"},"id":"srs4kwvdvjxznai","previousOperationId":"7c9150ej7pzbirk"}
{"type":"operationStart","subtype":"engine","name":"handlebars","timestamp":1767118245275,"id":"wgg0ytiqit3wolo","previousEventId":"06r7tl1ns4fzzu2","operationId":"pvyh14xb0coik8i","previousOperationId":"7c9150ej7pzbirk"}
{"type":"log","timestamp":1767118245275,"level":"debug","message":"Rendering engine handlebars","meta":{"rootId":"ubo5o0oxngi3gir","id":"7ifugcf424ofox5"},"id":"tykln03yek6hhrz","previousOperationId":"pvyh14xb0coik8i"}
{"type":"log","timestamp":1767118245477,"level":"debug","message":"(console:log) {\n  type: 'echarts@v5a',\n  width: 848,\n  height: 409,\n  option: { radar: [ [Object] ], series: [ [Object] ] }\n}","meta":{"userLevel":true,"rootId":"ubo5o0oxngi3gir","id":"7ifugcf424ofox5"},"id":"l2oja02nd8nxxph","previousOperationId":"pvyh14xb0coik8i"}
{"type":"operationEnd","operationId":"pvyh14xb0coik8i","timestamp":1767118245489,"id":"c7trr7ee2hdlydp","previousEventId":"wgg0ytiqit3wolo","previousOperationId":"pvyh14xb0coik8i"}
{"type":"operationStart","subtype":"recipe","name":"html","timestamp":1767118245511,"id":"ymc9rzafasjhwsk","previousEventId":"c7trr7ee2hdlydp","operationId":"dd0ngpawiv9a85a","previousOperationId":"pvyh14xb0coik8i"}
{"type":"log","timestamp":1767118245511,"level":"debug","message":"Executing recipe html","meta":{"rootId":"ubo5o0oxngi3gir","id":"7ifugcf424ofox5"},"id":"vzzdeocrjcglsbi","previousOperationId":"dd0ngpawiv9a85a"}
{"type":"operationEnd","operationId":"dd0ngpawiv9a85a","timestamp":1767118245512,"id":"1vw9929bvd3q04l","previousEventId":"ymc9rzafasjhwsk","previousOperationId":"dd0ngpawiv9a85a"}
{"type":"log","timestamp":1767118245512,"level":"debug","message":"Skipping storing report.","meta":{"rootId":"ubo5o0oxngi3gir","id":"7ifugcf424ofox5"},"id":"ee78unqy3uv4sbp","previousOperationId":"dd0ngpawiv9a85a"}
{"type":"log","timestamp":1767118245512,"level":"info","message":"Rendering (child) request finished in 2207 ms","meta":{"rootId":"ubo5o0oxngi3gir","id":"7ifugcf424ofox5"},"id":"br4a2boaed6w9jo","previousOperationId":"dd0ngpawiv9a85a"}
{"type":"operationEnd","subtype":"render","operationId":"7c9150ej7pzbirk","timestamp":1767118245512,"id":"kez6lgnuhotm4ok","previousEventId":"1vw9929bvd3q04l","previousOperationId":"dd0ngpawiv9a85a"}
{"type":"log","timestamp":1767118251536,"level":"debug","message":"pptx successfully zipped","meta":{"rootId":"ubo5o0oxngi3gir","id":"ubo5o0oxngi3gir"},"id":"5wrx3jpjv444w37","previousOperationId":"dcat6mt8ozrnjl8"}
{"type":"log","timestamp":1767118251536,"level":"info","message":"pptx generation was finished","meta":{"rootId":"ubo5o0oxngi3gir","id":"ubo5o0oxngi3gir"},"id":"2ijpyrtnsc595fq","previousOperationId":"dcat6mt8ozrnjl8"}
{"type":"operationEnd","operationId":"dcat6mt8ozrnjl8","timestamp":1767118251556,"id":"hmwh1lf9wlkky5t","previousEventId":"kh6hpp6qkiuwm7b","previousOperationId":"dcat6mt8ozrnjl8"}
{"type":"log","timestamp":1767118251556,"level":"debug","message":"Skipping storing report.","meta":{"rootId":"ubo5o0oxngi3gir","id":"ubo5o0oxngi3gir"},"id":"jkw4uwh95fg22q2","previousOperationId":"dcat6mt8ozrnjl8"}
{"type":"log","timestamp":1767118251556,"level":"info","message":"Rendering request 3 finished in 8251 ms","meta":{"rootId":"ubo5o0oxngi3gir","id":"ubo5o0oxngi3gir"},"id":"g180oycjxj8rckz","previousOperationId":"dcat6mt8ozrnjl8"}
{"type":"operationEnd","subtype":"render","operationId":"wsk13xukkpx56xl","timestamp":1767118251556,"id":"j2qlna1iv6k64v5","previousEventId":"hmwh1lf9wlkky5t","previousOperationId":"dcat6mt8ozrnjl8"}
{"type":"operationEnd","doDiffs":false,"previousEventId":"o767cblc9vopjw1","previousOperationId":"0bp68flozcsvxbb","operationId":"0bp68flozcsvxbb","timestamp":1767118251563,"id":"v1acdm0onvpmpww"}
