{"type":"operationStart","subtype":"profile","data":{"_id":"CL6j9ulbP7lnt25g","timestamp":"2025-12-07T18:38:21.907Z","state":"running","mode":"standard","creationDate":"2025-12-07T18:38:21.914Z","modificationDate":"2025-12-07T18:38:21.914Z","shortid":"g7JoknV","$entitySet":"profiles","timeout":60000},"doDiffs":false,"timestamp":1765132701911,"id":"rf7l6xtanxttomu","previousOperationId":null,"operationId":"znynjt46ns4nkiv"}
{"type":"log","level":"info","message":"Render request 5 queued for execution and waiting for available worker","previousOperationId":"znynjt46ns4nkiv","timestamp":1765132701911,"id":"zoc5g277gsd1j6j"}
{"type":"operationStart","subtype":"render","name":"anonymous","previousOperationId":"znynjt46ns4nkiv","timestamp":1765132701975,"id":"yohj1ic4w6btk8p","previousEventId":"rf7l6xtanxttomu","operationId":"w71l9oefgvfs1zj"}
{"type":"log","timestamp":1765132701975,"level":"info","message":"Starting rendering request 5","meta":{"rootId":"ujcl13mcecl31go","id":"ujcl13mcecl31go"},"id":"tfjdw1l1zn8k8ue","previousOperationId":"w71l9oefgvfs1zj"}
{"type":"log","timestamp":1765132701975,"level":"info","message":"Rendering anonymous template { recipe: pptx, engine: handlebars }","meta":{"rootId":"ujcl13mcecl31go","id":"ujcl13mcecl31go"},"id":"5cencim6006qck3","previousOperationId":"w71l9oefgvfs1zj"}
{"type":"log","timestamp":1765132701975,"level":"debug","message":"Inline data specified.","meta":{"rootId":"ujcl13mcecl31go","id":"ujcl13mcecl31go"},"id":"dwtxdcycly5p0hv","previousOperationId":"w71l9oefgvfs1zj"}
{"type":"log","timestamp":1765132701979,"level":"debug","message":"Base url not specified, skipping its injection.","meta":{"rootId":"ujcl13mcecl31go","id":"ujcl13mcecl31go"},"id":"806q0srwxvc1enu","previousOperationId":"w71l9oefgvfs1zj"}
{"type":"operationStart","subtype":"engine","name":"handlebars","timestamp":1765132701980,"id":"8aa343ko8s9lzce","previousEventId":"yohj1ic4w6btk8p","operationId":"t765bimr6ru0iyk","previousOperationId":"w71l9oefgvfs1zj"}
{"type":"log","timestamp":1765132701980,"level":"debug","message":"Rendering engine handlebars","meta":{"rootId":"ujcl13mcecl31go","id":"ujcl13mcecl31go"},"id":"e9f6f1uje3ve7s4","previousOperationId":"t765bimr6ru0iyk"}
{"type":"operationEnd","operationId":"t765bimr6ru0iyk","timestamp":1765132702003,"id":"9c9uw4hxt4tuq4e","previousEventId":"8aa343ko8s9lzce","previousOperationId":"t765bimr6ru0iyk"}
{"type":"operationStart","subtype":"recipe","name":"pptx","timestamp":1765132702005,"id":"vqi45ubbq9vt6fj","previousEventId":"9c9uw4hxt4tuq4e","operationId":"2f3lwicpstfi2xk","previousOperationId":"t765bimr6ru0iyk"}
{"type":"log","timestamp":1765132702005,"level":"debug","message":"Executing recipe pptx","meta":{"rootId":"ujcl13mcecl31go","id":"ujcl13mcecl31go"},"id":"wgtd6h0vzvwj7mr","previousOperationId":"2f3lwicpstfi2xk"}
{"type":"log","timestamp":1765132702026,"level":"info","message":"pptx generation is starting","meta":{"rootId":"ujcl13mcecl31go","id":"ujcl13mcecl31go"},"id":"j7eu6v9ejhtcdc6","previousOperationId":"2f3lwicpstfi2xk"}
{"type":"log","timestamp":1765132703640,"level":"debug","message":"Starting child request to render pptx dynamic parts","meta":{"rootId":"ujcl13mcecl31go","id":"ujcl13mcecl31go"},"id":"ubr1i6paquk746m","previousOperationId":"2f3lwicpstfi2xk"}
{"type":"operationStart","subtype":"render","name":"anonymous","previousOperationId":"2f3lwicpstfi2xk","timestamp":1765132703641,"id":"56rqiwo7cy5zi5a","previousEventId":"vqi45ubbq9vt6fj","operationId":"1bv02kjj02ctzuq"}
{"type":"log","timestamp":1765132703641,"level":"info","message":"Starting rendering (child) request","meta":{"rootId":"ujcl13mcecl31go","id":"i4ooq8lkdv98ma8"},"id":"q3z4jw9nw2zkry4","previousOperationId":"1bv02kjj02ctzuq"}
{"type":"log","timestamp":1765132703641,"level":"info","message":"Rendering anonymous template { recipe: html, engine: handlebars }","meta":{"rootId":"ujcl13mcecl31go","id":"i4ooq8lkdv98ma8"},"id":"2c3xsrjsb26cvee","previousOperationId":"1bv02kjj02ctzuq"}
{"type":"log","timestamp":1765132703641,"level":"debug","message":"Inline data specified.","meta":{"rootId":"ujcl13mcecl31go","id":"i4ooq8lkdv98ma8"},"id":"180yqcxepw1kena","previousOperationId":"1bv02kjj02ctzuq"}
{"type":"log","timestamp":1765132703647,"level":"debug","message":"Base url not specified, skipping its injection.","meta":{"rootId":"ujcl13mcecl31go","id":"i4ooq8lkdv98ma8"},"id":"yio0iuo7aiuxh8b","previousOperationId":"1bv02kjj02ctzuq"}
{"type":"operationStart","subtype":"engine","name":"handlebars","timestamp":1765132703649,"id":"3ff3mkgg5lfxfmo","previousEventId":"56rqiwo7cy5zi5a","operationId":"7ppwv1g3et6th6k","previousOperationId":"1bv02kjj02ctzuq"}
{"type":"log","timestamp":1765132703649,"level":"debug","message":"Rendering engine handlebars","meta":{"rootId":"ujcl13mcecl31go","id":"i4ooq8lkdv98ma8"},"id":"mlzmzvm3k7bzte2","previousOperationId":"7ppwv1g3et6th6k"}
{"type":"operationEnd","operationId":"7ppwv1g3et6th6k","timestamp":1765132703808,"id":"blf3u35ic7z3c2y","previousEventId":"3ff3mkgg5lfxfmo","previousOperationId":"7ppwv1g3et6th6k"}
{"type":"operationStart","subtype":"recipe","name":"html","timestamp":1765132703821,"id":"8dcjve60bd73hzx","previousEventId":"blf3u35ic7z3c2y","operationId":"wuox72al7l8tx40","previousOperationId":"7ppwv1g3et6th6k"}
{"type":"log","timestamp":1765132703821,"level":"debug","message":"Executing recipe html","meta":{"rootId":"ujcl13mcecl31go","id":"i4ooq8lkdv98ma8"},"id":"e974eh32o0tkruk","previousOperationId":"wuox72al7l8tx40"}
{"type":"operationEnd","operationId":"wuox72al7l8tx40","timestamp":1765132703821,"id":"7ofmmjqwn5e0q4w","previousEventId":"8dcjve60bd73hzx","previousOperationId":"wuox72al7l8tx40"}
{"type":"log","timestamp":1765132703822,"level":"debug","message":"Skipping storing report.","meta":{"rootId":"ujcl13mcecl31go","id":"i4ooq8lkdv98ma8"},"id":"kenc96ms9vld736","previousOperationId":"wuox72al7l8tx40"}
{"type":"log","timestamp":1765132703822,"level":"info","message":"Rendering (child) request finished in 1918 ms","meta":{"rootId":"ujcl13mcecl31go","id":"i4ooq8lkdv98ma8"},"id":"30mj6qn260okc32","previousOperationId":"wuox72al7l8tx40"}
{"type":"operationEnd","subtype":"render","operationId":"1bv02kjj02ctzuq","timestamp":1765132703822,"id":"8su5q5x0pz3c13b","previousEventId":"7ofmmjqwn5e0q4w","previousOperationId":"wuox72al7l8tx40"}
{"type":"log","timestamp":1765132712524,"level":"debug","message":"pptx successfully zipped","meta":{"rootId":"ujcl13mcecl31go","id":"ujcl13mcecl31go"},"id":"kw7m1tf8ys3tfr5","previousOperationId":"2f3lwicpstfi2xk"}
{"type":"log","timestamp":1765132712524,"level":"info","message":"pptx generation was finished","meta":{"rootId":"ujcl13mcecl31go","id":"ujcl13mcecl31go"},"id":"aihdfp755v66kwd","previousOperationId":"2f3lwicpstfi2xk"}
{"type":"operationEnd","operationId":"2f3lwicpstfi2xk","timestamp":1765132712534,"id":"mh2wbq0s0igs4ag","previousEventId":"vqi45ubbq9vt6fj","previousOperationId":"2f3lwicpstfi2xk"}
{"type":"log","timestamp":1765132712534,"level":"debug","message":"Skipping storing report.","meta":{"rootId":"ujcl13mcecl31go","id":"ujcl13mcecl31go"},"id":"z32h9b0px0m1vgd","previousOperationId":"2f3lwicpstfi2xk"}
{"type":"log","timestamp":1765132712534,"level":"info","message":"Rendering request 5 finished in 10630 ms","meta":{"rootId":"ujcl13mcecl31go","id":"ujcl13mcecl31go"},"id":"o2i6utmhfjv5bwp","previousOperationId":"2f3lwicpstfi2xk"}
{"type":"operationEnd","subtype":"render","operationId":"w71l9oefgvfs1zj","timestamp":1765132712534,"id":"yjrhkf0u9q2anu4","previousEventId":"mh2wbq0s0igs4ag","previousOperationId":"2f3lwicpstfi2xk"}
{"type":"operationEnd","doDiffs":false,"previousEventId":"rf7l6xtanxttomu","previousOperationId":"znynjt46ns4nkiv","operationId":"znynjt46ns4nkiv","timestamp":1765132712540,"id":"l8ck7mmimdi4lmd"}
