{"type":"operationStart","subtype":"profile","data":{"_id":"x8swb43vDIq056wd","timestamp":"2025-12-07T16:06:35.990Z","state":"running","mode":"standard","creationDate":"2025-12-07T16:06:35.993Z","modificationDate":"2025-12-07T16:06:35.993Z","shortid":"Hwou0yf","$entitySet":"profiles","timeout":60000},"doDiffs":false,"timestamp":1765123595992,"id":"up7h37tp3uhiupw","previousOperationId":null,"operationId":"daxjcpa03cqoopc"}
{"type":"log","level":"info","message":"Render request 16 queued for execution and waiting for available worker","previousOperationId":"daxjcpa03cqoopc","timestamp":1765123595992,"id":"ljnk713j2v3392d"}
{"type":"operationStart","subtype":"render","name":"anonymous","previousOperationId":"daxjcpa03cqoopc","timestamp":1765123596003,"id":"qzbkit9299cpmrn","previousEventId":"up7h37tp3uhiupw","operationId":"esxjdu1cpsuk66h"}
{"type":"log","timestamp":1765123596003,"level":"info","message":"Starting rendering request 16","meta":{"rootId":"ulramxx3rgtqya7","id":"ulramxx3rgtqya7"},"id":"598dxrte0cdiaey","previousOperationId":"esxjdu1cpsuk66h"}
{"type":"log","timestamp":1765123596003,"level":"info","message":"Rendering anonymous template { recipe: pptx, engine: handlebars }","meta":{"rootId":"ulramxx3rgtqya7","id":"ulramxx3rgtqya7"},"id":"lyzvf2omejcgxkj","previousOperationId":"esxjdu1cpsuk66h"}
{"type":"log","timestamp":1765123596003,"level":"debug","message":"Inline data specified.","meta":{"rootId":"ulramxx3rgtqya7","id":"ulramxx3rgtqya7"},"id":"xwf1le89xwdro92","previousOperationId":"esxjdu1cpsuk66h"}
{"type":"log","timestamp":1765123596004,"level":"debug","message":"Base url not specified, skipping its injection.","meta":{"rootId":"ulramxx3rgtqya7","id":"ulramxx3rgtqya7"},"id":"w2bbtcx757yvlvx","previousOperationId":"esxjdu1cpsuk66h"}
{"type":"operationStart","subtype":"engine","name":"handlebars","timestamp":1765123596005,"id":"eekh8q6g3wsldqv","previousEventId":"qzbkit9299cpmrn","operationId":"860gn7fxme5yuci","previousOperationId":"esxjdu1cpsuk66h"}
{"type":"log","timestamp":1765123596005,"level":"debug","message":"Rendering engine handlebars","meta":{"rootId":"ulramxx3rgtqya7","id":"ulramxx3rgtqya7"},"id":"9w8umx2cmt5aa74","previousOperationId":"860gn7fxme5yuci"}
{"type":"operationEnd","operationId":"860gn7fxme5yuci","timestamp":1765123596018,"id":"xjxngmu6baoeoph","previousEventId":"eekh8q6g3wsldqv","previousOperationId":"860gn7fxme5yuci"}
{"type":"operationStart","subtype":"recipe","name":"pptx","timestamp":1765123596018,"id":"p17vy6ue7i8u3v5","previousEventId":"xjxngmu6baoeoph","operationId":"x948g038vnn0otx","previousOperationId":"860gn7fxme5yuci"}
{"type":"log","timestamp":1765123596019,"level":"debug","message":"Executing recipe pptx","meta":{"rootId":"ulramxx3rgtqya7","id":"ulramxx3rgtqya7"},"id":"9wtkwc2woojsf2i","previousOperationId":"x948g038vnn0otx"}
{"type":"log","timestamp":1765123596019,"level":"info","message":"pptx generation is starting","meta":{"rootId":"ulramxx3rgtqya7","id":"ulramxx3rgtqya7"},"id":"lls8mf54g0zbqdf","previousOperationId":"x948g038vnn0otx"}
{"type":"log","timestamp":1765123596110,"level":"debug","message":"Starting child request to render pptx dynamic parts","meta":{"rootId":"ulramxx3rgtqya7","id":"ulramxx3rgtqya7"},"id":"pe3w3ao76wte9cs","previousOperationId":"x948g038vnn0otx"}
{"type":"operationStart","subtype":"render","name":"anonymous","previousOperationId":"x948g038vnn0otx","timestamp":1765123596111,"id":"qjyvka0om87jwmi","previousEventId":"p17vy6ue7i8u3v5","operationId":"mwdg6x144w13v2f"}
{"type":"log","timestamp":1765123596111,"level":"info","message":"Starting rendering (child) request","meta":{"rootId":"ulramxx3rgtqya7","id":"jvv45svobm9yh72"},"id":"fmk7a119s7405ox","previousOperationId":"mwdg6x144w13v2f"}
{"type":"log","timestamp":1765123596111,"level":"info","message":"Rendering anonymous template { recipe: html, engine: handlebars }","meta":{"rootId":"ulramxx3rgtqya7","id":"jvv45svobm9yh72"},"id":"w7vl2k1c89v5ful","previousOperationId":"mwdg6x144w13v2f"}
{"type":"log","timestamp":1765123596111,"level":"debug","message":"Inline data specified.","meta":{"rootId":"ulramxx3rgtqya7","id":"jvv45svobm9yh72"},"id":"i3tcjyh4gx5nxmc","previousOperationId":"mwdg6x144w13v2f"}
{"type":"log","timestamp":1765123596117,"level":"debug","message":"Base url not specified, skipping its injection.","meta":{"rootId":"ulramxx3rgtqya7","id":"jvv45svobm9yh72"},"id":"eylk5drvfafi1y4","previousOperationId":"mwdg6x144w13v2f"}
{"type":"operationStart","subtype":"engine","name":"handlebars","timestamp":1765123596118,"id":"z1632feybmt4qo2","previousEventId":"qjyvka0om87jwmi","operationId":"trf1ghnywsjp7dh","previousOperationId":"mwdg6x144w13v2f"}
{"type":"log","timestamp":1765123596118,"level":"debug","message":"Rendering engine handlebars","meta":{"rootId":"ulramxx3rgtqya7","id":"jvv45svobm9yh72"},"id":"o0x9522g9p3h347","previousOperationId":"trf1ghnywsjp7dh"}
{"type":"operationEnd","operationId":"trf1ghnywsjp7dh","timestamp":1765123596134,"id":"ic9e5d7bswg6zc6","previousEventId":"z1632feybmt4qo2","previousOperationId":"trf1ghnywsjp7dh"}
{"type":"operationStart","subtype":"recipe","name":"html","timestamp":1765123596138,"id":"ez4a21ikoiaj1tr","previousEventId":"ic9e5d7bswg6zc6","operationId":"80rrs676xaecvnx","previousOperationId":"trf1ghnywsjp7dh"}
{"type":"log","timestamp":1765123596138,"level":"debug","message":"Executing recipe html","meta":{"rootId":"ulramxx3rgtqya7","id":"jvv45svobm9yh72"},"id":"ue0oade0w5dd41m","previousOperationId":"80rrs676xaecvnx"}
{"type":"operationEnd","operationId":"80rrs676xaecvnx","timestamp":1765123596138,"id":"8j8e73nl138x161","previousEventId":"ez4a21ikoiaj1tr","previousOperationId":"80rrs676xaecvnx"}
{"type":"log","timestamp":1765123596138,"level":"debug","message":"Skipping storing report.","meta":{"rootId":"ulramxx3rgtqya7","id":"jvv45svobm9yh72"},"id":"35qlu7iqpbtxwi6","previousOperationId":"80rrs676xaecvnx"}
{"type":"log","timestamp":1765123596138,"level":"info","message":"Rendering (child) request finished in 148 ms","meta":{"rootId":"ulramxx3rgtqya7","id":"jvv45svobm9yh72"},"id":"6fgfyab3eg1p2bc","previousOperationId":"80rrs676xaecvnx"}
{"type":"operationEnd","subtype":"render","operationId":"mwdg6x144w13v2f","timestamp":1765123596139,"id":"bwf673yjjckyfcw","previousEventId":"8j8e73nl138x161","previousOperationId":"80rrs676xaecvnx"}
{"type":"log","timestamp":1765123596257,"level":"debug","message":"pptx successfully zipped","meta":{"rootId":"ulramxx3rgtqya7","id":"ulramxx3rgtqya7"},"id":"jbq2z0z9lq9t753","previousOperationId":"x948g038vnn0otx"}
{"type":"log","timestamp":1765123596257,"level":"info","message":"pptx generation was finished","meta":{"rootId":"ulramxx3rgtqya7","id":"ulramxx3rgtqya7"},"id":"8cxv7z1fttcc8lg","previousOperationId":"x948g038vnn0otx"}
{"type":"operationEnd","operationId":"x948g038vnn0otx","timestamp":1765123596260,"id":"u2khz6q2zztm1lo","previousEventId":"p17vy6ue7i8u3v5","previousOperationId":"x948g038vnn0otx"}
{"type":"log","timestamp":1765123596260,"level":"debug","message":"Skipping storing report.","meta":{"rootId":"ulramxx3rgtqya7","id":"ulramxx3rgtqya7"},"id":"6auzxzf7i3z3psl","previousOperationId":"x948g038vnn0otx"}
{"type":"log","timestamp":1765123596260,"level":"info","message":"Rendering request 16 finished in 270 ms","meta":{"rootId":"ulramxx3rgtqya7","id":"ulramxx3rgtqya7"},"id":"let9iitj2g1rb7o","previousOperationId":"x948g038vnn0otx"}
{"type":"operationEnd","subtype":"render","operationId":"esxjdu1cpsuk66h","timestamp":1765123596260,"id":"hyai0tt1zc8e5a5","previousEventId":"u2khz6q2zztm1lo","previousOperationId":"x948g038vnn0otx"}
{"type":"operationEnd","doDiffs":false,"previousEventId":"up7h37tp3uhiupw","previousOperationId":"daxjcpa03cqoopc","operationId":"daxjcpa03cqoopc","timestamp":1765123596265,"id":"pgjso53eh64u845"}
