{"type":"operationStart","subtype":"profile","data":{"_id":"8YxZCkZjTIvJzze6","timestamp":"2025-12-27T12:56:41.415Z","state":"running","mode":"standard","creationDate":"2025-12-27T12:56:41.422Z","modificationDate":"2025-12-27T12:56:41.422Z","shortid":"R6qWwMP","$entitySet":"profiles","timeout":60000},"doDiffs":false,"timestamp":1766840201419,"id":"0ea2hl85yy30izb","previousOperationId":null,"operationId":"gbfu24wmpiqxmcq"}
{"type":"log","level":"info","message":"Render request 1 queued for execution and waiting for available worker","previousOperationId":"gbfu24wmpiqxmcq","timestamp":1766840201419,"id":"pb1wm9fmaru2arm"}
{"type":"operationStart","subtype":"render","name":"anonymous","previousOperationId":"gbfu24wmpiqxmcq","timestamp":1766840201469,"id":"jwilycxdhx1oowt","previousEventId":"0ea2hl85yy30izb","operationId":"qx5yl2y0mzzdsps"}
{"type":"log","timestamp":1766840201469,"level":"info","message":"Starting rendering request 1","meta":{"rootId":"umf21kk4igg4edh","id":"umf21kk4igg4edh"},"id":"b957hdcnmji4xmi","previousOperationId":"qx5yl2y0mzzdsps"}
{"type":"log","timestamp":1766840201471,"level":"info","message":"Rendering anonymous template { recipe: pptx, engine: handlebars }","meta":{"rootId":"umf21kk4igg4edh","id":"umf21kk4igg4edh"},"id":"kiaqc084x4xzjrt","previousOperationId":"qx5yl2y0mzzdsps"}
{"type":"log","timestamp":1766840201471,"level":"debug","message":"Inline data specified.","meta":{"rootId":"umf21kk4igg4edh","id":"umf21kk4igg4edh"},"id":"fjidix6c9wot7ib","previousOperationId":"qx5yl2y0mzzdsps"}
{"type":"log","timestamp":1766840201474,"level":"debug","message":"Base url not specified, skipping its injection.","meta":{"rootId":"umf21kk4igg4edh","id":"umf21kk4igg4edh"},"id":"2rwm4gmgiv99g7l","previousOperationId":"qx5yl2y0mzzdsps"}
{"type":"operationStart","subtype":"engine","name":"handlebars","timestamp":1766840201475,"id":"3v0p3b4zfhldfem","previousEventId":"jwilycxdhx1oowt","operationId":"tdvrve5wuxoj8gb","previousOperationId":"qx5yl2y0mzzdsps"}
{"type":"log","timestamp":1766840201475,"level":"debug","message":"Rendering engine handlebars","meta":{"rootId":"umf21kk4igg4edh","id":"umf21kk4igg4edh"},"id":"ug5b35cxilht55b","previousOperationId":"tdvrve5wuxoj8gb"}
{"type":"operationEnd","operationId":"tdvrve5wuxoj8gb","timestamp":1766840202484,"id":"zo1wmb2upml7j0m","previousEventId":"3v0p3b4zfhldfem","previousOperationId":"tdvrve5wuxoj8gb"}
{"type":"operationStart","subtype":"recipe","name":"pptx","timestamp":1766840202485,"id":"9cezfz320j9axqt","previousEventId":"zo1wmb2upml7j0m","operationId":"p6st3sl297t3cd7","previousOperationId":"tdvrve5wuxoj8gb"}
{"type":"log","timestamp":1766840202485,"level":"debug","message":"Executing recipe pptx","meta":{"rootId":"umf21kk4igg4edh","id":"umf21kk4igg4edh"},"id":"tg29yewlzsxmoi1","previousOperationId":"p6st3sl297t3cd7"}
{"type":"log","timestamp":1766840202652,"level":"info","message":"pptx generation is starting","meta":{"rootId":"umf21kk4igg4edh","id":"umf21kk4igg4edh"},"id":"yx9q3exrzenvrjt","previousOperationId":"p6st3sl297t3cd7"}
{"type":"log","timestamp":1766840203707,"level":"debug","message":"Starting child request to render pptx dynamic parts","meta":{"rootId":"umf21kk4igg4edh","id":"umf21kk4igg4edh"},"id":"5a7y6i3tbsg5onm","previousOperationId":"p6st3sl297t3cd7"}
{"type":"operationStart","subtype":"render","name":"anonymous","previousOperationId":"p6st3sl297t3cd7","timestamp":1766840203708,"id":"gjsrd23vheux2s4","previousEventId":"9cezfz320j9axqt","operationId":"z8miam556a71llb"}
{"type":"log","timestamp":1766840203709,"level":"info","message":"Starting rendering (child) request","meta":{"rootId":"umf21kk4igg4edh","id":"4yc2mhrkru5la30"},"id":"e41suug0zvpu58m","previousOperationId":"z8miam556a71llb"}
{"type":"log","timestamp":1766840203709,"level":"info","message":"Rendering anonymous template { recipe: html, engine: handlebars }","meta":{"rootId":"umf21kk4igg4edh","id":"4yc2mhrkru5la30"},"id":"5fcmpqded319pxb","previousOperationId":"z8miam556a71llb"}
{"type":"log","timestamp":1766840203709,"level":"debug","message":"Inline data specified.","meta":{"rootId":"umf21kk4igg4edh","id":"4yc2mhrkru5la30"},"id":"4kuewgmgdsjvvs4","previousOperationId":"z8miam556a71llb"}
{"type":"log","timestamp":1766840203714,"level":"debug","message":"Base url not specified, skipping its injection.","meta":{"rootId":"umf21kk4igg4edh","id":"4yc2mhrkru5la30"},"id":"51d6292vi3poie2","previousOperationId":"z8miam556a71llb"}
{"type":"operationStart","subtype":"engine","name":"handlebars","timestamp":1766840203716,"id":"oga8rrpih4500vr","previousEventId":"gjsrd23vheux2s4","operationId":"xbf8zbvxmsfxm5r","previousOperationId":"z8miam556a71llb"}
{"type":"log","timestamp":1766840203716,"level":"debug","message":"Rendering engine handlebars","meta":{"rootId":"umf21kk4igg4edh","id":"4yc2mhrkru5la30"},"id":"cjd5utxl1mxfk15","previousOperationId":"xbf8zbvxmsfxm5r"}
{"type":"operationEnd","operationId":"xbf8zbvxmsfxm5r","timestamp":1766840203843,"id":"v5uogqtvqpvype1","previousEventId":"oga8rrpih4500vr","previousOperationId":"xbf8zbvxmsfxm5r"}
{"type":"operationStart","subtype":"recipe","name":"html","timestamp":1766840203852,"id":"9rlaj24bisrycbu","previousEventId":"v5uogqtvqpvype1","operationId":"ilwvpvihbjcvh9m","previousOperationId":"xbf8zbvxmsfxm5r"}
{"type":"log","timestamp":1766840203852,"level":"debug","message":"Executing recipe html","meta":{"rootId":"umf21kk4igg4edh","id":"4yc2mhrkru5la30"},"id":"usksvh905zau5w3","previousOperationId":"ilwvpvihbjcvh9m"}
{"type":"operationEnd","operationId":"ilwvpvihbjcvh9m","timestamp":1766840203852,"id":"kd1ql3yidfyzo5j","previousEventId":"9rlaj24bisrycbu","previousOperationId":"ilwvpvihbjcvh9m"}
{"type":"log","timestamp":1766840203853,"level":"debug","message":"Skipping storing report.","meta":{"rootId":"umf21kk4igg4edh","id":"4yc2mhrkru5la30"},"id":"ihxthlg0skrbme5","previousOperationId":"ilwvpvihbjcvh9m"}
{"type":"log","timestamp":1766840203853,"level":"info","message":"Rendering (child) request finished in 2440 ms","meta":{"rootId":"umf21kk4igg4edh","id":"4yc2mhrkru5la30"},"id":"03nk5zfcjl7iak0","previousOperationId":"ilwvpvihbjcvh9m"}
{"type":"operationEnd","subtype":"render","operationId":"z8miam556a71llb","timestamp":1766840203853,"id":"38gnvb4o20g6gti","previousEventId":"kd1ql3yidfyzo5j","previousOperationId":"ilwvpvihbjcvh9m"}
{"type":"log","timestamp":1766840207897,"level":"debug","message":"pptx successfully zipped","meta":{"rootId":"umf21kk4igg4edh","id":"umf21kk4igg4edh"},"id":"qi63o7kgwyd4y4n","previousOperationId":"p6st3sl297t3cd7"}
{"type":"log","timestamp":1766840207897,"level":"info","message":"pptx generation was finished","meta":{"rootId":"umf21kk4igg4edh","id":"umf21kk4igg4edh"},"id":"s39o14z2qhx8794","previousOperationId":"p6st3sl297t3cd7"}
{"type":"operationEnd","operationId":"p6st3sl297t3cd7","timestamp":1766840207909,"id":"asmd3puxddlxtnr","previousEventId":"9cezfz320j9axqt","previousOperationId":"p6st3sl297t3cd7"}
{"type":"log","timestamp":1766840207909,"level":"debug","message":"Skipping storing report.","meta":{"rootId":"umf21kk4igg4edh","id":"umf21kk4igg4edh"},"id":"d5w9z1jzn2jjslb","previousOperationId":"p6st3sl297t3cd7"}
{"type":"log","timestamp":1766840207909,"level":"info","message":"Rendering request 1 finished in 6496 ms","meta":{"rootId":"umf21kk4igg4edh","id":"umf21kk4igg4edh"},"id":"dvorpezsibq7ipc","previousOperationId":"p6st3sl297t3cd7"}
{"type":"operationEnd","subtype":"render","operationId":"qx5yl2y0mzzdsps","timestamp":1766840207909,"id":"kqsf9vovxhw2blm","previousEventId":"asmd3puxddlxtnr","previousOperationId":"p6st3sl297t3cd7"}
{"type":"operationEnd","doDiffs":false,"previousEventId":"0ea2hl85yy30izb","previousOperationId":"gbfu24wmpiqxmcq","operationId":"gbfu24wmpiqxmcq","timestamp":1766840207914,"id":"w0zk0e1eagt5z3d"}
