{"type":"operationStart","subtype":"profile","data":{"_id":"F1PmxxFP1MSGqk1b","timestamp":"2025-12-26T19:42:20.504Z","state":"running","mode":"standard","creationDate":"2025-12-26T19:42:20.511Z","modificationDate":"2025-12-26T19:42:20.511Z","shortid":"ox4Ms2h","$entitySet":"profiles","timeout":60000},"doDiffs":false,"timestamp":1766778140508,"id":"jvyj763xngyq0jh","previousOperationId":null,"operationId":"q7na53do4ht8ep6"}
{"type":"log","level":"info","message":"Render request 1 queued for execution and waiting for available worker","previousOperationId":"q7na53do4ht8ep6","timestamp":1766778140509,"id":"03hm5nt9mmgyn67"}
{"type":"operationStart","subtype":"render","name":"anonymous","previousOperationId":"q7na53do4ht8ep6","timestamp":1766778140593,"id":"qilojcym81obe7p","previousEventId":"jvyj763xngyq0jh","operationId":"u39bkz5bicfxob7"}
{"type":"log","timestamp":1766778140595,"level":"info","message":"Starting rendering request 1","meta":{"rootId":"uw3jc84awbjfzcg","id":"uw3jc84awbjfzcg"},"id":"6ja4hs13reobl4u","previousOperationId":"u39bkz5bicfxob7"}
{"type":"log","timestamp":1766778140597,"level":"info","message":"Rendering anonymous template { recipe: pptx, engine: handlebars }","meta":{"rootId":"uw3jc84awbjfzcg","id":"uw3jc84awbjfzcg"},"id":"hjs55bfa2ic5j4p","previousOperationId":"u39bkz5bicfxob7"}
{"type":"log","timestamp":1766778140598,"level":"debug","message":"Inline data specified.","meta":{"rootId":"uw3jc84awbjfzcg","id":"uw3jc84awbjfzcg"},"id":"fug162sndtm49t1","previousOperationId":"u39bkz5bicfxob7"}
{"type":"log","timestamp":1766778140608,"level":"debug","message":"Base url not specified, skipping its injection.","meta":{"rootId":"uw3jc84awbjfzcg","id":"uw3jc84awbjfzcg"},"id":"q4j22t6j0sudibg","previousOperationId":"u39bkz5bicfxob7"}
{"type":"operationStart","subtype":"engine","name":"handlebars","timestamp":1766778140611,"id":"bqhmy6cb4tmgbnj","previousEventId":"qilojcym81obe7p","operationId":"n09i62x2joisev8","previousOperationId":"u39bkz5bicfxob7"}
{"type":"log","timestamp":1766778140611,"level":"debug","message":"Rendering engine handlebars","meta":{"rootId":"uw3jc84awbjfzcg","id":"uw3jc84awbjfzcg"},"id":"fryh919xxqeg206","previousOperationId":"n09i62x2joisev8"}
{"type":"operationEnd","operationId":"n09i62x2joisev8","timestamp":1766778141854,"id":"jk7s85xfr9cr1hq","previousEventId":"bqhmy6cb4tmgbnj","previousOperationId":"n09i62x2joisev8"}
{"type":"operationStart","subtype":"recipe","name":"pptx","timestamp":1766778141855,"id":"m9ssu2ijbb6r541","previousEventId":"jk7s85xfr9cr1hq","operationId":"y0axfoqeutofi10","previousOperationId":"n09i62x2joisev8"}
{"type":"log","timestamp":1766778141856,"level":"debug","message":"Executing recipe pptx","meta":{"rootId":"uw3jc84awbjfzcg","id":"uw3jc84awbjfzcg"},"id":"mr9sp70qmi8qg99","previousOperationId":"y0axfoqeutofi10"}
{"type":"log","timestamp":1766778142123,"level":"info","message":"pptx generation is starting","meta":{"rootId":"uw3jc84awbjfzcg","id":"uw3jc84awbjfzcg"},"id":"oebckmzghwqa1dh","previousOperationId":"y0axfoqeutofi10"}
{"type":"log","timestamp":1766778143930,"level":"debug","message":"Starting child request to render pptx dynamic parts","meta":{"rootId":"uw3jc84awbjfzcg","id":"uw3jc84awbjfzcg"},"id":"ymcrbfwpq22367v","previousOperationId":"y0axfoqeutofi10"}
{"type":"operationStart","subtype":"render","name":"anonymous","previousOperationId":"y0axfoqeutofi10","timestamp":1766778143931,"id":"8hmksm9rdvs08oi","previousEventId":"m9ssu2ijbb6r541","operationId":"3fuailjxz7un86s"}
{"type":"log","timestamp":1766778143932,"level":"info","message":"Starting rendering (child) request","meta":{"rootId":"uw3jc84awbjfzcg","id":"iq3mlx5n2td8fne"},"id":"eemcfb3b0v5n5w7","previousOperationId":"3fuailjxz7un86s"}
{"type":"log","timestamp":1766778143932,"level":"info","message":"Rendering anonymous template { recipe: html, engine: handlebars }","meta":{"rootId":"uw3jc84awbjfzcg","id":"iq3mlx5n2td8fne"},"id":"qz8je49eqrcsm5r","previousOperationId":"3fuailjxz7un86s"}
{"type":"log","timestamp":1766778143932,"level":"debug","message":"Inline data specified.","meta":{"rootId":"uw3jc84awbjfzcg","id":"iq3mlx5n2td8fne"},"id":"kzwfdifzhro2vnx","previousOperationId":"3fuailjxz7un86s"}
{"type":"log","timestamp":1766778143940,"level":"debug","message":"Base url not specified, skipping its injection.","meta":{"rootId":"uw3jc84awbjfzcg","id":"iq3mlx5n2td8fne"},"id":"q9jpbzwhy4pypkr","previousOperationId":"3fuailjxz7un86s"}
{"type":"operationStart","subtype":"engine","name":"handlebars","timestamp":1766778143942,"id":"39pebkgkyjdca6j","previousEventId":"8hmksm9rdvs08oi","operationId":"tsa9xifyyue4jtc","previousOperationId":"3fuailjxz7un86s"}
{"type":"log","timestamp":1766778143942,"level":"debug","message":"Rendering engine handlebars","meta":{"rootId":"uw3jc84awbjfzcg","id":"iq3mlx5n2td8fne"},"id":"f4few39y3qkqbiw","previousOperationId":"tsa9xifyyue4jtc"}
{"type":"operationEnd","operationId":"tsa9xifyyue4jtc","timestamp":1766778144124,"id":"gept3zhg1so1uny","previousEventId":"39pebkgkyjdca6j","previousOperationId":"tsa9xifyyue4jtc"}
{"type":"operationStart","subtype":"recipe","name":"html","timestamp":1766778144134,"id":"8r83etybqjk0pvg","previousEventId":"gept3zhg1so1uny","operationId":"5h5am0t4dw8lahc","previousOperationId":"tsa9xifyyue4jtc"}
{"type":"log","timestamp":1766778144134,"level":"debug","message":"Executing recipe html","meta":{"rootId":"uw3jc84awbjfzcg","id":"iq3mlx5n2td8fne"},"id":"rubvbvao6gh52y3","previousOperationId":"5h5am0t4dw8lahc"}
{"type":"operationEnd","operationId":"5h5am0t4dw8lahc","timestamp":1766778144135,"id":"fqgvh45j9lkf60l","previousEventId":"8r83etybqjk0pvg","previousOperationId":"5h5am0t4dw8lahc"}
{"type":"log","timestamp":1766778144136,"level":"debug","message":"Skipping storing report.","meta":{"rootId":"uw3jc84awbjfzcg","id":"iq3mlx5n2td8fne"},"id":"f3na6cnqgkpx639","previousOperationId":"5h5am0t4dw8lahc"}
{"type":"log","timestamp":1766778144136,"level":"info","message":"Rendering (child) request finished in 3635 ms","meta":{"rootId":"uw3jc84awbjfzcg","id":"iq3mlx5n2td8fne"},"id":"2jooy8cwmn5cukl","previousOperationId":"5h5am0t4dw8lahc"}
{"type":"operationEnd","subtype":"render","operationId":"3fuailjxz7un86s","timestamp":1766778144136,"id":"2k51nn8egaea0qy","previousEventId":"fqgvh45j9lkf60l","previousOperationId":"5h5am0t4dw8lahc"}
{"type":"log","timestamp":1766778149896,"level":"debug","message":"pptx successfully zipped","meta":{"rootId":"uw3jc84awbjfzcg","id":"uw3jc84awbjfzcg"},"id":"adynm8euiamqy3n","previousOperationId":"y0axfoqeutofi10"}
{"type":"log","timestamp":1766778149896,"level":"info","message":"pptx generation was finished","meta":{"rootId":"uw3jc84awbjfzcg","id":"uw3jc84awbjfzcg"},"id":"pvtvdz1tvh21rt4","previousOperationId":"y0axfoqeutofi10"}
{"type":"operationEnd","operationId":"y0axfoqeutofi10","timestamp":1766778149913,"id":"owsxagmjg8tv4nr","previousEventId":"m9ssu2ijbb6r541","previousOperationId":"y0axfoqeutofi10"}
{"type":"log","timestamp":1766778149913,"level":"debug","message":"Skipping storing report.","meta":{"rootId":"uw3jc84awbjfzcg","id":"uw3jc84awbjfzcg"},"id":"0jsbirfpkgljysf","previousOperationId":"y0axfoqeutofi10"}
{"type":"log","timestamp":1766778149913,"level":"info","message":"Rendering request 1 finished in 9412 ms","meta":{"rootId":"uw3jc84awbjfzcg","id":"uw3jc84awbjfzcg"},"id":"j1ru42h0y8algim","previousOperationId":"y0axfoqeutofi10"}
{"type":"operationEnd","subtype":"render","operationId":"u39bkz5bicfxob7","timestamp":1766778149913,"id":"k9o7rozzfajf6er","previousEventId":"owsxagmjg8tv4nr","previousOperationId":"y0axfoqeutofi10"}
{"type":"operationEnd","doDiffs":false,"previousEventId":"jvyj763xngyq0jh","previousOperationId":"q7na53do4ht8ep6","operationId":"q7na53do4ht8ep6","timestamp":1766778149921,"id":"c8bl9k9jgc4g0tx"}
