{"type":"operationStart","subtype":"profile","data":{"_id":"m49m73q9lfYfmmeI","timestamp":"2025-12-26T13:05:21.507Z","state":"running","mode":"standard","creationDate":"2025-12-26T13:05:21.516Z","modificationDate":"2025-12-26T13:05:21.516Z","shortid":"_b4pAZj","$entitySet":"profiles","timeout":60000},"doDiffs":false,"timestamp":1766754321514,"id":"ft42b0gyw64z2lk","previousOperationId":null,"operationId":"qugi4jzcha2pa5g"}
{"type":"log","level":"info","message":"Render request 3 queued for execution and waiting for available worker","previousOperationId":"qugi4jzcha2pa5g","timestamp":1766754321514,"id":"r0m3t3oj0pydpko"}
{"type":"operationStart","subtype":"render","name":"anonymous","previousOperationId":"qugi4jzcha2pa5g","timestamp":1766754321569,"id":"ow98a4fxthsx2za","previousEventId":"ft42b0gyw64z2lk","operationId":"im3dco3961a8ade"}
{"type":"log","timestamp":1766754321569,"level":"info","message":"Starting rendering request 3","meta":{"rootId":"uxghghitnx099pc","id":"uxghghitnx099pc"},"id":"aqd86gv5bnkcfad","previousOperationId":"im3dco3961a8ade"}
{"type":"log","timestamp":1766754321570,"level":"info","message":"Rendering anonymous template { recipe: pptx, engine: handlebars }","meta":{"rootId":"uxghghitnx099pc","id":"uxghghitnx099pc"},"id":"9e856kz8c44su4u","previousOperationId":"im3dco3961a8ade"}
{"type":"log","timestamp":1766754321570,"level":"debug","message":"Inline data specified.","meta":{"rootId":"uxghghitnx099pc","id":"uxghghitnx099pc"},"id":"13lr5lfi1wp3unc","previousOperationId":"im3dco3961a8ade"}
{"type":"log","timestamp":1766754321574,"level":"debug","message":"Base url not specified, skipping its injection.","meta":{"rootId":"uxghghitnx099pc","id":"uxghghitnx099pc"},"id":"iedrap3c71ujary","previousOperationId":"im3dco3961a8ade"}
{"type":"operationStart","subtype":"engine","name":"handlebars","timestamp":1766754321575,"id":"ppont63ay0lmdan","previousEventId":"ow98a4fxthsx2za","operationId":"zfdy0npwxtscq4z","previousOperationId":"im3dco3961a8ade"}
{"type":"log","timestamp":1766754321575,"level":"debug","message":"Rendering engine handlebars","meta":{"rootId":"uxghghitnx099pc","id":"uxghghitnx099pc"},"id":"taj1liz70v9u5a1","previousOperationId":"zfdy0npwxtscq4z"}
{"type":"operationEnd","operationId":"zfdy0npwxtscq4z","timestamp":1766754321599,"id":"74gsfvp53ulr4cl","previousEventId":"ppont63ay0lmdan","previousOperationId":"zfdy0npwxtscq4z"}
{"type":"operationStart","subtype":"recipe","name":"pptx","timestamp":1766754321600,"id":"ee1kl3j4kwiz6xa","previousEventId":"74gsfvp53ulr4cl","operationId":"q05g3rnaqaxmyly","previousOperationId":"zfdy0npwxtscq4z"}
{"type":"log","timestamp":1766754321600,"level":"debug","message":"Executing recipe pptx","meta":{"rootId":"uxghghitnx099pc","id":"uxghghitnx099pc"},"id":"nwyogl4s0u81ij1","previousOperationId":"q05g3rnaqaxmyly"}
{"type":"log","timestamp":1766754321620,"level":"info","message":"pptx generation is starting","meta":{"rootId":"uxghghitnx099pc","id":"uxghghitnx099pc"},"id":"uywlofla7ahgrdf","previousOperationId":"q05g3rnaqaxmyly"}
{"type":"log","timestamp":1766754323349,"level":"debug","message":"Starting child request to render pptx dynamic parts","meta":{"rootId":"uxghghitnx099pc","id":"uxghghitnx099pc"},"id":"ifnpmpfw5hhe8sn","previousOperationId":"q05g3rnaqaxmyly"}
{"type":"operationStart","subtype":"render","name":"anonymous","previousOperationId":"q05g3rnaqaxmyly","timestamp":1766754323350,"id":"jj0u1aocfw9ffzk","previousEventId":"ee1kl3j4kwiz6xa","operationId":"pvn9cpf2yu1xew5"}
{"type":"log","timestamp":1766754323350,"level":"info","message":"Starting rendering (child) request","meta":{"rootId":"uxghghitnx099pc","id":"q791fiww9a5xrz6"},"id":"1jnbv2x8saije3h","previousOperationId":"pvn9cpf2yu1xew5"}
{"type":"log","timestamp":1766754323350,"level":"info","message":"Rendering anonymous template { recipe: html, engine: handlebars }","meta":{"rootId":"uxghghitnx099pc","id":"q791fiww9a5xrz6"},"id":"d63pr0ffs3y7u22","previousOperationId":"pvn9cpf2yu1xew5"}
{"type":"log","timestamp":1766754323350,"level":"debug","message":"Inline data specified.","meta":{"rootId":"uxghghitnx099pc","id":"q791fiww9a5xrz6"},"id":"51eoetbpne57dnx","previousOperationId":"pvn9cpf2yu1xew5"}
{"type":"log","timestamp":1766754323357,"level":"debug","message":"Base url not specified, skipping its injection.","meta":{"rootId":"uxghghitnx099pc","id":"q791fiww9a5xrz6"},"id":"lp83kie5g6ul55u","previousOperationId":"pvn9cpf2yu1xew5"}
{"type":"operationStart","subtype":"engine","name":"handlebars","timestamp":1766754323359,"id":"10hzobudu35lp6o","previousEventId":"jj0u1aocfw9ffzk","operationId":"nzzjvo364h2jhdc","previousOperationId":"pvn9cpf2yu1xew5"}
{"type":"log","timestamp":1766754323359,"level":"debug","message":"Rendering engine handlebars","meta":{"rootId":"uxghghitnx099pc","id":"q791fiww9a5xrz6"},"id":"oazcn0l82rpj6l3","previousOperationId":"nzzjvo364h2jhdc"}
{"type":"operationEnd","operationId":"nzzjvo364h2jhdc","timestamp":1766754323518,"id":"ubwxzbs2vqzaeg8","previousEventId":"10hzobudu35lp6o","previousOperationId":"nzzjvo364h2jhdc"}
{"type":"operationStart","subtype":"recipe","name":"html","timestamp":1766754323532,"id":"99qmkd66yc0ucs6","previousEventId":"ubwxzbs2vqzaeg8","operationId":"lkstnwhumdaj9x5","previousOperationId":"nzzjvo364h2jhdc"}
{"type":"log","timestamp":1766754323532,"level":"debug","message":"Executing recipe html","meta":{"rootId":"uxghghitnx099pc","id":"q791fiww9a5xrz6"},"id":"yl682vmdh5ha0tb","previousOperationId":"lkstnwhumdaj9x5"}
{"type":"operationEnd","operationId":"lkstnwhumdaj9x5","timestamp":1766754323532,"id":"i7gopxzmum1xwmh","previousEventId":"99qmkd66yc0ucs6","previousOperationId":"lkstnwhumdaj9x5"}
{"type":"log","timestamp":1766754323532,"level":"debug","message":"Skipping storing report.","meta":{"rootId":"uxghghitnx099pc","id":"q791fiww9a5xrz6"},"id":"vy6jc4fx3fz2aq5","previousOperationId":"lkstnwhumdaj9x5"}
{"type":"log","timestamp":1766754323532,"level":"info","message":"Rendering (child) request finished in 2026 ms","meta":{"rootId":"uxghghitnx099pc","id":"q791fiww9a5xrz6"},"id":"abmzng6mrphmbzt","previousOperationId":"lkstnwhumdaj9x5"}
{"type":"operationEnd","subtype":"render","operationId":"pvn9cpf2yu1xew5","timestamp":1766754323532,"id":"5v89uvv6e2lmwfg","previousEventId":"i7gopxzmum1xwmh","previousOperationId":"lkstnwhumdaj9x5"}
{"type":"log","timestamp":1766754334258,"level":"debug","message":"pptx successfully zipped","meta":{"rootId":"uxghghitnx099pc","id":"uxghghitnx099pc"},"id":"zan0gcicoiyphk4","previousOperationId":"q05g3rnaqaxmyly"}
{"type":"log","timestamp":1766754334258,"level":"info","message":"pptx generation was finished","meta":{"rootId":"uxghghitnx099pc","id":"uxghghitnx099pc"},"id":"srphqqmpb0qeabz","previousOperationId":"q05g3rnaqaxmyly"}
{"type":"operationEnd","operationId":"q05g3rnaqaxmyly","timestamp":1766754334271,"id":"33k11pbfsfm4g06","previousEventId":"ee1kl3j4kwiz6xa","previousOperationId":"q05g3rnaqaxmyly"}
{"type":"log","timestamp":1766754334271,"level":"debug","message":"Skipping storing report.","meta":{"rootId":"uxghghitnx099pc","id":"uxghghitnx099pc"},"id":"wbrn7vugbitrurs","previousOperationId":"q05g3rnaqaxmyly"}
{"type":"log","timestamp":1766754334271,"level":"info","message":"Rendering request 3 finished in 12765 ms","meta":{"rootId":"uxghghitnx099pc","id":"uxghghitnx099pc"},"id":"iryxho6radurtlh","previousOperationId":"q05g3rnaqaxmyly"}
{"type":"operationEnd","subtype":"render","operationId":"im3dco3961a8ade","timestamp":1766754334271,"id":"a4ulw9ttho13net","previousEventId":"33k11pbfsfm4g06","previousOperationId":"q05g3rnaqaxmyly"}
{"type":"operationEnd","doDiffs":false,"previousEventId":"ft42b0gyw64z2lk","previousOperationId":"qugi4jzcha2pa5g","operationId":"qugi4jzcha2pa5g","timestamp":1766754334277,"id":"toqfr5ef9hdae8d"}
