{"type":"operationStart","subtype":"profile","data":{"_id":"7O5Yf6uXrnXZIeys","timestamp":"2025-12-26T09:54:42.383Z","state":"running","mode":"standard","creationDate":"2025-12-26T09:54:42.390Z","modificationDate":"2025-12-26T09:54:42.390Z","shortid":"p8uQFe-","$entitySet":"profiles","timeout":60000},"doDiffs":false,"timestamp":1766742882386,"id":"mhwrv0am0fh1btj","previousOperationId":null,"operationId":"c11ydgsjsxn128f"}
{"type":"log","level":"info","message":"Render request 1 queued for execution and waiting for available worker","previousOperationId":"c11ydgsjsxn128f","timestamp":1766742882387,"id":"2c8ylxd5mrqhkad"}
{"type":"operationStart","subtype":"render","name":"anonymous","previousOperationId":"c11ydgsjsxn128f","timestamp":1766742882489,"id":"vul9ozlc2w1plib","previousEventId":"mhwrv0am0fh1btj","operationId":"7ltcg5saw9ub2jt"}
{"type":"log","timestamp":1766742882491,"level":"info","message":"Starting rendering request 1","meta":{"rootId":"v2wzzed3n18dmx5","id":"v2wzzed3n18dmx5"},"id":"ht2zqx8pedklxaa","previousOperationId":"7ltcg5saw9ub2jt"}
{"type":"log","timestamp":1766742882493,"level":"info","message":"Rendering anonymous template { recipe: pptx, engine: handlebars }","meta":{"rootId":"v2wzzed3n18dmx5","id":"v2wzzed3n18dmx5"},"id":"roewu4uk241gael","previousOperationId":"7ltcg5saw9ub2jt"}
{"type":"log","timestamp":1766742882493,"level":"debug","message":"Inline data specified.","meta":{"rootId":"v2wzzed3n18dmx5","id":"v2wzzed3n18dmx5"},"id":"g0tz98j5on06oo1","previousOperationId":"7ltcg5saw9ub2jt"}
{"type":"log","timestamp":1766742882499,"level":"debug","message":"Base url not specified, skipping its injection.","meta":{"rootId":"v2wzzed3n18dmx5","id":"v2wzzed3n18dmx5"},"id":"4oxdbf6innxolp7","previousOperationId":"7ltcg5saw9ub2jt"}
{"type":"operationStart","subtype":"engine","name":"handlebars","timestamp":1766742882502,"id":"j02cg7ci7uwvgx6","previousEventId":"vul9ozlc2w1plib","operationId":"1956sdcxybltdxc","previousOperationId":"7ltcg5saw9ub2jt"}
{"type":"log","timestamp":1766742882502,"level":"debug","message":"Rendering engine handlebars","meta":{"rootId":"v2wzzed3n18dmx5","id":"v2wzzed3n18dmx5"},"id":"ggqcuuff7gmfk3e","previousOperationId":"1956sdcxybltdxc"}
{"type":"operationEnd","operationId":"1956sdcxybltdxc","timestamp":1766742883422,"id":"izu3dyyxbf94b6h","previousEventId":"j02cg7ci7uwvgx6","previousOperationId":"1956sdcxybltdxc"}
{"type":"operationStart","subtype":"recipe","name":"pptx","timestamp":1766742883423,"id":"trefm0qd9etwv4t","previousEventId":"izu3dyyxbf94b6h","operationId":"2xpxs8zyssvji8v","previousOperationId":"1956sdcxybltdxc"}
{"type":"log","timestamp":1766742883423,"level":"debug","message":"Executing recipe pptx","meta":{"rootId":"v2wzzed3n18dmx5","id":"v2wzzed3n18dmx5"},"id":"kognfp3jjf4ezb7","previousOperationId":"2xpxs8zyssvji8v"}
{"type":"log","timestamp":1766742883600,"level":"info","message":"pptx generation is starting","meta":{"rootId":"v2wzzed3n18dmx5","id":"v2wzzed3n18dmx5"},"id":"zl0rr0rm605o6r8","previousOperationId":"2xpxs8zyssvji8v"}
{"type":"log","timestamp":1766742884717,"level":"debug","message":"Starting child request to render pptx dynamic parts","meta":{"rootId":"v2wzzed3n18dmx5","id":"v2wzzed3n18dmx5"},"id":"v53v0kdyyhvvtqk","previousOperationId":"2xpxs8zyssvji8v"}
{"type":"operationStart","subtype":"render","name":"anonymous","previousOperationId":"2xpxs8zyssvji8v","timestamp":1766742884718,"id":"u619s2o3wr76gnw","previousEventId":"trefm0qd9etwv4t","operationId":"lff6jd3xcee0oj9"}
{"type":"log","timestamp":1766742884718,"level":"info","message":"Starting rendering (child) request","meta":{"rootId":"v2wzzed3n18dmx5","id":"50sb122jehqshxl"},"id":"7cugzwi1i61dnc5","previousOperationId":"lff6jd3xcee0oj9"}
{"type":"log","timestamp":1766742884718,"level":"info","message":"Rendering anonymous template { recipe: html, engine: handlebars }","meta":{"rootId":"v2wzzed3n18dmx5","id":"50sb122jehqshxl"},"id":"ly1zf7aakrlbvbs","previousOperationId":"lff6jd3xcee0oj9"}
{"type":"log","timestamp":1766742884718,"level":"debug","message":"Inline data specified.","meta":{"rootId":"v2wzzed3n18dmx5","id":"50sb122jehqshxl"},"id":"lh9ub0skbpud832","previousOperationId":"lff6jd3xcee0oj9"}
{"type":"log","timestamp":1766742884723,"level":"debug","message":"Base url not specified, skipping its injection.","meta":{"rootId":"v2wzzed3n18dmx5","id":"50sb122jehqshxl"},"id":"k8ph6b73u8oyleb","previousOperationId":"lff6jd3xcee0oj9"}
{"type":"operationStart","subtype":"engine","name":"handlebars","timestamp":1766742884725,"id":"ablhx19qjsj427c","previousEventId":"u619s2o3wr76gnw","operationId":"6vf2eigzavsfegj","previousOperationId":"lff6jd3xcee0oj9"}
{"type":"log","timestamp":1766742884725,"level":"debug","message":"Rendering engine handlebars","meta":{"rootId":"v2wzzed3n18dmx5","id":"50sb122jehqshxl"},"id":"pmto85n0z1ixbgj","previousOperationId":"6vf2eigzavsfegj"}
{"type":"operationEnd","operationId":"6vf2eigzavsfegj","timestamp":1766742884833,"id":"laffgiuj77aryem","previousEventId":"ablhx19qjsj427c","previousOperationId":"6vf2eigzavsfegj"}
{"type":"operationStart","subtype":"recipe","name":"html","timestamp":1766742884842,"id":"1ano54lx1zpsrzs","previousEventId":"laffgiuj77aryem","operationId":"w7p50kl0axn6fj0","previousOperationId":"6vf2eigzavsfegj"}
{"type":"log","timestamp":1766742884842,"level":"debug","message":"Executing recipe html","meta":{"rootId":"v2wzzed3n18dmx5","id":"50sb122jehqshxl"},"id":"jzd4klgb7utkjgu","previousOperationId":"w7p50kl0axn6fj0"}
{"type":"operationEnd","operationId":"w7p50kl0axn6fj0","timestamp":1766742884842,"id":"505c9fvla0s6ik1","previousEventId":"1ano54lx1zpsrzs","previousOperationId":"w7p50kl0axn6fj0"}
{"type":"log","timestamp":1766742884843,"level":"debug","message":"Skipping storing report.","meta":{"rootId":"v2wzzed3n18dmx5","id":"50sb122jehqshxl"},"id":"na58iticjru8ta3","previousOperationId":"w7p50kl0axn6fj0"}
{"type":"log","timestamp":1766742884843,"level":"info","message":"Rendering (child) request finished in 2463 ms","meta":{"rootId":"v2wzzed3n18dmx5","id":"50sb122jehqshxl"},"id":"jculq8eewib32ac","previousOperationId":"w7p50kl0axn6fj0"}
{"type":"operationEnd","subtype":"render","operationId":"lff6jd3xcee0oj9","timestamp":1766742884844,"id":"682gbk9tu1u2gou","previousEventId":"505c9fvla0s6ik1","previousOperationId":"w7p50kl0axn6fj0"}
{"type":"log","timestamp":1766742888623,"level":"debug","message":"pptx successfully zipped","meta":{"rootId":"v2wzzed3n18dmx5","id":"v2wzzed3n18dmx5"},"id":"whl47ttv8gwnyzi","previousOperationId":"2xpxs8zyssvji8v"}
{"type":"log","timestamp":1766742888623,"level":"info","message":"pptx generation was finished","meta":{"rootId":"v2wzzed3n18dmx5","id":"v2wzzed3n18dmx5"},"id":"2lc3z0djdt36g1n","previousOperationId":"2xpxs8zyssvji8v"}
{"type":"operationEnd","operationId":"2xpxs8zyssvji8v","timestamp":1766742888634,"id":"6cqw91lkp0rc300","previousEventId":"trefm0qd9etwv4t","previousOperationId":"2xpxs8zyssvji8v"}
{"type":"log","timestamp":1766742888634,"level":"debug","message":"Skipping storing report.","meta":{"rootId":"v2wzzed3n18dmx5","id":"v2wzzed3n18dmx5"},"id":"90nul4br22ccxer","previousOperationId":"2xpxs8zyssvji8v"}
{"type":"log","timestamp":1766742888634,"level":"info","message":"Rendering request 1 finished in 6254 ms","meta":{"rootId":"v2wzzed3n18dmx5","id":"v2wzzed3n18dmx5"},"id":"iazq19oo37q1jm5","previousOperationId":"2xpxs8zyssvji8v"}
{"type":"operationEnd","subtype":"render","operationId":"7ltcg5saw9ub2jt","timestamp":1766742888634,"id":"ucvoivnawpf4eaw","previousEventId":"6cqw91lkp0rc300","previousOperationId":"2xpxs8zyssvji8v"}
{"type":"operationEnd","doDiffs":false,"previousEventId":"mhwrv0am0fh1btj","previousOperationId":"c11ydgsjsxn128f","operationId":"c11ydgsjsxn128f","timestamp":1766742888638,"id":"bp8czn1wei0d0tw"}
