{"type":"operationStart","subtype":"profile","data":{"_id":"MSsoH4l6jBhaQglp","timestamp":"2025-12-08T08:06:00.442Z","state":"running","mode":"standard","creationDate":"2025-12-08T08:06:00.449Z","modificationDate":"2025-12-08T08:06:00.449Z","shortid":"tP0ZMLi","$entitySet":"profiles","timeout":60000},"doDiffs":false,"timestamp":1765181160446,"id":"2pjxtjrku2xypn3","previousOperationId":null,"operationId":"xxw6oxv7r9m9488"}
{"type":"log","level":"info","message":"Render request 1 queued for execution and waiting for available worker","previousOperationId":"xxw6oxv7r9m9488","timestamp":1765181160447,"id":"82xcalrh757nsp8"}
{"type":"operationStart","subtype":"render","name":"anonymous","previousOperationId":"xxw6oxv7r9m9488","timestamp":1765181160507,"id":"16ge3hxz08rmvly","previousEventId":"2pjxtjrku2xypn3","operationId":"vnml4b66kwk6jlw"}
{"type":"log","timestamp":1765181160509,"level":"info","message":"Starting rendering request 1","meta":{"rootId":"v4ub61y6s6wjagm","id":"v4ub61y6s6wjagm"},"id":"l660jxzyoe36w5q","previousOperationId":"vnml4b66kwk6jlw"}
{"type":"log","timestamp":1765181160511,"level":"info","message":"Rendering anonymous template { recipe: pptx, engine: handlebars }","meta":{"rootId":"v4ub61y6s6wjagm","id":"v4ub61y6s6wjagm"},"id":"ggp4sp3lwezf9yl","previousOperationId":"vnml4b66kwk6jlw"}
{"type":"log","timestamp":1765181160512,"level":"debug","message":"Inline data specified.","meta":{"rootId":"v4ub61y6s6wjagm","id":"v4ub61y6s6wjagm"},"id":"tb3i6x710ddzu5r","previousOperationId":"vnml4b66kwk6jlw"}
{"type":"log","timestamp":1765181160526,"level":"debug","message":"Base url not specified, skipping its injection.","meta":{"rootId":"v4ub61y6s6wjagm","id":"v4ub61y6s6wjagm"},"id":"7xd5zjlkcyqoofq","previousOperationId":"vnml4b66kwk6jlw"}
{"type":"operationStart","subtype":"engine","name":"handlebars","timestamp":1765181160528,"id":"ss89scbsu97t9uw","previousEventId":"16ge3hxz08rmvly","operationId":"hrfxwjjypfwqmsz","previousOperationId":"vnml4b66kwk6jlw"}
{"type":"log","timestamp":1765181160528,"level":"debug","message":"Rendering engine handlebars","meta":{"rootId":"v4ub61y6s6wjagm","id":"v4ub61y6s6wjagm"},"id":"wnjtm6ktifrmgjm","previousOperationId":"hrfxwjjypfwqmsz"}
{"type":"operationEnd","operationId":"hrfxwjjypfwqmsz","timestamp":1765181162297,"id":"rexq3edrht27ss7","previousEventId":"ss89scbsu97t9uw","previousOperationId":"hrfxwjjypfwqmsz"}
{"type":"operationStart","subtype":"recipe","name":"pptx","timestamp":1765181162298,"id":"la28li4ylcji4ej","previousEventId":"rexq3edrht27ss7","operationId":"lo9fn1zrqqb0f8f","previousOperationId":"hrfxwjjypfwqmsz"}
{"type":"log","timestamp":1765181162298,"level":"debug","message":"Executing recipe pptx","meta":{"rootId":"v4ub61y6s6wjagm","id":"v4ub61y6s6wjagm"},"id":"286na1qg2g4aewk","previousOperationId":"lo9fn1zrqqb0f8f"}
{"type":"log","timestamp":1765181162598,"level":"info","message":"pptx generation is starting","meta":{"rootId":"v4ub61y6s6wjagm","id":"v4ub61y6s6wjagm"},"id":"fjmmlycoi2i2aop","previousOperationId":"lo9fn1zrqqb0f8f"}
{"type":"log","timestamp":1765181164439,"level":"debug","message":"Starting child request to render pptx dynamic parts","meta":{"rootId":"v4ub61y6s6wjagm","id":"v4ub61y6s6wjagm"},"id":"lzd2evrixe5kx2m","previousOperationId":"lo9fn1zrqqb0f8f"}
{"type":"operationStart","subtype":"render","name":"anonymous","previousOperationId":"lo9fn1zrqqb0f8f","timestamp":1765181164440,"id":"7n11sxpan0qztbc","previousEventId":"la28li4ylcji4ej","operationId":"x8vq2qidzovl5hs"}
{"type":"log","timestamp":1765181164440,"level":"info","message":"Starting rendering (child) request","meta":{"rootId":"v4ub61y6s6wjagm","id":"jcbn45nlj99veuu"},"id":"tfbpsom1d9414f0","previousOperationId":"x8vq2qidzovl5hs"}
{"type":"log","timestamp":1765181164441,"level":"info","message":"Rendering anonymous template { recipe: html, engine: handlebars }","meta":{"rootId":"v4ub61y6s6wjagm","id":"jcbn45nlj99veuu"},"id":"hjm0v29hix01o6f","previousOperationId":"x8vq2qidzovl5hs"}
{"type":"log","timestamp":1765181164441,"level":"debug","message":"Inline data specified.","meta":{"rootId":"v4ub61y6s6wjagm","id":"jcbn45nlj99veuu"},"id":"3bxawggjle4t60j","previousOperationId":"x8vq2qidzovl5hs"}
{"type":"log","timestamp":1765181164448,"level":"debug","message":"Base url not specified, skipping its injection.","meta":{"rootId":"v4ub61y6s6wjagm","id":"jcbn45nlj99veuu"},"id":"phh4k7g9huhuhbn","previousOperationId":"x8vq2qidzovl5hs"}
{"type":"operationStart","subtype":"engine","name":"handlebars","timestamp":1765181164453,"id":"68saox9o59zenok","previousEventId":"7n11sxpan0qztbc","operationId":"gj0uffjr8qybum3","previousOperationId":"x8vq2qidzovl5hs"}
{"type":"log","timestamp":1765181164453,"level":"debug","message":"Rendering engine handlebars","meta":{"rootId":"v4ub61y6s6wjagm","id":"jcbn45nlj99veuu"},"id":"xtvd9e1n3izear8","previousOperationId":"gj0uffjr8qybum3"}
{"type":"operationEnd","operationId":"gj0uffjr8qybum3","timestamp":1765181164634,"id":"i1fgccdjt5afg2d","previousEventId":"68saox9o59zenok","previousOperationId":"gj0uffjr8qybum3"}
{"type":"operationStart","subtype":"recipe","name":"html","timestamp":1765181164651,"id":"emodozysnoewex3","previousEventId":"i1fgccdjt5afg2d","operationId":"zs6cdaht91bd8n2","previousOperationId":"gj0uffjr8qybum3"}
{"type":"log","timestamp":1765181164651,"level":"debug","message":"Executing recipe html","meta":{"rootId":"v4ub61y6s6wjagm","id":"jcbn45nlj99veuu"},"id":"yj2kz59gadcejgg","previousOperationId":"zs6cdaht91bd8n2"}
{"type":"operationEnd","operationId":"zs6cdaht91bd8n2","timestamp":1765181164651,"id":"w8zky1xo2oiya7x","previousEventId":"emodozysnoewex3","previousOperationId":"zs6cdaht91bd8n2"}
{"type":"log","timestamp":1765181164653,"level":"debug","message":"Skipping storing report.","meta":{"rootId":"v4ub61y6s6wjagm","id":"jcbn45nlj99veuu"},"id":"oqec4nq3chhmpca","previousOperationId":"zs6cdaht91bd8n2"}
{"type":"log","timestamp":1765181164653,"level":"info","message":"Rendering (child) request finished in 4213 ms","meta":{"rootId":"v4ub61y6s6wjagm","id":"jcbn45nlj99veuu"},"id":"mb9fprmv27qcinv","previousOperationId":"zs6cdaht91bd8n2"}
{"type":"operationEnd","subtype":"render","operationId":"x8vq2qidzovl5hs","timestamp":1765181164653,"id":"h06j6w7maajqddx","previousEventId":"w8zky1xo2oiya7x","previousOperationId":"zs6cdaht91bd8n2"}
{"type":"log","timestamp":1765181171003,"level":"debug","message":"pptx successfully zipped","meta":{"rootId":"v4ub61y6s6wjagm","id":"v4ub61y6s6wjagm"},"id":"awez01km8wk5x9f","previousOperationId":"lo9fn1zrqqb0f8f"}
{"type":"log","timestamp":1765181171003,"level":"info","message":"pptx generation was finished","meta":{"rootId":"v4ub61y6s6wjagm","id":"v4ub61y6s6wjagm"},"id":"a1un1bklpk2ck7a","previousOperationId":"lo9fn1zrqqb0f8f"}
{"type":"operationEnd","operationId":"lo9fn1zrqqb0f8f","timestamp":1765181171025,"id":"mlx1p9slnz531oa","previousEventId":"la28li4ylcji4ej","previousOperationId":"lo9fn1zrqqb0f8f"}
{"type":"log","timestamp":1765181171025,"level":"debug","message":"Skipping storing report.","meta":{"rootId":"v4ub61y6s6wjagm","id":"v4ub61y6s6wjagm"},"id":"tbp4zm951l1ivyc","previousOperationId":"lo9fn1zrqqb0f8f"}
{"type":"log","timestamp":1765181171026,"level":"info","message":"Rendering request 1 finished in 10586 ms","meta":{"rootId":"v4ub61y6s6wjagm","id":"v4ub61y6s6wjagm"},"id":"7o1eyj8hptvp9bp","previousOperationId":"lo9fn1zrqqb0f8f"}
{"type":"operationEnd","subtype":"render","operationId":"vnml4b66kwk6jlw","timestamp":1765181171026,"id":"gan8dhmposxocvw","previousEventId":"mlx1p9slnz531oa","previousOperationId":"lo9fn1zrqqb0f8f"}
{"type":"operationEnd","doDiffs":false,"previousEventId":"2pjxtjrku2xypn3","previousOperationId":"xxw6oxv7r9m9488","operationId":"xxw6oxv7r9m9488","timestamp":1765181171033,"id":"hgudbp1580v3ddz"}
