{"type":"operationStart","subtype":"profile","data":{"_id":"OwQBUGZUEHpFxG2y","timestamp":"2025-12-28T16:07:27.622Z","state":"running","mode":"standard","creationDate":"2025-12-28T16:07:27.628Z","modificationDate":"2025-12-28T16:07:27.628Z","shortid":"epUBOt3","$entitySet":"profiles","timeout":60000},"doDiffs":false,"timestamp":1766938047625,"id":"gb5hxiwfpv9nz2g","previousOperationId":null,"operationId":"ksvj2tvqmcvk84l"}
{"type":"log","level":"info","message":"Render request 6 queued for execution and waiting for available worker","previousOperationId":"ksvj2tvqmcvk84l","timestamp":1766938047625,"id":"mkp40osymkt4bql"}
{"type":"operationStart","subtype":"render","name":"anonymous","previousOperationId":"ksvj2tvqmcvk84l","timestamp":1766938047695,"id":"wj56e23otatmf41","previousEventId":"gb5hxiwfpv9nz2g","operationId":"bxr2ax7ytrfenbx"}
{"type":"log","timestamp":1766938047695,"level":"info","message":"Starting rendering request 6","meta":{"rootId":"v5fybu61wtot8hy","id":"v5fybu61wtot8hy"},"id":"x2sr55pzgizd6rd","previousOperationId":"bxr2ax7ytrfenbx"}
{"type":"log","timestamp":1766938047696,"level":"info","message":"Rendering anonymous template { recipe: pptx, engine: handlebars }","meta":{"rootId":"v5fybu61wtot8hy","id":"v5fybu61wtot8hy"},"id":"bacnkx35d34hk0r","previousOperationId":"bxr2ax7ytrfenbx"}
{"type":"log","timestamp":1766938047696,"level":"debug","message":"Inline data specified.","meta":{"rootId":"v5fybu61wtot8hy","id":"v5fybu61wtot8hy"},"id":"qz8cxkc9xu0j5w6","previousOperationId":"bxr2ax7ytrfenbx"}
{"type":"log","timestamp":1766938047699,"level":"debug","message":"Base url not specified, skipping its injection.","meta":{"rootId":"v5fybu61wtot8hy","id":"v5fybu61wtot8hy"},"id":"wgcnm1apwb3hei1","previousOperationId":"bxr2ax7ytrfenbx"}
{"type":"operationStart","subtype":"engine","name":"handlebars","timestamp":1766938047700,"id":"vcwkuet0c2q9zwd","previousEventId":"wj56e23otatmf41","operationId":"74o7e6pjetqw1hm","previousOperationId":"bxr2ax7ytrfenbx"}
{"type":"log","timestamp":1766938047700,"level":"debug","message":"Rendering engine handlebars","meta":{"rootId":"v5fybu61wtot8hy","id":"v5fybu61wtot8hy"},"id":"vv6elo51tn7fxvp","previousOperationId":"74o7e6pjetqw1hm"}
{"type":"operationEnd","operationId":"74o7e6pjetqw1hm","timestamp":1766938047723,"id":"zdeqr17pyqnwguj","previousEventId":"vcwkuet0c2q9zwd","previousOperationId":"74o7e6pjetqw1hm"}
{"type":"operationStart","subtype":"recipe","name":"pptx","timestamp":1766938047724,"id":"3zn3gx5zhjqd6bi","previousEventId":"zdeqr17pyqnwguj","operationId":"r27d1a9m7mcqxle","previousOperationId":"74o7e6pjetqw1hm"}
{"type":"log","timestamp":1766938047724,"level":"debug","message":"Executing recipe pptx","meta":{"rootId":"v5fybu61wtot8hy","id":"v5fybu61wtot8hy"},"id":"8crl1krlxs4mryx","previousOperationId":"r27d1a9m7mcqxle"}
{"type":"log","timestamp":1766938047746,"level":"info","message":"pptx generation is starting","meta":{"rootId":"v5fybu61wtot8hy","id":"v5fybu61wtot8hy"},"id":"tpzk6l5g6ic1oxo","previousOperationId":"r27d1a9m7mcqxle"}
{"type":"log","timestamp":1766938049477,"level":"debug","message":"Starting child request to render pptx dynamic parts","meta":{"rootId":"v5fybu61wtot8hy","id":"v5fybu61wtot8hy"},"id":"f2zeqzpst40691n","previousOperationId":"r27d1a9m7mcqxle"}
{"type":"operationStart","subtype":"render","name":"anonymous","previousOperationId":"r27d1a9m7mcqxle","timestamp":1766938049478,"id":"5s1lrcbnq22tmgm","previousEventId":"3zn3gx5zhjqd6bi","operationId":"g62e0odsgo3ldw8"}
{"type":"log","timestamp":1766938049478,"level":"info","message":"Starting rendering (child) request","meta":{"rootId":"v5fybu61wtot8hy","id":"p42ogoyk7dvn36d"},"id":"tl9kbwdwr20o7io","previousOperationId":"g62e0odsgo3ldw8"}
{"type":"log","timestamp":1766938049479,"level":"info","message":"Rendering anonymous template { recipe: html, engine: handlebars }","meta":{"rootId":"v5fybu61wtot8hy","id":"p42ogoyk7dvn36d"},"id":"vsasbo8mqpgemph","previousOperationId":"g62e0odsgo3ldw8"}
{"type":"log","timestamp":1766938049479,"level":"debug","message":"Inline data specified.","meta":{"rootId":"v5fybu61wtot8hy","id":"p42ogoyk7dvn36d"},"id":"7lnunsou56raft7","previousOperationId":"g62e0odsgo3ldw8"}
{"type":"log","timestamp":1766938049484,"level":"debug","message":"Base url not specified, skipping its injection.","meta":{"rootId":"v5fybu61wtot8hy","id":"p42ogoyk7dvn36d"},"id":"kn0xuezz8dt8csu","previousOperationId":"g62e0odsgo3ldw8"}
{"type":"operationStart","subtype":"engine","name":"handlebars","timestamp":1766938049487,"id":"v3vlvbibh84nm9h","previousEventId":"5s1lrcbnq22tmgm","operationId":"oztok6b3wv9ocw8","previousOperationId":"g62e0odsgo3ldw8"}
{"type":"log","timestamp":1766938049487,"level":"debug","message":"Rendering engine handlebars","meta":{"rootId":"v5fybu61wtot8hy","id":"p42ogoyk7dvn36d"},"id":"rsldnxebf4jk2w6","previousOperationId":"oztok6b3wv9ocw8"}
{"type":"log","timestamp":1766938049674,"level":"debug","message":"(console:log) {\n  type: 'echarts@v5a',\n  width: 848,\n  height: 409,\n  option: { radar: [ [Object] ], series: [ [Object] ] }\n}","meta":{"userLevel":true,"rootId":"v5fybu61wtot8hy","id":"p42ogoyk7dvn36d"},"id":"4d1mzhavej30l66","previousOperationId":"oztok6b3wv9ocw8"}
{"type":"operationEnd","operationId":"oztok6b3wv9ocw8","timestamp":1766938049685,"id":"x474aunpk8evsnp","previousEventId":"v3vlvbibh84nm9h","previousOperationId":"oztok6b3wv9ocw8"}
{"type":"operationStart","subtype":"recipe","name":"html","timestamp":1766938049703,"id":"wt8afoyxqb0kh2u","previousEventId":"x474aunpk8evsnp","operationId":"mneprf7plzq3oxq","previousOperationId":"oztok6b3wv9ocw8"}
{"type":"log","timestamp":1766938049703,"level":"debug","message":"Executing recipe html","meta":{"rootId":"v5fybu61wtot8hy","id":"p42ogoyk7dvn36d"},"id":"5ndvtrsuhsvmh4x","previousOperationId":"mneprf7plzq3oxq"}
{"type":"operationEnd","operationId":"mneprf7plzq3oxq","timestamp":1766938049703,"id":"lsgl92xnagxrkrv","previousEventId":"wt8afoyxqb0kh2u","previousOperationId":"mneprf7plzq3oxq"}
{"type":"log","timestamp":1766938049703,"level":"debug","message":"Skipping storing report.","meta":{"rootId":"v5fybu61wtot8hy","id":"p42ogoyk7dvn36d"},"id":"qdfnt50zl4p3nbz","previousOperationId":"mneprf7plzq3oxq"}
{"type":"log","timestamp":1766938049703,"level":"info","message":"Rendering (child) request finished in 2082 ms","meta":{"rootId":"v5fybu61wtot8hy","id":"p42ogoyk7dvn36d"},"id":"gcjg973gxa4bf8a","previousOperationId":"mneprf7plzq3oxq"}
{"type":"operationEnd","subtype":"render","operationId":"g62e0odsgo3ldw8","timestamp":1766938049703,"id":"5q5kuvd1wztq75n","previousEventId":"lsgl92xnagxrkrv","previousOperationId":"mneprf7plzq3oxq"}
{"type":"log","timestamp":1766938056780,"level":"debug","message":"pptx successfully zipped","meta":{"rootId":"v5fybu61wtot8hy","id":"v5fybu61wtot8hy"},"id":"6iq26fmruwmw7qp","previousOperationId":"r27d1a9m7mcqxle"}
{"type":"log","timestamp":1766938056780,"level":"info","message":"pptx generation was finished","meta":{"rootId":"v5fybu61wtot8hy","id":"v5fybu61wtot8hy"},"id":"d8yood8crdd6rba","previousOperationId":"r27d1a9m7mcqxle"}
{"type":"operationEnd","operationId":"r27d1a9m7mcqxle","timestamp":1766938056811,"id":"hmauvbcfj2oreao","previousEventId":"3zn3gx5zhjqd6bi","previousOperationId":"r27d1a9m7mcqxle"}
{"type":"log","timestamp":1766938056811,"level":"debug","message":"Skipping storing report.","meta":{"rootId":"v5fybu61wtot8hy","id":"v5fybu61wtot8hy"},"id":"wcqot5kl4h9wvx1","previousOperationId":"r27d1a9m7mcqxle"}
{"type":"log","timestamp":1766938056811,"level":"info","message":"Rendering request 6 finished in 9190 ms","meta":{"rootId":"v5fybu61wtot8hy","id":"v5fybu61wtot8hy"},"id":"pzte086pkk7urzt","previousOperationId":"r27d1a9m7mcqxle"}
{"type":"operationEnd","subtype":"render","operationId":"bxr2ax7ytrfenbx","timestamp":1766938056811,"id":"arm3etcrd6y7wwu","previousEventId":"hmauvbcfj2oreao","previousOperationId":"r27d1a9m7mcqxle"}
{"type":"operationEnd","doDiffs":false,"previousEventId":"gb5hxiwfpv9nz2g","previousOperationId":"ksvj2tvqmcvk84l","operationId":"ksvj2tvqmcvk84l","timestamp":1766938056816,"id":"nqlxyqvs69bxvbi"}
