{"type":"operationStart","subtype":"profile","data":{"_id":"LkpLpS7w1PFNSPrB","timestamp":"2025-12-07T16:09:21.092Z","state":"running","mode":"standard","creationDate":"2025-12-07T16:09:21.094Z","modificationDate":"2025-12-07T16:09:21.094Z","shortid":"7QluFmq","$entitySet":"profiles","timeout":60000},"doDiffs":false,"timestamp":1765123761094,"id":"zoffsb8su7fnowi","previousOperationId":null,"operationId":"pdkxkmct7ub1mju"}
{"type":"log","level":"info","message":"Render request 19 queued for execution and waiting for available worker","previousOperationId":"pdkxkmct7ub1mju","timestamp":1765123761094,"id":"tpw1co3yfrs6sa0"}
{"type":"operationStart","subtype":"render","name":"anonymous","previousOperationId":"pdkxkmct7ub1mju","timestamp":1765123761105,"id":"1o7rz0y8ve37zsc","previousEventId":"zoffsb8su7fnowi","operationId":"qub8bval1bzgep2"}
{"type":"log","timestamp":1765123761105,"level":"info","message":"Starting rendering request 19","meta":{"rootId":"v64klpy62skeodx","id":"v64klpy62skeodx"},"id":"pqyu1c7qc1yzegi","previousOperationId":"qub8bval1bzgep2"}
{"type":"log","timestamp":1765123761106,"level":"info","message":"Rendering anonymous template { recipe: pptx, engine: handlebars }","meta":{"rootId":"v64klpy62skeodx","id":"v64klpy62skeodx"},"id":"52ckrd6ut9kvrp6","previousOperationId":"qub8bval1bzgep2"}
{"type":"log","timestamp":1765123761106,"level":"debug","message":"Inline data specified.","meta":{"rootId":"v64klpy62skeodx","id":"v64klpy62skeodx"},"id":"k7ans3uq3rks66r","previousOperationId":"qub8bval1bzgep2"}
{"type":"log","timestamp":1765123761110,"level":"debug","message":"Base url not specified, skipping its injection.","meta":{"rootId":"v64klpy62skeodx","id":"v64klpy62skeodx"},"id":"zjpmbpwxzgm7wub","previousOperationId":"qub8bval1bzgep2"}
{"type":"operationStart","subtype":"engine","name":"handlebars","timestamp":1765123761111,"id":"dcgi55zxy6ca03g","previousEventId":"1o7rz0y8ve37zsc","operationId":"o122kqd9ca4p7tm","previousOperationId":"qub8bval1bzgep2"}
{"type":"log","timestamp":1765123761111,"level":"debug","message":"Rendering engine handlebars","meta":{"rootId":"v64klpy62skeodx","id":"v64klpy62skeodx"},"id":"mk16rdxepijt7o0","previousOperationId":"o122kqd9ca4p7tm"}
{"type":"operationEnd","operationId":"o122kqd9ca4p7tm","timestamp":1765123761121,"id":"mtk0t31k1w8iwwg","previousEventId":"dcgi55zxy6ca03g","previousOperationId":"o122kqd9ca4p7tm"}
{"type":"operationStart","subtype":"recipe","name":"pptx","timestamp":1765123761122,"id":"aghyyw6cxjqbha5","previousEventId":"mtk0t31k1w8iwwg","operationId":"yygcxkuhqrt1mig","previousOperationId":"o122kqd9ca4p7tm"}
{"type":"log","timestamp":1765123761122,"level":"debug","message":"Executing recipe pptx","meta":{"rootId":"v64klpy62skeodx","id":"v64klpy62skeodx"},"id":"j5ae1k1tdnpupg0","previousOperationId":"yygcxkuhqrt1mig"}
{"type":"log","timestamp":1765123761123,"level":"info","message":"pptx generation is starting","meta":{"rootId":"v64klpy62skeodx","id":"v64klpy62skeodx"},"id":"wtknl0ztpxt8jup","previousOperationId":"yygcxkuhqrt1mig"}
{"type":"log","timestamp":1765123761262,"level":"debug","message":"Starting child request to render pptx dynamic parts","meta":{"rootId":"v64klpy62skeodx","id":"v64klpy62skeodx"},"id":"3ufdpv8mwwgj567","previousOperationId":"yygcxkuhqrt1mig"}
{"type":"operationStart","subtype":"render","name":"anonymous","previousOperationId":"yygcxkuhqrt1mig","timestamp":1765123761262,"id":"gzc6taficaaej4q","previousEventId":"aghyyw6cxjqbha5","operationId":"cqmffiv69i8xu5o"}
{"type":"log","timestamp":1765123761263,"level":"info","message":"Starting rendering (child) request","meta":{"rootId":"v64klpy62skeodx","id":"l5sq7radchyjlow"},"id":"0a3j0fau8dhkhvj","previousOperationId":"cqmffiv69i8xu5o"}
{"type":"log","timestamp":1765123761263,"level":"info","message":"Rendering anonymous template { recipe: html, engine: handlebars }","meta":{"rootId":"v64klpy62skeodx","id":"l5sq7radchyjlow"},"id":"39junirnsglo3sk","previousOperationId":"cqmffiv69i8xu5o"}
{"type":"log","timestamp":1765123761263,"level":"debug","message":"Inline data specified.","meta":{"rootId":"v64klpy62skeodx","id":"l5sq7radchyjlow"},"id":"qtk7b6bibyfrk2o","previousOperationId":"cqmffiv69i8xu5o"}
{"type":"log","timestamp":1765123761268,"level":"debug","message":"Base url not specified, skipping its injection.","meta":{"rootId":"v64klpy62skeodx","id":"l5sq7radchyjlow"},"id":"vrxnq6lgz4gf46h","previousOperationId":"cqmffiv69i8xu5o"}
{"type":"operationStart","subtype":"engine","name":"handlebars","timestamp":1765123761269,"id":"xopbjr7l3wfsdhr","previousEventId":"gzc6taficaaej4q","operationId":"lkfazdytccjb35n","previousOperationId":"cqmffiv69i8xu5o"}
{"type":"log","timestamp":1765123761269,"level":"debug","message":"Rendering engine handlebars","meta":{"rootId":"v64klpy62skeodx","id":"l5sq7radchyjlow"},"id":"mi3x28d9q6now6k","previousOperationId":"lkfazdytccjb35n"}
{"type":"operationEnd","operationId":"lkfazdytccjb35n","timestamp":1765123761289,"id":"187zt7w6jvycosw","previousEventId":"xopbjr7l3wfsdhr","previousOperationId":"lkfazdytccjb35n"}
{"type":"operationStart","subtype":"recipe","name":"html","timestamp":1765123761293,"id":"v49xbf5lyuymrxl","previousEventId":"187zt7w6jvycosw","operationId":"6wjhypaqgwopfmu","previousOperationId":"lkfazdytccjb35n"}
{"type":"log","timestamp":1765123761293,"level":"debug","message":"Executing recipe html","meta":{"rootId":"v64klpy62skeodx","id":"l5sq7radchyjlow"},"id":"2bqk2hngoashxfv","previousOperationId":"6wjhypaqgwopfmu"}
{"type":"operationEnd","operationId":"6wjhypaqgwopfmu","timestamp":1765123761293,"id":"cv6hzgtckj7c64o","previousEventId":"v49xbf5lyuymrxl","previousOperationId":"6wjhypaqgwopfmu"}
{"type":"log","timestamp":1765123761293,"level":"debug","message":"Skipping storing report.","meta":{"rootId":"v64klpy62skeodx","id":"l5sq7radchyjlow"},"id":"ibsoztpnnlqo2bl","previousOperationId":"6wjhypaqgwopfmu"}
{"type":"log","timestamp":1765123761293,"level":"info","message":"Rendering (child) request finished in 202 ms","meta":{"rootId":"v64klpy62skeodx","id":"l5sq7radchyjlow"},"id":"4t37xuhdsu3mtfy","previousOperationId":"6wjhypaqgwopfmu"}
{"type":"operationEnd","subtype":"render","operationId":"cqmffiv69i8xu5o","timestamp":1765123761293,"id":"h09u54u61suaqat","previousEventId":"cv6hzgtckj7c64o","previousOperationId":"6wjhypaqgwopfmu"}
{"type":"log","timestamp":1765123761461,"level":"debug","message":"pptx successfully zipped","meta":{"rootId":"v64klpy62skeodx","id":"v64klpy62skeodx"},"id":"jfudiawasz6q9cj","previousOperationId":"yygcxkuhqrt1mig"}
{"type":"log","timestamp":1765123761461,"level":"info","message":"pptx generation was finished","meta":{"rootId":"v64klpy62skeodx","id":"v64klpy62skeodx"},"id":"6pc8mkyoo1wp3x1","previousOperationId":"yygcxkuhqrt1mig"}
{"type":"operationEnd","operationId":"yygcxkuhqrt1mig","timestamp":1765123761464,"id":"s5z3ucplqg0keto","previousEventId":"aghyyw6cxjqbha5","previousOperationId":"yygcxkuhqrt1mig"}
{"type":"log","timestamp":1765123761464,"level":"debug","message":"Skipping storing report.","meta":{"rootId":"v64klpy62skeodx","id":"v64klpy62skeodx"},"id":"liuwhgg1i4661s0","previousOperationId":"yygcxkuhqrt1mig"}
{"type":"log","timestamp":1765123761464,"level":"info","message":"Rendering request 19 finished in 373 ms","meta":{"rootId":"v64klpy62skeodx","id":"v64klpy62skeodx"},"id":"i88c1i9as9xfqf6","previousOperationId":"yygcxkuhqrt1mig"}
{"type":"operationEnd","subtype":"render","operationId":"qub8bval1bzgep2","timestamp":1765123761464,"id":"ya75wjzu710hqaz","previousEventId":"s5z3ucplqg0keto","previousOperationId":"yygcxkuhqrt1mig"}
{"type":"operationEnd","doDiffs":false,"previousEventId":"zoffsb8su7fnowi","previousOperationId":"pdkxkmct7ub1mju","operationId":"pdkxkmct7ub1mju","timestamp":1765123761468,"id":"hy14ktnsh6kahrw"}
