{"type":"operationStart","subtype":"profile","data":{"_id":"qB7K15feT8XGB3Xg","timestamp":"2025-12-31T09:47:28.755Z","state":"running","mode":"standard","creationDate":"2025-12-31T09:47:28.762Z","modificationDate":"2025-12-31T09:47:28.762Z","shortid":"F3xgtyd","$entitySet":"profiles","timeout":60000},"doDiffs":false,"timestamp":1767174448759,"id":"86qediqis1hmf84","previousOperationId":null,"operationId":"q9g7oyeqixce0bz"}
{"type":"log","level":"info","message":"Render request 6 queued for execution and waiting for available worker","previousOperationId":"q9g7oyeqixce0bz","timestamp":1767174448759,"id":"g4022dgn5ufv9mj"}
{"type":"operationStart","subtype":"render","name":"anonymous","previousOperationId":"q9g7oyeqixce0bz","timestamp":1767174448836,"id":"d3nb3y6xl71xzy1","previousEventId":"86qediqis1hmf84","operationId":"aljvqmyh29gvlrp"}
{"type":"log","timestamp":1767174448836,"level":"info","message":"Starting rendering request 6","meta":{"rootId":"vepzb7x5rv72tw9","id":"vepzb7x5rv72tw9"},"id":"23z9aodpsmummjo","previousOperationId":"aljvqmyh29gvlrp"}
{"type":"log","timestamp":1767174448836,"level":"info","message":"Rendering anonymous template { recipe: pptx, engine: handlebars }","meta":{"rootId":"vepzb7x5rv72tw9","id":"vepzb7x5rv72tw9"},"id":"w5ezw6mczcwgonu","previousOperationId":"aljvqmyh29gvlrp"}
{"type":"log","timestamp":1767174448836,"level":"debug","message":"Inline data specified.","meta":{"rootId":"vepzb7x5rv72tw9","id":"vepzb7x5rv72tw9"},"id":"tgkhn7wpqq89gg1","previousOperationId":"aljvqmyh29gvlrp"}
{"type":"log","timestamp":1767174448847,"level":"debug","message":"Base url not specified, skipping its injection.","meta":{"rootId":"vepzb7x5rv72tw9","id":"vepzb7x5rv72tw9"},"id":"jx5ex87z6l8ldip","previousOperationId":"aljvqmyh29gvlrp"}
{"type":"operationStart","subtype":"engine","name":"handlebars","timestamp":1767174448848,"id":"l9vbquruo0s357n","previousEventId":"d3nb3y6xl71xzy1","operationId":"m4z23pbj0w6akso","previousOperationId":"aljvqmyh29gvlrp"}
{"type":"log","timestamp":1767174448848,"level":"debug","message":"Rendering engine handlebars","meta":{"rootId":"vepzb7x5rv72tw9","id":"vepzb7x5rv72tw9"},"id":"9vliul1jw0bm1o6","previousOperationId":"m4z23pbj0w6akso"}
{"type":"operationEnd","operationId":"m4z23pbj0w6akso","timestamp":1767174448871,"id":"pbmy3tyu5vlou21","previousEventId":"l9vbquruo0s357n","previousOperationId":"m4z23pbj0w6akso"}
{"type":"operationStart","subtype":"recipe","name":"pptx","timestamp":1767174448873,"id":"bfqtik32obry9r2","previousEventId":"pbmy3tyu5vlou21","operationId":"w0tcoxsu2utunfj","previousOperationId":"m4z23pbj0w6akso"}
{"type":"log","timestamp":1767174448873,"level":"debug","message":"Executing recipe pptx","meta":{"rootId":"vepzb7x5rv72tw9","id":"vepzb7x5rv72tw9"},"id":"i2qi7jo0mor8a4r","previousOperationId":"w0tcoxsu2utunfj"}
{"type":"log","timestamp":1767174448907,"level":"info","message":"pptx generation is starting","meta":{"rootId":"vepzb7x5rv72tw9","id":"vepzb7x5rv72tw9"},"id":"xnm8c4n0i4eotsv","previousOperationId":"w0tcoxsu2utunfj"}
{"type":"log","timestamp":1767174450831,"level":"debug","message":"Starting child request to render pptx dynamic parts","meta":{"rootId":"vepzb7x5rv72tw9","id":"vepzb7x5rv72tw9"},"id":"2unerfowpcsg5fr","previousOperationId":"w0tcoxsu2utunfj"}
{"type":"operationStart","subtype":"render","name":"anonymous","previousOperationId":"w0tcoxsu2utunfj","timestamp":1767174450831,"id":"8lu4kqx9dpsgpd5","previousEventId":"bfqtik32obry9r2","operationId":"3gqcemfekoxikq3"}
{"type":"log","timestamp":1767174450832,"level":"info","message":"Starting rendering (child) request","meta":{"rootId":"vepzb7x5rv72tw9","id":"4eb3qizovw3pjre"},"id":"oeboxm9v3omad4t","previousOperationId":"3gqcemfekoxikq3"}
{"type":"log","timestamp":1767174450832,"level":"info","message":"Rendering anonymous template { recipe: html, engine: handlebars }","meta":{"rootId":"vepzb7x5rv72tw9","id":"4eb3qizovw3pjre"},"id":"08frcn4h9xzt2ui","previousOperationId":"3gqcemfekoxikq3"}
{"type":"log","timestamp":1767174450832,"level":"debug","message":"Inline data specified.","meta":{"rootId":"vepzb7x5rv72tw9","id":"4eb3qizovw3pjre"},"id":"5jhz69lumlr8e2v","previousOperationId":"3gqcemfekoxikq3"}
{"type":"log","timestamp":1767174450840,"level":"debug","message":"Base url not specified, skipping its injection.","meta":{"rootId":"vepzb7x5rv72tw9","id":"4eb3qizovw3pjre"},"id":"ohghn3exijsbytw","previousOperationId":"3gqcemfekoxikq3"}
{"type":"operationStart","subtype":"engine","name":"handlebars","timestamp":1767174450842,"id":"62m45eh91a5n04r","previousEventId":"8lu4kqx9dpsgpd5","operationId":"c9kp3l4klpiuqyf","previousOperationId":"3gqcemfekoxikq3"}
{"type":"log","timestamp":1767174450842,"level":"debug","message":"Rendering engine handlebars","meta":{"rootId":"vepzb7x5rv72tw9","id":"4eb3qizovw3pjre"},"id":"t4dojqblc8kf0nm","previousOperationId":"c9kp3l4klpiuqyf"}
{"type":"log","timestamp":1767174451056,"level":"debug","message":"(console:log) {\n  type: 'echarts@v5a',\n  width: 848,\n  height: 409,\n  option: { radar: [ [Object] ], series: [ [Object] ] }\n}","meta":{"userLevel":true,"rootId":"vepzb7x5rv72tw9","id":"4eb3qizovw3pjre"},"id":"o1y0opal42zc1yp","previousOperationId":"c9kp3l4klpiuqyf"}
{"type":"operationEnd","operationId":"c9kp3l4klpiuqyf","timestamp":1767174451070,"id":"z071l813q771w1o","previousEventId":"62m45eh91a5n04r","previousOperationId":"c9kp3l4klpiuqyf"}
{"type":"operationStart","subtype":"recipe","name":"html","timestamp":1767174451094,"id":"f7blcu989nng6sf","previousEventId":"z071l813q771w1o","operationId":"7hx1len76mjjrbj","previousOperationId":"c9kp3l4klpiuqyf"}
{"type":"log","timestamp":1767174451094,"level":"debug","message":"Executing recipe html","meta":{"rootId":"vepzb7x5rv72tw9","id":"4eb3qizovw3pjre"},"id":"qc4d3h408gic5a3","previousOperationId":"7hx1len76mjjrbj"}
{"type":"operationEnd","operationId":"7hx1len76mjjrbj","timestamp":1767174451094,"id":"ja8fjn9rt0mqqgs","previousEventId":"f7blcu989nng6sf","previousOperationId":"7hx1len76mjjrbj"}
{"type":"log","timestamp":1767174451094,"level":"debug","message":"Skipping storing report.","meta":{"rootId":"vepzb7x5rv72tw9","id":"4eb3qizovw3pjre"},"id":"ht0b77mf8x75d7d","previousOperationId":"7hx1len76mjjrbj"}
{"type":"log","timestamp":1767174451094,"level":"info","message":"Rendering (child) request finished in 2340 ms","meta":{"rootId":"vepzb7x5rv72tw9","id":"4eb3qizovw3pjre"},"id":"p7n6ajz4zuw53r7","previousOperationId":"7hx1len76mjjrbj"}
{"type":"operationEnd","subtype":"render","operationId":"3gqcemfekoxikq3","timestamp":1767174451094,"id":"itt4rcds4gyoqxu","previousEventId":"ja8fjn9rt0mqqgs","previousOperationId":"7hx1len76mjjrbj"}
{"type":"log","timestamp":1767174457193,"level":"debug","message":"pptx successfully zipped","meta":{"rootId":"vepzb7x5rv72tw9","id":"vepzb7x5rv72tw9"},"id":"c3etwwm9f91k1hq","previousOperationId":"w0tcoxsu2utunfj"}
{"type":"log","timestamp":1767174457194,"level":"info","message":"pptx generation was finished","meta":{"rootId":"vepzb7x5rv72tw9","id":"vepzb7x5rv72tw9"},"id":"7yj4sndx2rrmdip","previousOperationId":"w0tcoxsu2utunfj"}
{"type":"operationEnd","operationId":"w0tcoxsu2utunfj","timestamp":1767174457204,"id":"0ou1kzu83wfos5b","previousEventId":"bfqtik32obry9r2","previousOperationId":"w0tcoxsu2utunfj"}
{"type":"log","timestamp":1767174457204,"level":"debug","message":"Skipping storing report.","meta":{"rootId":"vepzb7x5rv72tw9","id":"vepzb7x5rv72tw9"},"id":"6p91rlq662x58gp","previousOperationId":"w0tcoxsu2utunfj"}
{"type":"log","timestamp":1767174457204,"level":"info","message":"Rendering request 6 finished in 8450 ms","meta":{"rootId":"vepzb7x5rv72tw9","id":"vepzb7x5rv72tw9"},"id":"knetiwii4yoimi4","previousOperationId":"w0tcoxsu2utunfj"}
{"type":"operationEnd","subtype":"render","operationId":"aljvqmyh29gvlrp","timestamp":1767174457204,"id":"52tmek6k6ornzzg","previousEventId":"0ou1kzu83wfos5b","previousOperationId":"w0tcoxsu2utunfj"}
{"type":"operationEnd","doDiffs":false,"previousEventId":"86qediqis1hmf84","previousOperationId":"q9g7oyeqixce0bz","operationId":"q9g7oyeqixce0bz","timestamp":1767174457210,"id":"lpad6nlh2dj2zzy"}
