{"type":"operationStart","subtype":"profile","data":{"_id":"RyHnWlEJhEBHwd8V","timestamp":"2025-12-07T19:44:08.746Z","state":"running","mode":"standard","creationDate":"2025-12-07T19:44:08.751Z","modificationDate":"2025-12-07T19:44:08.751Z","shortid":"4R36R-x","$entitySet":"profiles","timeout":60000},"doDiffs":false,"timestamp":1765136648750,"id":"9r8z4suqzc7m18u","previousOperationId":null,"operationId":"gdrmnzph6y6ujkc"}
{"type":"log","level":"info","message":"Render request 27 queued for execution and waiting for available worker","previousOperationId":"gdrmnzph6y6ujkc","timestamp":1765136648750,"id":"despp9xwj7kn2fi"}
{"type":"operationStart","subtype":"render","name":"anonymous","previousOperationId":"gdrmnzph6y6ujkc","timestamp":1765136648810,"id":"y9wxmmc2h7avcan","previousEventId":"9r8z4suqzc7m18u","operationId":"g0cauytdbk37zji"}
{"type":"log","timestamp":1765136648811,"level":"info","message":"Starting rendering request 27","meta":{"rootId":"vg51np2v4cc9qlu","id":"vg51np2v4cc9qlu"},"id":"b615h3p892g2isn","previousOperationId":"g0cauytdbk37zji"}
{"type":"log","timestamp":1765136648811,"level":"info","message":"Rendering anonymous template { recipe: pptx, engine: handlebars }","meta":{"rootId":"vg51np2v4cc9qlu","id":"vg51np2v4cc9qlu"},"id":"olphzsrur7saj92","previousOperationId":"g0cauytdbk37zji"}
{"type":"log","timestamp":1765136648811,"level":"debug","message":"Inline data specified.","meta":{"rootId":"vg51np2v4cc9qlu","id":"vg51np2v4cc9qlu"},"id":"i92nkh5v609rfql","previousOperationId":"g0cauytdbk37zji"}
{"type":"log","timestamp":1765136648813,"level":"debug","message":"Base url not specified, skipping its injection.","meta":{"rootId":"vg51np2v4cc9qlu","id":"vg51np2v4cc9qlu"},"id":"wijgrgnirevitrq","previousOperationId":"g0cauytdbk37zji"}
{"type":"operationStart","subtype":"engine","name":"handlebars","timestamp":1765136648814,"id":"5wlf81t0qjjon1m","previousEventId":"y9wxmmc2h7avcan","operationId":"jtrswvmppucv1bg","previousOperationId":"g0cauytdbk37zji"}
{"type":"log","timestamp":1765136648814,"level":"debug","message":"Rendering engine handlebars","meta":{"rootId":"vg51np2v4cc9qlu","id":"vg51np2v4cc9qlu"},"id":"j92hmfpy78dzy2c","previousOperationId":"jtrswvmppucv1bg"}
{"type":"operationEnd","operationId":"jtrswvmppucv1bg","timestamp":1765136648831,"id":"x5evv7h0iwloc7y","previousEventId":"5wlf81t0qjjon1m","previousOperationId":"jtrswvmppucv1bg"}
{"type":"operationStart","subtype":"recipe","name":"pptx","timestamp":1765136648831,"id":"jf5r81t4881l2dq","previousEventId":"x5evv7h0iwloc7y","operationId":"i0bwxh8u7a0ojc0","previousOperationId":"jtrswvmppucv1bg"}
{"type":"log","timestamp":1765136648831,"level":"debug","message":"Executing recipe pptx","meta":{"rootId":"vg51np2v4cc9qlu","id":"vg51np2v4cc9qlu"},"id":"bmg5n46bs666imp","previousOperationId":"i0bwxh8u7a0ojc0"}
{"type":"log","timestamp":1765136648857,"level":"info","message":"pptx generation is starting","meta":{"rootId":"vg51np2v4cc9qlu","id":"vg51np2v4cc9qlu"},"id":"i58cdz4l3twmlu9","previousOperationId":"i0bwxh8u7a0ojc0"}
{"type":"log","timestamp":1765136649893,"level":"debug","message":"Starting child request to render pptx dynamic parts","meta":{"rootId":"vg51np2v4cc9qlu","id":"vg51np2v4cc9qlu"},"id":"n5meekfxeft578i","previousOperationId":"i0bwxh8u7a0ojc0"}
{"type":"operationStart","subtype":"render","name":"anonymous","previousOperationId":"i0bwxh8u7a0ojc0","timestamp":1765136649893,"id":"ny3bdfjjmdty8uq","previousEventId":"jf5r81t4881l2dq","operationId":"ubkl3kuyyqglcl2"}
{"type":"log","timestamp":1765136649893,"level":"info","message":"Starting rendering (child) request","meta":{"rootId":"vg51np2v4cc9qlu","id":"6fderoau79wjgms"},"id":"yrrhfoln6oofe39","previousOperationId":"ubkl3kuyyqglcl2"}
{"type":"log","timestamp":1765136649893,"level":"info","message":"Rendering anonymous template { recipe: html, engine: handlebars }","meta":{"rootId":"vg51np2v4cc9qlu","id":"6fderoau79wjgms"},"id":"h7xyoxlcunqicr6","previousOperationId":"ubkl3kuyyqglcl2"}
{"type":"log","timestamp":1765136649893,"level":"debug","message":"Inline data specified.","meta":{"rootId":"vg51np2v4cc9qlu","id":"6fderoau79wjgms"},"id":"nt9xv3gnxz0siqw","previousOperationId":"ubkl3kuyyqglcl2"}
{"type":"log","timestamp":1765136649898,"level":"debug","message":"Base url not specified, skipping its injection.","meta":{"rootId":"vg51np2v4cc9qlu","id":"6fderoau79wjgms"},"id":"a6mru3de7x34so8","previousOperationId":"ubkl3kuyyqglcl2"}
{"type":"operationStart","subtype":"engine","name":"handlebars","timestamp":1765136649899,"id":"2q09tatgbk0a5gs","previousEventId":"ny3bdfjjmdty8uq","operationId":"d4wffkw32qtuj0l","previousOperationId":"ubkl3kuyyqglcl2"}
{"type":"log","timestamp":1765136649899,"level":"debug","message":"Rendering engine handlebars","meta":{"rootId":"vg51np2v4cc9qlu","id":"6fderoau79wjgms"},"id":"80ix1djgnjlntu4","previousOperationId":"d4wffkw32qtuj0l"}
{"type":"operationEnd","operationId":"d4wffkw32qtuj0l","timestamp":1765136649989,"id":"sw29swmex9w8ngh","previousEventId":"2q09tatgbk0a5gs","previousOperationId":"d4wffkw32qtuj0l"}
{"type":"operationStart","subtype":"recipe","name":"html","timestamp":1765136649997,"id":"fvv21u648rvk7wt","previousEventId":"sw29swmex9w8ngh","operationId":"wdrzdklhdxdf96f","previousOperationId":"d4wffkw32qtuj0l"}
{"type":"log","timestamp":1765136649997,"level":"debug","message":"Executing recipe html","meta":{"rootId":"vg51np2v4cc9qlu","id":"6fderoau79wjgms"},"id":"mh9iw3m66ztj4ys","previousOperationId":"wdrzdklhdxdf96f"}
{"type":"operationEnd","operationId":"wdrzdklhdxdf96f","timestamp":1765136649997,"id":"5l8u880vxz4twig","previousEventId":"fvv21u648rvk7wt","previousOperationId":"wdrzdklhdxdf96f"}
{"type":"log","timestamp":1765136649997,"level":"debug","message":"Skipping storing report.","meta":{"rootId":"vg51np2v4cc9qlu","id":"6fderoau79wjgms"},"id":"c6mciipx9xkz59v","previousOperationId":"wdrzdklhdxdf96f"}
{"type":"log","timestamp":1765136649997,"level":"info","message":"Rendering (child) request finished in 1251 ms","meta":{"rootId":"vg51np2v4cc9qlu","id":"6fderoau79wjgms"},"id":"0d14d7c2pjet972","previousOperationId":"wdrzdklhdxdf96f"}
{"type":"operationEnd","subtype":"render","operationId":"ubkl3kuyyqglcl2","timestamp":1765136649997,"id":"bncbuktv2xr1fj0","previousEventId":"5l8u880vxz4twig","previousOperationId":"wdrzdklhdxdf96f"}
{"type":"log","timestamp":1765136654699,"level":"debug","message":"pptx successfully zipped","meta":{"rootId":"vg51np2v4cc9qlu","id":"vg51np2v4cc9qlu"},"id":"u3x3m0ffy5rgthk","previousOperationId":"i0bwxh8u7a0ojc0"}
{"type":"log","timestamp":1765136654699,"level":"info","message":"pptx generation was finished","meta":{"rootId":"vg51np2v4cc9qlu","id":"vg51np2v4cc9qlu"},"id":"xdeh95goj3w8evl","previousOperationId":"i0bwxh8u7a0ojc0"}
{"type":"operationEnd","operationId":"i0bwxh8u7a0ojc0","timestamp":1765136654706,"id":"lz9rj1kantkneky","previousEventId":"jf5r81t4881l2dq","previousOperationId":"i0bwxh8u7a0ojc0"}
{"type":"log","timestamp":1765136654707,"level":"debug","message":"Skipping storing report.","meta":{"rootId":"vg51np2v4cc9qlu","id":"vg51np2v4cc9qlu"},"id":"q2lxjnikswdlvwk","previousOperationId":"i0bwxh8u7a0ojc0"}
{"type":"log","timestamp":1765136654707,"level":"info","message":"Rendering request 27 finished in 5961 ms","meta":{"rootId":"vg51np2v4cc9qlu","id":"vg51np2v4cc9qlu"},"id":"x1gw6bnjdzwsv8h","previousOperationId":"i0bwxh8u7a0ojc0"}
{"type":"operationEnd","subtype":"render","operationId":"g0cauytdbk37zji","timestamp":1765136654707,"id":"msr6fdvmbpvev84","previousEventId":"lz9rj1kantkneky","previousOperationId":"i0bwxh8u7a0ojc0"}
{"type":"operationEnd","doDiffs":false,"previousEventId":"9r8z4suqzc7m18u","previousOperationId":"gdrmnzph6y6ujkc","operationId":"gdrmnzph6y6ujkc","timestamp":1765136654711,"id":"vtbvutdfssj5vfa"}
