{"type":"operationStart","subtype":"profile","data":{"_id":"roRMr7TKXAeFEjXq","timestamp":"2025-12-31T21:18:15.361Z","state":"running","mode":"standard","creationDate":"2025-12-31T21:18:15.366Z","modificationDate":"2025-12-31T21:18:15.366Z","shortid":"sTaeK1l","$entitySet":"profiles","timeout":60000},"doDiffs":false,"timestamp":1767215895364,"id":"vuucjh4cvn2efva","previousOperationId":null,"operationId":"hvg5m10oej3y9nk"}
{"type":"log","level":"info","message":"Render request 2 queued for execution and waiting for available worker","previousOperationId":"hvg5m10oej3y9nk","timestamp":1767215895364,"id":"rycisvxccbn37t6"}
{"type":"operationStart","subtype":"render","name":"anonymous","previousOperationId":"hvg5m10oej3y9nk","timestamp":1767215895425,"id":"eeuz01xwr4zm6jf","previousEventId":"vuucjh4cvn2efva","operationId":"pa6c1ioqzjqm1uu"}
{"type":"log","timestamp":1767215895426,"level":"info","message":"Starting rendering request 2","meta":{"rootId":"vlydlwy4so9983y","id":"vlydlwy4so9983y"},"id":"pntyfwnp3rpeowt","previousOperationId":"pa6c1ioqzjqm1uu"}
{"type":"log","timestamp":1767215895429,"level":"info","message":"Rendering anonymous template { recipe: pptx, engine: handlebars }","meta":{"rootId":"vlydlwy4so9983y","id":"vlydlwy4so9983y"},"id":"68y15uwa1sptge9","previousOperationId":"pa6c1ioqzjqm1uu"}
{"type":"log","timestamp":1767215895430,"level":"debug","message":"Inline data specified.","meta":{"rootId":"vlydlwy4so9983y","id":"vlydlwy4so9983y"},"id":"nooiwamg0e2vbjd","previousOperationId":"pa6c1ioqzjqm1uu"}
{"type":"log","timestamp":1767215895435,"level":"debug","message":"Base url not specified, skipping its injection.","meta":{"rootId":"vlydlwy4so9983y","id":"vlydlwy4so9983y"},"id":"i7meedam5oi2wmd","previousOperationId":"pa6c1ioqzjqm1uu"}
{"type":"operationStart","subtype":"engine","name":"handlebars","timestamp":1767215895438,"id":"m5iei29skqe9o9q","previousEventId":"eeuz01xwr4zm6jf","operationId":"cslz17kyd1rfdjw","previousOperationId":"pa6c1ioqzjqm1uu"}
{"type":"log","timestamp":1767215895438,"level":"debug","message":"Rendering engine handlebars","meta":{"rootId":"vlydlwy4so9983y","id":"vlydlwy4so9983y"},"id":"jj2q09atpjkl4co","previousOperationId":"cslz17kyd1rfdjw"}
{"type":"operationEnd","operationId":"cslz17kyd1rfdjw","timestamp":1767215896661,"id":"5pn61catsrnlnrg","previousEventId":"m5iei29skqe9o9q","previousOperationId":"cslz17kyd1rfdjw"}
{"type":"operationStart","subtype":"recipe","name":"pptx","timestamp":1767215896662,"id":"lvxh4ycfmtzc77z","previousEventId":"5pn61catsrnlnrg","operationId":"a1qxt55nguym07k","previousOperationId":"cslz17kyd1rfdjw"}
{"type":"log","timestamp":1767215896662,"level":"debug","message":"Executing recipe pptx","meta":{"rootId":"vlydlwy4so9983y","id":"vlydlwy4so9983y"},"id":"iytgvgoghksfdhv","previousOperationId":"a1qxt55nguym07k"}
{"type":"log","timestamp":1767215896925,"level":"info","message":"pptx generation is starting","meta":{"rootId":"vlydlwy4so9983y","id":"vlydlwy4so9983y"},"id":"5172yljosfxjy05","previousOperationId":"a1qxt55nguym07k"}
{"type":"log","timestamp":1767215899067,"level":"debug","message":"Starting child request to render pptx dynamic parts","meta":{"rootId":"vlydlwy4so9983y","id":"vlydlwy4so9983y"},"id":"f4todw9fox3w1jy","previousOperationId":"a1qxt55nguym07k"}
{"type":"operationStart","subtype":"render","name":"anonymous","previousOperationId":"a1qxt55nguym07k","timestamp":1767215899068,"id":"243s0mqr13zv32e","previousEventId":"lvxh4ycfmtzc77z","operationId":"pex5clvp0kc5vjl"}
{"type":"log","timestamp":1767215899068,"level":"info","message":"Starting rendering (child) request","meta":{"rootId":"vlydlwy4so9983y","id":"7t148inoe9vsg2x"},"id":"6kuebma3qgartkl","previousOperationId":"pex5clvp0kc5vjl"}
{"type":"log","timestamp":1767215899068,"level":"info","message":"Rendering anonymous template { recipe: html, engine: handlebars }","meta":{"rootId":"vlydlwy4so9983y","id":"7t148inoe9vsg2x"},"id":"2z445mgo5ce5lct","previousOperationId":"pex5clvp0kc5vjl"}
{"type":"log","timestamp":1767215899068,"level":"debug","message":"Inline data specified.","meta":{"rootId":"vlydlwy4so9983y","id":"7t148inoe9vsg2x"},"id":"kabfw935qtvn6m6","previousOperationId":"pex5clvp0kc5vjl"}
{"type":"log","timestamp":1767215899078,"level":"debug","message":"Base url not specified, skipping its injection.","meta":{"rootId":"vlydlwy4so9983y","id":"7t148inoe9vsg2x"},"id":"klpja5xawnewf88","previousOperationId":"pex5clvp0kc5vjl"}
{"type":"operationStart","subtype":"engine","name":"handlebars","timestamp":1767215899080,"id":"71e8c5uah350lbh","previousEventId":"243s0mqr13zv32e","operationId":"qi64vonchuckfp5","previousOperationId":"pex5clvp0kc5vjl"}
{"type":"log","timestamp":1767215899080,"level":"debug","message":"Rendering engine handlebars","meta":{"rootId":"vlydlwy4so9983y","id":"7t148inoe9vsg2x"},"id":"j6a3238sd6lp5ua","previousOperationId":"qi64vonchuckfp5"}
{"type":"log","timestamp":1767215899373,"level":"debug","message":"(console:log) {\n  type: 'echarts@v5a',\n  width: 848,\n  height: 409,\n  option: { radar: [ [Object] ], series: [ [Object] ] }\n}","meta":{"userLevel":true,"rootId":"vlydlwy4so9983y","id":"7t148inoe9vsg2x"},"id":"5lgtlebghqxjjue","previousOperationId":"qi64vonchuckfp5"}
{"type":"operationEnd","operationId":"qi64vonchuckfp5","timestamp":1767215899385,"id":"hicryv8nz2jv0un","previousEventId":"71e8c5uah350lbh","previousOperationId":"qi64vonchuckfp5"}
{"type":"operationStart","subtype":"recipe","name":"html","timestamp":1767215899404,"id":"ys3j4nylgvltwvb","previousEventId":"hicryv8nz2jv0un","operationId":"1b78eys60wkraai","previousOperationId":"qi64vonchuckfp5"}
{"type":"log","timestamp":1767215899404,"level":"debug","message":"Executing recipe html","meta":{"rootId":"vlydlwy4so9983y","id":"7t148inoe9vsg2x"},"id":"n1ny071tnfu7hbw","previousOperationId":"1b78eys60wkraai"}
{"type":"operationEnd","operationId":"1b78eys60wkraai","timestamp":1767215899404,"id":"g4ycy5ga7g274cl","previousEventId":"ys3j4nylgvltwvb","previousOperationId":"1b78eys60wkraai"}
{"type":"log","timestamp":1767215899406,"level":"debug","message":"Skipping storing report.","meta":{"rootId":"vlydlwy4so9983y","id":"7t148inoe9vsg2x"},"id":"8xdl5wp6v09sz2i","previousOperationId":"1b78eys60wkraai"}
{"type":"log","timestamp":1767215899406,"level":"info","message":"Rendering (child) request finished in 4046 ms","meta":{"rootId":"vlydlwy4so9983y","id":"7t148inoe9vsg2x"},"id":"opyidoi2vhtjb4i","previousOperationId":"1b78eys60wkraai"}
{"type":"operationEnd","subtype":"render","operationId":"pex5clvp0kc5vjl","timestamp":1767215899406,"id":"3i4zxi44p9u2288","previousEventId":"g4ycy5ga7g274cl","previousOperationId":"1b78eys60wkraai"}
{"type":"log","timestamp":1767215906678,"level":"debug","message":"pptx successfully zipped","meta":{"rootId":"vlydlwy4so9983y","id":"vlydlwy4so9983y"},"id":"sjb3uucnh2isqgw","previousOperationId":"a1qxt55nguym07k"}
{"type":"log","timestamp":1767215906679,"level":"info","message":"pptx generation was finished","meta":{"rootId":"vlydlwy4so9983y","id":"vlydlwy4so9983y"},"id":"dmcgrbp8gyvvzn8","previousOperationId":"a1qxt55nguym07k"}
{"type":"operationEnd","operationId":"a1qxt55nguym07k","timestamp":1767215906693,"id":"52l8iib5vchzlix","previousEventId":"lvxh4ycfmtzc77z","previousOperationId":"a1qxt55nguym07k"}
{"type":"log","timestamp":1767215906694,"level":"debug","message":"Skipping storing report.","meta":{"rootId":"vlydlwy4so9983y","id":"vlydlwy4so9983y"},"id":"fgh5462trx9qjvp","previousOperationId":"a1qxt55nguym07k"}
{"type":"log","timestamp":1767215906694,"level":"info","message":"Rendering request 2 finished in 11334 ms","meta":{"rootId":"vlydlwy4so9983y","id":"vlydlwy4so9983y"},"id":"jdn37kgkuz8kgpp","previousOperationId":"a1qxt55nguym07k"}
{"type":"operationEnd","subtype":"render","operationId":"pa6c1ioqzjqm1uu","timestamp":1767215906694,"id":"sja5estp0oohh0j","previousEventId":"52l8iib5vchzlix","previousOperationId":"a1qxt55nguym07k"}
{"type":"operationEnd","doDiffs":false,"previousEventId":"vuucjh4cvn2efva","previousOperationId":"hvg5m10oej3y9nk","operationId":"hvg5m10oej3y9nk","timestamp":1767215906702,"id":"i4qjd6wnojsp9ln"}
