{"type":"operationStart","subtype":"profile","data":{"_id":"V9Wq6vt8YlKPzioY","timestamp":"2025-12-22T22:20:07.818Z","state":"running","mode":"standard","creationDate":"2025-12-22T22:20:07.823Z","modificationDate":"2025-12-22T22:20:07.823Z","shortid":"d6Lxzno","$entitySet":"profiles","timeout":60000},"doDiffs":false,"timestamp":1766442007821,"id":"g4ldt4nm0u0lvg1","previousOperationId":null,"operationId":"n7bqvluek3y5g0o"}
{"type":"log","level":"info","message":"Render request 1 queued for execution and waiting for available worker","previousOperationId":"n7bqvluek3y5g0o","timestamp":1766442007821,"id":"xas7yl1emkbel0j"}
{"type":"operationStart","subtype":"render","name":"anonymous","previousOperationId":"n7bqvluek3y5g0o","timestamp":1766442007872,"id":"t2fj1jmnoz27ldy","previousEventId":"g4ldt4nm0u0lvg1","operationId":"xfl0ord0iqvn3di"}
{"type":"log","timestamp":1766442007874,"level":"info","message":"Starting rendering request 1","meta":{"rootId":"vow9er9ahwav1w7","id":"vow9er9ahwav1w7"},"id":"vkmenkd4z4a2yp6","previousOperationId":"xfl0ord0iqvn3di"}
{"type":"log","timestamp":1766442007877,"level":"info","message":"Rendering anonymous template { recipe: pptx, engine: handlebars }","meta":{"rootId":"vow9er9ahwav1w7","id":"vow9er9ahwav1w7"},"id":"sqg3c09oydu7yor","previousOperationId":"xfl0ord0iqvn3di"}
{"type":"log","timestamp":1766442007877,"level":"debug","message":"Inline data specified.","meta":{"rootId":"vow9er9ahwav1w7","id":"vow9er9ahwav1w7"},"id":"ogk1hvrvr6a2igt","previousOperationId":"xfl0ord0iqvn3di"}
{"type":"log","timestamp":1766442007881,"level":"debug","message":"Base url not specified, skipping its injection.","meta":{"rootId":"vow9er9ahwav1w7","id":"vow9er9ahwav1w7"},"id":"kij2xpl9me4b58q","previousOperationId":"xfl0ord0iqvn3di"}
{"type":"operationStart","subtype":"engine","name":"handlebars","timestamp":1766442007883,"id":"uimgw7tzwpdr62e","previousEventId":"t2fj1jmnoz27ldy","operationId":"q2vuk1p6jtgoqsy","previousOperationId":"xfl0ord0iqvn3di"}
{"type":"log","timestamp":1766442007883,"level":"debug","message":"Rendering engine handlebars","meta":{"rootId":"vow9er9ahwav1w7","id":"vow9er9ahwav1w7"},"id":"5enrphxbyu6iriz","previousOperationId":"q2vuk1p6jtgoqsy"}
{"type":"operationEnd","operationId":"q2vuk1p6jtgoqsy","timestamp":1766442008651,"id":"ocg0g3zsoc7insb","previousEventId":"uimgw7tzwpdr62e","previousOperationId":"q2vuk1p6jtgoqsy"}
{"type":"operationStart","subtype":"recipe","name":"pptx","timestamp":1766442008652,"id":"0jc78ger72bweem","previousEventId":"ocg0g3zsoc7insb","operationId":"44p5wzvp7zpl7qa","previousOperationId":"q2vuk1p6jtgoqsy"}
{"type":"log","timestamp":1766442008652,"level":"debug","message":"Executing recipe pptx","meta":{"rootId":"vow9er9ahwav1w7","id":"vow9er9ahwav1w7"},"id":"twia7d882dncxb1","previousOperationId":"44p5wzvp7zpl7qa"}
{"type":"log","timestamp":1766442008809,"level":"info","message":"pptx generation is starting","meta":{"rootId":"vow9er9ahwav1w7","id":"vow9er9ahwav1w7"},"id":"wmpfhwbosshxtfw","previousOperationId":"44p5wzvp7zpl7qa"}
{"type":"log","timestamp":1766442010006,"level":"debug","message":"Starting child request to render pptx dynamic parts","meta":{"rootId":"vow9er9ahwav1w7","id":"vow9er9ahwav1w7"},"id":"yc08ur6qjp6ivq1","previousOperationId":"44p5wzvp7zpl7qa"}
{"type":"operationStart","subtype":"render","name":"anonymous","previousOperationId":"44p5wzvp7zpl7qa","timestamp":1766442010007,"id":"vu947xvf58d4rof","previousEventId":"0jc78ger72bweem","operationId":"78b6alsdc5clo3z"}
{"type":"log","timestamp":1766442010007,"level":"info","message":"Starting rendering (child) request","meta":{"rootId":"vow9er9ahwav1w7","id":"4jd1t6utinqo3md"},"id":"2rzpwf5tliey8hi","previousOperationId":"78b6alsdc5clo3z"}
{"type":"log","timestamp":1766442010007,"level":"info","message":"Rendering anonymous template { recipe: html, engine: handlebars }","meta":{"rootId":"vow9er9ahwav1w7","id":"4jd1t6utinqo3md"},"id":"4ld4r72nvucj8p8","previousOperationId":"78b6alsdc5clo3z"}
{"type":"log","timestamp":1766442010008,"level":"debug","message":"Inline data specified.","meta":{"rootId":"vow9er9ahwav1w7","id":"4jd1t6utinqo3md"},"id":"adnlm7r0obf64d4","previousOperationId":"78b6alsdc5clo3z"}
{"type":"log","timestamp":1766442010013,"level":"debug","message":"Base url not specified, skipping its injection.","meta":{"rootId":"vow9er9ahwav1w7","id":"4jd1t6utinqo3md"},"id":"84xy5l55ouoycsi","previousOperationId":"78b6alsdc5clo3z"}
{"type":"operationStart","subtype":"engine","name":"handlebars","timestamp":1766442010014,"id":"c8d4gynvxtgm2ur","previousEventId":"vu947xvf58d4rof","operationId":"gb7brm4bzrv5my6","previousOperationId":"78b6alsdc5clo3z"}
{"type":"log","timestamp":1766442010014,"level":"debug","message":"Rendering engine handlebars","meta":{"rootId":"vow9er9ahwav1w7","id":"4jd1t6utinqo3md"},"id":"v29ah6z84saswhp","previousOperationId":"gb7brm4bzrv5my6"}
{"type":"operationEnd","operationId":"gb7brm4bzrv5my6","timestamp":1766442010129,"id":"le9n5g9x9zd9vtt","previousEventId":"c8d4gynvxtgm2ur","previousOperationId":"gb7brm4bzrv5my6"}
{"type":"operationStart","subtype":"recipe","name":"html","timestamp":1766442010139,"id":"cn9hz3qo3gsp4q8","previousEventId":"le9n5g9x9zd9vtt","operationId":"tyqlc0vkz2u3ebm","previousOperationId":"gb7brm4bzrv5my6"}
{"type":"log","timestamp":1766442010139,"level":"debug","message":"Executing recipe html","meta":{"rootId":"vow9er9ahwav1w7","id":"4jd1t6utinqo3md"},"id":"zzckof44n4nxxx1","previousOperationId":"tyqlc0vkz2u3ebm"}
{"type":"operationEnd","operationId":"tyqlc0vkz2u3ebm","timestamp":1766442010139,"id":"uyfy9aqxyxxrdmg","previousEventId":"cn9hz3qo3gsp4q8","previousOperationId":"tyqlc0vkz2u3ebm"}
{"type":"log","timestamp":1766442010140,"level":"debug","message":"Skipping storing report.","meta":{"rootId":"vow9er9ahwav1w7","id":"4jd1t6utinqo3md"},"id":"ravm1adxk2qi9vt","previousOperationId":"tyqlc0vkz2u3ebm"}
{"type":"log","timestamp":1766442010140,"level":"info","message":"Rendering (child) request finished in 2323 ms","meta":{"rootId":"vow9er9ahwav1w7","id":"4jd1t6utinqo3md"},"id":"7emhs2w2ueboukc","previousOperationId":"tyqlc0vkz2u3ebm"}
{"type":"operationEnd","subtype":"render","operationId":"78b6alsdc5clo3z","timestamp":1766442010140,"id":"t85dpm895r74jjb","previousEventId":"uyfy9aqxyxxrdmg","previousOperationId":"tyqlc0vkz2u3ebm"}
{"type":"log","timestamp":1766442013216,"level":"debug","message":"pptx successfully zipped","meta":{"rootId":"vow9er9ahwav1w7","id":"vow9er9ahwav1w7"},"id":"gklks12p54txj67","previousOperationId":"44p5wzvp7zpl7qa"}
{"type":"log","timestamp":1766442013216,"level":"info","message":"pptx generation was finished","meta":{"rootId":"vow9er9ahwav1w7","id":"vow9er9ahwav1w7"},"id":"twjrk6s0o51x4si","previousOperationId":"44p5wzvp7zpl7qa"}
{"type":"operationEnd","operationId":"44p5wzvp7zpl7qa","timestamp":1766442013227,"id":"7k7sht5lnu1itum","previousEventId":"0jc78ger72bweem","previousOperationId":"44p5wzvp7zpl7qa"}
{"type":"log","timestamp":1766442013228,"level":"debug","message":"Skipping storing report.","meta":{"rootId":"vow9er9ahwav1w7","id":"vow9er9ahwav1w7"},"id":"nrhxevbu6kadnnj","previousOperationId":"44p5wzvp7zpl7qa"}
{"type":"log","timestamp":1766442013228,"level":"info","message":"Rendering request 1 finished in 5411 ms","meta":{"rootId":"vow9er9ahwav1w7","id":"vow9er9ahwav1w7"},"id":"0tawboigvonxn03","previousOperationId":"44p5wzvp7zpl7qa"}
{"type":"operationEnd","subtype":"render","operationId":"xfl0ord0iqvn3di","timestamp":1766442013228,"id":"k0i3xuejnnp26sw","previousEventId":"7k7sht5lnu1itum","previousOperationId":"44p5wzvp7zpl7qa"}
{"type":"operationEnd","doDiffs":false,"previousEventId":"g4ldt4nm0u0lvg1","previousOperationId":"n7bqvluek3y5g0o","operationId":"n7bqvluek3y5g0o","timestamp":1766442013231,"id":"zgexuxpyjb3m8bi"}
