{"type":"operationStart","subtype":"profile","data":{"_id":"N08pyjzO7sx3gO0D","timestamp":"2025-12-27T14:54:41.461Z","state":"running","mode":"standard","creationDate":"2025-12-27T14:54:41.467Z","modificationDate":"2025-12-27T14:54:41.467Z","shortid":"8GwLlQM","$entitySet":"profiles","timeout":60000},"doDiffs":false,"timestamp":1766847281463,"id":"8xlvmgd88nnkb2s","previousOperationId":null,"operationId":"w6tqg2efi44nvjt"}
{"type":"log","level":"info","message":"Render request 1 queued for execution and waiting for available worker","previousOperationId":"w6tqg2efi44nvjt","timestamp":1766847281463,"id":"qu1o4olxrzamq5f"}
{"type":"operationStart","subtype":"render","name":"anonymous","previousOperationId":"w6tqg2efi44nvjt","timestamp":1766847281524,"id":"7pakrbrqsvsdv8m","previousEventId":"8xlvmgd88nnkb2s","operationId":"c0dc16erk164wys"}
{"type":"log","timestamp":1766847281525,"level":"info","message":"Starting rendering request 1","meta":{"rootId":"vqxsblyhnywj35r","id":"vqxsblyhnywj35r"},"id":"z3k1ilvvb91v5uz","previousOperationId":"c0dc16erk164wys"}
{"type":"log","timestamp":1766847281528,"level":"info","message":"Rendering anonymous template { recipe: pptx, engine: handlebars }","meta":{"rootId":"vqxsblyhnywj35r","id":"vqxsblyhnywj35r"},"id":"05s4mzp5vkhbrcu","previousOperationId":"c0dc16erk164wys"}
{"type":"log","timestamp":1766847281528,"level":"debug","message":"Inline data specified.","meta":{"rootId":"vqxsblyhnywj35r","id":"vqxsblyhnywj35r"},"id":"txdyrxlmp4o38cy","previousOperationId":"c0dc16erk164wys"}
{"type":"log","timestamp":1766847281533,"level":"debug","message":"Base url not specified, skipping its injection.","meta":{"rootId":"vqxsblyhnywj35r","id":"vqxsblyhnywj35r"},"id":"369pomwvdyu4i7x","previousOperationId":"c0dc16erk164wys"}
{"type":"operationStart","subtype":"engine","name":"handlebars","timestamp":1766847281535,"id":"6gei1j1w8crdb83","previousEventId":"7pakrbrqsvsdv8m","operationId":"0txa1j5dve4nll4","previousOperationId":"c0dc16erk164wys"}
{"type":"log","timestamp":1766847281535,"level":"debug","message":"Rendering engine handlebars","meta":{"rootId":"vqxsblyhnywj35r","id":"vqxsblyhnywj35r"},"id":"kynaq4kie0758a7","previousOperationId":"0txa1j5dve4nll4"}
{"type":"operationEnd","operationId":"0txa1j5dve4nll4","timestamp":1766847282328,"id":"700r2uncfe3i8s9","previousEventId":"6gei1j1w8crdb83","previousOperationId":"0txa1j5dve4nll4"}
{"type":"operationStart","subtype":"recipe","name":"pptx","timestamp":1766847282329,"id":"tc71yqz8cf0tfbz","previousEventId":"700r2uncfe3i8s9","operationId":"2msxbkmnlyjse2p","previousOperationId":"0txa1j5dve4nll4"}
{"type":"log","timestamp":1766847282329,"level":"debug","message":"Executing recipe pptx","meta":{"rootId":"vqxsblyhnywj35r","id":"vqxsblyhnywj35r"},"id":"tpmbo672zd9dcbl","previousOperationId":"2msxbkmnlyjse2p"}
{"type":"log","timestamp":1766847282493,"level":"info","message":"pptx generation is starting","meta":{"rootId":"vqxsblyhnywj35r","id":"vqxsblyhnywj35r"},"id":"i69pii6a5gezljv","previousOperationId":"2msxbkmnlyjse2p"}
{"type":"log","timestamp":1766847283695,"level":"debug","message":"Starting child request to render pptx dynamic parts","meta":{"rootId":"vqxsblyhnywj35r","id":"vqxsblyhnywj35r"},"id":"7tbrjm7unezn2o7","previousOperationId":"2msxbkmnlyjse2p"}
{"type":"operationStart","subtype":"render","name":"anonymous","previousOperationId":"2msxbkmnlyjse2p","timestamp":1766847283696,"id":"2sll232sqdep3cu","previousEventId":"tc71yqz8cf0tfbz","operationId":"06uc01gu4i13hpx"}
{"type":"log","timestamp":1766847283696,"level":"info","message":"Starting rendering (child) request","meta":{"rootId":"vqxsblyhnywj35r","id":"iqrqsv83t2bgrn1"},"id":"63zepc1c1r1ncl3","previousOperationId":"06uc01gu4i13hpx"}
{"type":"log","timestamp":1766847283696,"level":"info","message":"Rendering anonymous template { recipe: html, engine: handlebars }","meta":{"rootId":"vqxsblyhnywj35r","id":"iqrqsv83t2bgrn1"},"id":"oo3nyq9iv51022l","previousOperationId":"06uc01gu4i13hpx"}
{"type":"log","timestamp":1766847283696,"level":"debug","message":"Inline data specified.","meta":{"rootId":"vqxsblyhnywj35r","id":"iqrqsv83t2bgrn1"},"id":"qfh9yhhorgsk57e","previousOperationId":"06uc01gu4i13hpx"}
{"type":"log","timestamp":1766847283703,"level":"debug","message":"Base url not specified, skipping its injection.","meta":{"rootId":"vqxsblyhnywj35r","id":"iqrqsv83t2bgrn1"},"id":"jf5oysfvs6zt2id","previousOperationId":"06uc01gu4i13hpx"}
{"type":"operationStart","subtype":"engine","name":"handlebars","timestamp":1766847283705,"id":"qqja9eyiyb2uo6v","previousEventId":"2sll232sqdep3cu","operationId":"zajvgyn0u0o9q90","previousOperationId":"06uc01gu4i13hpx"}
{"type":"log","timestamp":1766847283705,"level":"debug","message":"Rendering engine handlebars","meta":{"rootId":"vqxsblyhnywj35r","id":"iqrqsv83t2bgrn1"},"id":"5hjrjiilcqq9grk","previousOperationId":"zajvgyn0u0o9q90"}
{"type":"operationEnd","operationId":"zajvgyn0u0o9q90","timestamp":1766847283861,"id":"mg8phe6nb9izv4t","previousEventId":"qqja9eyiyb2uo6v","previousOperationId":"zajvgyn0u0o9q90"}
{"type":"operationStart","subtype":"recipe","name":"html","timestamp":1766847283875,"id":"43ajws8y8hjx16w","previousEventId":"mg8phe6nb9izv4t","operationId":"9ogdqflcu9ptzzl","previousOperationId":"zajvgyn0u0o9q90"}
{"type":"log","timestamp":1766847283875,"level":"debug","message":"Executing recipe html","meta":{"rootId":"vqxsblyhnywj35r","id":"iqrqsv83t2bgrn1"},"id":"pxoxektf0arx324","previousOperationId":"9ogdqflcu9ptzzl"}
{"type":"operationEnd","operationId":"9ogdqflcu9ptzzl","timestamp":1766847283875,"id":"eh69qsknpr8flnf","previousEventId":"43ajws8y8hjx16w","previousOperationId":"9ogdqflcu9ptzzl"}
{"type":"log","timestamp":1766847283876,"level":"debug","message":"Skipping storing report.","meta":{"rootId":"vqxsblyhnywj35r","id":"iqrqsv83t2bgrn1"},"id":"h5kt6dcil2ucxjh","previousOperationId":"9ogdqflcu9ptzzl"}
{"type":"log","timestamp":1766847283877,"level":"info","message":"Rendering (child) request finished in 2418 ms","meta":{"rootId":"vqxsblyhnywj35r","id":"iqrqsv83t2bgrn1"},"id":"4d0cjib869asaj1","previousOperationId":"9ogdqflcu9ptzzl"}
{"type":"operationEnd","subtype":"render","operationId":"06uc01gu4i13hpx","timestamp":1766847283877,"id":"vrjth6qsirqodbz","previousEventId":"eh69qsknpr8flnf","previousOperationId":"9ogdqflcu9ptzzl"}
{"type":"log","timestamp":1766847287831,"level":"debug","message":"pptx successfully zipped","meta":{"rootId":"vqxsblyhnywj35r","id":"vqxsblyhnywj35r"},"id":"3s89sh3hpuct4wd","previousOperationId":"2msxbkmnlyjse2p"}
{"type":"log","timestamp":1766847287831,"level":"info","message":"pptx generation was finished","meta":{"rootId":"vqxsblyhnywj35r","id":"vqxsblyhnywj35r"},"id":"x5p2x8ei4f5a1ar","previousOperationId":"2msxbkmnlyjse2p"}
{"type":"operationEnd","operationId":"2msxbkmnlyjse2p","timestamp":1766847287845,"id":"rw6mkk608p431bx","previousEventId":"tc71yqz8cf0tfbz","previousOperationId":"2msxbkmnlyjse2p"}
{"type":"log","timestamp":1766847287845,"level":"debug","message":"Skipping storing report.","meta":{"rootId":"vqxsblyhnywj35r","id":"vqxsblyhnywj35r"},"id":"ioc02z75zhe8m9i","previousOperationId":"2msxbkmnlyjse2p"}
{"type":"log","timestamp":1766847287845,"level":"info","message":"Rendering request 1 finished in 6386 ms","meta":{"rootId":"vqxsblyhnywj35r","id":"vqxsblyhnywj35r"},"id":"ni0j1d3v0u4ul60","previousOperationId":"2msxbkmnlyjse2p"}
{"type":"operationEnd","subtype":"render","operationId":"c0dc16erk164wys","timestamp":1766847287845,"id":"uv0akkwx7vwm5tk","previousEventId":"rw6mkk608p431bx","previousOperationId":"2msxbkmnlyjse2p"}
{"type":"operationEnd","doDiffs":false,"previousEventId":"8xlvmgd88nnkb2s","previousOperationId":"w6tqg2efi44nvjt","operationId":"w6tqg2efi44nvjt","timestamp":1766847287852,"id":"t89owk1uyd5ys2z"}
