{"type":"operationStart","subtype":"profile","data":{"_id":"YceQsutBEqqiwNi6","timestamp":"2025-12-30T20:15:25.457Z","state":"running","mode":"standard","creationDate":"2025-12-30T20:15:25.460Z","modificationDate":"2025-12-30T20:15:25.460Z","shortid":"bnwi1WE","$entitySet":"profiles","timeout":60000},"doDiffs":false,"timestamp":1767125725459,"id":"qpx6vwlbrltac80","previousOperationId":null,"operationId":"lgzzr3kxy0wxhdz"}
{"type":"log","level":"info","message":"Render request 3 queued for execution and waiting for available worker","previousOperationId":"lgzzr3kxy0wxhdz","timestamp":1767125725459,"id":"el77z1os84wd8w5"}
{"type":"operationStart","subtype":"render","name":"anonymous","previousOperationId":"lgzzr3kxy0wxhdz","timestamp":1767125725517,"id":"fd5j4aabd4bzozp","previousEventId":"qpx6vwlbrltac80","operationId":"4eyzk2tzz8qkt4w"}
{"type":"log","timestamp":1767125725517,"level":"info","message":"Starting rendering request 3","meta":{"rootId":"vr4m0our3ryzkw9","id":"vr4m0our3ryzkw9"},"id":"i4uxuxiso20kmm6","previousOperationId":"4eyzk2tzz8qkt4w"}
{"type":"log","timestamp":1767125725518,"level":"info","message":"Rendering anonymous template { recipe: pptx, engine: handlebars }","meta":{"rootId":"vr4m0our3ryzkw9","id":"vr4m0our3ryzkw9"},"id":"afnc2c4r8s30i3u","previousOperationId":"4eyzk2tzz8qkt4w"}
{"type":"log","timestamp":1767125725518,"level":"debug","message":"Inline data specified.","meta":{"rootId":"vr4m0our3ryzkw9","id":"vr4m0our3ryzkw9"},"id":"4pbup3cvul747gn","previousOperationId":"4eyzk2tzz8qkt4w"}
{"type":"log","timestamp":1767125725521,"level":"debug","message":"Base url not specified, skipping its injection.","meta":{"rootId":"vr4m0our3ryzkw9","id":"vr4m0our3ryzkw9"},"id":"j7w7adlst19s5tf","previousOperationId":"4eyzk2tzz8qkt4w"}
{"type":"operationStart","subtype":"engine","name":"handlebars","timestamp":1767125725521,"id":"4z13atztoljc62y","previousEventId":"fd5j4aabd4bzozp","operationId":"zinriozga6xfjh7","previousOperationId":"4eyzk2tzz8qkt4w"}
{"type":"log","timestamp":1767125725521,"level":"debug","message":"Rendering engine handlebars","meta":{"rootId":"vr4m0our3ryzkw9","id":"vr4m0our3ryzkw9"},"id":"btpg65a217teiu8","previousOperationId":"zinriozga6xfjh7"}
{"type":"operationEnd","operationId":"zinriozga6xfjh7","timestamp":1767125725537,"id":"pssjo9n8h1me7ha","previousEventId":"4z13atztoljc62y","previousOperationId":"zinriozga6xfjh7"}
{"type":"operationStart","subtype":"recipe","name":"pptx","timestamp":1767125725537,"id":"8k76k3zaw75yv96","previousEventId":"pssjo9n8h1me7ha","operationId":"ax9cxmkze7eff7n","previousOperationId":"zinriozga6xfjh7"}
{"type":"log","timestamp":1767125725537,"level":"debug","message":"Executing recipe pptx","meta":{"rootId":"vr4m0our3ryzkw9","id":"vr4m0our3ryzkw9"},"id":"uelfcl21e2bepqs","previousOperationId":"ax9cxmkze7eff7n"}
{"type":"log","timestamp":1767125725556,"level":"info","message":"pptx generation is starting","meta":{"rootId":"vr4m0our3ryzkw9","id":"vr4m0our3ryzkw9"},"id":"e39bikssivnbm7o","previousOperationId":"ax9cxmkze7eff7n"}
{"type":"log","timestamp":1767125726728,"level":"debug","message":"Starting child request to render pptx dynamic parts","meta":{"rootId":"vr4m0our3ryzkw9","id":"vr4m0our3ryzkw9"},"id":"u57lkrqvn41vwlv","previousOperationId":"ax9cxmkze7eff7n"}
{"type":"operationStart","subtype":"render","name":"anonymous","previousOperationId":"ax9cxmkze7eff7n","timestamp":1767125726729,"id":"9k139azkv4y0774","previousEventId":"8k76k3zaw75yv96","operationId":"3kivpqpvmobawfx"}
{"type":"log","timestamp":1767125726729,"level":"info","message":"Starting rendering (child) request","meta":{"rootId":"vr4m0our3ryzkw9","id":"lcgxke493ufl9nj"},"id":"tup5m8dsjlkvw9b","previousOperationId":"3kivpqpvmobawfx"}
{"type":"log","timestamp":1767125726729,"level":"info","message":"Rendering anonymous template { recipe: html, engine: handlebars }","meta":{"rootId":"vr4m0our3ryzkw9","id":"lcgxke493ufl9nj"},"id":"61fywxzdy6ydbui","previousOperationId":"3kivpqpvmobawfx"}
{"type":"log","timestamp":1767125726729,"level":"debug","message":"Inline data specified.","meta":{"rootId":"vr4m0our3ryzkw9","id":"lcgxke493ufl9nj"},"id":"u1ig83m7tdg96kg","previousOperationId":"3kivpqpvmobawfx"}
{"type":"log","timestamp":1767125726732,"level":"debug","message":"Base url not specified, skipping its injection.","meta":{"rootId":"vr4m0our3ryzkw9","id":"lcgxke493ufl9nj"},"id":"69ncphzhrcbzmsz","previousOperationId":"3kivpqpvmobawfx"}
{"type":"operationStart","subtype":"engine","name":"handlebars","timestamp":1767125726736,"id":"xuaru5wazcrvhu5","previousEventId":"9k139azkv4y0774","operationId":"tzoi14h6svgxtbl","previousOperationId":"3kivpqpvmobawfx"}
{"type":"log","timestamp":1767125726736,"level":"debug","message":"Rendering engine handlebars","meta":{"rootId":"vr4m0our3ryzkw9","id":"lcgxke493ufl9nj"},"id":"6iv3n6cd1boc4oq","previousOperationId":"tzoi14h6svgxtbl"}
{"type":"log","timestamp":1767125726854,"level":"debug","message":"(console:log) {\n  type: 'echarts@v5a',\n  width: 848,\n  height: 409,\n  option: { radar: [ [Object] ], series: [ [Object] ] }\n}","meta":{"userLevel":true,"rootId":"vr4m0our3ryzkw9","id":"lcgxke493ufl9nj"},"id":"pqzwndcpmhuyysl","previousOperationId":"tzoi14h6svgxtbl"}
{"type":"operationEnd","operationId":"tzoi14h6svgxtbl","timestamp":1767125726865,"id":"lietwyza4164m0k","previousEventId":"xuaru5wazcrvhu5","previousOperationId":"tzoi14h6svgxtbl"}
{"type":"operationStart","subtype":"recipe","name":"html","timestamp":1767125726877,"id":"1kp9jrv40f1qj48","previousEventId":"lietwyza4164m0k","operationId":"qsj2pfsi21azy51","previousOperationId":"tzoi14h6svgxtbl"}
{"type":"log","timestamp":1767125726877,"level":"debug","message":"Executing recipe html","meta":{"rootId":"vr4m0our3ryzkw9","id":"lcgxke493ufl9nj"},"id":"a7fxla6xxvrmznr","previousOperationId":"qsj2pfsi21azy51"}
{"type":"operationEnd","operationId":"qsj2pfsi21azy51","timestamp":1767125726877,"id":"3nj3x319e6a8i5t","previousEventId":"1kp9jrv40f1qj48","previousOperationId":"qsj2pfsi21azy51"}
{"type":"log","timestamp":1767125726877,"level":"debug","message":"Skipping storing report.","meta":{"rootId":"vr4m0our3ryzkw9","id":"lcgxke493ufl9nj"},"id":"b8hm36ujwg927l8","previousOperationId":"qsj2pfsi21azy51"}
{"type":"log","timestamp":1767125726877,"level":"info","message":"Rendering (child) request finished in 1422 ms","meta":{"rootId":"vr4m0our3ryzkw9","id":"lcgxke493ufl9nj"},"id":"y71rc0tutopj31n","previousOperationId":"qsj2pfsi21azy51"}
{"type":"operationEnd","subtype":"render","operationId":"3kivpqpvmobawfx","timestamp":1767125726878,"id":"euit6j5r7pe1x1s","previousEventId":"3nj3x319e6a8i5t","previousOperationId":"qsj2pfsi21azy51"}
{"type":"log","timestamp":1767125730300,"level":"debug","message":"pptx successfully zipped","meta":{"rootId":"vr4m0our3ryzkw9","id":"vr4m0our3ryzkw9"},"id":"1hsgj6il21iypcg","previousOperationId":"ax9cxmkze7eff7n"}
{"type":"log","timestamp":1767125730300,"level":"info","message":"pptx generation was finished","meta":{"rootId":"vr4m0our3ryzkw9","id":"vr4m0our3ryzkw9"},"id":"f1qvu56rq5njyc2","previousOperationId":"ax9cxmkze7eff7n"}
{"type":"operationEnd","operationId":"ax9cxmkze7eff7n","timestamp":1767125730308,"id":"hz1k5cn0v0xwt5q","previousEventId":"8k76k3zaw75yv96","previousOperationId":"ax9cxmkze7eff7n"}
{"type":"log","timestamp":1767125730309,"level":"debug","message":"Skipping storing report.","meta":{"rootId":"vr4m0our3ryzkw9","id":"vr4m0our3ryzkw9"},"id":"ply49zy7yclrs8n","previousOperationId":"ax9cxmkze7eff7n"}
{"type":"log","timestamp":1767125730309,"level":"info","message":"Rendering request 3 finished in 4854 ms","meta":{"rootId":"vr4m0our3ryzkw9","id":"vr4m0our3ryzkw9"},"id":"9hb5dggrw9dg992","previousOperationId":"ax9cxmkze7eff7n"}
{"type":"operationEnd","subtype":"render","operationId":"4eyzk2tzz8qkt4w","timestamp":1767125730309,"id":"351n4bmibund362","previousEventId":"hz1k5cn0v0xwt5q","previousOperationId":"ax9cxmkze7eff7n"}
{"type":"operationEnd","doDiffs":false,"previousEventId":"qpx6vwlbrltac80","previousOperationId":"lgzzr3kxy0wxhdz","operationId":"lgzzr3kxy0wxhdz","timestamp":1767125730313,"id":"jo59so2yzo14c0n"}
