{"type":"operationStart","subtype":"profile","data":{"_id":"EUeAOiiP7myIYifc","timestamp":"2025-12-31T11:34:09.655Z","state":"running","mode":"standard","creationDate":"2025-12-31T11:34:09.661Z","modificationDate":"2025-12-31T11:34:09.661Z","shortid":"Sp1-eZ6","$entitySet":"profiles","timeout":60000},"doDiffs":false,"timestamp":1767180849660,"id":"ngp8lq252tdn46m","previousOperationId":null,"operationId":"pyxod9b73znszy7"}
{"type":"log","level":"info","message":"Render request 39 queued for execution and waiting for available worker","previousOperationId":"pyxod9b73znszy7","timestamp":1767180849660,"id":"dr0tsganisrhe8s"}
{"type":"operationStart","subtype":"render","name":"anonymous","previousOperationId":"pyxod9b73znszy7","timestamp":1767180849715,"id":"mklnch6494tddqe","previousEventId":"ngp8lq252tdn46m","operationId":"q2ufx8wz5we7yna"}
{"type":"log","timestamp":1767180849716,"level":"info","message":"Starting rendering request 39","meta":{"rootId":"vs7nh19an4l2jc2","id":"vs7nh19an4l2jc2"},"id":"fpgesr5xx0p8l6q","previousOperationId":"q2ufx8wz5we7yna"}
{"type":"log","timestamp":1767180849716,"level":"info","message":"Rendering anonymous template { recipe: pptx, engine: handlebars }","meta":{"rootId":"vs7nh19an4l2jc2","id":"vs7nh19an4l2jc2"},"id":"wt8v98l7k5friwl","previousOperationId":"q2ufx8wz5we7yna"}
{"type":"log","timestamp":1767180849716,"level":"debug","message":"Inline data specified.","meta":{"rootId":"vs7nh19an4l2jc2","id":"vs7nh19an4l2jc2"},"id":"2d13yttlvar9wc9","previousOperationId":"q2ufx8wz5we7yna"}
{"type":"log","timestamp":1767180849719,"level":"debug","message":"Base url not specified, skipping its injection.","meta":{"rootId":"vs7nh19an4l2jc2","id":"vs7nh19an4l2jc2"},"id":"jib5omx8tuso3wl","previousOperationId":"q2ufx8wz5we7yna"}
{"type":"operationStart","subtype":"engine","name":"handlebars","timestamp":1767180849720,"id":"8ai9pzmwk7xekp5","previousEventId":"mklnch6494tddqe","operationId":"42w7t323rt387be","previousOperationId":"q2ufx8wz5we7yna"}
{"type":"log","timestamp":1767180849720,"level":"debug","message":"Rendering engine handlebars","meta":{"rootId":"vs7nh19an4l2jc2","id":"vs7nh19an4l2jc2"},"id":"uv0bjomk8zhentb","previousOperationId":"42w7t323rt387be"}
{"type":"operationEnd","operationId":"42w7t323rt387be","timestamp":1767180849735,"id":"bap40tqcwco8a9e","previousEventId":"8ai9pzmwk7xekp5","previousOperationId":"42w7t323rt387be"}
{"type":"operationStart","subtype":"recipe","name":"pptx","timestamp":1767180849735,"id":"dw70jl7wuy9ml95","previousEventId":"bap40tqcwco8a9e","operationId":"7nhrez84e20b82j","previousOperationId":"42w7t323rt387be"}
{"type":"log","timestamp":1767180849735,"level":"debug","message":"Executing recipe pptx","meta":{"rootId":"vs7nh19an4l2jc2","id":"vs7nh19an4l2jc2"},"id":"y0im40c9hprml4d","previousOperationId":"7nhrez84e20b82j"}
{"type":"log","timestamp":1767180849761,"level":"info","message":"pptx generation is starting","meta":{"rootId":"vs7nh19an4l2jc2","id":"vs7nh19an4l2jc2"},"id":"a86c1tqd9k7tqop","previousOperationId":"7nhrez84e20b82j"}
{"type":"log","timestamp":1767180851625,"level":"debug","message":"Starting child request to render pptx dynamic parts","meta":{"rootId":"vs7nh19an4l2jc2","id":"vs7nh19an4l2jc2"},"id":"f5l2fey6tm6gbey","previousOperationId":"7nhrez84e20b82j"}
{"type":"operationStart","subtype":"render","name":"anonymous","previousOperationId":"7nhrez84e20b82j","timestamp":1767180851625,"id":"2dqrb0k5xv3smfk","previousEventId":"dw70jl7wuy9ml95","operationId":"mmq2ratqws1g79w"}
{"type":"log","timestamp":1767180851625,"level":"info","message":"Starting rendering (child) request","meta":{"rootId":"vs7nh19an4l2jc2","id":"mbzf5qistf5y8p6"},"id":"fmb95qby0191eop","previousOperationId":"mmq2ratqws1g79w"}
{"type":"log","timestamp":1767180851626,"level":"info","message":"Rendering anonymous template { recipe: html, engine: handlebars }","meta":{"rootId":"vs7nh19an4l2jc2","id":"mbzf5qistf5y8p6"},"id":"zaat2t8394vdj4o","previousOperationId":"mmq2ratqws1g79w"}
{"type":"log","timestamp":1767180851626,"level":"debug","message":"Inline data specified.","meta":{"rootId":"vs7nh19an4l2jc2","id":"mbzf5qistf5y8p6"},"id":"xrp1cw7en672bqg","previousOperationId":"mmq2ratqws1g79w"}
{"type":"log","timestamp":1767180851631,"level":"debug","message":"Base url not specified, skipping its injection.","meta":{"rootId":"vs7nh19an4l2jc2","id":"mbzf5qistf5y8p6"},"id":"91v3naatk4ju1fi","previousOperationId":"mmq2ratqws1g79w"}
{"type":"operationStart","subtype":"engine","name":"handlebars","timestamp":1767180851635,"id":"851e25owwkj5pej","previousEventId":"2dqrb0k5xv3smfk","operationId":"tvhnw6cvfppsuyp","previousOperationId":"mmq2ratqws1g79w"}
{"type":"log","timestamp":1767180851635,"level":"debug","message":"Rendering engine handlebars","meta":{"rootId":"vs7nh19an4l2jc2","id":"mbzf5qistf5y8p6"},"id":"oev0ldzxu7m8n2q","previousOperationId":"tvhnw6cvfppsuyp"}
{"type":"log","timestamp":1767180851854,"level":"debug","message":"(console:log) {\n  type: 'echarts@v5a',\n  width: 848,\n  height: 409,\n  option: { radar: [ [Object] ], series: [ [Object] ] }\n}","meta":{"userLevel":true,"rootId":"vs7nh19an4l2jc2","id":"mbzf5qistf5y8p6"},"id":"x479hy1awfkbge8","previousOperationId":"tvhnw6cvfppsuyp"}
{"type":"operationEnd","operationId":"tvhnw6cvfppsuyp","timestamp":1767180851869,"id":"delwcx246hyp2x5","previousEventId":"851e25owwkj5pej","previousOperationId":"tvhnw6cvfppsuyp"}
{"type":"operationStart","subtype":"recipe","name":"html","timestamp":1767180851891,"id":"dgzas5rrwf3zz5j","previousEventId":"delwcx246hyp2x5","operationId":"r3dmvokt1s3nv0n","previousOperationId":"tvhnw6cvfppsuyp"}
{"type":"log","timestamp":1767180851891,"level":"debug","message":"Executing recipe html","meta":{"rootId":"vs7nh19an4l2jc2","id":"mbzf5qistf5y8p6"},"id":"7mscnzg1qhi06nf","previousOperationId":"r3dmvokt1s3nv0n"}
{"type":"operationEnd","operationId":"r3dmvokt1s3nv0n","timestamp":1767180851891,"id":"mxrx8k4ysmk9o4a","previousEventId":"dgzas5rrwf3zz5j","previousOperationId":"r3dmvokt1s3nv0n"}
{"type":"log","timestamp":1767180851891,"level":"debug","message":"Skipping storing report.","meta":{"rootId":"vs7nh19an4l2jc2","id":"mbzf5qistf5y8p6"},"id":"38zgimcwm1rxd9z","previousOperationId":"r3dmvokt1s3nv0n"}
{"type":"log","timestamp":1767180851891,"level":"info","message":"Rendering (child) request finished in 2239 ms","meta":{"rootId":"vs7nh19an4l2jc2","id":"mbzf5qistf5y8p6"},"id":"n4ju3yuykfz57ee","previousOperationId":"r3dmvokt1s3nv0n"}
{"type":"operationEnd","subtype":"render","operationId":"mmq2ratqws1g79w","timestamp":1767180851891,"id":"7jtsd9cfl5rs6jl","previousEventId":"mxrx8k4ysmk9o4a","previousOperationId":"r3dmvokt1s3nv0n"}
{"type":"log","timestamp":1767180858062,"level":"debug","message":"pptx successfully zipped","meta":{"rootId":"vs7nh19an4l2jc2","id":"vs7nh19an4l2jc2"},"id":"hc92ludwur5kvlp","previousOperationId":"7nhrez84e20b82j"}
{"type":"log","timestamp":1767180858062,"level":"info","message":"pptx generation was finished","meta":{"rootId":"vs7nh19an4l2jc2","id":"vs7nh19an4l2jc2"},"id":"vpyzkzvrewjyc21","previousOperationId":"7nhrez84e20b82j"}
{"type":"operationEnd","operationId":"7nhrez84e20b82j","timestamp":1767180858080,"id":"nygvjybkr8kez98","previousEventId":"dw70jl7wuy9ml95","previousOperationId":"7nhrez84e20b82j"}
{"type":"log","timestamp":1767180858080,"level":"debug","message":"Skipping storing report.","meta":{"rootId":"vs7nh19an4l2jc2","id":"vs7nh19an4l2jc2"},"id":"9kddcycum6m5khz","previousOperationId":"7nhrez84e20b82j"}
{"type":"log","timestamp":1767180858080,"level":"info","message":"Rendering request 39 finished in 8428 ms","meta":{"rootId":"vs7nh19an4l2jc2","id":"vs7nh19an4l2jc2"},"id":"qd0duoqm45p1dva","previousOperationId":"7nhrez84e20b82j"}
{"type":"operationEnd","subtype":"render","operationId":"q2ufx8wz5we7yna","timestamp":1767180858080,"id":"mwr2n0lbbqxk3bf","previousEventId":"nygvjybkr8kez98","previousOperationId":"7nhrez84e20b82j"}
{"type":"operationEnd","doDiffs":false,"previousEventId":"ngp8lq252tdn46m","previousOperationId":"pyxod9b73znszy7","operationId":"pyxod9b73znszy7","timestamp":1767180858085,"id":"4t3vs4hzjf3bmd2"}
