{"type":"operationStart","subtype":"profile","data":{"_id":"tf4kzW4cTYR7y8Xo","timestamp":"2025-12-07T15:37:10.983Z","state":"running","mode":"standard","creationDate":"2025-12-07T15:37:10.990Z","modificationDate":"2025-12-07T15:37:10.990Z","shortid":"usZKdfX","$entitySet":"profiles","timeout":60000},"doDiffs":false,"timestamp":1765121830988,"id":"wjr7cpk0ns0pd9i","previousOperationId":null,"operationId":"ey37n25lwxx2rc4"}
{"type":"log","level":"info","message":"Render request 6 queued for execution and waiting for available worker","previousOperationId":"ey37n25lwxx2rc4","timestamp":1765121830988,"id":"3uk7v7wkuz3vxsj"}
{"type":"operationStart","subtype":"render","name":"anonymous","previousOperationId":"ey37n25lwxx2rc4","timestamp":1765121831026,"id":"8lbd8f6lkl7e4zj","previousEventId":"wjr7cpk0ns0pd9i","operationId":"nrioh09e9qs3k2h"}
{"type":"log","timestamp":1765121831026,"level":"info","message":"Starting rendering request 6","meta":{"rootId":"vsozc5u5tv0ry27","id":"vsozc5u5tv0ry27"},"id":"uipeo3l5snarnep","previousOperationId":"nrioh09e9qs3k2h"}
{"type":"log","timestamp":1765121831026,"level":"info","message":"Rendering anonymous template { recipe: pptx, engine: handlebars }","meta":{"rootId":"vsozc5u5tv0ry27","id":"vsozc5u5tv0ry27"},"id":"fze06v735kcvzmb","previousOperationId":"nrioh09e9qs3k2h"}
{"type":"log","timestamp":1765121831026,"level":"debug","message":"Inline data specified.","meta":{"rootId":"vsozc5u5tv0ry27","id":"vsozc5u5tv0ry27"},"id":"z3l59fwyszpr1gm","previousOperationId":"nrioh09e9qs3k2h"}
{"type":"log","timestamp":1765121831028,"level":"debug","message":"Base url not specified, skipping its injection.","meta":{"rootId":"vsozc5u5tv0ry27","id":"vsozc5u5tv0ry27"},"id":"zitucl7l2z8u4md","previousOperationId":"nrioh09e9qs3k2h"}
{"type":"operationStart","subtype":"engine","name":"handlebars","timestamp":1765121831028,"id":"z6xhxb31vy1o72f","previousEventId":"8lbd8f6lkl7e4zj","operationId":"n9wigdvsy9sbw9o","previousOperationId":"nrioh09e9qs3k2h"}
{"type":"log","timestamp":1765121831028,"level":"debug","message":"Rendering engine handlebars","meta":{"rootId":"vsozc5u5tv0ry27","id":"vsozc5u5tv0ry27"},"id":"ohkv21hh224pz8m","previousOperationId":"n9wigdvsy9sbw9o"}
{"type":"operationEnd","operationId":"n9wigdvsy9sbw9o","timestamp":1765121831046,"id":"19qiq7pbne655c0","previousEventId":"z6xhxb31vy1o72f","previousOperationId":"n9wigdvsy9sbw9o"}
{"type":"operationStart","subtype":"recipe","name":"pptx","timestamp":1765121831046,"id":"9mlc5bnxb28vlh8","previousEventId":"19qiq7pbne655c0","operationId":"0b6xwhy76joe72s","previousOperationId":"n9wigdvsy9sbw9o"}
{"type":"log","timestamp":1765121831046,"level":"debug","message":"Executing recipe pptx","meta":{"rootId":"vsozc5u5tv0ry27","id":"vsozc5u5tv0ry27"},"id":"cdnicithxl1xvp0","previousOperationId":"0b6xwhy76joe72s"}
{"type":"log","timestamp":1765121831063,"level":"info","message":"pptx generation is starting","meta":{"rootId":"vsozc5u5tv0ry27","id":"vsozc5u5tv0ry27"},"id":"uzm3cjbvdrn1e2j","previousOperationId":"0b6xwhy76joe72s"}
{"type":"log","timestamp":1765121832172,"level":"debug","message":"Starting child request to render pptx dynamic parts","meta":{"rootId":"vsozc5u5tv0ry27","id":"vsozc5u5tv0ry27"},"id":"qufayxttmwegyka","previousOperationId":"0b6xwhy76joe72s"}
{"type":"operationStart","subtype":"render","name":"anonymous","previousOperationId":"0b6xwhy76joe72s","timestamp":1765121832173,"id":"rzfjrv3kfhpupaj","previousEventId":"9mlc5bnxb28vlh8","operationId":"awj6zexl0n21n9y"}
{"type":"log","timestamp":1765121832173,"level":"info","message":"Starting rendering (child) request","meta":{"rootId":"vsozc5u5tv0ry27","id":"oh96zkm2ql2l24m"},"id":"v9cs6fzcceoo8ux","previousOperationId":"awj6zexl0n21n9y"}
{"type":"log","timestamp":1765121832173,"level":"info","message":"Rendering anonymous template { recipe: html, engine: handlebars }","meta":{"rootId":"vsozc5u5tv0ry27","id":"oh96zkm2ql2l24m"},"id":"zvud0maaro7i5kp","previousOperationId":"awj6zexl0n21n9y"}
{"type":"log","timestamp":1765121832173,"level":"debug","message":"Inline data specified.","meta":{"rootId":"vsozc5u5tv0ry27","id":"oh96zkm2ql2l24m"},"id":"e6hu5soesuhcxak","previousOperationId":"awj6zexl0n21n9y"}
{"type":"log","timestamp":1765121832178,"level":"debug","message":"Base url not specified, skipping its injection.","meta":{"rootId":"vsozc5u5tv0ry27","id":"oh96zkm2ql2l24m"},"id":"lruil1q5vxznbq4","previousOperationId":"awj6zexl0n21n9y"}
{"type":"operationStart","subtype":"engine","name":"handlebars","timestamp":1765121832181,"id":"jodrjkcrp8piisy","previousEventId":"rzfjrv3kfhpupaj","operationId":"akpvhza9h0a0b7w","previousOperationId":"awj6zexl0n21n9y"}
{"type":"log","timestamp":1765121832181,"level":"debug","message":"Rendering engine handlebars","meta":{"rootId":"vsozc5u5tv0ry27","id":"oh96zkm2ql2l24m"},"id":"x7bkm9vwu08u9a1","previousOperationId":"akpvhza9h0a0b7w"}
{"type":"operationEnd","operationId":"akpvhza9h0a0b7w","timestamp":1765121832309,"id":"j88fonqzxohjwug","previousEventId":"jodrjkcrp8piisy","previousOperationId":"akpvhza9h0a0b7w"}
{"type":"operationStart","subtype":"recipe","name":"html","timestamp":1765121832319,"id":"izwu9hx7sfjvna9","previousEventId":"j88fonqzxohjwug","operationId":"9jhic9r3iejiv8i","previousOperationId":"akpvhza9h0a0b7w"}
{"type":"log","timestamp":1765121832319,"level":"debug","message":"Executing recipe html","meta":{"rootId":"vsozc5u5tv0ry27","id":"oh96zkm2ql2l24m"},"id":"3t582fyh3mwpwlw","previousOperationId":"9jhic9r3iejiv8i"}
{"type":"operationEnd","operationId":"9jhic9r3iejiv8i","timestamp":1765121832319,"id":"h2yawrw6p0tio8n","previousEventId":"izwu9hx7sfjvna9","previousOperationId":"9jhic9r3iejiv8i"}
{"type":"log","timestamp":1765121832319,"level":"debug","message":"Skipping storing report.","meta":{"rootId":"vsozc5u5tv0ry27","id":"oh96zkm2ql2l24m"},"id":"ggt40k2nm88yj5a","previousOperationId":"9jhic9r3iejiv8i"}
{"type":"log","timestamp":1765121832319,"level":"info","message":"Rendering (child) request finished in 1338 ms","meta":{"rootId":"vsozc5u5tv0ry27","id":"oh96zkm2ql2l24m"},"id":"bcu6vbwukn4zjyx","previousOperationId":"9jhic9r3iejiv8i"}
{"type":"operationEnd","subtype":"render","operationId":"awj6zexl0n21n9y","timestamp":1765121832319,"id":"8v74kwgtw2x6wl4","previousEventId":"h2yawrw6p0tio8n","previousOperationId":"9jhic9r3iejiv8i"}
{"type":"log","timestamp":1765121837863,"level":"debug","message":"pptx successfully zipped","meta":{"rootId":"vsozc5u5tv0ry27","id":"vsozc5u5tv0ry27"},"id":"gutiw5w6bvvhadb","previousOperationId":"0b6xwhy76joe72s"}
{"type":"log","timestamp":1765121837863,"level":"info","message":"pptx generation was finished","meta":{"rootId":"vsozc5u5tv0ry27","id":"vsozc5u5tv0ry27"},"id":"vl2lhvko4yzvjs8","previousOperationId":"0b6xwhy76joe72s"}
{"type":"operationEnd","operationId":"0b6xwhy76joe72s","timestamp":1765121837870,"id":"8j0e9cn2tdnfiw7","previousEventId":"9mlc5bnxb28vlh8","previousOperationId":"0b6xwhy76joe72s"}
{"type":"log","timestamp":1765121837870,"level":"debug","message":"Skipping storing report.","meta":{"rootId":"vsozc5u5tv0ry27","id":"vsozc5u5tv0ry27"},"id":"6016ulivjd7hpe5","previousOperationId":"0b6xwhy76joe72s"}
{"type":"log","timestamp":1765121837870,"level":"info","message":"Rendering request 6 finished in 6889 ms","meta":{"rootId":"vsozc5u5tv0ry27","id":"vsozc5u5tv0ry27"},"id":"suso5k668af0jgr","previousOperationId":"0b6xwhy76joe72s"}
{"type":"operationEnd","subtype":"render","operationId":"nrioh09e9qs3k2h","timestamp":1765121837870,"id":"ig2rhexnbsm3a4r","previousEventId":"8j0e9cn2tdnfiw7","previousOperationId":"0b6xwhy76joe72s"}
{"type":"operationEnd","doDiffs":false,"previousEventId":"wjr7cpk0ns0pd9i","previousOperationId":"ey37n25lwxx2rc4","operationId":"ey37n25lwxx2rc4","timestamp":1765121837874,"id":"k83quaqv5vqmzq0"}
