{"type":"operationStart","subtype":"profile","data":{"_id":"BMLG1IkCLV2PWLa2","timestamp":"2025-12-26T20:02:33.967Z","state":"running","mode":"standard","creationDate":"2025-12-26T20:02:33.974Z","modificationDate":"2025-12-26T20:02:33.974Z","shortid":"5vxvORV","$entitySet":"profiles","timeout":60000},"doDiffs":false,"timestamp":1766779353971,"id":"og7c4djcle28pc2","previousOperationId":null,"operationId":"8x3qnzsjj1e81kv"}
{"type":"log","level":"info","message":"Render request 7 queued for execution and waiting for available worker","previousOperationId":"8x3qnzsjj1e81kv","timestamp":1766779353971,"id":"kiy9ud76prcoggq"}
{"type":"operationStart","subtype":"render","name":"anonymous","previousOperationId":"8x3qnzsjj1e81kv","timestamp":1766779354031,"id":"veduhtxflg0b0in","previousEventId":"og7c4djcle28pc2","operationId":"hyl92xhdip6svm5"}
{"type":"log","timestamp":1766779354032,"level":"info","message":"Starting rendering request 7","meta":{"rootId":"vvk4medki24xqhy","id":"vvk4medki24xqhy"},"id":"hmqt5r9xierwp1q","previousOperationId":"hyl92xhdip6svm5"}
{"type":"log","timestamp":1766779354032,"level":"info","message":"Rendering anonymous template { recipe: pptx, engine: handlebars }","meta":{"rootId":"vvk4medki24xqhy","id":"vvk4medki24xqhy"},"id":"e9xcf4s7wa5lxzt","previousOperationId":"hyl92xhdip6svm5"}
{"type":"log","timestamp":1766779354033,"level":"debug","message":"Inline data specified.","meta":{"rootId":"vvk4medki24xqhy","id":"vvk4medki24xqhy"},"id":"23vs5ywo2d5yo94","previousOperationId":"hyl92xhdip6svm5"}
{"type":"log","timestamp":1766779354036,"level":"debug","message":"Base url not specified, skipping its injection.","meta":{"rootId":"vvk4medki24xqhy","id":"vvk4medki24xqhy"},"id":"3i3t534mn35tjzm","previousOperationId":"hyl92xhdip6svm5"}
{"type":"operationStart","subtype":"engine","name":"handlebars","timestamp":1766779354036,"id":"0yzq18acssnkld4","previousEventId":"veduhtxflg0b0in","operationId":"abqpr6h8obm93i3","previousOperationId":"hyl92xhdip6svm5"}
{"type":"log","timestamp":1766779354036,"level":"debug","message":"Rendering engine handlebars","meta":{"rootId":"vvk4medki24xqhy","id":"vvk4medki24xqhy"},"id":"6n5cptgbhqwpnfz","previousOperationId":"abqpr6h8obm93i3"}
{"type":"operationEnd","operationId":"abqpr6h8obm93i3","timestamp":1766779354057,"id":"qwi1j87j60klhql","previousEventId":"0yzq18acssnkld4","previousOperationId":"abqpr6h8obm93i3"}
{"type":"operationStart","subtype":"recipe","name":"pptx","timestamp":1766779354057,"id":"xmrgs4h5uqwm878","previousEventId":"qwi1j87j60klhql","operationId":"frj1cxo3dprabxi","previousOperationId":"abqpr6h8obm93i3"}
{"type":"log","timestamp":1766779354057,"level":"debug","message":"Executing recipe pptx","meta":{"rootId":"vvk4medki24xqhy","id":"vvk4medki24xqhy"},"id":"vpc7ioz8dccvnix","previousOperationId":"frj1cxo3dprabxi"}
{"type":"log","timestamp":1766779354080,"level":"info","message":"pptx generation is starting","meta":{"rootId":"vvk4medki24xqhy","id":"vvk4medki24xqhy"},"id":"gbep4xja3cmpuqt","previousOperationId":"frj1cxo3dprabxi"}
{"type":"log","timestamp":1766779355716,"level":"debug","message":"Starting child request to render pptx dynamic parts","meta":{"rootId":"vvk4medki24xqhy","id":"vvk4medki24xqhy"},"id":"guolhfav078rkp4","previousOperationId":"frj1cxo3dprabxi"}
{"type":"operationStart","subtype":"render","name":"anonymous","previousOperationId":"frj1cxo3dprabxi","timestamp":1766779355717,"id":"7le8pba2eflp7we","previousEventId":"xmrgs4h5uqwm878","operationId":"66dtymh1gunxy0x"}
{"type":"log","timestamp":1766779355717,"level":"info","message":"Starting rendering (child) request","meta":{"rootId":"vvk4medki24xqhy","id":"dc4v1bglbhk1x71"},"id":"b4nv3xon68poul1","previousOperationId":"66dtymh1gunxy0x"}
{"type":"log","timestamp":1766779355717,"level":"info","message":"Rendering anonymous template { recipe: html, engine: handlebars }","meta":{"rootId":"vvk4medki24xqhy","id":"dc4v1bglbhk1x71"},"id":"7b750ufightbxhn","previousOperationId":"66dtymh1gunxy0x"}
{"type":"log","timestamp":1766779355717,"level":"debug","message":"Inline data specified.","meta":{"rootId":"vvk4medki24xqhy","id":"dc4v1bglbhk1x71"},"id":"hemxn93j47sdwff","previousOperationId":"66dtymh1gunxy0x"}
{"type":"log","timestamp":1766779355723,"level":"debug","message":"Base url not specified, skipping its injection.","meta":{"rootId":"vvk4medki24xqhy","id":"dc4v1bglbhk1x71"},"id":"jdxijppaive4vyy","previousOperationId":"66dtymh1gunxy0x"}
{"type":"operationStart","subtype":"engine","name":"handlebars","timestamp":1766779355725,"id":"jpbe6ovx1qnl1no","previousEventId":"7le8pba2eflp7we","operationId":"kcmk2a5qss0782g","previousOperationId":"66dtymh1gunxy0x"}
{"type":"log","timestamp":1766779355725,"level":"debug","message":"Rendering engine handlebars","meta":{"rootId":"vvk4medki24xqhy","id":"dc4v1bglbhk1x71"},"id":"tn5onh9imw7b9hl","previousOperationId":"kcmk2a5qss0782g"}
{"type":"operationEnd","operationId":"kcmk2a5qss0782g","timestamp":1766779355883,"id":"zzcgldlgy6rmu7u","previousEventId":"jpbe6ovx1qnl1no","previousOperationId":"kcmk2a5qss0782g"}
{"type":"operationStart","subtype":"recipe","name":"html","timestamp":1766779355897,"id":"8a1ri3knyg2sah8","previousEventId":"zzcgldlgy6rmu7u","operationId":"aozthgah8bbekhc","previousOperationId":"kcmk2a5qss0782g"}
{"type":"log","timestamp":1766779355897,"level":"debug","message":"Executing recipe html","meta":{"rootId":"vvk4medki24xqhy","id":"dc4v1bglbhk1x71"},"id":"v8vkjgkhnjoiya0","previousOperationId":"aozthgah8bbekhc"}
{"type":"operationEnd","operationId":"aozthgah8bbekhc","timestamp":1766779355897,"id":"jd6khkonfc3lik4","previousEventId":"8a1ri3knyg2sah8","previousOperationId":"aozthgah8bbekhc"}
{"type":"log","timestamp":1766779355897,"level":"debug","message":"Skipping storing report.","meta":{"rootId":"vvk4medki24xqhy","id":"dc4v1bglbhk1x71"},"id":"838sc0e2mkzqvlh","previousOperationId":"aozthgah8bbekhc"}
{"type":"log","timestamp":1766779355897,"level":"info","message":"Rendering (child) request finished in 1931 ms","meta":{"rootId":"vvk4medki24xqhy","id":"dc4v1bglbhk1x71"},"id":"qnmjfkpkvcqwnjy","previousOperationId":"aozthgah8bbekhc"}
{"type":"operationEnd","subtype":"render","operationId":"66dtymh1gunxy0x","timestamp":1766779355897,"id":"z9dj70vbzz0b33r","previousEventId":"jd6khkonfc3lik4","previousOperationId":"aozthgah8bbekhc"}
{"type":"log","timestamp":1766779364593,"level":"debug","message":"pptx successfully zipped","meta":{"rootId":"vvk4medki24xqhy","id":"vvk4medki24xqhy"},"id":"x876mauyedxagh7","previousOperationId":"frj1cxo3dprabxi"}
{"type":"log","timestamp":1766779364593,"level":"info","message":"pptx generation was finished","meta":{"rootId":"vvk4medki24xqhy","id":"vvk4medki24xqhy"},"id":"xwzomn7rhc45h8p","previousOperationId":"frj1cxo3dprabxi"}
{"type":"operationEnd","operationId":"frj1cxo3dprabxi","timestamp":1766779364606,"id":"ivpiutbo14dc1hu","previousEventId":"xmrgs4h5uqwm878","previousOperationId":"frj1cxo3dprabxi"}
{"type":"log","timestamp":1766779364606,"level":"debug","message":"Skipping storing report.","meta":{"rootId":"vvk4medki24xqhy","id":"vvk4medki24xqhy"},"id":"ll786ty1v4m37ai","previousOperationId":"frj1cxo3dprabxi"}
{"type":"log","timestamp":1766779364606,"level":"info","message":"Rendering request 7 finished in 10640 ms","meta":{"rootId":"vvk4medki24xqhy","id":"vvk4medki24xqhy"},"id":"qv20jo0ns8ujglm","previousOperationId":"frj1cxo3dprabxi"}
{"type":"operationEnd","subtype":"render","operationId":"hyl92xhdip6svm5","timestamp":1766779364606,"id":"xzw66xqbjpgtm2d","previousEventId":"ivpiutbo14dc1hu","previousOperationId":"frj1cxo3dprabxi"}
{"type":"operationEnd","doDiffs":false,"previousEventId":"og7c4djcle28pc2","previousOperationId":"8x3qnzsjj1e81kv","operationId":"8x3qnzsjj1e81kv","timestamp":1766779364611,"id":"o2mygstk7tbohq7"}
