{"type":"operationStart","subtype":"profile","data":{"_id":"PzIMuUwis1hhMm5H","timestamp":"2025-12-31T10:26:11.220Z","state":"running","mode":"standard","creationDate":"2025-12-31T10:26:11.225Z","modificationDate":"2025-12-31T10:26:11.225Z","shortid":"jHvOhh8","$entitySet":"profiles","timeout":60000},"doDiffs":false,"timestamp":1767176771223,"id":"xa3i5gt4omxqkj1","previousOperationId":null,"operationId":"9mtc8cofezfqe09"}
{"type":"log","level":"info","message":"Render request 16 queued for execution and waiting for available worker","previousOperationId":"9mtc8cofezfqe09","timestamp":1767176771223,"id":"gknk51nzegi5fgg"}
{"type":"operationStart","subtype":"render","name":"anonymous","previousOperationId":"9mtc8cofezfqe09","timestamp":1767176771287,"id":"a9b7eu5eqxhwvek","previousEventId":"xa3i5gt4omxqkj1","operationId":"sy1emddzp1tus5d"}
{"type":"log","timestamp":1767176771287,"level":"info","message":"Starting rendering request 16","meta":{"rootId":"w53cw22xn2s1bsy","id":"w53cw22xn2s1bsy"},"id":"3lqo889oifyevk3","previousOperationId":"sy1emddzp1tus5d"}
{"type":"log","timestamp":1767176771289,"level":"info","message":"Rendering anonymous template { recipe: pptx, engine: handlebars }","meta":{"rootId":"w53cw22xn2s1bsy","id":"w53cw22xn2s1bsy"},"id":"kyc5ua93ai1s32j","previousOperationId":"sy1emddzp1tus5d"}
{"type":"log","timestamp":1767176771289,"level":"debug","message":"Inline data specified.","meta":{"rootId":"w53cw22xn2s1bsy","id":"w53cw22xn2s1bsy"},"id":"ztinpo6cg0vkbi8","previousOperationId":"sy1emddzp1tus5d"}
{"type":"log","timestamp":1767176771297,"level":"debug","message":"Base url not specified, skipping its injection.","meta":{"rootId":"w53cw22xn2s1bsy","id":"w53cw22xn2s1bsy"},"id":"xv62z3wmmrv0fl2","previousOperationId":"sy1emddzp1tus5d"}
{"type":"operationStart","subtype":"engine","name":"handlebars","timestamp":1767176771298,"id":"bn5aq0n5lgfkldo","previousEventId":"a9b7eu5eqxhwvek","operationId":"p2wbfctl3w7tjrw","previousOperationId":"sy1emddzp1tus5d"}
{"type":"log","timestamp":1767176771298,"level":"debug","message":"Rendering engine handlebars","meta":{"rootId":"w53cw22xn2s1bsy","id":"w53cw22xn2s1bsy"},"id":"s9eir3f82xnaprn","previousOperationId":"p2wbfctl3w7tjrw"}
{"type":"operationEnd","operationId":"p2wbfctl3w7tjrw","timestamp":1767176771318,"id":"ojwfk8lzsk59rmp","previousEventId":"bn5aq0n5lgfkldo","previousOperationId":"p2wbfctl3w7tjrw"}
{"type":"operationStart","subtype":"recipe","name":"pptx","timestamp":1767176771318,"id":"o2uiv3av0yph2np","previousEventId":"ojwfk8lzsk59rmp","operationId":"ju1sezezogvo6yh","previousOperationId":"p2wbfctl3w7tjrw"}
{"type":"log","timestamp":1767176771318,"level":"debug","message":"Executing recipe pptx","meta":{"rootId":"w53cw22xn2s1bsy","id":"w53cw22xn2s1bsy"},"id":"j3bd9w75xza4w2u","previousOperationId":"ju1sezezogvo6yh"}
{"type":"log","timestamp":1767176771340,"level":"info","message":"pptx generation is starting","meta":{"rootId":"w53cw22xn2s1bsy","id":"w53cw22xn2s1bsy"},"id":"iy5dhqwr1ntty6e","previousOperationId":"ju1sezezogvo6yh"}
{"type":"log","timestamp":1767176773308,"level":"debug","message":"Starting child request to render pptx dynamic parts","meta":{"rootId":"w53cw22xn2s1bsy","id":"w53cw22xn2s1bsy"},"id":"zt2z6ujyrsx06gn","previousOperationId":"ju1sezezogvo6yh"}
{"type":"operationStart","subtype":"render","name":"anonymous","previousOperationId":"ju1sezezogvo6yh","timestamp":1767176773309,"id":"nxume7amg8dj7f9","previousEventId":"o2uiv3av0yph2np","operationId":"yzrociz9kovzjzf"}
{"type":"log","timestamp":1767176773309,"level":"info","message":"Starting rendering (child) request","meta":{"rootId":"w53cw22xn2s1bsy","id":"nwpfbnztzcnfee3"},"id":"3ca8n2o607m1fsp","previousOperationId":"yzrociz9kovzjzf"}
{"type":"log","timestamp":1767176773309,"level":"info","message":"Rendering anonymous template { recipe: html, engine: handlebars }","meta":{"rootId":"w53cw22xn2s1bsy","id":"nwpfbnztzcnfee3"},"id":"ftnyveed308g9d6","previousOperationId":"yzrociz9kovzjzf"}
{"type":"log","timestamp":1767176773309,"level":"debug","message":"Inline data specified.","meta":{"rootId":"w53cw22xn2s1bsy","id":"nwpfbnztzcnfee3"},"id":"afbes4d2xp61wzt","previousOperationId":"yzrociz9kovzjzf"}
{"type":"log","timestamp":1767176773319,"level":"debug","message":"Base url not specified, skipping its injection.","meta":{"rootId":"w53cw22xn2s1bsy","id":"nwpfbnztzcnfee3"},"id":"jm29uzhngdmedwc","previousOperationId":"yzrociz9kovzjzf"}
{"type":"operationStart","subtype":"engine","name":"handlebars","timestamp":1767176773321,"id":"o7f1xs27dslfj92","previousEventId":"nxume7amg8dj7f9","operationId":"pyv80mea11htgbr","previousOperationId":"yzrociz9kovzjzf"}
{"type":"log","timestamp":1767176773321,"level":"debug","message":"Rendering engine handlebars","meta":{"rootId":"w53cw22xn2s1bsy","id":"nwpfbnztzcnfee3"},"id":"tevaab2nx1b4115","previousOperationId":"pyv80mea11htgbr"}
{"type":"log","timestamp":1767176773552,"level":"debug","message":"(console:log) {\n  type: 'echarts@v5a',\n  width: 848,\n  height: 409,\n  option: { radar: [ [Object] ], series: [ [Object] ] }\n}","meta":{"userLevel":true,"rootId":"w53cw22xn2s1bsy","id":"nwpfbnztzcnfee3"},"id":"5lu75pe725qr1rj","previousOperationId":"pyv80mea11htgbr"}
{"type":"operationEnd","operationId":"pyv80mea11htgbr","timestamp":1767176773569,"id":"ay8jmt7faikfcjr","previousEventId":"o7f1xs27dslfj92","previousOperationId":"pyv80mea11htgbr"}
{"type":"operationStart","subtype":"recipe","name":"html","timestamp":1767176773591,"id":"xex6z31lgmg6voi","previousEventId":"ay8jmt7faikfcjr","operationId":"iareswfu3r9i8aq","previousOperationId":"pyv80mea11htgbr"}
{"type":"log","timestamp":1767176773591,"level":"debug","message":"Executing recipe html","meta":{"rootId":"w53cw22xn2s1bsy","id":"nwpfbnztzcnfee3"},"id":"cz0l94hpe53wciy","previousOperationId":"iareswfu3r9i8aq"}
{"type":"operationEnd","operationId":"iareswfu3r9i8aq","timestamp":1767176773592,"id":"kxrgn62ufqp304w","previousEventId":"xex6z31lgmg6voi","previousOperationId":"iareswfu3r9i8aq"}
{"type":"log","timestamp":1767176773592,"level":"debug","message":"Skipping storing report.","meta":{"rootId":"w53cw22xn2s1bsy","id":"nwpfbnztzcnfee3"},"id":"in3xsba42qqtnmt","previousOperationId":"iareswfu3r9i8aq"}
{"type":"log","timestamp":1767176773592,"level":"info","message":"Rendering (child) request finished in 2374 ms","meta":{"rootId":"w53cw22xn2s1bsy","id":"nwpfbnztzcnfee3"},"id":"x47g984aqa1woc1","previousOperationId":"iareswfu3r9i8aq"}
{"type":"operationEnd","subtype":"render","operationId":"yzrociz9kovzjzf","timestamp":1767176773592,"id":"4mk7d8wrzaumse8","previousEventId":"kxrgn62ufqp304w","previousOperationId":"iareswfu3r9i8aq"}
{"type":"log","timestamp":1767176780496,"level":"debug","message":"pptx successfully zipped","meta":{"rootId":"w53cw22xn2s1bsy","id":"w53cw22xn2s1bsy"},"id":"magjbzd60bmpebo","previousOperationId":"ju1sezezogvo6yh"}
{"type":"log","timestamp":1767176780496,"level":"info","message":"pptx generation was finished","meta":{"rootId":"w53cw22xn2s1bsy","id":"w53cw22xn2s1bsy"},"id":"1a1lzns5iguww2n","previousOperationId":"ju1sezezogvo6yh"}
{"type":"operationEnd","operationId":"ju1sezezogvo6yh","timestamp":1767176780506,"id":"1jnzs8r08ny0krc","previousEventId":"o2uiv3av0yph2np","previousOperationId":"ju1sezezogvo6yh"}
{"type":"log","timestamp":1767176780506,"level":"debug","message":"Skipping storing report.","meta":{"rootId":"w53cw22xn2s1bsy","id":"w53cw22xn2s1bsy"},"id":"l043hbt3k0ytv00","previousOperationId":"ju1sezezogvo6yh"}
{"type":"log","timestamp":1767176780506,"level":"info","message":"Rendering request 16 finished in 9288 ms","meta":{"rootId":"w53cw22xn2s1bsy","id":"w53cw22xn2s1bsy"},"id":"z19jkc5ykecbpbw","previousOperationId":"ju1sezezogvo6yh"}
{"type":"operationEnd","subtype":"render","operationId":"sy1emddzp1tus5d","timestamp":1767176780506,"id":"ififol80v8mwr8y","previousEventId":"1jnzs8r08ny0krc","previousOperationId":"ju1sezezogvo6yh"}
{"type":"operationEnd","doDiffs":false,"previousEventId":"xa3i5gt4omxqkj1","previousOperationId":"9mtc8cofezfqe09","operationId":"9mtc8cofezfqe09","timestamp":1767176780512,"id":"fyack9wet16vz9e"}
