{"type":"operationStart","subtype":"profile","data":{"_id":"s1HMFimqtHhqPGq3","timestamp":"2025-12-28T16:09:38.269Z","state":"running","mode":"standard","creationDate":"2025-12-28T16:09:38.275Z","modificationDate":"2025-12-28T16:09:38.275Z","shortid":"XXx02qC","$entitySet":"profiles","timeout":60000},"doDiffs":false,"timestamp":1766938178272,"id":"h1mo04tytfpe2kd","previousOperationId":null,"operationId":"6orf2mowoqdvu7g"}
{"type":"log","level":"info","message":"Render request 8 queued for execution and waiting for available worker","previousOperationId":"6orf2mowoqdvu7g","timestamp":1766938178273,"id":"iuqx14istfjkuqs"}
{"type":"operationStart","subtype":"render","name":"anonymous","previousOperationId":"6orf2mowoqdvu7g","timestamp":1766938178345,"id":"1nhjbtan14945m5","previousEventId":"h1mo04tytfpe2kd","operationId":"u4ilizfdd7mc7sx"}
{"type":"log","timestamp":1766938178345,"level":"info","message":"Starting rendering request 8","meta":{"rootId":"w56ylghnf1pg8st","id":"w56ylghnf1pg8st"},"id":"ow5xdqbpwf45ejo","previousOperationId":"u4ilizfdd7mc7sx"}
{"type":"log","timestamp":1766938178346,"level":"info","message":"Rendering anonymous template { recipe: pptx, engine: handlebars }","meta":{"rootId":"w56ylghnf1pg8st","id":"w56ylghnf1pg8st"},"id":"6dhfqbfw4by17rd","previousOperationId":"u4ilizfdd7mc7sx"}
{"type":"log","timestamp":1766938178346,"level":"debug","message":"Inline data specified.","meta":{"rootId":"w56ylghnf1pg8st","id":"w56ylghnf1pg8st"},"id":"a5dkgtijkdzrnow","previousOperationId":"u4ilizfdd7mc7sx"}
{"type":"log","timestamp":1766938178349,"level":"debug","message":"Base url not specified, skipping its injection.","meta":{"rootId":"w56ylghnf1pg8st","id":"w56ylghnf1pg8st"},"id":"gn9oh0z5fa35uju","previousOperationId":"u4ilizfdd7mc7sx"}
{"type":"operationStart","subtype":"engine","name":"handlebars","timestamp":1766938178350,"id":"s28eww5e8f1aqou","previousEventId":"1nhjbtan14945m5","operationId":"dwyj0xonyomjiyx","previousOperationId":"u4ilizfdd7mc7sx"}
{"type":"log","timestamp":1766938178350,"level":"debug","message":"Rendering engine handlebars","meta":{"rootId":"w56ylghnf1pg8st","id":"w56ylghnf1pg8st"},"id":"8ovau1dc8ff26su","previousOperationId":"dwyj0xonyomjiyx"}
{"type":"operationEnd","operationId":"dwyj0xonyomjiyx","timestamp":1766938178377,"id":"hpcjex5y62drc6j","previousEventId":"s28eww5e8f1aqou","previousOperationId":"dwyj0xonyomjiyx"}
{"type":"operationStart","subtype":"recipe","name":"pptx","timestamp":1766938178378,"id":"tovmkw5crem7qzv","previousEventId":"hpcjex5y62drc6j","operationId":"mc5frbx4fga1xbp","previousOperationId":"dwyj0xonyomjiyx"}
{"type":"log","timestamp":1766938178378,"level":"debug","message":"Executing recipe pptx","meta":{"rootId":"w56ylghnf1pg8st","id":"w56ylghnf1pg8st"},"id":"y0emvvtf2krgodr","previousOperationId":"mc5frbx4fga1xbp"}
{"type":"log","timestamp":1766938178408,"level":"info","message":"pptx generation is starting","meta":{"rootId":"w56ylghnf1pg8st","id":"w56ylghnf1pg8st"},"id":"d37gi8jffbu0qwq","previousOperationId":"mc5frbx4fga1xbp"}
{"type":"log","timestamp":1766938180186,"level":"debug","message":"Starting child request to render pptx dynamic parts","meta":{"rootId":"w56ylghnf1pg8st","id":"w56ylghnf1pg8st"},"id":"c11e6c5mz6ziwmz","previousOperationId":"mc5frbx4fga1xbp"}
{"type":"operationStart","subtype":"render","name":"anonymous","previousOperationId":"mc5frbx4fga1xbp","timestamp":1766938180187,"id":"fnzhl9yzbeb56ma","previousEventId":"tovmkw5crem7qzv","operationId":"96jrv2vndccmp5v"}
{"type":"log","timestamp":1766938180187,"level":"info","message":"Starting rendering (child) request","meta":{"rootId":"w56ylghnf1pg8st","id":"u38nmgxob6078r1"},"id":"hwwid4ehlljoemt","previousOperationId":"96jrv2vndccmp5v"}
{"type":"log","timestamp":1766938180187,"level":"info","message":"Rendering anonymous template { recipe: html, engine: handlebars }","meta":{"rootId":"w56ylghnf1pg8st","id":"u38nmgxob6078r1"},"id":"bzyrfsx3bc0ebqy","previousOperationId":"96jrv2vndccmp5v"}
{"type":"log","timestamp":1766938180187,"level":"debug","message":"Inline data specified.","meta":{"rootId":"w56ylghnf1pg8st","id":"u38nmgxob6078r1"},"id":"4q5m3cnmqb8hppt","previousOperationId":"96jrv2vndccmp5v"}
{"type":"log","timestamp":1766938180193,"level":"debug","message":"Base url not specified, skipping its injection.","meta":{"rootId":"w56ylghnf1pg8st","id":"u38nmgxob6078r1"},"id":"jk0echgn5z552zl","previousOperationId":"96jrv2vndccmp5v"}
{"type":"operationStart","subtype":"engine","name":"handlebars","timestamp":1766938180194,"id":"evgsvumpdsbpgx5","previousEventId":"fnzhl9yzbeb56ma","operationId":"jucfg7p6n4lmeaf","previousOperationId":"96jrv2vndccmp5v"}
{"type":"log","timestamp":1766938180194,"level":"debug","message":"Rendering engine handlebars","meta":{"rootId":"w56ylghnf1pg8st","id":"u38nmgxob6078r1"},"id":"9kl8bi3wr97jueo","previousOperationId":"jucfg7p6n4lmeaf"}
{"type":"log","timestamp":1766938180380,"level":"debug","message":"(console:log) {\n  type: 'echarts@v5a',\n  width: 848,\n  height: 409,\n  option: { radar: [ [Object] ], series: [ [Object] ] }\n}","meta":{"userLevel":true,"rootId":"w56ylghnf1pg8st","id":"u38nmgxob6078r1"},"id":"qqntmhjqxb28czs","previousOperationId":"jucfg7p6n4lmeaf"}
{"type":"operationEnd","operationId":"jucfg7p6n4lmeaf","timestamp":1766938180391,"id":"6u29whzpuq57s2w","previousEventId":"evgsvumpdsbpgx5","previousOperationId":"jucfg7p6n4lmeaf"}
{"type":"operationStart","subtype":"recipe","name":"html","timestamp":1766938180410,"id":"p5j098bhkn49r5u","previousEventId":"6u29whzpuq57s2w","operationId":"lwbwh3zlxv9o4h8","previousOperationId":"jucfg7p6n4lmeaf"}
{"type":"log","timestamp":1766938180410,"level":"debug","message":"Executing recipe html","meta":{"rootId":"w56ylghnf1pg8st","id":"u38nmgxob6078r1"},"id":"2m9yjzg874pq4br","previousOperationId":"lwbwh3zlxv9o4h8"}
{"type":"operationEnd","operationId":"lwbwh3zlxv9o4h8","timestamp":1766938180411,"id":"x7yyrq2tj9ebjkm","previousEventId":"p5j098bhkn49r5u","previousOperationId":"lwbwh3zlxv9o4h8"}
{"type":"log","timestamp":1766938180411,"level":"debug","message":"Skipping storing report.","meta":{"rootId":"w56ylghnf1pg8st","id":"u38nmgxob6078r1"},"id":"gh317l1slay33rb","previousOperationId":"lwbwh3zlxv9o4h8"}
{"type":"log","timestamp":1766938180411,"level":"info","message":"Rendering (child) request finished in 2143 ms","meta":{"rootId":"w56ylghnf1pg8st","id":"u38nmgxob6078r1"},"id":"x0fxo0jofnada73","previousOperationId":"lwbwh3zlxv9o4h8"}
{"type":"operationEnd","subtype":"render","operationId":"96jrv2vndccmp5v","timestamp":1766938180411,"id":"prhylctt4xll7e3","previousEventId":"x7yyrq2tj9ebjkm","previousOperationId":"lwbwh3zlxv9o4h8"}
{"type":"log","timestamp":1766938185469,"level":"debug","message":"pptx successfully zipped","meta":{"rootId":"w56ylghnf1pg8st","id":"w56ylghnf1pg8st"},"id":"0mfzfbjff2hatgr","previousOperationId":"mc5frbx4fga1xbp"}
{"type":"log","timestamp":1766938185469,"level":"info","message":"pptx generation was finished","meta":{"rootId":"w56ylghnf1pg8st","id":"w56ylghnf1pg8st"},"id":"dku2z9jgd8wvccj","previousOperationId":"mc5frbx4fga1xbp"}
{"type":"operationEnd","operationId":"mc5frbx4fga1xbp","timestamp":1766938185482,"id":"ebligarp20u2z16","previousEventId":"tovmkw5crem7qzv","previousOperationId":"mc5frbx4fga1xbp"}
{"type":"log","timestamp":1766938185482,"level":"debug","message":"Skipping storing report.","meta":{"rootId":"w56ylghnf1pg8st","id":"w56ylghnf1pg8st"},"id":"ljdcohpo39ewnc8","previousOperationId":"mc5frbx4fga1xbp"}
{"type":"log","timestamp":1766938185482,"level":"info","message":"Rendering request 8 finished in 7214 ms","meta":{"rootId":"w56ylghnf1pg8st","id":"w56ylghnf1pg8st"},"id":"ilzaraakfxzikqn","previousOperationId":"mc5frbx4fga1xbp"}
{"type":"operationEnd","subtype":"render","operationId":"u4ilizfdd7mc7sx","timestamp":1766938185482,"id":"gmn0wpqyhx55txs","previousEventId":"ebligarp20u2z16","previousOperationId":"mc5frbx4fga1xbp"}
{"type":"operationEnd","doDiffs":false,"previousEventId":"h1mo04tytfpe2kd","previousOperationId":"6orf2mowoqdvu7g","operationId":"6orf2mowoqdvu7g","timestamp":1766938185490,"id":"e1lb3geltm72mix"}
