{"type":"operationStart","subtype":"profile","data":{"_id":"jdD4LsC9XF2NnEyP","timestamp":"2025-12-30T16:43:48.224Z","state":"running","mode":"standard","creationDate":"2025-12-30T16:43:48.230Z","modificationDate":"2025-12-30T16:43:48.230Z","shortid":"0LTghiQ","$entitySet":"profiles","timeout":60000},"doDiffs":false,"timestamp":1767113028228,"id":"zz3writjlzvew31","previousOperationId":null,"operationId":"67f2qh70tuw967v"}
{"type":"log","level":"info","message":"Render request 1 queued for execution and waiting for available worker","previousOperationId":"67f2qh70tuw967v","timestamp":1767113028228,"id":"rnmep91au99qi5m"}
{"type":"operationStart","subtype":"render","name":"anonymous","previousOperationId":"67f2qh70tuw967v","timestamp":1767113028296,"id":"zwmfdojkl8klaoc","previousEventId":"zz3writjlzvew31","operationId":"frkn5339evz6wbe"}
{"type":"log","timestamp":1767113028298,"level":"info","message":"Starting rendering request 1","meta":{"rootId":"w65k3zsoc40pn9r","id":"w65k3zsoc40pn9r"},"id":"uu3yymddjwr9r2l","previousOperationId":"frkn5339evz6wbe"}
{"type":"log","timestamp":1767113028301,"level":"info","message":"Rendering anonymous template { recipe: pptx, engine: handlebars }","meta":{"rootId":"w65k3zsoc40pn9r","id":"w65k3zsoc40pn9r"},"id":"deo3gi764cdhmry","previousOperationId":"frkn5339evz6wbe"}
{"type":"log","timestamp":1767113028301,"level":"debug","message":"Inline data specified.","meta":{"rootId":"w65k3zsoc40pn9r","id":"w65k3zsoc40pn9r"},"id":"bh41h5tom4rqcbn","previousOperationId":"frkn5339evz6wbe"}
{"type":"log","timestamp":1767113028313,"level":"debug","message":"Base url not specified, skipping its injection.","meta":{"rootId":"w65k3zsoc40pn9r","id":"w65k3zsoc40pn9r"},"id":"91hwr11umgo9q6q","previousOperationId":"frkn5339evz6wbe"}
{"type":"operationStart","subtype":"engine","name":"handlebars","timestamp":1767113028316,"id":"x6lho27x1it7c9k","previousEventId":"zwmfdojkl8klaoc","operationId":"aal2sfi23yl5dg6","previousOperationId":"frkn5339evz6wbe"}
{"type":"log","timestamp":1767113028316,"level":"debug","message":"Rendering engine handlebars","meta":{"rootId":"w65k3zsoc40pn9r","id":"w65k3zsoc40pn9r"},"id":"xg3whd75tfnptql","previousOperationId":"aal2sfi23yl5dg6"}
{"type":"operationEnd","operationId":"aal2sfi23yl5dg6","timestamp":1767113029939,"id":"h7d40ngueel2qwc","previousEventId":"x6lho27x1it7c9k","previousOperationId":"aal2sfi23yl5dg6"}
{"type":"operationStart","subtype":"recipe","name":"pptx","timestamp":1767113029940,"id":"qgz3pni3014aypr","previousEventId":"h7d40ngueel2qwc","operationId":"blqhpsnyh6f85cf","previousOperationId":"aal2sfi23yl5dg6"}
{"type":"log","timestamp":1767113029940,"level":"debug","message":"Executing recipe pptx","meta":{"rootId":"w65k3zsoc40pn9r","id":"w65k3zsoc40pn9r"},"id":"noe68e2pzhk4s40","previousOperationId":"blqhpsnyh6f85cf"}
{"type":"log","timestamp":1767113030219,"level":"info","message":"pptx generation is starting","meta":{"rootId":"w65k3zsoc40pn9r","id":"w65k3zsoc40pn9r"},"id":"zjlwromik75o3xv","previousOperationId":"blqhpsnyh6f85cf"}
{"type":"log","timestamp":1767113032081,"level":"debug","message":"Starting child request to render pptx dynamic parts","meta":{"rootId":"w65k3zsoc40pn9r","id":"w65k3zsoc40pn9r"},"id":"lzboepg72xdat9l","previousOperationId":"blqhpsnyh6f85cf"}
{"type":"operationStart","subtype":"render","name":"anonymous","previousOperationId":"blqhpsnyh6f85cf","timestamp":1767113032083,"id":"pvl3je24smdchia","previousEventId":"qgz3pni3014aypr","operationId":"0ibt0sk7i5nxio3"}
{"type":"log","timestamp":1767113032083,"level":"info","message":"Starting rendering (child) request","meta":{"rootId":"w65k3zsoc40pn9r","id":"wziy4cejo30pe1s"},"id":"qcdpjvdi14f2wr9","previousOperationId":"0ibt0sk7i5nxio3"}
{"type":"log","timestamp":1767113032083,"level":"info","message":"Rendering anonymous template { recipe: html, engine: handlebars }","meta":{"rootId":"w65k3zsoc40pn9r","id":"wziy4cejo30pe1s"},"id":"u99lf8mvcgemk36","previousOperationId":"0ibt0sk7i5nxio3"}
{"type":"log","timestamp":1767113032083,"level":"debug","message":"Inline data specified.","meta":{"rootId":"w65k3zsoc40pn9r","id":"wziy4cejo30pe1s"},"id":"gur91gz69jiwqd7","previousOperationId":"0ibt0sk7i5nxio3"}
{"type":"log","timestamp":1767113032093,"level":"debug","message":"Base url not specified, skipping its injection.","meta":{"rootId":"w65k3zsoc40pn9r","id":"wziy4cejo30pe1s"},"id":"emq05fz5ne4xtif","previousOperationId":"0ibt0sk7i5nxio3"}
{"type":"operationStart","subtype":"engine","name":"handlebars","timestamp":1767113032096,"id":"qnwzqk925z6yn3z","previousEventId":"pvl3je24smdchia","operationId":"u3utn8almwhtin9","previousOperationId":"0ibt0sk7i5nxio3"}
{"type":"log","timestamp":1767113032096,"level":"debug","message":"Rendering engine handlebars","meta":{"rootId":"w65k3zsoc40pn9r","id":"wziy4cejo30pe1s"},"id":"nnxgf5nqwi0oma6","previousOperationId":"u3utn8almwhtin9"}
{"type":"log","timestamp":1767113032319,"level":"debug","message":"(console:log) {\n  type: 'echarts@v5a',\n  width: 848,\n  height: 409,\n  option: { radar: [ [Object] ], series: [ [Object] ] }\n}","meta":{"userLevel":true,"rootId":"w65k3zsoc40pn9r","id":"wziy4cejo30pe1s"},"id":"adj9f22u8z0we0h","previousOperationId":"u3utn8almwhtin9"}
{"type":"operationEnd","operationId":"u3utn8almwhtin9","timestamp":1767113032327,"id":"l86loubxs1nktnh","previousEventId":"qnwzqk925z6yn3z","previousOperationId":"u3utn8almwhtin9"}
{"type":"operationStart","subtype":"recipe","name":"html","timestamp":1767113032339,"id":"80w6y09xp4k8zok","previousEventId":"l86loubxs1nktnh","operationId":"iqhqf1yahoq1rxj","previousOperationId":"u3utn8almwhtin9"}
{"type":"log","timestamp":1767113032339,"level":"debug","message":"Executing recipe html","meta":{"rootId":"w65k3zsoc40pn9r","id":"wziy4cejo30pe1s"},"id":"r0cfy1gsic2m2cn","previousOperationId":"iqhqf1yahoq1rxj"}
{"type":"operationEnd","operationId":"iqhqf1yahoq1rxj","timestamp":1767113032339,"id":"cg3h9tn95o7vw2f","previousEventId":"80w6y09xp4k8zok","previousOperationId":"iqhqf1yahoq1rxj"}
{"type":"log","timestamp":1767113032341,"level":"debug","message":"Skipping storing report.","meta":{"rootId":"w65k3zsoc40pn9r","id":"wziy4cejo30pe1s"},"id":"eqi9g8eeh1ja1et","previousOperationId":"iqhqf1yahoq1rxj"}
{"type":"log","timestamp":1767113032341,"level":"info","message":"Rendering (child) request finished in 4119 ms","meta":{"rootId":"w65k3zsoc40pn9r","id":"wziy4cejo30pe1s"},"id":"uetg3ikixw3ix6e","previousOperationId":"iqhqf1yahoq1rxj"}
{"type":"operationEnd","subtype":"render","operationId":"0ibt0sk7i5nxio3","timestamp":1767113032341,"id":"tygpwk71qtgh1kf","previousEventId":"cg3h9tn95o7vw2f","previousOperationId":"iqhqf1yahoq1rxj"}
{"type":"log","timestamp":1767113043035,"level":"debug","message":"pptx successfully zipped","meta":{"rootId":"w65k3zsoc40pn9r","id":"w65k3zsoc40pn9r"},"id":"co2e7c2dfaeffx2","previousOperationId":"blqhpsnyh6f85cf"}
{"type":"log","timestamp":1767113043035,"level":"info","message":"pptx generation was finished","meta":{"rootId":"w65k3zsoc40pn9r","id":"w65k3zsoc40pn9r"},"id":"isgzbo4898n5ngk","previousOperationId":"blqhpsnyh6f85cf"}
{"type":"operationEnd","operationId":"blqhpsnyh6f85cf","timestamp":1767113043057,"id":"7vaid0lvfmm5zcy","previousEventId":"qgz3pni3014aypr","previousOperationId":"blqhpsnyh6f85cf"}
{"type":"log","timestamp":1767113043057,"level":"debug","message":"Skipping storing report.","meta":{"rootId":"w65k3zsoc40pn9r","id":"w65k3zsoc40pn9r"},"id":"h8qmp9b37apvvuk","previousOperationId":"blqhpsnyh6f85cf"}
{"type":"log","timestamp":1767113043057,"level":"info","message":"Rendering request 1 finished in 14835 ms","meta":{"rootId":"w65k3zsoc40pn9r","id":"w65k3zsoc40pn9r"},"id":"qoeiau6eelp7txq","previousOperationId":"blqhpsnyh6f85cf"}
{"type":"operationEnd","subtype":"render","operationId":"frkn5339evz6wbe","timestamp":1767113043057,"id":"6tcp8w06rcqtf7s","previousEventId":"7vaid0lvfmm5zcy","previousOperationId":"blqhpsnyh6f85cf"}
{"type":"operationEnd","doDiffs":false,"previousEventId":"zz3writjlzvew31","previousOperationId":"67f2qh70tuw967v","operationId":"67f2qh70tuw967v","timestamp":1767113043067,"id":"svk3dnd1tpjgv0d"}
