{"type":"operationStart","subtype":"profile","data":{"_id":"5CA8FMTBaYwdv1Ew","timestamp":"2025-12-07T17:24:27.473Z","state":"running","mode":"standard","creationDate":"2025-12-07T17:24:27.475Z","modificationDate":"2025-12-07T17:24:27.475Z","shortid":"fQ09_PD","$entitySet":"profiles","timeout":60000},"doDiffs":false,"timestamp":1765128267474,"id":"qzs80i9m62l0wkq","previousOperationId":null,"operationId":"wuvpbejy9czwsqf"}
{"type":"log","level":"info","message":"Render request 29 queued for execution and waiting for available worker","previousOperationId":"wuvpbejy9czwsqf","timestamp":1765128267474,"id":"lm5tswb3k90pkob"}
{"type":"operationStart","subtype":"render","name":"anonymous","previousOperationId":"wuvpbejy9czwsqf","timestamp":1765128267487,"id":"ty9yjw8b6zgbr0i","previousEventId":"qzs80i9m62l0wkq","operationId":"80i9syrfnfhiidg"}
{"type":"log","timestamp":1765128267487,"level":"info","message":"Starting rendering request 29","meta":{"rootId":"w7hyttabfhdqbym","id":"w7hyttabfhdqbym"},"id":"v67nmsormrcfmoz","previousOperationId":"80i9syrfnfhiidg"}
{"type":"log","timestamp":1765128267487,"level":"info","message":"Rendering anonymous template { recipe: pptx, engine: handlebars }","meta":{"rootId":"w7hyttabfhdqbym","id":"w7hyttabfhdqbym"},"id":"qx9xlfv2pyd0i4h","previousOperationId":"80i9syrfnfhiidg"}
{"type":"log","timestamp":1765128267487,"level":"debug","message":"Inline data specified.","meta":{"rootId":"w7hyttabfhdqbym","id":"w7hyttabfhdqbym"},"id":"bvpepwhj5c96ytc","previousOperationId":"80i9syrfnfhiidg"}
{"type":"log","timestamp":1765128267490,"level":"debug","message":"Base url not specified, skipping its injection.","meta":{"rootId":"w7hyttabfhdqbym","id":"w7hyttabfhdqbym"},"id":"mhj6dpg5qketc10","previousOperationId":"80i9syrfnfhiidg"}
{"type":"operationStart","subtype":"engine","name":"handlebars","timestamp":1765128267491,"id":"n1ulda93340x4uk","previousEventId":"ty9yjw8b6zgbr0i","operationId":"r82m6enoqib86l0","previousOperationId":"80i9syrfnfhiidg"}
{"type":"log","timestamp":1765128267491,"level":"debug","message":"Rendering engine handlebars","meta":{"rootId":"w7hyttabfhdqbym","id":"w7hyttabfhdqbym"},"id":"qug8s69r6eeaw2l","previousOperationId":"r82m6enoqib86l0"}
{"type":"operationEnd","operationId":"r82m6enoqib86l0","timestamp":1765128267503,"id":"fm6wg4cwdziiwmq","previousEventId":"n1ulda93340x4uk","previousOperationId":"r82m6enoqib86l0"}
{"type":"operationStart","subtype":"recipe","name":"pptx","timestamp":1765128267503,"id":"rbvwep4yxoyc4na","previousEventId":"fm6wg4cwdziiwmq","operationId":"z7du2qicrirblyk","previousOperationId":"r82m6enoqib86l0"}
{"type":"log","timestamp":1765128267503,"level":"debug","message":"Executing recipe pptx","meta":{"rootId":"w7hyttabfhdqbym","id":"w7hyttabfhdqbym"},"id":"gbdymuq0oupx78u","previousOperationId":"z7du2qicrirblyk"}
{"type":"log","timestamp":1765128267504,"level":"info","message":"pptx generation is starting","meta":{"rootId":"w7hyttabfhdqbym","id":"w7hyttabfhdqbym"},"id":"js1kbvnzrrozb6t","previousOperationId":"z7du2qicrirblyk"}
{"type":"log","timestamp":1765128267667,"level":"debug","message":"Starting child request to render pptx dynamic parts","meta":{"rootId":"w7hyttabfhdqbym","id":"w7hyttabfhdqbym"},"id":"86k3vwhjnb4phv4","previousOperationId":"z7du2qicrirblyk"}
{"type":"operationStart","subtype":"render","name":"anonymous","previousOperationId":"z7du2qicrirblyk","timestamp":1765128267667,"id":"3eqqpjbkrpueqpp","previousEventId":"rbvwep4yxoyc4na","operationId":"zy8ubo4wjam5de6"}
{"type":"log","timestamp":1765128267667,"level":"info","message":"Starting rendering (child) request","meta":{"rootId":"w7hyttabfhdqbym","id":"vxfi0weajz3tv5g"},"id":"yykz7wu6m9upweg","previousOperationId":"zy8ubo4wjam5de6"}
{"type":"log","timestamp":1765128267668,"level":"info","message":"Rendering anonymous template { recipe: html, engine: handlebars }","meta":{"rootId":"w7hyttabfhdqbym","id":"vxfi0weajz3tv5g"},"id":"ditnpkphjob5flx","previousOperationId":"zy8ubo4wjam5de6"}
{"type":"log","timestamp":1765128267668,"level":"debug","message":"Inline data specified.","meta":{"rootId":"w7hyttabfhdqbym","id":"vxfi0weajz3tv5g"},"id":"aeqjfvc4d48gqjk","previousOperationId":"zy8ubo4wjam5de6"}
{"type":"log","timestamp":1765128267675,"level":"debug","message":"Base url not specified, skipping its injection.","meta":{"rootId":"w7hyttabfhdqbym","id":"vxfi0weajz3tv5g"},"id":"6wbmgl04lttgdzn","previousOperationId":"zy8ubo4wjam5de6"}
{"type":"operationStart","subtype":"engine","name":"handlebars","timestamp":1765128267676,"id":"s1z9c1nc8oh9yhv","previousEventId":"3eqqpjbkrpueqpp","operationId":"u2v7w3q0br0e0xv","previousOperationId":"zy8ubo4wjam5de6"}
{"type":"log","timestamp":1765128267676,"level":"debug","message":"Rendering engine handlebars","meta":{"rootId":"w7hyttabfhdqbym","id":"vxfi0weajz3tv5g"},"id":"k4xq97n9b47olfz","previousOperationId":"u2v7w3q0br0e0xv"}
{"type":"operationEnd","operationId":"u2v7w3q0br0e0xv","timestamp":1765128267687,"id":"vvs4ch4oud2zd4z","previousEventId":"s1z9c1nc8oh9yhv","previousOperationId":"u2v7w3q0br0e0xv"}
{"type":"operationStart","subtype":"recipe","name":"html","timestamp":1765128267693,"id":"d33k7sq5q1dtbg5","previousEventId":"vvs4ch4oud2zd4z","operationId":"9fs6l820csrdzbs","previousOperationId":"u2v7w3q0br0e0xv"}
{"type":"log","timestamp":1765128267693,"level":"debug","message":"Executing recipe html","meta":{"rootId":"w7hyttabfhdqbym","id":"vxfi0weajz3tv5g"},"id":"nkab115re7cwge9","previousOperationId":"9fs6l820csrdzbs"}
{"type":"operationEnd","operationId":"9fs6l820csrdzbs","timestamp":1765128267693,"id":"7724nm4go4m1mi2","previousEventId":"d33k7sq5q1dtbg5","previousOperationId":"9fs6l820csrdzbs"}
{"type":"log","timestamp":1765128267693,"level":"debug","message":"Skipping storing report.","meta":{"rootId":"w7hyttabfhdqbym","id":"vxfi0weajz3tv5g"},"id":"yjkqvdmzy3ahhk3","previousOperationId":"9fs6l820csrdzbs"}
{"type":"log","timestamp":1765128267693,"level":"info","message":"Rendering (child) request finished in 221 ms","meta":{"rootId":"w7hyttabfhdqbym","id":"vxfi0weajz3tv5g"},"id":"ccivcq96jinpwzh","previousOperationId":"9fs6l820csrdzbs"}
{"type":"operationEnd","subtype":"render","operationId":"zy8ubo4wjam5de6","timestamp":1765128267693,"id":"dgz1eyfr1bt7bsw","previousEventId":"7724nm4go4m1mi2","previousOperationId":"9fs6l820csrdzbs"}
{"type":"log","timestamp":1765128267914,"level":"debug","message":"pptx successfully zipped","meta":{"rootId":"w7hyttabfhdqbym","id":"w7hyttabfhdqbym"},"id":"9x27orfvfkr706w","previousOperationId":"z7du2qicrirblyk"}
{"type":"log","timestamp":1765128267915,"level":"info","message":"pptx generation was finished","meta":{"rootId":"w7hyttabfhdqbym","id":"w7hyttabfhdqbym"},"id":"i7c41xffeuhm3xj","previousOperationId":"z7du2qicrirblyk"}
{"type":"operationEnd","operationId":"z7du2qicrirblyk","timestamp":1765128267918,"id":"barrz5ojmqkltpu","previousEventId":"rbvwep4yxoyc4na","previousOperationId":"z7du2qicrirblyk"}
{"type":"log","timestamp":1765128267918,"level":"debug","message":"Skipping storing report.","meta":{"rootId":"w7hyttabfhdqbym","id":"w7hyttabfhdqbym"},"id":"wsnne2i062ogj53","previousOperationId":"z7du2qicrirblyk"}
{"type":"log","timestamp":1765128267918,"level":"info","message":"Rendering request 29 finished in 446 ms","meta":{"rootId":"w7hyttabfhdqbym","id":"w7hyttabfhdqbym"},"id":"cketf4zd2s068ic","previousOperationId":"z7du2qicrirblyk"}
{"type":"operationEnd","subtype":"render","operationId":"80i9syrfnfhiidg","timestamp":1765128267918,"id":"8ylbq27578u27kn","previousEventId":"barrz5ojmqkltpu","previousOperationId":"z7du2qicrirblyk"}
{"type":"operationEnd","doDiffs":false,"previousEventId":"qzs80i9m62l0wkq","previousOperationId":"wuvpbejy9czwsqf","operationId":"wuvpbejy9czwsqf","timestamp":1765128267923,"id":"43chr1k09fqotyk"}
