{"type":"operationStart","subtype":"profile","data":{"_id":"BLfZZLdlvEVgv7K2","timestamp":"2025-12-28T15:16:39.776Z","state":"running","mode":"standard","creationDate":"2025-12-28T15:16:39.785Z","modificationDate":"2025-12-28T15:16:39.785Z","shortid":"X3QGoYX","$entitySet":"profiles","timeout":60000},"doDiffs":false,"timestamp":1766934999783,"id":"m86svnn0gsyfyom","previousOperationId":null,"operationId":"f4zlfys7308zf97"}
{"type":"log","level":"info","message":"Render request 4 queued for execution and waiting for available worker","previousOperationId":"f4zlfys7308zf97","timestamp":1766934999783,"id":"2f75i9dik2frcu4"}
{"type":"operationStart","subtype":"render","name":"anonymous","previousOperationId":"f4zlfys7308zf97","timestamp":1766934999856,"id":"106qw718vle2rui","previousEventId":"m86svnn0gsyfyom","operationId":"1dzgzpztfifz2a0"}
{"type":"log","timestamp":1766934999856,"level":"info","message":"Starting rendering request 4","meta":{"rootId":"wadtn88fdc4ujb1","id":"wadtn88fdc4ujb1"},"id":"r223iqmcocr52dz","previousOperationId":"1dzgzpztfifz2a0"}
{"type":"log","timestamp":1766934999857,"level":"info","message":"Rendering anonymous template { recipe: pptx, engine: handlebars }","meta":{"rootId":"wadtn88fdc4ujb1","id":"wadtn88fdc4ujb1"},"id":"hko0r1d8lz3y12c","previousOperationId":"1dzgzpztfifz2a0"}
{"type":"log","timestamp":1766934999857,"level":"debug","message":"Inline data specified.","meta":{"rootId":"wadtn88fdc4ujb1","id":"wadtn88fdc4ujb1"},"id":"vih9dd4xywaso7t","previousOperationId":"1dzgzpztfifz2a0"}
{"type":"log","timestamp":1766934999859,"level":"debug","message":"Base url not specified, skipping its injection.","meta":{"rootId":"wadtn88fdc4ujb1","id":"wadtn88fdc4ujb1"},"id":"k0ydtyp1vii1ulj","previousOperationId":"1dzgzpztfifz2a0"}
{"type":"operationStart","subtype":"engine","name":"handlebars","timestamp":1766934999860,"id":"knytjqd8jlbn3lx","previousEventId":"106qw718vle2rui","operationId":"t9jg4dptd3hh3as","previousOperationId":"1dzgzpztfifz2a0"}
{"type":"log","timestamp":1766934999860,"level":"debug","message":"Rendering engine handlebars","meta":{"rootId":"wadtn88fdc4ujb1","id":"wadtn88fdc4ujb1"},"id":"3qwcptzsse929mo","previousOperationId":"t9jg4dptd3hh3as"}
{"type":"operationEnd","operationId":"t9jg4dptd3hh3as","timestamp":1766934999882,"id":"9rtsvzig7bveedk","previousEventId":"knytjqd8jlbn3lx","previousOperationId":"t9jg4dptd3hh3as"}
{"type":"operationStart","subtype":"recipe","name":"pptx","timestamp":1766934999883,"id":"rkaavlyhl5ko79u","previousEventId":"9rtsvzig7bveedk","operationId":"g9yrnqyhtv1en3w","previousOperationId":"t9jg4dptd3hh3as"}
{"type":"log","timestamp":1766934999883,"level":"debug","message":"Executing recipe pptx","meta":{"rootId":"wadtn88fdc4ujb1","id":"wadtn88fdc4ujb1"},"id":"12ures1u2fmajw1","previousOperationId":"g9yrnqyhtv1en3w"}
{"type":"log","timestamp":1766934999923,"level":"info","message":"pptx generation is starting","meta":{"rootId":"wadtn88fdc4ujb1","id":"wadtn88fdc4ujb1"},"id":"x674qw9xpudhogl","previousOperationId":"g9yrnqyhtv1en3w"}
{"type":"log","timestamp":1766935001654,"level":"debug","message":"Starting child request to render pptx dynamic parts","meta":{"rootId":"wadtn88fdc4ujb1","id":"wadtn88fdc4ujb1"},"id":"f2t4syefztyu2nv","previousOperationId":"g9yrnqyhtv1en3w"}
{"type":"operationStart","subtype":"render","name":"anonymous","previousOperationId":"g9yrnqyhtv1en3w","timestamp":1766935001655,"id":"ijvmqsn06a2x81l","previousEventId":"rkaavlyhl5ko79u","operationId":"gizbho5xim29fg2"}
{"type":"log","timestamp":1766935001655,"level":"info","message":"Starting rendering (child) request","meta":{"rootId":"wadtn88fdc4ujb1","id":"dlb05u964qm6fwa"},"id":"a3595cu6yg48isz","previousOperationId":"gizbho5xim29fg2"}
{"type":"log","timestamp":1766935001656,"level":"info","message":"Rendering anonymous template { recipe: html, engine: handlebars }","meta":{"rootId":"wadtn88fdc4ujb1","id":"dlb05u964qm6fwa"},"id":"myqj34f6bnfv8e1","previousOperationId":"gizbho5xim29fg2"}
{"type":"log","timestamp":1766935001656,"level":"debug","message":"Inline data specified.","meta":{"rootId":"wadtn88fdc4ujb1","id":"dlb05u964qm6fwa"},"id":"9t3y08qj8wl3pg3","previousOperationId":"gizbho5xim29fg2"}
{"type":"log","timestamp":1766935001678,"level":"debug","message":"Base url not specified, skipping its injection.","meta":{"rootId":"wadtn88fdc4ujb1","id":"dlb05u964qm6fwa"},"id":"m5u46ewbjxl5xmr","previousOperationId":"gizbho5xim29fg2"}
{"type":"operationStart","subtype":"engine","name":"handlebars","timestamp":1766935001680,"id":"bddwtggc0512uzk","previousEventId":"ijvmqsn06a2x81l","operationId":"tqmee2cb92r6psu","previousOperationId":"gizbho5xim29fg2"}
{"type":"log","timestamp":1766935001680,"level":"debug","message":"Rendering engine handlebars","meta":{"rootId":"wadtn88fdc4ujb1","id":"dlb05u964qm6fwa"},"id":"hcp82oyiytvrx24","previousOperationId":"tqmee2cb92r6psu"}
{"type":"log","timestamp":1766935001871,"level":"debug","message":"(console:log) {\n  type: 'echarts@v5a',\n  width: 848,\n  height: 409,\n  option: { radar: [ [Object] ], series: [ [Object] ] }\n}","meta":{"userLevel":true,"rootId":"wadtn88fdc4ujb1","id":"dlb05u964qm6fwa"},"id":"h5ezfnx4q6aqfgo","previousOperationId":"tqmee2cb92r6psu"}
{"type":"operationEnd","operationId":"tqmee2cb92r6psu","timestamp":1766935001889,"id":"1jk3uqd8djc1rcm","previousEventId":"bddwtggc0512uzk","previousOperationId":"tqmee2cb92r6psu"}
{"type":"operationStart","subtype":"recipe","name":"html","timestamp":1766935001917,"id":"7y3w0xq1nolckgn","previousEventId":"1jk3uqd8djc1rcm","operationId":"elq2m3bkzgitith","previousOperationId":"tqmee2cb92r6psu"}
{"type":"log","timestamp":1766935001917,"level":"debug","message":"Executing recipe html","meta":{"rootId":"wadtn88fdc4ujb1","id":"dlb05u964qm6fwa"},"id":"yywsrwuc2vme2iv","previousOperationId":"elq2m3bkzgitith"}
{"type":"operationEnd","operationId":"elq2m3bkzgitith","timestamp":1766935001918,"id":"mkxf96olqtz7ujb","previousEventId":"7y3w0xq1nolckgn","previousOperationId":"elq2m3bkzgitith"}
{"type":"log","timestamp":1766935001918,"level":"debug","message":"Skipping storing report.","meta":{"rootId":"wadtn88fdc4ujb1","id":"dlb05u964qm6fwa"},"id":"2o9f0f99g83bgxw","previousOperationId":"elq2m3bkzgitith"}
{"type":"log","timestamp":1766935001918,"level":"info","message":"Rendering (child) request finished in 2144 ms","meta":{"rootId":"wadtn88fdc4ujb1","id":"dlb05u964qm6fwa"},"id":"jy7sb1wt4bywmuv","previousOperationId":"elq2m3bkzgitith"}
{"type":"operationEnd","subtype":"render","operationId":"gizbho5xim29fg2","timestamp":1766935001918,"id":"vb14y1vfrbxyfsc","previousEventId":"mkxf96olqtz7ujb","previousOperationId":"elq2m3bkzgitith"}
{"type":"log","timestamp":1766935010503,"level":"debug","message":"pptx successfully zipped","meta":{"rootId":"wadtn88fdc4ujb1","id":"wadtn88fdc4ujb1"},"id":"m142fnq15u05kac","previousOperationId":"g9yrnqyhtv1en3w"}
{"type":"log","timestamp":1766935010503,"level":"info","message":"pptx generation was finished","meta":{"rootId":"wadtn88fdc4ujb1","id":"wadtn88fdc4ujb1"},"id":"34xo1ukqv88lhz4","previousOperationId":"g9yrnqyhtv1en3w"}
{"type":"operationEnd","operationId":"g9yrnqyhtv1en3w","timestamp":1766935010513,"id":"sdu9bqqrl688fjx","previousEventId":"rkaavlyhl5ko79u","previousOperationId":"g9yrnqyhtv1en3w"}
{"type":"log","timestamp":1766935010514,"level":"debug","message":"Skipping storing report.","meta":{"rootId":"wadtn88fdc4ujb1","id":"wadtn88fdc4ujb1"},"id":"j46m8l4qmwyzt3b","previousOperationId":"g9yrnqyhtv1en3w"}
{"type":"log","timestamp":1766935010514,"level":"info","message":"Rendering request 4 finished in 10740 ms","meta":{"rootId":"wadtn88fdc4ujb1","id":"wadtn88fdc4ujb1"},"id":"n0zdcym6ewi54ic","previousOperationId":"g9yrnqyhtv1en3w"}
{"type":"operationEnd","subtype":"render","operationId":"1dzgzpztfifz2a0","timestamp":1766935010514,"id":"scljl7p8enla1o7","previousEventId":"sdu9bqqrl688fjx","previousOperationId":"g9yrnqyhtv1en3w"}
{"type":"operationEnd","doDiffs":false,"previousEventId":"m86svnn0gsyfyom","previousOperationId":"f4zlfys7308zf97","operationId":"f4zlfys7308zf97","timestamp":1766935010519,"id":"0cbdlc89riuvz27"}
