{"type":"operationStart","subtype":"profile","data":{"_id":"0I1es6D6L5bsx7cH","timestamp":"2025-12-07T19:40:23.914Z","state":"running","mode":"standard","creationDate":"2025-12-07T19:40:23.923Z","modificationDate":"2025-12-07T19:40:23.923Z","shortid":"L-RK3-q","$entitySet":"profiles","timeout":60000},"doDiffs":false,"timestamp":1765136423921,"id":"bnvprnt1x4wdi6f","previousOperationId":null,"operationId":"kwtf3sf607ombz9"}
{"type":"log","level":"info","message":"Render request 25 queued for execution and waiting for available worker","previousOperationId":"kwtf3sf607ombz9","timestamp":1765136423921,"id":"1ynlmsjams7vkw8"}
{"type":"operationStart","subtype":"render","name":"anonymous","previousOperationId":"kwtf3sf607ombz9","timestamp":1765136423951,"id":"jg6h2kop940mj3x","previousEventId":"bnvprnt1x4wdi6f","operationId":"qi109kr9648v81x"}
{"type":"log","timestamp":1765136423951,"level":"info","message":"Starting rendering request 25","meta":{"rootId":"wbmqh89j3uasdgz","id":"wbmqh89j3uasdgz"},"id":"2theuczlsuuyit8","previousOperationId":"qi109kr9648v81x"}
{"type":"log","timestamp":1765136423951,"level":"info","message":"Rendering anonymous template { recipe: pptx, engine: handlebars }","meta":{"rootId":"wbmqh89j3uasdgz","id":"wbmqh89j3uasdgz"},"id":"lk5rxjt8ntzu09v","previousOperationId":"qi109kr9648v81x"}
{"type":"log","timestamp":1765136423951,"level":"debug","message":"Inline data specified.","meta":{"rootId":"wbmqh89j3uasdgz","id":"wbmqh89j3uasdgz"},"id":"oou74yg27tpk43n","previousOperationId":"qi109kr9648v81x"}
{"type":"log","timestamp":1765136423953,"level":"debug","message":"Base url not specified, skipping its injection.","meta":{"rootId":"wbmqh89j3uasdgz","id":"wbmqh89j3uasdgz"},"id":"pwj991odu76iww8","previousOperationId":"qi109kr9648v81x"}
{"type":"operationStart","subtype":"engine","name":"handlebars","timestamp":1765136423953,"id":"95d6y3sf7ex66gx","previousEventId":"jg6h2kop940mj3x","operationId":"xegqtj035zisjwx","previousOperationId":"qi109kr9648v81x"}
{"type":"log","timestamp":1765136423953,"level":"debug","message":"Rendering engine handlebars","meta":{"rootId":"wbmqh89j3uasdgz","id":"wbmqh89j3uasdgz"},"id":"0v0xllxuh9bnt4x","previousOperationId":"xegqtj035zisjwx"}
{"type":"operationEnd","operationId":"xegqtj035zisjwx","timestamp":1765136423960,"id":"eue4kou827vpb92","previousEventId":"95d6y3sf7ex66gx","previousOperationId":"xegqtj035zisjwx"}
{"type":"operationStart","subtype":"recipe","name":"pptx","timestamp":1765136423961,"id":"fz12m9ompd1k9zi","previousEventId":"eue4kou827vpb92","operationId":"msmnwo5hrfaa3qy","previousOperationId":"xegqtj035zisjwx"}
{"type":"log","timestamp":1765136423961,"level":"debug","message":"Executing recipe pptx","meta":{"rootId":"wbmqh89j3uasdgz","id":"wbmqh89j3uasdgz"},"id":"x93mvh87eai7lkc","previousOperationId":"msmnwo5hrfaa3qy"}
{"type":"log","timestamp":1765136423974,"level":"info","message":"pptx generation is starting","meta":{"rootId":"wbmqh89j3uasdgz","id":"wbmqh89j3uasdgz"},"id":"9pnpmlruauwrd2m","previousOperationId":"msmnwo5hrfaa3qy"}
{"type":"log","timestamp":1765136424993,"level":"debug","message":"Starting child request to render pptx dynamic parts","meta":{"rootId":"wbmqh89j3uasdgz","id":"wbmqh89j3uasdgz"},"id":"hd095kvga9z6b0p","previousOperationId":"msmnwo5hrfaa3qy"}
{"type":"operationStart","subtype":"render","name":"anonymous","previousOperationId":"msmnwo5hrfaa3qy","timestamp":1765136424994,"id":"y0mdc7054cuvc67","previousEventId":"fz12m9ompd1k9zi","operationId":"tz7v2wq72ukdzdk"}
{"type":"log","timestamp":1765136424994,"level":"info","message":"Starting rendering (child) request","meta":{"rootId":"wbmqh89j3uasdgz","id":"2plgp8qvuzyc5wj"},"id":"be67j5afxydgghh","previousOperationId":"tz7v2wq72ukdzdk"}
{"type":"log","timestamp":1765136424994,"level":"info","message":"Rendering anonymous template { recipe: html, engine: handlebars }","meta":{"rootId":"wbmqh89j3uasdgz","id":"2plgp8qvuzyc5wj"},"id":"iau6284sjgn4diz","previousOperationId":"tz7v2wq72ukdzdk"}
{"type":"log","timestamp":1765136424994,"level":"debug","message":"Inline data specified.","meta":{"rootId":"wbmqh89j3uasdgz","id":"2plgp8qvuzyc5wj"},"id":"9y8n8992kz49vzh","previousOperationId":"tz7v2wq72ukdzdk"}
{"type":"log","timestamp":1765136424997,"level":"debug","message":"Base url not specified, skipping its injection.","meta":{"rootId":"wbmqh89j3uasdgz","id":"2plgp8qvuzyc5wj"},"id":"srp4e6q15jwb09h","previousOperationId":"tz7v2wq72ukdzdk"}
{"type":"operationStart","subtype":"engine","name":"handlebars","timestamp":1765136424998,"id":"euwkbg37v9gmn97","previousEventId":"y0mdc7054cuvc67","operationId":"2x4jyjkofs9o7s5","previousOperationId":"tz7v2wq72ukdzdk"}
{"type":"log","timestamp":1765136424998,"level":"debug","message":"Rendering engine handlebars","meta":{"rootId":"wbmqh89j3uasdgz","id":"2plgp8qvuzyc5wj"},"id":"ahd8uyh83pps0d2","previousOperationId":"2x4jyjkofs9o7s5"}
{"type":"operationEnd","operationId":"2x4jyjkofs9o7s5","timestamp":1765136425077,"id":"7wgecu10flt6nif","previousEventId":"euwkbg37v9gmn97","previousOperationId":"2x4jyjkofs9o7s5"}
{"type":"operationStart","subtype":"recipe","name":"html","timestamp":1765136425083,"id":"elb0skovqfqt2dh","previousEventId":"7wgecu10flt6nif","operationId":"q43zugsziah7bmq","previousOperationId":"2x4jyjkofs9o7s5"}
{"type":"log","timestamp":1765136425083,"level":"debug","message":"Executing recipe html","meta":{"rootId":"wbmqh89j3uasdgz","id":"2plgp8qvuzyc5wj"},"id":"iy5lw4n8vrlpx9y","previousOperationId":"q43zugsziah7bmq"}
{"type":"operationEnd","operationId":"q43zugsziah7bmq","timestamp":1765136425084,"id":"edsgbsp8urhvu1y","previousEventId":"elb0skovqfqt2dh","previousOperationId":"q43zugsziah7bmq"}
{"type":"log","timestamp":1765136425084,"level":"debug","message":"Skipping storing report.","meta":{"rootId":"wbmqh89j3uasdgz","id":"2plgp8qvuzyc5wj"},"id":"psbifr4kmlptopf","previousOperationId":"q43zugsziah7bmq"}
{"type":"log","timestamp":1765136425084,"level":"info","message":"Rendering (child) request finished in 1170 ms","meta":{"rootId":"wbmqh89j3uasdgz","id":"2plgp8qvuzyc5wj"},"id":"ulxrik2434wjkx0","previousOperationId":"q43zugsziah7bmq"}
{"type":"operationEnd","subtype":"render","operationId":"tz7v2wq72ukdzdk","timestamp":1765136425084,"id":"w5kk4xgcx8kn961","previousEventId":"edsgbsp8urhvu1y","previousOperationId":"q43zugsziah7bmq"}
{"type":"log","timestamp":1765136427891,"level":"debug","message":"pptx successfully zipped","meta":{"rootId":"wbmqh89j3uasdgz","id":"wbmqh89j3uasdgz"},"id":"2mgx8xv04zo524y","previousOperationId":"msmnwo5hrfaa3qy"}
{"type":"log","timestamp":1765136427891,"level":"info","message":"pptx generation was finished","meta":{"rootId":"wbmqh89j3uasdgz","id":"wbmqh89j3uasdgz"},"id":"r63r1qxkgibuqwm","previousOperationId":"msmnwo5hrfaa3qy"}
{"type":"operationEnd","operationId":"msmnwo5hrfaa3qy","timestamp":1765136427899,"id":"cexybrr6j1mt1dy","previousEventId":"fz12m9ompd1k9zi","previousOperationId":"msmnwo5hrfaa3qy"}
{"type":"log","timestamp":1765136427899,"level":"debug","message":"Skipping storing report.","meta":{"rootId":"wbmqh89j3uasdgz","id":"wbmqh89j3uasdgz"},"id":"9kg51q7cvpk9oxw","previousOperationId":"msmnwo5hrfaa3qy"}
{"type":"log","timestamp":1765136427899,"level":"info","message":"Rendering request 25 finished in 3985 ms","meta":{"rootId":"wbmqh89j3uasdgz","id":"wbmqh89j3uasdgz"},"id":"zxrzu5xftte7bxo","previousOperationId":"msmnwo5hrfaa3qy"}
{"type":"operationEnd","subtype":"render","operationId":"qi109kr9648v81x","timestamp":1765136427899,"id":"z2mqmx0xztdeyug","previousEventId":"cexybrr6j1mt1dy","previousOperationId":"msmnwo5hrfaa3qy"}
{"type":"operationEnd","doDiffs":false,"previousEventId":"bnvprnt1x4wdi6f","previousOperationId":"kwtf3sf607ombz9","operationId":"kwtf3sf607ombz9","timestamp":1765136427903,"id":"ednk59sipm0svhd"}
