{"type":"operationStart","subtype":"profile","data":{"_id":"aMbAk6XXDclmxSwY","timestamp":"2025-12-27T14:27:08.042Z","state":"running","mode":"standard","creationDate":"2025-12-27T14:27:08.046Z","modificationDate":"2025-12-27T14:27:08.046Z","shortid":"H7Ssh06","$entitySet":"profiles","timeout":60000},"doDiffs":false,"timestamp":1766845628044,"id":"t1ykglfl74hiqim","previousOperationId":null,"operationId":"92sisclj7tcgt7o"}
{"type":"log","level":"info","message":"Render request 2 queued for execution and waiting for available worker","previousOperationId":"92sisclj7tcgt7o","timestamp":1766845628044,"id":"ruji71fsu1sg22f"}
{"type":"operationStart","subtype":"render","name":"anonymous","previousOperationId":"92sisclj7tcgt7o","timestamp":1766845628099,"id":"3g5k9h26mhqlhbe","previousEventId":"t1ykglfl74hiqim","operationId":"06a6q4lsj6yzni9"}
{"type":"log","timestamp":1766845628101,"level":"info","message":"Starting rendering request 2","meta":{"rootId":"wbsp025wub65gdz","id":"wbsp025wub65gdz"},"id":"vh5wwkrriqte3nj","previousOperationId":"06a6q4lsj6yzni9"}
{"type":"log","timestamp":1766845628104,"level":"info","message":"Rendering anonymous template { recipe: pptx, engine: handlebars }","meta":{"rootId":"wbsp025wub65gdz","id":"wbsp025wub65gdz"},"id":"se829cc7tr8j9aa","previousOperationId":"06a6q4lsj6yzni9"}
{"type":"log","timestamp":1766845628104,"level":"debug","message":"Inline data specified.","meta":{"rootId":"wbsp025wub65gdz","id":"wbsp025wub65gdz"},"id":"rt7fkzbiift87ya","previousOperationId":"06a6q4lsj6yzni9"}
{"type":"log","timestamp":1766845628111,"level":"debug","message":"Base url not specified, skipping its injection.","meta":{"rootId":"wbsp025wub65gdz","id":"wbsp025wub65gdz"},"id":"sehhnfspa696m1v","previousOperationId":"06a6q4lsj6yzni9"}
{"type":"operationStart","subtype":"engine","name":"handlebars","timestamp":1766845628112,"id":"vaq8agwqivk7d38","previousEventId":"3g5k9h26mhqlhbe","operationId":"5apuka64r65lr5o","previousOperationId":"06a6q4lsj6yzni9"}
{"type":"log","timestamp":1766845628112,"level":"debug","message":"Rendering engine handlebars","meta":{"rootId":"wbsp025wub65gdz","id":"wbsp025wub65gdz"},"id":"4rqr3zbtdxw4tbp","previousOperationId":"5apuka64r65lr5o"}
{"type":"operationEnd","operationId":"5apuka64r65lr5o","timestamp":1766845628832,"id":"32xbw73sd58fq89","previousEventId":"vaq8agwqivk7d38","previousOperationId":"5apuka64r65lr5o"}
{"type":"operationStart","subtype":"recipe","name":"pptx","timestamp":1766845628833,"id":"i2iysj6yethwbzh","previousEventId":"32xbw73sd58fq89","operationId":"axvxvp2katmpa04","previousOperationId":"5apuka64r65lr5o"}
{"type":"log","timestamp":1766845628833,"level":"debug","message":"Executing recipe pptx","meta":{"rootId":"wbsp025wub65gdz","id":"wbsp025wub65gdz"},"id":"ci4vhf9ujhpquwl","previousOperationId":"axvxvp2katmpa04"}
{"type":"log","timestamp":1766845629002,"level":"info","message":"pptx generation is starting","meta":{"rootId":"wbsp025wub65gdz","id":"wbsp025wub65gdz"},"id":"4dbcvz9w8m8yyj2","previousOperationId":"axvxvp2katmpa04"}
{"type":"log","timestamp":1766845630165,"level":"debug","message":"Starting child request to render pptx dynamic parts","meta":{"rootId":"wbsp025wub65gdz","id":"wbsp025wub65gdz"},"id":"103i3iv5r7fulf7","previousOperationId":"axvxvp2katmpa04"}
{"type":"operationStart","subtype":"render","name":"anonymous","previousOperationId":"axvxvp2katmpa04","timestamp":1766845630166,"id":"k5sfmgfjdvorsn2","previousEventId":"i2iysj6yethwbzh","operationId":"fk1o3yc09ye5f9v"}
{"type":"log","timestamp":1766845630166,"level":"info","message":"Starting rendering (child) request","meta":{"rootId":"wbsp025wub65gdz","id":"ehaw7uiig8j5yxz"},"id":"s6hrn3tmjlo69cz","previousOperationId":"fk1o3yc09ye5f9v"}
{"type":"log","timestamp":1766845630166,"level":"info","message":"Rendering anonymous template { recipe: html, engine: handlebars }","meta":{"rootId":"wbsp025wub65gdz","id":"ehaw7uiig8j5yxz"},"id":"h4f781h6wb2jkz2","previousOperationId":"fk1o3yc09ye5f9v"}
{"type":"log","timestamp":1766845630166,"level":"debug","message":"Inline data specified.","meta":{"rootId":"wbsp025wub65gdz","id":"ehaw7uiig8j5yxz"},"id":"47q41cvs0ovgrco","previousOperationId":"fk1o3yc09ye5f9v"}
{"type":"log","timestamp":1766845630170,"level":"debug","message":"Base url not specified, skipping its injection.","meta":{"rootId":"wbsp025wub65gdz","id":"ehaw7uiig8j5yxz"},"id":"8znhjqqn08ny3qq","previousOperationId":"fk1o3yc09ye5f9v"}
{"type":"operationStart","subtype":"engine","name":"handlebars","timestamp":1766845630172,"id":"lyh06ty2jdj5oav","previousEventId":"k5sfmgfjdvorsn2","operationId":"rukdzld5jmkgxcp","previousOperationId":"fk1o3yc09ye5f9v"}
{"type":"log","timestamp":1766845630172,"level":"debug","message":"Rendering engine handlebars","meta":{"rootId":"wbsp025wub65gdz","id":"ehaw7uiig8j5yxz"},"id":"2d3kex1n3q0uiyf","previousOperationId":"rukdzld5jmkgxcp"}
{"type":"operationEnd","operationId":"rukdzld5jmkgxcp","timestamp":1766845630333,"id":"wl0kazvnhuhtoum","previousEventId":"lyh06ty2jdj5oav","previousOperationId":"rukdzld5jmkgxcp"}
{"type":"operationStart","subtype":"recipe","name":"html","timestamp":1766845630343,"id":"d538yv7dck0g5wy","previousEventId":"wl0kazvnhuhtoum","operationId":"xdpjvkahwm700d0","previousOperationId":"rukdzld5jmkgxcp"}
{"type":"log","timestamp":1766845630343,"level":"debug","message":"Executing recipe html","meta":{"rootId":"wbsp025wub65gdz","id":"ehaw7uiig8j5yxz"},"id":"mfiimv2b6eyaye8","previousOperationId":"xdpjvkahwm700d0"}
{"type":"operationEnd","operationId":"xdpjvkahwm700d0","timestamp":1766845630344,"id":"uvvkibj7hpsd4ty","previousEventId":"d538yv7dck0g5wy","previousOperationId":"xdpjvkahwm700d0"}
{"type":"log","timestamp":1766845630345,"level":"debug","message":"Skipping storing report.","meta":{"rootId":"wbsp025wub65gdz","id":"ehaw7uiig8j5yxz"},"id":"au0azw21pri628a","previousOperationId":"xdpjvkahwm700d0"}
{"type":"log","timestamp":1766845630345,"level":"info","message":"Rendering (child) request finished in 2303 ms","meta":{"rootId":"wbsp025wub65gdz","id":"ehaw7uiig8j5yxz"},"id":"k1zau97s8vmeacg","previousOperationId":"xdpjvkahwm700d0"}
{"type":"operationEnd","subtype":"render","operationId":"fk1o3yc09ye5f9v","timestamp":1766845630345,"id":"q1a9az6uwz7eym3","previousEventId":"uvvkibj7hpsd4ty","previousOperationId":"xdpjvkahwm700d0"}
{"type":"log","timestamp":1766845633579,"level":"debug","message":"pptx successfully zipped","meta":{"rootId":"wbsp025wub65gdz","id":"wbsp025wub65gdz"},"id":"nn43eqd87ne2bqi","previousOperationId":"axvxvp2katmpa04"}
{"type":"log","timestamp":1766845633579,"level":"info","message":"pptx generation was finished","meta":{"rootId":"wbsp025wub65gdz","id":"wbsp025wub65gdz"},"id":"gv6vvkapdwreb67","previousOperationId":"axvxvp2katmpa04"}
{"type":"operationEnd","operationId":"axvxvp2katmpa04","timestamp":1766845633592,"id":"u4p189d6wuskvqp","previousEventId":"i2iysj6yethwbzh","previousOperationId":"axvxvp2katmpa04"}
{"type":"log","timestamp":1766845633592,"level":"debug","message":"Skipping storing report.","meta":{"rootId":"wbsp025wub65gdz","id":"wbsp025wub65gdz"},"id":"scu7bhlb4npgw46","previousOperationId":"axvxvp2katmpa04"}
{"type":"log","timestamp":1766845633592,"level":"info","message":"Rendering request 2 finished in 5550 ms","meta":{"rootId":"wbsp025wub65gdz","id":"wbsp025wub65gdz"},"id":"u1jc8zy6791id37","previousOperationId":"axvxvp2katmpa04"}
{"type":"operationEnd","subtype":"render","operationId":"06a6q4lsj6yzni9","timestamp":1766845633592,"id":"c3sgb734ttt1qhv","previousEventId":"u4p189d6wuskvqp","previousOperationId":"axvxvp2katmpa04"}
{"type":"operationEnd","doDiffs":false,"previousEventId":"t1ykglfl74hiqim","previousOperationId":"92sisclj7tcgt7o","operationId":"92sisclj7tcgt7o","timestamp":1766845633597,"id":"91y2sot5mcgq58a"}
