{"type":"operationStart","subtype":"profile","data":{"_id":"662tMvZeVoJhF5nR","timestamp":"2025-12-25T20:18:07.634Z","state":"running","mode":"standard","creationDate":"2025-12-25T20:18:07.645Z","modificationDate":"2025-12-25T20:18:07.645Z","shortid":"PhGq4xv","$entitySet":"profiles","timeout":60000},"doDiffs":false,"timestamp":1766693887640,"id":"9nsiz1ve1801hv0","previousOperationId":null,"operationId":"jlhzcgkkrcjl3mj"}
{"type":"log","level":"info","message":"Render request 1 queued for execution and waiting for available worker","previousOperationId":"jlhzcgkkrcjl3mj","timestamp":1766693887641,"id":"5afhg2a0bwg2xdp"}
{"type":"operationStart","subtype":"render","name":"anonymous","previousOperationId":"jlhzcgkkrcjl3mj","timestamp":1766693887732,"id":"2ew0dcxu9qsjjwl","previousEventId":"9nsiz1ve1801hv0","operationId":"g9f2aipooqiw094"}
{"type":"log","timestamp":1766693887734,"level":"info","message":"Starting rendering request 1","meta":{"rootId":"wc23fa4un4qv5u1","id":"wc23fa4un4qv5u1"},"id":"j45j9twwvwn8nrg","previousOperationId":"g9f2aipooqiw094"}
{"type":"log","timestamp":1766693887737,"level":"info","message":"Rendering anonymous template { recipe: pptx, engine: handlebars }","meta":{"rootId":"wc23fa4un4qv5u1","id":"wc23fa4un4qv5u1"},"id":"8zmx7aev5wwylh8","previousOperationId":"g9f2aipooqiw094"}
{"type":"log","timestamp":1766693887738,"level":"debug","message":"Inline data specified.","meta":{"rootId":"wc23fa4un4qv5u1","id":"wc23fa4un4qv5u1"},"id":"z7huocmygwjxo10","previousOperationId":"g9f2aipooqiw094"}
{"type":"log","timestamp":1766693887744,"level":"debug","message":"Base url not specified, skipping its injection.","meta":{"rootId":"wc23fa4un4qv5u1","id":"wc23fa4un4qv5u1"},"id":"fl17gy5hvoq1sqb","previousOperationId":"g9f2aipooqiw094"}
{"type":"operationStart","subtype":"engine","name":"handlebars","timestamp":1766693887747,"id":"utdszwa5q9ef8c0","previousEventId":"2ew0dcxu9qsjjwl","operationId":"plygmrgulldx9dk","previousOperationId":"g9f2aipooqiw094"}
{"type":"log","timestamp":1766693887747,"level":"debug","message":"Rendering engine handlebars","meta":{"rootId":"wc23fa4un4qv5u1","id":"wc23fa4un4qv5u1"},"id":"29ioevec2p7kttv","previousOperationId":"plygmrgulldx9dk"}
{"type":"operationEnd","operationId":"plygmrgulldx9dk","timestamp":1766693888997,"id":"ekkm15hjfqqebuq","previousEventId":"utdszwa5q9ef8c0","previousOperationId":"plygmrgulldx9dk"}
{"type":"operationStart","subtype":"recipe","name":"pptx","timestamp":1766693888998,"id":"yjwdobrtxq29gg5","previousEventId":"ekkm15hjfqqebuq","operationId":"991ixyb562x8r4t","previousOperationId":"plygmrgulldx9dk"}
{"type":"log","timestamp":1766693888998,"level":"debug","message":"Executing recipe pptx","meta":{"rootId":"wc23fa4un4qv5u1","id":"wc23fa4un4qv5u1"},"id":"1ivi0tc3d57bpnt","previousOperationId":"991ixyb562x8r4t"}
{"type":"log","timestamp":1766693889260,"level":"info","message":"pptx generation is starting","meta":{"rootId":"wc23fa4un4qv5u1","id":"wc23fa4un4qv5u1"},"id":"ui119yvb0hh0wjx","previousOperationId":"991ixyb562x8r4t"}
{"type":"log","timestamp":1766693891128,"level":"debug","message":"Starting child request to render pptx dynamic parts","meta":{"rootId":"wc23fa4un4qv5u1","id":"wc23fa4un4qv5u1"},"id":"5a5sye9053bbcw6","previousOperationId":"991ixyb562x8r4t"}
{"type":"operationStart","subtype":"render","name":"anonymous","previousOperationId":"991ixyb562x8r4t","timestamp":1766693891131,"id":"38213tsg3ith8li","previousEventId":"yjwdobrtxq29gg5","operationId":"bvc9fx7t05ockm2"}
{"type":"log","timestamp":1766693891131,"level":"info","message":"Starting rendering (child) request","meta":{"rootId":"wc23fa4un4qv5u1","id":"2z8ifejayhgf3e7"},"id":"2i1lf0hgey9kwck","previousOperationId":"bvc9fx7t05ockm2"}
{"type":"log","timestamp":1766693891131,"level":"info","message":"Rendering anonymous template { recipe: html, engine: handlebars }","meta":{"rootId":"wc23fa4un4qv5u1","id":"2z8ifejayhgf3e7"},"id":"xrjtj8u5j1ggw7h","previousOperationId":"bvc9fx7t05ockm2"}
{"type":"log","timestamp":1766693891131,"level":"debug","message":"Inline data specified.","meta":{"rootId":"wc23fa4un4qv5u1","id":"2z8ifejayhgf3e7"},"id":"fgu0bs1wpyegqc6","previousOperationId":"bvc9fx7t05ockm2"}
{"type":"log","timestamp":1766693891139,"level":"debug","message":"Base url not specified, skipping its injection.","meta":{"rootId":"wc23fa4un4qv5u1","id":"2z8ifejayhgf3e7"},"id":"1qimau13sagrfdc","previousOperationId":"bvc9fx7t05ockm2"}
{"type":"operationStart","subtype":"engine","name":"handlebars","timestamp":1766693891142,"id":"xr9orhfr2w85h5x","previousEventId":"38213tsg3ith8li","operationId":"sbz0uqej9hqosav","previousOperationId":"bvc9fx7t05ockm2"}
{"type":"log","timestamp":1766693891142,"level":"debug","message":"Rendering engine handlebars","meta":{"rootId":"wc23fa4un4qv5u1","id":"2z8ifejayhgf3e7"},"id":"oeyrsdxktmapb8o","previousOperationId":"sbz0uqej9hqosav"}
{"type":"operationEnd","operationId":"sbz0uqej9hqosav","timestamp":1766693891344,"id":"6j2ym109tzavo2q","previousEventId":"xr9orhfr2w85h5x","previousOperationId":"sbz0uqej9hqosav"}
{"type":"operationStart","subtype":"recipe","name":"html","timestamp":1766693891358,"id":"l62mio4mwim8d6o","previousEventId":"6j2ym109tzavo2q","operationId":"eg4dbvus0g7o4zy","previousOperationId":"sbz0uqej9hqosav"}
{"type":"log","timestamp":1766693891358,"level":"debug","message":"Executing recipe html","meta":{"rootId":"wc23fa4un4qv5u1","id":"2z8ifejayhgf3e7"},"id":"0wkingsfy2x34m1","previousOperationId":"eg4dbvus0g7o4zy"}
{"type":"operationEnd","operationId":"eg4dbvus0g7o4zy","timestamp":1766693891358,"id":"2uwvrj2qpx4aut8","previousEventId":"l62mio4mwim8d6o","previousOperationId":"eg4dbvus0g7o4zy"}
{"type":"log","timestamp":1766693891360,"level":"debug","message":"Skipping storing report.","meta":{"rootId":"wc23fa4un4qv5u1","id":"2z8ifejayhgf3e7"},"id":"1nhkjgi53nl9r0r","previousOperationId":"eg4dbvus0g7o4zy"}
{"type":"log","timestamp":1766693891360,"level":"info","message":"Rendering (child) request finished in 3728 ms","meta":{"rootId":"wc23fa4un4qv5u1","id":"2z8ifejayhgf3e7"},"id":"80kdjbukzd84q3y","previousOperationId":"eg4dbvus0g7o4zy"}
{"type":"operationEnd","subtype":"render","operationId":"bvc9fx7t05ockm2","timestamp":1766693891360,"id":"vtoa0l0u4k45jb7","previousEventId":"2uwvrj2qpx4aut8","previousOperationId":"eg4dbvus0g7o4zy"}
{"type":"log","timestamp":1766693896503,"level":"debug","message":"pptx successfully zipped","meta":{"rootId":"wc23fa4un4qv5u1","id":"wc23fa4un4qv5u1"},"id":"41g8s2os3i43ijt","previousOperationId":"991ixyb562x8r4t"}
{"type":"log","timestamp":1766693896504,"level":"info","message":"pptx generation was finished","meta":{"rootId":"wc23fa4un4qv5u1","id":"wc23fa4un4qv5u1"},"id":"4kunbs2p8hglfsb","previousOperationId":"991ixyb562x8r4t"}
{"type":"operationEnd","operationId":"991ixyb562x8r4t","timestamp":1766693896521,"id":"hvia46sv9icthqk","previousEventId":"yjwdobrtxq29gg5","previousOperationId":"991ixyb562x8r4t"}
{"type":"log","timestamp":1766693896521,"level":"debug","message":"Skipping storing report.","meta":{"rootId":"wc23fa4un4qv5u1","id":"wc23fa4un4qv5u1"},"id":"gecl6vas0oiu5n0","previousOperationId":"991ixyb562x8r4t"}
{"type":"log","timestamp":1766693896521,"level":"info","message":"Rendering request 1 finished in 8889 ms","meta":{"rootId":"wc23fa4un4qv5u1","id":"wc23fa4un4qv5u1"},"id":"aygazksz4p681xa","previousOperationId":"991ixyb562x8r4t"}
{"type":"operationEnd","subtype":"render","operationId":"g9f2aipooqiw094","timestamp":1766693896521,"id":"ishb14otcrpgkjb","previousEventId":"hvia46sv9icthqk","previousOperationId":"991ixyb562x8r4t"}
{"type":"operationEnd","doDiffs":false,"previousEventId":"9nsiz1ve1801hv0","previousOperationId":"jlhzcgkkrcjl3mj","operationId":"jlhzcgkkrcjl3mj","timestamp":1766693896528,"id":"g0fnvycwm1zpmf3"}
