{"type":"operationStart","subtype":"profile","data":{"_id":"DkJhg9T6SmUklNdG","timestamp":"2025-12-28T14:31:43.946Z","state":"running","mode":"standard","creationDate":"2025-12-28T14:31:43.951Z","modificationDate":"2025-12-28T14:31:43.951Z","shortid":"_BNdMVN","$entitySet":"profiles","timeout":60000},"doDiffs":false,"timestamp":1766932303949,"id":"7cwz4lvmjinayw8","previousOperationId":null,"operationId":"804oaadyex5qrqe"}
{"type":"log","level":"info","message":"Render request 23 queued for execution and waiting for available worker","previousOperationId":"804oaadyex5qrqe","timestamp":1766932303950,"id":"if7zsud7rg4zwax"}
{"type":"operationStart","subtype":"render","name":"anonymous","previousOperationId":"804oaadyex5qrqe","timestamp":1766932304001,"id":"b9ldupqfp5w1w72","previousEventId":"7cwz4lvmjinayw8","operationId":"lsm4a8qm09yaddf"}
{"type":"log","timestamp":1766932304001,"level":"info","message":"Starting rendering request 23","meta":{"rootId":"wdogvubxmvdi1aq","id":"wdogvubxmvdi1aq"},"id":"cpbomu6b5mor5hm","previousOperationId":"lsm4a8qm09yaddf"}
{"type":"log","timestamp":1766932304001,"level":"info","message":"Rendering anonymous template { recipe: pptx, engine: handlebars }","meta":{"rootId":"wdogvubxmvdi1aq","id":"wdogvubxmvdi1aq"},"id":"bc1xaj8pkhls0m2","previousOperationId":"lsm4a8qm09yaddf"}
{"type":"log","timestamp":1766932304001,"level":"debug","message":"Inline data specified.","meta":{"rootId":"wdogvubxmvdi1aq","id":"wdogvubxmvdi1aq"},"id":"0e4yglnurr145kc","previousOperationId":"lsm4a8qm09yaddf"}
{"type":"log","timestamp":1766932304006,"level":"debug","message":"Base url not specified, skipping its injection.","meta":{"rootId":"wdogvubxmvdi1aq","id":"wdogvubxmvdi1aq"},"id":"26auj4hen7eaplh","previousOperationId":"lsm4a8qm09yaddf"}
{"type":"operationStart","subtype":"engine","name":"handlebars","timestamp":1766932304007,"id":"gulmph460txn09r","previousEventId":"b9ldupqfp5w1w72","operationId":"tuu0ad01go03asj","previousOperationId":"lsm4a8qm09yaddf"}
{"type":"log","timestamp":1766932304007,"level":"debug","message":"Rendering engine handlebars","meta":{"rootId":"wdogvubxmvdi1aq","id":"wdogvubxmvdi1aq"},"id":"1656rsshvwf035i","previousOperationId":"tuu0ad01go03asj"}
{"type":"operationEnd","operationId":"tuu0ad01go03asj","timestamp":1766932304018,"id":"mzu7wgh5m4mt49h","previousEventId":"gulmph460txn09r","previousOperationId":"tuu0ad01go03asj"}
{"type":"operationStart","subtype":"recipe","name":"pptx","timestamp":1766932304018,"id":"dtnn7qlit2xdqsp","previousEventId":"mzu7wgh5m4mt49h","operationId":"cz6u9p1ngosd6rt","previousOperationId":"tuu0ad01go03asj"}
{"type":"log","timestamp":1766932304018,"level":"debug","message":"Executing recipe pptx","meta":{"rootId":"wdogvubxmvdi1aq","id":"wdogvubxmvdi1aq"},"id":"9p0kd8e5ds9yy4d","previousOperationId":"cz6u9p1ngosd6rt"}
{"type":"log","timestamp":1766932304032,"level":"info","message":"pptx generation is starting","meta":{"rootId":"wdogvubxmvdi1aq","id":"wdogvubxmvdi1aq"},"id":"x4aabtqskjyjjsn","previousOperationId":"cz6u9p1ngosd6rt"}
{"type":"log","timestamp":1766932305129,"level":"debug","message":"Starting child request to render pptx dynamic parts","meta":{"rootId":"wdogvubxmvdi1aq","id":"wdogvubxmvdi1aq"},"id":"pdoqityv8sgtvor","previousOperationId":"cz6u9p1ngosd6rt"}
{"type":"operationStart","subtype":"render","name":"anonymous","previousOperationId":"cz6u9p1ngosd6rt","timestamp":1766932305130,"id":"kgtq99vw53ebjbq","previousEventId":"dtnn7qlit2xdqsp","operationId":"9o966dgzhs6z8er"}
{"type":"log","timestamp":1766932305130,"level":"info","message":"Starting rendering (child) request","meta":{"rootId":"wdogvubxmvdi1aq","id":"u43bgu5ob5os9pa"},"id":"qmgrxr852zc069v","previousOperationId":"9o966dgzhs6z8er"}
{"type":"log","timestamp":1766932305130,"level":"info","message":"Rendering anonymous template { recipe: html, engine: handlebars }","meta":{"rootId":"wdogvubxmvdi1aq","id":"u43bgu5ob5os9pa"},"id":"c4ddscl793js9v3","previousOperationId":"9o966dgzhs6z8er"}
{"type":"log","timestamp":1766932305130,"level":"debug","message":"Inline data specified.","meta":{"rootId":"wdogvubxmvdi1aq","id":"u43bgu5ob5os9pa"},"id":"2redus4wsexl1qp","previousOperationId":"9o966dgzhs6z8er"}
{"type":"log","timestamp":1766932305135,"level":"debug","message":"Base url not specified, skipping its injection.","meta":{"rootId":"wdogvubxmvdi1aq","id":"u43bgu5ob5os9pa"},"id":"03t4i97snaunw6w","previousOperationId":"9o966dgzhs6z8er"}
{"type":"operationStart","subtype":"engine","name":"handlebars","timestamp":1766932305135,"id":"xz921fhtqber8kb","previousEventId":"kgtq99vw53ebjbq","operationId":"yejqn8bej7twrd6","previousOperationId":"9o966dgzhs6z8er"}
{"type":"log","timestamp":1766932305135,"level":"debug","message":"Rendering engine handlebars","meta":{"rootId":"wdogvubxmvdi1aq","id":"u43bgu5ob5os9pa"},"id":"al057u4kc0qfds6","previousOperationId":"yejqn8bej7twrd6"}
{"type":"log","timestamp":1766932305253,"level":"debug","message":"(console:log) {\n  type: 'echarts@v5a',\n  width: 848,\n  height: 409,\n  option: { radar: [ [Object] ], series: [ [Object] ] }\n}","meta":{"userLevel":true,"rootId":"wdogvubxmvdi1aq","id":"u43bgu5ob5os9pa"},"id":"pzwjpd6v3gjiz3h","previousOperationId":"yejqn8bej7twrd6"}
{"type":"operationEnd","operationId":"yejqn8bej7twrd6","timestamp":1766932305260,"id":"wxi6jhtzoisubrz","previousEventId":"xz921fhtqber8kb","previousOperationId":"yejqn8bej7twrd6"}
{"type":"operationStart","subtype":"recipe","name":"html","timestamp":1766932305270,"id":"w7thx95z30lp4my","previousEventId":"wxi6jhtzoisubrz","operationId":"rubmfd0gxgf8t9e","previousOperationId":"yejqn8bej7twrd6"}
{"type":"log","timestamp":1766932305271,"level":"debug","message":"Executing recipe html","meta":{"rootId":"wdogvubxmvdi1aq","id":"u43bgu5ob5os9pa"},"id":"x3q4nb5a2ejn4w8","previousOperationId":"rubmfd0gxgf8t9e"}
{"type":"operationEnd","operationId":"rubmfd0gxgf8t9e","timestamp":1766932305271,"id":"ti2d5i9zpehd7zy","previousEventId":"w7thx95z30lp4my","previousOperationId":"rubmfd0gxgf8t9e"}
{"type":"log","timestamp":1766932305271,"level":"debug","message":"Skipping storing report.","meta":{"rootId":"wdogvubxmvdi1aq","id":"u43bgu5ob5os9pa"},"id":"h9b6b3pdkvl4abh","previousOperationId":"rubmfd0gxgf8t9e"}
{"type":"log","timestamp":1766932305271,"level":"info","message":"Rendering (child) request finished in 1326 ms","meta":{"rootId":"wdogvubxmvdi1aq","id":"u43bgu5ob5os9pa"},"id":"3vno8axgcus812x","previousOperationId":"rubmfd0gxgf8t9e"}
{"type":"operationEnd","subtype":"render","operationId":"9o966dgzhs6z8er","timestamp":1766932305271,"id":"efz85x0o0mr1bxp","previousEventId":"ti2d5i9zpehd7zy","previousOperationId":"rubmfd0gxgf8t9e"}
{"type":"log","timestamp":1766932308241,"level":"debug","message":"pptx successfully zipped","meta":{"rootId":"wdogvubxmvdi1aq","id":"wdogvubxmvdi1aq"},"id":"12w1jyldowic4m0","previousOperationId":"cz6u9p1ngosd6rt"}
{"type":"log","timestamp":1766932308241,"level":"info","message":"pptx generation was finished","meta":{"rootId":"wdogvubxmvdi1aq","id":"wdogvubxmvdi1aq"},"id":"zq8gagmkol8bax4","previousOperationId":"cz6u9p1ngosd6rt"}
{"type":"operationEnd","operationId":"cz6u9p1ngosd6rt","timestamp":1766932308249,"id":"9nf5habtdsh8t7w","previousEventId":"dtnn7qlit2xdqsp","previousOperationId":"cz6u9p1ngosd6rt"}
{"type":"log","timestamp":1766932308249,"level":"debug","message":"Skipping storing report.","meta":{"rootId":"wdogvubxmvdi1aq","id":"wdogvubxmvdi1aq"},"id":"lhbbx9samvgp161","previousOperationId":"cz6u9p1ngosd6rt"}
{"type":"log","timestamp":1766932308249,"level":"info","message":"Rendering request 23 finished in 4304 ms","meta":{"rootId":"wdogvubxmvdi1aq","id":"wdogvubxmvdi1aq"},"id":"b44vsq7jvuqawl8","previousOperationId":"cz6u9p1ngosd6rt"}
{"type":"operationEnd","subtype":"render","operationId":"lsm4a8qm09yaddf","timestamp":1766932308249,"id":"2rvruq9vgnui2at","previousEventId":"9nf5habtdsh8t7w","previousOperationId":"cz6u9p1ngosd6rt"}
{"type":"operationEnd","doDiffs":false,"previousEventId":"7cwz4lvmjinayw8","previousOperationId":"804oaadyex5qrqe","operationId":"804oaadyex5qrqe","timestamp":1766932308252,"id":"7tsd9iustzxtlga"}
