{"type":"operationStart","subtype":"profile","data":{"_id":"kwfbDd6cU6esC2JP","timestamp":"2025-12-26T20:15:20.069Z","state":"running","mode":"standard","creationDate":"2025-12-26T20:15:20.076Z","modificationDate":"2025-12-26T20:15:20.076Z","shortid":"Z61XpyQ","$entitySet":"profiles","timeout":60000},"doDiffs":false,"timestamp":1766780120073,"id":"eohlndwpsvzv1s3","previousOperationId":null,"operationId":"706kph9zx381vnl"}
{"type":"log","level":"info","message":"Render request 9 queued for execution and waiting for available worker","previousOperationId":"706kph9zx381vnl","timestamp":1766780120073,"id":"t0jfipwl4y5g6uh"}
{"type":"operationStart","subtype":"render","name":"anonymous","previousOperationId":"706kph9zx381vnl","timestamp":1766780120149,"id":"936wljax2fqu72r","previousEventId":"eohlndwpsvzv1s3","operationId":"5f06b9keg8r710r"}
{"type":"log","timestamp":1766780120150,"level":"info","message":"Starting rendering request 9","meta":{"rootId":"whrfke4e88fl9xg","id":"whrfke4e88fl9xg"},"id":"7c1wudo4u783ogv","previousOperationId":"5f06b9keg8r710r"}
{"type":"log","timestamp":1766780120151,"level":"info","message":"Rendering anonymous template { recipe: pptx, engine: handlebars }","meta":{"rootId":"whrfke4e88fl9xg","id":"whrfke4e88fl9xg"},"id":"otxm1jqer41stkx","previousOperationId":"5f06b9keg8r710r"}
{"type":"log","timestamp":1766780120151,"level":"debug","message":"Inline data specified.","meta":{"rootId":"whrfke4e88fl9xg","id":"whrfke4e88fl9xg"},"id":"esdp00i2boxibez","previousOperationId":"5f06b9keg8r710r"}
{"type":"log","timestamp":1766780120156,"level":"debug","message":"Base url not specified, skipping its injection.","meta":{"rootId":"whrfke4e88fl9xg","id":"whrfke4e88fl9xg"},"id":"udu0x19yf48rapc","previousOperationId":"5f06b9keg8r710r"}
{"type":"operationStart","subtype":"engine","name":"handlebars","timestamp":1766780120157,"id":"qgj4t9af1ykco7c","previousEventId":"936wljax2fqu72r","operationId":"glcxhqxj0vhv3g2","previousOperationId":"5f06b9keg8r710r"}
{"type":"log","timestamp":1766780120158,"level":"debug","message":"Rendering engine handlebars","meta":{"rootId":"whrfke4e88fl9xg","id":"whrfke4e88fl9xg"},"id":"0seo5n6vajl7qa2","previousOperationId":"glcxhqxj0vhv3g2"}
{"type":"operationEnd","operationId":"glcxhqxj0vhv3g2","timestamp":1766780120188,"id":"crkzsh2ijpeg0qf","previousEventId":"qgj4t9af1ykco7c","previousOperationId":"glcxhqxj0vhv3g2"}
{"type":"operationStart","subtype":"recipe","name":"pptx","timestamp":1766780120188,"id":"po28xucdivxpvmc","previousEventId":"crkzsh2ijpeg0qf","operationId":"bn3tynqsf9epkco","previousOperationId":"glcxhqxj0vhv3g2"}
{"type":"log","timestamp":1766780120189,"level":"debug","message":"Executing recipe pptx","meta":{"rootId":"whrfke4e88fl9xg","id":"whrfke4e88fl9xg"},"id":"oyyu8myo1e4qi74","previousOperationId":"bn3tynqsf9epkco"}
{"type":"log","timestamp":1766780120210,"level":"info","message":"pptx generation is starting","meta":{"rootId":"whrfke4e88fl9xg","id":"whrfke4e88fl9xg"},"id":"g078xuxb13jzcw8","previousOperationId":"bn3tynqsf9epkco"}
{"type":"log","timestamp":1766780121907,"level":"debug","message":"Starting child request to render pptx dynamic parts","meta":{"rootId":"whrfke4e88fl9xg","id":"whrfke4e88fl9xg"},"id":"zfo73er96gzx14m","previousOperationId":"bn3tynqsf9epkco"}
{"type":"operationStart","subtype":"render","name":"anonymous","previousOperationId":"bn3tynqsf9epkco","timestamp":1766780121908,"id":"531e49n0iizcjis","previousEventId":"po28xucdivxpvmc","operationId":"2379355zn373mv1"}
{"type":"log","timestamp":1766780121908,"level":"info","message":"Starting rendering (child) request","meta":{"rootId":"whrfke4e88fl9xg","id":"hz6nwjayiyd6cbs"},"id":"5mhicmgxvukyzvt","previousOperationId":"2379355zn373mv1"}
{"type":"log","timestamp":1766780121908,"level":"info","message":"Rendering anonymous template { recipe: html, engine: handlebars }","meta":{"rootId":"whrfke4e88fl9xg","id":"hz6nwjayiyd6cbs"},"id":"shs08wrkfvv4ufz","previousOperationId":"2379355zn373mv1"}
{"type":"log","timestamp":1766780121908,"level":"debug","message":"Inline data specified.","meta":{"rootId":"whrfke4e88fl9xg","id":"hz6nwjayiyd6cbs"},"id":"i1mf90423pdw2mt","previousOperationId":"2379355zn373mv1"}
{"type":"log","timestamp":1766780121913,"level":"debug","message":"Base url not specified, skipping its injection.","meta":{"rootId":"whrfke4e88fl9xg","id":"hz6nwjayiyd6cbs"},"id":"zenbrle1benpjn0","previousOperationId":"2379355zn373mv1"}
{"type":"operationStart","subtype":"engine","name":"handlebars","timestamp":1766780121915,"id":"k4fy3g7613at1l6","previousEventId":"531e49n0iizcjis","operationId":"9rmlmgja706nhah","previousOperationId":"2379355zn373mv1"}
{"type":"log","timestamp":1766780121915,"level":"debug","message":"Rendering engine handlebars","meta":{"rootId":"whrfke4e88fl9xg","id":"hz6nwjayiyd6cbs"},"id":"hpoepxlp7vhfya0","previousOperationId":"9rmlmgja706nhah"}
{"type":"operationEnd","operationId":"9rmlmgja706nhah","timestamp":1766780122101,"id":"cj8qi2wrjgh936i","previousEventId":"k4fy3g7613at1l6","previousOperationId":"9rmlmgja706nhah"}
{"type":"operationStart","subtype":"recipe","name":"html","timestamp":1766780122116,"id":"948ib58zxr1umli","previousEventId":"cj8qi2wrjgh936i","operationId":"55hipwtggfi07jl","previousOperationId":"9rmlmgja706nhah"}
{"type":"log","timestamp":1766780122116,"level":"debug","message":"Executing recipe html","meta":{"rootId":"whrfke4e88fl9xg","id":"hz6nwjayiyd6cbs"},"id":"337y4x6nmbauy2i","previousOperationId":"55hipwtggfi07jl"}
{"type":"operationEnd","operationId":"55hipwtggfi07jl","timestamp":1766780122116,"id":"od5635pgj9dvhct","previousEventId":"948ib58zxr1umli","previousOperationId":"55hipwtggfi07jl"}
{"type":"log","timestamp":1766780122116,"level":"debug","message":"Skipping storing report.","meta":{"rootId":"whrfke4e88fl9xg","id":"hz6nwjayiyd6cbs"},"id":"oj7o2z1w2fy6fmn","previousOperationId":"55hipwtggfi07jl"}
{"type":"log","timestamp":1766780122116,"level":"info","message":"Rendering (child) request finished in 2050 ms","meta":{"rootId":"whrfke4e88fl9xg","id":"hz6nwjayiyd6cbs"},"id":"5c6vm6u22kny837","previousOperationId":"55hipwtggfi07jl"}
{"type":"operationEnd","subtype":"render","operationId":"2379355zn373mv1","timestamp":1766780122116,"id":"c0r1i2ebqt27vnx","previousEventId":"od5635pgj9dvhct","previousOperationId":"55hipwtggfi07jl"}
{"type":"log","timestamp":1766780128657,"level":"debug","message":"pptx successfully zipped","meta":{"rootId":"whrfke4e88fl9xg","id":"whrfke4e88fl9xg"},"id":"33t9kd56rnvfn7l","previousOperationId":"bn3tynqsf9epkco"}
{"type":"log","timestamp":1766780128657,"level":"info","message":"pptx generation was finished","meta":{"rootId":"whrfke4e88fl9xg","id":"whrfke4e88fl9xg"},"id":"dp355xgntxooee8","previousOperationId":"bn3tynqsf9epkco"}
{"type":"operationEnd","operationId":"bn3tynqsf9epkco","timestamp":1766780128668,"id":"996e4lyluoe8g4o","previousEventId":"po28xucdivxpvmc","previousOperationId":"bn3tynqsf9epkco"}
{"type":"log","timestamp":1766780128668,"level":"debug","message":"Skipping storing report.","meta":{"rootId":"whrfke4e88fl9xg","id":"whrfke4e88fl9xg"},"id":"jivipyd0ianwupu","previousOperationId":"bn3tynqsf9epkco"}
{"type":"log","timestamp":1766780128668,"level":"info","message":"Rendering request 9 finished in 8602 ms","meta":{"rootId":"whrfke4e88fl9xg","id":"whrfke4e88fl9xg"},"id":"nq04u2fynstyku6","previousOperationId":"bn3tynqsf9epkco"}
{"type":"operationEnd","subtype":"render","operationId":"5f06b9keg8r710r","timestamp":1766780128668,"id":"2493xpbxzy9zyy8","previousEventId":"996e4lyluoe8g4o","previousOperationId":"bn3tynqsf9epkco"}
{"type":"operationEnd","doDiffs":false,"previousEventId":"eohlndwpsvzv1s3","previousOperationId":"706kph9zx381vnl","operationId":"706kph9zx381vnl","timestamp":1766780128675,"id":"x6uwedp49xzchk6"}
