{"type":"operationStart","subtype":"profile","data":{"_id":"w2TVTFE8duhbUMGT","timestamp":"2026-01-01T12:56:06.964Z","state":"running","mode":"standard","creationDate":"2026-01-01T12:56:06.972Z","modificationDate":"2026-01-01T12:56:06.972Z","shortid":"Dg8izz-","$entitySet":"profiles","timeout":60000},"doDiffs":false,"timestamp":1767272166968,"id":"514o6q0gq58lfte","previousOperationId":null,"operationId":"1ywwmnyocdh3670"}
{"type":"log","level":"info","message":"Render request 2 queued for execution and waiting for available worker","previousOperationId":"1ywwmnyocdh3670","timestamp":1767272166969,"id":"b9reue54smwq8th"}
{"type":"operationStart","subtype":"render","name":"anonymous","previousOperationId":"1ywwmnyocdh3670","timestamp":1767272167047,"id":"nal07c0gpnv95l0","previousEventId":"514o6q0gq58lfte","operationId":"bhwoqfl7eophgso"}
{"type":"log","timestamp":1767272167048,"level":"info","message":"Starting rendering request 2","meta":{"rootId":"wl0k1ag069regli","id":"wl0k1ag069regli"},"id":"fccji0khqbc8zyd","previousOperationId":"bhwoqfl7eophgso"}
{"type":"log","timestamp":1767272167050,"level":"info","message":"Rendering anonymous template { recipe: pptx, engine: handlebars }","meta":{"rootId":"wl0k1ag069regli","id":"wl0k1ag069regli"},"id":"cd0ge09ca6ilvf3","previousOperationId":"bhwoqfl7eophgso"}
{"type":"log","timestamp":1767272167051,"level":"debug","message":"Inline data specified.","meta":{"rootId":"wl0k1ag069regli","id":"wl0k1ag069regli"},"id":"xoysd80fn3osw9y","previousOperationId":"bhwoqfl7eophgso"}
{"type":"log","timestamp":1767272167057,"level":"debug","message":"Base url not specified, skipping its injection.","meta":{"rootId":"wl0k1ag069regli","id":"wl0k1ag069regli"},"id":"boe9irljncvd6l6","previousOperationId":"bhwoqfl7eophgso"}
{"type":"operationStart","subtype":"engine","name":"handlebars","timestamp":1767272167061,"id":"74dhwm9uiobtfyk","previousEventId":"nal07c0gpnv95l0","operationId":"2m9vu6c9ygb7oc7","previousOperationId":"bhwoqfl7eophgso"}
{"type":"log","timestamp":1767272167061,"level":"debug","message":"Rendering engine handlebars","meta":{"rootId":"wl0k1ag069regli","id":"wl0k1ag069regli"},"id":"n3ep1vdvnxir5f1","previousOperationId":"2m9vu6c9ygb7oc7"}
{"type":"operationEnd","operationId":"2m9vu6c9ygb7oc7","timestamp":1767272168336,"id":"l08k1rqhg4yx280","previousEventId":"74dhwm9uiobtfyk","previousOperationId":"2m9vu6c9ygb7oc7"}
{"type":"operationStart","subtype":"recipe","name":"pptx","timestamp":1767272168337,"id":"utbk6khrgw0lj50","previousEventId":"l08k1rqhg4yx280","operationId":"se1588dib4d1zwl","previousOperationId":"2m9vu6c9ygb7oc7"}
{"type":"log","timestamp":1767272168337,"level":"debug","message":"Executing recipe pptx","meta":{"rootId":"wl0k1ag069regli","id":"wl0k1ag069regli"},"id":"mlj24pipozp4myd","previousOperationId":"se1588dib4d1zwl"}
{"type":"log","timestamp":1767272168588,"level":"info","message":"pptx generation is starting","meta":{"rootId":"wl0k1ag069regli","id":"wl0k1ag069regli"},"id":"jj1ezj4hjanvvo3","previousOperationId":"se1588dib4d1zwl"}
{"type":"log","timestamp":1767272170668,"level":"debug","message":"Starting child request to render pptx dynamic parts","meta":{"rootId":"wl0k1ag069regli","id":"wl0k1ag069regli"},"id":"xlpfxe4jz48xc8h","previousOperationId":"se1588dib4d1zwl"}
{"type":"operationStart","subtype":"render","name":"anonymous","previousOperationId":"se1588dib4d1zwl","timestamp":1767272170669,"id":"7drjtbr0swwdy4n","previousEventId":"utbk6khrgw0lj50","operationId":"h7p4qm4a9055vdd"}
{"type":"log","timestamp":1767272170669,"level":"info","message":"Starting rendering (child) request","meta":{"rootId":"wl0k1ag069regli","id":"pwml37z5d84isx6"},"id":"hn0u78dz0lqrso8","previousOperationId":"h7p4qm4a9055vdd"}
{"type":"log","timestamp":1767272170669,"level":"info","message":"Rendering anonymous template { recipe: html, engine: handlebars }","meta":{"rootId":"wl0k1ag069regli","id":"pwml37z5d84isx6"},"id":"yfkaa7c3pxhw7cd","previousOperationId":"h7p4qm4a9055vdd"}
{"type":"log","timestamp":1767272170670,"level":"debug","message":"Inline data specified.","meta":{"rootId":"wl0k1ag069regli","id":"pwml37z5d84isx6"},"id":"fflvcarxklxim8c","previousOperationId":"h7p4qm4a9055vdd"}
{"type":"log","timestamp":1767272170679,"level":"debug","message":"Base url not specified, skipping its injection.","meta":{"rootId":"wl0k1ag069regli","id":"pwml37z5d84isx6"},"id":"m46an1l3jx8qge6","previousOperationId":"h7p4qm4a9055vdd"}
{"type":"operationStart","subtype":"engine","name":"handlebars","timestamp":1767272170682,"id":"po9mkz0eorlh9xh","previousEventId":"7drjtbr0swwdy4n","operationId":"dutcvyvxu6ahmy2","previousOperationId":"h7p4qm4a9055vdd"}
{"type":"log","timestamp":1767272170682,"level":"debug","message":"Rendering engine handlebars","meta":{"rootId":"wl0k1ag069regli","id":"pwml37z5d84isx6"},"id":"xzdgkypa229ndu8","previousOperationId":"dutcvyvxu6ahmy2"}
{"type":"log","timestamp":1767272170989,"level":"debug","message":"(console:log) {\n  type: 'echarts@v5a',\n  width: 848,\n  height: 409,\n  option: { radar: [ [Object] ], series: [ [Object] ] }\n}","meta":{"userLevel":true,"rootId":"wl0k1ag069regli","id":"pwml37z5d84isx6"},"id":"dnwdb4q2wphfn5f","previousOperationId":"dutcvyvxu6ahmy2"}
{"type":"operationEnd","operationId":"dutcvyvxu6ahmy2","timestamp":1767272171005,"id":"kwxvaml9ayn8qmz","previousEventId":"po9mkz0eorlh9xh","previousOperationId":"dutcvyvxu6ahmy2"}
{"type":"operationStart","subtype":"recipe","name":"html","timestamp":1767272171028,"id":"4ljiafvkmv1ydtg","previousEventId":"kwxvaml9ayn8qmz","operationId":"k84p9yhx1qgvae1","previousOperationId":"dutcvyvxu6ahmy2"}
{"type":"log","timestamp":1767272171028,"level":"debug","message":"Executing recipe html","meta":{"rootId":"wl0k1ag069regli","id":"pwml37z5d84isx6"},"id":"duqopf0lrd789mg","previousOperationId":"k84p9yhx1qgvae1"}
{"type":"operationEnd","operationId":"k84p9yhx1qgvae1","timestamp":1767272171028,"id":"vg61ldsuhovieu7","previousEventId":"4ljiafvkmv1ydtg","previousOperationId":"k84p9yhx1qgvae1"}
{"type":"log","timestamp":1767272171030,"level":"debug","message":"Skipping storing report.","meta":{"rootId":"wl0k1ag069regli","id":"pwml37z5d84isx6"},"id":"0ysf6odb3mb5zgx","previousOperationId":"k84p9yhx1qgvae1"}
{"type":"log","timestamp":1767272171030,"level":"info","message":"Rendering (child) request finished in 4068 ms","meta":{"rootId":"wl0k1ag069regli","id":"pwml37z5d84isx6"},"id":"b6umy6ussqa7mbl","previousOperationId":"k84p9yhx1qgvae1"}
{"type":"operationEnd","subtype":"render","operationId":"h7p4qm4a9055vdd","timestamp":1767272171030,"id":"yihkb2z455jops1","previousEventId":"vg61ldsuhovieu7","previousOperationId":"k84p9yhx1qgvae1"}
{"type":"log","timestamp":1767272178070,"level":"debug","message":"pptx successfully zipped","meta":{"rootId":"wl0k1ag069regli","id":"wl0k1ag069regli"},"id":"8gw11xdxu66skag","previousOperationId":"se1588dib4d1zwl"}
{"type":"log","timestamp":1767272178070,"level":"info","message":"pptx generation was finished","meta":{"rootId":"wl0k1ag069regli","id":"wl0k1ag069regli"},"id":"2o35rnfwf9lp6x4","previousOperationId":"se1588dib4d1zwl"}
{"type":"operationEnd","operationId":"se1588dib4d1zwl","timestamp":1767272178111,"id":"virhlnbwzms90zg","previousEventId":"utbk6khrgw0lj50","previousOperationId":"se1588dib4d1zwl"}
{"type":"log","timestamp":1767272178112,"level":"debug","message":"Skipping storing report.","meta":{"rootId":"wl0k1ag069regli","id":"wl0k1ag069regli"},"id":"cmz4zrcrrzd8zmt","previousOperationId":"se1588dib4d1zwl"}
{"type":"log","timestamp":1767272178112,"level":"info","message":"Rendering request 2 finished in 11150 ms","meta":{"rootId":"wl0k1ag069regli","id":"wl0k1ag069regli"},"id":"s33xnzwjs010eo2","previousOperationId":"se1588dib4d1zwl"}
{"type":"operationEnd","subtype":"render","operationId":"bhwoqfl7eophgso","timestamp":1767272178112,"id":"da8qlvvi7x02cms","previousEventId":"virhlnbwzms90zg","previousOperationId":"se1588dib4d1zwl"}
{"type":"operationEnd","doDiffs":false,"previousEventId":"514o6q0gq58lfte","previousOperationId":"1ywwmnyocdh3670","operationId":"1ywwmnyocdh3670","timestamp":1767272178118,"id":"rvhzpv6fcdy76le"}
