{"type":"operationStart","subtype":"profile","data":{"_id":"QVvrLI7eol363oR7","timestamp":"2025-12-22T22:11:16.071Z","state":"running","mode":"standard","creationDate":"2025-12-22T22:11:16.075Z","modificationDate":"2025-12-22T22:11:16.075Z","shortid":"sTFyIO0","$entitySet":"profiles","timeout":60000},"doDiffs":false,"timestamp":1766441476074,"id":"y1v9o1kkrfh13k8","previousOperationId":null,"operationId":"ik66aib9okz6wyu"}
{"type":"log","level":"info","message":"Render request 1 queued for execution and waiting for available worker","previousOperationId":"ik66aib9okz6wyu","timestamp":1766441476074,"id":"81oe55et5yphzz1"}
{"type":"operationStart","subtype":"render","name":"anonymous","previousOperationId":"ik66aib9okz6wyu","timestamp":1766441476143,"id":"yc4naafy3l8vb7w","previousEventId":"y1v9o1kkrfh13k8","operationId":"n5vcztgyxjoasyt"}
{"type":"log","timestamp":1766441476144,"level":"info","message":"Starting rendering request 1","meta":{"rootId":"wp52wxp7u0fkyfh","id":"wp52wxp7u0fkyfh"},"id":"idb6dz0gjgq0ddk","previousOperationId":"n5vcztgyxjoasyt"}
{"type":"log","timestamp":1766441476147,"level":"info","message":"Rendering anonymous template { recipe: pptx, engine: handlebars }","meta":{"rootId":"wp52wxp7u0fkyfh","id":"wp52wxp7u0fkyfh"},"id":"vyp6pt0dbinyck6","previousOperationId":"n5vcztgyxjoasyt"}
{"type":"log","timestamp":1766441476147,"level":"debug","message":"Inline data specified.","meta":{"rootId":"wp52wxp7u0fkyfh","id":"wp52wxp7u0fkyfh"},"id":"x2024w3x9n2k24z","previousOperationId":"n5vcztgyxjoasyt"}
{"type":"log","timestamp":1766441476151,"level":"debug","message":"Base url not specified, skipping its injection.","meta":{"rootId":"wp52wxp7u0fkyfh","id":"wp52wxp7u0fkyfh"},"id":"8wl4utncysmn0yi","previousOperationId":"n5vcztgyxjoasyt"}
{"type":"operationStart","subtype":"engine","name":"handlebars","timestamp":1766441476153,"id":"beyyr3oe8vkn3u0","previousEventId":"yc4naafy3l8vb7w","operationId":"oew0kr2kmrizmlr","previousOperationId":"n5vcztgyxjoasyt"}
{"type":"log","timestamp":1766441476153,"level":"debug","message":"Rendering engine handlebars","meta":{"rootId":"wp52wxp7u0fkyfh","id":"wp52wxp7u0fkyfh"},"id":"wo9ttizj3mqr4a5","previousOperationId":"oew0kr2kmrizmlr"}
{"type":"operationEnd","operationId":"oew0kr2kmrizmlr","timestamp":1766441477045,"id":"wnvpaehg82e4t5g","previousEventId":"beyyr3oe8vkn3u0","previousOperationId":"oew0kr2kmrizmlr"}
{"type":"operationStart","subtype":"recipe","name":"pptx","timestamp":1766441477045,"id":"axpq3tqazi0l5pk","previousEventId":"wnvpaehg82e4t5g","operationId":"ss3h9g7d6vc85yg","previousOperationId":"oew0kr2kmrizmlr"}
{"type":"log","timestamp":1766441477045,"level":"debug","message":"Executing recipe pptx","meta":{"rootId":"wp52wxp7u0fkyfh","id":"wp52wxp7u0fkyfh"},"id":"1ovxa93myakzgld","previousOperationId":"ss3h9g7d6vc85yg"}
{"type":"log","timestamp":1766441477199,"level":"info","message":"pptx generation is starting","meta":{"rootId":"wp52wxp7u0fkyfh","id":"wp52wxp7u0fkyfh"},"id":"7ws1ds8byesw198","previousOperationId":"ss3h9g7d6vc85yg"}
{"type":"log","timestamp":1766441478326,"level":"debug","message":"Starting child request to render pptx dynamic parts","meta":{"rootId":"wp52wxp7u0fkyfh","id":"wp52wxp7u0fkyfh"},"id":"w487hxvzac8pb23","previousOperationId":"ss3h9g7d6vc85yg"}
{"type":"operationStart","subtype":"render","name":"anonymous","previousOperationId":"ss3h9g7d6vc85yg","timestamp":1766441478327,"id":"v7krrif28g9c7jr","previousEventId":"axpq3tqazi0l5pk","operationId":"ly5yvp64mfpnjwi"}
{"type":"log","timestamp":1766441478327,"level":"info","message":"Starting rendering (child) request","meta":{"rootId":"wp52wxp7u0fkyfh","id":"vcl3yx7i7fddfi8"},"id":"4eojlr7aeo7dobp","previousOperationId":"ly5yvp64mfpnjwi"}
{"type":"log","timestamp":1766441478328,"level":"info","message":"Rendering anonymous template { recipe: html, engine: handlebars }","meta":{"rootId":"wp52wxp7u0fkyfh","id":"vcl3yx7i7fddfi8"},"id":"eua60ser1bvj1go","previousOperationId":"ly5yvp64mfpnjwi"}
{"type":"log","timestamp":1766441478328,"level":"debug","message":"Inline data specified.","meta":{"rootId":"wp52wxp7u0fkyfh","id":"vcl3yx7i7fddfi8"},"id":"rcz56nm2zg91v1c","previousOperationId":"ly5yvp64mfpnjwi"}
{"type":"log","timestamp":1766441478334,"level":"debug","message":"Base url not specified, skipping its injection.","meta":{"rootId":"wp52wxp7u0fkyfh","id":"vcl3yx7i7fddfi8"},"id":"one3280bk7sdf4t","previousOperationId":"ly5yvp64mfpnjwi"}
{"type":"operationStart","subtype":"engine","name":"handlebars","timestamp":1766441478335,"id":"j568tt3mbwsxee8","previousEventId":"v7krrif28g9c7jr","operationId":"omxkzbpy99tuh9l","previousOperationId":"ly5yvp64mfpnjwi"}
{"type":"log","timestamp":1766441478335,"level":"debug","message":"Rendering engine handlebars","meta":{"rootId":"wp52wxp7u0fkyfh","id":"vcl3yx7i7fddfi8"},"id":"kw5bakxf32iqenp","previousOperationId":"omxkzbpy99tuh9l"}
{"type":"operationEnd","operationId":"omxkzbpy99tuh9l","timestamp":1766441478478,"id":"c73k077ayzqetxt","previousEventId":"j568tt3mbwsxee8","previousOperationId":"omxkzbpy99tuh9l"}
{"type":"operationStart","subtype":"recipe","name":"html","timestamp":1766441478488,"id":"demjod7kxrt6kdt","previousEventId":"c73k077ayzqetxt","operationId":"zr8r5s5qvg5lgw2","previousOperationId":"omxkzbpy99tuh9l"}
{"type":"log","timestamp":1766441478488,"level":"debug","message":"Executing recipe html","meta":{"rootId":"wp52wxp7u0fkyfh","id":"vcl3yx7i7fddfi8"},"id":"wmpf7xmcwaezoil","previousOperationId":"zr8r5s5qvg5lgw2"}
{"type":"operationEnd","operationId":"zr8r5s5qvg5lgw2","timestamp":1766441478488,"id":"9mew0wdqvpbayss","previousEventId":"demjod7kxrt6kdt","previousOperationId":"zr8r5s5qvg5lgw2"}
{"type":"log","timestamp":1766441478488,"level":"debug","message":"Skipping storing report.","meta":{"rootId":"wp52wxp7u0fkyfh","id":"vcl3yx7i7fddfi8"},"id":"de12f2hbt7tfw31","previousOperationId":"zr8r5s5qvg5lgw2"}
{"type":"log","timestamp":1766441478488,"level":"info","message":"Rendering (child) request finished in 2419 ms","meta":{"rootId":"wp52wxp7u0fkyfh","id":"vcl3yx7i7fddfi8"},"id":"nbnh42gkcwtmmo2","previousOperationId":"zr8r5s5qvg5lgw2"}
{"type":"operationEnd","subtype":"render","operationId":"ly5yvp64mfpnjwi","timestamp":1766441478489,"id":"mqu1dspr7zj5jbl","previousEventId":"9mew0wdqvpbayss","previousOperationId":"zr8r5s5qvg5lgw2"}
{"type":"log","timestamp":1766441482157,"level":"debug","message":"pptx successfully zipped","meta":{"rootId":"wp52wxp7u0fkyfh","id":"wp52wxp7u0fkyfh"},"id":"l3h1iw3t0w9gtrg","previousOperationId":"ss3h9g7d6vc85yg"}
{"type":"log","timestamp":1766441482157,"level":"info","message":"pptx generation was finished","meta":{"rootId":"wp52wxp7u0fkyfh","id":"wp52wxp7u0fkyfh"},"id":"9h4y3mumol4r301","previousOperationId":"ss3h9g7d6vc85yg"}
{"type":"operationEnd","operationId":"ss3h9g7d6vc85yg","timestamp":1766441482168,"id":"cqrgop1sney8tkc","previousEventId":"axpq3tqazi0l5pk","previousOperationId":"ss3h9g7d6vc85yg"}
{"type":"log","timestamp":1766441482169,"level":"debug","message":"Skipping storing report.","meta":{"rootId":"wp52wxp7u0fkyfh","id":"wp52wxp7u0fkyfh"},"id":"ktgaunfx4bnj6nf","previousOperationId":"ss3h9g7d6vc85yg"}
{"type":"log","timestamp":1766441482169,"level":"info","message":"Rendering request 1 finished in 6100 ms","meta":{"rootId":"wp52wxp7u0fkyfh","id":"wp52wxp7u0fkyfh"},"id":"4j50crk37cwzi3f","previousOperationId":"ss3h9g7d6vc85yg"}
{"type":"operationEnd","subtype":"render","operationId":"n5vcztgyxjoasyt","timestamp":1766441482169,"id":"maomzd7b81b1w6g","previousEventId":"cqrgop1sney8tkc","previousOperationId":"ss3h9g7d6vc85yg"}
{"type":"operationEnd","doDiffs":false,"previousEventId":"y1v9o1kkrfh13k8","previousOperationId":"ik66aib9okz6wyu","operationId":"ik66aib9okz6wyu","timestamp":1766441482174,"id":"3rcxihp291rojwh"}
