{"type":"operationStart","subtype":"profile","data":{"_id":"8oPORzi341cULCGw","timestamp":"2025-12-27T15:43:49.721Z","state":"running","mode":"standard","creationDate":"2025-12-27T15:43:49.726Z","modificationDate":"2025-12-27T15:43:49.726Z","shortid":"RAb-zy4","$entitySet":"profiles","timeout":60000},"doDiffs":false,"timestamp":1766850229724,"id":"pp4gcpxd7zgrtbd","previousOperationId":null,"operationId":"dg7namcjayzkhws"}
{"type":"log","level":"info","message":"Render request 1 queued for execution and waiting for available worker","previousOperationId":"dg7namcjayzkhws","timestamp":1766850229724,"id":"0birhd6dnxu74mk"}
{"type":"operationStart","subtype":"render","name":"anonymous","previousOperationId":"dg7namcjayzkhws","timestamp":1766850229781,"id":"q1qn1zesbv32cje","previousEventId":"pp4gcpxd7zgrtbd","operationId":"nnd9zebiz1l9auv"}
{"type":"log","timestamp":1766850229782,"level":"info","message":"Starting rendering request 1","meta":{"rootId":"wqza8bpdttezgf1","id":"wqza8bpdttezgf1"},"id":"fywqs5tkg1w2m6u","previousOperationId":"nnd9zebiz1l9auv"}
{"type":"log","timestamp":1766850229784,"level":"info","message":"Rendering anonymous template { recipe: pptx, engine: handlebars }","meta":{"rootId":"wqza8bpdttezgf1","id":"wqza8bpdttezgf1"},"id":"1p6fixb0ayfcetc","previousOperationId":"nnd9zebiz1l9auv"}
{"type":"log","timestamp":1766850229785,"level":"debug","message":"Inline data specified.","meta":{"rootId":"wqza8bpdttezgf1","id":"wqza8bpdttezgf1"},"id":"z47qoiwc9nxzpl4","previousOperationId":"nnd9zebiz1l9auv"}
{"type":"log","timestamp":1766850229790,"level":"debug","message":"Base url not specified, skipping its injection.","meta":{"rootId":"wqza8bpdttezgf1","id":"wqza8bpdttezgf1"},"id":"zpu82yuh7vm5qop","previousOperationId":"nnd9zebiz1l9auv"}
{"type":"operationStart","subtype":"engine","name":"handlebars","timestamp":1766850229794,"id":"nqbwclxx85rkeei","previousEventId":"q1qn1zesbv32cje","operationId":"09bvofi1aw6zx3h","previousOperationId":"nnd9zebiz1l9auv"}
{"type":"log","timestamp":1766850229794,"level":"debug","message":"Rendering engine handlebars","meta":{"rootId":"wqza8bpdttezgf1","id":"wqza8bpdttezgf1"},"id":"7kbd2o4ioys9sq9","previousOperationId":"09bvofi1aw6zx3h"}
{"type":"operationEnd","operationId":"09bvofi1aw6zx3h","timestamp":1766850230593,"id":"9lyawqkm4ha122i","previousEventId":"nqbwclxx85rkeei","previousOperationId":"09bvofi1aw6zx3h"}
{"type":"operationStart","subtype":"recipe","name":"pptx","timestamp":1766850230594,"id":"vp57i9yez9tk209","previousEventId":"9lyawqkm4ha122i","operationId":"1mgg4gp8baq7q89","previousOperationId":"09bvofi1aw6zx3h"}
{"type":"log","timestamp":1766850230594,"level":"debug","message":"Executing recipe pptx","meta":{"rootId":"wqza8bpdttezgf1","id":"wqza8bpdttezgf1"},"id":"3wqhxq4mndeagj5","previousOperationId":"1mgg4gp8baq7q89"}
{"type":"log","timestamp":1766850230783,"level":"info","message":"pptx generation is starting","meta":{"rootId":"wqza8bpdttezgf1","id":"wqza8bpdttezgf1"},"id":"762i3lpbig7xrwj","previousOperationId":"1mgg4gp8baq7q89"}
{"type":"log","timestamp":1766850231891,"level":"debug","message":"Starting child request to render pptx dynamic parts","meta":{"rootId":"wqza8bpdttezgf1","id":"wqza8bpdttezgf1"},"id":"yt3vl7r4u0t09ni","previousOperationId":"1mgg4gp8baq7q89"}
{"type":"operationStart","subtype":"render","name":"anonymous","previousOperationId":"1mgg4gp8baq7q89","timestamp":1766850231892,"id":"j0qdj814q570pp5","previousEventId":"vp57i9yez9tk209","operationId":"fv4p780fchu7ehh"}
{"type":"log","timestamp":1766850231892,"level":"info","message":"Starting rendering (child) request","meta":{"rootId":"wqza8bpdttezgf1","id":"z7ix1x1artqmbpc"},"id":"o4nzlocn8rddq60","previousOperationId":"fv4p780fchu7ehh"}
{"type":"log","timestamp":1766850231892,"level":"info","message":"Rendering anonymous template { recipe: html, engine: handlebars }","meta":{"rootId":"wqza8bpdttezgf1","id":"z7ix1x1artqmbpc"},"id":"d1o8lof9ilq7t1e","previousOperationId":"fv4p780fchu7ehh"}
{"type":"log","timestamp":1766850231892,"level":"debug","message":"Inline data specified.","meta":{"rootId":"wqza8bpdttezgf1","id":"z7ix1x1artqmbpc"},"id":"udyk9c1gbselsr1","previousOperationId":"fv4p780fchu7ehh"}
{"type":"log","timestamp":1766850231899,"level":"debug","message":"Base url not specified, skipping its injection.","meta":{"rootId":"wqza8bpdttezgf1","id":"z7ix1x1artqmbpc"},"id":"ge8ozoyqdc1ut61","previousOperationId":"fv4p780fchu7ehh"}
{"type":"operationStart","subtype":"engine","name":"handlebars","timestamp":1766850231901,"id":"w0mtrduck6xy3k5","previousEventId":"j0qdj814q570pp5","operationId":"vo83wxkwd6u010c","previousOperationId":"fv4p780fchu7ehh"}
{"type":"log","timestamp":1766850231901,"level":"debug","message":"Rendering engine handlebars","meta":{"rootId":"wqza8bpdttezgf1","id":"z7ix1x1artqmbpc"},"id":"2q1v2ykmie5ekuv","previousOperationId":"vo83wxkwd6u010c"}
{"type":"log","timestamp":1766850232048,"level":"debug","message":"(console:log) {\n  type: 'echarts@v5a',\n  width: 848,\n  height: 409,\n  option: { radar: [ [Object] ], series: [ [Object] ] }\n}","meta":{"userLevel":true,"rootId":"wqza8bpdttezgf1","id":"z7ix1x1artqmbpc"},"id":"jphuz0uzychgmg8","previousOperationId":"vo83wxkwd6u010c"}
{"type":"operationEnd","operationId":"vo83wxkwd6u010c","timestamp":1766850232054,"id":"xef932afkmiywab","previousEventId":"w0mtrduck6xy3k5","previousOperationId":"vo83wxkwd6u010c"}
{"type":"operationStart","subtype":"recipe","name":"html","timestamp":1766850232066,"id":"9yoi7oktadkqa1u","previousEventId":"xef932afkmiywab","operationId":"l084y4t6iqt5rgj","previousOperationId":"vo83wxkwd6u010c"}
{"type":"log","timestamp":1766850232066,"level":"debug","message":"Executing recipe html","meta":{"rootId":"wqza8bpdttezgf1","id":"z7ix1x1artqmbpc"},"id":"1sk0s37obe3hzg7","previousOperationId":"l084y4t6iqt5rgj"}
{"type":"operationEnd","operationId":"l084y4t6iqt5rgj","timestamp":1766850232066,"id":"blz0eyts7hbo1ce","previousEventId":"9yoi7oktadkqa1u","previousOperationId":"l084y4t6iqt5rgj"}
{"type":"log","timestamp":1766850232068,"level":"debug","message":"Skipping storing report.","meta":{"rootId":"wqza8bpdttezgf1","id":"z7ix1x1artqmbpc"},"id":"9j0w142z1m9r6ty","previousOperationId":"l084y4t6iqt5rgj"}
{"type":"log","timestamp":1766850232068,"level":"info","message":"Rendering (child) request finished in 2349 ms","meta":{"rootId":"wqza8bpdttezgf1","id":"z7ix1x1artqmbpc"},"id":"5alz1l5pqgbxs5f","previousOperationId":"l084y4t6iqt5rgj"}
{"type":"operationEnd","subtype":"render","operationId":"fv4p780fchu7ehh","timestamp":1766850232068,"id":"j9xscjk64sr99go","previousEventId":"blz0eyts7hbo1ce","previousOperationId":"l084y4t6iqt5rgj"}
{"type":"log","timestamp":1766850236438,"level":"debug","message":"pptx successfully zipped","meta":{"rootId":"wqza8bpdttezgf1","id":"wqza8bpdttezgf1"},"id":"11gmir0923g9tyt","previousOperationId":"1mgg4gp8baq7q89"}
{"type":"log","timestamp":1766850236438,"level":"info","message":"pptx generation was finished","meta":{"rootId":"wqza8bpdttezgf1","id":"wqza8bpdttezgf1"},"id":"67wtqaefm7rh4ka","previousOperationId":"1mgg4gp8baq7q89"}
{"type":"operationEnd","operationId":"1mgg4gp8baq7q89","timestamp":1766850236451,"id":"qz2m21fkfygsy6b","previousEventId":"vp57i9yez9tk209","previousOperationId":"1mgg4gp8baq7q89"}
{"type":"log","timestamp":1766850236451,"level":"debug","message":"Skipping storing report.","meta":{"rootId":"wqza8bpdttezgf1","id":"wqza8bpdttezgf1"},"id":"lkjzoyo3zv5rrzh","previousOperationId":"1mgg4gp8baq7q89"}
{"type":"log","timestamp":1766850236451,"level":"info","message":"Rendering request 1 finished in 6732 ms","meta":{"rootId":"wqza8bpdttezgf1","id":"wqza8bpdttezgf1"},"id":"4sd6231n9ipthzu","previousOperationId":"1mgg4gp8baq7q89"}
{"type":"operationEnd","subtype":"render","operationId":"nnd9zebiz1l9auv","timestamp":1766850236451,"id":"ml26ik44srccpql","previousEventId":"qz2m21fkfygsy6b","previousOperationId":"1mgg4gp8baq7q89"}
{"type":"operationEnd","doDiffs":false,"previousEventId":"pp4gcpxd7zgrtbd","previousOperationId":"dg7namcjayzkhws","operationId":"dg7namcjayzkhws","timestamp":1766850236463,"id":"poht8ow412u8sfd"}
