{"type":"operationStart","subtype":"profile","data":{"_id":"ELpYm5Gw2ndZ39WR","timestamp":"2025-12-30T19:54:34.278Z","state":"running","mode":"standard","creationDate":"2025-12-30T19:54:34.281Z","modificationDate":"2025-12-30T19:54:34.281Z","shortid":"IunEh9T","$entitySet":"profiles","timeout":60000},"doDiffs":false,"timestamp":1767124474280,"id":"hwtabtvqmjpbco0","previousOperationId":null,"operationId":"rytwokuh4qjuoyf"}
{"type":"log","level":"info","message":"Render request 19 queued for execution and waiting for available worker","previousOperationId":"rytwokuh4qjuoyf","timestamp":1767124474280,"id":"24p2q80049h6wow"}
{"type":"operationStart","subtype":"render","name":"anonymous","previousOperationId":"rytwokuh4qjuoyf","timestamp":1767124474329,"id":"9q3omngtufa1xge","previousEventId":"hwtabtvqmjpbco0","operationId":"8d2bz7d4kl8gel8"}
{"type":"log","timestamp":1767124474329,"level":"info","message":"Starting rendering request 19","meta":{"rootId":"wracmm44e3omuov","id":"wracmm44e3omuov"},"id":"59v0k6dzot4jq39","previousOperationId":"8d2bz7d4kl8gel8"}
{"type":"log","timestamp":1767124474330,"level":"info","message":"Rendering anonymous template { recipe: pptx, engine: handlebars }","meta":{"rootId":"wracmm44e3omuov","id":"wracmm44e3omuov"},"id":"buknz49dpur02w0","previousOperationId":"8d2bz7d4kl8gel8"}
{"type":"log","timestamp":1767124474330,"level":"debug","message":"Inline data specified.","meta":{"rootId":"wracmm44e3omuov","id":"wracmm44e3omuov"},"id":"ht9z0c2xj7dtmgl","previousOperationId":"8d2bz7d4kl8gel8"}
{"type":"log","timestamp":1767124474332,"level":"debug","message":"Base url not specified, skipping its injection.","meta":{"rootId":"wracmm44e3omuov","id":"wracmm44e3omuov"},"id":"a0n98v3eat15qpn","previousOperationId":"8d2bz7d4kl8gel8"}
{"type":"operationStart","subtype":"engine","name":"handlebars","timestamp":1767124474333,"id":"5xam931qhw02dr8","previousEventId":"9q3omngtufa1xge","operationId":"5hqmhf8rbkwflrs","previousOperationId":"8d2bz7d4kl8gel8"}
{"type":"log","timestamp":1767124474333,"level":"debug","message":"Rendering engine handlebars","meta":{"rootId":"wracmm44e3omuov","id":"wracmm44e3omuov"},"id":"ydms8fvyibhgrp5","previousOperationId":"5hqmhf8rbkwflrs"}
{"type":"operationEnd","operationId":"5hqmhf8rbkwflrs","timestamp":1767124474352,"id":"wn1qlov0s4xlkr3","previousEventId":"5xam931qhw02dr8","previousOperationId":"5hqmhf8rbkwflrs"}
{"type":"operationStart","subtype":"recipe","name":"pptx","timestamp":1767124474352,"id":"ca6ygnqm1vyjiui","previousEventId":"wn1qlov0s4xlkr3","operationId":"0sx7skxr1mr2a6f","previousOperationId":"5hqmhf8rbkwflrs"}
{"type":"log","timestamp":1767124474352,"level":"debug","message":"Executing recipe pptx","meta":{"rootId":"wracmm44e3omuov","id":"wracmm44e3omuov"},"id":"9pfj8s092345jo0","previousOperationId":"0sx7skxr1mr2a6f"}
{"type":"log","timestamp":1767124474370,"level":"info","message":"pptx generation is starting","meta":{"rootId":"wracmm44e3omuov","id":"wracmm44e3omuov"},"id":"iozpo7j1xtijl66","previousOperationId":"0sx7skxr1mr2a6f"}
{"type":"log","timestamp":1767124475594,"level":"debug","message":"Starting child request to render pptx dynamic parts","meta":{"rootId":"wracmm44e3omuov","id":"wracmm44e3omuov"},"id":"5lxmzglos3o9m2h","previousOperationId":"0sx7skxr1mr2a6f"}
{"type":"operationStart","subtype":"render","name":"anonymous","previousOperationId":"0sx7skxr1mr2a6f","timestamp":1767124475595,"id":"ifk0i6aci6r60p4","previousEventId":"ca6ygnqm1vyjiui","operationId":"864nf0rh4gpr2zw"}
{"type":"log","timestamp":1767124475595,"level":"info","message":"Starting rendering (child) request","meta":{"rootId":"wracmm44e3omuov","id":"524za3f0cow2k4b"},"id":"h666rl4o20umwv7","previousOperationId":"864nf0rh4gpr2zw"}
{"type":"log","timestamp":1767124475596,"level":"info","message":"Rendering anonymous template { recipe: html, engine: handlebars }","meta":{"rootId":"wracmm44e3omuov","id":"524za3f0cow2k4b"},"id":"yfm9s8keb7rvges","previousOperationId":"864nf0rh4gpr2zw"}
{"type":"log","timestamp":1767124475596,"level":"debug","message":"Inline data specified.","meta":{"rootId":"wracmm44e3omuov","id":"524za3f0cow2k4b"},"id":"nglrcorj9bj8khf","previousOperationId":"864nf0rh4gpr2zw"}
{"type":"log","timestamp":1767124475600,"level":"debug","message":"Base url not specified, skipping its injection.","meta":{"rootId":"wracmm44e3omuov","id":"524za3f0cow2k4b"},"id":"lkqvgp3fow7rcxs","previousOperationId":"864nf0rh4gpr2zw"}
{"type":"operationStart","subtype":"engine","name":"handlebars","timestamp":1767124475601,"id":"au0e0jl5w6tjqij","previousEventId":"ifk0i6aci6r60p4","operationId":"b1d1lrl4fv8reum","previousOperationId":"864nf0rh4gpr2zw"}
{"type":"log","timestamp":1767124475601,"level":"debug","message":"Rendering engine handlebars","meta":{"rootId":"wracmm44e3omuov","id":"524za3f0cow2k4b"},"id":"vm56g0cequoes29","previousOperationId":"b1d1lrl4fv8reum"}
{"type":"log","timestamp":1767124475715,"level":"debug","message":"(console:log) {\n  type: 'echarts@v5a',\n  width: 848,\n  height: 409,\n  option: { radar: [ [Object] ], series: [ [Object] ] }\n}","meta":{"userLevel":true,"rootId":"wracmm44e3omuov","id":"524za3f0cow2k4b"},"id":"r4g0rawanp63yq4","previousOperationId":"b1d1lrl4fv8reum"}
{"type":"operationEnd","operationId":"b1d1lrl4fv8reum","timestamp":1767124475722,"id":"gkmqdkwilh968ye","previousEventId":"au0e0jl5w6tjqij","previousOperationId":"b1d1lrl4fv8reum"}
{"type":"operationStart","subtype":"recipe","name":"html","timestamp":1767124475734,"id":"h9ijhlcxwqvlwrz","previousEventId":"gkmqdkwilh968ye","operationId":"vd40n5vjm38ib1c","previousOperationId":"b1d1lrl4fv8reum"}
{"type":"log","timestamp":1767124475734,"level":"debug","message":"Executing recipe html","meta":{"rootId":"wracmm44e3omuov","id":"524za3f0cow2k4b"},"id":"q8ffqsfcmj83cse","previousOperationId":"vd40n5vjm38ib1c"}
{"type":"operationEnd","operationId":"vd40n5vjm38ib1c","timestamp":1767124475734,"id":"bzsf3konenjj2ka","previousEventId":"h9ijhlcxwqvlwrz","previousOperationId":"vd40n5vjm38ib1c"}
{"type":"log","timestamp":1767124475734,"level":"debug","message":"Skipping storing report.","meta":{"rootId":"wracmm44e3omuov","id":"524za3f0cow2k4b"},"id":"e2g8l5bx8thfq26","previousOperationId":"vd40n5vjm38ib1c"}
{"type":"log","timestamp":1767124475734,"level":"info","message":"Rendering (child) request finished in 1457 ms","meta":{"rootId":"wracmm44e3omuov","id":"524za3f0cow2k4b"},"id":"dom2dsvqnooddlx","previousOperationId":"vd40n5vjm38ib1c"}
{"type":"operationEnd","subtype":"render","operationId":"864nf0rh4gpr2zw","timestamp":1767124475734,"id":"3aih83zhfauvybq","previousEventId":"bzsf3konenjj2ka","previousOperationId":"vd40n5vjm38ib1c"}
{"type":"log","timestamp":1767124479127,"level":"debug","message":"pptx successfully zipped","meta":{"rootId":"wracmm44e3omuov","id":"wracmm44e3omuov"},"id":"150sr03dguy21bp","previousOperationId":"0sx7skxr1mr2a6f"}
{"type":"log","timestamp":1767124479128,"level":"info","message":"pptx generation was finished","meta":{"rootId":"wracmm44e3omuov","id":"wracmm44e3omuov"},"id":"enyh3g90je7prwe","previousOperationId":"0sx7skxr1mr2a6f"}
{"type":"operationEnd","operationId":"0sx7skxr1mr2a6f","timestamp":1767124479135,"id":"5awzj6gtpw1r0xq","previousEventId":"ca6ygnqm1vyjiui","previousOperationId":"0sx7skxr1mr2a6f"}
{"type":"log","timestamp":1767124479135,"level":"debug","message":"Skipping storing report.","meta":{"rootId":"wracmm44e3omuov","id":"wracmm44e3omuov"},"id":"xy50seybwgndrkl","previousOperationId":"0sx7skxr1mr2a6f"}
{"type":"log","timestamp":1767124479135,"level":"info","message":"Rendering request 19 finished in 4858 ms","meta":{"rootId":"wracmm44e3omuov","id":"wracmm44e3omuov"},"id":"28glm2s9ygeexe5","previousOperationId":"0sx7skxr1mr2a6f"}
{"type":"operationEnd","subtype":"render","operationId":"8d2bz7d4kl8gel8","timestamp":1767124479135,"id":"5h3s2veqejgqasw","previousEventId":"5awzj6gtpw1r0xq","previousOperationId":"0sx7skxr1mr2a6f"}
{"type":"operationEnd","doDiffs":false,"previousEventId":"hwtabtvqmjpbco0","previousOperationId":"rytwokuh4qjuoyf","operationId":"rytwokuh4qjuoyf","timestamp":1767124479139,"id":"qlqmnun6qhjtrtd"}
