{"type":"operationStart","subtype":"profile","data":{"_id":"aZw2s69hzlzVyPi7","timestamp":"2025-12-31T09:40:57.115Z","state":"running","mode":"standard","creationDate":"2025-12-31T09:40:57.122Z","modificationDate":"2025-12-31T09:40:57.122Z","shortid":"q_gikRt","$entitySet":"profiles","timeout":60000},"doDiffs":false,"timestamp":1767174057119,"id":"mdw7lh8yrkt5j18","previousOperationId":null,"operationId":"c9bx5jhfdb8r9am"}
{"type":"log","level":"info","message":"Render request 4 queued for execution and waiting for available worker","previousOperationId":"c9bx5jhfdb8r9am","timestamp":1767174057119,"id":"u12ymeq21etioo9"}
{"type":"operationStart","subtype":"render","name":"anonymous","previousOperationId":"c9bx5jhfdb8r9am","timestamp":1767174057187,"id":"0u61at6l0fv1ouu","previousEventId":"mdw7lh8yrkt5j18","operationId":"0amw6ucelaayzia"}
{"type":"log","timestamp":1767174057188,"level":"info","message":"Starting rendering request 4","meta":{"rootId":"wv3nyip35ir8jfw","id":"wv3nyip35ir8jfw"},"id":"jo41h8kry9z0m2i","previousOperationId":"0amw6ucelaayzia"}
{"type":"log","timestamp":1767174057188,"level":"info","message":"Rendering anonymous template { recipe: pptx, engine: handlebars }","meta":{"rootId":"wv3nyip35ir8jfw","id":"wv3nyip35ir8jfw"},"id":"4ugyna5zvmmxejm","previousOperationId":"0amw6ucelaayzia"}
{"type":"log","timestamp":1767174057188,"level":"debug","message":"Inline data specified.","meta":{"rootId":"wv3nyip35ir8jfw","id":"wv3nyip35ir8jfw"},"id":"mwf2qs2hzjyxt4u","previousOperationId":"0amw6ucelaayzia"}
{"type":"log","timestamp":1767174057193,"level":"debug","message":"Base url not specified, skipping its injection.","meta":{"rootId":"wv3nyip35ir8jfw","id":"wv3nyip35ir8jfw"},"id":"ivmh5qi0q3pnl8x","previousOperationId":"0amw6ucelaayzia"}
{"type":"operationStart","subtype":"engine","name":"handlebars","timestamp":1767174057194,"id":"t6bqcvakegvg7wy","previousEventId":"0u61at6l0fv1ouu","operationId":"bo7d3sbdsogdfnr","previousOperationId":"0amw6ucelaayzia"}
{"type":"log","timestamp":1767174057194,"level":"debug","message":"Rendering engine handlebars","meta":{"rootId":"wv3nyip35ir8jfw","id":"wv3nyip35ir8jfw"},"id":"901qtaey7artinq","previousOperationId":"bo7d3sbdsogdfnr"}
{"type":"operationEnd","operationId":"bo7d3sbdsogdfnr","timestamp":1767174057223,"id":"bxn4xpo82lkjkpg","previousEventId":"t6bqcvakegvg7wy","previousOperationId":"bo7d3sbdsogdfnr"}
{"type":"operationStart","subtype":"recipe","name":"pptx","timestamp":1767174057224,"id":"fzej9t1xsy5p1w6","previousEventId":"bxn4xpo82lkjkpg","operationId":"3gpixuxrbq7gyia","previousOperationId":"bo7d3sbdsogdfnr"}
{"type":"log","timestamp":1767174057224,"level":"debug","message":"Executing recipe pptx","meta":{"rootId":"wv3nyip35ir8jfw","id":"wv3nyip35ir8jfw"},"id":"4h1mtycc4lbq0fy","previousOperationId":"3gpixuxrbq7gyia"}
{"type":"log","timestamp":1767174057248,"level":"info","message":"pptx generation is starting","meta":{"rootId":"wv3nyip35ir8jfw","id":"wv3nyip35ir8jfw"},"id":"c7arhk0krkilj5v","previousOperationId":"3gpixuxrbq7gyia"}
{"type":"log","timestamp":1767174059218,"level":"debug","message":"Starting child request to render pptx dynamic parts","meta":{"rootId":"wv3nyip35ir8jfw","id":"wv3nyip35ir8jfw"},"id":"okkwjynpbrvic18","previousOperationId":"3gpixuxrbq7gyia"}
{"type":"operationStart","subtype":"render","name":"anonymous","previousOperationId":"3gpixuxrbq7gyia","timestamp":1767174059219,"id":"uquc8hop3czs3e5","previousEventId":"fzej9t1xsy5p1w6","operationId":"t3mi3p9wouz4zg3"}
{"type":"log","timestamp":1767174059219,"level":"info","message":"Starting rendering (child) request","meta":{"rootId":"wv3nyip35ir8jfw","id":"h8vj9o73yet95fj"},"id":"vcrx0hj3kxlmqht","previousOperationId":"t3mi3p9wouz4zg3"}
{"type":"log","timestamp":1767174059219,"level":"info","message":"Rendering anonymous template { recipe: html, engine: handlebars }","meta":{"rootId":"wv3nyip35ir8jfw","id":"h8vj9o73yet95fj"},"id":"6p00yts7twnpz1u","previousOperationId":"t3mi3p9wouz4zg3"}
{"type":"log","timestamp":1767174059219,"level":"debug","message":"Inline data specified.","meta":{"rootId":"wv3nyip35ir8jfw","id":"h8vj9o73yet95fj"},"id":"7av364tnccv8kn6","previousOperationId":"t3mi3p9wouz4zg3"}
{"type":"log","timestamp":1767174059225,"level":"debug","message":"Base url not specified, skipping its injection.","meta":{"rootId":"wv3nyip35ir8jfw","id":"h8vj9o73yet95fj"},"id":"jycgodf5vm6ym0t","previousOperationId":"t3mi3p9wouz4zg3"}
{"type":"operationStart","subtype":"engine","name":"handlebars","timestamp":1767174059227,"id":"6kcmdo47alml9xk","previousEventId":"uquc8hop3czs3e5","operationId":"2slabybcskvhacj","previousOperationId":"t3mi3p9wouz4zg3"}
{"type":"log","timestamp":1767174059227,"level":"debug","message":"Rendering engine handlebars","meta":{"rootId":"wv3nyip35ir8jfw","id":"h8vj9o73yet95fj"},"id":"e4bbujyeso2x7qc","previousOperationId":"2slabybcskvhacj"}
{"type":"log","timestamp":1767174059432,"level":"debug","message":"(console:log) {\n  type: 'echarts@v5a',\n  width: 848,\n  height: 409,\n  option: { radar: [ [Object] ], series: [ [Object] ] }\n}","meta":{"userLevel":true,"rootId":"wv3nyip35ir8jfw","id":"h8vj9o73yet95fj"},"id":"gla5cngp1osqd0f","previousOperationId":"2slabybcskvhacj"}
{"type":"operationEnd","operationId":"2slabybcskvhacj","timestamp":1767174059449,"id":"e5s6dsphnrjflk0","previousEventId":"6kcmdo47alml9xk","previousOperationId":"2slabybcskvhacj"}
{"type":"operationStart","subtype":"recipe","name":"html","timestamp":1767174059470,"id":"sxigmekjpz4nhd3","previousEventId":"e5s6dsphnrjflk0","operationId":"9r1jbgw9sjmwurz","previousOperationId":"2slabybcskvhacj"}
{"type":"log","timestamp":1767174059470,"level":"debug","message":"Executing recipe html","meta":{"rootId":"wv3nyip35ir8jfw","id":"h8vj9o73yet95fj"},"id":"yvyil5ssqj55dyg","previousOperationId":"9r1jbgw9sjmwurz"}
{"type":"operationEnd","operationId":"9r1jbgw9sjmwurz","timestamp":1767174059470,"id":"fdhm2j3be7po35y","previousEventId":"sxigmekjpz4nhd3","previousOperationId":"9r1jbgw9sjmwurz"}
{"type":"log","timestamp":1767174059470,"level":"debug","message":"Skipping storing report.","meta":{"rootId":"wv3nyip35ir8jfw","id":"h8vj9o73yet95fj"},"id":"j429zv10qqgh2i3","previousOperationId":"9r1jbgw9sjmwurz"}
{"type":"log","timestamp":1767174059470,"level":"info","message":"Rendering (child) request finished in 2357 ms","meta":{"rootId":"wv3nyip35ir8jfw","id":"h8vj9o73yet95fj"},"id":"jno2czotkfgyrih","previousOperationId":"9r1jbgw9sjmwurz"}
{"type":"operationEnd","subtype":"render","operationId":"t3mi3p9wouz4zg3","timestamp":1767174059470,"id":"ma40j106x6f3avf","previousEventId":"fdhm2j3be7po35y","previousOperationId":"9r1jbgw9sjmwurz"}
{"type":"log","timestamp":1767174066323,"level":"debug","message":"pptx successfully zipped","meta":{"rootId":"wv3nyip35ir8jfw","id":"wv3nyip35ir8jfw"},"id":"olsbxvc0155lc57","previousOperationId":"3gpixuxrbq7gyia"}
{"type":"log","timestamp":1767174066323,"level":"info","message":"pptx generation was finished","meta":{"rootId":"wv3nyip35ir8jfw","id":"wv3nyip35ir8jfw"},"id":"0hbbd7ud96i08jv","previousOperationId":"3gpixuxrbq7gyia"}
{"type":"operationEnd","operationId":"3gpixuxrbq7gyia","timestamp":1767174066334,"id":"okz9r19loii3x7c","previousEventId":"fzej9t1xsy5p1w6","previousOperationId":"3gpixuxrbq7gyia"}
{"type":"log","timestamp":1767174066334,"level":"debug","message":"Skipping storing report.","meta":{"rootId":"wv3nyip35ir8jfw","id":"wv3nyip35ir8jfw"},"id":"u7va5zhf89u78d5","previousOperationId":"3gpixuxrbq7gyia"}
{"type":"log","timestamp":1767174066334,"level":"info","message":"Rendering request 4 finished in 9221 ms","meta":{"rootId":"wv3nyip35ir8jfw","id":"wv3nyip35ir8jfw"},"id":"jx51ai86x4t7isn","previousOperationId":"3gpixuxrbq7gyia"}
{"type":"operationEnd","subtype":"render","operationId":"0amw6ucelaayzia","timestamp":1767174066334,"id":"f0098jhqwkypolx","previousEventId":"okz9r19loii3x7c","previousOperationId":"3gpixuxrbq7gyia"}
{"type":"operationEnd","doDiffs":false,"previousEventId":"mdw7lh8yrkt5j18","previousOperationId":"c9bx5jhfdb8r9am","operationId":"c9bx5jhfdb8r9am","timestamp":1767174066339,"id":"f5xtb81a8m56sai"}
