{"type":"operationStart","subtype":"profile","data":{"_id":"4TfTvoI6riSaTqJl","timestamp":"2025-12-28T14:26:20.339Z","state":"running","mode":"standard","creationDate":"2025-12-28T14:26:20.345Z","modificationDate":"2025-12-28T14:26:20.345Z","shortid":"g1M_7Ho","$entitySet":"profiles","timeout":60000},"doDiffs":false,"timestamp":1766931980344,"id":"gz15m8g5tmujgsg","previousOperationId":null,"operationId":"m7ipxxdk8cbgxl2"}
{"type":"log","level":"info","message":"Render request 16 queued for execution and waiting for available worker","previousOperationId":"m7ipxxdk8cbgxl2","timestamp":1766931980344,"id":"m96jdfa0gklye12"}
{"type":"operationStart","subtype":"render","name":"anonymous","previousOperationId":"m7ipxxdk8cbgxl2","timestamp":1766931980382,"id":"6v0i74h7vgcw4j2","previousEventId":"gz15m8g5tmujgsg","operationId":"lof8ea1izysthnt"}
{"type":"log","timestamp":1766931980383,"level":"info","message":"Starting rendering request 16","meta":{"rootId":"wvhple21p39kjiu","id":"wvhple21p39kjiu"},"id":"mnv3dt6e3gegdva","previousOperationId":"lof8ea1izysthnt"}
{"type":"log","timestamp":1766931980384,"level":"info","message":"Rendering anonymous template { recipe: pptx, engine: handlebars }","meta":{"rootId":"wvhple21p39kjiu","id":"wvhple21p39kjiu"},"id":"jmkwoe1prsmtw39","previousOperationId":"lof8ea1izysthnt"}
{"type":"log","timestamp":1766931980384,"level":"debug","message":"Inline data specified.","meta":{"rootId":"wvhple21p39kjiu","id":"wvhple21p39kjiu"},"id":"57xgx7iko9hwk3r","previousOperationId":"lof8ea1izysthnt"}
{"type":"log","timestamp":1766931980385,"level":"debug","message":"Base url not specified, skipping its injection.","meta":{"rootId":"wvhple21p39kjiu","id":"wvhple21p39kjiu"},"id":"w1f6uj2u2fdm1qv","previousOperationId":"lof8ea1izysthnt"}
{"type":"operationStart","subtype":"engine","name":"handlebars","timestamp":1766931980386,"id":"3t1chkrox01499j","previousEventId":"6v0i74h7vgcw4j2","operationId":"b3lroho09drpzlo","previousOperationId":"lof8ea1izysthnt"}
{"type":"log","timestamp":1766931980386,"level":"debug","message":"Rendering engine handlebars","meta":{"rootId":"wvhple21p39kjiu","id":"wvhple21p39kjiu"},"id":"g5vvxfst7tzqak7","previousOperationId":"b3lroho09drpzlo"}
{"type":"operationEnd","operationId":"b3lroho09drpzlo","timestamp":1766931980398,"id":"nyodasdmv6b2dgo","previousEventId":"3t1chkrox01499j","previousOperationId":"b3lroho09drpzlo"}
{"type":"operationStart","subtype":"recipe","name":"pptx","timestamp":1766931980399,"id":"npz79q3205n4rxv","previousEventId":"nyodasdmv6b2dgo","operationId":"vifbagjokngqu9l","previousOperationId":"b3lroho09drpzlo"}
{"type":"log","timestamp":1766931980399,"level":"debug","message":"Executing recipe pptx","meta":{"rootId":"wvhple21p39kjiu","id":"wvhple21p39kjiu"},"id":"1fi9ut6rpnp4enl","previousOperationId":"vifbagjokngqu9l"}
{"type":"log","timestamp":1766931980420,"level":"info","message":"pptx generation is starting","meta":{"rootId":"wvhple21p39kjiu","id":"wvhple21p39kjiu"},"id":"zlcp2jl7ccr83he","previousOperationId":"vifbagjokngqu9l"}
{"type":"log","timestamp":1766931981485,"level":"debug","message":"Starting child request to render pptx dynamic parts","meta":{"rootId":"wvhple21p39kjiu","id":"wvhple21p39kjiu"},"id":"swkbjxayubauguu","previousOperationId":"vifbagjokngqu9l"}
{"type":"operationStart","subtype":"render","name":"anonymous","previousOperationId":"vifbagjokngqu9l","timestamp":1766931981485,"id":"dng5hubr7249krs","previousEventId":"npz79q3205n4rxv","operationId":"jsf12s05bfyr9u5"}
{"type":"log","timestamp":1766931981485,"level":"info","message":"Starting rendering (child) request","meta":{"rootId":"wvhple21p39kjiu","id":"e75hrt3i0pl9o4d"},"id":"v9xnwk65pcancyc","previousOperationId":"jsf12s05bfyr9u5"}
{"type":"log","timestamp":1766931981485,"level":"info","message":"Rendering anonymous template { recipe: html, engine: handlebars }","meta":{"rootId":"wvhple21p39kjiu","id":"e75hrt3i0pl9o4d"},"id":"1yz0a0c9jg3kkvg","previousOperationId":"jsf12s05bfyr9u5"}
{"type":"log","timestamp":1766931981485,"level":"debug","message":"Inline data specified.","meta":{"rootId":"wvhple21p39kjiu","id":"e75hrt3i0pl9o4d"},"id":"9rjzyj797w9oly3","previousOperationId":"jsf12s05bfyr9u5"}
{"type":"log","timestamp":1766931981493,"level":"debug","message":"Base url not specified, skipping its injection.","meta":{"rootId":"wvhple21p39kjiu","id":"e75hrt3i0pl9o4d"},"id":"gyewtlop78k51hx","previousOperationId":"jsf12s05bfyr9u5"}
{"type":"operationStart","subtype":"engine","name":"handlebars","timestamp":1766931981494,"id":"c4tfu6it0c4yeyw","previousEventId":"dng5hubr7249krs","operationId":"w8bcc73gakvi02x","previousOperationId":"jsf12s05bfyr9u5"}
{"type":"log","timestamp":1766931981494,"level":"debug","message":"Rendering engine handlebars","meta":{"rootId":"wvhple21p39kjiu","id":"e75hrt3i0pl9o4d"},"id":"uvrdgeeonmcsasm","previousOperationId":"w8bcc73gakvi02x"}
{"type":"log","timestamp":1766931981610,"level":"debug","message":"(console:log) {\n  type: 'echarts@v5a',\n  width: 848,\n  height: 409,\n  option: { radar: [ [Object] ], series: [ [Object] ] }\n}","meta":{"userLevel":true,"rootId":"wvhple21p39kjiu","id":"e75hrt3i0pl9o4d"},"id":"s9x3c8fsgalghvc","previousOperationId":"w8bcc73gakvi02x"}
{"type":"operationEnd","operationId":"w8bcc73gakvi02x","timestamp":1766931981617,"id":"py3b8zztj1wfuc6","previousEventId":"c4tfu6it0c4yeyw","previousOperationId":"w8bcc73gakvi02x"}
{"type":"operationStart","subtype":"recipe","name":"html","timestamp":1766931981627,"id":"d09ikcu38ojnvdz","previousEventId":"py3b8zztj1wfuc6","operationId":"c24vgkevxw7wkto","previousOperationId":"w8bcc73gakvi02x"}
{"type":"log","timestamp":1766931981627,"level":"debug","message":"Executing recipe html","meta":{"rootId":"wvhple21p39kjiu","id":"e75hrt3i0pl9o4d"},"id":"bck2af47l9qlevf","previousOperationId":"c24vgkevxw7wkto"}
{"type":"operationEnd","operationId":"c24vgkevxw7wkto","timestamp":1766931981627,"id":"ga906otuoardczq","previousEventId":"d09ikcu38ojnvdz","previousOperationId":"c24vgkevxw7wkto"}
{"type":"log","timestamp":1766931981627,"level":"debug","message":"Skipping storing report.","meta":{"rootId":"wvhple21p39kjiu","id":"e75hrt3i0pl9o4d"},"id":"bl7dxgeqnnw7nyk","previousOperationId":"c24vgkevxw7wkto"}
{"type":"log","timestamp":1766931981628,"level":"info","message":"Rendering (child) request finished in 1290 ms","meta":{"rootId":"wvhple21p39kjiu","id":"e75hrt3i0pl9o4d"},"id":"2wncvv4t993ix5g","previousOperationId":"c24vgkevxw7wkto"}
{"type":"operationEnd","subtype":"render","operationId":"jsf12s05bfyr9u5","timestamp":1766931981628,"id":"bknbc3r0wq1ik2p","previousEventId":"ga906otuoardczq","previousOperationId":"c24vgkevxw7wkto"}
{"type":"log","timestamp":1766931984554,"level":"debug","message":"pptx successfully zipped","meta":{"rootId":"wvhple21p39kjiu","id":"wvhple21p39kjiu"},"id":"sco4fx8ykost1e0","previousOperationId":"vifbagjokngqu9l"}
{"type":"log","timestamp":1766931984554,"level":"info","message":"pptx generation was finished","meta":{"rootId":"wvhple21p39kjiu","id":"wvhple21p39kjiu"},"id":"0xs7fls8v97nw2i","previousOperationId":"vifbagjokngqu9l"}
{"type":"operationEnd","operationId":"vifbagjokngqu9l","timestamp":1766931984562,"id":"5kut55exoutbcc6","previousEventId":"npz79q3205n4rxv","previousOperationId":"vifbagjokngqu9l"}
{"type":"log","timestamp":1766931984562,"level":"debug","message":"Skipping storing report.","meta":{"rootId":"wvhple21p39kjiu","id":"wvhple21p39kjiu"},"id":"jedzk09ipkiyhg5","previousOperationId":"vifbagjokngqu9l"}
{"type":"log","timestamp":1766931984563,"level":"info","message":"Rendering request 16 finished in 4225 ms","meta":{"rootId":"wvhple21p39kjiu","id":"wvhple21p39kjiu"},"id":"eyvanlb7u943ax9","previousOperationId":"vifbagjokngqu9l"}
{"type":"operationEnd","subtype":"render","operationId":"lof8ea1izysthnt","timestamp":1766931984563,"id":"d3na6rxnehos72j","previousEventId":"5kut55exoutbcc6","previousOperationId":"vifbagjokngqu9l"}
{"type":"operationEnd","doDiffs":false,"previousEventId":"gz15m8g5tmujgsg","previousOperationId":"m7ipxxdk8cbgxl2","operationId":"m7ipxxdk8cbgxl2","timestamp":1766931984567,"id":"of9pkg8r4urczov"}
