{"type":"operationStart","subtype":"profile","data":{"_id":"aaYBgmRtl11hKLec","timestamp":"2025-12-30T19:17:36.143Z","state":"running","mode":"standard","creationDate":"2025-12-30T19:17:36.149Z","modificationDate":"2025-12-30T19:17:36.149Z","shortid":"kVmu9vM","$entitySet":"profiles","timeout":60000},"doDiffs":false,"timestamp":1767122256146,"id":"oku7zehv9lfu9he","previousOperationId":null,"operationId":"pldhcrao9f8fvia"}
{"type":"log","level":"info","message":"Render request 3 queued for execution and waiting for available worker","previousOperationId":"pldhcrao9f8fvia","timestamp":1767122256146,"id":"y4bxfgtye5t3bmy"}
{"type":"operationStart","subtype":"render","name":"anonymous","previousOperationId":"pldhcrao9f8fvia","timestamp":1767122256203,"id":"0y7skeb3134rfv2","previousEventId":"oku7zehv9lfu9he","operationId":"lszgqky89q75typ"}
{"type":"log","timestamp":1767122256203,"level":"info","message":"Starting rendering request 3","meta":{"rootId":"wxnrlysr05di4q0","id":"wxnrlysr05di4q0"},"id":"tpbodxjmug8pirm","previousOperationId":"lszgqky89q75typ"}
{"type":"log","timestamp":1767122256203,"level":"info","message":"Rendering anonymous template { recipe: pptx, engine: handlebars }","meta":{"rootId":"wxnrlysr05di4q0","id":"wxnrlysr05di4q0"},"id":"mhihbl2amhftgrq","previousOperationId":"lszgqky89q75typ"}
{"type":"log","timestamp":1767122256204,"level":"debug","message":"Inline data specified.","meta":{"rootId":"wxnrlysr05di4q0","id":"wxnrlysr05di4q0"},"id":"olq35g5vaxmnm1h","previousOperationId":"lszgqky89q75typ"}
{"type":"log","timestamp":1767122256205,"level":"debug","message":"Base url not specified, skipping its injection.","meta":{"rootId":"wxnrlysr05di4q0","id":"wxnrlysr05di4q0"},"id":"t01vhxvy5othzxn","previousOperationId":"lszgqky89q75typ"}
{"type":"operationStart","subtype":"engine","name":"handlebars","timestamp":1767122256205,"id":"jafbgizq1rxkjaj","previousEventId":"0y7skeb3134rfv2","operationId":"meiwcs2u2x79c2u","previousOperationId":"lszgqky89q75typ"}
{"type":"log","timestamp":1767122256205,"level":"debug","message":"Rendering engine handlebars","meta":{"rootId":"wxnrlysr05di4q0","id":"wxnrlysr05di4q0"},"id":"s37qmaj0sn2trib","previousOperationId":"meiwcs2u2x79c2u"}
{"type":"operationEnd","operationId":"meiwcs2u2x79c2u","timestamp":1767122256218,"id":"q4mey0bku2eac1i","previousEventId":"jafbgizq1rxkjaj","previousOperationId":"meiwcs2u2x79c2u"}
{"type":"operationStart","subtype":"recipe","name":"pptx","timestamp":1767122256220,"id":"5qu39hhbeftb0p4","previousEventId":"q4mey0bku2eac1i","operationId":"dxw2f4jofbm8ruc","previousOperationId":"meiwcs2u2x79c2u"}
{"type":"log","timestamp":1767122256220,"level":"debug","message":"Executing recipe pptx","meta":{"rootId":"wxnrlysr05di4q0","id":"wxnrlysr05di4q0"},"id":"4oyi25nk8o2gyln","previousOperationId":"dxw2f4jofbm8ruc"}
{"type":"log","timestamp":1767122256244,"level":"info","message":"pptx generation is starting","meta":{"rootId":"wxnrlysr05di4q0","id":"wxnrlysr05di4q0"},"id":"24jfon3ad94xgvr","previousOperationId":"dxw2f4jofbm8ruc"}
{"type":"log","timestamp":1767122257463,"level":"debug","message":"Starting child request to render pptx dynamic parts","meta":{"rootId":"wxnrlysr05di4q0","id":"wxnrlysr05di4q0"},"id":"6zijhnbzsv3jxi6","previousOperationId":"dxw2f4jofbm8ruc"}
{"type":"operationStart","subtype":"render","name":"anonymous","previousOperationId":"dxw2f4jofbm8ruc","timestamp":1767122257463,"id":"w32766r2mdvdi9n","previousEventId":"5qu39hhbeftb0p4","operationId":"8ag87hlfd7ean8f"}
{"type":"log","timestamp":1767122257464,"level":"info","message":"Starting rendering (child) request","meta":{"rootId":"wxnrlysr05di4q0","id":"1iywq4k8kr1jzo0"},"id":"decvmwg4txv8cxx","previousOperationId":"8ag87hlfd7ean8f"}
{"type":"log","timestamp":1767122257464,"level":"info","message":"Rendering anonymous template { recipe: html, engine: handlebars }","meta":{"rootId":"wxnrlysr05di4q0","id":"1iywq4k8kr1jzo0"},"id":"gc45y4nbwa331po","previousOperationId":"8ag87hlfd7ean8f"}
{"type":"log","timestamp":1767122257464,"level":"debug","message":"Inline data specified.","meta":{"rootId":"wxnrlysr05di4q0","id":"1iywq4k8kr1jzo0"},"id":"92jxbwdll3ddrm4","previousOperationId":"8ag87hlfd7ean8f"}
{"type":"log","timestamp":1767122257472,"level":"debug","message":"Base url not specified, skipping its injection.","meta":{"rootId":"wxnrlysr05di4q0","id":"1iywq4k8kr1jzo0"},"id":"v09dydm3wdf5jk4","previousOperationId":"8ag87hlfd7ean8f"}
{"type":"operationStart","subtype":"engine","name":"handlebars","timestamp":1767122257474,"id":"wik3ue2cm07jh9p","previousEventId":"w32766r2mdvdi9n","operationId":"393xs0d7nk5e9gg","previousOperationId":"8ag87hlfd7ean8f"}
{"type":"log","timestamp":1767122257474,"level":"debug","message":"Rendering engine handlebars","meta":{"rootId":"wxnrlysr05di4q0","id":"1iywq4k8kr1jzo0"},"id":"lsm0gaj2g59ihfl","previousOperationId":"393xs0d7nk5e9gg"}
{"type":"log","timestamp":1767122257604,"level":"debug","message":"(console:log) {\n  type: 'echarts@v5a',\n  width: 848,\n  height: 409,\n  option: { radar: [ [Object] ], series: [ [Object] ] }\n}","meta":{"userLevel":true,"rootId":"wxnrlysr05di4q0","id":"1iywq4k8kr1jzo0"},"id":"h93xga2gb7hsjj1","previousOperationId":"393xs0d7nk5e9gg"}
{"type":"operationEnd","operationId":"393xs0d7nk5e9gg","timestamp":1767122257620,"id":"cr87fcab0oqmyc5","previousEventId":"wik3ue2cm07jh9p","previousOperationId":"393xs0d7nk5e9gg"}
{"type":"operationStart","subtype":"recipe","name":"html","timestamp":1767122257635,"id":"a4a8jklymtqjk3a","previousEventId":"cr87fcab0oqmyc5","operationId":"jwqcu8guze9139a","previousOperationId":"393xs0d7nk5e9gg"}
{"type":"log","timestamp":1767122257635,"level":"debug","message":"Executing recipe html","meta":{"rootId":"wxnrlysr05di4q0","id":"1iywq4k8kr1jzo0"},"id":"m2psztlq2h29pxc","previousOperationId":"jwqcu8guze9139a"}
{"type":"operationEnd","operationId":"jwqcu8guze9139a","timestamp":1767122257635,"id":"jtkstbo2zt4dd03","previousEventId":"a4a8jklymtqjk3a","previousOperationId":"jwqcu8guze9139a"}
{"type":"log","timestamp":1767122257635,"level":"debug","message":"Skipping storing report.","meta":{"rootId":"wxnrlysr05di4q0","id":"1iywq4k8kr1jzo0"},"id":"m15ym582s3hrebp","previousOperationId":"jwqcu8guze9139a"}
{"type":"log","timestamp":1767122257635,"level":"info","message":"Rendering (child) request finished in 1494 ms","meta":{"rootId":"wxnrlysr05di4q0","id":"1iywq4k8kr1jzo0"},"id":"tpy9iyzl1w1s804","previousOperationId":"jwqcu8guze9139a"}
{"type":"operationEnd","subtype":"render","operationId":"8ag87hlfd7ean8f","timestamp":1767122257635,"id":"d0thb444r5o8ny8","previousEventId":"jtkstbo2zt4dd03","previousOperationId":"jwqcu8guze9139a"}
{"type":"log","timestamp":1767122261160,"level":"debug","message":"pptx successfully zipped","meta":{"rootId":"wxnrlysr05di4q0","id":"wxnrlysr05di4q0"},"id":"ue21k6rk865cuu7","previousOperationId":"dxw2f4jofbm8ruc"}
{"type":"log","timestamp":1767122261160,"level":"info","message":"pptx generation was finished","meta":{"rootId":"wxnrlysr05di4q0","id":"wxnrlysr05di4q0"},"id":"iskx26clhdt3lz4","previousOperationId":"dxw2f4jofbm8ruc"}
{"type":"operationEnd","operationId":"dxw2f4jofbm8ruc","timestamp":1767122261168,"id":"2835znvqk6hdvjn","previousEventId":"5qu39hhbeftb0p4","previousOperationId":"dxw2f4jofbm8ruc"}
{"type":"log","timestamp":1767122261168,"level":"debug","message":"Skipping storing report.","meta":{"rootId":"wxnrlysr05di4q0","id":"wxnrlysr05di4q0"},"id":"0kduevx153kbgll","previousOperationId":"dxw2f4jofbm8ruc"}
{"type":"log","timestamp":1767122261168,"level":"info","message":"Rendering request 3 finished in 5027 ms","meta":{"rootId":"wxnrlysr05di4q0","id":"wxnrlysr05di4q0"},"id":"wyg3qyny84xyc6t","previousOperationId":"dxw2f4jofbm8ruc"}
{"type":"operationEnd","subtype":"render","operationId":"lszgqky89q75typ","timestamp":1767122261168,"id":"z5oyfe9nkw4gua0","previousEventId":"2835znvqk6hdvjn","previousOperationId":"dxw2f4jofbm8ruc"}
{"type":"operationEnd","doDiffs":false,"previousEventId":"oku7zehv9lfu9he","previousOperationId":"pldhcrao9f8fvia","operationId":"pldhcrao9f8fvia","timestamp":1767122261173,"id":"8u56esp7p1lnw0s"}
