{"type":"operationStart","subtype":"profile","data":{"_id":"rEkD0FnuLxyPVXmJ","timestamp":"2025-12-27T13:23:29.505Z","state":"running","mode":"standard","creationDate":"2025-12-27T13:23:29.513Z","modificationDate":"2025-12-27T13:23:29.513Z","shortid":"WileBVg","$entitySet":"profiles","timeout":60000},"doDiffs":false,"timestamp":1766841809510,"id":"5epxjdxkl6y8d12","previousOperationId":null,"operationId":"emte9quzn0g2e9p"}
{"type":"log","level":"info","message":"Render request 11 queued for execution and waiting for available worker","previousOperationId":"emte9quzn0g2e9p","timestamp":1766841809510,"id":"qj0en0nwx9d6avj"}
{"type":"operationStart","subtype":"render","name":"anonymous","previousOperationId":"emte9quzn0g2e9p","timestamp":1766841809559,"id":"agmzo7cp6c2icfz","previousEventId":"5epxjdxkl6y8d12","operationId":"g57oyakikneq4ew"}
{"type":"log","timestamp":1766841809559,"level":"info","message":"Starting rendering request 11","meta":{"rootId":"x47vf2uptskkvn0","id":"x47vf2uptskkvn0"},"id":"dvy96wgjuin4d6h","previousOperationId":"g57oyakikneq4ew"}
{"type":"log","timestamp":1766841809559,"level":"info","message":"Rendering anonymous template { recipe: pptx, engine: handlebars }","meta":{"rootId":"x47vf2uptskkvn0","id":"x47vf2uptskkvn0"},"id":"2jg3b01u3ydrf1x","previousOperationId":"g57oyakikneq4ew"}
{"type":"log","timestamp":1766841809559,"level":"debug","message":"Inline data specified.","meta":{"rootId":"x47vf2uptskkvn0","id":"x47vf2uptskkvn0"},"id":"x7h4pq4gv6y1rk5","previousOperationId":"g57oyakikneq4ew"}
{"type":"log","timestamp":1766841809561,"level":"debug","message":"Base url not specified, skipping its injection.","meta":{"rootId":"x47vf2uptskkvn0","id":"x47vf2uptskkvn0"},"id":"xgbe0b3grnvjawb","previousOperationId":"g57oyakikneq4ew"}
{"type":"operationStart","subtype":"engine","name":"handlebars","timestamp":1766841809562,"id":"rs925gpj3qclvms","previousEventId":"agmzo7cp6c2icfz","operationId":"k0ix1847eycahjg","previousOperationId":"g57oyakikneq4ew"}
{"type":"log","timestamp":1766841809562,"level":"debug","message":"Rendering engine handlebars","meta":{"rootId":"x47vf2uptskkvn0","id":"x47vf2uptskkvn0"},"id":"12dkp675wdcw5cj","previousOperationId":"k0ix1847eycahjg"}
{"type":"operationEnd","operationId":"k0ix1847eycahjg","timestamp":1766841809573,"id":"c7jgwayye8r5qxf","previousEventId":"rs925gpj3qclvms","previousOperationId":"k0ix1847eycahjg"}
{"type":"operationStart","subtype":"recipe","name":"pptx","timestamp":1766841809573,"id":"0f3ucsyxufdc3o8","previousEventId":"c7jgwayye8r5qxf","operationId":"wrvo3f7xv4jwkud","previousOperationId":"k0ix1847eycahjg"}
{"type":"log","timestamp":1766841809573,"level":"debug","message":"Executing recipe pptx","meta":{"rootId":"x47vf2uptskkvn0","id":"x47vf2uptskkvn0"},"id":"b78i876fqkfshah","previousOperationId":"wrvo3f7xv4jwkud"}
{"type":"log","timestamp":1766841809587,"level":"info","message":"pptx generation is starting","meta":{"rootId":"x47vf2uptskkvn0","id":"x47vf2uptskkvn0"},"id":"248gx966n3s7fnb","previousOperationId":"wrvo3f7xv4jwkud"}
{"type":"log","timestamp":1766841810735,"level":"debug","message":"Starting child request to render pptx dynamic parts","meta":{"rootId":"x47vf2uptskkvn0","id":"x47vf2uptskkvn0"},"id":"6eyw2aip008e5xo","previousOperationId":"wrvo3f7xv4jwkud"}
{"type":"operationStart","subtype":"render","name":"anonymous","previousOperationId":"wrvo3f7xv4jwkud","timestamp":1766841810736,"id":"rckc0q46ipzwr2h","previousEventId":"0f3ucsyxufdc3o8","operationId":"mgmxmx0agyd7l0u"}
{"type":"log","timestamp":1766841810736,"level":"info","message":"Starting rendering (child) request","meta":{"rootId":"x47vf2uptskkvn0","id":"rsyfn58j2an8s5y"},"id":"gzsjmwiekmhyh40","previousOperationId":"mgmxmx0agyd7l0u"}
{"type":"log","timestamp":1766841810736,"level":"info","message":"Rendering anonymous template { recipe: html, engine: handlebars }","meta":{"rootId":"x47vf2uptskkvn0","id":"rsyfn58j2an8s5y"},"id":"kd041mbijdoauah","previousOperationId":"mgmxmx0agyd7l0u"}
{"type":"log","timestamp":1766841810736,"level":"debug","message":"Inline data specified.","meta":{"rootId":"x47vf2uptskkvn0","id":"rsyfn58j2an8s5y"},"id":"n6o3jkigqxsc67e","previousOperationId":"mgmxmx0agyd7l0u"}
{"type":"log","timestamp":1766841810739,"level":"debug","message":"Base url not specified, skipping its injection.","meta":{"rootId":"x47vf2uptskkvn0","id":"rsyfn58j2an8s5y"},"id":"4x8e5lbldg6y1s9","previousOperationId":"mgmxmx0agyd7l0u"}
{"type":"operationStart","subtype":"engine","name":"handlebars","timestamp":1766841810741,"id":"qk48l5wr76hsqnt","previousEventId":"rckc0q46ipzwr2h","operationId":"fr46tlqyig07qz0","previousOperationId":"mgmxmx0agyd7l0u"}
{"type":"log","timestamp":1766841810741,"level":"debug","message":"Rendering engine handlebars","meta":{"rootId":"x47vf2uptskkvn0","id":"rsyfn58j2an8s5y"},"id":"ex49i231quwovho","previousOperationId":"fr46tlqyig07qz0"}
{"type":"operationEnd","operationId":"fr46tlqyig07qz0","timestamp":1766841810830,"id":"nuzjco4zdsk0qia","previousEventId":"qk48l5wr76hsqnt","previousOperationId":"fr46tlqyig07qz0"}
{"type":"operationStart","subtype":"recipe","name":"html","timestamp":1766841810838,"id":"myhxcgw7qihv5sn","previousEventId":"nuzjco4zdsk0qia","operationId":"gy5zla6e36jh1fc","previousOperationId":"fr46tlqyig07qz0"}
{"type":"log","timestamp":1766841810838,"level":"debug","message":"Executing recipe html","meta":{"rootId":"x47vf2uptskkvn0","id":"rsyfn58j2an8s5y"},"id":"bhbt00zyal3kuwy","previousOperationId":"gy5zla6e36jh1fc"}
{"type":"operationEnd","operationId":"gy5zla6e36jh1fc","timestamp":1766841810838,"id":"0w7c4vc38nxu7tz","previousEventId":"myhxcgw7qihv5sn","previousOperationId":"gy5zla6e36jh1fc"}
{"type":"log","timestamp":1766841810838,"level":"debug","message":"Skipping storing report.","meta":{"rootId":"x47vf2uptskkvn0","id":"rsyfn58j2an8s5y"},"id":"yrfmqh2vc7tv3mm","previousOperationId":"gy5zla6e36jh1fc"}
{"type":"log","timestamp":1766841810838,"level":"info","message":"Rendering (child) request finished in 1334 ms","meta":{"rootId":"x47vf2uptskkvn0","id":"rsyfn58j2an8s5y"},"id":"cx4nvkrydw9jii0","previousOperationId":"gy5zla6e36jh1fc"}
{"type":"operationEnd","subtype":"render","operationId":"mgmxmx0agyd7l0u","timestamp":1766841810838,"id":"e1iwcnh3q0kfyu8","previousEventId":"0w7c4vc38nxu7tz","previousOperationId":"gy5zla6e36jh1fc"}
{"type":"log","timestamp":1766841813460,"level":"debug","message":"pptx successfully zipped","meta":{"rootId":"x47vf2uptskkvn0","id":"x47vf2uptskkvn0"},"id":"q8yhgv26y3qx04l","previousOperationId":"wrvo3f7xv4jwkud"}
{"type":"log","timestamp":1766841813460,"level":"info","message":"pptx generation was finished","meta":{"rootId":"x47vf2uptskkvn0","id":"x47vf2uptskkvn0"},"id":"2lyv06qy3fmw3h9","previousOperationId":"wrvo3f7xv4jwkud"}
{"type":"operationEnd","operationId":"wrvo3f7xv4jwkud","timestamp":1766841813468,"id":"zwx417g2ka7ot4n","previousEventId":"0f3ucsyxufdc3o8","previousOperationId":"wrvo3f7xv4jwkud"}
{"type":"log","timestamp":1766841813468,"level":"debug","message":"Skipping storing report.","meta":{"rootId":"x47vf2uptskkvn0","id":"x47vf2uptskkvn0"},"id":"gt75j7kzzyma9p8","previousOperationId":"wrvo3f7xv4jwkud"}
{"type":"log","timestamp":1766841813468,"level":"info","message":"Rendering request 11 finished in 3964 ms","meta":{"rootId":"x47vf2uptskkvn0","id":"x47vf2uptskkvn0"},"id":"mmif9mb5fhchzjv","previousOperationId":"wrvo3f7xv4jwkud"}
{"type":"operationEnd","subtype":"render","operationId":"g57oyakikneq4ew","timestamp":1766841813468,"id":"z8or19f4w0r5c9v","previousEventId":"zwx417g2ka7ot4n","previousOperationId":"wrvo3f7xv4jwkud"}
{"type":"operationEnd","doDiffs":false,"previousEventId":"5epxjdxkl6y8d12","previousOperationId":"emte9quzn0g2e9p","operationId":"emte9quzn0g2e9p","timestamp":1766841813472,"id":"tfxx2kxeh6a0p1o"}
