{"type":"operationStart","subtype":"profile","data":{"_id":"Om0vXbaMRulnKHcv","timestamp":"2025-12-26T20:41:22.854Z","state":"running","mode":"standard","creationDate":"2025-12-26T20:41:22.862Z","modificationDate":"2025-12-26T20:41:22.862Z","shortid":"KruYWoZ","$entitySet":"profiles","timeout":60000},"doDiffs":false,"timestamp":1766781682859,"id":"fi3ahybhardddxi","previousOperationId":null,"operationId":"7w6ajo0p2g22if2"}
{"type":"log","level":"info","message":"Render request 4 queued for execution and waiting for available worker","previousOperationId":"7w6ajo0p2g22if2","timestamp":1766781682860,"id":"nkrmqzos8mv2m4n"}
{"type":"operationStart","subtype":"render","name":"anonymous","previousOperationId":"7w6ajo0p2g22if2","timestamp":1766781682926,"id":"qjqdqb5wislebdz","previousEventId":"fi3ahybhardddxi","operationId":"1kbelyjchvc8blp"}
{"type":"log","timestamp":1766781682927,"level":"info","message":"Starting rendering request 4","meta":{"rootId":"x4v8wufsi925mzx","id":"x4v8wufsi925mzx"},"id":"qvyx7cov1mt7sxe","previousOperationId":"1kbelyjchvc8blp"}
{"type":"log","timestamp":1766781682927,"level":"info","message":"Rendering anonymous template { recipe: pptx, engine: handlebars }","meta":{"rootId":"x4v8wufsi925mzx","id":"x4v8wufsi925mzx"},"id":"hqosao01bomgb48","previousOperationId":"1kbelyjchvc8blp"}
{"type":"log","timestamp":1766781682927,"level":"debug","message":"Inline data specified.","meta":{"rootId":"x4v8wufsi925mzx","id":"x4v8wufsi925mzx"},"id":"s8x29e58joah802","previousOperationId":"1kbelyjchvc8blp"}
{"type":"log","timestamp":1766781682931,"level":"debug","message":"Base url not specified, skipping its injection.","meta":{"rootId":"x4v8wufsi925mzx","id":"x4v8wufsi925mzx"},"id":"amahf5x3aeplgwg","previousOperationId":"1kbelyjchvc8blp"}
{"type":"operationStart","subtype":"engine","name":"handlebars","timestamp":1766781682932,"id":"28crt5tj7wumbv7","previousEventId":"qjqdqb5wislebdz","operationId":"yuzki2gysmf0rst","previousOperationId":"1kbelyjchvc8blp"}
{"type":"log","timestamp":1766781682932,"level":"debug","message":"Rendering engine handlebars","meta":{"rootId":"x4v8wufsi925mzx","id":"x4v8wufsi925mzx"},"id":"9nk7r3nayipg6bf","previousOperationId":"yuzki2gysmf0rst"}
{"type":"operationEnd","operationId":"yuzki2gysmf0rst","timestamp":1766781682957,"id":"50ve7tdubh6owv8","previousEventId":"28crt5tj7wumbv7","previousOperationId":"yuzki2gysmf0rst"}
{"type":"operationStart","subtype":"recipe","name":"pptx","timestamp":1766781682958,"id":"9iifbjhopiv8kzm","previousEventId":"50ve7tdubh6owv8","operationId":"akyfzxw1zgvqstu","previousOperationId":"yuzki2gysmf0rst"}
{"type":"log","timestamp":1766781682958,"level":"debug","message":"Executing recipe pptx","meta":{"rootId":"x4v8wufsi925mzx","id":"x4v8wufsi925mzx"},"id":"dkcxhlnbyzppk51","previousOperationId":"akyfzxw1zgvqstu"}
{"type":"log","timestamp":1766781682978,"level":"info","message":"pptx generation is starting","meta":{"rootId":"x4v8wufsi925mzx","id":"x4v8wufsi925mzx"},"id":"2imgjxanv3hcle8","previousOperationId":"akyfzxw1zgvqstu"}
{"type":"log","timestamp":1766781684655,"level":"debug","message":"Starting child request to render pptx dynamic parts","meta":{"rootId":"x4v8wufsi925mzx","id":"x4v8wufsi925mzx"},"id":"5o213pnlam8ak60","previousOperationId":"akyfzxw1zgvqstu"}
{"type":"operationStart","subtype":"render","name":"anonymous","previousOperationId":"akyfzxw1zgvqstu","timestamp":1766781684656,"id":"fgl9ekr20btsglw","previousEventId":"9iifbjhopiv8kzm","operationId":"tg08hj8ny4amuq1"}
{"type":"log","timestamp":1766781684656,"level":"info","message":"Starting rendering (child) request","meta":{"rootId":"x4v8wufsi925mzx","id":"i8ilqfnvl3ld9l5"},"id":"23vrvvbl3m7yccs","previousOperationId":"tg08hj8ny4amuq1"}
{"type":"log","timestamp":1766781684656,"level":"info","message":"Rendering anonymous template { recipe: html, engine: handlebars }","meta":{"rootId":"x4v8wufsi925mzx","id":"i8ilqfnvl3ld9l5"},"id":"mu9p9ts3yqlzlzp","previousOperationId":"tg08hj8ny4amuq1"}
{"type":"log","timestamp":1766781684656,"level":"debug","message":"Inline data specified.","meta":{"rootId":"x4v8wufsi925mzx","id":"i8ilqfnvl3ld9l5"},"id":"3ku7wtnjlr9ivqd","previousOperationId":"tg08hj8ny4amuq1"}
{"type":"log","timestamp":1766781684663,"level":"debug","message":"Base url not specified, skipping its injection.","meta":{"rootId":"x4v8wufsi925mzx","id":"i8ilqfnvl3ld9l5"},"id":"s3p7y114i8hrhgo","previousOperationId":"tg08hj8ny4amuq1"}
{"type":"operationStart","subtype":"engine","name":"handlebars","timestamp":1766781684666,"id":"4w4cbre5wt660mg","previousEventId":"fgl9ekr20btsglw","operationId":"h0nbs8x8hkdfm7c","previousOperationId":"tg08hj8ny4amuq1"}
{"type":"log","timestamp":1766781684666,"level":"debug","message":"Rendering engine handlebars","meta":{"rootId":"x4v8wufsi925mzx","id":"i8ilqfnvl3ld9l5"},"id":"l0u0buiuait5ay5","previousOperationId":"h0nbs8x8hkdfm7c"}
{"type":"operationEnd","operationId":"h0nbs8x8hkdfm7c","timestamp":1766781684822,"id":"14ywtf9496g3a5h","previousEventId":"4w4cbre5wt660mg","previousOperationId":"h0nbs8x8hkdfm7c"}
{"type":"operationStart","subtype":"recipe","name":"html","timestamp":1766781684834,"id":"7qa41ih41l9zb05","previousEventId":"14ywtf9496g3a5h","operationId":"kc5y39im4bhx4qb","previousOperationId":"h0nbs8x8hkdfm7c"}
{"type":"log","timestamp":1766781684834,"level":"debug","message":"Executing recipe html","meta":{"rootId":"x4v8wufsi925mzx","id":"i8ilqfnvl3ld9l5"},"id":"wtkermcje7qfeca","previousOperationId":"kc5y39im4bhx4qb"}
{"type":"operationEnd","operationId":"kc5y39im4bhx4qb","timestamp":1766781684834,"id":"vwxgb84trd9g8hl","previousEventId":"7qa41ih41l9zb05","previousOperationId":"kc5y39im4bhx4qb"}
{"type":"log","timestamp":1766781684834,"level":"debug","message":"Skipping storing report.","meta":{"rootId":"x4v8wufsi925mzx","id":"i8ilqfnvl3ld9l5"},"id":"0e2c8xgkegxiwqw","previousOperationId":"kc5y39im4bhx4qb"}
{"type":"log","timestamp":1766781684834,"level":"info","message":"Rendering (child) request finished in 1981 ms","meta":{"rootId":"x4v8wufsi925mzx","id":"i8ilqfnvl3ld9l5"},"id":"xhjdqduy11sgk7s","previousOperationId":"kc5y39im4bhx4qb"}
{"type":"operationEnd","subtype":"render","operationId":"tg08hj8ny4amuq1","timestamp":1766781684834,"id":"hqfrueja7kphmtq","previousEventId":"vwxgb84trd9g8hl","previousOperationId":"kc5y39im4bhx4qb"}
{"type":"log","timestamp":1766781692504,"level":"debug","message":"pptx successfully zipped","meta":{"rootId":"x4v8wufsi925mzx","id":"x4v8wufsi925mzx"},"id":"9lnnj3tjg572od8","previousOperationId":"akyfzxw1zgvqstu"}
{"type":"log","timestamp":1766781692504,"level":"info","message":"pptx generation was finished","meta":{"rootId":"x4v8wufsi925mzx","id":"x4v8wufsi925mzx"},"id":"j58eclq3xmopcbq","previousOperationId":"akyfzxw1zgvqstu"}
{"type":"operationEnd","operationId":"akyfzxw1zgvqstu","timestamp":1766781692514,"id":"6niqqlj4rax7xdo","previousEventId":"9iifbjhopiv8kzm","previousOperationId":"akyfzxw1zgvqstu"}
{"type":"log","timestamp":1766781692514,"level":"debug","message":"Skipping storing report.","meta":{"rootId":"x4v8wufsi925mzx","id":"x4v8wufsi925mzx"},"id":"uifz8ntepx78ovp","previousOperationId":"akyfzxw1zgvqstu"}
{"type":"log","timestamp":1766781692514,"level":"info","message":"Rendering request 4 finished in 9661 ms","meta":{"rootId":"x4v8wufsi925mzx","id":"x4v8wufsi925mzx"},"id":"sygfdzvqxq1n11d","previousOperationId":"akyfzxw1zgvqstu"}
{"type":"operationEnd","subtype":"render","operationId":"1kbelyjchvc8blp","timestamp":1766781692514,"id":"gxz599zxsk0kero","previousEventId":"6niqqlj4rax7xdo","previousOperationId":"akyfzxw1zgvqstu"}
{"type":"operationEnd","doDiffs":false,"previousEventId":"fi3ahybhardddxi","previousOperationId":"7w6ajo0p2g22if2","operationId":"7w6ajo0p2g22if2","timestamp":1766781692518,"id":"f1l5shryd6hie20"}
