{"type":"operationStart","subtype":"profile","data":{"_id":"Ssn7tmJJaXhyGg2m","timestamp":"2025-12-25T20:42:04.299Z","state":"running","mode":"standard","creationDate":"2025-12-25T20:42:04.304Z","modificationDate":"2025-12-25T20:42:04.304Z","shortid":"Sp1f2Oh","$entitySet":"profiles","timeout":60000},"doDiffs":false,"timestamp":1766695324303,"id":"dr2hm2ue3zmhdo7","previousOperationId":null,"operationId":"ajv7hfw209qidoz"}
{"type":"log","level":"info","message":"Render request 4 queued for execution and waiting for available worker","previousOperationId":"ajv7hfw209qidoz","timestamp":1766695324303,"id":"q245t9kdclah7b4"}
{"type":"operationStart","subtype":"render","name":"anonymous","previousOperationId":"ajv7hfw209qidoz","timestamp":1766695324371,"id":"evuhgfuekslo5xj","previousEventId":"dr2hm2ue3zmhdo7","operationId":"2bed5sq5yfqwaz5"}
{"type":"log","timestamp":1766695324371,"level":"info","message":"Starting rendering request 4","meta":{"rootId":"x96cw5gtv0uisbb","id":"x96cw5gtv0uisbb"},"id":"vmpt99ykx5qua4i","previousOperationId":"2bed5sq5yfqwaz5"}
{"type":"log","timestamp":1766695324372,"level":"info","message":"Rendering anonymous template { recipe: pptx, engine: handlebars }","meta":{"rootId":"x96cw5gtv0uisbb","id":"x96cw5gtv0uisbb"},"id":"9qi7wfrdno3to1e","previousOperationId":"2bed5sq5yfqwaz5"}
{"type":"log","timestamp":1766695324372,"level":"debug","message":"Inline data specified.","meta":{"rootId":"x96cw5gtv0uisbb","id":"x96cw5gtv0uisbb"},"id":"v1rdpxi2irhla46","previousOperationId":"2bed5sq5yfqwaz5"}
{"type":"log","timestamp":1766695324380,"level":"debug","message":"Base url not specified, skipping its injection.","meta":{"rootId":"x96cw5gtv0uisbb","id":"x96cw5gtv0uisbb"},"id":"m4knrp5dognl6n1","previousOperationId":"2bed5sq5yfqwaz5"}
{"type":"operationStart","subtype":"engine","name":"handlebars","timestamp":1766695324381,"id":"vjih36ywd68qtx7","previousEventId":"evuhgfuekslo5xj","operationId":"im0f1vz1asyan54","previousOperationId":"2bed5sq5yfqwaz5"}
{"type":"log","timestamp":1766695324381,"level":"debug","message":"Rendering engine handlebars","meta":{"rootId":"x96cw5gtv0uisbb","id":"x96cw5gtv0uisbb"},"id":"5pbjicir9pnlzn5","previousOperationId":"im0f1vz1asyan54"}
{"type":"operationEnd","operationId":"im0f1vz1asyan54","timestamp":1766695324397,"id":"x1d8tqjunumvyxz","previousEventId":"vjih36ywd68qtx7","previousOperationId":"im0f1vz1asyan54"}
{"type":"operationStart","subtype":"recipe","name":"pptx","timestamp":1766695324398,"id":"e8suleyofhtilek","previousEventId":"x1d8tqjunumvyxz","operationId":"hiv4jist62e2lgf","previousOperationId":"im0f1vz1asyan54"}
{"type":"log","timestamp":1766695324398,"level":"debug","message":"Executing recipe pptx","meta":{"rootId":"x96cw5gtv0uisbb","id":"x96cw5gtv0uisbb"},"id":"svhwlprpst89bkq","previousOperationId":"hiv4jist62e2lgf"}
{"type":"log","timestamp":1766695324426,"level":"info","message":"pptx generation is starting","meta":{"rootId":"x96cw5gtv0uisbb","id":"x96cw5gtv0uisbb"},"id":"06sfkctvp6kfmlt","previousOperationId":"hiv4jist62e2lgf"}
{"type":"log","timestamp":1766695326076,"level":"debug","message":"Starting child request to render pptx dynamic parts","meta":{"rootId":"x96cw5gtv0uisbb","id":"x96cw5gtv0uisbb"},"id":"i8bmxosxpy9r6ay","previousOperationId":"hiv4jist62e2lgf"}
{"type":"operationStart","subtype":"render","name":"anonymous","previousOperationId":"hiv4jist62e2lgf","timestamp":1766695326076,"id":"9tb9v07o0x626m4","previousEventId":"e8suleyofhtilek","operationId":"5vrap78bnzd9kq9"}
{"type":"log","timestamp":1766695326076,"level":"info","message":"Starting rendering (child) request","meta":{"rootId":"x96cw5gtv0uisbb","id":"s2aufx8o7jl8dse"},"id":"7uqif1to7xzu840","previousOperationId":"5vrap78bnzd9kq9"}
{"type":"log","timestamp":1766695326077,"level":"info","message":"Rendering anonymous template { recipe: html, engine: handlebars }","meta":{"rootId":"x96cw5gtv0uisbb","id":"s2aufx8o7jl8dse"},"id":"liexomcpwlwdl7k","previousOperationId":"5vrap78bnzd9kq9"}
{"type":"log","timestamp":1766695326077,"level":"debug","message":"Inline data specified.","meta":{"rootId":"x96cw5gtv0uisbb","id":"s2aufx8o7jl8dse"},"id":"k2bdek75i570d6t","previousOperationId":"5vrap78bnzd9kq9"}
{"type":"log","timestamp":1766695326085,"level":"debug","message":"Base url not specified, skipping its injection.","meta":{"rootId":"x96cw5gtv0uisbb","id":"s2aufx8o7jl8dse"},"id":"trvy6tkombp5tw3","previousOperationId":"5vrap78bnzd9kq9"}
{"type":"operationStart","subtype":"engine","name":"handlebars","timestamp":1766695326087,"id":"dby84okmbi1hhqh","previousEventId":"9tb9v07o0x626m4","operationId":"mg921qjn8gf54z2","previousOperationId":"5vrap78bnzd9kq9"}
{"type":"log","timestamp":1766695326087,"level":"debug","message":"Rendering engine handlebars","meta":{"rootId":"x96cw5gtv0uisbb","id":"s2aufx8o7jl8dse"},"id":"1j0iqo2dxfg8h2c","previousOperationId":"mg921qjn8gf54z2"}
{"type":"operationEnd","operationId":"mg921qjn8gf54z2","timestamp":1766695326261,"id":"6rk0oii36l0hkv9","previousEventId":"dby84okmbi1hhqh","previousOperationId":"mg921qjn8gf54z2"}
{"type":"operationStart","subtype":"recipe","name":"html","timestamp":1766695326270,"id":"wo9sunwn4s9uy30","previousEventId":"6rk0oii36l0hkv9","operationId":"hykfoduljoigjyd","previousOperationId":"mg921qjn8gf54z2"}
{"type":"log","timestamp":1766695326270,"level":"debug","message":"Executing recipe html","meta":{"rootId":"x96cw5gtv0uisbb","id":"s2aufx8o7jl8dse"},"id":"n0u3thsmc9jwgvs","previousOperationId":"hykfoduljoigjyd"}
{"type":"operationEnd","operationId":"hykfoduljoigjyd","timestamp":1766695326270,"id":"pmmne1vlmhizqm3","previousEventId":"wo9sunwn4s9uy30","previousOperationId":"hykfoduljoigjyd"}
{"type":"log","timestamp":1766695326272,"level":"debug","message":"Skipping storing report.","meta":{"rootId":"x96cw5gtv0uisbb","id":"s2aufx8o7jl8dse"},"id":"nxvug7t1wpriur9","previousOperationId":"hykfoduljoigjyd"}
{"type":"log","timestamp":1766695326272,"level":"info","message":"Rendering (child) request finished in 1974 ms","meta":{"rootId":"x96cw5gtv0uisbb","id":"s2aufx8o7jl8dse"},"id":"07ioz8m5lnaykwe","previousOperationId":"hykfoduljoigjyd"}
{"type":"operationEnd","subtype":"render","operationId":"5vrap78bnzd9kq9","timestamp":1766695326272,"id":"nklwxfaus6rcnvh","previousEventId":"pmmne1vlmhizqm3","previousOperationId":"hykfoduljoigjyd"}
{"type":"log","timestamp":1766695331331,"level":"debug","message":"pptx successfully zipped","meta":{"rootId":"x96cw5gtv0uisbb","id":"x96cw5gtv0uisbb"},"id":"iiqm59hmy0g41f8","previousOperationId":"hiv4jist62e2lgf"}
{"type":"log","timestamp":1766695331331,"level":"info","message":"pptx generation was finished","meta":{"rootId":"x96cw5gtv0uisbb","id":"x96cw5gtv0uisbb"},"id":"2dmxu06j2783koj","previousOperationId":"hiv4jist62e2lgf"}
{"type":"operationEnd","operationId":"hiv4jist62e2lgf","timestamp":1766695331347,"id":"dw9juy94nclz9qh","previousEventId":"e8suleyofhtilek","previousOperationId":"hiv4jist62e2lgf"}
{"type":"log","timestamp":1766695331347,"level":"debug","message":"Skipping storing report.","meta":{"rootId":"x96cw5gtv0uisbb","id":"x96cw5gtv0uisbb"},"id":"aejael8cddo9o2p","previousOperationId":"hiv4jist62e2lgf"}
{"type":"log","timestamp":1766695331348,"level":"info","message":"Rendering request 4 finished in 7050 ms","meta":{"rootId":"x96cw5gtv0uisbb","id":"x96cw5gtv0uisbb"},"id":"gh93eekdy651phx","previousOperationId":"hiv4jist62e2lgf"}
{"type":"operationEnd","subtype":"render","operationId":"2bed5sq5yfqwaz5","timestamp":1766695331348,"id":"dr50jjvypr45ost","previousEventId":"dw9juy94nclz9qh","previousOperationId":"hiv4jist62e2lgf"}
{"type":"operationEnd","doDiffs":false,"previousEventId":"dr2hm2ue3zmhdo7","previousOperationId":"ajv7hfw209qidoz","operationId":"ajv7hfw209qidoz","timestamp":1766695331355,"id":"yfqj9sopcffcqns"}
