{"type":"operationStart","subtype":"profile","data":{"_id":"ymLlDteXwMzBSAVY","timestamp":"2025-12-28T14:59:10.532Z","state":"running","mode":"standard","creationDate":"2025-12-28T14:59:10.542Z","modificationDate":"2025-12-28T14:59:10.542Z","shortid":"N_uY6Ck","$entitySet":"profiles","timeout":60000},"doDiffs":false,"timestamp":1766933950537,"id":"1v14pv9jxvnholz","previousOperationId":null,"operationId":"k6tc94n309h4yk3"}
{"type":"log","level":"info","message":"Render request 25 queued for execution and waiting for available worker","previousOperationId":"k6tc94n309h4yk3","timestamp":1766933950537,"id":"a1v16bl8nfmnnd5"}
{"type":"operationStart","subtype":"render","name":"anonymous","previousOperationId":"k6tc94n309h4yk3","timestamp":1766933950597,"id":"hvwh692qo6eluzq","previousEventId":"1v14pv9jxvnholz","operationId":"rhhvwh3l2lur5in"}
{"type":"log","timestamp":1766933950598,"level":"info","message":"Starting rendering request 25","meta":{"rootId":"x9vn1lotxahwvyq","id":"x9vn1lotxahwvyq"},"id":"2xgpebj1dy6ciw1","previousOperationId":"rhhvwh3l2lur5in"}
{"type":"log","timestamp":1766933950598,"level":"info","message":"Rendering anonymous template { recipe: pptx, engine: handlebars }","meta":{"rootId":"x9vn1lotxahwvyq","id":"x9vn1lotxahwvyq"},"id":"wwx4bnpzzusmi5b","previousOperationId":"rhhvwh3l2lur5in"}
{"type":"log","timestamp":1766933950598,"level":"debug","message":"Inline data specified.","meta":{"rootId":"x9vn1lotxahwvyq","id":"x9vn1lotxahwvyq"},"id":"8mh2bnrj4ywcxgz","previousOperationId":"rhhvwh3l2lur5in"}
{"type":"log","timestamp":1766933950607,"level":"debug","message":"Base url not specified, skipping its injection.","meta":{"rootId":"x9vn1lotxahwvyq","id":"x9vn1lotxahwvyq"},"id":"5xasip2ghhjtmkl","previousOperationId":"rhhvwh3l2lur5in"}
{"type":"operationStart","subtype":"engine","name":"handlebars","timestamp":1766933950608,"id":"n8mhoiil3257v5j","previousEventId":"hvwh692qo6eluzq","operationId":"5q5jwf7cleac1r4","previousOperationId":"rhhvwh3l2lur5in"}
{"type":"log","timestamp":1766933950608,"level":"debug","message":"Rendering engine handlebars","meta":{"rootId":"x9vn1lotxahwvyq","id":"x9vn1lotxahwvyq"},"id":"te1jqfellw1z9xt","previousOperationId":"5q5jwf7cleac1r4"}
{"type":"operationEnd","operationId":"5q5jwf7cleac1r4","timestamp":1766933950621,"id":"xz81to75bcr9gl3","previousEventId":"n8mhoiil3257v5j","previousOperationId":"5q5jwf7cleac1r4"}
{"type":"operationStart","subtype":"recipe","name":"pptx","timestamp":1766933950621,"id":"bqw8p7vhktbu2b2","previousEventId":"xz81to75bcr9gl3","operationId":"fjpnabslfi3l2sp","previousOperationId":"5q5jwf7cleac1r4"}
{"type":"log","timestamp":1766933950621,"level":"debug","message":"Executing recipe pptx","meta":{"rootId":"x9vn1lotxahwvyq","id":"x9vn1lotxahwvyq"},"id":"jbji9cielxavqxe","previousOperationId":"fjpnabslfi3l2sp"}
{"type":"log","timestamp":1766933950643,"level":"info","message":"pptx generation is starting","meta":{"rootId":"x9vn1lotxahwvyq","id":"x9vn1lotxahwvyq"},"id":"vm9j3ndvfss2qao","previousOperationId":"fjpnabslfi3l2sp"}
{"type":"log","timestamp":1766933952350,"level":"debug","message":"Starting child request to render pptx dynamic parts","meta":{"rootId":"x9vn1lotxahwvyq","id":"x9vn1lotxahwvyq"},"id":"5qki27xxct747pu","previousOperationId":"fjpnabslfi3l2sp"}
{"type":"operationStart","subtype":"render","name":"anonymous","previousOperationId":"fjpnabslfi3l2sp","timestamp":1766933952351,"id":"p72vpmtamp5pm7y","previousEventId":"bqw8p7vhktbu2b2","operationId":"ximlf5kelzk1lu4"}
{"type":"log","timestamp":1766933952351,"level":"info","message":"Starting rendering (child) request","meta":{"rootId":"x9vn1lotxahwvyq","id":"q1nkifew6w7vafg"},"id":"27r8xwxb4eyou8o","previousOperationId":"ximlf5kelzk1lu4"}
{"type":"log","timestamp":1766933952351,"level":"info","message":"Rendering anonymous template { recipe: html, engine: handlebars }","meta":{"rootId":"x9vn1lotxahwvyq","id":"q1nkifew6w7vafg"},"id":"1badt7hepyys6vl","previousOperationId":"ximlf5kelzk1lu4"}
{"type":"log","timestamp":1766933952351,"level":"debug","message":"Inline data specified.","meta":{"rootId":"x9vn1lotxahwvyq","id":"q1nkifew6w7vafg"},"id":"mmf7gzj5vxxnyvf","previousOperationId":"ximlf5kelzk1lu4"}
{"type":"log","timestamp":1766933952360,"level":"debug","message":"Base url not specified, skipping its injection.","meta":{"rootId":"x9vn1lotxahwvyq","id":"q1nkifew6w7vafg"},"id":"6dj6sa6z2it4wqh","previousOperationId":"ximlf5kelzk1lu4"}
{"type":"operationStart","subtype":"engine","name":"handlebars","timestamp":1766933952362,"id":"g99oornhynuzody","previousEventId":"p72vpmtamp5pm7y","operationId":"4hmiao0567hwqs3","previousOperationId":"ximlf5kelzk1lu4"}
{"type":"log","timestamp":1766933952362,"level":"debug","message":"Rendering engine handlebars","meta":{"rootId":"x9vn1lotxahwvyq","id":"q1nkifew6w7vafg"},"id":"1ni96e3xykskzat","previousOperationId":"4hmiao0567hwqs3"}
{"type":"log","timestamp":1766933952572,"level":"debug","message":"(console:log) {\n  type: 'echarts@v5a',\n  width: 848,\n  height: 409,\n  option: { radar: [ [Object] ], series: [ [Object] ] }\n}","meta":{"userLevel":true,"rootId":"x9vn1lotxahwvyq","id":"q1nkifew6w7vafg"},"id":"p4t1xjjj2kxssvw","previousOperationId":"4hmiao0567hwqs3"}
{"type":"operationEnd","operationId":"4hmiao0567hwqs3","timestamp":1766933952583,"id":"znxddrxsph1l9ga","previousEventId":"g99oornhynuzody","previousOperationId":"4hmiao0567hwqs3"}
{"type":"operationStart","subtype":"recipe","name":"html","timestamp":1766933952600,"id":"0jh1rlmg76x52br","previousEventId":"znxddrxsph1l9ga","operationId":"cjg80kdychc8ate","previousOperationId":"4hmiao0567hwqs3"}
{"type":"log","timestamp":1766933952600,"level":"debug","message":"Executing recipe html","meta":{"rootId":"x9vn1lotxahwvyq","id":"q1nkifew6w7vafg"},"id":"7a4my4uorj8zvea","previousOperationId":"cjg80kdychc8ate"}
{"type":"operationEnd","operationId":"cjg80kdychc8ate","timestamp":1766933952600,"id":"woov9zj8duvciwe","previousEventId":"0jh1rlmg76x52br","previousOperationId":"cjg80kdychc8ate"}
{"type":"log","timestamp":1766933952600,"level":"debug","message":"Skipping storing report.","meta":{"rootId":"x9vn1lotxahwvyq","id":"q1nkifew6w7vafg"},"id":"63x6bd4j1mo0qc0","previousOperationId":"cjg80kdychc8ate"}
{"type":"log","timestamp":1766933952600,"level":"info","message":"Rendering (child) request finished in 2069 ms","meta":{"rootId":"x9vn1lotxahwvyq","id":"q1nkifew6w7vafg"},"id":"n4wht15hjq3f2sk","previousOperationId":"cjg80kdychc8ate"}
{"type":"operationEnd","subtype":"render","operationId":"ximlf5kelzk1lu4","timestamp":1766933952601,"id":"v4mopbdboabhayg","previousEventId":"woov9zj8duvciwe","previousOperationId":"cjg80kdychc8ate"}
{"type":"log","timestamp":1766933959739,"level":"debug","message":"pptx successfully zipped","meta":{"rootId":"x9vn1lotxahwvyq","id":"x9vn1lotxahwvyq"},"id":"u63fdl9q2k4dd8o","previousOperationId":"fjpnabslfi3l2sp"}
{"type":"log","timestamp":1766933959739,"level":"info","message":"pptx generation was finished","meta":{"rootId":"x9vn1lotxahwvyq","id":"x9vn1lotxahwvyq"},"id":"oyf5um0bwj3f4jf","previousOperationId":"fjpnabslfi3l2sp"}
{"type":"operationEnd","operationId":"fjpnabslfi3l2sp","timestamp":1766933959749,"id":"fjccd858kzwzh2k","previousEventId":"bqw8p7vhktbu2b2","previousOperationId":"fjpnabslfi3l2sp"}
{"type":"log","timestamp":1766933959750,"level":"debug","message":"Skipping storing report.","meta":{"rootId":"x9vn1lotxahwvyq","id":"x9vn1lotxahwvyq"},"id":"60y3kkc6t3zlgcd","previousOperationId":"fjpnabslfi3l2sp"}
{"type":"log","timestamp":1766933959750,"level":"info","message":"Rendering request 25 finished in 9219 ms","meta":{"rootId":"x9vn1lotxahwvyq","id":"x9vn1lotxahwvyq"},"id":"hyju9p0n4rf0gte","previousOperationId":"fjpnabslfi3l2sp"}
{"type":"operationEnd","subtype":"render","operationId":"rhhvwh3l2lur5in","timestamp":1766933959750,"id":"2398v1o4yx2jkgu","previousEventId":"fjccd858kzwzh2k","previousOperationId":"fjpnabslfi3l2sp"}
{"type":"operationEnd","doDiffs":false,"previousEventId":"1v14pv9jxvnholz","previousOperationId":"k6tc94n309h4yk3","operationId":"k6tc94n309h4yk3","timestamp":1766933959755,"id":"n28ckhy58w0z8nf"}
