{"type":"operationStart","subtype":"profile","data":{"_id":"QGkJIxmFgmvH5bkj","timestamp":"2025-12-31T11:18:06.229Z","state":"running","mode":"standard","creationDate":"2025-12-31T11:18:06.252Z","modificationDate":"2025-12-31T11:18:06.252Z","shortid":"ikbnVJ1","$entitySet":"profiles","timeout":60000},"doDiffs":false,"timestamp":1767179886247,"id":"g8108rdskklfz38","previousOperationId":null,"operationId":"tawzp2mvzhu8y92"}
{"type":"log","level":"info","message":"Render request 28 queued for execution and waiting for available worker","previousOperationId":"tawzp2mvzhu8y92","timestamp":1767179886247,"id":"3rhuxj2rxvt05fz"}
{"type":"operationStart","subtype":"render","name":"anonymous","previousOperationId":"tawzp2mvzhu8y92","timestamp":1767179886336,"id":"4q75ybv6htsj0ka","previousEventId":"g8108rdskklfz38","operationId":"tbd01ut5rr3ktsg"}
{"type":"log","timestamp":1767179886336,"level":"info","message":"Starting rendering request 28","meta":{"rootId":"xb8xws60ym274g8","id":"xb8xws60ym274g8"},"id":"n7vtqikkaladyh8","previousOperationId":"tbd01ut5rr3ktsg"}
{"type":"log","timestamp":1767179886337,"level":"info","message":"Rendering anonymous template { recipe: pptx, engine: handlebars }","meta":{"rootId":"xb8xws60ym274g8","id":"xb8xws60ym274g8"},"id":"kb48kmfbrug6q41","previousOperationId":"tbd01ut5rr3ktsg"}
{"type":"log","timestamp":1767179886337,"level":"debug","message":"Inline data specified.","meta":{"rootId":"xb8xws60ym274g8","id":"xb8xws60ym274g8"},"id":"3ukxeoeuhxw0hg0","previousOperationId":"tbd01ut5rr3ktsg"}
{"type":"log","timestamp":1767179886343,"level":"debug","message":"Base url not specified, skipping its injection.","meta":{"rootId":"xb8xws60ym274g8","id":"xb8xws60ym274g8"},"id":"988kv3b3iavygey","previousOperationId":"tbd01ut5rr3ktsg"}
{"type":"operationStart","subtype":"engine","name":"handlebars","timestamp":1767179886344,"id":"znzpr4ihs9j3mq4","previousEventId":"4q75ybv6htsj0ka","operationId":"usttr6siosf37jr","previousOperationId":"tbd01ut5rr3ktsg"}
{"type":"log","timestamp":1767179886344,"level":"debug","message":"Rendering engine handlebars","meta":{"rootId":"xb8xws60ym274g8","id":"xb8xws60ym274g8"},"id":"65nsmwyr5lq2s5j","previousOperationId":"usttr6siosf37jr"}
{"type":"operationEnd","operationId":"usttr6siosf37jr","timestamp":1767179886372,"id":"z6qgggndyc9beun","previousEventId":"znzpr4ihs9j3mq4","previousOperationId":"usttr6siosf37jr"}
{"type":"operationStart","subtype":"recipe","name":"pptx","timestamp":1767179886372,"id":"i544dattip1oawu","previousEventId":"z6qgggndyc9beun","operationId":"l1bd9t0yr8w80w6","previousOperationId":"usttr6siosf37jr"}
{"type":"log","timestamp":1767179886372,"level":"debug","message":"Executing recipe pptx","meta":{"rootId":"xb8xws60ym274g8","id":"xb8xws60ym274g8"},"id":"r542mcprcfpptxo","previousOperationId":"l1bd9t0yr8w80w6"}
{"type":"log","timestamp":1767179886390,"level":"info","message":"pptx generation is starting","meta":{"rootId":"xb8xws60ym274g8","id":"xb8xws60ym274g8"},"id":"o4wo8hfdmzne3iq","previousOperationId":"l1bd9t0yr8w80w6"}
{"type":"log","timestamp":1767179888405,"level":"debug","message":"Starting child request to render pptx dynamic parts","meta":{"rootId":"xb8xws60ym274g8","id":"xb8xws60ym274g8"},"id":"7byo80vn3rf5crc","previousOperationId":"l1bd9t0yr8w80w6"}
{"type":"operationStart","subtype":"render","name":"anonymous","previousOperationId":"l1bd9t0yr8w80w6","timestamp":1767179888406,"id":"3ftz1zh596e2nc3","previousEventId":"i544dattip1oawu","operationId":"ya47u505liypsgq"}
{"type":"log","timestamp":1767179888406,"level":"info","message":"Starting rendering (child) request","meta":{"rootId":"xb8xws60ym274g8","id":"eioyw1qynkd0srp"},"id":"98k1noghz41dnyt","previousOperationId":"ya47u505liypsgq"}
{"type":"log","timestamp":1767179888406,"level":"info","message":"Rendering anonymous template { recipe: html, engine: handlebars }","meta":{"rootId":"xb8xws60ym274g8","id":"eioyw1qynkd0srp"},"id":"6q89ewprqmhul3z","previousOperationId":"ya47u505liypsgq"}
{"type":"log","timestamp":1767179888406,"level":"debug","message":"Inline data specified.","meta":{"rootId":"xb8xws60ym274g8","id":"eioyw1qynkd0srp"},"id":"uasl5rnje27zs2e","previousOperationId":"ya47u505liypsgq"}
{"type":"log","timestamp":1767179888417,"level":"debug","message":"Base url not specified, skipping its injection.","meta":{"rootId":"xb8xws60ym274g8","id":"eioyw1qynkd0srp"},"id":"07hkvc7c4gktvxr","previousOperationId":"ya47u505liypsgq"}
{"type":"operationStart","subtype":"engine","name":"handlebars","timestamp":1767179888419,"id":"oq3t4j71h2jls7k","previousEventId":"3ftz1zh596e2nc3","operationId":"vhy9skfb9dj0wul","previousOperationId":"ya47u505liypsgq"}
{"type":"log","timestamp":1767179888419,"level":"debug","message":"Rendering engine handlebars","meta":{"rootId":"xb8xws60ym274g8","id":"eioyw1qynkd0srp"},"id":"my3xba8f6e6qkyd","previousOperationId":"vhy9skfb9dj0wul"}
{"type":"log","timestamp":1767179888664,"level":"debug","message":"(console:log) {\n  type: 'echarts@v5a',\n  width: 848,\n  height: 409,\n  option: { radar: [ [Object] ], series: [ [Object] ] }\n}","meta":{"userLevel":true,"rootId":"xb8xws60ym274g8","id":"eioyw1qynkd0srp"},"id":"khmy0xcntkkn70v","previousOperationId":"vhy9skfb9dj0wul"}
{"type":"operationEnd","operationId":"vhy9skfb9dj0wul","timestamp":1767179888689,"id":"ditieridmgdkduc","previousEventId":"oq3t4j71h2jls7k","previousOperationId":"vhy9skfb9dj0wul"}
{"type":"operationStart","subtype":"recipe","name":"html","timestamp":1767179888713,"id":"ewfj9owuitkmbnx","previousEventId":"ditieridmgdkduc","operationId":"2qz987ucxt2fc9g","previousOperationId":"vhy9skfb9dj0wul"}
{"type":"log","timestamp":1767179888714,"level":"debug","message":"Executing recipe html","meta":{"rootId":"xb8xws60ym274g8","id":"eioyw1qynkd0srp"},"id":"rng17zxoyruymej","previousOperationId":"2qz987ucxt2fc9g"}
{"type":"operationEnd","operationId":"2qz987ucxt2fc9g","timestamp":1767179888714,"id":"lzxxhlphpkfllv8","previousEventId":"ewfj9owuitkmbnx","previousOperationId":"2qz987ucxt2fc9g"}
{"type":"log","timestamp":1767179888714,"level":"debug","message":"Skipping storing report.","meta":{"rootId":"xb8xws60ym274g8","id":"eioyw1qynkd0srp"},"id":"btk5zvq3byndxu4","previousOperationId":"2qz987ucxt2fc9g"}
{"type":"log","timestamp":1767179888714,"level":"info","message":"Rendering (child) request finished in 2486 ms","meta":{"rootId":"xb8xws60ym274g8","id":"eioyw1qynkd0srp"},"id":"hn3qtertu4t7wwe","previousOperationId":"2qz987ucxt2fc9g"}
{"type":"operationEnd","subtype":"render","operationId":"ya47u505liypsgq","timestamp":1767179888714,"id":"x7v0hxq3j4bfiru","previousEventId":"lzxxhlphpkfllv8","previousOperationId":"2qz987ucxt2fc9g"}
{"type":"log","timestamp":1767179894941,"level":"debug","message":"pptx successfully zipped","meta":{"rootId":"xb8xws60ym274g8","id":"xb8xws60ym274g8"},"id":"shf4119naypvoxp","previousOperationId":"l1bd9t0yr8w80w6"}
{"type":"log","timestamp":1767179894941,"level":"info","message":"pptx generation was finished","meta":{"rootId":"xb8xws60ym274g8","id":"xb8xws60ym274g8"},"id":"fsoyc0xrn059nmx","previousOperationId":"l1bd9t0yr8w80w6"}
{"type":"operationEnd","operationId":"l1bd9t0yr8w80w6","timestamp":1767179894952,"id":"1qn4cdknxpu4aci","previousEventId":"i544dattip1oawu","previousOperationId":"l1bd9t0yr8w80w6"}
{"type":"log","timestamp":1767179894952,"level":"debug","message":"Skipping storing report.","meta":{"rootId":"xb8xws60ym274g8","id":"xb8xws60ym274g8"},"id":"70n9ztsdjxa0eht","previousOperationId":"l1bd9t0yr8w80w6"}
{"type":"log","timestamp":1767179894952,"level":"info","message":"Rendering request 28 finished in 8724 ms","meta":{"rootId":"xb8xws60ym274g8","id":"xb8xws60ym274g8"},"id":"scroyo82tb6bltp","previousOperationId":"l1bd9t0yr8w80w6"}
{"type":"operationEnd","subtype":"render","operationId":"tbd01ut5rr3ktsg","timestamp":1767179894952,"id":"iafhjhe9re3to51","previousEventId":"1qn4cdknxpu4aci","previousOperationId":"l1bd9t0yr8w80w6"}
{"type":"operationEnd","doDiffs":false,"previousEventId":"g8108rdskklfz38","previousOperationId":"tawzp2mvzhu8y92","operationId":"tawzp2mvzhu8y92","timestamp":1767179894957,"id":"ru7ug6mn1chobuo"}
