{"type":"operationStart","subtype":"profile","data":{"_id":"8JYIFieGO1LpZRp0","timestamp":"2025-12-28T15:18:26.858Z","state":"running","mode":"standard","creationDate":"2025-12-28T15:18:26.864Z","modificationDate":"2025-12-28T15:18:26.864Z","shortid":"lk92RBD","$entitySet":"profiles","timeout":60000},"doDiffs":false,"timestamp":1766935106861,"id":"e1rrum1fslu2xz2","previousOperationId":null,"operationId":"7oybko2sqz1m8k5"}
{"type":"log","level":"info","message":"Render request 5 queued for execution and waiting for available worker","previousOperationId":"7oybko2sqz1m8k5","timestamp":1766935106861,"id":"08h1ynvu4tuvey2"}
{"type":"operationStart","subtype":"render","name":"anonymous","previousOperationId":"7oybko2sqz1m8k5","timestamp":1766935106962,"id":"4wi2jb0jolbzwzm","previousEventId":"e1rrum1fslu2xz2","operationId":"sigy6yrok2u512o"}
{"type":"log","timestamp":1766935106963,"level":"info","message":"Starting rendering request 5","meta":{"rootId":"xc8zieeacgrarr1","id":"xc8zieeacgrarr1"},"id":"5xagj8wd5e56j8z","previousOperationId":"sigy6yrok2u512o"}
{"type":"log","timestamp":1766935106963,"level":"info","message":"Rendering anonymous template { recipe: pptx, engine: handlebars }","meta":{"rootId":"xc8zieeacgrarr1","id":"xc8zieeacgrarr1"},"id":"ub65m7gszhr57xo","previousOperationId":"sigy6yrok2u512o"}
{"type":"log","timestamp":1766935106963,"level":"debug","message":"Inline data specified.","meta":{"rootId":"xc8zieeacgrarr1","id":"xc8zieeacgrarr1"},"id":"hmsplgu0yzkvu11","previousOperationId":"sigy6yrok2u512o"}
{"type":"log","timestamp":1766935106967,"level":"debug","message":"Base url not specified, skipping its injection.","meta":{"rootId":"xc8zieeacgrarr1","id":"xc8zieeacgrarr1"},"id":"p0gb6ex0e7ju5r6","previousOperationId":"sigy6yrok2u512o"}
{"type":"operationStart","subtype":"engine","name":"handlebars","timestamp":1766935106968,"id":"4s80vmxlucouvr3","previousEventId":"4wi2jb0jolbzwzm","operationId":"jj7mor4t7xzvb99","previousOperationId":"sigy6yrok2u512o"}
{"type":"log","timestamp":1766935106968,"level":"debug","message":"Rendering engine handlebars","meta":{"rootId":"xc8zieeacgrarr1","id":"xc8zieeacgrarr1"},"id":"7x81f8xiyvch26i","previousOperationId":"jj7mor4t7xzvb99"}
{"type":"operationEnd","operationId":"jj7mor4t7xzvb99","timestamp":1766935106994,"id":"d1ljssvynpg6cbe","previousEventId":"4s80vmxlucouvr3","previousOperationId":"jj7mor4t7xzvb99"}
{"type":"operationStart","subtype":"recipe","name":"pptx","timestamp":1766935106995,"id":"4dbml54bbcodt8x","previousEventId":"d1ljssvynpg6cbe","operationId":"pmxyal2bjtoxhto","previousOperationId":"jj7mor4t7xzvb99"}
{"type":"log","timestamp":1766935106995,"level":"debug","message":"Executing recipe pptx","meta":{"rootId":"xc8zieeacgrarr1","id":"xc8zieeacgrarr1"},"id":"ys47u92h2hs0ip8","previousOperationId":"pmxyal2bjtoxhto"}
{"type":"log","timestamp":1766935107029,"level":"info","message":"pptx generation is starting","meta":{"rootId":"xc8zieeacgrarr1","id":"xc8zieeacgrarr1"},"id":"drn6cjfmgb59ma1","previousOperationId":"pmxyal2bjtoxhto"}
{"type":"log","timestamp":1766935108728,"level":"debug","message":"Starting child request to render pptx dynamic parts","meta":{"rootId":"xc8zieeacgrarr1","id":"xc8zieeacgrarr1"},"id":"e6te9oawlx3h5gk","previousOperationId":"pmxyal2bjtoxhto"}
{"type":"operationStart","subtype":"render","name":"anonymous","previousOperationId":"pmxyal2bjtoxhto","timestamp":1766935108728,"id":"sez7b014c4ofwu7","previousEventId":"4dbml54bbcodt8x","operationId":"bnfx2x4urwp91wv"}
{"type":"log","timestamp":1766935108728,"level":"info","message":"Starting rendering (child) request","meta":{"rootId":"xc8zieeacgrarr1","id":"qxfoku89xc6deg1"},"id":"j5eswt9rj3mn1li","previousOperationId":"bnfx2x4urwp91wv"}
{"type":"log","timestamp":1766935108729,"level":"info","message":"Rendering anonymous template { recipe: html, engine: handlebars }","meta":{"rootId":"xc8zieeacgrarr1","id":"qxfoku89xc6deg1"},"id":"8m3mr12jyazti1e","previousOperationId":"bnfx2x4urwp91wv"}
{"type":"log","timestamp":1766935108729,"level":"debug","message":"Inline data specified.","meta":{"rootId":"xc8zieeacgrarr1","id":"qxfoku89xc6deg1"},"id":"mmikspzln9uq40l","previousOperationId":"bnfx2x4urwp91wv"}
{"type":"log","timestamp":1766935108735,"level":"debug","message":"Base url not specified, skipping its injection.","meta":{"rootId":"xc8zieeacgrarr1","id":"qxfoku89xc6deg1"},"id":"0mwh3epfrhy6hd9","previousOperationId":"bnfx2x4urwp91wv"}
{"type":"operationStart","subtype":"engine","name":"handlebars","timestamp":1766935108737,"id":"w687g8h6abdw8bc","previousEventId":"sez7b014c4ofwu7","operationId":"43x6poebn4lhkzp","previousOperationId":"bnfx2x4urwp91wv"}
{"type":"log","timestamp":1766935108737,"level":"debug","message":"Rendering engine handlebars","meta":{"rootId":"xc8zieeacgrarr1","id":"qxfoku89xc6deg1"},"id":"kcgstt616gdvdxx","previousOperationId":"43x6poebn4lhkzp"}
{"type":"log","timestamp":1766935108926,"level":"debug","message":"(console:log) {\n  type: 'echarts@v5a',\n  width: 848,\n  height: 409,\n  option: { radar: [ [Object] ], series: [ [Object] ] }\n}","meta":{"userLevel":true,"rootId":"xc8zieeacgrarr1","id":"qxfoku89xc6deg1"},"id":"5ewifs34jnhuuqz","previousOperationId":"43x6poebn4lhkzp"}
{"type":"operationEnd","operationId":"43x6poebn4lhkzp","timestamp":1766935108937,"id":"9ithu2wnzoj1fzm","previousEventId":"w687g8h6abdw8bc","previousOperationId":"43x6poebn4lhkzp"}
{"type":"operationStart","subtype":"recipe","name":"html","timestamp":1766935108955,"id":"v7t79j83pe88ojn","previousEventId":"9ithu2wnzoj1fzm","operationId":"fcbe8laypn7g37t","previousOperationId":"43x6poebn4lhkzp"}
{"type":"log","timestamp":1766935108955,"level":"debug","message":"Executing recipe html","meta":{"rootId":"xc8zieeacgrarr1","id":"qxfoku89xc6deg1"},"id":"1dp1knxxupegyrw","previousOperationId":"fcbe8laypn7g37t"}
{"type":"operationEnd","operationId":"fcbe8laypn7g37t","timestamp":1766935108956,"id":"ws5j9addcyaz8rk","previousEventId":"v7t79j83pe88ojn","previousOperationId":"fcbe8laypn7g37t"}
{"type":"log","timestamp":1766935108956,"level":"debug","message":"Skipping storing report.","meta":{"rootId":"xc8zieeacgrarr1","id":"qxfoku89xc6deg1"},"id":"5ckmkzmewhtjoyi","previousOperationId":"fcbe8laypn7g37t"}
{"type":"log","timestamp":1766935108956,"level":"info","message":"Rendering (child) request finished in 2099 ms","meta":{"rootId":"xc8zieeacgrarr1","id":"qxfoku89xc6deg1"},"id":"aqfeyry3ew33mdx","previousOperationId":"fcbe8laypn7g37t"}
{"type":"operationEnd","subtype":"render","operationId":"bnfx2x4urwp91wv","timestamp":1766935108956,"id":"z9pg5wkfy7dfqmt","previousEventId":"ws5j9addcyaz8rk","previousOperationId":"fcbe8laypn7g37t"}
{"type":"log","timestamp":1766935114361,"level":"debug","message":"pptx successfully zipped","meta":{"rootId":"xc8zieeacgrarr1","id":"xc8zieeacgrarr1"},"id":"t67a6ozk5zf2ttg","previousOperationId":"pmxyal2bjtoxhto"}
{"type":"log","timestamp":1766935114361,"level":"info","message":"pptx generation was finished","meta":{"rootId":"xc8zieeacgrarr1","id":"xc8zieeacgrarr1"},"id":"7zl7iw7ht923u6b","previousOperationId":"pmxyal2bjtoxhto"}
{"type":"operationEnd","operationId":"pmxyal2bjtoxhto","timestamp":1766935114371,"id":"eti9x3kjnrvlw70","previousEventId":"4dbml54bbcodt8x","previousOperationId":"pmxyal2bjtoxhto"}
{"type":"log","timestamp":1766935114371,"level":"debug","message":"Skipping storing report.","meta":{"rootId":"xc8zieeacgrarr1","id":"xc8zieeacgrarr1"},"id":"irvz0yrg4ievh4l","previousOperationId":"pmxyal2bjtoxhto"}
{"type":"log","timestamp":1766935114371,"level":"info","message":"Rendering request 5 finished in 7514 ms","meta":{"rootId":"xc8zieeacgrarr1","id":"xc8zieeacgrarr1"},"id":"53xlgkckir1xyq2","previousOperationId":"pmxyal2bjtoxhto"}
{"type":"operationEnd","subtype":"render","operationId":"sigy6yrok2u512o","timestamp":1766935114371,"id":"t52y9qbkv1j635r","previousEventId":"eti9x3kjnrvlw70","previousOperationId":"pmxyal2bjtoxhto"}
{"type":"operationEnd","doDiffs":false,"previousEventId":"e1rrum1fslu2xz2","previousOperationId":"7oybko2sqz1m8k5","operationId":"7oybko2sqz1m8k5","timestamp":1766935114378,"id":"95o55ivyyeo15u4"}
