{"type":"operationStart","subtype":"profile","data":{"_id":"5SmgT7iOWBTK6F32","timestamp":"2025-12-07T20:19:00.075Z","state":"running","mode":"standard","creationDate":"2025-12-07T20:19:00.079Z","modificationDate":"2025-12-07T20:19:00.079Z","shortid":"iYKVdJP","$entitySet":"profiles","timeout":60000},"doDiffs":false,"timestamp":1765138740077,"id":"wtgyf41i9elcclv","previousOperationId":null,"operationId":"m7eh7zucxovnkj6"}
{"type":"log","level":"info","message":"Render request 40 queued for execution and waiting for available worker","previousOperationId":"m7eh7zucxovnkj6","timestamp":1765138740078,"id":"stdu22zw2rntpop"}
{"type":"operationStart","subtype":"render","name":"anonymous","previousOperationId":"m7eh7zucxovnkj6","timestamp":1765138740139,"id":"mkf1aalh3imjkz5","previousEventId":"wtgyf41i9elcclv","operationId":"43jt1r67bh8u0mi"}
{"type":"log","timestamp":1765138740139,"level":"info","message":"Starting rendering request 40","meta":{"rootId":"xl7xlhzbqoak9l0","id":"xl7xlhzbqoak9l0"},"id":"w527tw0vjel4bsh","previousOperationId":"43jt1r67bh8u0mi"}
{"type":"log","timestamp":1765138740139,"level":"info","message":"Rendering anonymous template { recipe: pptx, engine: handlebars }","meta":{"rootId":"xl7xlhzbqoak9l0","id":"xl7xlhzbqoak9l0"},"id":"t4m6owk3ck0u9u5","previousOperationId":"43jt1r67bh8u0mi"}
{"type":"log","timestamp":1765138740139,"level":"debug","message":"Inline data specified.","meta":{"rootId":"xl7xlhzbqoak9l0","id":"xl7xlhzbqoak9l0"},"id":"at7r7hu5zx8xc9c","previousOperationId":"43jt1r67bh8u0mi"}
{"type":"log","timestamp":1765138740142,"level":"debug","message":"Base url not specified, skipping its injection.","meta":{"rootId":"xl7xlhzbqoak9l0","id":"xl7xlhzbqoak9l0"},"id":"4v3dmn4zlt7szwz","previousOperationId":"43jt1r67bh8u0mi"}
{"type":"operationStart","subtype":"engine","name":"handlebars","timestamp":1765138740142,"id":"895ro7a7nmfivce","previousEventId":"mkf1aalh3imjkz5","operationId":"w5ti6yo5txs4t0s","previousOperationId":"43jt1r67bh8u0mi"}
{"type":"log","timestamp":1765138740142,"level":"debug","message":"Rendering engine handlebars","meta":{"rootId":"xl7xlhzbqoak9l0","id":"xl7xlhzbqoak9l0"},"id":"g30er6rtikvoj3j","previousOperationId":"w5ti6yo5txs4t0s"}
{"type":"operationEnd","operationId":"w5ti6yo5txs4t0s","timestamp":1765138740159,"id":"0owhxm8jtrq43s4","previousEventId":"895ro7a7nmfivce","previousOperationId":"w5ti6yo5txs4t0s"}
{"type":"operationStart","subtype":"recipe","name":"pptx","timestamp":1765138740159,"id":"1zefoxmtb2owjv3","previousEventId":"0owhxm8jtrq43s4","operationId":"tuo43sp6ynj8iav","previousOperationId":"w5ti6yo5txs4t0s"}
{"type":"log","timestamp":1765138740159,"level":"debug","message":"Executing recipe pptx","meta":{"rootId":"xl7xlhzbqoak9l0","id":"xl7xlhzbqoak9l0"},"id":"1avqnu6f5ihd0o2","previousOperationId":"tuo43sp6ynj8iav"}
{"type":"log","timestamp":1765138740196,"level":"info","message":"pptx generation is starting","meta":{"rootId":"xl7xlhzbqoak9l0","id":"xl7xlhzbqoak9l0"},"id":"ky3uqii8bi12fy0","previousOperationId":"tuo43sp6ynj8iav"}
{"type":"log","timestamp":1765138741891,"level":"debug","message":"Starting child request to render pptx dynamic parts","meta":{"rootId":"xl7xlhzbqoak9l0","id":"xl7xlhzbqoak9l0"},"id":"d9xw2d6glug0gac","previousOperationId":"tuo43sp6ynj8iav"}
{"type":"operationStart","subtype":"render","name":"anonymous","previousOperationId":"tuo43sp6ynj8iav","timestamp":1765138741892,"id":"0u5bcfw3n5ee6dj","previousEventId":"1zefoxmtb2owjv3","operationId":"915ioxpsycsgk98"}
{"type":"log","timestamp":1765138741892,"level":"info","message":"Starting rendering (child) request","meta":{"rootId":"xl7xlhzbqoak9l0","id":"9q5rzq55zvbwj80"},"id":"8qrto1tstin9ukn","previousOperationId":"915ioxpsycsgk98"}
{"type":"log","timestamp":1765138741892,"level":"info","message":"Rendering anonymous template { recipe: html, engine: handlebars }","meta":{"rootId":"xl7xlhzbqoak9l0","id":"9q5rzq55zvbwj80"},"id":"jr8k1aarhpkr2g6","previousOperationId":"915ioxpsycsgk98"}
{"type":"log","timestamp":1765138741892,"level":"debug","message":"Inline data specified.","meta":{"rootId":"xl7xlhzbqoak9l0","id":"9q5rzq55zvbwj80"},"id":"loqqdrvgt7sx5dz","previousOperationId":"915ioxpsycsgk98"}
{"type":"log","timestamp":1765138741899,"level":"debug","message":"Base url not specified, skipping its injection.","meta":{"rootId":"xl7xlhzbqoak9l0","id":"9q5rzq55zvbwj80"},"id":"zg0o2o2kdj8tp3d","previousOperationId":"915ioxpsycsgk98"}
{"type":"operationStart","subtype":"engine","name":"handlebars","timestamp":1765138741901,"id":"v4a5srfpmv7i49w","previousEventId":"0u5bcfw3n5ee6dj","operationId":"yi8hczv8zdlustg","previousOperationId":"915ioxpsycsgk98"}
{"type":"log","timestamp":1765138741901,"level":"debug","message":"Rendering engine handlebars","meta":{"rootId":"xl7xlhzbqoak9l0","id":"9q5rzq55zvbwj80"},"id":"wvcio0p1teguxbh","previousOperationId":"yi8hczv8zdlustg"}
{"type":"operationEnd","operationId":"yi8hczv8zdlustg","timestamp":1765138742054,"id":"9cf4phn0perhjpq","previousEventId":"v4a5srfpmv7i49w","previousOperationId":"yi8hczv8zdlustg"}
{"type":"operationStart","subtype":"recipe","name":"html","timestamp":1765138742068,"id":"o8u25szmfv0a8d2","previousEventId":"9cf4phn0perhjpq","operationId":"eq1fic4m0s1f703","previousOperationId":"yi8hczv8zdlustg"}
{"type":"log","timestamp":1765138742068,"level":"debug","message":"Executing recipe html","meta":{"rootId":"xl7xlhzbqoak9l0","id":"9q5rzq55zvbwj80"},"id":"46lchxfr2cb31f0","previousOperationId":"eq1fic4m0s1f703"}
{"type":"operationEnd","operationId":"eq1fic4m0s1f703","timestamp":1765138742069,"id":"1451u425ldj3v4r","previousEventId":"o8u25szmfv0a8d2","previousOperationId":"eq1fic4m0s1f703"}
{"type":"log","timestamp":1765138742069,"level":"debug","message":"Skipping storing report.","meta":{"rootId":"xl7xlhzbqoak9l0","id":"9q5rzq55zvbwj80"},"id":"t77hym659dq2lcx","previousOperationId":"eq1fic4m0s1f703"}
{"type":"log","timestamp":1765138742069,"level":"info","message":"Rendering (child) request finished in 1995 ms","meta":{"rootId":"xl7xlhzbqoak9l0","id":"9q5rzq55zvbwj80"},"id":"qrd4h9kzr33lxsi","previousOperationId":"eq1fic4m0s1f703"}
{"type":"operationEnd","subtype":"render","operationId":"915ioxpsycsgk98","timestamp":1765138742069,"id":"1u6cvc0rca4zne1","previousEventId":"1451u425ldj3v4r","previousOperationId":"eq1fic4m0s1f703"}
{"type":"log","timestamp":1765138752985,"level":"debug","message":"pptx successfully zipped","meta":{"rootId":"xl7xlhzbqoak9l0","id":"xl7xlhzbqoak9l0"},"id":"9ku68cli4qqies7","previousOperationId":"tuo43sp6ynj8iav"}
{"type":"log","timestamp":1765138752985,"level":"info","message":"pptx generation was finished","meta":{"rootId":"xl7xlhzbqoak9l0","id":"xl7xlhzbqoak9l0"},"id":"re1ejgnixq7elkf","previousOperationId":"tuo43sp6ynj8iav"}
{"type":"operationEnd","operationId":"tuo43sp6ynj8iav","timestamp":1765138752995,"id":"2mnuljvx8jkaoiw","previousEventId":"1zefoxmtb2owjv3","previousOperationId":"tuo43sp6ynj8iav"}
{"type":"log","timestamp":1765138752995,"level":"debug","message":"Skipping storing report.","meta":{"rootId":"xl7xlhzbqoak9l0","id":"xl7xlhzbqoak9l0"},"id":"bdpvx35bro5w2bb","previousOperationId":"tuo43sp6ynj8iav"}
{"type":"log","timestamp":1765138752995,"level":"info","message":"Rendering request 40 finished in 12921 ms","meta":{"rootId":"xl7xlhzbqoak9l0","id":"xl7xlhzbqoak9l0"},"id":"ea7thaz9rctod2e","previousOperationId":"tuo43sp6ynj8iav"}
{"type":"operationEnd","subtype":"render","operationId":"43jt1r67bh8u0mi","timestamp":1765138752996,"id":"xfo0z5fdibm7eio","previousEventId":"2mnuljvx8jkaoiw","previousOperationId":"tuo43sp6ynj8iav"}
{"type":"operationEnd","doDiffs":false,"previousEventId":"wtgyf41i9elcclv","previousOperationId":"m7eh7zucxovnkj6","operationId":"m7eh7zucxovnkj6","timestamp":1765138753001,"id":"xftwroijnj8htmg"}
