{"type":"operationStart","subtype":"profile","data":{"_id":"pXnbK2TFBS4C0qVd","timestamp":"2025-12-28T13:25:47.069Z","state":"running","mode":"standard","creationDate":"2025-12-28T13:25:47.072Z","modificationDate":"2025-12-28T13:25:47.072Z","shortid":"o6ZlNbs","$entitySet":"profiles","timeout":60000},"doDiffs":false,"timestamp":1766928347071,"id":"7znaga9wgs47yxs","previousOperationId":null,"operationId":"fhjxkbmzigx8ay9"}
{"type":"log","level":"info","message":"Render request 8 queued for execution and waiting for available worker","previousOperationId":"fhjxkbmzigx8ay9","timestamp":1766928347071,"id":"2fd0rgfobdjmm06"}
{"type":"operationStart","subtype":"render","name":"anonymous","previousOperationId":"fhjxkbmzigx8ay9","timestamp":1766928347118,"id":"gyxgu84efq2tn35","previousEventId":"7znaga9wgs47yxs","operationId":"87f51ga2cubnu55"}
{"type":"log","timestamp":1766928347118,"level":"info","message":"Starting rendering request 8","meta":{"rootId":"xmo021hoz8g7nzk","id":"xmo021hoz8g7nzk"},"id":"7rfmegd8tlefl8v","previousOperationId":"87f51ga2cubnu55"}
{"type":"log","timestamp":1766928347119,"level":"info","message":"Rendering anonymous template { recipe: pptx, engine: handlebars }","meta":{"rootId":"xmo021hoz8g7nzk","id":"xmo021hoz8g7nzk"},"id":"opk18q2e1yxjtod","previousOperationId":"87f51ga2cubnu55"}
{"type":"log","timestamp":1766928347119,"level":"debug","message":"Inline data specified.","meta":{"rootId":"xmo021hoz8g7nzk","id":"xmo021hoz8g7nzk"},"id":"3257boi653h8kto","previousOperationId":"87f51ga2cubnu55"}
{"type":"log","timestamp":1766928347121,"level":"debug","message":"Base url not specified, skipping its injection.","meta":{"rootId":"xmo021hoz8g7nzk","id":"xmo021hoz8g7nzk"},"id":"hkl6r4cwqflx9ay","previousOperationId":"87f51ga2cubnu55"}
{"type":"operationStart","subtype":"engine","name":"handlebars","timestamp":1766928347122,"id":"tdv524cadvavrif","previousEventId":"gyxgu84efq2tn35","operationId":"dsao8rjjatpknwb","previousOperationId":"87f51ga2cubnu55"}
{"type":"log","timestamp":1766928347122,"level":"debug","message":"Rendering engine handlebars","meta":{"rootId":"xmo021hoz8g7nzk","id":"xmo021hoz8g7nzk"},"id":"4qhk3t00k9nl00i","previousOperationId":"dsao8rjjatpknwb"}
{"type":"operationEnd","operationId":"dsao8rjjatpknwb","timestamp":1766928347142,"id":"1yx5zcqqh4uzgu4","previousEventId":"tdv524cadvavrif","previousOperationId":"dsao8rjjatpknwb"}
{"type":"operationStart","subtype":"recipe","name":"pptx","timestamp":1766928347142,"id":"azmtuzcwcffaauy","previousEventId":"1yx5zcqqh4uzgu4","operationId":"dcskp4kfb0q3hey","previousOperationId":"dsao8rjjatpknwb"}
{"type":"log","timestamp":1766928347142,"level":"debug","message":"Executing recipe pptx","meta":{"rootId":"xmo021hoz8g7nzk","id":"xmo021hoz8g7nzk"},"id":"hlsfivckbytinac","previousOperationId":"dcskp4kfb0q3hey"}
{"type":"log","timestamp":1766928347157,"level":"info","message":"pptx generation is starting","meta":{"rootId":"xmo021hoz8g7nzk","id":"xmo021hoz8g7nzk"},"id":"a0ephnuxpbbvm7a","previousOperationId":"dcskp4kfb0q3hey"}
{"type":"log","timestamp":1766928348190,"level":"debug","message":"Starting child request to render pptx dynamic parts","meta":{"rootId":"xmo021hoz8g7nzk","id":"xmo021hoz8g7nzk"},"id":"ygfpts6azzxumt7","previousOperationId":"dcskp4kfb0q3hey"}
{"type":"operationStart","subtype":"render","name":"anonymous","previousOperationId":"dcskp4kfb0q3hey","timestamp":1766928348190,"id":"sn4aspcwxdhnhej","previousEventId":"azmtuzcwcffaauy","operationId":"pftx9w53o1palkf"}
{"type":"log","timestamp":1766928348190,"level":"info","message":"Starting rendering (child) request","meta":{"rootId":"xmo021hoz8g7nzk","id":"nl89r3slkuwn0gw"},"id":"xd5yz1b5ss3l8cn","previousOperationId":"pftx9w53o1palkf"}
{"type":"log","timestamp":1766928348190,"level":"info","message":"Rendering anonymous template { recipe: html, engine: handlebars }","meta":{"rootId":"xmo021hoz8g7nzk","id":"nl89r3slkuwn0gw"},"id":"5wx7ef181e5ucp1","previousOperationId":"pftx9w53o1palkf"}
{"type":"log","timestamp":1766928348190,"level":"debug","message":"Inline data specified.","meta":{"rootId":"xmo021hoz8g7nzk","id":"nl89r3slkuwn0gw"},"id":"ifmg6wpfoprbbj0","previousOperationId":"pftx9w53o1palkf"}
{"type":"log","timestamp":1766928348194,"level":"debug","message":"Base url not specified, skipping its injection.","meta":{"rootId":"xmo021hoz8g7nzk","id":"nl89r3slkuwn0gw"},"id":"uja1wnxr49h18vu","previousOperationId":"pftx9w53o1palkf"}
{"type":"operationStart","subtype":"engine","name":"handlebars","timestamp":1766928348196,"id":"3c1gyjh4d7i82rt","previousEventId":"sn4aspcwxdhnhej","operationId":"1urfwym1ro1sf5p","previousOperationId":"pftx9w53o1palkf"}
{"type":"log","timestamp":1766928348196,"level":"debug","message":"Rendering engine handlebars","meta":{"rootId":"xmo021hoz8g7nzk","id":"nl89r3slkuwn0gw"},"id":"7ksqdnrgak3ahsy","previousOperationId":"1urfwym1ro1sf5p"}
{"type":"log","timestamp":1766928348298,"level":"debug","message":"(console:log) {\n  type: 'echarts@v5a',\n  width: 848,\n  height: 409,\n  option: { radar: [ [Object] ], series: [ [Object] ] }\n}","meta":{"userLevel":true,"rootId":"xmo021hoz8g7nzk","id":"nl89r3slkuwn0gw"},"id":"e0npimi9lc8vhw9","previousOperationId":"1urfwym1ro1sf5p"}
{"type":"operationEnd","operationId":"1urfwym1ro1sf5p","timestamp":1766928348304,"id":"2201k7mprwhx5ho","previousEventId":"3c1gyjh4d7i82rt","previousOperationId":"1urfwym1ro1sf5p"}
{"type":"operationStart","subtype":"recipe","name":"html","timestamp":1766928348313,"id":"szl1i78ns26ok8g","previousEventId":"2201k7mprwhx5ho","operationId":"jthw11f552ptnwo","previousOperationId":"1urfwym1ro1sf5p"}
{"type":"log","timestamp":1766928348313,"level":"debug","message":"Executing recipe html","meta":{"rootId":"xmo021hoz8g7nzk","id":"nl89r3slkuwn0gw"},"id":"pohvo9tad4g7tcl","previousOperationId":"jthw11f552ptnwo"}
{"type":"operationEnd","operationId":"jthw11f552ptnwo","timestamp":1766928348314,"id":"kr05l2j23kp79v9","previousEventId":"szl1i78ns26ok8g","previousOperationId":"jthw11f552ptnwo"}
{"type":"log","timestamp":1766928348314,"level":"debug","message":"Skipping storing report.","meta":{"rootId":"xmo021hoz8g7nzk","id":"nl89r3slkuwn0gw"},"id":"4kdrgszymze0rpk","previousOperationId":"jthw11f552ptnwo"}
{"type":"log","timestamp":1766928348314,"level":"info","message":"Rendering (child) request finished in 1246 ms","meta":{"rootId":"xmo021hoz8g7nzk","id":"nl89r3slkuwn0gw"},"id":"f04g8l2lihwr0gi","previousOperationId":"jthw11f552ptnwo"}
{"type":"operationEnd","subtype":"render","operationId":"pftx9w53o1palkf","timestamp":1766928348314,"id":"h98kzk8crvkgcqu","previousEventId":"kr05l2j23kp79v9","previousOperationId":"jthw11f552ptnwo"}
{"type":"log","timestamp":1766928352133,"level":"debug","message":"pptx successfully zipped","meta":{"rootId":"xmo021hoz8g7nzk","id":"xmo021hoz8g7nzk"},"id":"d7awt9d63v1b8ot","previousOperationId":"dcskp4kfb0q3hey"}
{"type":"log","timestamp":1766928352133,"level":"info","message":"pptx generation was finished","meta":{"rootId":"xmo021hoz8g7nzk","id":"xmo021hoz8g7nzk"},"id":"cpak1mp0xzoi0fp","previousOperationId":"dcskp4kfb0q3hey"}
{"type":"operationEnd","operationId":"dcskp4kfb0q3hey","timestamp":1766928352141,"id":"ow2ol83vyerzb64","previousEventId":"azmtuzcwcffaauy","previousOperationId":"dcskp4kfb0q3hey"}
{"type":"log","timestamp":1766928352142,"level":"debug","message":"Skipping storing report.","meta":{"rootId":"xmo021hoz8g7nzk","id":"xmo021hoz8g7nzk"},"id":"untjlpc22f4wf4b","previousOperationId":"dcskp4kfb0q3hey"}
{"type":"log","timestamp":1766928352142,"level":"info","message":"Rendering request 8 finished in 5074 ms","meta":{"rootId":"xmo021hoz8g7nzk","id":"xmo021hoz8g7nzk"},"id":"i8yw03kx01ieplc","previousOperationId":"dcskp4kfb0q3hey"}
{"type":"operationEnd","subtype":"render","operationId":"87f51ga2cubnu55","timestamp":1766928352142,"id":"pfp5mqj3kaqnx7x","previousEventId":"ow2ol83vyerzb64","previousOperationId":"dcskp4kfb0q3hey"}
{"type":"operationEnd","doDiffs":false,"previousEventId":"7znaga9wgs47yxs","previousOperationId":"fhjxkbmzigx8ay9","operationId":"fhjxkbmzigx8ay9","timestamp":1766928352147,"id":"8vl8bxfrqm3wx4z"}
