{"type":"operationStart","subtype":"profile","data":{"_id":"5vbBTJXdKHJ6ic2L","timestamp":"2025-12-30T20:16:08.748Z","state":"running","mode":"standard","creationDate":"2025-12-30T20:16:08.755Z","modificationDate":"2025-12-30T20:16:08.755Z","shortid":"iU4oxHM","$entitySet":"profiles","timeout":60000},"doDiffs":false,"timestamp":1767125768753,"id":"qbhfn3eufbw98q5","previousOperationId":null,"operationId":"97owl0rntc89yds"}
{"type":"log","level":"info","message":"Render request 4 queued for execution and waiting for available worker","previousOperationId":"97owl0rntc89yds","timestamp":1767125768753,"id":"3rk4jvr2347vluz"}
{"type":"operationStart","subtype":"render","name":"anonymous","previousOperationId":"97owl0rntc89yds","timestamp":1767125768803,"id":"zt6av9uulnpfr50","previousEventId":"qbhfn3eufbw98q5","operationId":"t5tieh8dee03a7h"}
{"type":"log","timestamp":1767125768803,"level":"info","message":"Starting rendering request 4","meta":{"rootId":"xmsz6sa15kcj2ed","id":"xmsz6sa15kcj2ed"},"id":"p7qr0av12k2r4u2","previousOperationId":"t5tieh8dee03a7h"}
{"type":"log","timestamp":1767125768803,"level":"info","message":"Rendering anonymous template { recipe: pptx, engine: handlebars }","meta":{"rootId":"xmsz6sa15kcj2ed","id":"xmsz6sa15kcj2ed"},"id":"pjjc8prqc50h1n3","previousOperationId":"t5tieh8dee03a7h"}
{"type":"log","timestamp":1767125768803,"level":"debug","message":"Inline data specified.","meta":{"rootId":"xmsz6sa15kcj2ed","id":"xmsz6sa15kcj2ed"},"id":"3d7tzrso5izqnc8","previousOperationId":"t5tieh8dee03a7h"}
{"type":"log","timestamp":1767125768810,"level":"debug","message":"Base url not specified, skipping its injection.","meta":{"rootId":"xmsz6sa15kcj2ed","id":"xmsz6sa15kcj2ed"},"id":"g3jtg3g3j5ejmt4","previousOperationId":"t5tieh8dee03a7h"}
{"type":"operationStart","subtype":"engine","name":"handlebars","timestamp":1767125768810,"id":"yex3lcvqffnnizk","previousEventId":"zt6av9uulnpfr50","operationId":"otk10dcl11970ns","previousOperationId":"t5tieh8dee03a7h"}
{"type":"log","timestamp":1767125768810,"level":"debug","message":"Rendering engine handlebars","meta":{"rootId":"xmsz6sa15kcj2ed","id":"xmsz6sa15kcj2ed"},"id":"jvdhzvpuog6ygi6","previousOperationId":"otk10dcl11970ns"}
{"type":"operationEnd","operationId":"otk10dcl11970ns","timestamp":1767125768828,"id":"cqyh9kpwcmp9m9v","previousEventId":"yex3lcvqffnnizk","previousOperationId":"otk10dcl11970ns"}
{"type":"operationStart","subtype":"recipe","name":"pptx","timestamp":1767125768828,"id":"0y64ecwpbscggo3","previousEventId":"cqyh9kpwcmp9m9v","operationId":"2b3ay6s00qk368u","previousOperationId":"otk10dcl11970ns"}
{"type":"log","timestamp":1767125768828,"level":"debug","message":"Executing recipe pptx","meta":{"rootId":"xmsz6sa15kcj2ed","id":"xmsz6sa15kcj2ed"},"id":"c685aclccjevpil","previousOperationId":"2b3ay6s00qk368u"}
{"type":"log","timestamp":1767125768843,"level":"info","message":"pptx generation is starting","meta":{"rootId":"xmsz6sa15kcj2ed","id":"xmsz6sa15kcj2ed"},"id":"a0yxn391tpxguv3","previousOperationId":"2b3ay6s00qk368u"}
{"type":"log","timestamp":1767125770093,"level":"debug","message":"Starting child request to render pptx dynamic parts","meta":{"rootId":"xmsz6sa15kcj2ed","id":"xmsz6sa15kcj2ed"},"id":"sfn5r8xarpqu4cl","previousOperationId":"2b3ay6s00qk368u"}
{"type":"operationStart","subtype":"render","name":"anonymous","previousOperationId":"2b3ay6s00qk368u","timestamp":1767125770093,"id":"2kjyi8penp3tzgq","previousEventId":"0y64ecwpbscggo3","operationId":"muqwkkp6f1ez4c2"}
{"type":"log","timestamp":1767125770093,"level":"info","message":"Starting rendering (child) request","meta":{"rootId":"xmsz6sa15kcj2ed","id":"aul84fn82520txt"},"id":"ixuqa7qzyp36axs","previousOperationId":"muqwkkp6f1ez4c2"}
{"type":"log","timestamp":1767125770093,"level":"info","message":"Rendering anonymous template { recipe: html, engine: handlebars }","meta":{"rootId":"xmsz6sa15kcj2ed","id":"aul84fn82520txt"},"id":"y8ke2v4zz5ec0ma","previousOperationId":"muqwkkp6f1ez4c2"}
{"type":"log","timestamp":1767125770094,"level":"debug","message":"Inline data specified.","meta":{"rootId":"xmsz6sa15kcj2ed","id":"aul84fn82520txt"},"id":"ortv772ee1h6f5f","previousOperationId":"muqwkkp6f1ez4c2"}
{"type":"log","timestamp":1767125770097,"level":"debug","message":"Base url not specified, skipping its injection.","meta":{"rootId":"xmsz6sa15kcj2ed","id":"aul84fn82520txt"},"id":"t3xalv651yfumev","previousOperationId":"muqwkkp6f1ez4c2"}
{"type":"operationStart","subtype":"engine","name":"handlebars","timestamp":1767125770099,"id":"9wmnk2p3azogm4l","previousEventId":"2kjyi8penp3tzgq","operationId":"9whim5wbx16g9nb","previousOperationId":"muqwkkp6f1ez4c2"}
{"type":"log","timestamp":1767125770099,"level":"debug","message":"Rendering engine handlebars","meta":{"rootId":"xmsz6sa15kcj2ed","id":"aul84fn82520txt"},"id":"l7goqlr03nap1km","previousOperationId":"9whim5wbx16g9nb"}
{"type":"log","timestamp":1767125770220,"level":"debug","message":"(console:log) {\n  type: 'echarts@v5a',\n  width: 848,\n  height: 409,\n  option: { radar: [ [Object] ], series: [ [Object] ] }\n}","meta":{"userLevel":true,"rootId":"xmsz6sa15kcj2ed","id":"aul84fn82520txt"},"id":"bd3tftd4qq5x4rq","previousOperationId":"9whim5wbx16g9nb"}
{"type":"operationEnd","operationId":"9whim5wbx16g9nb","timestamp":1767125770228,"id":"e3hts7aqr04vpnn","previousEventId":"9wmnk2p3azogm4l","previousOperationId":"9whim5wbx16g9nb"}
{"type":"operationStart","subtype":"recipe","name":"html","timestamp":1767125770240,"id":"9zhjakadrq5w59s","previousEventId":"e3hts7aqr04vpnn","operationId":"yjqutbir247s6t0","previousOperationId":"9whim5wbx16g9nb"}
{"type":"log","timestamp":1767125770240,"level":"debug","message":"Executing recipe html","meta":{"rootId":"xmsz6sa15kcj2ed","id":"aul84fn82520txt"},"id":"28gkh3h9fb40tx3","previousOperationId":"yjqutbir247s6t0"}
{"type":"operationEnd","operationId":"yjqutbir247s6t0","timestamp":1767125770240,"id":"y0opggqqy9abpa9","previousEventId":"9zhjakadrq5w59s","previousOperationId":"yjqutbir247s6t0"}
{"type":"log","timestamp":1767125770240,"level":"debug","message":"Skipping storing report.","meta":{"rootId":"xmsz6sa15kcj2ed","id":"aul84fn82520txt"},"id":"fxrzoyp08baoqs3","previousOperationId":"yjqutbir247s6t0"}
{"type":"log","timestamp":1767125770240,"level":"info","message":"Rendering (child) request finished in 1493 ms","meta":{"rootId":"xmsz6sa15kcj2ed","id":"aul84fn82520txt"},"id":"2p2xht8a2vxib32","previousOperationId":"yjqutbir247s6t0"}
{"type":"operationEnd","subtype":"render","operationId":"muqwkkp6f1ez4c2","timestamp":1767125770240,"id":"q25y5q0xyiwcf05","previousEventId":"y0opggqqy9abpa9","previousOperationId":"yjqutbir247s6t0"}
{"type":"log","timestamp":1767125773887,"level":"debug","message":"pptx successfully zipped","meta":{"rootId":"xmsz6sa15kcj2ed","id":"xmsz6sa15kcj2ed"},"id":"j6o500gxidk13r5","previousOperationId":"2b3ay6s00qk368u"}
{"type":"log","timestamp":1767125773887,"level":"info","message":"pptx generation was finished","meta":{"rootId":"xmsz6sa15kcj2ed","id":"xmsz6sa15kcj2ed"},"id":"zkcf76m0ixwz08o","previousOperationId":"2b3ay6s00qk368u"}
{"type":"operationEnd","operationId":"2b3ay6s00qk368u","timestamp":1767125773894,"id":"x3adsyulvyr5f3p","previousEventId":"0y64ecwpbscggo3","previousOperationId":"2b3ay6s00qk368u"}
{"type":"log","timestamp":1767125773894,"level":"debug","message":"Skipping storing report.","meta":{"rootId":"xmsz6sa15kcj2ed","id":"xmsz6sa15kcj2ed"},"id":"zyo7xocae3d5o80","previousOperationId":"2b3ay6s00qk368u"}
{"type":"log","timestamp":1767125773894,"level":"info","message":"Rendering request 4 finished in 5147 ms","meta":{"rootId":"xmsz6sa15kcj2ed","id":"xmsz6sa15kcj2ed"},"id":"j4enlj2cd3yhgic","previousOperationId":"2b3ay6s00qk368u"}
{"type":"operationEnd","subtype":"render","operationId":"t5tieh8dee03a7h","timestamp":1767125773894,"id":"8jdn3cat5pcjvcl","previousEventId":"x3adsyulvyr5f3p","previousOperationId":"2b3ay6s00qk368u"}
{"type":"operationEnd","doDiffs":false,"previousEventId":"qbhfn3eufbw98q5","previousOperationId":"97owl0rntc89yds","operationId":"97owl0rntc89yds","timestamp":1767125773898,"id":"1cryqx1eugi2joe"}
