{"type":"operationStart","subtype":"profile","data":{"_id":"OrZkPr2H67Oeswkq","timestamp":"2025-12-07T18:58:35.080Z","state":"running","mode":"standard","creationDate":"2025-12-07T18:58:35.087Z","modificationDate":"2025-12-07T18:58:35.087Z","shortid":"mxkr2nN","$entitySet":"profiles","timeout":60000},"doDiffs":false,"timestamp":1765133915085,"id":"lvi26glxjkqfcsi","previousOperationId":null,"operationId":"ja9nby93buldt7x"}
{"type":"log","level":"info","message":"Render request 7 queued for execution and waiting for available worker","previousOperationId":"ja9nby93buldt7x","timestamp":1765133915085,"id":"4ehjuw0a1m6iun4"}
{"type":"operationStart","subtype":"render","name":"anonymous","previousOperationId":"ja9nby93buldt7x","timestamp":1765133915147,"id":"tatsax1dhwtitbg","previousEventId":"lvi26glxjkqfcsi","operationId":"mnfxwqjz4evsblb"}
{"type":"log","timestamp":1765133915147,"level":"info","message":"Starting rendering request 7","meta":{"rootId":"xqqk2q33yier02t","id":"xqqk2q33yier02t"},"id":"08yzvn0pgk9ihne","previousOperationId":"mnfxwqjz4evsblb"}
{"type":"log","timestamp":1765133915147,"level":"info","message":"Rendering anonymous template { recipe: pptx, engine: handlebars }","meta":{"rootId":"xqqk2q33yier02t","id":"xqqk2q33yier02t"},"id":"f98mhgh80zj3pcb","previousOperationId":"mnfxwqjz4evsblb"}
{"type":"log","timestamp":1765133915147,"level":"debug","message":"Inline data specified.","meta":{"rootId":"xqqk2q33yier02t","id":"xqqk2q33yier02t"},"id":"hq73zslad49zoe6","previousOperationId":"mnfxwqjz4evsblb"}
{"type":"log","timestamp":1765133915150,"level":"debug","message":"Base url not specified, skipping its injection.","meta":{"rootId":"xqqk2q33yier02t","id":"xqqk2q33yier02t"},"id":"v7xb0ymf6jomsjm","previousOperationId":"mnfxwqjz4evsblb"}
{"type":"operationStart","subtype":"engine","name":"handlebars","timestamp":1765133915150,"id":"bp8s8u811ihay0p","previousEventId":"tatsax1dhwtitbg","operationId":"kyjmkae1x9xhghx","previousOperationId":"mnfxwqjz4evsblb"}
{"type":"log","timestamp":1765133915151,"level":"debug","message":"Rendering engine handlebars","meta":{"rootId":"xqqk2q33yier02t","id":"xqqk2q33yier02t"},"id":"89vubmxcvef36q5","previousOperationId":"kyjmkae1x9xhghx"}
{"type":"operationEnd","operationId":"kyjmkae1x9xhghx","timestamp":1765133915166,"id":"d7ivyjodhk9z40u","previousEventId":"bp8s8u811ihay0p","previousOperationId":"kyjmkae1x9xhghx"}
{"type":"operationStart","subtype":"recipe","name":"pptx","timestamp":1765133915167,"id":"g7ap3p94bcp91xc","previousEventId":"d7ivyjodhk9z40u","operationId":"vjbs3e0p0a894jg","previousOperationId":"kyjmkae1x9xhghx"}
{"type":"log","timestamp":1765133915168,"level":"debug","message":"Executing recipe pptx","meta":{"rootId":"xqqk2q33yier02t","id":"xqqk2q33yier02t"},"id":"8vjh9iigd85cgxd","previousOperationId":"vjbs3e0p0a894jg"}
{"type":"log","timestamp":1765133915189,"level":"info","message":"pptx generation is starting","meta":{"rootId":"xqqk2q33yier02t","id":"xqqk2q33yier02t"},"id":"chdetde1cpj7ne8","previousOperationId":"vjbs3e0p0a894jg"}
{"type":"log","timestamp":1765133916867,"level":"debug","message":"Starting child request to render pptx dynamic parts","meta":{"rootId":"xqqk2q33yier02t","id":"xqqk2q33yier02t"},"id":"heoocba0e9b8c8k","previousOperationId":"vjbs3e0p0a894jg"}
{"type":"operationStart","subtype":"render","name":"anonymous","previousOperationId":"vjbs3e0p0a894jg","timestamp":1765133916868,"id":"szj4a1bsosgl7cw","previousEventId":"g7ap3p94bcp91xc","operationId":"68li24341zdmj73"}
{"type":"log","timestamp":1765133916868,"level":"info","message":"Starting rendering (child) request","meta":{"rootId":"xqqk2q33yier02t","id":"2m7h7nmxc7wxpqj"},"id":"8q7tgqepyr4qk73","previousOperationId":"68li24341zdmj73"}
{"type":"log","timestamp":1765133916868,"level":"info","message":"Rendering anonymous template { recipe: html, engine: handlebars }","meta":{"rootId":"xqqk2q33yier02t","id":"2m7h7nmxc7wxpqj"},"id":"eds5z3t20qyrgqb","previousOperationId":"68li24341zdmj73"}
{"type":"log","timestamp":1765133916868,"level":"debug","message":"Inline data specified.","meta":{"rootId":"xqqk2q33yier02t","id":"2m7h7nmxc7wxpqj"},"id":"0iitmk4943ihqco","previousOperationId":"68li24341zdmj73"}
{"type":"log","timestamp":1765133916879,"level":"debug","message":"Base url not specified, skipping its injection.","meta":{"rootId":"xqqk2q33yier02t","id":"2m7h7nmxc7wxpqj"},"id":"66tbct1op54dwsj","previousOperationId":"68li24341zdmj73"}
{"type":"operationStart","subtype":"engine","name":"handlebars","timestamp":1765133916880,"id":"6ja1h5c3105fslx","previousEventId":"szj4a1bsosgl7cw","operationId":"d7wenj6qg6fmky2","previousOperationId":"68li24341zdmj73"}
{"type":"log","timestamp":1765133916880,"level":"debug","message":"Rendering engine handlebars","meta":{"rootId":"xqqk2q33yier02t","id":"2m7h7nmxc7wxpqj"},"id":"zje2961b4b882dz","previousOperationId":"d7wenj6qg6fmky2"}
{"type":"operationEnd","operationId":"d7wenj6qg6fmky2","timestamp":1765133917030,"id":"dhxehoj3sex1clo","previousEventId":"6ja1h5c3105fslx","previousOperationId":"d7wenj6qg6fmky2"}
{"type":"operationStart","subtype":"recipe","name":"html","timestamp":1765133917039,"id":"90wfvi2gr8swspw","previousEventId":"dhxehoj3sex1clo","operationId":"j3eaubthhy7cpxj","previousOperationId":"d7wenj6qg6fmky2"}
{"type":"log","timestamp":1765133917039,"level":"debug","message":"Executing recipe html","meta":{"rootId":"xqqk2q33yier02t","id":"2m7h7nmxc7wxpqj"},"id":"lx2dvhs63i5jbh6","previousOperationId":"j3eaubthhy7cpxj"}
{"type":"operationEnd","operationId":"j3eaubthhy7cpxj","timestamp":1765133917039,"id":"4e48k390hykkiv4","previousEventId":"90wfvi2gr8swspw","previousOperationId":"j3eaubthhy7cpxj"}
{"type":"log","timestamp":1765133917039,"level":"debug","message":"Skipping storing report.","meta":{"rootId":"xqqk2q33yier02t","id":"2m7h7nmxc7wxpqj"},"id":"q2v1aczexz7wrpr","previousOperationId":"j3eaubthhy7cpxj"}
{"type":"log","timestamp":1765133917040,"level":"info","message":"Rendering (child) request finished in 1961 ms","meta":{"rootId":"xqqk2q33yier02t","id":"2m7h7nmxc7wxpqj"},"id":"ajweekqa6vgdbbq","previousOperationId":"j3eaubthhy7cpxj"}
{"type":"operationEnd","subtype":"render","operationId":"68li24341zdmj73","timestamp":1765133917040,"id":"1jyg5w4mpzc9v5r","previousEventId":"4e48k390hykkiv4","previousOperationId":"j3eaubthhy7cpxj"}
{"type":"log","timestamp":1765133922846,"level":"debug","message":"pptx successfully zipped","meta":{"rootId":"xqqk2q33yier02t","id":"xqqk2q33yier02t"},"id":"swx6exkzeqz5qic","previousOperationId":"vjbs3e0p0a894jg"}
{"type":"log","timestamp":1765133922846,"level":"info","message":"pptx generation was finished","meta":{"rootId":"xqqk2q33yier02t","id":"xqqk2q33yier02t"},"id":"axmq33qptghvfds","previousOperationId":"vjbs3e0p0a894jg"}
{"type":"operationEnd","operationId":"vjbs3e0p0a894jg","timestamp":1765133922856,"id":"bk282j4t2hszgvo","previousEventId":"g7ap3p94bcp91xc","previousOperationId":"vjbs3e0p0a894jg"}
{"type":"log","timestamp":1765133922856,"level":"debug","message":"Skipping storing report.","meta":{"rootId":"xqqk2q33yier02t","id":"xqqk2q33yier02t"},"id":"zlvtl76hwwyntdk","previousOperationId":"vjbs3e0p0a894jg"}
{"type":"log","timestamp":1765133922857,"level":"info","message":"Rendering request 7 finished in 7779 ms","meta":{"rootId":"xqqk2q33yier02t","id":"xqqk2q33yier02t"},"id":"jvfznhvnseh5hgu","previousOperationId":"vjbs3e0p0a894jg"}
{"type":"operationEnd","subtype":"render","operationId":"mnfxwqjz4evsblb","timestamp":1765133922857,"id":"zbx7zqbcndeir8m","previousEventId":"bk282j4t2hszgvo","previousOperationId":"vjbs3e0p0a894jg"}
{"type":"operationEnd","doDiffs":false,"previousEventId":"lvi26glxjkqfcsi","previousOperationId":"ja9nby93buldt7x","operationId":"ja9nby93buldt7x","timestamp":1765133922862,"id":"3k1epf6f74o2uzo"}
