{"type":"operationStart","subtype":"profile","data":{"_id":"Wvya9QH0UUWpCdC2","timestamp":"2025-12-30T19:38:44.797Z","state":"running","mode":"standard","creationDate":"2025-12-30T19:38:44.802Z","modificationDate":"2025-12-30T19:38:44.802Z","shortid":"sdE2omr","$entitySet":"profiles","timeout":60000},"doDiffs":false,"timestamp":1767123524799,"id":"oa50vw5k0v77lo1","previousOperationId":null,"operationId":"cpkvwehuv3e689u"}
{"type":"log","level":"info","message":"Render request 16 queued for execution and waiting for available worker","previousOperationId":"cpkvwehuv3e689u","timestamp":1767123524800,"id":"3f4nl85l7iylmv3"}
{"type":"operationStart","subtype":"render","name":"anonymous","previousOperationId":"cpkvwehuv3e689u","timestamp":1767123524830,"id":"1d2k1uxvxjj788u","previousEventId":"oa50vw5k0v77lo1","operationId":"zs3l71ibatdqutn"}
{"type":"log","timestamp":1767123524830,"level":"info","message":"Starting rendering request 16","meta":{"rootId":"xy0l92yzdi0jf5y","id":"xy0l92yzdi0jf5y"},"id":"l5kg7yklugpkmi4","previousOperationId":"zs3l71ibatdqutn"}
{"type":"log","timestamp":1767123524831,"level":"info","message":"Rendering anonymous template { recipe: pptx, engine: handlebars }","meta":{"rootId":"xy0l92yzdi0jf5y","id":"xy0l92yzdi0jf5y"},"id":"httx7s0wmcdfluc","previousOperationId":"zs3l71ibatdqutn"}
{"type":"log","timestamp":1767123524831,"level":"debug","message":"Inline data specified.","meta":{"rootId":"xy0l92yzdi0jf5y","id":"xy0l92yzdi0jf5y"},"id":"yejn8or250ibh3d","previousOperationId":"zs3l71ibatdqutn"}
{"type":"log","timestamp":1767123524833,"level":"debug","message":"Base url not specified, skipping its injection.","meta":{"rootId":"xy0l92yzdi0jf5y","id":"xy0l92yzdi0jf5y"},"id":"qltx6sa6c5v6vg9","previousOperationId":"zs3l71ibatdqutn"}
{"type":"operationStart","subtype":"engine","name":"handlebars","timestamp":1767123524833,"id":"qt3dxtf2rl13m0a","previousEventId":"1d2k1uxvxjj788u","operationId":"jz13l5ia60ge2re","previousOperationId":"zs3l71ibatdqutn"}
{"type":"log","timestamp":1767123524834,"level":"debug","message":"Rendering engine handlebars","meta":{"rootId":"xy0l92yzdi0jf5y","id":"xy0l92yzdi0jf5y"},"id":"vb54uzlzlbjuu86","previousOperationId":"jz13l5ia60ge2re"}
{"type":"operationEnd","operationId":"jz13l5ia60ge2re","timestamp":1767123524855,"id":"92q5kcfw7bjkvb1","previousEventId":"qt3dxtf2rl13m0a","previousOperationId":"jz13l5ia60ge2re"}
{"type":"operationStart","subtype":"recipe","name":"pptx","timestamp":1767123524855,"id":"2guz20em9q938c1","previousEventId":"92q5kcfw7bjkvb1","operationId":"5j5490j2sckr671","previousOperationId":"jz13l5ia60ge2re"}
{"type":"log","timestamp":1767123524855,"level":"debug","message":"Executing recipe pptx","meta":{"rootId":"xy0l92yzdi0jf5y","id":"xy0l92yzdi0jf5y"},"id":"ehjlkn41o4jyre8","previousOperationId":"5j5490j2sckr671"}
{"type":"log","timestamp":1767123524880,"level":"info","message":"pptx generation is starting","meta":{"rootId":"xy0l92yzdi0jf5y","id":"xy0l92yzdi0jf5y"},"id":"mohuggsdk3hj8ua","previousOperationId":"5j5490j2sckr671"}
{"type":"log","timestamp":1767123526129,"level":"debug","message":"Starting child request to render pptx dynamic parts","meta":{"rootId":"xy0l92yzdi0jf5y","id":"xy0l92yzdi0jf5y"},"id":"m8da1za5tk2f9bh","previousOperationId":"5j5490j2sckr671"}
{"type":"operationStart","subtype":"render","name":"anonymous","previousOperationId":"5j5490j2sckr671","timestamp":1767123526129,"id":"ta6r14cbz99mrrq","previousEventId":"2guz20em9q938c1","operationId":"po3q6dvflxyglm9"}
{"type":"log","timestamp":1767123526129,"level":"info","message":"Starting rendering (child) request","meta":{"rootId":"xy0l92yzdi0jf5y","id":"3tw90z7w92yoxfk"},"id":"f6z69fh456vc406","previousOperationId":"po3q6dvflxyglm9"}
{"type":"log","timestamp":1767123526129,"level":"info","message":"Rendering anonymous template { recipe: html, engine: handlebars }","meta":{"rootId":"xy0l92yzdi0jf5y","id":"3tw90z7w92yoxfk"},"id":"tgrjd1zupynhdnu","previousOperationId":"po3q6dvflxyglm9"}
{"type":"log","timestamp":1767123526129,"level":"debug","message":"Inline data specified.","meta":{"rootId":"xy0l92yzdi0jf5y","id":"3tw90z7w92yoxfk"},"id":"qds9dfh087tamq4","previousOperationId":"po3q6dvflxyglm9"}
{"type":"log","timestamp":1767123526133,"level":"debug","message":"Base url not specified, skipping its injection.","meta":{"rootId":"xy0l92yzdi0jf5y","id":"3tw90z7w92yoxfk"},"id":"ntpj7scz66swpds","previousOperationId":"po3q6dvflxyglm9"}
{"type":"operationStart","subtype":"engine","name":"handlebars","timestamp":1767123526134,"id":"zpuykh1exoo5cyv","previousEventId":"ta6r14cbz99mrrq","operationId":"d767sbvc0yp78e5","previousOperationId":"po3q6dvflxyglm9"}
{"type":"log","timestamp":1767123526134,"level":"debug","message":"Rendering engine handlebars","meta":{"rootId":"xy0l92yzdi0jf5y","id":"3tw90z7w92yoxfk"},"id":"gw7j6s60sdt845t","previousOperationId":"d767sbvc0yp78e5"}
{"type":"log","timestamp":1767123526265,"level":"debug","message":"(console:log) {\n  type: 'echarts@v5a',\n  width: 848,\n  height: 409,\n  option: { radar: [ [Object] ], series: [ [Object] ] }\n}","meta":{"userLevel":true,"rootId":"xy0l92yzdi0jf5y","id":"3tw90z7w92yoxfk"},"id":"qd6ratb46zmztsy","previousOperationId":"d767sbvc0yp78e5"}
{"type":"operationEnd","operationId":"d767sbvc0yp78e5","timestamp":1767123526273,"id":"atwmlkrsi0vkbrk","previousEventId":"zpuykh1exoo5cyv","previousOperationId":"d767sbvc0yp78e5"}
{"type":"operationStart","subtype":"recipe","name":"html","timestamp":1767123526286,"id":"cujhh5x9008atuf","previousEventId":"atwmlkrsi0vkbrk","operationId":"nu9gpog0u7w8jx6","previousOperationId":"d767sbvc0yp78e5"}
{"type":"log","timestamp":1767123526286,"level":"debug","message":"Executing recipe html","meta":{"rootId":"xy0l92yzdi0jf5y","id":"3tw90z7w92yoxfk"},"id":"1mvadndl5ceqptz","previousOperationId":"nu9gpog0u7w8jx6"}
{"type":"operationEnd","operationId":"nu9gpog0u7w8jx6","timestamp":1767123526287,"id":"sagskxmgfntfkcu","previousEventId":"cujhh5x9008atuf","previousOperationId":"nu9gpog0u7w8jx6"}
{"type":"log","timestamp":1767123526287,"level":"debug","message":"Skipping storing report.","meta":{"rootId":"xy0l92yzdi0jf5y","id":"3tw90z7w92yoxfk"},"id":"ub5fvthezbdy7d3","previousOperationId":"nu9gpog0u7w8jx6"}
{"type":"log","timestamp":1767123526287,"level":"info","message":"Rendering (child) request finished in 1491 ms","meta":{"rootId":"xy0l92yzdi0jf5y","id":"3tw90z7w92yoxfk"},"id":"6521o7m502s4xs5","previousOperationId":"nu9gpog0u7w8jx6"}
{"type":"operationEnd","subtype":"render","operationId":"po3q6dvflxyglm9","timestamp":1767123526287,"id":"7cwyat59lyotkpo","previousEventId":"sagskxmgfntfkcu","previousOperationId":"nu9gpog0u7w8jx6"}
{"type":"log","timestamp":1767123529936,"level":"debug","message":"pptx successfully zipped","meta":{"rootId":"xy0l92yzdi0jf5y","id":"xy0l92yzdi0jf5y"},"id":"e1ks5m2xulep8o7","previousOperationId":"5j5490j2sckr671"}
{"type":"log","timestamp":1767123529936,"level":"info","message":"pptx generation was finished","meta":{"rootId":"xy0l92yzdi0jf5y","id":"xy0l92yzdi0jf5y"},"id":"5of7ixedtob2i36","previousOperationId":"5j5490j2sckr671"}
{"type":"operationEnd","operationId":"5j5490j2sckr671","timestamp":1767123529945,"id":"goaq6sg7vsx2fqa","previousEventId":"2guz20em9q938c1","previousOperationId":"5j5490j2sckr671"}
{"type":"log","timestamp":1767123529945,"level":"debug","message":"Skipping storing report.","meta":{"rootId":"xy0l92yzdi0jf5y","id":"xy0l92yzdi0jf5y"},"id":"azwx48i10la6e6t","previousOperationId":"5j5490j2sckr671"}
{"type":"log","timestamp":1767123529945,"level":"info","message":"Rendering request 16 finished in 5149 ms","meta":{"rootId":"xy0l92yzdi0jf5y","id":"xy0l92yzdi0jf5y"},"id":"fg0yzy0ainb0bhk","previousOperationId":"5j5490j2sckr671"}
{"type":"operationEnd","subtype":"render","operationId":"zs3l71ibatdqutn","timestamp":1767123529945,"id":"4u7bu3l4916fxf5","previousEventId":"goaq6sg7vsx2fqa","previousOperationId":"5j5490j2sckr671"}
{"type":"operationEnd","doDiffs":false,"previousEventId":"oa50vw5k0v77lo1","previousOperationId":"cpkvwehuv3e689u","operationId":"cpkvwehuv3e689u","timestamp":1767123529951,"id":"elskqvnzz8e4cuv"}
