{"type":"operationStart","subtype":"profile","data":{"_id":"mbMoAP6zB9FP9kPD","timestamp":"2025-12-30T20:30:16.424Z","state":"running","mode":"standard","creationDate":"2025-12-30T20:30:16.429Z","modificationDate":"2025-12-30T20:30:16.429Z","shortid":"Dd1BbMr","$entitySet":"profiles","timeout":60000},"doDiffs":false,"timestamp":1767126616427,"id":"0l2by2mss0prmcz","previousOperationId":null,"operationId":"vbis38d70ilq5rc"}
{"type":"log","level":"info","message":"Render request 13 queued for execution and waiting for available worker","previousOperationId":"vbis38d70ilq5rc","timestamp":1767126616427,"id":"nyda74vbaiz5u8v"}
{"type":"operationStart","subtype":"render","name":"anonymous","previousOperationId":"vbis38d70ilq5rc","timestamp":1767126616468,"id":"qsrvxjquvjs18nf","previousEventId":"0l2by2mss0prmcz","operationId":"s97e88jcrfu9p47"}
{"type":"log","timestamp":1767126616468,"level":"info","message":"Starting rendering request 13","meta":{"rootId":"y29wy1twwk60sd7","id":"y29wy1twwk60sd7"},"id":"t4yoqu8vl9z07of","previousOperationId":"s97e88jcrfu9p47"}
{"type":"log","timestamp":1767126616468,"level":"info","message":"Rendering anonymous template { recipe: pptx, engine: handlebars }","meta":{"rootId":"y29wy1twwk60sd7","id":"y29wy1twwk60sd7"},"id":"rfjuxmb8cebc0va","previousOperationId":"s97e88jcrfu9p47"}
{"type":"log","timestamp":1767126616468,"level":"debug","message":"Inline data specified.","meta":{"rootId":"y29wy1twwk60sd7","id":"y29wy1twwk60sd7"},"id":"9v8csfe47jre6as","previousOperationId":"s97e88jcrfu9p47"}
{"type":"log","timestamp":1767126616472,"level":"debug","message":"Base url not specified, skipping its injection.","meta":{"rootId":"y29wy1twwk60sd7","id":"y29wy1twwk60sd7"},"id":"3hdmbzww600p1jx","previousOperationId":"s97e88jcrfu9p47"}
{"type":"operationStart","subtype":"engine","name":"handlebars","timestamp":1767126616472,"id":"jkt1jpa7c28n36e","previousEventId":"qsrvxjquvjs18nf","operationId":"n1onolhk3y2k2q3","previousOperationId":"s97e88jcrfu9p47"}
{"type":"log","timestamp":1767126616473,"level":"debug","message":"Rendering engine handlebars","meta":{"rootId":"y29wy1twwk60sd7","id":"y29wy1twwk60sd7"},"id":"dot1r7db7gxoz6o","previousOperationId":"n1onolhk3y2k2q3"}
{"type":"operationEnd","operationId":"n1onolhk3y2k2q3","timestamp":1767126616489,"id":"7nvu7qawdnj08gi","previousEventId":"jkt1jpa7c28n36e","previousOperationId":"n1onolhk3y2k2q3"}
{"type":"operationStart","subtype":"recipe","name":"pptx","timestamp":1767126616489,"id":"vvmm754u1fnn6l4","previousEventId":"7nvu7qawdnj08gi","operationId":"covz34qye9icse8","previousOperationId":"n1onolhk3y2k2q3"}
{"type":"log","timestamp":1767126616489,"level":"debug","message":"Executing recipe pptx","meta":{"rootId":"y29wy1twwk60sd7","id":"y29wy1twwk60sd7"},"id":"bofceegwcaj3eq1","previousOperationId":"covz34qye9icse8"}
{"type":"log","timestamp":1767126616505,"level":"info","message":"pptx generation is starting","meta":{"rootId":"y29wy1twwk60sd7","id":"y29wy1twwk60sd7"},"id":"ksvwtrpk4lbyi39","previousOperationId":"covz34qye9icse8"}
{"type":"log","timestamp":1767126617656,"level":"debug","message":"Starting child request to render pptx dynamic parts","meta":{"rootId":"y29wy1twwk60sd7","id":"y29wy1twwk60sd7"},"id":"5jql0gbs8wqrp7t","previousOperationId":"covz34qye9icse8"}
{"type":"operationStart","subtype":"render","name":"anonymous","previousOperationId":"covz34qye9icse8","timestamp":1767126617656,"id":"zqw8oij7lwyxkqa","previousEventId":"vvmm754u1fnn6l4","operationId":"jgvkkiwwu8zvoz8"}
{"type":"log","timestamp":1767126617656,"level":"info","message":"Starting rendering (child) request","meta":{"rootId":"y29wy1twwk60sd7","id":"kovfj7f4qnn8y5k"},"id":"rwdc5qg8fxatcvt","previousOperationId":"jgvkkiwwu8zvoz8"}
{"type":"log","timestamp":1767126617656,"level":"info","message":"Rendering anonymous template { recipe: html, engine: handlebars }","meta":{"rootId":"y29wy1twwk60sd7","id":"kovfj7f4qnn8y5k"},"id":"ieuutqooh1x6ctu","previousOperationId":"jgvkkiwwu8zvoz8"}
{"type":"log","timestamp":1767126617656,"level":"debug","message":"Inline data specified.","meta":{"rootId":"y29wy1twwk60sd7","id":"kovfj7f4qnn8y5k"},"id":"2rbwzx1m6tp5n4j","previousOperationId":"jgvkkiwwu8zvoz8"}
{"type":"log","timestamp":1767126617660,"level":"debug","message":"Base url not specified, skipping its injection.","meta":{"rootId":"y29wy1twwk60sd7","id":"kovfj7f4qnn8y5k"},"id":"snni2yequogl5ch","previousOperationId":"jgvkkiwwu8zvoz8"}
{"type":"operationStart","subtype":"engine","name":"handlebars","timestamp":1767126617662,"id":"xkljgcdgsfhyyp4","previousEventId":"zqw8oij7lwyxkqa","operationId":"mto2d40ypljry12","previousOperationId":"jgvkkiwwu8zvoz8"}
{"type":"log","timestamp":1767126617662,"level":"debug","message":"Rendering engine handlebars","meta":{"rootId":"y29wy1twwk60sd7","id":"kovfj7f4qnn8y5k"},"id":"dz3ea9r945o80ov","previousOperationId":"mto2d40ypljry12"}
{"type":"log","timestamp":1767126617675,"level":"debug","message":"(console:log) {\n  type: 'echarts@v5a',\n  width: 848,\n  height: 409,\n  option: { radar: [ [Object] ], series: [ [Object] ] }\n}","meta":{"userLevel":true,"rootId":"y29wy1twwk60sd7","id":"kovfj7f4qnn8y5k"},"id":"hr3lf5fuk97hjqz","previousOperationId":"mto2d40ypljry12"}
{"type":"operationEnd","operationId":"mto2d40ypljry12","timestamp":1767126617683,"id":"rsofgk4vs5quf36","previousEventId":"xkljgcdgsfhyyp4","previousOperationId":"mto2d40ypljry12"}
{"type":"operationStart","subtype":"recipe","name":"html","timestamp":1767126617695,"id":"70uxoxxvkzuhkzi","previousEventId":"rsofgk4vs5quf36","operationId":"5yakopoljzqwmrd","previousOperationId":"mto2d40ypljry12"}
{"type":"log","timestamp":1767126617695,"level":"debug","message":"Executing recipe html","meta":{"rootId":"y29wy1twwk60sd7","id":"kovfj7f4qnn8y5k"},"id":"wc68owzqouc69gb","previousOperationId":"5yakopoljzqwmrd"}
{"type":"operationEnd","operationId":"5yakopoljzqwmrd","timestamp":1767126617695,"id":"df9t0nj16v2fzyu","previousEventId":"70uxoxxvkzuhkzi","previousOperationId":"5yakopoljzqwmrd"}
{"type":"log","timestamp":1767126617695,"level":"debug","message":"Skipping storing report.","meta":{"rootId":"y29wy1twwk60sd7","id":"kovfj7f4qnn8y5k"},"id":"d1nd6679ljw7y2k","previousOperationId":"5yakopoljzqwmrd"}
{"type":"log","timestamp":1767126617695,"level":"info","message":"Rendering (child) request finished in 1272 ms","meta":{"rootId":"y29wy1twwk60sd7","id":"kovfj7f4qnn8y5k"},"id":"3rbcvc2iu222vxq","previousOperationId":"5yakopoljzqwmrd"}
{"type":"operationEnd","subtype":"render","operationId":"jgvkkiwwu8zvoz8","timestamp":1767126617695,"id":"389d0uy92ekrrsr","previousEventId":"df9t0nj16v2fzyu","previousOperationId":"5yakopoljzqwmrd"}
{"type":"log","timestamp":1767126621235,"level":"debug","message":"pptx successfully zipped","meta":{"rootId":"y29wy1twwk60sd7","id":"y29wy1twwk60sd7"},"id":"yssxb4osdepwj23","previousOperationId":"covz34qye9icse8"}
{"type":"log","timestamp":1767126621235,"level":"info","message":"pptx generation was finished","meta":{"rootId":"y29wy1twwk60sd7","id":"y29wy1twwk60sd7"},"id":"a7d3gzs1q689kjj","previousOperationId":"covz34qye9icse8"}
{"type":"operationEnd","operationId":"covz34qye9icse8","timestamp":1767126621243,"id":"mkxz4nexg4gjhtz","previousEventId":"vvmm754u1fnn6l4","previousOperationId":"covz34qye9icse8"}
{"type":"log","timestamp":1767126621243,"level":"debug","message":"Skipping storing report.","meta":{"rootId":"y29wy1twwk60sd7","id":"y29wy1twwk60sd7"},"id":"9c4egouwj77ppg7","previousOperationId":"covz34qye9icse8"}
{"type":"log","timestamp":1767126621243,"level":"info","message":"Rendering request 13 finished in 4820 ms","meta":{"rootId":"y29wy1twwk60sd7","id":"y29wy1twwk60sd7"},"id":"cw0lo0wh6osws2a","previousOperationId":"covz34qye9icse8"}
{"type":"operationEnd","subtype":"render","operationId":"s97e88jcrfu9p47","timestamp":1767126621243,"id":"v1fsmbi6c555jc5","previousEventId":"mkxz4nexg4gjhtz","previousOperationId":"covz34qye9icse8"}
{"type":"operationEnd","doDiffs":false,"previousEventId":"0l2by2mss0prmcz","previousOperationId":"vbis38d70ilq5rc","operationId":"vbis38d70ilq5rc","timestamp":1767126621246,"id":"a9lxemh063uz1xq"}
