{"type":"operationStart","subtype":"profile","data":{"_id":"bpzg6MCuMlZ8DaN9","timestamp":"2025-12-30T19:25:43.131Z","state":"running","mode":"standard","creationDate":"2025-12-30T19:25:43.141Z","modificationDate":"2025-12-30T19:25:43.141Z","shortid":"DrfdLor","$entitySet":"profiles","timeout":60000},"doDiffs":false,"timestamp":1767122743136,"id":"8b0q46hty5100xr","previousOperationId":null,"operationId":"668ugk02zcc1b29"}
{"type":"log","level":"info","message":"Render request 7 queued for execution and waiting for available worker","previousOperationId":"668ugk02zcc1b29","timestamp":1767122743136,"id":"4dxr3vo4rjer0rs"}
{"type":"operationStart","subtype":"render","name":"anonymous","previousOperationId":"668ugk02zcc1b29","timestamp":1767122743198,"id":"4lzn14s7dphg7h6","previousEventId":"8b0q46hty5100xr","operationId":"gvg77zfp6dh95js"}
{"type":"log","timestamp":1767122743198,"level":"info","message":"Starting rendering request 7","meta":{"rootId":"y7h1rib6i5179jc","id":"y7h1rib6i5179jc"},"id":"p5klvzczrn8efrb","previousOperationId":"gvg77zfp6dh95js"}
{"type":"log","timestamp":1767122743198,"level":"info","message":"Rendering anonymous template { recipe: pptx, engine: handlebars }","meta":{"rootId":"y7h1rib6i5179jc","id":"y7h1rib6i5179jc"},"id":"21hwpulgo8bqhc5","previousOperationId":"gvg77zfp6dh95js"}
{"type":"log","timestamp":1767122743198,"level":"debug","message":"Inline data specified.","meta":{"rootId":"y7h1rib6i5179jc","id":"y7h1rib6i5179jc"},"id":"a15ber5vrzcib9b","previousOperationId":"gvg77zfp6dh95js"}
{"type":"log","timestamp":1767122743200,"level":"debug","message":"Base url not specified, skipping its injection.","meta":{"rootId":"y7h1rib6i5179jc","id":"y7h1rib6i5179jc"},"id":"2pgy5ad6zi402pm","previousOperationId":"gvg77zfp6dh95js"}
{"type":"operationStart","subtype":"engine","name":"handlebars","timestamp":1767122743200,"id":"v46lltqb588i9cp","previousEventId":"4lzn14s7dphg7h6","operationId":"wx9io51ey6grp4b","previousOperationId":"gvg77zfp6dh95js"}
{"type":"log","timestamp":1767122743200,"level":"debug","message":"Rendering engine handlebars","meta":{"rootId":"y7h1rib6i5179jc","id":"y7h1rib6i5179jc"},"id":"xr8k1to4yu7tzaf","previousOperationId":"wx9io51ey6grp4b"}
{"type":"operationEnd","operationId":"wx9io51ey6grp4b","timestamp":1767122743212,"id":"3aqciypwvzwh2tf","previousEventId":"v46lltqb588i9cp","previousOperationId":"wx9io51ey6grp4b"}
{"type":"operationStart","subtype":"recipe","name":"pptx","timestamp":1767122743212,"id":"qmf6inl9z4arn9h","previousEventId":"3aqciypwvzwh2tf","operationId":"zxzgpv8s0hxwgn9","previousOperationId":"wx9io51ey6grp4b"}
{"type":"log","timestamp":1767122743212,"level":"debug","message":"Executing recipe pptx","meta":{"rootId":"y7h1rib6i5179jc","id":"y7h1rib6i5179jc"},"id":"srb829nw5pzcs2h","previousOperationId":"zxzgpv8s0hxwgn9"}
{"type":"log","timestamp":1767122743228,"level":"info","message":"pptx generation is starting","meta":{"rootId":"y7h1rib6i5179jc","id":"y7h1rib6i5179jc"},"id":"yir8wp0gviools9","previousOperationId":"zxzgpv8s0hxwgn9"}
{"type":"log","timestamp":1767122744388,"level":"debug","message":"Starting child request to render pptx dynamic parts","meta":{"rootId":"y7h1rib6i5179jc","id":"y7h1rib6i5179jc"},"id":"poxzngj2ngqosfq","previousOperationId":"zxzgpv8s0hxwgn9"}
{"type":"operationStart","subtype":"render","name":"anonymous","previousOperationId":"zxzgpv8s0hxwgn9","timestamp":1767122744389,"id":"1u4xf15b1y85lym","previousEventId":"qmf6inl9z4arn9h","operationId":"ch69awst45tkb5o"}
{"type":"log","timestamp":1767122744389,"level":"info","message":"Starting rendering (child) request","meta":{"rootId":"y7h1rib6i5179jc","id":"42b5sh1n4qa5t4y"},"id":"t4g1eeyi8kjqia8","previousOperationId":"ch69awst45tkb5o"}
{"type":"log","timestamp":1767122744389,"level":"info","message":"Rendering anonymous template { recipe: html, engine: handlebars }","meta":{"rootId":"y7h1rib6i5179jc","id":"42b5sh1n4qa5t4y"},"id":"n70dcasnmhjre74","previousOperationId":"ch69awst45tkb5o"}
{"type":"log","timestamp":1767122744389,"level":"debug","message":"Inline data specified.","meta":{"rootId":"y7h1rib6i5179jc","id":"42b5sh1n4qa5t4y"},"id":"4xmevepj8jl62td","previousOperationId":"ch69awst45tkb5o"}
{"type":"log","timestamp":1767122744393,"level":"debug","message":"Base url not specified, skipping its injection.","meta":{"rootId":"y7h1rib6i5179jc","id":"42b5sh1n4qa5t4y"},"id":"uhph6k9cjd9qv54","previousOperationId":"ch69awst45tkb5o"}
{"type":"operationStart","subtype":"engine","name":"handlebars","timestamp":1767122744395,"id":"79jo1zsmr0li5c2","previousEventId":"1u4xf15b1y85lym","operationId":"uhhi7hrt1nawwn6","previousOperationId":"ch69awst45tkb5o"}
{"type":"log","timestamp":1767122744395,"level":"debug","message":"Rendering engine handlebars","meta":{"rootId":"y7h1rib6i5179jc","id":"42b5sh1n4qa5t4y"},"id":"ae0u99wc3x1ncz9","previousOperationId":"uhhi7hrt1nawwn6"}
{"type":"log","timestamp":1767122744508,"level":"debug","message":"(console:log) {\n  type: 'echarts@v5a',\n  width: 848,\n  height: 409,\n  option: { radar: [ [Object] ], series: [ [Object] ] }\n}","meta":{"userLevel":true,"rootId":"y7h1rib6i5179jc","id":"42b5sh1n4qa5t4y"},"id":"havzsdv52x0fk2i","previousOperationId":"uhhi7hrt1nawwn6"}
{"type":"operationEnd","operationId":"uhhi7hrt1nawwn6","timestamp":1767122744515,"id":"9tng9n9wxf3sa3b","previousEventId":"79jo1zsmr0li5c2","previousOperationId":"uhhi7hrt1nawwn6"}
{"type":"operationStart","subtype":"recipe","name":"html","timestamp":1767122744526,"id":"n6twc9r3v4xjwvl","previousEventId":"9tng9n9wxf3sa3b","operationId":"en10g29hieh7f1u","previousOperationId":"uhhi7hrt1nawwn6"}
{"type":"log","timestamp":1767122744526,"level":"debug","message":"Executing recipe html","meta":{"rootId":"y7h1rib6i5179jc","id":"42b5sh1n4qa5t4y"},"id":"xvfm50nso9nhc15","previousOperationId":"en10g29hieh7f1u"}
{"type":"operationEnd","operationId":"en10g29hieh7f1u","timestamp":1767122744526,"id":"76ca633lfnpc53v","previousEventId":"n6twc9r3v4xjwvl","previousOperationId":"en10g29hieh7f1u"}
{"type":"log","timestamp":1767122744526,"level":"debug","message":"Skipping storing report.","meta":{"rootId":"y7h1rib6i5179jc","id":"42b5sh1n4qa5t4y"},"id":"d9kmh18solamb2p","previousOperationId":"en10g29hieh7f1u"}
{"type":"log","timestamp":1767122744526,"level":"info","message":"Rendering (child) request finished in 1397 ms","meta":{"rootId":"y7h1rib6i5179jc","id":"42b5sh1n4qa5t4y"},"id":"bh3rlchtcgmnu91","previousOperationId":"en10g29hieh7f1u"}
{"type":"operationEnd","subtype":"render","operationId":"ch69awst45tkb5o","timestamp":1767122744526,"id":"j178gmor331ls1c","previousEventId":"76ca633lfnpc53v","previousOperationId":"en10g29hieh7f1u"}
{"type":"log","timestamp":1767122748063,"level":"debug","message":"pptx successfully zipped","meta":{"rootId":"y7h1rib6i5179jc","id":"y7h1rib6i5179jc"},"id":"voxrqgavu5utbza","previousOperationId":"zxzgpv8s0hxwgn9"}
{"type":"log","timestamp":1767122748063,"level":"info","message":"pptx generation was finished","meta":{"rootId":"y7h1rib6i5179jc","id":"y7h1rib6i5179jc"},"id":"sp6d08blupw76ka","previousOperationId":"zxzgpv8s0hxwgn9"}
{"type":"operationEnd","operationId":"zxzgpv8s0hxwgn9","timestamp":1767122748071,"id":"pb8x7gwc0m72m4e","previousEventId":"qmf6inl9z4arn9h","previousOperationId":"zxzgpv8s0hxwgn9"}
{"type":"log","timestamp":1767122748071,"level":"debug","message":"Skipping storing report.","meta":{"rootId":"y7h1rib6i5179jc","id":"y7h1rib6i5179jc"},"id":"wjfe0sqv3xr1pmx","previousOperationId":"zxzgpv8s0hxwgn9"}
{"type":"log","timestamp":1767122748072,"level":"info","message":"Rendering request 7 finished in 4942 ms","meta":{"rootId":"y7h1rib6i5179jc","id":"y7h1rib6i5179jc"},"id":"277k7e408taibbf","previousOperationId":"zxzgpv8s0hxwgn9"}
{"type":"operationEnd","subtype":"render","operationId":"gvg77zfp6dh95js","timestamp":1767122748072,"id":"w3tu5oczpur2h0v","previousEventId":"pb8x7gwc0m72m4e","previousOperationId":"zxzgpv8s0hxwgn9"}
{"type":"operationEnd","doDiffs":false,"previousEventId":"8b0q46hty5100xr","previousOperationId":"668ugk02zcc1b29","operationId":"668ugk02zcc1b29","timestamp":1767122748076,"id":"gtmdt5zqdfj84v5"}
