{"type":"operationStart","subtype":"profile","data":{"_id":"O1f8x6J4zi16yVEo","timestamp":"2025-12-26T09:42:45.282Z","state":"running","mode":"standard","creationDate":"2025-12-26T09:42:45.289Z","modificationDate":"2025-12-26T09:42:45.289Z","shortid":"s1tQjPq","$entitySet":"profiles","timeout":60000},"doDiffs":false,"timestamp":1766742165287,"id":"lz9sszeqwbvr67f","previousOperationId":null,"operationId":"qdo78h98m3almgi"}
{"type":"log","level":"info","message":"Render request 2 queued for execution and waiting for available worker","previousOperationId":"qdo78h98m3almgi","timestamp":1766742165287,"id":"gvbrtkg4aenbwp6"}
{"type":"operationStart","subtype":"render","name":"anonymous","previousOperationId":"qdo78h98m3almgi","timestamp":1766742165335,"id":"21cdpebiyf61zpg","previousEventId":"lz9sszeqwbvr67f","operationId":"fqj9yzdpwyc5nlb"}
{"type":"log","timestamp":1766742165336,"level":"info","message":"Starting rendering request 2","meta":{"rootId":"y7rer9pws79xbo1","id":"y7rer9pws79xbo1"},"id":"zeix2jzqlytl0ww","previousOperationId":"fqj9yzdpwyc5nlb"}
{"type":"log","timestamp":1766742165338,"level":"info","message":"Rendering anonymous template { recipe: pptx, engine: handlebars }","meta":{"rootId":"y7rer9pws79xbo1","id":"y7rer9pws79xbo1"},"id":"kcelflo394ewvnu","previousOperationId":"fqj9yzdpwyc5nlb"}
{"type":"log","timestamp":1766742165338,"level":"debug","message":"Inline data specified.","meta":{"rootId":"y7rer9pws79xbo1","id":"y7rer9pws79xbo1"},"id":"r1d2abb1975rtqo","previousOperationId":"fqj9yzdpwyc5nlb"}
{"type":"log","timestamp":1766742165342,"level":"debug","message":"Base url not specified, skipping its injection.","meta":{"rootId":"y7rer9pws79xbo1","id":"y7rer9pws79xbo1"},"id":"5cnqpnfxty9d9ir","previousOperationId":"fqj9yzdpwyc5nlb"}
{"type":"operationStart","subtype":"engine","name":"handlebars","timestamp":1766742165343,"id":"rmsl058u8yb6fvc","previousEventId":"21cdpebiyf61zpg","operationId":"l4z591v4sr7epto","previousOperationId":"fqj9yzdpwyc5nlb"}
{"type":"log","timestamp":1766742165343,"level":"debug","message":"Rendering engine handlebars","meta":{"rootId":"y7rer9pws79xbo1","id":"y7rer9pws79xbo1"},"id":"41ti5o91g06cg1v","previousOperationId":"l4z591v4sr7epto"}
{"type":"operationEnd","operationId":"l4z591v4sr7epto","timestamp":1766742166129,"id":"l005i9ls8sgaycv","previousEventId":"rmsl058u8yb6fvc","previousOperationId":"l4z591v4sr7epto"}
{"type":"operationStart","subtype":"recipe","name":"pptx","timestamp":1766742166130,"id":"qu3ze8qztyhcub4","previousEventId":"l005i9ls8sgaycv","operationId":"59qxhrqsgfv5lo9","previousOperationId":"l4z591v4sr7epto"}
{"type":"log","timestamp":1766742166130,"level":"debug","message":"Executing recipe pptx","meta":{"rootId":"y7rer9pws79xbo1","id":"y7rer9pws79xbo1"},"id":"mtp780gy9d9f18j","previousOperationId":"59qxhrqsgfv5lo9"}
{"type":"log","timestamp":1766742166307,"level":"info","message":"pptx generation is starting","meta":{"rootId":"y7rer9pws79xbo1","id":"y7rer9pws79xbo1"},"id":"tzghh9lz3ouq8s9","previousOperationId":"59qxhrqsgfv5lo9"}
{"type":"log","timestamp":1766742167357,"level":"debug","message":"Starting child request to render pptx dynamic parts","meta":{"rootId":"y7rer9pws79xbo1","id":"y7rer9pws79xbo1"},"id":"iyd1vpeyjwa3mi9","previousOperationId":"59qxhrqsgfv5lo9"}
{"type":"operationStart","subtype":"render","name":"anonymous","previousOperationId":"59qxhrqsgfv5lo9","timestamp":1766742167358,"id":"cjzhpeivza04or4","previousEventId":"qu3ze8qztyhcub4","operationId":"fysunl27bt6wrs2"}
{"type":"log","timestamp":1766742167358,"level":"info","message":"Starting rendering (child) request","meta":{"rootId":"y7rer9pws79xbo1","id":"xlyrca4xrkcyx57"},"id":"dz4v38k48b2ac8f","previousOperationId":"fysunl27bt6wrs2"}
{"type":"log","timestamp":1766742167359,"level":"info","message":"Rendering anonymous template { recipe: html, engine: handlebars }","meta":{"rootId":"y7rer9pws79xbo1","id":"xlyrca4xrkcyx57"},"id":"z9sjia2kj486u0z","previousOperationId":"fysunl27bt6wrs2"}
{"type":"log","timestamp":1766742167359,"level":"debug","message":"Inline data specified.","meta":{"rootId":"y7rer9pws79xbo1","id":"xlyrca4xrkcyx57"},"id":"3pikmogccd8jyux","previousOperationId":"fysunl27bt6wrs2"}
{"type":"log","timestamp":1766742167364,"level":"debug","message":"Base url not specified, skipping its injection.","meta":{"rootId":"y7rer9pws79xbo1","id":"xlyrca4xrkcyx57"},"id":"hmn2oxsd7sqog5r","previousOperationId":"fysunl27bt6wrs2"}
{"type":"operationStart","subtype":"engine","name":"handlebars","timestamp":1766742167366,"id":"70va2vboy1x4je9","previousEventId":"cjzhpeivza04or4","operationId":"9hkvgja03mkrw4m","previousOperationId":"fysunl27bt6wrs2"}
{"type":"log","timestamp":1766742167366,"level":"debug","message":"Rendering engine handlebars","meta":{"rootId":"y7rer9pws79xbo1","id":"xlyrca4xrkcyx57"},"id":"npalb6xsrrfr1ex","previousOperationId":"9hkvgja03mkrw4m"}
{"type":"operationEnd","operationId":"9hkvgja03mkrw4m","timestamp":1766742167489,"id":"ismilqscwli08xd","previousEventId":"70va2vboy1x4je9","previousOperationId":"9hkvgja03mkrw4m"}
{"type":"operationStart","subtype":"recipe","name":"html","timestamp":1766742167498,"id":"u7f7nveqjchzb2k","previousEventId":"ismilqscwli08xd","operationId":"il1m610r4bvdqrb","previousOperationId":"9hkvgja03mkrw4m"}
{"type":"log","timestamp":1766742167498,"level":"debug","message":"Executing recipe html","meta":{"rootId":"y7rer9pws79xbo1","id":"xlyrca4xrkcyx57"},"id":"8ipijkvmxtxjs2w","previousOperationId":"il1m610r4bvdqrb"}
{"type":"operationEnd","operationId":"il1m610r4bvdqrb","timestamp":1766742167498,"id":"a1i90v143j722lx","previousEventId":"u7f7nveqjchzb2k","previousOperationId":"il1m610r4bvdqrb"}
{"type":"log","timestamp":1766742167499,"level":"debug","message":"Skipping storing report.","meta":{"rootId":"y7rer9pws79xbo1","id":"xlyrca4xrkcyx57"},"id":"xqlh91twz7h9dzp","previousOperationId":"il1m610r4bvdqrb"}
{"type":"log","timestamp":1766742167499,"level":"info","message":"Rendering (child) request finished in 2217 ms","meta":{"rootId":"y7rer9pws79xbo1","id":"xlyrca4xrkcyx57"},"id":"vrbppeqac8z8es3","previousOperationId":"il1m610r4bvdqrb"}
{"type":"operationEnd","subtype":"render","operationId":"fysunl27bt6wrs2","timestamp":1766742167499,"id":"sgaj6x2vc3yyip1","previousEventId":"a1i90v143j722lx","previousOperationId":"il1m610r4bvdqrb"}
{"type":"log","timestamp":1766742170473,"level":"debug","message":"pptx successfully zipped","meta":{"rootId":"y7rer9pws79xbo1","id":"y7rer9pws79xbo1"},"id":"5lkn01napjtshbp","previousOperationId":"59qxhrqsgfv5lo9"}
{"type":"log","timestamp":1766742170473,"level":"info","message":"pptx generation was finished","meta":{"rootId":"y7rer9pws79xbo1","id":"y7rer9pws79xbo1"},"id":"oejok9g3elo1pdv","previousOperationId":"59qxhrqsgfv5lo9"}
{"type":"operationEnd","operationId":"59qxhrqsgfv5lo9","timestamp":1766742170485,"id":"jp9mqkefwueh6w8","previousEventId":"qu3ze8qztyhcub4","previousOperationId":"59qxhrqsgfv5lo9"}
{"type":"log","timestamp":1766742170485,"level":"debug","message":"Skipping storing report.","meta":{"rootId":"y7rer9pws79xbo1","id":"y7rer9pws79xbo1"},"id":"tznqc9yd8axooar","previousOperationId":"59qxhrqsgfv5lo9"}
{"type":"log","timestamp":1766742170485,"level":"info","message":"Rendering request 2 finished in 5203 ms","meta":{"rootId":"y7rer9pws79xbo1","id":"y7rer9pws79xbo1"},"id":"kpw6t3t1pvnaugs","previousOperationId":"59qxhrqsgfv5lo9"}
{"type":"operationEnd","subtype":"render","operationId":"fqj9yzdpwyc5nlb","timestamp":1766742170486,"id":"lbcpcurlblvkr9f","previousEventId":"jp9mqkefwueh6w8","previousOperationId":"59qxhrqsgfv5lo9"}
{"type":"operationEnd","doDiffs":false,"previousEventId":"lz9sszeqwbvr67f","previousOperationId":"qdo78h98m3almgi","operationId":"qdo78h98m3almgi","timestamp":1766742170490,"id":"4pr525uwbc4im7o"}
