{"type":"operationStart","subtype":"profile","data":{"_id":"lVg25FNa3j9ChPPP","timestamp":"2025-12-27T13:26:56.211Z","state":"running","mode":"standard","creationDate":"2025-12-27T13:26:56.220Z","modificationDate":"2025-12-27T13:26:56.220Z","shortid":"y-jAXv9","$entitySet":"profiles","timeout":60000},"doDiffs":false,"timestamp":1766842016217,"id":"a0rr8tn1v839efj","previousOperationId":null,"operationId":"iqxxsth7gtirk8a"}
{"type":"log","level":"info","message":"Render request 12 queued for execution and waiting for available worker","previousOperationId":"iqxxsth7gtirk8a","timestamp":1766842016217,"id":"7wrrlyg0lcm6rs3"}
{"type":"operationStart","subtype":"render","name":"anonymous","previousOperationId":"iqxxsth7gtirk8a","timestamp":1766842016278,"id":"zm2rmwtl0z8gi0s","previousEventId":"a0rr8tn1v839efj","operationId":"usxthhu68zdunkv"}
{"type":"log","timestamp":1766842016279,"level":"info","message":"Starting rendering request 12","meta":{"rootId":"y7vrb6tb416zag7","id":"y7vrb6tb416zag7"},"id":"fybe923omqgbht5","previousOperationId":"usxthhu68zdunkv"}
{"type":"log","timestamp":1766842016279,"level":"info","message":"Rendering anonymous template { recipe: pptx, engine: handlebars }","meta":{"rootId":"y7vrb6tb416zag7","id":"y7vrb6tb416zag7"},"id":"iuwkvxbr7zankxa","previousOperationId":"usxthhu68zdunkv"}
{"type":"log","timestamp":1766842016279,"level":"debug","message":"Inline data specified.","meta":{"rootId":"y7vrb6tb416zag7","id":"y7vrb6tb416zag7"},"id":"puugk8v13jlwd22","previousOperationId":"usxthhu68zdunkv"}
{"type":"log","timestamp":1766842016281,"level":"debug","message":"Base url not specified, skipping its injection.","meta":{"rootId":"y7vrb6tb416zag7","id":"y7vrb6tb416zag7"},"id":"3w79rq2llwi8bn9","previousOperationId":"usxthhu68zdunkv"}
{"type":"operationStart","subtype":"engine","name":"handlebars","timestamp":1766842016282,"id":"fi87iiizpik43nz","previousEventId":"zm2rmwtl0z8gi0s","operationId":"v80cdt52glua9zk","previousOperationId":"usxthhu68zdunkv"}
{"type":"log","timestamp":1766842016282,"level":"debug","message":"Rendering engine handlebars","meta":{"rootId":"y7vrb6tb416zag7","id":"y7vrb6tb416zag7"},"id":"nguy18c4dh3hm3b","previousOperationId":"v80cdt52glua9zk"}
{"type":"operationEnd","operationId":"v80cdt52glua9zk","timestamp":1766842016304,"id":"ms7en548ibgs19d","previousEventId":"fi87iiizpik43nz","previousOperationId":"v80cdt52glua9zk"}
{"type":"operationStart","subtype":"recipe","name":"pptx","timestamp":1766842016305,"id":"xyojz0sdtanh2np","previousEventId":"ms7en548ibgs19d","operationId":"50kqoweueg1bzvk","previousOperationId":"v80cdt52glua9zk"}
{"type":"log","timestamp":1766842016305,"level":"debug","message":"Executing recipe pptx","meta":{"rootId":"y7vrb6tb416zag7","id":"y7vrb6tb416zag7"},"id":"kerz8sl8qjk4vl3","previousOperationId":"50kqoweueg1bzvk"}
{"type":"log","timestamp":1766842016327,"level":"info","message":"pptx generation is starting","meta":{"rootId":"y7vrb6tb416zag7","id":"y7vrb6tb416zag7"},"id":"hcodvq50icg5db7","previousOperationId":"50kqoweueg1bzvk"}
{"type":"log","timestamp":1766842017336,"level":"debug","message":"Starting child request to render pptx dynamic parts","meta":{"rootId":"y7vrb6tb416zag7","id":"y7vrb6tb416zag7"},"id":"63ri4wcgcuqlcsl","previousOperationId":"50kqoweueg1bzvk"}
{"type":"operationStart","subtype":"render","name":"anonymous","previousOperationId":"50kqoweueg1bzvk","timestamp":1766842017336,"id":"xv82v1cut86rq6d","previousEventId":"xyojz0sdtanh2np","operationId":"nxl6txzaqcgs3lg"}
{"type":"log","timestamp":1766842017336,"level":"info","message":"Starting rendering (child) request","meta":{"rootId":"y7vrb6tb416zag7","id":"g1rj9s9bec574n0"},"id":"bi4qjvpqp79m9v9","previousOperationId":"nxl6txzaqcgs3lg"}
{"type":"log","timestamp":1766842017337,"level":"info","message":"Rendering anonymous template { recipe: html, engine: handlebars }","meta":{"rootId":"y7vrb6tb416zag7","id":"g1rj9s9bec574n0"},"id":"iv5l6juosq2sxgd","previousOperationId":"nxl6txzaqcgs3lg"}
{"type":"log","timestamp":1766842017337,"level":"debug","message":"Inline data specified.","meta":{"rootId":"y7vrb6tb416zag7","id":"g1rj9s9bec574n0"},"id":"uqzznhdepjo4kip","previousOperationId":"nxl6txzaqcgs3lg"}
{"type":"log","timestamp":1766842017340,"level":"debug","message":"Base url not specified, skipping its injection.","meta":{"rootId":"y7vrb6tb416zag7","id":"g1rj9s9bec574n0"},"id":"xdg87mxca3zd4aw","previousOperationId":"nxl6txzaqcgs3lg"}
{"type":"operationStart","subtype":"engine","name":"handlebars","timestamp":1766842017341,"id":"4d6389iew41nq6u","previousEventId":"xv82v1cut86rq6d","operationId":"7h66efj8erxrr16","previousOperationId":"nxl6txzaqcgs3lg"}
{"type":"log","timestamp":1766842017341,"level":"debug","message":"Rendering engine handlebars","meta":{"rootId":"y7vrb6tb416zag7","id":"g1rj9s9bec574n0"},"id":"shj3icfcucffxop","previousOperationId":"7h66efj8erxrr16"}
{"type":"operationEnd","operationId":"7h66efj8erxrr16","timestamp":1766842017429,"id":"xbc8tkgyann6i6o","previousEventId":"4d6389iew41nq6u","previousOperationId":"7h66efj8erxrr16"}
{"type":"operationStart","subtype":"recipe","name":"html","timestamp":1766842017437,"id":"x8eoyxcysvpkedr","previousEventId":"xbc8tkgyann6i6o","operationId":"rtol6a14lfzrhz3","previousOperationId":"7h66efj8erxrr16"}
{"type":"log","timestamp":1766842017437,"level":"debug","message":"Executing recipe html","meta":{"rootId":"y7vrb6tb416zag7","id":"g1rj9s9bec574n0"},"id":"3zb5c48h9u0oovj","previousOperationId":"rtol6a14lfzrhz3"}
{"type":"operationEnd","operationId":"rtol6a14lfzrhz3","timestamp":1766842017437,"id":"fbhzk7xxg6ucj6s","previousEventId":"x8eoyxcysvpkedr","previousOperationId":"rtol6a14lfzrhz3"}
{"type":"log","timestamp":1766842017438,"level":"debug","message":"Skipping storing report.","meta":{"rootId":"y7vrb6tb416zag7","id":"g1rj9s9bec574n0"},"id":"w26k6iu4wx842g5","previousOperationId":"rtol6a14lfzrhz3"}
{"type":"log","timestamp":1766842017438,"level":"info","message":"Rendering (child) request finished in 1228 ms","meta":{"rootId":"y7vrb6tb416zag7","id":"g1rj9s9bec574n0"},"id":"7ani81w4kalme2p","previousOperationId":"rtol6a14lfzrhz3"}
{"type":"operationEnd","subtype":"render","operationId":"nxl6txzaqcgs3lg","timestamp":1766842017438,"id":"x3ps1bfrfwg2sl6","previousEventId":"fbhzk7xxg6ucj6s","previousOperationId":"rtol6a14lfzrhz3"}
{"type":"log","timestamp":1766842020846,"level":"debug","message":"pptx successfully zipped","meta":{"rootId":"y7vrb6tb416zag7","id":"y7vrb6tb416zag7"},"id":"pr4wfnuxw8izkp7","previousOperationId":"50kqoweueg1bzvk"}
{"type":"log","timestamp":1766842020846,"level":"info","message":"pptx generation was finished","meta":{"rootId":"y7vrb6tb416zag7","id":"y7vrb6tb416zag7"},"id":"b5wxuuu3nrz60ov","previousOperationId":"50kqoweueg1bzvk"}
{"type":"operationEnd","operationId":"50kqoweueg1bzvk","timestamp":1766842020853,"id":"eu8bk2dxrd32n2e","previousEventId":"xyojz0sdtanh2np","previousOperationId":"50kqoweueg1bzvk"}
{"type":"log","timestamp":1766842020853,"level":"debug","message":"Skipping storing report.","meta":{"rootId":"y7vrb6tb416zag7","id":"y7vrb6tb416zag7"},"id":"nwvbmdrw3o25r7n","previousOperationId":"50kqoweueg1bzvk"}
{"type":"log","timestamp":1766842020853,"level":"info","message":"Rendering request 12 finished in 4643 ms","meta":{"rootId":"y7vrb6tb416zag7","id":"y7vrb6tb416zag7"},"id":"xr8m45l47tqp9fa","previousOperationId":"50kqoweueg1bzvk"}
{"type":"operationEnd","subtype":"render","operationId":"usxthhu68zdunkv","timestamp":1766842020853,"id":"25lg6awupsi3ulp","previousEventId":"eu8bk2dxrd32n2e","previousOperationId":"50kqoweueg1bzvk"}
{"type":"operationEnd","doDiffs":false,"previousEventId":"a0rr8tn1v839efj","previousOperationId":"iqxxsth7gtirk8a","operationId":"iqxxsth7gtirk8a","timestamp":1766842020857,"id":"ptb4bp7vkkz4h7v"}
