{"type":"operationStart","subtype":"profile","data":{"_id":"e4rJuFaVdlTQ07bh","timestamp":"2025-12-27T15:10:12.431Z","state":"running","mode":"standard","creationDate":"2025-12-27T15:10:12.436Z","modificationDate":"2025-12-27T15:10:12.436Z","shortid":"pRrg1Lg","$entitySet":"profiles","timeout":60000},"doDiffs":false,"timestamp":1766848212433,"id":"8jk305caj4g49s9","previousOperationId":null,"operationId":"wwg62unkn4g6cfr"}
{"type":"log","level":"info","message":"Render request 1 queued for execution and waiting for available worker","previousOperationId":"wwg62unkn4g6cfr","timestamp":1766848212433,"id":"hq5bq4qlftzb44z"}
{"type":"operationStart","subtype":"render","name":"anonymous","previousOperationId":"wwg62unkn4g6cfr","timestamp":1766848212494,"id":"wbsjtcgjezhzoaw","previousEventId":"8jk305caj4g49s9","operationId":"becqd4c6d3pvyo9"}
{"type":"log","timestamp":1766848212495,"level":"info","message":"Starting rendering request 1","meta":{"rootId":"ycylx12vbcoxof4","id":"ycylx12vbcoxof4"},"id":"qsto2j5i9tt6jw5","previousOperationId":"becqd4c6d3pvyo9"}
{"type":"log","timestamp":1766848212497,"level":"info","message":"Rendering anonymous template { recipe: pptx, engine: handlebars }","meta":{"rootId":"ycylx12vbcoxof4","id":"ycylx12vbcoxof4"},"id":"i1jgnpmknidtqn1","previousOperationId":"becqd4c6d3pvyo9"}
{"type":"log","timestamp":1766848212497,"level":"debug","message":"Inline data specified.","meta":{"rootId":"ycylx12vbcoxof4","id":"ycylx12vbcoxof4"},"id":"s8uzyx8m6vubxpv","previousOperationId":"becqd4c6d3pvyo9"}
{"type":"log","timestamp":1766848212502,"level":"debug","message":"Base url not specified, skipping its injection.","meta":{"rootId":"ycylx12vbcoxof4","id":"ycylx12vbcoxof4"},"id":"gnvv3ozw1s6zzul","previousOperationId":"becqd4c6d3pvyo9"}
{"type":"operationStart","subtype":"engine","name":"handlebars","timestamp":1766848212503,"id":"5f97t482jce4m09","previousEventId":"wbsjtcgjezhzoaw","operationId":"0tdv1f6uxx4d00i","previousOperationId":"becqd4c6d3pvyo9"}
{"type":"log","timestamp":1766848212503,"level":"debug","message":"Rendering engine handlebars","meta":{"rootId":"ycylx12vbcoxof4","id":"ycylx12vbcoxof4"},"id":"ew56hxaumk9tp5n","previousOperationId":"0tdv1f6uxx4d00i"}
{"type":"operationEnd","operationId":"0tdv1f6uxx4d00i","timestamp":1766848213379,"id":"ehv95onnmt2h37g","previousEventId":"5f97t482jce4m09","previousOperationId":"0tdv1f6uxx4d00i"}
{"type":"operationStart","subtype":"recipe","name":"pptx","timestamp":1766848213380,"id":"129lp9h0fr19zjb","previousEventId":"ehv95onnmt2h37g","operationId":"ss4qk3qte1qkmb9","previousOperationId":"0tdv1f6uxx4d00i"}
{"type":"log","timestamp":1766848213380,"level":"debug","message":"Executing recipe pptx","meta":{"rootId":"ycylx12vbcoxof4","id":"ycylx12vbcoxof4"},"id":"l1nihxdac9yl5xi","previousOperationId":"ss4qk3qte1qkmb9"}
{"type":"log","timestamp":1766848213558,"level":"info","message":"pptx generation is starting","meta":{"rootId":"ycylx12vbcoxof4","id":"ycylx12vbcoxof4"},"id":"ags7d1bpuglwtln","previousOperationId":"ss4qk3qte1qkmb9"}
{"type":"log","timestamp":1766848214726,"level":"debug","message":"Starting child request to render pptx dynamic parts","meta":{"rootId":"ycylx12vbcoxof4","id":"ycylx12vbcoxof4"},"id":"4b3fgw8xq3ekrgi","previousOperationId":"ss4qk3qte1qkmb9"}
{"type":"operationStart","subtype":"render","name":"anonymous","previousOperationId":"ss4qk3qte1qkmb9","timestamp":1766848214727,"id":"w1ibl4iko9hyh1j","previousEventId":"129lp9h0fr19zjb","operationId":"5mwvsigjbe5nuu4"}
{"type":"log","timestamp":1766848214727,"level":"info","message":"Starting rendering (child) request","meta":{"rootId":"ycylx12vbcoxof4","id":"kw2wzhi1hx0w1tk"},"id":"gl3m4o8zm37ulil","previousOperationId":"5mwvsigjbe5nuu4"}
{"type":"log","timestamp":1766848214727,"level":"info","message":"Rendering anonymous template { recipe: html, engine: handlebars }","meta":{"rootId":"ycylx12vbcoxof4","id":"kw2wzhi1hx0w1tk"},"id":"1q3dclp3t8tii6d","previousOperationId":"5mwvsigjbe5nuu4"}
{"type":"log","timestamp":1766848214727,"level":"debug","message":"Inline data specified.","meta":{"rootId":"ycylx12vbcoxof4","id":"kw2wzhi1hx0w1tk"},"id":"ibzy6uv10i0ra7m","previousOperationId":"5mwvsigjbe5nuu4"}
{"type":"log","timestamp":1766848214732,"level":"debug","message":"Base url not specified, skipping its injection.","meta":{"rootId":"ycylx12vbcoxof4","id":"kw2wzhi1hx0w1tk"},"id":"h4bnw5mumscqecw","previousOperationId":"5mwvsigjbe5nuu4"}
{"type":"operationStart","subtype":"engine","name":"handlebars","timestamp":1766848214734,"id":"r9b00x1ts1stymp","previousEventId":"w1ibl4iko9hyh1j","operationId":"0stkkye2p0je9jx","previousOperationId":"5mwvsigjbe5nuu4"}
{"type":"log","timestamp":1766848214734,"level":"debug","message":"Rendering engine handlebars","meta":{"rootId":"ycylx12vbcoxof4","id":"kw2wzhi1hx0w1tk"},"id":"pszl057ibbhyilq","previousOperationId":"0stkkye2p0je9jx"}
{"type":"operationEnd","operationId":"0stkkye2p0je9jx","timestamp":1766848214885,"id":"61uaz4apqm08jvv","previousEventId":"r9b00x1ts1stymp","previousOperationId":"0stkkye2p0je9jx"}
{"type":"operationStart","subtype":"recipe","name":"html","timestamp":1766848214896,"id":"jgvdw7u7p5u52lb","previousEventId":"61uaz4apqm08jvv","operationId":"rrajea2n2artmkj","previousOperationId":"0stkkye2p0je9jx"}
{"type":"log","timestamp":1766848214896,"level":"debug","message":"Executing recipe html","meta":{"rootId":"ycylx12vbcoxof4","id":"kw2wzhi1hx0w1tk"},"id":"fjrlti15pq0hqs4","previousOperationId":"rrajea2n2artmkj"}
{"type":"operationEnd","operationId":"rrajea2n2artmkj","timestamp":1766848214896,"id":"mymv1zz9h4tg4kr","previousEventId":"jgvdw7u7p5u52lb","previousOperationId":"rrajea2n2artmkj"}
{"type":"log","timestamp":1766848214897,"level":"debug","message":"Skipping storing report.","meta":{"rootId":"ycylx12vbcoxof4","id":"kw2wzhi1hx0w1tk"},"id":"xewx7xd6rqo798m","previousOperationId":"rrajea2n2artmkj"}
{"type":"log","timestamp":1766848214897,"level":"info","message":"Rendering (child) request finished in 2468 ms","meta":{"rootId":"ycylx12vbcoxof4","id":"kw2wzhi1hx0w1tk"},"id":"xxe5xon1gzy7txy","previousOperationId":"rrajea2n2artmkj"}
{"type":"operationEnd","subtype":"render","operationId":"5mwvsigjbe5nuu4","timestamp":1766848214897,"id":"z6vlqwi7etscrgk","previousEventId":"mymv1zz9h4tg4kr","previousOperationId":"rrajea2n2artmkj"}
{"type":"log","timestamp":1766848219198,"level":"debug","message":"pptx successfully zipped","meta":{"rootId":"ycylx12vbcoxof4","id":"ycylx12vbcoxof4"},"id":"wra2kh2sopfstok","previousOperationId":"ss4qk3qte1qkmb9"}
{"type":"log","timestamp":1766848219198,"level":"info","message":"pptx generation was finished","meta":{"rootId":"ycylx12vbcoxof4","id":"ycylx12vbcoxof4"},"id":"th0hx07eyd57yc1","previousOperationId":"ss4qk3qte1qkmb9"}
{"type":"operationEnd","operationId":"ss4qk3qte1qkmb9","timestamp":1766848219211,"id":"5j9tw4g2xb6ldkv","previousEventId":"129lp9h0fr19zjb","previousOperationId":"ss4qk3qte1qkmb9"}
{"type":"log","timestamp":1766848219211,"level":"debug","message":"Skipping storing report.","meta":{"rootId":"ycylx12vbcoxof4","id":"ycylx12vbcoxof4"},"id":"gw4rhw912okkkwk","previousOperationId":"ss4qk3qte1qkmb9"}
{"type":"log","timestamp":1766848219211,"level":"info","message":"Rendering request 1 finished in 6782 ms","meta":{"rootId":"ycylx12vbcoxof4","id":"ycylx12vbcoxof4"},"id":"v5omy67l6gczt8w","previousOperationId":"ss4qk3qte1qkmb9"}
{"type":"operationEnd","subtype":"render","operationId":"becqd4c6d3pvyo9","timestamp":1766848219211,"id":"f90osf61knbhh2e","previousEventId":"5j9tw4g2xb6ldkv","previousOperationId":"ss4qk3qte1qkmb9"}
{"type":"operationEnd","doDiffs":false,"previousEventId":"8jk305caj4g49s9","previousOperationId":"wwg62unkn4g6cfr","operationId":"wwg62unkn4g6cfr","timestamp":1766848219218,"id":"2f6os4o7vniha4o"}
