{"type":"operationStart","subtype":"profile","data":{"_id":"LrF5dmFCMNY2UPjT","timestamp":"2025-12-28T19:07:00.195Z","state":"running","mode":"standard","creationDate":"2025-12-28T19:07:00.200Z","modificationDate":"2025-12-28T19:07:00.200Z","shortid":"mBgvjzI","$entitySet":"profiles","timeout":60000},"doDiffs":false,"timestamp":1766948820198,"id":"zmtj2vj2tjqqd7i","previousOperationId":null,"operationId":"mdaap9eztcoeyzt"}
{"type":"log","level":"info","message":"Render request 1 queued for execution and waiting for available worker","previousOperationId":"mdaap9eztcoeyzt","timestamp":1766948820198,"id":"eschsim0r8qfz6g"}
{"type":"operationStart","subtype":"render","name":"anonymous","previousOperationId":"mdaap9eztcoeyzt","timestamp":1766948820268,"id":"z2ut1c6bah9gy6a","previousEventId":"zmtj2vj2tjqqd7i","operationId":"cfmxrm4txz9pex0"}
{"type":"log","timestamp":1766948820269,"level":"info","message":"Starting rendering request 1","meta":{"rootId":"ydmzc6bl48779bt","id":"ydmzc6bl48779bt"},"id":"q9x1sngr31sxpp0","previousOperationId":"cfmxrm4txz9pex0"}
{"type":"log","timestamp":1766948820270,"level":"info","message":"Rendering anonymous template { recipe: pptx, engine: handlebars }","meta":{"rootId":"ydmzc6bl48779bt","id":"ydmzc6bl48779bt"},"id":"ip729v6yjy7hv4g","previousOperationId":"cfmxrm4txz9pex0"}
{"type":"log","timestamp":1766948820271,"level":"debug","message":"Inline data specified.","meta":{"rootId":"ydmzc6bl48779bt","id":"ydmzc6bl48779bt"},"id":"bf19nsuqpkpevfe","previousOperationId":"cfmxrm4txz9pex0"}
{"type":"log","timestamp":1766948820277,"level":"debug","message":"Base url not specified, skipping its injection.","meta":{"rootId":"ydmzc6bl48779bt","id":"ydmzc6bl48779bt"},"id":"u6lgm0xew9qznh7","previousOperationId":"cfmxrm4txz9pex0"}
{"type":"operationStart","subtype":"engine","name":"handlebars","timestamp":1766948820279,"id":"3oofk52an6kpke7","previousEventId":"z2ut1c6bah9gy6a","operationId":"ltp5nhq7lv6pfqc","previousOperationId":"cfmxrm4txz9pex0"}
{"type":"log","timestamp":1766948820279,"level":"debug","message":"Rendering engine handlebars","meta":{"rootId":"ydmzc6bl48779bt","id":"ydmzc6bl48779bt"},"id":"x3nob5aegvlu3y1","previousOperationId":"ltp5nhq7lv6pfqc"}
{"type":"operationEnd","operationId":"ltp5nhq7lv6pfqc","timestamp":1766948821115,"id":"ak4me4wi01kw9ho","previousEventId":"3oofk52an6kpke7","previousOperationId":"ltp5nhq7lv6pfqc"}
{"type":"operationStart","subtype":"recipe","name":"pptx","timestamp":1766948821116,"id":"em8yx9nhcd13mwh","previousEventId":"ak4me4wi01kw9ho","operationId":"heqrsvvd49pexci","previousOperationId":"ltp5nhq7lv6pfqc"}
{"type":"log","timestamp":1766948821116,"level":"debug","message":"Executing recipe pptx","meta":{"rootId":"ydmzc6bl48779bt","id":"ydmzc6bl48779bt"},"id":"mejuslj9nuseou8","previousOperationId":"heqrsvvd49pexci"}
{"type":"log","timestamp":1766948821283,"level":"info","message":"pptx generation is starting","meta":{"rootId":"ydmzc6bl48779bt","id":"ydmzc6bl48779bt"},"id":"gxlet8m40ck6lf4","previousOperationId":"heqrsvvd49pexci"}
{"type":"log","timestamp":1766948822385,"level":"debug","message":"Starting child request to render pptx dynamic parts","meta":{"rootId":"ydmzc6bl48779bt","id":"ydmzc6bl48779bt"},"id":"hixhj6sd900qj1n","previousOperationId":"heqrsvvd49pexci"}
{"type":"operationStart","subtype":"render","name":"anonymous","previousOperationId":"heqrsvvd49pexci","timestamp":1766948822387,"id":"e2bsh4moj0i5g4d","previousEventId":"em8yx9nhcd13mwh","operationId":"a8tlokabf05rmtx"}
{"type":"log","timestamp":1766948822387,"level":"info","message":"Starting rendering (child) request","meta":{"rootId":"ydmzc6bl48779bt","id":"97jv2osiw63b78j"},"id":"sl3f10yhcee4p9v","previousOperationId":"a8tlokabf05rmtx"}
{"type":"log","timestamp":1766948822387,"level":"info","message":"Rendering anonymous template { recipe: html, engine: handlebars }","meta":{"rootId":"ydmzc6bl48779bt","id":"97jv2osiw63b78j"},"id":"6xp92sybetxa5ee","previousOperationId":"a8tlokabf05rmtx"}
{"type":"log","timestamp":1766948822387,"level":"debug","message":"Inline data specified.","meta":{"rootId":"ydmzc6bl48779bt","id":"97jv2osiw63b78j"},"id":"v7vyb893g56bcsy","previousOperationId":"a8tlokabf05rmtx"}
{"type":"log","timestamp":1766948822391,"level":"debug","message":"Base url not specified, skipping its injection.","meta":{"rootId":"ydmzc6bl48779bt","id":"97jv2osiw63b78j"},"id":"uw6b89574j2y97d","previousOperationId":"a8tlokabf05rmtx"}
{"type":"operationStart","subtype":"engine","name":"handlebars","timestamp":1766948822392,"id":"5q3lmjmu7mn311a","previousEventId":"e2bsh4moj0i5g4d","operationId":"yh2i6n9ghv1gfqr","previousOperationId":"a8tlokabf05rmtx"}
{"type":"log","timestamp":1766948822393,"level":"debug","message":"Rendering engine handlebars","meta":{"rootId":"ydmzc6bl48779bt","id":"97jv2osiw63b78j"},"id":"g2vx80qriziibgo","previousOperationId":"yh2i6n9ghv1gfqr"}
{"type":"log","timestamp":1766948822548,"level":"debug","message":"(console:log) {\n  type: 'echarts@v5a',\n  width: 848,\n  height: 409,\n  option: { radar: [ [Object] ], series: [ [Object] ] }\n}","meta":{"userLevel":true,"rootId":"ydmzc6bl48779bt","id":"97jv2osiw63b78j"},"id":"oz0vza0hegwl4sx","previousOperationId":"yh2i6n9ghv1gfqr"}
{"type":"operationEnd","operationId":"yh2i6n9ghv1gfqr","timestamp":1766948822556,"id":"3h1ms2eddc0gevq","previousEventId":"5q3lmjmu7mn311a","previousOperationId":"yh2i6n9ghv1gfqr"}
{"type":"operationStart","subtype":"recipe","name":"html","timestamp":1766948822569,"id":"f33fnqlbh1zvit3","previousEventId":"3h1ms2eddc0gevq","operationId":"p7jwleir6l71m5n","previousOperationId":"yh2i6n9ghv1gfqr"}
{"type":"log","timestamp":1766948822569,"level":"debug","message":"Executing recipe html","meta":{"rootId":"ydmzc6bl48779bt","id":"97jv2osiw63b78j"},"id":"ul7p0zqdlp5iqrm","previousOperationId":"p7jwleir6l71m5n"}
{"type":"operationEnd","operationId":"p7jwleir6l71m5n","timestamp":1766948822569,"id":"vpv1uwhxdia7sc1","previousEventId":"f33fnqlbh1zvit3","previousOperationId":"p7jwleir6l71m5n"}
{"type":"log","timestamp":1766948822570,"level":"debug","message":"Skipping storing report.","meta":{"rootId":"ydmzc6bl48779bt","id":"97jv2osiw63b78j"},"id":"gxzzqtaazbzhcll","previousOperationId":"p7jwleir6l71m5n"}
{"type":"log","timestamp":1766948822570,"level":"info","message":"Rendering (child) request finished in 2377 ms","meta":{"rootId":"ydmzc6bl48779bt","id":"97jv2osiw63b78j"},"id":"bgswmh2e26i8gvt","previousOperationId":"p7jwleir6l71m5n"}
{"type":"operationEnd","subtype":"render","operationId":"a8tlokabf05rmtx","timestamp":1766948822570,"id":"tussh5k7rqdcute","previousEventId":"vpv1uwhxdia7sc1","previousOperationId":"p7jwleir6l71m5n"}
{"type":"log","timestamp":1766948827200,"level":"debug","message":"pptx successfully zipped","meta":{"rootId":"ydmzc6bl48779bt","id":"ydmzc6bl48779bt"},"id":"bfhboezkcgfu6lv","previousOperationId":"heqrsvvd49pexci"}
{"type":"log","timestamp":1766948827200,"level":"info","message":"pptx generation was finished","meta":{"rootId":"ydmzc6bl48779bt","id":"ydmzc6bl48779bt"},"id":"ioftcp9nxsk0z86","previousOperationId":"heqrsvvd49pexci"}
{"type":"operationEnd","operationId":"heqrsvvd49pexci","timestamp":1766948827212,"id":"jnnraxqypvv8mh5","previousEventId":"em8yx9nhcd13mwh","previousOperationId":"heqrsvvd49pexci"}
{"type":"log","timestamp":1766948827212,"level":"debug","message":"Skipping storing report.","meta":{"rootId":"ydmzc6bl48779bt","id":"ydmzc6bl48779bt"},"id":"kjo2gld1jkk6a4t","previousOperationId":"heqrsvvd49pexci"}
{"type":"log","timestamp":1766948827212,"level":"info","message":"Rendering request 1 finished in 7019 ms","meta":{"rootId":"ydmzc6bl48779bt","id":"ydmzc6bl48779bt"},"id":"ah0fypvf9y714a3","previousOperationId":"heqrsvvd49pexci"}
{"type":"operationEnd","subtype":"render","operationId":"cfmxrm4txz9pex0","timestamp":1766948827212,"id":"8ghoadx0r9sthcm","previousEventId":"jnnraxqypvv8mh5","previousOperationId":"heqrsvvd49pexci"}
{"type":"operationEnd","doDiffs":false,"previousEventId":"zmtj2vj2tjqqd7i","previousOperationId":"mdaap9eztcoeyzt","operationId":"mdaap9eztcoeyzt","timestamp":1766948827217,"id":"skcdjbqn3fjyhtl"}
