{"type":"operationStart","subtype":"profile","data":{"_id":"xrWvioLi0d2XHjE2","timestamp":"2025-12-27T13:31:24.553Z","state":"running","mode":"standard","creationDate":"2025-12-27T13:31:24.556Z","modificationDate":"2025-12-27T13:31:24.556Z","shortid":"SaOx0Ry","$entitySet":"profiles","timeout":60000},"doDiffs":false,"timestamp":1766842284555,"id":"vvnuu0q6nz4d4x5","previousOperationId":null,"operationId":"sn3uxw0pecghdhh"}
{"type":"log","level":"info","message":"Render request 13 queued for execution and waiting for available worker","previousOperationId":"sn3uxw0pecghdhh","timestamp":1766842284555,"id":"2wikoaml9ou9x9w"}
{"type":"operationStart","subtype":"render","name":"anonymous","previousOperationId":"sn3uxw0pecghdhh","timestamp":1766842284604,"id":"mn9ezokeo5gj3pe","previousEventId":"vvnuu0q6nz4d4x5","operationId":"cng62eh3gtwg1ni"}
{"type":"log","timestamp":1766842284604,"level":"info","message":"Starting rendering request 13","meta":{"rootId":"ykinoweylhhw9se","id":"ykinoweylhhw9se"},"id":"xj2f3yrxxsenwjj","previousOperationId":"cng62eh3gtwg1ni"}
{"type":"log","timestamp":1766842284604,"level":"info","message":"Rendering anonymous template { recipe: pptx, engine: handlebars }","meta":{"rootId":"ykinoweylhhw9se","id":"ykinoweylhhw9se"},"id":"fbu1m92mo2hjpk4","previousOperationId":"cng62eh3gtwg1ni"}
{"type":"log","timestamp":1766842284604,"level":"debug","message":"Inline data specified.","meta":{"rootId":"ykinoweylhhw9se","id":"ykinoweylhhw9se"},"id":"hw5k05lqorxy2fx","previousOperationId":"cng62eh3gtwg1ni"}
{"type":"log","timestamp":1766842284607,"level":"debug","message":"Base url not specified, skipping its injection.","meta":{"rootId":"ykinoweylhhw9se","id":"ykinoweylhhw9se"},"id":"v3jewjls0alvjsh","previousOperationId":"cng62eh3gtwg1ni"}
{"type":"operationStart","subtype":"engine","name":"handlebars","timestamp":1766842284607,"id":"3fmyfdlgn8r56pj","previousEventId":"mn9ezokeo5gj3pe","operationId":"8roy4qcv0m3bsgy","previousOperationId":"cng62eh3gtwg1ni"}
{"type":"log","timestamp":1766842284607,"level":"debug","message":"Rendering engine handlebars","meta":{"rootId":"ykinoweylhhw9se","id":"ykinoweylhhw9se"},"id":"dd9l1ml0z0bezyc","previousOperationId":"8roy4qcv0m3bsgy"}
{"type":"operationEnd","operationId":"8roy4qcv0m3bsgy","timestamp":1766842284622,"id":"uxdlgb4v0v7ccli","previousEventId":"3fmyfdlgn8r56pj","previousOperationId":"8roy4qcv0m3bsgy"}
{"type":"operationStart","subtype":"recipe","name":"pptx","timestamp":1766842284622,"id":"3vf0hrf6cgnyu35","previousEventId":"uxdlgb4v0v7ccli","operationId":"dcm2mp5egobgolo","previousOperationId":"8roy4qcv0m3bsgy"}
{"type":"log","timestamp":1766842284622,"level":"debug","message":"Executing recipe pptx","meta":{"rootId":"ykinoweylhhw9se","id":"ykinoweylhhw9se"},"id":"bbmsnttkixqzzll","previousOperationId":"dcm2mp5egobgolo"}
{"type":"log","timestamp":1766842284635,"level":"info","message":"pptx generation is starting","meta":{"rootId":"ykinoweylhhw9se","id":"ykinoweylhhw9se"},"id":"kn1x9iad0dafvwx","previousOperationId":"dcm2mp5egobgolo"}
{"type":"log","timestamp":1766842285849,"level":"debug","message":"Starting child request to render pptx dynamic parts","meta":{"rootId":"ykinoweylhhw9se","id":"ykinoweylhhw9se"},"id":"eu4kqdyvpw8tr4s","previousOperationId":"dcm2mp5egobgolo"}
{"type":"operationStart","subtype":"render","name":"anonymous","previousOperationId":"dcm2mp5egobgolo","timestamp":1766842285849,"id":"7xl7nbme9fgidb5","previousEventId":"3vf0hrf6cgnyu35","operationId":"34hlpakstpo84t0"}
{"type":"log","timestamp":1766842285849,"level":"info","message":"Starting rendering (child) request","meta":{"rootId":"ykinoweylhhw9se","id":"xl9nkq6rc4te8jo"},"id":"q0kmw3b9cx9gur5","previousOperationId":"34hlpakstpo84t0"}
{"type":"log","timestamp":1766842285849,"level":"info","message":"Rendering anonymous template { recipe: html, engine: handlebars }","meta":{"rootId":"ykinoweylhhw9se","id":"xl9nkq6rc4te8jo"},"id":"ba31tcx3jrek4u6","previousOperationId":"34hlpakstpo84t0"}
{"type":"log","timestamp":1766842285849,"level":"debug","message":"Inline data specified.","meta":{"rootId":"ykinoweylhhw9se","id":"xl9nkq6rc4te8jo"},"id":"f3nev3kfggy0164","previousOperationId":"34hlpakstpo84t0"}
{"type":"log","timestamp":1766842285855,"level":"debug","message":"Base url not specified, skipping its injection.","meta":{"rootId":"ykinoweylhhw9se","id":"xl9nkq6rc4te8jo"},"id":"avuvmc99ofghea8","previousOperationId":"34hlpakstpo84t0"}
{"type":"operationStart","subtype":"engine","name":"handlebars","timestamp":1766842285856,"id":"6lssde95cz9fid9","previousEventId":"7xl7nbme9fgidb5","operationId":"8xfgs3bveh3lhwh","previousOperationId":"34hlpakstpo84t0"}
{"type":"log","timestamp":1766842285856,"level":"debug","message":"Rendering engine handlebars","meta":{"rootId":"ykinoweylhhw9se","id":"xl9nkq6rc4te8jo"},"id":"15s0ionwb1nef3a","previousOperationId":"8xfgs3bveh3lhwh"}
{"type":"operationEnd","operationId":"8xfgs3bveh3lhwh","timestamp":1766842285962,"id":"4p7nb29qxlcjfgm","previousEventId":"6lssde95cz9fid9","previousOperationId":"8xfgs3bveh3lhwh"}
{"type":"operationStart","subtype":"recipe","name":"html","timestamp":1766842285971,"id":"p4sckmso6z9i8qt","previousEventId":"4p7nb29qxlcjfgm","operationId":"t2e2955xwkkhlmd","previousOperationId":"8xfgs3bveh3lhwh"}
{"type":"log","timestamp":1766842285971,"level":"debug","message":"Executing recipe html","meta":{"rootId":"ykinoweylhhw9se","id":"xl9nkq6rc4te8jo"},"id":"7fmjtjrep1legmm","previousOperationId":"t2e2955xwkkhlmd"}
{"type":"operationEnd","operationId":"t2e2955xwkkhlmd","timestamp":1766842285971,"id":"rzf1drfgynz0xlq","previousEventId":"p4sckmso6z9i8qt","previousOperationId":"t2e2955xwkkhlmd"}
{"type":"log","timestamp":1766842285971,"level":"debug","message":"Skipping storing report.","meta":{"rootId":"ykinoweylhhw9se","id":"xl9nkq6rc4te8jo"},"id":"4dxrsfi2gu8z3km","previousOperationId":"t2e2955xwkkhlmd"}
{"type":"log","timestamp":1766842285971,"level":"info","message":"Rendering (child) request finished in 1418 ms","meta":{"rootId":"ykinoweylhhw9se","id":"xl9nkq6rc4te8jo"},"id":"8nhx6kf6qmb2gzz","previousOperationId":"t2e2955xwkkhlmd"}
{"type":"operationEnd","subtype":"render","operationId":"34hlpakstpo84t0","timestamp":1766842285971,"id":"wbzruz5vygvemcw","previousEventId":"rzf1drfgynz0xlq","previousOperationId":"t2e2955xwkkhlmd"}
{"type":"log","timestamp":1766842288616,"level":"debug","message":"pptx successfully zipped","meta":{"rootId":"ykinoweylhhw9se","id":"ykinoweylhhw9se"},"id":"6c6l9iwoecj9li8","previousOperationId":"dcm2mp5egobgolo"}
{"type":"log","timestamp":1766842288616,"level":"info","message":"pptx generation was finished","meta":{"rootId":"ykinoweylhhw9se","id":"ykinoweylhhw9se"},"id":"rs83d9t84r4v59m","previousOperationId":"dcm2mp5egobgolo"}
{"type":"operationEnd","operationId":"dcm2mp5egobgolo","timestamp":1766842288626,"id":"gdnv926uz8fejwp","previousEventId":"3vf0hrf6cgnyu35","previousOperationId":"dcm2mp5egobgolo"}
{"type":"log","timestamp":1766842288626,"level":"debug","message":"Skipping storing report.","meta":{"rootId":"ykinoweylhhw9se","id":"ykinoweylhhw9se"},"id":"rcqb9mnvv9xz8x3","previousOperationId":"dcm2mp5egobgolo"}
{"type":"log","timestamp":1766842288627,"level":"info","message":"Rendering request 13 finished in 4074 ms","meta":{"rootId":"ykinoweylhhw9se","id":"ykinoweylhhw9se"},"id":"llttst28o7asqro","previousOperationId":"dcm2mp5egobgolo"}
{"type":"operationEnd","subtype":"render","operationId":"cng62eh3gtwg1ni","timestamp":1766842288627,"id":"jluypl1pzcw3ha6","previousEventId":"gdnv926uz8fejwp","previousOperationId":"dcm2mp5egobgolo"}
{"type":"operationEnd","doDiffs":false,"previousEventId":"vvnuu0q6nz4d4x5","previousOperationId":"sn3uxw0pecghdhh","operationId":"sn3uxw0pecghdhh","timestamp":1766842288630,"id":"rgo8tkb3r9bp8jv"}
