{"type":"operationStart","subtype":"profile","data":{"_id":"BVngxbua7Q1PYkLT","timestamp":"2025-12-28T17:01:16.739Z","state":"running","mode":"standard","creationDate":"2025-12-28T17:01:16.745Z","modificationDate":"2025-12-28T17:01:16.745Z","shortid":"wN101lE","$entitySet":"profiles","timeout":60000},"doDiffs":false,"timestamp":1766941276742,"id":"nmknoyyymqn7g55","previousOperationId":null,"operationId":"uoqrqr51c3achgk"}
{"type":"log","level":"info","message":"Render request 4 queued for execution and waiting for available worker","previousOperationId":"uoqrqr51c3achgk","timestamp":1766941276742,"id":"of81lbd5i2sc5bu"}
{"type":"operationStart","subtype":"render","name":"anonymous","previousOperationId":"uoqrqr51c3achgk","timestamp":1766941276801,"id":"5kzudkc1sut8fxj","previousEventId":"nmknoyyymqn7g55","operationId":"byup08xe3ynk9ad"}
{"type":"log","timestamp":1766941276802,"level":"info","message":"Starting rendering request 4","meta":{"rootId":"ypjb4qpz12nkia5","id":"ypjb4qpz12nkia5"},"id":"lpco7whzz0nx07v","previousOperationId":"byup08xe3ynk9ad"}
{"type":"log","timestamp":1766941276802,"level":"info","message":"Rendering anonymous template { recipe: pptx, engine: handlebars }","meta":{"rootId":"ypjb4qpz12nkia5","id":"ypjb4qpz12nkia5"},"id":"388ctcty10vrlv8","previousOperationId":"byup08xe3ynk9ad"}
{"type":"log","timestamp":1766941276802,"level":"debug","message":"Inline data specified.","meta":{"rootId":"ypjb4qpz12nkia5","id":"ypjb4qpz12nkia5"},"id":"y1j5mc32t7w6hfx","previousOperationId":"byup08xe3ynk9ad"}
{"type":"log","timestamp":1766941276806,"level":"debug","message":"Base url not specified, skipping its injection.","meta":{"rootId":"ypjb4qpz12nkia5","id":"ypjb4qpz12nkia5"},"id":"cyimiu7bbuylwkf","previousOperationId":"byup08xe3ynk9ad"}
{"type":"operationStart","subtype":"engine","name":"handlebars","timestamp":1766941276807,"id":"djf3tqgsglz990a","previousEventId":"5kzudkc1sut8fxj","operationId":"375dbowkabrlcua","previousOperationId":"byup08xe3ynk9ad"}
{"type":"log","timestamp":1766941276807,"level":"debug","message":"Rendering engine handlebars","meta":{"rootId":"ypjb4qpz12nkia5","id":"ypjb4qpz12nkia5"},"id":"vskcla4kzg9p5l8","previousOperationId":"375dbowkabrlcua"}
{"type":"operationEnd","operationId":"375dbowkabrlcua","timestamp":1766941276837,"id":"eua5zu29fdsn368","previousEventId":"djf3tqgsglz990a","previousOperationId":"375dbowkabrlcua"}
{"type":"operationStart","subtype":"recipe","name":"pptx","timestamp":1766941276837,"id":"jpi8852wuwcft8d","previousEventId":"eua5zu29fdsn368","operationId":"uifhgy9h6xc0b68","previousOperationId":"375dbowkabrlcua"}
{"type":"log","timestamp":1766941276837,"level":"debug","message":"Executing recipe pptx","meta":{"rootId":"ypjb4qpz12nkia5","id":"ypjb4qpz12nkia5"},"id":"r5gmxdc6r8s3ms6","previousOperationId":"uifhgy9h6xc0b68"}
{"type":"log","timestamp":1766941276856,"level":"info","message":"pptx generation is starting","meta":{"rootId":"ypjb4qpz12nkia5","id":"ypjb4qpz12nkia5"},"id":"jogxbp8d5d82zp2","previousOperationId":"uifhgy9h6xc0b68"}
{"type":"log","timestamp":1766941278555,"level":"debug","message":"Starting child request to render pptx dynamic parts","meta":{"rootId":"ypjb4qpz12nkia5","id":"ypjb4qpz12nkia5"},"id":"wakmpu4n9t8dcv9","previousOperationId":"uifhgy9h6xc0b68"}
{"type":"operationStart","subtype":"render","name":"anonymous","previousOperationId":"uifhgy9h6xc0b68","timestamp":1766941278555,"id":"lq9a8awnr7zzxdz","previousEventId":"jpi8852wuwcft8d","operationId":"0g3tw6u14c3dlvb"}
{"type":"log","timestamp":1766941278556,"level":"info","message":"Starting rendering (child) request","meta":{"rootId":"ypjb4qpz12nkia5","id":"3rntkhmi3w3ljyc"},"id":"vwye1m069rqrnxy","previousOperationId":"0g3tw6u14c3dlvb"}
{"type":"log","timestamp":1766941278556,"level":"info","message":"Rendering anonymous template { recipe: html, engine: handlebars }","meta":{"rootId":"ypjb4qpz12nkia5","id":"3rntkhmi3w3ljyc"},"id":"rukvwjh073vpgj5","previousOperationId":"0g3tw6u14c3dlvb"}
{"type":"log","timestamp":1766941278556,"level":"debug","message":"Inline data specified.","meta":{"rootId":"ypjb4qpz12nkia5","id":"3rntkhmi3w3ljyc"},"id":"jz04mrk4rxfq6x1","previousOperationId":"0g3tw6u14c3dlvb"}
{"type":"log","timestamp":1766941278562,"level":"debug","message":"Base url not specified, skipping its injection.","meta":{"rootId":"ypjb4qpz12nkia5","id":"3rntkhmi3w3ljyc"},"id":"j0rdblytj55nmkc","previousOperationId":"0g3tw6u14c3dlvb"}
{"type":"operationStart","subtype":"engine","name":"handlebars","timestamp":1766941278565,"id":"4ahf1u6hy4tem2e","previousEventId":"lq9a8awnr7zzxdz","operationId":"j5ykyubwnxlcal8","previousOperationId":"0g3tw6u14c3dlvb"}
{"type":"log","timestamp":1766941278565,"level":"debug","message":"Rendering engine handlebars","meta":{"rootId":"ypjb4qpz12nkia5","id":"3rntkhmi3w3ljyc"},"id":"7xa9re0izf4yiz9","previousOperationId":"j5ykyubwnxlcal8"}
{"type":"log","timestamp":1766941278745,"level":"debug","message":"(console:log) {\n  type: 'echarts@v5a',\n  width: 848,\n  height: 409,\n  option: { radar: [ [Object] ], series: [ [Object] ] }\n}","meta":{"userLevel":true,"rootId":"ypjb4qpz12nkia5","id":"3rntkhmi3w3ljyc"},"id":"bq6esjjg8h14r3u","previousOperationId":"j5ykyubwnxlcal8"}
{"type":"operationEnd","operationId":"j5ykyubwnxlcal8","timestamp":1766941278756,"id":"qto3osardezwzqj","previousEventId":"4ahf1u6hy4tem2e","previousOperationId":"j5ykyubwnxlcal8"}
{"type":"operationStart","subtype":"recipe","name":"html","timestamp":1766941278773,"id":"v2ez6nsirom65ll","previousEventId":"qto3osardezwzqj","operationId":"rv2w49eqhbca95s","previousOperationId":"j5ykyubwnxlcal8"}
{"type":"log","timestamp":1766941278773,"level":"debug","message":"Executing recipe html","meta":{"rootId":"ypjb4qpz12nkia5","id":"3rntkhmi3w3ljyc"},"id":"g7gw1i0c9lq9x73","previousOperationId":"rv2w49eqhbca95s"}
{"type":"operationEnd","operationId":"rv2w49eqhbca95s","timestamp":1766941278773,"id":"fjxa7qr160u4jjx","previousEventId":"v2ez6nsirom65ll","previousOperationId":"rv2w49eqhbca95s"}
{"type":"log","timestamp":1766941278773,"level":"debug","message":"Skipping storing report.","meta":{"rootId":"ypjb4qpz12nkia5","id":"3rntkhmi3w3ljyc"},"id":"smixypxo316rdh5","previousOperationId":"rv2w49eqhbca95s"}
{"type":"log","timestamp":1766941278774,"level":"info","message":"Rendering (child) request finished in 2038 ms","meta":{"rootId":"ypjb4qpz12nkia5","id":"3rntkhmi3w3ljyc"},"id":"h3asnst3qan1i3c","previousOperationId":"rv2w49eqhbca95s"}
{"type":"operationEnd","subtype":"render","operationId":"0g3tw6u14c3dlvb","timestamp":1766941278774,"id":"v5b5pccr7ak93yt","previousEventId":"fjxa7qr160u4jjx","previousOperationId":"rv2w49eqhbca95s"}
{"type":"log","timestamp":1766941284741,"level":"debug","message":"pptx successfully zipped","meta":{"rootId":"ypjb4qpz12nkia5","id":"ypjb4qpz12nkia5"},"id":"4p8xiqhic9bbgst","previousOperationId":"uifhgy9h6xc0b68"}
{"type":"log","timestamp":1766941284742,"level":"info","message":"pptx generation was finished","meta":{"rootId":"ypjb4qpz12nkia5","id":"ypjb4qpz12nkia5"},"id":"kfjizvsv3spq6h9","previousOperationId":"uifhgy9h6xc0b68"}
{"type":"operationEnd","operationId":"uifhgy9h6xc0b68","timestamp":1766941284754,"id":"id6moqs16sgsllk","previousEventId":"jpi8852wuwcft8d","previousOperationId":"uifhgy9h6xc0b68"}
{"type":"log","timestamp":1766941284754,"level":"debug","message":"Skipping storing report.","meta":{"rootId":"ypjb4qpz12nkia5","id":"ypjb4qpz12nkia5"},"id":"ycbr2afhrjvmkp6","previousOperationId":"uifhgy9h6xc0b68"}
{"type":"log","timestamp":1766941284754,"level":"info","message":"Rendering request 4 finished in 8018 ms","meta":{"rootId":"ypjb4qpz12nkia5","id":"ypjb4qpz12nkia5"},"id":"zgubaoq1e9dqdzp","previousOperationId":"uifhgy9h6xc0b68"}
{"type":"operationEnd","subtype":"render","operationId":"byup08xe3ynk9ad","timestamp":1766941284754,"id":"qngmcqrcp1e6y58","previousEventId":"id6moqs16sgsllk","previousOperationId":"uifhgy9h6xc0b68"}
{"type":"operationEnd","doDiffs":false,"previousEventId":"nmknoyyymqn7g55","previousOperationId":"uoqrqr51c3achgk","operationId":"uoqrqr51c3achgk","timestamp":1766941284759,"id":"baevigb3a0208y6"}
