{"type":"operationStart","subtype":"profile","data":{"_id":"69SnabfSiCe2L0AQ","timestamp":"2025-12-28T13:27:17.738Z","state":"running","mode":"standard","creationDate":"2025-12-28T13:27:17.746Z","modificationDate":"2025-12-28T13:27:17.746Z","shortid":"LQka3RL","$entitySet":"profiles","timeout":60000},"doDiffs":false,"timestamp":1766928437742,"id":"swec9k5slhodumn","previousOperationId":null,"operationId":"5fzolmgj7ynxpyk"}
{"type":"log","level":"info","message":"Render request 9 queued for execution and waiting for available worker","previousOperationId":"5fzolmgj7ynxpyk","timestamp":1766928437742,"id":"49e5hj2ovtdwh21"}
{"type":"operationStart","subtype":"render","name":"anonymous","previousOperationId":"5fzolmgj7ynxpyk","timestamp":1766928437794,"id":"l6v1edcp74dnv6z","previousEventId":"swec9k5slhodumn","operationId":"u82eek0tazco9nv"}
{"type":"log","timestamp":1766928437795,"level":"info","message":"Starting rendering request 9","meta":{"rootId":"ypm04i3e19w1gso","id":"ypm04i3e19w1gso"},"id":"r6vm60r8e614fsr","previousOperationId":"u82eek0tazco9nv"}
{"type":"log","timestamp":1766928437795,"level":"info","message":"Rendering anonymous template { recipe: pptx, engine: handlebars }","meta":{"rootId":"ypm04i3e19w1gso","id":"ypm04i3e19w1gso"},"id":"lt37hff6d08q52n","previousOperationId":"u82eek0tazco9nv"}
{"type":"log","timestamp":1766928437795,"level":"debug","message":"Inline data specified.","meta":{"rootId":"ypm04i3e19w1gso","id":"ypm04i3e19w1gso"},"id":"mr2xa7dirg3ifrf","previousOperationId":"u82eek0tazco9nv"}
{"type":"log","timestamp":1766928437798,"level":"debug","message":"Base url not specified, skipping its injection.","meta":{"rootId":"ypm04i3e19w1gso","id":"ypm04i3e19w1gso"},"id":"m3p8rbyhzqjqqxi","previousOperationId":"u82eek0tazco9nv"}
{"type":"operationStart","subtype":"engine","name":"handlebars","timestamp":1766928437799,"id":"soekgkdilqotx0l","previousEventId":"l6v1edcp74dnv6z","operationId":"0si0cmv91uv85g5","previousOperationId":"u82eek0tazco9nv"}
{"type":"log","timestamp":1766928437799,"level":"debug","message":"Rendering engine handlebars","meta":{"rootId":"ypm04i3e19w1gso","id":"ypm04i3e19w1gso"},"id":"h3baomuzr1e46tt","previousOperationId":"0si0cmv91uv85g5"}
{"type":"operationEnd","operationId":"0si0cmv91uv85g5","timestamp":1766928437812,"id":"xgdyz6m5qxemuva","previousEventId":"soekgkdilqotx0l","previousOperationId":"0si0cmv91uv85g5"}
{"type":"operationStart","subtype":"recipe","name":"pptx","timestamp":1766928437812,"id":"05caex5kq96c59w","previousEventId":"xgdyz6m5qxemuva","operationId":"4vmehkcc7qd616a","previousOperationId":"0si0cmv91uv85g5"}
{"type":"log","timestamp":1766928437812,"level":"debug","message":"Executing recipe pptx","meta":{"rootId":"ypm04i3e19w1gso","id":"ypm04i3e19w1gso"},"id":"we6zcgn7tj8b6yg","previousOperationId":"4vmehkcc7qd616a"}
{"type":"log","timestamp":1766928437830,"level":"info","message":"pptx generation is starting","meta":{"rootId":"ypm04i3e19w1gso","id":"ypm04i3e19w1gso"},"id":"hjfgp2t9cskmvut","previousOperationId":"4vmehkcc7qd616a"}
{"type":"log","timestamp":1766928438866,"level":"debug","message":"Starting child request to render pptx dynamic parts","meta":{"rootId":"ypm04i3e19w1gso","id":"ypm04i3e19w1gso"},"id":"cafiaqrtvhmnyl3","previousOperationId":"4vmehkcc7qd616a"}
{"type":"operationStart","subtype":"render","name":"anonymous","previousOperationId":"4vmehkcc7qd616a","timestamp":1766928438867,"id":"ritxcml7l1ssmrr","previousEventId":"05caex5kq96c59w","operationId":"lrpt5us9iryoqez"}
{"type":"log","timestamp":1766928438867,"level":"info","message":"Starting rendering (child) request","meta":{"rootId":"ypm04i3e19w1gso","id":"aw8pgj5yi3w0ind"},"id":"ujmm4lssakld0z6","previousOperationId":"lrpt5us9iryoqez"}
{"type":"log","timestamp":1766928438867,"level":"info","message":"Rendering anonymous template { recipe: html, engine: handlebars }","meta":{"rootId":"ypm04i3e19w1gso","id":"aw8pgj5yi3w0ind"},"id":"7wl30rd6tp8qidy","previousOperationId":"lrpt5us9iryoqez"}
{"type":"log","timestamp":1766928438867,"level":"debug","message":"Inline data specified.","meta":{"rootId":"ypm04i3e19w1gso","id":"aw8pgj5yi3w0ind"},"id":"hyebyq4p16k0hyp","previousOperationId":"lrpt5us9iryoqez"}
{"type":"log","timestamp":1766928438872,"level":"debug","message":"Base url not specified, skipping its injection.","meta":{"rootId":"ypm04i3e19w1gso","id":"aw8pgj5yi3w0ind"},"id":"gq05nbe1e6mb5v7","previousOperationId":"lrpt5us9iryoqez"}
{"type":"operationStart","subtype":"engine","name":"handlebars","timestamp":1766928438874,"id":"d2k4rk42lwtmw1j","previousEventId":"ritxcml7l1ssmrr","operationId":"25rlgy2uztxzfw9","previousOperationId":"lrpt5us9iryoqez"}
{"type":"log","timestamp":1766928438874,"level":"debug","message":"Rendering engine handlebars","meta":{"rootId":"ypm04i3e19w1gso","id":"aw8pgj5yi3w0ind"},"id":"hg9fvx9jfpu3pup","previousOperationId":"25rlgy2uztxzfw9"}
{"type":"log","timestamp":1766928438977,"level":"debug","message":"(console:log) {\n  type: 'echarts@v5a',\n  width: 848,\n  height: 409,\n  option: { radar: [ [Object] ], series: [ [Object] ] }\n}","meta":{"userLevel":true,"rootId":"ypm04i3e19w1gso","id":"aw8pgj5yi3w0ind"},"id":"9souvvl0b6wunhv","previousOperationId":"25rlgy2uztxzfw9"}
{"type":"operationEnd","operationId":"25rlgy2uztxzfw9","timestamp":1766928438983,"id":"6qa26p0zt8831mk","previousEventId":"d2k4rk42lwtmw1j","previousOperationId":"25rlgy2uztxzfw9"}
{"type":"operationStart","subtype":"recipe","name":"html","timestamp":1766928438990,"id":"4a5vqd5uulhobb2","previousEventId":"6qa26p0zt8831mk","operationId":"gekdlbfpzptri7u","previousOperationId":"25rlgy2uztxzfw9"}
{"type":"log","timestamp":1766928438990,"level":"debug","message":"Executing recipe html","meta":{"rootId":"ypm04i3e19w1gso","id":"aw8pgj5yi3w0ind"},"id":"exi26h3ufqe621v","previousOperationId":"gekdlbfpzptri7u"}
{"type":"operationEnd","operationId":"gekdlbfpzptri7u","timestamp":1766928438990,"id":"38cu67elyzoyfir","previousEventId":"4a5vqd5uulhobb2","previousOperationId":"gekdlbfpzptri7u"}
{"type":"log","timestamp":1766928438990,"level":"debug","message":"Skipping storing report.","meta":{"rootId":"ypm04i3e19w1gso","id":"aw8pgj5yi3w0ind"},"id":"8b6gv8dvenyg4rp","previousOperationId":"gekdlbfpzptri7u"}
{"type":"log","timestamp":1766928438990,"level":"info","message":"Rendering (child) request finished in 1254 ms","meta":{"rootId":"ypm04i3e19w1gso","id":"aw8pgj5yi3w0ind"},"id":"h3jpbp0rui8jfc7","previousOperationId":"gekdlbfpzptri7u"}
{"type":"operationEnd","subtype":"render","operationId":"lrpt5us9iryoqez","timestamp":1766928438990,"id":"2bzdjmz9l4u2mmp","previousEventId":"38cu67elyzoyfir","previousOperationId":"gekdlbfpzptri7u"}
{"type":"log","timestamp":1766928442030,"level":"debug","message":"pptx successfully zipped","meta":{"rootId":"ypm04i3e19w1gso","id":"ypm04i3e19w1gso"},"id":"kn2j45of4h8azen","previousOperationId":"4vmehkcc7qd616a"}
{"type":"log","timestamp":1766928442030,"level":"info","message":"pptx generation was finished","meta":{"rootId":"ypm04i3e19w1gso","id":"ypm04i3e19w1gso"},"id":"5at6rgaq2e9aoc7","previousOperationId":"4vmehkcc7qd616a"}
{"type":"operationEnd","operationId":"4vmehkcc7qd616a","timestamp":1766928442040,"id":"a24kqfyei9c7nfm","previousEventId":"05caex5kq96c59w","previousOperationId":"4vmehkcc7qd616a"}
{"type":"log","timestamp":1766928442040,"level":"debug","message":"Skipping storing report.","meta":{"rootId":"ypm04i3e19w1gso","id":"ypm04i3e19w1gso"},"id":"o74vu2wsf92n8ze","previousOperationId":"4vmehkcc7qd616a"}
{"type":"log","timestamp":1766928442040,"level":"info","message":"Rendering request 9 finished in 4304 ms","meta":{"rootId":"ypm04i3e19w1gso","id":"ypm04i3e19w1gso"},"id":"11k0qdqx35c2byg","previousOperationId":"4vmehkcc7qd616a"}
{"type":"operationEnd","subtype":"render","operationId":"u82eek0tazco9nv","timestamp":1766928442040,"id":"lb66g1o2nnffgkr","previousEventId":"a24kqfyei9c7nfm","previousOperationId":"4vmehkcc7qd616a"}
{"type":"operationEnd","doDiffs":false,"previousEventId":"swec9k5slhodumn","previousOperationId":"5fzolmgj7ynxpyk","operationId":"5fzolmgj7ynxpyk","timestamp":1766928442044,"id":"v96d0102ph0wfhm"}
