{"type":"operationStart","subtype":"profile","data":{"_id":"QH7pBMxixnPVtLmi","timestamp":"2025-12-30T20:31:45.095Z","state":"running","mode":"standard","creationDate":"2025-12-30T20:31:45.101Z","modificationDate":"2025-12-30T20:31:45.101Z","shortid":"mBlquOO","$entitySet":"profiles","timeout":60000},"doDiffs":false,"timestamp":1767126705099,"id":"tjwe9cr9wxpv10g","previousOperationId":null,"operationId":"g42as7aih6dd56u"}
{"type":"log","level":"info","message":"Render request 14 queued for execution and waiting for available worker","previousOperationId":"g42as7aih6dd56u","timestamp":1767126705099,"id":"m3cwl2p9t9kyqrr"}
{"type":"operationStart","subtype":"render","name":"anonymous","previousOperationId":"g42as7aih6dd56u","timestamp":1767126705179,"id":"tut9dukeowz9nas","previousEventId":"tjwe9cr9wxpv10g","operationId":"mfv2ddactqbgzyh"}
{"type":"log","timestamp":1767126705179,"level":"info","message":"Starting rendering request 14","meta":{"rootId":"yslvo1epwz6ez38","id":"yslvo1epwz6ez38"},"id":"9rb2b0lrpe3b77k","previousOperationId":"mfv2ddactqbgzyh"}
{"type":"log","timestamp":1767126705180,"level":"info","message":"Rendering anonymous template { recipe: pptx, engine: handlebars }","meta":{"rootId":"yslvo1epwz6ez38","id":"yslvo1epwz6ez38"},"id":"zhgvkcs8b8hkp7l","previousOperationId":"mfv2ddactqbgzyh"}
{"type":"log","timestamp":1767126705180,"level":"debug","message":"Inline data specified.","meta":{"rootId":"yslvo1epwz6ez38","id":"yslvo1epwz6ez38"},"id":"jsxwi2vpoutna7r","previousOperationId":"mfv2ddactqbgzyh"}
{"type":"log","timestamp":1767126705188,"level":"debug","message":"Base url not specified, skipping its injection.","meta":{"rootId":"yslvo1epwz6ez38","id":"yslvo1epwz6ez38"},"id":"7h95fofenj3bq9u","previousOperationId":"mfv2ddactqbgzyh"}
{"type":"operationStart","subtype":"engine","name":"handlebars","timestamp":1767126705188,"id":"j22l43qn2ii58md","previousEventId":"tut9dukeowz9nas","operationId":"7j5v3x4zvcal4yj","previousOperationId":"mfv2ddactqbgzyh"}
{"type":"log","timestamp":1767126705189,"level":"debug","message":"Rendering engine handlebars","meta":{"rootId":"yslvo1epwz6ez38","id":"yslvo1epwz6ez38"},"id":"wftwug921uft2gw","previousOperationId":"7j5v3x4zvcal4yj"}
{"type":"operationEnd","operationId":"7j5v3x4zvcal4yj","timestamp":1767126705208,"id":"9vrf0f3w0jxpijq","previousEventId":"j22l43qn2ii58md","previousOperationId":"7j5v3x4zvcal4yj"}
{"type":"operationStart","subtype":"recipe","name":"pptx","timestamp":1767126705208,"id":"q1zwfgbac3v3dcd","previousEventId":"9vrf0f3w0jxpijq","operationId":"3x9douwfwpme0hk","previousOperationId":"7j5v3x4zvcal4yj"}
{"type":"log","timestamp":1767126705208,"level":"debug","message":"Executing recipe pptx","meta":{"rootId":"yslvo1epwz6ez38","id":"yslvo1epwz6ez38"},"id":"u25fjstvtcdqw0q","previousOperationId":"3x9douwfwpme0hk"}
{"type":"log","timestamp":1767126705236,"level":"info","message":"pptx generation is starting","meta":{"rootId":"yslvo1epwz6ez38","id":"yslvo1epwz6ez38"},"id":"m0hu1iqdpb1hii2","previousOperationId":"3x9douwfwpme0hk"}
{"type":"log","timestamp":1767126706501,"level":"debug","message":"Starting child request to render pptx dynamic parts","meta":{"rootId":"yslvo1epwz6ez38","id":"yslvo1epwz6ez38"},"id":"qy2xyk9n1srqvqn","previousOperationId":"3x9douwfwpme0hk"}
{"type":"operationStart","subtype":"render","name":"anonymous","previousOperationId":"3x9douwfwpme0hk","timestamp":1767126706502,"id":"0f0z603lh3ktx9c","previousEventId":"q1zwfgbac3v3dcd","operationId":"rzrwi4fek4nhyqq"}
{"type":"log","timestamp":1767126706502,"level":"info","message":"Starting rendering (child) request","meta":{"rootId":"yslvo1epwz6ez38","id":"gpucr9ztg1i1ik4"},"id":"a08e6cpguxy0g8j","previousOperationId":"rzrwi4fek4nhyqq"}
{"type":"log","timestamp":1767126706502,"level":"info","message":"Rendering anonymous template { recipe: html, engine: handlebars }","meta":{"rootId":"yslvo1epwz6ez38","id":"gpucr9ztg1i1ik4"},"id":"5ijymvechc9ai1w","previousOperationId":"rzrwi4fek4nhyqq"}
{"type":"log","timestamp":1767126706502,"level":"debug","message":"Inline data specified.","meta":{"rootId":"yslvo1epwz6ez38","id":"gpucr9ztg1i1ik4"},"id":"hcl8de9yqfeoadv","previousOperationId":"rzrwi4fek4nhyqq"}
{"type":"log","timestamp":1767126706508,"level":"debug","message":"Base url not specified, skipping its injection.","meta":{"rootId":"yslvo1epwz6ez38","id":"gpucr9ztg1i1ik4"},"id":"nntzc18dnl62iqs","previousOperationId":"rzrwi4fek4nhyqq"}
{"type":"operationStart","subtype":"engine","name":"handlebars","timestamp":1767126706509,"id":"uq7s5hsr66nbkr3","previousEventId":"0f0z603lh3ktx9c","operationId":"la8myqmf4zn3nk7","previousOperationId":"rzrwi4fek4nhyqq"}
{"type":"log","timestamp":1767126706509,"level":"debug","message":"Rendering engine handlebars","meta":{"rootId":"yslvo1epwz6ez38","id":"gpucr9ztg1i1ik4"},"id":"q4oqfurkoiqlqau","previousOperationId":"la8myqmf4zn3nk7"}
{"type":"log","timestamp":1767126706632,"level":"debug","message":"(console:log) {\n  type: 'echarts@v5a',\n  width: 848,\n  height: 409,\n  option: { radar: [ [Object] ], series: [ [Object] ] }\n}","meta":{"userLevel":true,"rootId":"yslvo1epwz6ez38","id":"gpucr9ztg1i1ik4"},"id":"gnyfxrpy85jf0zs","previousOperationId":"la8myqmf4zn3nk7"}
{"type":"operationEnd","operationId":"la8myqmf4zn3nk7","timestamp":1767126706641,"id":"n8jfh4vln405z3b","previousEventId":"uq7s5hsr66nbkr3","previousOperationId":"la8myqmf4zn3nk7"}
{"type":"operationStart","subtype":"recipe","name":"html","timestamp":1767126706654,"id":"xq91wmutu7pfctb","previousEventId":"n8jfh4vln405z3b","operationId":"jrpmpvedj3kkj2m","previousOperationId":"la8myqmf4zn3nk7"}
{"type":"log","timestamp":1767126706654,"level":"debug","message":"Executing recipe html","meta":{"rootId":"yslvo1epwz6ez38","id":"gpucr9ztg1i1ik4"},"id":"l2jzowcagl1oxdu","previousOperationId":"jrpmpvedj3kkj2m"}
{"type":"operationEnd","operationId":"jrpmpvedj3kkj2m","timestamp":1767126706654,"id":"3bkar7qbb53vd4c","previousEventId":"xq91wmutu7pfctb","previousOperationId":"jrpmpvedj3kkj2m"}
{"type":"log","timestamp":1767126706654,"level":"debug","message":"Skipping storing report.","meta":{"rootId":"yslvo1epwz6ez38","id":"gpucr9ztg1i1ik4"},"id":"nco7ht3l8yzaav7","previousOperationId":"jrpmpvedj3kkj2m"}
{"type":"log","timestamp":1767126706654,"level":"info","message":"Rendering (child) request finished in 1560 ms","meta":{"rootId":"yslvo1epwz6ez38","id":"gpucr9ztg1i1ik4"},"id":"ssc8nubsptl151d","previousOperationId":"jrpmpvedj3kkj2m"}
{"type":"operationEnd","subtype":"render","operationId":"rzrwi4fek4nhyqq","timestamp":1767126706654,"id":"x12rdwi3lfa36zd","previousEventId":"3bkar7qbb53vd4c","previousOperationId":"jrpmpvedj3kkj2m"}
{"type":"log","timestamp":1767126710195,"level":"debug","message":"pptx successfully zipped","meta":{"rootId":"yslvo1epwz6ez38","id":"yslvo1epwz6ez38"},"id":"d51poa6xxckznqg","previousOperationId":"3x9douwfwpme0hk"}
{"type":"log","timestamp":1767126710195,"level":"info","message":"pptx generation was finished","meta":{"rootId":"yslvo1epwz6ez38","id":"yslvo1epwz6ez38"},"id":"5a355f485na6vbi","previousOperationId":"3x9douwfwpme0hk"}
{"type":"operationEnd","operationId":"3x9douwfwpme0hk","timestamp":1767126710203,"id":"zkev2prdy9oozcc","previousEventId":"q1zwfgbac3v3dcd","previousOperationId":"3x9douwfwpme0hk"}
{"type":"log","timestamp":1767126710203,"level":"debug","message":"Skipping storing report.","meta":{"rootId":"yslvo1epwz6ez38","id":"yslvo1epwz6ez38"},"id":"luaglsz2jzs8npu","previousOperationId":"3x9douwfwpme0hk"}
{"type":"log","timestamp":1767126710203,"level":"info","message":"Rendering request 14 finished in 5109 ms","meta":{"rootId":"yslvo1epwz6ez38","id":"yslvo1epwz6ez38"},"id":"upxeqi4j1o5owgo","previousOperationId":"3x9douwfwpme0hk"}
{"type":"operationEnd","subtype":"render","operationId":"mfv2ddactqbgzyh","timestamp":1767126710203,"id":"7djk52rgcrlqilj","previousEventId":"zkev2prdy9oozcc","previousOperationId":"3x9douwfwpme0hk"}
{"type":"operationEnd","doDiffs":false,"previousEventId":"tjwe9cr9wxpv10g","previousOperationId":"g42as7aih6dd56u","operationId":"g42as7aih6dd56u","timestamp":1767126710207,"id":"vxtdp4komlmhdo7"}
