{"type":"operationStart","subtype":"profile","data":{"_id":"QH4MiPtqHupcpo0o","timestamp":"2025-12-30T19:05:05.087Z","state":"running","mode":"standard","creationDate":"2025-12-30T19:05:05.092Z","modificationDate":"2025-12-30T19:05:05.092Z","shortid":"sjMjdJr","$entitySet":"profiles","timeout":60000},"doDiffs":false,"timestamp":1767121505090,"id":"2acu2d9f8w8be4o","previousOperationId":null,"operationId":"2bo3a6w54njhak9"}
{"type":"log","level":"info","message":"Render request 19 queued for execution and waiting for available worker","previousOperationId":"2bo3a6w54njhak9","timestamp":1767121505091,"id":"3lf37dcisj3bsjr"}
{"type":"operationStart","subtype":"render","name":"anonymous","previousOperationId":"2bo3a6w54njhak9","timestamp":1767121505162,"id":"9kf7x3zvk7076t9","previousEventId":"2acu2d9f8w8be4o","operationId":"anpy217x7knpsjl"}
{"type":"log","timestamp":1767121505162,"level":"info","message":"Starting rendering request 19","meta":{"rootId":"yy7eume8eeqem3x","id":"yy7eume8eeqem3x"},"id":"g7qqawjhh2r1nwv","previousOperationId":"anpy217x7knpsjl"}
{"type":"log","timestamp":1767121505162,"level":"info","message":"Rendering anonymous template { recipe: pptx, engine: handlebars }","meta":{"rootId":"yy7eume8eeqem3x","id":"yy7eume8eeqem3x"},"id":"2wb9ledafmsu0db","previousOperationId":"anpy217x7knpsjl"}
{"type":"log","timestamp":1767121505162,"level":"debug","message":"Inline data specified.","meta":{"rootId":"yy7eume8eeqem3x","id":"yy7eume8eeqem3x"},"id":"rfto97bz5bl5w3v","previousOperationId":"anpy217x7knpsjl"}
{"type":"log","timestamp":1767121505164,"level":"debug","message":"Base url not specified, skipping its injection.","meta":{"rootId":"yy7eume8eeqem3x","id":"yy7eume8eeqem3x"},"id":"nlb4ik44ktmj08w","previousOperationId":"anpy217x7knpsjl"}
{"type":"operationStart","subtype":"engine","name":"handlebars","timestamp":1767121505165,"id":"xddlbai9tqon6fn","previousEventId":"9kf7x3zvk7076t9","operationId":"q55t92np09f29ph","previousOperationId":"anpy217x7knpsjl"}
{"type":"log","timestamp":1767121505165,"level":"debug","message":"Rendering engine handlebars","meta":{"rootId":"yy7eume8eeqem3x","id":"yy7eume8eeqem3x"},"id":"sm5fl43gv3el5bs","previousOperationId":"q55t92np09f29ph"}
{"type":"operationEnd","operationId":"q55t92np09f29ph","timestamp":1767121505181,"id":"po8mis8thlxglmu","previousEventId":"xddlbai9tqon6fn","previousOperationId":"q55t92np09f29ph"}
{"type":"operationStart","subtype":"recipe","name":"pptx","timestamp":1767121505182,"id":"kgzatnzo0u6a9ix","previousEventId":"po8mis8thlxglmu","operationId":"snmv1rp6gy6ncyg","previousOperationId":"q55t92np09f29ph"}
{"type":"log","timestamp":1767121505182,"level":"debug","message":"Executing recipe pptx","meta":{"rootId":"yy7eume8eeqem3x","id":"yy7eume8eeqem3x"},"id":"rt9p6dclrdzxtoz","previousOperationId":"snmv1rp6gy6ncyg"}
{"type":"log","timestamp":1767121505212,"level":"info","message":"pptx generation is starting","meta":{"rootId":"yy7eume8eeqem3x","id":"yy7eume8eeqem3x"},"id":"q4se3gf7apwmvte","previousOperationId":"snmv1rp6gy6ncyg"}
{"type":"log","timestamp":1767121506274,"level":"debug","message":"Starting child request to render pptx dynamic parts","meta":{"rootId":"yy7eume8eeqem3x","id":"yy7eume8eeqem3x"},"id":"cb54cpg464u756k","previousOperationId":"snmv1rp6gy6ncyg"}
{"type":"operationStart","subtype":"render","name":"anonymous","previousOperationId":"snmv1rp6gy6ncyg","timestamp":1767121506274,"id":"b2q4lb76lpwe2qj","previousEventId":"kgzatnzo0u6a9ix","operationId":"m3hx16w5b8yyng1"}
{"type":"log","timestamp":1767121506274,"level":"info","message":"Starting rendering (child) request","meta":{"rootId":"yy7eume8eeqem3x","id":"nnsgsbfv4v7hth7"},"id":"ulqqgotayj62zbk","previousOperationId":"m3hx16w5b8yyng1"}
{"type":"log","timestamp":1767121506274,"level":"info","message":"Rendering anonymous template { recipe: html, engine: handlebars }","meta":{"rootId":"yy7eume8eeqem3x","id":"nnsgsbfv4v7hth7"},"id":"lrgl393ycl8ixdp","previousOperationId":"m3hx16w5b8yyng1"}
{"type":"log","timestamp":1767121506275,"level":"debug","message":"Inline data specified.","meta":{"rootId":"yy7eume8eeqem3x","id":"nnsgsbfv4v7hth7"},"id":"0lkslm3rbl8j1lm","previousOperationId":"m3hx16w5b8yyng1"}
{"type":"log","timestamp":1767121506281,"level":"debug","message":"Base url not specified, skipping its injection.","meta":{"rootId":"yy7eume8eeqem3x","id":"nnsgsbfv4v7hth7"},"id":"gfwn0ys3j3n3vqs","previousOperationId":"m3hx16w5b8yyng1"}
{"type":"operationStart","subtype":"engine","name":"handlebars","timestamp":1767121506283,"id":"hrsprog5cdxo3jl","previousEventId":"b2q4lb76lpwe2qj","operationId":"okc73gl51lejn9a","previousOperationId":"m3hx16w5b8yyng1"}
{"type":"log","timestamp":1767121506283,"level":"debug","message":"Rendering engine handlebars","meta":{"rootId":"yy7eume8eeqem3x","id":"nnsgsbfv4v7hth7"},"id":"yf6bsatc1ogdp15","previousOperationId":"okc73gl51lejn9a"}
{"type":"log","timestamp":1767121506405,"level":"debug","message":"(console:log) {\n  type: 'echarts@v5a',\n  width: 848,\n  height: 409,\n  option: { radar: [ [Object] ], series: [ [Object] ] }\n}","meta":{"userLevel":true,"rootId":"yy7eume8eeqem3x","id":"nnsgsbfv4v7hth7"},"id":"hbtgzow9k4btbep","previousOperationId":"okc73gl51lejn9a"}
{"type":"operationEnd","operationId":"okc73gl51lejn9a","timestamp":1767121506414,"id":"emrf1mb1o7va75o","previousEventId":"hrsprog5cdxo3jl","previousOperationId":"okc73gl51lejn9a"}
{"type":"operationStart","subtype":"recipe","name":"html","timestamp":1767121506427,"id":"mvfez5jta0pvvih","previousEventId":"emrf1mb1o7va75o","operationId":"c8q9qzwqq5q4j7l","previousOperationId":"okc73gl51lejn9a"}
{"type":"log","timestamp":1767121506428,"level":"debug","message":"Executing recipe html","meta":{"rootId":"yy7eume8eeqem3x","id":"nnsgsbfv4v7hth7"},"id":"iijc17vxs7hm9eb","previousOperationId":"c8q9qzwqq5q4j7l"}
{"type":"operationEnd","operationId":"c8q9qzwqq5q4j7l","timestamp":1767121506428,"id":"q273bpxczxcuw7w","previousEventId":"mvfez5jta0pvvih","previousOperationId":"c8q9qzwqq5q4j7l"}
{"type":"log","timestamp":1767121506428,"level":"debug","message":"Skipping storing report.","meta":{"rootId":"yy7eume8eeqem3x","id":"nnsgsbfv4v7hth7"},"id":"fnndde6n0y5ee44","previousOperationId":"c8q9qzwqq5q4j7l"}
{"type":"log","timestamp":1767121506428,"level":"info","message":"Rendering (child) request finished in 1342 ms","meta":{"rootId":"yy7eume8eeqem3x","id":"nnsgsbfv4v7hth7"},"id":"pks0e4o8unlmv68","previousOperationId":"c8q9qzwqq5q4j7l"}
{"type":"operationEnd","subtype":"render","operationId":"m3hx16w5b8yyng1","timestamp":1767121506428,"id":"idgrucx78v4vanr","previousEventId":"q273bpxczxcuw7w","previousOperationId":"c8q9qzwqq5q4j7l"}
{"type":"log","timestamp":1767121509967,"level":"debug","message":"pptx successfully zipped","meta":{"rootId":"yy7eume8eeqem3x","id":"yy7eume8eeqem3x"},"id":"afyenaje96w4l35","previousOperationId":"snmv1rp6gy6ncyg"}
{"type":"log","timestamp":1767121509967,"level":"info","message":"pptx generation was finished","meta":{"rootId":"yy7eume8eeqem3x","id":"yy7eume8eeqem3x"},"id":"z0pinke7jiughlz","previousOperationId":"snmv1rp6gy6ncyg"}
{"type":"operationEnd","operationId":"snmv1rp6gy6ncyg","timestamp":1767121509975,"id":"l9lvadqwk4jrljl","previousEventId":"kgzatnzo0u6a9ix","previousOperationId":"snmv1rp6gy6ncyg"}
{"type":"log","timestamp":1767121509976,"level":"debug","message":"Skipping storing report.","meta":{"rootId":"yy7eume8eeqem3x","id":"yy7eume8eeqem3x"},"id":"wmixibrp3njpdhn","previousOperationId":"snmv1rp6gy6ncyg"}
{"type":"log","timestamp":1767121509976,"level":"info","message":"Rendering request 19 finished in 4890 ms","meta":{"rootId":"yy7eume8eeqem3x","id":"yy7eume8eeqem3x"},"id":"lixsi7f9o2wdveg","previousOperationId":"snmv1rp6gy6ncyg"}
{"type":"operationEnd","subtype":"render","operationId":"anpy217x7knpsjl","timestamp":1767121509976,"id":"e6r4bcpmlydz1qp","previousEventId":"l9lvadqwk4jrljl","previousOperationId":"snmv1rp6gy6ncyg"}
{"type":"operationEnd","doDiffs":false,"previousEventId":"2acu2d9f8w8be4o","previousOperationId":"2bo3a6w54njhak9","operationId":"2bo3a6w54njhak9","timestamp":1767121509979,"id":"9xgq2uufzgrawfq"}
