{"type":"operationStart","subtype":"profile","data":{"_id":"om4Ukkx2ojXoqQeS","timestamp":"2025-12-28T17:35:29.087Z","state":"running","mode":"standard","creationDate":"2025-12-28T17:35:29.096Z","modificationDate":"2025-12-28T17:35:29.096Z","shortid":"049WhpZ","$entitySet":"profiles","timeout":60000},"doDiffs":false,"timestamp":1766943329093,"id":"2fxb7geccagbi4d","previousOperationId":null,"operationId":"cu1hje2t8adsm6a"}
{"type":"log","level":"info","message":"Render request 1 queued for execution and waiting for available worker","previousOperationId":"cu1hje2t8adsm6a","timestamp":1766943329094,"id":"osmk4zsyseezqr4"}
{"type":"operationStart","subtype":"render","name":"anonymous","previousOperationId":"cu1hje2t8adsm6a","timestamp":1766943329178,"id":"7dbyxydbuuca584","previousEventId":"2fxb7geccagbi4d","operationId":"la52ckhw2yc3ps4"}
{"type":"log","timestamp":1766943329180,"level":"info","message":"Starting rendering request 1","meta":{"rootId":"yyvsa1yupk34xd8","id":"yyvsa1yupk34xd8"},"id":"w9kmclpfor01tru","previousOperationId":"la52ckhw2yc3ps4"}
{"type":"log","timestamp":1766943329182,"level":"info","message":"Rendering anonymous template { recipe: pptx, engine: handlebars }","meta":{"rootId":"yyvsa1yupk34xd8","id":"yyvsa1yupk34xd8"},"id":"wi4u1tmbb8e5s2q","previousOperationId":"la52ckhw2yc3ps4"}
{"type":"log","timestamp":1766943329182,"level":"debug","message":"Inline data specified.","meta":{"rootId":"yyvsa1yupk34xd8","id":"yyvsa1yupk34xd8"},"id":"ymkfif2idptscnz","previousOperationId":"la52ckhw2yc3ps4"}
{"type":"log","timestamp":1766943329192,"level":"debug","message":"Base url not specified, skipping its injection.","meta":{"rootId":"yyvsa1yupk34xd8","id":"yyvsa1yupk34xd8"},"id":"opcaqy5ea8ac0x2","previousOperationId":"la52ckhw2yc3ps4"}
{"type":"operationStart","subtype":"engine","name":"handlebars","timestamp":1766943329195,"id":"w9s8xpjsfz4ukox","previousEventId":"7dbyxydbuuca584","operationId":"kppgrut0gqj1w4a","previousOperationId":"la52ckhw2yc3ps4"}
{"type":"log","timestamp":1766943329195,"level":"debug","message":"Rendering engine handlebars","meta":{"rootId":"yyvsa1yupk34xd8","id":"yyvsa1yupk34xd8"},"id":"ycqjqwpy0z9uw8u","previousOperationId":"kppgrut0gqj1w4a"}
{"type":"operationEnd","operationId":"kppgrut0gqj1w4a","timestamp":1766943330492,"id":"0u8rwj5by0m4q7x","previousEventId":"w9s8xpjsfz4ukox","previousOperationId":"kppgrut0gqj1w4a"}
{"type":"operationStart","subtype":"recipe","name":"pptx","timestamp":1766943330493,"id":"pecg9wpes6b7z0f","previousEventId":"0u8rwj5by0m4q7x","operationId":"886b7fkwnfj8ntd","previousOperationId":"kppgrut0gqj1w4a"}
{"type":"log","timestamp":1766943330493,"level":"debug","message":"Executing recipe pptx","meta":{"rootId":"yyvsa1yupk34xd8","id":"yyvsa1yupk34xd8"},"id":"hhwnbgnwcy2detn","previousOperationId":"886b7fkwnfj8ntd"}
{"type":"log","timestamp":1766943330760,"level":"info","message":"pptx generation is starting","meta":{"rootId":"yyvsa1yupk34xd8","id":"yyvsa1yupk34xd8"},"id":"46ewy4qpbe8qi5i","previousOperationId":"886b7fkwnfj8ntd"}
{"type":"log","timestamp":1766943332606,"level":"debug","message":"Starting child request to render pptx dynamic parts","meta":{"rootId":"yyvsa1yupk34xd8","id":"yyvsa1yupk34xd8"},"id":"vepif0k2horxr81","previousOperationId":"886b7fkwnfj8ntd"}
{"type":"operationStart","subtype":"render","name":"anonymous","previousOperationId":"886b7fkwnfj8ntd","timestamp":1766943332608,"id":"tw7vlc0t2tnh4rg","previousEventId":"pecg9wpes6b7z0f","operationId":"bcc58ttjaocmq0g"}
{"type":"log","timestamp":1766943332608,"level":"info","message":"Starting rendering (child) request","meta":{"rootId":"yyvsa1yupk34xd8","id":"22597z69r6g3zh3"},"id":"is5gnknsi514uf3","previousOperationId":"bcc58ttjaocmq0g"}
{"type":"log","timestamp":1766943332608,"level":"info","message":"Rendering anonymous template { recipe: html, engine: handlebars }","meta":{"rootId":"yyvsa1yupk34xd8","id":"22597z69r6g3zh3"},"id":"715kwv8fghmo5qc","previousOperationId":"bcc58ttjaocmq0g"}
{"type":"log","timestamp":1766943332608,"level":"debug","message":"Inline data specified.","meta":{"rootId":"yyvsa1yupk34xd8","id":"22597z69r6g3zh3"},"id":"zqz037ximt0tubp","previousOperationId":"bcc58ttjaocmq0g"}
{"type":"log","timestamp":1766943332615,"level":"debug","message":"Base url not specified, skipping its injection.","meta":{"rootId":"yyvsa1yupk34xd8","id":"22597z69r6g3zh3"},"id":"hiww385fbb2o0wh","previousOperationId":"bcc58ttjaocmq0g"}
{"type":"operationStart","subtype":"engine","name":"handlebars","timestamp":1766943332617,"id":"rf4zft4u9ztug5v","previousEventId":"tw7vlc0t2tnh4rg","operationId":"adso0mil8x4h9he","previousOperationId":"bcc58ttjaocmq0g"}
{"type":"log","timestamp":1766943332617,"level":"debug","message":"Rendering engine handlebars","meta":{"rootId":"yyvsa1yupk34xd8","id":"22597z69r6g3zh3"},"id":"oi6e4an71th7930","previousOperationId":"adso0mil8x4h9he"}
{"type":"log","timestamp":1766943332818,"level":"debug","message":"(console:log) {\n  type: 'echarts@v5a',\n  width: 848,\n  height: 409,\n  option: { radar: [ [Object] ], series: [ [Object] ] }\n}","meta":{"userLevel":true,"rootId":"yyvsa1yupk34xd8","id":"22597z69r6g3zh3"},"id":"i2l77xzqs8zxh99","previousOperationId":"adso0mil8x4h9he"}
{"type":"operationEnd","operationId":"adso0mil8x4h9he","timestamp":1766943332828,"id":"7zn8gtrn0nzbgvn","previousEventId":"rf4zft4u9ztug5v","previousOperationId":"adso0mil8x4h9he"}
{"type":"operationStart","subtype":"recipe","name":"html","timestamp":1766943332847,"id":"ba5ql53kkbowx38","previousEventId":"7zn8gtrn0nzbgvn","operationId":"cgyick5j6qrw576","previousOperationId":"adso0mil8x4h9he"}
{"type":"log","timestamp":1766943332847,"level":"debug","message":"Executing recipe html","meta":{"rootId":"yyvsa1yupk34xd8","id":"22597z69r6g3zh3"},"id":"gqdrw93qj9hjknf","previousOperationId":"cgyick5j6qrw576"}
{"type":"operationEnd","operationId":"cgyick5j6qrw576","timestamp":1766943332848,"id":"4qa94fmnn8thm33","previousEventId":"ba5ql53kkbowx38","previousOperationId":"cgyick5j6qrw576"}
{"type":"log","timestamp":1766943332849,"level":"debug","message":"Skipping storing report.","meta":{"rootId":"yyvsa1yupk34xd8","id":"22597z69r6g3zh3"},"id":"iauimw3rhkrgkac","previousOperationId":"cgyick5j6qrw576"}
{"type":"log","timestamp":1766943332849,"level":"info","message":"Rendering (child) request finished in 3765 ms","meta":{"rootId":"yyvsa1yupk34xd8","id":"22597z69r6g3zh3"},"id":"kajg2xmo1j8cq9y","previousOperationId":"cgyick5j6qrw576"}
{"type":"operationEnd","subtype":"render","operationId":"bcc58ttjaocmq0g","timestamp":1766943332849,"id":"9xlsvnmbgvii9ae","previousEventId":"4qa94fmnn8thm33","previousOperationId":"cgyick5j6qrw576"}
{"type":"log","timestamp":1766943340541,"level":"debug","message":"pptx successfully zipped","meta":{"rootId":"yyvsa1yupk34xd8","id":"yyvsa1yupk34xd8"},"id":"hps7hj0474w0oj7","previousOperationId":"886b7fkwnfj8ntd"}
{"type":"log","timestamp":1766943340541,"level":"info","message":"pptx generation was finished","meta":{"rootId":"yyvsa1yupk34xd8","id":"yyvsa1yupk34xd8"},"id":"u0um4fm6zexunqo","previousOperationId":"886b7fkwnfj8ntd"}
{"type":"operationEnd","operationId":"886b7fkwnfj8ntd","timestamp":1766943340558,"id":"l945o5q5sk7f3yu","previousEventId":"pecg9wpes6b7z0f","previousOperationId":"886b7fkwnfj8ntd"}
{"type":"log","timestamp":1766943340559,"level":"debug","message":"Skipping storing report.","meta":{"rootId":"yyvsa1yupk34xd8","id":"yyvsa1yupk34xd8"},"id":"jh7c33lcz28aea7","previousOperationId":"886b7fkwnfj8ntd"}
{"type":"log","timestamp":1766943340559,"level":"info","message":"Rendering request 1 finished in 11475 ms","meta":{"rootId":"yyvsa1yupk34xd8","id":"yyvsa1yupk34xd8"},"id":"509ht564lk8nu7y","previousOperationId":"886b7fkwnfj8ntd"}
{"type":"operationEnd","subtype":"render","operationId":"la52ckhw2yc3ps4","timestamp":1766943340559,"id":"3yliz8kg5rh3zdn","previousEventId":"l945o5q5sk7f3yu","previousOperationId":"886b7fkwnfj8ntd"}
{"type":"operationEnd","doDiffs":false,"previousEventId":"2fxb7geccagbi4d","previousOperationId":"cu1hje2t8adsm6a","operationId":"cu1hje2t8adsm6a","timestamp":1766943340566,"id":"xtye44rev6gejnz"}
