{"type":"operationStart","subtype":"profile","data":{"_id":"22aaEqoiC32Inl2A","timestamp":"2025-12-07T15:47:23.851Z","state":"running","mode":"standard","creationDate":"2025-12-07T15:47:23.857Z","modificationDate":"2025-12-07T15:47:23.857Z","shortid":"_fRVMnC","$entitySet":"profiles","timeout":60000},"doDiffs":false,"timestamp":1765122443855,"id":"rebz2z22p0c954p","previousOperationId":null,"operationId":"lducekcgilgzcoj"}
{"type":"log","level":"info","message":"Render request 10 queued for execution and waiting for available worker","previousOperationId":"lducekcgilgzcoj","timestamp":1765122443856,"id":"j94xtiib13p46dl"}
{"type":"operationStart","subtype":"render","name":"anonymous","previousOperationId":"lducekcgilgzcoj","timestamp":1765122443900,"id":"mrkilefigvuxdlu","previousEventId":"rebz2z22p0c954p","operationId":"kp7znpi7tss6uus"}
{"type":"log","timestamp":1765122443900,"level":"info","message":"Starting rendering request 10","meta":{"rootId":"z2nnt6hec9jnskq","id":"z2nnt6hec9jnskq"},"id":"419upxllkmze640","previousOperationId":"kp7znpi7tss6uus"}
{"type":"log","timestamp":1765122443901,"level":"info","message":"Rendering anonymous template { recipe: pptx, engine: handlebars }","meta":{"rootId":"z2nnt6hec9jnskq","id":"z2nnt6hec9jnskq"},"id":"ec5bk34msnesz75","previousOperationId":"kp7znpi7tss6uus"}
{"type":"log","timestamp":1765122443901,"level":"debug","message":"Inline data specified.","meta":{"rootId":"z2nnt6hec9jnskq","id":"z2nnt6hec9jnskq"},"id":"881kvb90yeu3vik","previousOperationId":"kp7znpi7tss6uus"}
{"type":"log","timestamp":1765122443904,"level":"debug","message":"Base url not specified, skipping its injection.","meta":{"rootId":"z2nnt6hec9jnskq","id":"z2nnt6hec9jnskq"},"id":"rfm0limpp7v2j67","previousOperationId":"kp7znpi7tss6uus"}
{"type":"operationStart","subtype":"engine","name":"handlebars","timestamp":1765122443905,"id":"1ktln1jewk0yy3s","previousEventId":"mrkilefigvuxdlu","operationId":"u9cvgjgquhpxyvk","previousOperationId":"kp7znpi7tss6uus"}
{"type":"log","timestamp":1765122443905,"level":"debug","message":"Rendering engine handlebars","meta":{"rootId":"z2nnt6hec9jnskq","id":"z2nnt6hec9jnskq"},"id":"u5cqwe8pjv1w4kd","previousOperationId":"u9cvgjgquhpxyvk"}
{"type":"operationEnd","operationId":"u9cvgjgquhpxyvk","timestamp":1765122443980,"id":"oepfe5oo6grbl9h","previousEventId":"1ktln1jewk0yy3s","previousOperationId":"u9cvgjgquhpxyvk"}
{"type":"operationStart","subtype":"recipe","name":"pptx","timestamp":1765122443981,"id":"qzthh4vfsfv8zbp","previousEventId":"oepfe5oo6grbl9h","operationId":"yr14qekx52pctm7","previousOperationId":"u9cvgjgquhpxyvk"}
{"type":"log","timestamp":1765122443981,"level":"debug","message":"Executing recipe pptx","meta":{"rootId":"z2nnt6hec9jnskq","id":"z2nnt6hec9jnskq"},"id":"tnoj2s4bezd91mi","previousOperationId":"yr14qekx52pctm7"}
{"type":"log","timestamp":1765122444002,"level":"info","message":"pptx generation is starting","meta":{"rootId":"z2nnt6hec9jnskq","id":"z2nnt6hec9jnskq"},"id":"rroeopdmwmyxrns","previousOperationId":"yr14qekx52pctm7"}
{"type":"log","timestamp":1765122445106,"level":"debug","message":"Starting child request to render pptx dynamic parts","meta":{"rootId":"z2nnt6hec9jnskq","id":"z2nnt6hec9jnskq"},"id":"kx7r6m9fmve268j","previousOperationId":"yr14qekx52pctm7"}
{"type":"operationStart","subtype":"render","name":"anonymous","previousOperationId":"yr14qekx52pctm7","timestamp":1765122445107,"id":"2hg66zsdwffkx0b","previousEventId":"qzthh4vfsfv8zbp","operationId":"hoiz2z727v6pj27"}
{"type":"log","timestamp":1765122445107,"level":"info","message":"Starting rendering (child) request","meta":{"rootId":"z2nnt6hec9jnskq","id":"vkz6j9renxog6t1"},"id":"s9zm4n4ahy7187o","previousOperationId":"hoiz2z727v6pj27"}
{"type":"log","timestamp":1765122445107,"level":"info","message":"Rendering anonymous template { recipe: html, engine: handlebars }","meta":{"rootId":"z2nnt6hec9jnskq","id":"vkz6j9renxog6t1"},"id":"6moo3bszpsule5z","previousOperationId":"hoiz2z727v6pj27"}
{"type":"log","timestamp":1765122445107,"level":"debug","message":"Inline data specified.","meta":{"rootId":"z2nnt6hec9jnskq","id":"vkz6j9renxog6t1"},"id":"j11rz11u1msghdc","previousOperationId":"hoiz2z727v6pj27"}
{"type":"log","timestamp":1765122445112,"level":"debug","message":"Base url not specified, skipping its injection.","meta":{"rootId":"z2nnt6hec9jnskq","id":"vkz6j9renxog6t1"},"id":"50ohgoztyhq4rg2","previousOperationId":"hoiz2z727v6pj27"}
{"type":"operationStart","subtype":"engine","name":"handlebars","timestamp":1765122445114,"id":"z29u951un7v8pum","previousEventId":"2hg66zsdwffkx0b","operationId":"v3heyiqhvefolqs","previousOperationId":"hoiz2z727v6pj27"}
{"type":"log","timestamp":1765122445114,"level":"debug","message":"Rendering engine handlebars","meta":{"rootId":"z2nnt6hec9jnskq","id":"vkz6j9renxog6t1"},"id":"ufjln9dnyw3oocx","previousOperationId":"v3heyiqhvefolqs"}
{"type":"operationEnd","operationId":"v3heyiqhvefolqs","timestamp":1765122445210,"id":"nhzei3zi51mmkcg","previousEventId":"z29u951un7v8pum","previousOperationId":"v3heyiqhvefolqs"}
{"type":"operationStart","subtype":"recipe","name":"html","timestamp":1765122445219,"id":"1xlrfwt8cgz67j6","previousEventId":"nhzei3zi51mmkcg","operationId":"1wpmlixm7vip8sx","previousOperationId":"v3heyiqhvefolqs"}
{"type":"log","timestamp":1765122445219,"level":"debug","message":"Executing recipe html","meta":{"rootId":"z2nnt6hec9jnskq","id":"vkz6j9renxog6t1"},"id":"1dnaf7san94qo46","previousOperationId":"1wpmlixm7vip8sx"}
{"type":"operationEnd","operationId":"1wpmlixm7vip8sx","timestamp":1765122445219,"id":"lrwenwfu31ydfz7","previousEventId":"1xlrfwt8cgz67j6","previousOperationId":"1wpmlixm7vip8sx"}
{"type":"log","timestamp":1765122445220,"level":"debug","message":"Skipping storing report.","meta":{"rootId":"z2nnt6hec9jnskq","id":"vkz6j9renxog6t1"},"id":"uqi6xmmcdrj86lz","previousOperationId":"1wpmlixm7vip8sx"}
{"type":"log","timestamp":1765122445220,"level":"info","message":"Rendering (child) request finished in 1370 ms","meta":{"rootId":"z2nnt6hec9jnskq","id":"vkz6j9renxog6t1"},"id":"0vv0hrmtpl3ztu5","previousOperationId":"1wpmlixm7vip8sx"}
{"type":"operationEnd","subtype":"render","operationId":"hoiz2z727v6pj27","timestamp":1765122445220,"id":"bm93jjjbw84gyxd","previousEventId":"lrwenwfu31ydfz7","previousOperationId":"1wpmlixm7vip8sx"}
{"type":"log","timestamp":1765122448799,"level":"debug","message":"pptx successfully zipped","meta":{"rootId":"z2nnt6hec9jnskq","id":"z2nnt6hec9jnskq"},"id":"9pmmtze6ta4lh1b","previousOperationId":"yr14qekx52pctm7"}
{"type":"log","timestamp":1765122448799,"level":"info","message":"pptx generation was finished","meta":{"rootId":"z2nnt6hec9jnskq","id":"z2nnt6hec9jnskq"},"id":"x795ukrfwlzgipm","previousOperationId":"yr14qekx52pctm7"}
{"type":"operationEnd","operationId":"yr14qekx52pctm7","timestamp":1765122448808,"id":"i7xnkvclozd5r83","previousEventId":"qzthh4vfsfv8zbp","previousOperationId":"yr14qekx52pctm7"}
{"type":"log","timestamp":1765122448808,"level":"debug","message":"Skipping storing report.","meta":{"rootId":"z2nnt6hec9jnskq","id":"z2nnt6hec9jnskq"},"id":"1uabko5viigkcs1","previousOperationId":"yr14qekx52pctm7"}
{"type":"log","timestamp":1765122448808,"level":"info","message":"Rendering request 10 finished in 4958 ms","meta":{"rootId":"z2nnt6hec9jnskq","id":"z2nnt6hec9jnskq"},"id":"yrciosb84z6rci9","previousOperationId":"yr14qekx52pctm7"}
{"type":"operationEnd","subtype":"render","operationId":"kp7znpi7tss6uus","timestamp":1765122448808,"id":"iu0ekn1e6kkrdf1","previousEventId":"i7xnkvclozd5r83","previousOperationId":"yr14qekx52pctm7"}
{"type":"operationEnd","doDiffs":false,"previousEventId":"rebz2z22p0c954p","previousOperationId":"lducekcgilgzcoj","operationId":"lducekcgilgzcoj","timestamp":1765122448812,"id":"epw43cln9ceg8cl"}
