{"type":"operationStart","subtype":"profile","data":{"_id":"mL0MGvoLjawraVTH","timestamp":"2025-12-26T20:42:35.439Z","state":"running","mode":"standard","creationDate":"2025-12-26T20:42:35.446Z","modificationDate":"2025-12-26T20:42:35.447Z","shortid":"ENjdtO6","$entitySet":"profiles","timeout":60000},"doDiffs":false,"timestamp":1766781755443,"id":"laxafrf5q8all04","previousOperationId":null,"operationId":"zrtq8kwgra8hgy2"}
{"type":"log","level":"info","message":"Render request 1 queued for execution and waiting for available worker","previousOperationId":"zrtq8kwgra8hgy2","timestamp":1766781755444,"id":"a91thlhp18hgkxb"}
{"type":"operationStart","subtype":"render","name":"anonymous","previousOperationId":"zrtq8kwgra8hgy2","timestamp":1766781755525,"id":"e58qfakhw02u2s9","previousEventId":"laxafrf5q8all04","operationId":"y8yl0ywlw04ozqx"}
{"type":"log","timestamp":1766781755527,"level":"info","message":"Starting rendering request 1","meta":{"rootId":"z3yglfxn2bvx813","id":"z3yglfxn2bvx813"},"id":"1bzoncecjm7erob","previousOperationId":"y8yl0ywlw04ozqx"}
{"type":"log","timestamp":1766781755530,"level":"info","message":"Rendering anonymous template { recipe: pptx, engine: handlebars }","meta":{"rootId":"z3yglfxn2bvx813","id":"z3yglfxn2bvx813"},"id":"jfybwgdkuhmqdqb","previousOperationId":"y8yl0ywlw04ozqx"}
{"type":"log","timestamp":1766781755530,"level":"debug","message":"Inline data specified.","meta":{"rootId":"z3yglfxn2bvx813","id":"z3yglfxn2bvx813"},"id":"uq1m0c81vahnjwn","previousOperationId":"y8yl0ywlw04ozqx"}
{"type":"log","timestamp":1766781755541,"level":"debug","message":"Base url not specified, skipping its injection.","meta":{"rootId":"z3yglfxn2bvx813","id":"z3yglfxn2bvx813"},"id":"p4wgmuky2qobz0m","previousOperationId":"y8yl0ywlw04ozqx"}
{"type":"operationStart","subtype":"engine","name":"handlebars","timestamp":1766781755544,"id":"u6ydcgogvtai239","previousEventId":"e58qfakhw02u2s9","operationId":"cw7uzvqslj0ts30","previousOperationId":"y8yl0ywlw04ozqx"}
{"type":"log","timestamp":1766781755544,"level":"debug","message":"Rendering engine handlebars","meta":{"rootId":"z3yglfxn2bvx813","id":"z3yglfxn2bvx813"},"id":"regpv3qsm7gol8g","previousOperationId":"cw7uzvqslj0ts30"}
{"type":"operationEnd","operationId":"cw7uzvqslj0ts30","timestamp":1766781756802,"id":"q3ijuoxy5x853xi","previousEventId":"u6ydcgogvtai239","previousOperationId":"cw7uzvqslj0ts30"}
{"type":"operationStart","subtype":"recipe","name":"pptx","timestamp":1766781756804,"id":"gq27umryv9rfbdy","previousEventId":"q3ijuoxy5x853xi","operationId":"8rfl2mqt4igqh01","previousOperationId":"cw7uzvqslj0ts30"}
{"type":"log","timestamp":1766781756804,"level":"debug","message":"Executing recipe pptx","meta":{"rootId":"z3yglfxn2bvx813","id":"z3yglfxn2bvx813"},"id":"x5exh8vfjgscn9t","previousOperationId":"8rfl2mqt4igqh01"}
{"type":"log","timestamp":1766781757065,"level":"info","message":"pptx generation is starting","meta":{"rootId":"z3yglfxn2bvx813","id":"z3yglfxn2bvx813"},"id":"841n8pwur9t7jq0","previousOperationId":"8rfl2mqt4igqh01"}
{"type":"log","timestamp":1766781758855,"level":"debug","message":"Starting child request to render pptx dynamic parts","meta":{"rootId":"z3yglfxn2bvx813","id":"z3yglfxn2bvx813"},"id":"k200rfsi8m7vtm6","previousOperationId":"8rfl2mqt4igqh01"}
{"type":"operationStart","subtype":"render","name":"anonymous","previousOperationId":"8rfl2mqt4igqh01","timestamp":1766781758857,"id":"1wvimuzz1z16iuo","previousEventId":"gq27umryv9rfbdy","operationId":"jw4ug5gsvbw4574"}
{"type":"log","timestamp":1766781758857,"level":"info","message":"Starting rendering (child) request","meta":{"rootId":"z3yglfxn2bvx813","id":"7fjzt7v8dl57u89"},"id":"lggdx9x6tunjvbb","previousOperationId":"jw4ug5gsvbw4574"}
{"type":"log","timestamp":1766781758857,"level":"info","message":"Rendering anonymous template { recipe: html, engine: handlebars }","meta":{"rootId":"z3yglfxn2bvx813","id":"7fjzt7v8dl57u89"},"id":"4rsyxthniqvx7h9","previousOperationId":"jw4ug5gsvbw4574"}
{"type":"log","timestamp":1766781758857,"level":"debug","message":"Inline data specified.","meta":{"rootId":"z3yglfxn2bvx813","id":"7fjzt7v8dl57u89"},"id":"f334p2kd0ssa2m0","previousOperationId":"jw4ug5gsvbw4574"}
{"type":"log","timestamp":1766781758869,"level":"debug","message":"Base url not specified, skipping its injection.","meta":{"rootId":"z3yglfxn2bvx813","id":"7fjzt7v8dl57u89"},"id":"rg6b3ek8z6uut2c","previousOperationId":"jw4ug5gsvbw4574"}
{"type":"operationStart","subtype":"engine","name":"handlebars","timestamp":1766781758871,"id":"33h1xwqt1ykyixp","previousEventId":"1wvimuzz1z16iuo","operationId":"ozx55pxde252y9o","previousOperationId":"jw4ug5gsvbw4574"}
{"type":"log","timestamp":1766781758871,"level":"debug","message":"Rendering engine handlebars","meta":{"rootId":"z3yglfxn2bvx813","id":"7fjzt7v8dl57u89"},"id":"plsq0nkhpnz8emh","previousOperationId":"ozx55pxde252y9o"}
{"type":"operationEnd","operationId":"ozx55pxde252y9o","timestamp":1766781759051,"id":"ia3y3tbvz1vqbha","previousEventId":"33h1xwqt1ykyixp","previousOperationId":"ozx55pxde252y9o"}
{"type":"operationStart","subtype":"recipe","name":"html","timestamp":1766781759066,"id":"oe90vxpb1km9w7i","previousEventId":"ia3y3tbvz1vqbha","operationId":"5hh4sfo4c83s1e5","previousOperationId":"ozx55pxde252y9o"}
{"type":"log","timestamp":1766781759066,"level":"debug","message":"Executing recipe html","meta":{"rootId":"z3yglfxn2bvx813","id":"7fjzt7v8dl57u89"},"id":"sdyx5atcunn8obd","previousOperationId":"5hh4sfo4c83s1e5"}
{"type":"operationEnd","operationId":"5hh4sfo4c83s1e5","timestamp":1766781759066,"id":"53licau8ll3emgd","previousEventId":"oe90vxpb1km9w7i","previousOperationId":"5hh4sfo4c83s1e5"}
{"type":"log","timestamp":1766781759068,"level":"debug","message":"Skipping storing report.","meta":{"rootId":"z3yglfxn2bvx813","id":"7fjzt7v8dl57u89"},"id":"fjkt2zrn8dgeebu","previousOperationId":"5hh4sfo4c83s1e5"}
{"type":"log","timestamp":1766781759068,"level":"info","message":"Rendering (child) request finished in 3632 ms","meta":{"rootId":"z3yglfxn2bvx813","id":"7fjzt7v8dl57u89"},"id":"jwylofkqvv8dwlw","previousOperationId":"5hh4sfo4c83s1e5"}
{"type":"operationEnd","subtype":"render","operationId":"jw4ug5gsvbw4574","timestamp":1766781759068,"id":"529oa3y88jndv06","previousEventId":"53licau8ll3emgd","previousOperationId":"5hh4sfo4c83s1e5"}
{"type":"log","timestamp":1766781765313,"level":"debug","message":"pptx successfully zipped","meta":{"rootId":"z3yglfxn2bvx813","id":"z3yglfxn2bvx813"},"id":"1itbzk589ini9zb","previousOperationId":"8rfl2mqt4igqh01"}
{"type":"log","timestamp":1766781765314,"level":"info","message":"pptx generation was finished","meta":{"rootId":"z3yglfxn2bvx813","id":"z3yglfxn2bvx813"},"id":"vcowkqenn87fhi3","previousOperationId":"8rfl2mqt4igqh01"}
{"type":"operationEnd","operationId":"8rfl2mqt4igqh01","timestamp":1766781765328,"id":"rggxtingf6w1dx3","previousEventId":"gq27umryv9rfbdy","previousOperationId":"8rfl2mqt4igqh01"}
{"type":"log","timestamp":1766781765328,"level":"debug","message":"Skipping storing report.","meta":{"rootId":"z3yglfxn2bvx813","id":"z3yglfxn2bvx813"},"id":"jcntswg1plvxmpf","previousOperationId":"8rfl2mqt4igqh01"}
{"type":"log","timestamp":1766781765329,"level":"info","message":"Rendering request 1 finished in 9893 ms","meta":{"rootId":"z3yglfxn2bvx813","id":"z3yglfxn2bvx813"},"id":"r4r48wqpxpg9rrl","previousOperationId":"8rfl2mqt4igqh01"}
{"type":"operationEnd","subtype":"render","operationId":"y8yl0ywlw04ozqx","timestamp":1766781765329,"id":"ec7ce5qyo8jioi0","previousEventId":"rggxtingf6w1dx3","previousOperationId":"8rfl2mqt4igqh01"}
{"type":"operationEnd","doDiffs":false,"previousEventId":"laxafrf5q8all04","previousOperationId":"zrtq8kwgra8hgy2","operationId":"zrtq8kwgra8hgy2","timestamp":1766781765335,"id":"1rt5dolofzbmwvz"}
