{"type":"operationStart","subtype":"profile","data":{"_id":"S4pYwJmTBNHbMfpk","timestamp":"2025-12-07T16:07:15.771Z","state":"running","mode":"standard","creationDate":"2025-12-07T16:07:15.774Z","modificationDate":"2025-12-07T16:07:15.774Z","shortid":"BV42HyX","$entitySet":"profiles","timeout":60000},"doDiffs":false,"timestamp":1765123635773,"id":"bsjrva9d573zgyl","previousOperationId":null,"operationId":"hdzggvptuzmrpx5"}
{"type":"log","level":"info","message":"Render request 17 queued for execution and waiting for available worker","previousOperationId":"hdzggvptuzmrpx5","timestamp":1765123635773,"id":"kbqrp1mbdnkahoz"}
{"type":"operationStart","subtype":"render","name":"anonymous","previousOperationId":"hdzggvptuzmrpx5","timestamp":1765123635783,"id":"oxk0sb3mr3lnkj4","previousEventId":"bsjrva9d573zgyl","operationId":"d6l08bkn7vofb8t"}
{"type":"log","timestamp":1765123635784,"level":"info","message":"Starting rendering request 17","meta":{"rootId":"z6wixs1ruly4z0e","id":"z6wixs1ruly4z0e"},"id":"42nwo8jdn5u3man","previousOperationId":"d6l08bkn7vofb8t"}
{"type":"log","timestamp":1765123635784,"level":"info","message":"Rendering anonymous template { recipe: pptx, engine: handlebars }","meta":{"rootId":"z6wixs1ruly4z0e","id":"z6wixs1ruly4z0e"},"id":"yn86say68detj3p","previousOperationId":"d6l08bkn7vofb8t"}
{"type":"log","timestamp":1765123635784,"level":"debug","message":"Inline data specified.","meta":{"rootId":"z6wixs1ruly4z0e","id":"z6wixs1ruly4z0e"},"id":"2a2dl44up3ieuda","previousOperationId":"d6l08bkn7vofb8t"}
{"type":"log","timestamp":1765123635785,"level":"debug","message":"Base url not specified, skipping its injection.","meta":{"rootId":"z6wixs1ruly4z0e","id":"z6wixs1ruly4z0e"},"id":"s07x8djrz5zc33l","previousOperationId":"d6l08bkn7vofb8t"}
{"type":"operationStart","subtype":"engine","name":"handlebars","timestamp":1765123635785,"id":"vszuyj51r4xmcb4","previousEventId":"oxk0sb3mr3lnkj4","operationId":"raxun9ijv0210yk","previousOperationId":"d6l08bkn7vofb8t"}
{"type":"log","timestamp":1765123635785,"level":"debug","message":"Rendering engine handlebars","meta":{"rootId":"z6wixs1ruly4z0e","id":"z6wixs1ruly4z0e"},"id":"e8zxl9hueyluht6","previousOperationId":"raxun9ijv0210yk"}
{"type":"operationEnd","operationId":"raxun9ijv0210yk","timestamp":1765123635794,"id":"borrzawpimkw1tj","previousEventId":"vszuyj51r4xmcb4","previousOperationId":"raxun9ijv0210yk"}
{"type":"operationStart","subtype":"recipe","name":"pptx","timestamp":1765123635794,"id":"m9cnrw05syi9rf3","previousEventId":"borrzawpimkw1tj","operationId":"lm4atelpbuanm6p","previousOperationId":"raxun9ijv0210yk"}
{"type":"log","timestamp":1765123635794,"level":"debug","message":"Executing recipe pptx","meta":{"rootId":"z6wixs1ruly4z0e","id":"z6wixs1ruly4z0e"},"id":"1y81hl86p0wgoo9","previousOperationId":"lm4atelpbuanm6p"}
{"type":"log","timestamp":1765123635794,"level":"info","message":"pptx generation is starting","meta":{"rootId":"z6wixs1ruly4z0e","id":"z6wixs1ruly4z0e"},"id":"ervqj1umfeh4so5","previousOperationId":"lm4atelpbuanm6p"}
{"type":"log","timestamp":1765123635880,"level":"debug","message":"Starting child request to render pptx dynamic parts","meta":{"rootId":"z6wixs1ruly4z0e","id":"z6wixs1ruly4z0e"},"id":"wiu1anhi6aq9jsz","previousOperationId":"lm4atelpbuanm6p"}
{"type":"operationStart","subtype":"render","name":"anonymous","previousOperationId":"lm4atelpbuanm6p","timestamp":1765123635881,"id":"gib6ytl5yr62cl3","previousEventId":"m9cnrw05syi9rf3","operationId":"hm4751jbkso9nw9"}
{"type":"log","timestamp":1765123635881,"level":"info","message":"Starting rendering (child) request","meta":{"rootId":"z6wixs1ruly4z0e","id":"m4jywzwopuqjtnx"},"id":"5t2bdad0v3ck94s","previousOperationId":"hm4751jbkso9nw9"}
{"type":"log","timestamp":1765123635882,"level":"info","message":"Rendering anonymous template { recipe: html, engine: handlebars }","meta":{"rootId":"z6wixs1ruly4z0e","id":"m4jywzwopuqjtnx"},"id":"gc9tzk7skso8vxk","previousOperationId":"hm4751jbkso9nw9"}
{"type":"log","timestamp":1765123635882,"level":"debug","message":"Inline data specified.","meta":{"rootId":"z6wixs1ruly4z0e","id":"m4jywzwopuqjtnx"},"id":"nlr3412pjm0bjgp","previousOperationId":"hm4751jbkso9nw9"}
{"type":"log","timestamp":1765123635884,"level":"debug","message":"Base url not specified, skipping its injection.","meta":{"rootId":"z6wixs1ruly4z0e","id":"m4jywzwopuqjtnx"},"id":"ag1kteutoldmoq3","previousOperationId":"hm4751jbkso9nw9"}
{"type":"operationStart","subtype":"engine","name":"handlebars","timestamp":1765123635885,"id":"s1m5yw2o8532o31","previousEventId":"gib6ytl5yr62cl3","operationId":"zzfr6ist3q64jeq","previousOperationId":"hm4751jbkso9nw9"}
{"type":"log","timestamp":1765123635885,"level":"debug","message":"Rendering engine handlebars","meta":{"rootId":"z6wixs1ruly4z0e","id":"m4jywzwopuqjtnx"},"id":"l30sx6nlc1p0kig","previousOperationId":"zzfr6ist3q64jeq"}
{"type":"operationEnd","operationId":"zzfr6ist3q64jeq","timestamp":1765123635910,"id":"jocwsotzn84meg1","previousEventId":"s1m5yw2o8532o31","previousOperationId":"zzfr6ist3q64jeq"}
{"type":"operationStart","subtype":"recipe","name":"html","timestamp":1765123635913,"id":"m2v2bbuwb3uyxe1","previousEventId":"jocwsotzn84meg1","operationId":"03mts27mvw523ui","previousOperationId":"zzfr6ist3q64jeq"}
{"type":"log","timestamp":1765123635913,"level":"debug","message":"Executing recipe html","meta":{"rootId":"z6wixs1ruly4z0e","id":"m4jywzwopuqjtnx"},"id":"0lhfunh72r3zxzy","previousOperationId":"03mts27mvw523ui"}
{"type":"operationEnd","operationId":"03mts27mvw523ui","timestamp":1765123635913,"id":"g6j8rofxvx2tcu8","previousEventId":"m2v2bbuwb3uyxe1","previousOperationId":"03mts27mvw523ui"}
{"type":"log","timestamp":1765123635913,"level":"debug","message":"Skipping storing report.","meta":{"rootId":"z6wixs1ruly4z0e","id":"m4jywzwopuqjtnx"},"id":"nizn5kfigef4f3i","previousOperationId":"03mts27mvw523ui"}
{"type":"log","timestamp":1765123635913,"level":"info","message":"Rendering (child) request finished in 143 ms","meta":{"rootId":"z6wixs1ruly4z0e","id":"m4jywzwopuqjtnx"},"id":"k5azhefchltf6am","previousOperationId":"03mts27mvw523ui"}
{"type":"operationEnd","subtype":"render","operationId":"hm4751jbkso9nw9","timestamp":1765123635913,"id":"38c4sct7uthyi2q","previousEventId":"g6j8rofxvx2tcu8","previousOperationId":"03mts27mvw523ui"}
{"type":"log","timestamp":1765123636045,"level":"debug","message":"pptx successfully zipped","meta":{"rootId":"z6wixs1ruly4z0e","id":"z6wixs1ruly4z0e"},"id":"hmenorukamzvo0r","previousOperationId":"lm4atelpbuanm6p"}
{"type":"log","timestamp":1765123636045,"level":"info","message":"pptx generation was finished","meta":{"rootId":"z6wixs1ruly4z0e","id":"z6wixs1ruly4z0e"},"id":"j79kqw26128n9jm","previousOperationId":"lm4atelpbuanm6p"}
{"type":"operationEnd","operationId":"lm4atelpbuanm6p","timestamp":1765123636050,"id":"p2973k0ln7fv1t4","previousEventId":"m9cnrw05syi9rf3","previousOperationId":"lm4atelpbuanm6p"}
{"type":"log","timestamp":1765123636050,"level":"debug","message":"Skipping storing report.","meta":{"rootId":"z6wixs1ruly4z0e","id":"z6wixs1ruly4z0e"},"id":"hcbx95o8tfk0wmc","previousOperationId":"lm4atelpbuanm6p"}
{"type":"log","timestamp":1765123636050,"level":"info","message":"Rendering request 17 finished in 280 ms","meta":{"rootId":"z6wixs1ruly4z0e","id":"z6wixs1ruly4z0e"},"id":"wl05ns2kkd3yayt","previousOperationId":"lm4atelpbuanm6p"}
{"type":"operationEnd","subtype":"render","operationId":"d6l08bkn7vofb8t","timestamp":1765123636050,"id":"sapqzrdldrff5ue","previousEventId":"p2973k0ln7fv1t4","previousOperationId":"lm4atelpbuanm6p"}
{"type":"operationEnd","doDiffs":false,"previousEventId":"bsjrva9d573zgyl","previousOperationId":"hdzggvptuzmrpx5","operationId":"hdzggvptuzmrpx5","timestamp":1765123636054,"id":"z1pyeiasevymwv6"}
