{"type":"operationStart","subtype":"profile","data":{"_id":"X8g6rmpUWUI90YDH","timestamp":"2025-12-31T11:51:41.656Z","state":"running","mode":"standard","creationDate":"2025-12-31T11:51:41.663Z","modificationDate":"2025-12-31T11:51:41.663Z","shortid":"r1ZwjaQ","$entitySet":"profiles","timeout":60000},"doDiffs":false,"timestamp":1767181901661,"id":"f1a4hwgl7gwgfx6","previousOperationId":null,"operationId":"1gyz5qymvgvjb0v"}
{"type":"log","level":"info","message":"Render request 46 queued for execution and waiting for available worker","previousOperationId":"1gyz5qymvgvjb0v","timestamp":1767181901661,"id":"wvfdeqrxp1y3fac"}
{"type":"operationStart","subtype":"render","name":"anonymous","previousOperationId":"1gyz5qymvgvjb0v","timestamp":1767181901722,"id":"vn5a3zh181is90h","previousEventId":"f1a4hwgl7gwgfx6","operationId":"s45aoh32ar4rkzz"}
{"type":"log","timestamp":1767181901723,"level":"info","message":"Starting rendering request 46","meta":{"rootId":"z8ev4a579669sty","id":"z8ev4a579669sty"},"id":"uywjuzloyiy52ul","previousOperationId":"s45aoh32ar4rkzz"}
{"type":"log","timestamp":1767181901724,"level":"info","message":"Rendering anonymous template { recipe: pptx, engine: handlebars }","meta":{"rootId":"z8ev4a579669sty","id":"z8ev4a579669sty"},"id":"8pen6icilyl882i","previousOperationId":"s45aoh32ar4rkzz"}
{"type":"log","timestamp":1767181901724,"level":"debug","message":"Inline data specified.","meta":{"rootId":"z8ev4a579669sty","id":"z8ev4a579669sty"},"id":"hgvobb1nimecstg","previousOperationId":"s45aoh32ar4rkzz"}
{"type":"log","timestamp":1767181901732,"level":"debug","message":"Base url not specified, skipping its injection.","meta":{"rootId":"z8ev4a579669sty","id":"z8ev4a579669sty"},"id":"7k2zo8n3fxf4uv4","previousOperationId":"s45aoh32ar4rkzz"}
{"type":"operationStart","subtype":"engine","name":"handlebars","timestamp":1767181901733,"id":"r94aj72924g4rut","previousEventId":"vn5a3zh181is90h","operationId":"7x3dm75gj3rmz8w","previousOperationId":"s45aoh32ar4rkzz"}
{"type":"log","timestamp":1767181901733,"level":"debug","message":"Rendering engine handlebars","meta":{"rootId":"z8ev4a579669sty","id":"z8ev4a579669sty"},"id":"ny1kw58goj042dl","previousOperationId":"7x3dm75gj3rmz8w"}
{"type":"operationEnd","operationId":"7x3dm75gj3rmz8w","timestamp":1767181901750,"id":"a905scaswu7vveo","previousEventId":"r94aj72924g4rut","previousOperationId":"7x3dm75gj3rmz8w"}
{"type":"operationStart","subtype":"recipe","name":"pptx","timestamp":1767181901750,"id":"r4vadmfmhjppare","previousEventId":"a905scaswu7vveo","operationId":"r07v07j4qp5u6d7","previousOperationId":"7x3dm75gj3rmz8w"}
{"type":"log","timestamp":1767181901750,"level":"debug","message":"Executing recipe pptx","meta":{"rootId":"z8ev4a579669sty","id":"z8ev4a579669sty"},"id":"il8lhz96kvlxd5u","previousOperationId":"r07v07j4qp5u6d7"}
{"type":"log","timestamp":1767181901774,"level":"info","message":"pptx generation is starting","meta":{"rootId":"z8ev4a579669sty","id":"z8ev4a579669sty"},"id":"ggot8kfg2ywtjsh","previousOperationId":"r07v07j4qp5u6d7"}
{"type":"log","timestamp":1767181903795,"level":"debug","message":"Starting child request to render pptx dynamic parts","meta":{"rootId":"z8ev4a579669sty","id":"z8ev4a579669sty"},"id":"de7rmd8ovwbssoc","previousOperationId":"r07v07j4qp5u6d7"}
{"type":"operationStart","subtype":"render","name":"anonymous","previousOperationId":"r07v07j4qp5u6d7","timestamp":1767181903796,"id":"ofkbd7qqow8kkbe","previousEventId":"r4vadmfmhjppare","operationId":"a9m54yasxjygnq6"}
{"type":"log","timestamp":1767181903796,"level":"info","message":"Starting rendering (child) request","meta":{"rootId":"z8ev4a579669sty","id":"wjq6mvgb58djz91"},"id":"ksn2we01mf6odcb","previousOperationId":"a9m54yasxjygnq6"}
{"type":"log","timestamp":1767181903796,"level":"info","message":"Rendering anonymous template { recipe: html, engine: handlebars }","meta":{"rootId":"z8ev4a579669sty","id":"wjq6mvgb58djz91"},"id":"gq8dmp2y44w5o92","previousOperationId":"a9m54yasxjygnq6"}
{"type":"log","timestamp":1767181903796,"level":"debug","message":"Inline data specified.","meta":{"rootId":"z8ev4a579669sty","id":"wjq6mvgb58djz91"},"id":"mogsm3kd65qiulz","previousOperationId":"a9m54yasxjygnq6"}
{"type":"log","timestamp":1767181903804,"level":"debug","message":"Base url not specified, skipping its injection.","meta":{"rootId":"z8ev4a579669sty","id":"wjq6mvgb58djz91"},"id":"yum5q5jop4o8se3","previousOperationId":"a9m54yasxjygnq6"}
{"type":"operationStart","subtype":"engine","name":"handlebars","timestamp":1767181903807,"id":"1ktrlw5ojkcco8q","previousEventId":"ofkbd7qqow8kkbe","operationId":"gvmdxglpy9pargg","previousOperationId":"a9m54yasxjygnq6"}
{"type":"log","timestamp":1767181903807,"level":"debug","message":"Rendering engine handlebars","meta":{"rootId":"z8ev4a579669sty","id":"wjq6mvgb58djz91"},"id":"a3i3efncojlz08o","previousOperationId":"gvmdxglpy9pargg"}
{"type":"log","timestamp":1767181904031,"level":"debug","message":"(console:log) {\n  type: 'echarts@v5a',\n  width: 848,\n  height: 409,\n  option: { radar: [ [Object] ], series: [ [Object] ] }\n}","meta":{"userLevel":true,"rootId":"z8ev4a579669sty","id":"wjq6mvgb58djz91"},"id":"o33ntblwhmmf7aq","previousOperationId":"gvmdxglpy9pargg"}
{"type":"operationEnd","operationId":"gvmdxglpy9pargg","timestamp":1767181904042,"id":"lhxblinghqvf9l2","previousEventId":"1ktrlw5ojkcco8q","previousOperationId":"gvmdxglpy9pargg"}
{"type":"operationStart","subtype":"recipe","name":"html","timestamp":1767181904059,"id":"iil5my2u0llm1iw","previousEventId":"lhxblinghqvf9l2","operationId":"vllzslxsymj858l","previousOperationId":"gvmdxglpy9pargg"}
{"type":"log","timestamp":1767181904059,"level":"debug","message":"Executing recipe html","meta":{"rootId":"z8ev4a579669sty","id":"wjq6mvgb58djz91"},"id":"o66txu0wyu7e6a5","previousOperationId":"vllzslxsymj858l"}
{"type":"operationEnd","operationId":"vllzslxsymj858l","timestamp":1767181904059,"id":"tw1z93qa09sj64b","previousEventId":"iil5my2u0llm1iw","previousOperationId":"vllzslxsymj858l"}
{"type":"log","timestamp":1767181904059,"level":"debug","message":"Skipping storing report.","meta":{"rootId":"z8ev4a579669sty","id":"wjq6mvgb58djz91"},"id":"rdqd6b70oc68agl","previousOperationId":"vllzslxsymj858l"}
{"type":"log","timestamp":1767181904059,"level":"info","message":"Rendering (child) request finished in 2406 ms","meta":{"rootId":"z8ev4a579669sty","id":"wjq6mvgb58djz91"},"id":"yj1vcaxteckmzfz","previousOperationId":"vllzslxsymj858l"}
{"type":"operationEnd","subtype":"render","operationId":"a9m54yasxjygnq6","timestamp":1767181904059,"id":"0bcrqkc0amrju8w","previousEventId":"tw1z93qa09sj64b","previousOperationId":"vllzslxsymj858l"}
{"type":"log","timestamp":1767181911024,"level":"debug","message":"pptx successfully zipped","meta":{"rootId":"z8ev4a579669sty","id":"z8ev4a579669sty"},"id":"oh6eig05r7aswfm","previousOperationId":"r07v07j4qp5u6d7"}
{"type":"log","timestamp":1767181911025,"level":"info","message":"pptx generation was finished","meta":{"rootId":"z8ev4a579669sty","id":"z8ev4a579669sty"},"id":"liqh9jkv68r3t0f","previousOperationId":"r07v07j4qp5u6d7"}
{"type":"operationEnd","operationId":"r07v07j4qp5u6d7","timestamp":1767181911037,"id":"hgyjw5i6eouvrvr","previousEventId":"r4vadmfmhjppare","previousOperationId":"r07v07j4qp5u6d7"}
{"type":"log","timestamp":1767181911037,"level":"debug","message":"Skipping storing report.","meta":{"rootId":"z8ev4a579669sty","id":"z8ev4a579669sty"},"id":"eqynm3lxr7b7dyp","previousOperationId":"r07v07j4qp5u6d7"}
{"type":"log","timestamp":1767181911038,"level":"info","message":"Rendering request 46 finished in 9385 ms","meta":{"rootId":"z8ev4a579669sty","id":"z8ev4a579669sty"},"id":"g4skzfqez3c7up0","previousOperationId":"r07v07j4qp5u6d7"}
{"type":"operationEnd","subtype":"render","operationId":"s45aoh32ar4rkzz","timestamp":1767181911038,"id":"vocdntsbi64b1ez","previousEventId":"hgyjw5i6eouvrvr","previousOperationId":"r07v07j4qp5u6d7"}
{"type":"operationEnd","doDiffs":false,"previousEventId":"f1a4hwgl7gwgfx6","previousOperationId":"1gyz5qymvgvjb0v","operationId":"1gyz5qymvgvjb0v","timestamp":1767181911043,"id":"y59dou28l66kj0e"}
