{"type":"operationStart","subtype":"profile","data":{"_id":"UgCbtIb8INoJ0S3h","timestamp":"2025-12-28T14:24:55.083Z","state":"running","mode":"standard","creationDate":"2025-12-28T14:24:55.088Z","modificationDate":"2025-12-28T14:24:55.088Z","shortid":"DHJpcHO","$entitySet":"profiles","timeout":60000},"doDiffs":false,"timestamp":1766931895086,"id":"6u02f0b3rpqcf1v","previousOperationId":null,"operationId":"3v4or6kno4c4aik"}
{"type":"log","level":"info","message":"Render request 15 queued for execution and waiting for available worker","previousOperationId":"3v4or6kno4c4aik","timestamp":1766931895086,"id":"053hsi4rlppvzzi"}
{"type":"operationStart","subtype":"render","name":"anonymous","previousOperationId":"3v4or6kno4c4aik","timestamp":1766931895139,"id":"0qdrlf8b58jflk5","previousEventId":"6u02f0b3rpqcf1v","operationId":"eljqr580ikke9be"}
{"type":"log","timestamp":1766931895140,"level":"info","message":"Starting rendering request 15","meta":{"rootId":"zg00gezp849bhsn","id":"zg00gezp849bhsn"},"id":"9rw499352fxfh7t","previousOperationId":"eljqr580ikke9be"}
{"type":"log","timestamp":1766931895140,"level":"info","message":"Rendering anonymous template { recipe: pptx, engine: handlebars }","meta":{"rootId":"zg00gezp849bhsn","id":"zg00gezp849bhsn"},"id":"ycw8xch84kmgm93","previousOperationId":"eljqr580ikke9be"}
{"type":"log","timestamp":1766931895141,"level":"debug","message":"Inline data specified.","meta":{"rootId":"zg00gezp849bhsn","id":"zg00gezp849bhsn"},"id":"msqwgbeo7tmabhf","previousOperationId":"eljqr580ikke9be"}
{"type":"log","timestamp":1766931895145,"level":"debug","message":"Base url not specified, skipping its injection.","meta":{"rootId":"zg00gezp849bhsn","id":"zg00gezp849bhsn"},"id":"l65ox2f1em87e14","previousOperationId":"eljqr580ikke9be"}
{"type":"operationStart","subtype":"engine","name":"handlebars","timestamp":1766931895145,"id":"8s3teo373817k9o","previousEventId":"0qdrlf8b58jflk5","operationId":"mluhtlz85pqq7qk","previousOperationId":"eljqr580ikke9be"}
{"type":"log","timestamp":1766931895145,"level":"debug","message":"Rendering engine handlebars","meta":{"rootId":"zg00gezp849bhsn","id":"zg00gezp849bhsn"},"id":"y8ov4mxp9h8dzgt","previousOperationId":"mluhtlz85pqq7qk"}
{"type":"operationEnd","operationId":"mluhtlz85pqq7qk","timestamp":1766931895158,"id":"4jclokmm9w2utxq","previousEventId":"8s3teo373817k9o","previousOperationId":"mluhtlz85pqq7qk"}
{"type":"operationStart","subtype":"recipe","name":"pptx","timestamp":1766931895159,"id":"vgz0tzu2p997d3v","previousEventId":"4jclokmm9w2utxq","operationId":"9o1t5l7ljox512f","previousOperationId":"mluhtlz85pqq7qk"}
{"type":"log","timestamp":1766931895159,"level":"debug","message":"Executing recipe pptx","meta":{"rootId":"zg00gezp849bhsn","id":"zg00gezp849bhsn"},"id":"vso5rjswmge0eyy","previousOperationId":"9o1t5l7ljox512f"}
{"type":"log","timestamp":1766931895184,"level":"info","message":"pptx generation is starting","meta":{"rootId":"zg00gezp849bhsn","id":"zg00gezp849bhsn"},"id":"81ms1hhf5mdjyd2","previousOperationId":"9o1t5l7ljox512f"}
{"type":"log","timestamp":1766931896264,"level":"debug","message":"Starting child request to render pptx dynamic parts","meta":{"rootId":"zg00gezp849bhsn","id":"zg00gezp849bhsn"},"id":"6d7bzja4mtu06jr","previousOperationId":"9o1t5l7ljox512f"}
{"type":"operationStart","subtype":"render","name":"anonymous","previousOperationId":"9o1t5l7ljox512f","timestamp":1766931896264,"id":"79vn3khd2z7xu30","previousEventId":"vgz0tzu2p997d3v","operationId":"cd4ddwuqjp3ml1l"}
{"type":"log","timestamp":1766931896264,"level":"info","message":"Starting rendering (child) request","meta":{"rootId":"zg00gezp849bhsn","id":"rm1nw02xrojo0xp"},"id":"6mf2jb0lgy1tc4b","previousOperationId":"cd4ddwuqjp3ml1l"}
{"type":"log","timestamp":1766931896264,"level":"info","message":"Rendering anonymous template { recipe: html, engine: handlebars }","meta":{"rootId":"zg00gezp849bhsn","id":"rm1nw02xrojo0xp"},"id":"ioyaru3z2x4t1a4","previousOperationId":"cd4ddwuqjp3ml1l"}
{"type":"log","timestamp":1766931896264,"level":"debug","message":"Inline data specified.","meta":{"rootId":"zg00gezp849bhsn","id":"rm1nw02xrojo0xp"},"id":"rcn0gdocn8txd5h","previousOperationId":"cd4ddwuqjp3ml1l"}
{"type":"log","timestamp":1766931896268,"level":"debug","message":"Base url not specified, skipping its injection.","meta":{"rootId":"zg00gezp849bhsn","id":"rm1nw02xrojo0xp"},"id":"hbxexjh02h6vof2","previousOperationId":"cd4ddwuqjp3ml1l"}
{"type":"operationStart","subtype":"engine","name":"handlebars","timestamp":1766931896269,"id":"9hb621jqexop3po","previousEventId":"79vn3khd2z7xu30","operationId":"opw2szbs07q6m9y","previousOperationId":"cd4ddwuqjp3ml1l"}
{"type":"log","timestamp":1766931896269,"level":"debug","message":"Rendering engine handlebars","meta":{"rootId":"zg00gezp849bhsn","id":"rm1nw02xrojo0xp"},"id":"f1z9l233jo777az","previousOperationId":"opw2szbs07q6m9y"}
{"type":"log","timestamp":1766931896365,"level":"debug","message":"(console:log) {\n  type: 'echarts@v5a',\n  width: 848,\n  height: 409,\n  option: { radar: [ [Object] ], series: [ [Object] ] }\n}","meta":{"userLevel":true,"rootId":"zg00gezp849bhsn","id":"rm1nw02xrojo0xp"},"id":"byhs869d8cb8d6z","previousOperationId":"opw2szbs07q6m9y"}
{"type":"operationEnd","operationId":"opw2szbs07q6m9y","timestamp":1766931896370,"id":"ab8i4tlkma8d3r8","previousEventId":"9hb621jqexop3po","previousOperationId":"opw2szbs07q6m9y"}
{"type":"operationStart","subtype":"recipe","name":"html","timestamp":1766931896378,"id":"64m9yb46ingspu7","previousEventId":"ab8i4tlkma8d3r8","operationId":"6h68gxv406cek48","previousOperationId":"opw2szbs07q6m9y"}
{"type":"log","timestamp":1766931896379,"level":"debug","message":"Executing recipe html","meta":{"rootId":"zg00gezp849bhsn","id":"rm1nw02xrojo0xp"},"id":"77mbpukuxm7orkj","previousOperationId":"6h68gxv406cek48"}
{"type":"operationEnd","operationId":"6h68gxv406cek48","timestamp":1766931896379,"id":"zdlfp1c5c8fled1","previousEventId":"64m9yb46ingspu7","previousOperationId":"6h68gxv406cek48"}
{"type":"log","timestamp":1766931896379,"level":"debug","message":"Skipping storing report.","meta":{"rootId":"zg00gezp849bhsn","id":"rm1nw02xrojo0xp"},"id":"f9j5as8opju4fwk","previousOperationId":"6h68gxv406cek48"}
{"type":"log","timestamp":1766931896379,"level":"info","message":"Rendering (child) request finished in 1297 ms","meta":{"rootId":"zg00gezp849bhsn","id":"rm1nw02xrojo0xp"},"id":"a6x99jw5dfe799w","previousOperationId":"6h68gxv406cek48"}
{"type":"operationEnd","subtype":"render","operationId":"cd4ddwuqjp3ml1l","timestamp":1766931896379,"id":"88fh08t74enp2hm","previousEventId":"zdlfp1c5c8fled1","previousOperationId":"6h68gxv406cek48"}
{"type":"log","timestamp":1766931899307,"level":"debug","message":"pptx successfully zipped","meta":{"rootId":"zg00gezp849bhsn","id":"zg00gezp849bhsn"},"id":"2wxyqaqbvfyvqdv","previousOperationId":"9o1t5l7ljox512f"}
{"type":"log","timestamp":1766931899307,"level":"info","message":"pptx generation was finished","meta":{"rootId":"zg00gezp849bhsn","id":"zg00gezp849bhsn"},"id":"oll7pswoy28x0ww","previousOperationId":"9o1t5l7ljox512f"}
{"type":"operationEnd","operationId":"9o1t5l7ljox512f","timestamp":1766931899314,"id":"jso5s00egq2q0kb","previousEventId":"vgz0tzu2p997d3v","previousOperationId":"9o1t5l7ljox512f"}
{"type":"log","timestamp":1766931899314,"level":"debug","message":"Skipping storing report.","meta":{"rootId":"zg00gezp849bhsn","id":"zg00gezp849bhsn"},"id":"xwoztk6xucetb1y","previousOperationId":"9o1t5l7ljox512f"}
{"type":"log","timestamp":1766931899314,"level":"info","message":"Rendering request 15 finished in 4232 ms","meta":{"rootId":"zg00gezp849bhsn","id":"zg00gezp849bhsn"},"id":"8p093lx2kvqgh5x","previousOperationId":"9o1t5l7ljox512f"}
{"type":"operationEnd","subtype":"render","operationId":"eljqr580ikke9be","timestamp":1766931899314,"id":"yxh9w6obg7iwetp","previousEventId":"jso5s00egq2q0kb","previousOperationId":"9o1t5l7ljox512f"}
{"type":"operationEnd","doDiffs":false,"previousEventId":"6u02f0b3rpqcf1v","previousOperationId":"3v4or6kno4c4aik","operationId":"3v4or6kno4c4aik","timestamp":1766931899318,"id":"mmkznuwvr2tjf73"}
