{"type":"operationStart","subtype":"profile","data":{"_id":"NpPnxSUc8dPQJznM","timestamp":"2025-12-07T21:24:29.832Z","state":"running","mode":"standard","creationDate":"2025-12-07T21:24:29.836Z","modificationDate":"2025-12-07T21:24:29.836Z","shortid":"BZOTPaC","$entitySet":"profiles","timeout":60000},"doDiffs":false,"timestamp":1765142669833,"id":"60ln5u95i7ko29s","previousOperationId":null,"operationId":"oiioaodkcojh4y9"}
{"type":"log","level":"info","message":"Render request 4 queued for execution and waiting for available worker","previousOperationId":"oiioaodkcojh4y9","timestamp":1765142669834,"id":"z79c6bmb94xh3lw"}
{"type":"operationStart","subtype":"render","name":"anonymous","previousOperationId":"oiioaodkcojh4y9","timestamp":1765142669879,"id":"hmit9xz2r5j3jja","previousEventId":"60ln5u95i7ko29s","operationId":"nec9rzq81cr0jzx"}
{"type":"log","timestamp":1765142669880,"level":"info","message":"Starting rendering request 4","meta":{"rootId":"zn1noetesupmgf1","id":"zn1noetesupmgf1"},"id":"ks7rzs1iodjenpw","previousOperationId":"nec9rzq81cr0jzx"}
{"type":"log","timestamp":1765142669880,"level":"info","message":"Rendering anonymous template { recipe: pptx, engine: handlebars }","meta":{"rootId":"zn1noetesupmgf1","id":"zn1noetesupmgf1"},"id":"2os45ruhplvsi3x","previousOperationId":"nec9rzq81cr0jzx"}
{"type":"log","timestamp":1765142669880,"level":"debug","message":"Inline data specified.","meta":{"rootId":"zn1noetesupmgf1","id":"zn1noetesupmgf1"},"id":"rosw6nlfj067e5x","previousOperationId":"nec9rzq81cr0jzx"}
{"type":"log","timestamp":1765142669882,"level":"debug","message":"Base url not specified, skipping its injection.","meta":{"rootId":"zn1noetesupmgf1","id":"zn1noetesupmgf1"},"id":"vykc239pvq3dsrk","previousOperationId":"nec9rzq81cr0jzx"}
{"type":"operationStart","subtype":"engine","name":"handlebars","timestamp":1765142669883,"id":"7h78al5u0h5jkte","previousEventId":"hmit9xz2r5j3jja","operationId":"bl802yi5mp93u2e","previousOperationId":"nec9rzq81cr0jzx"}
{"type":"log","timestamp":1765142669883,"level":"debug","message":"Rendering engine handlebars","meta":{"rootId":"zn1noetesupmgf1","id":"zn1noetesupmgf1"},"id":"y3qt27wjofjz8ds","previousOperationId":"bl802yi5mp93u2e"}
{"type":"operationEnd","operationId":"bl802yi5mp93u2e","timestamp":1765142669956,"id":"v6z2y6p0w5xtp2v","previousEventId":"7h78al5u0h5jkte","previousOperationId":"bl802yi5mp93u2e"}
{"type":"operationStart","subtype":"recipe","name":"pptx","timestamp":1765142669957,"id":"832tk60qr4az68h","previousEventId":"v6z2y6p0w5xtp2v","operationId":"jsfvjclxf6ahbtw","previousOperationId":"bl802yi5mp93u2e"}
{"type":"log","timestamp":1765142669957,"level":"debug","message":"Executing recipe pptx","meta":{"rootId":"zn1noetesupmgf1","id":"zn1noetesupmgf1"},"id":"kdj32952m2vgnud","previousOperationId":"jsfvjclxf6ahbtw"}
{"type":"log","timestamp":1765142669975,"level":"info","message":"pptx generation is starting","meta":{"rootId":"zn1noetesupmgf1","id":"zn1noetesupmgf1"},"id":"hobelyiox2ag632","previousOperationId":"jsfvjclxf6ahbtw"}
{"type":"log","timestamp":1765142671054,"level":"debug","message":"Starting child request to render pptx dynamic parts","meta":{"rootId":"zn1noetesupmgf1","id":"zn1noetesupmgf1"},"id":"9kt0r4m57wmwh43","previousOperationId":"jsfvjclxf6ahbtw"}
{"type":"operationStart","subtype":"render","name":"anonymous","previousOperationId":"jsfvjclxf6ahbtw","timestamp":1765142671054,"id":"sstztzued8q9f00","previousEventId":"832tk60qr4az68h","operationId":"hixd7va7zqozldb"}
{"type":"log","timestamp":1765142671054,"level":"info","message":"Starting rendering (child) request","meta":{"rootId":"zn1noetesupmgf1","id":"empyikvomwhswby"},"id":"9lwaxf9pl9afnkm","previousOperationId":"hixd7va7zqozldb"}
{"type":"log","timestamp":1765142671054,"level":"info","message":"Rendering anonymous template { recipe: html, engine: handlebars }","meta":{"rootId":"zn1noetesupmgf1","id":"empyikvomwhswby"},"id":"kkmpzc5vdx1f2au","previousOperationId":"hixd7va7zqozldb"}
{"type":"log","timestamp":1765142671055,"level":"debug","message":"Inline data specified.","meta":{"rootId":"zn1noetesupmgf1","id":"empyikvomwhswby"},"id":"xpb2of1z3a8r4zw","previousOperationId":"hixd7va7zqozldb"}
{"type":"log","timestamp":1765142671060,"level":"debug","message":"Base url not specified, skipping its injection.","meta":{"rootId":"zn1noetesupmgf1","id":"empyikvomwhswby"},"id":"66abfyy2c4rr2t5","previousOperationId":"hixd7va7zqozldb"}
{"type":"operationStart","subtype":"engine","name":"handlebars","timestamp":1765142671061,"id":"klcuxis640p6xxa","previousEventId":"sstztzued8q9f00","operationId":"564g0ojby4wn5j3","previousOperationId":"hixd7va7zqozldb"}
{"type":"log","timestamp":1765142671061,"level":"debug","message":"Rendering engine handlebars","meta":{"rootId":"zn1noetesupmgf1","id":"empyikvomwhswby"},"id":"ya42s0xwx8jnhan","previousOperationId":"564g0ojby4wn5j3"}
{"type":"operationEnd","operationId":"564g0ojby4wn5j3","timestamp":1765142671146,"id":"flhrwa1khdb9hje","previousEventId":"klcuxis640p6xxa","previousOperationId":"564g0ojby4wn5j3"}
{"type":"operationStart","subtype":"recipe","name":"html","timestamp":1765142671154,"id":"94x2h1pphqg1ghe","previousEventId":"flhrwa1khdb9hje","operationId":"xbwd58cwdzmd3b0","previousOperationId":"564g0ojby4wn5j3"}
{"type":"log","timestamp":1765142671154,"level":"debug","message":"Executing recipe html","meta":{"rootId":"zn1noetesupmgf1","id":"empyikvomwhswby"},"id":"zq1iojljuno6qxf","previousOperationId":"xbwd58cwdzmd3b0"}
{"type":"operationEnd","operationId":"xbwd58cwdzmd3b0","timestamp":1765142671154,"id":"mver3td36f41641","previousEventId":"94x2h1pphqg1ghe","previousOperationId":"xbwd58cwdzmd3b0"}
{"type":"log","timestamp":1765142671154,"level":"debug","message":"Skipping storing report.","meta":{"rootId":"zn1noetesupmgf1","id":"empyikvomwhswby"},"id":"mb3p7tbpyzzq745","previousOperationId":"xbwd58cwdzmd3b0"}
{"type":"log","timestamp":1765142671154,"level":"info","message":"Rendering (child) request finished in 1334 ms","meta":{"rootId":"zn1noetesupmgf1","id":"empyikvomwhswby"},"id":"sjrkssqhsnwxica","previousOperationId":"xbwd58cwdzmd3b0"}
{"type":"operationEnd","subtype":"render","operationId":"hixd7va7zqozldb","timestamp":1765142671154,"id":"smv5ev1opq5rf2v","previousEventId":"mver3td36f41641","previousOperationId":"xbwd58cwdzmd3b0"}
{"type":"log","timestamp":1765142674002,"level":"debug","message":"pptx successfully zipped","meta":{"rootId":"zn1noetesupmgf1","id":"zn1noetesupmgf1"},"id":"9h9rn919dgepwga","previousOperationId":"jsfvjclxf6ahbtw"}
{"type":"log","timestamp":1765142674002,"level":"info","message":"pptx generation was finished","meta":{"rootId":"zn1noetesupmgf1","id":"zn1noetesupmgf1"},"id":"ki4ixhj9rbuync5","previousOperationId":"jsfvjclxf6ahbtw"}
{"type":"operationEnd","operationId":"jsfvjclxf6ahbtw","timestamp":1765142674009,"id":"o68nzbxkkm6zit6","previousEventId":"832tk60qr4az68h","previousOperationId":"jsfvjclxf6ahbtw"}
{"type":"log","timestamp":1765142674009,"level":"debug","message":"Skipping storing report.","meta":{"rootId":"zn1noetesupmgf1","id":"zn1noetesupmgf1"},"id":"lzcvi2ret2l7mku","previousOperationId":"jsfvjclxf6ahbtw"}
{"type":"log","timestamp":1765142674009,"level":"info","message":"Rendering request 4 finished in 4189 ms","meta":{"rootId":"zn1noetesupmgf1","id":"zn1noetesupmgf1"},"id":"k7q7qykxjka9yod","previousOperationId":"jsfvjclxf6ahbtw"}
{"type":"operationEnd","subtype":"render","operationId":"nec9rzq81cr0jzx","timestamp":1765142674009,"id":"3tvm3681q6r3xw8","previousEventId":"o68nzbxkkm6zit6","previousOperationId":"jsfvjclxf6ahbtw"}
{"type":"operationEnd","doDiffs":false,"previousEventId":"60ln5u95i7ko29s","previousOperationId":"oiioaodkcojh4y9","operationId":"oiioaodkcojh4y9","timestamp":1765142674013,"id":"cqz422a4naav4mp"}
