{"type":"operationStart","subtype":"profile","data":{"_id":"xnPPi2xeUmPBfuFh","timestamp":"2025-12-26T12:51:35.439Z","state":"running","mode":"standard","creationDate":"2025-12-26T12:51:35.460Z","modificationDate":"2025-12-26T12:51:35.460Z","shortid":"15gHGLn","$entitySet":"profiles","timeout":60000},"doDiffs":false,"timestamp":1766753495446,"id":"m57zowtjhkllh2u","previousOperationId":null,"operationId":"hneqmxqalrtbykm"}
{"type":"log","level":"info","message":"Render request 4 queued for execution and waiting for available worker","previousOperationId":"hneqmxqalrtbykm","timestamp":1766753495447,"id":"le5l5os2kva8z92"}
{"type":"operationStart","subtype":"render","name":"anonymous","previousOperationId":"hneqmxqalrtbykm","timestamp":1766753495519,"id":"096x6c8e38cj5qd","previousEventId":"m57zowtjhkllh2u","operationId":"ur5ll4377b8bh61"}
{"type":"log","timestamp":1766753495519,"level":"info","message":"Starting rendering request 4","meta":{"rootId":"zpe0kvn3a4qzokg","id":"zpe0kvn3a4qzokg"},"id":"mbsax5sst5is1sn","previousOperationId":"ur5ll4377b8bh61"}
{"type":"log","timestamp":1766753495520,"level":"info","message":"Rendering anonymous template { recipe: pptx, engine: handlebars }","meta":{"rootId":"zpe0kvn3a4qzokg","id":"zpe0kvn3a4qzokg"},"id":"knxnbin5uwub7er","previousOperationId":"ur5ll4377b8bh61"}
{"type":"log","timestamp":1766753495520,"level":"debug","message":"Inline data specified.","meta":{"rootId":"zpe0kvn3a4qzokg","id":"zpe0kvn3a4qzokg"},"id":"3xwx5zqstyimj6y","previousOperationId":"ur5ll4377b8bh61"}
{"type":"log","timestamp":1766753495522,"level":"debug","message":"Base url not specified, skipping its injection.","meta":{"rootId":"zpe0kvn3a4qzokg","id":"zpe0kvn3a4qzokg"},"id":"ejbxpr7r1ngk1md","previousOperationId":"ur5ll4377b8bh61"}
{"type":"operationStart","subtype":"engine","name":"handlebars","timestamp":1766753495523,"id":"u50jv8jvqi1g4i4","previousEventId":"096x6c8e38cj5qd","operationId":"vrr325yxmwao0ch","previousOperationId":"ur5ll4377b8bh61"}
{"type":"log","timestamp":1766753495523,"level":"debug","message":"Rendering engine handlebars","meta":{"rootId":"zpe0kvn3a4qzokg","id":"zpe0kvn3a4qzokg"},"id":"ltzbxqvf1fjc5xo","previousOperationId":"vrr325yxmwao0ch"}
{"type":"operationEnd","operationId":"vrr325yxmwao0ch","timestamp":1766753495547,"id":"qgiz865eyq7gigq","previousEventId":"u50jv8jvqi1g4i4","previousOperationId":"vrr325yxmwao0ch"}
{"type":"operationStart","subtype":"recipe","name":"pptx","timestamp":1766753495548,"id":"7p9rfpzu83dp9l3","previousEventId":"qgiz865eyq7gigq","operationId":"vi65adrpihcey7j","previousOperationId":"vrr325yxmwao0ch"}
{"type":"log","timestamp":1766753495548,"level":"debug","message":"Executing recipe pptx","meta":{"rootId":"zpe0kvn3a4qzokg","id":"zpe0kvn3a4qzokg"},"id":"v75v6swxgp04vaa","previousOperationId":"vi65adrpihcey7j"}
{"type":"log","timestamp":1766753495572,"level":"info","message":"pptx generation is starting","meta":{"rootId":"zpe0kvn3a4qzokg","id":"zpe0kvn3a4qzokg"},"id":"fknru7ymmcr1ryr","previousOperationId":"vi65adrpihcey7j"}
{"type":"log","timestamp":1766753497299,"level":"debug","message":"Starting child request to render pptx dynamic parts","meta":{"rootId":"zpe0kvn3a4qzokg","id":"zpe0kvn3a4qzokg"},"id":"ed4gxseusac5gy6","previousOperationId":"vi65adrpihcey7j"}
{"type":"operationStart","subtype":"render","name":"anonymous","previousOperationId":"vi65adrpihcey7j","timestamp":1766753497300,"id":"6i4z4lnictg0na1","previousEventId":"7p9rfpzu83dp9l3","operationId":"i9iu2qqtlvb43ft"}
{"type":"log","timestamp":1766753497300,"level":"info","message":"Starting rendering (child) request","meta":{"rootId":"zpe0kvn3a4qzokg","id":"fstecxfn55gq9th"},"id":"56cru1u87der72x","previousOperationId":"i9iu2qqtlvb43ft"}
{"type":"log","timestamp":1766753497300,"level":"info","message":"Rendering anonymous template { recipe: html, engine: handlebars }","meta":{"rootId":"zpe0kvn3a4qzokg","id":"fstecxfn55gq9th"},"id":"ax9quujer9jom34","previousOperationId":"i9iu2qqtlvb43ft"}
{"type":"log","timestamp":1766753497300,"level":"debug","message":"Inline data specified.","meta":{"rootId":"zpe0kvn3a4qzokg","id":"fstecxfn55gq9th"},"id":"uyp6qt9kq7gj1ir","previousOperationId":"i9iu2qqtlvb43ft"}
{"type":"log","timestamp":1766753497310,"level":"debug","message":"Base url not specified, skipping its injection.","meta":{"rootId":"zpe0kvn3a4qzokg","id":"fstecxfn55gq9th"},"id":"mekr94bi6qrmjgj","previousOperationId":"i9iu2qqtlvb43ft"}
{"type":"operationStart","subtype":"engine","name":"handlebars","timestamp":1766753497312,"id":"php9mjmyzytxe3x","previousEventId":"6i4z4lnictg0na1","operationId":"ixpr9f1ibslolq1","previousOperationId":"i9iu2qqtlvb43ft"}
{"type":"log","timestamp":1766753497312,"level":"debug","message":"Rendering engine handlebars","meta":{"rootId":"zpe0kvn3a4qzokg","id":"fstecxfn55gq9th"},"id":"5vuy9lfj5d4bspz","previousOperationId":"ixpr9f1ibslolq1"}
{"type":"operationEnd","operationId":"ixpr9f1ibslolq1","timestamp":1766753497470,"id":"c8v9bdojwxly2a9","previousEventId":"php9mjmyzytxe3x","previousOperationId":"ixpr9f1ibslolq1"}
{"type":"operationStart","subtype":"recipe","name":"html","timestamp":1766753497483,"id":"ac9fkucc5czdnm4","previousEventId":"c8v9bdojwxly2a9","operationId":"tc3glksf8owyar3","previousOperationId":"ixpr9f1ibslolq1"}
{"type":"log","timestamp":1766753497483,"level":"debug","message":"Executing recipe html","meta":{"rootId":"zpe0kvn3a4qzokg","id":"fstecxfn55gq9th"},"id":"p2binp0nrso1uu1","previousOperationId":"tc3glksf8owyar3"}
{"type":"operationEnd","operationId":"tc3glksf8owyar3","timestamp":1766753497483,"id":"ti5s9ds7fgbltd8","previousEventId":"ac9fkucc5czdnm4","previousOperationId":"tc3glksf8owyar3"}
{"type":"log","timestamp":1766753497484,"level":"debug","message":"Skipping storing report.","meta":{"rootId":"zpe0kvn3a4qzokg","id":"fstecxfn55gq9th"},"id":"3qkjq1eb67nft1u","previousOperationId":"tc3glksf8owyar3"}
{"type":"log","timestamp":1766753497484,"level":"info","message":"Rendering (child) request finished in 2050 ms","meta":{"rootId":"zpe0kvn3a4qzokg","id":"fstecxfn55gq9th"},"id":"itpr5xizq7l9agt","previousOperationId":"tc3glksf8owyar3"}
{"type":"operationEnd","subtype":"render","operationId":"i9iu2qqtlvb43ft","timestamp":1766753497484,"id":"zbv4nsfjfv69wa1","previousEventId":"ti5s9ds7fgbltd8","previousOperationId":"tc3glksf8owyar3"}
{"type":"log","timestamp":1766753503302,"level":"debug","message":"pptx successfully zipped","meta":{"rootId":"zpe0kvn3a4qzokg","id":"zpe0kvn3a4qzokg"},"id":"d54fr9vfzeencft","previousOperationId":"vi65adrpihcey7j"}
{"type":"log","timestamp":1766753503303,"level":"info","message":"pptx generation was finished","meta":{"rootId":"zpe0kvn3a4qzokg","id":"zpe0kvn3a4qzokg"},"id":"cqp661n3i05o6k9","previousOperationId":"vi65adrpihcey7j"}
{"type":"operationEnd","operationId":"vi65adrpihcey7j","timestamp":1766753503313,"id":"30hgos0so1rm76t","previousEventId":"7p9rfpzu83dp9l3","previousOperationId":"vi65adrpihcey7j"}
{"type":"log","timestamp":1766753503313,"level":"debug","message":"Skipping storing report.","meta":{"rootId":"zpe0kvn3a4qzokg","id":"zpe0kvn3a4qzokg"},"id":"w4ae419mpbjlk1q","previousOperationId":"vi65adrpihcey7j"}
{"type":"log","timestamp":1766753503313,"level":"info","message":"Rendering request 4 finished in 7879 ms","meta":{"rootId":"zpe0kvn3a4qzokg","id":"zpe0kvn3a4qzokg"},"id":"85uh4aqt0l5ehp7","previousOperationId":"vi65adrpihcey7j"}
{"type":"operationEnd","subtype":"render","operationId":"ur5ll4377b8bh61","timestamp":1766753503314,"id":"p01ikgzvyvzeckd","previousEventId":"30hgos0so1rm76t","previousOperationId":"vi65adrpihcey7j"}
{"type":"operationEnd","doDiffs":false,"previousEventId":"m57zowtjhkllh2u","previousOperationId":"hneqmxqalrtbykm","operationId":"hneqmxqalrtbykm","timestamp":1766753503319,"id":"6r7l5yllsgikn0o"}
