{"type":"operationStart","subtype":"profile","data":{"_id":"L8UbsRlSwQk2q9EE","timestamp":"2025-12-26T12:39:13.260Z","state":"running","mode":"standard","creationDate":"2025-12-26T12:39:13.266Z","modificationDate":"2025-12-26T12:39:13.266Z","shortid":"_OoCw2V","$entitySet":"profiles","timeout":60000},"doDiffs":false,"timestamp":1766752753264,"id":"chu8zgaylw43ay4","previousOperationId":null,"operationId":"gpo4zx7c5e7f53b"}
{"type":"log","level":"info","message":"Render request 1 queued for execution and waiting for available worker","previousOperationId":"gpo4zx7c5e7f53b","timestamp":1766752753264,"id":"i5ssw5lm4rsb3tv"}
{"type":"operationStart","subtype":"render","name":"anonymous","previousOperationId":"gpo4zx7c5e7f53b","timestamp":1766752753334,"id":"ztx47sedrrcfl65","previousEventId":"chu8zgaylw43ay4","operationId":"pz3vro8g2sqw5cq"}
{"type":"log","timestamp":1766752753336,"level":"info","message":"Starting rendering request 1","meta":{"rootId":"zqw662dbcq5tn41","id":"zqw662dbcq5tn41"},"id":"k7pepp5ejb90i3b","previousOperationId":"pz3vro8g2sqw5cq"}
{"type":"log","timestamp":1766752753338,"level":"info","message":"Rendering anonymous template { recipe: pptx, engine: handlebars }","meta":{"rootId":"zqw662dbcq5tn41","id":"zqw662dbcq5tn41"},"id":"h6lhov5tfb9q949","previousOperationId":"pz3vro8g2sqw5cq"}
{"type":"log","timestamp":1766752753338,"level":"debug","message":"Inline data specified.","meta":{"rootId":"zqw662dbcq5tn41","id":"zqw662dbcq5tn41"},"id":"5c7rfv71hznkfmo","previousOperationId":"pz3vro8g2sqw5cq"}
{"type":"log","timestamp":1766752753346,"level":"debug","message":"Base url not specified, skipping its injection.","meta":{"rootId":"zqw662dbcq5tn41","id":"zqw662dbcq5tn41"},"id":"k251z4mmyakzhs0","previousOperationId":"pz3vro8g2sqw5cq"}
{"type":"operationStart","subtype":"engine","name":"handlebars","timestamp":1766752753349,"id":"kyqkavgqwtf8pph","previousEventId":"ztx47sedrrcfl65","operationId":"fclblcxaygh3099","previousOperationId":"pz3vro8g2sqw5cq"}
{"type":"log","timestamp":1766752753349,"level":"debug","message":"Rendering engine handlebars","meta":{"rootId":"zqw662dbcq5tn41","id":"zqw662dbcq5tn41"},"id":"amwk5led9ksz5an","previousOperationId":"fclblcxaygh3099"}
{"type":"operationEnd","operationId":"fclblcxaygh3099","timestamp":1766752754595,"id":"okhoptetufg8kgg","previousEventId":"kyqkavgqwtf8pph","previousOperationId":"fclblcxaygh3099"}
{"type":"operationStart","subtype":"recipe","name":"pptx","timestamp":1766752754596,"id":"hgd447pb6hev3t2","previousEventId":"okhoptetufg8kgg","operationId":"wkqzyax32st5k4n","previousOperationId":"fclblcxaygh3099"}
{"type":"log","timestamp":1766752754596,"level":"debug","message":"Executing recipe pptx","meta":{"rootId":"zqw662dbcq5tn41","id":"zqw662dbcq5tn41"},"id":"t3g2hq6n9fklnak","previousOperationId":"wkqzyax32st5k4n"}
{"type":"log","timestamp":1766752754869,"level":"info","message":"pptx generation is starting","meta":{"rootId":"zqw662dbcq5tn41","id":"zqw662dbcq5tn41"},"id":"7jp8vu3esvieh51","previousOperationId":"wkqzyax32st5k4n"}
{"type":"log","timestamp":1766752756720,"level":"debug","message":"Starting child request to render pptx dynamic parts","meta":{"rootId":"zqw662dbcq5tn41","id":"zqw662dbcq5tn41"},"id":"jdoo0606wrvdsun","previousOperationId":"wkqzyax32st5k4n"}
{"type":"operationStart","subtype":"render","name":"anonymous","previousOperationId":"wkqzyax32st5k4n","timestamp":1766752756722,"id":"qey1fxhutnentx7","previousEventId":"hgd447pb6hev3t2","operationId":"ojoqsh5y7fst0hm"}
{"type":"log","timestamp":1766752756722,"level":"info","message":"Starting rendering (child) request","meta":{"rootId":"zqw662dbcq5tn41","id":"bop0lye7ked88po"},"id":"rmqowdjfjo4nii0","previousOperationId":"ojoqsh5y7fst0hm"}
{"type":"log","timestamp":1766752756722,"level":"info","message":"Rendering anonymous template { recipe: html, engine: handlebars }","meta":{"rootId":"zqw662dbcq5tn41","id":"bop0lye7ked88po"},"id":"ruioprxd68lte1q","previousOperationId":"ojoqsh5y7fst0hm"}
{"type":"log","timestamp":1766752756722,"level":"debug","message":"Inline data specified.","meta":{"rootId":"zqw662dbcq5tn41","id":"bop0lye7ked88po"},"id":"i7hsdf4pt82bezv","previousOperationId":"ojoqsh5y7fst0hm"}
{"type":"log","timestamp":1766752756730,"level":"debug","message":"Base url not specified, skipping its injection.","meta":{"rootId":"zqw662dbcq5tn41","id":"bop0lye7ked88po"},"id":"dfvvuzqzu27z00c","previousOperationId":"ojoqsh5y7fst0hm"}
{"type":"operationStart","subtype":"engine","name":"handlebars","timestamp":1766752756733,"id":"vxi7sgf2yb9e2t6","previousEventId":"qey1fxhutnentx7","operationId":"8xemgdrzro0408p","previousOperationId":"ojoqsh5y7fst0hm"}
{"type":"log","timestamp":1766752756733,"level":"debug","message":"Rendering engine handlebars","meta":{"rootId":"zqw662dbcq5tn41","id":"bop0lye7ked88po"},"id":"7iliudtzdzf7g3k","previousOperationId":"8xemgdrzro0408p"}
{"type":"operationEnd","operationId":"8xemgdrzro0408p","timestamp":1766752756908,"id":"22yggzztvkakps6","previousEventId":"vxi7sgf2yb9e2t6","previousOperationId":"8xemgdrzro0408p"}
{"type":"operationStart","subtype":"recipe","name":"html","timestamp":1766752756923,"id":"951s9wj9w0m7mpi","previousEventId":"22yggzztvkakps6","operationId":"d0ojmyztgfodzv8","previousOperationId":"8xemgdrzro0408p"}
{"type":"log","timestamp":1766752756923,"level":"debug","message":"Executing recipe html","meta":{"rootId":"zqw662dbcq5tn41","id":"bop0lye7ked88po"},"id":"683t2r9j7ygg7ua","previousOperationId":"d0ojmyztgfodzv8"}
{"type":"operationEnd","operationId":"d0ojmyztgfodzv8","timestamp":1766752756923,"id":"s4iun8d6d7ewwoe","previousEventId":"951s9wj9w0m7mpi","previousOperationId":"d0ojmyztgfodzv8"}
{"type":"log","timestamp":1766752756925,"level":"debug","message":"Skipping storing report.","meta":{"rootId":"zqw662dbcq5tn41","id":"bop0lye7ked88po"},"id":"p0iu87gsfousxot","previousOperationId":"d0ojmyztgfodzv8"}
{"type":"log","timestamp":1766752756925,"level":"info","message":"Rendering (child) request finished in 3667 ms","meta":{"rootId":"zqw662dbcq5tn41","id":"bop0lye7ked88po"},"id":"gurcwj8va3yinsn","previousOperationId":"d0ojmyztgfodzv8"}
{"type":"operationEnd","subtype":"render","operationId":"ojoqsh5y7fst0hm","timestamp":1766752756925,"id":"i0st2bquv46fqvi","previousEventId":"s4iun8d6d7ewwoe","previousOperationId":"d0ojmyztgfodzv8"}
{"type":"log","timestamp":1766752762891,"level":"debug","message":"pptx successfully zipped","meta":{"rootId":"zqw662dbcq5tn41","id":"zqw662dbcq5tn41"},"id":"x3ntryqnv42vzku","previousOperationId":"wkqzyax32st5k4n"}
{"type":"log","timestamp":1766752762891,"level":"info","message":"pptx generation was finished","meta":{"rootId":"zqw662dbcq5tn41","id":"zqw662dbcq5tn41"},"id":"qff8eo5ricxikkk","previousOperationId":"wkqzyax32st5k4n"}
{"type":"operationEnd","operationId":"wkqzyax32st5k4n","timestamp":1766752762906,"id":"hwhyso5r49ww2gz","previousEventId":"hgd447pb6hev3t2","previousOperationId":"wkqzyax32st5k4n"}
{"type":"log","timestamp":1766752762907,"level":"debug","message":"Skipping storing report.","meta":{"rootId":"zqw662dbcq5tn41","id":"zqw662dbcq5tn41"},"id":"fkz40qhukghlaf1","previousOperationId":"wkqzyax32st5k4n"}
{"type":"log","timestamp":1766752762907,"level":"info","message":"Rendering request 1 finished in 9649 ms","meta":{"rootId":"zqw662dbcq5tn41","id":"zqw662dbcq5tn41"},"id":"1th3qchws41ur0p","previousOperationId":"wkqzyax32st5k4n"}
{"type":"operationEnd","subtype":"render","operationId":"pz3vro8g2sqw5cq","timestamp":1766752762907,"id":"0me01rk9tj24mmp","previousEventId":"hwhyso5r49ww2gz","previousOperationId":"wkqzyax32st5k4n"}
{"type":"operationEnd","doDiffs":false,"previousEventId":"chu8zgaylw43ay4","previousOperationId":"gpo4zx7c5e7f53b","operationId":"gpo4zx7c5e7f53b","timestamp":1766752762914,"id":"5a9n7fn15jdjvl2"}
