{"type":"operationStart","subtype":"profile","data":{"_id":"7fU9XBdtusJZpziJ","timestamp":"2025-12-07T21:14:33.178Z","state":"running","mode":"standard","creationDate":"2025-12-07T21:14:33.182Z","modificationDate":"2025-12-07T21:14:33.182Z","shortid":"mphqhjO","$entitySet":"profiles","timeout":60000},"doDiffs":false,"timestamp":1765142073181,"id":"el3qbdu7aqqz15o","previousOperationId":null,"operationId":"utwkwvgfodr4cdm"}
{"type":"log","level":"info","message":"Render request 1 queued for execution and waiting for available worker","previousOperationId":"utwkwvgfodr4cdm","timestamp":1765142073181,"id":"tzhvkahu94pgjaz"}
{"type":"operationStart","subtype":"render","name":"anonymous","previousOperationId":"utwkwvgfodr4cdm","timestamp":1765142073257,"id":"4pyk3xqxfvymji4","previousEventId":"el3qbdu7aqqz15o","operationId":"d02lr4wegugr5ud"}
{"type":"log","timestamp":1765142073259,"level":"info","message":"Starting rendering request 1","meta":{"rootId":"zrp0j3jonqqnvd8","id":"zrp0j3jonqqnvd8"},"id":"btkzprgdiv6yzcx","previousOperationId":"d02lr4wegugr5ud"}
{"type":"log","timestamp":1765142073261,"level":"info","message":"Rendering anonymous template { recipe: pptx, engine: handlebars }","meta":{"rootId":"zrp0j3jonqqnvd8","id":"zrp0j3jonqqnvd8"},"id":"9tkhj2kmlhfdd6b","previousOperationId":"d02lr4wegugr5ud"}
{"type":"log","timestamp":1765142073262,"level":"debug","message":"Inline data specified.","meta":{"rootId":"zrp0j3jonqqnvd8","id":"zrp0j3jonqqnvd8"},"id":"kyqywywpbhkbbz9","previousOperationId":"d02lr4wegugr5ud"}
{"type":"log","timestamp":1765142073267,"level":"debug","message":"Base url not specified, skipping its injection.","meta":{"rootId":"zrp0j3jonqqnvd8","id":"zrp0j3jonqqnvd8"},"id":"zp3rc656e3obset","previousOperationId":"d02lr4wegugr5ud"}
{"type":"operationStart","subtype":"engine","name":"handlebars","timestamp":1765142073270,"id":"stjtbjzgova4t8a","previousEventId":"4pyk3xqxfvymji4","operationId":"z47ngsltmjodxpd","previousOperationId":"d02lr4wegugr5ud"}
{"type":"log","timestamp":1765142073270,"level":"debug","message":"Rendering engine handlebars","meta":{"rootId":"zrp0j3jonqqnvd8","id":"zrp0j3jonqqnvd8"},"id":"mkdlyob58e3xpq1","previousOperationId":"z47ngsltmjodxpd"}
{"type":"operationEnd","operationId":"z47ngsltmjodxpd","timestamp":1765142074105,"id":"l55rb9rk36gnhy9","previousEventId":"stjtbjzgova4t8a","previousOperationId":"z47ngsltmjodxpd"}
{"type":"operationStart","subtype":"recipe","name":"pptx","timestamp":1765142074106,"id":"2cspwsejm0t55y7","previousEventId":"l55rb9rk36gnhy9","operationId":"0bcg2jgwxd3a05t","previousOperationId":"z47ngsltmjodxpd"}
{"type":"log","timestamp":1765142074106,"level":"debug","message":"Executing recipe pptx","meta":{"rootId":"zrp0j3jonqqnvd8","id":"zrp0j3jonqqnvd8"},"id":"1ym38bfz65ai9xg","previousOperationId":"0bcg2jgwxd3a05t"}
{"type":"log","timestamp":1765142074289,"level":"info","message":"pptx generation is starting","meta":{"rootId":"zrp0j3jonqqnvd8","id":"zrp0j3jonqqnvd8"},"id":"jbfayj0m7835urq","previousOperationId":"0bcg2jgwxd3a05t"}
{"type":"log","timestamp":1765142075304,"level":"debug","message":"Starting child request to render pptx dynamic parts","meta":{"rootId":"zrp0j3jonqqnvd8","id":"zrp0j3jonqqnvd8"},"id":"95irrqp3q7zrs81","previousOperationId":"0bcg2jgwxd3a05t"}
{"type":"operationStart","subtype":"render","name":"anonymous","previousOperationId":"0bcg2jgwxd3a05t","timestamp":1765142075306,"id":"cdmcudsq69224d8","previousEventId":"2cspwsejm0t55y7","operationId":"o0irlymj6zox6nv"}
{"type":"log","timestamp":1765142075306,"level":"info","message":"Starting rendering (child) request","meta":{"rootId":"zrp0j3jonqqnvd8","id":"sg53hplgaa770ne"},"id":"olmn83w593x4qq4","previousOperationId":"o0irlymj6zox6nv"}
{"type":"log","timestamp":1765142075306,"level":"info","message":"Rendering anonymous template { recipe: html, engine: handlebars }","meta":{"rootId":"zrp0j3jonqqnvd8","id":"sg53hplgaa770ne"},"id":"h9qv7fwzmbxi9or","previousOperationId":"o0irlymj6zox6nv"}
{"type":"log","timestamp":1765142075306,"level":"debug","message":"Inline data specified.","meta":{"rootId":"zrp0j3jonqqnvd8","id":"sg53hplgaa770ne"},"id":"ikagxd7k4q9pa8z","previousOperationId":"o0irlymj6zox6nv"}
{"type":"log","timestamp":1765142075310,"level":"debug","message":"Base url not specified, skipping its injection.","meta":{"rootId":"zrp0j3jonqqnvd8","id":"sg53hplgaa770ne"},"id":"9lhx6x54a11fojr","previousOperationId":"o0irlymj6zox6nv"}
{"type":"operationStart","subtype":"engine","name":"handlebars","timestamp":1765142075312,"id":"9bsrhilrbornc8n","previousEventId":"cdmcudsq69224d8","operationId":"d2j4hu3v3kmzjhn","previousOperationId":"o0irlymj6zox6nv"}
{"type":"log","timestamp":1765142075312,"level":"debug","message":"Rendering engine handlebars","meta":{"rootId":"zrp0j3jonqqnvd8","id":"sg53hplgaa770ne"},"id":"fjvxs0qmf1e8a2i","previousOperationId":"d2j4hu3v3kmzjhn"}
{"type":"operationEnd","operationId":"d2j4hu3v3kmzjhn","timestamp":1765142075423,"id":"r60e7sk1f1t7vld","previousEventId":"9bsrhilrbornc8n","previousOperationId":"d2j4hu3v3kmzjhn"}
{"type":"operationStart","subtype":"recipe","name":"html","timestamp":1765142075433,"id":"vuegjsgutk963po","previousEventId":"r60e7sk1f1t7vld","operationId":"bcj3ryhkd0yw5jb","previousOperationId":"d2j4hu3v3kmzjhn"}
{"type":"log","timestamp":1765142075433,"level":"debug","message":"Executing recipe html","meta":{"rootId":"zrp0j3jonqqnvd8","id":"sg53hplgaa770ne"},"id":"9xr93e6mnk7e0ql","previousOperationId":"bcj3ryhkd0yw5jb"}
{"type":"operationEnd","operationId":"bcj3ryhkd0yw5jb","timestamp":1765142075433,"id":"57ahjs2h4m8y8ym","previousEventId":"vuegjsgutk963po","previousOperationId":"bcj3ryhkd0yw5jb"}
{"type":"log","timestamp":1765142075434,"level":"debug","message":"Skipping storing report.","meta":{"rootId":"zrp0j3jonqqnvd8","id":"sg53hplgaa770ne"},"id":"5cg1ub3kdqy807e","previousOperationId":"bcj3ryhkd0yw5jb"}
{"type":"log","timestamp":1765142075434,"level":"info","message":"Rendering (child) request finished in 2259 ms","meta":{"rootId":"zrp0j3jonqqnvd8","id":"sg53hplgaa770ne"},"id":"x54pnyi8l7k16gr","previousOperationId":"bcj3ryhkd0yw5jb"}
{"type":"operationEnd","subtype":"render","operationId":"o0irlymj6zox6nv","timestamp":1765142075434,"id":"ehimlcw5du8tou4","previousEventId":"57ahjs2h4m8y8ym","previousOperationId":"bcj3ryhkd0yw5jb"}
{"type":"log","timestamp":1765142079625,"level":"debug","message":"pptx successfully zipped","meta":{"rootId":"zrp0j3jonqqnvd8","id":"zrp0j3jonqqnvd8"},"id":"xwim9166xey7ofa","previousOperationId":"0bcg2jgwxd3a05t"}
{"type":"log","timestamp":1765142079625,"level":"info","message":"pptx generation was finished","meta":{"rootId":"zrp0j3jonqqnvd8","id":"zrp0j3jonqqnvd8"},"id":"rg0555vooxtpgmg","previousOperationId":"0bcg2jgwxd3a05t"}
{"type":"operationEnd","operationId":"0bcg2jgwxd3a05t","timestamp":1765142079637,"id":"jr8feujiaq34vv0","previousEventId":"2cspwsejm0t55y7","previousOperationId":"0bcg2jgwxd3a05t"}
{"type":"log","timestamp":1765142079637,"level":"debug","message":"Skipping storing report.","meta":{"rootId":"zrp0j3jonqqnvd8","id":"zrp0j3jonqqnvd8"},"id":"zi3bonmg2ffbkcb","previousOperationId":"0bcg2jgwxd3a05t"}
{"type":"log","timestamp":1765142079637,"level":"info","message":"Rendering request 1 finished in 6462 ms","meta":{"rootId":"zrp0j3jonqqnvd8","id":"zrp0j3jonqqnvd8"},"id":"x2pnu1jjv6yjfmb","previousOperationId":"0bcg2jgwxd3a05t"}
{"type":"operationEnd","subtype":"render","operationId":"d02lr4wegugr5ud","timestamp":1765142079637,"id":"wju2zxasurl07ia","previousEventId":"jr8feujiaq34vv0","previousOperationId":"0bcg2jgwxd3a05t"}
{"type":"operationEnd","doDiffs":false,"previousEventId":"el3qbdu7aqqz15o","previousOperationId":"utwkwvgfodr4cdm","operationId":"utwkwvgfodr4cdm","timestamp":1765142079644,"id":"2hmzf1updsa4p4a"}
