{"type":"operationStart","subtype":"profile","data":{"_id":"yNLjzRSZycdmUZmZ","timestamp":"2025-12-26T12:59:22.535Z","state":"running","mode":"standard","creationDate":"2025-12-26T12:59:22.542Z","modificationDate":"2025-12-26T12:59:22.542Z","shortid":"hmhh2i7","$entitySet":"profiles","timeout":60000},"doDiffs":false,"timestamp":1766753962539,"id":"c52fyvn0qaamoli","previousOperationId":null,"operationId":"8iwot2gv0q099sa"}
{"type":"log","level":"info","message":"Render request 2 queued for execution and waiting for available worker","previousOperationId":"8iwot2gv0q099sa","timestamp":1766753962539,"id":"i61rbtingedq3g4"}
{"type":"operationStart","subtype":"render","name":"anonymous","previousOperationId":"8iwot2gv0q099sa","timestamp":1766753962624,"id":"8wg2b8acjtjuoj6","previousEventId":"c52fyvn0qaamoli","operationId":"rir7wl9be0zpv83"}
{"type":"log","timestamp":1766753962625,"level":"info","message":"Starting rendering request 2","meta":{"rootId":"zt4bey85v9cxaxr","id":"zt4bey85v9cxaxr"},"id":"ol47xlupr9a4i31","previousOperationId":"rir7wl9be0zpv83"}
{"type":"log","timestamp":1766753962629,"level":"info","message":"Rendering anonymous template { recipe: pptx, engine: handlebars }","meta":{"rootId":"zt4bey85v9cxaxr","id":"zt4bey85v9cxaxr"},"id":"cmodkvy4m71j81g","previousOperationId":"rir7wl9be0zpv83"}
{"type":"log","timestamp":1766753962632,"level":"debug","message":"Inline data specified.","meta":{"rootId":"zt4bey85v9cxaxr","id":"zt4bey85v9cxaxr"},"id":"l20lzdushcwbccm","previousOperationId":"rir7wl9be0zpv83"}
{"type":"log","timestamp":1766753962639,"level":"debug","message":"Base url not specified, skipping its injection.","meta":{"rootId":"zt4bey85v9cxaxr","id":"zt4bey85v9cxaxr"},"id":"ev8ldt3kq9uzlog","previousOperationId":"rir7wl9be0zpv83"}
{"type":"operationStart","subtype":"engine","name":"handlebars","timestamp":1766753962643,"id":"n0cv88dqem1t4sz","previousEventId":"8wg2b8acjtjuoj6","operationId":"3lbjsgfvdnosjav","previousOperationId":"rir7wl9be0zpv83"}
{"type":"log","timestamp":1766753962644,"level":"debug","message":"Rendering engine handlebars","meta":{"rootId":"zt4bey85v9cxaxr","id":"zt4bey85v9cxaxr"},"id":"cs4hr9596eiei19","previousOperationId":"3lbjsgfvdnosjav"}
{"type":"operationEnd","operationId":"3lbjsgfvdnosjav","timestamp":1766753963958,"id":"u9qcd2lslylywg4","previousEventId":"n0cv88dqem1t4sz","previousOperationId":"3lbjsgfvdnosjav"}
{"type":"operationStart","subtype":"recipe","name":"pptx","timestamp":1766753963959,"id":"regcmn8i9dy0815","previousEventId":"u9qcd2lslylywg4","operationId":"xullg4e4x9kzpgf","previousOperationId":"3lbjsgfvdnosjav"}
{"type":"log","timestamp":1766753963959,"level":"debug","message":"Executing recipe pptx","meta":{"rootId":"zt4bey85v9cxaxr","id":"zt4bey85v9cxaxr"},"id":"qh6igkcpnvc6njp","previousOperationId":"xullg4e4x9kzpgf"}
{"type":"log","timestamp":1766753964246,"level":"info","message":"pptx generation is starting","meta":{"rootId":"zt4bey85v9cxaxr","id":"zt4bey85v9cxaxr"},"id":"vnx5flnsorwf51d","previousOperationId":"xullg4e4x9kzpgf"}
{"type":"log","timestamp":1766753966073,"level":"debug","message":"Starting child request to render pptx dynamic parts","meta":{"rootId":"zt4bey85v9cxaxr","id":"zt4bey85v9cxaxr"},"id":"06vx5pjmlt6jscz","previousOperationId":"xullg4e4x9kzpgf"}
{"type":"operationStart","subtype":"render","name":"anonymous","previousOperationId":"xullg4e4x9kzpgf","timestamp":1766753966075,"id":"j7f47uy140gyjlf","previousEventId":"regcmn8i9dy0815","operationId":"n39w05tqmz6d8qx"}
{"type":"log","timestamp":1766753966075,"level":"info","message":"Starting rendering (child) request","meta":{"rootId":"zt4bey85v9cxaxr","id":"tevqfrywxcu1vvy"},"id":"omy0eq2a2j4it35","previousOperationId":"n39w05tqmz6d8qx"}
{"type":"log","timestamp":1766753966075,"level":"info","message":"Rendering anonymous template { recipe: html, engine: handlebars }","meta":{"rootId":"zt4bey85v9cxaxr","id":"tevqfrywxcu1vvy"},"id":"1e0fost3jymsv95","previousOperationId":"n39w05tqmz6d8qx"}
{"type":"log","timestamp":1766753966075,"level":"debug","message":"Inline data specified.","meta":{"rootId":"zt4bey85v9cxaxr","id":"tevqfrywxcu1vvy"},"id":"352h2f0zgyicq71","previousOperationId":"n39w05tqmz6d8qx"}
{"type":"log","timestamp":1766753966084,"level":"debug","message":"Base url not specified, skipping its injection.","meta":{"rootId":"zt4bey85v9cxaxr","id":"tevqfrywxcu1vvy"},"id":"bg06azeczbhwwpi","previousOperationId":"n39w05tqmz6d8qx"}
{"type":"operationStart","subtype":"engine","name":"handlebars","timestamp":1766753966087,"id":"rofjwb62whkry05","previousEventId":"j7f47uy140gyjlf","operationId":"3l6j0ci1iv34it8","previousOperationId":"n39w05tqmz6d8qx"}
{"type":"log","timestamp":1766753966087,"level":"debug","message":"Rendering engine handlebars","meta":{"rootId":"zt4bey85v9cxaxr","id":"tevqfrywxcu1vvy"},"id":"nu6ansrnzjd2jcn","previousOperationId":"3l6j0ci1iv34it8"}
{"type":"operationEnd","operationId":"3l6j0ci1iv34it8","timestamp":1766753966265,"id":"g8r7p4am9kd1c77","previousEventId":"rofjwb62whkry05","previousOperationId":"3l6j0ci1iv34it8"}
{"type":"operationStart","subtype":"recipe","name":"html","timestamp":1766753966280,"id":"0f651x8hi5pemxz","previousEventId":"g8r7p4am9kd1c77","operationId":"g2p204slgd3hvmc","previousOperationId":"3l6j0ci1iv34it8"}
{"type":"log","timestamp":1766753966280,"level":"debug","message":"Executing recipe html","meta":{"rootId":"zt4bey85v9cxaxr","id":"tevqfrywxcu1vvy"},"id":"4lr72zmtwcggdsh","previousOperationId":"g2p204slgd3hvmc"}
{"type":"operationEnd","operationId":"g2p204slgd3hvmc","timestamp":1766753966280,"id":"bwuyv2q6uzq0buu","previousEventId":"0f651x8hi5pemxz","previousOperationId":"g2p204slgd3hvmc"}
{"type":"log","timestamp":1766753966282,"level":"debug","message":"Skipping storing report.","meta":{"rootId":"zt4bey85v9cxaxr","id":"tevqfrywxcu1vvy"},"id":"5qwo0ym0welmo45","previousOperationId":"g2p204slgd3hvmc"}
{"type":"log","timestamp":1766753966282,"level":"info","message":"Rendering (child) request finished in 3752 ms","meta":{"rootId":"zt4bey85v9cxaxr","id":"tevqfrywxcu1vvy"},"id":"2qlp299re0jv2kb","previousOperationId":"g2p204slgd3hvmc"}
{"type":"operationEnd","subtype":"render","operationId":"n39w05tqmz6d8qx","timestamp":1766753966282,"id":"kq8rwilihk8kavr","previousEventId":"bwuyv2q6uzq0buu","previousOperationId":"g2p204slgd3hvmc"}
{"type":"log","timestamp":1766753970899,"level":"debug","message":"pptx successfully zipped","meta":{"rootId":"zt4bey85v9cxaxr","id":"zt4bey85v9cxaxr"},"id":"ks8xpcn3cjieveg","previousOperationId":"xullg4e4x9kzpgf"}
{"type":"log","timestamp":1766753970899,"level":"info","message":"pptx generation was finished","meta":{"rootId":"zt4bey85v9cxaxr","id":"zt4bey85v9cxaxr"},"id":"rzmv9o0zu4quvak","previousOperationId":"xullg4e4x9kzpgf"}
{"type":"operationEnd","operationId":"xullg4e4x9kzpgf","timestamp":1766753970914,"id":"iwrcbh9fha4vlnx","previousEventId":"regcmn8i9dy0815","previousOperationId":"xullg4e4x9kzpgf"}
{"type":"log","timestamp":1766753970914,"level":"debug","message":"Skipping storing report.","meta":{"rootId":"zt4bey85v9cxaxr","id":"zt4bey85v9cxaxr"},"id":"2koeeku6x57cbgb","previousOperationId":"xullg4e4x9kzpgf"}
{"type":"log","timestamp":1766753970914,"level":"info","message":"Rendering request 2 finished in 8384 ms","meta":{"rootId":"zt4bey85v9cxaxr","id":"zt4bey85v9cxaxr"},"id":"0flyjglmp6b9ap0","previousOperationId":"xullg4e4x9kzpgf"}
{"type":"operationEnd","subtype":"render","operationId":"rir7wl9be0zpv83","timestamp":1766753970914,"id":"lc1z6wbshvopuxz","previousEventId":"iwrcbh9fha4vlnx","previousOperationId":"xullg4e4x9kzpgf"}
{"type":"operationEnd","doDiffs":false,"previousEventId":"c52fyvn0qaamoli","previousOperationId":"8iwot2gv0q099sa","operationId":"8iwot2gv0q099sa","timestamp":1766753970920,"id":"6ep85zc64rc9ik0"}
