{"type":"operationStart","subtype":"profile","data":{"_id":"g7tLmUUVDtCza1iR","timestamp":"2025-12-07T16:55:32.089Z","state":"running","mode":"standard","creationDate":"2025-12-07T16:55:32.093Z","modificationDate":"2025-12-07T16:55:32.093Z","shortid":"wdaLSKF","$entitySet":"profiles","timeout":60000},"doDiffs":false,"timestamp":1765126532092,"id":"mvg852iifwfgdx4","previousOperationId":null,"operationId":"5r3vfd632co8maj"}
{"type":"log","level":"info","message":"Render request 25 queued for execution and waiting for available worker","previousOperationId":"5r3vfd632co8maj","timestamp":1765126532092,"id":"bxx24ybitqjwoea"}
{"type":"operationStart","subtype":"render","name":"anonymous","previousOperationId":"5r3vfd632co8maj","timestamp":1765126532106,"id":"b80l7midmbcdrv4","previousEventId":"mvg852iifwfgdx4","operationId":"x2qkwc0rldrracy"}
{"type":"log","timestamp":1765126532106,"level":"info","message":"Starting rendering request 25","meta":{"rootId":"zuglzjrdg0il1ps","id":"zuglzjrdg0il1ps"},"id":"e195hz6yn33isb6","previousOperationId":"x2qkwc0rldrracy"}
{"type":"log","timestamp":1765126532106,"level":"info","message":"Rendering anonymous template { recipe: pptx, engine: handlebars }","meta":{"rootId":"zuglzjrdg0il1ps","id":"zuglzjrdg0il1ps"},"id":"11xxnhyfehjigkh","previousOperationId":"x2qkwc0rldrracy"}
{"type":"log","timestamp":1765126532106,"level":"debug","message":"Inline data specified.","meta":{"rootId":"zuglzjrdg0il1ps","id":"zuglzjrdg0il1ps"},"id":"64lbxlpmldm7rui","previousOperationId":"x2qkwc0rldrracy"}
{"type":"log","timestamp":1765126532108,"level":"debug","message":"Base url not specified, skipping its injection.","meta":{"rootId":"zuglzjrdg0il1ps","id":"zuglzjrdg0il1ps"},"id":"02s3fw921umhexx","previousOperationId":"x2qkwc0rldrracy"}
{"type":"operationStart","subtype":"engine","name":"handlebars","timestamp":1765126532109,"id":"yg2jwl9ayxvpmkw","previousEventId":"b80l7midmbcdrv4","operationId":"dbba379pjjmqm57","previousOperationId":"x2qkwc0rldrracy"}
{"type":"log","timestamp":1765126532109,"level":"debug","message":"Rendering engine handlebars","meta":{"rootId":"zuglzjrdg0il1ps","id":"zuglzjrdg0il1ps"},"id":"3w3ngs5wrt2usge","previousOperationId":"dbba379pjjmqm57"}
{"type":"operationEnd","operationId":"dbba379pjjmqm57","timestamp":1765126532121,"id":"lae9qfn0da4dmx6","previousEventId":"yg2jwl9ayxvpmkw","previousOperationId":"dbba379pjjmqm57"}
{"type":"operationStart","subtype":"recipe","name":"pptx","timestamp":1765126532121,"id":"q9cvoqrhtnglb57","previousEventId":"lae9qfn0da4dmx6","operationId":"iwzgerk5crba22f","previousOperationId":"dbba379pjjmqm57"}
{"type":"log","timestamp":1765126532121,"level":"debug","message":"Executing recipe pptx","meta":{"rootId":"zuglzjrdg0il1ps","id":"zuglzjrdg0il1ps"},"id":"sw5qvfmgu6amqn2","previousOperationId":"iwzgerk5crba22f"}
{"type":"log","timestamp":1765126532122,"level":"info","message":"pptx generation is starting","meta":{"rootId":"zuglzjrdg0il1ps","id":"zuglzjrdg0il1ps"},"id":"lbi438pk0pmu01d","previousOperationId":"iwzgerk5crba22f"}
{"type":"log","timestamp":1765126532343,"level":"debug","message":"Starting child request to render pptx dynamic parts","meta":{"rootId":"zuglzjrdg0il1ps","id":"zuglzjrdg0il1ps"},"id":"wv6kxbrxjxrlg7n","previousOperationId":"iwzgerk5crba22f"}
{"type":"operationStart","subtype":"render","name":"anonymous","previousOperationId":"iwzgerk5crba22f","timestamp":1765126532343,"id":"rooqvdhto5v5i9p","previousEventId":"q9cvoqrhtnglb57","operationId":"xv74reiitai98or"}
{"type":"log","timestamp":1765126532343,"level":"info","message":"Starting rendering (child) request","meta":{"rootId":"zuglzjrdg0il1ps","id":"jp3a53tz1olnq1c"},"id":"dmshas1gqlilk1x","previousOperationId":"xv74reiitai98or"}
{"type":"log","timestamp":1765126532343,"level":"info","message":"Rendering anonymous template { recipe: html, engine: handlebars }","meta":{"rootId":"zuglzjrdg0il1ps","id":"jp3a53tz1olnq1c"},"id":"givs2cr9gzbope9","previousOperationId":"xv74reiitai98or"}
{"type":"log","timestamp":1765126532343,"level":"debug","message":"Inline data specified.","meta":{"rootId":"zuglzjrdg0il1ps","id":"jp3a53tz1olnq1c"},"id":"d7o6fjpwny7hmwu","previousOperationId":"xv74reiitai98or"}
{"type":"log","timestamp":1765126532355,"level":"debug","message":"Base url not specified, skipping its injection.","meta":{"rootId":"zuglzjrdg0il1ps","id":"jp3a53tz1olnq1c"},"id":"2t1a3kjv9zotm3p","previousOperationId":"xv74reiitai98or"}
{"type":"operationStart","subtype":"engine","name":"handlebars","timestamp":1765126532356,"id":"250c2hazzvyc1ex","previousEventId":"rooqvdhto5v5i9p","operationId":"9snv1m8olfbtq2q","previousOperationId":"xv74reiitai98or"}
{"type":"log","timestamp":1765126532356,"level":"debug","message":"Rendering engine handlebars","meta":{"rootId":"zuglzjrdg0il1ps","id":"jp3a53tz1olnq1c"},"id":"rsfihmsbfrrhxol","previousOperationId":"9snv1m8olfbtq2q"}
{"type":"operationEnd","operationId":"9snv1m8olfbtq2q","timestamp":1765126532396,"id":"qgql9relmsfs74o","previousEventId":"250c2hazzvyc1ex","previousOperationId":"9snv1m8olfbtq2q"}
{"type":"operationStart","subtype":"recipe","name":"html","timestamp":1765126532401,"id":"uohq67qs4jc85yl","previousEventId":"qgql9relmsfs74o","operationId":"qw949dgwxlp7cib","previousOperationId":"9snv1m8olfbtq2q"}
{"type":"log","timestamp":1765126532401,"level":"debug","message":"Executing recipe html","meta":{"rootId":"zuglzjrdg0il1ps","id":"jp3a53tz1olnq1c"},"id":"2prsrudiv9ucpap","previousOperationId":"qw949dgwxlp7cib"}
{"type":"operationEnd","operationId":"qw949dgwxlp7cib","timestamp":1765126532401,"id":"05ppcx7q0recwm1","previousEventId":"uohq67qs4jc85yl","previousOperationId":"qw949dgwxlp7cib"}
{"type":"log","timestamp":1765126532401,"level":"debug","message":"Skipping storing report.","meta":{"rootId":"zuglzjrdg0il1ps","id":"jp3a53tz1olnq1c"},"id":"5zfymcx36pjcpxd","previousOperationId":"qw949dgwxlp7cib"}
{"type":"log","timestamp":1765126532401,"level":"info","message":"Rendering (child) request finished in 312 ms","meta":{"rootId":"zuglzjrdg0il1ps","id":"jp3a53tz1olnq1c"},"id":"kkpew0h6h5c097a","previousOperationId":"qw949dgwxlp7cib"}
{"type":"operationEnd","subtype":"render","operationId":"xv74reiitai98or","timestamp":1765126532401,"id":"5lryl5dljd0fb2b","previousEventId":"05ppcx7q0recwm1","previousOperationId":"qw949dgwxlp7cib"}
{"type":"log","timestamp":1765126532687,"level":"debug","message":"pptx successfully zipped","meta":{"rootId":"zuglzjrdg0il1ps","id":"zuglzjrdg0il1ps"},"id":"5etjhdb2vpi0pf2","previousOperationId":"iwzgerk5crba22f"}
{"type":"log","timestamp":1765126532687,"level":"info","message":"pptx generation was finished","meta":{"rootId":"zuglzjrdg0il1ps","id":"zuglzjrdg0il1ps"},"id":"7clarpr80v1f6er","previousOperationId":"iwzgerk5crba22f"}
{"type":"operationEnd","operationId":"iwzgerk5crba22f","timestamp":1765126532691,"id":"g2cn5j71ph1piyw","previousEventId":"q9cvoqrhtnglb57","previousOperationId":"iwzgerk5crba22f"}
{"type":"log","timestamp":1765126532691,"level":"debug","message":"Skipping storing report.","meta":{"rootId":"zuglzjrdg0il1ps","id":"zuglzjrdg0il1ps"},"id":"uimqzljg0yo11ap","previousOperationId":"iwzgerk5crba22f"}
{"type":"log","timestamp":1765126532692,"level":"info","message":"Rendering request 25 finished in 603 ms","meta":{"rootId":"zuglzjrdg0il1ps","id":"zuglzjrdg0il1ps"},"id":"848zevek3y7cozl","previousOperationId":"iwzgerk5crba22f"}
{"type":"operationEnd","subtype":"render","operationId":"x2qkwc0rldrracy","timestamp":1765126532692,"id":"80rbbm4m6m4s4ty","previousEventId":"g2cn5j71ph1piyw","previousOperationId":"iwzgerk5crba22f"}
{"type":"operationEnd","doDiffs":false,"previousEventId":"mvg852iifwfgdx4","previousOperationId":"5r3vfd632co8maj","operationId":"5r3vfd632co8maj","timestamp":1765126532698,"id":"ma2s9v3opkvz8ah"}
