{"type":"operationStart","subtype":"profile","data":{"_id":"cqiwEhvuBm5phqZk","timestamp":"2025-12-07T20:55:05.842Z","state":"running","mode":"standard","creationDate":"2025-12-07T20:55:05.852Z","modificationDate":"2025-12-07T20:55:05.852Z","shortid":"2CRhMcN","$entitySet":"profiles","timeout":60000},"doDiffs":false,"timestamp":1765140905849,"id":"kp4b4nqsh06gp8i","previousOperationId":null,"operationId":"s9sb36g6cayk62v"}
{"type":"log","level":"info","message":"Render request 46 queued for execution and waiting for available worker","previousOperationId":"s9sb36g6cayk62v","timestamp":1765140905849,"id":"vr62q981wj507sy"}
{"type":"operationStart","subtype":"render","name":"anonymous","previousOperationId":"s9sb36g6cayk62v","timestamp":1765140905883,"id":"sue7khzrlwbryuy","previousEventId":"kp4b4nqsh06gp8i","operationId":"vqcs51xj44hy2kx"}
{"type":"log","timestamp":1765140905884,"level":"info","message":"Starting rendering request 46","meta":{"rootId":"zzppw9zt0b1fqzp","id":"zzppw9zt0b1fqzp"},"id":"ctkfobmy5nx9wu4","previousOperationId":"vqcs51xj44hy2kx"}
{"type":"log","timestamp":1765140905884,"level":"info","message":"Rendering anonymous template { recipe: pptx, engine: handlebars }","meta":{"rootId":"zzppw9zt0b1fqzp","id":"zzppw9zt0b1fqzp"},"id":"zhpwzez9j2l3yox","previousOperationId":"vqcs51xj44hy2kx"}
{"type":"log","timestamp":1765140905884,"level":"debug","message":"Inline data specified.","meta":{"rootId":"zzppw9zt0b1fqzp","id":"zzppw9zt0b1fqzp"},"id":"ax494iel9j6x7uz","previousOperationId":"vqcs51xj44hy2kx"}
{"type":"log","timestamp":1765140905885,"level":"debug","message":"Base url not specified, skipping its injection.","meta":{"rootId":"zzppw9zt0b1fqzp","id":"zzppw9zt0b1fqzp"},"id":"fhn3o19al2spxde","previousOperationId":"vqcs51xj44hy2kx"}
{"type":"operationStart","subtype":"engine","name":"handlebars","timestamp":1765140905885,"id":"jx2stl3czuiiptk","previousEventId":"sue7khzrlwbryuy","operationId":"oqgsn6htkzjryoa","previousOperationId":"vqcs51xj44hy2kx"}
{"type":"log","timestamp":1765140905886,"level":"debug","message":"Rendering engine handlebars","meta":{"rootId":"zzppw9zt0b1fqzp","id":"zzppw9zt0b1fqzp"},"id":"uv42dlnvsmha2fy","previousOperationId":"oqgsn6htkzjryoa"}
{"type":"operationEnd","operationId":"oqgsn6htkzjryoa","timestamp":1765140905945,"id":"cevpy2vxd536pcz","previousEventId":"jx2stl3czuiiptk","previousOperationId":"oqgsn6htkzjryoa"}
{"type":"operationStart","subtype":"recipe","name":"pptx","timestamp":1765140905945,"id":"ypo3ot6q4psaai0","previousEventId":"cevpy2vxd536pcz","operationId":"dj9vi2g9fzfemu3","previousOperationId":"oqgsn6htkzjryoa"}
{"type":"log","timestamp":1765140905945,"level":"debug","message":"Executing recipe pptx","meta":{"rootId":"zzppw9zt0b1fqzp","id":"zzppw9zt0b1fqzp"},"id":"7c668yfnqz1f94p","previousOperationId":"dj9vi2g9fzfemu3"}
{"type":"log","timestamp":1765140905972,"level":"info","message":"pptx generation is starting","meta":{"rootId":"zzppw9zt0b1fqzp","id":"zzppw9zt0b1fqzp"},"id":"iz4w6yer8dmg9uk","previousOperationId":"dj9vi2g9fzfemu3"}
{"type":"log","timestamp":1765140907030,"level":"debug","message":"Starting child request to render pptx dynamic parts","meta":{"rootId":"zzppw9zt0b1fqzp","id":"zzppw9zt0b1fqzp"},"id":"nr66ouvc3cy2871","previousOperationId":"dj9vi2g9fzfemu3"}
{"type":"operationStart","subtype":"render","name":"anonymous","previousOperationId":"dj9vi2g9fzfemu3","timestamp":1765140907030,"id":"m87fbs8mkp9b1oc","previousEventId":"ypo3ot6q4psaai0","operationId":"m0uyvzj0o5lfux3"}
{"type":"log","timestamp":1765140907030,"level":"info","message":"Starting rendering (child) request","meta":{"rootId":"zzppw9zt0b1fqzp","id":"ab5ocl163o4cw77"},"id":"6v7kazj467u97ds","previousOperationId":"m0uyvzj0o5lfux3"}
{"type":"log","timestamp":1765140907030,"level":"info","message":"Rendering anonymous template { recipe: html, engine: handlebars }","meta":{"rootId":"zzppw9zt0b1fqzp","id":"ab5ocl163o4cw77"},"id":"c0fu6zb4r9bavh7","previousOperationId":"m0uyvzj0o5lfux3"}
{"type":"log","timestamp":1765140907030,"level":"debug","message":"Inline data specified.","meta":{"rootId":"zzppw9zt0b1fqzp","id":"ab5ocl163o4cw77"},"id":"5zop74w3t9yivua","previousOperationId":"m0uyvzj0o5lfux3"}
{"type":"log","timestamp":1765140907035,"level":"debug","message":"Base url not specified, skipping its injection.","meta":{"rootId":"zzppw9zt0b1fqzp","id":"ab5ocl163o4cw77"},"id":"8xbxrnkdb21yj2x","previousOperationId":"m0uyvzj0o5lfux3"}
{"type":"operationStart","subtype":"engine","name":"handlebars","timestamp":1765140907036,"id":"626tmrsvoao5oqm","previousEventId":"m87fbs8mkp9b1oc","operationId":"5e3hfzsfvpwldij","previousOperationId":"m0uyvzj0o5lfux3"}
{"type":"log","timestamp":1765140907036,"level":"debug","message":"Rendering engine handlebars","meta":{"rootId":"zzppw9zt0b1fqzp","id":"ab5ocl163o4cw77"},"id":"to89wki02onsmal","previousOperationId":"5e3hfzsfvpwldij"}
{"type":"operationEnd","operationId":"5e3hfzsfvpwldij","timestamp":1765140907127,"id":"gak1gbe28zt1k1m","previousEventId":"626tmrsvoao5oqm","previousOperationId":"5e3hfzsfvpwldij"}
{"type":"operationStart","subtype":"recipe","name":"html","timestamp":1765140907136,"id":"t3cbsvozih3ae3j","previousEventId":"gak1gbe28zt1k1m","operationId":"eq5rud13fl5s3qw","previousOperationId":"5e3hfzsfvpwldij"}
{"type":"log","timestamp":1765140907136,"level":"debug","message":"Executing recipe html","meta":{"rootId":"zzppw9zt0b1fqzp","id":"ab5ocl163o4cw77"},"id":"no9tismunvpgcnz","previousOperationId":"eq5rud13fl5s3qw"}
{"type":"operationEnd","operationId":"eq5rud13fl5s3qw","timestamp":1765140907136,"id":"w5k4dhxqr605irt","previousEventId":"t3cbsvozih3ae3j","previousOperationId":"eq5rud13fl5s3qw"}
{"type":"log","timestamp":1765140907136,"level":"debug","message":"Skipping storing report.","meta":{"rootId":"zzppw9zt0b1fqzp","id":"ab5ocl163o4cw77"},"id":"qbaz13fb243z0oi","previousOperationId":"eq5rud13fl5s3qw"}
{"type":"log","timestamp":1765140907136,"level":"info","message":"Rendering (child) request finished in 1294 ms","meta":{"rootId":"zzppw9zt0b1fqzp","id":"ab5ocl163o4cw77"},"id":"olyyov4r1tf2ag3","previousOperationId":"eq5rud13fl5s3qw"}
{"type":"operationEnd","subtype":"render","operationId":"m0uyvzj0o5lfux3","timestamp":1765140907136,"id":"787ae2167znenqi","previousEventId":"w5k4dhxqr605irt","previousOperationId":"eq5rud13fl5s3qw"}
{"type":"log","timestamp":1765140913539,"level":"debug","message":"pptx successfully zipped","meta":{"rootId":"zzppw9zt0b1fqzp","id":"zzppw9zt0b1fqzp"},"id":"d3ee64ei1j6yykh","previousOperationId":"dj9vi2g9fzfemu3"}
{"type":"log","timestamp":1765140913539,"level":"info","message":"pptx generation was finished","meta":{"rootId":"zzppw9zt0b1fqzp","id":"zzppw9zt0b1fqzp"},"id":"a3p5oatr5m4z4ja","previousOperationId":"dj9vi2g9fzfemu3"}
{"type":"operationEnd","operationId":"dj9vi2g9fzfemu3","timestamp":1765140913547,"id":"qqhbto0umf6iy1e","previousEventId":"ypo3ot6q4psaai0","previousOperationId":"dj9vi2g9fzfemu3"}
{"type":"log","timestamp":1765140913547,"level":"debug","message":"Skipping storing report.","meta":{"rootId":"zzppw9zt0b1fqzp","id":"zzppw9zt0b1fqzp"},"id":"vkhg4aeld6sup4n","previousOperationId":"dj9vi2g9fzfemu3"}
{"type":"log","timestamp":1765140913547,"level":"info","message":"Rendering request 46 finished in 7705 ms","meta":{"rootId":"zzppw9zt0b1fqzp","id":"zzppw9zt0b1fqzp"},"id":"lhyjsbnn58n4e0m","previousOperationId":"dj9vi2g9fzfemu3"}
{"type":"operationEnd","subtype":"render","operationId":"vqcs51xj44hy2kx","timestamp":1765140913547,"id":"5wrs8de8suzbhns","previousEventId":"qqhbto0umf6iy1e","previousOperationId":"dj9vi2g9fzfemu3"}
{"type":"operationEnd","doDiffs":false,"previousEventId":"kp4b4nqsh06gp8i","previousOperationId":"s9sb36g6cayk62v","operationId":"s9sb36g6cayk62v","timestamp":1765140913552,"id":"taxkvx7kavfcvf8"}
